04-12 20:42:49.206153  1750  4160 I dvm_lock_sample: [system_server,0,hc-int-bg-0,268,JobSchedulerService.java,1831,int com.android.server.job.JobSchedulerService.scheduleAsPackage(android.app.job.JobInfo, android.app.job.JobWorkItem, int, java.lang.String, int, java.lang.String, java.lang.String),-,2573,int com.android.server.job.JobSchedulerService.getUidProcState(int),53]
04-12 20:42:49.229855  1750  2646 I am_uid_active: 10178
04-12 20:42:49.246899  1750  1750 I dvm_lock_sample: [system_server,1,main,72,ActivityManagerService.java,15283,int com.android.server.am.ActivityManagerService.bindServiceInstance(android.app.IApplicationThread, android.os.IBinder, android.content.Intent, java.lang.String, android.app.IServiceConnection, long, java.lang.String, boolean, int, java.lang.String, android.app.IApplicationThread, java.lang.String, int),,0,null,14]
04-12 20:42:49.263784  1750  4244 I dvm_lock_sample: [system_server,1,binder:1750_14,159,ActivityManagerService.java,15319,void com.android.server.am.ActivityManagerService.publishService(android.os.IBinder, android.content.Intent, android.os.IBinder),,0,null,31]
04-12 20:42:49.284327  1750  4347 I dvm_lock_sample: [system_server,1,binder:1750_1E,86,ActivityManagerService.java,15319,void com.android.server.am.ActivityManagerService.publishService(android.os.IBinder, android.content.Intent, android.os.IBinder),,0,null,17]
04-12 20:42:49.286360  1750  4269 I dvm_lock_sample: [system_server,1,binder:1750_17,145,ContentProviderHelper.java,207,android.app.ContentProviderHolder com.android.server.am.ContentProviderHelper.getContentProviderImpl(android.app.IApplicationThread, java.lang.String, android.os.IBinder, int, java.lang.String, java.lang.String, boolean, int),,0,null,29]
04-12 20:42:49.320071  1750  2011 I dvm_lock_sample: [system_server,1,binder:1750_4,203,JobSchedulerService.java,2093,java.util.List com.android.server.job.JobSchedulerService.getPendingJobsInNamespace(int, java.lang.String),,0,null,40]
04-12 20:42:49.331624  1750  2994 I am_uid_active: 10271
04-12 20:42:49.349676  1750  2870 I am_uid_running: 10169
04-12 20:42:49.361781  1750  4253 I dvm_lock_sample: [system_server,1,binder:1750_15,184,ActivityManagerService.java,15048,android.content.ComponentName com.android.server.am.ActivityManagerService.startService(android.app.IApplicationThread, android.content.Intent, java.lang.String, boolean, java.lang.String, java.lang.String, int, boolean, int, java.lang.String, java.lang.String),,0,null,36]
04-12 20:42:49.393459  1750  4349 I dvm_lock_sample: [system_server,1,binder:1750_1F,66,ActivityManagerService.java,15319,void com.android.server.am.ActivityManagerService.publishService(android.os.IBinder, android.content.Intent, android.os.IBinder),-,15284,int com.android.server.am.ActivityManagerService.bindServiceInstance(android.app.IApplicationThread, android.os.IBinder, android.content.Intent, java.lang.String, android.app.IServiceConnection, long, java.lang.String, boolean, int, java.lang.String, android.app.IApplicationThread, java.lang.String, int),13]
04-12 20:42:49.414297  1750  2901 I dvm_lock_sample: [system_server,1,binder:1750_E,35,ActivityManagerService.java,15048,android.content.ComponentName com.android.server.am.ActivityManagerService.startService(android.app.IApplicationThread, android.content.Intent, java.lang.String, boolean, java.lang.String, java.lang.String, int, boolean, int, java.lang.String, java.lang.String),,0,null,7]
04-12 20:42:49.447369  1750  1923 I am_proc_start: [0,4424,10172,com.transsion.screenrecorder,service,{com.transsion.screenrecorder/com.transsion.screenrecorder.service.ScreenRecordTileService},caller=com.android.systemui/10146]
04-12 20:42:49.461966  1750  2646 I dvm_lock_sample: [system_server,0,binder:1750_C,66,BroadcastController.java,759,int com.android.server.am.BroadcastController.broadcastIntentWithFeature(android.app.IApplicationThread, java.lang.String, android.content.Intent, java.lang.String, android.content.IIntentReceiver, int, java.lang.String, android.os.Bundle, java.lang.String[], java.lang.String[], java.lang.String[], int, android.os.Bundle, boolean, boolean, int),,0,null,13]
04-12 20:42:49.470986  1750  2994 I dvm_lock_sample: [system_server,1,binder:1750_11,64,ContentProviderHelper.java,207,android.app.ContentProviderHolder com.android.server.am.ContentProviderHelper.getContentProviderImpl(android.app.IApplicationThread, java.lang.String, android.os.IBinder, int, java.lang.String, java.lang.String, boolean, int),,0,null,12]
04-12 20:42:49.485215  1750  2233 I dvm_lock_sample: [system_server,1,binder:1750_5,58,ActivityManagerService.java,5375,void com.android.server.am.ActivityManagerService.attachApplication(android.app.IApplicationThread, long),,0,null,11]
04-12 20:42:49.486179  1750  2233 I am_proc_bound: [0,4424,com.transsion.screenrecorder]
04-12 20:42:49.522535  1750  4268 I dvm_lock_sample: [system_server,1,binder:1750_16,53,BroadcastController.java,532,android.content.Intent com.android.server.am.BroadcastController.registerReceiverWithFeatureTraced(android.app.IApplicationThread, java.lang.String, java.lang.String, java.lang.String, android.content.IIntentReceiver, android.content.IntentFilter, java.lang.String, int, int),,0,null,10]
04-12 20:42:49.524269  4479  4479 I service_manager_slow: [10,activity]
04-12 20:42:49.536907  1750  2518 I am_uid_running: 10194
04-12 20:42:49.558200  1750  1750 I dvm_lock_sample: [system_server,1,main,69,ActivityManagerService.java,15283,int com.android.server.am.ActivityManagerService.bindServiceInstance(android.app.IApplicationThread, android.os.IBinder, android.content.Intent, java.lang.String, android.app.IServiceConnection, long, java.lang.String, boolean, int, java.lang.String, android.app.IApplicationThread, java.lang.String, int),,0,null,13]
04-12 20:42:49.578410  1750  2073 I commit_sys_config_file: [settings-0-0,5]
04-12 20:42:49.578428  2721  3075 I dvm_lock_sample: [com.transsion.tranradionet,0,TranRadioDataKnight,589,ActivityThread.java,8429,android.content.IContentProvider android.app.ActivityThread.acquireProvider(android.content.Context, java.lang.String, int, boolean),-,8455,android.content.IContentProvider android.app.ActivityThread.acquireProvider(android.content.Context, java.lang.String, int, boolean),100]
04-12 20:42:49.580934  2663  3695 I dvm_lock_sample: [com.android.phone,0,TranHookRttController,200,ActivityThread.java,8429,android.content.IContentProvider android.app.ActivityThread.acquireProvider(android.content.Context, java.lang.String, int, boolean),-,8455,android.content.IContentProvider android.app.ActivityThread.acquireProvider(android.content.Context, java.lang.String, int, boolean),40]
04-12 20:42:49.585205  1750  2159 I input_interaction: Interaction with: 11904ba NotificationShade, [Gesture Monitor] edge-swipe, [Gesture Monitor] TranGestureMonitor, [Gesture Monitor] TranGestureMonitor, PointerEventDispatcher0, 
04-12 20:42:49.629482  1750  4268 I am_proc_start: [0,4479,1000,com.transsion.aod,content provider,{com.transsion.aod/com.transsion.aod.detailSetting.AODInfoCenter.database.ThemeProvider},caller=com.android.systemui/10146]
04-12 20:42:49.631416  1750  4268 I am_proc_bound: [0,4479,com.transsion.aod]
04-12 20:42:49.642592  1750  1922 I dvm_lock_sample: [system_server,1,ActivityManager,105,BroadcastQueueImpl.java,382,boolean com.android.server.am.BroadcastQueueImpl.lambda$new$0(android.os.Message),,0,null,21]
04-12 20:42:49.646619  1750  2235 I dvm_lock_sample: [system_server,1,binder:1750_6,75,BroadcastController.java,532,android.content.Intent com.android.server.am.BroadcastController.registerReceiverWithFeatureTraced(android.app.IApplicationThread, java.lang.String, java.lang.String, java.lang.String, android.content.IIntentReceiver, android.content.IntentFilter, java.lang.String, int, int),,0,null,15]
04-12 20:42:49.647052  1750  2011 I dvm_lock_sample: [system_server,1,binder:1750_4,147,BroadcastController.java,532,android.content.Intent com.android.server.am.BroadcastController.registerReceiverWithFeatureTraced(android.app.IApplicationThread, java.lang.String, java.lang.String, java.lang.String, android.content.IIntentReceiver, android.content.IntentFilter, java.lang.String, int, int),,0,null,29]
04-12 20:42:49.657533  2721  3043 I dvm_lock_sample: [com.transsion.tranradionet,0,TranRadioRegKnight,668,ActivityThread.java,8429,android.content.IContentProvider android.app.ActivityThread.acquireProvider(android.content.Context, java.lang.String, int, boolean),-,8455,android.content.IContentProvider android.app.ActivityThread.acquireProvider(android.content.Context, java.lang.String, int, boolean),100]
04-12 20:42:49.667340  1750  2870 I dvm_lock_sample: [system_server,1,binder:1750_D,123,ActivityManagerService.java,15283,int com.android.server.am.ActivityManagerService.bindServiceInstance(android.app.IApplicationThread, android.os.IBinder, android.content.Intent, java.lang.String, android.app.IServiceConnection, long, java.lang.String, boolean, int, java.lang.String, android.app.IApplicationThread, java.lang.String, int),,0,null,24]
04-12 20:42:49.669627  1750  1894 I snet_event_log: updateFrameRateVote [pkg = com.android.systemui title = com.android.systemui.wallpapers.ImageWallpaper refreshRate = 90.0 modeId = 3 setting =10000 peak = 120.0 mTopApp = null]
04-12 20:42:49.669867  1750  1894 I snet_event_log: updateFrameRateVote [pkg = com.android.systemui title = NotificationShade refreshRate = 120.00001 modeId = 2 setting =10000 peak = 120.0 mTopApp = null]
04-12 20:42:49.684085  1750  2646 I am_uid_active: 10179
04-12 20:42:49.792645  1750  4347 I dvm_lock_sample: [system_server,1,binder:1750_1E,113,ContentProviderHelper.java,207,android.app.ContentProviderHolder com.android.server.am.ContentProviderHelper.getContentProviderImpl(android.app.IApplicationThread, java.lang.String, android.os.IBinder, int, java.lang.String, java.lang.String, boolean, int),,0,null,22]
04-12 20:42:49.795244  1750  1923 I dvm_lock_sample: [system_server,1,ActivityManager:procStart,103,ProcessList.java,2304,void com.android.server.am.ProcessList.lambda$handleProcessStart$1(com.android.server.am.ProcessRecord, java.lang.String, int[], int, int, int, java.lang.String, java.lang.String, java.lang.String, long),,0,null,20]
04-12 20:42:49.803279  1750  1923 I am_proc_start: [0,4580,1000,com.transsion.smartpanel,service,{com.transsion.smartpanel/com.transsion.common.NotificationListener},trigger = notification,caller=system/1000]
04-12 20:42:49.809463  1750  2644 I dvm_lock_sample: [system_server,1,binder:1750_B,99,ContentProviderHelper.java,207,android.app.ContentProviderHolder com.android.server.am.ContentProviderHelper.getContentProviderImpl(android.app.IApplicationThread, java.lang.String, android.os.IBinder, int, java.lang.String, java.lang.String, boolean, int),,0,null,19]
04-12 20:42:49.814922  1750  3614 I am_proc_bound: [0,4580,com.transsion.smartpanel]
04-12 20:42:49.864000  4580  4580 I auditd  : type=1400 audit(0.0:506): avc:  denied  { read write } for  comm="re-initialized>" name="ensignal" dev="tmpfs" ino=2080 scontext=u:r:system_app:s0 tcontext=u:object_r:ensignal_device:s0 tclass=chr_file permissive=0
04-12 20:42:49.864000  4580  4580 I auditd  : type=1400 audit(0.0:507): avc:  denied  { read write } for  comm="re-initialized>" name="ensignal" dev="tmpfs" ino=2080 scontext=u:r:system_app:s0 tcontext=u:object_r:ensignal_device:s0 tclass=chr_file permissive=0
04-12 20:42:49.896383  1750  2517 I dvm_lock_sample: [system_server,1,binder:1750_7,180,BroadcastController.java,532,android.content.Intent com.android.server.am.BroadcastController.registerReceiverWithFeatureTraced(android.app.IApplicationThread, java.lang.String, java.lang.String, java.lang.String, android.content.IIntentReceiver, android.content.IntentFilter, java.lang.String, int, int),,0,null,36]
04-12 20:42:49.902485  1750  2517 I am_proc_start: [0,4624,10160,com.transsion.iotcard,service,{com.transsion.iotcard/com.transsion.iotcard_business.service.IrRemoteService},caller=com.android.systemui/10146]
04-12 20:42:49.902920  1750  2517 I am_proc_bound: [0,4624,com.transsion.iotcard]
04-12 20:42:49.912000  4624  4624 I auditd  : type=1400 audit(0.0:508): avc:  denied  { read write } for  comm="re-initialized>" name="ensignal" dev="tmpfs" ino=2080 scontext=u:r:platform_app:s0:c512,c768 tcontext=u:object_r:ensignal_device:s0 tclass=chr_file permissive=0 app=com.transsion.iotcard
04-12 20:42:49.927396  1750  2524 I dvm_lock_sample: [system_server,1,binder:1750_A,125,ContentProviderHelper.java,207,android.app.ContentProviderHolder com.android.server.am.ContentProviderHelper.getContentProviderImpl(android.app.IApplicationThread, java.lang.String, android.os.IBinder, int, java.lang.String, java.lang.String, boolean, int),,0,null,25]
04-12 20:42:49.927605  2733  2961 I jank_cuj_events_end_request: [10425,1775997769925716000,24697120309,24697120309]
04-12 20:42:49.928942  1750  2287 I dvm_lock_sample: [system_server,0,SyncManager,130,ActivityManagerService.java,15283,int com.android.server.am.ActivityManagerService.bindServiceInstance(android.app.IApplicationThread, android.os.IBinder, android.content.Intent, java.lang.String, android.app.IServiceConnection, long, java.lang.String, boolean, int, java.lang.String, android.app.IApplicationThread, java.lang.String, int),,0,null,26]
04-12 20:42:49.934836  2733  2733 I sysui_multi_action: [757,186,758,4,826,109,827,721]
04-12 20:42:49.934844  2733  2733 I sysui_lockscreen_gesture: [1,109,721]
04-12 20:42:49.943045  2733  2961 I jank_cuj_events_cancel_request: [29,1775997769942911000,24714315155,24714315386]
04-12 20:42:49.950555  2733  2961 I jank_cuj_events_begin_request: [29,1775997769950204000,24721607462,24721607693,]
04-12 20:42:49.955743  2423  4021 I dvm_lock_sample: [com.google.android.gms.persisten,0,highpool[2],296,:com.google.android.gms@261233035@26.12.33 (260400-892550550),3,void cvbs.o(hame),-,75,void cydv.l(),59]
04-12 20:42:49.964701  2733  2961 I jank_cuj_events_end_request: [0,1775997769963614000,24735018232,24735018232]
04-12 20:42:49.964715  2733  2961 I jank_cuj_events_end_request: [55,1775997769963633000,24735036693,24735036693]
04-12 20:42:49.972181  1750  2011 I wm_set_keyguard_shown: [0,1,0,1,0,keyguardGoingAway]
04-12 20:42:49.996801  2733  2961 I jank_cuj_events_cancel_request: [55,1775997769990514000,24761918155,24761918155]
04-12 20:42:49.996826  2733  2961 I jank_cuj_events_end_request: [0,1775997769991028000,24762431693,24762431770]
04-12 20:42:49.996830  2733  2961 I jank_cuj_events_end_request: [55,1775997769991031000,24762434770,24762434770]
04-12 20:42:49.996833  2733  2961 I jank_cuj_events_end_request: [29,1775997769991037000,24762440386,24762440386]
04-12 20:42:49.999048  1750  1923 I am_proc_start: [0,4660,10169,tech.palm.id,content provider,{tech.palm.id/com.transsion.xuanniao.account.provider.AccountProvider},caller=com.transsion.aivoiceassistant/10190]
04-12 20:42:50.011285  1750  4244 I sysui_multi_action: [757,127,758,2]
04-12 20:42:50.011359  1750  4244 I notification_panel_hidden: 
04-12 20:42:50.033284  1750  3320 I dvm_lock_sample: [system_server,1,binder:1750_12,142,JobSchedulerService.java,2093,java.util.List com.android.server.job.JobSchedulerService.getPendingJobsInNamespace(int, java.lang.String),-,2573,int com.android.server.job.JobSchedulerService.getUidProcState(int),28]
04-12 20:42:50.034768  1750  2011 I wm_set_resumed_activity: [0,com.transsion.launcher3/com.android.launcher3.uioverrides.QuickstepLauncher,resumeTopActivity - onActivityStateChanged]
04-12 20:42:50.051875  1750  2011 I wm_resume_activity: [0,97595641,2,com.transsion.launcher3/com.android.launcher3.uioverrides.QuickstepLauncher]
04-12 20:42:50.055914  2419  2419 I wm_on_restart_called: [97595641,com.android.launcher3.uioverrides.QuickstepLauncher,performRestart,0]
04-12 20:42:50.057019  2419  2419 I wm_on_start_called: [97595641,com.android.launcher3.uioverrides.QuickstepLauncher,handleStartActivity,1]
04-12 20:42:50.057553  1750  1894 I snet_event_log: updateFrameRateVote [pkg = com.transsion.livewallpaper.custompictorial title = com.transsion.livewallpaper.pictorial.CustomPictorialWallpaperService refreshRate = 120.00001 modeId = 2 setting =10000 peak = 120.0 mTopApp = null]
04-12 20:42:50.057606  1750  1894 I snet_event_log: updateFrameRateVote [pkg = com.android.systemui title = com.android.systemui.wallpapers.ImageWallpaper refreshRate = 120.00001 modeId = 2 setting =10000 peak = 120.0 mTopApp = null]
04-12 20:42:50.057721  1750  1894 I wm_wallpaper_surface: [0,1,Window{7401100 u0 com.transsion.launcher3/com.android.launcher3.uioverrides.QuickstepLauncher}]
04-12 20:42:50.060247  1750  4333 I pm_critical_info: setEnabledSettings callingUid = 10158 callingPid = 4026 packageName = com.idea.questionnaire componentName = ComponentInfo{com.idea.questionnaire/com.transsion.xfeedback.ui.home.SplashActivity} callingPackage= com.hoffnung newState = 2 userId = 0 flags = 1
04-12 20:42:50.064832  2419  2419 I wm_on_resume_called: [97595641,com.android.launcher3.uioverrides.QuickstepLauncher,RESUME_ACTIVITY,7]
04-12 20:42:50.064935  2419  2419 I wm_on_top_resumed_gained_called: [97595641,com.android.launcher3.uioverrides.QuickstepLauncher,topWhenResuming]
04-12 20:42:50.066451  1750  1894 I snet_event_log: updateFrameRateVote [pkg = android title = TranssionWaterMark refreshRate = 120.00001 modeId = 2 setting =10000 peak = 120.0 mTopApp = null]
04-12 20:42:50.076838  1750  1894 I snet_event_log: updateFrameRateVote [pkg = com.transsion.launcher3 title = com.transsion.launcher3/com.android.launcher3.uioverrides.QuickstepLauncher refreshRate = 120.00001 modeId = 2 setting =10000 peak = 120.0 mTopApp = com.transsion.launcher3]
04-12 20:42:50.085779  1750  4276 I am_uid_running: 10138
04-12 20:42:50.087547  1750  4271 I dvm_lock_sample: [system_server,1,binder:1750_18,157,ActivityManagerService.java,5422,void com.android.server.am.ActivityManagerService.finishAttachApplicationInner(long, int, int),,0,null,31]
04-12 20:42:50.091414  2419  2419 I viewroot_draw_event: [VRI[QuickstepLauncher],Start draw after previous draw not visible]
04-12 20:42:50.091747  1750  4347 I dvm_lock_sample: [system_server,1,binder:1750_1E,273,BroadcastController.java,532,android.content.Intent com.android.server.am.BroadcastController.registerReceiverWithFeatureTraced(android.app.IApplicationThread, java.lang.String, java.lang.String, java.lang.String, android.content.IIntentReceiver, android.content.IntentFilter, java.lang.String, int, int),,0,null,54]
04-12 20:42:50.091890  1750  2901 I dvm_lock_sample: [system_server,1,binder:1750_E,161,ActivityManagerService.java,15048,android.content.ComponentName com.android.server.am.ActivityManagerService.startService(android.app.IApplicationThread, android.content.Intent, java.lang.String, boolean, java.lang.String, java.lang.String, int, boolean, int, java.lang.String, java.lang.String),,0,null,32]
04-12 20:42:50.099431  1750  4614 I dvm_lock_sample: [system_server,1,binder:1750_20,119,BroadcastController.java,532,android.content.Intent com.android.server.am.BroadcastController.registerReceiverWithFeatureTraced(android.app.IApplicationThread, java.lang.String, java.lang.String, java.lang.String, android.content.IIntentReceiver, android.content.IntentFilter, java.lang.String, int, int),,0,null,23]
04-12 20:42:50.102237  1750  2523 I dvm_lock_sample: [system_server,1,binder:1750_9,117,BroadcastController.java,532,android.content.Intent com.android.server.am.BroadcastController.registerReceiverWithFeatureTraced(android.app.IApplicationThread, java.lang.String, java.lang.String, java.lang.String, android.content.IIntentReceiver, android.content.IntentFilter, java.lang.String, int, int),,0,null,23]
04-12 20:42:50.115950  2419  2419 I viewroot_draw_event: [VRI[QuickstepLauncher],reportDrawFinished seqId=0]
04-12 20:42:50.117772  1750  4268 I dvm_lock_sample: [system_server,1,binder:1750_16,85,BroadcastController.java,532,android.content.Intent com.android.server.am.BroadcastController.registerReceiverWithFeatureTraced(android.app.IApplicationThread, java.lang.String, java.lang.String, java.lang.String, android.content.IIntentReceiver, android.content.IntentFilter, java.lang.String, int, int),,0,null,17]
04-12 20:42:50.121321  1750  2524 I am_proc_bound: [0,4660,tech.palm.id]
04-12 20:42:50.128195  2733  2961 I jank_cuj_events_end_request: [29,1775997770128128000,24899532309,24899532309]
04-12 20:42:50.128208  2733  2961 I jank_cuj_events_end_request: [0,1775997770128172000,24899575462,24899575693]
04-12 20:42:50.128213  2733  2961 I jank_cuj_events_cancel_request: [23,1775997770128185000,24899588693,24899588693]
04-12 20:42:50.132000  4580  4580 I auditd  : type=1400 audit(0.0:510): avc:  denied  { map } for  comm="sion.smartpanel" path="/dev/__properties__/u:object_r:vendor_irtx_prop:s0" dev="tmpfs" ino=614 scontext=u:r:system_app:s0 tcontext=u:object_r:vendor_irtx_prop:s0 tclass=file permissive=0
04-12 20:42:50.143600  1750  1892 I commit_sys_config_file: [jobs,2]
04-12 20:42:50.147942  1750  4333 I wm_set_keyguard_occluded: [0,0,0,setOccluded]
04-12 20:42:50.149048  1750  1894 I wm_wallpaper_surface: [0,0,Window{7401100 u0 com.transsion.launcher3/com.android.launcher3.uioverrides.QuickstepLauncher}]
04-12 20:42:50.152389  2733  2733 I sysui_keyguard: [0,0]
04-12 20:42:50.154434  2733  2961 I jank_cuj_events_cancel_request: [23,1775997770152394000,24923797847,24923797924]
04-12 20:42:50.168404  2733  2733 I sysui_multi_action: [757,196,758,2,759,0]
04-12 20:42:50.168419  2733  2733 I sysui_status_bar_state: [0,0,0,0,0,1]
04-12 20:42:50.172387  1750  2079 I dvm_lock_sample: [system_server,0,AMSLice,124,ActivityManagerService.java,15283,int com.android.server.am.ActivityManagerService.bindServiceInstance(android.app.IApplicationThread, android.os.IBinder, android.content.Intent, java.lang.String, android.app.IServiceConnection, long, java.lang.String, boolean, int, java.lang.String, android.app.IApplicationThread, java.lang.String, int),,0,null,24]
04-12 20:42:50.186430  1750  1894 I input_focus: [Focus request 7401100 com.transsion.launcher3/com.android.launcher3.uioverrides.QuickstepLauncher,reason=UpdateInputWindows]
04-12 20:42:50.195756  1750  4614 I dvm_lock_sample: [system_server,1,binder:1750_20,11,ActivityTaskManagerService.java,4675,int com.android.server.wm.ActivityTaskManagerService.getLastResumedActivityUserId(),,0,null,2]
04-12 20:42:50.201183  1750  2870 I am_uid_running: 10132
04-12 20:42:50.202694  1750  2159 I input_focus: [Focus leaving 11904ba NotificationShade,reason=NOT_FOCUSABLE]
04-12 20:42:50.203210  1750  2159 I input_focus: [Focus entering 7401100 com.transsion.launcher3/com.android.launcher3.uioverrides.QuickstepLauncher,reason=setFocusedWindow]
04-12 20:42:50.209396  1750  2073 I commit_sys_config_file: [settings-0-0,1]
04-12 20:42:50.217243  1750  1893 I dvm_lock_sample: [system_server,1,android.display,154,ProcessRecord.java,1740,void com.android.server.am.ProcessRecord.setPendingUiCleanAndForceProcessStateUpTo(int),,0,null,30]
04-12 20:42:50.234559  1750  4343 I dvm_lock_sample: [system_server,1,binder:1750_1D,133,ContentProviderHelper.java,207,android.app.ContentProviderHolder com.android.server.am.ContentProviderHelper.getContentProviderImpl(android.app.IApplicationThread, java.lang.String, android.os.IBinder, int, java.lang.String, java.lang.String, boolean, int),,0,null,26]
04-12 20:42:50.237262  1750  4349 I dvm_lock_sample: [system_server,1,binder:1750_1F,249,ActivityManagerService.java,15319,void com.android.server.am.ActivityManagerService.publishService(android.os.IBinder, android.content.Intent, android.os.IBinder),,0,null,49]
04-12 20:42:50.240270  1750  1859 I dvm_lock_sample: [system_server,0,binder:1750_1,137,ActivityManagerService.java,15340,void com.android.server.am.ActivityManagerService.serviceDoneExecuting(android.os.IBinder, int, int, int, android.content.Intent),,0,null,27]
04-12 20:42:50.241876  1750  2287 I dvm_lock_sample: [system_server,0,SyncManager,245,ActivityManagerService.java,15283,int com.android.server.am.ActivityManagerService.bindServiceInstance(android.app.IApplicationThread, android.os.IBinder, android.content.Intent, java.lang.String, android.app.IServiceConnection, long, java.lang.String, boolean, int, java.lang.String, android.app.IApplicationThread, java.lang.String, int),,0,null,49]
04-12 20:42:50.244278  1750  1750 I dvm_lock_sample: [system_server,0,main,134,ActivityManagerService.java,15340,void com.android.server.am.ActivityManagerService.serviceDoneExecuting(android.os.IBinder, int, int, int, android.content.Intent),,0,null,26]
04-12 20:42:50.255114  1750  4276 I dvm_lock_sample: [system_server,1,binder:1750_19,132,BroadcastController.java,532,android.content.Intent com.android.server.am.BroadcastController.registerReceiverWithFeatureTraced(android.app.IApplicationThread, java.lang.String, java.lang.String, java.lang.String, android.content.IIntentReceiver, android.content.IntentFilter, java.lang.String, int, int),,0,null,26]
04-12 20:42:50.257992  1750  1923 I am_proc_start: [0,4700,1000,com.transsion.batterylab,service,{com.transsion.batterylab/com.transsion.batterylab.PowerBoostTile},caller=com.android.systemui/10146]
04-12 20:42:50.259319  1750  1860 I am_proc_bound: [0,4700,com.transsion.batterylab]
04-12 20:42:50.300551  1750  4347 I dvm_lock_sample: [system_server,1,binder:1750_1E,206,ContentProviderHelper.java,871,void com.android.server.am.ContentProviderHelper.publishContentProviders(android.app.IApplicationThread, java.util.List),,0,null,41]
04-12 20:42:50.309080  1750  2170 I dvm_lock_sample: [system_server,1,android.imms,90,ActivityManagerService.java,15283,int com.android.server.am.ActivityManagerService.bindServiceInstance(android.app.IApplicationThread, android.os.IBinder, android.content.Intent, java.lang.String, android.app.IServiceConnection, long, java.lang.String, boolean, int, java.lang.String, android.app.IApplicationThread, java.lang.String, int),,0,null,18]
04-12 20:42:50.311613  1750  2170 I am_uid_running: 10243
04-12 20:42:50.331530  1750  2903 I dvm_lock_sample: [system_server,1,binder:1750_10,334,ContentProviderHelper.java,207,android.app.ContentProviderHolder com.android.server.am.ContentProviderHelper.getContentProviderImpl(android.app.IApplicationThread, java.lang.String, android.os.IBinder, int, java.lang.String, java.lang.String, boolean, int),,0,null,66]
04-12 20:42:50.345588  2733  2733 I viewroot_draw_event: [VRI[NotificationShade],Not drawing due to not visible. Reason=View.INVISIBLE]
04-12 20:42:50.351332  1750  2523 I dvm_lock_sample: [system_server,1,binder:1750_9,91,ActivityManagerService.java,6474,java.lang.String com.android.server.am.ActivityManagerService.getTagForIntentSender(android.content.IIntentSender, java.lang.String),,0,null,18]
04-12 20:42:50.361805  1750  4276 I am_uid_active: 10158
04-12 20:42:50.365637  1750  2073 I commit_sys_config_file: [settings-2-0,9]
04-12 20:42:50.371030  1750  4342 I dvm_lock_sample: [system_server,1,binder:1750_1C,82,ActivityManagerService.java,15305,boolean com.android.server.am.ActivityManagerService.unbindService(android.app.IServiceConnection),,0,null,16]
04-12 20:42:50.372150  1750  3614 I dvm_lock_sample: [system_server,1,binder:1750_13,162,ActivityManagerService.java,15283,int com.android.server.am.ActivityManagerService.bindServiceInstance(android.app.IApplicationThread, android.os.IBinder, android.content.Intent, java.lang.String, android.app.IServiceConnection, long, java.lang.String, boolean, int, java.lang.String, android.app.IApplicationThread, java.lang.String, int),,0,null,32]
04-12 20:42:50.379971  1750  3614 I am_uid_running: 10208
04-12 20:42:50.385984  1750  4271 I dvm_lock_sample: [system_server,1,binder:1750_18,290,ActivityManagerService.java,15283,int com.android.server.am.ActivityManagerService.bindServiceInstance(android.app.IApplicationThread, android.os.IBinder, android.content.Intent, java.lang.String, android.app.IServiceConnection, long, java.lang.String, boolean, int, java.lang.String, android.app.IApplicationThread, java.lang.String, int),,0,null,58]
04-12 20:42:50.393267  1750  4278 I am_uid_active: 10214
04-12 20:42:50.418723  1750  2646 I am_proc_start: [0,4734,10194,com.transsion.airtransfer,service,{com.transsion.airtransfer/com.transsion.airtransfer.service.TransferTileService},caller=com.android.systemui/10146]
04-12 20:42:50.419700  1750  2646 I am_proc_bound: [0,4734,com.transsion.airtransfer]
04-12 20:42:50.428049  1750  2901 I dvm_lock_sample: [system_server,1,binder:1750_E,171,ActivityManagerService.java,15319,void com.android.server.am.ActivityManagerService.publishService(android.os.IBinder, android.content.Intent, android.os.IBinder),,0,null,34]
04-12 20:42:50.435519  1750  4253 I dvm_lock_sample: [system_server,1,binder:1750_15,168,ActivityManagerService.java,15305,boolean com.android.server.am.ActivityManagerService.unbindService(android.app.IServiceConnection),,0,null,33]
04-12 20:42:50.451027  1750  2073 I commit_sys_config_file: [settings-0-0,9]
04-12 20:42:50.455267  1750  1860 I am_uid_running: 10070
04-12 20:42:50.463135  1750  1923 I dvm_lock_sample: [system_server,1,ActivityManager:procStart,184,ProcessList.java,2304,void com.android.server.am.ProcessList.lambda$handleProcessStart$1(com.android.server.am.ProcessRecord, java.lang.String, int[], int, int, int, java.lang.String, java.lang.String, java.lang.String, long),,0,null,36]
04-12 20:42:50.478699  4580  4778 I service_manager_slow: [13,android.system.keystore2.IKeystoreService/default]
04-12 20:42:50.501016  1750  4347 I dvm_lock_sample: [system_server,1,binder:1750_1E,91,ActivityManagerService.java,15305,boolean com.android.server.am.ActivityManagerService.unbindService(android.app.IServiceConnection),,0,null,18]
04-12 20:42:50.510600  1750  2235 I dvm_lock_sample: [system_server,1,binder:1750_6,101,ContentProviderHelper.java,871,void com.android.server.am.ContentProviderHelper.publishContentProviders(android.app.IApplicationThread, java.util.List),,0,null,20]
04-12 20:42:50.520353  1750  4342 I wm_set_keyguard_shown: [0,0,0,1,0,setKeyguardShown]
04-12 20:42:50.528374  1750  1893 I user_activity_timeout_override: -1
04-12 20:42:50.532065  1750  1894 I snet_event_log: updateFrameRateVote [pkg = com.android.systemui title = com.android.systemui.wallpapers.ImageWallpaper refreshRate = 90.0 modeId = 3 setting =10000 peak = 120.0 mTopApp = com.transsion.launcher3]
04-12 20:42:50.532400  1750  1922 I dvm_lock_sample: [system_server,1,ActivityManager,190,BroadcastQueueImpl.java,382,boolean com.android.server.am.BroadcastQueueImpl.lambda$new$0(android.os.Message),,0,null,38]
04-12 20:42:50.535419  1750  1922 I am_wtf  : [0,1750,system_server,-1,ActivityManager,Sending non-protected broadcast usb_charge_change_mtp_mode_dialog from system 1750:system/1000 pkg android]
04-12 20:42:50.543581  1750  1923 I am_proc_start: [0,4816,10138,com.android.carrierconfig,service,{com.android.carrierconfig/com.android.carrierconfig.TranDefaultCarrierConfigService},caller=com.android.phone/1001]
04-12 20:42:50.543816  4479  4567 I dvm_lock_sample: [com.transsion.aod,1,binder:4479_3,624,SourceFile,-1,java.lang.Object com.transsion.aod.component.a.getRealComponent(),-,-1,java.lang.Object com.transsion.aod.component.a.getRealComponent(),100]
04-12 20:42:50.547332  1750  4271 I dvm_lock_sample: [system_server,1,binder:1750_18,147,BroadcastController.java,759,int com.android.server.am.BroadcastController.broadcastIntentWithFeature(android.app.IApplicationThread, java.lang.String, android.content.Intent, java.lang.String, android.content.IIntentReceiver, int, java.lang.String, android.os.Bundle, java.lang.String[], java.lang.String[], java.lang.String[], int, android.os.Bundle, boolean, boolean, int),,0,null,29]
04-12 20:42:50.558072  1750  4614 I dvm_lock_sample: [system_server,1,binder:1750_20,147,BroadcastController.java,532,android.content.Intent com.android.server.am.BroadcastController.registerReceiverWithFeatureTraced(android.app.IApplicationThread, java.lang.String, java.lang.String, java.lang.String, android.content.IIntentReceiver, android.content.IntentFilter, java.lang.String, int, int),,0,null,29]
04-12 20:42:50.558521  1750  4333 I am_proc_bound: [0,4816,com.android.carrierconfig]
04-12 20:42:50.567060  1750  2073 I commit_sys_config_file: [settings-1-0,8]
04-12 20:42:50.627198  1750  4349 I dvm_lock_sample: [system_server,1,binder:1750_1F,268,BroadcastController.java,532,android.content.Intent com.android.server.am.BroadcastController.registerReceiverWithFeatureTraced(android.app.IApplicationThread, java.lang.String, java.lang.String, java.lang.String, android.content.IIntentReceiver, android.content.IntentFilter, java.lang.String, int, int),,0,null,53]
04-12 20:42:50.632159  1750  1750 I cc_connect_state_changed: [0,1,0]
04-12 20:42:50.648125  1750  2902 I dvm_lock_sample: [system_server,1,binder:1750_F,177,BroadcastController.java,532,android.content.Intent com.android.server.am.BroadcastController.registerReceiverWithFeatureTraced(android.app.IApplicationThread, java.lang.String, java.lang.String, java.lang.String, android.content.IIntentReceiver, android.content.IntentFilter, java.lang.String, int, int),,0,null,35]
04-12 20:42:50.651861  1750  3614 I dvm_lock_sample: [system_server,1,binder:1750_13,109,BroadcastController.java,532,android.content.Intent com.android.server.am.BroadcastController.registerReceiverWithFeatureTraced(android.app.IApplicationThread, java.lang.String, java.lang.String, java.lang.String, android.content.IIntentReceiver, android.content.IntentFilter, java.lang.String, int, int),,0,null,21]
04-12 20:42:50.669305  1750  2901 I pm_critical_info: setEnabledSettings callingUid = 10158 callingPid = 4026 packageName = com.transsion.letswitch componentName = ComponentInfo{com.transsion.letswitch/com.transsion.letswitch.upgrade.UpgradeService} callingPackage= com.hoffnung newState = 2 userId = 0 flags = 1
04-12 20:42:50.674692  1750  1923 I am_proc_start: [0,4852,10132,com.transsion.globalsearch,content provider,{com.transsion.globalsearch/com.transsion.globalsearch.provider.ActiveProvider},caller=com.transsion.launcher3/10148]
04-12 20:42:50.676194  1750  2644 I am_uid_active: 10169
04-12 20:42:50.678920  1750  4271 I pm_critical_info: setEnabledSettings callingUid = 10158 callingPid = 4026 packageName = com.transsion.demomode componentName = null callingPackage= com.hoffnung newState = 2 userId = 0 flags = 0
04-12 20:42:50.728801  1750  2199 I dvm_lock_sample: [system_server,1,WifiHandlerThread,78,BroadcastController.java,759,int com.android.server.am.BroadcastController.broadcastIntentWithFeature(android.app.IApplicationThread, java.lang.String, android.content.Intent, java.lang.String, android.content.IIntentReceiver, int, java.lang.String, android.os.Bundle, java.lang.String[], java.lang.String[], java.lang.String[], int, android.os.Bundle, boolean, boolean, int),,0,null,15]
04-12 20:42:50.732239  1750  1859 I dvm_lock_sample: [system_server,0,binder:1750_1,75,ContentProviderHelper.java,985,void com.android.server.am.ContentProviderHelper.removeContentProvider(android.os.IBinder, boolean),,0,null,15]
04-12 20:42:50.732417  1750  4244 I am_proc_bound: [0,4852,com.transsion.globalsearch]
04-12 20:42:50.765049  1750  1894 I dvm_lock_sample: [system_server,1,android.anim,9,InputMonitor.java,119,void com.android.server.wm.InputMonitor$UpdateInputWindows.run(),WindowManagerService.java,5918,void com.android.server.wm.WindowManagerService.notifyWindowRemovedListeners(android.os.IBinder),1]
04-12 20:42:50.769568  1750  1922 I am_uid_running: 10231
04-12 20:42:50.770653  1750  2870 I dvm_lock_sample: [system_server,1,binder:1750_D,68,ActivityManagerService.java,15305,boolean com.android.server.am.ActivityManagerService.unbindService(android.app.IServiceConnection),,0,null,13]
04-12 20:42:50.771125  1750  2287 I commit_sys_config_file: [sync-accounts,44]
04-12 20:42:50.778072  1750  4343 I thermal_changed: [SKIN,3,41.002998,1,0]
04-12 20:42:50.779625  1750  1923 I am_proc_start: [0,4882,10243,com.google.android.inputmethod.latin,service,{com.google.android.inputmethod.latin/com.android.inputmethod.latin.LatinIME},caller=system/1000]
04-12 20:42:50.785162  1750  2235 I am_proc_bound: [0,4882,com.google.android.inputmethod.latin]
04-12 20:42:50.816682  1750  2073 I commit_sys_config_file: [settings-2-0,20]
04-12 20:42:50.821183  1750  2518 I am_uid_active: 10138
04-12 20:42:50.841292  1750  4278 I am_proc_died: [0,2841,com.transsion.multiwindow,0,5]
04-12 20:42:50.851096  1750  4343 I dvm_lock_sample: [system_server,1,binder:1750_1D,64,ActivityManagerService.java,11310,int com.android.server.am.ActivityManagerService.getMemoryTrimLevel(),,0,null,12]
04-12 20:42:50.855258  2423  3546 I dvm_lock_sample: [com.google.android.gms.persisten,0,highpool[0],593,:com.google.android.gms@261233035@26.12.33 (260400-892550550),13,void cvbs.n(java.lang.Object, java.lang.Object, cvck),-,10,czfe com.google.android.gms.location.fused.manager.FusedLocationManager$Registration.x(),100]
04-12 20:42:50.857437  1750  1923 I am_proc_start: [0,4915,10208,com.transsion.personalizedService.xos,service,{com.transsion.personalizedService.xos/com.scene.zeroscreen.overlay.service.OverlayScreenService},caller=com.transsion.launcher3/10148]
04-12 20:42:50.884000  4915  4915 I auditd  : type=1400 audit(0.0:535): avc:  denied  { read write } for  comm="re-initialized>" name="ensignal" dev="tmpfs" ino=2080 scontext=u:r:untrusted_app:s0:c208,c256,c512,c768 tcontext=u:object_r:ensignal_device:s0 tclass=chr_file permissive=0 app=com.transsion.personalizedService.xos
04-12 20:42:50.884000  4915  4915 I auditd  : type=1400 audit(0.0:536): avc:  denied  { read write } for  comm="re-initialized>" name="ensignal" dev="tmpfs" ino=2080 scontext=u:r:untrusted_app:s0:c208,c256,c512,c768 tcontext=u:object_r:ensignal_device:s0 tclass=chr_file permissive=0 app=com.transsion.personalizedService.xos
04-12 20:42:50.884000  4915  4915 I auditd  : type=1400 audit(0.0:537): avc:  denied  { search } for  comm="binder:4915_2" name="/" dev="sdc87" ino=2 scontext=u:r:untrusted_app:s0:c208,c256,c512,c768 tcontext=u:object_r:tranfs_file:s0 tclass=dir permissive=0 app=com.transsion.personalizedService.xos
04-12 20:42:50.882586  1750  2902 I am_proc_bound: [0,4915,com.transsion.personalizedService.xos]
04-12 20:42:50.895682  1750  1892 I commit_sys_config_file: [notification-policy,17]
04-12 20:42:50.930624  1750  4343 I dvm_lock_sample: [system_server,1,binder:1750_1D,68,ActivityManagerService.java,15283,int com.android.server.am.ActivityManagerService.bindServiceInstance(android.app.IApplicationThread, android.os.IBinder, android.content.Intent, java.lang.String, android.app.IServiceConnection, long, java.lang.String, boolean, int, java.lang.String, android.app.IApplicationThread, java.lang.String, int),,0,null,13]
04-12 20:42:50.942654  1750  2235 I am_uid_running: 10142
04-12 20:42:50.944591  1750  2059 I dvm_lock_sample: [system_server,1,appscheduling.default,160,JobSchedulerService.java,3501,void com.android.server.job.JobSchedulerService$JobHandler.handleMessage(android.os.Message),-,2573,int com.android.server.job.JobSchedulerService.getUidProcState(int),32]
04-12 20:42:50.951331  1750  2994 I dvm_lock_sample: [system_server,1,binder:1750_11,83,ActivityManagerService.java,15048,android.content.ComponentName com.android.server.am.ActivityManagerService.startService(android.app.IApplicationThread, android.content.Intent, java.lang.String, boolean, java.lang.String, java.lang.String, int, boolean, int, java.lang.String, java.lang.String),,0,null,16]
04-12 20:42:50.955139  1750  4614 I dvm_lock_sample: [system_server,1,binder:1750_20,6,JobSchedulerService.java,2233,android.app.job.JobInfo com.android.server.job.JobSchedulerService.getPendingJob(int, java.lang.String, int),,0,null,1]
04-12 20:42:50.955638  1750  1922 I dvm_lock_sample: [system_server,1,ActivityManager,87,BroadcastQueueImpl.java,493,void com.android.server.am.BroadcastQueueImpl.updateRunningList(),,0,null,17]
04-12 20:42:50.964871  1750  1923 I am_proc_start: [0,4953,10070,android.process.acore,content provider,{com.android.providers.contacts/com.android.providers.contacts.ContactsProvider2},caller=com.android.bluetooth/1002]
04-12 20:42:50.969364  1750  2902 I dvm_lock_sample: [system_server,1,binder:1750_F,65,ActivityManagerService.java,5375,void com.android.server.am.ActivityManagerService.attachApplication(android.app.IApplicationThread, long),,0,null,13]
04-12 20:42:50.969454  1750  2902 I am_proc_bound: [0,4953,android.process.acore]
04-12 20:42:50.984000  4953  4953 I auditd  : type=1400 audit(0.0:539): avc:  denied  { read write } for  comm="re-initialized>" name="ensignal" dev="tmpfs" ino=2080 scontext=u:r:priv_app:s0:c512,c768 tcontext=u:object_r:ensignal_device:s0 tclass=chr_file permissive=0 app=com.android.calllogbackup
04-12 20:42:50.986777  1750  1923 I am_proc_start: [0,4985,1000,com.transsion.ossettingsext,content provider,{com.transsion.ossettingsext/com.transsion.splitscreensetting.db.SplitSettingsProvider},caller=android/1000]
04-12 20:42:51.047131  1750  1859 I dvm_lock_sample: [system_server,0,binder:1750_1,223,ActivityManagerService.java,15340,void com.android.server.am.ActivityManagerService.serviceDoneExecuting(android.os.IBinder, int, int, int, android.content.Intent),,0,null,44]
04-12 20:42:51.055829  1750  3614 I dvm_lock_sample: [system_server,1,binder:1750_13,127,ActivityManagerService.java,5422,void com.android.server.am.ActivityManagerService.finishAttachApplicationInner(long, int, int),,0,null,25]
04-12 20:42:51.066601  1750  4333 I dvm_lock_sample: [system_server,1,binder:1750_1B,196,ActivityManagerService.java,15319,void com.android.server.am.ActivityManagerService.publishService(android.os.IBinder, android.content.Intent, android.os.IBinder),,0,null,39]
04-12 20:42:51.074277  1750  2901 I dvm_lock_sample: [system_server,1,binder:1750_E,67,BroadcastController.java,532,android.content.Intent com.android.server.am.BroadcastController.registerReceiverWithFeatureTraced(android.app.IApplicationThread, java.lang.String, java.lang.String, java.lang.String, android.content.IIntentReceiver, android.content.IntentFilter, java.lang.String, int, int),,0,null,13]
04-12 20:42:51.075371  1750  1923 I am_proc_start: [0,4992,1000,com.transsion.iotservice,service,{com.transsion.iotservice/com.transsion.iotservice.service.GlobaleScanToastControlService},caller=com.transsion.kolun.aiservice/1000]
04-12 20:42:51.077421  1750  1860 I am_proc_bound: [0,4985,com.transsion.ossettingsext]
04-12 20:42:51.080998  1750  4253 I am_proc_bound: [0,4992,com.transsion.iotservice]
04-12 20:42:51.116703  1750  2207 I netstats_mobile_sample: [0,0,0,0,0,0,0,0,1775997771116]
04-12 20:42:51.116713  1750  2207 I netstats_wifi_sample: [0,0,0,0,0,0,0,0,1775997771116]
04-12 20:42:51.139330  1750  1960 I commit_sys_config_file: [package,31]
04-12 20:42:51.149154  1750  1954 I commit_sys_config_file: [package-user-0,10]
04-12 20:42:51.162209  1750  2646 I dvm_lock_sample: [system_server,1,binder:1750_C,334,BroadcastController.java,532,android.content.Intent com.android.server.am.BroadcastController.registerReceiverWithFeatureTraced(android.app.IApplicationThread, java.lang.String, java.lang.String, java.lang.String, android.content.IIntentReceiver, android.content.IntentFilter, java.lang.String, int, int),,0,null,66]
04-12 20:42:51.174439  1750  2644 I am_foreground_service_stop: [0,com.transsion.microintelligence/com.transsion.keyguardgesture.service.KeyguardGestureService,1,PROC_STATE_PERSISTENT,35,36,1,0,5523,1,STOP_SERVICE,128]
04-12 20:42:51.183794  1750  2207 I netstats_mobile_sample: [0,0,0,0,0,0,0,0,1775997771183]
04-12 20:42:51.183803  1750  2207 I netstats_wifi_sample: [0,0,0,0,0,0,0,0,1775997771183]
04-12 20:42:51.188080  1750  1922 I dvm_lock_sample: [system_server,1,ActivityManager,204,BroadcastQueueImpl.java,382,boolean com.android.server.am.BroadcastQueueImpl.lambda$new$0(android.os.Message),,0,null,40]
04-12 20:42:51.203256  1750  1750 I dvm_lock_sample: [system_server,0,main,7,OxygenBusService.java,-1,com.transsion.kolun.oxygenbus.IOxygenBusServer com.transsion.kolun.oxygenbus.OxygenBusService.currentOxygenBusServer(android.content.Context),-,199,com.transsion.kolun.oxygenbus.ISubscribeBusServer com.transsion.kolun.oxygenbus.OxygenBusService.currentSubscribeServer(android.content.Context),1]
04-12 20:42:51.204574  1750  1922 I am_wtf  : [0,1750,system_server,-1,ActivityManager,Background started FGS: Allowed [callingPackage: com.google.android.as; callingUid: 10214; uidState: BFGS; uidBFSL: [BFSL]; intent: Intent { act=com.google.android.apps.miphone.aiai.captions.CaptionsSharedPrefsDataSyncService#ACTION_SYNC_FROM_CAPTIONS_TO_PERSISTENT_PROCESS xflg=0x4 cmp=com.google.android.as/com.google.android.apps.miphone.aiai.captions.CaptionsSharedPrefsDataSyncService (has extras) }; code:BACKGROUND_ACTIVITY_PERMISSION; tempAllowListReason:<null>; allowWiu:58; targetSdkVersion:36; callerTargetSdkVersion:36; startForegroundCount:0; bindFromPackage:null: isBindService:false]]
04-12 20:42:51.213244  1750  2902 I am_proc_start: [0,5033,10231,com.android.vending,broadcast,{com.android.vending/com.google.android.finsky.simhandler.SimStateReceiver},caller=com.android.phone/1001,action = android.intent.action.SIM_STATE_CHANGED]
04-12 20:42:51.215153  1750  2902 I am_proc_bound: [0,5033,com.android.vending]
04-12 20:42:51.221996  1750  4269 I dvm_lock_sample: [system_server,1,binder:1750_17,71,BroadcastController.java,532,android.content.Intent com.android.server.am.BroadcastController.registerReceiverWithFeatureTraced(android.app.IApplicationThread, java.lang.String, java.lang.String, java.lang.String, android.content.IIntentReceiver, android.content.IntentFilter, java.lang.String, int, int),,0,null,14]
04-12 20:42:51.228291  1750  2903 I dvm_lock_sample: [system_server,1,binder:1750_10,65,BroadcastController.java,532,android.content.Intent com.android.server.am.BroadcastController.registerReceiverWithFeatureTraced(android.app.IApplicationThread, java.lang.String, java.lang.String, java.lang.String, android.content.IIntentReceiver, android.content.IntentFilter, java.lang.String, int, int),,0,null,13]
04-12 20:42:51.237110  1750  4347 I dvm_lock_sample: [system_server,1,binder:1750_1E,50,BroadcastController.java,759,int com.android.server.am.BroadcastController.broadcastIntentWithFeature(android.app.IApplicationThread, java.lang.String, android.content.Intent, java.lang.String, android.content.IIntentReceiver, int, java.lang.String, android.os.Bundle, java.lang.String[], java.lang.String[], java.lang.String[], int, android.os.Bundle, boolean, boolean, int),,0,null,10]
04-12 20:42:51.240011  1750  4268 I dvm_lock_sample: [system_server,1,binder:1750_16,36,ContentProviderHelper.java,207,android.app.ContentProviderHolder com.android.server.am.ContentProviderHelper.getContentProviderImpl(android.app.IApplicationThread, java.lang.String, android.os.IBinder, int, java.lang.String, java.lang.String, boolean, int),,0,null,7]
04-12 20:42:51.241616  1750  4268 I am_uid_running: 10112
04-12 20:42:51.247604  1750  2870 I dvm_lock_sample: [system_server,1,binder:1750_D,170,BroadcastController.java,759,int com.android.server.am.BroadcastController.broadcastIntentWithFeature(android.app.IApplicationThread, java.lang.String, android.content.Intent, java.lang.String, android.content.IIntentReceiver, int, java.lang.String, android.os.Bundle, java.lang.String[], java.lang.String[], java.lang.String[], int, android.os.Bundle, boolean, boolean, int),,0,null,34]
04-12 20:42:51.248975  1750  1922 I am_wtf  : [0,1750,system_server,-1,ActivityManager,Sending non-protected broadcast com.transsion.atomiccore.action.bind_service.island from system 2733:com.android.systemui/u0a146 pkg com.android.systemui]
04-12 20:42:51.269771  1750  1923 I am_proc_start: [0,5127,10142,tech.palm.find,content provider,{tech.palm.find/tech.palm.find.common.SwitchProvider},caller=com.android.nfc/1027]
04-12 20:42:51.279570  3854  3854 I gms_unknown: 2369
04-12 20:42:51.279755  3854  3854 I gms_unknown: 47106
04-12 20:42:51.297649  1750  1878 I dvm_lock_sample: [system_server,1,android.ui,43,ActivityManagerService.java,17319,void com.android.server.am.ActivityManagerService.pushTempAllowlist(),,0,null,8]
04-12 20:42:51.334299  1750  2644 I am_proc_died: [0,3087,com.transsion.keyguardgesture,200,4]
04-12 20:42:51.342864  1750  1911 I dvm_lock_sample: [system_server,1,android.bg,62,ContentProviderHelper.java,207,android.app.ContentProviderHolder com.android.server.am.ContentProviderHelper.getContentProviderImpl(android.app.IApplicationThread, java.lang.String, android.os.IBinder, int, java.lang.String, java.lang.String, boolean, int),,0,null,12]
04-12 20:42:51.343547  1750  4343 I dvm_lock_sample: [system_server,1,binder:1750_1D,61,BroadcastController.java,532,android.content.Intent com.android.server.am.BroadcastController.registerReceiverWithFeatureTraced(android.app.IApplicationThread, java.lang.String, java.lang.String, java.lang.String, android.content.IIntentReceiver, android.content.IntentFilter, java.lang.String, int, int),,0,null,12]
04-12 20:42:51.349894  1750  1922 I am_wtf  : [0,1750,system_server,-1,ActivityManager,Sending non-protected broadcast com.transsion.atomiccore.action.bind_service.island from system 2733:com.android.systemui/u0a146 pkg com.android.systemui]
04-12 20:42:51.350297  1750  1923 I am_proc_start: [0,5145,10214,com.google.android.as:captions,service,{com.google.android.as/com.google.android.apps.miphone.aiai.captions.CaptionsSharedPrefsDataSyncService},caller=com.google.android.as/10214]
