04-12 20:42:44.844668  1750  1923 I am_proc_start: [0,2765,10199,com.transsion.livewallpaper.custompictorial,service,{com.transsion.livewallpaper.custompictorial/com.transsion.livewallpaper.pictorial.CustomPictorialWallpaperService},caller=system/1000]
04-12 20:42:44.844000  2721  2721 I auditd  : type=1400 audit(0.0:305): avc:  denied  { read write } for  comm="re-initialized>" name="ensignal" dev="tmpfs" ino=2080 scontext=u:r:system_app:s0 tcontext=u:object_r:ensignal_device:s0 tclass=chr_file permissive=0
04-12 20:42:44.856000  2733  2733 I auditd  : type=1400 audit(0.0:306): avc:  denied  { read write } for  comm="re-initialized>" name="ensignal" dev="tmpfs" ino=2080 scontext=u:r:platform_app:s0:c512,c768 tcontext=u:object_r:ensignal_device:s0 tclass=chr_file permissive=0 app=com.android.systemui
04-12 20:42:44.856000  2733  2733 I auditd  : type=1400 audit(0.0:307): avc:  denied  { read write } for  comm="re-initialized>" name="ensignal" dev="tmpfs" ino=2080 scontext=u:r:platform_app:s0:c512,c768 tcontext=u:object_r:ensignal_device:s0 tclass=chr_file permissive=0 app=com.android.systemui
04-12 20:42:44.852929  1750  2011 I am_proc_bound: [0,2733,com.android.systemui]
04-12 20:42:44.854968  1750  2011 I am_uid_active: 10146
04-12 20:42:44.856048  1750  2517 I am_proc_bound: [0,2765,com.transsion.livewallpaper.custompictorial]
04-12 20:42:44.860796  1750  1923 I am_proc_start: [0,2800,1000,com.transsion.infinixled,content provider,{com.transsion.infinixled/com.transsion.infinixled.provider.SharedLedDatabaseProvider},caller=android/1000]
04-12 20:42:44.864000  2765  2765 I auditd  : type=1400 audit(0.0:308): avc:  denied  { read write } for  comm="re-initialized>" name="ensignal" dev="tmpfs" ino=2080 scontext=u:r:platform_app:s0:c512,c768 tcontext=u:object_r:ensignal_device:s0 tclass=chr_file permissive=0 app=com.transsion.livewallpaper.custompictorial
04-12 20:42:44.864000  2765  2765 I auditd  : type=1400 audit(0.0:309): avc:  denied  { read write } for  comm="re-initialized>" name="ensignal" dev="tmpfs" ino=2080 scontext=u:r:platform_app:s0:c512,c768 tcontext=u:object_r:ensignal_device:s0 tclass=chr_file permissive=0 app=com.transsion.livewallpaper.custompictorial
04-12 20:42:44.885005  1750  2010 I am_proc_start: [0,2419,10148,com.transsion.launcher3,top-activity,{com.transsion.launcher3/com.android.launcher3.uioverrides.QuickstepLauncher}]
04-12 20:42:44.886782  1750  2010 I am_proc_bound: [0,2419,com.transsion.launcher3]
04-12 20:42:44.890015  1750  2010 I am_uid_active: 10148
04-12 20:42:44.888000  2419  2419 I auditd  : type=1400 audit(0.0:310): avc:  denied  { read write } for  comm="re-initialized>" name="ensignal" dev="tmpfs" ino=2080 scontext=u:r:platform_app:s0:c512,c768 tcontext=u:object_r:ensignal_device:s0 tclass=chr_file permissive=0 app=com.transsion.launcher3
04-12 20:42:44.917460  2800  2800 I service_manager_slow: [32,activity]
04-12 20:42:44.917623  1750  2010 I am_proc_bound: [0,2800,com.transsion.infinixled]
04-12 20:42:44.923448  1750  1750 I service_manager_slow: [24,isub]
04-12 20:42:44.920000  2800  2800 I auditd  : type=1400 audit(0.0:312): avc:  denied  { read write } for  comm="re-initialized>" name="ensignal" dev="tmpfs" ino=2080 scontext=u:r:system_app:s0 tcontext=u:object_r:ensignal_device:s0 tclass=chr_file permissive=0
04-12 20:42:44.932201  2721  2721 I service_manager_slow: [27,netstats]
04-12 20:42:44.944000  2721  2721 I auditd  : type=1400 audit(0.0:313): avc:  denied  { map } for  comm="on.tranradionet" path="/dev/__properties__/u:object_r:vendor_irtx_prop:s0" dev="tmpfs" ino=614 scontext=u:r:system_app:s0 tcontext=u:object_r:vendor_irtx_prop:s0 tclass=file permissive=0
04-12 20:42:44.944000  2721  2721 I auditd  : type=1400 audit(0.0:314): avc:  denied  { read } for  comm="on.tranradionet" name="u:object_r:qemu_hw_prop:s0" dev="tmpfs" ino=396 scontext=u:r:system_app:s0 tcontext=u:object_r:qemu_hw_prop:s0 tclass=file permissive=0
04-12 20:42:44.947702  1750  1923 I am_proc_start: [0,2841,1000,com.transsion.multiwindow,service,{com.transsion.multiwindow/com.transsion.multiwindow.MultiWindowService},caller=system/1000]
04-12 20:42:44.954328  1750  2235 I am_uid_active: 10199
04-12 20:42:44.988000  2765  2765 I auditd  : type=1400 audit(0.0:315): avc:  denied  { read } for  comm=4F6E65494420576F726B6572 name="u:object_r:vendor_security_patch_level_prop:s0" dev="tmpfs" ino=888 scontext=u:r:platform_app:s0:c512,c768 tcontext=u:object_r:vendor_security_patch_level_prop:s0 tclass=file permissive=0 app=com.transsion.livewallpaper.custompictorial
04-12 20:42:45.024000  2841  2841 I auditd  : type=1400 audit(0.0:316): avc:  denied  { read write } for  comm="re-initialized>" name="ensignal" dev="tmpfs" ino=2080 scontext=u:r:system_app:s0 tcontext=u:object_r:ensignal_device:s0 tclass=chr_file permissive=0
04-12 20:42:45.024000  2841  2841 I auditd  : type=1400 audit(0.0:317): avc:  denied  { read write } for  comm="re-initialized>" name="ensignal" dev="tmpfs" ino=2080 scontext=u:r:system_app:s0 tcontext=u:object_r:ensignal_device:s0 tclass=chr_file permissive=0
04-12 20:42:45.000202  2419  2869 I jank_cuj_events_cancel_request: [-1,1775997764963613000,19735017231,19735017231]
04-12 20:42:45.001065  2841  2841 I service_manager_slow: [12,activity]
04-12 20:42:45.005409  1750  2524 I wm_restart_activity: [0,97595641,2,com.transsion.launcher3/com.android.launcher3.uioverrides.QuickstepLauncher]
04-12 20:42:45.006593  1750  2524 I wm_set_resumed_activity: [0,com.transsion.launcher3/com.android.launcher3.uioverrides.QuickstepLauncher,realStartActivityLocked - onActivityStateChanged]
04-12 20:42:45.013293  1750  2235 I am_proc_bound: [0,2841,com.transsion.multiwindow]
04-12 20:42:45.047477  1750  2228 I dvm_lock_sample: [system_server,1,AudioService,43,AudioService.java,10592,int com.android.server.audio.AudioService$VolumeStreamState.getIndex(int),-,10598,int com.android.server.audio.AudioService$VolumeStreamState.getIndex(int),8]
04-12 20:42:45.085342  1750  2195 I netstats_mobile_sample: [0,0,0,0,0,0,0,0,1775997765085]
04-12 20:42:45.085361  1750  2195 I netstats_wifi_sample: [0,0,0,0,0,0,0,0,1775997765085]
04-12 20:42:45.088685  1750  1922 I am_wtf  : [0,1750,system_server,-1,CustomRoleParser,mimeType in <data> is not supported when setting a preferred activity]
04-12 20:42:45.088918  1750  1922 I am_wtf  : [0,1750,system_server,-1,CustomRoleParser,mimeType in <data> is not supported when setting a preferred activity]
04-12 20:42:45.089077  1750  1922 I am_wtf  : [0,1750,system_server,-1,CustomRoleParser,mimeType in <data> is not supported when setting a preferred activity]
04-12 20:42:45.089196  1750  1922 I am_wtf  : [0,1750,system_server,-1,CustomRoleParser,mimeType in <data> is not supported when setting a preferred activity]
04-12 20:42:45.089279  1750  1922 I am_wtf  : [0,1750,system_server,-1,CustomRoleParser,mimeType in <data> is not supported when setting a preferred activity]
04-12 20:42:45.089358  1750  1922 I am_wtf  : [0,1750,system_server,-1,CustomRoleParser,mimeType in <data> is not supported when setting a preferred activity]
04-12 20:42:45.089443  1750  1922 I am_wtf  : [0,1750,system_server,-1,CustomRoleParser,mimeType in <data> is not supported when setting a preferred activity]
04-12 20:42:45.089539  1750  1922 I am_wtf  : [0,1750,system_server,-1,CustomRoleParser,mimeType in <data> is not supported when setting a preferred activity]
04-12 20:42:45.089602  1750  1922 I am_wtf  : [0,1750,system_server,-1,CustomRoleParser,mimeType in <data> is not supported when setting a preferred activity]
04-12 20:42:45.089654  1750  1922 I am_wtf  : [0,1750,system_server,-1,CustomRoleParser,mimeType in <data> is not supported when setting a preferred activity]
04-12 20:42:45.089706  1750  1922 I am_wtf  : [0,1750,system_server,-1,CustomRoleParser,mimeType in <data> is not supported when setting a preferred activity]
04-12 20:42:45.089745  1750  1922 I am_wtf  : [0,1750,system_server,-1,CustomRoleParser,mimeType in <data> is not supported when setting a preferred activity]
04-12 20:42:45.089779  1750  1922 I am_wtf  : [0,1750,system_server,-1,CustomRoleParser,mimeType in <data> is not supported when setting a preferred activity]
04-12 20:42:45.090043  1750  1922 I am_wtf  : [0,1750,system_server,-1,CustomRoleParser,mimeType in <data> is not supported when setting a preferred activity]
04-12 20:42:45.090135  1750  1922 I am_wtf  : [0,1750,system_server,-1,CustomRoleParser,mimeType in <data> is not supported when setting a preferred activity]
04-12 20:42:45.090195  1750  1922 I am_wtf  : [0,1750,system_server,-1,CustomRoleParser,mimeType in <data> is not supported when setting a preferred activity]
04-12 20:42:45.090232  1750  1922 I am_wtf  : [0,1750,system_server,-1,CustomRoleParser,mimeType in <data> is not supported when setting a preferred activity]
04-12 20:42:45.090264  1750  1922 I am_wtf  : [0,1750,system_server,-1,CustomRoleParser,mimeType in <data> is not supported when setting a preferred activity]
04-12 20:42:45.090936  1750  2010 I am_uid_active: 1002
04-12 20:42:45.091226  1750  1922 I am_wtf  : [0,1750,system_server,-1,CustomRoleParser,mimeType in <data> is not supported when setting a preferred activity]
04-12 20:42:45.091340  1750  1922 I am_wtf  : [0,1750,system_server,-1,CustomRoleParser,mimeType in <data> is not supported when setting a preferred activity]
04-12 20:42:45.091418  1750  1922 I am_wtf  : [0,1750,system_server,-1,CustomRoleParser,mimeType in <data> is not supported when setting a preferred activity]
04-12 20:42:45.092199  1750  1922 I am_wtf  : [0,1750,system_server,-1,CustomRoleParser,mimeType in <data> is not supported when setting a preferred activity]
04-12 20:42:45.092455  1750  1922 I am_wtf  : [0,1750,system_server,-1,CustomRoleParser,mimeType in <data> is not supported when setting a preferred activity]
04-12 20:42:45.093065  1750  1922 I am_wtf  : [0,1750,system_server,-1,CustomRoleParser,mimeType in <data> is not supported when setting a preferred activity]
04-12 20:42:45.093157  1750  1922 I am_wtf  : [0,1750,system_server,-1,CustomRoleParser,mimeType in <data> is not supported when setting a preferred activity]
04-12 20:42:45.093271  1750  1922 I am_wtf  : [0,1750,system_server,-1,CustomRoleParser,mimeType in <data> is not supported when setting a preferred activity]
04-12 20:42:45.093397  1750  1922 I am_wtf  : [0,1750,system_server,-1,CustomRoleParser,mimeType in <data> is not supported when setting a preferred activity]
04-12 20:42:45.093535  1750  1922 I am_wtf  : [0,1750,system_server,-1,CustomRoleParser,mimeType in <data> is not supported when setting a preferred activity]
04-12 20:42:45.093623  1750  1922 I am_wtf  : [0,1750,system_server,-1,CustomRoleParser,mimeType in <data> is not supported when setting a preferred activity]
04-12 20:42:45.093676  1750  1922 I am_wtf  : [0,1750,system_server,-1,CustomRoleParser,mimeType in <data> is not supported when setting a preferred activity]
04-12 20:42:45.093950  1750  1922 I am_wtf  : [0,1750,system_server,-1,CustomRoleParser,mimeType in <data> is not supported when setting a preferred activity]
04-12 20:42:45.094120  1750  1922 I am_wtf  : [0,1750,system_server,-1,CustomRoleParser,mimeType in <data> is not supported when setting a preferred activity]
04-12 20:42:45.094260  1750  1922 I am_wtf  : [0,1750,system_server,-1,CustomRoleParser,mimeType in <data> is not supported when setting a preferred activity]
04-12 20:42:45.094373  1750  1922 I am_wtf  : [0,1750,system_server,-1,CustomRoleParser,mimeType in <data> is not supported when setting a preferred activity]
04-12 20:42:45.094425  1750  1922 I am_wtf  : [0,1750,system_server,-1,CustomRoleParser,mimeType in <data> is not supported when setting a preferred activity]
04-12 20:42:45.094480  1750  1922 I am_wtf  : [0,1750,system_server,-1,CustomRoleParser,mimeType in <data> is not supported when setting a preferred activity]
04-12 20:42:45.094545  1750  1922 I am_wtf  : [0,1750,system_server,-1,CustomRoleParser,mimeType in <data> is not supported when setting a preferred activity]
04-12 20:42:45.094743  1750  1922 I am_wtf  : [0,1750,system_server,-1,CustomRoleParser,mimeType in <data> is not supported when setting a preferred activity]
04-12 20:42:45.094909  1750  1922 I am_wtf  : [0,1750,system_server,-1,CustomRoleParser,mimeType in <data> is not supported when setting a preferred activity]
04-12 20:42:45.095221  1750  1922 I am_wtf  : [0,1750,system_server,-1,CustomRoleParser,mimeType in <data> is not supported when setting a preferred activity]
04-12 20:42:45.095408  1750  1922 I am_wtf  : [0,1750,system_server,-1,CustomRoleParser,mimeType in <data> is not supported when setting a preferred activity]
04-12 20:42:45.095593  1750  1922 I am_wtf  : [0,1750,system_server,-1,CustomRoleParser,mimeType in <data> is not supported when setting a preferred activity]
04-12 20:42:45.095689  1750  1922 I am_wtf  : [0,1750,system_server,-1,CustomRoleParser,mimeType in <data> is not supported when setting a preferred activity]
04-12 20:42:45.095772  1750  1922 I am_wtf  : [0,1750,system_server,-1,CustomRoleParser,mimeType in <data> is not supported when setting a preferred activity]
04-12 20:42:45.095853  1750  1922 I am_wtf  : [0,1750,system_server,-1,CustomRoleParser,mimeType in <data> is not supported when setting a preferred activity]
04-12 20:42:45.095917  1750  1922 I am_wtf  : [0,1750,system_server,-1,CustomRoleParser,mimeType in <data> is not supported when setting a preferred activity]
04-12 20:42:45.095967  1750  1922 I am_wtf  : [0,1750,system_server,-1,CustomRoleParser,mimeType in <data> is not supported when setting a preferred activity]
04-12 20:42:45.096036  1750  1922 I am_wtf  : [0,1750,system_server,-1,CustomRoleParser,mimeType in <data> is not supported when setting a preferred activity]
04-12 20:42:45.096085  1750  1922 I am_wtf  : [0,1750,system_server,-1,CustomRoleParser,mimeType in <data> is not supported when setting a preferred activity]
04-12 20:42:45.116000  2841  2841 I auditd  : type=1400 audit(0.0:318): avc:  denied  { map } for  comm="ion.multiwindow" path="/dev/__properties__/u:object_r:vendor_irtx_prop:s0" dev="tmpfs" ino=614 scontext=u:r:system_app:s0 tcontext=u:object_r:vendor_irtx_prop:s0 tclass=file permissive=0
04-12 20:42:45.116000  2841  2841 I auditd  : type=1400 audit(0.0:319): avc:  denied  { read } for  comm="ion.multiwindow" name="u:object_r:qemu_hw_prop:s0" dev="tmpfs" ino=396 scontext=u:r:system_app:s0 tcontext=u:object_r:qemu_hw_prop:s0 tclass=file permissive=0
04-12 20:42:45.144000  2419  2419 I auditd  : type=1400 audit(0.0:320): avc:  denied  { read } for  comm=4F6E65494420576F726B6572 name="u:object_r:vendor_security_patch_level_prop:s0" dev="tmpfs" ino=888 scontext=u:r:platform_app:s0:c512,c768 tcontext=u:object_r:vendor_security_patch_level_prop:s0 tclass=file permissive=0 app=com.transsion.launcher3
04-12 20:42:45.162283  1750  1750 I liblog  : 91
04-12 20:42:45.229570  1750  2166 I pm_critical_info: setEnabledSettings callingUid = 1000 callingPid = 1750 packageName = com.android.bluetooth componentName = ComponentInfo{com.android.bluetooth/com.android.bluetooth.opp.BluetoothOppLauncherActivity} callingPackage= android newState = 1 userId = 0 flags = 1
04-12 20:42:45.249855  1750  2166 I pm_critical_info: setEnabledSettings callingUid = 1000 callingPid = 1750 packageName = com.android.bluetooth componentName = ComponentInfo{com.android.bluetooth/com.android.bluetooth.opp.BluetoothOppBtEnableActivity} callingPackage= android newState = 1 userId = 0 flags = 1
04-12 20:42:45.252112  1750  2166 I pm_critical_info: setEnabledSettings callingUid = 1000 callingPid = 1750 packageName = com.android.bluetooth componentName = ComponentInfo{com.android.bluetooth/com.android.bluetooth.opp.BluetoothOppBtEnablingActivity} callingPackage= android newState = 1 userId = 0 flags = 1
04-12 20:42:45.257507  1750  2166 I pm_critical_info: setEnabledSettings callingUid = 1000 callingPid = 1750 packageName = com.android.bluetooth componentName = ComponentInfo{com.android.bluetooth/com.android.bluetooth.opp.BluetoothOppBtErrorActivity} callingPackage= android newState = 1 userId = 0 flags = 1
04-12 20:42:45.270634  1750  2166 I pm_critical_info: setEnabledSettings callingUid = 1000 callingPid = 1750 packageName = com.android.bluetooth componentName = ComponentInfo{com.android.bluetooth/com.android.bluetooth.opp.BluetoothOppLauncherActivity} callingPackage= android newState = 1 userId = 0 flags = 1
04-12 20:42:45.271129  1750  2166 I pm_critical_info: setEnabledSettings callingUid = 1000 callingPid = 1750 packageName = com.android.bluetooth componentName = ComponentInfo{com.android.bluetooth/com.android.bluetooth.opp.BluetoothOppBtEnableActivity} callingPackage= android newState = 1 userId = 0 flags = 1
04-12 20:42:45.271373  1750  2166 I pm_critical_info: setEnabledSettings callingUid = 1000 callingPid = 1750 packageName = com.android.bluetooth componentName = ComponentInfo{com.android.bluetooth/com.android.bluetooth.opp.BluetoothOppBtEnablingActivity} callingPackage= android newState = 1 userId = 0 flags = 1
04-12 20:42:45.271948  1750  2166 I pm_critical_info: setEnabledSettings callingUid = 1000 callingPid = 1750 packageName = com.android.bluetooth componentName = ComponentInfo{com.android.bluetooth/com.android.bluetooth.opp.BluetoothOppBtErrorActivity} callingPackage= android newState = 1 userId = 0 flags = 1
04-12 20:42:45.290030  1750  2219 I notification_enqueue: [1000,1750,android,32,NULL,-1,Notification(channel=ALERTS shortcut=null contentView=null vibrate=null sound=null tick defaults=0 flags=ONGOING_EVENT|CAN_COLORIZE color=0x00000000 vis=PUBLIC),0,1]
04-12 20:42:45.291974  1750  2219 I sysui_multi_action: [757,1501,758,1,793,84,794,0,795,84,796,32,806,android,857,ALERTS,858,3,947,0,1500,0]
04-12 20:42:45.292030  1750  2219 I sysui_multi_action: [757,804,799,note_interruptive,801,0,802,1]
04-12 20:42:45.293419  1750  2219 I sysui_multi_action: [757,199,758,1,759,32784,793,86,794,0,795,86,796,32,806,android,857,ALERTS,858,3,947,0,1500,2,1688,1]
04-12 20:42:45.293452  1750  2219 I notification_alert: [-1|android|32|null|1000,0,0,0,2,32768]
04-12 20:42:45.304000  2683  2683 I auditd  : type=1400 audit(0.0:321): avc:  denied  { read } for  comm="om.mediatek.ims" name="u:object_r:system_trancare_prop:s0" dev="tmpfs" ino=554 scontext=u:r:radio:s0 tcontext=u:object_r:system_trancare_prop:s0 tclass=file permissive=0
04-12 20:42:45.304000  2683  2683 I auditd  : type=1400 audit(0.0:322): avc:  denied  { read } for  comm="om.mediatek.ims" name="u:object_r:vendor_irtx_prop:s0" dev="tmpfs" ino=614 scontext=u:r:radio:s0 tcontext=u:object_r:vendor_irtx_prop:s0 tclass=file permissive=0
04-12 20:42:45.304000  2683  2683 I auditd  : type=1400 audit(0.0:323): avc:  denied  { read } for  comm="om.mediatek.ims" name="u:object_r:qemu_hw_prop:s0" dev="tmpfs" ino=396 scontext=u:r:radio:s0 tcontext=u:object_r:qemu_hw_prop:s0 tclass=file permissive=0
04-12 20:42:45.316000  2683  2683 I auditd  : type=1400 audit(0.0:324): avc:  denied  { read } for  comm="om.mediatek.ims" name="u:object_r:system_trancare_prop:s0" dev="tmpfs" ino=554 scontext=u:r:radio:s0 tcontext=u:object_r:system_trancare_prop:s0 tclass=file permissive=0
04-12 20:42:45.349039  2683  2683 I service_manager_slow: [15,phone]
04-12 20:42:45.354440  2419  2419 I wm_on_create_called: [97595641,com.android.launcher3.uioverrides.QuickstepLauncher,performCreate,317]
04-12 20:42:45.356384  2419  2419 I wm_on_start_called: [97595641,com.android.launcher3.uioverrides.QuickstepLauncher,handleStartActivity,1]
04-12 20:42:45.357819  2419  2419 I wm_on_resume_called: [97595641,com.android.launcher3.uioverrides.QuickstepLauncher,RESUME_ACTIVITY,1]
04-12 20:42:45.405895  1750  1894 I input_focus: [Focus request 7401100 com.transsion.launcher3/com.android.launcher3.uioverrides.QuickstepLauncher,reason=UpdateInputWindows]
04-12 20:42:45.407083  1750  1894 I wm_wallpaper_surface: [0,1,Window{7401100 u0 com.transsion.launcher3/com.android.launcher3.uioverrides.QuickstepLauncher}]
04-12 20:42:45.419513  2683  2683 I service_manager_slow: [16,isub]
04-12 20:42:45.424000  2721  2721 I auditd  : type=1400 audit(0.0:325): avc:  denied  { watch watch_reads } for  comm="on.tranradionet" path="/system_ext/etc/vconfig/celluar/ussd_balance.json" dev="dm-17" ino=29975961 scontext=u:r:system_app:s0 tcontext=u:object_r:system_file:s0 tclass=file permissive=0
04-12 20:42:45.430668  2645  2645 I service_manager_slow: [11,thermalservice]
04-12 20:42:45.432395  2419  2419 I viewroot_draw_event: [VRI[QuickstepLauncher],reportDrawFinished seqId=0]
04-12 20:42:45.432847  2419  2419 I wm_on_top_resumed_gained_called: [97595641,com.android.launcher3.uioverrides.QuickstepLauncher,topStateChangedWhenResumed]
04-12 20:42:45.465410  1750  1911 I pm_critical_info: setEnabledSettings callingUid = 1000 callingPid = 1750 packageName = com.google.android.marvin.talkback componentName = ComponentInfo{com.google.android.marvin.talkback/com.google.android.accessibility.accessibilitymenu.AccessibilityMenuService} callingPackage= android newState = 2 userId = 0 flags = 1
04-12 20:42:45.472756  1750  1893 I boot_progress_enable_screen: 20244
04-12 20:42:45.473427  1750  1893 I screen_toggled: 1
04-12 20:42:45.482862  1750  1877 I sysui_multi_action: [319,0,322,753,325,19,757,761,758,7,759,3,806,com.transsion.launcher3,871,com.android.launcher3.uioverrides.QuickstepLauncher,905,0,945,195,1320,4,1321,23]
04-12 20:42:45.486264  1750  1877 I wm_activity_launch_time: [0,97595641,com.transsion.launcher3/com.android.launcher3.uioverrides.QuickstepLauncher,753]
04-12 20:42:45.519986  1750  1923 I am_proc_start: [0,3087,1000,com.transsion.keyguardgesture,service,{com.transsion.microintelligence/com.transsion.keyguardgesture.service.KeyguardGestureService},caller=system/1000]
04-12 20:42:45.542646  1750  2518 I wm_task_created: 3
04-12 20:42:45.545563  1750  2994 I wm_task_created: 4
04-12 20:42:45.547668  1750  2235 I wm_task_created: 5
04-12 20:42:45.550883  1750  2523 I am_proc_bound: [0,3087,com.transsion.keyguardgesture]
04-12 20:42:45.560000  3087  3087 I auditd  : type=1400 audit(0.0:326): avc:  denied  { read write } for  comm="re-initialized>" name="ensignal" dev="tmpfs" ino=2080 scontext=u:r:system_app:s0 tcontext=u:object_r:ensignal_device:s0 tclass=chr_file permissive=0
04-12 20:42:45.560000  3087  3087 I auditd  : type=1400 audit(0.0:327): avc:  denied  { read write } for  comm="re-initialized>" name="ensignal" dev="tmpfs" ino=2080 scontext=u:r:system_app:s0 tcontext=u:object_r:ensignal_device:s0 tclass=chr_file permissive=0
04-12 20:42:45.576000   563   563 I auditd  : type=1400 audit(0.0:328): avc:  denied  { read } for  comm="logd.writer" name="u:object_r:bluetooth_prop:s0" dev="tmpfs" ino=173 scontext=u:r:logd:s0 tcontext=u:object_r:bluetooth_prop:s0 tclass=file permissive=0
04-12 20:42:45.580000   563   563 I auditd  : type=1400 audit(0.0:329): avc:  denied  { read } for  comm="logd.writer" name="u:object_r:bluetooth_prop:s0" dev="tmpfs" ino=173 scontext=u:r:logd:s0 tcontext=u:object_r:bluetooth_prop:s0 tclass=file permissive=0
04-12 20:42:45.586980  2663  2663 I service_manager_slow: [10,isub]
04-12 20:42:45.584000   563   563 I auditd  : type=1400 audit(0.0:330): avc:  denied  { read } for  comm="logd.writer" name="u:object_r:bluetooth_prop:s0" dev="tmpfs" ino=173 scontext=u:r:logd:s0 tcontext=u:object_r:bluetooth_prop:s0 tclass=file permissive=0
04-12 20:42:45.588000   563   563 I auditd  : type=1400 audit(0.0:331): avc:  denied  { read } for  comm="logd.writer" name="u:object_r:bluetooth_prop:s0" dev="tmpfs" ino=173 scontext=u:r:logd:s0 tcontext=u:object_r:bluetooth_prop:s0 tclass=file permissive=0
04-12 20:42:45.596000   563   563 I auditd  : type=1400 audit(0.0:332): avc:  denied  { read } for  comm="logd.writer" name="u:object_r:bluetooth_prop:s0" dev="tmpfs" ino=173 scontext=u:r:logd:s0 tcontext=u:object_r:bluetooth_prop:s0 tclass=file permissive=0
04-12 20:42:45.604000  2733  2733 I auditd  : type=1400 audit(0.0:333): avc:  denied  { read } for  comm=4F6E65494420576F726B6572 name="u:object_r:vendor_security_patch_level_prop:s0" dev="tmpfs" ino=888 scontext=u:r:platform_app:s0:c512,c768 tcontext=u:object_r:vendor_security_patch_level_prop:s0 tclass=file permissive=0 app=com.android.systemui
04-12 20:42:45.608000   563   563 I auditd  : type=1400 audit(0.0:334): avc:  denied  { read } for  comm="logd.writer" name="u:object_r:bluetooth_prop:s0" dev="tmpfs" ino=173 scontext=u:r:logd:s0 tcontext=u:object_r:bluetooth_prop:s0 tclass=file permissive=0
04-12 20:42:45.612000   563   563 I auditd  : type=1400 audit(0.0:335): avc:  denied  { read } for  comm="logd.writer" name="u:object_r:bluetooth_prop:s0" dev="tmpfs" ino=173 scontext=u:r:logd:s0 tcontext=u:object_r:bluetooth_prop:s0 tclass=file permissive=0
04-12 20:42:45.612000   563   563 I auditd  : type=1400 audit(0.0:336): avc:  denied  { read } for  comm="logd.writer" name="u:object_r:bluetooth_prop:s0" dev="tmpfs" ino=173 scontext=u:r:logd:s0 tcontext=u:object_r:bluetooth_prop:s0 tclass=file permissive=0
04-12 20:42:45.612000   563   563 I auditd  : type=1400 audit(0.0:337): avc:  denied  { read } for  comm="logd.writer" name="u:object_r:bluetooth_prop:s0" dev="tmpfs" ino=173 scontext=u:r:logd:s0 tcontext=u:object_r:bluetooth_prop:s0 tclass=file permissive=0
04-12 20:42:45.612000   563   563 I auditd  : type=1400 audit(0.0:338): avc:  denied  { read } for  comm="logd.writer" name="u:object_r:bluetooth_prop:s0" dev="tmpfs" ino=173 scontext=u:r:logd:s0 tcontext=u:object_r:bluetooth_prop:s0 tclass=file permissive=0
04-12 20:42:45.632512  2841  3067 I viewroot_draw_event: [VRI[Tran_Float_Window_BG],Not drawing due to not visible. Reason=View.INVISIBLE]
04-12 20:42:45.643735  2721  2933 I service_manager_stats: [100,213,20415]
04-12 20:42:45.628000  3087  3087 I auditd  : type=1400 audit(0.0:340): avc:  denied  { read } for  comm="keyguardgesture" name="u:object_r:qemu_hw_prop:s0" dev="tmpfs" ino=396 scontext=u:r:system_app:s0 tcontext=u:object_r:qemu_hw_prop:s0 tclass=file permissive=0
04-12 20:42:45.651687  1750  2644 I am_foreground_service_start: [0,com.transsion.microintelligence/com.transsion.keyguardgesture.service.KeyguardGestureService,1,PROC_STATE_PERSISTENT,35,36,0,0,0,1,UNKNOWN,128]
04-12 20:42:45.651920  1750  1922 I am_wtf  : [0,1750,system_server,-1,ActivityManager,Background started FGS: Allowed [callingPackage: android; callingUid: 1000; uidState: PER ; uidBFSL: [BFSL]; intent: Intent { act=init xflg=0x4 cmp=com.transsion.microintelligence/com.transsion.keyguardgesture.service.KeyguardGestureService }; code:PROC_STATE_PERSISTENT; tempAllowListReason:<null>; allowWiu:10; targetSdkVersion:35; callerTargetSdkVersion:36; startForegroundCount:0; bindFromPackage:null: isBindService:false]]
04-12 20:42:45.655107  1750  1923 I am_proc_start: [0,3166,1000,com.android.settings,broadcast,{com.android.settings/com.transsion.settings.network.telephony.TranDataSwitchNotification},caller=com.android.phone/1001,action = android.intent.action.ACTION_DEFAULT_DATA_SUBSCRIPTION_CHANGED]
04-12 20:42:45.660887  1750  2901 I wm_task_removed: [4,4,0,reParentTask:sanitizeAndApplyHierarchyOp]
04-12 20:42:45.661148  1750  2901 I wm_task_moved: [4,3,0,1,2147483647]
04-12 20:42:45.661187  1750  2901 I wm_task_removed: [5,5,0,reParentTask:sanitizeAndApplyHierarchyOp]
04-12 20:42:45.661292  1750  2901 I wm_task_moved: [5,3,0,1,2147483647]
04-12 20:42:45.671325  2733  2911 I viewroot_draw_event: [VRI[ShellDropTarget],Not drawing due to not visible. Reason=View.INVISIBLE]
04-12 20:42:45.679693  1750  2219 I notification_cancel_all: [1000,1750,com.transsion.microintelligence,0,0,0,17,NULL]
04-12 20:42:45.681833  1750  2523 I am_proc_bound: [0,3166,com.android.settings]
04-12 20:42:45.684742  1750  2219 I notification_cancel_all: [1000,1750,com.transsion.microintelligence,0,0,0,17,NULL]
04-12 20:42:45.688000  3166  3166 I auditd  : type=1400 audit(0.0:341): avc:  denied  { read write } for  comm="re-initialized>" name="ensignal" dev="tmpfs" ino=2080 scontext=u:r:system_app:s0 tcontext=u:object_r:ensignal_device:s0 tclass=chr_file permissive=0
04-12 20:42:45.688000  3166  3166 I auditd  : type=1400 audit(0.0:342): avc:  denied  { read write } for  comm="re-initialized>" name="ensignal" dev="tmpfs" ino=2080 scontext=u:r:system_app:s0 tcontext=u:object_r:ensignal_device:s0 tclass=chr_file permissive=0
04-12 20:42:45.708133  2841  3066 I viewroot_draw_event: [VRI[Tran_Float_Window_BG],Not drawing due to not visible. Reason=View.INVISIBLE]
04-12 20:42:45.716000     1     1 I auditd  : type=1107 audit(0.0:343): uid=0 auid=4294967295 ses=4294967295 subj=u:r:init:s0 msg='avc:  denied  { set } for property=ro.tr_perf.aegean.cg.kernel.support pid=1400 uid=1013 gid=1005 scontext=u:r:mediaserver:s0 tcontext=u:object_r:default_prop:s0 tclass=property_service permissive=0'
04-12 20:42:45.728824  2663  2663 I service_manager_slow: [13,phone]
04-12 20:42:45.798597  2841  3066 I viewroot_draw_event: [VRI[Tran_Left_Window],Not drawing due to not visible. Reason=View.GONE]
04-12 20:42:45.802650  2841  3066 I viewroot_draw_event: [VRI[Tran_Right_Window],Not drawing due to not visible. Reason=View.GONE]
04-12 20:42:45.812647  2841  3066 I viewroot_draw_event: [VRI[Tran_Float_Window_Guide],Not drawing due to not visible. Reason=View.INVISIBLE]
04-12 20:42:45.837963  1750  2219 I notification_cancel_all: [1000,1750,com.transsion.microintelligence,0,0,0,17,NULL]
04-12 20:42:45.838058  1750  2219 I notification_cancel_all: [1000,1750,com.transsion.microintelligence,0,0,0,17,NULL]
04-12 20:42:45.843493  1750  2010 I wm_set_requested_orientation: [5,com.transsion.launcher3/com.android.launcher3.uioverrides.QuickstepLauncher]
04-12 20:42:45.847899  3087  3087 I viewroot_draw_event: [VRI[],Not drawing due to not visible. Reason=View.GONE]
04-12 20:42:45.876229  1750  2219 I notification_cancel_all: [1000,1750,com.transsion.microintelligence,0,0,0,17,NULL]
04-12 20:42:45.876254  1750  2219 I notification_cancel_all: [1000,1750,com.transsion.microintelligence,0,0,0,17,NULL]
04-12 20:42:45.872000  3166  3166 I auditd  : type=1400 audit(0.0:344): avc:  denied  { map } for  comm="ndroid.settings" path="/dev/__properties__/u:object_r:vendor_irtx_prop:s0" dev="tmpfs" ino=614 scontext=u:r:system_app:s0 tcontext=u:object_r:vendor_irtx_prop:s0 tclass=file permissive=0
04-12 20:42:45.872000  3166  3166 I auditd  : type=1400 audit(0.0:345): avc:  denied  { read } for  comm="ndroid.settings" name="u:object_r:qemu_hw_prop:s0" dev="tmpfs" ino=396 scontext=u:r:system_app:s0 tcontext=u:object_r:qemu_hw_prop:s0 tclass=file permissive=0
04-12 20:42:45.896000   563   563 I auditd  : type=1400 audit(0.0:346): avc:  denied  { read } for  comm="logd.writer" name="u:object_r:bluetooth_prop:s0" dev="tmpfs" ino=173 scontext=u:r:logd:s0 tcontext=u:object_r:bluetooth_prop:s0 tclass=file permissive=0
04-12 20:42:45.900000   563   563 I auditd  : type=1400 audit(0.0:347): avc:  denied  { read } for  comm="logd.writer" name="u:object_r:bluetooth_prop:s0" dev="tmpfs" ino=173 scontext=u:r:logd:s0 tcontext=u:object_r:bluetooth_prop:s0 tclass=file permissive=0
04-12 20:42:45.900000   563   563 I auditd  : type=1400 audit(0.0:348): avc:  denied  { read } for  comm="logd.writer" name="u:object_r:bluetooth_prop:s0" dev="tmpfs" ino=173 scontext=u:r:logd:s0 tcontext=u:object_r:bluetooth_prop:s0 tclass=file permissive=0
04-12 20:42:45.912000  2927  2927 I auditd  : type=1400 audit(0.0:349): avc:  denied  { read } for  comm="tne_dumpstate" name="pl_lk" dev="proc" ino=4026532219 scontext=u:r:dumpstate:s0 tcontext=u:object_r:proc_pl_lk:s0 tclass=file permissive=0
04-12 20:42:45.912000   563   563 I auditd  : type=1400 audit(0.0:350): avc:  denied  { read } for  comm="logd.writer" name="u:object_r:bluetooth_prop:s0" dev="tmpfs" ino=173 scontext=u:r:logd:s0 tcontext=u:object_r:bluetooth_prop:s0 tclass=file permissive=0
04-12 20:42:45.916000  2927  2927 I auditd  : type=1400 audit(0.0:351): avc:  denied  { open } for  comm="tne_dumpstate" path="/proc/uid_io/stats" dev="proc" ino=4026531866 scontext=u:r:dumpstate:s0 tcontext=u:object_r:proc_uid_io_stats:s0 tclass=file permissive=0
04-12 20:42:45.925785  1750  1892 I commit_sys_config_file: [notification-policy,3]
04-12 20:42:45.972000   563   563 I auditd  : type=1400 audit(0.0:352): avc:  denied  { read } for  comm="logd.writer" name="u:object_r:bluetooth_prop:s0" dev="tmpfs" ino=173 scontext=u:r:logd:s0 tcontext=u:object_r:bluetooth_prop:s0 tclass=file permissive=0
04-12 20:42:45.972000   563   563 I auditd  : type=1400 audit(0.0:353): avc:  denied  { read } for  comm="logd.writer" name="u:object_r:bluetooth_prop:s0" dev="tmpfs" ino=173 scontext=u:r:logd:s0 tcontext=u:object_r:bluetooth_prop:s0 tclass=file permissive=0
04-12 20:42:45.972000   563   563 I auditd  : type=1400 audit(0.0:354): avc:  denied  { read } for  comm="logd.writer" name="u:object_r:bluetooth_prop:s0" dev="tmpfs" ino=173 scontext=u:r:logd:s0 tcontext=u:object_r:bluetooth_prop:s0 tclass=file permissive=0
04-12 20:42:45.972000   563   563 I auditd  : type=1400 audit(0.0:355): avc:  denied  { read } for  comm="logd.writer" name="u:object_r:bluetooth_prop:s0" dev="tmpfs" ino=173 scontext=u:r:logd:s0 tcontext=u:object_r:bluetooth_prop:s0 tclass=file permissive=0
04-12 20:42:45.972000   563   563 I auditd  : type=1400 audit(0.0:356): avc:  denied  { read } for  comm="logd.writer" name="u:object_r:bluetooth_prop:s0" dev="tmpfs" ino=173 scontext=u:r:logd:s0 tcontext=u:object_r:bluetooth_prop:s0 tclass=file permissive=0
04-12 20:42:45.972000   563   563 I auditd  : type=1400 audit(0.0:357): avc:  denied  { read } for  comm="logd.writer" name="u:object_r:bluetooth_prop:s0" dev="tmpfs" ino=173 scontext=u:r:logd:s0 tcontext=u:object_r:bluetooth_prop:s0 tclass=file permissive=0
04-12 20:42:45.972000   563   563 I auditd  : type=1400 audit(0.0:358): avc:  denied  { read } for  comm="logd.writer" name="u:object_r:bluetooth_prop:s0" dev="tmpfs" ino=173 scontext=u:r:logd:s0 tcontext=u:object_r:bluetooth_prop:s0 tclass=file permissive=0
04-12 20:42:45.978097  1750  1922 I am_uid_running: 10274
04-12 20:42:45.976000   563   563 I auditd  : type=1400 audit(0.0:359): avc:  denied  { read } for  comm="logd.writer" name="u:object_r:bluetooth_prop:s0" dev="tmpfs" ino=173 scontext=u:r:logd:s0 tcontext=u:object_r:bluetooth_prop:s0 tclass=file permissive=0
04-12 20:42:45.976000   563   563 I auditd  : type=1400 audit(0.0:360): avc:  denied  { read } for  comm="logd.writer" name="u:object_r:bluetooth_prop:s0" dev="tmpfs" ino=173 scontext=u:r:logd:s0 tcontext=u:object_r:bluetooth_prop:s0 tclass=file permissive=0
04-12 20:42:45.976000   563   563 I auditd  : type=1400 audit(0.0:361): avc:  denied  { read } for  comm="logd.writer" name="u:object_r:bluetooth_prop:s0" dev="tmpfs" ino=173 scontext=u:r:logd:s0 tcontext=u:object_r:bluetooth_prop:s0 tclass=file permissive=0
04-12 20:42:45.980000   563   563 I auditd  : type=1400 audit(0.0:362): avc:  denied  { read } for  comm="logd.writer" name="u:object_r:bluetooth_prop:s0" dev="tmpfs" ino=173 scontext=u:r:logd:s0 tcontext=u:object_r:bluetooth_prop:s0 tclass=file permissive=0
04-12 20:42:45.984000   563   563 I auditd  : type=1400 audit(0.0:363): avc:  denied  { read } for  comm="logd.writer" name="u:object_r:bluetooth_prop:s0" dev="tmpfs" ino=173 scontext=u:r:logd:s0 tcontext=u:object_r:bluetooth_prop:s0 tclass=file permissive=0
04-12 20:42:45.996000   563   563 I auditd  : type=1400 audit(0.0:364): avc:  denied  { read } for  comm="logd.writer" name="u:object_r:bluetooth_prop:s0" dev="tmpfs" ino=173 scontext=u:r:logd:s0 tcontext=u:object_r:bluetooth_prop:s0 tclass=file permissive=0
04-12 20:42:45.996000   563   563 I auditd  : type=1400 audit(0.0:365): avc:  denied  { read } for  comm="logd.writer" name="u:object_r:bluetooth_prop:s0" dev="tmpfs" ino=173 scontext=u:r:logd:s0 tcontext=u:object_r:bluetooth_prop:s0 tclass=file permissive=0
04-12 20:42:45.996000   563   563 I auditd  : type=1400 audit(0.0:366): avc:  denied  { read } for  comm="logd.writer" name="u:object_r:bluetooth_prop:s0" dev="tmpfs" ino=173 scontext=u:r:logd:s0 tcontext=u:object_r:bluetooth_prop:s0 tclass=file permissive=0
04-12 20:42:46.013031  1750  1923 I am_proc_start: [0,3286,10274,com.google.android.cellbroadcastreceiver,broadcast,{com.google.android.cellbroadcastreceiver/com.android.cellbroadcastreceiver.CellBroadcastReceiver},caller=com.android.phone/1001,action = android.telephony.action.DEFAULT_SMS_SUBSCRIPTION_CHANGED]
04-12 20:42:46.024000   563   563 I auditd  : type=1400 audit(0.0:367): avc:  denied  { read } for  comm="logd.writer" name="u:object_r:bluetooth_prop:s0" dev="tmpfs" ino=173 scontext=u:r:logd:s0 tcontext=u:object_r:bluetooth_prop:s0 tclass=file permissive=0
04-12 20:42:46.027556  1750  2518 I am_proc_bound: [0,3286,com.google.android.cellbroadcastreceiver]
04-12 20:42:46.028000  2645  2645 I auditd  : type=1400 audit(0.0:368): avc:  denied  { read } for  comm="droid.bluetooth" name="u:object_r:transsion_vendor_prop:s0" dev="tmpfs" ino=588 scontext=u:r:bluetooth:s0 tcontext=u:object_r:transsion_vendor_prop:s0 tclass=file permissive=0
04-12 20:42:46.028000  2645  2645 I auditd  : type=1400 audit(0.0:369): avc:  denied  { read } for  comm="droid.bluetooth" name="u:object_r:vendor_irtx_prop:s0" dev="tmpfs" ino=614 scontext=u:r:bluetooth:s0 tcontext=u:object_r:vendor_irtx_prop:s0 tclass=file permissive=0
04-12 20:42:46.028000  2645  2645 I auditd  : type=1400 audit(0.0:370): avc:  denied  { read } for  comm="droid.bluetooth" name="u:object_r:qemu_hw_prop:s0" dev="tmpfs" ino=396 scontext=u:r:bluetooth:s0 tcontext=u:object_r:qemu_hw_prop:s0 tclass=file permissive=0
04-12 20:42:46.036000  3286  3286 I auditd  : type=1400 audit(0.0:371): avc:  denied  { read write } for  comm="re-initialized>" name="ensignal" dev="tmpfs" ino=2080 scontext=u:r:priv_app:s0:c512,c768 tcontext=u:object_r:ensignal_device:s0 tclass=chr_file permissive=0 app=com.google.android.cellbroadcastreceiver
04-12 20:42:46.040000  3286  3286 I auditd  : type=1400 audit(0.0:372): avc:  denied  { read write } for  comm="re-initialized>" name="ensignal" dev="tmpfs" ino=2080 scontext=u:r:priv_app:s0:c512,c768 tcontext=u:object_r:ensignal_device:s0 tclass=chr_file permissive=0 app=com.google.android.cellbroadcastreceiver
04-12 20:42:46.056000   563   563 I auditd  : type=1400 audit(0.0:373): avc:  denied  { read } for  comm="logd.writer" name="u:object_r:bluetooth_prop:s0" dev="tmpfs" ino=173 scontext=u:r:logd:s0 tcontext=u:object_r:bluetooth_prop:s0 tclass=file permissive=0
04-12 20:42:46.124000   563   563 I auditd  : type=1400 audit(0.0:374): avc:  denied  { read } for  comm="logd.writer" name="u:object_r:bluetooth_prop:s0" dev="tmpfs" ino=173 scontext=u:r:logd:s0 tcontext=u:object_r:bluetooth_prop:s0 tclass=file permissive=0
04-12 20:42:46.124000   563   563 I auditd  : type=1400 audit(0.0:375): avc:  denied  { read } for  comm="logd.writer" name="u:object_r:bluetooth_prop:s0" dev="tmpfs" ino=173 scontext=u:r:logd:s0 tcontext=u:object_r:bluetooth_prop:s0 tclass=file permissive=0
04-12 20:42:46.124000   563   563 I auditd  : type=1400 audit(0.0:376): avc:  denied  { read } for  comm="logd.writer" name="u:object_r:bluetooth_prop:s0" dev="tmpfs" ino=173 scontext=u:r:logd:s0 tcontext=u:object_r:bluetooth_prop:s0 tclass=file permissive=0
04-12 20:42:46.148000   563   563 I auditd  : type=1400 audit(0.0:377): avc:  denied  { read } for  comm="logd.writer" name="u:object_r:bluetooth_prop:s0" dev="tmpfs" ino=173 scontext=u:r:logd:s0 tcontext=u:object_r:bluetooth_prop:s0 tclass=file permissive=0
04-12 20:42:46.148000   563   563 I auditd  : type=1400 audit(0.0:378): avc:  denied  { read } for  comm="logd.writer" name="u:object_r:bluetooth_prop:s0" dev="tmpfs" ino=173 scontext=u:r:logd:s0 tcontext=u:object_r:bluetooth_prop:s0 tclass=file permissive=0
04-12 20:42:46.148000   563   563 I auditd  : type=1400 audit(0.0:379): avc:  denied  { read } for  comm="logd.writer" name="u:object_r:bluetooth_prop:s0" dev="tmpfs" ino=173 scontext=u:r:logd:s0 tcontext=u:object_r:bluetooth_prop:s0 tclass=file permissive=0
04-12 20:42:46.148000   563   563 I auditd  : type=1400 audit(0.0:380): avc:  denied  { read } for  comm="logd.writer" name="u:object_r:bluetooth_prop:s0" dev="tmpfs" ino=173 scontext=u:r:logd:s0 tcontext=u:object_r:bluetooth_prop:s0 tclass=file permissive=0
04-12 20:42:46.148000   563   563 I auditd  : type=1400 audit(0.0:381): avc:  denied  { read } for  comm="logd.writer" name="u:object_r:bluetooth_prop:s0" dev="tmpfs" ino=173 scontext=u:r:logd:s0 tcontext=u:object_r:bluetooth_prop:s0 tclass=file permissive=0
04-12 20:42:46.152000   563   563 I auditd  : type=1400 audit(0.0:382): avc:  denied  { read } for  comm="logd.writer" name="u:object_r:bluetooth_prop:s0" dev="tmpfs" ino=173 scontext=u:r:logd:s0 tcontext=u:object_r:bluetooth_prop:s0 tclass=file permissive=0
04-12 20:42:46.156000   563   563 I auditd  : type=1400 audit(0.0:383): avc:  denied  { read } for  comm="logd.writer" name="u:object_r:bluetooth_prop:s0" dev="tmpfs" ino=173 scontext=u:r:logd:s0 tcontext=u:object_r:bluetooth_prop:s0 tclass=file permissive=0
04-12 20:42:46.156000   563   563 I auditd  : type=1400 audit(0.0:384): avc:  denied  { read } for  comm="logd.writer" name="u:object_r:bluetooth_prop:s0" dev="tmpfs" ino=173 scontext=u:r:logd:s0 tcontext=u:object_r:bluetooth_prop:s0 tclass=file permissive=0
04-12 20:42:46.174123  1750  2073 I commit_sys_config_file: [settings-0-0,10]
04-12 20:42:46.188000   563   563 I auditd  : type=1400 audit(0.0:385): avc:  denied  { read } for  comm="logd.writer" name="u:object_r:bluetooth_prop:s0" dev="tmpfs" ino=173 scontext=u:r:logd:s0 tcontext=u:object_r:bluetooth_prop:s0 tclass=file permissive=0
04-12 20:42:46.196000   563   563 I auditd  : type=1400 audit(0.0:386): avc:  denied  { read } for  comm="logd.writer" name="u:object_r:bluetooth_prop:s0" dev="tmpfs" ino=173 scontext=u:r:logd:s0 tcontext=u:object_r:bluetooth_prop:s0 tclass=file permissive=0
04-12 20:42:46.212000   563   563 I auditd  : type=1400 audit(0.0:387): avc:  denied  { read } for  comm="logd.writer" name="u:object_r:bluetooth_prop:s0" dev="tmpfs" ino=173 scontext=u:r:logd:s0 tcontext=u:object_r:bluetooth_prop:s0 tclass=file permissive=0
04-12 20:42:46.216000   563   563 I auditd  : type=1400 audit(0.0:388): avc:  denied  { read } for  comm="logd.writer" name="u:object_r:bluetooth_prop:s0" dev="tmpfs" ino=173 scontext=u:r:logd:s0 tcontext=u:object_r:bluetooth_prop:s0 tclass=file permissive=0
04-12 20:42:46.216000   563   563 I auditd  : type=1400 audit(0.0:389): avc:  denied  { read } for  comm="logd.writer" name="u:object_r:bluetooth_prop:s0" dev="tmpfs" ino=173 scontext=u:r:logd:s0 tcontext=u:object_r:bluetooth_prop:s0 tclass=file permissive=0
04-12 20:42:46.222348   568   568 I auditd  : avc:  denied  { add } for pid=2663 uid=1001 name=gwsdtest scontext=u:r:radio:s0 tcontext=u:object_r:default_android_service:s0 tclass=service_manager permissive=0
04-12 20:42:46.232000   563   563 I auditd  : type=1400 audit(0.0:390): avc:  denied  { read } for  comm="logd.writer" name="u:object_r:bluetooth_prop:s0" dev="tmpfs" ino=173 scontext=u:r:logd:s0 tcontext=u:object_r:bluetooth_prop:s0 tclass=file permissive=0
04-12 20:42:46.232000   563   563 I auditd  : type=1400 audit(0.0:391): avc:  denied  { read } for  comm="logd.writer" name="u:object_r:bluetooth_prop:s0" dev="tmpfs" ino=173 scontext=u:r:logd:s0 tcontext=u:object_r:bluetooth_prop:s0 tclass=file permissive=0
04-12 20:42:46.248000   563   563 I auditd  : type=1400 audit(0.0:392): avc:  denied  { read } for  comm="logd.writer" name="u:object_r:bluetooth_prop:s0" dev="tmpfs" ino=173 scontext=u:r:logd:s0 tcontext=u:object_r:bluetooth_prop:s0 tclass=file permissive=0
04-12 20:42:46.248000   563   563 I auditd  : type=1400 audit(0.0:393): avc:  denied  { read } for  comm="logd.writer" name="u:object_r:bluetooth_prop:s0" dev="tmpfs" ino=173 scontext=u:r:logd:s0 tcontext=u:object_r:bluetooth_prop:s0 tclass=file permissive=0
04-12 20:42:46.252000   563   563 I auditd  : type=1400 audit(0.0:394): avc:  denied  { read } for  comm="logd.writer" name="u:object_r:bluetooth_prop:s0" dev="tmpfs" ino=173 scontext=u:r:logd:s0 tcontext=u:object_r:bluetooth_prop:s0 tclass=file permissive=0
04-12 20:42:46.256000   563   563 I auditd  : type=1400 audit(0.0:395): avc:  denied  { read } for  comm="logd.writer" name="u:object_r:bluetooth_prop:s0" dev="tmpfs" ino=173 scontext=u:r:logd:s0 tcontext=u:object_r:bluetooth_prop:s0 tclass=file permissive=0
04-12 20:42:46.256000   563   563 I auditd  : type=1400 audit(0.0:396): avc:  denied  { read } for  comm="logd.writer" name="u:object_r:bluetooth_prop:s0" dev="tmpfs" ino=173 scontext=u:r:logd:s0 tcontext=u:object_r:bluetooth_prop:s0 tclass=file permissive=0
04-12 20:42:46.259446  1750  2644 I wm_set_keyguard_shown: [0,1,0,0,0,setKeyguardShown]
04-12 20:42:46.267911  2419  2419 I wm_on_top_resumed_lost_called: [97595641,com.android.launcher3.uioverrides.QuickstepLauncher,topStateChangedWhenResumed]
04-12 20:42:46.268333  1750  2644 I wm_pause_activity: [0,97595641,com.transsion.launcher3/com.android.launcher3.uioverrides.QuickstepLauncher,userLeaving=false,sleep]
04-12 20:42:46.269874  2419  2419 I wm_on_paused_called: [97595641,com.android.launcher3.uioverrides.QuickstepLauncher,performPause,1]
04-12 20:42:46.274660  1750  2644 I wm_add_to_stopping: [0,97595641,com.transsion.launcher3/com.android.launcher3.uioverrides.QuickstepLauncher,makeInvisible]
04-12 20:42:46.279417  1750  1877 I sysui_multi_action: [757,803,799,window_time_0,802,6]
04-12 20:42:46.280074  1750  2523 I dvm_lock_sample: [system_server,1,binder:1750_9,19,BroadcastController.java,532,android.content.Intent com.android.server.am.BroadcastController.registerReceiverWithFeatureTraced(android.app.IApplicationThread, java.lang.String, java.lang.String, java.lang.String, android.content.IIntentReceiver, android.content.IntentFilter, java.lang.String, int, int),BroadcastQueueImpl.java,495,void com.android.server.am.BroadcastQueueImpl.updateRunningList(),3]
04-12 20:42:46.284000   563   563 I auditd  : type=1400 audit(0.0:397): avc:  denied  { read } for  comm="logd.writer" name="u:object_r:bluetooth_prop:s0" dev="tmpfs" ino=173 scontext=u:r:logd:s0 tcontext=u:object_r:bluetooth_prop:s0 tclass=file permissive=0
04-12 20:42:46.290854  1750  1894 I input_focus: [Requesting to set focus to null window,reason=UpdateInputWindows]
04-12 20:42:46.301728  1750  2523 I sysui_multi_action: [757,127,758,2]
04-12 20:42:46.301842  1750  2523 I notification_panel_hidden: 
04-12 20:42:46.308000   563   563 I auditd  : type=1400 audit(0.0:398): avc:  denied  { read } for  comm="logd.writer" name="u:object_r:bluetooth_prop:s0" dev="tmpfs" ino=173 scontext=u:r:logd:s0 tcontext=u:object_r:bluetooth_prop:s0 tclass=file permissive=0
04-12 20:42:46.316850  1750  1893 I wm_stop_activity: [0,97595641,com.transsion.launcher3/com.android.launcher3.uioverrides.QuickstepLauncher]
04-12 20:42:46.324972  1750  1894 I wm_wallpaper_surface: [0,0,null]
04-12 20:42:46.324000   563   563 I auditd  : type=1400 audit(0.0:399): avc:  denied  { read } for  comm="logd.writer" name="u:object_r:bluetooth_prop:s0" dev="tmpfs" ino=173 scontext=u:r:logd:s0 tcontext=u:object_r:bluetooth_prop:s0 tclass=file permissive=0
04-12 20:42:46.324000   563   563 I auditd  : type=1400 audit(0.0:400): avc:  denied  { read } for  comm="logd.writer" name="u:object_r:bluetooth_prop:s0" dev="tmpfs" ino=173 scontext=u:r:logd:s0 tcontext=u:object_r:bluetooth_prop:s0 tclass=file permissive=0
04-12 20:42:46.333555  2419  2419 I viewroot_draw_event: [VRI[QuickstepLauncher],Not drawing due to not visible. Reason=!mAppVisible && !mForceDecorViewVisibility]
04-12 20:42:46.334523  1750  1922 I am_uid_running: 10232
04-12 20:42:46.347595  1750  1923 I am_proc_start: [0,2423,10232,com.google.android.gms.persistent,broadcast,{com.google.android.gms/com.google.android.gms.chimera.GmsIntentOperationService$PersistentTrustedReceiver},caller=com.android.bluetooth/1002,action = android.bluetooth.headset.profile.action.ACTIVE_DEVICE_CHANGED]
04-12 20:42:46.352000   563   563 I auditd  : type=1400 audit(0.0:401): avc:  denied  { read } for  comm="logd.writer" name="u:object_r:bluetooth_prop:s0" dev="tmpfs" ino=173 scontext=u:r:logd:s0 tcontext=u:object_r:bluetooth_prop:s0 tclass=file permissive=0
04-12 20:42:46.352000   563   563 I auditd  : type=1400 audit(0.0:402): avc:  denied  { read } for  comm="logd.writer" name="u:object_r:bluetooth_prop:s0" dev="tmpfs" ino=173 scontext=u:r:logd:s0 tcontext=u:object_r:bluetooth_prop:s0 tclass=file permissive=0
04-12 20:42:46.360000  1750  1750 I auditd  : type=1400 audit(0.0:403): avc:  denied  { read } for  comm="system_server" name="u:object_r:vendor_default_prop:s0" dev="tmpfs" ino=607 scontext=u:r:system_server:s0 tcontext=u:object_r:vendor_default_prop:s0 tclass=file permissive=0
04-12 20:42:46.360000  1750  1750 I auditd  : type=1400 audit(0.0:404): avc:  denied  { read } for  comm="system_server" name="u:object_r:vendor_default_prop:s0" dev="tmpfs" ino=607 scontext=u:r:system_server:s0 tcontext=u:object_r:vendor_default_prop:s0 tclass=file permissive=0
04-12 20:42:46.364178  2419  2419 I wm_on_stop_called: [97595641,com.android.launcher3.uioverrides.QuickstepLauncher,STOP_ACTIVITY_ITEM,22]
04-12 20:42:46.379937  2733  3325 I viewroot_draw_event: [VRI[TrEdgeBackGestureHandler0],Not drawing due to not visible. Reason=View.GONE]
04-12 20:42:46.410970  1750  2233 I am_proc_bound: [0,2423,com.google.android.gms.persistent]
