04-12 20:42:51.354641  1750  2903 I dvm_lock_sample: [system_server,1,binder:1750_10,54,ContentProviderHelper.java,207,android.app.ContentProviderHolder com.android.server.am.ContentProviderHelper.getContentProviderImpl(android.app.IApplicationThread, java.lang.String, android.os.IBinder, int, java.lang.String, java.lang.String, boolean, int),,0,null,10]
04-12 20:42:51.368299  1750  2902 I dvm_lock_sample: [system_server,1,binder:1750_F,43,ContentProviderHelper.java,207,android.app.ContentProviderHolder com.android.server.am.ContentProviderHelper.getContentProviderImpl(android.app.IApplicationThread, java.lang.String, android.os.IBinder, int, java.lang.String, java.lang.String, boolean, int),,0,null,8]
04-12 20:42:51.380461  1750  1923 I am_proc_start: [0,5185,10112,com.transsion.aicore.main,content provider,{com.transsion.aicore.main/com.transsion.aicore.main.provider.MmProvider},caller=com.transsion.smartpanel/1000]
04-12 20:42:51.387093  4882  5123 I dvm_lock_sample: [com.google.android.inputmethod.l,1,Light-P0-1,112,ActivityThread.java,8429,android.content.IContentProvider android.app.ActivityThread.acquireProvider(android.content.Context, java.lang.String, int, boolean),-,8455,android.content.IContentProvider android.app.ActivityThread.acquireProvider(android.content.Context, java.lang.String, int, boolean),22]
04-12 20:42:51.390910  1750  4276 I am_proc_bound: [0,5127,tech.palm.find]
04-12 20:42:51.406183  1750  4253 I am_proc_bound: [0,5145,com.google.android.as:captions]
04-12 20:42:51.418938  3854  4055 I gms_unknown: [CheckinTask:duration,0]
04-12 20:42:51.430100  1750  3933 I backup_transport_lifecycle: [com.android.localtransport/.LocalTransportService,1]
04-12 20:42:51.432513  1750  2901 I dvm_lock_sample: [system_server,1,binder:1750_E,56,BroadcastController.java,532,android.content.Intent com.android.server.am.BroadcastController.registerReceiverWithFeatureTraced(android.app.IApplicationThread, java.lang.String, java.lang.String, java.lang.String, android.content.IIntentReceiver, android.content.IntentFilter, java.lang.String, int, int),,0,null,11]
04-12 20:42:51.439304  1750  2523 I am_uid_active: 10132
04-12 20:42:51.455138  1750  3320 I am_proc_bound: [0,5185,com.transsion.aicore.main]
04-12 20:42:51.482430  2663  2663 I service_manager_stats: [200,46,5006]
04-12 20:42:51.496549  1750  4343 I am_uid_active: 10243
04-12 20:42:51.505361  1750  2011 I dvm_lock_sample: [system_server,1,binder:1750_4,110,ActivityManagerService.java,5422,void com.android.server.am.ActivityManagerService.finishAttachApplicationInner(long, int, int),,0,null,22]
04-12 20:42:51.506784  2423  4606 I dvm_lock_sample: [com.google.android.gms.persisten,0,lowpool[6],169,:com.google.android.gms@261233035@26.12.33 (260400-892550550),3,faei faei.b(),-,187,faei faei.b(),33]
04-12 20:42:51.507661  1750  2011 I am_uid_active: 10208
04-12 20:42:51.518411  1750  1923 I dvm_lock_sample: [system_server,1,ActivityManager:procStart,62,ProcessList.java,2304,void com.android.server.am.ProcessList.lambda$handleProcessStart$1(com.android.server.am.ProcessRecord, java.lang.String, int[], int, int, int, java.lang.String, java.lang.String, java.lang.String, long),,0,null,12]
04-12 20:42:51.518656  1750  1923 I am_proc_start: [0,5223,1000,com.android.localtransport,service,{com.android.localtransport/com.android.localtransport.LocalTransportService},caller=system/1000]
04-12 20:42:51.519395  1750  4276 I netstats_mobile_sample: [0,0,0,0,0,0,0,0,1775997771519]
04-12 20:42:51.519427  1750  4276 I netstats_wifi_sample: [1426,736,17,16,116,660,2,15,1775997771519]
04-12 20:42:51.523359  1750  4268 I am_proc_bound: [0,5223,com.android.localtransport]
04-12 20:42:51.526224  4122  4491 I dvm_lock_sample: [com.transsion.kolun.aiservice,0,ApiInvoke,822,SourceFile,-1,com.transsion.kolun.aidatacenter.common.config.DataConfig com.transsion.kolun.aidatacenter.validity.DataValidationMgr.getDataConfig(java.lang.String),-,-1,void com.transsion.kolun.aidatacenter.validity.DataValidationMgr.initConfigMap(),100]
04-12 20:42:51.555949  4122  4543 I dvm_lock_sample: [com.transsion.kolun.aiservice,0,AlgorithmWorkHandler,839,SourceFile,-1,com.transsion.kolun.aidatacenter.collect.collector.BaseCollector com.transsion.kolun.aidatacenter.collect.collector.CollectorFactory.makeCollector(java.lang.String),-,-1,com.transsion.kolun.aidatacenter.collect.collector.BaseCollector com.transsion.kolun.aidatacenter.collect.collector.CollectorFactory.makeCollector(java.lang.String),100]
04-12 20:42:51.559038  4122  4608 I dvm_lock_sample: [com.transsion.kolun.aiservice,0,dcc_bg-0,848,SourceFile,-1,com.transsion.kolun.aidatacenter.collect.collector.BaseCollector com.transsion.kolun.aidatacenter.collect.collector.CollectorFactory.makeCollector(java.lang.String),-,-1,com.transsion.kolun.aidatacenter.collect.collector.BaseCollector com.transsion.kolun.aidatacenter.collect.collector.CollectorFactory.makeCollector(java.lang.String),100]
04-12 20:42:51.559401  1750  2207 I netstats_mobile_sample: [0,0,0,0,0,0,0,0,1775997771559]
04-12 20:42:51.559466  1750  2207 I netstats_wifi_sample: [1426,736,17,16,116,660,2,15,1775997771559]
04-12 20:42:51.562974  1750  2644 I dvm_lock_sample: [system_server,1,binder:1750_B,23,ActivityManagerService.java,15319,void com.android.server.am.ActivityManagerService.publishService(android.os.IBinder, android.content.Intent, android.os.IBinder),,0,null,4]
04-12 20:42:51.567096  1750  2870 I am_uid_active: 10070
04-12 20:42:51.572372  1750  1859 I dvm_lock_sample: [system_server,1,binder:1750_1,26,PackageManagerService.java,1344,com.android.server.pm.Computer com.android.server.pm.PackageManagerService.snapshotComputer(boolean),-,1370,com.android.server.pm.Computer com.android.server.pm.PackageManagerService.snapshotComputer(boolean),5]
04-12 20:42:51.594658  1750  2073 I commit_sys_config_file: [settings-0-0,79]
04-12 20:42:51.598780  1750  2159 I input_interaction: Interaction with: 7401100 com.transsion.launcher3/com.android.launcher3.uioverrides.QuickstepLauncher, 9a87f3a com.android.systemui.wallpapers.ImageWallpaper, [Gesture Monitor] edge-swipe, [Gesture Monitor] TranGestureMonitor, [Gesture Monitor] TranGestureMonitor, PointerEventDispatcher0, 
04-12 20:42:51.612034  3946  4981 I service_manager_slow: [108,autofill]
04-12 20:42:51.622911  1750  1860 I dvm_lock_sample: [system_server,1,binder:1750_2,29,ProcessList.java,4187,void com.android.server.am.ProcessList.updateLruProcessLocked(com.android.server.am.ProcessRecord, boolean, com.android.server.am.ProcessRecord),ActivityManagerService.java,2002,void com.android.server.am.ActivityManagerService$MainHandler.handleMessage(android.os.Message),5]
04-12 20:42:51.625471  1750  3614 I sysui_multi_action: [757,1721,758,4,908,com.google.android.as/com.google.android.apps.miphone.aiai.app.AiAiAugmentedAutofillService,1722,6]
04-12 20:42:51.681549  1750  4278 I dvm_lock_sample: [system_server,1,binder:1750_1A,185,ActivityManagerService.java,15305,boolean com.android.server.am.ActivityManagerService.unbindService(android.app.IServiceConnection),,0,null,37]
04-12 20:42:51.696867  1750  2517 I dvm_lock_sample: [system_server,1,binder:1750_7,113,ActivityManagerService.java,15305,boolean com.android.server.am.ActivityManagerService.unbindService(android.app.IServiceConnection),,0,null,22]
04-12 20:42:51.703039  2683  2962 I service_manager_slow: [12,legacy_permission]
04-12 20:42:51.725417  1750  4253 I netstats_mobile_sample: [0,0,0,0,0,0,0,0,1775997771725]
04-12 20:42:51.725491  1750  4253 I netstats_wifi_sample: [1609,1186,20,24,116,968,2,20,1775997771725]
04-12 20:42:51.726474  4992  4992 I service_manager_slow: [15,content_capture]
04-12 20:42:51.742072  2419  2869 I jank_cuj_events_cancel_request: [66,1775997771740956000,26512359463,26512359693]
04-12 20:42:51.744080  2733  2961 I jank_cuj_events_end_request: [10425,1775997771739877000,26511280924,26511280924]
04-12 20:42:51.747834  1750  1922 I dvm_lock_sample: [system_server,1,ActivityManager,134,BroadcastQueueImpl.java,493,void com.android.server.am.BroadcastQueueImpl.updateRunningList(),,0,null,26]
04-12 20:42:51.752048  1750  4347 I dvm_lock_sample: [system_server,1,binder:1750_1E,132,ActivityManagerService.java,15283,int com.android.server.am.ActivityManagerService.bindServiceInstance(android.app.IApplicationThread, android.os.IBinder, android.content.Intent, java.lang.String, android.app.IServiceConnection, long, java.lang.String, boolean, int, java.lang.String, android.app.IApplicationThread, java.lang.String, int),,0,null,26]
04-12 20:42:51.755026  1750  4276 I dvm_lock_sample: [system_server,1,binder:1750_19,131,ContentProviderHelper.java,207,android.app.ContentProviderHolder com.android.server.am.ContentProviderHelper.getContentProviderImpl(android.app.IApplicationThread, java.lang.String, android.os.IBinder, int, java.lang.String, java.lang.String, boolean, int),,0,null,26]
04-12 20:42:51.757446  4882  4882 I viewroot_draw_event: [VRI[InputMethod],Not drawing due to not visible. Reason=View.INVISIBLE]
04-12 20:42:51.768831  1750  2233 I dvm_lock_sample: [system_server,1,binder:1750_5,93,ContentProviderHelper.java,207,android.app.ContentProviderHolder com.android.server.am.ContentProviderHelper.getContentProviderImpl(android.app.IApplicationThread, java.lang.String, android.os.IBinder, int, java.lang.String, java.lang.String, boolean, int),,0,null,18]
04-12 20:42:51.790703  4580  4580 I viewroot_draw_event: [VRI[SmartPanel_handleView],Not drawing due to not visible. Reason=View.GONE]
04-12 20:42:51.801131  1750  2491 I commit_sys_config_file: [input-subtypes,26]
04-12 20:42:51.823247  2419  2869 I jank_cuj_events_begin_request: [25,1775997771822969000,26594373309,26594373540,swipe]
04-12 20:42:51.860039  1750  4278 I dvm_lock_sample: [system_server,1,binder:1750_1A,123,ContentProviderHelper.java,207,android.app.ContentProviderHolder com.android.server.am.ContentProviderHelper.getContentProviderImpl(android.app.IApplicationThread, java.lang.String, android.os.IBinder, int, java.lang.String, java.lang.String, boolean, int),,0,null,24]
04-12 20:42:51.864979  1750  2646 I dvm_lock_sample: [system_server,1,binder:1750_C,227,JobSchedulerService.java,1831,int com.android.server.job.JobSchedulerService.scheduleAsPackage(android.app.job.JobInfo, android.app.job.JobWorkItem, int, java.lang.String, int, java.lang.String, java.lang.String),,0,null,45]
04-12 20:42:51.883160   568   568 I auditd  : avc:  denied  { find } for pid=5127 uid=10142 name=vendor.transsion.hardware.interfaces.trannvram.ITranNvram/default scontext=u:r:platform_app:s0:c512,c768 tcontext=u:object_r:default_android_service:s0 tclass=service_manager permissive=0
04-12 20:42:51.886188  1750  4347 I dvm_lock_sample: [system_server,0,binder:1750_1E,117,ActivityManagerService.java,15340,void com.android.server.am.ActivityManagerService.serviceDoneExecuting(android.os.IBinder, int, int, int, android.content.Intent),,0,null,23]
04-12 20:42:51.886187  1750  4342 I dvm_lock_sample: [system_server,1,binder:1750_1C,108,JobServiceContext.java,1248,void com.android.server.job.JobServiceContext.doCallback(com.android.server.job.JobServiceContext$JobCallback, boolean, java.lang.String),,0,null,21]
04-12 20:42:51.888968  1750  4349 I dvm_lock_sample: [system_server,1,binder:1750_1F,119,BroadcastController.java,532,android.content.Intent com.android.server.am.BroadcastController.registerReceiverWithFeatureTraced(android.app.IApplicationThread, java.lang.String, java.lang.String, java.lang.String, android.content.IIntentReceiver, android.content.IntentFilter, java.lang.String, int, int),,0,null,23]
04-12 20:42:51.896031  1750  2246 I ntp_success: [time.android.com/216.239.35.4,72,548]
04-12 20:42:51.896000  1473  1473 I auditd  : type=1400 audit(0.0:570): avc:  denied  { search } for  comm="binder:1473_3" name="/" dev="sdc87" ino=2 scontext=u:r:hap:s0 tcontext=u:object_r:tranfs_file:s0 tclass=dir permissive=0
04-12 20:42:51.896000  3837  3837 I auditd  : type=1400 audit(0.0:571): avc:  denied  { read } for  comm=4F6E65494420576F726B6572 name="u:object_r:vendor_security_patch_level_prop:s0" dev="tmpfs" ino=888 scontext=u:r:platform_app:s0:c512,c768 tcontext=u:object_r:vendor_security_patch_level_prop:s0 tclass=file permissive=0 app=com.transsion.deskclock
04-12 20:42:51.904731  1750  1750 I am_uid_running: 10166
04-12 20:42:51.909662  1750  1750 I backup_transport_connection: [com.android.localtransport/.LocalTransportService,1]
04-12 20:42:51.908000  1473  1473 I auditd  : type=1400 audit(0.0:572): avc:  denied  { search } for  comm="binder:1473_3" name="/" dev="sdc87" ino=2 scontext=u:r:hap:s0 tcontext=u:object_r:tranfs_file:s0 tclass=dir permissive=0
04-12 20:42:51.918201  1750  2073 I commit_sys_config_file: [settings-2-0,13]
04-12 20:42:51.918535  1750  1922 I am_wtf  : [0,1750,system_server,-1,JobScheduler.JobStatus,App com.google.android.inputmethod.latin became active but still in NEVER bucket]
