04-12 20:42:46.421513  1750  2902 I dvm_lock_sample: [system_server,1,binder:1750_F,49,BroadcastController.java,532,android.content.Intent com.android.server.am.BroadcastController.registerReceiverWithFeatureTraced(android.app.IApplicationThread, java.lang.String, java.lang.String, java.lang.String, android.content.IIntentReceiver, android.content.IntentFilter, java.lang.String, int, int),,0,null,9]
04-12 20:42:46.428000  2423  2423 I auditd  : type=1400 audit(0.0:405): avc:  denied  { search } for  comm="binder:2423_2" name="/" dev="sdc87" ino=2 scontext=u:r:gmscore_app:s0:c512,c768 tcontext=u:object_r:tranfs_file:s0 tclass=dir permissive=0 app=com.google.android.gms
04-12 20:42:46.446736  2663  2985 I dvm_lock_sample: [com.android.phone,0,DeviceStateHelperThread,1232,PhoneFactory.java,432,com.android.internal.telephony.Phone[] com.android.internal.telephony.PhoneFactory.getPhones(),-,510,com.android.internal.telephony.CommandsInterface[] com.android.internal.telephony.PhoneFactory.getCommandsInterfaces(),100]
04-12 20:42:46.448000   563   563 I auditd  : type=1400 audit(0.0:406): avc:  denied  { read } for  comm="logd.writer" name="u:object_r:bluetooth_prop:s0" dev="tmpfs" ino=173 scontext=u:r:logd:s0 tcontext=u:object_r:bluetooth_prop:s0 tclass=file permissive=0
04-12 20:42:46.451641  2663  3155 I dvm_lock_sample: [com.android.phone,0,Thread-2,832,PhoneFactory.java,509,com.android.internal.telephony.CommandsInterface[] com.android.internal.telephony.PhoneFactory.getCommandsInterfaces(),-,510,com.android.internal.telephony.CommandsInterface[] com.android.internal.telephony.PhoneFactory.getCommandsInterfaces(),100]
04-12 20:42:46.452000   563   563 I auditd  : type=1400 audit(0.0:407): avc:  denied  { read } for  comm="logd.writer" name="u:object_r:bluetooth_prop:s0" dev="tmpfs" ino=173 scontext=u:r:logd:s0 tcontext=u:object_r:bluetooth_prop:s0 tclass=file permissive=0
04-12 20:42:46.452000   563   563 I auditd  : type=1400 audit(0.0:408): avc:  denied  { read } for  comm="logd.writer" name="u:object_r:bluetooth_prop:s0" dev="tmpfs" ino=173 scontext=u:r:logd:s0 tcontext=u:object_r:bluetooth_prop:s0 tclass=file permissive=0
04-12 20:42:46.452000   563   563 I auditd  : type=1400 audit(0.0:409): avc:  denied  { read } for  comm="logd.writer" name="u:object_r:bluetooth_prop:s0" dev="tmpfs" ino=173 scontext=u:r:logd:s0 tcontext=u:object_r:bluetooth_prop:s0 tclass=file permissive=0
04-12 20:42:46.452000   563   563 I auditd  : type=1400 audit(0.0:410): avc:  denied  { read } for  comm="logd.writer" name="u:object_r:bluetooth_prop:s0" dev="tmpfs" ino=173 scontext=u:r:logd:s0 tcontext=u:object_r:bluetooth_prop:s0 tclass=file permissive=0
04-12 20:42:46.452000   563   563 I auditd  : type=1400 audit(0.0:411): avc:  denied  { read } for  comm="logd.writer" name="u:object_r:bluetooth_prop:s0" dev="tmpfs" ino=173 scontext=u:r:logd:s0 tcontext=u:object_r:bluetooth_prop:s0 tclass=file permissive=0
04-12 20:42:46.456000   563   563 I auditd  : type=1400 audit(0.0:412): avc:  denied  { read } for  comm="logd.writer" name="u:object_r:bluetooth_prop:s0" dev="tmpfs" ino=173 scontext=u:r:logd:s0 tcontext=u:object_r:bluetooth_prop:s0 tclass=file permissive=0
04-12 20:42:46.456000   563   563 I auditd  : type=1400 audit(0.0:413): avc:  denied  { read } for  comm="logd.writer" name="u:object_r:bluetooth_prop:s0" dev="tmpfs" ino=173 scontext=u:r:logd:s0 tcontext=u:object_r:bluetooth_prop:s0 tclass=file permissive=0
04-12 20:42:46.460000   563   563 I auditd  : type=1400 audit(0.0:414): avc:  denied  { read } for  comm="logd.writer" name="u:object_r:bluetooth_prop:s0" dev="tmpfs" ino=173 scontext=u:r:logd:s0 tcontext=u:object_r:bluetooth_prop:s0 tclass=file permissive=0
04-12 20:42:46.460000   563   563 I auditd  : type=1400 audit(0.0:415): avc:  denied  { read } for  comm="logd.writer" name="u:object_r:bluetooth_prop:s0" dev="tmpfs" ino=173 scontext=u:r:logd:s0 tcontext=u:object_r:bluetooth_prop:s0 tclass=file permissive=0
04-12 20:42:46.460000   563   563 I auditd  : type=1400 audit(0.0:416): avc:  denied  { read } for  comm="logd.writer" name="u:object_r:bluetooth_prop:s0" dev="tmpfs" ino=173 scontext=u:r:logd:s0 tcontext=u:object_r:bluetooth_prop:s0 tclass=file permissive=0
04-12 20:42:46.460000   563   563 I auditd  : type=1400 audit(0.0:417): avc:  denied  { read } for  comm="logd.writer" name="u:object_r:bluetooth_prop:s0" dev="tmpfs" ino=173 scontext=u:r:logd:s0 tcontext=u:object_r:bluetooth_prop:s0 tclass=file permissive=0
04-12 20:42:46.460000  2423  2423 I auditd  : type=1400 audit(0.0:418): avc:  denied  { read write } for  comm="re-initialized>" name="ensignal" dev="tmpfs" ino=2080 scontext=u:r:gmscore_app:s0:c512,c768 tcontext=u:object_r:ensignal_device:s0 tclass=chr_file permissive=0 app=com.google.android.gms
04-12 20:42:46.460000  2423  2423 I auditd  : type=1400 audit(0.0:419): avc:  denied  { read write } for  comm="re-initialized>" name="ensignal" dev="tmpfs" ino=2080 scontext=u:r:gmscore_app:s0:c512,c768 tcontext=u:object_r:ensignal_device:s0 tclass=chr_file permissive=0 app=com.google.android.gms
04-12 20:42:46.476420  2663  3414 I service_manager_stats: [100,115,21247]
04-12 20:42:46.479312  1750  2219 I notification_cancel_all: [1000,1750,com.android.systemui,0,0,0,20,NULL]
04-12 20:42:46.497907  1750  2073 I commit_sys_config_file: [settings-1-0,6]
04-12 20:42:46.502719  1750  1922 I am_wtf  : [0,1750,system_server,-1,ActivityManager,Background started FGS: Allowed [callingPackage: com.android.phone; callingUid: 1001; uidState: PER ; uidBFSL: [BFSL]; intent: Intent { act=com.mediatek.simprocessor.SimProcessorService xflg=0x4 pkg=com.mediatek.simprocessor (has extras) }; code:PROC_STATE_PERSISTENT; tempAllowListReason:<,reasonCode:SYSTEM_ALLOW_LISTED,duration:9223372036854775807,callingUid:-1>; allowWiu:10; targetSdkVersion:36; callerTargetSdkVersion:36; startForegroundCount:0; bindFromPackage:null: isBindService:false]]
04-12 20:42:46.508000   563   563 I auditd  : type=1400 audit(0.0:420): avc:  denied  { read } for  comm="logd.writer" name="u:object_r:bluetooth_prop:s0" dev="tmpfs" ino=173 scontext=u:r:logd:s0 tcontext=u:object_r:bluetooth_prop:s0 tclass=file permissive=0
04-12 20:42:46.508000   563   563 I auditd  : type=1400 audit(0.0:421): avc:  denied  { read } for  comm="logd.writer" name="u:object_r:bluetooth_prop:s0" dev="tmpfs" ino=173 scontext=u:r:logd:s0 tcontext=u:object_r:bluetooth_prop:s0 tclass=file permissive=0
04-12 20:42:46.508000   563   563 I auditd  : type=1400 audit(0.0:422): avc:  denied  { read } for  comm="logd.writer" name="u:object_r:bluetooth_prop:s0" dev="tmpfs" ino=173 scontext=u:r:logd:s0 tcontext=u:object_r:bluetooth_prop:s0 tclass=file permissive=0
04-12 20:42:46.512000   563   563 I auditd  : type=1400 audit(0.0:423): avc:  denied  { read } for  comm="logd.writer" name="u:object_r:bluetooth_prop:s0" dev="tmpfs" ino=173 scontext=u:r:logd:s0 tcontext=u:object_r:bluetooth_prop:s0 tclass=file permissive=0
04-12 20:42:46.512000   563   563 I auditd  : type=1400 audit(0.0:424): avc:  denied  { read } for  comm="logd.writer" name="u:object_r:bluetooth_prop:s0" dev="tmpfs" ino=173 scontext=u:r:logd:s0 tcontext=u:object_r:bluetooth_prop:s0 tclass=file permissive=0
04-12 20:42:46.516000   563   563 I auditd  : type=1400 audit(0.0:425): avc:  denied  { read } for  comm="logd.writer" name="u:object_r:bluetooth_prop:s0" dev="tmpfs" ino=173 scontext=u:r:logd:s0 tcontext=u:object_r:bluetooth_prop:s0 tclass=file permissive=0
04-12 20:42:46.516000   563   563 I auditd  : type=1400 audit(0.0:426): avc:  denied  { read } for  comm="logd.writer" name="u:object_r:bluetooth_prop:s0" dev="tmpfs" ino=173 scontext=u:r:logd:s0 tcontext=u:object_r:bluetooth_prop:s0 tclass=file permissive=0
04-12 20:42:46.538230  1750  1750 I viewroot_draw_event: [VRI[TranssionWaterMark],reportDrawFinished seqId=0]
04-12 20:42:46.541830  1750  1923 I am_proc_start: [0,3434,1000,com.mediatek.simprocessor,service,{com.mediatek.simprocessor/com.mediatek.simprocessor.SimProcessorService},caller=com.android.phone/1001]
04-12 20:42:46.543009  1750  1750 I viewroot_draw_event: [VRI[TranssionWaterMark],reportDrawFinished seqId=0]
04-12 20:42:46.549815  1750  2073 I commit_sys_config_file: [settings-0-0,9]
04-12 20:42:46.563428  1750  2233 I am_proc_bound: [0,3434,com.mediatek.simprocessor]
04-12 20:42:46.603252  1750  1894 I input_focus: [Focus request 11904ba NotificationShade,reason=UpdateInputWindows]
04-12 20:42:46.605304  2733  2733 I viewroot_draw_event: [VRI[NotificationShade],reportDrawFinished seqId=0]
04-12 20:42:46.612960  2733  2733 I viewroot_draw_event: [VRI[StatusBar],reportDrawFinished seqId=0]
04-12 20:42:46.623145  1750  1894 I wm_wallpaper_surface: [0,1,Window{11904ba u0 NotificationShade}]
04-12 20:42:46.624000  3434  3434 I auditd  : type=1400 audit(0.0:427): avc:  denied  { read write } for  comm="re-initialized>" name="ensignal" dev="tmpfs" ino=2080 scontext=u:r:system_app:s0 tcontext=u:object_r:ensignal_device:s0 tclass=chr_file permissive=0
04-12 20:42:46.624000  3434  3434 I auditd  : type=1400 audit(0.0:428): avc:  denied  { read write } for  comm="re-initialized>" name="ensignal" dev="tmpfs" ino=2080 scontext=u:r:system_app:s0 tcontext=u:object_r:ensignal_device:s0 tclass=chr_file permissive=0
04-12 20:42:46.632712  1750  2518 I dvm_lock_sample: [system_server,1,binder:1750_8,49,BroadcastController.java,532,android.content.Intent com.android.server.am.BroadcastController.registerReceiverWithFeatureTraced(android.app.IApplicationThread, java.lang.String, java.lang.String, java.lang.String, android.content.IIntentReceiver, android.content.IntentFilter, java.lang.String, int, int),ActivityManagerService.java,5381,void com.android.server.am.ActivityManagerService.attachApplication(android.app.IApplicationThread, long),9]
04-12 20:42:46.673746  1750  2518 I am_uid_running: 10125
04-12 20:42:46.690869  1750  1923 I am_proc_start: [0,3471,10125,com.transsion.applock,content provider,{com.transsion.applock/com.transsion.applock.model.AppLockProvider},caller=com.android.systemui/10146]
04-12 20:42:46.724184  1750  2902 I netstats_mobile_sample: [0,0,0,0,0,0,0,0,1775997766724]
04-12 20:42:46.724527  1750  2902 I netstats_wifi_sample: [0,0,0,0,0,0,0,0,1775997766724]
04-12 20:42:46.725975  1750  2644 I am_foreground_service_start: [0,com.mediatek.simprocessor/.SimProcessorService,1,PROC_STATE_PERSISTENT,36,36,0,0,0,1,UNKNOWN,1073741824]
04-12 20:42:46.732151  1750  2870 I am_proc_bound: [0,3471,com.transsion.applock]
04-12 20:42:46.740908  1750  2219 I notification_enqueue: [1000,3434,com.mediatek.simprocessor,404,NULL,0,Notification(channel=simprocessor_channel shortcut=null contentView=null vibrate=null sound=null defaults=0 flags=FOREGROUND_SERVICE|CAN_COLORIZE color=0x00000000 vis=PRIVATE),0,1]
04-12 20:42:46.752000  3471  3471 I auditd  : type=1400 audit(0.0:429): avc:  denied  { read write } for  comm="re-initialized>" name="ensignal" dev="tmpfs" ino=2080 scontext=u:r:platform_app:s0:c512,c768 tcontext=u:object_r:ensignal_device:s0 tclass=chr_file permissive=0 app=com.transsion.applock
04-12 20:42:46.752000  3471  3471 I auditd  : type=1400 audit(0.0:430): avc:  denied  { read write } for  comm="re-initialized>" name="ensignal" dev="tmpfs" ino=2080 scontext=u:r:platform_app:s0:c512,c768 tcontext=u:object_r:ensignal_device:s0 tclass=chr_file permissive=0 app=com.transsion.applock
04-12 20:42:46.756443  1750  2518 I am_foreground_service_stop: [0,com.mediatek.simprocessor/.SimProcessorService,1,PROC_STATE_PERSISTENT,36,36,0,0,30,1,STOP_SERVICE,1073741824]
04-12 20:42:46.772551  1750  2219 I sysui_multi_action: [757,1501,758,1,793,45,794,0,795,45,796,404,806,com.mediatek.simprocessor,857,simprocessor_channel,858,2,947,0,1500,0]
04-12 20:42:46.772568  1750  2219 I sysui_multi_action: [757,804,799,note_interruptive,801,0,802,1]
04-12 20:42:46.780440  1750  2219 I sysui_multi_action: [757,199,758,1,759,16,793,53,794,0,795,53,796,404,806,com.mediatek.simprocessor,857,simprocessor_channel,858,2,947,0,1500,8,1688,1]
04-12 20:42:46.780466  1750  2219 I notification_alert: [0|com.mediatek.simprocessor|404|null|1000,0,0,0,2,0]
04-12 20:42:46.784383  1750  2219 I sysui_multi_action: [757,128,758,5,759,8,793,57,794,0,795,57,796,404,806,com.mediatek.simprocessor,857,simprocessor_channel,858,2,947,0,1500,12,1688,1]
04-12 20:42:46.784395  1750  2219 I notification_canceled: [0|com.mediatek.simprocessor|404|null|1000,8,57,57,0,-1,-1,NULL]
04-12 20:42:46.785769  2733  2733 I sysui_multi_action: [757,196,758,1,759,0]
04-12 20:42:46.785783  2733  2733 I sysui_status_bar_state: [1,1,0,0,0,1]
04-12 20:42:46.801759  1750  1923 I am_proc_start: [0,3507,10145,com.transsion.atomicbrain,content provider,{com.transsion.atomicbrain/com.transsion.atomicbrain.SuggestionProvider},caller=com.transsion.launcher3/10148]
04-12 20:42:46.805661  1750  2518 I sysui_multi_action: [757,127,758,1]
04-12 20:42:46.805693  1750  2518 I sysui_multi_action: [757,804,799,note_load,801,0,802,1]
04-12 20:42:46.805737  1750  2518 I notification_panel_revealed: 0
04-12 20:42:46.832452  1750  2523 I am_proc_bound: [0,3507,com.transsion.atomicbrain]
04-12 20:42:46.844000  3507  3507 I auditd  : type=1400 audit(0.0:431): avc:  denied  { read write } for  comm="re-initialized>" name="ensignal" dev="tmpfs" ino=2080 scontext=u:r:platform_app:s0:c512,c768 tcontext=u:object_r:ensignal_device:s0 tclass=chr_file permissive=0 app=com.transsion.atomicbrain
04-12 20:42:46.848000  3507  3507 I auditd  : type=1400 audit(0.0:432): avc:  denied  { read write } for  comm="re-initialized>" name="ensignal" dev="tmpfs" ino=2080 scontext=u:r:platform_app:s0:c512,c768 tcontext=u:object_r:ensignal_device:s0 tclass=chr_file permissive=0 app=com.transsion.atomicbrain
04-12 20:42:46.904413  1750  1893 I user_activity_timeout_override: 10000
04-12 20:42:46.904862  2733  2961 I jank_cuj_events_cancel_request: [55,1775997766891530000,21662934155,21662934232]
04-12 20:42:46.922539  1750  2518 I am_uid_active: 10232
04-12 20:42:46.925680  1750  2644 I am_uid_active: 10125
04-12 20:42:46.933732  1750  2235 I dvm_lock_sample: [system_server,1,binder:1750_6,15,BroadcastController.java,532,android.content.Intent com.android.server.am.BroadcastController.registerReceiverWithFeatureTraced(android.app.IApplicationThread, java.lang.String, java.lang.String, java.lang.String, android.content.IIntentReceiver, android.content.IntentFilter, java.lang.String, int, int),,0,null,3]
04-12 20:42:46.964000  3471  3471 I auditd  : type=1400 audit(0.0:433): avc:  denied  { read } for  comm=4F6E65494420576F726B6572 name="u:object_r:vendor_security_patch_level_prop:s0" dev="tmpfs" ino=888 scontext=u:r:platform_app:s0:c512,c768 tcontext=u:object_r:vendor_security_patch_level_prop:s0 tclass=file permissive=0 app=com.transsion.applock
04-12 20:42:46.999251  1750  2073 I commit_sys_config_file: [settings-1-0,14]
04-12 20:42:47.014407  1750  2073 I commit_sys_config_file: [settings-0-0,7]
04-12 20:42:47.021203  1750  2902 I am_uid_running: 10175
04-12 20:42:47.052000  2419  2419 I auditd  : type=1400 audit(0.0:434): avc:  denied  { getopt } for  comm="FinalizerDaemon" path="/dev/socket/usap_pool_primary" scontext=u:r:platform_app:s0:c512,c768 tcontext=u:r:zygote:s0 tclass=unix_stream_socket permissive=0 app=com.transsion.launcher3
04-12 20:42:47.053972  2733  2733 I viewroot_draw_event: [VRI[NotificationShade],reportDrawFinished seqId=0]
04-12 20:42:47.056323  2733  2733 I viewroot_draw_event: [VRI[StatusBar],reportDrawFinished seqId=0]
04-12 20:42:47.056787  1750  3320 I am_uid_active: 10145
04-12 20:42:47.066435  2733  2733 I viewroot_draw_event: [VRI[CustomChargingAnimation],reportDrawFinished seqId=0]
04-12 20:42:47.071347  1750  1923 I am_proc_start: [0,3591,10175,com.transsion.atomiccore,content provider,{com.transsion.atomiccore/com.transsion.atomiccore.external.ExternalProvider},caller=com.transsion.atomicbrain/10145]
04-12 20:42:47.099796  1750  1923 I dvm_lock_sample: [system_server,1,ActivityManager:procStart,21,ActivityTaskManagerService.java,7115,void com.android.server.wm.ActivityTaskManagerService$LocalService.onProcessMapped(int, com.android.server.wm.WindowProcessController),WindowAnimator.java,124,void com.android.server.wm.WindowAnimator.lambda$new$1(long),4]
04-12 20:42:47.107454  1750  2644 I am_proc_bound: [0,3591,com.transsion.atomiccore]
04-12 20:42:47.116000  3591  3591 I auditd  : type=1400 audit(0.0:435): avc:  denied  { read write } for  comm="re-initialized>" name="ensignal" dev="tmpfs" ino=2080 scontext=u:r:platform_app:s0:c512,c768 tcontext=u:object_r:ensignal_device:s0 tclass=chr_file permissive=0 app=com.transsion.atomiccore
04-12 20:42:47.116000  3591  3591 I auditd  : type=1400 audit(0.0:436): avc:  denied  { read write } for  comm="re-initialized>" name="ensignal" dev="tmpfs" ino=2080 scontext=u:r:platform_app:s0:c512,c768 tcontext=u:object_r:ensignal_device:s0 tclass=chr_file permissive=0 app=com.transsion.atomiccore
04-12 20:42:47.188000  2663  2663 I auditd  : type=1400 audit(0.0:437): avc:  denied  { read } for  comm="m.android.phone" name="u:object_r:vendor_irtx_prop:s0" dev="tmpfs" ino=614 scontext=u:r:radio:s0 tcontext=u:object_r:vendor_irtx_prop:s0 tclass=file permissive=0
04-12 20:42:47.192477  2419  2886 I dvm_lock_sample: [com.transsion.launcher3,0,launcher-pool-13,711,SourceFile,-1,int J6.a.c(java.lang.String),-,-1,int J6.a.c(java.lang.String),100]
04-12 20:42:47.196751  2419  2940 I dvm_lock_sample: [com.transsion.launcher3,0,launcher-pool-17,714,SourceFile,-1,int J6.a.c(java.lang.String),-,-1,int J6.a.c(java.lang.String),100]
04-12 20:42:47.188000  2663  2663 I auditd  : type=1400 audit(0.0:438): avc:  denied  { read } for  comm="m.android.phone" name="u:object_r:qemu_hw_prop:s0" dev="tmpfs" ino=396 scontext=u:r:radio:s0 tcontext=u:object_r:qemu_hw_prop:s0 tclass=file permissive=0
04-12 20:42:47.224559  1750  1860 I am_uid_active: 10175
04-12 20:42:47.234936  1750  2523 I service_manager_stats: [460,136,5002]
04-12 20:42:47.245463  1750  1922 I am_wtf  : [0,1750,system_server,-1,ActivityManager,Sending non-protected broadcast com.transsion.atomiccore.action.bind_service.island from system 2733:com.android.systemui/u0a146 pkg com.android.systemui]
04-12 20:42:47.287236  1750  1922 I am_uid_running: 10187
04-12 20:42:47.313511  1750  1923 I am_proc_start: [0,3653,10187,com.google.android.euicc,broadcast,{com.google.android.euicc/com.google.android.euicc.receiver.EuiccGoogleSlotChangeReceiver},caller=com.android.phone/1001,action = android.telephony.action.SIM_SLOT_STATUS_CHANGED]
04-12 20:42:47.320000  3507  3507 I auditd  : type=1400 audit(0.0:439): avc:  denied  { read } for  comm=4F6E65494420576F726B6572 name="u:object_r:vendor_security_patch_level_prop:s0" dev="tmpfs" ino=888 scontext=u:r:platform_app:s0:c512,c768 tcontext=u:object_r:vendor_security_patch_level_prop:s0 tclass=file permissive=0 app=com.transsion.atomicbrain
04-12 20:42:47.342772  2663  3664 I service_manager_slow: [17,mwis]
04-12 20:42:47.344751  1750  2518 I am_proc_bound: [0,3653,com.google.android.euicc]
04-12 20:42:47.352000  3653  3653 I auditd  : type=1400 audit(0.0:440): avc:  denied  { read write } for  comm="re-initialized>" name="ensignal" dev="tmpfs" ino=2080 scontext=u:r:priv_app:s0:c512,c768 tcontext=u:object_r:ensignal_device:s0 tclass=chr_file permissive=0 app=com.google.android.euicc
04-12 20:42:47.355913  2663  2663 I gsm_service_state_change: [1,1,3,1]
04-12 20:42:47.364183  2663  3663 I liblog  : 20
04-12 20:42:47.379693  1214  2335 I sf_stop_bootanim: 22151
04-12 20:42:47.380111  1750  1893 I wm_boot_animation_done: 22151
04-12 20:42:47.393928  1750  2159 I input_focus: [Focus entering 11904ba NotificationShade,reason=setFocusedWindow]
04-12 20:42:47.428681  2663  2663 I gsm_service_state_change: [1,1,3,3]
04-12 20:42:47.486381  1750  1893 I liblog  : 64
04-12 20:42:47.606368  1750  2219 I notification_enqueue: [1000,1750,android,26,NULL,-1,Notification(channel=DEVELOPER_IMPORTANT shortcut=null contentView=null vibrate=null sound=null tick defaults=0 flags=ONGOING_EVENT|CAN_COLORIZE color=0x00000000 vis=PUBLIC),0,1]
04-12 20:42:47.606815  1750  2219 I sysui_multi_action: [757,1501,758,1,793,4,794,0,795,4,796,26,806,android,857,DEVELOPER_IMPORTANT,858,4,947,0,1500,0]
04-12 20:42:47.606843  1750  2219 I sysui_multi_action: [757,804,799,note_interruptive,801,0,802,1]
04-12 20:42:47.608816  1750  2073 I commit_sys_config_file: [settings-1-0,2]
04-12 20:42:47.610805  1750  2219 I notification_autogrouped: -1|android|32|null|1000
04-12 20:42:47.610933  1750  2219 I notification_autogrouped: -1|android|26|null|1000
04-12 20:42:47.610993  1750  2219 I notification_adjusted: [-1|android|26|null|1000,key_group_key,-1|android|g:Aggregate_AlertingSection]
04-12 20:42:47.613090  1750  2219 I sysui_multi_action: [757,199,758,1,759,32784,793,11,794,0,795,11,796,26,806,android,857,DEVELOPER_IMPORTANT,858,4,946,-1|android|g:Aggregate_Aler-df069087,947,0,1500,7,1688,1]
04-12 20:42:47.613115  1750  2219 I notification_alert: [-1|android|26|null|1000,0,0,0,2,32768]
04-12 20:42:47.617376  1750  2219 I notification_enqueue: [1000,1750,android,0,-1|android|g:Aggregate_AlertingSection,-1,Notification(channel=DEVELOPER_IMPORTANT shortcut=null contentView=null vibrate=null sound=null defaults=0 flags=ONGOING_EVENT|LOCAL_ONLY|GROUP_SUMMARY|AUTOGROUP_SUMMARY color=0x00000000 groupKey=-1|android|g:Aggregate_AlertingSection vis=PUBLIC),0,0]
04-12 20:42:47.617546  1750  2218 I notification_adjusted: [-1|android|32|null|1000,key_group_key,-1|android|g:Aggregate_AlertingSection]
04-12 20:42:47.621020  1750  2219 I sysui_multi_action: [757,199,758,1,759,1040,793,13,794,0,795,13,796,0,797,-1|android|g:Aggregate_AlertingSection,806,android,857,DEVELOPER_IMPORTANT,858,4,946,-1|android|g:Aggregate_Aler-df069087,947,1,1500,13,1688,1]
04-12 20:42:47.621060  1750  2219 I notification_alert: [-1|android|0|-1|android|g:Aggregate_AlertingSection|1000|-1|android|g:Aggregate_AlertingSection,0,0,0,2,1024]
04-12 20:42:47.639698  1750  1922 I am_wtf  : [0,1750,system_server,-1,SystemServiceRegistry,No service published for: uwb]
04-12 20:42:47.639842  1750  1922 I am_wtf  : [0,1750,system_server,-1,SystemServiceRegistry,Manager wrapper not available: uwb]
04-12 20:42:47.643860  1750  1922 I am_wtf  : [0,1750,system_server,-1,SystemServiceRegistry,No service published for: thread_network]
04-12 20:42:47.643951  1750  1922 I am_wtf  : [0,1750,system_server,-1,SystemServiceRegistry,Manager wrapper not available: thread_network]
04-12 20:42:47.676928  1750  1893 I uc_finish_user_boot: 0
04-12 20:42:47.677004  1750  1893 I am_user_state_changed: [0,1]
04-12 20:42:47.678172  1750  1893 I uc_send_user_broadcast: [0,android.intent.action.LOCKED_BOOT_COMPLETED]
04-12 20:42:47.730424  1750  2073 I commit_sys_config_file: [settings-0-0,9]
04-12 20:42:47.731367  1750  2073 I commit_sys_config_file: [settings-2-0,1]
04-12 20:42:47.732020  1750  1893 I uc_finish_user_unlocking: 0
04-12 20:42:47.732000  1750  1750 I auditd  : type=1400 audit(0.0:441): avc:  denied  { read } for  comm="TranPowerDataEv" name="u:object_r:vendor_default_prop:s0" dev="tmpfs" ino=607 scontext=u:r:system_server:s0 tcontext=u:object_r:vendor_default_prop:s0 tclass=file permissive=0
04-12 20:42:47.742745  1750  1923 I am_proc_start: [0,3798,10269,com.google.android.ext.services,on-hold,]
04-12 20:42:47.766638  1750  1923 I am_proc_start: [0,2426,1000,com.transsion.overlaysuw,broadcast,{com.transsion.overlaysuw/com.transsion.overlaysuw.OtaUpdateReceiver},action = android.intent.action.LOCKED_BOOT_COMPLETED]
04-12 20:42:47.783747  1750  2903 I dvm_lock_sample: [system_server,1,binder:1750_10,60,ActivityManagerService.java,5375,void com.android.server.am.ActivityManagerService.attachApplication(android.app.IApplicationThread, long),,0,null,12]
04-12 20:42:47.783898  1750  2903 I am_proc_bound: [0,3798,com.google.android.ext.services]
04-12 20:42:47.788213  1750  2219 I notification_enqueue: [1000,1750,android,55,NULL,-1,Notification(channel=DEVELOPER shortcut=null contentView=null vibrate=null sound=null tick defaults=0 flags=ONGOING_EVENT|CAN_COLORIZE color=0x00000000 vis=PUBLIC),0,1]
04-12 20:42:47.793321  1750  2219 I sysui_multi_action: [757,1501,758,1,793,35,794,0,795,35,796,55,806,android,857,DEVELOPER,858,2,947,0,1500,0]
04-12 20:42:47.793340  1750  2219 I sysui_multi_action: [757,804,799,note_interruptive,801,0,802,1]
04-12 20:42:47.804000  3798  3798 I auditd  : type=1400 audit(0.0:442): avc:  denied  { read write } for  comm="re-initialized>" name="ensignal" dev="tmpfs" ino=2080 scontext=u:r:priv_app:s0:c512,c768 tcontext=u:object_r:ensignal_device:s0 tclass=chr_file permissive=0 app=com.google.android.ext.services
04-12 20:42:47.804000  3798  3798 I auditd  : type=1400 audit(0.0:443): avc:  denied  { read write } for  comm="re-initialized>" name="ensignal" dev="tmpfs" ino=2080 scontext=u:r:priv_app:s0:c512,c768 tcontext=u:object_r:ensignal_device:s0 tclass=chr_file permissive=0 app=com.google.android.ext.services
04-12 20:42:47.831393  1750  2903 I am_proc_bound: [0,2426,com.transsion.overlaysuw]
04-12 20:42:47.832000  3819  3819 I auditd  : type=1400 audit(0.0:444): avc:  denied  { search } for  comm="verify_para" name="tmp" dev="dm-79" ino=102 scontext=u:r:tran_vfy:s0 tcontext=u:object_r:shell_data_file:s0 tclass=dir permissive=0
04-12 20:42:47.837134  1750  2219 I sysui_multi_action: [757,199,758,1,759,16,793,79,794,0,795,79,796,55,806,android,857,DEVELOPER,858,2,947,0,1500,44,1688,1]
04-12 20:42:47.837160  1750  2219 I notification_alert: [-1|android|55|null|1000,0,0,0,2,0]
04-12 20:42:47.841312  1750  1922 I am_uid_active: 10187
04-12 20:42:47.840000  2426  2426 I auditd  : type=1400 audit(0.0:445): avc:  denied  { read write } for  comm="re-initialized>" name="ensignal" dev="tmpfs" ino=2080 scontext=u:r:system_app:s0 tcontext=u:object_r:ensignal_device:s0 tclass=chr_file permissive=0
04-12 20:42:47.840000  2426  2426 I auditd  : type=1400 audit(0.0:446): avc:  denied  { read write } for  comm="re-initialized>" name="ensignal" dev="tmpfs" ino=2080 scontext=u:r:system_app:s0 tcontext=u:object_r:ensignal_device:s0 tclass=chr_file permissive=0
04-12 20:42:47.874369  2733  2961 I jank_cuj_events_end_request: [14,1775997767865988000,22637392616,22637392616]
04-12 20:42:47.932997  1750  1859 I am_uid_active: 10269
04-12 20:42:47.936519  1750  1923 I am_proc_start: [0,3854,10232,com.google.android.gms,service,{com.google.android.gms/com.google.android.gms.chimera.GmsIntentOperationService},caller=com.google.android.gms.persistent/10232]
04-12 20:42:47.972752  1750  2073 I commit_sys_config_file: [settings-0-0,8]
04-12 20:42:48.008000  2426  2426 I auditd  : type=1400 audit(0.0:447): avc:  denied  { map } for  comm="sion.overlaysuw" path="/dev/__properties__/u:object_r:vendor_irtx_prop:s0" dev="tmpfs" ino=614 scontext=u:r:system_app:s0 tcontext=u:object_r:vendor_irtx_prop:s0 tclass=file permissive=0
04-12 20:42:48.008000  2426  2426 I auditd  : type=1400 audit(0.0:448): avc:  denied  { read } for  comm="sion.overlaysuw" name="u:object_r:qemu_hw_prop:s0" dev="tmpfs" ino=396 scontext=u:r:system_app:s0 tcontext=u:object_r:qemu_hw_prop:s0 tclass=file permissive=0
04-12 20:42:48.051787  1750  2011 I am_proc_bound: [0,3854,com.google.android.gms]
04-12 20:42:48.064000  3854  3854 I auditd  : type=1400 audit(0.0:449): avc:  denied  { read write } for  comm="re-initialized>" name="ensignal" dev="tmpfs" ino=2080 scontext=u:r:gmscore_app:s0:c512,c768 tcontext=u:object_r:ensignal_device:s0 tclass=chr_file permissive=0 app=com.google.android.gms
04-12 20:42:48.068000  3854  3854 I auditd  : type=1400 audit(0.0:450): avc:  denied  { read write } for  comm="re-initialized>" name="ensignal" dev="tmpfs" ino=2080 scontext=u:r:gmscore_app:s0:c512,c768 tcontext=u:object_r:ensignal_device:s0 tclass=chr_file permissive=0 app=com.google.android.gms
04-12 20:42:48.070481  1750  2233 I dvm_lock_sample: [system_server,0,binder:1750_5,133,ActivityManagerService.java,15340,void com.android.server.am.ActivityManagerService.serviceDoneExecuting(android.os.IBinder, int, int, int, android.content.Intent),,0,null,26]
04-12 20:42:48.072000  3854  3854 I auditd  : type=1400 audit(0.0:451): avc:  denied  { search } for  comm="binder:3854_2" name="/" dev="sdc87" ino=2 scontext=u:r:gmscore_app:s0:c512,c768 tcontext=u:object_r:tranfs_file:s0 tclass=dir permissive=0 app=com.google.android.gms
04-12 20:42:48.098809  1750  1922 I am_uid_running: 10178
04-12 20:42:48.107755  1750  1923 I am_proc_start: [0,3837,10178,com.transsion.deskclock,broadcast,{com.transsion.deskclock/com.transsion.deskclock.AlarmInitReceiver},action = android.intent.action.LOCKED_BOOT_COMPLETED]
04-12 20:42:48.131559  1750  1877 I am_user_state_changed: [0,2]
04-12 20:42:48.131660  1750  1922 I ssm_user_unlocking: 0
04-12 20:42:48.136000   416   416 I auditd  : type=1400 audit(0.0:452): avc:  denied  { create } for  comm="init" name="enable" scontext=u:r:vendor_init:s0 tcontext=u:object_r:debugfs_tracing_instances:s0 tclass=file permissive=0
04-12 20:42:48.148000   416   416 I auditd  : type=1400 audit(0.0:453): avc:  denied  { create } for  comm="init" name="enable" scontext=u:r:vendor_init:s0 tcontext=u:object_r:debugfs_tracing_instances:s0 tclass=file permissive=0
04-12 20:42:48.152121  2663  2663 I gsm_service_state_change: [3,1,1,1]
04-12 20:42:48.168492  1750  3614 I am_proc_bound: [0,3837,com.transsion.deskclock]
04-12 20:42:48.172000  3837  3837 I auditd  : type=1400 audit(0.0:454): avc:  denied  { read write } for  comm="re-initialized>" name="ensignal" dev="tmpfs" ino=2080 scontext=u:r:platform_app:s0:c512,c768 tcontext=u:object_r:ensignal_device:s0 tclass=chr_file permissive=0 app=com.transsion.deskclock
04-12 20:42:48.172000  3837  3837 I auditd  : type=1400 audit(0.0:455): avc:  denied  { read write } for  comm="re-initialized>" name="ensignal" dev="tmpfs" ino=2080 scontext=u:r:platform_app:s0:c512,c768 tcontext=u:object_r:ensignal_device:s0 tclass=chr_file permissive=0 app=com.transsion.deskclock
04-12 20:42:48.174195  1750  1922 I am_uid_running: 10179
04-12 20:42:48.202248  1750  1923 I am_proc_start: [0,3882,10179,com.transsion.camera,service,{com.transsion.camera/com.transsion.camera.persistent.CameraAppService}]
04-12 20:42:48.219285  1750  2176 I am_uid_running: 10271
04-12 20:42:48.227603  1750  2518 I am_proc_bound: [0,3882,com.transsion.camera]
04-12 20:42:48.244000  3882  3882 I auditd  : type=1400 audit(0.0:456): avc:  denied  { read write } for  comm="re-initialized>" name="ensignal" dev="tmpfs" ino=2080 scontext=u:r:platform_app:s0:c512,c768 tcontext=u:object_r:ensignal_device:s0 tclass=chr_file permissive=0 app=com.transsion.camera
04-12 20:42:48.244000  3882  3882 I auditd  : type=1400 audit(0.0:457): avc:  denied  { read write } for  comm="re-initialized>" name="ensignal" dev="tmpfs" ino=2080 scontext=u:r:platform_app:s0:c512,c768 tcontext=u:object_r:ensignal_device:s0 tclass=chr_file permissive=0 app=com.transsion.camera
04-12 20:42:48.250328  1750  1923 I am_proc_start: [0,3927,10271,com.google.android.providers.media.module,service,{com.google.android.providers.media.module/com.android.providers.media.fuse.ExternalStorageServiceImpl},caller=system/1000]
04-12 20:42:48.267295  1750  1750 I am_uid_running: 10214
04-12 20:42:48.284363  1750  2073 I commit_sys_config_file: [settings-1-0,17]
04-12 20:42:48.298412  1750  1878 I dvm_lock_sample: [system_server,1,android.ui,18,ActivityManagerService.java,17342,void com.android.server.am.ActivityManagerService.pushTempAllowlist(),,0,null,3]
04-12 20:42:48.301148  1750  1859 I am_proc_bound: [0,3927,com.google.android.providers.media.module]
04-12 20:42:48.316000  3927  3927 I auditd  : type=1400 audit(0.0:458): avc:  denied  { read write } for  comm="re-initialized>" name="ensignal" dev="tmpfs" ino=2080 scontext=u:r:mediaprovider_app:s0:c15,c257,c512,c768 tcontext=u:object_r:ensignal_device:s0 tclass=chr_file permissive=0 app=com.google.android.providers.media.module
04-12 20:42:48.316000  3927  3927 I auditd  : type=1400 audit(0.0:459): avc:  denied  { read write } for  comm="re-initialized>" name="ensignal" dev="tmpfs" ino=2080 scontext=u:r:mediaprovider_app:s0:c15,c257,c512,c768 tcontext=u:object_r:ensignal_device:s0 tclass=chr_file permissive=0 app=com.google.android.providers.media.module
04-12 20:42:48.320000  3927  3927 I auditd  : type=1400 audit(0.0:460): avc:  denied  { search } for  comm="binder:3927_2" name="/" dev="sdc87" ino=2 scontext=u:r:mediaprovider_app:s0:c15,c257,c512,c768 tcontext=u:object_r:tranfs_file:s0 tclass=dir permissive=0 app=com.google.android.providers.media.module
04-12 20:42:48.322701  1750  1923 I am_proc_start: [0,3946,10214,com.google.android.as,service,{com.google.android.as/com.google.android.apps.miphone.aiai.app.AiAiContentCaptureService},caller=system/1000]
04-12 20:42:48.335704  1750  1922 I am_uid_running: 10190
04-12 20:42:48.340280  1750  3614 I dvm_lock_sample: [system_server,0,binder:1750_13,46,ActivityManagerService.java,15340,void com.android.server.am.ActivityManagerService.serviceDoneExecuting(android.os.IBinder, int, int, int, android.content.Intent),,0,null,9]
04-12 20:42:48.371101  1750  1923 I am_proc_start: [0,3974,10190,com.transsion.aivoiceassistant:voiceinteractionservice,service,{com.transsion.aivoiceassistant/com.transsion.ella.aiservice.voiceinteraction.AiVoiceInteractionService},caller=system/1000]
04-12 20:42:48.387163  1750  1911 I dvm_lock_sample: [system_server,1,android.bg,36,ActivityManagerService.java,15283,int com.android.server.am.ActivityManagerService.bindServiceInstance(android.app.IApplicationThread, android.os.IBinder, android.content.Intent, java.lang.String, android.app.IServiceConnection, long, java.lang.String, boolean, int, java.lang.String, android.app.IApplicationThread, java.lang.String, int),,0,null,7]
04-12 20:42:48.389112  1750  1911 I am_uid_running: 10099
04-12 20:42:48.399894  1750  1922 I am_uid_running: 10158
04-12 20:42:48.404550  1750  2901 I am_proc_bound: [0,3946,com.google.android.as]
04-12 20:42:48.410425  1750  1922 I uc_finish_user_unlocked: 0
04-12 20:42:48.410480  1750  1922 I am_user_state_changed: [0,3]
04-12 20:42:48.408000  1750  1750 I auditd  : type=1400 audit(0.0:461): avc:  denied  { read } for  comm="pool-107-thread" name="u:object_r:build_bootimage_prop:s0" dev="tmpfs" ino=184 scontext=u:r:system_server:s0 tcontext=u:object_r:build_bootimage_prop:s0 tclass=file permissive=0
04-12 20:42:48.420000  3946  3946 I auditd  : type=1400 audit(0.0:462): avc:  denied  { read write } for  comm="re-initialized>" name="ensignal" dev="tmpfs" ino=2080 scontext=u:r:priv_app:s0:c512,c768 tcontext=u:object_r:ensignal_device:s0 tclass=chr_file permissive=0 app=com.google.android.as
04-12 20:42:48.420000  3946  3946 I auditd  : type=1400 audit(0.0:463): avc:  denied  { read write } for  comm="re-initialized>" name="ensignal" dev="tmpfs" ino=2080 scontext=u:r:priv_app:s0:c512,c768 tcontext=u:object_r:ensignal_device:s0 tclass=chr_file permissive=0 app=com.google.android.as
04-12 20:42:48.434286  1750  1877 I wm_task_created: 6
04-12 20:42:48.436487  1750  1877 I wm_task_created: 46
04-12 20:42:48.437441  1750  1877 I wm_task_created: 47
04-12 20:42:48.439758  1750  1877 I wm_task_created: 48
04-12 20:42:48.442872  1750  2523 I dvm_lock_sample: [system_server,1,binder:1750_9,59,ActivityManagerService.java,15319,void com.android.server.am.ActivityManagerService.publishService(android.os.IBinder, android.content.Intent, android.os.IBinder),,0,null,11]
04-12 20:42:48.443696  1750  1877 I wm_task_created: 51
04-12 20:42:48.445059  1750  1877 I wm_task_created: 18
04-12 20:42:48.446675  1750  1877 I wm_task_created: 50
04-12 20:42:48.448574  1750  2518 I am_proc_bound: [0,3974,com.transsion.aivoiceassistant:voiceinteractionservice]
04-12 20:42:48.450140  1750  1877 I wm_task_created: 52
04-12 20:42:48.453070  1750  1877 I wm_task_created: 54
04-12 20:42:48.454581  1750  1877 I wm_task_created: 56
04-12 20:42:48.476000  3974  3974 I auditd  : type=1400 audit(0.0:464): avc:  denied  { read write } for  comm="re-initialized>" name="ensignal" dev="tmpfs" ino=2080 scontext=u:r:platform_app:s0:c512,c768 tcontext=u:object_r:ensignal_device:s0 tclass=chr_file permissive=0 app=com.transsion.aivoiceassistant
04-12 20:42:48.480535  1750  2242 I dvm_lock_sample: [system_server,0,backup,77,BroadcastController.java,532,android.content.Intent com.android.server.am.BroadcastController.registerReceiverWithFeatureTraced(android.app.IApplicationThread, java.lang.String, java.lang.String, java.lang.String, android.content.IIntentReceiver, android.content.IntentFilter, java.lang.String, int, int),,0,null,15]
04-12 20:42:48.484514  1750  1922 I am_uid_running: 1027
04-12 20:42:48.480000  3974  3974 I auditd  : type=1400 audit(0.0:465): avc:  denied  { read write } for  comm="re-initialized>" name="ensignal" dev="tmpfs" ino=2080 scontext=u:r:platform_app:s0:c512,c768 tcontext=u:object_r:ensignal_device:s0 tclass=chr_file permissive=0 app=com.transsion.aivoiceassistant
04-12 20:42:48.503407  1750  1923 I am_proc_start: [0,4000,10099,com.android.printspooler,service,{com.android.printspooler/com.android.printspooler.model.PrintSpoolerService},caller=system/1000]
04-12 20:42:48.514616  1750  1922 I uc_send_user_broadcast: [0,android.intent.action.USER_UNLOCKED]
04-12 20:42:48.516203  1750  2903 I am_proc_bound: [0,4000,com.android.printspooler]
04-12 20:42:48.525019  1750  1860 I dvm_lock_sample: [system_server,1,binder:1750_2,141,ActivityManagerService.java,15283,int com.android.server.am.ActivityManagerService.bindServiceInstance(android.app.IApplicationThread, android.os.IBinder, android.content.Intent, java.lang.String, android.app.IServiceConnection, long, java.lang.String, boolean, int, java.lang.String, android.app.IApplicationThread, java.lang.String, int),,0,null,28]
04-12 20:42:48.524000  4000  4000 I auditd  : type=1400 audit(0.0:466): avc:  denied  { read write } for  comm="re-initialized>" name="ensignal" dev="tmpfs" ino=2080 scontext=u:r:untrusted_app:s0:c99,c256,c512,c768 tcontext=u:object_r:ensignal_device:s0 tclass=chr_file permissive=0 app=com.android.printspooler
04-12 20:42:48.528000  4000  4000 I auditd  : type=1400 audit(0.0:468): avc:  denied  { search } for  comm="binder:4000_2" name="/" dev="sdc87" ino=2 scontext=u:r:untrusted_app:s0:c99,c256,c512,c768 tcontext=u:object_r:tranfs_file:s0 tclass=dir permissive=0 app=com.android.printspooler
04-12 20:42:48.535322  1750  2073 I commit_sys_config_file: [settings-1-0,15]
04-12 20:42:48.544761  1750  1922 I uc_finish_user_unlocked_completed: 0
04-12 20:42:48.576989  1750  1923 I am_proc_start: [0,4026,10158,com.hoffnung.mobile.service,service,{com.hoffnung/com.hoffnung.TPMSService},caller=system/1000]
04-12 20:42:48.585294  1750  1859 I dvm_lock_sample: [system_server,1,binder:1750_1,66,ContentProviderHelper.java,871,void com.android.server.am.ContentProviderHelper.publishContentProviders(android.app.IApplicationThread, java.util.List),,0,null,13]
04-12 20:42:48.590518  1750  2233 I dvm_lock_sample: [system_server,1,binder:1750_5,83,ContentProviderHelper.java,871,void com.android.server.am.ContentProviderHelper.publishContentProviders(android.app.IApplicationThread, java.util.List),,0,null,16]
04-12 20:42:48.591311  1750  3614 I dvm_lock_sample: [system_server,1,binder:1750_13,8,ContentProviderHelper.java,871,void com.android.server.am.ContentProviderHelper.publishContentProviders(android.app.IApplicationThread, java.util.List),,0,null,1]
04-12 20:42:48.608000  2800  2800 I auditd  : type=1400 audit(0.0:470): avc:  denied  { map } for  comm="sion.infinixled" path="/dev/__properties__/u:object_r:vendor_irtx_prop:s0" dev="tmpfs" ino=614 scontext=u:r:system_app:s0 tcontext=u:object_r:vendor_irtx_prop:s0 tclass=file permissive=0
04-12 20:42:48.608000  2800  2800 I auditd  : type=1400 audit(0.0:471): avc:  denied  { read } for  comm="sion.infinixled" name="u:object_r:qemu_hw_prop:s0" dev="tmpfs" ino=396 scontext=u:r:system_app:s0 tcontext=u:object_r:qemu_hw_prop:s0 tclass=file permissive=0
04-12 20:42:48.626143  1750  1923 I am_proc_start: [0,4064,1027,com.android.nfc,added application,com.android.nfc]
04-12 20:42:48.639159  1750  3614 I am_proc_bound: [0,4026,com.hoffnung.mobile.service]
04-12 20:42:48.644000  4026  4026 I auditd  : type=1400 audit(0.0:472): avc:  denied  { read write } for  comm="re-initialized>" name="ensignal" dev="tmpfs" ino=2080 scontext=u:r:platform_app:s0:c512,c768 tcontext=u:object_r:ensignal_device:s0 tclass=chr_file permissive=0 app=com.hoffnung
04-12 20:42:48.644000  4026  4026 I auditd  : type=1400 audit(0.0:473): avc:  denied  { read write } for  comm="re-initialized>" name="ensignal" dev="tmpfs" ino=2080 scontext=u:r:platform_app:s0:c512,c768 tcontext=u:object_r:ensignal_device:s0 tclass=chr_file permissive=0 app=com.hoffnung
04-12 20:42:48.650011  2733  2961 I jank_cuj_events_end_request: [14,1775997768642395000,23413799155,23413799155]
04-12 20:42:48.648000   416   416 I auditd  : type=1400 audit(0.0:474): avc:  denied  { create } for  comm="init" name="enable" scontext=u:r:vendor_init:s0 tcontext=u:object_r:debugfs_tracing_instances:s0 tclass=file permissive=0
04-12 20:42:48.652436  1750  2524 I am_proc_bound: [0,4064,com.android.nfc]
04-12 20:42:48.653701  2733  2961 I jank_cuj_events_end_request: [14,1775997768642445000,23413848924,23413848924]
04-12 20:42:48.653714  2733  2961 I jank_cuj_events_end_request: [14,1775997768642454000,23413857539,23413857616]
04-12 20:42:48.658975  1750  2524 I am_uid_active: 1027
04-12 20:42:48.675903  1750  2518 I am_uid_active: 10099
04-12 20:42:48.704000  4064  4064 I auditd  : type=1400 audit(0.0:475): avc:  denied  { read write } for  comm="re-initialized>" name="ensignal" dev="tmpfs" ino=2080 scontext=u:r:nfc:s0 tcontext=u:object_r:ensignal_device:s0 tclass=chr_file permissive=0
04-12 20:42:48.703582  1750  1877 I dvm_lock_sample: [system_server,1,android.fg,48,BroadcastController.java,759,int com.android.server.am.BroadcastController.broadcastIntentWithFeature(android.app.IApplicationThread, java.lang.String, android.content.Intent, java.lang.String, android.content.IIntentReceiver, int, java.lang.String, android.os.Bundle, java.lang.String[], java.lang.String[], java.lang.String[], int, android.os.Bundle, boolean, boolean, int),ActivityManagerService.java,5381,void com.android.server.am.ActivityManagerService.attachApplication(android.app.IApplicationThread, long),9]
04-12 20:42:48.704000  4064  4064 I auditd  : type=1400 audit(0.0:476): avc:  denied  { read write } for  comm="re-initialized>" name="ensignal" dev="tmpfs" ino=2080 scontext=u:r:nfc:s0 tcontext=u:object_r:ensignal_device:s0 tclass=chr_file permissive=0
04-12 20:42:48.714297  1750  1923 I am_proc_start: [0,4085,1000,com.transsion.tranvoicecommand,added application,com.transsion.tranvoicecommand]
04-12 20:42:48.724976  4085  4085 I service_manager_slow: [17,activity]
04-12 20:42:48.725593  1750  2901 I am_proc_bound: [0,4085,com.transsion.tranvoicecommand]
04-12 20:42:48.728013  1750  1922 I ssm_user_unlocked: 0
04-12 20:42:48.740000  4085  4085 I auditd  : type=1400 audit(0.0:477): avc:  denied  { read write } for  comm="re-initialized>" name="ensignal" dev="tmpfs" ino=2080 scontext=u:r:system_app:s0 tcontext=u:object_r:ensignal_device:s0 tclass=chr_file permissive=0
04-12 20:42:48.740000  4085  4085 I auditd  : type=1400 audit(0.0:478): avc:  denied  { read write } for  comm="re-initialized>" name="ensignal" dev="tmpfs" ino=2080 scontext=u:r:system_app:s0 tcontext=u:object_r:ensignal_device:s0 tclass=chr_file permissive=0
04-12 20:42:48.777186  4064  4064 I service_manager_slow: [28,particular_feature]
04-12 20:42:48.778531  1750  1923 I am_proc_start: [0,4122,1000,com.transsion.kolun.aiservice,content provider,{com.transsion.kolun.aiservice/com.transsion.kolun.oxygenbus.OxygenBusProvider},caller=com.transsion.multiwindow/1000]
04-12 20:42:48.785815  1750  1877 I uc_send_user_broadcast: [0,android.intent.action.BOOT_COMPLETED]
04-12 20:42:48.804392   568   568 I auditd  : avc:  denied  { find } for pid=4129 uid=1072 name=vendor.transsion.hardware.aegis.IAegisService/default scontext=u:r:gpuservice:s0 tcontext=u:object_r:default_android_service:s0 tclass=service_manager permissive=0
04-12 20:42:48.832000     1     1 I auditd  : type=1107 audit(0.0:479): uid=0 auid=4294967295 ses=4294967295 subj=u:r:init:s0 msg='avc:  denied  { set } for property=persist.vendor.sys.device.manual_gc pid=4156 uid=1000 gid=1000 scontext=u:r:storage_feature_cloudctl:s0 tcontext=u:object_r:vendor_default_prop:s0 tclass=property_service permissive=0'
04-12 20:42:48.881950  1750  2011 I am_proc_bound: [0,4122,com.transsion.kolun.aiservice]
04-12 20:42:48.888000  4122  4122 I auditd  : type=1400 audit(0.0:480): avc:  denied  { read write } for  comm="re-initialized>" name="ensignal" dev="tmpfs" ino=2080 scontext=u:r:system_app:s0 tcontext=u:object_r:ensignal_device:s0 tclass=chr_file permissive=0
04-12 20:42:48.888000  4122  4122 I auditd  : type=1400 audit(0.0:481): avc:  denied  { read write } for  comm="re-initialized>" name="ensignal" dev="tmpfs" ino=2080 scontext=u:r:system_app:s0 tcontext=u:object_r:ensignal_device:s0 tclass=chr_file permissive=0
04-12 20:42:48.912000  4085  4085 I auditd  : type=1400 audit(0.0:482): avc:  denied  { map } for  comm="ranvoicecommand" path="/dev/__properties__/u:object_r:vendor_irtx_prop:s0" dev="tmpfs" ino=614 scontext=u:r:system_app:s0 tcontext=u:object_r:vendor_irtx_prop:s0 tclass=file permissive=0
04-12 20:42:48.912000  4085  4085 I auditd  : type=1400 audit(0.0:483): avc:  denied  { read } for  comm="ranvoicecommand" name="u:object_r:qemu_hw_prop:s0" dev="tmpfs" ino=396 scontext=u:r:system_app:s0 tcontext=u:object_r:qemu_hw_prop:s0 tclass=file permissive=0
04-12 20:42:48.929932  1750  4142 I dvm_lock_sample: [system_server,0,KT.KolunCore,88,BroadcastController.java,532,android.content.Intent com.android.server.am.BroadcastController.registerReceiverWithFeatureTraced(android.app.IApplicationThread, java.lang.String, java.lang.String, java.lang.String, android.content.IIntentReceiver, android.content.IntentFilter, java.lang.String, int, int),ActivityManagerService.java,15284,int com.android.server.am.ActivityManagerService.bindServiceInstance(android.app.IApplicationThread, android.os.IBinder, android.content.Intent, java.lang.String, android.app.IServiceConnection, long, java.lang.String, boolean, int, java.lang.String, android.app.IApplicationThread, java.lang.String, int),17]
04-12 20:42:48.930334  1750  1922 I am_wtf  : [0,1750,system_server,-1,ActivityManager,Sending non-protected broadcast com.transsion.intent.action.APPWIDGET_LOADED from system uid 1000 pkg null]
04-12 20:42:48.959783  1750  1750 I dvm_lock_sample: [system_server,1,main,78,ActivityManagerService.java,15305,boolean com.android.server.am.ActivityManagerService.unbindService(android.app.IServiceConnection),,0,null,15]
04-12 20:42:48.966917  1750  1860 I dvm_lock_sample: [system_server,1,binder:1750_2,74,BroadcastController.java,532,android.content.Intent com.android.server.am.BroadcastController.registerReceiverWithFeatureTraced(android.app.IApplicationThread, java.lang.String, java.lang.String, java.lang.String, android.content.IIntentReceiver, android.content.IntentFilter, java.lang.String, int, int),,0,null,14]
04-12 20:42:49.086621  1750  4244 I am_uid_running: 10172
04-12 20:42:49.090049  1750  1923 I am_proc_start: [0,4226,1000,com.android.keychain,service,{com.android.keychain/com.android.keychain.KeyChainService},caller=system/1000]
04-12 20:42:49.097752  1750  1877 I dvm_lock_sample: [system_server,1,android.fg,101,ActivityManagerService.java,15283,int com.android.server.am.ActivityManagerService.bindServiceInstance(android.app.IApplicationThread, android.os.IBinder, android.content.Intent, java.lang.String, android.app.IServiceConnection, long, java.lang.String, boolean, int, java.lang.String, android.app.IApplicationThread, java.lang.String, int),,0,null,20]
04-12 20:42:49.120090  1750  2644 I dvm_lock_sample: [system_server,1,binder:1750_B,243,ContentProviderHelper.java,871,void com.android.server.am.ContentProviderHelper.publishContentProviders(android.app.IApplicationThread, java.util.List),,0,null,48]
04-12 20:42:49.124915  1750  2902 I am_proc_bound: [0,4226,com.android.keychain]
04-12 20:42:49.176332  1750  2518 I am_uid_running: 10160
04-12 20:42:49.185006  1750  2518 I am_proc_start: [0,4301,1000,com.transsion.aod:dreams,service,{com.transsion.aod/com.transsion.aod.dreams.DreamBootupService},caller=com.android.systemui/10146]
04-12 20:42:49.186453  1750  2518 I am_proc_bound: [0,4301,com.transsion.aod:dreams]
04-12 20:42:49.195444  1750  1922 I am_wtf  : [0,1750,system_server,-1,ActivityManager,Sending non-protected broadcast com.transsion.atomiccore.action.bind_service.island from system 2733:com.android.systemui/u0a146 pkg com.android.systemui]
04-12 20:42:49.195817  1750  1922 I am_wtf  : [0,1750,system_server,-1,ActivityManager,Sending non-protected broadcast com.transsion.atomiccore.action.bind_service.island from system 2733:com.android.systemui/u0a146 pkg com.android.systemui]
04-12 20:42:49.200265  1750  1878 I dvm_lock_sample: [system_server,1,android.ui,71,ActivityManagerService.java,17342,void com.android.server.am.ActivityManagerService.pushTempAllowlist(),,0,null,14]
04-12 20:42:49.201609  1750  2903 I dvm_lock_sample: [system_server,1,binder:1750_10,267,JobSchedulerService.java,1831,int com.android.server.job.JobSchedulerService.scheduleAsPackage(android.app.job.JobInfo, android.app.job.JobWorkItem, int, java.lang.String, int, java.lang.String, java.lang.String),-,2573,int com.android.server.job.JobSchedulerService.getUidProcState(int),53]
04-12 20:42:49.205142  1750  3614 I am_uid_active: 10190
