04-12 20:42:41.338572  1350  1723 I AT      : RECV MSGID=053c [SIM_GET_EUICC_SLOTS_STATUS_CNF], TXID=015e, DUMP=841954240000000001023C055E01E0030000040000000000000101000200000001813A012A2A2A2A2A2A2A2A2A2A2A2A2A2A2A2A2A2A2A2A2A2A2A2A2A2A2A2A2A2A2A2A2A2A2A2A2A2A2A2A2A2A2A2A2A2A2A2A2A2A2A2A2A2A2A2A2A2A2A2A2A2A2A2A2A2A2A2A2A2A2A2A2A2A2A2A2A2A2A2A2A2A2A2A2A2A2A2A2A2A2A2A2A2A2A2A2A2A2A2A2A2A2A2A2A2A2A2A2A2A2A2A2A2A2A2A2A2A2A2A2A2A2A2A2A2A2A2A2A2A2A2A2A2A2A2A2A2A2A2A2A2A2A2A2A2A2A2A2A2A2A2A2A2A2A2A2A2A2A2A2A2A2A2A2A2A2A2A2A2A2A2A2A2A2A2A2A2A2A2A2A2A2A2A2A2A2A2A2A2A2A2A2A2A2A2A2A2A2A2A2A2A2A2A2A2A2A2A2A2A2A2A2A2A2A2A2A2A2A2A2A2A2A2A2A2A2A2A2A2A2A2A2A2A2A2A2A2A2A2A2A2A2A2A2A2A2A2A2A2A2A2A2A2A2A2A2A2A2A2A2A2A2A2A2A2A2A2A2A2A2A2A2A2A2A2A2A2A2A2A2A2A2A2A2A2A2A2A2A2A2A2A2A2A2A2A2A2A2A2A2A2A2A2A2A2A2A2A2A2A2A2A2A2A0000020100000000000000000000FA7F0200FA7F010000000000FB7F010000000000030100000000000000000000F87F0200F87F010001000000F97F010001000000040100000000000000000000F67F0200F67F010000000000F77F010001000000058100002A2A2A2A2A2A2A2A2A2A2A2AF4FF01002A000000F5FF01002A000
04-12 20:42:41.339826  1350  1743 E RadioConfig_service: radioConfigServiceImpl->configIndication is NULL
04-12 20:42:41.340082  1132  1147 I mipc_lib: SEND MSGID=1409 [MIPC_LOC_LBS_SYNC_LOCATION_EM_CONFIG_REQ], TXID=0003 [binder:1132_2], DUMP=8419542400000000010009140300100000010400010000000101040000000000
04-12 20:42:41.343301  1132  1873 I mipc_lib: RECV MSGID=140a [MIPC_LOC_LBS_SYNC_LOCATION_EM_CONFIG_CNF], TXID=0003, DUMP=841954240000000001020A1403000800000004006A000000
04-12 20:42:41.814434  1350  1740 E RfxBaseHandler: [0] unregisterToHandleMipcURC error:-1, slotId:0, mipcId:4212
04-12 20:42:41.822561  1350  1741 E RfxBaseHandler: [1] unregisterToHandleMipcURC error:-1, slotId:1, mipcId:4212
04-12 20:42:42.343585  1132  1147 I mipc_lib: SEND MSGID=1409 [MIPC_LOC_LBS_SYNC_LOCATION_EM_CONFIG_REQ], TXID=0004 [binder:1132_2], DUMP=8419542400000000010009140400100000010400010000000101040000000000
04-12 20:42:42.349634  1132  1873 I mipc_lib: RECV MSGID=140a [MIPC_LOC_LBS_SYNC_LOCATION_EM_CONFIG_CNF], TXID=0004, DUMP=841954240000000001020A1404000800000004006A000000
04-12 20:42:42.771490  1348  1359 I mipc_lib: CHECK IF MODEM IS READY STATRT!
04-12 20:42:42.771628  1348  1359 I mipc_lib: MODEM IS READY NOW! OPENCOM /dev/ttyCMIPC9 start
04-12 20:42:42.772869  1348  1359 I mipc_lib: OPENCOM /dev/ttyCMIPC9 end
04-12 20:42:42.773639  1348  1359 E mipc_lib: open libtrm success
04-12 20:42:42.773790  1348  1359 I mipc_lib: SEND MSGID=0305 [INTERNAL_TEST_REQ], TXID=0000 [thermal_core], DUMP=8419542400000000FF00050300000000
04-12 20:42:42.779842  1348  2109 I mipc_lib: RECV MSGID=0306 [INTERNAL_TEST_CNF], TXID=0000, DUMP=8419542400000000FF020603000008000000040000000000
04-12 20:42:42.779910  1348  1359 I mipc_lib: SEND MSGID=0301 [INTERNAL_OPEN_REQ], TXID=0001 [thermal_core], DUMP=8419542400000000FF00010301002800000104000200000001010F002F6465762F747479434D495043390000000000000201010001000000
04-12 20:42:42.780529  1348  2109 I mipc_lib: RECV MSGID=0302 [INTERNAL_OPEN_CNF], TXID=0001, DUMP=8419542400000000FF020203010018000000040000000000000104000000000001010400E0930400
04-12 20:42:42.780711  1348  1359 I mipc_lib: SEND MSGID=000f [SYS_GET_THERMAL_SENSOR_NUM_REQ], TXID=0002 [thermal_core], DUMP=841954240000000001000F0002000000
04-12 20:42:42.781842  1348  2109 I mipc_lib: RECV MSGID=0010 [SYS_GET_THERMAL_SENSOR_NUM_CNF], TXID=0002, DUMP=8419542400000000010210000200100000000400000000000001040004000000
04-12 20:42:42.781894  1348  1359 I mipc_lib: SEND MSGID=0017 [SYS_GET_THERMAL_ACTUATOR_NUM_REQ], TXID=0004 [thermal_core], DUMP=84195424000000000100170004000000
04-12 20:42:42.782612  1348  2109 I mipc_lib: RECV MSGID=0018 [SYS_GET_THERMAL_ACTUATOR_NUM_CNF], TXID=0004, DUMP=8419542400000000010218000400100000000400000000000001040014000000
04-12 20:42:42.782705  1348  1359 I mipc_lib: SEND MSGID=0011 [SYS_GET_THERMAL_SENSOR_INFO_REQ], TXID=0005 [thermal_core], DUMP=841954240000000001001100050008000001040000000000
04-12 20:42:42.784288  1348  2109 I mipc_lib: RECV MSGID=0012 [SYS_GET_THERMAL_SENSOR_INFO_CNF], TXID=0005, DUMP=841954240000000001021200050068000000040000000000000104000000000001010B00534F435F4F6E5F4469650000020101000000000003010100060000000401040038FFFFFF050104000F27000006010400320000000701040001000000080104000F270000090104007E0400000A0104000C000000
04-12 20:42:42.784332  1348  1359 I mipc_lib: SEND MSGID=0011 [SYS_GET_THERMAL_SENSOR_INFO_REQ], TXID=0006 [thermal_core], DUMP=841954240000000001001100060008000001040001000000
04-12 20:42:42.785088  1348  2109 I mipc_lib: RECV MSGID=0012 [SYS_GET_THERMAL_SENSOR_INFO_CNF], TXID=0006, DUMP=841954240000000001021200060068000000040000000000000104000100000001010800534F435F4E54430000000000020101000000000003010100060000000401040038FFFFFF050104000F270000060104001E0000000701040001000000080104000F270000090104007E0400000A01040064000000
04-12 20:42:42.785146  1348  1359 I mipc_lib: SEND MSGID=0011 [SYS_GET_THERMAL_SENSOR_INFO_REQ], TXID=0007 [thermal_core], DUMP=841954240000000001001100070008000001040002000000
04-12 20:42:42.785870  1348  2109 I mipc_lib: RECV MSGID=0012 [SYS_GET_THERMAL_SENSOR_INFO_CNF], TXID=0007, DUMP=841954240000000001021200070070000000040000000000000104000200000001010F0050415F47726F75705F315F4E5443000000000000020101000000000003010100060000000401040038FFFFFF050104000F270000060104001E0000000701040001000000080104000F270000090104007E0400000A01040064000000
04-12 20:42:42.785943  1348  1359 I mipc_lib: SEND MSGID=0011 [SYS_GET_THERMAL_SENSOR_INFO_REQ], TXID=0008 [thermal_core], DUMP=841954240000000001001100080008000001040003000000
04-12 20:42:42.786785  1348  2109 I mipc_lib: RECV MSGID=0012 [SYS_GET_THERMAL_SENSOR_INFO_CNF], TXID=0008, DUMP=841954240000000001021200080070000000040000000000000104000300000001010F0050415F47726F75705F325F4E5443000000000000020101000000000003010100060000000401040038FFFFFF050104000F270000060104001E0000000701040001000000080104000F270000090104007E0400000A01040064000000
04-12 20:42:42.786848  1348  1359 I mipc_lib: SEND MSGID=0065 [SYS_GET_ALL_THERMAL_INFO_REQ], TXID=0009 [thermal_core], DUMP=84195424000000000100650009000000
04-12 20:42:42.789260  1348  2109 I mipc_lib: RECV MSGID=0066 [SYS_GET_ALL_THERMAL_INFO_CNF], TXID=0009, DUMP=8419542400000000010266000900180500000400000000000101010001000000020100000000000000000000FC7F0400FC7F080000000000ED01000000000000FD7F0800010000007A01000000000000FE7F0800020000007001000000000000FF7F0800030000006901000000000000030100000000000000000000E87F1400E87F3400010000000800000000000000554C205468726F74746C650000000000000000000000000000000000000000000000000000000000E97F3400020000001500000000000000545820504F5745522034470000000000000000000000000000000000000000000000000000000000EA7F340003000000FF000000FFFFFF00434320436F6E74726F6C000000000000000000000000000000000000000000000000000000000000EB7F340004000000000000000000000048656164737769746368000000000000000000000000000000000000000000000000000000000000EC7F340005000000000000000000000052415300000000000000000000000000000000000000000000000000000000000000000000000000ED7F3400060000000000000000000000545820504F5745522035472000000000000000000000000000000000000000000000000000000000EE7F340007000000010000000000000
04-12 20:42:43.141772  1750  1750 D TelephonyRegistry: listen oscl: mHasNotifySubscriptionInfoChangedOccurred==false no callback
04-12 20:42:43.174502  1750  2208 D TelephonyRegistry: listen oscl: mHasNotifySubscriptionInfoChangedOccurred==false no callback
04-12 20:42:43.350227  1132  1147 I mipc_lib: SEND MSGID=1409 [MIPC_LOC_LBS_SYNC_LOCATION_EM_CONFIG_REQ], TXID=0005 [binder:1132_2], DUMP=8419542400000000010009140500100000010400010000000101040000000000
04-12 20:42:43.356834  1132  1873 I mipc_lib: RECV MSGID=140a [MIPC_LOC_LBS_SYNC_LOCATION_EM_CONFIG_CNF], TXID=0005, DUMP=841954240000000001020A1405000800000004006A000000
04-12 20:42:43.391448  1750  2228 D TelephonyRegistry: listen oscl: mHasNotifySubscriptionInfoChangedOccurred==false no callback
04-12 20:42:43.494556  1750  1750 D TelephonyRegistry: listen oscl: mHasNotifySubscriptionInfoChangedOccurred==false no callback
04-12 20:42:43.851294  1750  1750 W TelephonyRegistry: Pid 1750 has exceeded half the number of permissible registered listeners. Now at 25
04-12 20:42:43.851461  1750  1750 W TelephonyRegistry: Pid 1750 has exceeded half the number of permissible registered listeners. Now at 26
04-12 20:42:44.026527  1750  1750 W TelephonyRegistry: Pid 1750 has exceeded half the number of permissible registered listeners. Now at 27
04-12 20:42:44.026784  1750  1750 W TelephonyRegistry: Pid 1750 has exceeded half the number of permissible registered listeners. Now at 28
04-12 20:42:44.206047  1750  2195 W TelephonyRegistry: Pid 1750 has exceeded half the number of permissible registered listeners. Now at 29
04-12 20:42:44.206113  1750  2195 D TelephonyRegistry: listen oscl: mHasNotifySubscriptionInfoChangedOccurred==false no callback
04-12 20:42:44.209223  1750  1750 W TelephonyRegistry: Pid 1750 has exceeded half the number of permissible registered listeners. Now at 30
04-12 20:42:44.209242  1750  1750 D TelephonyRegistry: listen oscl: mHasNotifySubscriptionInfoChangedOccurred==false no callback
04-12 20:42:44.210070  1750  1750 W TelephonyRegistry: Pid 1750 has exceeded half the number of permissible registered listeners. Now at 31
04-12 20:42:44.210234  1750  1750 W TelephonyRegistry: Pid 1750 has exceeded half the number of permissible registered listeners. Now at 32
04-12 20:42:44.210566  1750  1750 W TelephonyRegistry: Pid 1750 has exceeded half the number of permissible registered listeners. Now at 33
04-12 20:42:44.210836  1750  1750 W TelephonyRegistry: Pid 1750 has exceeded half the number of permissible registered listeners. Now at 34
04-12 20:42:44.357514  1132  1147 I mipc_lib: SEND MSGID=1409 [MIPC_LOC_LBS_SYNC_LOCATION_EM_CONFIG_REQ], TXID=0006 [binder:1132_2], DUMP=8419542400000000010009140600100000010400010000000101040000000000
04-12 20:42:44.363743  1132  1873 I mipc_lib: RECV MSGID=140a [MIPC_LOC_LBS_SYNC_LOCATION_EM_CONFIG_CNF], TXID=0006, DUMP=841954240000000001020A1406000800000004006A000000
04-12 20:42:44.383716  1750  2197 W TelephonyRegistry: Pid 1750 has exceeded half the number of permissible registered listeners. Now at 35
04-12 20:42:44.383734  1750  2197 D TelephonyRegistry: listen oscl: mHasNotifySubscriptionInfoChangedOccurred==false no callback
04-12 20:42:44.384847  1750  2197 W TelephonyRegistry: Pid 1750 has exceeded half the number of permissible registered listeners. Now at 36
04-12 20:42:44.391244  1750  2207 W TelephonyRegistry: Pid 1750 has exceeded half the number of permissible registered listeners. Now at 37
04-12 20:42:44.391402  1750  2207 W TelephonyRegistry: Pid 1750 has exceeded half the number of permissible registered listeners. Now at 38
04-12 20:42:44.426231  1750  1750 W TelephonyRegistry: Pid 1750 has exceeded half the number of permissible registered listeners. Now at 39
04-12 20:42:44.426559  1750  1750 W TelephonyRegistry: Pid 1750 has exceeded half the number of permissible registered listeners. Now at 40
04-12 20:42:44.426611  1750  1750 D TelephonyRegistry: listen oscl: mHasNotifySubscriptionInfoChangedOccurred==false no callback
04-12 20:42:44.465821  1750  1877 W CarrierConfigManager: Error getting config for subId -1 ICarrierConfigLoader is null
04-12 20:42:44.503659  1750  1750 W TelephonyRegistry: Pid 1750 has exceeded half the number of permissible registered listeners. Now at 41
04-12 20:42:44.503678  1750  1750 D TelephonyRegistry: listen oscl: mHasNotifySubscriptionInfoChangedOccurred==false no callback
04-12 20:42:44.510072  1750  1750 W TelephonyRegistry: Pid 1750 has exceeded half the number of permissible registered listeners. Now at 42
04-12 20:42:44.510084  1750  1750 D TelephonyRegistry: listen oscl: mHasNotifySubscriptionInfoChangedOccurred==false no callback
04-12 20:42:44.529756  1750  1750 D TelephonyRegistry: systemRunning register for intents
04-12 20:42:44.562113  1750  1911 W TelephonyRegistry: Pid 1750 has exceeded half the number of permissible registered listeners. Now at 43
04-12 20:42:44.562153  1750  1911 D TelephonyRegistry: listen oscl: mHasNotifySubscriptionInfoChangedOccurred==false no callback
04-12 20:42:44.730146  2596  2596 W CarrierConfigManager: Error getting config for subId -1 ICarrierConfigLoader is null
04-12 20:42:44.846360  2663  2663 I MtkIccProvider: MtkIccProvider URL_MATCHER android.content.UriMatcher@e2d3ab
04-12 20:42:44.862081  2683  2683 I ImsApp  : ImsApp onCreate begin
04-12 20:42:44.863131  2683  2683 I ImsService: init
04-12 20:42:44.863784  2683  2683 I IMS_RILA: Ims-RIL: init phone = 0
04-12 20:42:44.883618  2683  2683 I IMS_RILA: Ims-RIL: proxy = true [SUB0]
04-12 20:42:44.884042  1350  1765 I AT      : SEND MSGID=050f [SIM_STATUS_REQ], TXID=015f [RFXSender_6], DUMP=841954240000000001000F055F0108000001010001000000
04-12 20:42:44.891121  1350  1723 I AT      : RECV MSGID=0510 [SIM_STATUS_CNF], TXID=015f, DUMP=8419542400000000010210055F010801000004000300000000010100000000000101010000000000020101000000000003010100000000000401010000000000050101000000000006010100FF00000007010100FF00000008010100FF00000009010100000000000C8115002A2A2A2A2A2A2A2A2A2A2A2A2A2A2A2A2A2A2A2A2A000000000000000D8150002A2A2A2A2A2A2A2A2A2A2A2A2A2A2A2A2A2A2A2A2A2A2A2A2A2A2A2A2A2A2A2A2A2A2A2A2A2A2A2A2A2A2A2A2A2A2A2A2A2A2A2A2A2A2A2A2A2A2A2A2A2A2A2A2A2A2A2A2A2A2A2A2A2A2A2A2A2A2A2A000000000E010100000000000F0101000000000010010100000000001101010000000000120101000000000014010100000000001501010000000000
04-12 20:42:44.897237  1350  1765 I RmmSimCommReq: [0] handleGetSimStatusResponse, token:9, result:3,state:0,pin:0,appindex:-1,-1,-1, atr:80,, icid:21,, eid:0,(null), mepMode:0
04-12 20:42:44.898102  1350  1743 I RtmRadioCont: [0] onSimStateChanged 6 -> 1
04-12 20:42:44.898121  1350  1743 I RtmRadioCont: [0] updateRadioState, SIM1 state:1, request:0, current:0
04-12 20:42:44.898127  1350  1743 I RtmRadioCont: [0] updateRadioState, SIM2 state:1, request:0, current:0
04-12 20:42:44.898959  1350  1743 I RtmImsConfigController: [0] onSimStateChanged, simState = 1
04-12 20:42:44.899066  1350  1743 I RtmImsConfigController: [0] Do not support DYNAMIC IMS SWITCH, return!
04-12 20:42:44.899078  1350  1743 I VT RIL RTM: [0] onSimStateChanged, simState = 1
04-12 20:42:44.899081  1350  1743 I VT RIL RTM: [0] SIM absemt, clear SPB in Mcl
04-12 20:42:44.900659  1350  1771 I VT RIL RMM: [Handle REQ] request = 59028
04-12 20:42:44.900668  1350  1771 I VT RIL RMM: clear SBP flag for slotId: 0
04-12 20:42:44.900779  1350  1743 E RILC    : RIL_onRequestComplete: invalid RIL_Token
04-12 20:42:44.928147  1350  1778 I AT      : SEND MSGID=050f [SIM_STATUS_REQ], TXID=0160 [RFXSender_18], DUMP=841954240000000002000F05600108000001010001000000
04-12 20:42:44.932113  2683  2683 I IMS_RILA: getRadioServiceProxy: voice mRadioVersion 2.2 [SUB0]
04-12 20:42:44.932256  2683  2683 I IMS_RILA: Ims-RIL: serviceProxy.isAidl = true [SUB0]
04-12 20:42:44.932596  1350  1350 I RIL-Fusion: getRadioState(): (0)radioState=0
04-12 20:42:44.932628  1350  1350 E RILC    : radioStateChanged: radioModemServiceImpl[0].modemIndication == NULL
04-12 20:42:44.932631  1350  1350 I RIL-Fusion: getRadioState(): (0)radioState=0
04-12 20:42:44.932634  1350  1350 E RILC    : imsRadioStateChangedInd: ims radioModemServiceImpl[4].modemIndication == NULL
04-12 20:42:44.932656  1350  1350 E RILC    : radioStateChanged: radioModemServiceImpl[0].mtkEmIndication == NULL
04-12 20:42:44.932662  1350  1350 I RILC    : onNewCommandConnect, slot 0, client 2
04-12 20:42:44.932684  1350  1384 I RILC    : sendPendedUrcCallback 1 0 2
04-12 20:42:44.934463  2683  2683 I IMS_RILA: getRadioServiceProxy: sim mRadioVersion 2.2 [SUB0]
04-12 20:42:44.934621  2683  2683 I IMS_RILA: Ims-RIL: serviceProxy.isAidl = true [SUB0]
04-12 20:42:44.935069  1350  1723 I AT      : RECV MSGID=0510 [SIM_STATUS_CNF], TXID=0160, DUMP=84195424000000000202100560010801000004000300000000010100000000000101010001000000020101000100000003010100000000000401010000000000050101000000000006010100FF00000007010100FF00000008010100FF00000009010100000000000C8115002A2A2A2A2A2A2A2A2A2A2A2A2A2A2A2A2A2A2A2A2A000000000000000D8150002A2A2A2A2A2A2A2A2A2A2A2A2A2A2A2A2A2A2A2A2A2A2A2A2A2A2A2A2A2A2A2A2A2A2A2A2A2A2A2A2A2A2A2A2A2A2A2A2A2A2A2A2A2A2A2A2A2A2A2A2A2A2A2A2A2A2A2A2A2A2A2A2A2A2A2A2A2A2A2A000000000E010100000000000F0101000000000010010100000000001101010000000000120101000000000014010100010000001501010000000000
04-12 20:42:44.935650  2683  2683 D RadioModemProxy: AIDL initialized
04-12 20:42:44.935675  2683  2683 I IMS_RILA: getRadioServiceProxy: modem mRadioVersion 2.2 [SUB0]
04-12 20:42:44.937017  2683  2683 I IMS_RILA: Ims-RIL: serviceProxy.isAidl = true [SUB0]
04-12 20:42:44.940025  1350  1778 I RmmSimCommReq: [1] handleGetSimStatusResponse, token:11, result:3,state:0,pin:0,appindex:-1,-1,-1, atr:80,, icid:21,, eid:0,(null), mepMode:0
04-12 20:42:44.940334  1350  1743 I RtmRadioCont: [1] onSimStateChanged 6 -> 1
04-12 20:42:44.940371  1350  1743 I RtmRadioCont: [1] updateRadioState, SIM1 state:1, request:0, current:0
04-12 20:42:44.940377  1350  1743 I RtmRadioCont: [1] updateRadioState, SIM2 state:1, request:0, current:0
04-12 20:42:44.940694  1350  1743 I RtmImsConfigController: [1] onSimStateChanged, simState = 1
04-12 20:42:44.940748  1350  1743 I RtmImsConfigController: [1] Do not support DYNAMIC IMS SWITCH, return!
04-12 20:42:44.940757  1350  1743 I VT RIL RTM: [1] onSimStateChanged, simState = 1
04-12 20:42:44.940760  1350  1743 I VT RIL RTM: [1] SIM absemt, clear SPB in Mcl
04-12 20:42:44.941560  1350  1350 I RILC    : notifyModemImsServiceReady, [0]Fire Pending indication UNSOL_RESPONSE_RADIO_STATE_CHANGED(0)
04-12 20:42:44.941697  1350  1350 I RIL-Fusion: getRadioState(): (0)radioState=0
04-12 20:42:44.943372  2683  2683 D RadioNetworkProxy: AIDL initialized
04-12 20:42:44.943422  2683  2683 I IMS_RILA: getRadioServiceProxy: nw mRadioVersion 2.2 [SUB0]
04-12 20:42:44.943647  2683  2683 I IMS_RILA: Ims-RIL: serviceProxy.isAidl = true [SUB0]
04-12 20:42:44.944264  1350  1771 I VT RIL RMM: [Handle REQ] request = 59028
04-12 20:42:44.944299  1350  1771 I VT RIL RMM: clear SBP flag for slotId: 1
04-12 20:42:44.944379  1350  1743 E RILC    : RIL_onRequestComplete: invalid RIL_Token
04-12 20:42:44.950924  2683  2683 D MtkRadioExImsProxy: AIDL version=2, halVersion=4.1
04-12 20:42:44.951004  2683  2683 I IMS_RILA: getMtkRadioExServiceProxy, ims mMtkRadioVersion = 4.1 [SUB0]
04-12 20:42:44.951431  1350  1384 I RILC    : sendPendedUrcCallback 1 0 3
04-12 20:42:44.951455  1350  1384 I RILC    : sendPendedUrcs start RIL_SOCKET_1, RIL_UNSOL_IMS_BEARER_INIT, client 3
04-12 20:42:44.951490  1350  1384 I RILC    : sendPendedUrcs end RIL_SOCKET_1, RIL_UNSOL_IMS_BEARER_INIT, client 3
04-12 20:42:44.951510  1350  1350 I RILC    : onNewCommandConnect, slot 0, client 3
04-12 20:42:44.954264  2683  2683 D MtkRadioExVoiceProxy: AIDL version=1, halVersion=4.0
04-12 20:42:44.954303  2683  2683 I IMS_RILA: getMtkRadioExServiceProxy, voice mMtkRadioVersion = 4.0 [SUB0]
04-12 20:42:44.959730  2683  2683 D MtkRadioExModemProxy: AIDL version=3, halVersion=4.2
04-12 20:42:44.959759  2683  2683 I IMS_RILA: getMtkRadioExServiceProxy modem mMtkRadioVersion = 4.2 [SUB0]
04-12 20:42:44.960214  2683  2683 I IMS_RILA: Ims-RIL: init phone = 1
04-12 20:42:44.962377  2683  2683 I IMS_RILA: Ims-RIL: proxy = true [SUB1]
04-12 20:42:44.963023  1350  1765 I AT      : SEND MSGID=050f [SIM_STATUS_REQ], TXID=0161 [RFXSender_6], DUMP=841954240000000001000F05610108000001010001000000
04-12 20:42:44.963750  2683  2683 I IMS_RILA: getRadioServiceProxy: voice mRadioVersion 2.2 [SUB1]
04-12 20:42:44.963830  2683  2683 I IMS_RILA: Ims-RIL: serviceProxy.isAidl = true [SUB1]
04-12 20:42:44.964113  1350  1350 I RIL-Fusion: getRadioState(): (1)radioState=0
04-12 20:42:44.964126  1350  1350 E RILC    : radioStateChanged: radioModemServiceImpl[1].modemIndication == NULL
04-12 20:42:44.964131  1350  1350 I RIL-Fusion: getRadioState(): (1)radioState=0
04-12 20:42:44.964134  1350  1350 E RILC    : imsRadioStateChangedInd: ims radioModemServiceImpl[5].modemIndication == NULL
04-12 20:42:44.964193  1350  1350 E RILC    : radioStateChanged: radioModemServiceImpl[1].mtkEmIndication == NULL
04-12 20:42:44.964203  1350  1350 I RILC    : onNewCommandConnect, slot 1, client 2
04-12 20:42:44.964231  1350  1384 I RILC    : sendPendedUrcCallback 1 1 2
04-12 20:42:44.964572  2683  2683 I IMS_RILA: getRadioServiceProxy: sim mRadioVersion 2.2 [SUB1]
04-12 20:42:44.964686  2683  2683 I IMS_RILA: Ims-RIL: serviceProxy.isAidl = true [SUB1]
04-12 20:42:44.965343  2683  2683 D RadioModemProxy: AIDL initialized
04-12 20:42:44.965361  2683  2683 I IMS_RILA: getRadioServiceProxy: modem mRadioVersion 2.2 [SUB1]
04-12 20:42:44.965429  2683  2683 I IMS_RILA: Ims-RIL: serviceProxy.isAidl = true [SUB1]
04-12 20:42:44.965980  1350  1350 I RILC    : notifyModemImsServiceReady, [1]Fire Pending indication UNSOL_RESPONSE_RADIO_STATE_CHANGED(1)
04-12 20:42:44.965997  1350  1350 I RIL-Fusion: getRadioState(): (1)radioState=0
04-12 20:42:44.966249  2683  2683 D RadioNetworkProxy: AIDL initialized
04-12 20:42:44.966269  2683  2683 I IMS_RILA: getRadioServiceProxy: nw mRadioVersion 2.2 [SUB1]
04-12 20:42:44.966356  2683  2683 I IMS_RILA: Ims-RIL: serviceProxy.isAidl = true [SUB1]
04-12 20:42:44.967749  2683  2683 D MtkRadioExImsProxy: AIDL version=2, halVersion=4.1
04-12 20:42:44.967769  2683  2683 I IMS_RILA: getMtkRadioExServiceProxy, ims mMtkRadioVersion = 4.1 [SUB1]
04-12 20:42:44.969142  1350  1350 I RILC    : onNewCommandConnect, slot 1, client 3
04-12 20:42:44.969209  1350  1384 I RILC    : sendPendedUrcCallback 1 1 3
04-12 20:42:44.969216  1350  1384 I RILC    : sendPendedUrcs start RIL_SOCKET_2, RIL_UNSOL_IMS_BEARER_INIT, client 3
04-12 20:42:44.969255  1350  1384 I RILC    : sendPendedUrcs end RIL_SOCKET_2, RIL_UNSOL_IMS_BEARER_INIT, client 3
04-12 20:42:44.969337  2683  2683 D MtkRadioExVoiceProxy: AIDL version=1, halVersion=4.0
04-12 20:42:44.969370  2683  2683 I IMS_RILA: getMtkRadioExServiceProxy, voice mMtkRadioVersion = 4.0 [SUB1]
04-12 20:42:44.970382  1350  1723 I AT      : RECV MSGID=0510 [SIM_STATUS_CNF], TXID=0161, DUMP=84195424000000000102100561010801000004000300000000010100000000000101010000000000020101000000000003010100000000000401010000000000050101000000000006010100FF00000007010100FF00000008010100FF00000009010100000000000C8115002A2A2A2A2A2A2A2A2A2A2A2A2A2A2A2A2A2A2A2A2A000000000000000D8150002A2A2A2A2A2A2A2A2A2A2A2A2A2A2A2A2A2A2A2A2A2A2A2A2A2A2A2A2A2A2A2A2A2A2A2A2A2A2A2A2A2A2A2A2A2A2A2A2A2A2A2A2A2A2A2A2A2A2A2A2A2A2A2A2A2A2A2A2A2A2A2A2A2A2A2A2A2A2A2A000000000E010100000000000F0101000000000010010100000000001101010000000000120101000000000014010100000000001501010000000000
04-12 20:42:44.970730  2683  2683 D MtkRadioExModemProxy: AIDL version=3, halVersion=4.2
04-12 20:42:44.970752  2683  2683 I IMS_RILA: getMtkRadioExServiceProxy modem mMtkRadioVersion = 4.2 [SUB1]
04-12 20:42:44.971323  2683  2683 D ImsDataTracker: mIsBearerNotify rule set to 1
04-12 20:42:44.973584  2683  2683 D ImsDataTracker: setImsBearerNotification enable: 1
04-12 20:42:44.974070  2683  2873 D DC-emergency[0]: DefaultState: enter
04-12 20:42:44.974093  2683  2873 D DC-emergency[0]: InactiveState: refreshNetworkLostListener
04-12 20:42:44.974196  2683  2873 E DC-emergency[0]: InactiveState: cb already has been released!!
04-12 20:42:44.974236  2683  2873 D DC-emergency[0]: InactiveState: refreshNetworkLostListener, uid = 1001, package name: com.mediatek.ims
04-12 20:42:44.977348  1350  1768 I RmmDcImsURCHandler: [0][handleImsBearerNotification] handleImsBearerNotification phone=0 enable=1
04-12 20:42:44.977367  1350  1768 I RmmDcImsURCHandler: [0][checkImsServiceRestartAfterSystemCrash] vendor.ril.zygote.state=
04-12 20:42:44.977372  1350  1768 I RmmDcImsURCHandler: [0][notifyUnsyncImsBearerRequest] imsPdnState=0
04-12 20:42:44.977375  1350  1768 D RmmDcImsURCHandler: [0][notifyUnsyncImsBearerRequest] no ongoing ACTIVATED or DEACTIVATED event
04-12 20:42:44.977908  1350  1765 I RmmSimCommReq: [0] handleGetSimStatusResponse, token:13, result:3,state:0,pin:0,appindex:-1,-1,-1, atr:80,, icid:21,, eid:0,(null), mepMode:0
04-12 20:42:44.978514  2683  2880 D DC-ims[1]: DefaultState: enter
04-12 20:42:44.978605  2683  2880 D DC-ims[1]: InactiveState: refreshNetworkLostListener
04-12 20:42:44.978645  2683  2880 E DC-ims[1]: InactiveState: cb already has been released!!
04-12 20:42:44.978658  2683  2880 D DC-ims[1]: InactiveState: refreshNetworkLostListener, uid = 1001, package name: com.mediatek.ims
04-12 20:42:44.978761  2683  2683 D ImsDataTracker: setImsBearerNotification enable: 1
04-12 20:42:44.981071  1350  1778 I AT      : SEND MSGID=050f [SIM_STATUS_REQ], TXID=0162 [RFXSender_18], DUMP=841954240000000002000F05620108000001010001000000
04-12 20:42:44.984089  1350  1781 I RmmDcImsURCHandler: [1][handleImsBearerNotification] handleImsBearerNotification phone=1 enable=1
04-12 20:42:44.984115  1350  1781 I RmmDcImsURCHandler: [1][checkImsServiceRestartAfterSystemCrash] vendor.ril.zygote.state=
04-12 20:42:44.984120  1350  1781 I RmmDcImsURCHandler: [1][notifyUnsyncImsBearerRequest] imsPdnState=0
04-12 20:42:44.984123  1350  1781 D RmmDcImsURCHandler: [1][notifyUnsyncImsBearerRequest] no ongoing ACTIVATED or DEACTIVATED event
04-12 20:42:44.986716  1750  1860 D TelephonyRegistry: listen oscl: mHasNotifySubscriptionInfoChangedOccurred==false no callback
04-12 20:42:44.987842  2683  2873 D DC-emergency[0]: InactiveState:  enter
04-12 20:42:44.987893  2683  2873 D DC-ims[0]: DefaultState: enter
04-12 20:42:44.987908  2683  2873 D DC-ims[0]: InactiveState: refreshNetworkLostListener
04-12 20:42:44.987952  2683  2873 E DC-ims[0]: InactiveState: cb already has been released!!
04-12 20:42:44.987969  2683  2873 D DC-ims[0]: InactiveState: refreshNetworkLostListener, uid = 1001, package name: com.mediatek.ims
04-12 20:42:44.988421  1350  1723 I AT      : RECV MSGID=0510 [SIM_STATUS_CNF], TXID=0162, DUMP=84195424000000000202100562010801000004000300000000010100000000000101010001000000020101000100000003010100000000000401010000000000050101000000000006010100FF00000007010100FF00000008010100FF00000009010100000000000C8115002A2A2A2A2A2A2A2A2A2A2A2A2A2A2A2A2A2A2A2A2A000000000000000D8150002A2A2A2A2A2A2A2A2A2A2A2A2A2A2A2A2A2A2A2A2A2A2A2A2A2A2A2A2A2A2A2A2A2A2A2A2A2A2A2A2A2A2A2A2A2A2A2A2A2A2A2A2A2A2A2A2A2A2A2A2A2A2A2A2A2A2A2A2A2A2A2A2A2A2A2A2A2A2A2A000000000E010100000000000F0101000000000010010100000000001101010000000000120101000000000014010100010000001501010000000000
04-12 20:42:44.994659  1350  1778 I RmmSimCommReq: [1] handleGetSimStatusResponse, token:15, result:3,state:0,pin:0,appindex:-1,-1,-1, atr:80,, icid:21,, eid:0,(null), mepMode:0
04-12 20:42:44.998664  2683  2873 D DC-ims[0]: InactiveState:  enter
04-12 20:42:44.998783  1750  2644 D TelephonyRegistry: listen oscl: mHasNotifySubscriptionInfoChangedOccurred==false no callback
04-12 20:42:44.999656  2683  2880 D DC-ims[1]: InactiveState:  enter
04-12 20:42:44.999681  2683  2880 D DC-emergency[1]: DefaultState: enter
04-12 20:42:44.999687  2683  2880 D DC-emergency[1]: InactiveState: refreshNetworkLostListener
04-12 20:42:44.999705  2683  2880 E DC-emergency[1]: InactiveState: cb already has been released!!
04-12 20:42:44.999714  2683  2880 D DC-emergency[1]: InactiveState: refreshNetworkLostListener, uid = 1001, package name: com.mediatek.ims
04-12 20:42:44.999883  2683  2683 D ImsManagerOemPluginBase: default isMergeRcsStateToImsSupport = false
04-12 20:42:45.005805  2683  2880 D DC-emergency[1]: InactiveState:  enter
04-12 20:42:45.075617  2683  2683 D ImsConfigEventReceiver[0]: init with phoneId:0, simState = 0, carrier config loaded: false
04-12 20:42:45.111517  2683  2683 D FeatureConnector: [InstanceManager, 0] imsFeatureRemoved: reason=3
04-12 20:42:45.112180  2683  2953 I ImsManager: IM[0] connectionUnavailable, reason: 3
04-12 20:42:45.114907  1750  2524 D TelephonyRegistry: listen oscl: mHasNotifySubscriptionInfoChangedOccurred==false no callback
04-12 20:42:45.115256  2683  2683 D SuppServExt: [0]MtkSuppServExt init done.
04-12 20:42:45.115306  2683  2683 D ImsEventPackageAdapter: ImsEventPackageAdapter()
04-12 20:42:45.115454  2683  2683 D ImsEventPackageAdapter: Use AOSP default ImsExternalCallState.
04-12 20:42:45.116714  2683  2920 D SuppServExt: [0]handleMessage: EVENT_RADIO_OFF(3)
04-12 20:42:45.119943  2683  2683 D ImsConfigEventReceiver[1]: init with phoneId:1, simState = 0, carrier config loaded: false
04-12 20:42:45.123023  2683  2683 D FeatureConnector: [InstanceManager, 1] imsFeatureRemoved: reason=3
04-12 20:42:45.124779  2683  2958 I ImsManager: IM[1] connectionUnavailable, reason: 3
04-12 20:42:45.125334  1750  2518 D TelephonyRegistry: listen oscl: mHasNotifySubscriptionInfoChangedOccurred==false no callback
04-12 20:42:45.125478  2683  2683 D SuppServExt: [1]MtkSuppServExt init done.
04-12 20:42:45.125492  2683  2683 D ImsEventPackageAdapter: ImsEventPackageAdapter()
04-12 20:42:45.126061  2683  2920 D SuppServExt: [1]handleMessage: EVENT_RADIO_OFF(3)
04-12 20:42:45.126118  2683  2683 D ImsEventPackageAdapter: Use AOSP default ImsExternalCallState.
04-12 20:42:45.127552  1350  1762 I AT      : SEND MSGID=0003 [SYS_AT_REQ], TXID=0163 [RFXSender_3], DUMP=8419542400000000010003006301100000810B002A2A2A2A2A2A2A2A2A2A2A00
04-12 20:42:45.131134  1350  1775 I AT      : SEND MSGID=0003 [SYS_AT_REQ], TXID=0164 [RFXSender_15], DUMP=8419542400000000020003006401100000810B002A2A2A2A2A2A2A2A2A2A2A00
04-12 20:42:45.132329  2663  2663 W TelephonyComponentFactory: getValidatedPaths: com.mediatek.internal.telephony.MtkTelephonyComponentFactory ,/system_ext/framework/mediatek-telephony-common.jar
04-12 20:42:45.132471  2663  2663 W TelephonyComponentFactory: StructStatVfs: 4097 ,1
04-12 20:42:45.132484  2663  2663 D TelephonyComponentFactory: validated paths: /system_ext/framework/mediatek-telephony-common.jar
04-12 20:42:45.133881  2683  2683 D ImsManagerOemPluginBase: default isWfcSupport
04-12 20:42:45.133910  2683  2683 D WfoService: WfoService new MWIService
04-12 20:42:45.133996  2683  2683 D MWIS    : [MwiService] Construct MwiService
04-12 20:42:45.134023  2683  2683 D MWIS    : [MwiService] mSimCount: 2
04-12 20:42:45.135150  1350  1723 I AT      : RECV MSGID=4a01 [IMS_STATE_IND], TXID=ffff, DUMP=84195424000000000103014AFFFF1800000101000000000001010100000000000201040000000000
04-12 20:42:45.135540  1350  1723 I AT      : RECV MSGID=0004 [SYS_AT_CNF], TXID=0163, DUMP=841954240000000001020400630118000000040000000000008107002A2A2A2A2A2A2A0000000000
04-12 20:42:45.135828  1350  1723 I AT      : RECV MSGID=4a01 [IMS_STATE_IND], TXID=ffff, DUMP=84195424000000000203014AFFFF1800000101000000000001010100000000000201040000000000
04-12 20:42:45.135940  1350  1740 I RmmImsCtlUrcHdl: [0] handleImsRegistrationInfo, +CIREGU:0,0
04-12 20:42:45.136380  1350  1741 I RmmImsCtlUrcHdl: [1] handleImsRegistrationInfo, +CIREGU:0,0
04-12 20:42:45.136883  1350  1723 I AT      : RECV MSGID=0004 [SYS_AT_CNF], TXID=0164, DUMP=841954240000000002020400640118000000040000000000008107002A2A2A2A2A2A2A0000000000
04-12 20:42:45.138164  1350  1743 E RILC    : imsNetworkStateChangedInd: radioNetworkServiceImpl[0]->networkIndication == NULL
04-12 20:42:45.138217  1350  1743 E RILC    : imsNetworkStateChangedInd: radioNetworkServiceImpl[1]->networkIndication == NULL
04-12 20:42:45.148283  2683  2920 D SuppServExt: [0]handleMessage: EVENT_IMS_REGISTRATION_INFO(1)
04-12 20:42:45.148309  2683  2920 D SuppServExt: [0]EVENT_IMS_REGISTRATION_INFO: 0
04-12 20:42:45.153076  2683  2683 E MwiRIL  : mRadioProxyEx getService() done [SUB0]
04-12 20:42:45.153181  2683  2683 E MwiRIL  : mRadioProxyEx getService() done 2 [SUB0]
04-12 20:42:45.153957  2683  2683 E MwiRIL  : mRadioProxyEx getService() done [SUB1]
04-12 20:42:45.154006  2683  2683 E MwiRIL  : mRadioProxyEx getService() done 2 [SUB1]
04-12 20:42:45.155403  1350  1350 I RILC    : onNewCommandConnect, slot 0, client 4
04-12 20:42:45.155476  1350  1384 I RILC    : sendPendedUrcCallback 1 0 4
04-12 20:42:45.158473  2683  2962 D WifiPdnHandler: initWifiManager.
04-12 20:42:45.159084  1350  1384 I RILC    : sendPendedUrcCallback 1 1 4
04-12 20:42:45.159883  1350  1350 I RILC    : onNewCommandConnect, slot 1, client 4
04-12 20:42:45.160309  2683  2920 D SuppServExt: [1]handleMessage: EVENT_IMS_REGISTRATION_INFO(1)
04-12 20:42:45.160329  2683  2920 D SuppServExt: [1]EVENT_IMS_REGISTRATION_INFO: 0
04-12 20:42:45.182923  1350  1762 I AT      : SEND MSGID=0b06 [WFC_CFG_REQ], TXID=0165 [RFXSender_3], DUMP=84195424000000000100060B650108000001010001000000
04-12 20:42:45.184928  1750  2902 D TelephonyRegistry: listen oscl: mHasNotifySubscriptionInfoChangedOccurred==false no callback
04-12 20:42:45.186356  2683  2683 I ImsService: Clearing all calls...
04-12 20:42:45.189489  1350  1723 I AT      : RECV MSGID=0b07 [WFC_CFG_CNF], TXID=0165, DUMP=84195424000000000102070B650108000000040000000000
04-12 20:42:45.194660  2683  2683 I ImsApp  : ImsApp onCreate end
04-12 20:42:45.205663  2663  2663 W TelephonyComponentFactory: getValidatedPaths: com.mediatek.internal.telephony.MtkTelephonyComponentFactory ,/system_ext/framework/mediatek-telephony-common.jar
04-12 20:42:45.205707  2663  2663 W TelephonyComponentFactory: StructStatVfs: 4097 ,1
04-12 20:42:45.205714  2663  2663 D TelephonyComponentFactory: Total components injected: 24
04-12 20:42:45.205957  2663  2663 D TDC     : class = class com.mediatek.internal.telephony.MtkTelephonyDevController
04-12 20:42:45.205971  2663  2663 D TDC     : constructor function = public com.mediatek.internal.telephony.MtkTelephonyDevController()
04-12 20:42:45.206088  2663  2663 D TDC     : updateOrInsert: inserting: Modem { uuid=modem, state=0, rilModel=0, rat={}, maxActiveVoiceCall=1, maxActiveDataCall=1, maxStandby=1 }
04-12 20:42:45.206098  2663  2663 D TDC     : updateOrInsert: inserting: Sim { uuid=sim, modemUuid=modem, state=0 }
04-12 20:42:45.206101  2663  2663 D TDC     : MtkTelephonyDevController constructor
04-12 20:42:45.239443  1750  1750 D TelephonyRegistry: notifyCellLocationForSubscriber: subId=2147483647 cellIdentity=null
04-12 20:42:45.240051  1750  1750 D TelephonyRegistry: notifyCellLocationForSubscriber: subId=2147483647 cellIdentity=null
04-12 20:42:45.243716  2663  2663 D MetricsCollector: registered
04-12 20:42:45.247223  2663  2663 D MtkTelephonyComponentFactory: makeDefaultPhoneNotifier mtk
04-12 20:42:45.258115  2663  2663 D TranSignalSmooth: [TranSignalSmooth]
04-12 20:42:45.266629  2663  2663 D MtkTelephonyRegistryEx: publish: com.mediatek.internal.telephony.MtkTelephonyRegistryEx@dc6c9d
04-12 20:42:45.268435  2663  2663 I PhoneFactory: Cdma Subscription set to -1
04-12 20:42:45.268575  2663  2663 I PhoneFactory: Network Mode set to 32
04-12 20:42:45.268787  2663  2663 I RILJ    : RIL: init allowedNetworkTypes=906119 cdmaSubscription=-1) [PHONEnull]
04-12 20:42:45.278345  1350  1785 D VT RIL THD: [VT RIL THD] msg_type = 103002, recv_length = 12
04-12 20:42:45.278370  1350  1785 I VT RIL PSR: [VT  PARSER] MSG_ID_WRAP_IMSVT_RILD_VTSERVICE_STATUS
04-12 20:42:45.278374  1350  1785 D VT RIL THD: [VT RIL THD] slot_id = 0, msg_data.size = 20, msg_data.data = 12970367406668411488
04-12 20:42:45.278780  1350  1771 I VT RIL RMM: [Handle EVT] event = 59023
04-12 20:42:45.278788  1350  1771 D VT RIL RMM: [VTREQ SENT] pSendMsg->size = 20, pSendMsg->data = 12970367406668411344
04-12 20:42:45.278790  1350  1771 I VT RIL RMM: [VTREQ SENT] RILD_IMS_CLIENT_READY
04-12 20:42:45.298545  2683  2962 I WifiPdnHandler: isThinModemSupport:0
04-12 20:42:45.299102  1350  1762 I AT      : SEND MSGID=cb02 [WFC_WIFI_INFO_NTF], TXID=ffff [RFXSender_3], DUMP=8419542400000000010002CBFFFF2000000106002A2A2A2A2A2A000000000000010101002A000000020101002A000000
04-12 20:42:45.300645  2663  2663 I MtkRILJ : getRadioServiceProxy wait for MtkRIL
04-12 20:42:45.300682  2663  2663 I MtkRILJ : canMakeRequest wait for MtkRIL [PHONE0]
04-12 20:42:45.301104  1350  1762 I RmmMwi  : [0] EWIFIASC_CONN_STATE:1
04-12 20:42:45.308099  2683  2962 W CarrierConfigManager: Error getting config for subId -1 ICarrierConfigLoader is null
04-12 20:42:45.309956  2663  2663 I MtkRILJ : getRadioProxy wait for MtkRIL
04-12 20:42:45.309997  2663  2663 I RILJ    : HAL version of RADIO: 2.0 [PHONE0]
04-12 20:42:45.310566  2663  2663 I MtkRILJ : getRadioServiceProxy wait for MtkRIL
04-12 20:42:45.310606  2663  2663 I RILJ    : HAL version of DATA: -1.-1 [PHONE0]
04-12 20:42:45.311395  2663  2663 I MtkRILJ : getRadioServiceProxy wait for MtkRIL
04-12 20:42:45.311423  2663  2663 I RILJ    : HAL version of MESSAGING: -1.-1 [PHONE0]
04-12 20:42:45.311672  2663  2663 I MtkRILJ : getRadioServiceProxy wait for MtkRIL
04-12 20:42:45.311694  2663  2663 I RILJ    : HAL version of MODEM: -1.-1 [PHONE0]
04-12 20:42:45.311923  2663  2663 I MtkRILJ : getRadioServiceProxy wait for MtkRIL
04-12 20:42:45.311942  2663  2663 I RILJ    : HAL version of NETWORK: -1.-1 [PHONE0]
04-12 20:42:45.311951  2683  2962 W CarrierConfigManager: Error getting config for subId -1 ICarrierConfigLoader is null
04-12 20:42:45.312236  2663  2663 I MtkRILJ : getRadioServiceProxy wait for MtkRIL
04-12 20:42:45.312255  2663  2663 I RILJ    : HAL version of SIM: -1.-1 [PHONE0]
04-12 20:42:45.312669  2663  2663 I MtkRILJ : getRadioServiceProxy wait for MtkRIL
04-12 20:42:45.312688  2663  2663 I RILJ    : HAL version of VOICE: -1.-1 [PHONE0]
04-12 20:42:45.312859  2663  2663 I MtkRILJ : getRadioServiceProxy wait for MtkRIL
04-12 20:42:45.312884  2663  2663 I RILJ    : HAL version of IMS: -1.-1 [PHONE0]
04-12 20:42:45.312964  2663  2663 D MtkRILJ : constructor: sub = 0
04-12 20:42:45.323925  1750  2517 D TelephonyRegistry: listen oscl: mHasNotifySubscriptionInfoChangedOccurred==false no callback
04-12 20:42:45.323975  2663  2663 D RadioModemProxy: AIDL initialized mHalVersion=2.2
04-12 20:42:45.324012  2663  2663 I RILJ    : Linked to death for service MODEM [PHONE0]
04-12 20:42:45.326963  2663  2663 I RILJ    : [0000]> GET_HARDWARE_CONFIG [PHONE0]
04-12 20:42:45.330447  2683  2683 D MWIS    : [MwiService] getWfcHandlerInterface
04-12 20:42:45.331244  2663  2663 D RadioDataProxy: AIDL initialized mHalVersion=2.2
04-12 20:42:45.331278  2663  2663 I RILJ    : Linked to death for service DATA [PHONE0]
04-12 20:42:45.346961  1350  1762 D RmmHdcHdr: [0] onHandleRequest: 55016
04-12 20:42:45.346975  1350  1762 D RmmHdcHdr: [0] handleHardwareConfigRequest: m_slot_id:0
04-12 20:42:45.347028  1350  1762 D RmmHdcHdr: [0] sendHardwareConfigUrc: m_slot_id:0
04-12 20:42:45.351690  1350  1762 I RmmMwi  : [0] setWifiAssociated assoc:0, wifi_state:0, wifi_state_support:1
04-12 20:42:45.351719  1350  1762 I AT      : SEND MSGID=cb02 [WFC_WIFI_INFO_NTF], TXID=ffff [RFXSender_3], DUMP=8419542400000000010002CBFFFF6000070102002A2A0000000106002A2A2A2A2A2A000000000000080106002A2A2A2A2A2A000000000000110101002A000000030101002A000000130101002A000000040102002A2A0000140101002A000000050106002A2A2A2A2A2A000000000000
04-12 20:42:45.356823  2663  2663 D RadioMessagingProxy: AIDL initialized mHalVersion=2.2
04-12 20:42:45.356888  2663  2663 I RILJ    : Linked to death for service MESSAGING [PHONE0]
04-12 20:42:45.356959  2683  2962 I WfcHandler: initWifiApmState() isApmEnhancementEnabled: 1
04-12 20:42:45.358765  2663  2997 I RILJ    : [0000]< GET_HARDWARE_CONFIG  [Modem { uuid=modem_sys1_ps0_nr1, state=0, rilModel=0, rat={0, 4, 6, 17}, maxActiveVoiceCall=1, maxActiveDataCall=1, maxStandby=2 }] [Sim { uuid=modem_sys1_ps0_nr1, modemUuid=modem_sys1_ps0_nr1, state=0 }]  [PHONE0]
04-12 20:42:45.360185  1521  1527 D TranRadioExt: queryEsimStatus slotId: 1
04-12 20:42:45.360232  1521  1527 D TranRadioExt: isGpioAtMethodSupported: GPIO node /sys/class/trangpio_esim/trangpio_esim/trangpio_esim not found
04-12 20:42:45.360241  1521  1527 D TranRadioExt: isGpioAtMethodSupported: Support node /sys/class/trangpio_esim/trangpio_esim/is_esim_support not found
04-12 20:42:45.360256  1521  1527 I mipc_lib: SEND MSGID=0581 [MIPC_SIM_ESIM_SWITCH_GET_REQ], TXID=0008 [binder:1521_1], DUMP=84195424000000000200810508000000
04-12 20:42:45.361424  1521  1691 I mipc_lib: RECV MSGID=0582 [MIPC_SIM_ESIM_SWITCH_GET_CNF], TXID=0008, DUMP=84195424000000000202820508001800000004000000000000010100010000000101010000000000
04-12 20:42:45.361475  1521  1527 D TranRadioExt: queryEsimStatus success: support=1, state=0
04-12 20:42:45.364228  1132  1147 I mipc_lib: SEND MSGID=1409 [MIPC_LOC_LBS_SYNC_LOCATION_EM_CONFIG_REQ], TXID=0007 [binder:1132_2], DUMP=8419542400000000010009140700100000010400010000000101040000000000
04-12 20:42:45.365007  2663  2663 D RadioNetworkProxy: AIDL initialized mHalVersion=2.2
04-12 20:42:45.365053  2663  2663 I RILJ    : Linked to death for service NETWORK [PHONE0]
04-12 20:42:45.366048  1350  1762 I AT      : SEND MSGID=cb02 [WFC_WIFI_INFO_NTF], TXID=ffff [RFXSender_3], DUMP=8419542400000000010002CBFFFF2000000106002A2A2A2A2A2A000000000000010101002A000000020101002A000000
04-12 20:42:45.366112  1350  1762 I AT      : SEND MSGID=cb02 [WFC_WIFI_INFO_NTF], TXID=ffff [RFXSender_3], DUMP=8419542400000000010002CBFFFF1800000106002A2A2A2A2A2A000000000000150101002A000000
04-12 20:42:45.366137  2683  2683 W OperatorUtils: getMccMnc, mccMnc value:
04-12 20:42:45.366595  1521  1527 D TranRadioExt: sendAtCommand at_str: AT+EDMFAPP=31001,1,1, slot_id: 0
04-12 20:42:45.366611  1521  1527 I mipc_lib: SEND MSGID=0003 [SYS_AT_REQ], TXID=0009 [binder:1521_1], DUMP=84195424000000000100030009002000008115002A2A2A2A2A2A2A2A2A2A2A2A2A2A2A2A2A2A2A2A2A00000000000000
04-12 20:42:45.366647  2683  2683 W CarrierConfigManager: Error getting config for subId -1 ICarrierConfigLoader is null
04-12 20:42:45.366677  1132  1873 I mipc_lib: RECV MSGID=140a [MIPC_LOC_LBS_SYNC_LOCATION_EM_CONFIG_CNF], TXID=0007, DUMP=841954240000000001020A1407000800000004006A000000
04-12 20:42:45.366875  2663  2663 D RadioSimProxy: AIDL initialized mHalVersion=2.2
04-12 20:42:45.367399  2683  2683 W CarrierConfigManager: Error getting config for subId -1 ICarrierConfigLoader is null
04-12 20:42:45.367439  2663  2663 I RILJ    : Linked to death for service SIM [PHONE0]
04-12 20:42:45.368593  2663  2663 D RadioVoiceProxy: AIDL initialized mHalVersion=2.2
04-12 20:42:45.368666  2663  2663 I RILJ    : Linked to death for service VOICE [PHONE0]
04-12 20:42:45.368686  1521  1691 I mipc_lib: RECV MSGID=0004 [SYS_AT_CNF], TXID=0009, DUMP=84195424000000000102040009001800000004000000000000810A002A2A2A2A2A2A2A2A2A2A0000
04-12 20:42:45.370479  2663  2663 D RadioImsProxy: AIDL initialized mHalVersion=2.1
04-12 20:42:45.370502  2663  2663 I RILJ    : Linked to death for service IMS [PHONE0]
04-12 20:42:45.370599  2663  2663 I MtkRILJ : getMtkRadioExProxy returns null for mRadioVersionMtk greaterOrEqual 4.0.
04-12 20:42:45.371312  1350  1350 I RILC    : set all aosp response done: slotId:0
04-12 20:42:45.371679  1350  1350 I RIL-Fusion: getRadioState(): (0)radioState=0
04-12 20:42:45.371712  1350  1350 I RIL-Fusion: getRadioState(): (0)radioState=0
04-12 20:42:45.371779  1350  1350 E RILC    : radioStateChanged: radioModemServiceImpl[0].mtkEmIndication == NULL
04-12 20:42:45.371887  1350  1350 I RILC    : RIL Daemon version: android reference-ril 1.0
04-12 20:42:45.372379  1350  1350 I RILC    : onNewCommandConnect, slot 0, client 0
04-12 20:42:45.372515  1350  1384 I RILC    : sendPendedUrcCallback 0 0 0
04-12 20:42:45.372525  1350  1384 I RILC    : sendPendedUrcs start RIL_SOCKET_1, UNSOL_RESPONSE_SIM_STATUS_CHANGED, client 0
04-12 20:42:45.372575  1350  1384 I RILC    : sendPendedUrcs end RIL_SOCKET_1, UNSOL_RESPONSE_SIM_STATUS_CHANGED, client 0
04-12 20:42:45.372581  1350  1384 I RILC    : sendPendedUrcs start RIL_SOCKET_1, UNSOL_RESPONSE_SIM_STATUS_CHANGED, client 0
04-12 20:42:45.372626  1350  1384 I RILC    : sendPendedUrcs end RIL_SOCKET_1, UNSOL_RESPONSE_SIM_STATUS_CHANGED, client 0
04-12 20:42:45.372632  1350  1384 I RILC    : sendPendedUrcs start RIL_SOCKET_1, UNSOL_RESPONSE_SIM_STATUS_CHANGED, client 0
04-12 20:42:45.372649  1350  1384 I RILC    : sendPendedUrcs end RIL_SOCKET_1, UNSOL_RESPONSE_SIM_STATUS_CHANGED, client 0
04-12 20:42:45.372653  1350  1384 I RILC    : sendPendedUrcs start RIL_SOCKET_1, UNSOL_VOICE_RADIO_TECH_CHANGED, client 0
04-12 20:42:45.372685  1350  1384 I RILC    : sendPendedUrcs end RIL_SOCKET_1, UNSOL_VOICE_RADIO_TECH_CHANGED, client 0
04-12 20:42:45.372690  1350  1384 I RILC    : sendPendedUrcs start RIL_SOCKET_1, UNSOL_HARDWARE_CONFIG_CHANGED, client 0
04-12 20:42:45.372708  1350  1384 I RILC    : sendPendedUrcs end RIL_SOCKET_1, UNSOL_HARDWARE_CONFIG_CHANGED, client 0
04-12 20:42:45.372952  2663  2663 D MtkRadioExDataProxy: AIDL version=3, halVersion=4.0
04-12 20:42:45.372969  2663  2663 D MtkRadioExDataProxy: AIDL initialized mHalVersion=4.0
04-12 20:42:45.373170  2663  2997 I RILJ    : Unsol response received; Sending ack to ril.cpp [PHONE0]
04-12 20:42:45.373192  2663  2997 I RILJ    : [UNSL]< UNSOL_RIL_CONNECTED [PHONE0]
04-12 20:42:45.373826  1350  1743 D RtmCC   : onConnectionStateChanged
04-12 20:42:45.373848  1350  1743 D RtmGsmSmsCtrl: [0] onHidlStateChanged (false, true) (slot 0)
04-12 20:42:45.373859  1350  1743 I RtmCapa : [-1] onRilConnected:RFX_STATUS_CONNECTION_STATE(0==>1)
04-12 20:42:45.376816  1350  1765 I AT      : SEND MSGID=050f [SIM_STATUS_REQ], TXID=0166 [RFXSender_6], DUMP=841954240000000001000F05660108000001010001000000
04-12 20:42:45.377347  2663  2663 D MtkRadioExMessagingProxy: AIDL version=1, halVersion=4.0
04-12 20:42:45.377362  2663  2663 D MtkRadioExMessagingProxy: AIDL initialized mHalVersion=4.0
04-12 20:42:45.380444  2683  2683 W OperatorUtils: getMccMnc, mccMnc value:
04-12 20:42:45.381834  2683  2683 W CarrierConfigManager: Error getting config for subId -1 ICarrierConfigLoader is null
04-12 20:42:45.382359  2683  2683 W CarrierConfigManager: Error getting config for subId -1 ICarrierConfigLoader is null
04-12 20:42:45.382666  2683  2683 E ImsService: updateImsRegstration, There is not ImsRegistrationImpl for slot 0
04-12 20:42:45.384655  1350  1723 I AT      : RECV MSGID=0510 [SIM_STATUS_CNF], TXID=0166, DUMP=84195424000000000102100566010801000004000300000000010100000000000101010000000000020101000000000003010100000000000401010000000000050101000000000006010100FF00000007010100FF00000008010100FF00000009010100000000000C8115002A2A2A2A2A2A2A2A2A2A2A2A2A2A2A2A2A2A2A2A2A000000000000000D8150002A2A2A2A2A2A2A2A2A2A2A2A2A2A2A2A2A2A2A2A2A2A2A2A2A2A2A2A2A2A2A2A2A2A2A2A2A2A2A2A2A2A2A2A2A2A2A2A2A2A2A2A2A2A2A2A2A2A2A2A2A2A2A2A2A2A2A2A2A2A2A2A2A2A2A2A2A2A2A2A000000000E010100000000000F0101000000000010010100000000001101010000000000120101000000000014010100000000001501010000000000
04-12 20:42:45.385514  1350  1762 I RmmMwi  : [0] setWifiAssociated assoc:0, wifi_state:0, wifi_state_support:1
04-12 20:42:45.385541  1350  1762 I AT      : SEND MSGID=cb02 [WFC_WIFI_INFO_NTF], TXID=ffff [RFXSender_3], DUMP=8419542400000000010002CBFFFF6000070102002A2A0000000106002A2A2A2A2A2A000000000000080106002A2A2A2A2A2A000000000000110101002A000000030101002A000000130101002A000000040102002A2A0000140101002A000000050106002A2A2A2A2A2A000000000000
04-12 20:42:45.385600  1350  1762 I AT      : SEND MSGID=cb02 [WFC_WIFI_INFO_NTF], TXID=ffff [RFXSender_3], DUMP=8419542400000000010002CBFFFF2000000106002A2A2A2A2A2A000000000000010101002A000000020101002A000000
04-12 20:42:45.386307  2663  2663 D MtkRadioExModemProxy: AIDL version=3, halVersion=4.0
04-12 20:42:45.386320  2663  2663 D MtkRadioExModemProxy: AIDL initialized mHalVersion=4.0
04-12 20:42:45.388049  2663  2663 D MtkRadioExNetworkProxy: AIDL version=1, halVersion=4.0
04-12 20:42:45.388063  2663  2663 D MtkRadioExNetworkProxy: AIDL initialized mHalVersion=4.0
04-12 20:42:45.388213  2683  2683 W OperatorUtils: getMccMnc, mccMnc value:
04-12 20:42:45.388324  2683  2683 E ImsService: There is not IMtkMmTelFeatureCallback for slot 0
04-12 20:42:45.391586  1350  1765 I RmmSimCommReq: [0] handleGetSimStatusResponse, token:28, result:3,state:0,pin:0,appindex:-1,-1,-1, atr:80,, icid:21,, eid:0,(null), mepMode:0
04-12 20:42:45.392016  2663  2663 D MtkRadioExSimProxy: AIDL version=2, halVersion=4.0
04-12 20:42:45.392032  2663  2663 D MtkRadioExSimProxy: AIDL initialized mHalVersion=4.0
04-12 20:42:45.393180  1350  1765 I AT      : SEND MSGID=050f [SIM_STATUS_REQ], TXID=0167 [RFXSender_6], DUMP=841954240000000001000F05670108000001010001000000
04-12 20:42:45.396773  2663  2663 D MtkRadioExVoiceProxy: AIDL version=1, halVersion=4.0
04-12 20:42:45.396784  2663  2663 D MtkRadioExVoiceProxy: AIDL initialized mHalVersion=4.0
04-12 20:42:45.398046  2683  2683 E ImsService: updateImsRegstration, There is not ImsRegistrationImpl for slot 1
04-12 20:42:45.398128  1350  1350 I RILC    : set all MTK response done: slotId:0
04-12 20:42:45.398179  1350  1350 I RILC    : onNewCommandConnect, slot 0, client 1
04-12 20:42:45.398203  1350  1384 I RILC    : sendPendedUrcCallback 0 0 1
04-12 20:42:45.398207  1350  1384 I RILC    : sendPendedUrcs start RIL_SOCKET_1, RIL_UNSOL_SIM_TYPE_INFO, client 1
04-12 20:42:45.398243  1350  1384 I RILC    : sendPendedUrcs end RIL_SOCKET_1, RIL_UNSOL_SIM_TYPE_INFO, client 1
04-12 20:42:45.398246  1350  1384 I RILC    : sendPendedUrcs start RIL_SOCKET_1, RIL_UNSOL_SIM_SLOT_LOCK_POLICY_NOTIFY, client 1
04-12 20:42:45.398256  1350  1384 I RILC    : sendPendedUrcs end RIL_SOCKET_1, RIL_UNSOL_SIM_SLOT_LOCK_POLICY_NOTIFY, client 1
04-12 20:42:45.398258  1350  1384 I RILC    : sendPendedUrcs start RIL_SOCKET_1, RIL_UNSOL_SIM_POWER_CHANGED, client 1
04-12 20:42:45.398266  1350  1384 I RILC    : sendPendedUrcs end RIL_SOCKET_1, RIL_UNSOL_SIM_POWER_CHANGED, client 1
04-12 20:42:45.398269  1350  1384 I RILC    : sendPendedUrcs start RIL_SOCKET_1, RIL_UNSOL_PLMN_DATA, client 1
04-12 20:42:45.398281  1350  1384 I RILC    : sendPendedUrcs end RIL_SOCKET_1, RIL_UNSOL_PLMN_DATA, client 1
