04-12 20:42:46.885618  2663  2677 I RILJ    : [0055]< SET_SECURITY_ALGORITHMS_UPDATED_ENABLED  [PHONE0]
04-12 20:42:46.886326  2663  2663 D ANM-0   : bind to com.android.phone
04-12 20:42:46.890161  1350  1723 I AT      : RECV MSGID=1166 [NW_SET_CONFIG_CNF], TXID=0175, DUMP=84195424000000000102661175011800000004000000000000010100000000000101010000000000
04-12 20:42:46.894836  2663  2677 I RILJ    : [0054]< SET_CELLULAR_IDENTIFIER_DISCLOSED_ENABLED  [PHONE0]
04-12 20:42:46.902947  2663  2663 D SSCtr   : No matching configuration
04-12 20:42:46.907537  2663  2663 I RILJ    : [0056]> SET_SIGNAL_STRENGTH_REPORTING_CRITERIA [PHONE0]
04-12 20:42:46.908462  2663  2677 I RILJ    : [0056]< SET_SIGNAL_STRENGTH_REPORTING_CRITERIA error 1 [PHONE0]
04-12 20:42:46.908499  2663  2677 D RilRequest: [0056]< SET_SIGNAL_STRENGTH_REPORTING_CRITERIA error: com.android.internal.telephony.CommandException: RADIO_NOT_AVAILABLE ret= result=null
04-12 20:42:46.910938  2663  2663 D SSCtr   : setSignalStrengthReportingCriteria consolidatedSignalThresholdInfos=[SignalThresholdInfo{mRan=1 mSignalMeasurementType=1 mHysteresisMs=3000 mHysteresisDb=2 mThresholds=[] mIsEnabled=false}, SignalThresholdInfo{mRan=2 mSignalMeasurementType=2 mHysteresisMs=3000 mHysteresisDb=2 mThresholds=[] mIsEnabled=false}, SignalThresholdInfo{mRan=3 mSignalMeasurementType=3 mHysteresisMs=3000 mHysteresisDb=2 mThresholds=[] mIsEnabled=false}, SignalThresholdInfo{mRan=4 mSignalMeasurementType=1 mHysteresisMs=3000 mHysteresisDb=2 mThresholds=[] mIsEnabled=false}, SignalThresholdInfo{mRan=3 mSignalMeasurementType=4 mHysteresisMs=3000 mHysteresisDb=2 mThresholds=[] mIsEnabled=false}, SignalThresholdInfo{mRan=3 mSignalMeasurementType=5 mHysteresisMs=3000 mHysteresisDb=2 mThresholds=[] mIsEnabled=false}, SignalThresholdInfo{mRan=6 mSignalMeasurementType=6 mHysteresisMs=3000 mHysteresisDb=2 mThresholds=[] mIsEnabled=false}, SignalThresholdInfo{mRan=6 mSignalMeasurementType=7 mHysteresisMs=3000 mHysteresisDb=2 mThresholds=[] mIsEnabled=false}, SignalThresholdInfo{mRan=6 mSignalMeasurementType=8 mHysteresisMs=3000 mHysteresisDb=2 mThresholds=[] mIsEnabled=false}, SignalThresholdInfo{mRan=2 mSignalMeasurementType=9 mHysteresisMs=3000 mHysteresisDb=2 mThresholds=[] mIsEnabled=false}]
04-12 20:42:46.911088  2663  2663 D SSCtr   : No matching configuration
04-12 20:42:46.918838  2663  2663 I RILJ    : [0057]> SET_SIGNAL_STRENGTH_REPORTING_CRITERIA [PHONE0]
04-12 20:42:46.919660  2663  2677 I RILJ    : [0057]< SET_SIGNAL_STRENGTH_REPORTING_CRITERIA error 1 [PHONE0]
04-12 20:42:46.919758  2663  2677 D RilRequest: [0057]< SET_SIGNAL_STRENGTH_REPORTING_CRITERIA error: com.android.internal.telephony.CommandException: RADIO_NOT_AVAILABLE ret= result=null
04-12 20:42:46.920898  2663  2663 D SSCtr   : setSignalStrengthReportingCriteria consolidatedSignalThresholdInfos=[SignalThresholdInfo{mRan=1 mSignalMeasurementType=1 mHysteresisMs=3000 mHysteresisDb=2 mThresholds=[] mIsEnabled=false}, SignalThresholdInfo{mRan=2 mSignalMeasurementType=2 mHysteresisMs=3000 mHysteresisDb=2 mThresholds=[] mIsEnabled=false}, SignalThresholdInfo{mRan=3 mSignalMeasurementType=3 mHysteresisMs=3000 mHysteresisDb=2 mThresholds=[] mIsEnabled=false}, SignalThresholdInfo{mRan=4 mSignalMeasurementType=1 mHysteresisMs=3000 mHysteresisDb=2 mThresholds=[] mIsEnabled=false}, SignalThresholdInfo{mRan=3 mSignalMeasurementType=4 mHysteresisMs=3000 mHysteresisDb=2 mThresholds=[] mIsEnabled=false}, SignalThresholdInfo{mRan=3 mSignalMeasurementType=5 mHysteresisMs=3000 mHysteresisDb=2 mThresholds=[] mIsEnabled=false}, SignalThresholdInfo{mRan=6 mSignalMeasurementType=6 mHysteresisMs=3000 mHysteresisDb=2 mThresholds=[] mIsEnabled=false}, SignalThresholdInfo{mRan=6 mSignalMeasurementType=7 mHysteresisMs=3000 mHysteresisDb=2 mThresholds=[] mIsEnabled=false}, SignalThresholdInfo{mRan=6 mSignalMeasurementType=8 mHysteresisMs=3000 mHysteresisDb=2 mThresholds=[] mIsEnabled=false}, SignalThresholdInfo{mRan=2 mSignalMeasurementType=9 mHysteresisMs=3000 mHysteresisDb=2 mThresholds=[] mIsEnabled=false}]
04-12 20:42:46.920998  2663  2663 D MTKSST  : [GsmSST0] EVENT_ICC_CHANGED: SIM absent
04-12 20:42:46.921008  2663  2663 D MTKSST  : [GsmSST0] cancelAllNotifications: mPrevSubId=-1
04-12 20:42:46.926334  2663  2663 D MTKSST  : [GsmSST0] updateCarrierDisplayName: satellitePlmn=null
04-12 20:42:46.935462  2663  2663 D MTKSST  : [GsmSST0] updateCarrierDisplayName: radio is on but out of service, set plmn='没有服务'
04-12 20:42:46.935509  2663  2663 D MTKSST  : [GsmSST0] updateCarrierDisplayName: rawSpn = 
04-12 20:42:46.935795  2663  2663 D MTKSST  : [GsmSST0] updateSpnDisplay: rule = 2
04-12 20:42:46.935849  2663  2663 D MTKSST  : [GsmSST0] TDD updateSpnDisplay mSS.getOperatorNumeric() = null
04-12 20:42:46.936003  2663  2663 D MTKSST  : [GsmSST0] TDD getNumeric simNumeric = , operatorNumeric = null
04-12 20:42:46.936018  2663  2663 D MTKSST  : [GsmSST0] TDD currentMccEqualsSimMcc simNumeric = , operatorNumeric = null
04-12 20:42:46.936214  2663  2663 D MTKSST  : [GsmSST0] notifyCarrierDisplayNameDataChanged: changed sending intent, rule=2, CarrierDisplayNameData={ spn = null, dataSpn = , showSpn = false, plmn = 没有服务, showPlmn = true, subId=-1
04-12 20:42:46.942151  2663  2663 D NRM-C-0 : Trying to bind com.android.phone for transport WWAN
04-12 20:42:46.946805  2663  2663 D NRM-I-0 : Trying to bind com.android.phone for transport WLAN
04-12 20:42:46.953040  2663  2663 D MTKSST  : [GsmSST0] handle EVENT_RADIO_STATE_CHANGED
04-12 20:42:46.953083  2663  2663 D RatConfig: getActiveRatConfig: Lf/Lt/W/G/N
04-12 20:42:46.957300  2663  2663 D MTKSST  : [GsmSST0] setRadioPowerForReason power:true, mDesiredPowerState:true, forEmergencyCall:false, isSelectedPhoneForEmergencyCall:false, forceApply:false, radioState:0, reason:0
04-12 20:42:46.957403  2663  2663 D MTKSST  : [GsmSST0] setPowerStateToDesired: mDeviceShuttingDown=false, mDesiredPowerState=true, getRadioState=0, mRadioPowerOffReasons=[], IMS reg state=false, pending radio off=false
04-12 20:42:46.957471  2663  2663 D ImsSwitchController: notifyRadioPowerChange, power:true phoneId:0
04-12 20:42:46.957581  2663  2663 D ImsSwitchController: [0] Modem auto registration so that we don't triggerImsService updateRadioState
04-12 20:42:46.969058  2663  2663 I RILJ    : [0058]> RADIO_POWER on = true forEmergencyCall= false preferredForEmergencyCall=false [PHONE0]
04-12 20:42:46.969404  1350  1743 I RtmRadioCont: [0] requestRadioPower, slotId:0, onOff: 1, forEcc 0, preEcc 0
04-12 20:42:46.975436  2663  2663 D MtkRILJ : [0059]> MTK: RIL_REQUEST_SET_VENDOR_SETTING [PHONE0]
04-12 20:42:46.975833  2663  2663 D MTKSST  : [GsmSST0] pollState: modemTriggered=true, mPollingContext=0, RadioState=0, connected=false, support_ap_iwlan=1
04-12 20:42:46.975871  2663  2663 D MTKSST  : [GsmSST0] pollState: modemTriggered=true, radioState=0
04-12 20:42:46.976340  2663  2663 I RILJ    : [0060]> OPERATOR [PHONE0]
04-12 20:42:46.976448  2663  2663 E NRM-C-0 : service not connected. Domain = PS
04-12 20:42:46.976547  2663  2663 E NRM-C-0 : service not connected. Domain = CS
04-12 20:42:46.976566  2663  2663 E NRM-I-0 : service not connected. Domain = PS
04-12 20:42:46.976674  2663  2995 I RILJ    : [0059]< MTK: RIL_REQUEST_SET_VENDOR_SETTING  [PHONE0]
04-12 20:42:46.976919  2663  2663 I RILJ    : [0061]> QUERY_NETWORK_SELECTION_MODE [PHONE0]
04-12 20:42:46.977034  2663  2663 D MTKSST  : [GsmSST0] handle EVENT_RADIO_STATE_CHANGED
04-12 20:42:46.977053  2663  2663 D RatConfig: getActiveRatConfig: Lf/Lt/W/G/N
04-12 20:42:46.977191  2663  2663 D MTKSST  : [GsmSST0] setRadioPowerForReason power:true, mDesiredPowerState:true, forEmergencyCall:false, isSelectedPhoneForEmergencyCall:false, forceApply:false, radioState:0, reason:0
04-12 20:42:46.977213  2663  2663 D MTKSST  : [GsmSST0] setPowerStateToDesired: mDeviceShuttingDown=false, mDesiredPowerState=true, getRadioState=0, mRadioPowerOffReasons=[], IMS reg state=false, pending radio off=false
04-12 20:42:46.977246  2663  2663 D ImsSwitchController: notifyRadioPowerChange, power:true phoneId:0
04-12 20:42:46.977262  2663  2663 D ImsSwitchController: [0] Modem auto registration so that we don't triggerImsService updateRadioState
04-12 20:42:46.977573  2663  2663 I RILJ    : [0062]> RADIO_POWER on = true forEmergencyCall= false preferredForEmergencyCall=false [PHONE0]
04-12 20:42:46.978761  1350  1767 I RmmRadioReq: [0] requestRadioPower, power = 1, mode = 1, forEcc 0, preEcc 0, caller: -1
04-12 20:42:46.978787  1350  1767 I RmmRadioReq: [0] set vote property as 1
04-12 20:42:46.978862  1350  1765 I AT      : SEND MSGID=0407 [NW_GET_REGISTER_STATE_REQ], TXID=0176 [RFXSender_6], DUMP=84195424000000000100070476010000
04-12 20:42:46.979320  1350  1767 I AT      : SEND MSGID=0403 [NW_SET_RADIO_STATE_REQ], TXID=0177 [RFXSender_8], DUMP=841954240000000001000304770108000001010001000000
04-12 20:42:46.979338  2663  2663 D MtkRILJ : [0063]> MTK: RIL_REQUEST_SET_VENDOR_SETTING [PHONE0]
04-12 20:42:46.979901  2663  2663 D MTKSST  : [GsmSST0] pollState: modemTriggered=true, mPollingContext=5, RadioState=0, connected=false, support_ap_iwlan=1
04-12 20:42:46.979918  2663  2663 D MTKSST  : [GsmSST0] pollState: modemTriggered=true, radioState=0
04-12 20:42:46.980135  2663  2995 I RILJ    : [0063]< MTK: RIL_REQUEST_SET_VENDOR_SETTING  [PHONE0]
04-12 20:42:46.980359  2663  2663 I RILJ    : [0064]> OPERATOR [PHONE0]
04-12 20:42:46.980495  2663  2663 E NRM-C-0 : service not connected. Domain = PS
04-12 20:42:46.980550  2663  2663 E NRM-C-0 : service not connected. Domain = CS
04-12 20:42:46.980563  2663  2663 E NRM-I-0 : service not connected. Domain = PS
04-12 20:42:46.981003  2663  2663 I RILJ    : [0065]> QUERY_NETWORK_SELECTION_MODE [PHONE0]
04-12 20:42:46.981153  2663  2663 D Phone-0 : [0] SubId-1,get allowed network types user: value = GPRS|EDGE|UMTS|HSDPA|HSUPA|HSPA|LTE|HSPA+|GSM|TD_SCDMA|LTE_CA|NR
04-12 20:42:46.982193  2663  2663 D Phone-0 : [0] SubId-1,get allowed network types carrier: value = GPRS|EDGE|UMTS|HSDPA|HSUPA|HSPA|LTE|HSPA+|GSM|TD_SCDMA|LTE_CA|NR
04-12 20:42:46.982232  2663  2663 I CSST    : isNrSupported:  carrierConfigEnabled: true, AccessFamilySupported: false, isNrNetworkTypeAllowed: true
04-12 20:42:46.982239  2663  2663 I CSST    : PrefNetworkNotification: sendMessage() w/values: ,false,false,-1,false,false
04-12 20:42:46.982444  2663  2663 I CSST    : canceling notifications: 1000
04-12 20:42:46.982460  2663  2663 D Phone-0 : isWifiCallingEnabled =false
04-12 20:42:46.982464  2663  2663 D CSST    : isPhoneRegisteredForWifiCalling: false
04-12 20:42:46.982467  2663  2663 D Phone-0 : isWifiCallingEnabled =false
04-12 20:42:46.982471  2663  2663 I CSST    : EmergencyNetworkNotification: sendMessage() w/values: ,-1,false,false
04-12 20:42:46.982590  2663  2663 I CSST    : canceling notifications: 1001
04-12 20:42:46.982637  2663  2663 D Phone-0 : [0] SubId-1,get allowed network types user: value = GPRS|EDGE|UMTS|HSDPA|HSUPA|HSPA|LTE|HSPA+|GSM|TD_SCDMA|LTE_CA|NR
04-12 20:42:46.982926  2663  2663 D Phone-0 : [0] SubId-1,get allowed network types carrier: value = GPRS|EDGE|UMTS|HSDPA|HSUPA|HSPA|LTE|HSPA+|GSM|TD_SCDMA|LTE_CA|NR
04-12 20:42:46.982940  2663  2663 I CSST    : isNrSupported:  carrierConfigEnabled: true, AccessFamilySupported: false, isNrNetworkTypeAllowed: true
04-12 20:42:46.982946  2663  2663 I CSST    : PrefNetworkNotification: sendMessage() w/values: ,false,false,-1,false,false
04-12 20:42:46.983119  2663  2663 I CSST    : canceling notifications: 1000
04-12 20:42:46.983137  2663  2663 D Phone-0 : isWifiCallingEnabled =false
04-12 20:42:46.983160  2663  2663 D CSST    : isPhoneRegisteredForWifiCalling: false
04-12 20:42:46.983164  2663  2663 D Phone-0 : isWifiCallingEnabled =false
04-12 20:42:46.983169  2663  2663 I CSST    : EmergencyNetworkNotification: sendMessage() w/values: ,-1,false,false
04-12 20:42:46.983384  2663  2663 I CSST    : canceling notifications: 1001
04-12 20:42:46.983414  2663  2663 D EmergencyNumberTracker: [0]updateRadioEmergencyNumberListAndNotify(): receiving []
04-12 20:42:46.984222  2663  2663 I RILJ    : [0066]> SEND_DEVICE_STATE 1:true [PHONE0]
04-12 20:42:46.984967  2663  2663 I RILJ    : [0067]> SEND_DEVICE_STATE 2:false [PHONE0]
04-12 20:42:46.985343  2663  2663 I RILJ    : [0068]> SEND_DEVICE_STATE 0:false [PHONE0]
04-12 20:42:46.985475  2663  2995 I RILJ    : [0066]< SEND_DEVICE_STATE error 6 [PHONE0]
04-12 20:42:46.985504  2663  2995 D RilRequest: [0066]< SEND_DEVICE_STATE error: com.android.internal.telephony.CommandException: REQUEST_NOT_SUPPORTED ret= result=null
04-12 20:42:46.985543  1350  1763 I AT      : SEND MSGID=041f [NW_SET_IDLE_HINT_REQ], TXID=0178 [RFXSender_4], DUMP=841954240000000001001F04780108000001010000000000
04-12 20:42:46.985899  2663  2663 I RILJ    : [0069]> SET_UNSOLICITED_RESPONSE_FILTER -1 [PHONE0]
04-12 20:42:46.986193  1350  1723 I AT      : RECV MSGID=0408 [NW_GET_REGISTER_STATE_CNF], TXID=0176, DUMP=8419542400000000010208047601880100000400000000000001260000000000000000000000000000000000000000000000000000000000000000000000000000000000000000000101020000000000020101000000000003010400000000000401280000000000000000000000000000000000000000000000000000000000000000000000000000000000000000000501010000000000060102000000000007010100000000000801280000000000000000000000000000000000000000000000000000000000000000000000000000000000000000000901100000000000000000000000000000000000000000000A0124000000000000000000000000000000000000000000000000000000000000000000000000000B010100000000000C010100000000000D010100000000000E010100000000000F0101000000000010011800000000000000000000000000000000000000000000000000000000001101300000000000000000000000000000000000000000000000000000000000000000000000000000000000000000000000000000000000
04-12 20:42:46.986328  1350  1765 D RmmNwRTReqHdlr: [0] [requestOperator] plmn is null or empty!
04-12 20:42:46.986401  1350  1765 I AT      : SEND MSGID=0407 [NW_GET_REGISTER_STATE_REQ], TXID=0179 [RFXSender_6], DUMP=84195424000000000100070479010000
04-12 20:42:46.986423  2663  2663 I RILJ    : [0070]> SET_LINK_CAPACITY_REPORTING_CRITERIA [PHONE0]
04-12 20:42:46.986550  2663  3416 I RILJ    : [0067]< SEND_DEVICE_STATE  [PHONE0]
04-12 20:42:46.986742  2663  2684 I RILJ    : [0060]< OPERATOR {, , } [PHONE0]
04-12 20:42:46.986814  2663  2663 I RILJ    : [0071]> SET_LINK_CAPACITY_REPORTING_CRITERIA [PHONE0]
04-12 20:42:46.986899  2663  3416 I RILJ    : [0068]< SEND_DEVICE_STATE error 6 [PHONE0]
04-12 20:42:46.986931  2663  3416 D RilRequest: [0068]< SEND_DEVICE_STATE error: com.android.internal.telephony.CommandException: REQUEST_NOT_SUPPORTED ret= result=null
04-12 20:42:46.987110  2663  2663 I RILJ    : [0072]> SET_LINK_CAPACITY_REPORTING_CRITERIA [PHONE0]
04-12 20:42:46.987411  2663  2663 I RILJ    : [0073]> SET_LINK_CAPACITY_REPORTING_CRITERIA [PHONE0]
04-12 20:42:46.987719  2663  2663 I RILJ    : [0074]> SET_LINK_CAPACITY_REPORTING_CRITERIA [PHONE0]
04-12 20:42:46.988024  2663  2663 I RILJ    : [0075]> SEND_DEVICE_STATE 1:true [PHONE0]
04-12 20:42:46.988122  1350  1740 E RfxBaseHandler: [0] registerToHandleMipcURC error:-3, slotId:0, mipcId:4402
04-12 20:42:46.988159  1350  1763 I AT      : SEND MSGID=021d [DATA_SET_LINK_CAPACITY_REPORTING_CRITERIA_REQ], TXID=017a [RFXSender_4], DUMP=841954240000000001001D027A01A800060101000B00000007012C0064000000F4010000E80300008813000010270000204E000050C30000F8240100A0860100400D030020A107000001010002000000080104000100000001010400B80B000002010400320000000301040032000000040101000E0000000501380064000000F4010000E80300008813000010270000204E000050C30000F8240100A0860100400D030020A1070040420F0060E3160080841E0000000000
04-12 20:42:46.988266  2663  2663 I RILJ    : [0076]> SEND_DEVICE_STATE 2:false [PHONE0]
04-12 20:42:46.988555  2663  2663 I RILJ    : [0077]> SEND_DEVICE_STATE 0:false [PHONE0]
04-12 20:42:46.988776  1350  1723 I AT      : RECV MSGID=0420 [NW_SET_IDLE_HINT_CNF], TXID=0178, DUMP=8419542400000000010220047801100000000400000000000001010000000000
04-12 20:42:46.988845  2663  2663 I RILJ    : [0078]> SET_UNSOLICITED_RESPONSE_FILTER -1 [PHONE0]
04-12 20:42:46.989091  2663  2663 I RILJ    : [0079]> SET_LINK_CAPACITY_REPORTING_CRITERIA [PHONE0]
04-12 20:42:46.989210  1350  1740 E RfxBaseHandler: [0] registerToHandleMipcURC error:-3, slotId:0, mipcId:4413
04-12 20:42:46.989237  1350  1740 E RfxBaseHandler: [0] registerToHandleMipcURC error:-3, slotId:0, mipcId:441e
04-12 20:42:46.989241  1350  1740 E RfxBaseHandler: [0] registerToHandleMipcURC error:-3, slotId:0, mipcId:4417
04-12 20:42:46.989248  1350  1740 E RfxBaseHandler: [0] registerToHandleMipcURC error:-3, slotId:0, mipcId:4418
04-12 20:42:46.989255  1350  1740 E RfxBaseHandler: [0] registerToHandleMipcURC error:-3, slotId:0, mipcId:4409
04-12 20:42:46.989268  1350  1740 I AT      : SEND MSGID=1151 [NW_GET_CSCON_STATE_REQ], TXID=017b [RFXSender_0], DUMP=8419542400000000010051117B010000
04-12 20:42:46.989314  2663  2663 I RILJ    : [0080]> SET_LINK_CAPACITY_REPORTING_CRITERIA [PHONE0]
04-12 20:42:46.989617  2663  2663 I RILJ    : [0081]> SET_LINK_CAPACITY_REPORTING_CRITERIA [PHONE0]
04-12 20:42:46.990016  2663  2663 I RILJ    : [0082]> SET_LINK_CAPACITY_REPORTING_CRITERIA [PHONE0]
04-12 20:42:46.990783  2663  2663 I RILJ    : [0083]> SET_LINK_CAPACITY_REPORTING_CRITERIA [PHONE0]
04-12 20:42:46.990895  2663  2663 D NetworkTypeController: [0] DefaultState: process EVENT_INITIALIZE
04-12 20:42:46.990993  1350  1723 I AT      : RECV MSGID=0408 [NW_GET_REGISTER_STATE_CNF], TXID=0179, DUMP=8419542400000000010208047901880100000400000000000001260000000000000000000000000000000000000000000000000000000000000000000000000000000000000000000101020000000000020101000000000003010400000000000401280000000000000000000000000000000000000000000000000000000000000000000000000000000000000000000501010000000000060102000000000007010100000000000801280000000000000000000000000000000000000000000000000000000000000000000000000000000000000000000901100000000000000000000000000000000000000000000A0124000000000000000000000000000000000000000000000000000000000000000000000000000B010100000000000C010100000000000D010100000000000E010100000000000F0101000000000010011800000000000000000000000000000000000000000000000000000000001101300000000000000000000000000000000000000000000000000000000000000000000000000000000000000000000000000000000000
04-12 20:42:46.991098  1350  1765 I AT      : SEND MSGID=0407 [NW_GET_REGISTER_STATE_REQ], TXID=017c [RFXSender_6], DUMP=8419542400000000010007047C010000
04-12 20:42:46.991709  1750  2518 W TelephonyRegistry: Pid 2663 has exceeded half the number of permissible registered listeners. Now at 77
04-12 20:42:46.991960  1350  1723 I AT      : RECV MSGID=1152 [NW_GET_CSCON_STATE_CNF], TXID=017b, DUMP=8419542400000000010252117B011800000004000000000000010400000000000101040000000000
04-12 20:42:46.992020  1350  1740 I AT      : SEND MSGID=047b [NW_SET_NW_IND_REPORT_LEVEL_REQ], TXID=017d [RFXSender_0], DUMP=841954240000000001007B047D01100000010100030000000101010003000000
04-12 20:42:46.992228  2663  2663 D MtkNetworkTypeController: mNrAdvancedPhysicalChannelConfigItemCount = 0
04-12 20:42:46.992348  1350  1723 I AT      : RECV MSGID=021e [DATA_SET_LINK_CAPACITY_REPORTING_CRITERIA_CNF], TXID=017a, DUMP=841954240000000001021E027A0108000000040002000000
04-12 20:42:46.992468  1350  1763 I AT      : SEND MSGID=021d [DATA_SET_LINK_CAPACITY_REPORTING_CRITERIA_REQ], TXID=017e [RFXSender_4], DUMP=841954240000000001001D027E01A800060101000B00000007012C0064000000F4010000E80300008813000010270000204E000050C30000F8240100A0860100400D030020A107000001010002000000080104000200000001010400B80B000002010400320000000301040032000000040101000E0000000501380064000000F4010000E80300008813000010270000204E000050C30000F8240100A0860100400D030020A1070040420F0060E3160080841E0000000000
04-12 20:42:46.992656  2663  3416 I RILJ    : [0061]< QUERY_NETWORK_SELECTION_MODE {0} [PHONE0]
04-12 20:42:46.992820  2663  2684 I RILJ    : [0070]< SET_LINK_CAPACITY_REPORTING_CRITERIA  [PHONE0]
04-12 20:42:46.992919  2663  2663 D NetworkTypeController: [0] mOverrideTimerRules: {connected={mState=connected, mOverrideType=NR_NSA, mPrimaryTimers={connected_mmwave=2}, mSecondaryTimers={}}, not_restricted_rrc_con={mState=not_restricted_rrc_con, mOverrideType=NR_NSA, mPrimaryTimers={connected_mmwave=2}, mSecondaryTimers={}}, legacy={mState=legacy, mOverrideType=NONE, mPrimaryTimers={connected_mmwave=2}, mSecondaryTimers={}}, not_restricted_rrc_idle={mState=not_restricted_rrc_idle, mOverrideType=NR_NSA, mPrimaryTimers={connected_mmwave=2}, mSecondaryTimers={}}, restricted={mState=restricted, mOverrideType=NONE, mPrimaryTimers={connected_mmwave=2}, mSecondaryTimers={}}, connected_mmwave={mState=connected_mmwave, mOverrideType=NR_ADVANCED, mPrimaryTimers={connected=15, not_restricted_rrc_con=15, not_restricted_rrc_idle=15, connected_mmwave=2, connected_rrc_idle=15}, mSecondaryTimers={}}, connected_rrc_idle={mState=connected_rrc_idle, mOverrideType=NR_NSA, mPrimaryTimers={connected_mmwave=2}, mSecondaryTimers={}}}
04-12 20:42:46.993190  2663  2663 D NetworkTypeController: [0] Physical channel configs updated: not updating PCC fields for empty PCC list indicating RRC idle.
04-12 20:42:46.993250  2663  2663 D NetworkTypeController: [0] DefaultState: process EVENT_UPDATE
04-12 20:42:46.993309  2663  2663 D NetworkTypeController: [0] Entering LegacyState
04-12 20:42:46.993340  2663  2663 D MtkNetworkTypeController: [Override]getCurrentOverrideNetworkType: 0
04-12 20:42:46.993368  2663  2663 D DIC-0   : updateTelephonyDisplayInfo, turboSS alive, skip notify
04-12 20:42:46.994684  1750  2903 W TelephonyRegistry: Pid 2663 has exceeded half the number of permissible registered listeners. Now at 78
04-12 20:42:46.994725  1750  2903 D TelephonyRegistry: listen oscl: mHasNotifySubscriptionInfoChangedOccurred==false no callback
04-12 20:42:46.995387  2663  2663 D DSMGR-0 : mIsDataEnabled=false, prevDataEnabled=false
04-12 20:42:46.995417  2663  2663 D DSMGR-0 : notifyDataEnabledChanged: enabled=false, reason=UNKNOWN, callingPackage=com.android.phone
04-12 20:42:46.996239  2663  2663 D MtkDPM  : DPM-0: EVENT_PLMN_DATA
04-12 20:42:46.996264  2663  2663 D MtkDPM  : DPM-0: mPlmnMvnoData = PlmnMvnoData(xxx) changed = true
04-12 20:42:46.997370  1750  2903 W TelephonyRegistry: Pid 2663 has exceeded half the number of permissible registered listeners. Now at 79
04-12 20:42:46.997409  1750  2903 D TelephonyRegistry: listen oscl: mHasNotifySubscriptionInfoChangedOccurred==false no callback
04-12 20:42:46.997905  2663  2663 D CarrierResolver: handleMessage: 2
04-12 20:42:46.998127  2663  2663 D MtkGsmCdmaPhone: EVENT_ICC_CHANGED, phone id = 1, result = null
04-12 20:42:46.998174  2663  2663 E GsmCdmaPhone: [1] reapplyUiccAppsEnablementIfNeeded: slot state=null
04-12 20:42:46.998200  2663  2663 E GsmCdmaPhone: [1] reapplyUiccAppsEnablementIfNeeded(), slot is null ,mUiccApplicationsEnabled = null
04-12 20:42:46.998279  2663  2663 D MtkGsmCdmaPhone: isPhoneTypeCdmaLte:false, phoneId: 1 isCdmaWithoutLteCard: false mNewVoiceTech: -1
04-12 20:42:46.998302  2663  2663 D GsmCdmaCallTracker: [1] EVENT_RIL_CONNECTED 0
04-12 20:42:46.998316  2663  2663 D GsmCdmaCallTkr: Receives EVENT_RADIO_OFF_OR_NOT_AVAILABLE
04-12 20:42:46.998384  2663  2663 D GsmCdmaCallTracker: [1] update phone state, old=IDLE new=IDLE
04-12 20:42:46.999477  1350  1723 I AT      : RECV MSGID=0408 [NW_GET_REGISTER_STATE_CNF], TXID=017c, DUMP=8419542400000000010208047C01880100000400000000000001260000000000000000000000000000000000000000000000000000000000000000000000000000000000000000000101020000000000020101000000000003010400000000000401280000000000000000000000000000000000000000000000000000000000000000000000000000000000000000000501010000000000060102000000000007010100000000000801280000000000000000000000000000000000000000000000000000000000000000000000000000000000000000000901100000000000000000000000000000000000000000000A0124000000000000000000000000000000000000000000000000000000000000000000000000000B010100000000000C010100000000000D010100000000000E010100000000000F0101000000000010011800000000000000000000000000000000000000000000000000000000001101300000000000000000000000000000000000000000000000000000000000000000000000000000000000000000000000000000000000
04-12 20:42:46.999550  1350  1723 I AT      : RECV MSGID=4403 [NW_PS_IND], TXID=ffff, DUMP=841954240000000001030344FFFF7800000101002A000000010104002A2A2A2A020101002A000000030123002A2A2A2A2A2A2A2A2A2A2A2A2A2A2A2A2A2A2A2A2A2A2A2A2A2A2A2A2A2A2A2A2A2A2A00040101002A0000000C0128002A2A2A2A2A2A2A2A2A2A2A2A2A2A2A2A2A2A2A2A2A2A2A2A2A2A2A2A2A2A2A2A2A2A2A2A2A2A2A2A00000000
04-12 20:42:46.999620  1350  1723 I AT      : RECV MSGID=4408 [NW_CS_IND], TXID=ffff, DUMP=841954240000000001030844FFFF5000008118002A2A2A2A2A2A2A2A2A2A2A2A2A2A2A2A2A2A2A2A2A2A2A2A00000000010101002A000000088120002A2A2A2A2A2A2A2A2A2A2A2A2A2A2A2A2A2A2A2A2A2A2A2A2A2A2A2A2A2A2A2A00000000
04-12 20:42:46.999655  1350  1723 I AT      : RECV MSGID=047c [NW_SET_NW_IND_REPORT_LEVEL_CNF], TXID=017d, DUMP=841954240000000001027C047D0108000000040000000000
04-12 20:42:46.999678  1350  1723 I AT      : RECV MSGID=021e [DATA_SET_LINK_CAPACITY_REPORTING_CRITERIA_CNF], TXID=017e, DUMP=841954240000000001021E027E0108000000040000000000
04-12 20:42:46.999712  1350  1740 E RfxBaseHandler: [0] registerToHandleMipcURC error:-3, slotId:0, mipcId:4419
04-12 20:42:46.999758  1350  1740 I AT      : SEND MSGID=04c7 [NW_GET_PHYSICAL_CHANNEL_CONFIGS_REQ], TXID=017f [RFXSender_0], DUMP=84195424000000000100C7047F010000
04-12 20:42:46.999861  1350  1763 I AT      : SEND MSGID=021d [DATA_SET_LINK_CAPACITY_REPORTING_CRITERIA_REQ], TXID=0180 [RFXSender_4], DUMP=841954240000000001001D028001A800060101000B00000007012C0064000000F4010000E80300008813000010270000204E000050C30000F8240100A0860100400D030020A107000001010002000000080104000300000001010400B80B000002010400320000000301040032000000040101000E0000000501380064000000F4010000E80300008813000010270000204E000050C30000F8240100A0860100400D030020A1070040420F0060E3160080841E0000000000
04-12 20:42:46.999978  2663  2663 D MtkGsmSMSDispatcher: Wrong phone id event coming, PhoneId: -1
04-12 20:42:46.999985  2663  2663 D MtkGsmSMSDispatcher: Wrong phone id event coming, PhoneId: -1
04-12 20:42:46.999996  2663  2663 D MtkGsmInboundSmsHandler-1: StartupState.processMessage: processing EVENT_START_ACCEPTING_SMS
04-12 20:42:47.000004  2663  2663 D MtkGsmInboundSmsHandler-1: IdleState.enter: entering IdleState
04-12 20:42:47.000023  2663  2663 D MtkCdmaInboundSmsHandler-1: StartupState.processMessage: processing EVENT_START_ACCEPTING_SMS
04-12 20:42:47.000026  2663  2663 D MtkCdmaInboundSmsHandler-1: IdleState.enter: entering IdleState
04-12 20:42:47.000049  1350  1765 D RmmNwRTReqHdlr: [0] [requestOperator] plmn is null or empty!
04-12 20:42:47.000099  1350  1765 I AT      : SEND MSGID=0407 [NW_GET_REGISTER_STATE_REQ], TXID=0181 [RFXSender_6], DUMP=84195424000000000100070481010000
04-12 20:42:47.000526  1350  1723 I AT      : RECV MSGID=04c8 [NW_GET_PHYSICAL_CHANNEL_CONFIGS_CNF], TXID=017f, DUMP=84195424000000000102C8047F0188000000040000000000000100000000000000000000FF7F0100FF7F25000000000001000000000000000000000000000000000000000000000000000000000100000000000000000000010100000000000000000000FE7F0100FE7F28000000000001000000000000000000000000000000000000000000000000000000000000000100000000000000
04-12 20:42:47.000799  1350  1740 D RmmNwHdlr: [0] [queryPhysicalChannelConfigs] count:1, hasChanged: 1 
04-12 20:42:47.000849  1350  1740 E RfxBaseHandler: [0] registerToHandleMipcURC error:-3, slotId:0, mipcId:441b
04-12 20:42:47.000890  2663  3416 I RILJ    : [0071]< SET_LINK_CAPACITY_REPORTING_CRITERIA  [PHONE0]
04-12 20:42:47.000915  1350  1740 E RfxBaseHandler: [0] registerToHandleMipcURC error:-3, slotId:0, mipcId:4402
04-12 20:42:47.000934  2663  2663 I RILJ    : [0084]> BASEBAND_VERSION [PHONE1]
04-12 20:42:47.000974  1350  1740 E RfxBaseHandler: [0] registerToHandleMipcURC error:-3, slotId:0, mipcId:4413
04-12 20:42:47.000981  1350  1740 E RfxBaseHandler: [0] registerToHandleMipcURC error:-3, slotId:0, mipcId:441e
04-12 20:42:47.000989  1350  1740 E RfxBaseHandler: [0] registerToHandleMipcURC error:-3, slotId:0, mipcId:4417
04-12 20:42:47.000999  1350  1740 E RfxBaseHandler: [0] registerToHandleMipcURC error:-3, slotId:0, mipcId:4418
04-12 20:42:47.001009  1350  1740 E RfxBaseHandler: [0] registerToHandleMipcURC error:-3, slotId:0, mipcId:4409
04-12 20:42:47.001025  1350  1740 I AT      : SEND MSGID=1151 [NW_GET_CSCON_STATE_REQ], TXID=0182 [RFXSender_0], DUMP=84195424000000000100511182010000
04-12 20:42:47.001080  2663  2684 I RILJ    : [0064]< OPERATOR {, , } [PHONE0]
04-12 20:42:47.001356  2663  2684 I RILJ    : [0069]< SET_UNSOLICITED_RESPONSE_FILTER  [PHONE0]
04-12 20:42:47.001517  1350  1760 D RmmNwReqHdlr: [0] [sendPhysicalChannelConfigs] count:0, Update: 0
04-12 20:42:47.001608  2663  2663 I RILJ    : [0085]> DEVICE_IMEI [PHONE1]
04-12 20:42:47.001682  1350  1772 I AT      : SEND MSGID=0001 [SYS_GET_INFO_REQ], TXID=0183 [RFXSender_13], DUMP=84195424000000000200010083010000
04-12 20:42:47.002039  2663  2663 I RILJ    : [0086]> DEVICE_IDENTITY [PHONE1]
04-12 20:42:47.002831  1350  1723 I AT      : RECV MSGID=021e [DATA_SET_LINK_CAPACITY_REPORTING_CRITERIA_CNF], TXID=0180, DUMP=841954240000000001021E02800108000000040000000000
04-12 20:42:47.002968  1350  1763 I AT      : SEND MSGID=021d [DATA_SET_LINK_CAPACITY_REPORTING_CRITERIA_REQ], TXID=0184 [RFXSender_4], DUMP=841954240000000001001D028401A800060101000B00000007012C0064000000F4010000E80300008813000010270000204E000050C30000F8240100A0860100400D030020A107000001010002000000080104000400000001010400B80B000002010400320000000301040032000000040101000E0000000501380064000000F4010000E80300008813000010270000204E000050C30000F8240100A0860100400D030020A1070040420F0060E3160080841E0000000000
04-12 20:42:47.003225  2663  2663 I RILJ    : [0087]> GET_RADIO_CAPABILITY [PHONE1]
04-12 20:42:47.003535  2663  2995 I RILJ    : [0072]< SET_LINK_CAPACITY_REPORTING_CRITERIA  [PHONE0]
04-12 20:42:47.003805  1350  1723 I AT      : RECV MSGID=0408 [NW_GET_REGISTER_STATE_CNF], TXID=0181, DUMP=8419542400000000010208048101880100000400000000000001260000000000000000000000000000000000000000000000000000000000000000000000000000000000000000000101020000000000020101000000000003010400000000000401280000000000000000000000000000000000000000000000000000000000000000000000000000000000000000000501010000000000060102000000000007010100000000000801280000000000000000000000000000000000000000000000000000000000000000000000000000000000000000000901100000000000000000000000000000000000000000000A0124000000000000000000000000000000000000000000000000000000000000000000000000000B010100000000000C010100000000000D010100000000000E010100000000000F0101000000000010011800000000000000000000000000000000000000000000000000000000001101300000000000000000000000000000000000000000000000000000000000000000000000000000000000000000000000000000000000
04-12 20:42:47.004866  1350  1723 I AT      : RECV MSGID=1152 [NW_GET_CSCON_STATE_CNF], TXID=0182, DUMP=84195424000000000102521182011800000004000000000000010400000000000101040000000000
04-12 20:42:47.004970  1350  1740 I AT      : SEND MSGID=047b [NW_SET_NW_IND_REPORT_LEVEL_REQ], TXID=0185 [RFXSender_0], DUMP=841954240000000001007B048501100000010100030000000101010003000000
04-12 20:42:47.005872  2663  3416 I RILJ    : convertHalRadioCapability: session=-1, phase=3, rat=561156, logicModemUuid=modem_sys1_ps1_nr1, status=1, rcRil.raf=1130504 [PHONE1]
04-12 20:42:47.005956  2663  3416 I RILJ    : [0087]< GET_RADIO_CAPABILITY {mPhoneId = 1 mVersion=1 mSession=-1 mPhase=3 mRadioAccessFamily=561156 mLogicModemId=modem_sys1_ps1_nr1 mStatus=1} [PHONE1]
04-12 20:42:47.006338  2663  2995 I RILJ    : [0065]< QUERY_NETWORK_SELECTION_MODE {0} [PHONE0]
04-12 20:42:47.006940  2663  2663 I RILJ    : [0088]> GET_UICC_APPLICATIONS_ENABLEMENT [PHONE1]
04-12 20:42:47.007163  1350  1743 E RtmCommSimCtrl: [1] handleAreUiccApplicationsEnabled() not support, slot:1, msgslot:1, enable:1
04-12 20:42:47.007344  2663  2995 I RILJ    : [0088]< GET_UICC_APPLICATIONS_ENABLEMENT error 11 [PHONE1]
04-12 20:42:47.007441  2663  2995 D RilRequest: [0088]< GET_UICC_APPLICATIONS_ENABLEMENT error: com.android.internal.telephony.CommandException: SIM_ABSENT ret=true result={ when=-21s778ms what=55 target=com.mediatek.internal.telephony.MtkGsmCdmaPhone }
04-12 20:42:47.007554  2663  2663 I RILJ    : [0089]> SET_NULL_CIPHER_AND_INTEGRITY_ENABLED [PHONE1]
04-12 20:42:47.007691  2663  2663 D CellularIdentifierDisclosureNotifier: disabled
04-12 20:42:47.008171  2663  3534 D CellularIdentifierDisclosureNotifier: On disable notifier
04-12 20:42:47.008415  1350  1723 I AT      : RECV MSGID=4403 [NW_PS_IND], TXID=ffff, DUMP=841954240000000001030344FFFF7800000101002A000000010104002A2A2A2A020101002A000000030123002A2A2A2A2A2A2A2A2A2A2A2A2A2A2A2A2A2A2A2A2A2A2A2A2A2A2A2A2A2A2A2A2A2A2A00040101002A0000000C0128002A2A2A2A2A2A2A2A2A2A2A2A2A2A2A2A2A2A2A2A2A2A2A2A2A2A2A2A2A2A2A2A2A2A2A2A2A2A2A2A00000000
04-12 20:42:47.008521  1350  1723 I AT      : RECV MSGID=4408 [NW_CS_IND], TXID=ffff, DUMP=841954240000000001030844FFFF5000008118002A2A2A2A2A2A2A2A2A2A2A2A2A2A2A2A2A2A2A2A2A2A2A2A00000000010101002A000000088120002A2A2A2A2A2A2A2A2A2A2A2A2A2A2A2A2A2A2A2A2A2A2A2A2A2A2A2A2A2A2A2A00000000
04-12 20:42:47.008630  1350  1723 I AT      : RECV MSGID=047c [NW_SET_NW_IND_REPORT_LEVEL_CNF], TXID=0185, DUMP=841954240000000001027C04850108000000040000000000
04-12 20:42:47.008691  1350  1740 E RfxBaseHandler: [0] registerToHandleMipcURC error:-3, slotId:0, mipcId:4419
04-12 20:42:47.008711  1350  1740 I AT      : SEND MSGID=04c7 [NW_GET_PHYSICAL_CHANNEL_CONFIGS_REQ], TXID=0186 [RFXSender_0], DUMP=84195424000000000100C70486010000
04-12 20:42:47.008755  1350  1723 I AT      : RECV MSGID=021e [DATA_SET_LINK_CAPACITY_REPORTING_CRITERIA_CNF], TXID=0184, DUMP=841954240000000001021E02840108000000040000000000
04-12 20:42:47.008838  1350  1763 I AT      : SEND MSGID=021d [DATA_SET_LINK_CAPACITY_REPORTING_CRITERIA_REQ], TXID=0187 [RFXSender_4], DUMP=841954240000000001001D028701A800060101000B00000007012C0064000000F4010000E80300008813000010270000204E000050C30000F8240100A0860100400D030020A107000001010002000000080104000600000001010400B80B000002010400320000000301040032000000040101000E0000000501380064000000F4010000E80300008813000010270000204E000050C30000F8240100A0860100400D030020A1070040420F0060E3160080841E0000000000
04-12 20:42:47.009447  2663  2663 I RILJ    : [0090]> SET_CELLULAR_IDENTIFIER_DISCLOSED_ENABLED enable=false [PHONE1]
04-12 20:42:47.009602  1350  1723 I AT      : RECV MSGID=4409 [NW_CSCON_IND], TXID=ffff, DUMP=841954240000000001030944FFFF10000001040000FF00FF0101040001000000
04-12 20:42:47.009907  2663  3416 I RILJ    : [0073]< SET_LINK_CAPACITY_REPORTING_CRITERIA  [PHONE0]
04-12 20:42:47.009974  2663  2663 D NullCipherNotifier: disabled
04-12 20:42:47.010485  1350  1723 I AT      : RECV MSGID=04c8 [NW_GET_PHYSICAL_CHANNEL_CONFIGS_CNF], TXID=0186, DUMP=84195424000000000102C804860188000000040000000000000100000000000000000000FF7F0100FF7F25000000000001000000000000000000000000000000000000000000000000000000000100000000000000000000010100000000000000000000FE7F0100FE7F28000000000001000000000000000000000000000000000000000000000000000000000000000100000000000000
04-12 20:42:47.010555  1350  1740 D RmmNwHdlr: [0] [queryPhysicalChannelConfigs] count:1, hasChanged: 0 
04-12 20:42:47.010583  1350  1740 E RfxBaseHandler: [0] registerToHandleMipcURC error:-3, slotId:0, mipcId:441b
04-12 20:42:47.010627  1350  1740 E RfxBaseHandler: [0] registerToHandleMipcURC error:-3, slotId:0, mipcId:420d
04-12 20:42:47.010648  1350  1740 D RmmNwHdlr: [0] [handlePsInd][handlePsNetworkStateChanged] stat=0, lac=**FF, cid=***FFFF, eAct=0, reject_cause=0, dcnr_restricted=0, endc_sib=0, endc_available=0
04-12 20:42:47.010785  1350  1740 I AT      : [0] AT> AT+EGREG? (RIL_URC_READER tid:469956017088)
04-12 20:42:47.010799  1350  1740 I AT      : SEND MSGID=0003 [SYS_AT_REQ], TXID=0188 [RFXSender_0], DUMP=8419542400000000010003008801100000810A002A2A2A2A2A2A2A2A2A2A0000
04-12 20:42:47.010816  2663  3541 I NullCipherNotifier: On enable notifier. Enable value: false
04-12 20:42:47.010864  1350  1760 I AT      : SEND MSGID=0407 [NW_GET_REGISTER_STATE_REQ], TXID=0189 [RFXSender_1], DUMP=84195424000000000100070489010000
04-12 20:42:47.012143  2663  3416 I RILJ    : [0078]< SET_UNSOLICITED_RESPONSE_FILTER  [PHONE0]
04-12 20:42:47.012251  2663  2663 I RILJ    : [0091]> SET_SECURITY_ALGORITHMS_UPDATED_ENABLED enable=false [PHONE1]
04-12 20:42:47.012380  2663  2663 D MtkGsmCdmaPhone: EVENT_RADIO_OFF_OR_NOT_AVAILABLEreceived.
04-12 20:42:47.014715  2663  2663 D ANM-1   : bind to com.android.phone
04-12 20:42:47.014791  1350  1723 I AT      : RECV MSGID=021e [DATA_SET_LINK_CAPACITY_REPORTING_CRITERIA_CNF], TXID=0187, DUMP=841954240000000001021E02870108000000040002000000
04-12 20:42:47.014977  1350  1763 I AT      : SEND MSGID=041f [NW_SET_IDLE_HINT_REQ], TXID=018a [RFXSender_4], DUMP=841954240000000001001F048A0108000001010000000000
04-12 20:42:47.015081  1350  1763 I AT      : SEND MSGID=021d [DATA_SET_LINK_CAPACITY_REPORTING_CRITERIA_REQ], TXID=018b [RFXSender_4], DUMP=841954240000000001001D028B01A800060101000B00000007012C0064000000F4010000E80300008813000010270000204E000050C30000F8240100A0860100400D030020A107000001010002000000080104000100000001010400B80B000002010400320000000301040032000000040101000E0000000501380064000000F4010000E80300008813000010270000204E000050C30000F8240100A0860100400D030020A1070040420F0060E3160080841E0000000000
04-12 20:42:47.015495  1350  1723 I AT      : RECV MSGID=0004 [SYS_AT_CNF], TXID=0188, DUMP=84195424000000000102040088015000000004000000000000813E002A2A2A2A2A2A2A2A2A2A2A2A2A2A2A2A2A2A2A2A2A2A2A2A2A2A2A2A2A2A2A2A2A2A2A2A2A2A2A2A2A2A2A2A2A2A2A2A2A2A2A2A2A2A2A2A2A2A2A2A2A2A000000000000
04-12 20:42:47.015544  1350  1740 I AT      : [0] AT< +EGREG=*** (RIL_URC_READER, tid:469956017088)
04-12 20:42:47.015552  1350  1740 I AT      : [0] AT< OK (RIL_URC_READER, tid:469956017088)
04-12 20:42:47.015580  1350  1740 D RmmNwHdlr: [0] [handleCsInd][handleCsNetworkStateChanged] stat=0, lac=**FF, cid=***FFFF, eAct=0, css=0, nwk_existence=0, roam_indicator=0, cause_type=0, reject_cause=0
04-12 20:42:47.015646  1350  1740 D RmmNwHdlr: [0] [handlePsInd][handlePsNetworkStateChanged] stat=0, lac=**FF, cid=***FFFF, eAct=0, reject_cause=0, dcnr_restricted=0, endc_sib=0, endc_available=0
04-12 20:42:47.015672  1350  1740 I AT      : [0] AT> AT+EGREG? (RIL_URC_READER tid:469956017088)
04-12 20:42:47.015680  1350  1740 I AT      : SEND MSGID=0003 [SYS_AT_REQ], TXID=018c [RFXSender_0], DUMP=8419542400000000010003008C01100000810A002A2A2A2A2A2A2A2A2A2A0000
04-12 20:42:47.016818  1350  1723 I AT      : RECV MSGID=0408 [NW_GET_REGISTER_STATE_CNF], TXID=0189, DUMP=8419542400000000010208048901880100000400000000000001260000000000000000000000000000000000000000000000000000000000000000000000000000000000000000000101020000000000020101000000000003010400000000000401280000000000000000000000000000000000000000000000000000000000000000000000000000000000000000000501010000000000060102000000000007010100000000000801280000000000000000000000000000000000000000000000000000000000000000000000000000000000000000000901100000000000000000000000000000000000000000000A0124000000000000000000000000000000000000000000000000000000000000000000000000000B010100000000000C010100000000000D010100000000000E010100000000000F0101000000000010011800000000000000000000000000000000000000000000000000000000001101300000000000000000000000000000000000000000000000000000000000000000000000000000000000000000000000000000000000
04-12 20:42:47.017015  2663  3416 I RILJ    : [0091]< SET_SECURITY_ALGORITHMS_UPDATED_ENABLED  [PHONE1]
04-12 20:42:47.017038  1350  1760 I AT      : SEND MSGID=0407 [NW_GET_REGISTER_STATE_REQ], TXID=018d [RFXSender_1], DUMP=8419542400000000010007048D010000
04-12 20:42:47.017233  2663  2995 I RILJ    : [0075]< SEND_DEVICE_STATE error 6 [PHONE0]
04-12 20:42:47.017390  2663  2995 D RilRequest: [0075]< SEND_DEVICE_STATE error: com.android.internal.telephony.CommandException: REQUEST_NOT_SUPPORTED ret= result=null
04-12 20:42:47.017679  2663  2995 I RILJ    : [0076]< SEND_DEVICE_STATE  [PHONE0]
04-12 20:42:47.017776  2663  2995 I RILJ    : [0077]< SEND_DEVICE_STATE error 6 [PHONE0]
04-12 20:42:47.017811  2663  2995 D RilRequest: [0077]< SEND_DEVICE_STATE error: com.android.internal.telephony.CommandException: REQUEST_NOT_SUPPORTED ret= result=null
04-12 20:42:47.019080  1350  1723 I AT      : RECV MSGID=0420 [NW_SET_IDLE_HINT_CNF], TXID=018a, DUMP=8419542400000000010220048A01100000000400000000000001010000000000
04-12 20:42:47.019198  2663  2663 D SSCtr   : No matching configuration
04-12 20:42:47.019634  2663  2663 I RILJ    : [0092]> SET_SIGNAL_STRENGTH_REPORTING_CRITERIA [PHONE1]
04-12 20:42:47.019694  1350  1723 I AT      : RECV MSGID=021e [DATA_SET_LINK_CAPACITY_REPORTING_CRITERIA_CNF], TXID=018b, DUMP=841954240000000001021E028B0108000000040000000000
04-12 20:42:47.019760  2663  2663 D SSCtr   : setSignalStrengthReportingCriteria consolidatedSignalThresholdInfos=[SignalThresholdInfo{mRan=1 mSignalMeasurementType=1 mHysteresisMs=3000 mHysteresisDb=2 mThresholds=[] mIsEnabled=false}, SignalThresholdInfo{mRan=2 mSignalMeasurementType=2 mHysteresisMs=3000 mHysteresisDb=2 mThresholds=[] mIsEnabled=false}, SignalThresholdInfo{mRan=3 mSignalMeasurementType=3 mHysteresisMs=3000 mHysteresisDb=2 mThresholds=[] mIsEnabled=false}, SignalThresholdInfo{mRan=4 mSignalMeasurementType=1 mHysteresisMs=3000 mHysteresisDb=2 mThresholds=[] mIsEnabled=false}, SignalThresholdInfo{mRan=3 mSignalMeasurementType=4 mHysteresisMs=3000 mHysteresisDb=2 mThresholds=[] mIsEnabled=false}, SignalThresholdInfo{mRan=3 mSignalMeasurementType=5 mHysteresisMs=3000 mHysteresisDb=2 mThresholds=[] mIsEnabled=false}, SignalThresholdInfo{mRan=6 mSignalMeasurementType=6 mHysteresisMs=3000 mHysteresisDb=2 mThresholds=[] mIsEnabled=false}, SignalThresholdInfo{mRan=6 mSignalMeasurementType=7 mHysteresisMs=3000 mHysteresisDb=2 mThresholds=[] mIsEnabled=false}, SignalThresholdInfo{mRan=6 mSignalMeasurementType=8 mHysteresisMs=3000 mHysteresisDb=2 mThresholds=[] mIsEnabled=false}, SignalThresholdInfo{mRan=2 mSignalMeasurementType=9 mHysteresisMs=3000 mHysteresisDb=2 mThresholds=[] mIsEnabled=false}]
04-12 20:42:47.019872  2663  2663 D SSCtr   : No matching configuration
04-12 20:42:47.021556  1350  1763 I AT      : SEND MSGID=021d [DATA_SET_LINK_CAPACITY_REPORTING_CRITERIA_REQ], TXID=018e [RFXSender_4], DUMP=841954240000000001001D028E01A800060101000B00000007012C0064000000F4010000E80300008813000010270000204E000050C30000F8240100A0860100400D030020A107000001010002000000080104000600000001010400B80B000002010400320000000301040032000000040101000E0000000501380064000000F4010000E80300008813000010270000204E000050C30000F8240100A0860100400D030020A1070040420F0060E3160080841E0000000000
04-12 20:42:47.022136  2663  2663 I RILJ    : [0093]> SET_SIGNAL_STRENGTH_REPORTING_CRITERIA [PHONE1]
04-12 20:42:47.022260  2663  2663 D SSCtr   : setSignalStrengthReportingCriteria consolidatedSignalThresholdInfos=[SignalThresholdInfo{mRan=1 mSignalMeasurementType=1 mHysteresisMs=3000 mHysteresisDb=2 mThresholds=[] mIsEnabled=false}, SignalThresholdInfo{mRan=2 mSignalMeasurementType=2 mHysteresisMs=3000 mHysteresisDb=2 mThresholds=[] mIsEnabled=false}, SignalThresholdInfo{mRan=3 mSignalMeasurementType=3 mHysteresisMs=3000 mHysteresisDb=2 mThresholds=[] mIsEnabled=false}, SignalThresholdInfo{mRan=4 mSignalMeasurementType=1 mHysteresisMs=3000 mHysteresisDb=2 mThresholds=[] mIsEnabled=false}, SignalThresholdInfo{mRan=3 mSignalMeasurementType=4 mHysteresisMs=3000 mHysteresisDb=2 mThresholds=[] mIsEnabled=false}, SignalThresholdInfo{mRan=3 mSignalMeasurementType=5 mHysteresisMs=3000 mHysteresisDb=2 mThresholds=[] mIsEnabled=false}, SignalThresholdInfo{mRan=6 mSignalMeasurementType=6 mHysteresisMs=3000 mHysteresisDb=2 mThresholds=[] mIsEnabled=false}, SignalThresholdInfo{mRan=6 mSignalMeasurementType=7 mHysteresisMs=3000 mHysteresisDb=2 mThresholds=[] mIsEnabled=false}, SignalThresholdInfo{mRan=6 mSignalMeasurementType=8 mHysteresisMs=3000 mHysteresisDb=2 mThresholds=[] mIsEnabled=false}, SignalThresholdInfo{mRan=2 mSignalMeasurementType=9 mHysteresisMs=3000 mHysteresisDb=2 mThresholds=[] mIsEnabled=false}]
04-12 20:42:47.022318  2663  2663 D MTKSST  : [GsmSST1] EVENT_ICC_CHANGED: SIM absent
04-12 20:42:47.022324  2663  2663 D MTKSST  : [GsmSST1] cancelAllNotifications: mPrevSubId=-1
04-12 20:42:47.023409  2663  2663 D MTKSST  : [GsmSST1] updateCarrierDisplayName: satellitePlmn=null
04-12 20:42:47.023473  2663  2663 D MTKSST  : [GsmSST1] updateCarrierDisplayName: radio is on but out of service, set plmn='没有服务'
04-12 20:42:47.023487  2663  2663 D MTKSST  : [GsmSST1] updateCarrierDisplayName: rawSpn = 
04-12 20:42:47.023517  2663  2663 D MTKSST  : [GsmSST1] updateSpnDisplay: rule = 2
04-12 20:42:47.023524  2663  2663 D MTKSST  : [GsmSST1] TDD updateSpnDisplay mSS.getOperatorNumeric() = null
04-12 20:42:47.023538  2663  2663 D MTKSST  : [GsmSST1] TDD getNumeric simNumeric = , operatorNumeric = null
04-12 20:42:47.023543  2663  2663 D MTKSST  : [GsmSST1] TDD currentMccEqualsSimMcc simNumeric = , operatorNumeric = null
04-12 20:42:47.024180  1350  1743 E RILC    : oemHookRawInd: radioModemServiceImpl[0].mtkEmIndication == NULL
04-12 20:42:47.024524  1350  1723 I AT      : RECV MSGID=0004 [SYS_AT_CNF], TXID=018c, DUMP=8419542400000000010204008C015000000004000000000000813E002A2A2A2A2A2A2A2A2A2A2A2A2A2A2A2A2A2A2A2A2A2A2A2A2A2A2A2A2A2A2A2A2A2A2A2A2A2A2A2A2A2A2A2A2A2A2A2A2A2A2A2A2A2A2A2A2A2A2A2A2A2A000000000000
04-12 20:42:47.024627  1350  1723 I AT      : RECV MSGID=0408 [NW_GET_REGISTER_STATE_CNF], TXID=018d, DUMP=8419542400000000010208048D01880100000400000000000001260000000000000000000000000000000000000000000000000000000000000000000000000000000000000000000101020000000000020101000000000003010400000000000401280000000000000000000000000000000000000000000000000000000000000000000000000000000000000000000501010000000000060102000000000007010100000000000801280000000000000000000000000000000000000000000000000000000000000000000000000000000000000000000901100000000000000000000000000000000000000000000A0124000000000000000000000000000000000000000000000000000000000000000000000000000B010100000000000C010100000000000D010100000000000E010100000000000F0101000000000010011800000000000000000000000000000000000000000000000000000000001101300000000000000000000000000000000000000000000000000000000000000000000000000000000000000000000000000000000000
04-12 20:42:47.024701  1350  1723 I AT      : RECV MSGID=021e [DATA_SET_LINK_CAPACITY_REPORTING_CRITERIA_CNF], TXID=018e, DUMP=841954240000000001021E028E0108000000040002000000
04-12 20:42:47.024791  1350  1723 I AT      : RECV MSGID=0002 [SYS_GET_INFO_CNF], TXID=0183, DUMP=8419542400000000020202008301F003000004002A2A2A2A010101002A000000020101002A000000030104002A2A2A2A040104002A2A2A2A050104002A2A2A2A060104002A2A2A2A070104002A2A2A2A080120002A2A2A2A2A2A2A2A2A2A2A2A2A2A2A2A2A2A2A2A2A2A2A2A2A2A2A2A2A2A2A2A00000000090180002A2A2A2A2A2A2A2A2A2A2A2A2A2A2A2A2A2A2A2A2A2A2A2A2A2A2A2A2A2A2A2A2A2A2A2A2A2A2A2A2A2A2A2A2A2A2A2A2A2A2A2A2A2A2A2A2A2A2A2A2A2A2A2A2A2A2A2A2A2A2A2A2A2A2A2A2A2A2A2A2A2A2A2A2A2A2A2A2A2A2A2A2A2A2A2A2A2A2A2A2A2A2A2A2A2A2A2A2A2A2A2A2A2A2A2A2A2A2A2A2A2A2A2A2A2A2A2A000000000A0101002A0000000B0101002A0000000C0101002A0000000D0104002A2A2A2A0E0118002A2A2A2A2A2A2A2A2A2A2A2A2A2A2A2A2A2A2A2A2A2A2A2A000000000F810F002A2A2A2A2A2A2A2A2A2A2A2A2A2A2A0000000000100120002A2A2A2A2A2A2A2A2A2A2A2A2A2A2A2A2A2A2A2A2A2A2A2A2A2A2A2A2A2A2A2A00000000110140002A2A2A2A2A2A2A2A2A2A2A2A2A2A2A2A2A2A2A2A2A2A2A2A2A2A2A2A2A2A2A2A2A2A2A2A2A2A2A2A2A2A2A2A2A2A2A2A2A2A2A2A2A2A2A2A2A2A2A2A2A2A2A2A0000000012011E002A2A2A2A2A2A2A2A2A2A2A2A2A2A2A2A2A2A2A2A2A2A2A2A2A2
04-12 20:42:47.024834  1350  1772 I RmmOemHandler: [1] requestBasebandVersion:MOLY.NR17.R2.MP2.RC.MP.V36.16.P1, 2026/03/24 14:47
04-12 20:42:47.024841  1350  1772 I RmmOemHandler: [1] Original Baseband Version: MOLY.NR17.R2.MP2.RC.MP.V36.16.P1
04-12 20:42:47.024882  1350  1772 I RmmOemHandler: [1] Customized Baseband Version: TA15152P1
04-12 20:42:47.024944  1350  1772 I AT      : SEND MSGID=1514 [MIPC_SYS_GET_PRIMARY_IMEI_INFO_REQ], TXID=018f [RFXSender_13], DUMP=8419542400000000020014158F010000
04-12 20:42:47.025035  1350  1740 I AT      : [0] AT< +EGREG=*** (RIL_URC_READER, tid:469956017088)
04-12 20:42:47.025046  1350  1740 I AT      : [0] AT< OK (RIL_URC_READER, tid:469956017088)
04-12 20:42:47.025081  1350  1740 D RmmNwHdlr: [0] [handleCsInd][handleCsNetworkStateChanged] stat=0, lac=**FF, cid=***FFFF, eAct=0, css=0, nwk_existence=0, roam_indicator=0, cause_type=0, reject_cause=0
04-12 20:42:47.025143  1350  1740 D RmmNwUrcHdlr: [0] handleConnectionStateReportInd: 0, 255, 0
04-12 20:42:47.026040  1350  1723 I AT      : RECV MSGID=1515 [MIPC_SYS_GET_PRIMARY_IMEI_INFO_CNF], TXID=018f, DUMP=8419542400000000020215158F01300000000400000000000001010000000000018110002A2A2A2A2A2A2A2A2A2A2A2A2A2A2A2A00000000028102002A2A0000
04-12 20:42:47.026087  1350  1772 I RmmOemHandler: [1] requestDeviceImei primary imei slot id(0)
04-12 20:42:47.026148  1350  1772 I AT      : SEND MSGID=1161 [NW_SET_ALLOWED_SECURITY_ALGO_CONFIG_REQ], TXID=0190 [RFXSender_13], DUMP=841954240000000002006111900108000001010001000000
04-12 20:42:47.026838  1350  1723 I AT      : RECV MSGID=1162 [NW_SET_ALLOWED_SECURITY_ALGO_CONFIG_CNF], TXID=0190, DUMP=841954240000000002026211900108000000040000000000
04-12 20:42:47.027056  1350  1772 I AT      : SEND MSGID=1165 [NW_SET_CONFIG_REQ], TXID=0191 [RFXSender_13], DUMP=841954240000000002006511910108000001010000000000
04-12 20:42:47.027158  1350  1743 E RILC    : oemHookRawInd: radioModemServiceImpl[0].mtkEmIndication == NULL
04-12 20:42:47.027880  1350  1723 I AT      : RECV MSGID=1166 [NW_SET_CONFIG_CNF], TXID=0191, DUMP=84195424000000000202661191011800000004000000000000010100000000000101010000000000
