04-12 20:42:45.398283  1350  1384 I RILC    : sendPendedUrcs start RIL_SOCKET_1, RIL_UNSOL_SIM_SLOT_LOCK_POLICY_NOTIFY, client 1
04-12 20:42:45.398289  1350  1384 I RILC    : sendPendedUrcs end RIL_SOCKET_1, RIL_UNSOL_SIM_SLOT_LOCK_POLICY_NOTIFY, client 1
04-12 20:42:45.398291  1350  1384 I RILC    : sendPendedUrcs start RIL_SOCKET_1, RIL_UNSOL_ICCID_CHANGED, client 1
04-12 20:42:45.398299  1350  1384 I RILC    : sendPendedUrcs end RIL_SOCKET_1, RIL_UNSOL_ICCID_CHANGED, client 1
04-12 20:42:45.398544  2663  2997 I RILJ    : Unsol response received; Sending ack to ril.cpp [PHONE0]
04-12 20:42:45.398569  2663  2997 I RILJ    : [UNSL]< UNSOL_RESPONSE_RADIO_STATE_CHANGED radioStateChanged: 0 [PHONE0]
04-12 20:42:45.398976  2663  2663 D MtkRILJ : getRilOp
04-12 20:42:45.398998  2663  2663 D MtkRILJ : getRilOp return null for there is no HIDL, mRadioVersionMtk: 4.0 [PHONE0]
04-12 20:42:45.399006  2663  2663 I PhoneFactory: Network Mode set to 32
04-12 20:42:45.399626  2683  2683 W OperatorUtils: getMccMnc, mccMnc value:
04-12 20:42:45.399668  2683  2683 E ImsService: There is not IMtkMmTelFeatureCallback for slot 1
04-12 20:42:45.400270  1350  1723 I AT      : RECV MSGID=0510 [SIM_STATUS_CNF], TXID=0167, DUMP=84195424000000000102100567010801000004000300000000010100000000000101010000000000020101000000000003010100000000000401010000000000050101000000000006010100FF00000007010100FF00000008010100FF00000009010100000000000C8115002A2A2A2A2A2A2A2A2A2A2A2A2A2A2A2A2A2A2A2A2A000000000000000D8150002A2A2A2A2A2A2A2A2A2A2A2A2A2A2A2A2A2A2A2A2A2A2A2A2A2A2A2A2A2A2A2A2A2A2A2A2A2A2A2A2A2A2A2A2A2A2A2A2A2A2A2A2A2A2A2A2A2A2A2A2A2A2A2A2A2A2A2A2A2A2A2A2A2A2A2A2A2A2A2A000000000E010100000000000F0101000000000010010100000000001101010000000000120101000000000014010100000000001501010000000000
04-12 20:42:45.399035  2663  2663 I RILJ    : RIL: init allowedNetworkTypes=906119 cdmaSubscription=-1) [PHONEnull]
04-12 20:42:45.405298  1350  1765 I RmmSimCommReq: [0] handleGetSimStatusResponse, token:31, result:3,state:0,pin:0,appindex:-1,-1,-1, atr:80,, icid:21,, eid:0,(null), mepMode:0
04-12 20:42:45.404716  2663  2995 I RILJ    : Unsol response received; Sending ack to ril.cpp [PHONE0]
04-12 20:42:45.405766  2663  2995 I RILJ    : [UNSL]< MTK: RIL_UNSOL_SIM_TYPE_INFO_IND [PHONE0]
04-12 20:42:45.406016  2663  2996 I RILJ    : Unsol response received; Sending ack to ril.cpp [PHONE0]
04-12 20:42:45.406036  2663  2996 I RILJ    : [UNSL]< UNSOL_RESPONSE_SIM_STATUS_CHANGED [PHONE0]
04-12 20:42:45.406902  2663  3057 I RILJ    : Unsol response received; Sending ack to ril.cpp [PHONE0]
04-12 20:42:45.412371  2663  2677 I RILJ    : Unsol response received; Sending ack to ril.cpp [PHONE0]
04-12 20:42:45.412431  2663  2677 I RILJ    : [UNSL]< UNSOL_VOICE_RADIO_TECH_CHANGED {1} [PHONE0]
04-12 20:42:45.416292  2663  2996 I RILJ    : Unsol response received; Sending ack to ril.cpp [PHONE0]
04-12 20:42:45.416306  2663  2996 I RILJ    : [UNSL]< UNSOL_RESPONSE_SIM_STATUS_CHANGED [PHONE0]
04-12 20:42:45.416580  2663  2995 I RILJ    : Unsol response received; Sending ack to ril.cpp [PHONE0]
04-12 20:42:45.416761  2663  3058 I RILJ    : Unsol response received; Sending ack to ril.cpp [PHONE0]
04-12 20:42:45.416770  2663  3058 I RILJ    : [UNSL]< UNSOL_RESPONSE_SIM_STATUS_CHANGED [PHONE0]
04-12 20:42:45.416821  2663  3057 I RILJ    : [UNSL]< MTK: RIL_UNSOL_PLMN_DATA [PHONE0]
04-12 20:42:45.416926  2663  2995 I RILJ    : Unsol response received; Sending ack to ril.cpp [PHONE0]
04-12 20:42:45.417112  2663  2995 I RILJ    : Unsol response received; Sending ack to ril.cpp [PHONE0]
04-12 20:42:45.417267  2663  2995 I RILJ    : Unsol response received; Sending ack to ril.cpp [PHONE0]
04-12 20:42:45.417342  2663  2995 I RILJ    : [UNSL]< MTK: RIL_UNSOL_ICCID_CHANGED N/A [PHONE0]
04-12 20:42:45.417613  2663  2995 I RILJ    : Unsol response received; Sending ack to ril.cpp [PHONE0]
04-12 20:42:45.418223  2663  2995 I RILJ    : Unsol response received; Sending ack to ril.cpp [PHONE0]
04-12 20:42:45.418276  2663  2995 I RILJ    : [UNSL]< MTK: RIL_UNSOL_ICCID_CHANGED N/A [PHONE0]
04-12 20:42:45.434268  2721  2721 D FeatureConnector: [InstanceManager, 0] imsFeatureRemoved: reason=3
04-12 20:42:45.434567  2663  2997 I RILJ    : Broadcast for RadioStateChanged: state=0 [PHONE0]
04-12 20:42:45.434623  2721  3065 I ImsManager: IM[0] connectionUnavailable, reason: 3
04-12 20:42:45.436952  2663  3057 I RILJ    : Unsol response received; Sending ack to ril.cpp [PHONE0]
04-12 20:42:45.437113  2663  3057 I RILJ    : [UNSL]< UNSOL_HARDWARE_CONFIG_CHANGED [Modem { uuid=modem_sys1_ps0_nr1, state=0, rilModel=0, rat={0, 4, 6, 17}, maxActiveVoiceCall=1, maxActiveDataCall=1, maxStandby=2 }, Sim { uuid=modem_sys1_ps0_nr1, modemUuid=modem_sys1_ps0_nr1, state=0 }] [PHONE0]
04-12 20:42:45.440124  2663  2663 I MtkRILJ : getRadioServiceProxy wait for MtkRIL
04-12 20:42:45.440141  2663  2663 I MtkRILJ : canMakeRequest wait for MtkRIL [PHONE1]
04-12 20:42:45.440192  1350  1743 D RtmCC   : [0] No call, ignore hangup all: slot = 0
04-12 20:42:45.440561  2683  2708 D IMS-RilRequest: [3661]< HANGUP_ALL error: com.android.internal.telephony.CommandException: GENERIC_FAILURE ret=
04-12 20:42:45.441567  2721  2721 W CarrierConfigManager: Error getting config for subId -1 ICarrierConfigLoader is null
04-12 20:42:45.441746  2663  2663 I MtkRILJ : getRadioProxy wait for MtkRIL
04-12 20:42:45.441765  2663  2663 I RILJ    : HAL version of RADIO: 2.0 [PHONE1]
04-12 20:42:45.441848  1750  2199 W TelephonyRegistry: Pid 1750 has exceeded half the number of permissible registered listeners. Now at 44
04-12 20:42:45.441985  2663  2663 I MtkRILJ : getRadioServiceProxy wait for MtkRIL
04-12 20:42:45.441995  2663  2663 I RILJ    : HAL version of DATA: -1.-1 [PHONE1]
04-12 20:42:45.442725  2663  2663 I MtkRILJ : getRadioServiceProxy wait for MtkRIL
04-12 20:42:45.442739  2663  2663 I RILJ    : HAL version of MESSAGING: -1.-1 [PHONE1]
04-12 20:42:45.442933  2721  2721 D FeatureConnector: [InstanceManager, 0] imsFeatureRemoved: reason=3
04-12 20:42:45.443016  2663  2663 I MtkRILJ : getRadioServiceProxy wait for MtkRIL
04-12 20:42:45.443037  2663  2663 I RILJ    : HAL version of MODEM: -1.-1 [PHONE1]
04-12 20:42:45.445262  2663  2663 I MtkRILJ : getRadioServiceProxy wait for MtkRIL
04-12 20:42:45.445283  2663  2663 I RILJ    : HAL version of NETWORK: -1.-1 [PHONE1]
04-12 20:42:45.445837  2721  3065 I ImsManager: IM[0] connectionUnavailable, reason: 3
04-12 20:42:45.448299  2663  2663 I MtkRILJ : getRadioServiceProxy wait for MtkRIL
04-12 20:42:45.448320  2663  2663 I RILJ    : HAL version of SIM: -1.-1 [PHONE1]
04-12 20:42:45.448496  1350  1743 D RtmCC   : [1] No call, ignore hangup all: slot = 1
04-12 20:42:45.448659  2683  2708 D IMS-RilRequest: [3662]< HANGUP_ALL error: com.android.internal.telephony.CommandException: GENERIC_FAILURE ret=
04-12 20:42:45.448946  1350  1762 I AT      : SEND MSGID=cb02 [WFC_WIFI_INFO_NTF], TXID=ffff [RFXSender_3], DUMP=8419542400000000010002CBFFFF2000000106002A2A2A2A2A2A000000000000010101002A000000020101002A000000
04-12 20:42:45.455819  2663  2663 I MtkRILJ : getRadioServiceProxy wait for MtkRIL
04-12 20:42:45.455832  2721  2721 W CarrierConfigManager: Error getting config for subId -1 ICarrierConfigLoader is null
04-12 20:42:45.455841  2663  2663 I RILJ    : HAL version of VOICE: -1.-1 [PHONE1]
04-12 20:42:45.460687  2721  2721 W CarrierConfigManager: Error getting config for subId -1 ICarrierConfigLoader is null
04-12 20:42:45.462862  2663  2663 I MtkRILJ : getRadioServiceProxy wait for MtkRIL
04-12 20:42:45.462896  2663  2663 I RILJ    : HAL version of IMS: -1.-1 [PHONE1]
04-12 20:42:45.462922  2663  2663 D MtkRILJ : constructor: sub = 1
04-12 20:42:45.469578  2721  2721 W CarrierConfigManager: Error getting config for subId -1 ICarrierConfigLoader is null
04-12 20:42:45.471327  2721  2721 D FeatureConnector: [InstanceManager, 1] imsFeatureRemoved: reason=3
04-12 20:42:45.474552  2721  3074 I ImsManager: IM[1] connectionUnavailable, reason: 3
04-12 20:42:45.475209  2721  2721 W CarrierConfigManager: Error getting config for subId -1 ICarrierConfigLoader is null
04-12 20:42:45.475384  2721  2721 D FeatureConnector: [InstanceManager, 1] imsFeatureRemoved: reason=3
04-12 20:42:45.475621  2721  3074 I ImsManager: IM[1] connectionUnavailable, reason: 3
04-12 20:42:45.477771  2721  2721 W CarrierConfigManager: Error getting config for subId -1 ICarrierConfigLoader is null
04-12 20:42:45.478182  2721  2721 W CarrierConfigManager: Error getting config for subId -1 ICarrierConfigLoader is null
04-12 20:42:45.478423  2721  2721 W CarrierConfigManager: Error getting config for subId -1 ICarrierConfigLoader is null
04-12 20:42:45.479146  2663  2663 D RadioModemProxy: AIDL initialized mHalVersion=2.2
04-12 20:42:45.479169  2663  2663 I RILJ    : Linked to death for service MODEM [PHONE1]
04-12 20:42:45.490651  2663  2663 I RILJ    : [0016]> GET_HARDWARE_CONFIG [PHONE1]
04-12 20:42:45.490982  1350  1775 D RmmHdcHdr: [1] onHandleRequest: 55016
04-12 20:42:45.490996  1350  1775 D RmmHdcHdr: [1] handleHardwareConfigRequest: m_slot_id:1
04-12 20:42:45.491037  1350  1775 D RmmHdcHdr: [1] sendHardwareConfigUrc: m_slot_id:1
04-12 20:42:45.491412  2663  3057 I RILJ    : [0016]< GET_HARDWARE_CONFIG  [Modem { uuid=modem_sys1_ps1_nr1, state=0, rilModel=0, rat={0, 4, 6, 17}, maxActiveVoiceCall=1, maxActiveDataCall=1, maxStandby=2 }] [Sim { uuid=modem_sys1_ps1_nr1, modemUuid=modem_sys1_ps1_nr1, state=0 }]  [PHONE1]
04-12 20:42:45.491734  2663  2663 D RadioDataProxy: AIDL initialized mHalVersion=2.2
04-12 20:42:45.492378  2663  2663 I RILJ    : Linked to death for service DATA [PHONE1]
04-12 20:42:45.493617  2663  2663 D RadioMessagingProxy: AIDL initialized mHalVersion=2.2
04-12 20:42:45.493660  2663  2663 I RILJ    : Linked to death for service MESSAGING [PHONE1]
04-12 20:42:45.496872  2663  2663 D RadioNetworkProxy: AIDL initialized mHalVersion=2.2
04-12 20:42:45.496926  2663  2663 I RILJ    : Linked to death for service NETWORK [PHONE1]
04-12 20:42:45.497991  2663  2663 D RadioSimProxy: AIDL initialized mHalVersion=2.2
04-12 20:42:45.498013  2663  2663 I RILJ    : Linked to death for service SIM [PHONE1]
04-12 20:42:45.500587  2663  2663 D RadioVoiceProxy: AIDL initialized mHalVersion=2.2
04-12 20:42:45.504156  2663  2663 I RILJ    : Linked to death for service VOICE [PHONE1]
04-12 20:42:45.508445  2663  2663 D RadioImsProxy: AIDL initialized mHalVersion=2.1
04-12 20:42:45.508497  2663  2663 I RILJ    : Linked to death for service IMS [PHONE1]
04-12 20:42:45.508589  2663  2663 I MtkRILJ : getMtkRadioExProxy returns null for mRadioVersionMtk greaterOrEqual 4.0.
04-12 20:42:45.511175  1350  1350 I RILC    : set all aosp response done: slotId:1
04-12 20:42:45.511611  1350  1350 I RIL-Fusion: getRadioState(): (1)radioState=0
04-12 20:42:45.511651  1350  1350 I RIL-Fusion: getRadioState(): (1)radioState=0
04-12 20:42:45.511695  1350  1350 E RILC    : radioStateChanged: radioModemServiceImpl[1].mtkEmIndication == NULL
04-12 20:42:45.511711  1350  1350 I RILC    : onNewCommandConnect, slot 1, client 0
04-12 20:42:45.511723  1350  1384 I RILC    : sendPendedUrcCallback 0 1 0
04-12 20:42:45.511734  1350  1384 I RILC    : sendPendedUrcs start RIL_SOCKET_2, UNSOL_HARDWARE_CONFIG_CHANGED, client 0
04-12 20:42:45.511768  1350  1384 I RILC    : sendPendedUrcs end RIL_SOCKET_2, UNSOL_HARDWARE_CONFIG_CHANGED, client 0
04-12 20:42:45.511772  1350  1384 I RILC    : sendPendedUrcs start RIL_SOCKET_2, UNSOL_RESPONSE_SIM_STATUS_CHANGED, client 0
04-12 20:42:45.511815  1350  1384 I RILC    : sendPendedUrcs end RIL_SOCKET_2, UNSOL_RESPONSE_SIM_STATUS_CHANGED, client 0
04-12 20:42:45.511818  1350  1384 I RILC    : sendPendedUrcs start RIL_SOCKET_2, UNSOL_RESPONSE_SIM_STATUS_CHANGED, client 0
04-12 20:42:45.511830  1350  1384 I RILC    : sendPendedUrcs end RIL_SOCKET_2, UNSOL_RESPONSE_SIM_STATUS_CHANGED, client 0
04-12 20:42:45.511832  1350  1384 I RILC    : sendPendedUrcs start RIL_SOCKET_2, UNSOL_RESPONSE_SIM_STATUS_CHANGED, client 0
04-12 20:42:45.511840  1350  1384 I RILC    : sendPendedUrcs end RIL_SOCKET_2, UNSOL_RESPONSE_SIM_STATUS_CHANGED, client 0
04-12 20:42:45.511842  1350  1384 I RILC    : sendPendedUrcs start RIL_SOCKET_2, UNSOL_VOICE_RADIO_TECH_CHANGED, client 0
04-12 20:42:45.511858  1350  1384 I RILC    : sendPendedUrcs end RIL_SOCKET_2, UNSOL_VOICE_RADIO_TECH_CHANGED, client 0
04-12 20:42:45.511860  1350  1384 I RILC    : sendPendedUrcs start RIL_SOCKET_2, UNSOL_HARDWARE_CONFIG_CHANGED, client 0
04-12 20:42:45.511868  1350  1384 I RILC    : sendPendedUrcs end RIL_SOCKET_2, UNSOL_HARDWARE_CONFIG_CHANGED, client 0
04-12 20:42:45.512454  1350  1743 D RtmCC   : onConnectionStateChanged
04-12 20:42:45.512471  1350  1743 D RtmGsmSmsCtrl: [1] onHidlStateChanged (false, true) (slot 1)
04-12 20:42:45.512489  1350  1743 I RtmCapa : [-1] onRilConnected:RFX_STATUS_CONNECTION_STATE(0==>1)
04-12 20:42:45.512867  2663  2663 D MtkRadioExDataProxy: AIDL version=3, halVersion=4.0
04-12 20:42:45.512943  2663  2663 D MtkRadioExDataProxy: AIDL initialized mHalVersion=4.0
04-12 20:42:45.513467  1350  1778 I AT      : SEND MSGID=050f [SIM_STATUS_REQ], TXID=0168 [RFXSender_18], DUMP=841954240000000002000F05680108000001010001000000
04-12 20:42:45.514748  2663  2663 D MtkRadioExMessagingProxy: AIDL version=1, halVersion=4.0
04-12 20:42:45.514764  2663  2663 D MtkRadioExMessagingProxy: AIDL initialized mHalVersion=4.0
04-12 20:42:45.520337  2663  2663 D MtkRadioExModemProxy: AIDL version=3, halVersion=4.0
04-12 20:42:45.520353  2663  2663 D MtkRadioExModemProxy: AIDL initialized mHalVersion=4.0
04-12 20:42:45.520664  1350  1723 I AT      : RECV MSGID=0510 [SIM_STATUS_CNF], TXID=0168, DUMP=84195424000000000202100568010801000004000300000000010100000000000101010001000000020101000100000003010100000000000401010000000000050101000000000006010100FF00000007010100FF00000008010100FF00000009010100000000000C8115002A2A2A2A2A2A2A2A2A2A2A2A2A2A2A2A2A2A2A2A2A000000000000000D8150002A2A2A2A2A2A2A2A2A2A2A2A2A2A2A2A2A2A2A2A2A2A2A2A2A2A2A2A2A2A2A2A2A2A2A2A2A2A2A2A2A2A2A2A2A2A2A2A2A2A2A2A2A2A2A2A2A2A2A2A2A2A2A2A2A2A2A2A2A2A2A2A2A2A2A2A2A2A2A2A000000000E010100000000000F0101000000000010010100000000001101010000000000120101000000000014010100010000001501010000000000
04-12 20:42:45.520913  2663  2997 I RILJ    : Unsol response received; Sending ack to ril.cpp [PHONE1]
04-12 20:42:45.520947  2663  2997 I RILJ    : [UNSL]< UNSOL_RESPONSE_SIM_STATUS_CHANGED [PHONE1]
04-12 20:42:45.522325  2663  2663 D MtkRadioExNetworkProxy: AIDL version=1, halVersion=4.0
04-12 20:42:45.522947  2663  2663 D MtkRadioExNetworkProxy: AIDL initialized mHalVersion=4.0
04-12 20:42:45.526492  2663  2663 D MtkRadioExSimProxy: AIDL version=2, halVersion=4.0
04-12 20:42:45.526556  2663  2663 D MtkRadioExSimProxy: AIDL initialized mHalVersion=4.0
04-12 20:42:45.527249  1350  1778 I RmmSimCommReq: [1] handleGetSimStatusResponse, token:38, result:3,state:0,pin:0,appindex:-1,-1,-1, atr:80,, icid:21,, eid:0,(null), mepMode:0
04-12 20:42:45.530512  1350  1778 I AT      : SEND MSGID=050f [SIM_STATUS_REQ], TXID=0169 [RFXSender_18], DUMP=841954240000000002000F05690108000001010001000000
04-12 20:42:45.537933  1350  1723 I AT      : RECV MSGID=0510 [SIM_STATUS_CNF], TXID=0169, DUMP=84195424000000000202100569010801000004000300000000010100000000000101010001000000020101000100000003010100000000000401010000000000050101000000000006010100FF00000007010100FF00000008010100FF00000009010100000000000C8115002A2A2A2A2A2A2A2A2A2A2A2A2A2A2A2A2A2A2A2A2A000000000000000D8150002A2A2A2A2A2A2A2A2A2A2A2A2A2A2A2A2A2A2A2A2A2A2A2A2A2A2A2A2A2A2A2A2A2A2A2A2A2A2A2A2A2A2A2A2A2A2A2A2A2A2A2A2A2A2A2A2A2A2A2A2A2A2A2A2A2A2A2A2A2A2A2A2A2A2A2A2A2A2A2A000000000E010100000000000F0101000000000010010100000000001101010000000000120101000000000014010100010000001501010000000000
04-12 20:42:45.542424  2663  2663 D MtkRadioExVoiceProxy: AIDL version=1, halVersion=4.0
04-12 20:42:45.543678  2663  2663 D MtkRadioExVoiceProxy: AIDL initialized mHalVersion=4.0
04-12 20:42:45.544588  2663  2663 D MtkRILJ : getRilOp
04-12 20:42:45.544660  2663  2663 D MtkRILJ : getRilOp return null for there is no HIDL, mRadioVersionMtk: 4.0 [PHONE1]
04-12 20:42:45.544929  2663  3057 I RILJ    : Unsol response received; Sending ack to ril.cpp [PHONE1]
04-12 20:42:45.544950  2663  3057 I RILJ    : [UNSL]< UNSOL_RIL_CONNECTED [PHONE1]
04-12 20:42:45.545346  2663  2997 I RILJ    : Unsol response received; Sending ack to ril.cpp [PHONE1]
04-12 20:42:45.545366  2663  2997 I RILJ    : [UNSL]< UNSOL_RESPONSE_SIM_STATUS_CHANGED [PHONE1]
04-12 20:42:45.545866  2663  2995 I RILJ    : Unsol response received; Sending ack to ril.cpp [PHONE1]
04-12 20:42:45.545908  2663  2995 I RILJ    : [UNSL]< UNSOL_VOICE_RADIO_TECH_CHANGED {1} [PHONE1]
04-12 20:42:45.546323  1350  1350 I RILC    : set all MTK response done: slotId:1
04-12 20:42:45.546404  1350  1384 I RILC    : sendPendedUrcCallback 0 1 1
04-12 20:42:45.546416  1350  1384 I RILC    : sendPendedUrcs start RIL_SOCKET_2, RIL_UNSOL_SIM_TYPE_INFO, client 1
04-12 20:42:45.546460  1350  1384 I RILC    : sendPendedUrcs end RIL_SOCKET_2, RIL_UNSOL_SIM_TYPE_INFO, client 1
04-12 20:42:45.546465  1350  1384 I RILC    : sendPendedUrcs start RIL_SOCKET_2, RIL_UNSOL_SIM_SLOT_LOCK_POLICY_NOTIFY, client 1
04-12 20:42:45.546480  1350  1384 I RILC    : sendPendedUrcs end RIL_SOCKET_2, RIL_UNSOL_SIM_SLOT_LOCK_POLICY_NOTIFY, client 1
04-12 20:42:45.546497  1350  1384 I RILC    : sendPendedUrcs start RIL_SOCKET_2, RIL_UNSOL_SIM_POWER_CHANGED, client 1
04-12 20:42:45.546512  1350  1384 I RILC    : sendPendedUrcs end RIL_SOCKET_2, RIL_UNSOL_SIM_POWER_CHANGED, client 1
04-12 20:42:45.546515  1350  1384 I RILC    : sendPendedUrcs start RIL_SOCKET_2, RIL_UNSOL_PLMN_DATA, client 1
04-12 20:42:45.546543  1350  1384 I RILC    : sendPendedUrcs end RIL_SOCKET_2, RIL_UNSOL_PLMN_DATA, client 1
04-12 20:42:45.546547  1350  1384 I RILC    : sendPendedUrcs start RIL_SOCKET_2, RIL_UNSOL_SIM_SLOT_LOCK_POLICY_NOTIFY, client 1
04-12 20:42:45.546559  1350  1384 I RILC    : sendPendedUrcs end RIL_SOCKET_2, RIL_UNSOL_SIM_SLOT_LOCK_POLICY_NOTIFY, client 1
04-12 20:42:45.546562  1350  1384 I RILC    : sendPendedUrcs start RIL_SOCKET_2, RIL_UNSOL_ICCID_CHANGED, client 1
04-12 20:42:45.546574  1350  1384 I RILC    : sendPendedUrcs end RIL_SOCKET_2, RIL_UNSOL_ICCID_CHANGED, client 1
04-12 20:42:45.546608  2663  3057 I RILJ    : Unsol response received; Sending ack to ril.cpp [PHONE1]
04-12 20:42:45.546623  2663  3057 I RILJ    : [UNSL]< UNSOL_RESPONSE_RADIO_STATE_CHANGED radioStateChanged: 0 [PHONE1]
04-12 20:42:45.546624  1350  1350 I RILC    : onNewCommandConnect, slot 1, client 1
04-12 20:42:45.546914  2663  2997 I RILJ    : Unsol response received; Sending ack to ril.cpp [PHONE1]
04-12 20:42:45.546929  2663  2997 I RILJ    : [UNSL]< UNSOL_RESPONSE_SIM_STATUS_CHANGED [PHONE1]
04-12 20:42:45.547202  2663  3057 I RILJ    : Broadcast for RadioStateChanged: state=0 [PHONE1]
04-12 20:42:45.548026  1350  1778 I RmmSimCommReq: [1] handleGetSimStatusResponse, token:39, result:3,state:0,pin:0,appindex:-1,-1,-1, atr:80,, icid:21,, eid:0,(null), mepMode:0
04-12 20:42:45.551924  2663  3058 I RILJ    : Unsol response received; Sending ack to ril.cpp [PHONE1]
04-12 20:42:45.553019  2663  3058 I RILJ    : [UNSL]< MTK: RIL_UNSOL_SIM_TYPE_INFO_IND [PHONE1]
04-12 20:42:45.554871  2663  3058 I RILJ    : Unsol response received; Sending ack to ril.cpp [PHONE1]
04-12 20:42:45.556329  2663  3058 I RILJ    : Unsol response received; Sending ack to ril.cpp [PHONE1]
04-12 20:42:45.559163  2663  3057 I RILJ    : Unsol response received; Sending ack to ril.cpp [PHONE1]
04-12 20:42:45.559233  2663  3057 I RILJ    : [UNSL]< UNSOL_HARDWARE_CONFIG_CHANGED [Modem { uuid=modem_sys1_ps1_nr1, state=0, rilModel=0, rat={0, 4, 6, 17}, maxActiveVoiceCall=1, maxActiveDataCall=1, maxStandby=2 }, Sim { uuid=modem_sys1_ps1_nr1, modemUuid=modem_sys1_ps1_nr1, state=0 }] [PHONE1]
04-12 20:42:45.562680  2663  2677 I RILJ    : Unsol response received; Sending ack to ril.cpp [PHONE1]
04-12 20:42:45.562739  2663  2677 I RILJ    : [UNSL]< UNSOL_HARDWARE_CONFIG_CHANGED [Modem { uuid=modem_sys1_ps1_nr1, state=0, rilModel=0, rat={0, 4, 6, 17}, maxActiveVoiceCall=1, maxActiveDataCall=1, maxStandby=2 }, Sim { uuid=modem_sys1_ps1_nr1, modemUuid=modem_sys1_ps1_nr1, state=0 }] [PHONE1]
04-12 20:42:45.563335  2663  3058 I RILJ    : Unsol response received; Sending ack to ril.cpp [PHONE1]
04-12 20:42:45.563599  2663  2677 I RILJ    : Unsol response received; Sending ack to ril.cpp [PHONE1]
04-12 20:42:45.563627  2663  2663 D FeatureConnector: [InstanceManager, -1] imsFeatureRemoved: reason=3
04-12 20:42:45.563652  2663  2677 I RILJ    : [UNSL]< MTK: RIL_UNSOL_ICCID_CHANGED N/A [PHONE1]
04-12 20:42:45.564042  2663  3126 I ImsManager: IM[-1] connectionUnavailable, reason: 3
04-12 20:42:45.564124  2663  2995 I RILJ    : Unsol response received; Sending ack to ril.cpp [PHONE1]
04-12 20:42:45.564153  2663  2995 I RILJ    : [UNSL]< MTK: RIL_UNSOL_PLMN_DATA [PHONE1]
04-12 20:42:45.564393  2663  3058 I RILJ    : Unsol response received; Sending ack to ril.cpp [PHONE1]
04-12 20:42:45.567908  2663  3058 I RILJ    : Unsol response received; Sending ack to ril.cpp [PHONE1]
04-12 20:42:45.567968  2663  3058 I RILJ    : [UNSL]< MTK: RIL_UNSOL_ICCID_CHANGED N/A [PHONE1]
04-12 20:42:45.570708  2663  2663 W CarrierConfigManager: Error getting config for subId -1 ICarrierConfigLoader is null
04-12 20:42:45.570996  2663  2663 W CarrierConfigManager: Error getting config for subId -1 ICarrierConfigLoader is null
04-12 20:42:45.571177  2663  2663 D FeatureConnector: [InstanceManager, 0] imsFeatureRemoved: reason=3
04-12 20:42:45.571496  2663  3130 I ImsManager: IM[0] connectionUnavailable, reason: 3
04-12 20:42:45.572055  2663  2663 D ImsSwitchController: Initialize ImsSwitchController enter
04-12 20:42:45.572100  2663  2663 D ImsSwitchController: checkAndBindImsService: mMtkImsService = com.mediatek.ims.internal.IMtkImsService$Stub$Proxy@fc016c2
04-12 20:42:45.573997  2663  2663 D MtkRILJ : [0033]> MTK: RIL_REQUEST_SET_VENDOR_SETTING [PHONE0]
04-12 20:42:45.574995  2663  2663 D RatConfig: getMaxRat: initial N/Lf/Lt/W/G 93
04-12 20:42:45.575031  2663  2663 D RatConfig: getActiveRatConfig: Lf/Lt/W/G/N
04-12 20:42:45.576666  2663  3131 I RadioManager: PowerIdleState: enter
04-12 20:42:45.587286  2663  3058 I RILJ    : [0033]< MTK: RIL_REQUEST_SET_VENDOR_SETTING  [PHONE0]
04-12 20:42:45.591047  2663  2663 D RadioConfig: class = class com.mediatek.internal.telephony.MtkRadioConfig
04-12 20:42:45.591077  2663  2663 D RadioConfig: constructor function = public com.mediatek.internal.telephony.MtkRadioConfig(android.content.Context,com.android.internal.telephony.HalVersion)
04-12 20:42:45.594613  2663  2663 D MtkTelephonyComponentFactory: makeUiccController mtk
04-12 20:42:45.594837  1750  2199 W TelephonyRegistry: Pid 1750 has exceeded half the number of permissible registered listeners. Now at 45
04-12 20:42:45.595400  2663  3141 D RadioConfigProxy: setAidl: setting HAL version to version = 2.2
04-12 20:42:45.595690  2663  3141 D RadioConfig: [0034]> GET_HAL_DEVICE_CAPABILITIES
04-12 20:42:45.596358  1350  1350 D RadioConfig_service: aidl radioConfig setResponseFunctions
04-12 20:42:45.596569  2663  3058 D RILUtils: Radio Hal Version = 2.0
04-12 20:42:45.596581  2663  3058 D RILUtils: CAPABILITY_USES_ALLOWED_NETWORK_TYPES_BITMASK
04-12 20:42:45.596584  2663  3058 D RILUtils: CAPABILITY_SECONDARY_LINK_BANDWIDTH_VISIBLE
04-12 20:42:45.596587  2663  3058 D RILUtils: CAPABILITY_NR_DUAL_CONNECTIVITY_CONFIGURATION_AVAILABLE
04-12 20:42:45.596590  2663  3058 D RILUtils: CAPABILITY_THERMAL_MITIGATION_DATA_THROTTLING
04-12 20:42:45.596637  2663  3058 D RILUtils: CAPABILITY_SLICING_CONFIG_SUPPORTED
04-12 20:42:45.596641  2663  3058 D RILUtils: CAPABILITY_PHYSICAL_CHANNEL_CONFIG_1_6_SUPPORTED
04-12 20:42:45.596702  2663  3141 D RadioInterfaceCapabilityController: setupRadioInterfaceCapabilities: mRadioInterfaceCapabilities now setup
04-12 20:42:45.597416  2663  3058 D RadioConfigResponseAidl: [0034]< GET_HAL_DEVICE_CAPABILITIES
04-12 20:42:45.612104  2663  2663 D PinStorage: KeyStore: alias PinStorage_longTerm_always_key exists
04-12 20:42:45.612124  2663  2663 D PinStorage: onDeviceReady
04-12 20:42:45.613138  2663  2663 D PinStorage: KeyStore: alias PinStorage_shortTerm_key does not exist - Nothing to do
04-12 20:42:45.617750  2663  2663 D MtkRILJ : registerForSimTypeChanged, notify mSimTypeInfo [PHONE0]
04-12 20:42:45.617811  2663  2663 D MtkRILJ : registerForSimTypeChanged, notify mSimTypeInfo [PHONE1]
04-12 20:42:45.618004  2663  2663 I ExternalSimMgr: No need to startRecoveryTimer since didn't set persist VSIM.
04-12 20:42:45.620169  2663  3156 I ExternalSimMgr: sendExternalSimConnectedEvent connected=0
04-12 20:42:45.628011  2663  2663 I RsuSml  : [RSU-SIMLOCK] initialize RsuSml: [Lcom.android.internal.telephony.RIL;@83be458
04-12 20:42:45.629547  2663  2663 I PhoneFactory: Creating SubscriptionManagerService
04-12 20:42:45.630234  2663  2663 D SMSVC   : Created SubscriptionManagerService
04-12 20:42:45.635938  2663  2663 D MTK_SMSVC: create MtkSubscriptionDatabaseManager
04-12 20:42:45.637320  2663  2663 D SDMGR   : Created SubscriptionDatabaseManager.
04-12 20:42:45.637437  2663  3163 D SDMGR   : loadDatabaseInternal
04-12 20:42:45.638305  2663  2663 D SMSVC   : broadcastSubId action: android.intent.action.ACTION_DEFAULT_DATA_SUBSCRIPTION_CHANGED subId= -1
04-12 20:42:45.640890  2663  2663 D SMSVC   : broadcastSubId action: android.intent.action.ACTION_DEFAULT_VOICE_SUBSCRIPTION_CHANGED subId= -1
04-12 20:42:45.644755  1750  1877 W CarrierConfigManager: Error getting config for subId -1 ICarrierConfigLoader is null
04-12 20:42:45.645568  2663  2663 D SMSVC   : broadcastSubId action: android.telephony.action.DEFAULT_SMS_SUBSCRIPTION_CHANGED subId= -1
04-12 20:42:45.653638  2663  2663 D SMSVC   : Registered iSub service
04-12 20:42:45.653766  2663  2663 D MTK_SMSVC: MtkSubscriptionManagerService
04-12 20:42:45.654496  2733  2733 W CarrierConfigManager: Error getting config for subId -1 ICarrierConfigLoader is null
04-12 20:42:45.663032  2733  2733 W CarrierConfigManager: Error getting config for subId -1 ICarrierConfigLoader is null
04-12 20:42:45.672825  2663  2663 D TranDataSwitchComponentImpl: [TranDataSwitchComponentImpl]
04-12 20:42:45.673264  2663  2663 D TranDataSwitchComponentImpl: [init]...
04-12 20:42:45.692210  2663  2663 I PhoneFactory: Creating Phone with type = 1 phoneId = 0
04-12 20:42:45.692470  2663  2663 D Phone-0 : mDoesRilSendMultipleCallRing=true
04-12 20:42:45.692513  2663  2663 D Phone-0 : mCallRingDelay=3000
04-12 20:42:45.692558  2663  2663 D TelephonyAdminReceiver: No user manager. Attempting to resolve one.
04-12 20:42:45.694120  2663  2663 D TelephonyTester-0: register for intent action=com.mediatek.internal.telephony.action_detached
04-12 20:42:45.694167  2663  2663 D TelephonyTester-0: register for intent action=com.mediatek.internal.telephony.action_attached
04-12 20:42:45.694174  2663  2663 D TelephonyTester-0: register for intent action=com.android.internal.telephony.TestServiceState
04-12 20:42:45.694180  2663  2663 D TelephonyTester-0: register for intent action=com.android.internal.telephony.TestChangeNumber
04-12 20:42:45.732208  1750  2901 D TelephonyRegistry: listen oscl: mHasNotifySubscriptionInfoChangedOccurred==false no callback
04-12 20:42:45.732762  2663  2663 D TelephonyAnalytics: stopped listener
04-12 20:42:45.738965  1750  2523 D TelephonyRegistry: listen oscl: mHasNotifySubscriptionInfoChangedOccurred==false no callback
04-12 20:42:45.739050  1750  2901 D TelephonyRegistry: listen oscl: mHasNotifySubscriptionInfoChangedOccurred==false no callback
04-12 20:42:45.741423  2663  2663 D GsmCdmaCallTkr: Reset mWaitForHoldToRedialRequest variables
04-12 20:42:45.741430  2663  2663 D GsmCdmaCallTkr: Reset mWaitForHoldToHangupRequest variables
04-12 20:42:45.741461  2663  2663 D MtkTelephonyComponentFactory: makeIccPhoneBookInterfaceManager mtk
04-12 20:42:45.741579  2663  2663 D SmsDispatchersController: SmsDispatchersController created
04-12 20:42:45.742381  2663  2663 D SMSDispatcher: SMSDispatcher: ctor mSmsCapable=true format=unknown mSmsSendDisabled=false
04-12 20:42:45.742449  2663  2663 D MtkImsSmsDispacher: Created!
04-12 20:42:45.743485  2663  2663 E WAP PUSH: bindService() for wappush manager failed
04-12 20:42:45.744693  2663  2663 D         : created InboundSmsHandler
04-12 20:42:45.756222  2663  2663 D MtkGsmInboundSmsHandler-0: created InboundSmsHandler from MtkGsmInboundSmsHandler
04-12 20:42:45.759265  2663  2663 D SMSDispatcher: SMSDispatcher: ctor mSmsCapable=true format=3gpp2 mSmsSendDisabled=false
04-12 20:42:45.759484  2663  2663 D CdmaSMSDispatcher: CdmaSMSDispatcher created
04-12 20:42:45.759499  2663  2663 D MtkCdmaSMSDispatcher: MtkCdmaSMSDispatcher created
04-12 20:42:45.759834  2663  2663 E WAP PUSH: bindService() for wappush manager failed
04-12 20:42:45.761963  2663  2663 D         : created InboundSmsHandler
04-12 20:42:45.764423  2663  2663 D SMSDispatcher: SMSDispatcher: ctor mSmsCapable=true format=3gpp mSmsSendDisabled=false
04-12 20:42:45.764456  2663  2663 D GsmSMSDispatcher: GsmSMSDispatcher created
04-12 20:42:45.764503  2663  2663 D MtkGsmSMSDispatcher: MtkGsmSMSDispatcher created
04-12 20:42:45.764520  2663  2663 D MtkSmsBroadcastUndelivered:  call initialize
04-12 20:42:45.767132  2663  2663 D MtkSmsDispatchersController: MtkSmsDispatchersController created
04-12 20:42:45.768050  2663  2663 D MtkSmsLocationHandler: MtkSmsLocationHandler mSimCount = 2
04-12 20:42:45.769736  2663  2663 D MtkRadioExSmsProxy: AIDL version=2, halVersion=4.0
04-12 20:42:45.773512  2663  2663 D MtkRadioExSmsProxy: AIDL version=2, halVersion=4.0
04-12 20:42:45.775889  2663  2663 I GsmCdmaPhone: [0] enable_identifier_disclosure_transparency_unsol_events is on. Registering for cellular identifier disclosures from phone 0
04-12 20:42:45.776066  2663  2663 I GsmCdmaPhone: [0] enable_modem_cipher_transparency_unsol_events is on. Registering for security algorithm updates from phone 0
04-12 20:42:45.777896  2663  2663 I RILJ    : setPhoneType=1 old value=0 [PHONE0]
04-12 20:42:45.779679  2663  2663 D CarrierActionAgent: [0]Creating CarrierActionAgent
04-12 20:42:45.779945  2663  2663 W CarrierConfigManager: Error getting config for subId -1 ICarrierConfigLoader is null
04-12 20:42:45.779999  2663  2663 W CarrierConfigManager: CarrierConfigLoader is not available.
04-12 20:42:45.781119  2663  2663 W CarrierConfigManager: Error getting config for subId -1 ICarrierConfigLoader is null
04-12 20:42:45.782878  2663  2663 W CarrierConfigManager: Error getting config for subId -1 ICarrierConfigLoader is null
04-12 20:42:45.782935  2663  2663 W CarrierConfigManager: CarrierConfigLoader is not available.
04-12 20:42:45.783281  1750  2235 D TelephonyRegistry: listen oscl: mHasNotifySubscriptionInfoChangedOccurred==false no callback
04-12 20:42:45.785792  2663  2663 W CarrierConfigManager: Error getting config for subId -1 ICarrierConfigLoader is null
04-12 20:42:45.786597  2663  2663 D NRM-C-0 : registerForNetworkRegistrationInfoChanged
04-12 20:42:45.786833  2663  2663 D NRM-I-0 : registerForNetworkRegistrationInfoChanged
04-12 20:42:45.790962  2663  2663 I RILJ    : [0035]> SIGNAL_STRENGTH [PHONE0]
04-12 20:42:45.791141  2663  2663 D MTKSST  : [GsmSST0] notifyVoiceRegStateRilRadioTechnologyChanged: vrs=1 rat=0
04-12 20:42:45.791348  1350  1743 E RILC    : currentSignalStrengthInd: invalid response
04-12 20:42:45.791692  1750  2517 D TelephonyRegistry: listen oscl: mHasNotifySubscriptionInfoChangedOccurred==false no callback
04-12 20:42:45.791927  2663  3058 I RILJ    : [0035]< SIGNAL_STRENGTH error 1 [PHONE0]
04-12 20:42:45.792058  2663  2663 D Phone-0 : [0] SubId-1,get allowed network types user: value = GPRS|EDGE|UMTS|HSDPA|HSUPA|HSPA|LTE|HSPA+|GSM|TD_SCDMA|LTE_CA|NR
04-12 20:42:45.792152  2663  3058 D RilRequest: [0035]< SIGNAL_STRENGTH error: com.android.internal.telephony.CommandException: RADIO_NOT_AVAILABLE ret=SignalStrength:{mAverageLevel=-1mCdma=CellSignalStrengthCdma: cdmaDbm=2147483647 cdmaEcio=2147483647 evdoDbm=2147483647 evdoEcio=2147483647 evdoSnr=2147483647 level=0,mGsm=CellSignalStrengthGsm: rssi=-113 ber=0 mTa=0 mLevel=0,mWcdma=CellSignalStrengthWcdma: ss=-113 ber=0 rscp=-120 ecno=-24 level=0,mTdscdma=CellSignalStrengthTdscdma: rssi=-113 ber=0 rscp=-120 level=0,mLte=CellSignalStrengthLte: rssi=-113 rsrp=2147483647 rsrq=0 rssnr=0 cqiTableIndex=2147483647 cqi=0 ta=0 level=1 parametersUseForLevel=1,mNr=CellSignalStrengthNr:{ csiRsrp = 2147483647 csiRsrq = 2147483647 csiCqiTableIndex = 2147483647 csiCqiReport = [] ssRsrp = 2147483647 ssRsrq = 0 ssSinr = 0 level = 0 parametersUseForLevel = 1 timingAdvance = 2147483647 },primary=CellSignalStrengthLte} result={ when=-20s563ms what=6 target=com.mediatek.internal.telephony.MtkSignalStrengthController }
04-12 20:42:45.794527  2663  3218 D MTKSST  : [GsmSST0] MtkHandler: EVENT_RIL_READY
04-12 20:42:45.810131  2663  2663 W CarrierConfigManager: Error getting config for subId -1 ICarrierConfigLoader is null
04-12 20:42:45.810173  2663  2663 W CarrierConfigManager: CarrierConfigLoader is not available.
04-12 20:42:45.813070  2663  2663 D EmergencyNumberTracker: [0] asset emergency database is loaded. Ver: 2 Phone Id: 0 countryIso: 
04-12 20:42:45.813269  2663  2663 E EmergencyNumberTracker: [0]Cache ota emergency database IOException: java.io.FileNotFoundException: /data/misc/emergencynumberdb/emergency_number_db: open failed: ENOENT (No such file or directory)
04-12 20:42:45.813281  2663  2663 D EmergencyNumberTracker: [0]Using Asset Emergency database. Version: 2
04-12 20:42:45.826387  2663  2663 D MtkDeviceStateMonitor: [phoneId0]Initialize MtkDeviceStateMonitor
04-12 20:42:45.826397  2663  2663 D MtkDeviceStateMonitor: [phoneId0]isLowDataExpected mIsScreenOn = true mIsCharging = true mIsTetheringOn = false
04-12 20:42:45.827155  2663  2663 W CarrierConfigManager: Error getting config for subId -1 ICarrierConfigLoader is null
04-12 20:42:45.830051  2663  2663 D DIC-0   : register for satellite network callback
04-12 20:42:45.832313  2663  2663 D DIC-0   : Failed to get allowed network types: telephony service is null.
04-12 20:42:45.832343  2663  2663 D DIC-0   : Registered for preferred network type changes using Phone interface
04-12 20:42:45.832388  2663  2663 D DIC-0   : Registered for precise call state changes
04-12 20:42:45.832854  2663  2663 D DIC-0   : Settings observer registered for delay display settings
04-12 20:42:45.832888  2663  2663 D DIC-0   : MtkDisplayInfoController initialized with delay times: NR->LTE=30000ms, LTE->NR=0ms
04-12 20:42:45.833027  2663  2663 D DNC-0   : DataNetworkController created.
04-12 20:42:45.834248  2663  2663 W CarrierConfigManager: Error getting config for subId -1 ICarrierConfigLoader is null
04-12 20:42:45.834475  2663  2663 W CarrierConfigManager: CarrierConfigLoader is not available.
04-12 20:42:45.835443  2663  2663 W CarrierConfigManager: Error getting config for subId -1 ICarrierConfigLoader is null
04-12 20:42:45.835493  2663  2663 W CarrierConfigManager: CarrierConfigLoader is not available.
04-12 20:42:45.835689  2663  2663 W CarrierConfigManager: Error getting config for subId -1 ICarrierConfigLoader is null
04-12 20:42:45.835902  2663  2663 W CarrierConfigManager: CarrierConfigLoader is not available.
04-12 20:42:45.837139  2663  2663 W CarrierConfigManager: Error getting config for subId -1 ICarrierConfigLoader is null
04-12 20:42:45.837179  2663  2663 W CarrierConfigManager: CarrierConfigLoader is not available.
04-12 20:42:45.841382  2663  2663 W CarrierConfigManager: Error getting config for subId -1 ICarrierConfigLoader is null
04-12 20:42:45.841451  2663  2663 W CarrierConfigManager: CarrierConfigLoader is not available.
04-12 20:42:45.842181  2663  2663 W CarrierConfigManager: Error getting config for subId -1 ICarrierConfigLoader is null
04-12 20:42:45.842324  2663  2663 W CarrierConfigManager: CarrierConfigLoader is not available.
04-12 20:42:45.842804  2663  2663 W CarrierConfigManager: Error getting config for subId -1 ICarrierConfigLoader is null
04-12 20:42:45.842847  2663  2663 W CarrierConfigManager: CarrierConfigLoader is not available.
04-12 20:42:45.844067  2663  2663 W CarrierConfigManager: Error getting config for subId -1 ICarrierConfigLoader is null
04-12 20:42:45.844157  2663  2663 W CarrierConfigManager: CarrierConfigLoader is not available.
04-12 20:42:45.845892  2663  2663 D DCM-0   : DataConfigManager created.
04-12 20:42:45.847262  2663  2663 W CarrierConfigManager: Error getting config for subId -1 ICarrierConfigLoader is null
04-12 20:42:45.848647  2663  2663 E DCM-0   : updateDataRetryRules: Retry interval should not be less than 0. mRetryIntervalsMillis=[0]
04-12 20:42:45.851133  2663  2663 D MtkDCM  : DCM-0: updateVolteIOTConfig: mVolteIotFirewall false
04-12 20:42:45.851218  2663  2663 D DCM-0   : Carrier config updated. Config is not carrier specific.
04-12 20:42:45.853810  2663  2663 D DSMGR-0 : DataSettingsManager created.
04-12 20:42:45.854071  2663  2663 D TDC     : getModemCount: 1
04-12 20:42:45.854590  2663  2663 D TDC     : getModem: 0
04-12 20:42:45.854615  2663  2663 D TDC     : getModemCount: 1
04-12 20:42:45.854619  2663  2663 D TDC     : getModem: 0
04-12 20:42:45.856264  1750  2644 W TelephonyRegistry: Pid 2663 has exceeded half the number of permissible registered listeners. Now at 25
04-12 20:42:45.856300  1750  2644 D TelephonyRegistry: listen oscl: mHasNotifySubscriptionInfoChangedOccurred==false no callback
04-12 20:42:45.857121  2663  2663 D DSRM-0  : DataStallRecoveryManager created.
04-12 20:42:45.857769  2663  2663 D DSRM-0  : Enabled actions is null
04-12 20:42:45.858195  2663  2663 D DSRM-0  : Duration millis is null
04-12 20:42:45.873139  2663  2663 D CarrierResolver: Creating CarrierResolver[0]
04-12 20:42:45.874624  1750  2901 W TelephonyRegistry: Pid 2663 has exceeded half the number of permissible registered listeners. Now at 26
04-12 20:42:45.876770  2663  3248 W CarrierConfigManager: Error getting config for subId -1 ICarrierConfigLoader is null
04-12 20:42:45.876857  2663  3248 W CarrierConfigManager: CarrierConfigLoader is not available.
04-12 20:42:45.880451  2663  2663 D MTKSST  : [GsmSST0] notifyVoiceRegStateRilRadioTechnologyChanged: vrs=1 rat=0
04-12 20:42:45.888180  1750  2523 W TelephonyRegistry: Pid 2663 has exceeded half the number of permissible registered listeners. Now at 27
04-12 20:42:45.889926  2663  2663 I GsmCdmaPhone: [0] updateTtyMode ttyMode=0
04-12 20:42:45.892414  2663  2663 I RILJ    : [0036]> SET_TTY_MODE ttyMode = 0 [PHONE0]
04-12 20:42:45.893743  2663  2663 I GsmCdmaPhone: [0] updateUiTtyMode ttyMode=0
04-12 20:42:45.893797  2663  2663 D CallManager: registerPhone(GSM Handler (com.mediatek.internal.telephony.MtkGsmCdmaPhone) {39cb5fe})
04-12 20:42:45.893940  1350  1761 D RmmCCReqHandler: [0] MIPC_CALL_SET_TTY_MODE_REQ 0
04-12 20:42:45.894004  1350  1761 I AT      : SEND MSGID=093d [CALL_SET_TTY_MODE_REQ], TXID=016a [RFXSender_2], DUMP=841954240000000001003D096A0108000001010000000000
04-12 20:42:45.894257  1750  2644 W TelephonyRegistry: Pid 2663 has exceeded half the number of permissible registered listeners. Now at 28
04-12 20:42:45.894333  1750  2644 D TelephonyRegistry: listen oscl: mHasNotifySubscriptionInfoChangedOccurred==false no callback
04-12 20:42:45.894448  2663  2663 D MtkGsmCdmaPhone: constructor: sub = 0
04-12 20:42:45.894530  2663  2663 D SelfActivationDefault: init
04-12 20:42:45.895676  2663  2663 I RILJ    : [0037]> VOICE_RADIO_TECH [PHONE0]
04-12 20:42:45.895779  2663  2663 I PhoneFactory: Creating Phone with type = 1 phoneId = 1
04-12 20:42:45.895948  2663  2663 D Phone-1 : mDoesRilSendMultipleCallRing=true
04-12 20:42:45.896144  2663  3058 I RILJ    : [0037]< VOICE_RADIO_TECH {1} [PHONE0]
04-12 20:42:45.896472  2663  2663 D Phone-1 : mCallRingDelay=3000
04-12 20:42:45.896496  2663  2663 D TelephonyAdminReceiver: No user manager. Attempting to resolve one.
04-12 20:42:45.897831  2663  2663 D TelephonyTester-1: register for intent action=com.mediatek.internal.telephony.action_detached
04-12 20:42:45.897845  2663  2663 D TelephonyTester-1: register for intent action=com.mediatek.internal.telephony.action_attached
04-12 20:42:45.897849  2663  2663 D TelephonyTester-1: register for intent action=com.android.internal.telephony.TestServiceState
04-12 20:42:45.897853  2663  2663 D TelephonyTester-1: register for intent action=com.android.internal.telephony.TestChangeNumber
04-12 20:42:45.900715  1350  1723 I AT      : RECV MSGID=093e [CALL_SET_TTY_MODE_CNF], TXID=016a, DUMP=841954240000000001023E096A0108000000040000000000
04-12 20:42:45.901358  2663  3058 I RILJ    : [0036]< SET_TTY_MODE  [PHONE0]
04-12 20:42:45.905934  1750  2523 W TelephonyRegistry: Pid 2663 has exceeded half the number of permissible registered listeners. Now at 29
04-12 20:42:45.906244  1750  2518 W TelephonyRegistry: Pid 2663 has exceeded half the number of permissible registered listeners. Now at 30
04-12 20:42:45.906282  1750  2518 D TelephonyRegistry: listen oscl: mHasNotifySubscriptionInfoChangedOccurred==false no callback
04-12 20:42:45.906386  2663  2663 D TelephonyAnalytics: stopped listener
04-12 20:42:45.907278  1750  2523 W TelephonyRegistry: Pid 2663 has exceeded half the number of permissible registered listeners. Now at 31
04-12 20:42:45.907320  1750  2523 D TelephonyRegistry: listen oscl: mHasNotifySubscriptionInfoChangedOccurred==false no callback
04-12 20:42:45.907399  1750  2518 W TelephonyRegistry: Pid 2663 has exceeded half the number of permissible registered listeners. Now at 32
04-12 20:42:45.907499  1750  2518 D TelephonyRegistry: listen oscl: mHasNotifySubscriptionInfoChangedOccurred==false no callback
04-12 20:42:45.908166  2663  2663 D GsmCdmaCallTkr: Reset mWaitForHoldToRedialRequest variables
04-12 20:42:45.908183  2663  2663 D GsmCdmaCallTkr: Reset mWaitForHoldToHangupRequest variables
04-12 20:42:45.908211  2663  2663 D MtkTelephonyComponentFactory: makeIccPhoneBookInterfaceManager mtk
04-12 20:42:45.908312  2663  2663 D SmsDispatchersController: SmsDispatchersController created
04-12 20:42:45.910335  2663  2663 D SMSDispatcher: SMSDispatcher: ctor mSmsCapable=true format=unknown mSmsSendDisabled=false
04-12 20:42:45.910385  2663  2663 D MtkImsSmsDispacher: Created!
04-12 20:42:45.910880  2663  2663 E WAP PUSH: bindService() for wappush manager failed
04-12 20:42:45.912874  2663  2663 D         : created InboundSmsHandler
04-12 20:42:45.918161  2663  2663 D MtkGsmInboundSmsHandler-1: created InboundSmsHandler from MtkGsmInboundSmsHandler
04-12 20:42:45.926084  2663  2663 D SMSDispatcher: SMSDispatcher: ctor mSmsCapable=true format=3gpp2 mSmsSendDisabled=false
04-12 20:42:45.926133  2663  2663 D CdmaSMSDispatcher: CdmaSMSDispatcher created
04-12 20:42:45.926137  2663  2663 D MtkCdmaSMSDispatcher: MtkCdmaSMSDispatcher created
04-12 20:42:45.927590  2663  2663 E WAP PUSH: bindService() for wappush manager failed
04-12 20:42:45.929461  2663  2663 D         : created InboundSmsHandler
04-12 20:42:45.932429  2663  2663 D SMSDispatcher: SMSDispatcher: ctor mSmsCapable=true format=3gpp mSmsSendDisabled=false
04-12 20:42:45.932459  2663  2663 D GsmSMSDispatcher: GsmSMSDispatcher created
04-12 20:42:45.932468  2663  2663 D MtkGsmSMSDispatcher: MtkGsmSMSDispatcher created
04-12 20:42:45.933477  2663  2663 D MtkSmsDispatchersController: MtkSmsDispatchersController created
04-12 20:42:45.936888  1750  2644 W TelephonyRegistry: Pid 2663 has exceeded half the number of permissible registered listeners. Now at 33
04-12 20:42:45.937036  2663  2663 I GsmCdmaPhone: [1] enable_identifier_disclosure_transparency_unsol_events is on. Registering for cellular identifier disclosures from phone 1
04-12 20:42:45.937052  2663  2663 I GsmCdmaPhone: [1] enable_modem_cipher_transparency_unsol_events is on. Registering for security algorithm updates from phone 1
04-12 20:42:45.937190  2663  2663 I RILJ    : setPhoneType=1 old value=0 [PHONE1]
04-12 20:42:45.939015  2663  2663 D CarrierActionAgent: [1]Creating CarrierActionAgent
04-12 20:42:45.941312  2663  2663 W CarrierConfigManager: Error getting config for subId -1 ICarrierConfigLoader is null
04-12 20:42:45.941488  2663  2663 W CarrierConfigManager: CarrierConfigLoader is not available.
04-12 20:42:45.941838  1750  2901 W TelephonyRegistry: Pid 2663 has exceeded half the number of permissible registered listeners. Now at 34
04-12 20:42:45.942650  1750  2235 W TelephonyRegistry: Pid 2663 has exceeded half the number of permissible registered listeners. Now at 35
04-12 20:42:45.943632  2663  2663 W CarrierConfigManager: Error getting config for subId -1 ICarrierConfigLoader is null
04-12 20:42:45.944164  1750  2235 W TelephonyRegistry: Pid 2663 has exceeded half the number of permissible registered listeners. Now at 36
04-12 20:42:45.945247  1750  2901 W TelephonyRegistry: Pid 2663 has exceeded half the number of permissible registered listeners. Now at 37
04-12 20:42:45.945554  2663  2663 W CarrierConfigManager: Error getting config for subId -1 ICarrierConfigLoader is null
04-12 20:42:45.945767  2663  2663 W CarrierConfigManager: CarrierConfigLoader is not available.
04-12 20:42:45.946046  1750  2518 W TelephonyRegistry: Pid 2663 has exceeded half the number of permissible registered listeners. Now at 38
04-12 20:42:45.946069  1750  2518 D TelephonyRegistry: listen oscl: mHasNotifySubscriptionInfoChangedOccurred==false no callback
04-12 20:42:45.946236  2663  2663 W CarrierConfigManager: Error getting config for subId -1 ICarrierConfigLoader is null
04-12 20:42:45.946604  1750  2644 W TelephonyRegistry: Pid 2663 has exceeded half the number of permissible registered listeners. Now at 39
04-12 20:42:45.947132  1750  2235 W TelephonyRegistry: Pid 2663 has exceeded half the number of permissible registered listeners. Now at 40
04-12 20:42:45.947536  2663  2663 D NRM-C-1 : registerForNetworkRegistrationInfoChanged
04-12 20:42:45.947783  1750  2901 W TelephonyRegistry: Pid 2663 has exceeded half the number of permissible registered listeners. Now at 41
04-12 20:42:45.948462  2663  2663 D NRM-I-1 : registerForNetworkRegistrationInfoChanged
04-12 20:42:45.950947  2663  2663 I RILJ    : [0038]> SIGNAL_STRENGTH [PHONE1]
04-12 20:42:45.951133  2663  2663 D MTKSST  : [GsmSST1] notifyVoiceRegStateRilRadioTechnologyChanged: vrs=1 rat=0
04-12 20:42:45.951383  1350  1743 E RILC    : currentSignalStrengthInd: invalid response
04-12 20:42:45.951675  1750  2644 W TelephonyRegistry: Pid 2663 has exceeded half the number of permissible registered listeners. Now at 42
04-12 20:42:45.951851  1750  2644 W TelephonyRegistry: Pid 2663 has exceeded half the number of permissible registered listeners. Now at 43
04-12 20:42:45.951871  1750  2644 D TelephonyRegistry: listen oscl: mHasNotifySubscriptionInfoChangedOccurred==false no callback
04-12 20:42:45.951978  2663  2663 D Phone-1 : [1] SubId-1,get allowed network types user: value = GPRS|EDGE|UMTS|HSDPA|HSUPA|HSPA|LTE|HSPA+|GSM|TD_SCDMA|LTE_CA|NR
04-12 20:42:45.952173  2663  3058 I RILJ    : [0038]< SIGNAL_STRENGTH error 1 [PHONE1]
04-12 20:42:45.952296  2663  3058 D RilRequest: [0038]< SIGNAL_STRENGTH error: com.android.internal.telephony.CommandException: RADIO_NOT_AVAILABLE ret=SignalStrength:{mAverageLevel=-1mCdma=CellSignalStrengthCdma: cdmaDbm=2147483647 cdmaEcio=2147483647 evdoDbm=2147483647 evdoEcio=2147483647 evdoSnr=2147483647 level=0,mGsm=CellSignalStrengthGsm: rssi=-113 ber=0 mTa=0 mLevel=0,mWcdma=CellSignalStrengthWcdma: ss=-113 ber=0 rscp=-120 ecno=-24 level=0,mTdscdma=CellSignalStrengthTdscdma: rssi=-113 ber=0 rscp=-120 level=0,mLte=CellSignalStrengthLte: rssi=-113 rsrp=2147483647 rsrq=0 rssnr=0 cqiTableIndex=2147483647 cqi=0 ta=0 level=1 parametersUseForLevel=1,mNr=CellSignalStrengthNr:{ csiRsrp = 2147483647 csiRsrq = 2147483647 csiCqiTableIndex = 2147483647 csiCqiReport = [] ssRsrp = 2147483647 ssRsrq = 0 ssSinr = 0 level = 0 parametersUseForLevel = 1 timingAdvance = 2147483647 },primary=CellSignalStrengthLte} result={ when=-20s723ms what=6 target=com.mediatek.internal.telephony.MtkSignalStrengthController }
04-12 20:42:45.958223  2663  3271 D MTKSST  : [GsmSST1] MtkHandler: EVENT_RIL_READY
04-12 20:42:45.961688  2663  2663 W CarrierConfigManager: Error getting config for subId -1 ICarrierConfigLoader is null
04-12 20:42:45.961730  2663  2663 W CarrierConfigManager: CarrierConfigLoader is not available.
04-12 20:42:45.961915  1750  2235 W TelephonyRegistry: Pid 2663 has exceeded half the number of permissible registered listeners. Now at 44
04-12 20:42:45.962743  2663  2663 D EmergencyNumberTracker: [1] asset emergency database is loaded. Ver: 2 Phone Id: 1 countryIso: 
04-12 20:42:45.962906  2663  2663 E EmergencyNumberTracker: [1]Cache ota emergency database IOException: java.io.FileNotFoundException: /data/misc/emergencynumberdb/emergency_number_db: open failed: ENOENT (No such file or directory)
04-12 20:42:45.962914  2663  2663 D EmergencyNumberTracker: [1]Using Asset Emergency database. Version: 2
04-12 20:42:45.967820  2663  2663 D MtkDeviceStateMonitor: [phoneId1]Initialize MtkDeviceStateMonitor
04-12 20:42:45.967852  2663  2663 D MtkDeviceStateMonitor: [phoneId1]isLowDataExpected mIsScreenOn = true mIsCharging = true mIsTetheringOn = false
04-12 20:42:45.968204  2663  2663 W CarrierConfigManager: Error getting config for subId -1 ICarrierConfigLoader is null
04-12 20:42:45.969777  1750  2644 W TelephonyRegistry: Pid 2663 has exceeded half the number of permissible registered listeners. Now at 45
04-12 20:42:45.969977  2663  2663 D DIC-1   : register for satellite network callback
04-12 20:42:45.973686  2663  2663 D DIC-1   : Failed to get allowed network types: telephony service is null.
