04-12 20:42:45.973721  2663  2663 D DIC-1   : Registered for preferred network type changes using Phone interface
04-12 20:42:45.973752  2663  2663 D DIC-1   : Registered for precise call state changes
04-12 20:42:45.974270  2663  2663 D DIC-1   : Settings observer registered for delay display settings
04-12 20:42:45.974302  2663  2663 D DIC-1   : MtkDisplayInfoController initialized with delay times: NR->LTE=30000ms, LTE->NR=0ms
04-12 20:42:45.974332  2663  2663 D DNC-1   : DataNetworkController created.
04-12 20:42:45.974548  1750  2010 W TelephonyRegistry: Pid 2663 has exceeded half the number of permissible registered listeners. Now at 46
04-12 20:42:45.974830  2663  2663 W CarrierConfigManager: Error getting config for subId -1 ICarrierConfigLoader is null
04-12 20:42:45.974877  2663  2663 W CarrierConfigManager: CarrierConfigLoader is not available.
04-12 20:42:45.979150  2663  2663 W CarrierConfigManager: Error getting config for subId -1 ICarrierConfigLoader is null
04-12 20:42:45.979190  2663  2663 W CarrierConfigManager: CarrierConfigLoader is not available.
04-12 20:42:45.979333  2663  2663 W CarrierConfigManager: Error getting config for subId -1 ICarrierConfigLoader is null
04-12 20:42:45.979351  2663  2663 W CarrierConfigManager: CarrierConfigLoader is not available.
04-12 20:42:45.980900  2663  2663 W CarrierConfigManager: Error getting config for subId -1 ICarrierConfigLoader is null
04-12 20:42:45.980931  2663  2663 W CarrierConfigManager: CarrierConfigLoader is not available.
04-12 20:42:45.988023  1750  2518 W TelephonyRegistry: Pid 2663 has exceeded half the number of permissible registered listeners. Now at 47
04-12 20:42:45.988503  2663  2663 W CarrierConfigManager: Error getting config for subId -1 ICarrierConfigLoader is null
04-12 20:42:45.988566  2663  2663 W CarrierConfigManager: CarrierConfigLoader is not available.
04-12 20:42:45.989125  2663  2663 W CarrierConfigManager: Error getting config for subId -1 ICarrierConfigLoader is null
04-12 20:42:45.989170  2663  2663 W CarrierConfigManager: CarrierConfigLoader is not available.
04-12 20:42:45.989345  2663  2663 W CarrierConfigManager: Error getting config for subId -1 ICarrierConfigLoader is null
04-12 20:42:45.989387  2663  2663 W CarrierConfigManager: CarrierConfigLoader is not available.
04-12 20:42:45.990230  2663  2663 W CarrierConfigManager: Error getting config for subId -1 ICarrierConfigLoader is null
04-12 20:42:45.990263  2663  2663 W CarrierConfigManager: CarrierConfigLoader is not available.
04-12 20:42:46.027503  1750  2235 D TelephonyRegistry: listen oscl: mHasNotifySubscriptionInfoChangedOccurred==false no callback
04-12 20:42:46.044945  2663  2663 D DCM-1   : DataConfigManager created.
04-12 20:42:46.045365  1750  2901 W TelephonyRegistry: Pid 2663 has exceeded half the number of permissible registered listeners. Now at 48
04-12 20:42:46.046499  2663  2663 W CarrierConfigManager: Error getting config for subId -1 ICarrierConfigLoader is null
04-12 20:42:46.047672  2663  2663 E DCM-1   : updateDataRetryRules: Retry interval should not be less than 0. mRetryIntervalsMillis=[0]
04-12 20:42:46.049003  2663  2663 D MtkDCM  : DCM-1: updateVolteIOTConfig: mVolteIotFirewall false
04-12 20:42:46.049022  2663  2663 D DCM-1   : Carrier config updated. Config is not carrier specific.
04-12 20:42:46.049951  2663  2663 D DSMGR-1 : DataSettingsManager created.
04-12 20:42:46.055015  1750  2518 W TelephonyRegistry: Pid 2663 has exceeded half the number of permissible registered listeners. Now at 49
04-12 20:42:46.055039  1750  2518 D TelephonyRegistry: listen oscl: mHasNotifySubscriptionInfoChangedOccurred==false no callback
04-12 20:42:46.055361  2663  2663 D DSRM-1  : DataStallRecoveryManager created.
04-12 20:42:46.055406  2663  2663 D DSRM-1  : Enabled actions is null
04-12 20:42:46.055411  2663  2663 D DSRM-1  : Duration millis is null
04-12 20:42:46.067241  2663  2663 D CarrierResolver: Creating CarrierResolver[1]
04-12 20:42:46.072691  2733  2733 W CarrierConfigManager: Error getting config for subId -1 ICarrierConfigLoader is null
04-12 20:42:46.084868  1750  3320 D TelephonyRegistry: listen oscl: mHasNotifySubscriptionInfoChangedOccurred==false no callback
04-12 20:42:46.087212  1750  2523 W TelephonyRegistry: Pid 2663 has exceeded half the number of permissible registered listeners. Now at 50
04-12 20:42:46.089249  2663  2663 D MTKSST  : [GsmSST1] notifyVoiceRegStateRilRadioTechnologyChanged: vrs=1 rat=0
04-12 20:42:46.089903  1750  2233 D TelephonyRegistry: listen oscl: mHasNotifySubscriptionInfoChangedOccurred==false no callback
04-12 20:42:46.092737  2663  3327 W CarrierConfigManager: Error getting config for subId -1 ICarrierConfigLoader is null
04-12 20:42:46.092764  2663  3327 W CarrierConfigManager: CarrierConfigLoader is not available.
04-12 20:42:46.099131  1750  2644 W TelephonyRegistry: Pid 2663 has exceeded half the number of permissible registered listeners. Now at 51
04-12 20:42:46.101490  2663  2663 I GsmCdmaPhone: [1] updateTtyMode ttyMode=0
04-12 20:42:46.104092  2663  2663 I RILJ    : [0039]> SET_TTY_MODE ttyMode = 0 [PHONE1]
04-12 20:42:46.105312  2663  2663 I GsmCdmaPhone: [1] updateUiTtyMode ttyMode=0
04-12 20:42:46.105344  2663  2663 D CallManager: registerPhone(GSM Handler (com.mediatek.internal.telephony.MtkGsmCdmaPhone) {84aedda})
04-12 20:42:46.107127  1350  1773 D RmmCCReqHandler: [1] MIPC_CALL_SET_TTY_MODE_REQ 0
04-12 20:42:46.107197  1350  1773 I AT      : SEND MSGID=093d [CALL_SET_TTY_MODE_REQ], TXID=016b [RFXSender_14], DUMP=841954240000000002003D096B0108000001010000000000
04-12 20:42:46.111938  1750  2523 W TelephonyRegistry: Pid 2663 has exceeded half the number of permissible registered listeners. Now at 52
04-12 20:42:46.111976  1750  2523 D TelephonyRegistry: listen oscl: mHasNotifySubscriptionInfoChangedOccurred==false no callback
04-12 20:42:46.113756  2663  2663 D MtkGsmCdmaPhone: constructor: sub = 1
04-12 20:42:46.113901  2663  2663 D SelfActivationDefault: init
04-12 20:42:46.113943  1350  1723 I AT      : RECV MSGID=093e [CALL_SET_TTY_MODE_CNF], TXID=016b, DUMP=841954240000000002023E096B0108000000040000000000
04-12 20:42:46.115930  2663  2995 I RILJ    : [0039]< SET_TTY_MODE  [PHONE1]
04-12 20:42:46.126036  2663  2663 I RILJ    : [0040]> VOICE_RADIO_TECH [PHONE1]
04-12 20:42:46.126742  2663  2995 I RILJ    : [0040]< VOICE_RADIO_TECH {1} [PHONE1]
04-12 20:42:46.163119  2663  2663 I PhoneFactory: defaultSmsApplication: com.transsion.smartmessage
04-12 20:42:46.185924  2663  2663 D SuppServManager: Create MtkSuppServManager singleton instance, phones.length = 2
04-12 20:42:46.186333  2663  2663 D SuppServManager: Initialize MtkSuppServManager!
04-12 20:42:46.188258  2663  2663 D MtkSuppServHelper: [0]MtkSuppServHelper init done.
04-12 20:42:46.189316  2663  2663 D MtkSuppServHelper: [1]MtkSuppServHelper init done.
04-12 20:42:46.189340  2663  2663 D SmartDataSwitch: SmartDataSwitchAssistant is created
04-12 20:42:46.189349  2663  2663 D SmartDataSwitch: registerEvents
04-12 20:42:46.189352  2663  2663 D SmartDataSwitch: init done
04-12 20:42:46.189360  2663  2663 D SmartDataSwitch: makeSDSA: X sSDSA =Handler (com.mediatek.internal.telephony.datasub.SmartDataSwitchAssistant) {e21cd00}
04-12 20:42:46.189599  2663  2663 D MtkTelephonyComponentFactory: not found VoData library
04-12 20:42:46.199661  2663  2663 D MtkTelephonyComponentFactory: class = class com.mediatek.gwsd.service.GwsdService
04-12 20:42:46.200775  2663  2663 D GwsdService: getInstance: com.android.phone.PhoneGlobals@eda7939
04-12 20:42:46.200821  2663  2663 D GwsdService: GwsdService constructor
04-12 20:42:46.201500  2663  2663 D GwsdService: phone count2
04-12 20:42:46.202132  2663  2663 D GwsdModeController0: constructor
04-12 20:42:46.202202  2663  3347 D GwsdModeController0: []enter
04-12 20:42:46.202263  2663  3347 D GwsdModeController0: [InacviceState]enter
04-12 20:42:46.202571  2663  2663 D GwsdModeController1: constructor
04-12 20:42:46.202611  2663  3348 D GwsdModeController1: []enter
04-12 20:42:46.202618  2663  3348 D GwsdModeController1: [InacviceState]enter
04-12 20:42:46.222982  2663  2663 E MtkTelephonyComponentFactory: java.lang.reflect.InvocationTargetException
04-12 20:42:46.222982  2663  2663 E MtkTelephonyComponentFactory: 	at java.lang.reflect.Method.invoke(Native Method)
04-12 20:42:46.222982  2663  2663 E MtkTelephonyComponentFactory: 	at com.mediatek.internal.telephony.MtkTelephonyComponentFactory.initGwsdService(MtkTelephonyComponentFactory.java:578)
04-12 20:42:46.222982  2663  2663 E MtkTelephonyComponentFactory: 	at com.android.internal.telephony.PhoneFactory.makeDefaultPhone(PhoneFactory.java:275)
04-12 20:42:46.222982  2663  2663 E MtkTelephonyComponentFactory: 	at com.android.internal.telephony.PhoneFactory.makeDefaultPhones(PhoneFactory.java:121)
04-12 20:42:46.222982  2663  2663 E MtkTelephonyComponentFactory: 	at com.android.phone.PhoneGlobals.onCreate(PhoneGlobals.java:622)
04-12 20:42:46.222982  2663  2663 E MtkTelephonyComponentFactory: 	at com.android.phone.PhoneApp.onCreate(PhoneApp.java:40)
04-12 20:42:46.222982  2663  2663 E MtkTelephonyComponentFactory: 	at android.app.Instrumentation.callApplicationOnCreate(Instrumentation.java:1385)
04-12 20:42:46.222982  2663  2663 E MtkTelephonyComponentFactory: 	at android.app.ActivityThread.handleBindApplication(ActivityThread.java:8069)
04-12 20:42:46.222982  2663  2663 E MtkTelephonyComponentFactory: 	at android.app.ActivityThread.-$$Nest$mhandleBindApplication(Unknown Source:0)
04-12 20:42:46.222982  2663  2663 E MtkTelephonyComponentFactory: 	at android.app.ActivityThread$H.handleMessage(ActivityThread.java:2674)
04-12 20:42:46.222982  2663  2663 E MtkTelephonyComponentFactory: 	at android.os.Handler.dispatchMessage(Handler.java:110)
04-12 20:42:46.222982  2663  2663 E MtkTelephonyComponentFactory: 	at android.os.Looper.loopOnce(Looper.java:327)
04-12 20:42:46.222982  2663  2663 E MtkTelephonyComponentFactory: 	at android.os.Looper.loop(Looper.java:431)
04-12 20:42:46.222982  2663  2663 E MtkTelephonyComponentFactory: 	at android.app.ActivityThread.main(ActivityThread.java:9329)
04-12 20:42:46.222982  2663  2663 E MtkTelephonyComponentFactory: 	at java.lang.reflect.Method.invoke(Native Method)
04-12 20:42:46.222982  2663  2663 E MtkTelephonyComponentFactory: 	at com.android.internal.os.RuntimeInit$MethodAndArgsCaller.run(RuntimeInit.java:629)
04-12 20:42:46.222982  2663  2663 E MtkTelephonyComponentFactory: 	at com.android.internal.os.ZygoteInit.main(ZygoteInit.java:1024)
04-12 20:42:46.222982  2663  2663 E MtkTelephonyComponentFactory: Caused by: java.lang.SecurityException: SELinux denied for service.
04-12 20:42:46.222982  2663  2663 E MtkTelephonyComponentFactory: 	at android.os.Parcel.createExceptionOrNull(Parcel.java:3356)
04-12 20:42:46.222982  2663  2663 E MtkTelephonyComponentFactory: 	at android.os.Parcel.createException(Parcel.java:3340)
04-12 20:42:46.222982  2663  2663 E MtkTelephonyComponentFactory: 	at android.os.Parcel.readException(Parcel.java:3323)
04-12 20:42:46.222982  2663  2663 E MtkTelephonyComponentFactory: 	at android.os.Parcel.readException(Parcel.java:3265)
04-12 20:42:46.222982  2663  2663 E MtkTelephonyComponentFactory: 	at android.os.IServiceManager$Stub$Proxy.addService(IServiceManager.java:582)
04-12 20:42:46.222982  2663  2663 E MtkTelephonyComponentFactory: 	at android.os.ServiceManagerProxy.addService(ServiceManagerNative.java:86)
04-12 20:42:46.222982  2663  2663 E MtkTelephonyComponentFactory: 	at android.os.ServiceManager.addService(ServiceManager.java:253)
04-12 20:42:46.222982  2663  2663 E MtkTelephonyComponentFactory: 	at android.os.ServiceManager.addService(ServiceManager.java:218)
04-12 20:42:46.222982  2663  2663 E MtkTelephonyComponentFactory: 	at com.mediatek.gwsd.service.GwsdService.<init>(GwsdService.java:115)
04-12 20:42:46.222982  2663  2663 E MtkTelephonyComponentFactory: 	at com.mediatek.gwsd.service.GwsdService.getInstance(GwsdService.java:122)
04-12 20:42:46.222982  2663  2663 E MtkTelephonyComponentFactory: 	... 17 more
04-12 20:42:46.223303  2663  2663 D Phone-2147483647: mDoesRilSendMultipleCallRing=true
04-12 20:42:46.223337  2663  2663 D Phone-2147483647: mCallRingDelay=3000
04-12 20:42:46.223353  2663  2663 D TelephonyAdminReceiver: No user manager. Attempting to resolve one.
04-12 20:42:46.229630  1750  3320 W TelephonyRegistry: Pid 2663 has exceeded half the number of permissible registered listeners. Now at 53
04-12 20:42:46.231223  1750  1859 W TelephonyRegistry: Pid 2663 has exceeded half the number of permissible registered listeners. Now at 54
04-12 20:42:46.231992  2663  2663 W CarrierConfigManager: Error getting config for subId -1 ICarrierConfigLoader is null
04-12 20:42:46.232019  2663  2663 E ImsPhoneCallTracker: [0] getCarrierConfigBundle: carrier config is null, skipping.
04-12 20:42:46.232035  2663  2663 E ImsPhoneCallTracker: [0] updateCarrierConfiguration: carrier config is null, skipping.
04-12 20:42:46.232080  2663  2663 E ImsPhoneCallTracker: [0] updateCarrierConfiguration: Empty carrier config.
04-12 20:42:46.233136  2663  2663 D ImsPhoneCallTracker: [0] registerIndicationReceiver
04-12 20:42:46.233533  1750  2644 D TelephonyRegistry: listen oscl: mHasNotifySubscriptionInfoChangedOccurred==false no callback
04-12 20:42:46.240439  1750  2644 W TelephonyRegistry: Pid 2663 has exceeded half the number of permissible registered listeners. Now at 55
04-12 20:42:46.240501  1750  2644 D TelephonyRegistry: listen oscl: mHasNotifySubscriptionInfoChangedOccurred==false no callback
04-12 20:42:46.243215  2663  2663 W CarrierConfigManager: Error getting config for subId -1 ICarrierConfigLoader is null
04-12 20:42:46.246611  2663  2663 D CallManager: registerPhone(MtkImsPhone Handler (com.mediatek.internal.telephony.imsphone.MtkImsPhone) {a10c55c})
04-12 20:42:46.246811  2663  2663 D Phone-2147483647: mDoesRilSendMultipleCallRing=true
04-12 20:42:46.246839  2663  2663 D Phone-2147483647: mCallRingDelay=3000
04-12 20:42:46.246853  2663  2663 D TelephonyAdminReceiver: No user manager. Attempting to resolve one.
04-12 20:42:46.250275  1750  2994 W TelephonyRegistry: Pid 2663 has exceeded half the number of permissible registered listeners. Now at 56
04-12 20:42:46.250960  1750  2994 W TelephonyRegistry: Pid 2663 has exceeded half the number of permissible registered listeners. Now at 57
04-12 20:42:46.255400  2663  2663 W CarrierConfigManager: Error getting config for subId -1 ICarrierConfigLoader is null
04-12 20:42:46.255418  2663  2663 E ImsPhoneCallTracker: [1] getCarrierConfigBundle: carrier config is null, skipping.
04-12 20:42:46.255424  2663  2663 E ImsPhoneCallTracker: [1] updateCarrierConfiguration: carrier config is null, skipping.
04-12 20:42:46.255427  2663  2663 E ImsPhoneCallTracker: [1] updateCarrierConfiguration: Empty carrier config.
04-12 20:42:46.256526  2663  2663 D ImsPhoneCallTracker: [1] registerIndicationReceiver
04-12 20:42:46.289572  1750  2523 W TelephonyRegistry: Pid 2663 has exceeded half the number of permissible registered listeners. Now at 58
04-12 20:42:46.289628  1750  2523 D TelephonyRegistry: listen oscl: mHasNotifySubscriptionInfoChangedOccurred==false no callback
04-12 20:42:46.296793  2663  2663 W CarrierConfigManager: Error getting config for subId -1 ICarrierConfigLoader is null
04-12 20:42:46.297992  2663  2663 D CallManager: registerPhone(MtkImsPhone Handler (com.mediatek.internal.telephony.imsphone.MtkImsPhone) {38c0363})
04-12 20:42:46.298572  2663  2663 D DataHelper: makeMtkDataHelper: phones.length=2
04-12 20:42:46.302930  2663  2663 D DataHelper: registerEvents
04-12 20:42:46.303007  2663  2663 D DataHelper: registerImsEvents, phoneId = 0
04-12 20:42:46.304588  2663  2663 D DataHelper: registerImsEvents, phoneId = 1
04-12 20:42:46.304935  2663  2663 D DataHelper: registered phone change event.
04-12 20:42:46.304987  2663  2663 D DataHelper: makesMtkDataHelper: X sMtkDataHelper =com.mediatek.internal.telephony.data.MtkDataHelper@bdaa151
04-12 20:42:46.306097  2663  2663 D PhoneCfgMgr: getStaticPhoneCapability: isDefault=true, caps=mMaxActiveVoiceSubscriptions=1 mMaxActiveDataSubscriptions=1 mNetworkValidationBeforeSwitchSupported=false mDeviceNrCapability []
04-12 20:42:46.307631  1750  3320 W TelephonyRegistry: Pid 2663 has exceeded half the number of permissible registered listeners. Now at 59
04-12 20:42:46.307674  1750  3320 D TelephonyRegistry: listen oscl: mHasNotifySubscriptionInfoChangedOccurred==false no callback
04-12 20:42:46.307951  2663  2663 D PhoneCfgMgr: getStaticPhoneCapability: isDefault=true, caps=mMaxActiveVoiceSubscriptions=1 mMaxActiveDataSubscriptions=1 mNetworkValidationBeforeSwitchSupported=false mDeviceNrCapability []
04-12 20:42:46.309673  2663  2663 D PhoneSwitcher: register handler to receive IMS registration : 0
04-12 20:42:46.309765  2663  2663 D PhoneSwitcher: register handler to receive IMS registration : 1
04-12 20:42:46.310100  1750  2994 W TelephonyRegistry: Pid 2663 has exceeded half the number of permissible registered listeners. Now at 60
04-12 20:42:46.310850  1750  2994 D TelephonyRegistry: listen oscl: mHasNotifySubscriptionInfoChangedOccurred==false no callback
04-12 20:42:46.324926  2733  3101 W CarrierConfigManager: Error getting config for subId -1 ICarrierConfigLoader is null
04-12 20:42:46.325196  2733  3103 W CarrierConfigManager: Error getting config for subId -1 ICarrierConfigLoader is null
04-12 20:42:46.325421  2663  2663 D TDC     : getModemCount: 1
04-12 20:42:46.325479  2663  2663 D TDC     : getModem: 0
04-12 20:42:46.325493  2663  2663 D TDC     : getModemCount: 1
04-12 20:42:46.325495  2663  2663 D TDC     : getModem: 0
04-12 20:42:46.340213  2733  3061 W CarrierConfigManager: Error getting config for subId -1 ICarrierConfigLoader is null
04-12 20:42:46.346343  2733  3101 W CarrierConfigManager: Error getting config for subId -1 ICarrierConfigLoader is null
04-12 20:42:46.351697  2733  3101 W CarrierConfigManager: Error getting config for subId -1 ICarrierConfigLoader is null
04-12 20:42:46.367210  1132  1147 I mipc_lib: SEND MSGID=1409 [MIPC_LOC_LBS_SYNC_LOCATION_EM_CONFIG_REQ], TXID=0008 [binder:1132_2], DUMP=8419542400000000010009140800100000010400010000000101040000000000
04-12 20:42:46.375147  2663  2663 D PhoneSwitcher: PhoneSwitcher started
04-12 20:42:46.375967  2663  2663 D MtkProxyController: Constructor - Enter
04-12 20:42:46.376360  2663  2663 D MtkProxyController: Constructor - Exit
04-12 20:42:46.376776  1132  1873 I mipc_lib: RECV MSGID=140a [MIPC_LOC_LBS_SYNC_LOCATION_EM_CONFIG_CNF], TXID=0008, DUMP=841954240000000001020A1408000800000004006A000000
04-12 20:42:46.441474  1750  2517 W TelephonyRegistry: Pid 2663 has exceeded half the number of permissible registered listeners. Now at 61
04-12 20:42:46.441525  1750  2517 D TelephonyRegistry: listen oscl: mHasNotifySubscriptionInfoChangedOccurred==false no callback
04-12 20:42:46.444048  2663  2663 D TNP     : registerNetworkOffer: [ Transports: CELLULAR|SATELLITE Capabilities: MMS&SUPL&DUN&FOTA&IMS&CBS&IA&RCS&XCAP&EIMS&INTERNET&NOT_RESTRICTED&TRUSTED&NOT_VPN&MCX&NOT_VCN_MANAGED&ENTERPRISE&VSIM&BIP&MMTEL&PRIORITIZE_LATENCY&PRIORITIZE_BANDWIDTH&NOT_BANDWIDTH_CONSTRAINED Specifier: <android.net.MatchAllNetworkSpecifier@0> EnterpriseId: 1&2&3&4&5 UnderlyingNetworks: Null]
04-12 20:42:46.444173  2663  2663 D MtkTelephonyComponentFactory: Creating CarrierExpress
04-12 20:42:46.451674  2663  3155 D MtkRILJ : registerForVsimIndication called... [PHONE0]
04-12 20:42:46.451685  2663  3155 D MtkRILJ : registerForVsimIndication called... [PHONE1]
04-12 20:42:46.451748  2663  3155 W ExternalSimMgr: getFirstSlotId, invalid slot id: 0
04-12 20:42:46.452396  2663  3418 W ExternalSimMgr: getFirstSlotId, invalid slot id: 0
04-12 20:42:46.452429  2663  3418 W ExternalSimMgr: getFirstSlotId, invalid slot id: 0
04-12 20:42:46.452433  2663  3418 W ExternalSimMgr: getFirstSlotId, invalid slot id: 0
04-12 20:42:46.452439  2663  3418 W ExternalSimMgr: getFirstSlotId, invalid slot id: 0
04-12 20:42:46.452451  2663  3418 I ExternalSimMgr: VsimEvenHandler eventHandlerByType: type[204] start
04-12 20:42:46.452455  2663  3418 W ExternalSimMgr: getFirstSlotId, invalid slot id: 0
04-12 20:42:46.458195  2663  2663 D RcsProvisioningMonitor: RcsProvisioningMonitor created.
04-12 20:42:46.463851  2663  3418 D MtkRILJ : [0041]> MTK: RIL_REQUEST_VSIM_NOTIFICATION, eventId: 204, simTpye: 0 [PHONE0]
04-12 20:42:46.463950  2663  3418 I ExternalSimMgr: VsimEvenHandler eventHandlerByType: type[204] end
04-12 20:42:46.463965  2663  3418 W ExternalSimMgr: getFirstSlotId, invalid slot id: 0
04-12 20:42:46.465026  1350  1743 D RtmVsim : [0] onHandleRequest type=REQUEST, source=GSM, dest=GSM, pId=RFX_MSG_REQUEST_SIM_VSIM_NOTIFICATION(50549), pToken=41, id=RFX_MSG_REQUEST_SIM_VSIM_NOTIFICATION(50549), token=46, slotId=0,             clientId = -1, error = 0, isSentOnCdmaCapabilitySlot = 2, sendToMainProtocol = 0,            m_priority = 1, pTimeStamp = 21235544693
04-12 20:42:46.465255  1350  1769 D RmmVsim : [0] [0]requestVsimNotification, event_id:204, sim_type:0, datalen:12, msg:type = 0, id = RFX_MSG_REQUEST_SIM_VSIM_NOTIFICATION(50549), channel id = 10, slot id = 0, client_id = -1, token = 46, rawUrc = , err = 0, MainProtocol = 0, priority = 1, mclToken = -1
04-12 20:42:46.465675  2663  2663 D RcsStats: RcsStats created.
04-12 20:42:46.466063  1350  1769 I RmmVsim : [VSIM] handleVsimDisconnected sim:0, aka:-1, waiting:-1, authOngoing:-1
04-12 20:42:46.466078  1350  1769 I RmmVsim : [VSIM] handleVsimDisconnected sim:1, aka:-1, waiting:-1, authOngoing:-1
04-12 20:42:46.466119  1350  1769 D RmmVsim : [0] [VSIM] requestVsimNotification Done
04-12 20:42:46.466210  1350  1743 D RtmVsim : [0] onHandleResponse RFX_MSG_REQUEST_SIM_VSIM_NOTIFICATION
04-12 20:42:46.466869  2663  2996 I RILJ    : [0041]< MTK: RIL_REQUEST_VSIM_NOTIFICATION 0 [PHONE0]
04-12 20:42:46.471730  2663  2663 D RcsProvisioningMonitor: init.
04-12 20:42:46.474262  1750  2523 W TelephonyRegistry: Pid 2663 has exceeded half the number of permissible registered listeners. Now at 62
04-12 20:42:46.474358  1750  2523 D TelephonyRegistry: listen oscl: mHasNotifySubscriptionInfoChangedOccurred==false no callback
04-12 20:42:46.476216  1750  2518 W TelephonyRegistry: Pid 2663 has exceeded half the number of permissible registered listeners. Now at 63
04-12 20:42:46.476297  2663  3414 W CarrierConfigManager: Error getting config for subId -1 ICarrierConfigLoader is null
04-12 20:42:46.476433  2663  3414 W CarrierConfigManager: Error getting config for subId -1 ICarrierConfigLoader is null
04-12 20:42:46.477538  1750  2518 D TelephonyRegistry: listen oscl: mHasNotifySubscriptionInfoChangedOccurred==false no callback
04-12 20:42:46.510682  2663  2663 D SatelliteStats: SatelliteStats created.
04-12 20:42:46.512409  2663  2663 D TelephonyCountryDetector: getCurrentNetworkCountryIso: invalid countryIso= for phoneId=0, subId=-1
04-12 20:42:46.512426  2663  2663 D TelephonyCountryDetector: getCurrentNetworkCountryIso: invalid countryIso= for phoneId=1, subId=-1
04-12 20:42:46.512440  2663  2663 D TelephonyCountryDetector: isWifiNetworkConnected: false
04-12 20:42:46.512448  2663  2663 D TelephonyCountryDetector: Location update was not requested yet
04-12 20:42:46.512453  2663  2663 D TelephonyCountryDetector: registerForWifiConnectivityStateChanged
04-12 20:42:46.541116  2683  2683 D MtkDynamicImsService: MtkDynamicImsService Bound.
04-12 20:42:46.559659  1521  1527 D TranRadioExt: sendAtCommand at_str: AT+EGMC=1,"sar_scenario_all",65535,65535,65535,65535,65535,65535,65535,65535,65535,65535,65535,65535,65535,65535,65535, slot_id: 0
04-12 20:42:46.559686  1521  1527 I mipc_lib: SEND MSGID=0003 [SYS_AT_REQ], TXID=000a [binder:1521_1], DUMP=8419542400000000010003000A008000008177002A2A2A2A2A2A2A2A2A2A2A2A2A2A2A2A2A2A2A2A2A2A2A2A2A2A2A2A2A2A2A2A2A2A2A2A2A2A2A2A2A2A2A2A2A2A2A2A2A2A2A2A2A2A2A2A2A2A2A2A2A2A2A2A2A2A2A2A2A2A2A2A2A2A2A2A2A2A2A2A2A2A2A2A2A2A2A2A2A2A2A2A2A2A2A2A2A2A2A2A2A2A2A2A2A2A2A2A2A2A2A2A2A2A2A2A2A2A2A0000000000
04-12 20:42:46.560280  1750  2518 W TelephonyRegistry: Pid 2663 has exceeded half the number of permissible registered listeners. Now at 64
04-12 20:42:46.567191  1521  1691 I mipc_lib: RECV MSGID=0004 [SYS_AT_CNF], TXID=000a, DUMP=8419542400000000010204000A0018000000040000000000008107002A2A2A2A2A2A2A0000000000
04-12 20:42:46.567658  1750  2518 W TelephonyRegistry: Pid 2663 has exceeded half the number of permissible registered listeners. Now at 65
04-12 20:42:46.568420  1750  2518 D TelephonyRegistry: listen oscl: mHasNotifySubscriptionInfoChangedOccurred==false no callback
04-12 20:42:46.654364  2663  2663 W CarrierConfigManager: Error getting config for subId -1 ICarrierConfigLoader is null
04-12 20:42:46.654951  2663  2663 W CarrierConfigManager: Error getting config for subId -1 ICarrierConfigLoader is null
04-12 20:42:46.662623  1750  2523 W TelephonyRegistry: Pid 2663 has exceeded half the number of permissible registered listeners. Now at 66
04-12 20:42:46.672207  1750  2518 W TelephonyRegistry: Pid 2663 has exceeded half the number of permissible registered listeners. Now at 67
04-12 20:42:46.684338  1750  2518 W TelephonyRegistry: Pid 2663 has exceeded half the number of permissible registered listeners. Now at 68
04-12 20:42:46.685465  1750  2518 W TelephonyRegistry: Pid 2663 has exceeded half the number of permissible registered listeners. Now at 69
04-12 20:42:46.686127  2663  3430 I RILJ    : isSatelliteEnabledForCarrier: SatelliteModemInterface is used. [PHONE0]
04-12 20:42:46.686244  2663  3430 I RILJ    : isSatelliteEnabledForCarrier: SatelliteModemInterface is used. [PHONE1]
04-12 20:42:46.690049  2663  2663 D ImsStateCallbackController: ImsStateCallbackController created
04-12 20:42:46.692787  2663  2663 D ImsStateCallbackController: updateFeatures: oldSlots=0, newNumSlots=2
04-12 20:42:46.695776  1750  2870 W TelephonyRegistry: Pid 2663 has exceeded half the number of permissible registered listeners. Now at 70
04-12 20:42:46.695811  1750  2870 D TelephonyRegistry: listen oscl: mHasNotifySubscriptionInfoChangedOccurred==false no callback
04-12 20:42:46.697918  2663  2663 D RcsStats: created Callback
04-12 20:42:46.698065  2663  2663 D RcsStats: UceStatsWriterCallback created.
04-12 20:42:46.699366  2663  2663 I ImsProvisioningController: ImsProvisioningController created
04-12 20:42:46.699817  2663  3478 D ImsStateCallbackController: onExternalRcsStateChanged slotId=0, state=UNAVAILABLE, reason=NO_IMS_SERVICE_CONFIGURED
04-12 20:42:46.699875  2663  2663 D ImsProvisioningController: ImsProvisioningController
04-12 20:42:46.699887  2663  3478 D ImsStateCallbackController: onExternalRcsStateChanged slotId=1, state=UNAVAILABLE, reason=NO_IMS_SERVICE_CONFIGURED
04-12 20:42:46.700229  1750  2518 W TelephonyRegistry: Pid 2663 has exceeded half the number of permissible registered listeners. Now at 71
04-12 20:42:46.700539  1750  2518 D TelephonyRegistry: listen oscl: mHasNotifySubscriptionInfoChangedOccurred==false no callback
04-12 20:42:46.701673  2663  2663 D ImsProvisioningController: MmTelFeatureListener[0] created
04-12 20:42:46.702520  2663  2663 D ImsProvisioningController: RcsFeatureListener[0] created
04-12 20:42:46.702914  2663  2663 D ImsProvisioningController: ProvisioningCallbackManager[0] ProvisioningCallbackManager create
04-12 20:42:46.702962  2663  2663 D ImsProvisioningController: MmTelFeatureListener[1] created
04-12 20:42:46.703158  2663  2663 D ImsProvisioningController: RcsFeatureListener[1] created
04-12 20:42:46.703269  2663  2663 D ImsProvisioningController: ProvisioningCallbackManager[1] ProvisioningCallbackManager create
04-12 20:42:46.707107  1750  2518 W TelephonyRegistry: Pid 2663 has exceeded half the number of permissible registered listeners. Now at 72
04-12 20:42:46.707155  1750  2518 D TelephonyRegistry: listen oscl: mHasNotifySubscriptionInfoChangedOccurred==false no callback
04-12 20:42:46.707761  2663  2663 D CallManager: registerForMmiComplete
04-12 20:42:46.713058  1750  2870 W TelephonyRegistry: Pid 2663 has exceeded half the number of permissible registered listeners. Now at 73
04-12 20:42:46.713519  1750  2870 W TelephonyRegistry: Pid 2663 has exceeded half the number of permissible registered listeners. Now at 74
04-12 20:42:46.725809  1750  2518 W TelephonyRegistry: Pid 2663 has exceeded half the number of permissible registered listeners. Now at 75
04-12 20:42:46.726135  1750  2518 D TelephonyRegistry: listen oscl: mHasNotifySubscriptionInfoChangedOccurred==false no callback
04-12 20:42:46.729169  1750  2523 W TelephonyRegistry: Pid 2663 has exceeded half the number of permissible registered listeners. Now at 76
04-12 20:42:46.753934  2663  2663 D MtkCdmaInboundSmsHandler-1: StartupState.enter: entering StartupState
04-12 20:42:46.753940  2663  2663 D MtkGsmInboundSmsHandler-1: StartupState.enter: entering StartupState
04-12 20:42:46.753949  2663  2663 D MtkCdmaInboundSmsHandler-0: StartupState.enter: entering StartupState
04-12 20:42:46.753956  2663  2663 D MtkGsmInboundSmsHandler-0: StartupState.enter: entering StartupState
04-12 20:42:46.754216  2663  2663 D TDC     : handleMessage: received EVENT_HARDWARE_CONFIG_CHANGED
04-12 20:42:46.754244  2663  2663 D TDC     : class = class com.mediatek.internal.telephony.MtkTelephonyDevController
04-12 20:42:46.754294  2663  2663 D TDC     : updateOrInsert: inserting: Modem { uuid=modem_sys1_ps0_nr1, state=0, rilModel=0, rat={}, maxActiveVoiceCall=1, maxActiveDataCall=1, maxStandby=2 }
04-12 20:42:46.754307  2663  2663 D TDC     : updateOrInsert: inserting: Sim { uuid=modem_sys1_ps0_nr1, modemUuid=modem_sys1_ps0_nr1, state=0 }
04-12 20:42:46.754314  2663  2663 D TDC     : handleMessage: received EVENT_HARDWARE_CONFIG_CHANGED
04-12 20:42:46.754320  2663  2663 D TDC     : class = class com.mediatek.internal.telephony.MtkTelephonyDevController
04-12 20:42:46.754328  2663  2663 D TDC     : updateOrInsert: inserting: Modem { uuid=modem_sys1_ps1_nr1, state=0, rilModel=0, rat={}, maxActiveVoiceCall=1, maxActiveDataCall=1, maxStandby=2 }
04-12 20:42:46.754340  2663  2663 D TDC     : updateOrInsert: inserting: Sim { uuid=modem_sys1_ps1_nr1, modemUuid=modem_sys1_ps1_nr1, state=0 }
04-12 20:42:46.754344  2663  2663 D TDC     : handleMessage: received EVENT_HARDWARE_CONFIG_CHANGED
04-12 20:42:46.754349  2663  2663 D TDC     : class = class com.mediatek.internal.telephony.MtkTelephonyDevController
04-12 20:42:46.754355  2663  2663 D TDC     : updateOrInsert: removing: Modem { uuid=modem_sys1_ps1_nr1, state=0, rilModel=0, rat={}, maxActiveVoiceCall=1, maxActiveDataCall=1, maxStandby=2 }
04-12 20:42:46.754361  2663  2663 D TDC     : updateOrInsert: inserting: Modem { uuid=modem_sys1_ps1_nr1, state=0, rilModel=0, rat={}, maxActiveVoiceCall=1, maxActiveDataCall=1, maxStandby=2 }
04-12 20:42:46.754365  2663  2663 D TDC     : updateOrInsert: removing: Sim { uuid=modem_sys1_ps1_nr1, modemUuid=modem_sys1_ps1_nr1, state=0 }
04-12 20:42:46.754368  2663  2663 D TDC     : updateOrInsert: inserting: Sim { uuid=modem_sys1_ps1_nr1, modemUuid=modem_sys1_ps1_nr1, state=0 }
04-12 20:42:46.754431  2663  2663 I RadioManager: sendEvent: EVENT_RADIO_AVAILABLE
04-12 20:42:46.754493  2663  2663 I RadioManager: sendEvent: EVENT_RADIO_AVAILABLE
04-12 20:42:46.755244  2663  3131 I RadioManager: processMessage: EVENT_RADIO_AVAILABLE
04-12 20:42:46.755281  2663  3131 I RadioManager: processMessage: EVENT_RADIO_AVAILABLE
04-12 20:42:46.757951  2663  2663 I RILJ    : [0042]> GET_SIM_STATUS [PHONE0]
04-12 20:42:46.758094  2663  2663 D RadioConfig: [0043]> GET_SLOT_STATUS
04-12 20:42:46.758424  1350  1350 D RadioConfig_service: RadioConfig::getSimSlotsStatus
04-12 20:42:46.758746  1350  1765 I AT      : SEND MSGID=050f [SIM_STATUS_REQ], TXID=016c [RFXSender_6], DUMP=841954240000000001000F056C0108000001010001000000
04-12 20:42:46.758861  1350  1765 I AT      : SEND MSGID=053b [SIM_GET_EUICC_SLOTS_STATUS_REQ], TXID=016d [RFXSender_6], DUMP=841954240000000001003B056D010000
04-12 20:42:46.765829  1350  1723 I AT      : RECV MSGID=0510 [SIM_STATUS_CNF], TXID=016c, DUMP=8419542400000000010210056C010801000004000300000000010100000000000101010000000000020101000000000003010100000000000401010000000000050101000000000006010100FF00000007010100FF00000008010100FF00000009010100000000000C8115002A2A2A2A2A2A2A2A2A2A2A2A2A2A2A2A2A2A2A2A2A000000000000000D8150002A2A2A2A2A2A2A2A2A2A2A2A2A2A2A2A2A2A2A2A2A2A2A2A2A2A2A2A2A2A2A2A2A2A2A2A2A2A2A2A2A2A2A2A2A2A2A2A2A2A2A2A2A2A2A2A2A2A2A2A2A2A2A2A2A2A2A2A2A2A2A2A2A2A2A2A2A2A2A2A000000000E010100000000000F0101000000000010010100000000001101010000000000120101000000000014010100000000001501010000000000
04-12 20:42:46.770461  1350  1723 I AT      : RECV MSGID=053c [SIM_GET_EUICC_SLOTS_STATUS_CNF], TXID=016d, DUMP=841954240000000001023C056D01E0030000040000000000000101000200000001813A012A2A2A2A2A2A2A2A2A2A2A2A2A2A2A2A2A2A2A2A2A2A2A2A2A2A2A2A2A2A2A2A2A2A2A2A2A2A2A2A2A2A2A2A2A2A2A2A2A2A2A2A2A2A2A2A2A2A2A2A2A2A2A2A2A2A2A2A2A2A2A2A2A2A2A2A2A2A2A2A2A2A2A2A2A2A2A2A2A2A2A2A2A2A2A2A2A2A2A2A2A2A2A2A2A2A2A2A2A2A2A2A2A2A2A2A2A2A2A2A2A2A2A2A2A2A2A2A2A2A2A2A2A2A2A2A2A2A2A2A2A2A2A2A2A2A2A2A2A2A2A2A2A2A2A2A2A2A2A2A2A2A2A2A2A2A2A2A2A2A2A2A2A2A2A2A2A2A2A2A2A2A2A2A2A2A2A2A2A2A2A2A2A2A2A2A2A2A2A2A2A2A2A2A2A2A2A2A2A2A2A2A2A2A2A2A2A2A2A2A2A2A2A2A2A2A2A2A2A2A2A2A2A2A2A2A2A2A2A2A2A2A2A2A2A2A2A2A2A2A2A2A2A2A2A2A2A2A2A2A2A2A2A2A2A2A2A2A2A2A2A2A2A2A2A2A2A2A2A2A2A2A2A2A2A2A2A2A2A2A2A2A2A2A2A2A2A2A2A2A2A2A2A2A2A2A2A2A2A2A2A2A2A2A0000020100000000000000000000FA7F0200FA7F010000000000FB7F010000000000030100000000000000000000F87F0200F87F010001000000F97F010001000000040100000000000000000000F67F0200F67F010000000000F77F010001000000058100002A2A2A2A2A2A2A2A2A2A2A2AF4FF01002A000000F5FF01002A000
04-12 20:42:46.771478  1350  1765 I RmmSimCommReq: [0] handleGetSimStatusResponse, token:47, result:3,state:0,pin:0,appindex:-1,-1,-1, atr:80,, icid:21,, eid:0,(null), mepMode:0
04-12 20:42:46.771971  2663  2663 I RILJ    : [0044]> GET_SIM_STATUS [PHONE1]
04-12 20:42:46.772351  1350  1743 D RadioConfig_service: getSimSlotsStatusResponse: response
04-12 20:42:46.772364  1350  1743 D RadioConfig_service: radioConfigServiceImpl.configResponse != NULL
04-12 20:42:46.772720  1350  1778 I AT      : SEND MSGID=050f [SIM_STATUS_REQ], TXID=016e [RFXSender_18], DUMP=841954240000000002000F056E0108000001010001000000
04-12 20:42:46.773292  2663  2996 D RadioConfigResponseAidl: [0043]< GET_SLOT_STATUS [IccSlotStatus {CARDSTATE_ABSENT,atr=,eid=,num_ports=1, IccSimPortInfo-0{iccid=,logicalSlotIndex=0,portActive=true}, SupportedMepMode=NONE}, IccSlotStatus {CARDSTATE_ABSENT,atr=,eid=,num_ports=1, IccSimPortInfo-0{iccid=,logicalSlotIndex=1,portActive=true}, SupportedMepMode=NONE}]
04-12 20:42:46.776117  2663  2663 I RILJ    : [0045]> GET_SIM_STATUS [PHONE0]
04-12 20:42:46.776418  2663  2663 D RadioConfig: [0046]> GET_SLOT_STATUS
04-12 20:42:46.776667  1350  1765 I AT      : SEND MSGID=050f [SIM_STATUS_REQ], TXID=016f [RFXSender_6], DUMP=841954240000000001000F056F0108000001010001000000
04-12 20:42:46.776794  1350  1350 D RadioConfig_service: RadioConfig::getSimSlotsStatus
04-12 20:42:46.776974  1350  1765 I AT      : SEND MSGID=053b [SIM_GET_EUICC_SLOTS_STATUS_REQ], TXID=0170 [RFXSender_6], DUMP=841954240000000001003B0570010000
04-12 20:42:46.780351  1350  1723 I AT      : RECV MSGID=0510 [SIM_STATUS_CNF], TXID=016e, DUMP=8419542400000000020210056E010801000004000300000000010100000000000101010001000000020101000100000003010100000000000401010000000000050101000000000006010100FF00000007010100FF00000008010100FF00000009010100000000000C8115002A2A2A2A2A2A2A2A2A2A2A2A2A2A2A2A2A2A2A2A2A000000000000000D8150002A2A2A2A2A2A2A2A2A2A2A2A2A2A2A2A2A2A2A2A2A2A2A2A2A2A2A2A2A2A2A2A2A2A2A2A2A2A2A2A2A2A2A2A2A2A2A2A2A2A2A2A2A2A2A2A2A2A2A2A2A2A2A2A2A2A2A2A2A2A2A2A2A2A2A2A2A2A2A2A000000000E010100000000000F0101000000000010010100000000001101010000000000120101000000000014010100010000001501010000000000
04-12 20:42:46.781048  1350  1723 I AT      : RECV MSGID=0510 [SIM_STATUS_CNF], TXID=016f, DUMP=8419542400000000010210056F010801000004000300000000010100000000000101010000000000020101000000000003010100000000000401010000000000050101000000000006010100FF00000007010100FF00000008010100FF00000009010100000000000C8115002A2A2A2A2A2A2A2A2A2A2A2A2A2A2A2A2A2A2A2A2A000000000000000D8150002A2A2A2A2A2A2A2A2A2A2A2A2A2A2A2A2A2A2A2A2A2A2A2A2A2A2A2A2A2A2A2A2A2A2A2A2A2A2A2A2A2A2A2A2A2A2A2A2A2A2A2A2A2A2A2A2A2A2A2A2A2A2A2A2A2A2A2A2A2A2A2A2A2A2A2A2A2A2A2A000000000E010100000000000F0101000000000010010100000000001101010000000000120101000000000014010100000000001501010000000000
04-12 20:42:46.781456  2663  2663 D MTK_SMSVC: triggerUpdateInternalSimMountState slotId 0
04-12 20:42:46.781635  2663  2663 E MtkUiccCtrl: SIM_TYPE info incorrect index
04-12 20:42:46.782599  1350  1723 I AT      : RECV MSGID=053c [SIM_GET_EUICC_SLOTS_STATUS_CNF], TXID=0170, DUMP=841954240000000001023C057001E0030000040000000000000101000200000001813A012A2A2A2A2A2A2A2A2A2A2A2A2A2A2A2A2A2A2A2A2A2A2A2A2A2A2A2A2A2A2A2A2A2A2A2A2A2A2A2A2A2A2A2A2A2A2A2A2A2A2A2A2A2A2A2A2A2A2A2A2A2A2A2A2A2A2A2A2A2A2A2A2A2A2A2A2A2A2A2A2A2A2A2A2A2A2A2A2A2A2A2A2A2A2A2A2A2A2A2A2A2A2A2A2A2A2A2A2A2A2A2A2A2A2A2A2A2A2A2A2A2A2A2A2A2A2A2A2A2A2A2A2A2A2A2A2A2A2A2A2A2A2A2A2A2A2A2A2A2A2A2A2A2A2A2A2A2A2A2A2A2A2A2A2A2A2A2A2A2A2A2A2A2A2A2A2A2A2A2A2A2A2A2A2A2A2A2A2A2A2A2A2A2A2A2A2A2A2A2A2A2A2A2A2A2A2A2A2A2A2A2A2A2A2A2A2A2A2A2A2A2A2A2A2A2A2A2A2A2A2A2A2A2A2A2A2A2A2A2A2A2A2A2A2A2A2A2A2A2A2A2A2A2A2A2A2A2A2A2A2A2A2A2A2A2A2A2A2A2A2A2A2A2A2A2A2A2A2A2A2A2A2A2A2A2A2A2A2A2A2A2A2A2A2A2A2A2A2A2A2A2A2A2A2A2A2A2A2A2A2A2A2A2A0000020100000000000000000000FA7F0200FA7F010000000000FB7F010000000000030100000000000000000000F87F0200F87F010001000000F97F010001000000040100000000000000000000F67F0200F67F010000000000F77F010001000000058100002A2A2A2A2A2A2A2A2A2A2A2AF4FF01002A000000F5FF01002A000
04-12 20:42:46.788993  2663  2663 I RILJ    : [0047]> GET_SIM_STATUS [PHONE1]
04-12 20:42:46.789572  1350  1778 I RmmSimCommReq: [1] handleGetSimStatusResponse, token:49, result:3,state:0,pin:0,appindex:-1,-1,-1, atr:80,, icid:21,, eid:0,(null), mepMode:0
04-12 20:42:46.792176  1350  1765 I RmmSimCommReq: [0] handleGetSimStatusResponse, token:50, result:3,state:0,pin:0,appindex:-1,-1,-1, atr:80,, icid:21,, eid:0,(null), mepMode:0
04-12 20:42:46.792455  1350  1778 I AT      : SEND MSGID=050f [SIM_STATUS_REQ], TXID=0171 [RFXSender_18], DUMP=841954240000000002000F05710108000001010001000000
04-12 20:42:46.795552  1350  1743 D RadioConfig_service: getSimSlotsStatusResponse: response
04-12 20:42:46.795565  1350  1743 D RadioConfig_service: radioConfigServiceImpl.configResponse != NULL
04-12 20:42:46.795835  2663  3416 D RadioConfigResponseAidl: [0046]< GET_SLOT_STATUS [IccSlotStatus {CARDSTATE_ABSENT,atr=,eid=,num_ports=1, IccSimPortInfo-0{iccid=,logicalSlotIndex=0,portActive=true}, SupportedMepMode=NONE}, IccSlotStatus {CARDSTATE_ABSENT,atr=,eid=,num_ports=1, IccSimPortInfo-0{iccid=,logicalSlotIndex=1,portActive=true}, SupportedMepMode=NONE}]
04-12 20:42:46.796240  2663  2663 D MTK_SMSVC: triggerUpdateInternalSimMountState slotId 1
04-12 20:42:46.799350  1350  1723 I AT      : RECV MSGID=0510 [SIM_STATUS_CNF], TXID=0171, DUMP=84195424000000000202100571010801000004000300000000010100000000000101010001000000020101000100000003010100000000000401010000000000050101000000000006010100FF00000007010100FF00000008010100FF00000009010100000000000C8115002A2A2A2A2A2A2A2A2A2A2A2A2A2A2A2A2A2A2A2A2A000000000000000D8150002A2A2A2A2A2A2A2A2A2A2A2A2A2A2A2A2A2A2A2A2A2A2A2A2A2A2A2A2A2A2A2A2A2A2A2A2A2A2A2A2A2A2A2A2A2A2A2A2A2A2A2A2A2A2A2A2A2A2A2A2A2A2A2A2A2A2A2A2A2A2A2A2A2A2A2A2A2A2A2A000000000E010100000000000F0101000000000010010100000000001101010000000000120101000000000014010100010000001501010000000000
04-12 20:42:46.802118  1350  1778 I RmmSimCommReq: [1] handleGetSimStatusResponse, token:52, result:3,state:0,pin:0,appindex:-1,-1,-1, atr:80,, icid:21,, eid:0,(null), mepMode:0
04-12 20:42:46.805766  2663  2996 I RILJ    : responseIccCardStatus: from AIDL: IccCardState {CARDSTATE_ABSENT,PINSTATE_UNKNOWN,num_apps=0,gsm_id=-1,cdma_id=-1,ims_id=-1,atr=,iccid=,eid=,SupportedMepMode=NONE,SlotPortMapping={physicalSlotIndex=1, portIndex=0}} [PHONE1]
04-12 20:42:46.805828  2663  2996 I RILJ    : [0044]< GET_SIM_STATUS IccCardState {CARDSTATE_ABSENT,PINSTATE_UNKNOWN,num_apps=0,gsm_id=-1,cdma_id=-1,ims_id=-1,atr=,iccid=,eid=,SupportedMepMode=NONE,SlotPortMapping={physicalSlotIndex=1, portIndex=0}} [PHONE1]
04-12 20:42:46.805962  2663  2996 I RILJ    : responseIccCardStatus: from AIDL: IccCardState {CARDSTATE_ABSENT,PINSTATE_UNKNOWN,num_apps=0,gsm_id=-1,cdma_id=-1,ims_id=-1,atr=,iccid=,eid=,SupportedMepMode=NONE,SlotPortMapping={physicalSlotIndex=1, portIndex=0}} [PHONE1]
04-12 20:42:46.805991  2663  2996 I RILJ    : [0047]< GET_SIM_STATUS IccCardState {CARDSTATE_ABSENT,PINSTATE_UNKNOWN,num_apps=0,gsm_id=-1,cdma_id=-1,ims_id=-1,atr=,iccid=,eid=,SupportedMepMode=NONE,SlotPortMapping={physicalSlotIndex=1, portIndex=0}} [PHONE1]
04-12 20:42:46.806138  2663  2663 E MtkUiccCtrl: SIM_TYPE info incorrect index
04-12 20:42:46.806542  2663  2684 I RILJ    : responseIccCardStatus: from AIDL: IccCardState {CARDSTATE_ABSENT,PINSTATE_UNKNOWN,num_apps=0,gsm_id=-1,cdma_id=-1,ims_id=-1,atr=,iccid=,eid=,SupportedMepMode=NONE,SlotPortMapping={physicalSlotIndex=0, portIndex=0}} [PHONE0]
04-12 20:42:46.806584  2663  2684 I RILJ    : [0042]< GET_SIM_STATUS IccCardState {CARDSTATE_ABSENT,PINSTATE_UNKNOWN,num_apps=0,gsm_id=-1,cdma_id=-1,ims_id=-1,atr=,iccid=,eid=,SupportedMepMode=NONE,SlotPortMapping={physicalSlotIndex=0, portIndex=0}} [PHONE0]
04-12 20:42:46.806690  2663  2684 I RILJ    : responseIccCardStatus: from AIDL: IccCardState {CARDSTATE_ABSENT,PINSTATE_UNKNOWN,num_apps=0,gsm_id=-1,cdma_id=-1,ims_id=-1,atr=,iccid=,eid=,SupportedMepMode=NONE,SlotPortMapping={physicalSlotIndex=0, portIndex=0}} [PHONE0]
04-12 20:42:46.806715  2663  2684 I RILJ    : [0045]< GET_SIM_STATUS IccCardState {CARDSTATE_ABSENT,PINSTATE_UNKNOWN,num_apps=0,gsm_id=-1,cdma_id=-1,ims_id=-1,atr=,iccid=,eid=,SupportedMepMode=NONE,SlotPortMapping={physicalSlotIndex=0, portIndex=0}} [PHONE0]
04-12 20:42:46.809327  2663  2663 D SMSVC   : Subscription database has been initialized.
04-12 20:42:46.809429  2663  2663 D SMSVC   : markSubscriptionsInactive: slot 0
04-12 20:42:46.810420  2663  2663 D SMSVC   : markSubscriptionsInactive: current mapping []
04-12 20:42:46.811815  2663  2663 D SMSVC   : markSubscriptionsInactive: slot 1
04-12 20:42:46.812945  2663  2663 D SMSVC   : markSubscriptionsInactive: current mapping []
04-12 20:42:46.813161  2663  2663 D MTK_SMSVC: mIsUpdateAvailable[0] = false
04-12 20:42:46.814373  2663  2663 D MTK_SMSVC: checkIsAvailable result = false
04-12 20:42:46.814515  2663  2663 D MTK_SMSVC: handleMessage : <EVENT_RADIO_AVAILABLE> SIM1
04-12 20:42:46.814591  2663  2663 D MTK_SMSVC: mIsUpdateAvailable[1] = false
04-12 20:42:46.814652  2663  2663 D MTK_SMSVC: checkIsAvailable result = false
04-12 20:42:46.814710  2663  2663 D MTK_SMSVC: handleMessage : <EVENT_RADIO_AVAILABLE> SIM2
04-12 20:42:46.814791  2663  2663 D MTK_SMSVC: checkIsAvailable result = true
04-12 20:42:46.815359  2663  2663 D MTK_SMSVC: checkAllIccIdReady +, retry_count = 0
04-12 20:42:46.816741  2663  2663 D MTK_SMSVC: No SIM insert :0
04-12 20:42:46.816937  2663  2663 D MTK_SMSVC: iccId[0] = N/A
04-12 20:42:46.817108  2663  2663 D MTK_SMSVC: No SIM insert :1
04-12 20:42:46.818320  2663  2663 D MTK_SMSVC: iccId[1] = N/A
04-12 20:42:46.818514  2663  2663 D MtkGsmCdmaPhone: EVENT_ICC_CHANGED, phone id = 0, result = null
04-12 20:42:46.821781  2663  2663 E GsmCdmaPhone: [0] reapplyUiccAppsEnablementIfNeeded: slot state=null
04-12 20:42:46.821814  2663  2663 E GsmCdmaPhone: [0] reapplyUiccAppsEnablementIfNeeded(), slot is null ,mUiccApplicationsEnabled = null
04-12 20:42:46.821929  2663  2663 D MtkGsmCdmaPhone: isPhoneTypeCdmaLte:false, phoneId: 0 isCdmaWithoutLteCard: false mNewVoiceTech: -1
04-12 20:42:46.821957  2663  2663 D GsmCdmaCallTracker: [0] EVENT_RIL_CONNECTED 0
04-12 20:42:46.821963  2663  2663 D GsmCdmaCallTkr: Receives EVENT_RADIO_OFF_OR_NOT_AVAILABLE
04-12 20:42:46.822036  2663  2663 D GsmCdmaCallTracker: [0] update phone state, old=IDLE new=IDLE
04-12 20:42:46.822323  2663  2663 D MtkGsmSMSDispatcher: Wrong phone id event coming, PhoneId: -1
04-12 20:42:46.822329  2663  2663 D MtkGsmSMSDispatcher: Wrong phone id event coming, PhoneId: -1
04-12 20:42:46.822348  2663  2663 D MtkGsmInboundSmsHandler-0: StartupState.processMessage: processing EVENT_START_ACCEPTING_SMS
04-12 20:42:46.822357  2663  2663 D MtkGsmInboundSmsHandler-0: IdleState.enter: entering IdleState
04-12 20:42:46.822376  2663  2663 D MtkCdmaInboundSmsHandler-0: StartupState.processMessage: processing EVENT_START_ACCEPTING_SMS
04-12 20:42:46.822380  2663  2663 D MtkCdmaInboundSmsHandler-0: IdleState.enter: entering IdleState
04-12 20:42:46.835954  2663  2663 I RILJ    : [0048]> BASEBAND_VERSION [PHONE0]
04-12 20:42:46.838611  1350  1760 I AT      : SEND MSGID=0001 [SYS_GET_INFO_REQ], TXID=0172 [RFXSender_1], DUMP=84195424000000000100010072010000
04-12 20:42:46.842157  2663  2663 I RILJ    : [0049]> DEVICE_IMEI [PHONE0]
04-12 20:42:46.847501  2663  2663 I RILJ    : [0050]> DEVICE_IDENTITY [PHONE0]
04-12 20:42:46.849080  2663  2663 I RILJ    : [0051]> GET_RADIO_CAPABILITY [PHONE0]
04-12 20:42:46.851059  2663  2663 I RILJ    : [0052]> GET_UICC_APPLICATIONS_ENABLEMENT [PHONE0]
04-12 20:42:46.851812  1350  1743 E RtmCommSimCtrl: [0] handleAreUiccApplicationsEnabled() not support, slot:0, msgslot:0, enable:1
04-12 20:42:46.853875  1350  1723 I AT      : RECV MSGID=0002 [SYS_GET_INFO_CNF], TXID=0172, DUMP=8419542400000000010202007201F003000004002A2A2A2A010101002A000000020101002A000000030104002A2A2A2A040104002A2A2A2A050104002A2A2A2A060104002A2A2A2A070104002A2A2A2A080120002A2A2A2A2A2A2A2A2A2A2A2A2A2A2A2A2A2A2A2A2A2A2A2A2A2A2A2A2A2A2A2A00000000090180002A2A2A2A2A2A2A2A2A2A2A2A2A2A2A2A2A2A2A2A2A2A2A2A2A2A2A2A2A2A2A2A2A2A2A2A2A2A2A2A2A2A2A2A2A2A2A2A2A2A2A2A2A2A2A2A2A2A2A2A2A2A2A2A2A2A2A2A2A2A2A2A2A2A2A2A2A2A2A2A2A2A2A2A2A2A2A2A2A2A2A2A2A2A2A2A2A2A2A2A2A2A2A2A2A2A2A2A2A2A2A2A2A2A2A2A2A2A2A2A2A2A2A2A2A2A2A2A000000000A0101002A0000000B0101002A0000000C0101002A0000000D0104002A2A2A2A0E0118002A2A2A2A2A2A2A2A2A2A2A2A2A2A2A2A2A2A2A2A2A2A2A2A000000000F810F002A2A2A2A2A2A2A2A2A2A2A2A2A2A2A0000000000100120002A2A2A2A2A2A2A2A2A2A2A2A2A2A2A2A2A2A2A2A2A2A2A2A2A2A2A2A2A2A2A2A00000000110140002A2A2A2A2A2A2A2A2A2A2A2A2A2A2A2A2A2A2A2A2A2A2A2A2A2A2A2A2A2A2A2A2A2A2A2A2A2A2A2A2A2A2A2A2A2A2A2A2A2A2A2A2A2A2A2A2A2A2A2A2A2A2A2A0000000012011E002A2A2A2A2A2A2A2A2A2A2A2A2A2A2A2A2A2A2A2A2A2A2A2A2A2
04-12 20:42:46.854692  1350  1760 I RmmOemHandler: [0] requestBasebandVersion:MOLY.NR17.R2.MP2.RC.MP.V36.16.P1, 2026/03/24 14:47
04-12 20:42:46.854782  1350  1760 I RmmOemHandler: [0] Original Baseband Version: MOLY.NR17.R2.MP2.RC.MP.V36.16.P1
04-12 20:42:46.854945  1350  1760 I RmmOemHandler: [0] Customized Baseband Version: TA15152P1
04-12 20:42:46.856108  1350  1760 I AT      : SEND MSGID=1514 [MIPC_SYS_GET_PRIMARY_IMEI_INFO_REQ], TXID=0173 [RFXSender_1], DUMP=84195424000000000100141573010000
04-12 20:42:46.856776  2663  2677 I RILJ    : convertHalRadioCapability: session=-1, phase=3, rat=561156, logicModemUuid=modem_sys1_ps0_nr1, status=1, rcRil.raf=1130504 [PHONE0]
04-12 20:42:46.856899  2663  2677 I RILJ    : [0051]< GET_RADIO_CAPABILITY {mPhoneId = 0 mVersion=1 mSession=-1 mPhase=3 mRadioAccessFamily=561156 mLogicModemId=modem_sys1_ps0_nr1 mStatus=1} [PHONE0]
04-12 20:42:46.858133  2663  3416 I RILJ    : [0052]< GET_UICC_APPLICATIONS_ENABLEMENT error 11 [PHONE0]
04-12 20:42:46.858315  2663  3416 D RilRequest: [0052]< GET_UICC_APPLICATIONS_ENABLEMENT error: com.android.internal.telephony.CommandException: SIM_ABSENT ret=true result={ when=-21s629ms what=55 target=com.mediatek.internal.telephony.MtkGsmCdmaPhone }
04-12 20:42:46.863261  2663  2663 I RILJ    : [0053]> SET_NULL_CIPHER_AND_INTEGRITY_ENABLED [PHONE0]
04-12 20:42:46.865542  1350  1723 I AT      : RECV MSGID=1515 [MIPC_SYS_GET_PRIMARY_IMEI_INFO_CNF], TXID=0173, DUMP=8419542400000000010215157301300000000400000000000001010000000000018110002A2A2A2A2A2A2A2A2A2A2A2A2A2A2A2A00000000028102002A2A0000
04-12 20:42:46.866364  2663  2663 D CellularIdentifierDisclosureNotifier: disabled
04-12 20:42:46.866828  1350  1760 I RmmOemHandler: [0] requestDeviceImei primary imei slot id(0)
04-12 20:42:46.866912  1350  1760 I AT      : SEND MSGID=1161 [NW_SET_ALLOWED_SECURITY_ALGO_CONFIG_REQ], TXID=0174 [RFXSender_1], DUMP=841954240000000001006111740108000001010001000000
04-12 20:42:46.868298  2663  2677 I RILJ    : [0048]< BASEBAND_VERSION TA15152P1 [PHONE0]
04-12 20:42:46.868437  1350  1723 I AT      : RECV MSGID=1162 [NW_SET_ALLOWED_SECURITY_ALGO_CONFIG_CNF], TXID=0174, DUMP=841954240000000001026211740108000000040000000000
04-12 20:42:46.868460  2663  2677 I RILJ    : [0049]< DEVICE_IMEI {[****], 1, 78} [PHONE0]
04-12 20:42:46.868779  2663  3534 D CellularIdentifierDisclosureNotifier: On disable notifier
04-12 20:42:46.868793  2663  2996 I RILJ    : [0053]< SET_NULL_CIPHER_AND_INTEGRITY_ENABLED  [PHONE0]
04-12 20:42:46.868818  2663  2677 I RILJ    : [0050]< DEVICE_IDENTITY {[****], 78, , } [PHONE0]
04-12 20:42:46.883087  2663  2663 I RILJ    : [0054]> SET_CELLULAR_IDENTIFIER_DISCLOSED_ENABLED enable=false [PHONE0]
04-12 20:42:46.883222  2663  2663 D NullCipherNotifier: disabled
04-12 20:42:46.883780  2663  2663 I RILJ    : [0055]> SET_SECURITY_ALGORITHMS_UPDATED_ENABLED enable=false [PHONE0]
04-12 20:42:46.883898  1350  1760 I AT      : SEND MSGID=1165 [NW_SET_CONFIG_REQ], TXID=0175 [RFXSender_1], DUMP=841954240000000001006511750108000001010000000000
04-12 20:42:46.884051  2663  2663 D MtkGsmCdmaPhone: EVENT_RADIO_OFF_OR_NOT_AVAILABLEreceived.
04-12 20:42:46.884702  2663  3541 I NullCipherNotifier: On enable notifier. Enable value: false
