----- timezone:Asia/Shanghai
04-12 20:42:30.028363   589   589 I vold    : Vold 3.0 (the awakening) firing up
04-12 20:42:30.031341   589   589 D vold    : Detected support for: ext4 f2fs vfat
04-12 20:42:30.033838   589   589 D vold    : Initing Transsion Vold
04-12 20:42:30.034264   589   589 I vold    : [libfstab] Using Android DT directory /proc/device-tree/firmware/android/
04-12 20:42:30.034477   589   589 W vold    : [libfstab] Warning: unknown flag: resize
04-12 20:42:30.040480   589   589 D vold    : VoldNativeService::start() completed OK
04-12 20:42:30.049708   589   589 D vold    : VendorVoldNativeService::try_start() completed OK
04-12 20:42:30.255521   589   589 I vold    : Using AIDL version of IBootControl
04-12 20:42:30.263536   589   589 D vold    : fscrypt_mount_metadata_encrypted: /data encrypt: 0 format: 0 with null block device: /dev/block/by-name/userdata with zoned 0 length: 0
04-12 20:42:30.263635   589   589 D vold    : metadata_key_dir/key: /metadata/vold/metadata_encryption/key
04-12 20:42:30.263795   589   589 D vold    : Key exists, using: /metadata/vold/metadata_encryption/key
04-12 20:42:30.272311   656   656 I keystore2: system/security/keystore2/src/keystore2_main.rs:69 - Keystore2 is starting.
04-12 20:42:30.272423   656   656 I keystore2: system/security/keystore2/src/keystore2_main.rs:75 - Setting up sqlite logging for keystore2
04-12 20:42:30.272976   656   685 I keystore2: system/security/keystore2/src/maintenance.rs:316 - start monitoring 'apexd.status' property
04-12 20:42:30.273073   656   685 I keystore2: system/security/keystore2/src/maintenance.rs:321 - property 'apexd.status' is now 'Err(SystemPropertyAbsent)'
04-12 20:42:30.273081   656   685 I keystore2: system/security/keystore2/src/maintenance.rs:326 - await a change to 'apexd.status'...
04-12 20:42:30.273131   656   656 I keystore2: system/security/keystore2/src/keystore2_main.rs:163 - Starting thread pool now.
04-12 20:42:30.273170   656   686 I keystore2: system/security/keystore2/src/globals.rs:490 - monitoring for sys.boot_completed=1
04-12 20:42:30.274605   656   656 I keystore2: system/security/keystore2/src/globals.rs:298 - KeyMint device is current version (Some(300)) for security level: r#TRUSTED_ENVIRONMENT
04-12 20:42:30.274738   656   687 I keystore2: system/security/keystore2/src/shared_secret_negotiation.rs:48 - Shared secret negotiation concluded successfully.
04-12 20:42:30.275220   656   687 I keystore2: system/security/keystore2/src/shared_secret_negotiation.rs:290 - No StrongBox Keymint available, so no RoT transfer
04-12 20:42:30.276339   656   656 I keystore2: system/security/keystore2/src/keystore2_main.rs:218 - Successfully registered Keystore 2.0 service.
04-12 20:42:30.276352   656   656 I keystore2: system/security/keystore2/src/keystore2_main.rs:220 - Joining thread pool now.
04-12 20:42:30.277420   656   656 I keystore2: system/security/keystore2/src/security_level.rs:245 - caller pid=589, uid=0; force = true; key domain=r#BLOB, alias = None
04-12 20:42:30.278448   656   656 I keystore2: system/security/keystore2/src/security_level.rs:343 - upgrade_keyblob_if_required_with start
04-12 20:42:30.278772   656   656 I keystore2: system/security/keystore2/src/enforcements.rs:236 - finalize_create_authorization self.state=NoAuthRequired
04-12 20:42:30.278781   656   656 I keystore2: system/security/keystore2/src/security_level.rs:388 - upgrade_keyblob_if_required_with end; operation_db.create_operation start
04-12 20:42:30.278784   656   656 I keystore2: system/security/keystore2/src/security_level.rs:406 - operation_db.create_operation end
04-12 20:42:30.280392   589   589 D vold    : Mounting metadata-encrypted filesystem:/data
04-12 20:42:30.280883   589   589 I vold    : [libfs_mgr] f2fs_fsck_argv[5] =--no-kernel-check
04-12 20:42:30.280944   589   589 I vold    : [libfs_mgr] Running /system/bin/fsck.f2fs -a -c 10000 --debug-cache /dev/block/dm-79
04-12 20:42:30.405786   589   589 I vold    : [libfs_mgr] __mount(source=/dev/block/mapper/userdata,target=/data,type=f2fs)=0: Success
04-12 20:42:30.406068   589   589 D vold    : Mounted /data
04-12 20:42:30.424183   589   589 I Checkpoint: cp_prepareCheckpoint called
04-12 20:42:30.440871   589   589 I vold    : fscrypt_initialize_systemwide_keys
04-12 20:42:30.442766   589   589 D vold    : Key exists, using: /data/unencrypted/key
04-12 20:42:30.444444   656   690 I keystore2: system/security/keystore2/src/security_level.rs:245 - caller pid=589, uid=0; force = true; key domain=r#BLOB, alias = None
04-12 20:42:30.444489   656   690 I keystore2: system/security/keystore2/src/security_level.rs:343 - upgrade_keyblob_if_required_with start
04-12 20:42:30.445341   656   690 I keystore2: system/security/keystore2/src/enforcements.rs:236 - finalize_create_authorization self.state=NoAuthRequired
04-12 20:42:30.445355   656   690 I keystore2: system/security/keystore2/src/security_level.rs:388 - upgrade_keyblob_if_required_with end; operation_db.create_operation start
04-12 20:42:30.445359   656   690 I keystore2: system/security/keystore2/src/security_level.rs:406 - operation_db.create_operation end
04-12 20:42:30.447855   589   589 D vold    : Installed fscrypt key with ref 59dcb8b08499269c968fd9d859231faa to /data
04-12 20:42:30.448407   589   589 I vold    : Wrote system DE key reference to:/data/unencrypted/ref
04-12 20:42:30.455604   589   589 D vold    : Generating standard storage key
04-12 20:42:30.457724   589   589 D vold    : Installed fscrypt key with ref e24c1202cd31ca4202bffea233018f87 to /data
04-12 20:42:30.459759   589   589 I vold    : Wrote per boot key reference to:/data/unencrypted/per_boot_ref
04-12 20:42:30.486648   589   589 I incfs   : Initial API level of the device: 36
04-12 20:42:30.486751   589   589 I incfs   : ro.incremental.enable: yes
04-12 20:42:30.486813   589   589 I incfs   : isFsAvailable: true
04-12 20:42:30.486841   589   589 I incfs   : isFsAvailable: true
04-12 20:42:30.487086   589   589 I incfs   : IncFs_Features: v2
04-12 20:42:30.487469   656   690 I keystore2: system/security/keystore2/src/maintenance.rs:635 - earlyBootEnded()
04-12 20:42:30.487810   656   690 I keystore2: system/security/keystore2/src/maintenance.rs:256 - In early_boot_ended.
04-12 20:42:30.488053   656   690 I keystore2: system/security/keystore2/src/maintenance.rs:260 - keystore db inde=26
04-12 20:42:30.488097   656   690 E keystore2: system/security/keystore2/src/database.rs:1053 - ==backup_db start==
04-12 20:42:30.488171   656   690 I keystore2: system/security/keystore2/src/database.rs:1236 - is_backup_support str="1"
04-12 20:42:30.488352   656   690 E keystore2: system/security/keystore2/src/database.rs:1098 - ==backup_db222 end==
04-12 20:42:30.488479   656   690 E keystore2: system/security/keystore2/src/database.rs:1529 -  in make_connection-start
04-12 20:42:30.488575   656   705 E keystore2: system/security/keystore2/src/database.rs:1529 -  in make_connection-start
04-12 20:42:30.490987   656   690 I keystore2: system/security/keystore2/src/globals.rs:85 - Touching Keystore 2.0 database for this first time since boot.
04-12 20:42:30.491002   656   690 I keystore2: system/security/keystore2/src/globals.rs:86 - Calling cleanup leftovers.
04-12 20:42:30.491326   656   705 I keystore2: system/security/keystore2/src/gc.rs:147 - skip GC as boot not completed
04-12 20:42:30.491379   656   690 I keystore2: system/security/keystore2/src/boot_level_keys.rs:57 - ro.keystore.boot_level_key.strategy not set, inferring from installed KM instances
04-12 20:42:30.491402   656   690 I keystore2: system/security/keystore2/src/boot_level_keys.rs:115 - In get_level_zero_key: security_level=r#TRUSTED_ENVIRONMENT, deny_later_strategy=EarlyBootOnly
04-12 20:42:30.495581   656   690 I keystore2: system/security/keystore2/src/super_key.rs:305 - Starting boot level watcher.
04-12 20:42:30.495728   656   707 I keystore2: system/security/keystore2/src/super_key.rs:337 - Read keystore.boot_level value 30
04-12 20:42:30.495773   656   690 I keystore2: system/security/keystore2/src/maintenance.rs:227 - Call to earlyBootEnded succeeded for security level TRUSTED_ENVIRONMENT.
04-12 20:42:30.495823   656   707 I keystore2: system/security/keystore2/src/super_key.rs:337 - Read keystore.boot_level value 30
04-12 20:42:30.496091   656   690 I keystore2: system/security/keystore2/src/maintenance.rs:237 - Call to earlyBootEnded failed for StrongBox as it is not available
04-12 20:42:30.528924   656   685 I keystore2: system/security/keystore2/src/maintenance.rs:328 - await a change to 'apexd.status'...notified
04-12 20:42:30.528946   656   685 I keystore2: system/security/keystore2/src/maintenance.rs:321 - property 'apexd.status' is now 'Ok("")'
04-12 20:42:30.528950   656   685 I keystore2: system/security/keystore2/src/maintenance.rs:326 - await a change to 'apexd.status'...
04-12 20:42:30.660936   656   685 I keystore2: system/security/keystore2/src/maintenance.rs:328 - await a change to 'apexd.status'...notified
04-12 20:42:30.660985   656   685 I keystore2: system/security/keystore2/src/maintenance.rs:321 - property 'apexd.status' is now 'Ok("starting")'
04-12 20:42:30.660991   656   685 I keystore2: system/security/keystore2/src/maintenance.rs:326 - await a change to 'apexd.status'...
04-12 20:42:30.953792   656   685 I keystore2: system/security/keystore2/src/maintenance.rs:328 - await a change to 'apexd.status'...notified
04-12 20:42:30.953810   656   685 I keystore2: system/security/keystore2/src/maintenance.rs:321 - property 'apexd.status' is now 'Ok("activated")'
04-12 20:42:30.956639   656   685 I keystore2: system/security/keystore2/src/maintenance.rs:365 - apex modules += com.android.adbd version 361153600
04-12 20:42:30.956651   656   685 I keystore2: system/security/keystore2/src/maintenance.rs:365 - apex modules += com.android.adservices version 361153320
04-12 20:42:30.956654   656   685 I keystore2: system/security/keystore2/src/maintenance.rs:365 - apex modules += com.android.apex.cts.shim version 1
04-12 20:42:30.956656   656   685 I keystore2: system/security/keystore2/src/maintenance.rs:365 - apex modules += com.android.appsearch version 361421180
04-12 20:42:30.956658   656   685 I keystore2: system/security/keystore2/src/maintenance.rs:365 - apex modules += com.android.art version 361400140
04-12 20:42:30.956659   656   685 I keystore2: system/security/keystore2/src/maintenance.rs:365 - apex modules += com.android.bt version 360499999
04-12 20:42:30.956661   656   685 I keystore2: system/security/keystore2/src/maintenance.rs:365 - apex modules += com.android.cellbroadcast version 361418000
04-12 20:42:30.956663   656   685 I keystore2: system/security/keystore2/src/maintenance.rs:365 - apex modules += com.android.compos version 3
04-12 20:42:30.956665   656   685 I keystore2: system/security/keystore2/src/maintenance.rs:365 - apex modules += com.android.configinfrastructure version 361153320
04-12 20:42:30.956667   656   685 I keystore2: system/security/keystore2/src/maintenance.rs:365 - apex modules += com.android.conscrypt version 361331360
04-12 20:42:30.956669   656   685 I keystore2: system/security/keystore2/src/maintenance.rs:365 - apex modules += com.android.crashrecovery version 361153320
04-12 20:42:30.956670   656   685 I keystore2: system/security/keystore2/src/maintenance.rs:365 - apex modules += com.android.devicelock version 343201000
04-12 20:42:30.956672   656   685 I keystore2: system/security/keystore2/src/maintenance.rs:365 - apex modules += com.android.extservices version 361153323
04-12 20:42:30.956674   656   685 I keystore2: system/security/keystore2/src/maintenance.rs:365 - apex modules += com.android.hardware.cas version 1
04-12 20:42:30.956675   656   685 I keystore2: system/security/keystore2/src/maintenance.rs:365 - apex modules += com.android.healthfitness version 361420700
04-12 20:42:30.956678   656   685 I keystore2: system/security/keystore2/src/maintenance.rs:365 - apex modules += com.android.i18n version 1
04-12 20:42:30.956680   656   685 I keystore2: system/security/keystore2/src/maintenance.rs:365 - apex modules += com.android.ipsec version 361153320
04-12 20:42:30.956681   656   685 I keystore2: system/security/keystore2/src/maintenance.rs:365 - apex modules += com.android.media version 361153320
04-12 20:42:30.956683   656   685 I keystore2: system/security/keystore2/src/maintenance.rs:365 - apex modules += com.android.media.swcodec version 361153320
04-12 20:42:30.956685   656   685 I keystore2: system/security/keystore2/src/maintenance.rs:365 - apex modules += com.android.mediaprovider version 361420620
04-12 20:42:30.956686   656   685 I keystore2: system/security/keystore2/src/maintenance.rs:365 - apex modules += com.android.neuralnetworks version 361153320
04-12 20:42:30.956688   656   685 I keystore2: system/security/keystore2/src/maintenance.rs:365 - apex modules += com.android.nfcservices version 360499999
04-12 20:42:30.956690   656   685 I keystore2: system/security/keystore2/src/maintenance.rs:365 - apex modules += com.android.ondevicepersonalization version 361153320
04-12 20:42:30.956692   656   685 I keystore2: system/security/keystore2/src/maintenance.rs:365 - apex modules += com.android.os.statsd version 361420820
04-12 20:42:30.956693   656   685 I keystore2: system/security/keystore2/src/maintenance.rs:365 - apex modules += com.android.permission version 361420000
04-12 20:42:30.956695   656   685 I keystore2: system/security/keystore2/src/maintenance.rs:365 - apex modules += com.android.profiling version 361153680
04-12 20:42:30.956696   656   685 I keystore2: system/security/keystore2/src/maintenance.rs:365 - apex modules += com.android.resolv version 361418000
04-12 20:42:30.956698   656   685 I keystore2: system/security/keystore2/src/maintenance.rs:365 - apex modules += com.android.rkpd version 361420380
04-12 20:42:30.956700   656   685 I keystore2: system/security/keystore2/src/maintenance.rs:365 - apex modules += com.android.runtime version 1
04-12 20:42:30.956701   656   685 I keystore2: system/security/keystore2/src/maintenance.rs:365 - apex modules += com.android.scheduling version 361153320
04-12 20:42:30.956703   656   685 I keystore2: system/security/keystore2/src/maintenance.rs:365 - apex modules += com.android.sdkext version 361418240
04-12 20:42:30.956704   656   685 I keystore2: system/security/keystore2/src/maintenance.rs:365 - apex modules += com.android.tethering version 361420760
04-12 20:42:30.956706   656   685 I keystore2: system/security/keystore2/src/maintenance.rs:365 - apex modules += com.android.tzdata version 361157000
04-12 20:42:30.956708   656   685 I keystore2: system/security/keystore2/src/maintenance.rs:365 - apex modules += com.android.uprobestats version 361153320
04-12 20:42:30.956709   656   685 I keystore2: system/security/keystore2/src/maintenance.rs:365 - apex modules += com.android.uwb version 361420720
04-12 20:42:30.956711   656   685 I keystore2: system/security/keystore2/src/maintenance.rs:365 - apex modules += com.android.virt version 3
04-12 20:42:30.956713   656   685 I keystore2: system/security/keystore2/src/maintenance.rs:365 - apex modules += com.android.vndk.v31 version 1
04-12 20:42:30.956715   656   685 I keystore2: system/security/keystore2/src/maintenance.rs:365 - apex modules += com.android.vndk.v33 version 1
04-12 20:42:30.956716   656   685 I keystore2: system/security/keystore2/src/maintenance.rs:365 - apex modules += com.android.vndk.v34 version 1
04-12 20:42:30.956718   656   685 I keystore2: system/security/keystore2/src/maintenance.rs:365 - apex modules += com.android.wifi version 361418220
04-12 20:42:30.956724   656   685 I keystore2: system/security/keystore2/src/maintenance.rs:365 - apex modules += com.google.android.widevine version 190250627
04-12 20:42:30.956725   656   685 I keystore2: system/security/keystore2/src/maintenance.rs:365 - apex modules += com.scorpio.sc.core version 1
04-12 20:42:30.956727   656   685 I keystore2: system/security/keystore2/src/maintenance.rs:365 - apex modules += com.transsion.connectivity version 340101005
04-12 20:42:30.956728   656   685 I keystore2: system/security/keystore2/src/maintenance.rs:365 - apex modules += com.transsion.kolun version 10000001
04-12 20:42:30.956730   656   685 I keystore2: system/security/keystore2/src/maintenance.rs:365 - apex modules += com.transsion.mi.os.framework version 340000002
04-12 20:42:30.956731   656   685 I keystore2: system/security/keystore2/src/maintenance.rs:365 - apex modules += com.transsion.phone version 340002300
04-12 20:42:30.956733   656   685 I keystore2: system/security/keystore2/src/maintenance.rs:365 - apex modules += com.transsion.thub.core version 360102001
04-12 20:42:30.956744   656   685 I keystore2: system/security/keystore2/src/maintenance.rs:540 - set_module_info with 47 modules
04-12 20:42:30.956772   656   685 I keystore2: system/security/keystore2/src/maintenance.rs:202 - skipping setAdditionalAttestationInfo for r#TRUSTED_ENVIRONMENT since its keymint version 300 is less than the minimum required version 400
04-12 20:42:30.956776   656   685 I keystore2: system/security/keystore2/src/maintenance.rs:227 - Call to setAdditionalAttestationInfo succeeded for security level TRUSTED_ENVIRONMENT.
04-12 20:42:30.957064   656   685 I keystore2: system/security/keystore2/src/maintenance.rs:237 - Call to setAdditionalAttestationInfo failed for StrongBox as it is not available
04-12 20:42:31.365320   589   589 D vold    : fscrypt_init_user0
04-12 20:42:31.365385   589   589 D vold    : Preparing: /data/misc/vold/user_keys
04-12 20:42:31.373121   589   589 D vold    : Preparing: /data/misc/vold/user_keys/ce
04-12 20:42:31.373511   589   589 D vold    : Preparing: /data/misc/vold/user_keys/de
04-12 20:42:31.375828   656   690 I keystore2: system/security/keystore2/src/security_level.rs:245 - caller pid=589, uid=0; force = true; key domain=r#BLOB, alias = None
04-12 20:42:31.375871   656   690 I keystore2: system/security/keystore2/src/security_level.rs:343 - upgrade_keyblob_if_required_with start
04-12 20:42:31.376283   656   690 I keystore2: system/security/keystore2/src/enforcements.rs:236 - finalize_create_authorization self.state=NoAuthRequired
04-12 20:42:31.376301   656   690 I keystore2: system/security/keystore2/src/security_level.rs:388 - upgrade_keyblob_if_required_with end; operation_db.create_operation start
04-12 20:42:31.376306   656   690 I keystore2: system/security/keystore2/src/security_level.rs:406 - operation_db.create_operation end
04-12 20:42:31.377483   589   589 D vold    : Installed fscrypt key with ref d844fd290b970402a35ef6c5fd2c8d5e to /data
04-12 20:42:31.377521   589   589 D vold    : Installed de key for user 0
04-12 20:42:31.377705   589   589 D vold    : Preparing: /data/data
04-12 20:42:31.378902   589   589 D vold    : Preparing: /data/user/0
04-12 20:42:31.379259   589   589 D vold    : Preparing: /data/media/obb
04-12 20:42:31.379437   589   589 D vold    : Preparing: /data/vendor_de/meta
04-12 20:42:31.379636   589   589 D vold    : fscrypt_prepare_user_storage for volume null, user 0, flags 1
04-12 20:42:31.379667   589   589 D vold    : Preparing: /data/system/users/0
04-12 20:42:31.380036   589   589 D vold    : Preparing: /data/misc/profiles/cur/0
04-12 20:42:31.380440   589   589 D vold    : Preparing: /data/system_de/0
04-12 20:42:31.380611   589   589 I vold    : Verified that /data/system_de/0 has the encryption policy d844fd290b970402a35ef6c5fd2c8d5e v2 modes 1/4 flags 0xa
04-12 20:42:31.380748   589   589 D vold    : Preparing: /data/vendor_de/0
04-12 20:42:31.380888   589   589 I vold    : Verified that /data/vendor_de/0 has the encryption policy d844fd290b970402a35ef6c5fd2c8d5e v2 modes 1/4 flags 0xa
04-12 20:42:31.381033   589   589 D vold    : Preparing: /data/misc_de/0
04-12 20:42:31.381167   589   589 I vold    : Verified that /data/misc_de/0 has the encryption policy d844fd290b970402a35ef6c5fd2c8d5e v2 modes 1/4 flags 0xa
04-12 20:42:31.381289   589   589 D vold    : Preparing: /data/user_de/0
04-12 20:42:31.381472   589   589 I vold    : Verified that /data/user_de/0 has the encryption policy d844fd290b970402a35ef6c5fd2c8d5e v2 modes 1/4 flags 0xa
04-12 20:42:31.381489   589   589 D vold    : /system/bin/vold_prepare_subdirs
04-12 20:42:31.381496   589   589 D vold    :     prepare
04-12 20:42:31.381506   589   589 D vold    :     
04-12 20:42:31.381510   589   589 D vold    :     0
04-12 20:42:31.381516   589   589 D vold    :     1
04-12 20:42:31.382350   589   589 I vold    : Set 15s timeout
04-12 20:42:31.410201   589   589 I vold    : Fgets log from vold's child_pid 864 by using legency start:
04-12 20:42:31.410245   589   589 I vold    : Finish get from pipe
04-12 20:42:31.486371   868   868 I odsign  : Trying to retrieve existing HMAC key...
04-12 20:42:31.486416   656   656 E keystore2: system/security/keystore2/src/database.rs:1529 -  in make_connection-start
04-12 20:42:31.486979   868   868 I odsign  : Trying to retrieve existing keystore key...
04-12 20:42:31.487715   656   656 I keystore2: system/security/keystore2/src/security_level.rs:245 - caller pid=868, uid=0; force = false; key domain=r#SELINUX, alias = Some("ondevice-signing-hmac")
04-12 20:42:31.487961   656   656 I keystore2: system/security/keystore2/src/security_level.rs:343 - upgrade_keyblob_if_required_with start
04-12 20:42:31.488308   656   656 I keystore2: system/security/keystore2/src/enforcements.rs:236 - finalize_create_authorization self.state=NoAuthRequired
04-12 20:42:31.488321   656   656 I keystore2: system/security/keystore2/src/security_level.rs:388 - upgrade_keyblob_if_required_with end; operation_db.create_operation start
04-12 20:42:31.488327   656   656 I keystore2: system/security/keystore2/src/security_level.rs:406 - operation_db.create_operation end
04-12 20:42:31.488853   868   868 I odsign  : Verified public key signature.
04-12 20:42:31.488870   868   868 I odsign  : Initialized Keystore key.
04-12 20:42:31.489598   868   868 I odsign  : Found and verified existing public key certificate: /data/misc/odsign/key.cert
04-12 20:42:31.530875   869   869 I odrefresh: ART APEX version 361400140
04-12 20:42:31.591344   869   869 I odrefresh: Boot images on /system OK (arm64)
04-12 20:42:31.661107   869   869 I odrefresh: system_server artifacts on /system OK
04-12 20:42:31.666771   868   868 I odsign  : /data/misc/odsign/odsign.info.signature matches.
04-12 20:42:31.666836   868   868 I odsign  : Loaded /data/misc/odsign/odsign.info
04-12 20:42:31.667306   868   868 I odsign  : All root hashes match.
04-12 20:42:31.667319   868   868 I odsign  : odrefresh said artifacts are VALID
04-12 20:42:31.667323   868   868 I odsign  : On-device signing done.
04-12 20:42:31.667392   656   707 I keystore2: system/security/keystore2/src/super_key.rs:342 - keystore.boot_level 1000000000 hits maximum 1000000000, finishing.
04-12 20:42:38.511269  1243  1243 I gsid    : no DSU: No such file or directory
04-12 20:42:38.801515  1374  1374 I installd: installd firing up
04-12 20:42:38.837245  1385  1385 I wificond: wificond is starting up...
04-12 20:42:38.839664  1385  1385 W HidlServiceManagement: hwservicemanager is not supported on the device.
04-12 20:42:38.839726  1385  1385 I HidlServiceManagement: Trying to get transport of android.system.wifi.keystore@1.0::IKeystore/default without hwservicemanager
04-12 20:42:38.839758  1385  1385 E HidlServiceManagement: Service android.system.wifi.keystore@1.0::IKeystore/default must be in VINTF manifest in order to register/get.
04-12 20:42:38.839780  1385  1385 I wificond: Did not register wifi keystore HIDL HAL service: -2147483648
04-12 20:42:39.212728  1087  1087 D TranDynamicFeatureSwitch: mCurrentVersion = 1.0
04-12 20:42:39.212877  1087  1087 D TranDynamicFeatureSwitch: parse: tranFeatureToggle => TranFeatureToggle{mFeatureName='iconcrop', mFeatureList={com.transsion.hubcore.iconcrop.ITranNonAdaptiveIconExt=com.transsion.hubcore.iconcrop.TranNonAdaptiveIconExtImpl}, mStatus=true}
04-12 20:42:39.212901  1087  1087 D TranDynamicFeatureSwitch: parse: tranFeatureToggle => TranFeatureToggle{mFeatureName='finance', mFeatureList={com.transsion.hubcore.finance.ITranFinanceComponent=com.transsion.hubcore.finance.TranFinanceComponentImpl, com.transsion.hubcore.finance.ITranFinancePJComponent=com.transsion.hubcore.finance.payjoy.TranPJComponentImpl}, mStatus=true}
04-12 20:42:39.217106  1087  1087 D TranClassInfo: instance successfully. com.transsion.hubcore.app.TranActivityOptionsImpl@66cff60 from com.transsion.hubcore.server.app.ITranActivityOptions
04-12 20:42:39.250223  1087  1087 D TranClassInfo: instance successfully. com.transsion.hubcore.graphics.TranGraphicImpl@1173eb7 from com.transsion.hubcore.graphics.ITranGraphic
04-12 20:42:39.255571  1087  1087 D TranClassInfo: instance successfully. com.transsion.common.thubutils.TranConfigs@ddce342 from com.transsion.hubsdk.thubutils.ITranConfigs
04-12 20:42:39.255800  1087  1087 I TranConfigs: getConfigs: file path is : /tranfs/etc/vconfig/typeface/fonts_customization.xml
04-12 20:42:39.255912  1087  1087 I TranConfigs: getConfigs: file path is : /tr_company/etc/vconfig/typeface/fonts_customization.xml
04-12 20:42:39.255949  1087  1087 I TranConfigs: getConfigs: file path is : /tr_carrier/etc/vconfig/typeface/fonts_customization.xml
04-12 20:42:39.255978  1087  1087 I TranConfigs: getConfigs: file path is : /tr_region/etc/vconfig/typeface/fonts_customization.xml
04-12 20:42:39.256299  1087  1087 I TranConfigs: getConfigs: file path is : /tr_product/etc/vconfig/typeface/fonts_customization.xml
04-12 20:42:39.257056  1087  1087 I TranConfigs: getConfigs: file path is : /system_ext/etc/vconfig/typeface/fonts_customization.xml
04-12 20:42:39.257164  1087  1087 E TranConfigs: getConfigs: not found path: typeface/fonts_customization.xml
04-12 20:42:39.393380  1605  1647 I BootAnimation: boot-tranDefaultRotation: -1
04-12 20:42:39.456290  1087  1087 D TranClassInfo: instance successfully. com.transsion.hubcore.app.TranWindowConfigurationImpl@366f05d from com.transsion.hubcore.server.app.ITranWindowConfiguration
04-12 20:42:39.459759  1087  1087 D TranClassInfo: instance successfully. com.transsion.display.displaycompatible.core.TranDisplayCompatibleComponentImpl@a869ea3 from com.transsion.hubcore.displaycompatible.ITranDisplayCompatibleComponent
04-12 20:42:39.502820  1087  1087 D TranClassInfo: instance successfully. com.transsion.hubcore.content.res.TranAssetManagerImpl@3173864 from com.transsion.hubcore.content.res.ITranAssetManager
04-12 20:42:39.673819  1087  1087 D TranClassInfo: instance successfully. com.transsion.hubcore.content.om.TranOverlayConfigImpl@7965f82 from com.transsion.hubcore.content.om.ITranOverlayConfig
04-12 20:42:39.700731  1087  1087 V Configuration: Updating configuration, locales updated from [] to [zh_CN_#Hans]
04-12 20:42:39.701141  1087  1087 D TranClassInfo: instance successfully. com.transsion.hubcore.app.TranActivityThreadImpl@f266fb from com.transsion.hubcore.app.ITranActivityThread
04-12 20:42:40.201135  1750  1750 D TranClassInfo: instance successfully. com.transsion.performance.aegean.TranAegeanComponentImpl@16c3c6d from com.transsion.hubcore.aegean.ITranAegeanComponent
04-12 20:42:40.201267  1750  1750 D TranDynamicFeatureSwitch: status = true
04-12 20:42:40.205297  1750  1750 I TranFinanceComponentImpl: init version=35.0.2.1
04-12 20:42:40.205428  1750  1750 I TranFinanceMgr: FinancialManager init : mVersion = 1, mSupportFlag = 0
04-12 20:42:40.205815  1750  1750 D TranClassInfo: instance successfully. com.transsion.security.finance.TranFinanceComponentImpl@11d3269 from com.transsion.hubcore.finance.ITranFinanceComponent
04-12 20:42:40.207629  1750  1750 W TranClassInfo: instance failed. com.transsion.hubcore.spdopts.trancpufreqtime.implement.TranCpuPowerReporterComponentImpl from com.transsion.hubcore.trancpufreqtime.ITranCpuPowerReporterComponent
04-12 20:42:40.207629  1750  1750 W TranClassInfo: java.lang.ClassNotFoundException: com.transsion.hubcore.spdopts.trancpufreqtime.implement.TranCpuPowerReporterComponentImpl
04-12 20:42:40.207629  1750  1750 W TranClassInfo: 	at java.lang.Class.classForName(Native Method)
04-12 20:42:40.207629  1750  1750 W TranClassInfo: 	at java.lang.Class.forName(Class.java:591)
04-12 20:42:40.207629  1750  1750 W TranClassInfo: 	at com.transsion.hubcore.utils.TranClassInfo.getImpl(TranClassInfo.java:124)
04-12 20:42:40.207629  1750  1750 W TranClassInfo: 	at com.transsion.hubcore.trancpufreqtime.ITranCpuPowerReporterComponent.Instance(ITranCpuPowerReporterComponent.java:25)
04-12 20:42:40.207629  1750  1750 W TranClassInfo: 	at com.transsion.hubcore.server.TranSystemServerImpl.<init>(TranSystemServerImpl.java:93)
04-12 20:42:40.207629  1750  1750 W TranClassInfo: 	at java.lang.reflect.Constructor.newInstance0(Native Method)
04-12 20:42:40.207629  1750  1750 W TranClassInfo: 	at java.lang.reflect.Constructor.newInstance(Constructor.java:343)
04-12 20:42:40.207629  1750  1750 W TranClassInfo: 	at com.transsion.hubcore.utils.TranClassInfo.getImpl(TranClassInfo.java:76)
04-12 20:42:40.207629  1750  1750 W TranClassInfo: 	at com.transsion.hubcore.server.ITranSystemServer.Instance(ITranSystemServer.java:35)
04-12 20:42:40.207629  1750  1750 W TranClassInfo: 	at com.android.server.SystemServer.<init>(SystemServer.java:778)
04-12 20:42:40.207629  1750  1750 W TranClassInfo: 	at com.android.server.SystemServer.main(SystemServer.java:761)
04-12 20:42:40.207629  1750  1750 W TranClassInfo: 	at java.lang.reflect.Method.invoke(Native Method)
04-12 20:42:40.207629  1750  1750 W TranClassInfo: 	at com.android.internal.os.RuntimeInit$MethodAndArgsCaller.run(RuntimeInit.java:629)
04-12 20:42:40.207629  1750  1750 W TranClassInfo: 	at com.android.internal.os.ZygoteInit.main(ZygoteInit.java:1002)
04-12 20:42:40.207629  1750  1750 W TranClassInfo: Caused by: java.lang.ClassNotFoundException: com.transsion.hubcore.spdopts.trancpufreqtime.implement.TranCpuPowerReporterComponentImpl
04-12 20:42:40.207629  1750  1750 W TranClassInfo: 	... 14 more
04-12 20:42:40.207709  1750  1750 D TranClassInfo: using com.transsion.hubcore.trancpufreqtime.ITranCpuPowerReporterComponent$1@ef2e81c instead of [com.transsion.hubcore.spdopts.trancpufreqtime.implement.TranCpuPowerReporterComponentImpl] from com.transsion.hubcore.trancpufreqtime.ITranCpuPowerReporterComponent
04-12 20:42:40.207728  1750  1750 D TranClassInfo: instance successfully. com.transsion.hubcore.server.TranSystemServerImpl@1cd8c25 from com.transsion.hubcore.server.ITranSystemServer
04-12 20:42:40.208458  1750  1750 D SystemServerTiming: InitBeforeStartServices
04-12 20:42:40.210153  1750  1750 I SystemServer: Entered the Android system server!
04-12 20:42:40.212888  1750  1750 I SystemServerInitThreadPool: Creating instance with 8 threads
04-12 20:42:40.212961  1750  1750 I SystemServer: Reading configuration...
04-12 20:42:40.212975  1750  1750 D SystemServerTiming: ReadingSystemConfig
04-12 20:42:40.213225  1750  1862 D SystemServerTimingAsync: InitThreadPoolExec:ReadingSystemConfig
04-12 20:42:40.213246  1750  1862 D SystemServerInitThreadPool: Started executing ReadingSystemConfig
04-12 20:42:40.213732  1750  1862 I SystemConfig: Reading permissions from /system/etc/sysconfig/com.google.android.mainline.patchlevel.2.xml
04-12 20:42:40.213939  1750  1862 I SystemConfig: Reading permissions from /system/etc/sysconfig/enhanced-confirmation.xml
04-12 20:42:40.214084  1750  1862 I SystemConfig: Reading permissions from /system/etc/sysconfig/framework-sysconfig.xml
04-12 20:42:40.214564  1750  1862 I SystemConfig: Reading permissions from /system/etc/sysconfig/google-hiddenapi-package-allowlist.xml
04-12 20:42:40.219332  1750  1862 I SystemConfig: Reading permissions from /system/etc/sysconfig/hiddenapi-package-whitelist.xml
04-12 20:42:40.219496  1750  1862 I SystemConfig: Reading permissions from /system/etc/sysconfig/initial-package-stopped-states.xml
04-12 20:42:40.220075  1750  1862 I SystemConfig: Reading permissions from /system/etc/sysconfig/package-shareduid-allowlist.xml
04-12 20:42:40.221011  1750  1862 I SystemConfig: Reading permissions from /system/etc/sysconfig/preinstalled-packages-asl-files.xml
04-12 20:42:40.221380  1750  1862 I SystemConfig: Reading permissions from /system/etc/sysconfig/preinstalled-packages-com.google.android.providers.media.module.xml
04-12 20:42:40.222609  1750  1862 I SystemConfig: Reading permissions from /system/etc/sysconfig/preinstalled-packages-platform-handheld-system.xml
04-12 20:42:40.223258  1750  1862 I SystemConfig: Reading permissions from /system/etc/sysconfig/preinstalled-packages-platform.xml
04-12 20:42:40.224392  1750  1862 I SystemConfig: Reading permissions from /system/etc/sysconfig/preinstalled-packages-strict-signature.xml
04-12 20:42:40.225165  1750  1862 I SystemConfig: Reading permissions from /system/etc/permissions/GoogleDocumentsUI_permissions.xml
04-12 20:42:40.225673  1750  1862 D TranClassInfo: instance successfully. com.transsion.hubcore.server.pm.trpartition.TranPartitionManagerImpl@ca3fd9b from com.transsion.hubcore.server.pm.trpartition.ITranPartitionManager
04-12 20:42:40.226044  1750  1862 D TranClassInfo: instance successfully. com.transsion.updates.trpartition.TranPartitionManagerComponentImpl@9fa6538 from com.transsion.hubcore.trpartition.ITranPartitionManagerComponent
04-12 20:42:40.227275  1750  1862 I SystemConfig: Reading permissions from /system/etc/permissions/GoogleNetworkStack_permissions.xml
04-12 20:42:40.227864  1750  1862 I SystemConfig: Reading permissions from /system/etc/permissions/android.software.live_wallpaper.xml
04-12 20:42:40.228239  1750  1862 I SystemConfig: Reading permissions from /system/etc/permissions/android.software.webview.xml
04-12 20:42:40.228417  1750  1862 I SystemConfig: Reading permissions from /system/etc/permissions/android.software.window_magnification.xml
04-12 20:42:40.242303  1750  1862 I SystemConfig: Reading permissions from /system/etc/permissions/android.test.base.xml
04-12 20:42:40.242510  1750  1862 I SystemConfig: Reading permissions from /system/etc/permissions/android.test.mock.xml
04-12 20:42:40.242649  1750  1862 I SystemConfig: Reading permissions from /system/etc/permissions/android.test.runner.xml
04-12 20:42:40.242781  1750  1862 I SystemConfig: Reading permissions from /system/etc/permissions/com.android.future.usb.accessory.xml
04-12 20:42:40.243608  1750  1862 I SystemConfig: Reading permissions from /system/etc/permissions/com.android.intentresolver.xml
04-12 20:42:40.243945  1750  1862 I SystemConfig: Reading permissions from /system/etc/permissions/com.android.location.provider.xml
04-12 20:42:40.244066  1750  1862 I SystemConfig: Reading permissions from /system/etc/permissions/com.android.media.remotedisplay.xml
04-12 20:42:40.244165  1750  1862 I SystemConfig: Reading permissions from /system/etc/permissions/com.android.mediadrm.signer.xml
04-12 20:42:40.244519  1750  1862 I SystemConfig: Reading permissions from /system/etc/permissions/com.android.nfc_extras.xml
04-12 20:42:40.244993  1750  1862 I SystemConfig: Reading permissions from /system/etc/permissions/javax.obex.xml
04-12 20:42:40.245194  1750  1862 I SystemConfig: Reading permissions from /system/etc/permissions/org.apache.http.legacy.xml
04-12 20:42:40.245385  1750  1862 I SystemConfig: Reading permissions from /system/etc/permissions/privapp-permissions-google-system.xml
04-12 20:42:40.245855  1750  1862 I SystemConfig: Reading permissions from /system/etc/permissions/privapp-permissions-mediatek.xml
04-12 20:42:40.250853  1750  1862 I SystemConfig: Reading permissions from /system/etc/permissions/privapp-permissions-platform.xml
04-12 20:42:40.255794  1750  1862 I SystemConfig: Reading permissions from /system/etc/permissions/platform.xml
04-12 20:42:40.257153  1750  1862 I AconfigFlags: Using new flag storage
04-12 20:42:40.258029  1750  1862 W SystemConfig: Tag system-user-whitelisted-app is unknown in /system/etc/permissions/platform.xml at START_TAG (empty) <system-user-whitelisted-app package='com.transsion.tranvoicecommand'>@392:77 in java.io.FileReader@ac30714
04-12 20:42:40.258479  1750  1862 I SystemConfig: Reading permissions from /vendor/etc/permissions/android.hardware.audio.low_latency.prebuilt.xml
04-12 20:42:40.258607  1750  1862 I SystemConfig: Reading permissions from /vendor/etc/permissions/android.hardware.biometrics.face.xml
04-12 20:42:40.258724  1750  1862 I SystemConfig: Reading permissions from /vendor/etc/permissions/android.hardware.bluetooth.prebuilt.xml
04-12 20:42:40.258829  1750  1862 I SystemConfig: Reading permissions from /vendor/etc/permissions/android.hardware.bluetooth_le.prebuilt.xml
04-12 20:42:40.258941  1750  1862 I SystemConfig: Reading permissions from /vendor/etc/permissions/android.hardware.camera.concurrent.prebuilt.xml
04-12 20:42:40.259060  1750  1862 I SystemConfig: Reading permissions from /vendor/etc/permissions/android.hardware.camera.xml
04-12 20:42:40.259172  1750  1862 I SystemConfig: Reading permissions from /vendor/etc/permissions/android.hardware.faketouch.prebuilt.xml
04-12 20:42:40.259284  1750  1862 I SystemConfig: Reading permissions from /vendor/etc/permissions/android.hardware.hardware_keystore.xml
04-12 20:42:40.259395  1750  1862 I SystemConfig: Reading permissions from /vendor/etc/permissions/android.hardware.keystore.app_attest_key.prebuilt.xml
04-12 20:42:40.259515  1750  1862 I SystemConfig: Reading permissions from /vendor/etc/permissions/android.hardware.location.gps.prebuilt.xml
04-12 20:42:40.259619  1750  1862 I SystemConfig: Reading permissions from /vendor/etc/permissions/android.hardware.microphone.xml
04-12 20:42:40.259996  1750  1862 I SystemConfig: Reading permissions from /vendor/etc/permissions/android.hardware.opengles.aep.prebuilt.xml
04-12 20:42:40.260207  1750  1862 I SystemConfig: Reading permissions from /vendor/etc/permissions/android.hardware.se.omapi.prebuilt.xml
04-12 20:42:40.260409  1750  1862 I SystemConfig: Reading permissions from /vendor/etc/permissions/android.hardware.telephony.gsm.xml
04-12 20:42:40.260716  1750  1862 I SystemConfig: Reading permissions from /vendor/etc/permissions/android.hardware.telephony.ims.prebuilt.xml
04-12 20:42:40.260889  1750  1862 I SystemConfig: Reading permissions from /vendor/etc/permissions/android.hardware.touchscreen.multitouch.distinct.prebuilt.xml
04-12 20:42:40.261074  1750  1862 I SystemConfig: Reading permissions from /vendor/etc/permissions/android.hardware.touchscreen.multitouch.jazzhand.prebuilt.xml
04-12 20:42:40.261246  1750  1862 I SystemConfig: Reading permissions from /vendor/etc/permissions/android.hardware.touchscreen.multitouch.prebuilt.xml
04-12 20:42:40.263101  1750  1862 I SystemConfig: Reading permissions from /vendor/etc/permissions/android.hardware.touchscreen.prebuilt.xml
04-12 20:42:40.263225  1750  1862 I SystemConfig: Reading permissions from /vendor/etc/permissions/android.hardware.usb.accessory.prebuilt.xml
04-12 20:42:40.263346  1750  1862 I SystemConfig: Reading permissions from /vendor/etc/permissions/android.hardware.usb.host.prebuilt.xml
04-12 20:42:40.263462  1750  1862 I SystemConfig: Reading permissions from /vendor/etc/permissions/android.hardware.vulkan.compute-0.prebuilt.xml
04-12 20:42:40.263592  1750  1862 I SystemConfig: Reading permissions from /vendor/etc/permissions/android.hardware.vulkan.level-1.prebuilt.xml
04-12 20:42:40.263708  1750  1862 I SystemConfig: Reading permissions from /vendor/etc/permissions/android.hardware.vulkan.version-1_3.prebuilt.xml
04-12 20:42:40.263825  1750  1862 I SystemConfig: Reading permissions from /vendor/etc/permissions/android.hardware.wifi.direct.prebuilt.xml
04-12 20:42:40.263934  1750  1862 I SystemConfig: Reading permissions from /vendor/etc/permissions/android.hardware.wifi.passpoint.prebuilt.xml
04-12 20:42:40.264043  1750  1862 I SystemConfig: Reading permissions from /vendor/etc/permissions/android.hardware.wifi.prebuilt.xml
04-12 20:42:40.264163  1750  1862 I SystemConfig: Reading permissions from /vendor/etc/permissions/android.software.device_id_attestation.prebuilt.xml
04-12 20:42:40.264272  1750  1862 I SystemConfig: Reading permissions from /vendor/etc/permissions/android.software.ipsec_tunnels.prebuilt.xml
04-12 20:42:40.264383  1750  1862 I SystemConfig: Reading permissions from /vendor/etc/permissions/android.software.midi.prebuilt.xml
04-12 20:42:40.264736  1750  1862 I SystemConfig: Reading permissions from /vendor/etc/permissions/android.software.opengles.deqp.level-2024-03-01.prebuilt.xml
04-12 20:42:40.264949  1750  1862 I SystemConfig: Reading permissions from /vendor/etc/permissions/android.software.verified_boot.prebuilt.xml
04-12 20:42:40.265134  1750  1862 I SystemConfig: Reading permissions from /vendor/etc/permissions/android.software.vulkan.deqp.level-2024-03-01.prebuilt.xml
04-12 20:42:40.265311  1750  1862 I SystemConfig: Reading permissions from /vendor/etc/permissions/com.mediatek.hardware.vow.xml
04-12 20:42:40.265479  1750  1862 I SystemConfig: Reading permissions from /vendor/etc/permissions/com.mediatek.hardware.vow_dsp.xml
04-12 20:42:40.265655  1750  1862 I SystemConfig: Reading permissions from /vendor/etc/permissions/com.transsion.tranfacsdk.permission.xml
04-12 20:42:40.265939  1750  1862 I SystemConfig: Reading permissions from /vendor/etc/permissions/dummy_camera_extensions.xml
04-12 20:42:40.266147  1750  1862 I SystemConfig: Reading permissions from /vendor/etc/permissions/features_com.android.virt.xml
04-12 20:42:40.266524  1750  1862 I SystemConfig: Reading permissions from /odm/etc/permissions/android.hardware.consumerir.xml
04-12 20:42:40.266658  1750  1862 I SystemConfig: Reading permissions from /odm/etc/permissions/android.hardware.fingerprint.xml
04-12 20:42:40.266778  1750  1862 I SystemConfig: Reading permissions from /odm/etc/permissions/android.hardware.nfc.hce.xml
04-12 20:42:40.266898  1750  1862 I SystemConfig: Reading permissions from /odm/etc/permissions/android.hardware.nfc.xml
04-12 20:42:40.267012  1750  1862 I SystemConfig: Reading permissions from /odm/etc/permissions/android.hardware.sensor.accelerometer.prebuilt.xml
04-12 20:42:40.267127  1750  1862 I SystemConfig: Reading permissions from /odm/etc/permissions/android.hardware.sensor.compass.prebuilt.xml
04-12 20:42:40.267235  1750  1862 I SystemConfig: Reading permissions from /odm/etc/permissions/android.hardware.sensor.gyroscope.prebuilt.xml
04-12 20:42:40.267354  1750  1862 I SystemConfig: Reading permissions from /odm/etc/permissions/android.hardware.sensor.heartrate.ecg.prebuilt.xml
04-12 20:42:40.267472  1750  1862 I SystemConfig: Reading permissions from /odm/etc/permissions/android.hardware.sensor.light.prebuilt.xml
04-12 20:42:40.267585  1750  1862 I SystemConfig: Reading permissions from /odm/etc/permissions/android.hardware.sensor.proximity.prebuilt.xml
04-12 20:42:40.267700  1750  1862 I SystemConfig: Reading permissions from /odm/etc/permissions/android.hardware.sensor.stepcounter.prebuilt.xml
04-12 20:42:40.267809  1750  1862 I SystemConfig: Reading permissions from /odm/etc/permissions/android.hardware.sensor.stepdetector.prebuilt.xml
04-12 20:42:40.267920  1750  1862 I SystemConfig: Reading permissions from /odm/etc/permissions/android.hardware.telephony.euicc.xml
04-12 20:42:40.268043  1750  1862 I SystemConfig: Reading permissions from /odm/etc/permissions/com.android.nfc_extras.xml
04-12 20:42:40.268164  1750  1862 I SystemConfig: Reading permissions from /odm/etc/permissions/com.nxp.mifare.xml
04-12 20:42:40.268282  1750  1862 I SystemConfig: Reading permissions from /odm/etc/permissions/handheld_core_hardware.prebuilt.xml
04-12 20:42:40.270483  1750  1862 I SystemConfig: Reading permissions from /odm/etc/permissions/vendor.transsion.hardware.permissions.satellite.xml
04-12 20:42:40.271068  1750  1862 I SystemConfig: Reading permissions from /product/etc/sysconfig/GoogleCellBroadcast_config.xml
04-12 20:42:40.271245  1750  1862 I SystemConfig: Reading permissions from /product/etc/sysconfig/d2d_cable_migration_feature.xml
04-12 20:42:40.271413  1750  1862 I SystemConfig: Reading permissions from /product/etc/sysconfig/google-initial-package-stopped-states.xml
04-12 20:42:40.271619  1750  1862 I SystemConfig: Reading permissions from /product/etc/sysconfig/google-staged-installer-whitelist.xml
04-12 20:42:40.271928  1750  1862 I SystemConfig: Reading permissions from /product/etc/sysconfig/google.xml
04-12 20:42:40.272833  1750  1862 I SystemConfig: Adding association: com.google.android.as <- com.android.bluetooth
04-12 20:42:40.272881  1750  1862 I SystemConfig: Adding association: com.google.android.as <- com.android.bluetooth.services
04-12 20:42:40.272901  1750  1862 I SystemConfig: Adding association: com.google.android.as <- com.android.providers.contacts
04-12 20:42:40.272913  1750  1862 I SystemConfig: Adding association: com.google.android.as <- com.android.providers.media
04-12 20:42:40.272919  1750  1862 I SystemConfig: Adding association: com.google.android.as <- com.android.providers.telephony
04-12 20:42:40.272964  1750  1862 I SystemConfig: Adding association: com.google.android.as <- com.android.systemui
04-12 20:42:40.272974  1750  1862 I SystemConfig: Adding association: com.google.android.as <- com.google.android.bluetooth
04-12 20:42:40.272982  1750  1862 I SystemConfig: Adding association: com.google.android.as <- com.google.android.bluetooth.services
04-12 20:42:40.272988  1750  1862 I SystemConfig: Adding association: com.google.android.as <- com.google.android.providers.media.module
04-12 20:42:40.272997  1750  1862 I SystemConfig: Adding association: com.google.android.as <- com.google.android.as.oss
04-12 20:42:40.273053  1750  1862 I SystemConfig: Adding association: com.google.android.as.oss <- com.google.android.as
04-12 20:42:40.273112  1750  1862 W SystemConfig: Tag automatic-rollback-denylisted-app is unknown in /product/etc/sysconfig/google.xml at START_TAG (empty) <automatic-rollback-denylisted-app package='com.android.vending'>@99:72 in java.io.FileReader@22f3e41
04-12 20:42:40.273129  1750  1862 I SystemConfig: Adding association: com.google.android.as.oss <- com.google.android.odad
04-12 20:42:40.273138  1750  1862 I SystemConfig: Adding association: com.google.android.odad <- com.google.android.as.oss
04-12 20:42:40.273142  1750  1862 I SystemConfig: Adding association: com.google.android.odad <- com.android.providers.telephony
04-12 20:42:40.273681  1750  1862 I SystemConfig: Reading permissions from /product/etc/sysconfig/initial-package-stopped-states-aosp.xml
04-12 20:42:40.273870  1750  1862 I SystemConfig: Reading permissions from /product/etc/sysconfig/launcher_documentsui_icon_disable.xml
04-12 20:42:40.274128  1750  1862 I SystemConfig: Reading permissions from /product/etc/sysconfig/personal_safety.xml
04-12 20:42:40.274326  1750  1862 I SystemConfig: Reading permissions from /product/etc/sysconfig/preinstalled-packages-platform-handheld-product.xml
04-12 20:42:40.274474  1750  1862 I SystemConfig: Reading permissions from /product/etc/sysconfig/preinstalled-packages-platform-overlays.xml
04-12 20:42:40.275288  1750  1862 I SystemConfig: Reading permissions from /product/etc/sysconfig/preinstalled-packages-platform-telephony-product.xml
04-12 20:42:40.275420  1750  1862 I SystemConfig: Reading permissions from /product/etc/sysconfig/sysconfig_googledevicelock.xml
04-12 20:42:40.275571  1750  1862 I SystemConfig: Reading permissions from /product/etc/permissions/com.android.imsserviceentitlement.xml
04-12 20:42:40.275710  1750  1862 I SystemConfig: Reading permissions from /product/etc/permissions/com.transsion.aisupportercore.xml
04-12 20:42:40.276213  1750  1862 I SystemConfig: Reading permissions from /product/etc/permissions/com.transsion.dualapp.xml
04-12 20:42:40.276385  1750  1862 I SystemConfig: Reading permissions from /product/etc/permissions/com.transsion.tranvoicecommand.xml
04-12 20:42:40.276507  1750  1862 I SystemConfig: Non-xml file /product/etc/permissions/pms_sysapp_removable_vendor_list.txt in /product/etc/permissions directory, ignoring
04-12 20:42:40.276576  1750  1862 I SystemConfig: Reading permissions from /product/etc/permissions/privapp-permissions-google-product.xml
04-12 20:42:40.278293  1750  1862 I SystemConfig: Reading permissions from /product/etc/permissions/product-permissions-mediatek.xml
04-12 20:42:40.278476  1750  1862 I SystemConfig: Reading permissions from /product/etc/permissions/split-permissions-google.xml
04-12 20:42:40.278618  1750  1862 I SystemConfig: Reading permissions from /product/etc/permissions/tran_camera_extensions.xml
04-12 20:42:40.279607  1750  1862 I SystemConfig: Reading permissions from /system_ext/etc/sysconfig/android.telephony.satellite.xml
04-12 20:42:40.280292  1750  1862 I SystemConfig: Reading permissions from /system_ext/etc/sysconfig/com.android.phone.config.xml
04-12 20:42:40.280461  1750  1862 I SystemConfig: Reading permissions from /system_ext/etc/sysconfig/com.mediatek.ims.config.xml
04-12 20:42:40.280736  1750  1862 I SystemConfig: Reading permissions from /system_ext/etc/sysconfig/com.transsion.phonemaster_power.xml
04-12 20:42:40.280927  1750  1862 I SystemConfig: Reading permissions from /system_ext/etc/sysconfig/initial-package-stopped-states-DebugLoggerUI.xml
04-12 20:42:40.281035  1750  1862 I SystemConfig: Reading permissions from /system_ext/etc/sysconfig/utralsmall_blacklist.xml
04-12 20:42:40.281360  1750  1862 W SystemConfig: Tag pkg is unknown in /system_ext/etc/sysconfig/utralsmall_blacklist.xml at START_TAG (empty) <pkg name='com.twitter.android' status='1'>@3:48 in java.io.FileReader@11960b3
