04-12 20:42:40.285420  1750  1862 W SystemConfig: Tag pkg is unknown in /system_ext/etc/sysconfig/utralsmall_blacklist.xml at START_TAG (empty) <pkg name='com.mt.mtxx.mtxx' status='0'>@221:45 in java.io.FileReader@11960b3
04-12 20:42:40.285435  1750  1862 W SystemConfig: Tag pkg is unknown in /system_ext/etc/sysconfig/utralsmall_blacklist.xml at START_TAG (empty) <pkg name='com.xt.retouchoversea' status='0'>@222:50 in java.io.FileReader@11960b3
04-12 20:42:40.285450  1750  1862 W SystemConfig: Tag pkg is unknown in /system_ext/etc/sysconfig/utralsmall_blacklist.xml at START_TAG (empty) <pkg name='id.dana' status='0'>@223:36 in java.io.FileReader@11960b3
04-12 20:42:40.285464  1750  1862 W SystemConfig: Tag pkg is unknown in /system_ext/etc/sysconfig/utralsmall_blacklist.xml at START_TAG (empty) <pkg name='com.lemon.lvoverseas' status='0'>@224:49 in java.io.FileReader@11960b3
04-12 20:42:40.285479  1750  1862 W SystemConfig: Tag pkg is unknown in /system_ext/etc/sysconfig/utralsmall_blacklist.xml at START_TAG (empty) <pkg name='com.zhiliaoapp.musically' status='0'>@225:53 in java.io.FileReader@11960b3
04-12 20:42:40.285494  1750  1862 W SystemConfig: Tag pkg is unknown in /system_ext/etc/sysconfig/utralsmall_blacklist.xml at START_TAG (empty) <pkg name='com.ss.android.ugc.trill' status='0'>@226:53 in java.io.FileReader@11960b3
04-12 20:42:40.285510  1750  1862 W SystemConfig: Tag pkg is unknown in /system_ext/etc/sysconfig/utralsmall_blacklist.xml at START_TAG (empty) <pkg name='free.tube.premium.advanced.tuber' status='0'>@227:61 in java.io.FileReader@11960b3
04-12 20:42:40.285525  1750  1862 W SystemConfig: Tag pkg is unknown in /system_ext/etc/sysconfig/utralsmall_blacklist.xml at START_TAG (empty) <pkg name='com.rlk.weathers' status='0'>@228:45 in java.io.FileReader@11960b3
04-12 20:42:40.285541  1750  1862 W SystemConfig: Tag pkg is unknown in /system_ext/etc/sysconfig/utralsmall_blacklist.xml at START_TAG (empty) <pkg name='com.zhiliaoapp.musically.go' status='0'>@229:56 in java.io.FileReader@11960b3
04-12 20:42:40.285563  1750  1862 W SystemConfig: Tag pkg is unknown in /system_ext/etc/sysconfig/utralsmall_blacklist.xml at START_TAG (empty) <pkg name='com.transsion.mobilecloner' status='0'>@230:55 in java.io.FileReader@11960b3
04-12 20:42:40.285578  1750  1862 W SystemConfig: Tag pkg is unknown in /system_ext/etc/sysconfig/utralsmall_blacklist.xml at START_TAG (empty) <pkg name='com.transsion.letswitch' status='0'>@231:52 in java.io.FileReader@11960b3
04-12 20:42:40.285594  1750  1862 W SystemConfig: Tag pkg is unknown in /system_ext/etc/sysconfig/utralsmall_blacklist.xml at START_TAG (empty) <pkg name='free.alquran.holyquran' status='0'>@232:51 in java.io.FileReader@11960b3
04-12 20:42:40.285609  1750  1862 W SystemConfig: Tag pkg is unknown in /system_ext/etc/sysconfig/utralsmall_blacklist.xml at START_TAG (empty) <pkg name='com.transsion.magicshow' status='0'>@233:52 in java.io.FileReader@11960b3
04-12 20:42:40.285628  1750  1862 W SystemConfig: Tag pkg is unknown in /system_ext/etc/sysconfig/utralsmall_blacklist.xml at START_TAG (empty) <pkg name='com.biblelauncher.prayer.audiobiblekjv' status='0'>@234:67 in java.io.FileReader@11960b3
04-12 20:42:40.285643  1750  1862 W SystemConfig: Tag pkg is unknown in /system_ext/etc/sysconfig/utralsmall_blacklist.xml at START_TAG (empty) <pkg name='ai.learner' status='0'>@235:39 in java.io.FileReader@11960b3
04-12 20:42:40.285661  1750  1862 W SystemConfig: Tag pkg is unknown in /system_ext/etc/sysconfig/utralsmall_blacklist.xml at START_TAG (empty) <pkg name='com.transsion.theme' status='0'>@236:48 in java.io.FileReader@11960b3
04-12 20:42:40.285677  1750  1862 W SystemConfig: Tag pkg is unknown in /system_ext/etc/sysconfig/utralsmall_blacklist.xml at START_TAG (empty) <pkg name='com.shopee.id' status='0'>@237:42 in java.io.FileReader@11960b3
04-12 20:42:40.285694  1750  1862 W SystemConfig: Tag pkg is unknown in /system_ext/etc/sysconfig/utralsmall_blacklist.xml at START_TAG (empty) <pkg name='com.shopee.ph' status='0'>@238:42 in java.io.FileReader@11960b3
04-12 20:42:40.285710  1750  1862 W SystemConfig: Tag pkg is unknown in /system_ext/etc/sysconfig/utralsmall_blacklist.xml at START_TAG (empty) <pkg name='com.jumia.android' status='0'>@239:46 in java.io.FileReader@11960b3
04-12 20:42:40.285727  1750  1862 W SystemConfig: Tag pkg is unknown in /system_ext/etc/sysconfig/utralsmall_blacklist.xml at START_TAG (empty) <pkg name='com.alibaba.intl.android.apps.poseidon' status='0'>@240:67 in java.io.FileReader@11960b3
04-12 20:42:40.285743  1750  1862 W SystemConfig: Tag pkg is unknown in /system_ext/etc/sysconfig/utralsmall_blacklist.xml at START_TAG (empty) <pkg name='com.cristiangno.wikitok' status='0'>@241:52 in java.io.FileReader@11960b3
04-12 20:42:40.285762  1750  1862 W SystemConfig: Tag pkg is unknown in /system_ext/etc/sysconfig/utralsmall_blacklist.xml at START_TAG (empty) <pkg name='ke.go.dha.afyangu' status='0'>@242:46 in java.io.FileReader@11960b3
04-12 20:42:40.285779  1750  1862 W SystemConfig: Tag pkg is unknown in /system_ext/etc/sysconfig/utralsmall_blacklist.xml at START_TAG (empty) <pkg name='com.ubercab' status='0'>@243:40 in java.io.FileReader@11960b3
04-12 20:42:40.285798  1750  1862 W SystemConfig: Tag pkg is unknown in /system_ext/etc/sysconfig/utralsmall_blacklist.xml at START_TAG (empty) <pkg name='com.alibaba.aliexpresshd' status='0'>@244:53 in java.io.FileReader@11960b3
04-12 20:42:40.285824  1750  1862 W SystemConfig: Tag pkg is unknown in /system_ext/etc/sysconfig/utralsmall_blacklist.xml at START_TAG (empty) <pkg name='com.einnovation.temu' status='0'>@245:49 in java.io.FileReader@11960b3
04-12 20:42:40.285845  1750  1862 W SystemConfig: Tag pkg is unknown in /system_ext/etc/sysconfig/utralsmall_blacklist.xml at START_TAG (empty) <pkg name='weightloss.intermittent.fasting.timer.diet.tracker' status='0'>@246:79 in java.io.FileReader@11960b3
04-12 20:42:40.286043  1750  1862 I SystemConfig: Reading permissions from /system_ext/etc/permissions/NfcNci.xml
04-12 20:42:40.286479  1750  1862 I SystemConfig: Reading permissions from /system_ext/etc/permissions/android.software.theme_picker.xml
04-12 20:42:40.286690  1750  1862 I SystemConfig: Reading permissions from /system_ext/etc/permissions/androidx.window.extensions.xml
04-12 20:42:40.286878  1750  1862 I SystemConfig: Reading permissions from /system_ext/etc/permissions/androidx.window.sidecar.xml
04-12 20:42:40.287040  1750  1862 I SystemConfig: Reading permissions from /system_ext/etc/permissions/appfunctions.extension.xml
04-12 20:42:40.287744  1750  1862 I SystemConfig: Reading permissions from /system_ext/etc/permissions/com.android.carrierconfig.xml
04-12 20:42:40.287880  1750  1862 I SystemConfig: Reading permissions from /system_ext/etc/permissions/com.android.extensions.appfunctions.xml
04-12 20:42:40.287991  1750  1862 I SystemConfig: Reading permissions from /system_ext/etc/permissions/com.android.hotwordenrollment.common.util.xml
04-12 20:42:40.288112  1750  1862 I SystemConfig: Reading permissions from /system_ext/etc/permissions/com.android.settings.intelligence.xml
04-12 20:42:40.289124  1750  1862 I SystemConfig: Reading permissions from /system_ext/etc/permissions/com.android.settings.xml
04-12 20:42:40.290128  1750  1862 I SystemConfig: Reading permissions from /system_ext/etc/permissions/com.android.soundpicker.xml
04-12 20:42:40.290326  1750  1862 I SystemConfig: Reading permissions from /system_ext/etc/permissions/com.android.stk.xml
04-12 20:42:40.290470  1750  1862 I SystemConfig: Reading permissions from /system_ext/etc/permissions/com.android.storagemanager.xml
04-12 20:42:40.290825  1750  1862 I SystemConfig: Reading permissions from /system_ext/etc/permissions/com.android.systemui.xml
04-12 20:42:40.291721  1750  1862 I SystemConfig: Reading permissions from /system_ext/etc/permissions/com.hoffnung.xml
04-12 20:42:40.291973  1750  1862 I SystemConfig: Reading permissions from /system_ext/etc/permissions/com.idea.questionnaire.xml
04-12 20:42:40.292103  1750  1862 I SystemConfig: Reading permissions from /system_ext/etc/permissions/com.scorpio.securitycom.xml
04-12 20:42:40.292426  1750  1862 I SystemConfig: Reading permissions from /system_ext/etc/permissions/com.sh.smart.caller.xml
04-12 20:42:40.292901  1750  1862 I SystemConfig: Reading permissions from /system_ext/etc/permissions/com.transsion.applock.xml
04-12 20:42:40.293085  1750  1862 I SystemConfig: Reading permissions from /system_ext/etc/permissions/com.transsion.atomicbrain.xml
04-12 20:42:40.293226  1750  1862 I SystemConfig: Reading permissions from /system_ext/etc/permissions/com.transsion.atomiccore.xml
04-12 20:42:40.293348  1750  1862 I SystemConfig: Reading permissions from /system_ext/etc/permissions/com.transsion.calculator_permission.xml
04-12 20:42:40.294134  1750  1862 W SystemConfig: Got exception parsing permissions.
04-12 20:42:40.294134  1750  1862 W SystemConfig: org.xmlpull.v1.XmlPullParserException: Unexpected start tag in /system_ext/etc/permissions/com.transsion.calculator_permission.xml: found exceptions, expected 'permissions' or 'config'
04-12 20:42:40.294134  1750  1862 W SystemConfig: 	at com.android.server.SystemConfig.readPermissionsFromXml(SystemConfig.java:897)
04-12 20:42:40.294134  1750  1862 W SystemConfig: 	at com.android.server.SystemConfig.readPermissions(SystemConfig.java:855)
04-12 20:42:40.294134  1750  1862 W SystemConfig: 	at com.android.server.SystemConfig.readAllPermissionsFromXml(SystemConfig.java:789)
04-12 20:42:40.294134  1750  1862 W SystemConfig: 	at com.android.server.SystemConfig.readAllPermissions(SystemConfig.java:687)
04-12 20:42:40.294134  1750  1862 W SystemConfig: 	at com.android.server.SystemConfig.<init>(SystemConfig.java:679)
04-12 20:42:40.294134  1750  1862 W SystemConfig: 	at com.android.server.SystemConfig.getInstance(SystemConfig.java:433)
04-12 20:42:40.294134  1750  1862 W SystemConfig: 	at com.android.server.SystemServer$$ExternalSyntheticLambda1.run(R8$$SyntheticClass:0)
04-12 20:42:40.294134  1750  1862 W SystemConfig: 	at com.android.server.SystemServerInitThreadPool.lambda$submitTask$0(SystemServerInitThreadPool.java:107)
04-12 20:42:40.294134  1750  1862 W SystemConfig: 	at com.android.server.SystemServerInitThreadPool.$r8$lambda$KBkrFsHiqcxWyjNRg1WxRI4WNHA(SystemServerInitThreadPool.java:0)
04-12 20:42:40.294134  1750  1862 W SystemConfig: 	at com.android.server.SystemServerInitThreadPool$$ExternalSyntheticLambda1.run(R8$$SyntheticClass:0)
04-12 20:42:40.294134  1750  1862 W SystemConfig: 	at java.util.concurrent.Executors$RunnableAdapter.call(Executors.java:520)
04-12 20:42:40.294134  1750  1862 W SystemConfig: 	at java.util.concurrent.FutureTask.run(FutureTask.java:317)
04-12 20:42:40.294134  1750  1862 W SystemConfig: 	at java.util.concurrent.ThreadPoolExecutor.runWorker(ThreadPoolExecutor.java:1154)
04-12 20:42:40.294134  1750  1862 W SystemConfig: 	at java.util.concurrent.ThreadPoolExecutor$Worker.run(ThreadPoolExecutor.java:652)
04-12 20:42:40.294134  1750  1862 W SystemConfig: 	at com.android.internal.util.ConcurrentUtils$1$1.run(ConcurrentUtils.java:65)
04-12 20:42:40.294483  1750  1862 I SystemConfig: Reading permissions from /system_ext/etc/permissions/com.transsion.cloudserver.xml
04-12 20:42:40.294627  1750  1862 I SystemConfig: Reading permissions from /system_ext/etc/permissions/com.transsion.deskclock.xml
04-12 20:42:40.294756  1750  1862 I SystemConfig: Reading permissions from /system_ext/etc/permissions/com.transsion.faceid.xml
04-12 20:42:40.294884  1750  1862 I SystemConfig: Reading permissions from /system_ext/etc/permissions/com.transsion.globalsearch.xml
04-12 20:42:40.295017  1750  1862 I SystemConfig: Reading permissions from /system_ext/etc/permissions/com.transsion.iotcard.xml
04-12 20:42:40.295133  1750  1862 I SystemConfig: Reading permissions from /system_ext/etc/permissions/com.transsion.keyguardtheme.xml
04-12 20:42:40.295516  1750  1862 I SystemConfig: Reading permissions from /system_ext/etc/permissions/com.transsion.kolun.aiservice.xml
04-12 20:42:40.295768  1750  1862 I SystemConfig: Reading permissions from /system_ext/etc/permissions/com.transsion.launcher3.xml
04-12 20:42:40.296247  1750  1862 I SystemConfig: Reading permissions from /system_ext/etc/permissions/com.transsion.livewallpaper.page.xml
04-12 20:42:40.296587  1750  1862 I SystemConfig: Reading permissions from /system_ext/etc/permissions/com.transsion.magicfont.xml
04-12 20:42:40.296765  1750  1862 I SystemConfig: Reading permissions from /system_ext/etc/permissions/com.transsion.microintelligence.xml
04-12 20:42:40.297457  1750  1862 I SystemConfig: Reading permissions from /system_ext/etc/permissions/com.transsion.multiwindow.xml
04-12 20:42:40.297633  1750  1862 W SystemConfig: Got exception parsing permissions.
04-12 20:42:40.297633  1750  1862 W SystemConfig: org.xmlpull.v1.XmlPullParserException: Unexpected start tag in /system_ext/etc/permissions/com.transsion.multiwindow.xml: found permission, expected 'permissions' or 'config'
04-12 20:42:40.297633  1750  1862 W SystemConfig: 	at com.android.server.SystemConfig.readPermissionsFromXml(SystemConfig.java:897)
04-12 20:42:40.297633  1750  1862 W SystemConfig: 	at com.android.server.SystemConfig.readPermissions(SystemConfig.java:855)
04-12 20:42:40.297633  1750  1862 W SystemConfig: 	at com.android.server.SystemConfig.readAllPermissionsFromXml(SystemConfig.java:789)
04-12 20:42:40.297633  1750  1862 W SystemConfig: 	at com.android.server.SystemConfig.readAllPermissions(SystemConfig.java:687)
04-12 20:42:40.297633  1750  1862 W SystemConfig: 	at com.android.server.SystemConfig.<init>(SystemConfig.java:679)
04-12 20:42:40.297633  1750  1862 W SystemConfig: 	at com.android.server.SystemConfig.getInstance(SystemConfig.java:433)
04-12 20:42:40.297633  1750  1862 W SystemConfig: 	at com.android.server.SystemServer$$ExternalSyntheticLambda1.run(R8$$SyntheticClass:0)
04-12 20:42:40.297633  1750  1862 W SystemConfig: 	at com.android.server.SystemServerInitThreadPool.lambda$submitTask$0(SystemServerInitThreadPool.java:107)
04-12 20:42:40.297633  1750  1862 W SystemConfig: 	at com.android.server.SystemServerInitThreadPool.$r8$lambda$KBkrFsHiqcxWyjNRg1WxRI4WNHA(SystemServerInitThreadPool.java:0)
04-12 20:42:40.297633  1750  1862 W SystemConfig: 	at com.android.server.SystemServerInitThreadPool$$ExternalSyntheticLambda1.run(R8$$SyntheticClass:0)
04-12 20:42:40.297633  1750  1862 W SystemConfig: 	at java.util.concurrent.Executors$RunnableAdapter.call(Executors.java:520)
04-12 20:42:40.297633  1750  1862 W SystemConfig: 	at java.util.concurrent.FutureTask.run(FutureTask.java:317)
04-12 20:42:40.297633  1750  1862 W SystemConfig: 	at java.util.concurrent.ThreadPoolExecutor.runWorker(ThreadPoolExecutor.java:1154)
04-12 20:42:40.297633  1750  1862 W SystemConfig: 	at java.util.concurrent.ThreadPoolExecutor$Worker.run(ThreadPoolExecutor.java:652)
04-12 20:42:40.297633  1750  1862 W SystemConfig: 	at com.android.internal.util.ConcurrentUtils$1$1.run(ConcurrentUtils.java:65)
04-12 20:42:40.297759  1750  1862 I SystemConfig: Reading permissions from /system_ext/etc/permissions/com.transsion.nfc.xml
04-12 20:42:40.297955  1750  1862 I SystemConfig: Reading permissions from /system_ext/etc/permissions/com.transsion.phonemaster_permssions.xml
04-12 20:42:40.298575  1750  1862 I SystemConfig: Reading permissions from /system_ext/etc/permissions/com.transsion.plat.appupdate.xml
04-12 20:42:40.298761  1750  1862 I SystemConfig: Reading permissions from /system_ext/etc/permissions/com.transsion.resolver.xml
04-12 20:42:40.299072  1750  1862 I SystemConfig: Reading permissions from /system_ext/etc/permissions/com.transsion.screencapture.xml
04-12 20:42:40.299496  1750  1862 I SystemConfig: Reading permissions from /system_ext/etc/permissions/com.transsion.settings.bluetooth.xml
04-12 20:42:40.300575  1750  1862 I SystemConfig: Reading permissions from /system_ext/etc/permissions/com.transsion.settings.nfc.xml
04-12 20:42:40.301584  1750  1862 I SystemConfig: Reading permissions from /system_ext/etc/permissions/com.transsion.settings.wifi.xml
04-12 20:42:40.301817  1750  1862 I SystemConfig: Reading permissions from /system_ext/etc/permissions/com.transsion.sk.xml
04-12 20:42:40.302004  1750  1862 I SystemConfig: Reading permissions from /system_ext/etc/permissions/com.transsion.spacesaversdk.xml
04-12 20:42:40.302180  1750  1862 I SystemConfig: Reading permissions from /system_ext/etc/permissions/com.transsion.theme.xml
04-12 20:42:40.302364  1750  1862 I SystemConfig: Reading permissions from /system_ext/etc/permissions/com.transsion.thunderback.xml
04-12 20:42:40.302553  1750  1862 W SystemConfig: Got exception parsing permissions.
04-12 20:42:40.302553  1750  1862 W SystemConfig: org.xmlpull.v1.XmlPullParserException: Unexpected start tag in /system_ext/etc/permissions/com.transsion.thunderback.xml: found permission, expected 'permissions' or 'config'
04-12 20:42:40.302553  1750  1862 W SystemConfig: 	at com.android.server.SystemConfig.readPermissionsFromXml(SystemConfig.java:897)
04-12 20:42:40.302553  1750  1862 W SystemConfig: 	at com.android.server.SystemConfig.readPermissions(SystemConfig.java:855)
04-12 20:42:40.302553  1750  1862 W SystemConfig: 	at com.android.server.SystemConfig.readAllPermissionsFromXml(SystemConfig.java:789)
04-12 20:42:40.302553  1750  1862 W SystemConfig: 	at com.android.server.SystemConfig.readAllPermissions(SystemConfig.java:687)
04-12 20:42:40.302553  1750  1862 W SystemConfig: 	at com.android.server.SystemConfig.<init>(SystemConfig.java:679)
04-12 20:42:40.302553  1750  1862 W SystemConfig: 	at com.android.server.SystemConfig.getInstance(SystemConfig.java:433)
04-12 20:42:40.302553  1750  1862 W SystemConfig: 	at com.android.server.SystemServer$$ExternalSyntheticLambda1.run(R8$$SyntheticClass:0)
04-12 20:42:40.302553  1750  1862 W SystemConfig: 	at com.android.server.SystemServerInitThreadPool.lambda$submitTask$0(SystemServerInitThreadPool.java:107)
04-12 20:42:40.302553  1750  1862 W SystemConfig: 	at com.android.server.SystemServerInitThreadPool.$r8$lambda$KBkrFsHiqcxWyjNRg1WxRI4WNHA(SystemServerInitThreadPool.java:0)
04-12 20:42:40.302553  1750  1862 W SystemConfig: 	at com.android.server.SystemServerInitThreadPool$$ExternalSyntheticLambda1.run(R8$$SyntheticClass:0)
04-12 20:42:40.302553  1750  1862 W SystemConfig: 	at java.util.concurrent.Executors$RunnableAdapter.call(Executors.java:520)
04-12 20:42:40.302553  1750  1862 W SystemConfig: 	at java.util.concurrent.FutureTask.run(FutureTask.java:317)
04-12 20:42:40.302553  1750  1862 W SystemConfig: 	at java.util.concurrent.ThreadPoolExecutor.runWorker(ThreadPoolExecutor.java:1154)
04-12 20:42:40.302553  1750  1862 W SystemConfig: 	at java.util.concurrent.ThreadPoolExecutor$Worker.run(ThreadPoolExecutor.java:652)
04-12 20:42:40.302553  1750  1862 W SystemConfig: 	at com.android.internal.util.ConcurrentUtils$1$1.run(ConcurrentUtils.java:65)
04-12 20:42:40.302668  1750  1862 I SystemConfig: Reading permissions from /system_ext/etc/permissions/com.transsion.trancare.xml
04-12 20:42:40.302866  1750  1862 I SystemConfig: Reading permissions from /system_ext/etc/permissions/com.transsion.tranfacfwk.permission.xml
04-12 20:42:40.303052  1750  1862 I SystemConfig: Reading permissions from /system_ext/etc/permissions/com.transsion.tranfacmode.xml
04-12 20:42:40.303246  1750  1862 I SystemConfig: Reading permissions from /system_ext/etc/permissions/com.transsion.tranradionet.chipsetplugin.xml
04-12 20:42:40.303885  1750  1862 I SystemConfig: Reading permissions from /system_ext/etc/permissions/com.transsion.tranradionet.manager.xml
04-12 20:42:40.304291  1750  1862 I SystemConfig: Reading permissions from /system_ext/etc/permissions/com.transsion.usf.xml
04-12 20:42:40.304872  1750  1862 I SystemConfig: Reading permissions from /system_ext/etc/permissions/com.transsion.wallet.xml
04-12 20:42:40.305009  1750  1862 I SystemConfig: Reading permissions from /system_ext/etc/permissions/com.transsion.zahooc.xml
04-12 20:42:40.305130  1750  1862 I SystemConfig: Reading permissions from /system_ext/etc/permissions/com.xui.xhide.xml
04-12 20:42:40.305259  1750  1862 I SystemConfig: Reading permissions from /system_ext/etc/permissions/privapp-permissions-com.google.android.mosey.xml
04-12 20:42:40.305401  1750  1862 I SystemConfig: Reading permissions from /system_ext/etc/permissions/privapp-permissions-google-system_ext.xml
04-12 20:42:40.305748  1750  1862 I SystemConfig: Reading permissions from /system_ext/etc/permissions/privapp-permissions-silver.xml
04-12 20:42:40.305903  1750  1862 I SystemConfig: Reading permissions from /system_ext/etc/permissions/system-ext-permissions-mediatek.xml
04-12 20:42:40.307222  1750  1862 I SystemConfig: Reading permissions from /system_ext/etc/permissions/tech.palm.find.xml
04-12 20:42:40.307428  1750  1862 I SystemConfig: Reading permissions from /system_ext/etc/permissions/tech.palm.id.xml
04-12 20:42:40.308064  1750  1862 I SystemConfig: Reading permissions from /tr_product/etc/permissions/com.android.hotwordenrollment.okgoogle.xml
04-12 20:42:40.308717  1750  1862 I SystemConfig: Reading permissions from /tr_product/etc/permissions/com.android.hotwordenrollment.xgoogle.xml
04-12 20:42:40.309504  1750  1862 I SystemConfig: Reading permissions from /tr_product/etc/permissions/com.android.lens.xml
04-12 20:42:40.309680  1750  1862 I SystemConfig: Reading permissions from /tr_product/etc/permissions/com.transsion.aivoiceassistant.xml
04-12 20:42:40.310257  1750  1862 I SystemConfig: Reading permissions from /tr_product/etc/permissions/com.transsion.aiwallpaper.xml
04-12 20:42:40.310621  1750  1862 I SystemConfig: Reading permissions from /tr_product/etc/permissions/com.transsion.connectx.mirror.source.xml
04-12 20:42:40.310935  1750  1862 I SystemConfig: Reading permissions from /tr_product/etc/permissions/com.transsion.healthlife.xml
04-12 20:42:40.311671  1750  1862 I SystemConfig: Reading permissions from /tr_product/etc/permissions/com.transsion.intercom.xml
04-12 20:42:40.312536  1750  1862 I SystemConfig: Reading permissions from /tr_product/etc/permissions/com.transsion.livewallpaper.starring.xml
04-12 20:42:40.313124  1750  1862 I SystemConfig: Reading permissions from /tr_product/etc/permissions/com.transsion.magazineservice.xml
04-12 20:42:40.314042  1750  1862 I SystemConfig: Reading permissions from /tr_product/etc/permissions/com.transsion.mol.xml
04-12 20:42:40.314367  1750  1862 I SystemConfig: Reading permissions from /tr_product/etc/permissions/com.transsion.pcconnect.xml
04-12 20:42:40.314687  1750  1862 I SystemConfig: Reading permissions from /tr_product/etc/permissions/com.transsion.settings.flexbutton.xml
04-12 20:42:40.315364  1750  1862 I SystemConfig: Reading permissions from /tr_product/etc/permissions/notchconfig.xml
04-12 20:42:40.315539  1750  1862 I SystemConfig: Reading permissions from /tr_product/etc/permissions/privapp-permissions-euiccgoogle.xml
04-12 20:42:40.316077  1750  1862 I SystemConfig: Non-xml file /tr_product/etc/permissions/tran_removable_list.txt in /tr_product/etc/permissions directory, ignoring
04-12 20:42:40.316728  1750  1862 I SystemConfig: Reading permissions from /tr_region/etc/sysconfig/asi_features.xml
04-12 20:42:40.317204  1750  1862 I SystemConfig: Reading permissions from /tr_region/etc/sysconfig/d2d_cable_migration_feature.xml
04-12 20:42:40.318996  1750  1862 I SystemConfig: Reading permissions from /tr_region/etc/sysconfig/facebook-hiddenapi-package-whitelist.xml
04-12 20:42:40.320394  1750  1862 I SystemConfig: Reading permissions from /tr_region/etc/sysconfig/sysconfig_contextual_search.xml
04-12 20:42:40.320769  1750  1862 I SystemConfig: Reading permissions from /tr_region/etc/sysconfig/wellbeing.xml
04-12 20:42:40.320930  1750  1862 I SystemConfig: Reading permissions from /tr_region/etc/permissions/com.transsion.carlcare.xml
04-12 20:42:40.321429  1750  1862 I SystemConfig: Reading permissions from /tr_region/etc/permissions/com.transsnet.store.xml
04-12 20:42:40.321785  1750  1862 I SystemConfig: Reading permissions from /tr_region/etc/permissions/gmsexpress.xml
04-12 20:42:40.322156  1750  1862 I SystemConfig: Reading permissions from /tr_region/etc/permissions/privapp-permissions-google-product.xml
04-12 20:42:40.325872  1750  1862 I SystemConfig: Reading permissions from /tr_region/etc/permissions/privapp-permissions-google-system.xml
04-12 20:42:40.326453  1750  1862 I SystemConfig: Reading permissions from /tr_region/etc/permissions/privapp-permissions-google-system_ext.xml
04-12 20:42:40.327215  1750  1862 I SystemConfig: Reading permissions from /tr_region/etc/permissions/privapp-permissions-meta.xml
04-12 20:42:40.327512  1750  1862 I SystemConfig: Non-xml file /tr_region/etc/permissions/tran_removable_list.txt in /tr_region/etc/permissions directory, ignoring
04-12 20:42:40.328527  1750  1862 I SystemConfig: Reading permissions from /apex/com.android.tethering/etc/permissions/privapp_allowlist_com.google.android.networkstack.tethering.xml
04-12 20:42:40.329238  1750  1750 V Configuration: Updating configuration, locales updated from [] to [zh_CN_#Hans]
04-12 20:42:40.329278  1750  1862 I SystemConfig: Reading permissions from /apex/com.android.ipsec/etc/permissions/android.net.ipsec.ike.xml
04-12 20:42:40.330299  1750  1862 I SystemConfig: Reading permissions from /apex/com.android.devicelock/etc/permissions/com.google.android.devicelockcontroller.xml
04-12 20:42:40.330874  1750  1750 V Configuration: Updating configuration, locales updated from [] to [zh_CN_#Hans]
04-12 20:42:40.331307  1750  1862 I SystemConfig: Reading permissions from /apex/com.android.cellbroadcast/etc/permissions/privapp_allowlist_com.google.android.cellbroadcastreceiver.xml
04-12 20:42:40.331840  1750  1862 I SystemConfig: Reading permissions from /apex/com.android.cellbroadcast/etc/permissions/privapp_allowlist_com.google.android.cellbroadcastservice.xml
04-12 20:42:40.332718  1750  1750 I ProxyStub: is kolun support : 1
04-12 20:42:40.333114  1750  1862 I SystemConfig: Reading permissions from /apex/com.android.mediaprovider/etc/permissions/privapp_allowlist_com.google.android.providers.media.module.xml
04-12 20:42:40.333506  1750  1862 I SystemConfig: Reading permissions from /apex/com.android.mediaprovider/etc/permissions/privapp_allowlist_com.google.android.photopicker.xml
04-12 20:42:40.334273  1750  1862 I SystemConfig: Reading permissions from /apex/com.android.extservices/etc/permissions/privapp_allowlist_com.google.android.ext.services.xml
04-12 20:42:40.334860  1750  1750 D TranSystemServerImpl: startBootstrapService start
04-12 20:42:40.334949  1750  1750 I SystemServiceManager: Starting com.transsion.hubcore.server.TranBootstrapServiceManagerService
04-12 20:42:40.335739  1750  1862 I SystemConfig: Reading permissions from /apex/com.android.healthfitness/etc/permissions/privapp_allowlist_com.google.android.healthconnect.controller.xml
04-12 20:42:40.337958  1750  1862 I SystemConfig: Reading permissions from /apex/com.android.adservices/etc/permissions/privapp_allowlist_com.google.android.adservices.api.xml
04-12 20:42:40.338537  1750  1862 I SystemConfig: Reading permissions from /apex/com.android.apex.cts.shim/etc/permissions/signature-permission-allowlist.xml
04-12 20:42:40.339691  1750  1862 I SystemConfig: Reading permissions from /apex/com.transsion.mi.os.framework/etc/permissions/features_com.scorpio.securitycom.xml
04-12 20:42:40.340524  1750  1750 D TranClassInfo: instance successfully. com.transsion.trancarethub.TranTrancareComponetImpl@7d24566 from com.transsion.hubcore.server.trancare.ITranTrancareComponet
04-12 20:42:40.340667  1750  1862 I SystemConfig: Reading permissions from /apex/com.android.permission/etc/permissions/privapp_allowlist_com.google.android.permissioncontroller.xml
04-12 20:42:40.341737  1750  1862 I SystemConfig: Reading permissions from /apex/com.android.bt/etc/permissions/com.android.bluetooth.xml
04-12 20:42:40.342424  1750  1862 I SystemConfig: Reading permissions from /apex/com.transsion.phone/etc/permissions/features_com.transsion.phone.anti.base.xml
04-12 20:42:40.344452  1750  1862 D SystemServerInitThreadPool: Finished executing ReadingSystemConfig
04-12 20:42:40.352009  1750  1750 D os.typeface.lice.server: Read typeface config {TranTypefaceConfiguration{userId:0, third:0, os:1 ?italicAdj ?wdthAdj wghtAdj=0}} 
04-12 20:42:40.352130  1750  1750 D SystemServiceManagerProxy: start com.transsion.hubcore.server.TranBootstrapServiceManagerService@3da1ba2
04-12 20:42:40.352160  1750  1750 D TranSystemServerImpl: startBootstrapService end
04-12 20:42:40.352679  1750  1750 D SystemServerTiming: StartServices
04-12 20:42:40.352705  1750  1750 D SystemServerTiming: startBootstrapServices
04-12 20:42:40.352712  1750  1750 D SystemServerTiming: ArtModuleServiceInitializer
04-12 20:42:40.352850  1750  1750 D SystemServerTiming: StartWatchdog
04-12 20:42:40.488819  1750  1750 D SystemServerTiming: InitializeProtoLog
04-12 20:42:40.489412  1750  1750 D SystemServerTiming: PlatformCompat
04-12 20:42:40.489690  1750  1750 D CompatConfig: Found a config file: /system/etc/compatconfig/SystemUI-core-compat-config.xml
04-12 20:42:40.490013  1750  1750 D CompatConfig: Found a config file: /system/etc/compatconfig/TeleService-platform-compat-config.xml
04-12 20:42:40.490160  1750  1750 D CompatConfig: Adding: com.android.server.compat.config.Change@ce99db9
04-12 20:42:40.490223  1750  1750 D CompatConfig: Adding: com.android.server.compat.config.Change@39cb5fe
04-12 20:42:40.490230  1750  1750 D CompatConfig: Adding: com.android.server.compat.config.Change@9a1115f
04-12 20:42:40.490237  1750  1750 D CompatConfig: Adding: com.android.server.compat.config.Change@b5987ac
04-12 20:42:40.490240  1750  1750 D CompatConfig: Adding: com.android.server.compat.config.Change@77d5c75
04-12 20:42:40.490243  1750  1750 D CompatConfig: Adding: com.android.server.compat.config.Change@a0a340a
04-12 20:42:40.490261  1750  1750 D CompatConfig: Found a config file: /system/etc/compatconfig/calendar-provider-compat-config.xml
04-12 20:42:40.490360  1750  1750 D CompatConfig: Adding: com.android.server.compat.config.Change@7ad7298
04-12 20:42:40.490389  1750  1907 D TranClassInfo: instance successfully. com.transsion.hubcore.server.TranWatchDogHookerImpl@7544af1 from com.transsion.hubcore.server.ITranWatchDogHooker
04-12 20:42:40.490441  1750  1750 D CompatConfig: Found a config file: /system/etc/compatconfig/contacts-provider-platform-compat-config.xml
04-12 20:42:40.490540  1750  1750 D CompatConfig: Adding: com.android.server.compat.config.Change@905cd57
04-12 20:42:40.490563  1750  1750 D CompatConfig: Found a config file: /system/etc/compatconfig/documents-ui-compat-config.xml
04-12 20:42:40.490642  1750  1750 D CompatConfig: Adding: com.android.server.compat.config.Change@3d1a52d
04-12 20:42:40.490669  1750  1750 D CompatConfig: Found a config file: /system/etc/compatconfig/framework-location-compat-config.xml
04-12 20:42:40.490757  1750  1750 D CompatConfig: Adding: com.android.server.compat.config.Change@2afe7f3
04-12 20:42:40.490765  1750  1750 D CompatConfig: Adding: com.android.server.compat.config.Change@683fcb0
04-12 20:42:40.490768  1750  1750 D CompatConfig: Adding: com.android.server.compat.config.Change@d506729
04-12 20:42:40.490774  1750  1750 D CompatConfig: Adding: com.android.server.compat.config.Change@d609aae
04-12 20:42:40.490787  1750  1750 D CompatConfig: Adding: com.android.server.compat.config.Change@1d7104f
04-12 20:42:40.490791  1750  1750 D CompatConfig: Adding: com.android.server.compat.config.Change@ba433dc
04-12 20:42:40.490793  1750  1750 D CompatConfig: Adding: com.android.server.compat.config.Change@4df4ce5
04-12 20:42:40.490796  1750  1750 D CompatConfig: Adding: com.android.server.compat.config.Change@a9fb3ba
04-12 20:42:40.490811  1750  1750 D CompatConfig: Found a config file: /system/etc/compatconfig/framework-ondeviceintelligence-platform-compat-config.xml
04-12 20:42:40.490914  1750  1750 D CompatConfig: Found a config file: /system/etc/compatconfig/framework-platform-compat-config.xml
04-12 20:42:40.491544  1750  1750 D CompatConfig: Adding: com.android.server.compat.config.Change@7855186
04-12 20:42:40.491573  1750  1750 D CompatConfig: Adding: com.android.server.compat.config.Change@f612274
04-12 20:42:40.491580  1750  1750 D CompatConfig: Adding: com.android.server.compat.config.Change@6d50012
04-12 20:42:40.491591  1750  1750 D CompatConfig: Adding: com.android.server.compat.config.Change@ea2b3e3
04-12 20:42:40.491595  1750  1750 D CompatConfig: Adding: com.android.server.compat.config.Change@2a7f1e0
04-12 20:42:40.491598  1750  1750 D CompatConfig: Adding: com.android.server.compat.config.Change@746c99
04-12 20:42:40.491602  1750  1750 D CompatConfig: Adding: com.android.server.compat.config.Change@1ff0b5e
04-12 20:42:40.491608  1750  1750 D CompatConfig: Adding: com.android.server.compat.config.Change@7c2ab3f
04-12 20:42:40.491614  1750  1750 D CompatConfig: Adding: com.android.server.compat.config.Change@fca4c0c
04-12 20:42:40.491617  1750  1750 D CompatConfig: Adding: com.android.server.compat.config.Change@9963955
04-12 20:42:40.491620  1750  1750 D CompatConfig: Adding: com.android.server.compat.config.Change@72c7f6a
04-12 20:42:40.491626  1750  1750 D CompatConfig: Adding: com.android.server.compat.config.Change@2c0bc5b
04-12 20:42:40.491630  1750  1750 D CompatConfig: Adding: com.android.server.compat.config.Change@ed61cf8
04-12 20:42:40.491642  1750  1750 D CompatConfig: Adding: com.android.server.compat.config.Change@dce15d1
04-12 20:42:40.491721  1750  1750 D CompatConfig: Adding: com.android.server.compat.config.Change@c0b2836
04-12 20:42:40.491744  1750  1750 D CompatConfig: Adding: com.android.server.compat.config.Change@6c4c337
04-12 20:42:40.491757  1750  1750 D CompatConfig: Adding: com.android.server.compat.config.Change@8cc10a4
04-12 20:42:40.491761  1750  1750 D CompatConfig: Adding: com.android.server.compat.config.Change@ecd3e0d
04-12 20:42:40.491785  1750  1750 D CompatConfig: Adding: com.android.server.compat.config.Change@15991c2
04-12 20:42:40.491802  1750  1750 D CompatConfig: Adding: com.android.server.compat.config.Change@b985bd3
04-12 20:42:40.491806  1750  1750 D CompatConfig: Adding: com.android.server.compat.config.Change@40b9310
04-12 20:42:40.491809  1750  1750 D CompatConfig: Adding: com.android.server.compat.config.Change@e1cae09
04-12 20:42:40.491812  1750  1750 D CompatConfig: Adding: com.android.server.compat.config.Change@333080e
04-12 20:42:40.491815  1750  1750 D CompatConfig: Adding: com.android.server.compat.config.Change@202e22f
04-12 20:42:40.492136  1750  1750 D CompatConfig: Adding: com.android.server.compat.config.Change@b7ed03c
04-12 20:42:40.492145  1750  1750 D CompatConfig: Adding: com.android.server.compat.config.Change@2d921c5
04-12 20:42:40.492149  1750  1750 D CompatConfig: Adding: com.android.server.compat.config.Change@21b971a
04-12 20:42:40.492152  1750  1750 D CompatConfig: Adding: com.android.server.compat.config.Change@5e5724b
04-12 20:42:40.492156  1750  1750 D CompatConfig: Adding: com.android.server.compat.config.Change@c86b428
04-12 20:42:40.492162  1750  1750 D CompatConfig: Adding: com.android.server.compat.config.Change@f2f1541
04-12 20:42:40.492165  1750  1750 D CompatConfig: Adding: com.android.server.compat.config.Change@cc0ae6
04-12 20:42:40.492173  1750  1750 D CompatConfig: Adding: com.android.server.compat.config.Change@616e827
04-12 20:42:40.492177  1750  1750 D CompatConfig: Adding: com.android.server.compat.config.Change@7a6ead4
04-12 20:42:40.492180  1750  1750 D CompatConfig: Adding: com.android.server.compat.config.Change@196c47d
04-12 20:42:40.492185  1750  1750 D CompatConfig: Adding: com.android.server.compat.config.Change@2bdef72
04-12 20:42:40.492188  1750  1750 D CompatConfig: Adding: com.android.server.compat.config.Change@dffdfc3
04-12 20:42:40.492191  1750  1750 D CompatConfig: Adding: com.android.server.compat.config.Change@ff1e040
04-12 20:42:40.492194  1750  1750 D CompatConfig: Adding: com.android.server.compat.config.Change@dd02b79
04-12 20:42:40.492197  1750  1750 D CompatConfig: Adding: com.android.server.compat.config.Change@77790be
04-12 20:42:40.492202  1750  1750 D CompatConfig: Adding: com.android.server.compat.config.Change@cf6b51f
04-12 20:42:40.492207  1750  1750 D CompatConfig: Adding: com.android.server.compat.config.Change@534c06c
04-12 20:42:40.492210  1750  1750 D CompatConfig: Adding: com.android.server.compat.config.Change@99f0635
04-12 20:42:40.492213  1750  1750 D CompatConfig: Adding: com.android.server.compat.config.Change@e97faca
04-12 20:42:40.492216  1750  1750 D CompatConfig: Adding: com.android.server.compat.config.Change@75b843b
04-12 20:42:40.492219  1750  1750 D CompatConfig: Adding: com.android.server.compat.config.Change@4e37758
04-12 20:42:40.492224  1750  1750 D CompatConfig: Adding: com.android.server.compat.config.Change@946d0b1
04-12 20:42:40.492228  1750  1750 D CompatConfig: Adding: com.android.server.compat.config.Change@a2f996
04-12 20:42:40.492231  1750  1750 D CompatConfig: Adding: com.android.server.compat.config.Change@d742917
04-12 20:42:40.492234  1750  1750 D CompatConfig: Adding: com.android.server.compat.config.Change@dc4b104
04-12 20:42:40.492237  1750  1750 D CompatConfig: Adding: com.android.server.compat.config.Change@7c6c6ed
04-12 20:42:40.492242  1750  1750 D CompatConfig: Adding: com.android.server.compat.config.Change@88d1922
04-12 20:42:40.492246  1750  1750 D CompatConfig: Adding: com.android.server.compat.config.Change@4083fb3
04-12 20:42:40.492249  1750  1750 D CompatConfig: Adding: com.android.server.compat.config.Change@25dd970
04-12 20:42:40.492252  1750  1750 D CompatConfig: Adding: com.android.server.compat.config.Change@6d5e4e9
04-12 20:42:40.492255  1750  1750 D CompatConfig: Adding: com.android.server.compat.config.Change@a07a56e
04-12 20:42:40.492258  1750  1750 D CompatConfig: Adding: com.android.server.compat.config.Change@abd240f
04-12 20:42:40.492262  1750  1750 D CompatConfig: Adding: com.android.server.compat.config.Change@61f1c9c
04-12 20:42:40.492266  1750  1750 D CompatConfig: Adding: com.android.server.compat.config.Change@29ee6a5
04-12 20:42:40.492268  1750  1750 D CompatConfig: Adding: com.android.server.compat.config.Change@8caa7a
04-12 20:42:40.492271  1750  1750 D CompatConfig: Adding: com.android.server.compat.config.Change@c31f22b
04-12 20:42:40.492274  1750  1750 D CompatConfig: Adding: com.android.server.compat.config.Change@14f6688
04-12 20:42:40.492280  1750  1750 D CompatConfig: Adding: com.android.server.compat.config.Change@53c4821
04-12 20:42:40.492283  1750  1750 D CompatConfig: Adding: com.android.server.compat.config.Change@32af446
04-12 20:42:40.492286  1750  1750 D CompatConfig: Adding: com.android.server.compat.config.Change@3db8607
04-12 20:42:40.492289  1750  1750 D CompatConfig: Adding: com.android.server.compat.config.Change@7b86334
04-12 20:42:40.492292  1750  1750 D CompatConfig: Adding: com.android.server.compat.config.Change@5f4455d
04-12 20:42:40.492297  1750  1750 D CompatConfig: Adding: com.android.server.compat.config.Change@9120ed2
04-12 20:42:40.492316  1750  1750 D CompatConfig: Adding: com.android.server.compat.config.Change@5a07ba3
04-12 20:42:40.492320  1750  1750 D CompatConfig: Adding: com.android.server.compat.config.Change@e127ea0
04-12 20:42:40.492323  1750  1750 D CompatConfig: Adding: com.android.server.compat.config.Change@34da59
04-12 20:42:40.492325  1750  1750 D CompatConfig: Adding: com.android.server.compat.config.Change@ade461e
04-12 20:42:40.492329  1750  1750 D CompatConfig: Adding: com.android.server.compat.config.Change@3352eff
04-12 20:42:40.492334  1750  1750 D CompatConfig: Adding: com.android.server.compat.config.Change@a30e4cc
04-12 20:42:40.492339  1750  1750 D CompatConfig: Adding: com.android.server.compat.config.Change@e4fc315
04-12 20:42:40.492342  1750  1750 D CompatConfig: Adding: com.android.server.compat.config.Change@ca4a62a
04-12 20:42:40.492345  1750  1750 D CompatConfig: Adding: com.android.server.compat.config.Change@b37bc1b
04-12 20:42:40.492351  1750  1750 D CompatConfig: Adding: com.android.server.compat.config.Change@9ed81b8
04-12 20:42:40.492356  1750  1750 D CompatConfig: Adding: com.android.server.compat.config.Change@3f67b91
04-12 20:42:40.492362  1750  1750 D CompatConfig: Adding: com.android.server.compat.config.Change@cbefaf6
04-12 20:42:40.492372  1750  1750 D CompatConfig: Adding: com.android.server.compat.config.Change@e0bfef7
04-12 20:42:40.492381  1750  1750 D CompatConfig: Adding: com.android.server.compat.config.Change@cd50164
04-12 20:42:40.492400  1750  1750 D CompatConfig: Adding: com.android.server.compat.config.Change@4763fcd
04-12 20:42:40.492409  1750  1750 D CompatConfig: Adding: com.android.server.compat.config.Change@357d082
04-12 20:42:40.492413  1750  1750 D CompatConfig: Adding: com.android.server.compat.config.Change@4779393
04-12 20:42:40.492421  1750  1750 D CompatConfig: Adding: com.android.server.compat.config.Change@c92cfd0
04-12 20:42:40.492424  1750  1750 D CompatConfig: Adding: com.android.server.compat.config.Change@b40bc9
04-12 20:42:40.492434  1750  1750 D CompatConfig: Adding: com.android.server.compat.config.Change@eb672ce
04-12 20:42:40.492438  1750  1750 D CompatConfig: Adding: com.android.server.compat.config.Change@3fdd5ef
04-12 20:42:40.492443  1750  1750 D CompatConfig: Adding: com.android.server.compat.config.Change@1d18fc
04-12 20:42:40.492447  1750  1750 D CompatConfig: Adding: com.android.server.compat.config.Change@8e89b85
04-12 20:42:40.492451  1750  1750 D CompatConfig: Adding: com.android.server.compat.config.Change@84aedda
04-12 20:42:40.492454  1750  1750 D CompatConfig: Adding: com.android.server.compat.config.Change@cfbe20b
04-12 20:42:40.492460  1750  1750 D CompatConfig: Adding: com.android.server.compat.config.Change@5a0c8e8
04-12 20:42:40.492467  1750  1750 D CompatConfig: Adding: com.android.server.compat.config.Change@e1c6b01
04-12 20:42:40.492471  1750  1750 D CompatConfig: Adding: com.android.server.compat.config.Change@e7a0da6
04-12 20:42:40.492478  1750  1750 D CompatConfig: Adding: com.android.server.compat.config.Change@e8493e7
04-12 20:42:40.492481  1750  1750 D CompatConfig: Adding: com.android.server.compat.config.Change@f2d8b94
04-12 20:42:40.492490  1750  1750 D CompatConfig: Adding: com.android.server.compat.config.Change@f63b63d
04-12 20:42:40.492495  1750  1750 D CompatConfig: Adding: com.android.server.compat.config.Change@f295e32
04-12 20:42:40.492498  1750  1750 D CompatConfig: Adding: com.android.server.compat.config.Change@bfc8783
04-12 20:42:40.492502  1750  1750 D CompatConfig: Adding: com.android.server.compat.config.Change@e21cd00
04-12 20:42:40.492505  1750  1750 D CompatConfig: Adding: com.android.server.compat.config.Change@eda7939
04-12 20:42:40.492508  1750  1750 D CompatConfig: Adding: com.android.server.compat.config.Change@f0b2b7e
04-12 20:42:40.492519  1750  1750 D CompatConfig: Adding: com.android.server.compat.config.Change@7618df
04-12 20:42:40.492524  1750  1750 D CompatConfig: Adding: com.android.server.compat.config.Change@956b92c
04-12 20:42:40.492527  1750  1750 D CompatConfig: Adding: com.android.server.compat.config.Change@a606ff5
04-12 20:42:40.492534  1750  1750 D CompatConfig: Adding: com.android.server.compat.config.Change@9aa818a
04-12 20:42:40.492538  1750  1750 D CompatConfig: Adding: com.android.server.compat.config.Change@bcd63fb
04-12 20:42:40.492547  1750  1750 D CompatConfig: Adding: com.android.server.compat.config.Change@a0c3c18
04-12 20:42:40.492551  1750  1750 D CompatConfig: Adding: com.android.server.compat.config.Change@4151671
04-12 20:42:40.492555  1750  1750 D CompatConfig: Adding: com.android.server.compat.config.Change@6372c56
04-12 20:42:40.492561  1750  1750 D CompatConfig: Adding: com.android.server.compat.config.Change@58444d7
04-12 20:42:40.492580  1750  1750 D CompatConfig: Adding: com.android.server.compat.config.Change@b9501c4
04-12 20:42:40.492672  1750  1750 D CompatConfig: Adding: com.android.server.compat.config.Change@693a8ad
04-12 20:42:40.492698  1750  1750 D CompatConfig: Adding: com.android.server.compat.config.Change@d11b7e2
04-12 20:42:40.492702  1750  1750 D CompatConfig: Adding: com.android.server.compat.config.Change@15e5773
04-12 20:42:40.492704  1750  1750 D CompatConfig: Adding: com.android.server.compat.config.Change@9c27630
04-12 20:42:40.492707  1750  1750 D CompatConfig: Adding: com.android.server.compat.config.Change@ef22a9
04-12 20:42:40.492710  1750  1750 D CompatConfig: Adding: com.android.server.compat.config.Change@a17702e
04-12 20:42:40.492713  1750  1750 D CompatConfig: Adding: com.android.server.compat.config.Change@1bcf7cf
04-12 20:42:40.492718  1750  1750 D CompatConfig: Adding: com.android.server.compat.config.Change@a10c55c
04-12 20:42:40.492722  1750  1750 D CompatConfig: Adding: com.android.server.compat.config.Change@66e4065
04-12 20:42:40.492724  1750  1750 D CompatConfig: Adding: com.android.server.compat.config.Change@7ae613a
04-12 20:42:40.492727  1750  1750 D CompatConfig: Adding: com.android.server.compat.config.Change@3bb41eb
04-12 20:42:40.492731  1750  1750 D CompatConfig: Adding: com.android.server.compat.config.Change@b92db48
04-12 20:42:40.492734  1750  1750 D CompatConfig: Adding: com.android.server.compat.config.Change@e077de1
04-12 20:42:40.492736  1750  1750 D CompatConfig: Adding: com.android.server.compat.config.Change@e915706
04-12 20:42:40.492738  1750  1750 D CompatConfig: Adding: com.android.server.compat.config.Change@10a11c7
04-12 20:42:40.492740  1750  1750 D CompatConfig: Adding: com.android.server.compat.config.Change@99e63f4
04-12 20:42:40.492742  1750  1750 D CompatConfig: Adding: com.android.server.compat.config.Change@d9d171d
04-12 20:42:40.492746  1750  1750 D CompatConfig: Adding: com.android.server.compat.config.Change@65bdd92
04-12 20:42:40.492761  1750  1750 D CompatConfig: Adding: com.android.server.compat.config.Change@38c0363
04-12 20:42:40.492764  1750  1750 D CompatConfig: Adding: com.android.server.compat.config.Change@d37cb60
04-12 20:42:40.492765  1750  1750 D CompatConfig: Adding: com.android.server.compat.config.Change@cf90819
04-12 20:42:40.492767  1750  1750 D CompatConfig: Adding: com.android.server.compat.config.Change@2d640de
04-12 20:42:40.492771  1750  1750 D CompatConfig: Adding: com.android.server.compat.config.Change@6b172bf
04-12 20:42:40.492773  1750  1750 D CompatConfig: Adding: com.android.server.compat.config.Change@93e3d8c
04-12 20:42:40.492775  1750  1750 D CompatConfig: Adding: com.android.server.compat.config.Change@c890cd5
04-12 20:42:40.492777  1750  1750 D CompatConfig: Adding: com.android.server.compat.config.Change@a018cea
04-12 20:42:40.492779  1750  1750 D CompatConfig: Adding: com.android.server.compat.config.Change@2947bdb
04-12 20:42:40.492781  1750  1750 D CompatConfig: Adding: com.android.server.compat.config.Change@d57a678
04-12 20:42:40.492784  1750  1750 D CompatConfig: Adding: com.android.server.compat.config.Change@bdaa151
04-12 20:42:40.492786  1750  1750 D CompatConfig: Adding: com.android.server.compat.config.Change@ee38db6
04-12 20:42:40.492792  1750  1750 D CompatConfig: Adding: com.android.server.compat.config.Change@cd4fab7
04-12 20:42:40.492794  1750  1750 D CompatConfig: Adding: com.android.server.compat.config.Change@b9cb224
04-12 20:42:40.492796  1750  1750 D CompatConfig: Adding: com.android.server.compat.config.Change@bd7018d
04-12 20:42:40.492804  1750  1750 D CompatConfig: Adding: com.android.server.compat.config.Change@d12cf42
04-12 20:42:40.492806  1750  1750 D CompatConfig: Adding: com.android.server.compat.config.Change@b348b53
04-12 20:42:40.492808  1750  1750 D CompatConfig: Adding: com.android.server.compat.config.Change@d04cc90
04-12 20:42:40.492810  1750  1750 D CompatConfig: Adding: com.android.server.compat.config.Change@8bf2989
04-12 20:42:40.492812  1750  1750 D CompatConfig: Adding: com.android.server.compat.config.Change@1029d8e
04-12 20:42:40.492814  1750  1750 D CompatConfig: Adding: com.android.server.compat.config.Change@3f289af
04-12 20:42:40.492817  1750  1750 D CompatConfig: Adding: com.android.server.compat.config.Change@9221bc
04-12 20:42:40.492819  1750  1750 D CompatConfig: Adding: com.android.server.compat.config.Change@7e7d545
04-12 20:42:40.492820  1750  1750 D CompatConfig: Adding: com.android.server.compat.config.Change@90f049a
04-12 20:42:40.492822  1750  1750 D CompatConfig: Adding: com.android.server.compat.config.Change@7e811cb
04-12 20:42:40.492824  1750  1750 D CompatConfig: Adding: com.android.server.compat.config.Change@13d9da8
04-12 20:42:40.492827  1750  1750 D CompatConfig: Adding: com.android.server.compat.config.Change@53580c1
04-12 20:42:40.492829  1750  1750 D CompatConfig: Adding: com.android.server.compat.config.Change@b48d066
04-12 20:42:40.492832  1750  1750 D CompatConfig: Adding: com.android.server.compat.config.Change@263ffa7
04-12 20:42:40.492834  1750  1750 D CompatConfig: Adding: com.android.server.compat.config.Change@ea2ec54
04-12 20:42:40.492836  1750  1750 D CompatConfig: Adding: com.android.server.compat.config.Change@c5867fd
04-12 20:42:40.492838  1750  1750 D CompatConfig: Adding: com.android.server.compat.config.Change@c018cf2
04-12 20:42:40.492841  1750  1750 D CompatConfig: Adding: com.android.server.compat.config.Change@ac6ef43
04-12 20:42:40.492843  1750  1750 D CompatConfig: Adding: com.android.server.compat.config.Change@46c79c0
04-12 20:42:40.492845  1750  1750 D CompatConfig: Adding: com.android.server.compat.config.Change@9c886f9
04-12 20:42:40.492847  1750  1750 D CompatConfig: Adding: com.android.server.compat.config.Change@117863e
