04-12 20:42:41.238091  1750  1750 W PackageManager: System overlay com.transsion.microintelligence.overlay targets an SDK below the required SDK level of system overlays (36). This will become an install error in a future release
04-12 20:42:41.238821  1750  1750 W PackageManager: System overlay com.sh.smart.caller.overlay targets an SDK below the required SDK level of system overlays (36). This will become an install error in a future release
04-12 20:42:41.239218  1750  1750 W PackageManager: System overlay com.sh.smart.caller.satellite.overlay targets an SDK below the required SDK level of system overlays (36). This will become an install error in a future release
04-12 20:42:41.239964  1750  1750 W PackageManager: System overlay com.transsion.smartmessage.app.overlay targets an SDK below the required SDK level of system overlays (36). This will become an install error in a future release
04-12 20:42:41.242329  1750  1750 W PackageManager: System overlay com.transsion.camera.overlay.product targets an SDK below the required SDK level of system overlays (36). This will become an install error in a future release
04-12 20:42:41.243656  1750  1750 W PackageManager: System overlay com.transsion.multiwindow.overlay targets an SDK below the required SDK level of system overlays (36). This will become an install error in a future release
04-12 20:42:41.244536  1750  1750 W PackageManager: System overlay com.google.android.overlay.modules.permissioncontroller targets an SDK below the required SDK level of system overlays (36). This will become an install error in a future release
04-12 20:42:41.245352  1750  1750 W PackageManager: System overlay tech.palm.id.overlay targets an SDK below the required SDK level of system overlays (36). This will become an install error in a future release
04-12 20:42:41.245770  1750  1750 W PackageManager: System overlay com.transsion.thunderback.overlay targets an SDK below the required SDK level of system overlays (36). This will become an install error in a future release
04-12 20:42:41.246199  1750  1750 W PackageManager: System overlay com.transsion.rro.framework_res.tr_product.x6877 targets an SDK below the required SDK level of system overlays (36). This will become an install error in a future release
04-12 20:42:41.246666  1750  1750 W PackageManager: System overlay com.transsion.rro.com.transsion.overlaysuw.tr_product.x6877 targets an SDK below the required SDK level of system overlays (36). This will become an install error in a future release
04-12 20:42:41.247070  1750  1750 W PackageManager: System overlay com.transsion.rro.com.transsion.thub.res.tr_product.x6877 targets an SDK below the required SDK level of system overlays (36). This will become an install error in a future release
04-12 20:42:41.247478  1750  1750 W PackageManager: System overlay com.transsion.rro.net.bat.store.tr_product.x6877 targets an SDK below the required SDK level of system overlays (36). This will become an install error in a future release
04-12 20:42:41.247879  1750  1750 W PackageManager: System overlay com.transsion.aod.overlay targets an SDK below the required SDK level of system overlays (36). This will become an install error in a future release
04-12 20:42:41.293691  1750  1750 W PackageManager: Failed to parse /system/framework/oat: Missing base APK in /system/framework/oat/arm64
04-12 20:42:41.294023  1750  1750 W PackageManager: Failed to parse /system/framework/arm64: Missing base APK in /system/framework/arm64
04-12 20:42:41.295560  1750  1966 D PackageCacher: Feature flags for package /system/framework/framework-res.apk: {com.android.window.flags.screen_recording_callbacks=true, android.security.secure_lockdown=false, android.content.pm.quarantined_enabled=false, android.app.enable_tv_implicit_enter_pip_restriction=true, android.app.appfunctions.flags.enable_app_function_manager=true, android.app.ui_rich_ongoing=true, android.media.tv.flags.apply_picture_profiles=true, com.android.internal.telephony.flags.subscription_plan_allow_status_and_end_date=true, android.net.platform.flags.register_nsd_offload_engine=true, android.media.tv.flags.kids_mode_tvdb_sharing=true, android.security.aapm_api=true, android.permission.flags.ranging_permission_enabled=true, com.android.settingslib.flags.settings_catalyst=true, android.permission.flags.enhanced_confirmation_in_call_apis_enabled=true, android.permission.flags.grant_read_blocked_numbers_to_system_ui_intelligence=false, android.media.tv.flags.tif_unbind_inactive_tis=true, android.content.pm.sdk_dependency_installer=true, com.android.art.flags.executable_method_file_offsets=true, android.app.admin.flags.split_create_managed_profile_enabled=true, android.location.flags.population_density_provider=true, android.permission.flags.sensitive_notification_app_protection=true, com.android.tradeinmode.flags.enable_trade_in_mode=true, com.android.update_engine.minor_changes_2025q4=null, android.media.audio.concurrent_audio_record_bypass_permission=false, android.content.pm.uid_based_provider_lookup=true, com.android.hardware.input.manage_key_gestures=true, com.android.internal.camera.flags.camera_hsum_permission=true, android.permission.flags.health_connect_backup_restore_permission_enabled=true, android.os.vibrator.vendor_vibration_effects=true, com.android.settingslib.flags.write_system_preference_permission_enabled=true, android.permission.flags.text_classifier_choice_api_enabled=true, android.media.tv.flags.media_quality_fw=true, android.provider.user_keys=true, android.os.allow_consentless_bugreport_delegated_consent=false, android.permission.flags.fine_power_monitor_permission=false, android.security.subscribe_to_keyguard_locked_state_perm_priv_flag=true, android.security.afl_api=true, android.xr.xr_manifest_entries=null, android.companion.virtualdevice.flags.enable_limited_vdm_role=false, android.provider.new_default_account_api_enabled=true, com.android.hardware.input.key_event_activity_detection=false}
04-12 20:42:41.296088  1750  1966 E AconfigFlags: Failed to load aconfig package com.android.update_engine
04-12 20:42:41.296088  1750  1966 E AconfigFlags: android.os.flagging.AconfigStorageReadException: ERROR_PACKAGE_NOT_FOUND: package com.android.update_engine cannot be found on the device
04-12 20:42:41.296088  1750  1966 E AconfigFlags: 	at android.os.flagging.AconfigPackage.load(AconfigPackage.java:160)
04-12 20:42:41.296088  1750  1966 E AconfigFlags: 	at com.android.internal.pm.pkg.component.AconfigFlags.lambda$getFlagValueFromNewStorage$0(AconfigFlags.java:261)
04-12 20:42:41.296088  1750  1966 E AconfigFlags: 	at com.android.internal.pm.pkg.component.AconfigFlags$$ExternalSyntheticLambda0.apply(D8$$SyntheticClass:0)
04-12 20:42:41.296088  1750  1966 E AconfigFlags: 	at java.util.concurrent.ConcurrentHashMap.computeIfAbsent(ConcurrentHashMap.java:1713)
04-12 20:42:41.296088  1750  1966 E AconfigFlags: 	at com.android.internal.pm.pkg.component.AconfigFlags.getFlagValueFromNewStorage(AconfigFlags.java:259)
04-12 20:42:41.296088  1750  1966 E AconfigFlags: 	at com.android.internal.pm.pkg.component.AconfigFlags.getFlagValue(AconfigFlags.java:225)
04-12 20:42:41.296088  1750  1966 E AconfigFlags: 	at com.android.server.pm.parsing.PackageCacher.getCachedResult(PackageCacher.java:225)
04-12 20:42:41.296088  1750  1966 E AconfigFlags: 	at com.android.internal.pm.parsing.PackageParser2.parsePackage(PackageParser2.java:126)
04-12 20:42:41.296088  1750  1966 E AconfigFlags: 	at com.android.server.pm.ParallelPackageParser.parsePackage(ParallelPackageParser.java:130)
04-12 20:42:41.296088  1750  1966 E AconfigFlags: 	at com.android.server.pm.ParallelPackageParser.lambda$submit$0(ParallelPackageParser.java:108)
04-12 20:42:41.296088  1750  1966 E AconfigFlags: 	at com.android.server.pm.ParallelPackageParser.$r8$lambda$uW6lAW1ixaCdJ_8ZINGbyQGIceg(ParallelPackageParser.java:0)
04-12 20:42:41.296088  1750  1966 E AconfigFlags: 	at com.android.server.pm.ParallelPackageParser$$ExternalSyntheticLambda0.run(R8$$SyntheticClass:0)
04-12 20:42:41.296088  1750  1966 E AconfigFlags: 	at java.util.concurrent.Executors$RunnableAdapter.call(Executors.java:520)
04-12 20:42:41.296088  1750  1966 E AconfigFlags: 	at java.util.concurrent.FutureTask.run(FutureTask.java:317)
04-12 20:42:41.296088  1750  1966 E AconfigFlags: 	at java.util.concurrent.ThreadPoolExecutor.runWorker(ThreadPoolExecutor.java:1154)
04-12 20:42:41.296088  1750  1966 E AconfigFlags: 	at java.util.concurrent.ThreadPoolExecutor$Worker.run(ThreadPoolExecutor.java:652)
04-12 20:42:41.296088  1750  1966 E AconfigFlags: 	at com.android.internal.util.ConcurrentUtils$1$1.run(ConcurrentUtils.java:65)
04-12 20:42:41.296312  1750  1966 E AconfigFlags: Failed to load aconfig package android.xr
04-12 20:42:41.296312  1750  1966 E AconfigFlags: android.os.flagging.AconfigStorageReadException: ERROR_PACKAGE_NOT_FOUND: package android.xr cannot be found on the device
04-12 20:42:41.296312  1750  1966 E AconfigFlags: 	at android.os.flagging.AconfigPackage.load(AconfigPackage.java:160)
04-12 20:42:41.296312  1750  1966 E AconfigFlags: 	at com.android.internal.pm.pkg.component.AconfigFlags.lambda$getFlagValueFromNewStorage$0(AconfigFlags.java:261)
04-12 20:42:41.296312  1750  1966 E AconfigFlags: 	at com.android.internal.pm.pkg.component.AconfigFlags$$ExternalSyntheticLambda0.apply(D8$$SyntheticClass:0)
04-12 20:42:41.296312  1750  1966 E AconfigFlags: 	at java.util.concurrent.ConcurrentHashMap.computeIfAbsent(ConcurrentHashMap.java:1713)
04-12 20:42:41.296312  1750  1966 E AconfigFlags: 	at com.android.internal.pm.pkg.component.AconfigFlags.getFlagValueFromNewStorage(AconfigFlags.java:259)
04-12 20:42:41.296312  1750  1966 E AconfigFlags: 	at com.android.internal.pm.pkg.component.AconfigFlags.getFlagValue(AconfigFlags.java:225)
04-12 20:42:41.296312  1750  1966 E AconfigFlags: 	at com.android.server.pm.parsing.PackageCacher.getCachedResult(PackageCacher.java:225)
04-12 20:42:41.296312  1750  1966 E AconfigFlags: 	at com.android.internal.pm.parsing.PackageParser2.parsePackage(PackageParser2.java:126)
04-12 20:42:41.296312  1750  1966 E AconfigFlags: 	at com.android.server.pm.ParallelPackageParser.parsePackage(ParallelPackageParser.java:130)
04-12 20:42:41.296312  1750  1966 E AconfigFlags: 	at com.android.server.pm.ParallelPackageParser.lambda$submit$0(ParallelPackageParser.java:108)
04-12 20:42:41.296312  1750  1966 E AconfigFlags: 	at com.android.server.pm.ParallelPackageParser.$r8$lambda$uW6lAW1ixaCdJ_8ZINGbyQGIceg(ParallelPackageParser.java:0)
04-12 20:42:41.296312  1750  1966 E AconfigFlags: 	at com.android.server.pm.ParallelPackageParser$$ExternalSyntheticLambda0.run(R8$$SyntheticClass:0)
04-12 20:42:41.296312  1750  1966 E AconfigFlags: 	at java.util.concurrent.Executors$RunnableAdapter.call(Executors.java:520)
04-12 20:42:41.296312  1750  1966 E AconfigFlags: 	at java.util.concurrent.FutureTask.run(FutureTask.java:317)
04-12 20:42:41.296312  1750  1966 E AconfigFlags: 	at java.util.concurrent.ThreadPoolExecutor.runWorker(ThreadPoolExecutor.java:1154)
04-12 20:42:41.296312  1750  1966 E AconfigFlags: 	at java.util.concurrent.ThreadPoolExecutor$Worker.run(ThreadPoolExecutor.java:652)
04-12 20:42:41.296312  1750  1966 E AconfigFlags: 	at com.android.internal.util.ConcurrentUtils$1$1.run(ConcurrentUtils.java:65)
04-12 20:42:41.303448  1750  1750 W PackageManager: Failed to parse /system_ext/framework/oat: Missing base APK in /system_ext/framework/oat/arm64
04-12 20:42:41.320808  1750  1967 D PackageCacher: Feature flags for package /system/priv-app/Shell: {android.security.aapm_api=true, android.permission.flags.replace_body_sensor_permission_enabled=true, android.permission.flags.health_connect_backup_restore_permission_enabled=true, android.permission.flags.text_classifier_choice_api_enabled=true, android.security.protect_device_config_flags=true, android.security.afl_api=true, android.companion.virtualdevice.flags.enable_limited_vdm_role=false}
04-12 20:42:41.358366  1750  1750 W PackageManager: Failed to parse /vendor/app/mcRegistry: Missing base APK in /vendor/app/mcRegistry
04-12 20:42:41.380893  1750  1750 W PackageManager: Provider ComponentInfo{com.transsion.smartmessage/androidx.startup.InitializationProvider} already defined; ignoring
04-12 20:42:41.391517  1750  1967 D PackageCacher: Feature flags for package /system_ext/priv-app/NfcNci: {com.android.nfc.flags.enable_direct_boot_aware=null}
04-12 20:42:41.391735  1750  1967 E AconfigFlags: Failed to load aconfig package com.android.nfc.flags
04-12 20:42:41.391735  1750  1967 E AconfigFlags: android.os.flagging.AconfigStorageReadException: ERROR_PACKAGE_NOT_FOUND: package com.android.nfc.flags cannot be found on the device
04-12 20:42:41.391735  1750  1967 E AconfigFlags: 	at android.os.flagging.AconfigPackage.load(AconfigPackage.java:160)
04-12 20:42:41.391735  1750  1967 E AconfigFlags: 	at com.android.internal.pm.pkg.component.AconfigFlags.lambda$getFlagValueFromNewStorage$0(AconfigFlags.java:261)
04-12 20:42:41.391735  1750  1967 E AconfigFlags: 	at com.android.internal.pm.pkg.component.AconfigFlags$$ExternalSyntheticLambda0.apply(D8$$SyntheticClass:0)
04-12 20:42:41.391735  1750  1967 E AconfigFlags: 	at java.util.concurrent.ConcurrentHashMap.computeIfAbsent(ConcurrentHashMap.java:1745)
04-12 20:42:41.391735  1750  1967 E AconfigFlags: 	at com.android.internal.pm.pkg.component.AconfigFlags.getFlagValueFromNewStorage(AconfigFlags.java:259)
04-12 20:42:41.391735  1750  1967 E AconfigFlags: 	at com.android.internal.pm.pkg.component.AconfigFlags.getFlagValue(AconfigFlags.java:225)
04-12 20:42:41.391735  1750  1967 E AconfigFlags: 	at com.android.server.pm.parsing.PackageCacher.getCachedResult(PackageCacher.java:225)
04-12 20:42:41.391735  1750  1967 E AconfigFlags: 	at com.android.internal.pm.parsing.PackageParser2.parsePackage(PackageParser2.java:126)
04-12 20:42:41.391735  1750  1967 E AconfigFlags: 	at com.android.server.pm.ParallelPackageParser.parsePackage(ParallelPackageParser.java:130)
04-12 20:42:41.391735  1750  1967 E AconfigFlags: 	at com.android.server.pm.ParallelPackageParser.lambda$submit$0(ParallelPackageParser.java:108)
04-12 20:42:41.391735  1750  1967 E AconfigFlags: 	at com.android.server.pm.ParallelPackageParser.$r8$lambda$uW6lAW1ixaCdJ_8ZINGbyQGIceg(ParallelPackageParser.java:0)
04-12 20:42:41.391735  1750  1967 E AconfigFlags: 	at com.android.server.pm.ParallelPackageParser$$ExternalSyntheticLambda0.run(R8$$SyntheticClass:0)
04-12 20:42:41.391735  1750  1967 E AconfigFlags: 	at java.util.concurrent.Executors$RunnableAdapter.call(Executors.java:520)
04-12 20:42:41.391735  1750  1967 E AconfigFlags: 	at java.util.concurrent.FutureTask.run(FutureTask.java:317)
04-12 20:42:41.391735  1750  1967 E AconfigFlags: 	at java.util.concurrent.ThreadPoolExecutor.runWorker(ThreadPoolExecutor.java:1154)
04-12 20:42:41.391735  1750  1967 E AconfigFlags: 	at java.util.concurrent.ThreadPoolExecutor$Worker.run(ThreadPoolExecutor.java:652)
04-12 20:42:41.391735  1750  1967 E AconfigFlags: 	at com.android.internal.util.ConcurrentUtils$1$1.run(ConcurrentUtils.java:65)
04-12 20:42:41.398305  1750  1966 D PackageCacher: Feature flags for package /system_ext/priv-app/TranSystemUI: {com.android.wm.shell.enable_retrievable_bubbles=false}
04-12 20:42:41.403605  1750  1750 D PackageManager: updatedPkg = PackageSetting{7a35218 com.google.android.mosey/10131}
04-12 20:42:41.411483  1750  1750 I PmsExtIcon: do apply customize icon with com.android.contacts, activityName =com.android.dialer.ContactMainActivity
04-12 20:42:41.411528  1750  1750 I PmsExtIcon: do apply customize icon with com.sh.smart.caller.messageshortcut, activityName =alias.MessageShortcut
04-12 20:42:41.411534  1750  1750 I PmsExtIcon: do apply customize icon with com.sh.smart.caller.dialshortcut, activityName =alias.DialShortcut
04-12 20:42:41.416495  1750  1750 I PackageManager: Replacing default ResolverActivity with custom activity: ComponentInfo{com.transsion.resolver/com.transsion.resolver.ResolverActivity}
04-12 20:42:41.417461  1750  1750 W PackageManager: Provider ComponentInfo{tech.palm.find/androidx.startup.InitializationProvider} already defined; ignoring
04-12 20:42:41.417508  1750  1750 W PackageManager: Skipping provider name tech.palm.find.androidx-startup (in package tech.palm.find): name already used by tech.palm.find
04-12 20:42:41.520408  1750  1750 I PackageManager: Update system package com.theme.icondefaultshape_X702 code path from /tr_product/app/IconDefaultShape_X702 to /tr_product/app/IconDefaultShape_X703; Retain data and using new
04-12 20:42:41.527167  1750  1750 W PackageManager: Skipping provider name com.transsion.mol.cp (in package com.transsion.mol): name already used by com.transsion.mol
04-12 20:42:41.542079  1750  1750 D PackageManager: updatedPkg = PackageSetting{c5f7aa5 com.google.android.projection.gearhead/10212}
04-12 20:42:41.547279  1750  1750 D PackageManager: updatedPkg = PackageSetting{325ddeb com.google.android.apps.nbu.files/10216}
04-12 20:42:41.554036  1750  1750 D PackageManager: updatedPkg = PackageSetting{d9a6935 com.google.android.apps.restore/10226}
04-12 20:42:41.555081  1750  1750 D PackageManager: updatedPkg = PackageSetting{c8feb9c com.google.android.apps.safetyhub/10227}
04-12 20:42:41.555248  1750  1750 D PackageManager: updatedPkg = PackageSetting{9b909a5 com.google.android.gms/10232}
04-12 20:42:41.556301  1750  1960 V Configuration: Updating configuration, locales updated from [] to [zh_CN_#Hans]
04-12 20:42:41.557108  1750  1750 D PackageManager: updatedPkg = PackageSetting{22c9107 com.android.vending/10231}
04-12 20:42:41.558271  1750  1750 D PackageManager: updatedPkg = PackageSetting{9f6d2f5 com.google.android.apps.wellbeing/10230}
04-12 20:42:41.560387  1750  1750 D PackageManager: updatedPkg = PackageSetting{30cb8d com.google.android.googlequicksearchbox/10233}
04-12 20:42:41.565946  1750  1750 D PackageManager: updatedPkg = PackageSetting{595762d com.android.chrome/10241}
04-12 20:42:41.566163  1750  1750 D PackageManager: updatedPkg = PackageSetting{e733762 com.google.android.gm/10246}
04-12 20:42:41.569920  1750  1750 D PackageManager: updatedPkg = PackageSetting{45ecc79 com.google.android.inputmethod.latin/10243}
04-12 20:42:41.570127  1750  1750 D PackageManager: updatedPkg = PackageSetting{d401dbe com.google.audio.hearing.visualization.accessibility.scribe/10244}
04-12 20:42:41.577041  1750  1750 D PackageManager: updatedPkg = PackageSetting{45a12b7 com.google.android.apps.tachyon/10254}
04-12 20:42:41.577496  1750  1750 W PackageManager: System overlay com.transsion.trproduct.overlaysuw.resoverlay targets an SDK below the required SDK level of system overlays (36). This will become an install error in a future release
04-12 20:42:41.578374  1750  1750 D PackageManager: updatedPkg = PackageSetting{3ccc742 android.autoinstalls.config.transsion.device/10249}
04-12 20:42:41.583751  1750  1750 W PackageManager: Provider ComponentInfo{com.transsion.magicshow/androidx.core.content.FileProvider} already defined; ignoring
04-12 20:42:41.583794  1750  1750 W PackageManager: Skipping provider name com.transsion.magicshow.fileprovider (in package com.transsion.magicshow): name already used by com.transsion.magicshow
04-12 20:42:41.584301  1750  1750 D PackageManager: updatedPkg = PackageSetting{41cfd7a com.google.android.apps.photos/10259}
04-12 20:42:41.585415  1750  1750 D PackageManager: updatedPkg = PackageSetting{6d1b2a3 com.google.android.apps.youtube.music/10258}
04-12 20:42:41.586172  1750  1750 D PackageManager: updatedPkg = PackageSetting{c78d31b com.google.android.marvin.talkback/10261}
04-12 20:42:41.586345  1750  1750 D PackageManager: updatedPkg = PackageSetting{1a64cb8 com.google.android.youtube/10260}
04-12 20:42:41.591265  1750  1750 I ApexManager: Registering com.android.compos.payload as apk-in-apex of com.android.compos
04-12 20:42:41.596151  1750  1750 I ApexManager: Registering com.google.android.wifi.resources as apk-in-apex of com.android.wifi
04-12 20:42:41.603143  1750  1750 I ApexManager: Registering com.google.android.hotspot2.osulogin as apk-in-apex of com.android.wifi
04-12 20:42:41.604141  1750  1750 I ApexManager: Registering com.google.android.wifi.dialog as apk-in-apex of com.android.wifi
04-12 20:42:41.610071  1750  1750 I ApexManager: Registering com.android.virtualization.terminal as apk-in-apex of com.android.virt
04-12 20:42:41.615179  1750  1750 I ApexManager: Registering com.android.microdroid.empty_payload as apk-in-apex of com.android.virt
04-12 20:42:41.615918  1750  1750 I ApexManager: Registering com.android.virtualmachine.res as apk-in-apex of com.android.virt
04-12 20:42:41.620814  1750  1750 I ApexManager: Registering com.google.android.appsearch.apk as apk-in-apex of com.android.appsearch
04-12 20:42:41.626498  1750  1750 I ApexManager: Registering com.google.android.ondevicepersonalization.services as apk-in-apex of com.android.ondevicepersonalization
04-12 20:42:41.630689  1750  1750 I ApexManager: Registering com.google.android.federatedcompute as apk-in-apex of com.android.ondevicepersonalization
04-12 20:42:41.636193  1750  1750 I ApexManager: Registering com.google.android.cellbroadcastreceiver as apk-in-apex of com.android.cellbroadcast
04-12 20:42:41.637302  1750  1750 I ApexManager: Registering com.google.android.cellbroadcastservice as apk-in-apex of com.android.cellbroadcast
04-12 20:42:41.643951  1750  1750 I ApexManager: Registering com.google.android.safetycenter.resources as apk-in-apex of com.android.permission
04-12 20:42:41.644897  1750  1750 I ApexManager: Registering com.google.android.permissioncontroller as apk-in-apex of com.android.permission
04-12 20:42:41.649655  1750  1750 I ApexManager: Registering com.google.android.healthconnect.controller as apk-in-apex of com.android.healthfitness
04-12 20:42:41.656400  1750  1750 I ApexManager: Registering com.google.android.health.connect.backuprestore as apk-in-apex of com.android.healthfitness
04-12 20:42:41.661045  1750  1750 I ApexManager: Registering com.google.android.rkpdapp as apk-in-apex of com.android.rkpd
04-12 20:42:41.666188  1750  1750 I ApexManager: Registering com.google.android.connectivity.resources as apk-in-apex of com.android.tethering
04-12 20:42:41.667245  1750  1750 I ApexManager: Registering com.google.android.networkstack.tethering as apk-in-apex of com.android.tethering
04-12 20:42:41.671550  1750  1750 I ApexManager: Registering com.android.cts.priv.ctsshim as apk-in-apex of com.android.apex.cts.shim
04-12 20:42:41.676334  1750  1750 I ApexManager: Registering com.android.cts.ctsshim as apk-in-apex of com.android.apex.cts.shim
04-12 20:42:41.682455  1750  1750 I ApexManager: Registering com.google.android.server.deviceconfig.resources as apk-in-apex of com.android.configinfrastructure
04-12 20:42:41.687664  1750  1922 D Freezer/CloudSwitch: mHandleRegCloudRunnable start
04-12 20:42:41.687943  1750  1750 I ApexManager: Registering com.android.bluetooth as apk-in-apex of com.android.bt
04-12 20:42:41.687981  1750  1922 D Freezer/CloudSwitch: regCloudEngine finish
04-12 20:42:41.693942  1750  1750 I ApexManager: Registering com.google.android.ext.services as apk-in-apex of com.android.extservices
04-12 20:42:41.698894  1750  1750 I ApexManager: Registering com.google.android.providers.media.module as apk-in-apex of com.android.mediaprovider
04-12 20:42:41.699977  1750  1750 I ApexManager: Registering com.google.android.photopicker as apk-in-apex of com.android.mediaprovider
04-12 20:42:41.704676  1750  1750 I ApexManager: Registering com.google.android.devicelockcontroller as apk-in-apex of com.android.devicelock
04-12 20:42:41.709603  1750  1750 I ApexManager: Registering com.google.android.uwb.resources as apk-in-apex of com.android.uwb
04-12 20:42:41.714598  1750  1750 I ApexManager: Registering com.google.android.adservices.api as apk-in-apex of com.android.adservices
04-12 20:42:41.719635  1750  1750 I ApexManager: Registering com.google.android.sdksandbox as apk-in-apex of com.android.adservices
04-12 20:42:41.727263  1750  1750 D ITranAppManagerComponent: Updating native lib dir for AHAGames in /tr_region/operator/app/AHAGames
04-12 20:42:41.729206  1750  1750 I ITranAppManagerComponent: Skip scanning oobe removed sys package: com.amazon.mShop.android.shopping
04-12 20:42:41.729283  1750  1750 I ITranAppManagerComponent: Skip scanning oobe removed sys package: com.afmobi.boomplayer
04-12 20:42:41.729301  1750  1750 I ITranAppManagerComponent: Skip scanning oobe removed sys package: com.block.juggle
04-12 20:42:41.729501  1750  1750 D ITranAppManagerComponent: Updating native lib dir for CrushBlock in /tr_region/operator/app/CrushBlock
04-12 20:42:41.730902  1750  1750 D ITranAppManagerComponent: Updating native lib dir for FacebookStub in /tr_region/operator/app/FacebookStub
04-12 20:42:41.731778  1750  1750 D ITranAppManagerComponent: Updating native lib dir for Drive in /tr_region/operator/app/Drive
04-12 20:42:41.733851  1750  1750 D ITranAppManagerComponent: Updating native lib dir for FileViewer in /tr_region/operator/app/FileViewer
04-12 20:42:41.735251  1750  1750 I ITranAppManagerComponent: Skip scanning oobe removed sys package: com.transtech.geniex
04-12 20:42:41.735471  1750  1750 D ITranAppManagerComponent: Updating native lib dir for HiTranslate in /tr_region/operator/app/HiTranslate
04-12 20:42:41.738098  1750  1750 D PackageManager: updatedPkg = PackageSetting{145f822 com.instagram.android/10297}
04-12 20:42:41.738175  1750  1750 I ITranAppManagerComponent: Don't skip scanning the sys package which disabled before,  but then installed later: com.instagram.android
04-12 20:42:41.738324  1750  1750 D ITranAppManagerComponent: Updating native lib dir for Instagram in /tr_region/operator/app/Instagram
04-12 20:42:41.738865  1750  1750 D ITranAppManagerComponent: Updating native lib dir for Hola in /tr_region/operator/app/Hola
04-12 20:42:41.741383  1750  1750 I ITranAppManagerComponent: Skip scanning oobe removed sys package: com.dada.inputmethod.infinix
04-12 20:42:41.741434  1750  1750 I ITranAppManagerComponent: Skip scanning oobe removed sys package: com.amazon.appmanager
04-12 20:42:41.741633  1750  1750 D ITranAppManagerComponent: Updating native lib dir for Roaming in /tr_region/operator/app/Roaming
04-12 20:42:41.742853  1750  1750 I ITranAppManagerComponent: Skip scanning oobe removed sys package: com.transsion.phoenix
04-12 20:42:41.742898  1750  1750 I ITranAppManagerComponent: Skip scanning oobe removed sys package: com.kwai.video
04-12 20:42:41.742920  1750  1750 I ITranAppManagerComponent: Skip scanning oobe removed sys package: com.shopee.ph
04-12 20:42:41.742947  1750  1750 I ITranAppManagerComponent: Skip scanning oobe removed sys package: com.spotify.music
04-12 20:42:41.743142  1750  1750 D ITranAppManagerComponent: Updating native lib dir for Temu in /tr_region/operator/app/Temu
04-12 20:42:41.744411  1750  1750 I ITranAppManagerComponent: Skip scanning oobe removed sys package: com.kwai.bulldog
04-12 20:42:41.744459  1750  1750 I ITranAppManagerComponent: Skip scanning oobe removed sys package: com.ss.android.ugc.trill
04-12 20:42:41.744474  1750  1750 I ITranAppManagerComponent: Skip scanning oobe removed sys package: com.zhiliaoapp.musically.go
04-12 20:42:41.744487  1750  1750 I ITranAppManagerComponent: Skip scanning oobe removed sys package: com.zhiliaoapp.musically
04-12 20:42:41.744924  1750  1750 D ITranAppManagerComponent: Updating native lib dir for Videos in /tr_region/operator/app/Videos
04-12 20:42:41.747523  1750  1750 D ITranAppManagerComponent: Updating native lib dir for Welife in /tr_region/operator/app/Welife
04-12 20:42:41.749336  1750  1750 D ITranAppManagerComponent: Updating native lib dir for WPSOffice in /tr_region/operator/app/WPSOffice
04-12 20:42:41.754830  1750  1750 W PackageManager: Skipping provider name cn.wps.moffice_eng.scan.provider.fileprovider (in package cn.wps.moffice_eng): name already used by cn.wps.moffice_eng
04-12 20:42:41.754898  1750  1750 W PackageManager: Skipping provider name cn.wps.moffice_eng.fileprovider (in package cn.wps.moffice_eng): name already used by cn.wps.moffice_eng
04-12 20:42:41.756325  1750  1750 D ITranAppManagerComponent: Updating native lib dir for XClub in /tr_region/operator/app/XClub
04-12 20:42:41.758471  1750  1750 I ITranAppManagerComponent: Skip scanning oobe removed sys package: com.infinix.xpark
04-12 20:42:41.767650  1750  1750 I PackageManager: Finished scanning system apps. Time: 641 ms, packageCount: 415 , timePerPackage: 1 , cached: 454
04-12 20:42:41.771731  1750  1750 D PackageManager: updatedPkg = PackageSetting{3ccc742 android.autoinstalls.config.transsion.device/10249}
04-12 20:42:41.773139  1750  1750 W PackageManager: Relax SCAN_REQUIRE_KNOWN requirement for package android.autoinstalls.config.transsion.device
04-12 20:42:41.774705  1750  1750 D PackageManager: updatedPkg = PackageSetting{45a12b7 com.google.android.apps.tachyon/10254}
04-12 20:42:41.778008  1750  1750 W PackageManager: Relax SCAN_REQUIRE_KNOWN requirement for package com.google.android.apps.tachyon
04-12 20:42:41.784702  1750  1750 D PackageManager: updatedPkg = PackageSetting{22c9107 com.android.vending/10231}
04-12 20:42:41.787822  1750  1750 W PackageManager: Relax SCAN_REQUIRE_KNOWN requirement for package com.android.vending
04-12 20:42:41.791022  1750  1750 D PackageManager: updatedPkg = PackageSetting{d401dbe com.google.audio.hearing.visualization.accessibility.scribe/10244}
04-12 20:42:41.791521  1750  1750 W PackageManager: Relax SCAN_REQUIRE_KNOWN requirement for package com.google.audio.hearing.visualization.accessibility.scribe
04-12 20:42:41.793118  1750  1750 D PackageManager: updatedPkg = PackageSetting{595762d com.android.chrome/10241}
04-12 20:42:41.794263  1750  1750 W PackageManager: Relax SCAN_REQUIRE_KNOWN requirement for package com.android.chrome
04-12 20:42:41.796155  1750  1750 D PackageManager: updatedPkg = PackageSetting{41cfd7a com.google.android.apps.photos/10259}
04-12 20:42:41.798198  1750  1750 W PackageManager: Relax SCAN_REQUIRE_KNOWN requirement for package com.google.android.apps.photos
04-12 20:42:41.803377  1750  1750 D PackageManager: updatedPkg = PackageSetting{7a35218 com.google.android.mosey/10131}
04-12 20:42:41.805750  1750  1750 W PackageManager: Relax SCAN_REQUIRE_KNOWN requirement for package com.google.android.mosey
04-12 20:42:41.808935  1750  1750 D PackageManager: updatedPkg = PackageSetting{9b909a5 com.google.android.gms/10232}
04-12 20:42:41.814999  1750  1750 W PackageManager: Relax SCAN_REQUIRE_KNOWN requirement for package com.google.android.gms
04-12 20:42:41.829608  1750  1750 D PackageManager: updatedPkg = PackageSetting{c78d31b com.google.android.marvin.talkback/10261}
04-12 20:42:41.830172  1750  1750 W PackageManager: Relax SCAN_REQUIRE_KNOWN requirement for package com.google.android.marvin.talkback
04-12 20:42:41.831672  1750  1750 D PackageManager: updatedPkg = PackageSetting{1a64cb8 com.google.android.youtube/10260}
04-12 20:42:41.833643  1750  1750 W PackageManager: Relax SCAN_REQUIRE_KNOWN requirement for package com.google.android.youtube
04-12 20:42:41.835608  1750  1750 D PackageManager: updatedPkg = PackageSetting{30cb8d com.google.android.googlequicksearchbox/10233}
04-12 20:42:41.836862  1750  1750 W PackageManager: Relax SCAN_REQUIRE_KNOWN requirement for package com.google.android.googlequicksearchbox
04-12 20:42:41.841767  1750  1750 D PackageManager: updatedPkg = PackageSetting{d9a6935 com.google.android.apps.restore/10226}
04-12 20:42:41.842643  1750  1750 W PackageManager: Relax SCAN_REQUIRE_KNOWN requirement for package com.google.android.apps.restore
04-12 20:42:41.844420  1750  1750 D PackageManager: updatedPkg = PackageSetting{325ddeb com.google.android.apps.nbu.files/10216}
04-12 20:42:41.845848  1750  1750 W PackageManager: Relax SCAN_REQUIRE_KNOWN requirement for package com.google.android.apps.nbu.files
04-12 20:42:41.847462  1750  1750 D PackageManager: updatedPkg = PackageSetting{45ecc79 com.google.android.inputmethod.latin/10243}
04-12 20:42:41.849208  1750  1750 W PackageManager: Relax SCAN_REQUIRE_KNOWN requirement for package com.google.android.inputmethod.latin
04-12 20:42:41.850561  1750  1750 D PackageManager: updatedPkg = PackageSetting{9f6d2f5 com.google.android.apps.wellbeing/10230}
04-12 20:42:41.850942  1750  1750 W PackageManager: Relax SCAN_REQUIRE_KNOWN requirement for package com.google.android.apps.wellbeing
04-12 20:42:41.853233  1750  1750 D PackageManager: updatedPkg = PackageSetting{145f822 com.instagram.android/10297}
04-12 20:42:41.854352  1750  1750 W PackageManager: Relax SCAN_REQUIRE_KNOWN requirement for package com.instagram.android
04-12 20:42:41.860019  1750  1750 W PackageManager: Skipping provider name com.instagram.android.androidx-startup (in package com.instagram.android): name already used by com.instagram.android
04-12 20:42:41.861981  1750  1750 D PackageManager: updatedPkg = PackageSetting{e733762 com.google.android.gm/10246}
04-12 20:42:41.864502  1750  1750 W PackageManager: Relax SCAN_REQUIRE_KNOWN requirement for package com.google.android.gm
04-12 20:42:41.868811  1750  1750 D PackageManager: updatedPkg = PackageSetting{6d1b2a3 com.google.android.apps.youtube.music/10258}
04-12 20:42:41.869530  1750  1750 W PackageManager: Relax SCAN_REQUIRE_KNOWN requirement for package com.google.android.apps.youtube.music
04-12 20:42:41.871360  1750  1750 D PackageManager: updatedPkg = PackageSetting{c8feb9c com.google.android.apps.safetyhub/10227}
04-12 20:42:41.871987  1750  1750 W PackageManager: Relax SCAN_REQUIRE_KNOWN requirement for package com.google.android.apps.safetyhub
04-12 20:42:41.874133  1750  1750 D PackageManager: updatedPkg = PackageSetting{c5f7aa5 com.google.android.projection.gearhead/10212}
04-12 20:42:41.874752  1750  1750 W PackageManager: Relax SCAN_REQUIRE_KNOWN requirement for package com.google.android.projection.gearhead
04-12 20:42:41.877429  1750  1750 I PackageManager: Finished scanning non-system apps. Time: 109 ms, packageCount: 23 , timePerPackage: 4 , cached: 23
04-12 20:42:41.878400  1750  1750 W PackageManager: There should probably be exactly one storage manager; found 2: matches=[ResolveInfo{d2204c6 com.google.android.apps.nbu.files/.home.HomeActivity p=100 m=0x108000 userHandle=UserHandle{0}}, ResolveInfo{c148c87 com.android.storagemanager/.deletionhelper.DeletionHelperActivity m=0x108000 userHandle=UserHandle{0}}]
04-12 20:42:41.887534  1750  1750 I PackageManager: Time to scan packages: 0.76 seconds
04-12 20:42:41.900768  1750  1750 W AppIdPermissionPolicy: Ignoring permission android.permission.GLOBAL_SEARCH declared in system package android: already declared in another system package com.transsion.thub.res
04-12 20:42:41.900808  1750  1750 W AppIdPermissionPolicy: Ignoring permission android.permission.GLOBAL_SEARCH_CONTROL declared in system package android: already declared in another system package com.transsion.thub.res
04-12 20:42:41.900816  1750  1750 W AppIdPermissionPolicy: Ignoring permission android.permission.SET_WALLPAPER_COMPONENT declared in system package android: already declared in another system package com.transsion.thub.res
04-12 20:42:41.909253  1750  1750 W AppIdPermissionPolicy: Ignoring permission android.permission.GLOBAL_SEARCH declared in system package com.transsion: already declared in another system package com.transsion.thub.res
04-12 20:42:41.909294  1750  1750 W AppIdPermissionPolicy: Ignoring permission android.permission.GLOBAL_SEARCH_CONTROL declared in system package com.transsion: already declared in another system package com.transsion.thub.res
04-12 20:42:41.909305  1750  1750 W AppIdPermissionPolicy: Ignoring permission android.permission.SET_WALLPAPER_COMPONENT declared in system package com.transsion: already declared in another system package com.transsion.thub.res
04-12 20:42:41.909309  1750  1750 W AppIdPermissionPolicy: Ignoring permission android.permission.ADVANCED_WIDGET_API declared in system package com.transsion: already declared in another system package com.transsion.thub.res
04-12 20:42:41.915746  1750  1750 W AppIdPermissionPolicy: Ignoring permission android.permission.CONTROL_REMOTE_APP_TRANSITION_ANIMATIONS declared in system package com.transsion.kolun.aiservice: already declared in another system package android
04-12 20:42:41.919737  1750  1750 W AppIdPermissionPolicy: Ignoring permission com.transsion.aod.permission.ACCESS_RUNTIME_DATA_PROVIDER declared in system package com.android.systemui: already declared in another system package com.transsion.aod
04-12 20:42:41.923693  1750  1750 W AppIdPermissionPolicy: Ignoring permission os_noticenter.permission.CONFIG_PROVIDER declared in system package com.transsion.ossettingsext: already declared in another system package com.android.settings
04-12 20:42:41.928882  1750  1750 W AppIdPermissionPolicy: Ignoring permission android.permission.GLOBAL_SEARCH declared in system package com.mediatek: already declared in another system package com.transsion.thub.res
04-12 20:42:41.928919  1750  1750 W AppIdPermissionPolicy: Ignoring permission android.permission.GLOBAL_SEARCH_CONTROL declared in system package com.mediatek: already declared in another system package com.transsion.thub.res
04-12 20:42:41.928924  1750  1750 W AppIdPermissionPolicy: Ignoring permission android.permission.SET_WALLPAPER_COMPONENT declared in system package com.mediatek: already declared in another system package com.transsion.thub.res
04-12 20:42:41.928928  1750  1750 W AppIdPermissionPolicy: Ignoring permission android.permission.ADVANCED_WIDGET_API declared in system package com.mediatek: already declared in another system package com.transsion.thub.res
04-12 20:42:41.929533  1750  1750 W AppIdPermissionPolicy: Ignoring permission com.transsion.atomicbrain.permission.PERCEPTION_SUBSCRIPTION_INTERNAL declared in system package com.transsion.aivoiceassistant: already declared in another system package com.transsion.atomicbrain
04-12 20:42:41.929567  1750  1750 W AppIdPermissionPolicy: Ignoring permission com.transsion.permission.atomiccore.safe declared in system package com.transsion.aivoiceassistant: already declared in another system package com.transsion.atomiccore
04-12 20:42:41.938104  1750  1750 W AppIdPermissionPolicy: Ignoring permission com.google.android.c2dm.permission.RECEIVE declared in system package com.google.android.gms: already declared in another system package com.google.android.gsf
04-12 20:42:41.938145  1750  1750 W AppIdPermissionPolicy: Ignoring permission com.google.android.c2dm.permission.SEND declared in system package com.google.android.gms: already declared in another system package com.google.android.gsf
04-12 20:42:41.938151  1750  1750 W AppIdPermissionPolicy: Ignoring permission com.google.android.providers.settings.permission.WRITE_GSETTINGS declared in system package com.google.android.gms: already declared in another system package com.google.android.gsf
04-12 20:42:41.938161  1750  1750 W AppIdPermissionPolicy: Ignoring permission com.google.android.gtalkservice.permission.GTALK_SERVICE declared in system package com.google.android.gms: already declared in another system package com.google.android.gsf
04-12 20:42:41.938165  1750  1750 W AppIdPermissionPolicy: Ignoring permission com.google.android.providers.gsf.permission.READ_GSERVICES declared in system package com.google.android.gms: already declared in another system package com.google.android.gsf
04-12 20:42:41.938168  1750  1750 W AppIdPermissionPolicy: Ignoring permission com.google.android.providers.gsf.permission.WRITE_GSERVICES declared in system package com.google.android.gms: already declared in another system package com.google.android.gsf
04-12 20:42:41.938174  1750  1750 W AppIdPermissionPolicy: Ignoring permission com.android.vending.INTENT_VENDING_ONLY declared in system package com.google.android.gms: already declared in another system package com.google.android.gsf
04-12 20:42:41.974644  1750  1750 V PackageManager: reconcileAppsData for null u0 0x1 migrateAppData=true
04-12 20:42:42.124890  1750  1750 V PackageManager: reconcileAppsData finished 50 packages
04-12 20:42:42.125214  1750  1750 D PackageManagerTiming: write settings
04-12 20:42:42.125351  1750  2008 D SystemServerTimingAsync: InitThreadPoolExec:prepareAppData
04-12 20:42:42.125370  1750  2008 D SystemServerInitThreadPool: Started executing prepareAppData
04-12 20:42:42.152883  1750  1750 D SystemServiceManagerProxy: start com.android.server.pm.PackageInstallerService$Lifecycle@b910764
04-12 20:42:42.153040  1750  1750 V PackageManager: Ephemeral resolver found; pkg: com.google.android.gms, info:ResolveInfo{858cdcd com.google.android.gms/.chimera.PersistentBoundBrokerService m=0x108000 userHandle=null}
04-12 20:42:42.153062  1750  1750 D PackageManager: Set ephemeral resolver: ComponentInfo{com.google.android.gms/com.google.android.gms.chimera.PersistentBoundBrokerService}
04-12 20:42:42.153584  1750  1750 D PackageManager: Instant App installer not found with android.intent.action.INSTALL_INSTANT_APP_PACKAGE
04-12 20:42:42.153617  1750  1750 D PackageManager: Clear ephemeral installer activity
04-12 20:42:42.157785  1750  1750 I PackageManager: Fix for b/169414761 is applied
04-12 20:42:42.158752  1750  1916 I createLiteAppInfoLocked: packageInfo is null
04-12 20:42:42.160798  1750  1916 I createLiteAppInfoLocked: packageInfo is null
04-12 20:42:42.161137  1750  1916 I createLiteAppInfoLocked: packageInfo is null
04-12 20:42:42.161280  1750  1750 V UserSystemPackageInstaller: Checking that all system packages are whitelisted.
04-12 20:42:42.161611  1750  1750 W UserSystemPackageInstaller: checkWhitelistedSystemPackages(mode=ENFORCE|IMPLICIT_WHITELIST) has 67 warnings:
04-12 20:42:42.161620  1750  1750 W UserSystemPackageInstaller: com.android.theme.color.amethyst is allowlisted but not present.
04-12 20:42:42.161622  1750  1750 W UserSystemPackageInstaller: com.android.theme.icon.pebble is allowlisted but not present.
04-12 20:42:42.161625  1750  1750 W UserSystemPackageInstaller: com.android.internal.systemui.navbar.gestural_wide_back is allowlisted but not present.
04-12 20:42:42.161627  1750  1750 W UserSystemPackageInstaller: com.android.theme.color.sand is allowlisted but not present.
04-12 20:42:42.161630  1750  1750 W UserSystemPackageInstaller: com.android.theme.icon.vessel is allowlisted but not present.
04-12 20:42:42.161632  1750  1750 W UserSystemPackageInstaller: com.android.theme.color.cinnamon is allowlisted but not present.
04-12 20:42:42.161635  1750  1750 W UserSystemPackageInstaller: com.android.theme.icon_pack.victor.settings is allowlisted but not present.
04-12 20:42:42.161637  1750  1750 W UserSystemPackageInstaller: com.android.theme.icon_pack.rounded.systemui is allowlisted but not present.
04-12 20:42:42.161639  1750  1750 W UserSystemPackageInstaller: com.android.theme.icon.taperedrect is allowlisted but not present.
04-12 20:42:42.161641  1750  1750 W UserSystemPackageInstaller: com.android.documentsui is allowlisted but not present.
04-12 20:42:42.161643  1750  1750 W UserSystemPackageInstaller: com.android.quicksearchbox is allowlisted but not present.
04-12 20:42:42.161646  1750  1750 W UserSystemPackageInstaller: com.android.theme.icon_pack.rounded.android is allowlisted but not present.
04-12 20:42:42.161648  1750  1750 W UserSystemPackageInstaller: com.android.internal.systemui.onehanded.gestural is allowlisted but not present.
04-12 20:42:42.161651  1750  1750 W UserSystemPackageInstaller: com.google.android.verifier is allowlisted but not present.
04-12 20:42:42.161653  1750  1750 W UserSystemPackageInstaller: com.android.multiuser is allowlisted but not present.
04-12 20:42:42.161655  1750  1750 W UserSystemPackageInstaller: com.android.theme.icon_pack.victor.systemui is allowlisted but not present.
04-12 20:42:42.161658  1750  1750 W UserSystemPackageInstaller: com.android.theme.icon_pack.circular.themepicker is allowlisted but not present.
04-12 20:42:42.161660  1750  1750 W UserSystemPackageInstaller: com.android.theme.color.tangerine is allowlisted but not present.
04-12 20:42:42.161662  1750  1750 W UserSystemPackageInstaller: com.android.theme.color.aquamarine is allowlisted but not present.
04-12 20:42:42.161664  1750  1750 W UserSystemPackageInstaller: com.android.theme.color.black is allowlisted but not present.
04-12 20:42:42.161666  1750  1750 W UserSystemPackageInstaller: com.android.theme.color.green is allowlisted but not present.
04-12 20:42:42.161667  1750  1750 W UserSystemPackageInstaller: com.android.theme.color.ocean is allowlisted but not present.
04-12 20:42:42.161669  1750  1750 W UserSystemPackageInstaller: com.android.theme.color.space is allowlisted but not present.
04-12 20:42:42.161671  1750  1750 W UserSystemPackageInstaller: com.android.contacts is allowlisted but not present.
04-12 20:42:42.161672  1750  1750 W UserSystemPackageInstaller: com.android.camera2 is allowlisted but not present.
04-12 20:42:42.161674  1750  1750 W UserSystemPackageInstaller: com.android.theme.icon_pack.rounded.launcher is allowlisted but not present.
04-12 20:42:42.161675  1750  1750 W UserSystemPackageInstaller: com.android.theme.icon_pack.kai.settings is allowlisted but not present.
04-12 20:42:42.161677  1750  1750 W UserSystemPackageInstaller: com.android.internal.systemui.navbar.twobutton is allowlisted but not present.
04-12 20:42:42.161679  1750  1750 W UserSystemPackageInstaller: com.android.theme.icon_pack.sam.settings is allowlisted but not present.
04-12 20:42:42.161680  1750  1750 W UserSystemPackageInstaller: com.android.calendar is allowlisted but not present.
04-12 20:42:42.161682  1750  1750 W UserSystemPackageInstaller: com.android.internal.systemui.navbar.gestural_extra_wide_back is allowlisted but not present.
04-12 20:42:42.161683  1750  1750 W UserSystemPackageInstaller: com.android.theme.icon_pack.kai.themepicker is allowlisted but not present.
04-12 20:42:42.161685  1750  1750 W UserSystemPackageInstaller: com.android.theme.icon_pack.victor.launcher is allowlisted but not present.
04-12 20:42:42.161686  1750  1750 W UserSystemPackageInstaller: com.android.theme.icon_pack.filled.settings is allowlisted but not present.
04-12 20:42:42.161687  1750  1750 W UserSystemPackageInstaller: com.android.theme.icon_pack.kai.systemui is allowlisted but not present.
04-12 20:42:42.161689  1750  1750 W UserSystemPackageInstaller: com.android.theme.icon_pack.circular.settings is allowlisted but not present.
04-12 20:42:42.161691  1750  1750 W UserSystemPackageInstaller: com.android.privatespace is allowlisted but not present.
04-12 20:42:42.161692  1750  1750 W UserSystemPackageInstaller: com.android.theme.icon_pack.sam.systemui is allowlisted but not present.
04-12 20:42:42.161693  1750  1750 W UserSystemPackageInstaller: com.android.theme.icon.teardrop is allowlisted but not present.
04-12 20:42:42.161695  1750  1750 W UserSystemPackageInstaller: com.android.theme.icon_pack.rounded.themepicker is allowlisted but not present.
04-12 20:42:42.161696  1750  1750 W UserSystemPackageInstaller: com.android.dialer is allowlisted but not present.
04-12 20:42:42.161697  1750  1750 W UserSystemPackageInstaller: com.android.gallery3d is allowlisted but not present.
04-12 20:42:42.161699  1750  1750 W UserSystemPackageInstaller: com.android.theme.icon_pack.filled.systemui is allowlisted but not present.
04-12 20:42:42.161700  1750  1750 W UserSystemPackageInstaller: com.android.theme.icon_pack.sam.android is allowlisted but not present.
04-12 20:42:42.161701  1750  1750 W UserSystemPackageInstaller: com.android.theme.icon_pack.filled.android is allowlisted but not present.
04-12 20:42:42.161703  1750  1750 W UserSystemPackageInstaller: com.android.theme.icon_pack.circular.systemui is allowlisted but not present.
04-12 20:42:42.161704  1750  1750 W UserSystemPackageInstaller: com.android.inputmethod.latin is allowlisted but not present.
04-12 20:42:42.161706  1750  1750 W UserSystemPackageInstaller: com.android.theme.icon_pack.kai.android is allowlisted but not present.
04-12 20:42:42.161707  1750  1750 W UserSystemPackageInstaller: com.transsion.repaircard is allowlisted but not present.
04-12 20:42:42.161708  1750  1750 W UserSystemPackageInstaller: com.android.theme.icon_pack.kai.launcher is allowlisted but not present.
04-12 20:42:42.161710  1750  1750 W UserSystemPackageInstaller: com.android.theme.icon_pack.sam.launcher is allowlisted but not present.
04-12 20:42:42.161711  1750  1750 W UserSystemPackageInstaller: com.android.theme.icon.squircle is allowlisted but not present.
04-12 20:42:42.161713  1750  1750 W UserSystemPackageInstaller: com.android.theme.icon_pack.victor.android is allowlisted but not present.
04-12 20:42:42.161714  1750  1750 W UserSystemPackageInstaller: com.android.theme.color.palette is allowlisted but not present.
04-12 20:42:42.161715  1750  1750 W UserSystemPackageInstaller: com.android.theme.icon_pack.filled.launcher is allowlisted but not present.
04-12 20:42:42.161717  1750  1750 W UserSystemPackageInstaller: com.android.theme.color.carbon is allowlisted but not present.
04-12 20:42:42.161718  1750  1750 W UserSystemPackageInstaller: com.android.theme.icon_pack.circular.launcher is allowlisted but not present.
04-12 20:42:42.161720  1750  1750 W UserSystemPackageInstaller: com.android.theme.icon_pack.filled.themepicker is allowlisted but not present.
04-12 20:42:42.161721  1750  1750 W UserSystemPackageInstaller: com.android.theme.icon_pack.victor.themepicker is allowlisted but not present.
04-12 20:42:42.161723  1750  1750 W UserSystemPackageInstaller: com.android.theme.color.orchid is allowlisted but not present.
