04-12 20:42:42.161724  1750  1750 W UserSystemPackageInstaller: com.android.deskclock is allowlisted but not present.
04-12 20:42:42.161726  1750  1750 W UserSystemPackageInstaller: com.android.theme.color.purple is allowlisted but not present.
04-12 20:42:42.161730  1750  1750 W UserSystemPackageInstaller: com.android.theme.icon_pack.sam.themepicker is allowlisted but not present.
04-12 20:42:42.161732  1750  1750 W UserSystemPackageInstaller: com.android.theme.icon.roundedrect is allowlisted but not present.
04-12 20:42:42.161733  1750  1750 W UserSystemPackageInstaller: com.android.internal.systemui.navbar.gestural_narrow_back is allowlisted but not present.
04-12 20:42:42.161734  1750  1750 W UserSystemPackageInstaller: com.android.theme.icon_pack.rounded.settings is allowlisted but not present.
04-12 20:42:42.161736  1750  1750 W UserSystemPackageInstaller: com.android.theme.icon_pack.circular.android is allowlisted but not present.
04-12 20:42:42.162372  1750  1916 I createLiteAppInfoLocked: packageInfo is null
04-12 20:42:42.162446  1750  1916 I createLiteAppInfoLocked: packageInfo is null
04-12 20:42:42.163056  1750  1916 I createLiteAppInfoLocked: packageInfo is null
04-12 20:42:42.163147  1750  1916 I createLiteAppInfoLocked: packageInfo is null
04-12 20:42:42.163237  1750  1916 I createLiteAppInfoLocked: packageInfo is null
04-12 20:42:42.163547  1750  1916 I createLiteAppInfoLocked: packageInfo is null
04-12 20:42:42.164907  1750  1916 I createLiteAppInfoLocked: packageInfo is null
04-12 20:42:42.165387  1750  1750 I Watchdog: Resuming HandlerChecker: main thread for reason: packagemanagermain. Pause count: 0
04-12 20:42:42.165423  1750  1750 D SystemServerTiming: DexUseManagerLocal
04-12 20:42:42.166919  1750  1916 I createLiteAppInfoLocked: packageInfo is null
04-12 20:42:42.168480  1750  1916 I createLiteAppInfoLocked: packageInfo is null
04-12 20:42:42.169216  1750  1916 I createLiteAppInfoLocked: packageInfo is null
04-12 20:42:42.169237  1750  1916 I createLiteAppInfoLocked: packageInfo is null
04-12 20:42:42.169597  1750  1916 I createLiteAppInfoLocked: packageInfo is null
04-12 20:42:42.169995  1750  1916 I createLiteAppInfoLocked: packageInfo is null
04-12 20:42:42.170102  1750  1916 I createLiteAppInfoLocked: packageInfo is null
04-12 20:42:42.170212  1750  1916 I createLiteAppInfoLocked: packageInfo is null
04-12 20:42:42.171632  1750  1916 I createLiteAppInfoLocked: packageInfo is null
04-12 20:42:42.172014  1750  1916 I createLiteAppInfoLocked: packageInfo is null
04-12 20:42:42.172204  1750  1916 I createLiteAppInfoLocked: packageInfo is null
04-12 20:42:42.172875  1750  1916 I createLiteAppInfoLocked: packageInfo is null
04-12 20:42:42.172905  1750  1916 I createLiteAppInfoLocked: packageInfo is null
04-12 20:42:42.173172  1750  1916 I createLiteAppInfoLocked: packageInfo is null
04-12 20:42:42.173476  1750  1916 I createLiteAppInfoLocked: packageInfo is null
04-12 20:42:42.173727  1750  1916 I createLiteAppInfoLocked: packageInfo is null
04-12 20:42:42.173932  1750  1916 I createLiteAppInfoLocked: packageInfo is null
04-12 20:42:42.175946  1750  1916 I createLiteAppInfoLocked: packageInfo is null
04-12 20:42:42.177126  1750  1916 I createLiteAppInfoLocked: packageInfo is null
04-12 20:42:42.177446  1750  1916 I createLiteAppInfoLocked: packageInfo is null
04-12 20:42:42.178358  1750  1916 I createLiteAppInfoLocked: packageInfo is null
04-12 20:42:42.178426  1750  1916 I createLiteAppInfoLocked: packageInfo is null
04-12 20:42:42.178451  1750  1916 I createLiteAppInfoLocked: packageInfo is null
04-12 20:42:42.178618  1750  1916 I createLiteAppInfoLocked: packageInfo is null
04-12 20:42:42.178844  1750  1916 I createLiteAppInfoLocked: packageInfo is null
04-12 20:42:42.179092  1750  1916 I createLiteAppInfoLocked: packageInfo is null
04-12 20:42:42.179530  1750  1916 I createLiteAppInfoLocked: packageInfo is null
04-12 20:42:42.179649  1750  1916 I createLiteAppInfoLocked: packageInfo is null
04-12 20:42:42.179675  1750  1916 I createLiteAppInfoLocked: packageInfo is null
04-12 20:42:42.179682  1750  1916 I createLiteAppInfoLocked: packageInfo is null
04-12 20:42:42.181247  1750  1916 I PackageParsing: do not custom: com.android.settings.wallpaper.WallpaperSuggestionActivity
04-12 20:42:42.181392  1750  1916 I PackageParsing: do not custom: com.android.settings.TextReadingForSetupWizardActivity
04-12 20:42:42.184325  1750  1916 I createLiteAppInfoLocked: packageInfo is null
04-12 20:42:42.184443  1750  1936 I PackageParsing: do not custom: com.android.settings.wallpaper.WallpaperSuggestionActivity
04-12 20:42:42.184499  1750  1916 I createLiteAppInfoLocked: packageInfo is null
04-12 20:42:42.184581  1750  1916 I createLiteAppInfoLocked: packageInfo is null
04-12 20:42:42.184595  1750  1750 D SystemServerTiming: StartOtaDexOptService
04-12 20:42:42.184638  1750  1916 I createLiteAppInfoLocked: packageInfo is null
04-12 20:42:42.184654  1750  1936 I PackageParsing: do not custom: com.android.settings.TextReadingForSetupWizardActivity
04-12 20:42:42.184669  1750  1750 I Watchdog: Pausing HandlerChecker: main thread for reason: moveab. Pause count: 1
04-12 20:42:42.185312  1750  1750 D OTADexopt: No upgrade, skipping A/B artifacts check.
04-12 20:42:42.185355  1750  1750 I Watchdog: Resuming HandlerChecker: main thread for reason: moveab. Pause count: 0
04-12 20:42:42.185372  1750  1750 D SystemServerTiming: StartUserManagerService
04-12 20:42:42.185424  1750  1750 I SystemServiceManager: Starting com.android.server.pm.UserManagerService$LifeCycle
04-12 20:42:42.185796  1750  1916 I createLiteAppInfoLocked: packageInfo is null
04-12 20:42:42.185812  1750  1916 I createLiteAppInfoLocked: packageInfo is null
04-12 20:42:42.185818  1750  1916 I createLiteAppInfoLocked: packageInfo is null
04-12 20:42:42.185912  1750  1750 D SystemServiceManagerProxy: start com.android.server.pm.UserManagerService$LifeCycle@f7035
04-12 20:42:42.185935  1750  1750 D SystemServerTiming: InitAttributerCache
04-12 20:42:42.185980  1750  1750 D SystemServerTiming: SetSystemProcess
04-12 20:42:42.186111  1750  1916 I createLiteAppInfoLocked: packageInfo is null
04-12 20:42:42.188416  1750  1916 I createLiteAppInfoLocked: packageInfo is null
04-12 20:42:42.189376  1750  2011 V LegacyHistoricalRegistry: Interaction before persistence initialized
04-12 20:42:42.191076  1750  1750 D TranClassInfo: instance successfully. com.transsion.hubcore.server.am.TranProcessRecordImpl@e25d077 from com.transsion.hubcore.server.am.ITranProcessRecord
04-12 20:42:42.191416  1750  1750 D TranClassInfo: instance successfully. com.transsion.hubcore.server.am.TranProcessStateRecordImpl@725bb50 from com.transsion.hubcore.server.am.ITranProcessStateRecord
04-12 20:42:42.191828  1750  1750 D TranClassInfo: instance successfully. com.transsion.hubcore.server.am.TranProcessListImpl@b35a468 from com.transsion.hubcore.server.am.ITranProcessList
04-12 20:42:42.193965  1750  1750 D ActivityManager: StatsPullAtomService not ready yet
04-12 20:42:42.194141  1750  1750 D aegean_Logger: debugValue=000000000
04-12 20:42:42.194693  1750  1750 D aegean_Logger: save debug=000000000
04-12 20:42:42.196229  1750  1750 D os.ActivityManagerServiceLice: make process active system(1750)
04-12 20:42:42.197079  1750  1750 W aegean_AegeanHandler: postFgL handler is null
04-12 20:42:42.197523  1750  1750 D UsfSystemServer/systemSceneHooker: system not ready
04-12 20:42:42.202636  1750  1750 D TranClassInfo: instance successfully. com.transsion.performance.pqe.TranPqeServcieComponentImpl@f11fc58 from com.transsion.hubcore.pqe.ITranPqeServcieComponent
04-12 20:42:42.209616  1750  1750 D TranClassInfo: instance successfully. com.transsion.power.powerdata.TranPowerDataComponentImpl@99b71b1 from com.transsion.hubcore.powerdata.ITranPowerDataComponent
04-12 20:42:42.209643  1750  1750 D TranClassInfo: instance successfully. com.transsion.hubcore.server.wm.TranWindowManagerServiceImpl@3b98696 from com.transsion.hubcore.server.wm.ITranWindowManagerService
04-12 20:42:42.213000  1750  1925 I ActivityManager: Connection with lmkd established
04-12 20:42:42.214136  1380  2013 I storaged: storaged: Start
04-12 20:42:42.215090  1750  1750 D TranClassInfo: instance successfully. com.transsion.hubcore.server.am.TranOomAdjusterImpl@401b7a5 from com.transsion.hubcore.server.am.ITranOomAdjuster
04-12 20:42:42.219644  1750  1750 D ActivityManager: StatsPullAtomService not ready yet
04-12 20:42:42.221396  1750  1750 D SystemServerTiming: InitWatchdog
04-12 20:42:42.224071  1750  1750 D SystemServerTiming: StartOverlayManagerService
04-12 20:42:42.233322  1750  1750 I OverlayManager: Updating overlays for starting user 0
04-12 20:42:42.473559  1750  1750 D SystemServiceManagerProxy: start com.android.server.om.OverlayManagerService@fed8be7
04-12 20:42:42.473590  1750  1750 D SystemServerTiming: StartResourcesManagerService
04-12 20:42:42.474235  1750  1750 D SystemServiceManagerProxy: start com.android.server.resources.ResourcesManagerService@8875587
04-12 20:42:42.474275  1750  1750 D SystemServerTiming: StartSensorPrivacyService
04-12 20:42:42.475188  1750  1877 V Configuration: Updating configuration, locales updated from [] to [zh_CN_#Hans]
04-12 20:42:42.477840  1750  1877 W ActivityTaskManager: Skip updateConfiguration because mWindowManager isn't set
04-12 20:42:42.479399  1750  1877 W BroadcastLoopers: Found previously unknown looper Thread[android.fg,5,main]
04-12 20:42:42.482101  1750  1750 D SystemServiceManagerProxy: start com.android.server.sensorprivacy.SensorPrivacyService@8fb82ac
04-12 20:42:42.482247  1750  1750 D SystemServerTiming: StartSensorService
04-12 20:42:42.482264  1750  1750 I SystemServiceManager: Starting com.android.server.sensors.SensorService
04-12 20:42:42.482583  1750  1750 D SystemServiceManagerProxy: start com.android.server.sensors.SensorService@83e8d62
04-12 20:42:42.482633  1750  1750 I MtkSystemServerImpl: startMtkBootstrapServices
04-12 20:42:42.482652  1750  1750 D SystemServerTiming: startCoreServices
04-12 20:42:42.482670  1750  1750 D SystemServerTiming: StartSystemConfigService
04-12 20:42:42.482713  1750  1750 I SystemServiceManager: Starting com.android.server.SystemConfigService
04-12 20:42:42.483521  1750  1750 D SystemServiceManagerProxy: start com.android.server.SystemConfigService@cf7d74f
04-12 20:42:42.483555  1750  1750 D SystemServerTiming: StartBatteryService
04-12 20:42:42.483655  1750  1750 I SystemServiceManager: Starting com.android.server.BatteryService
04-12 20:42:42.484350  1750  2039 D SystemServerTimingAsync: InitThreadPoolExec:StartNativeSensorService
04-12 20:42:42.484360  1750  2039 D SystemServerInitThreadPool: Started executing StartNativeSensorService
04-12 20:42:42.484372  1750  2039 D SystemServerTimingAsync: StartNativeSensorService
04-12 20:42:42.485031  1750  1750 D TranClassInfo: instance successfully. com.transsion.hubcore.server.battery.TranBatteryServiceImpl@e3f6161 from com.transsion.hubcore.server.battery.ITranBatteryService
04-12 20:42:42.490952  1750  2039 V LegacyHistoricalRegistry: Interaction before persistence initialized
04-12 20:42:42.491844  1750  2039 D SystemServerInitThreadPool: Finished executing StartNativeSensorService
04-12 20:42:42.492980  1750  1750 D TranClassInfo: instance successfully. com.transsion.power.lowbatterynotify.TranLowBatteryNotifyImpl@a38cae3 from com.transsion.hubcore.lowbatterynotify.ITranLowBatteryNotifyComponent
04-12 20:42:42.493216  1750  1750 D TranClassInfo: instance successfully. com.transsion.hubcore.server.trancharge.TranChargeServiceImpl@691bce0 from com.transsion.hubcore.server.trancharge.ITranChargeService
04-12 20:42:42.502638  1750  2011 W TranClassInfo: instance failed. com.transsion.hubcore.server.eventtrack.TranAIChargingEventTrackExtImpl from com.transsion.hubcore.server.eventtrack.ITranAIChargingEventTrackExt
04-12 20:42:42.502638  1750  2011 W TranClassInfo: java.lang.ClassNotFoundException: com.transsion.hubcore.server.eventtrack.TranAIChargingEventTrackExtImpl
04-12 20:42:42.502638  1750  2011 W TranClassInfo: 	at java.lang.Class.classForName(Native Method)
04-12 20:42:42.502638  1750  2011 W TranClassInfo: 	at java.lang.Class.forName(Class.java:591)
04-12 20:42:42.502638  1750  2011 W TranClassInfo: 	at com.transsion.hubcore.utils.TranClassInfo.getImpl(TranClassInfo.java:73)
04-12 20:42:42.502638  1750  2011 W TranClassInfo: 	at com.transsion.hubcore.server.eventtrack.ITranAIChargingEventTrackExt.Instance(ITranAIChargingEventTrackExt.java:17)
04-12 20:42:42.502638  1750  2011 W TranClassInfo: 	at com.android.server.BatteryService.processValuesLocked(BatteryService.java:1257)
04-12 20:42:42.502638  1750  2011 W TranClassInfo: 	at com.android.server.BatteryService.update(BatteryService.java:973)
04-12 20:42:42.502638  1750  2011 W TranClassInfo: 	at com.android.server.BatteryService$$ExternalSyntheticLambda10.update(R8$$SyntheticClass:0)
04-12 20:42:42.502638  1750  2011 W TranClassInfo: 	at com.android.server.health.HealthRegCallbackAidl$HalInfoCallback.healthInfoChanged(HealthRegCallbackAidl.java:116)
04-12 20:42:42.502638  1750  2011 W TranClassInfo: 	at android.hardware.health.IHealthInfoCallback$Stub.onTransact(IHealthInfoCallback.java:95)
04-12 20:42:42.502638  1750  2011 W TranClassInfo: 	at android.os.Binder.execTransactInternal(Binder.java:1451)
04-12 20:42:42.502638  1750  2011 W TranClassInfo: 	at android.os.Binder.execTransact(Binder.java:1381)
04-12 20:42:42.502638  1750  2011 W TranClassInfo: Caused by: java.lang.ClassNotFoundException: com.transsion.hubcore.server.eventtrack.TranAIChargingEventTrackExtImpl
04-12 20:42:42.502638  1750  2011 W TranClassInfo: 	... 11 more
04-12 20:42:42.502709  1750  2011 D TranClassInfo: using com.transsion.hubcore.server.eventtrack.ITranAIChargingEventTrackExt$DefaultImpl@4639855 instead of com.transsion.hubcore.server.eventtrack.TranAIChargingEventTrackExtImpl from com.transsion.hubcore.server.eventtrack.ITranAIChargingEventTrackExt
04-12 20:42:42.507859  1750  2011 D TranClassInfo: instance successfully. com.transsion.power.aicharge.TranAIChargeImpl@b2cb36 from com.transsion.hubcore.aicharge.ITranAIChargeComponent
04-12 20:42:42.508114  1750  2011 I TranAIChargingController: mInitialized：false，mReady：false,PlugType:2
04-12 20:42:42.508156  1750  2011 D TranHBMManagerService: mInitialized is false
04-12 20:42:42.508838  1750  2011 W TranClassInfo: instance failed. com.transsion.server.power.battery.TranBatteryComponentImpl from com.transsion.hubcore.battery.ITranBatteryComponent
04-12 20:42:42.508838  1750  2011 W TranClassInfo: java.lang.ClassNotFoundException: com.transsion.server.power.battery.TranBatteryComponentImpl
04-12 20:42:42.508838  1750  2011 W TranClassInfo: 	at java.lang.Class.classForName(Native Method)
04-12 20:42:42.508838  1750  2011 W TranClassInfo: 	at java.lang.Class.forName(Class.java:591)
04-12 20:42:42.508838  1750  2011 W TranClassInfo: 	at com.transsion.hubcore.utils.TranClassInfo.getImpl(TranClassInfo.java:124)
04-12 20:42:42.508838  1750  2011 W TranClassInfo: 	at com.transsion.hubcore.battery.ITranBatteryComponent.Instance(ITranBatteryComponent.java:33)
04-12 20:42:42.508838  1750  2011 W TranClassInfo: 	at com.transsion.hubcore.server.trancharge.TranChargeServiceImpl.sendBatteryChangedIntentLocked(TranChargeServiceImpl.java:71)
04-12 20:42:42.508838  1750  2011 W TranClassInfo: 	at com.android.server.BatteryService.sendBatteryChangedIntentLocked(BatteryService.java:1353)
04-12 20:42:42.508838  1750  2011 W TranClassInfo: 	at com.android.server.BatteryService.processValuesLocked(BatteryService.java:1272)
04-12 20:42:42.508838  1750  2011 W TranClassInfo: 	at com.android.server.BatteryService.update(BatteryService.java:973)
04-12 20:42:42.508838  1750  2011 W TranClassInfo: 	at com.android.server.BatteryService$$ExternalSyntheticLambda10.update(R8$$SyntheticClass:0)
04-12 20:42:42.508838  1750  2011 W TranClassInfo: 	at com.android.server.health.HealthRegCallbackAidl$HalInfoCallback.healthInfoChanged(HealthRegCallbackAidl.java:116)
04-12 20:42:42.508838  1750  2011 W TranClassInfo: 	at android.hardware.health.IHealthInfoCallback$Stub.onTransact(IHealthInfoCallback.java:95)
04-12 20:42:42.508838  1750  2011 W TranClassInfo: 	at android.os.Binder.execTransactInternal(Binder.java:1451)
04-12 20:42:42.508838  1750  2011 W TranClassInfo: 	at android.os.Binder.execTransact(Binder.java:1381)
04-12 20:42:42.508838  1750  2011 W TranClassInfo: Caused by: java.lang.ClassNotFoundException: com.transsion.server.power.battery.TranBatteryComponentImpl
04-12 20:42:42.508838  1750  2011 W TranClassInfo: 	... 13 more
04-12 20:42:42.508901  1750  2011 D TranClassInfo: using com.transsion.hubcore.battery.ITranBatteryComponent$1@c077d0d instead of [com.transsion.server.power.battery.TranBatteryComponentImpl] from com.transsion.hubcore.battery.ITranBatteryComponent
04-12 20:42:42.509858  1750  1750 I HealthServiceWrapperAidl: health: HealthServiceWrapper listening to AIDL HAL
04-12 20:42:42.509911  1750  1750 I BatteryService: health: Waited 0ms and received the update.
04-12 20:42:42.509935  1750  1750 D TranChargeServiceLice: registerTranChargeCallback
04-12 20:42:42.511936  1750  1860 D TranChargeRegCallbackAidl: updateTranChargeInfo:TranChargeInfo:{deviceNodeFunc=batHealthLevel, chargeType=0, chargePower=0, mutilevelControl=0, portableChargerPluging=0, portableChargerLevel=0, batHealthLevel=4, batHealthPrecent=0, batHealthPrecent1=0, batCycle=0, batCycle1=0, realUiSoc=0, wlsMagnFan=0, batMacDate=, batMacDate1=, phoneActiveDate=, phoneActiveDate1=, waterDetName=, waterDetState=0, c2cPdConnect=0, c2cVbusShort=0, c2cState=0, aichgState=0, bypassChgState=0, smartChgState=0, aiBigData=, batNotifyCode=0, wlsReverseState=0, wlsReverseChgRead=0, wlsReverseExit=0, wlsKomState=0, callCmdRead=0, komCmdState=0, multiColorType=0, startDecimalSoc=0, customDischg=0, decimaSoc=0.0, taCtrlStat=0, handheldDetection=0, portName=, portState=0, siPowerOffVbat=0, bootTimeStamp=17283008308, repairResult=0, lastCycleCount=0, intRev1=0, intRev2=0, intRev3=0, stingRev1=, stingRev2=, stingRev3=, wlsChargeSupport=0}
04-12 20:42:42.512131  1750  1860 I TranAIChargingController: mInitialized：false，mReady：false,PlugType:2
04-12 20:42:42.512167  1750  1860 D TranHBMManagerService: mInitialized is false
04-12 20:42:42.512271  1750  1750 I TranChargeServiceWrapperAidl: tranCharge: TranChargeServiceWrapper listening to AIDL HAL
04-12 20:42:42.512559  1750  1860 I TranChargeServiceLice: updateTranChargeInfo: TranChargeInfo:{deviceNodeFunc=batHealthLevel, chargeType=0, chargePower=0, mutilevelControl=0, portableChargerPluging=0, portableChargerLevel=0, batHealthLevel=4, batHealthPrecent=0, batHealthPrecent1=0, batCycle=0, batCycle1=0, realUiSoc=0, wlsMagnFan=0, batMacDate=, batMacDate1=, phoneActiveDate=, phoneActiveDate1=, waterDetName=, waterDetState=0, c2cPdConnect=0, c2cVbusShort=0, c2cState=0, aichgState=0, bypassChgState=0, smartChgState=0, aiBigData=, batNotifyCode=0, wlsReverseState=0, wlsReverseChgRead=0, wlsReverseExit=0, wlsKomState=0, callCmdRead=0, komCmdState=0, multiColorType=0, startDecimalSoc=0, customDischg=0, decimaSoc=0.0, taCtrlStat=0, handheldDetection=0, portName=, portState=0, siPowerOffVbat=0, bootTimeStamp=17283008308, repairResult=0, lastCycleCount=0, intRev1=0, intRev2=0, intRev3=0, stingRev1=, stingRev2=, stingRev3=, wlsChargeSupport=0} seq: 1
04-12 20:42:42.512635  1750  1750 I TranChargeServiceLice: TranCharge: Waited 0ms and received the update.
04-12 20:42:42.513284  1750  1750 D SystemServiceManagerProxy: start com.android.server.BatteryService@6232d3
04-12 20:42:42.513303  1750  1750 D SystemServerTiming: StartUsageService
04-12 20:42:42.513441  1750  1750 I SystemServiceManager: Starting com.android.server.usage.UsageStatsService
04-12 20:42:42.519228  1750  1750 D SystemServiceManagerProxy: start com.android.server.usage.UsageStatsService@887e535
04-12 20:42:42.519750  1750  1750 D SystemServerTiming: StartWebViewUpdateService
04-12 20:42:42.519926  1750  1750 I SystemServiceManager: Starting com.android.server.webkit.WebViewUpdateService
04-12 20:42:42.521483  1750  1750 D SystemServiceManagerProxy: start com.android.server.webkit.WebViewUpdateService@10c85ed
04-12 20:42:42.521518  1750  1750 D SystemServerTiming: StartCachedDeviceStateService
04-12 20:42:42.521554  1750  1750 I SystemServiceManager: Starting com.android.server.CachedDeviceStateService
04-12 20:42:42.521640  1750  1750 D SystemServiceManagerProxy: start com.android.server.CachedDeviceStateService@bf1e470
04-12 20:42:42.521664  1750  1750 D SystemServerTiming: StartBinderCallsStatsService
04-12 20:42:42.521705  1750  1750 I SystemServiceManager: Starting com.android.server.BinderCallsStatsService$LifeCycle
04-12 20:42:42.522200  1750  1750 D SystemServiceManagerProxy: start com.android.server.BinderCallsStatsService$LifeCycle@77ceb0f
04-12 20:42:42.522234  1750  1750 D SystemServerTiming: StartLooperStatsService
04-12 20:42:42.522259  1750  1750 I SystemServiceManager: Starting com.android.server.LooperStatsService$Lifecycle
04-12 20:42:42.522576  1750  1750 D SystemServiceManagerProxy: start com.android.server.LooperStatsService$Lifecycle@2a7292b
04-12 20:42:42.522603  1750  1750 D SystemServerTiming: StartRollbackManagerService
04-12 20:42:42.522633  1750  1750 I SystemServiceManager: Starting com.android.server.rollback.RollbackManagerService
04-12 20:42:42.525707  1750  1750 I PackageWatchdog: Syncing state, reason: added new observer
04-12 20:42:42.525757  1750  1750 I PackageWatchdog: Not pruning observers, elapsed time: 0ms
04-12 20:42:42.525946  1750  1932 I PackageWatchdog: Saving observer state to file
04-12 20:42:42.529277  1750  1750 D SystemServiceManagerProxy: start com.android.server.rollback.RollbackManagerService@858990b
04-12 20:42:42.529299  1750  1750 D SystemServerTiming: StartNativeTombstoneManagerService
04-12 20:42:42.529335  1750  1750 I SystemServiceManager: Starting com.android.server.os.NativeTombstoneManagerService
04-12 20:42:42.530271  1750  1750 D SystemServiceManagerProxy: start com.android.server.os.NativeTombstoneManagerService@bd98130
04-12 20:42:42.530311  1750  1750 D SystemServerTiming: StartBugreportManagerService
04-12 20:42:42.530339  1750  1750 I SystemServiceManager: Starting com.android.server.os.BugreportManagerService
04-12 20:42:42.530967  1750  1750 D SystemServiceManagerProxy: start com.android.server.os.BugreportManagerService@828f32e
04-12 20:42:42.530992  1750  1750 D SystemServerTiming: GpuService
04-12 20:42:42.531002  1750  1750 I SystemServiceManager: Starting com.android.server.gpu.GpuService
04-12 20:42:42.531181  1750  1750 D SystemServiceManagerProxy: start com.android.server.gpu.GpuService@2204648
04-12 20:42:42.531213  1750  1750 D SystemServerProxy: onCoreServicesStarted
04-12 20:42:42.535343  1750  1750 I SystemServiceManager: Starting com.transsion.kolun.server.SmartSystemService
04-12 20:42:42.536222  1750  1750 D SystemServiceManagerProxy: start com.transsion.kolun.server.SmartSystemService@e67961d
04-12 20:42:42.536261  1750  1750 D SystemServerTiming: StartRemoteProvisioningService
04-12 20:42:42.536290  1750  1750 I SystemServiceManager: Starting com.android.server.security.rkp.RemoteProvisioningService
04-12 20:42:42.536695  1750  1750 D SystemServiceManagerProxy: start com.android.server.security.rkp.RemoteProvisioningService@5001a63
04-12 20:42:42.536726  1750  1750 D SystemServerTiming: CpuMonitorService
04-12 20:42:42.536775  1750  1750 I SystemServiceManager: Starting com.android.server.cpu.CpuMonitorService
04-12 20:42:42.541272  1750  1750 D SystemServiceManagerProxy: start com.android.server.cpu.CpuMonitorService@5ce83de
04-12 20:42:42.541314  1750  1750 I MtkSystemServerImpl: startMtkCoreServices 
04-12 20:42:42.541323  1750  1750 D SystemServerTiming: startOtherServices
04-12 20:42:42.541612  1750  1750 W TranClassInfo: instance failed. com.transsion.storage.xmlprotect.TranXmlProtectVerifyComponentImpl from com.transsion.hubcore.fileprotect.ITranXmlProtectVerifyComponent
04-12 20:42:42.541612  1750  1750 W TranClassInfo: java.lang.ClassNotFoundException: com.transsion.storage.xmlprotect.TranXmlProtectVerifyComponentImpl
04-12 20:42:42.541612  1750  1750 W TranClassInfo: 	at java.lang.Class.classForName(Native Method)
04-12 20:42:42.541612  1750  1750 W TranClassInfo: 	at java.lang.Class.forName(Class.java:591)
04-12 20:42:42.541612  1750  1750 W TranClassInfo: 	at com.transsion.hubcore.utils.TranClassInfo.getImpl(TranClassInfo.java:124)
04-12 20:42:42.541612  1750  1750 W TranClassInfo: 	at com.transsion.hubcore.fileprotect.ITranXmlProtectVerifyComponent.Instance(ITranXmlProtectVerifyComponent.java:18)
04-12 20:42:42.541612  1750  1750 W TranClassInfo: 	at com.transsion.hubcore.server.TranSystemServerImpl.startDefaultFileBackup(TranSystemServerImpl.java:178)
04-12 20:42:42.541612  1750  1750 W TranClassInfo: 	at com.android.server.SystemServer.startOtherServices(SystemServer.java:1629)
04-12 20:42:42.541612  1750  1750 W TranClassInfo: 	at com.android.server.SystemServer.run(SystemServer.java:1075)
04-12 20:42:42.541612  1750  1750 W TranClassInfo: 	at com.android.server.SystemServer.main(SystemServer.java:761)
04-12 20:42:42.541612  1750  1750 W TranClassInfo: 	at java.lang.reflect.Method.invoke(Native Method)
04-12 20:42:42.541612  1750  1750 W TranClassInfo: 	at com.android.internal.os.RuntimeInit$MethodAndArgsCaller.run(RuntimeInit.java:629)
04-12 20:42:42.541612  1750  1750 W TranClassInfo: 	at com.android.internal.os.ZygoteInit.main(ZygoteInit.java:1002)
04-12 20:42:42.541612  1750  1750 W TranClassInfo: Caused by: java.lang.ClassNotFoundException: com.transsion.storage.xmlprotect.TranXmlProtectVerifyComponentImpl
04-12 20:42:42.541612  1750  1750 W TranClassInfo: 	... 11 more
04-12 20:42:42.541658  1750  1750 D TranClassInfo: using com.transsion.hubcore.fileprotect.ITranXmlProtectVerifyComponent$1@e446bd5 instead of [com.transsion.storage.xmlprotect.TranXmlProtectVerifyComponentImpl] from com.transsion.hubcore.fileprotect.ITranXmlProtectVerifyComponent
04-12 20:42:42.541942  1750  1750 D SystemServerTiming: StartKeyAttestationApplicationIdProviderService
04-12 20:42:42.542267  1750  2070 D SystemServerTimingAsync: InitThreadPoolExec:SecondaryZygotePreload
04-12 20:42:42.542287  1750  2070 D SystemServerInitThreadPool: Started executing SecondaryZygotePreload
04-12 20:42:42.542296  1750  2070 I SystemServer: SecondaryZygotePreload
04-12 20:42:42.542304  1750  2070 D SystemServerTimingAsync: SecondaryZygotePreload
04-12 20:42:42.542317  1750  2070 D SystemServerInitThreadPool: Finished executing SecondaryZygotePreload
04-12 20:42:42.542388  1750  1750 D SystemServerTiming: StartKeyChainSystemService
04-12 20:42:42.542429  1750  1750 I SystemServiceManager: Starting com.android.server.security.KeyChainSystemService
04-12 20:42:42.542601  1750  1750 D SystemServiceManagerProxy: start com.android.server.security.KeyChainSystemService@f128d24
04-12 20:42:42.542634  1750  1750 D SystemServerTiming: StartBinaryTransparencyService
04-12 20:42:42.542696  1750  1750 I SystemServiceManager: Starting com.android.server.BinaryTransparencyService
04-12 20:42:42.543112  1750  1750 I TransparencyService: Started BinaryTransparencyService
04-12 20:42:42.543146  1750  1750 D SystemServiceManagerProxy: start com.android.server.BinaryTransparencyService@427a242
04-12 20:42:42.543158  1750  1750 D SystemServerTiming: StartSchedulingPolicyService
04-12 20:42:42.543716  1750  1750 D SystemServerTiming: StartTelecomLoaderService
04-12 20:42:42.543763  1750  1750 I SystemServiceManager: Starting com.android.server.telecom.TelecomLoaderService
04-12 20:42:42.543871  1750  1750 D SystemServiceManagerProxy: start com.android.server.telecom.TelecomLoaderService@c6c5889
04-12 20:42:42.543892  1750  1750 D SystemServerTiming: StartTelephonyRegistry
04-12 20:42:42.544137  1750  2071 D SystemServerTimingAsync: InitThreadPoolExec:SchedulingPolicyService.<init>
04-12 20:42:42.544294  1750  2071 D SystemServerInitThreadPool: Started executing SchedulingPolicyService.<init>
04-12 20:42:42.544821  1750  1750 D SystemServerTiming: StartEntropyMixer
04-12 20:42:42.545211  1750  1750 I EntropyMixer: Loaded existing seed file
04-12 20:42:42.546234  1750  1750 I EntropyMixer: Updated seed file
04-12 20:42:42.546426  1750  1750 D SystemServerTiming: StartAccountManagerService
04-12 20:42:42.546472  1750  1750 I SystemServiceManager: Starting com.android.server.accounts.AccountManagerService$Lifecycle
04-12 20:42:42.548821  1750  1750 D SystemServiceManagerProxy: start com.android.server.accounts.AccountManagerService$Lifecycle@e277f52
04-12 20:42:42.548881  1750  1750 D SystemServerTiming: StartContentService
04-12 20:42:42.548918  1750  1750 I SystemServiceManager: Starting com.android.server.content.ContentService$Lifecycle
04-12 20:42:42.549648  1750  1750 D SystemServiceManagerProxy: start com.android.server.content.ContentService$Lifecycle@5b47595
04-12 20:42:42.549672  1750  1750 D SystemServerTiming: InstallSystemProviders
04-12 20:42:42.550431  1750  1750 D TranClassInfo: instance successfully. com.transsion.hubcore.server.am.TranContentProviderRecordImpl@fe7a6aa from com.transsion.hubcore.server.am.ITranContentProviderRecord
04-12 20:42:42.553174  1750  1750 V Configuration: Updating configuration, locales updated from [] to [zh_CN_#Hans]
04-12 20:42:42.553318  1750  2008 W PackageManager: Skipping preparing app data for com.google.android.devicelock
04-12 20:42:42.553459  1750  2008 W PackageManager: Skipping preparing app data for com.google.android.tzdata6
04-12 20:42:42.553568  1750  2008 W PackageManager: Skipping preparing app data for com.google.android.ondevicepersonalization
04-12 20:42:42.553946  1750  2008 W PackageManager: Skipping preparing app data for com.transsion.mi.os.framework
04-12 20:42:42.553984  1750  2008 W PackageManager: Skipping preparing app data for com.google.android.media.swcodec
04-12 20:42:42.554462  1750  2008 W PackageManager: Skipping preparing app data for com.google.android.os.statsd
04-12 20:42:42.554555  1750  2008 W PackageManager: Skipping preparing app data for com.google.android.widevine.nonupdatable
04-12 20:42:42.554636  1750  2008 W PackageManager: Skipping preparing app data for com.transsion.connectivity
04-12 20:42:42.554736  1750  2008 W PackageManager: Skipping preparing app data for com.google.android.extservices
04-12 20:42:42.554771  1750  2008 W PackageManager: Skipping preparing app data for com.google.android.sdksandbox
04-12 20:42:42.554862  1750  2008 W PackageManager: Skipping preparing app data for com.google.android.healthfitness
04-12 20:42:42.554972  1750  2008 W PackageManager: Skipping preparing app data for com.scorpio.sc.core
04-12 20:42:42.555015  1750  2008 W PackageManager: Skipping preparing app data for com.google.android.ipsec
04-12 20:42:42.555022  1750  2008 W PackageManager: Skipping preparing app data for com.google.android.media
04-12 20:42:42.555069  1750  2008 W PackageManager: Skipping preparing app data for com.android.bt
04-12 20:42:42.555103  1750  2008 W PackageManager: Skipping preparing app data for com.google.android.uprobestats
04-12 20:42:42.555115  1750  2008 W PackageManager: Skipping preparing app data for com.android.i18n
04-12 20:42:42.555126  1750  2008 W PackageManager: Skipping preparing app data for com.android.virt
04-12 20:42:42.555190  1750  2008 W PackageManager: Skipping preparing app data for com.google.android.appsearch
04-12 20:42:42.555222  1750  2008 W PackageManager: Skipping preparing app data for com.google.android.configinfrastructure
04-12 20:42:42.555264  1750  2008 W PackageManager: Skipping preparing app data for com.android.runtime
04-12 20:42:42.555298  1750  2008 W PackageManager: Skipping preparing app data for com.google.android.cellbroadcast
04-12 20:42:42.555304  1750  2008 W PackageManager: Skipping preparing app data for com.android.apex.cts.shim
04-12 20:42:42.555313  1750  2008 W PackageManager: Skipping preparing app data for com.android.compos
04-12 20:42:42.555331  1750  2008 W PackageManager: Skipping preparing app data for com.google.android.resolv
04-12 20:42:42.555347  1750  2008 W PackageManager: Skipping preparing app data for com.google.android.sdkext
04-12 20:42:42.555363  1750  2008 W PackageManager: Skipping preparing app data for com.google.android.art
04-12 20:42:42.555406  1750  2008 W PackageManager: Skipping preparing app data for com.google.android.uwb
04-12 20:42:42.555493  1750  2008 W PackageManager: Skipping preparing app data for com.android.hardware.cas
04-12 20:42:42.555539  1750  2008 W PackageManager: Skipping preparing app data for com.google.android.adservices
04-12 20:42:42.555603  1750  2008 W PackageManager: Skipping preparing app data for com.google.android.crashrecovery
04-12 20:42:42.555642  1750  2008 W PackageManager: Skipping preparing app data for com.transsion.kolun
04-12 20:42:42.555648  1750  2008 W PackageManager: Skipping preparing app data for com.transsion.phone
04-12 20:42:42.555669  1750  2008 W PackageManager: Skipping preparing app data for com.google.android.scheduling
04-12 20:42:42.555704  1750  2008 W PackageManager: Skipping preparing app data for com.google.android.mediaprovider
04-12 20:42:42.555737  1750  2008 W PackageManager: Skipping preparing app data for com.google.android.permission
04-12 20:42:42.555807  1750  2008 W PackageManager: Skipping preparing app data for com.google.android.profiling
04-12 20:42:42.555825  1750  2008 W PackageManager: Skipping preparing app data for com.android.vndk.v31
04-12 20:42:42.555836  1750  2008 W PackageManager: Skipping preparing app data for com.android.vndk.v33
04-12 20:42:42.555840  1750  2008 W PackageManager: Skipping preparing app data for com.android.vndk.v34
04-12 20:42:42.555944  1750  2008 W PackageManager: Skipping preparing app data for com.transsion.thub.core
04-12 20:42:42.555974  1750  2008 W PackageManager: Skipping preparing app data for com.google.android.neuralnetworks
04-12 20:42:42.555982  1750  2008 W PackageManager: Skipping preparing app data for com.google.android.tethering
04-12 20:42:42.556023  1750  2008 W PackageManager: Skipping preparing app data for com.google.android.adbd
04-12 20:42:42.556044  1750  2008 W PackageManager: Skipping preparing app data for com.google.android.rkpd
04-12 20:42:42.556049  1750  2008 W PackageManager: Skipping preparing app data for com.google.android.wifi
04-12 20:42:42.556077  1750  2008 W PackageManager: Skipping preparing app data for com.google.android.conscrypt
04-12 20:42:42.556211  1750  2008 W PackageManager: Skipping preparing app data for com.android.nfcservices
04-12 20:42:42.560293  1750  2071 D SystemServerInitThreadPool: Finished executing SchedulingPolicyService.<init>
04-12 20:42:42.651380  1750  1750 I SettingsState: 0 flag override requests created
04-12 20:42:42.675089  1750  1750 V Configuration: Updating configuration, locales updated from [] to [zh_CN_#Hans]
04-12 20:42:42.699516  1750  1750 D ActivityTaskManager: isControllerAMonkey mController = null,mControllerIsAMonkey = false
04-12 20:42:42.699591  1750  1750 I PackageManager: setEnabledSettings callingUid = 1000 callingPid = 1750 packageName = com.android.shell componentName = ComponentInfo{com.android.shell/com.android.shell.BugreportStorageProvider} callingPackage= android newState = 1 userId = 0 flags = 0
04-12 20:42:42.710378  1750  1750 D ActivityManager: Freezer timeout set to 10000
04-12 20:42:42.710424  1750  1750 D ActivityManager: Freezer exemption set to false
04-12 20:42:42.710447  1750  1750 D Freezer/CloudSwitch: mUseFreezer= true mFreezerCloudSwitch= true mSkipRepeat= false
04-12 20:42:42.710626  1750  1922 D ActivityManager: Freezer enabled
04-12 20:42:42.710720  1750  1922 D ActivityManager: freezer override set to false
04-12 20:42:42.711831  1750  1750 I SystemServiceManager: Starting com.android.server.deviceconfig.DeviceConfigInit$Lifecycle
04-12 20:42:42.712183  1750  1750 I DeviceConfig: Bootstrap values not found
04-12 20:42:42.712772  1750  1750 D SystemServiceManagerProxy: start com.android.server.deviceconfig.DeviceConfigInit$Lifecycle@9ae8d16
04-12 20:42:42.712825  1750  1750 D SystemServerTiming: StartDropBoxManager
04-12 20:42:42.712870  1750  1750 I SystemServiceManager: Starting com.android.server.DropBoxManagerService
04-12 20:42:42.713727  1750  1750 D SystemServiceManagerProxy: start com.android.server.DropBoxManagerService@2c8106d
04-12 20:42:42.713773  1750  1750 D SystemServerTiming: StartEnhancedConfirmationService
04-12 20:42:42.713843  1750  1750 I SystemServiceManager: Starting com.android.ecm.EnhancedConfirmationService
04-12 20:42:42.715008  1750  1750 D SystemServiceManagerProxy: start com.android.ecm.EnhancedConfirmationService@fc0d0f0
04-12 20:42:42.715044  1750  1750 D SystemServerTiming: StartHintManager
04-12 20:42:42.715098  1750  1750 I SystemServiceManager: Starting com.android.server.power.hint.HintManagerService
04-12 20:42:42.717110  1750  1750 D SystemServiceManagerProxy: start com.android.server.power.hint.HintManagerService@f8228ee
04-12 20:42:42.717127  1750  1750 D SystemServerTiming: StartRoleManagerService
04-12 20:42:42.717586  1750  1750 I SystemServiceManager: Starting com.android.role.RoleService
04-12 20:42:42.719336  1750  1750 D SystemServiceManagerProxy: start com.android.role.RoleService@de6b44c
04-12 20:42:42.719357  1750  1750 D SystemServerTiming: StartSupervisionService
04-12 20:42:42.719390  1750  1750 I SystemServiceManager: Starting com.android.server.supervision.SupervisionService$Lifecycle
04-12 20:42:42.719956  1750  1750 D SystemServiceManagerProxy: start com.android.server.supervision.SupervisionService$Lifecycle@a5719b
04-12 20:42:42.719972  1750  1750 D SystemServerTiming: StartVibratorManagerService
04-12 20:42:42.719996  1750  1750 I SystemServiceManager: Starting com.android.server.vibrator.VibratorManagerService$Lifecycle
04-12 20:42:42.721103  1750  1750 D TranClassInfo: instance successfully. com.transsion.hubcore.server.vibrator.TranVibratorManagerServiceImpl@7f0c938 from com.transsion.hubcore.server.vibrator.ITranVibratorManagerService
04-12 20:42:42.726283  1750  1750 D TranClassInfo: instance successfully. com.transsion.display.vibration.server.TranVibrationComponentImpl@824ed11 from com.transsion.hubcore.server.vibration.ITranVibrationComponent
04-12 20:42:42.727294  1750  1750 E TranCloudDataUtil: vibrate_config.json not found at: /tranfs/CloudEngine/1008000054/vibrate_config.json
04-12 20:42:42.731988  1750  1750 D VibratorController: controller off in lock
04-12 20:42:42.734394  1750  1750 D SystemServiceManagerProxy: start com.android.server.vibrator.VibratorManagerService$Lifecycle@9968167
04-12 20:42:42.734428  1750  1750 D SystemServerTiming: StartDynamicSystemService
04-12 20:42:42.734867  1750  1750 D SystemServerTiming: StartConsumerIrService
04-12 20:42:42.735921  1750  1750 D SystemServerTiming: StartAlarmManagerService
04-12 20:42:42.735951  1750  1750 I MtkSystemServerImpl: startMtkAlarmManagerService
04-12 20:42:42.736243  1750  1750 I SystemServiceManager: Starting com.mediatek.server.MtkAlarmManagerService
04-12 20:42:42.740995  1750  1911 W UserWakeupStore: User wakeup file not available: /data/system/alarms/usersWithAlarmClocks.xml
04-12 20:42:42.742679  1750  1750 D SystemServiceManagerProxy: start com.mediatek.server.MtkAlarmManagerService@f8173ae
04-12 20:42:42.742700  1750  1750 D SystemServerTiming: StartInputManagerService
04-12 20:42:42.742731  1750  1750 I SystemServiceManager: Starting com.android.server.input.InputManagerService$Lifecycle
04-12 20:42:42.752344  1750  1750 I InputManager: Initializing input manager, mUseDevInputEventForAudioJack=true
04-12 20:42:42.753106  1750  1750 D TranClassInfo: instance successfully. com.transsion.hubcore.server.input.TranInputManagerServiceImpl@8e0c2c8 from com.transsion.hubcore.server.input.ITranInputManagerService
04-12 20:42:42.755270  1750  1750 D TranClassInfo: instance successfully. com.transsion.stability.screenfreezedetect.TranScreenFreezeDetectImpl@1bc0f61 from com.transsion.hubcore.screenfreeze.ITranScreenFreezeDetectComponent
04-12 20:42:42.755771  1750  1750 D InputMonitorForTNE: initCloudEngine mCloudEngine = true
04-12 20:42:42.756593  1750  1750 D SystemServiceManagerProxy: start com.android.server.input.InputManagerService$Lifecycle@ea34374
04-12 20:42:42.756675  1750  1750 D SystemServerTiming: DeviceStateManagerService
04-12 20:42:42.756739  1750  1750 I SystemServiceManager: Starting com.android.server.devicestate.DeviceStateManagerService
04-12 20:42:42.757338  1750  1750 D TranClassInfo: instance successfully. com.transsion.hubcore.server.policy.TranDeviceStateProviderImplImpl@9c9409d from com.transsion.hubcore.server.policy.ITranDeviceStateProviderImpl
04-12 20:42:42.757791  1750  1750 D TranClassInfo: instance successfully. com.transsion.hubcore.hardware.TranSystemSensorManagerImpl@a6b22e0 from com.transsion.hubcore.hardware.ITranSystemSensorManager
04-12 20:42:42.757967  1750  1750 D HeartRateOximetryLiceFactory: HeartRateOximetryLice is supported
04-12 20:42:42.758167  1750  1750 D EngineManager: Core system process UID rule matched! Trust granted.
04-12 20:42:42.759034  1750  1750 E DeviceStateManagerService: Cannot notify device state info change before the initial state has been committed.
04-12 20:42:42.759151  1750  1750 I DeviceStateManagerService: Cannot notify device state info change when pending state is present.
04-12 20:42:42.760900  1750  1750 D SystemServiceManagerProxy: start com.android.server.devicestate.DeviceStateManagerService@c320837
04-12 20:42:42.760934  1750  1750 D SystemServerTiming: StartCameraServiceProxy
04-12 20:42:42.761016  1750  1750 I SystemServiceManager: Starting com.android.server.camera.CameraServiceProxy
04-12 20:42:42.765044  1750  1750 D TranClassInfo: instance successfully. com.transsion.camera.camserver.Implement.TranCamServerComponentImpl@7475ac2 from com.transsion.hubcore.camserver.ITranCamServerComponent
04-12 20:42:42.765079  1750  1750 D TranClassInfo: instance successfully. com.transsion.hubcore.server.camera.TranCameraServiceProxyImpl@b14f0d3 from com.transsion.hubcore.server.camera.ITranCameraServiceProxy
04-12 20:42:42.765723  1750  1750 D SystemServiceManagerProxy: start com.android.server.camera.CameraServiceProxy@5a90ec5
04-12 20:42:42.765747  1750  1750 D SystemServerTiming: StartWindowManagerService
04-12 20:42:42.765753  1750  1750 I SystemServiceManager: Starting phase 200
04-12 20:42:42.765758  1750  1750 D SystemServerTiming: OnBootPhase_200
04-12 20:42:42.765762  1750  1750 D SystemServerTiming: OnBootPhase_200_com.transsion.hubcore.server.TranBootstrapServiceManagerService
04-12 20:42:42.765774  1750  1750 D SystemServerTiming: OnBootPhase_200_com.android.server.security.FileIntegrityService
04-12 20:42:42.765777  1750  1750 D SystemServerTiming: OnBootPhase_200_com.android.server.pm.Installer
04-12 20:42:42.765779  1750  1750 D SystemServerTiming: OnBootPhase_200_com.android.server.os.DeviceIdentifiersPolicyService
04-12 20:42:42.765781  1750  1750 D SystemServerTiming: OnBootPhase_200_com.android.server.flags.FeatureFlagsService
04-12 20:42:42.765784  1750  1750 D SystemServerTiming: OnBootPhase_200_com.android.server.uri.UriGrantsManagerService$Lifecycle
04-12 20:42:42.765788  1750  1750 D SystemServerTiming: OnBootPhase_200_com.android.server.powerstats.PowerStatsService
04-12 20:42:42.765792  1750  1750 D SystemServerTiming: OnBootPhase_200_com.android.server.permission.access.AccessCheckingService
04-12 20:42:42.765795  1750  1750 D SystemServerTiming: OnBootPhase_200_com.android.server.wm.ActivityTaskManagerService$Lifecycle
04-12 20:42:42.765797  1750  1750 D SystemServerTiming: OnBootPhase_200_com.android.server.am.ActivityManagerService$Lifecycle
04-12 20:42:42.765800  1750  1750 D SystemServerTiming: OnBootPhase_200_com.android.server.pm.DataLoaderManagerService
04-12 20:42:42.765802  1750  1750 D SystemServerTiming: OnBootPhase_200_com.android.server.power.PowerManagerService
04-12 20:42:42.765805  1750  1750 D SystemServerTiming: OnBootPhase_200_com.android.server.power.ThermalManagerService
04-12 20:42:42.765809  1750  1750 D SystemServerTiming: OnBootPhase_200_com.android.server.recoverysystem.RecoverySystemService$Lifecycle
04-12 20:42:42.765812  1750  1750 D SystemServerTiming: OnBootPhase_200_com.android.server.lights.LightsService
04-12 20:42:42.765814  1750  1750 D SystemServerTiming: OnBootPhase_200_com.android.server.display.DisplayManagerService
04-12 20:42:42.765817  1750  1750 D SystemServerTiming: OnBootPhase_200_com.transsion.hubcore.server.TranServiceManagerService
04-12 20:42:42.765852  1750  1750 D SystemServerTiming: OnBootPhase_200_com.android.server.pm.verify.domain.DomainVerificationService
04-12 20:42:42.765866  1750  1750 D SystemServerTiming: OnBootPhase_200_com.android.server.pm.PackageInstallerService$Lifecycle
04-12 20:42:42.765871  1750  1750 D SystemServerTiming: OnBootPhase_200_com.android.server.pm.UserManagerService$LifeCycle
04-12 20:42:42.765876  1750  1750 D SystemServerTiming: OnBootPhase_200_com.android.server.om.OverlayManagerService
04-12 20:42:42.765878  1750  1750 D SystemServerTiming: OnBootPhase_200_com.android.server.resources.ResourcesManagerService
04-12 20:42:42.765880  1750  1750 D SystemServerTiming: OnBootPhase_200_com.android.server.sensorprivacy.SensorPrivacyService
04-12 20:42:42.765884  1750  1750 D SystemServerTiming: OnBootPhase_200_com.android.server.sensors.SensorService
04-12 20:42:42.765903  1750  1750 D SystemServerTiming: OnBootPhase_200_com.android.server.SystemConfigService
04-12 20:42:42.765906  1750  1750 D SystemServerTiming: OnBootPhase_200_com.android.server.BatteryService
04-12 20:42:42.765909  1750  1750 D SystemServerTiming: OnBootPhase_200_com.android.server.usage.UsageStatsService
04-12 20:42:42.765920  1750  1750 D SystemServerTiming: OnBootPhase_200_com.android.server.webkit.WebViewUpdateService
04-12 20:42:42.765922  1750  1750 D SystemServerTiming: OnBootPhase_200_com.android.server.CachedDeviceStateService
04-12 20:42:42.765925  1750  1750 D SystemServerTiming: OnBootPhase_200_com.android.server.BinderCallsStatsService$LifeCycle
04-12 20:42:42.765928  1750  1750 D SystemServerTiming: OnBootPhase_200_com.android.server.LooperStatsService$Lifecycle
04-12 20:42:42.765931  1750  1750 D SystemServerTiming: OnBootPhase_200_com.android.server.rollback.RollbackManagerService
04-12 20:42:42.765933  1750  1750 D SystemServerTiming: OnBootPhase_200_com.android.server.os.NativeTombstoneManagerService
04-12 20:42:42.765936  1750  1750 D SystemServerTiming: OnBootPhase_200_com.android.server.os.BugreportManagerService
04-12 20:42:42.765938  1750  1750 D SystemServerTiming: OnBootPhase_200_com.android.server.gpu.GpuService
04-12 20:42:42.765941  1750  1750 D SystemServerTiming: OnBootPhase_200_com.transsion.kolun.server.SmartSystemService
04-12 20:42:42.765947  1750  1750 D SystemServerTiming: OnBootPhase_200_com.android.server.security.rkp.RemoteProvisioningService
04-12 20:42:42.765960  1750  1750 D SystemServerTiming: OnBootPhase_200_com.android.server.cpu.CpuMonitorService
04-12 20:42:42.765964  1750  1750 D SystemServerTiming: OnBootPhase_200_com.android.server.security.KeyChainSystemService
04-12 20:42:42.765967  1750  1750 D SystemServerTiming: OnBootPhase_200_com.android.server.BinaryTransparencyService
04-12 20:42:42.765969  1750  1750 D SystemServerTiming: OnBootPhase_200_com.android.server.telecom.TelecomLoaderService
04-12 20:42:42.765972  1750  1750 D SystemServerTiming: OnBootPhase_200_com.android.server.accounts.AccountManagerService$Lifecycle
04-12 20:42:42.765974  1750  1750 D SystemServerTiming: OnBootPhase_200_com.android.server.content.ContentService$Lifecycle
04-12 20:42:42.765979  1750  1750 D SystemServerTiming: OnBootPhase_200_com.android.server.deviceconfig.DeviceConfigInit$Lifecycle
04-12 20:42:42.765984  1750  1750 D SystemServerTiming: OnBootPhase_200_com.android.server.DropBoxManagerService
04-12 20:42:42.765987  1750  1750 D SystemServerTiming: OnBootPhase_200_com.android.ecm.EnhancedConfirmationService
04-12 20:42:42.765989  1750  1750 D SystemServerTiming: OnBootPhase_200_com.android.server.power.hint.HintManagerService
04-12 20:42:42.765992  1750  1750 D SystemServerTiming: OnBootPhase_200_com.android.role.RoleService
04-12 20:42:42.765994  1750  1750 D SystemServerTiming: OnBootPhase_200_com.android.server.supervision.SupervisionService$Lifecycle
04-12 20:42:42.765996  1750  1750 D SystemServerTiming: OnBootPhase_200_com.android.server.vibrator.VibratorManagerService$Lifecycle
04-12 20:42:42.766000  1750  1750 D SystemServerTiming: OnBootPhase_200_com.mediatek.server.MtkAlarmManagerService
04-12 20:42:42.766004  1750  1750 D SystemServerTiming: OnBootPhase_200_com.android.server.input.InputManagerService$Lifecycle
04-12 20:42:42.766008  1750  1750 D SystemServerTiming: OnBootPhase_200_com.android.server.devicestate.DeviceStateManagerService
04-12 20:42:42.766010  1750  1750 D SystemServerTiming: OnBootPhase_200_com.android.server.camera.CameraServiceProxy
04-12 20:42:42.768752  1750  1750 I WindowManager: No existing display settings, starting empty
04-12 20:42:42.768856  1750  1750 I WindowManager: No existing display settings, starting empty
04-12 20:42:42.771190  1750  1893 D TranClassInfo: instance successfully. com.transsion.hubcore.server.wm.TranRootWindowContainerImpl@3ff83e6 from com.transsion.hubcore.server.wm.ITranRootWindowContainer
04-12 20:42:42.779903  1750  1893 I CloudController: nameMap: splash_screen_snapshotcold_list
04-12 20:42:42.779954  1750  1893 I CloudController: nameMap: splash_exmpt_list
04-12 20:42:42.779994  1750  1893 I CloudController: nameMap: snapshot_exitdelay_list
