----- timezone:Asia/Shanghai
04-12 20:41:44.579565  1750  4350 I dvm_lock_sample: [system_server,1,binder:1750_19,19,ActivityManagerService.java,5375,void com.android.server.am.ActivityManagerService.attachApplication(android.app.IApplicationThread, long),,0,null,3]
04-12 20:41:44.581049  1750  4350 I am_proc_bound: [0,5410,com.android.traceur]
04-12 20:41:44.609874  1750  1963 I am_wtf  : [0,1750,system_server,-1,JobScheduler.JobStatus,App com.google.android.apps.wellbeing became active but still in NEVER bucket]
04-12 20:41:44.614438  1750  2318 I sync    : [com.google.android.location.reporting,0,0,-1543423057]
04-12 20:41:44.633791  1750  3593 I dvm_lock_sample: [system_server,1,binder:1750_14,32,ActivityManagerService.java,15283,int com.android.server.am.ActivityManagerService.bindServiceInstance(android.app.IApplicationThread, android.os.IBinder, android.content.Intent, java.lang.String, android.app.IServiceConnection, long, java.lang.String, boolean, int, java.lang.String, android.app.IApplicationThread, java.lang.String, int),,0,null,6]
04-12 20:41:44.706653  1750  2695 I am_uid_active: 10102
04-12 20:41:44.731118  1750  6323 I dvm_lock_sample: [system_server,0,pool-50-thread-1,99,ContentProviderHelper.java,207,android.app.ContentProviderHolder com.android.server.am.ContentProviderHelper.getContentProviderImpl(android.app.IApplicationThread, java.lang.String, android.os.IBinder, int, java.lang.String, java.lang.String, boolean, int),,0,null,19]
04-12 20:41:44.731493  1750  3434 I dvm_lock_sample: [system_server,1,binder:1750_12,84,BroadcastController.java,532,android.content.Intent com.android.server.am.BroadcastController.registerReceiverWithFeatureTraced(android.app.IApplicationThread, java.lang.String, java.lang.String, java.lang.String, android.content.IIntentReceiver, android.content.IntentFilter, java.lang.String, int, int),,0,null,16]
04-12 20:41:44.735772  1750  2585 I thermal_changed: [SKIN,3,40.529999,1,0]
04-12 20:41:44.787182  1750  4408 I dvm_lock_sample: [system_server,0,binder:1750_20,185,ActivityManagerService.java,15340,void com.android.server.am.ActivityManagerService.serviceDoneExecuting(android.os.IBinder, int, int, int, android.content.Intent),,0,null,37]
04-12 20:41:44.787397  1750  6325 I dvm_lock_sample: [system_server,0,pool-52-thread-1,152,ActivityThread.java,8429,android.content.IContentProvider android.app.ActivityThread.acquireProvider(android.content.Context, java.lang.String, int, boolean),-,8455,android.content.IContentProvider android.app.ActivityThread.acquireProvider(android.content.Context, java.lang.String, int, boolean),30]
04-12 20:41:44.808000  6149  6149 I auditd  : type=1400 audit(0.0:646): avc:  denied  { search } for  comm="ProcessStablePh" name="com.google.android.mosey" dev="dm-79" ino=9401 scontext=u:r:mosey_app:s0:c131,c256,c512,c768 tcontext=u:object_r:app_data_file:s0:c131,c256,c512,c768 tclass=dir permissive=0 app=com.google.android.mosey
04-12 20:41:44.812000  6149  6149 I auditd  : type=1400 audit(0.0:647): avc:  denied  { search } for  comm="ProcessStablePh" name="com.google.android.mosey" dev="dm-79" ino=9401 scontext=u:r:mosey_app:s0:c131,c256,c512,c768 tcontext=u:object_r:app_data_file:s0:c131,c256,c512,c768 tclass=dir permissive=0 app=com.google.android.mosey
04-12 20:41:44.812000  6149  6149 I auditd  : type=1400 audit(0.0:648): avc:  denied  { search } for  comm="ProcessStablePh" name="com.google.android.mosey" dev="dm-79" ino=9401 scontext=u:r:mosey_app:s0:c131,c256,c512,c768 tcontext=u:object_r:app_data_file:s0:c131,c256,c512,c768 tclass=dir permissive=0 app=com.google.android.mosey
04-12 20:41:44.812000  6149  6149 I auditd  : type=1400 audit(0.0:649): avc:  denied  { search } for  comm="ProcessStablePh" name="com.google.android.mosey" dev="dm-79" ino=9401 scontext=u:r:mosey_app:s0:c131,c256,c512,c768 tcontext=u:object_r:app_data_file:s0:c131,c256,c512,c768 tclass=dir permissive=0 app=com.google.android.mosey
04-12 20:41:44.812000  6149  6149 I auditd  : type=1400 audit(0.0:650): avc:  denied  { search } for  comm="ProcessStablePh" name="com.google.android.mosey" dev="dm-79" ino=9401 scontext=u:r:mosey_app:s0:c131,c256,c512,c768 tcontext=u:object_r:app_data_file:s0:c131,c256,c512,c768 tclass=dir permissive=0 app=com.google.android.mosey
04-12 20:41:44.857592  2455  4459 I gtalk_heartbeat_reset: [66196,74.125.136.188:5228]
04-12 20:41:44.868419  2455  4459 I gtalk_connection: 0
04-12 20:41:44.893628  1750  1964 I am_proc_start: [0,5413,1000,com.autotest.factory_reset_stress,broadcast,{com.autotest.factory_reset_stress/com.autotest.factory_reset_stress.MainReceiver},action = android.intent.action.BOOT_COMPLETED]
04-12 20:41:44.908519  1750  3593 I am_proc_bound: [0,5413,com.autotest.factory_reset_stress]
04-12 20:41:44.972919  1750  1963 I am_wtf  : [0,1750,system_server,-1,JobScheduler.JobStatus,App com.google.android.apps.wellbeing became active but still in NEVER bucket]
04-12 20:41:44.991715  1750  1963 I am_uid_running: 10220
04-12 20:41:44.999502  1750  1964 I am_proc_start: [0,6391,10220,com.google.android.onetimeinitializer,broadcast,{com.google.android.onetimeinitializer/com.google.android.onetimeinitializer.OneTimeInitializerReceiver},action = android.intent.action.BOOT_COMPLETED]
04-12 20:41:45.027580  1750  4350 I am_proc_bound: [0,6391,com.google.android.onetimeinitializer]
04-12 20:41:45.036196  1750  1922 I service_manager_stats: [100,42,6861]
04-12 20:41:45.100151  1750  4350 I am_uid_active: 10220
04-12 20:41:45.102600  1750  1963 I am_uid_running: 10133
04-12 20:41:45.111429  1750  1964 I am_proc_start: [0,6451,10133,com.scorpio.securitycom,broadcast,{com.scorpio.securitycom/com.scorpio.receive.StaticReceiver},action = android.intent.action.BOOT_COMPLETED]
04-12 20:41:45.127880  1750  2047 I am_proc_bound: [0,6451,com.scorpio.securitycom]
04-12 20:41:45.213995  1750  4350 I am_uid_active: 10133
04-12 20:41:45.216516  1750  1963 I am_uid_running: 10111
04-12 20:41:45.239839  1750  1963 I am_wtf  : [0,1750,system_server,-1,JobScheduler.JobStatus,App com.google.android.apps.wellbeing became active but still in NEVER bucket]
04-12 20:41:45.248544  1750  1942 I commit_sys_config_file: [jobs,8]
04-12 20:41:45.252763  1750  1942 I commit_sys_config_file: [jobs,4]
04-12 20:41:45.262976  1750  1964 I am_proc_start: [0,6483,10111,com.transsion.dualapp,broadcast,{com.transsion.dualapp/com.transsion.dualapp.BootReceiver},action = android.intent.action.BOOT_COMPLETED]
04-12 20:41:45.277619  1750  2047 I dvm_lock_sample: [system_server,1,binder:1750_4,57,ActivityManagerService.java,15048,android.content.ComponentName com.android.server.am.ActivityManagerService.startService(android.app.IApplicationThread, android.content.Intent, java.lang.String, boolean, java.lang.String, java.lang.String, int, boolean, int, java.lang.String, java.lang.String),BroadcastQueueImpl.java,495,void com.android.server.am.BroadcastQueueImpl.updateRunningList(),11]
04-12 20:41:45.281780  1750  1942 I commit_sys_config_file: [notification-policy,6]
04-12 20:41:45.287471  1750  2695 I dvm_lock_sample: [system_server,1,binder:1750_D,31,BroadcastController.java,532,android.content.Intent com.android.server.am.BroadcastController.registerReceiverWithFeatureTraced(android.app.IApplicationThread, java.lang.String, java.lang.String, java.lang.String, android.content.IIntentReceiver, android.content.IntentFilter, java.lang.String, int, int),,0,null,6]
04-12 20:41:45.288041  1750  4400 I am_uid_idle: 10160
04-12 20:41:45.301750  1750  4357 I dvm_lock_sample: [system_server,1,binder:1750_1A,51,ActivityManagerService.java,5375,void com.android.server.am.ActivityManagerService.attachApplication(android.app.IApplicationThread, long),,0,null,10]
04-12 20:41:45.301860  1750  4357 I am_proc_bound: [0,6483,com.transsion.dualapp]
04-12 20:41:45.333934  1750  1963 I am_wtf  : [0,1750,system_server,-1,JobScheduler.JobStatus,App com.google.android.apps.wellbeing became active but still in NEVER bucket]
04-12 20:41:45.347795  3872  4242 I gms_unknown: 47122
04-12 20:41:45.373961  1750  1963 I am_wtf  : [0,1750,system_server,-1,JobScheduler.JobStatus,App com.google.android.apps.wellbeing became active but still in NEVER bucket]
04-12 20:41:45.377187  1750  1964 I am_proc_start: [0,6580,10232,com.google.android.gms.unstable,service,{com.google.android.gms/com.google.android.gms.chimera.UnstableInternalBoundBrokerService},caller=com.google.android.gms/10232]
04-12 20:41:45.397899  1750  2983 I am_proc_bound: [0,6580,com.google.android.gms.unstable]
04-12 20:41:45.407760  1750  4350 I am_uid_active: 10111
04-12 20:41:45.438715  1750  1964 I am_proc_start: [0,6540,1000,com.transsion.tranfacmode,broadcast,{com.transsion.tranfacmode/com.transsion.tranfacmode.receiver.boot.BootReceiver},action = android.intent.action.BOOT_COMPLETED]
04-12 20:41:45.442831  1750  2094 I commit_sys_config_file: [settings-1-0,1]
04-12 20:41:45.462361  1750  4357 I am_proc_bound: [0,6540,com.transsion.tranfacmode]
04-12 20:41:45.465690  1750  1963 I am_wtf  : [0,1750,system_server,-1,JobScheduler.JobStatus,App com.google.android.apps.wellbeing became active but still in NEVER bucket]
04-12 20:41:45.555769  1750  4367 I am_proc_died: [0,5413,com.autotest.factory_reset_stress,905,19]
04-12 20:41:45.582620  1750  2249 I notification_enqueue: [10233,5466,com.google.android.googlequicksearchbox,0,-1543423057::SUMMARY::ct,0,Notification(channel=74 shortcut=null contentView=null vibrate=null sound=null defaults=0 flags=GROUP_SUMMARY color=0x00000000 groupKey=-1543423057::SUMMARY::ct vis=PRIVATE publicVersion=Notification(channel=null shortcut=null contentView=null vibrate=null sound=null defaults=0 flags=0 color=0x00000000 vis=PRIVATE)),0,1]
04-12 20:41:45.605435  1750  2249 I notification_enqueue: [10233,5466,com.google.android.googlequicksearchbox,0,-1543423057::a:snotification:[0x34ebef72c09aa412,stories.f,NOTIFICATION],0,Notification(channel=74 shortcut=null contentView=null vibrate=null sound=null defaults=0 flags=ONLY_ALERT_ONCE color=0x00000000 groupKey=-1543423057::SUMMARY::ct actions=2 vis=PRIVATE),0,1]
04-12 20:41:45.785510  1750  2249 I sysui_multi_action: [757,199,758,1,759,16,793,225,794,0,795,225,796,0,797,-1543423057::SUMMARY::ct,806,com.google.android.googlequicksearchbox,857,74,858,2,946,-1543423057::SUMMARY::ct,947,1,1500,225,1688,1]
04-12 20:41:45.785588  1750  2249 I notification_alert: [0|com.google.android.googlequicksearchbox|0|-1543423057::SUMMARY::ct|10233,0,0,0,2,0]
04-12 20:41:45.805920  1750  2249 I sysui_multi_action: [757,1501,758,1,793,206,794,0,795,206,796,0,797,-1543423057::a:snotification:[0x34ebef72c09aa412,stories.f,NOTIFICATION],806,com.google.android.googlequicksearchbox,857,74,858,2,946,-1543423057::SUMMARY::ct,947,0,1500,0,1688,1,1745,680407814]
04-12 20:41:45.805935  1750  2249 I sysui_multi_action: [757,804,799,note_interruptive,801,0,802,1]
04-12 20:41:45.806206  1750  2249 I sysui_multi_action: [757,199,758,1,759,16,793,207,794,0,795,207,796,0,797,-1543423057::a:snotification:[0x34ebef72c09aa412,stories.f,NOTIFICATION],806,com.google.android.googlequicksearchbox,857,74,858,2,946,-1543423057::SUMMARY::ct,947,0,1500,1,1688,1,1745,680407814]
04-12 20:41:45.806225  1750  2249 I notification_alert: [0|com.google.android.googlequicksearchbox|0|-1543423057::a:snotification:[0x34ebef72c09aa412,stories.f,NOTIFICATION]|10233,0,0,0,2,0]
04-12 20:41:45.869267  1750  3675 I pm_critical_info: setEnabledSettings callingUid = 10232 callingPid = 3872 packageName = com.google.android.gms.supervision componentName = null callingPackage= com.google.android.gms newState = 2 userId = 0 flags = 0
04-12 20:41:45.885447  1750  4367 I am_uid_running: 99000
04-12 20:41:45.918967  1750  1964 I am_proc_start: [0,6705,99000,com.google.android.webview:sandboxed_process0:org.chromium.content.app.SandboxedProcessService0:0,,{com.google.android.googlequicksearchbox/org.chromium.content.app.SandboxedProcessService0:0}]
04-12 20:41:45.924575  1750  4350 I am_proc_bound: [0,6705,com.google.android.webview:sandboxed_process0:org.chromium.content.app.SandboxedProcessService0:0]
04-12 20:41:45.925920  1750  1942 I commit_sys_config_file: [notification-policy,3]
04-12 20:41:45.932000  6705  6705 I auditd  : type=1400 audit(0.0:699): avc:  denied  { search } for  comm="binder:6705_2" name="/" dev="sdc87" ino=2 scontext=u:r:isolated_app:s0:c512,c768 tcontext=u:object_r:tranfs_file:s0 tclass=dir permissive=0
04-12 20:41:45.937456  2455  6682 I dvm_lock_sample: [com.google.android.gms.persisten,0,lowpool[16],15,ContextImpl.java,599,android.content.SharedPreferences android.app.ContextImpl.getSharedPreferences(java.lang.String, int),-,656,android.content.SharedPreferences android.app.ContextImpl.getSharedPreferences(java.io.File, int),3]
04-12 20:41:46.017500  1750  3011 I am_uid_running: 10281
04-12 20:41:46.032227  1750  1964 I am_proc_start: [0,6731,10281,com.google.android.rkpdapp,service,{com.google.android.rkpdapp/com.android.rkpdapp.service.RemoteProvisioningService},caller=system/1000]
04-12 20:41:46.052541  1750  2585 I am_proc_bound: [0,6731,com.google.android.rkpdapp]
04-12 20:41:46.056000  6731  6731 I auditd  : type=1400 audit(0.0:700): avc:  denied  { read write } for  comm="re-initialized>" name="ensignal" dev="tmpfs" ino=2080 scontext=u:r:rkpdapp:s0:c25,c257,c512,c768 tcontext=u:object_r:ensignal_device:s0 tclass=chr_file permissive=0 app=com.google.android.rkpdapp
04-12 20:41:46.056000  6731  6731 I auditd  : type=1400 audit(0.0:701): avc:  denied  { read write } for  comm="re-initialized>" name="ensignal" dev="tmpfs" ino=2080 scontext=u:r:rkpdapp:s0:c25,c257,c512,c768 tcontext=u:object_r:ensignal_device:s0 tclass=chr_file permissive=0 app=com.google.android.rkpdapp
04-12 20:41:46.068000  6731  6731 I auditd  : type=1400 audit(0.0:702): avc:  denied  { search } for  comm="binder:6731_2" name="/" dev="sdc87" ino=2 scontext=u:r:rkpdapp:s0:c25,c257,c512,c768 tcontext=u:object_r:tranfs_file:s0 tclass=dir permissive=0 app=com.google.android.rkpdapp
04-12 20:41:46.111335  1750  4357 I am_uid_running: 10255
04-12 20:41:46.117993  1750  2695 I am_uid_active: 10281
04-12 20:41:46.120924  1750  2695 I am_crash: [6540,0,com.transsion.tranfacmode,549994053,java.lang.IllegalStateException,A migration from 3 to 2 was required but not found. Please provide the necessary Migration path via RoomDatabase.Builder.addMigration(...) or allow for destructive migrations via one of the RoomDatabase.Builder.fallbackToDestructiveMigration* functions.,NULL,150,0]
04-12 20:41:46.136075  1750  2094 I commit_sys_config_file: [settings-1-0,3]
04-12 20:41:46.142707  1750  1964 I am_proc_start: [0,6799,10255,com.google.android.webview:webview_service,service,{com.google.android.webview/org.chromium.android_webview.services.ComponentsProviderService},caller=com.google.android.googlequicksearchbox:googleapp/10233]
04-12 20:41:46.156000  6819  6819 I auditd  : type=1400 audit(0.0:703): avc:  denied  { search } for  comm="aee_aed64_v2" name="mgq" dev="proc" ino=4026534994 scontext=u:r:crash_dump:s0 tcontext=u:object_r:proc_mgq:s0 tclass=dir permissive=0
04-12 20:41:46.168760  1750  2549 I dvm_lock_sample: [system_server,1,binder:1750_8,13,ContentProviderHelper.java,207,android.app.ContentProviderHolder com.android.server.am.ContentProviderHelper.getContentProviderImpl(android.app.IApplicationThread, java.lang.String, android.os.IBinder, int, java.lang.String, java.lang.String, boolean, int),,0,null,2]
04-12 20:41:46.201825  2455  6147 I dvm_lock_sample: [com.google.android.gms.persisten,1,lowpool[13],11,:com.google.android.gms@261233035@26.12.33 (260400-892550550),3,void birn.execute(java.lang.Runnable),-,12,void birn.execute(java.lang.Runnable),2]
04-12 20:41:46.236587  1750  2585 I dvm_lock_sample: [system_server,1,binder:1750_B,66,ActivityManagerService.java,15048,android.content.ComponentName com.android.server.am.ActivityManagerService.startService(android.app.IApplicationThread, android.content.Intent, java.lang.String, boolean, java.lang.String, java.lang.String, int, boolean, int, java.lang.String, java.lang.String),,0,null,13]
04-12 20:41:46.246611  1750  4407 I am_proc_bound: [0,6799,com.google.android.webview:webview_service]
04-12 20:41:46.255449  1750  1942 I commit_sys_config_file: [notification-policy,7]
04-12 20:41:46.255797  1750  2695 I sysui_multi_action: [757,316,758,4,759,-1]
04-12 20:41:46.257030  1750  4357 I dvm_lock_sample: [system_server,0,binder:1750_1A,25,ActivityManagerService.java,15340,void com.android.server.am.ActivityManagerService.serviceDoneExecuting(android.os.IBinder, int, int, int, android.content.Intent),,0,null,5]
04-12 20:41:46.279016  1750  1963 I am_uid_running: 10139
04-12 20:41:46.334316   563   563 I auditd  : avc:  denied  { find } for pid=5973 uid=1000 name=vendor.transsion.hardware.aegis.IAegisService/default scontext=u:r:system_app:s0 tcontext=u:object_r:default_android_service:s0 tclass=service_manager permissive=0
04-12 20:41:46.350089  1750  1887 I dvm_lock_sample: [system_server,1,binder:1750_1,37,ActivityManagerService.java,5375,void com.android.server.am.ActivityManagerService.attachApplication(android.app.IApplicationThread, long),ContentProviderHelper.java,1713,void com.android.server.am.ContentProviderHelper.handleProviderRemoval(com.android.server.am.ContentProviderConnection, boolean, boolean),7]
04-12 20:41:46.350268  1750  1887 I am_proc_start: [0,6611,10139,com.sh.smart.caller,broadcast,{com.sh.smart.caller/com.android.dialer.app.calllog.CallLogReceiver},action = android.intent.action.BOOT_COMPLETED]
04-12 20:41:46.351374  1750  1887 I am_proc_bound: [0,6611,com.sh.smart.caller]
04-12 20:41:46.376291  1750  4350 I am_proc_died: [0,6540,com.transsion.tranfacmode,0,19]
04-12 20:41:46.422636  1750  3593 I dvm_lock_sample: [system_server,1,binder:1750_14,17,ActivityManagerService.java,15283,int com.android.server.am.ActivityManagerService.bindServiceInstance(android.app.IApplicationThread, android.os.IBinder, android.content.Intent, java.lang.String, android.app.IServiceConnection, long, java.lang.String, boolean, int, java.lang.String, android.app.IApplicationThread, java.lang.String, int),BroadcastQueueImpl.java,495,void com.android.server.am.BroadcastQueueImpl.updateRunningList(),3]
04-12 20:41:46.567645  3872  6286 I gms_unknown: [5,0,0]
04-12 20:41:46.568443  3872  6286 I gms_unknown: [CheckinTask:SentRequest,30351]
04-12 20:41:46.631358  1750  4400 I sysui_multi_action: [757,856,758,2,806,com.sh.smart.caller,857,summary_notification,858,4]
04-12 20:41:46.631384  1750  2249 I notification_cancel_all: [1000,1750,com.sh.smart.caller,0,0,0,20,NULL]
04-12 20:41:46.639524  1750  2249 I notification_cancel_all: [1000,1750,com.sh.smart.caller,0,0,0,20,NULL]
04-12 20:41:46.639525  1750  2695 I sysui_multi_action: [757,856,758,2,806,com.sh.smart.caller,857,DEFAULT_CHANNEL,858,3]
04-12 20:41:46.646883  1750  4350 I sysui_multi_action: [757,856,758,1,806,com.sh.smart.caller,857,summary_notification,858,4]
04-12 20:41:46.712923  1750  2312 I dvm_lock_sample: [system_server,1,binder:1750_6,26,ActivityManagerService.java,15048,android.content.ComponentName com.android.server.am.ActivityManagerService.startService(android.app.IApplicationThread, android.content.Intent, java.lang.String, boolean, java.lang.String, java.lang.String, int, boolean, int, java.lang.String, java.lang.String),,0,null,5]
04-12 20:41:46.756481  1750  2313 I am_uid_active: 10139
04-12 20:41:46.767154  1750  1963 I am_uid_running: 10212
04-12 20:41:46.779119  1750  1964 I am_proc_start: [0,6867,10212,com.google.android.projection.gearhead:shared,broadcast,{com.google.android.projection.gearhead/com.google.android.apps.auto.wireless.bluetooth.WifiBluetoothReceiver},action = android.intent.action.BOOT_COMPLETED]
04-12 20:41:46.867906  1750  2549 I dvm_lock_sample: [system_server,1,binder:1750_8,79,ActivityManagerService.java,15305,boolean com.android.server.am.ActivityManagerService.unbindService(android.app.IServiceConnection),,0,null,15]
04-12 20:41:46.871571  1750  4347 I dvm_lock_sample: [system_server,1,binder:1750_17,67,BroadcastController.java,759,int com.android.server.am.BroadcastController.broadcastIntentWithFeature(android.app.IApplicationThread, java.lang.String, android.content.Intent, java.lang.String, android.content.IIntentReceiver, int, java.lang.String, android.os.Bundle, java.lang.String[], java.lang.String[], java.lang.String[], int, android.os.Bundle, boolean, boolean, int),,0,null,13]
04-12 20:41:46.890460  1750  1942 I commit_sys_config_file: [notification-policy,9]
04-12 20:41:46.905578  1750  4357 I dvm_lock_sample: [system_server,1,binder:1750_1A,87,ActivityManagerService.java,6474,java.lang.String com.android.server.am.ActivityManagerService.getTagForIntentSender(android.content.IIntentSender, java.lang.String),,0,null,17]
04-12 20:41:46.926192  1750  1750 I dvm_lock_sample: [system_server,0,main,126,AlarmManagerService.java,4950,void com.android.server.alarm.AlarmManagerService$AlarmHandler.handleMessage(android.os.Message),-,2344,void com.android.server.alarm.AlarmManagerService.setImpl(int, long, long, long, android.app.PendingIntent, android.app.IAlarmListener, java.lang.String, int, android.os.WorkSource, android.app.AlarmManager$AlarmClockInfo, int, java.lang.String, android.os.Bundle, int),25]
04-12 20:41:46.952332  1750  2318 I sync    : [com.google.android.location.reporting,1,0,-1543423057]
04-12 20:41:46.961484  1750  1887 I dvm_lock_sample: [system_server,1,binder:1750_1,153,ActivityManagerService.java,5375,void com.android.server.am.ActivityManagerService.attachApplication(android.app.IApplicationThread, long),,0,null,30]
04-12 20:41:46.963845  1750  1887 I am_proc_bound: [0,6867,com.google.android.projection.gearhead:shared]
04-12 20:41:46.995706  1750  3009 I dvm_lock_sample: [system_server,1,binder:1750_F,45,ActivityManagerService.java,15048,android.content.ComponentName com.android.server.am.ActivityManagerService.startService(android.app.IApplicationThread, android.content.Intent, java.lang.String, boolean, java.lang.String, java.lang.String, int, boolean, int, java.lang.String, java.lang.String),,0,null,9]
04-12 20:41:47.005068  1750  3675 I am_uid_running: 10112
04-12 20:41:47.015069  1750  2695 I dvm_lock_sample: [system_server,1,binder:1750_D,91,ActivityManagerService.java,15305,boolean com.android.server.am.ActivityManagerService.unbindService(android.app.IServiceConnection),,0,null,18]
04-12 20:41:47.043797  1750  1964 I am_proc_start: [0,7002,10112,com.transsion.aicore.main,content provider,{com.transsion.aicore.main/com.transsion.aicore.main.provider.MmProvider},caller=com.sh.smart.caller/10139]
04-12 20:41:47.048267  1750  2249 I notification_enqueue: [10232,2455,com.google.android.gms,1000,a:GMSCORE_STORE_RENDERER:11be35c183260000:107718207925398475592,0,Notification(channel=com.google.android.gms.notifications::SECURITY_ALERTS shortcut=null contentView=null vibrate=null sound=null tick defaults=0 flags=LOCAL_ONLY color=0x00000000 actions=1 vis=PRIVATE publicVersion=Notification(channel=null shortcut=null contentView=null vibrate=null sound=null defaults=0 flags=0 color=0x00000000 vis=PRIVATE)),0,1]
04-12 20:41:46.992000  6867  6867 I auditd  : type=1400 audit(0.0:743): avc:  denied  { read write } for  comm="re-initialized>" name="ensignal" dev="tmpfs" ino=2080 scontext=u:r:priv_app:s0:c512,c768 tcontext=u:object_r:ensignal_device:s0 tclass=chr_file permissive=0 app=com.google.android.projection.gearhead
04-12 20:41:46.992000  6867  6867 I auditd  : type=1400 audit(0.0:744): avc:  denied  { read write } for  comm="re-initialized>" name="ensignal" dev="tmpfs" ino=2080 scontext=u:r:priv_app:s0:c512,c768 tcontext=u:object_r:ensignal_device:s0 tclass=chr_file permissive=0 app=com.google.android.projection.gearhead
04-12 20:41:47.071739  1750  2048 I dvm_lock_sample: [system_server,1,binder:1750_5,45,ActivityManagerService.java,15048,android.content.ComponentName com.android.server.am.ActivityManagerService.startService(android.app.IApplicationThread, android.content.Intent, java.lang.String, boolean, java.lang.String, java.lang.String, int, boolean, int, java.lang.String, java.lang.String),,0,null,9]
04-12 20:41:47.074577  1750  1750 I dvm_lock_sample: [system_server,0,main,72,ActivityManagerService.java,15305,boolean com.android.server.am.ActivityManagerService.unbindService(android.app.IServiceConnection),,0,null,14]
04-12 20:41:47.087617  1750  3009 I am_proc_bound: [0,7002,com.transsion.aicore.main]
04-12 20:41:47.100000  7002  7002 I auditd  : type=1400 audit(0.0:745): avc:  denied  { read write } for  comm="re-initialized>" name="ensignal" dev="tmpfs" ino=2080 scontext=u:r:platform_app:s0:c512,c768 tcontext=u:object_r:ensignal_device:s0 tclass=chr_file permissive=0 app=com.transsion.aicore.main
04-12 20:41:47.100000  7002  7002 I auditd  : type=1400 audit(0.0:746): avc:  denied  { read write } for  comm="re-initialized>" name="ensignal" dev="tmpfs" ino=2080 scontext=u:r:platform_app:s0:c512,c768 tcontext=u:object_r:ensignal_device:s0 tclass=chr_file permissive=0 app=com.transsion.aicore.main
04-12 20:41:47.134559  1750  1963 I dvm_lock_sample: [system_server,1,ActivityManager,30,BroadcastQueueImpl.java,382,boolean com.android.server.am.BroadcastQueueImpl.lambda$new$0(android.os.Message),,0,null,6]
04-12 20:41:47.147532  1750  1942 I commit_sys_config_file: [notification-policy,2]
04-12 20:41:47.188616  1750  2082 I dvm_lock_sample: [system_server,1,appscheduling.default,182,QuotaController.java,2745,void com.android.server.job.controllers.QuotaController$QcHandler.handleMessage(android.os.Message),JobSchedulerService.java,5689,boolean com.android.server.job.JobSchedulerService.isBatteryCharging(),36]
04-12 20:41:47.218051  1750  3434 I sysui_multi_action: [757,856,758,1,806,com.sh.smart.caller,857,DEFAULT_CHANNEL,858,3]
04-12 20:41:47.222399  1750  2313 I dvm_lock_sample: [system_server,1,binder:1750_7,23,BroadcastController.java,759,int com.android.server.am.BroadcastController.broadcastIntentWithFeature(android.app.IApplicationThread, java.lang.String, android.content.Intent, java.lang.String, android.content.IIntentReceiver, int, java.lang.String, android.os.Bundle, java.lang.String[], java.lang.String[], java.lang.String[], int, android.os.Bundle, boolean, boolean, int),,0,null,4]
04-12 20:41:47.236401  1750  2318 I dvm_lock_sample: [system_server,0,SyncManager,264,JobSchedulerService.java,2093,java.util.List com.android.server.job.JobSchedulerService.getPendingJobsInNamespace(int, java.lang.String),,0,null,52]
04-12 20:41:47.252398  1750  2249 I sysui_multi_action: [757,1501,758,1,793,298,794,0,795,298,796,1000,797,a:GMSCORE_STORE_RENDERER:11be35c183260000:107718207925398475592,806,com.google.android.gms,857,com.google.android.gms.noti-9e60d696,858,3,947,0,1500,0,1688,1,1745,2098068913]
04-12 20:41:47.252435  1750  2249 I sysui_multi_action: [757,804,799,note_interruptive,801,0,802,1]
04-12 20:41:47.252893  1750  2249 I sysui_multi_action: [757,199,758,1,759,32784,793,298,794,0,795,298,796,1000,797,a:GMSCORE_STORE_RENDERER:11be35c183260000:107718207925398475592,806,com.google.android.gms,857,com.google.android.gms.noti-9e60d696,858,3,947,0,1500,0,1688,1,1745,2098068913]
04-12 20:41:47.252912  1750  2249 I notification_alert: [0|com.google.android.gms|1000|a:GMSCORE_STORE_RENDERER:11be35c183260000:107718207925398475592|10232,0,0,0,2,32768]
04-12 20:41:47.288587  3872  6286 I gms_unknown: [CheckinTask:ReceivedResponse,31071]
04-12 20:41:47.315920  1750  4406 I dvm_lock_sample: [system_server,1,binder:1750_1E,87,BroadcastController.java,532,android.content.Intent com.android.server.am.BroadcastController.registerReceiverWithFeatureTraced(android.app.IApplicationThread, java.lang.String, java.lang.String, java.lang.String, android.content.IIntentReceiver, android.content.IntentFilter, java.lang.String, int, int),,0,null,17]
04-12 20:41:47.338685  1750  4407 I dvm_lock_sample: [system_server,1,binder:1750_1F,142,ActivityManagerService.java,15048,android.content.ComponentName com.android.server.am.ActivityManagerService.startService(android.app.IApplicationThread, android.content.Intent, java.lang.String, boolean, java.lang.String, java.lang.String, int, boolean, int, java.lang.String, java.lang.String),,0,null,28]
04-12 20:41:47.408236  1750  2249 I notification_cancel_all: [1000,1750,com.google.android.projection.gearhead,0,0,0,20,NULL]
04-12 20:41:47.420249  2455  6961 I dvm_lock_sample: [com.google.android.gms.persisten,0,lowpool[21],137,:com.google.android.gms@261233035@26.12.33 (260400-892550550),1,boolean fait.h(long, faeu),-,25,void fait.e(),27]
04-12 20:41:47.423727  1750  4347 I am_uid_active: 10212
04-12 20:41:47.424447  1750  1924 I dvm_lock_sample: [system_server,1,android.fg,228,LocationProviderManager.java,446,android.location.LocationRequest com.android.server.location.provider.LocationProviderManager$Registration.getRequest(),ListenerMultiplexer.java,753,void com.android.server.location.listeners.ListenerMultiplexer$ReentrancyGuard.close(),45]
04-12 20:41:47.425052  1750  4408 I dvm_lock_sample: [system_server,0,binder:1750_20,62,ActivityManagerService.java,15340,void com.android.server.am.ActivityManagerService.serviceDoneExecuting(android.os.IBinder, int, int, int, android.content.Intent),,0,null,12]
04-12 20:41:47.436000  1155  1155 I auditd  : type=1400 audit(0.0:747): avc:  denied  { getattr } for  comm="vendor.mediatek" path="/proc/2812" dev="proc" ino=56135 scontext=u:r:mtk_hal_power:s0 tcontext=u:r:platform_app:s0:c512,c768 tclass=dir permissive=0
04-12 20:41:47.459435  1750  4367 I dvm_lock_sample: [system_server,1,binder:1750_1C,82,BroadcastController.java,532,android.content.Intent com.android.server.am.BroadcastController.registerReceiverWithFeatureTraced(android.app.IApplicationThread, java.lang.String, java.lang.String, java.lang.String, android.content.IIntentReceiver, android.content.IntentFilter, java.lang.String, int, int),,0,null,16]
04-12 20:41:47.462468  1750  2094 I commit_sys_config_file: [settings-1-0,4]
04-12 20:41:47.467353  1750  1963 I dvm_lock_sample: [system_server,1,ActivityManager,94,BroadcastQueueImpl.java,493,void com.android.server.am.BroadcastQueueImpl.updateRunningList(),,0,null,18]
04-12 20:41:47.469760  1750  1963 I am_uid_running: 10152
04-12 20:41:47.474448  1750  1942 I commit_sys_config_file: [notification-policy,6]
04-12 20:41:47.486992  1750  2249 I notification_cancel_all: [1000,1750,com.google.android.projection.gearhead,0,0,0,20,NULL]
04-12 20:41:47.487671  1750  3011 I dvm_lock_sample: [system_server,1,binder:1750_10,51,ActivityManagerService.java,15048,android.content.ComponentName com.android.server.am.ActivityManagerService.startService(android.app.IApplicationThread, android.content.Intent, java.lang.String, boolean, java.lang.String, java.lang.String, int, boolean, int, java.lang.String, java.lang.String),,0,null,10]
04-12 20:41:47.488866  1750  2082 I dvm_lock_sample: [system_server,1,appscheduling.default,50,AlarmManagerService.java,5274,void com.android.server.alarm.AlarmManagerService$7.updateAlarmsForUid(int),-,2344,void com.android.server.alarm.AlarmManagerService.setImpl(int, long, long, long, android.app.PendingIntent, android.app.IAlarmListener, java.lang.String, int, android.os.WorkSource, android.app.AlarmManager$AlarmClockInfo, int, java.lang.String, android.os.Bundle, int),10]
04-12 20:41:47.516721  1750  3434 I dvm_lock_sample: [system_server,1,binder:1750_12,60,ActivityManagerService.java,15048,android.content.ComponentName com.android.server.am.ActivityManagerService.startService(android.app.IApplicationThread, android.content.Intent, java.lang.String, boolean, java.lang.String, java.lang.String, int, boolean, int, java.lang.String, java.lang.String),,0,null,12]
04-12 20:41:47.528662  1750  4364 I dvm_lock_sample: [system_server,1,binder:1750_1B,64,ContentProviderHelper.java,207,android.app.ContentProviderHolder com.android.server.am.ContentProviderHelper.getContentProviderImpl(android.app.IApplicationThread, java.lang.String, android.os.IBinder, int, java.lang.String, java.lang.String, boolean, int),,0,null,12]
04-12 20:41:47.532592  1750  1887 I dvm_lock_sample: [system_server,1,binder:1750_1,63,ActivityManagerService.java,15283,int com.android.server.am.ActivityManagerService.bindServiceInstance(android.app.IApplicationThread, android.os.IBinder, android.content.Intent, java.lang.String, android.app.IServiceConnection, long, java.lang.String, boolean, int, java.lang.String, android.app.IApplicationThread, java.lang.String, int),,0,null,12]
04-12 20:41:47.533534  1750  2549 I dvm_lock_sample: [system_server,1,binder:1750_8,64,ActivityManagerService.java,15048,android.content.ComponentName com.android.server.am.ActivityManagerService.startService(android.app.IApplicationThread, android.content.Intent, java.lang.String, boolean, java.lang.String, java.lang.String, int, boolean, int, java.lang.String, java.lang.String),,0,null,12]
04-12 20:41:47.536689  1750  1963 I dvm_lock_sample: [system_server,1,ActivityManager,56,BroadcastQueueImpl.java,493,void com.android.server.am.BroadcastQueueImpl.updateRunningList(),,0,null,11]
04-12 20:41:47.539917  1750  2048 I dvm_lock_sample: [system_server,0,binder:1750_5,58,ActivityManagerService.java,15340,void com.android.server.am.ActivityManagerService.serviceDoneExecuting(android.os.IBinder, int, int, int, android.content.Intent),,0,null,11]
04-12 20:41:47.547612  3872  6286 I gms_unknown: [6,0,0,0,0]
04-12 20:41:47.547808  3872  6286 I gms_unknown: [5,0,0]
04-12 20:41:47.548011  3872  6286 I gms_unknown: 119
04-12 20:41:47.561006  1750  2578 I am_proc_start: [0,6974,10152,com.debug.loggerui,broadcast,{com.debug.loggerui/com.debug.loggerui.framework.LogReceiver},action = android.intent.action.BOOT_COMPLETED]
04-12 20:41:47.561999  1750  2578 I am_proc_bound: [0,6974,com.debug.loggerui]
04-12 20:41:47.568172  1750  4407 I dvm_lock_sample: [system_server,1,binder:1750_1F,46,ActivityManagerService.java,6474,java.lang.String com.android.server.am.ActivityManagerService.getTagForIntentSender(android.content.IIntentSender, java.lang.String),,0,null,9]
04-12 20:41:47.568871  1750  1952 I dvm_lock_sample: [system_server,1,android.bg,35,ContentProviderHelper.java,1677,void com.android.server.am.ContentProviderHelper.handleProviderRemoval(com.android.server.am.ContentProviderConnection, boolean, boolean),,0,null,7]
04-12 20:41:47.575654  1750  2048 I dvm_lock_sample: [system_server,0,binder:1750_5,35,ActivityManagerService.java,15340,void com.android.server.am.ActivityManagerService.serviceDoneExecuting(android.os.IBinder, int, int, int, android.content.Intent),,0,null,7]
04-12 20:41:47.578570  1750  1964 I dvm_lock_sample: [system_server,1,ActivityManager:procStart,94,ProcessList.java,2304,void com.android.server.am.ProcessList.lambda$handleProcessStart$1(com.android.server.am.ProcessRecord, java.lang.String, int[], int, int, int, java.lang.String, java.lang.String, java.lang.String, long),,0,null,18]
04-12 20:41:47.580639  1750  2318 I sync    : [com.google.android.gms.fitness,0,0,-1543423057]
04-12 20:41:47.586734  1750  1952 I dvm_lock_sample: [system_server,1,android.bg,13,ContentProviderHelper.java,1677,void com.android.server.am.ContentProviderHelper.handleProviderRemoval(com.android.server.am.ContentProviderConnection, boolean, boolean),,0,null,2]
04-12 20:41:47.594068  1750  2249 I notification_cancel_all: [1000,1750,com.google.android.projection.gearhead,0,0,0,20,NULL]
04-12 20:41:47.594816  1750  1942 I commit_sys_config_file: [jobs,5]
04-12 20:41:47.612413  3872  6286 I gms_unknown: 24
04-12 20:41:47.612462  3872  6286 I gms_unknown: [CheckinTask:duration,2248]
04-12 20:41:47.631959  1750  2094 I commit_sys_config_file: [settings-0-0,1]
04-12 20:41:47.634003  1750  2047 I am_uid_active: 10152
04-12 20:41:47.640891  2812  3035 I jank_cuj_events_end_request: [14,1775997707640319000,31423193155,31423193232]
04-12 20:41:47.649728  1750  1963 I am_uid_running: 10077
04-12 20:41:47.700000  1750  1964 I am_proc_start: [0,7075,10077,com.android.devicediagnostics,broadcast,{com.android.devicediagnostics/com.android.devicediagnostics.BootCompleteReceiver},action = android.intent.action.BOOT_COMPLETED]
04-12 20:41:47.700717  1750  2695 I am_proc_bound: [0,7075,com.android.devicediagnostics]
04-12 20:41:47.778669  1750  2318 I sync    : [com.google.android.gms.fitness,1,0,-1543423057]
04-12 20:41:47.779955  1750  2318 I commit_sys_config_file: [sync-status,1]
04-12 20:41:47.800160  1750  2318 I sync    : [com.google.android.gms.people,0,0,-1543423057]
04-12 20:41:47.811240  1750  2549 I dvm_lock_sample: [system_server,1,binder:1750_8,64,BroadcastController.java,532,android.content.Intent com.android.server.am.BroadcastController.registerReceiverWithFeatureTraced(android.app.IApplicationThread, java.lang.String, java.lang.String, java.lang.String, android.content.IIntentReceiver, android.content.IntentFilter, java.lang.String, int, int),,0,null,12]
04-12 20:41:47.874565  2455  6961 I dvm_lock_sample: [com.google.android.gms.persisten,0,lowpool[21],91,:com.google.android.gms@261233035@26.12.33 (260400-892550550),1,void fait.b(faeu),-,25,void fait.e(),18]
04-12 20:41:47.899350  1750  2983 I am_foreground_service_start: [0,com.debug.loggerui/.framework.DebugLoggerUIService,0,BACKGROUND_FGS_PERMISSION,36,36,0,0,0,1,UNKNOWN,1073741824]
04-12 20:41:47.911239  1750  2249 I notification_cancel_all: [1000,1750,com.google.android.gms,0,0,0,20,NULL]
04-12 20:41:47.927472  1750  2578 I am_uid_active: 10077
04-12 20:41:47.935368  1750  2588 I dvm_lock_sample: [system_server,1,binder:1750_C,26,ContentProviderHelper.java,207,android.app.ContentProviderHolder com.android.server.am.ContentProviderHelper.getContentProviderImpl(android.app.IApplicationThread, java.lang.String, android.os.IBinder, int, java.lang.String, java.lang.String, boolean, int),,0,null,5]
04-12 20:41:47.952067  1750  1963 I am_uid_running: 10081
04-12 20:41:48.008546  1750  4350 I am_proc_start: [0,7118,10081,com.android.managedprovisioning,broadcast,{com.android.managedprovisioning/com.android.managedprovisioning.BootReminder},action = android.intent.action.BOOT_COMPLETED]
04-12 20:41:48.009341  1750  4350 I am_proc_bound: [0,7118,com.android.managedprovisioning]
04-12 20:41:48.015501  1750  2249 I notification_cancel_all: [1000,1750,com.google.android.gms,0,0,0,20,NULL]
04-12 20:41:48.018789  1750  2249 I notification_cancel_all: [1000,1750,com.google.android.gms,0,0,0,20,NULL]
04-12 20:41:48.024000  7118  7118 I auditd  : type=1400 audit(0.0:764): avc:  denied  { read write } for  comm="re-initialized>" name="ensignal" dev="tmpfs" ino=2080 scontext=u:r:platform_app:s0:c512,c768 tcontext=u:object_r:ensignal_device:s0 tclass=chr_file permissive=0 app=com.android.managedprovisioning
04-12 20:41:48.024000  7118  7118 I auditd  : type=1400 audit(0.0:765): avc:  denied  { read write } for  comm="re-initialized>" name="ensignal" dev="tmpfs" ino=2080 scontext=u:r:platform_app:s0:c512,c768 tcontext=u:object_r:ensignal_device:s0 tclass=chr_file permissive=0 app=com.android.managedprovisioning
04-12 20:41:48.030861  1750  2249 I notification_cancel_all: [1000,1750,com.google.android.gms,0,0,0,20,NULL]
04-12 20:41:48.035029  1750  1921 I am_uid_running: 10144
04-12 20:41:48.101727  1750  2005 I am_proc_start: [0,7202,10144,com.transsion.trancare,service,{com.transsion.trancare/com.transsion.trancare.MainService},caller=system/1000]
04-12 20:41:48.103175  1750  2005 I am_proc_bound: [0,7202,com.transsion.trancare]
04-12 20:41:48.127313  1750  1991 I power_sleep_requested: 0
04-12 20:41:48.132521  1750  2005 I sysui_multi_action: [757,127,758,2]
04-12 20:41:48.132598  1750  2005 I notification_panel_hidden: 
04-12 20:41:48.136000  7202  7202 I auditd  : type=1400 audit(0.0:766): avc:  denied  { read write } for  comm="re-initialized>" name="ensignal" dev="tmpfs" ino=2080 scontext=u:r:platform_app:s0:c512,c768 tcontext=u:object_r:ensignal_device:s0 tclass=chr_file permissive=0 app=com.transsion.trancare
04-12 20:41:48.140285  2812  3035 I jank_cuj_events_begin_request: [24,1775997708140205000,31923079078,31923079078,MISSING_CLOCK_ID]
04-12 20:41:48.140000  7202  7202 I auditd  : type=1400 audit(0.0:767): avc:  denied  { read write } for  comm="re-initialized>" name="ensignal" dev="tmpfs" ino=2080 scontext=u:r:platform_app:s0:c512,c768 tcontext=u:object_r:ensignal_device:s0 tclass=chr_file permissive=0 app=com.transsion.trancare
04-12 20:41:48.163571  1750  2082 I dvm_lock_sample: [system_server,1,appscheduling.default,285,TimeController.java,300,void com.android.server.job.controllers.TimeController.checkExpiredDelaysAndResetAlarm(),JobServiceContext.java,509,boolean com.android.server.job.JobServiceContext.executeRunnableJob(com.android.server.job.controllers.JobStatus, int),57]
04-12 20:41:48.164394  1750  1750 I dvm_lock_sample: [system_server,0,main,201,DeviceIdleJobsController.java,108,void com.android.server.job.controllers.DeviceIdleJobsController$1.onReceive(android.content.Context, android.content.Intent),JobServiceContext.java,509,boolean com.android.server.job.JobServiceContext.executeRunnableJob(com.android.server.job.controllers.JobStatus, int),40]
04-12 20:41:48.170520  1750  2249 I notification_cancel_all: [1000,1750,com.google.android.gms,0,0,0,20,NULL]
04-12 20:41:48.186626  1750  4350 I netstats_mobile_sample: [0,0,0,0,0,0,0,0,1775997708994]
04-12 20:41:48.186820  1750  4350 I netstats_wifi_sample: [764694,199555,1084,1087,723577,199303,1034,1084,1775997708994]
04-12 20:41:48.201954  1750  2695 I dvm_lock_sample: [system_server,1,binder:1750_D,43,ContentProviderHelper.java,207,android.app.ContentProviderHolder com.android.server.am.ContentProviderHelper.getContentProviderImpl(android.app.IApplicationThread, java.lang.String, android.os.IBinder, int, java.lang.String, java.lang.String, boolean, int),,0,null,8]
04-12 20:41:48.220390  1750  4357 I dvm_lock_sample: [system_server,1,binder:1750_1A,189,ActivityManagerService.java,15305,boolean com.android.server.am.ActivityManagerService.unbindService(android.app.IServiceConnection),,0,null,37]
04-12 20:41:48.248554  1750  4400 I dvm_lock_sample: [system_server,1,binder:1750_1D,80,ContentProviderHelper.java,207,android.app.ContentProviderHolder com.android.server.am.ContentProviderHelper.getContentProviderImpl(android.app.IApplicationThread, java.lang.String, android.os.IBinder, int, java.lang.String, java.lang.String, boolean, int),,0,null,16]
04-12 20:41:48.260840  1750  4407 I dvm_lock_sample: [system_server,1,binder:1750_1F,125,ActivityManagerService.java,15092,int com.android.server.am.ActivityManagerService.stopService(android.app.IApplicationThread, android.content.Intent, java.lang.String, int, boolean, int, java.lang.String, java.lang.String),,0,null,25]
04-12 20:41:48.264305  1750  1942 I commit_sys_config_file: [notification-policy,16]
04-12 20:41:48.271563  1750  2249 I notification_enqueue: [10232,2455,com.google.android.gms,1000,a:GMSCORE_STORE_RENDERER:0b135afdc4360000:107718207925398475592,0,Notification(channel=com.google.android.gms.notifications::SECURITY_ALERTS shortcut=null contentView=null vibrate=null sound=null tick defaults=0 flags=LOCAL_ONLY|SILENT color=0x00000000 actions=1 vis=PRIVATE publicVersion=Notification(channel=null shortcut=null contentView=null vibrate=null sound=null defaults=0 flags=0 color=0x00000000 vis=PRIVATE)),0,1]
04-12 20:41:48.276888  1750  4350 I dvm_lock_sample: [system_server,0,binder:1750_19,74,ActivityManagerService.java,15340,void com.android.server.am.ActivityManagerService.serviceDoneExecuting(android.os.IBinder, int, int, int, android.content.Intent),,0,null,14]
04-12 20:41:48.279623  1750  1991 I sysui_multi_action: [757,1696,758,6,759,0]
04-12 20:41:48.308000  6580  6580 I auditd  : type=1400 audit(0.0:768): avc:  denied  { read } for  comm="lowpool[2]" name="u:object_r:system_adbd_prop:s0" dev="tmpfs" ino=434 scontext=u:r:gmscore_app:s0:c512,c768 tcontext=u:object_r:system_adbd_prop:s0 tclass=file permissive=0 app=com.google.android.gms
04-12 20:41:48.324215  1750  2588 I am_uid_active: 10081
04-12 20:41:48.327123  1750  2094 I commit_sys_config_file: [settings-1-0,2]
04-12 20:41:48.336838  1750  4349 I dvm_lock_sample: [system_server,1,binder:1750_18,77,ActivityManagerService.java,15048,android.content.ComponentName com.android.server.am.ActivityManagerService.startService(android.app.IApplicationThread, android.content.Intent, java.lang.String, boolean, java.lang.String, java.lang.String, int, boolean, int, java.lang.String, java.lang.String),,0,null,15]
04-12 20:41:48.343341  1750  2048 I dvm_lock_sample: [system_server,1,binder:1750_5,323,ActivityManagerService.java,15048,android.content.ComponentName com.android.server.am.ActivityManagerService.startService(android.app.IApplicationThread, android.content.Intent, java.lang.String, boolean, java.lang.String, java.lang.String, int, boolean, int, java.lang.String, java.lang.String),,0,null,64]
04-12 20:41:48.349057  1750  2313 I am_uid_active: 10144
04-12 20:41:48.361875  1750  3594 I dvm_lock_sample: [system_server,1,binder:1750_15,267,ActivityManagerService.java,15048,android.content.ComponentName com.android.server.am.ActivityManagerService.startService(android.app.IApplicationThread, android.content.Intent, java.lang.String, boolean, java.lang.String, java.lang.String, int, boolean, int, java.lang.String, java.lang.String),,0,null,53]
04-12 20:41:48.373254  1750  3434 I dvm_lock_sample: [system_server,1,binder:1750_12,53,ActivityManagerService.java,15048,android.content.ComponentName com.android.server.am.ActivityManagerService.startService(android.app.IApplicationThread, android.content.Intent, java.lang.String, boolean, java.lang.String, java.lang.String, int, boolean, int, java.lang.String, java.lang.String),,0,null,10]
04-12 20:41:48.425676  1750  1963 I am_uid_running: 10082
04-12 20:41:48.466256  1750  1964 I am_proc_start: [0,7171,10082,com.android.providers.calendar,broadcast,{com.android.providers.calendar/com.android.providers.calendar.CalendarReceiver},action = android.intent.action.BOOT_COMPLETED]
04-12 20:41:48.474921  1750  2249 I sysui_multi_action: [757,1501,758,1,793,373,794,0,795,373,796,1000,797,a:GMSCORE_STORE_RENDERER:0b135afdc4360000:107718207925398475592,806,com.google.android.gms,857,com.google.android.gms.noti-9e60d696,858,3,947,0,1500,0,1688,1,1745,2098068913]
04-12 20:41:48.474959  1750  2249 I sysui_multi_action: [757,804,799,note_interruptive,801,0,802,1]
04-12 20:41:48.481336  1750  2588 I am_proc_bound: [0,7171,com.android.providers.calendar]
04-12 20:41:48.482476  1750  2249 I notification_autogrouped: 0|com.google.android.gms|1000|a:GMSCORE_STORE_RENDERER:11be35c183260000:107718207925398475592|10232
04-12 20:41:48.482928  1750  2249 I notification_autogrouped: 0|com.google.android.gms|1000|a:GMSCORE_STORE_RENDERER:0b135afdc4360000:107718207925398475592|10232
04-12 20:41:48.483115  1750  2249 I notification_adjusted: [0|com.google.android.gms|1000|a:GMSCORE_STORE_RENDERER:0b135afdc4360000:107718207925398475592|10232,key_group_key,0|com.google.android.gms|g:Aggregate_AlertingSection]
04-12 20:41:48.483864  1750  2249 I sysui_multi_action: [757,199,758,1,759,2064,793,382,794,0,795,382,796,1000,797,a:GMSCORE_STORE_RENDERER:0b135afdc4360000:107718207925398475592,806,com.google.android.gms,857,com.google.android.gms.noti-9e60d696,858,3,946,0|com.google.android.gms|g:-1d40d8e2,947,0,1500,9,1688,1,1745,2098068913]
04-12 20:41:48.483947  1750  2249 I notification_alert: [0|com.google.android.gms|1000|a:GMSCORE_STORE_RENDERER:0b135afdc4360000:107718207925398475592|10232,0,0,0,2,2048]
04-12 20:41:48.489803  1750  2249 I notification_enqueue: [10232,2455,com.google.android.gms,0,0|com.google.android.gms|g:Aggregate_AlertingSection,0,Notification(channel=com.google.android.gms.notifications::SECURITY_ALERTS shortcut=null contentView=null vibrate=null sound=null defaults=0 flags=LOCAL_ONLY|GROUP_SUMMARY|AUTOGROUP_SUMMARY color=0x00000000 groupKey=0|com.google.android.gms|g:Aggregate_AlertingSection vis=PRIVATE),0,0]
04-12 20:41:48.495498  1750  2248 I notification_adjusted: [0|com.google.android.gms|1000|a:GMSCORE_STORE_RENDERER:11be35c183260000:107718207925398475592|10232,key_group_key,0|com.google.android.gms|g:Aggregate_AlertingSection]
04-12 20:41:48.511459  1750  1963 I am_wtf  : [0,1750,system_server,-1,ActivityManager,Sending non-protected broadcast com.transsion.log.ATHENA_STATE_CHANGED from system 1750:system/1000 pkg android]
04-12 20:41:48.513768  1750  2318 I dvm_lock_sample: [system_server,0,SyncManager,326,JobSchedulerService.java,2399,boolean com.android.server.job.JobSchedulerService.cancelJob(int, java.lang.String, int, int, int),,0,null,65]
04-12 20:41:48.516277  1750  2318 I sync    : [com.google.android.gms.people,1,0,-1543423057]
04-12 20:41:48.589785  1750  1887 I am_uid_active: 10082
04-12 20:41:48.630735  1750  1963 I am_uid_running: 10254
04-12 20:41:48.632415  1750  2588 I pm_critical_info: setEnabledSettings callingUid = 10221 callingPid = 5353 packageName = com.android.vending componentName = null callingPackage= com.google.android.partnersetup newState = 1 userId = 0 flags = 1
04-12 20:41:48.658111  2812  3035 I jank_cuj_events_end_request: [24,1775997708658013000,32440887309,32440887386]
04-12 20:41:48.677985  1750  2550 I dvm_lock_sample: [system_server,0,binder:1750_9,23,ActivityManagerService.java,13630,void com.android.server.am.ActivityManagerService.dumpApplicationMemoryUsage(java.io.FileDescriptor, java.io.PrintWriter, java.lang.String, com.android.server.am.ActivityManagerService$MemoryUsageDumpOptions, java.lang.String[], boolean, java.util.ArrayList, java.io.PrintWriter),OomAdjusterModernImpl.java,923,void com.android.server.am.OomAdjusterModernImpl.performUpdateOomAdjPendingTargetsLocked(int),4]
