04-12 20:41:58.884000  9057  9057 I auditd  : type=1400 audit(0.0:997): avc:  denied  { search } for  comm="cat" name="ppb" dev="proc" ino=4026534133 scontext=u:r:dumpstate:s0 tcontext=u:object_r:proc_ppb:s0 tclass=dir permissive=0
04-12 20:41:58.900000  9059  9059 I auditd  : type=1400 audit(0.0:998): avc:  denied  { read } for  comm="cat" name="trace_slbc" dev="proc" ino=4026535494 scontext=u:r:dumpstate:s0 tcontext=u:object_r:proc:s0 tclass=file permissive=0
04-12 20:41:58.912000  9060  9060 I auditd  : type=1400 audit(0.0:999): avc:  denied  { read } for  comm="cat" name="dbg_slbc" dev="proc" ino=4026535493 scontext=u:r:dumpstate:s0 tcontext=u:object_r:proc_dbg_slbc:s0 tclass=file permissive=0
04-12 20:41:58.964000  6819  6819 I auditd  : type=1400 audit(0.0:1000): avc:  denied  { read } for  comm="aee_aed64_v2" name="bootconfig" dev="proc" ino=4026532099 scontext=u:r:crash_dump:s0 tcontext=u:object_r:proc_bootconfig:s0 tclass=file permissive=0
04-12 20:41:59.005192  1750  2000 I commit_sys_config_file: [package,19]
04-12 20:41:59.010052  1750  1995 I commit_sys_config_file: [package-user-0,5]
04-12 20:41:59.076704  4637  9068 I jank_cuj_events_end_request: [80,1775997719076624000,42859498386,42859498386]
04-12 20:41:59.214696  1750  1942 I commit_sys_config_file: [jobs,8]
04-12 20:41:59.263128  1750  1964 I am_proc_start: [0,9069,10231,com.android.vending:background,service,{com.android.vending/com.google.frameworks.client.data.android.server.play.BackgroundProcessEndpointService},caller=com.android.vending/10231]
04-12 20:41:59.277668  1750  1888 I am_proc_bound: [0,9069,com.android.vending:background]
04-12 20:41:59.430347  4763  4763 I viewroot_draw_event: [VRI[SmartPanel_handleView],Start draw after previous draw not visible]
04-12 20:41:59.433599  4763  4763 I viewroot_draw_event: [VRI[SmartPanel_handleView],reportDrawFinished seqId=0]
04-12 20:41:59.441574  1750  2183 I input_interaction: Interaction with: 149cad1 com.transsion.screenrecorder/com.transsion.screenrecorder.activities.MyPerGuideDialog, [Gesture Monitor] edge-swipe, [Gesture Monitor] TranGestureMonitor, [Gesture Monitor] TranGestureMonitor, PointerEventDispatcher0, 
04-12 20:41:59.511347  2812  3035 I jank_cuj_events_end_request: [10425,1775997719511010000,43293883925,43293883925]
04-12 20:41:59.545822  4637  4637 I viewroot_draw_event: [VRI[screen-record],Not drawing due to not visible. Reason=View.GONE]
04-12 20:41:59.566653  1750  1963 I am_wtf  : [0,1750,system_server,-1,ActivityManager,Sending non-protected broadcast update_edit_tools_status from system 4763:com.transsion.smartpanel/1000 pkg com.transsion.smartpanel]
04-12 20:41:59.575602  1750  1944 I snet_event_log: updateFrameRateVote [pkg = com.transsion.screenrecorder title = com.transsion.screenrecorder/com.transsion.screenrecorder.activities.MyPerGuideDialog refreshRate = 90.0 modeId = 3 setting =10000 peak = 120.0 mTopApp = com.transsion.screenrecorder]
04-12 20:41:59.575713  1750  1944 I snet_event_log: updateFrameRateVote [pkg = com.transsion.launcher3 title = Taskbar refreshRate = 90.0 modeId = 3 setting =10000 peak = 120.0 mTopApp = com.transsion.screenrecorder]
04-12 20:41:59.625086  1750  2094 I commit_sys_config_file: [settings-0-0,3]
04-12 20:41:59.718746  1750  1887 I sysui_multi_action: [757,1659,758,4,759,1,1660,2]
04-12 20:41:59.724600  1750  1888 I dvm_lock_sample: [system_server,1,binder:1750_2,16,WindowManagerService.java,2716,int com.android.server.wm.WindowManagerService.relayoutWindow(com.android.server.wm.Session, android.view.IWindow, android.view.WindowManager$LayoutParams, int, int, int, int, int, int, android.view.WindowRelayoutResult),DeviceStateController.java,153,void com.android.server.wm.DeviceStateController.registerDeviceStateCallback(java.util.function.Consumer, java.util.concurrent.Executor),3]
04-12 20:41:59.728545  1750  2048 I wm_finish_activity: [0,14755446,57,com.transsion.screenrecorder/.activities.MyPerGuideDialog,finish-activity]
04-12 20:41:59.728690  1750  2048 I wm_task_moved: [56,56,0,1,3]
04-12 20:41:59.728704  1750  2048 I wm_task_to_front: [0,56,0]
04-12 20:41:59.728990  1750  2048 I wm_focused_root_task: [0,0,56,57,finish-top adjustFocusToNextFocusableTask]
04-12 20:41:59.729273  1750  2048 I wm_pause_activity: [0,14755446,com.transsion.screenrecorder/.activities.MyPerGuideDialog,userLeaving=false,finish]
04-12 20:41:59.732109  1750  1924 I sysui_multi_action: [757,803,799,window_time_0,802,1]
04-12 20:41:59.737011  4637  4637 I wm_on_top_resumed_lost_called: [14755446,com.transsion.screenrecorder.activities.MyPerGuideDialog,topStateChangedWhenResumed]
04-12 20:41:59.741159  4637  4637 I wm_on_paused_called: [14755446,com.transsion.screenrecorder.activities.MyPerGuideDialog,performPause,1]
04-12 20:41:59.741627  1750  2005 I wm_add_to_stopping: [0,14755446,com.transsion.screenrecorder/.activities.MyPerGuideDialog,completeFinishing]
04-12 20:41:59.744656  1750  2005 I wm_set_resumed_activity: [0,com.transsion.camera/com.android.camera.CameraLauncher,resumeTopActivity - onActivityStateChanged]
04-12 20:41:59.748582  1750  2005 I wm_resume_activity: [0,45000400,56,com.transsion.camera/com.android.camera.CameraLauncher]
04-12 20:41:59.752245  1750  1924 I sysui_multi_action: [757,803,799,window_time_0,802,0]
04-12 20:41:59.759626  1750  1944 I input_focus: [Focus request 575eee5 com.transsion.camera/com.android.camera.CameraLauncher,reason=UpdateInputWindows]
04-12 20:41:59.761030  3894  3894 I surfaceview_layout: [SV[24165933 CameraLauncher],4,1200,1600,-2,setFixedSize,1,0,0]
04-12 20:41:59.761078  3894  3894 I surfaceview_callback: [SV[24165933 CameraLauncher],surfaceDestroyed]
04-12 20:41:59.763847  2812  3035 I jank_cuj_events_begin_request: [20100,1775997719754354000,43537227925,43537227925,]
04-12 20:41:59.765087  3894  3894 I surfaceview_layout: [SV[24165933 CameraLauncher],4,1200,1600,-2,setFixedSize,1,0,1]
04-12 20:41:59.766616  3894  3894 I surfaceview_callback: [SV[24165933 CameraLauncher],surfaceCreated]
04-12 20:41:59.769095  3894  3894 I surfaceview_callback: [SV[24165933 CameraLauncher],surfaceChanged -- format=4 w=1200 h=1600]
04-12 20:41:59.769208  3894  3894 I surfaceview_callback: [SV[24165933 CameraLauncher],surfaceRedrawNeeded]
04-12 20:41:59.770188  1750  2094 I commit_sys_config_file: [settings-2-0,8]
04-12 20:41:59.770442  3894  8357 I surfaceview_callback: [SV[24165933 CameraLauncher],surfaceRedrawNeeded implemented]
04-12 20:41:59.775102  1750  1944 I snet_event_log: updateFrameRateVote [pkg = com.transsion.livewallpaper.custompictorial title = com.transsion.livewallpaper.pictorial.CustomPictorialWallpaperService refreshRate = 90.0 modeId = 3 setting =10000 peak = 120.0 mTopApp = com.transsion.camera]
04-12 20:41:59.775361  1750  1944 I snet_event_log: updateFrameRateVote [pkg = com.transsion.smartpanel title = SmartPanel_handleView refreshRate = 90.0 modeId = 3 setting =10000 peak = 120.0 mTopApp = com.transsion.camera]
04-12 20:41:59.779365  3894  3894 I wm_on_resume_called: [45000400,com.android.camera.CameraLauncher,RESUME_ACTIVITY,22]
04-12 20:41:59.779449  3894  3894 I wm_on_top_resumed_gained_called: [45000400,com.android.camera.CameraLauncher,topWhenResuming]
04-12 20:41:59.780531  1750  2183 I input_focus: [Focus leaving 149cad1 com.transsion.screenrecorder/com.transsion.screenrecorder.activities.MyPerGuideDialog,reason=NO_WINDOW]
04-12 20:41:59.784235  1750  2048 I netstats_mobile_sample: [0,0,0,0,0,0,0,0,1775997720592]
04-12 20:41:59.784371  1750  2048 I netstats_wifi_sample: [1422482,474298,2140,2140,1378088,466020,2047,2093,1775997720592]
04-12 20:41:59.797807  1750  2183 I input_focus: [Focus entering 575eee5 com.transsion.camera/com.android.camera.CameraLauncher,reason=setFocusedWindow]
04-12 20:41:59.800048  1408  2020 I liblog  : 144
04-12 20:41:59.808790  1408  2019 I liblog  : 32
04-12 20:41:59.813421  1408  2016 I liblog  : 38
04-12 20:41:59.856158  3894  6937 I liblog  : 126
04-12 20:41:59.862692  1408  9234 I liblog  : 784
04-12 20:41:59.885420  1750  2082 I dvm_lock_sample: [system_server,1,appscheduling.default,33,JobSchedulerService.java,3501,void com.android.server.job.JobSchedulerService$JobHandler.handleMessage(android.os.Message),-,2238,android.app.job.JobInfo com.android.server.job.JobSchedulerService.getPendingJob(int, java.lang.String, int),6]
04-12 20:41:59.888240  1750  2094 I commit_sys_config_file: [settings-0-0,5]
04-12 20:41:59.914499  1408  1408 I liblog  : 296
04-12 20:41:59.915235  1408  1408 I liblog  : 87
04-12 20:41:59.915265  1408  1408 I liblog  : 3
04-12 20:41:59.915346  1408  2016 I liblog  : 2
04-12 20:41:59.915353  1408  2016 I liblog  : 1
04-12 20:41:59.915371  1408  2016 I liblog  : 6
04-12 20:41:59.915377  1408  2016 I liblog  : 1
04-12 20:41:59.915381  1408  2016 I liblog  : 1
04-12 20:41:59.915392  1408  2016 I liblog  : 6
04-12 20:41:59.915397  1408  2016 I liblog  : 1
04-12 20:41:59.915401  1408  2016 I liblog  : 2
04-12 20:41:59.915405  1408  2016 I liblog  : 2
04-12 20:41:59.915409  1408  2016 I liblog  : 1
04-12 20:41:59.915435  1408  2016 I liblog  : 1
04-12 20:41:59.915438  1408  2016 I liblog  : 1
04-12 20:41:59.915472  1408  2016 I liblog  : 4
04-12 20:41:59.915484  1408  2016 I liblog  : 4
04-12 20:41:59.915508  1408  2016 I liblog  : 4
04-12 20:41:59.915513  1408  2016 I liblog  : 1
04-12 20:41:59.915526  1408  2016 I liblog  : 1
04-12 20:41:59.915538  1408  2016 I liblog  : 4
04-12 20:41:59.915544  1408  2016 I liblog  : 1
04-12 20:41:59.915563  1408  2016 I liblog  : 2
04-12 20:41:59.915567  1408  2016 I liblog  : 1
04-12 20:41:59.915623  1408  2016 I liblog  : 1
04-12 20:41:59.918543  1408  1408 I liblog  : 228
04-12 20:41:59.918617  1408  1408 I liblog  : 2
04-12 20:41:59.918621  1408  1408 I liblog  : 1
04-12 20:41:59.918631  1408  1408 I liblog  : 1
04-12 20:41:59.918647  1408  1408 I liblog  : 1
04-12 20:41:59.930493  1408  1408 I liblog  : 245
04-12 20:41:59.930500  1408  1408 I liblog  : 1
04-12 20:41:59.930512  1408  1408 I liblog  : 1
04-12 20:41:59.945120  1408  2019 I liblog  : 1470
04-12 20:41:59.945168  1408  2023 I liblog  : 1
04-12 20:41:59.946985  1408  2023 I liblog  : 143
04-12 20:41:59.940000  1408  1408 I auditd  : type=1400 audit(0.0:1007): avc:  denied  { read } for  comm="CTMThread8-00" name="u:object_r:default_prop:s0" dev="tmpfs" ino=238 scontext=u:r:mtk_hal_camera:s0 tcontext=u:object_r:default_prop:s0 tclass=file permissive=0
04-12 20:41:59.940000  1408  1408 I auditd  : type=1400 audit(0.0:1008): avc:  denied  { read } for  comm="CTMThread8-00" name="u:object_r:default_prop:s0" dev="tmpfs" ino=238 scontext=u:r:mtk_hal_camera:s0 tcontext=u:object_r:default_prop:s0 tclass=file permissive=0
04-12 20:41:59.940000  1408  1408 I auditd  : type=1400 audit(0.0:1009): avc:  denied  { read } for  comm="CTMThread8-00" name="u:object_r:default_prop:s0" dev="tmpfs" ino=238 scontext=u:r:mtk_hal_camera:s0 tcontext=u:object_r:default_prop:s0 tclass=file permissive=0
04-12 20:41:59.940000  1408  1408 I auditd  : type=1400 audit(0.0:1010): avc:  denied  { read } for  comm="CTMThread8-00" name="u:object_r:default_prop:s0" dev="tmpfs" ino=238 scontext=u:r:mtk_hal_camera:s0 tcontext=u:object_r:default_prop:s0 tclass=file permissive=0
04-12 20:41:59.955225  1408  9261 I liblog  : 668
04-12 20:41:59.960000  7417  7417 I auditd  : type=1400 audit(0.0:1011): avc:  denied  { getopt } for  comm="FinalizerDaemon" path="/dev/socket/usap_pool_primary" scontext=u:r:untrusted_app:s0:c243,c256,c512,c768 tcontext=u:r:zygote:s0 tclass=unix_stream_socket permissive=0 app=com.google.android.inputmethod.latin
04-12 20:41:59.967211  3894  9222 I dvm_lock_sample: [com.transsion.camera,0,CameraDeviceExecutor,112,CameraDeviceImpl.java,278,void android.hardware.camera2.impl.CameraDeviceImpl$6.run(),-,745,boolean android.hardware.camera2.impl.CameraDeviceImpl.configureStreamsChecked(android.hardware.camera2.params.InputConfiguration, java.util.List, int, android.hardware.camera2.CaptureRequest, long),22]
04-12 20:41:59.970414  1408  9280 I liblog  : 682
04-12 20:41:59.988974  1408  9294 I liblog  : 849
04-12 20:41:59.989770  1408  9294 I liblog  : 16
04-12 20:41:59.990837  1408  2025 I liblog  : 3
04-12 20:41:59.991719  1408  1408 I liblog  : 82
04-12 20:41:59.991739  1408  1408 I liblog  : 8
04-12 20:41:59.991742  1408  1408 I liblog  : 1
04-12 20:41:59.991745  1408  1408 I liblog  : 1
04-12 20:41:59.991748  1408  1408 I liblog  : 1
04-12 20:41:59.991751  1408  1408 I liblog  : 1
04-12 20:41:59.991754  1408  1408 I liblog  : 1
04-12 20:41:59.992032  1408  1408 I liblog  : 109
04-12 20:41:59.992036  1408  1408 I liblog  : 1
04-12 20:41:59.992255  1408  1408 I liblog  : 24
04-12 20:41:59.993048  1408  1408 I liblog  : 156
04-12 20:41:59.993060  1408  1408 I liblog  : 1
04-12 20:41:59.993090  1408  1408 I liblog  : 5
04-12 20:41:59.993269  1408  1408 I liblog  : 20
04-12 20:41:59.999520  1408  2017 I liblog  : 36
04-12 20:41:59.999539  1408  1408 I liblog  : 3
04-12 20:42:00.001240  1750  2094 I commit_sys_config_file: [settings-2-0,2]
04-12 20:42:00.004128  1408  1408 I liblog  : 24
04-12 20:42:00.004250  1408  1408 I liblog  : 15
04-12 20:42:00.004272  1408  1408 I liblog  : 1
04-12 20:42:00.004285  1408  1408 I liblog  : 1
04-12 20:42:00.004289  1408  1408 I liblog  : 1
04-12 20:42:00.004299  1408  1408 I liblog  : 1
04-12 20:42:00.004305  1408  1408 I liblog  : 1
04-12 20:42:00.004309  1408  1408 I liblog  : 1
04-12 20:42:00.004321  1408  1408 I liblog  : 1
04-12 20:42:00.004328  1408  1408 I liblog  : 1
04-12 20:42:00.009997  2812  3035 I jank_cuj_events_end_request: [20100,1775997720008580000,43791454079,43791454156]
04-12 20:42:00.026134  1750  1943 I wm_destroy_activity: [0,14755446,57,com.transsion.screenrecorder/.activities.MyPerGuideDialog,finish-imm:idle]
04-12 20:42:00.037226  4637  4637 I viewroot_draw_event: [VRI[MyPerGuideDialog],Not drawing due to not visible. Reason=!mAppVisible && !mForceDecorViewVisibility]
04-12 20:42:00.038206  4637  4637 I wm_on_stop_called: [14755446,com.transsion.screenrecorder.activities.MyPerGuideDialog,LIFECYCLER_STOP_ACTIVITY,1]
04-12 20:42:00.039401  4637  4637 I wm_on_destroy_called: [14755446,com.transsion.screenrecorder.activities.MyPerGuideDialog,performDestroy,1]
04-12 20:42:00.048478  1750  2005 I wm_task_removed: [57,57,0,removeChild, last child = ActivityRecord{14755446 u0 com.transsion.screenrecorder/.activities.MyPerGuideDialog t-1 f}} in Task{2313402 #57 type=standard A=10172:com.transsion.screenrecorder}]
04-12 20:42:00.130185  1408  9256 I liblog  : 28
04-12 20:42:00.136147  1408  2032 I liblog  : 6
04-12 20:42:00.142356  3894  8530 I jank_cuj_events_end_request: [81,1775997720142150000,43925023617,43925023617]
04-12 20:42:00.149078  4763  4763 I viewroot_draw_event: [VRI[SmartPanel_handleView],Not drawing due to not visible. Reason=View.GONE]
04-12 20:42:00.169826  1750  2094 I commit_sys_config_file: [settings-0-0,4]
04-12 20:42:00.206150  2812  3354 I viewroot_draw_event: [VRI[ScreenDecorOverlay],reportDrawFinished seqId=0]
04-12 20:42:00.208993  1750  1944 I snet_event_log: updateFrameRateVote [pkg = com.android.systemui title = DynamicBar refreshRate = 90.0 modeId = 3 setting =10000 peak = 120.0 mTopApp = com.transsion.camera]
04-12 20:42:00.211847  2812  3271 I viewroot_draw_event: [VRI[DynamicBar],reportDrawFinished seqId=0]
04-12 20:42:00.245657  2812  3035 I jank_cuj_events_begin_request: [10500,1775997720245510000,44028384002,44028384002,]
04-12 20:42:00.451464  1750  2249 I notification_cancel_all: [1000,1750,com.android.vending,0,0,0,20,NULL]
04-12 20:42:00.451640  1750  2249 I notification_cancel_all: [1000,1750,com.android.vending,0,0,0,20,NULL]
04-12 20:42:00.451820  1750  2249 I notification_cancel_all: [1000,1750,com.android.vending,0,0,0,20,NULL]
04-12 20:42:00.452018  1750  2249 I notification_cancel_all: [1000,1750,com.android.vending,0,0,0,20,NULL]
04-12 20:42:00.452183  1750  2249 I notification_cancel_all: [1000,1750,com.android.vending,0,0,0,20,NULL]
04-12 20:42:00.634273  1750  4408 I am_foreground_service_stop: [0,com.transsion.microintelligence/com.transsion.keyguardgesture.service.KeyguardGestureService,1,PROC_STATE_PERSISTENT,35,36,1,1,23997,1,STOP_SERVICE,128]
04-12 20:42:00.652261  1750  4408 I am_proc_died: [0,3181,com.transsion.keyguardgesture,200,4]
04-12 20:42:00.672291  1408  9293 I liblog  : 56
04-12 20:42:00.699630  1750  2249 I notification_enqueue: [10229,7755,com.google.android.setupwizard,9,NULL,0,Notification(channel=suw_consolidate_foreground_notification shortcut=null contentView=null vibrate=null sound=null defaults=0 flags=ONGOING_EVENT|ONLY_ALERT_ONCE|FOREGROUND_SERVICE|CAN_COLORIZE|SILENT color=0xff506352 vis=PUBLIC),0,1]
04-12 20:42:00.704692  1750  1942 I commit_sys_config_file: [notification-policy,2]
04-12 20:42:00.901933  1750  2249 I sysui_multi_action: [757,1501,758,1,793,206,794,0,795,206,796,9,806,com.google.android.setupwizard,857,suw_consolidate_foreground_-e437bac7,858,3,947,0,1500,0,1688,1,1745,2098068913]
04-12 20:42:00.902002  1750  2249 I sysui_multi_action: [757,804,799,note_interruptive,801,0,802,1]
04-12 20:42:00.902523  1750  2249 I sysui_multi_action: [757,199,758,1,759,32,793,207,794,0,795,207,796,9,806,com.google.android.setupwizard,857,suw_consolidate_foreground_-e437bac7,858,3,947,0,1500,1,1688,1,1745,2098068913]
04-12 20:42:00.902623  1750  2249 I notification_alert: [0|com.google.android.setupwizard|9|null|10229,0,0,0,0,32]
04-12 20:42:00.974561  2812  3035 I jank_cuj_events_end_request: [10500,1775997720974489000,44757363002,44757363079]
04-12 20:42:01.217619  1750  2094 I commit_sys_config_file: [settings-0-0,2]
04-12 20:42:01.268000  7580  7580 I auditd  : type=1400 audit(0.0:1019): avc:  denied  { getopt } for  comm="FinalizerDaemon" path="/dev/socket/usap_pool_primary" scontext=u:r:permissioncontroller_app:s0:c20,c257,c512,c768 tcontext=u:r:zygote:s0 tclass=unix_stream_socket permissive=0 app=com.google.android.permissioncontroller
04-12 20:42:01.390048  1750  2183 I input_interaction: Interaction with: 575eee5 com.transsion.camera/com.android.camera.CameraLauncher, [Gesture Monitor] swipe-up, [Gesture Monitor] edge-swipe, [Gesture Monitor] TranGestureMonitor, [Gesture Monitor] TranGestureMonitor, PointerEventDispatcher0, 
04-12 20:42:01.397791  1750  2983 I wm_task_moved: [1,1,0,1,2]
04-12 20:42:01.397803  1750  2983 I wm_task_to_front: [0,2,0]
04-12 20:42:01.398064  1750  2983 I wm_task_moved: [2,1,0,1,2147483647]
04-12 20:42:01.398155  1750  2983 I wm_focused_root_task: [0,0,1,-1,startExistingRecents]
04-12 20:42:01.399224  1750  2983 I wm_set_resumed_activity: [0,com.transsion.launcher3/com.android.launcher3.uioverrides.QuickstepLauncher,resumeTopActivity - onActivityStateChanged]
04-12 20:42:01.401392  1750  2983 I wm_resume_activity: [0,16206748,2,com.transsion.launcher3/com.android.launcher3.uioverrides.QuickstepLauncher]
04-12 20:42:01.403990  2812  3035 I jank_cuj_events_cancel_request: [0,1775997721403800000,45186673848,45186673848]
04-12 20:42:01.404147  2812  3035 I jank_cuj_events_cancel_request: [5,1775997721403849000,45186722463,45186722694]
04-12 20:42:01.407646  3894  3894 I wm_on_top_resumed_lost_called: [45000400,com.android.camera.CameraLauncher,topStateChangedWhenResumed]
04-12 20:42:01.410367  1750  1944 I wm_wallpaper_surface: [0,1,Window{8eff6eb u0 com.transsion.launcher3/com.android.launcher3.uioverrides.QuickstepLauncher}]
04-12 20:42:01.411296  2451  2451 I wm_on_restart_called: [16206748,com.android.launcher3.uioverrides.QuickstepLauncher,performRestart,0]
04-12 20:42:01.416738  2451  2451 I wm_on_start_called: [16206748,com.android.launcher3.uioverrides.QuickstepLauncher,handleStartActivity,5]
04-12 20:42:01.423734  2451  2451 I wm_on_resume_called: [16206748,com.android.launcher3.uioverrides.QuickstepLauncher,RESUME_ACTIVITY,5]
04-12 20:42:01.436403  1750  1944 I snet_event_log: updateFrameRateVote [pkg = com.transsion.launcher3 title = com.transsion.launcher3/com.android.launcher3.uioverrides.QuickstepLauncher refreshRate = 90.0 modeId = 3 setting =10000 peak = 120.0 mTopApp = com.transsion.camera]
04-12 20:42:01.442417  2451  2451 I viewroot_draw_event: [VRI[QuickstepLauncher],Start draw after previous draw not visible]
04-12 20:42:01.443178  1750  1924 I sysui_multi_action: [319,29,322,0,325,45,757,761,758,9,759,5,806,com.transsion.launcher3,871,com.android.launcher3.uioverrides.QuickstepLauncher,905,0,1320,4,1321,23]
04-12 20:42:01.448303  2451  2451 I viewroot_draw_event: [VRI[QuickstepLauncher],reportDrawFinished seqId=0]
04-12 20:42:01.448911  2451  2451 I wm_on_top_resumed_gained_called: [16206748,com.android.launcher3.uioverrides.QuickstepLauncher,topStateChangedWhenResumed]
04-12 20:42:01.449563  1750  1944 I snet_event_log: updateFrameRateVote [pkg = com.transsion.launcher3 title = ZeroScreen refreshRate = 90.0 modeId = 3 setting =10000 peak = 120.0 mTopApp = com.transsion.camera]
04-12 20:42:01.468599  8290  8290 I viewroot_draw_event: [VRI[ZeroScreen],Start draw after previous draw not visible]
04-12 20:42:01.471408  1750  2363 I dvm_lock_sample: [system_server,0,MagellanHandle,12,WindowManagerService.java,9422,void com.android.server.wm.WindowManagerService$LocalService.updateRefreshRateForScene(android.os.Bundle),,0,null,2]
04-12 20:42:01.478952  8290  8290 I viewroot_draw_event: [VRI[ZeroScreen],reportDrawFinished seqId=0]
04-12 20:42:01.501712  1750  2983 I dvm_lock_sample: [system_server,1,binder:1750_E,19,ActivityManagerService.java,22049,java.util.List com.android.server.am.ActivityManagerService.getCleanProtectList(),,0,null,3]
04-12 20:42:01.513433  1750  2312 I netstats_mobile_sample: [0,0,0,0,0,0,0,0,1775997722320]
04-12 20:42:01.513658  1750  2312 I netstats_wifi_sample: [1763914,515924,2476,2375,1710574,507148,2376,2321,1775997722320]
04-12 20:42:01.700837  1750  2983 I input_cancel: [575eee5 com.transsion.camera/com.android.camera.CameraLauncher,reason=input channel stole pointer stream]
04-12 20:42:01.700911  1750  2983 I input_cancel: [[Gesture Monitor] edge-swipe,reason=input channel stole pointer stream]
04-12 20:42:01.700950  1750  2983 I input_cancel: [[Gesture Monitor] TranGestureMonitor,reason=input channel stole pointer stream]
04-12 20:42:01.700998  1750  2983 I input_cancel: [[Gesture Monitor] TranGestureMonitor,reason=input channel stole pointer stream]
04-12 20:42:01.701001  3894  3894 I view_enqueue_input_event: [Motion - Cancel,com.transsion.camera/com.android.camera.CameraLauncher]
04-12 20:42:01.701187  2812  3035 I jank_cuj_events_end_request: [10425,1775997721701042000,45483915925,45483915925]
04-12 20:42:01.705564  1750  2183 I input_interaction: Interaction with: [Gesture Monitor] swipe-up, PointerEventDispatcher0, 
04-12 20:42:01.732502  1750  1924 I sysui_latency: [8,5]
04-12 20:42:01.786093  1750  2550 I wm_set_resumed_activity: [0,com.transsion.launcher3/com.android.launcher3.uioverrides.QuickstepLauncher,setFocusedTask-alreadyTop]
04-12 20:42:01.787388  1750  1944 I input_focus: [Focus request recents_animation_input_consumer,reason=UpdateInputWindows]
04-12 20:42:01.813641  1750  2183 I input_focus: [Focus leaving 575eee5 com.transsion.camera/com.android.camera.CameraLauncher,reason=setFocusedWindow]
04-12 20:42:01.813708  1750  2183 I input_focus: [Focus entering recents_animation_input_consumer,reason=setFocusedWindow]
04-12 20:42:02.006959  2451  2919 I jank_cuj_events_begin_request: [10122,1775997722006813000,45789687387,45789687387,animator:App To Home]
04-12 20:42:02.007193  2451  2919 I jank_cuj_events_begin_request: [9,1775997722006859000,45789732617,45789732848,closeApp_Window]
04-12 20:42:02.326312  2451  2919 I jank_cuj_events_end_request: [80,1775997722326213000,46109086771,46109087002]
04-12 20:42:02.348321  1750  2094 I commit_sys_config_file: [settings-2-0,3]
04-12 20:42:02.394644  1750  2224 I netstats_mobile_sample: [0,0,0,0,0,0,0,0,1775997723202]
04-12 20:42:02.394864  1750  2224 I netstats_wifi_sample: [3336183,542722,3718,2703,3291749,534392,3624,2655,1775997723202]
04-12 20:42:02.632844  2451  2919 I jank_cuj_events_end_request: [10122,1775997722632027000,46414901540,46414901540]
04-12 20:42:02.632868  2451  2919 I jank_cuj_events_end_request: [9,1775997722632106000,46414979387,46414979387]
04-12 20:42:02.632875  2451  2919 I jank_cuj_events_end_request: [9,1775997722632273000,46415147002,46415147002]
04-12 20:42:02.635174  1750  2983 I wm_add_to_stopping: [0,45000400,com.transsion.camera/com.android.camera.CameraLauncher,makeInvisible]
04-12 20:42:02.635484  1750  2983 I wm_pause_activity: [0,45000400,com.transsion.camera/com.android.camera.CameraLauncher,userLeaving=true,finishTransition]
04-12 20:42:02.638330  1750  1924 I sysui_multi_action: [757,803,799,window_time_0,802,3]
04-12 20:42:02.647289  1750  2183 I input_focus: [Focus leaving recents_animation_input_consumer,reason=NOT_VISIBLE]
04-12 20:42:02.647425  1750  1944 I input_focus: [Focus request 8eff6eb com.transsion.launcher3/com.android.launcher3.uioverrides.QuickstepLauncher,reason=UpdateInputWindows]
04-12 20:42:02.658447  1750  1943 I wm_stop_activity: [0,45000400,com.transsion.camera/com.android.camera.CameraLauncher]
04-12 20:42:02.667111  1750  2183 I input_focus: [Focus entering 8eff6eb com.transsion.launcher3/com.android.launcher3.uioverrides.QuickstepLauncher,reason=setFocusedWindow]
04-12 20:42:02.693550  3894  3894 I wm_on_paused_called: [45000400,com.android.camera.CameraLauncher,performPause,58]
04-12 20:42:02.701555  3894  3894 I surfaceview_layout: [SV[24165933 CameraLauncher],4,1200,1600,-2,setFixedSize,1,0,0]
04-12 20:42:02.702048  3894  3894 I surfaceview_callback: [SV[24165933 CameraLauncher],surfaceDestroyed]
04-12 20:42:02.716459  3894  3894 I wm_on_stop_called: [45000400,com.android.camera.CameraLauncher,STOP_ACTIVITY_ITEM,13]
04-12 20:42:02.730363  3894  3894 I viewroot_draw_event: [VRI[CameraLauncher],applyTransactionOnDraw applyImmediately]
04-12 20:42:02.730573  3894  3894 I viewroot_draw_event: [VRI[CameraLauncher],Not drawing due to not visible. Reason=!mAppVisible && !mForceDecorViewVisibility]
04-12 20:42:02.794449  1750  1888 I am_uid_idle: 10160
04-12 20:42:02.811038  1750  4367 I am_meminfo: [3378348032,231251968,3887104,1115824128,1382813696]
04-12 20:42:02.879724  1750  2094 I commit_sys_config_file: [settings-1-0,3]
04-12 20:42:02.912047  3894  8602 I dvm_lock_sample: [com.transsion.camera,0,binder:3894_A,161,CameraDeviceImpl.java,2174,void android.hardware.camera2.impl.CameraDeviceImpl.onDeviceError(int, android.hardware.camera2.impl.CaptureResultExtras),-,1807,void android.hardware.camera2.impl.CameraDeviceImpl.close(),32]
04-12 20:42:02.966034  4763  4763 I viewroot_draw_event: [VRI[SmartPanel_handleView],Start draw after previous draw not visible]
04-12 20:42:02.970921  4763  4763 I viewroot_draw_event: [VRI[SmartPanel_handleView],reportDrawFinished seqId=0]
04-12 20:42:03.081816  1750  2094 I commit_sys_config_file: [settings-2-0,3]
04-12 20:42:03.116170  1750  2094 I commit_sys_config_file: [settings-0-0,3]
04-12 20:42:03.213430  1750  1942 I commit_sys_config_file: [jobs,3]
04-12 20:42:03.520268  1750  2094 I commit_sys_config_file: [settings-1-0,3]
04-12 20:42:04.306798  1750  2183 I input_interaction: Interaction with: 8eff6eb com.transsion.launcher3/com.android.launcher3.uioverrides.QuickstepLauncher, d33f5ed com.android.systemui.wallpapers.ImageWallpaper, [Gesture Monitor] edge-swipe, [Gesture Monitor] TranGestureMonitor, [Gesture Monitor] TranGestureMonitor, PointerEventDispatcher0, 
04-12 20:42:04.368644  2451  2919 I jank_cuj_events_begin_request: [10131,1775997724367787000,48150660310,48150660310,]
04-12 20:42:04.379805  2451  2919 I jank_cuj_events_begin_request: [10112,1775997724379242000,48162115617,48162115617,]
04-12 20:42:04.398115  2812  3035 I jank_cuj_events_end_request: [10425,1775997724397859000,48180732925,48180732925]
04-12 20:42:04.398576  2451  2919 I jank_cuj_events_end_request: [10131,1775997724398508000,48181381464,48181381771]
04-12 20:42:04.398597  2451  2919 I jank_cuj_events_begin_request: [10132,1775997724398579000,48181452925,48181452925,]
04-12 20:42:04.443317  1750  2224 I netstats_mobile_sample: [0,0,0,0,0,0,0,0,1775997725251]
04-12 20:42:04.443479  1750  2224 I netstats_wifi_sample: [7371834,625555,6892,3625,7321010,615865,6793,3575,1775997725251]
04-12 20:42:04.756476  2451  2919 I jank_cuj_events_end_request: [10112,1775997724756415000,48539289156,48539289233]
04-12 20:42:04.756929  2451  2919 I jank_cuj_events_end_request: [10132,1775997724756490000,48539363925,48539363925]
04-12 20:42:04.968000  5466  5466 I auditd  : type=1400 audit(0.0:1021): avc:  denied  { read } for  comm="chbox:googleapp" name="u:object_r:vendor_irtx_prop:s0" dev="tmpfs" ino=614 scontext=u:r:priv_app:s0:c512,c768 tcontext=u:object_r:vendor_irtx_prop:s0 tclass=file permissive=0 app=com.google.android.googlequicksearchbox
04-12 20:42:04.968000  5466  5466 I auditd  : type=1400 audit(0.0:1022): avc:  denied  { read } for  comm="chbox:googleapp" name="u:object_r:qemu_hw_prop:s0" dev="tmpfs" ino=396 scontext=u:r:priv_app:s0:c512,c768 tcontext=u:object_r:qemu_hw_prop:s0 tclass=file permissive=0 app=com.google.android.googlequicksearchbox
04-12 20:42:04.968000  6115  6115 I auditd  : type=1400 audit(0.0:1023): avc:  denied  { read } for  comm="earchbox:search" name="u:object_r:system_trancare_prop:s0" dev="tmpfs" ino=554 scontext=u:r:priv_app:s0:c512,c768 tcontext=u:object_r:system_trancare_prop:s0 tclass=file permissive=0 app=com.google.android.googlequicksearchbox
04-12 20:42:04.968000  6115  6115 I auditd  : type=1400 audit(0.0:1024): avc:  denied  { read } for  comm="earchbox:search" name="u:object_r:vendor_irtx_prop:s0" dev="tmpfs" ino=614 scontext=u:r:priv_app:s0:c512,c768 tcontext=u:object_r:vendor_irtx_prop:s0 tclass=file permissive=0 app=com.google.android.googlequicksearchbox
04-12 20:42:04.968000  6115  6115 I auditd  : type=1400 audit(0.0:1025): avc:  denied  { read } for  comm="earchbox:search" name="u:object_r:qemu_hw_prop:s0" dev="tmpfs" ino=396 scontext=u:r:priv_app:s0:c512,c768 tcontext=u:object_r:qemu_hw_prop:s0 tclass=file permissive=0 app=com.google.android.googlequicksearchbox
04-12 20:42:04.972000  5466  5466 I auditd  : type=1400 audit(0.0:1026): avc:  denied  { read } for  comm="chbox:googleapp" name="u:object_r:system_trancare_prop:s0" dev="tmpfs" ino=554 scontext=u:r:priv_app:s0:c512,c768 tcontext=u:object_r:system_trancare_prop:s0 tclass=file permissive=0 app=com.google.android.googlequicksearchbox
04-12 20:42:04.972000  6115  6115 I auditd  : type=1400 audit(0.0:1027): avc:  denied  { read } for  comm="earchbox:search" name="u:object_r:system_trancare_prop:s0" dev="tmpfs" ino=554 scontext=u:r:priv_app:s0:c512,c768 tcontext=u:object_r:system_trancare_prop:s0 tclass=file permissive=0 app=com.google.android.googlequicksearchbox
04-12 20:42:05.000000  7845  7845 I auditd  : type=1400 audit(0.0:1028): avc:  denied  { getopt } for  comm="FinalizerDaemon" path="/dev/socket/usap_pool_primary" scontext=u:r:system_app:s0 tcontext=u:r:zygote:s0 tclass=unix_stream_socket permissive=0
04-12 20:42:05.975355  1750  4367 I am_meminfo: [4151341056,334266368,5316608,1095069696,1172747264]
04-12 20:42:06.525427  1750  2224 I netstats_mobile_sample: [0,0,0,0,0,0,0,0,1775997727333]
04-12 20:42:06.525673  1750  2224 I netstats_wifi_sample: [11375639,723778,10060,4731,11328609,713655,9963,4677,1775997727333]
04-12 20:42:06.964000  7316  7316 I auditd  : type=1400 audit(0.0:1030): avc:  denied  { getopt } for  comm="FinalizerDaemon" path="/dev/socket/usap_pool_primary" scontext=u:r:priv_app:s0:c512,c768 tcontext=u:r:zygote:s0 tclass=unix_stream_socket permissive=0 app=com.google.android.configupdater
