04-12 20:41:48.678257  1750  1887 I pm_critical_info: setEnabledSettings callingUid = 10221 callingPid = 5353 packageName = com.google.android.apps.maps componentName = null callingPackage= com.google.android.partnersetup newState = 1 userId = 0 flags = 1
04-12 20:41:48.686842  1750  1964 I am_proc_start: [0,7262,10254,com.google.android.apps.tachyon,broadcast,{com.google.android.apps.tachyon/com.google.android.apps.tachyon.common.applifecycle.BootReceiver},action = android.intent.action.BOOT_COMPLETED]
04-12 20:41:48.690807  1750  2324 I screen_toggled: 0
04-12 20:41:48.690856  1750  2324 I sysui_multi_action: [757,804,799,screen_timeout,801,30,802,1]
04-12 20:41:48.699321  1750  2249 I sysui_multi_action: [757,199,758,1,759,1040,793,218,794,0,795,218,796,0,797,0|com.google.android.gms|g:Aggregate_AlertingSection,806,com.google.android.gms,857,com.google.android.gms.noti-9e60d696,858,3,946,0|com.google.android.gms|g:-1d40d8e2,947,1,1500,218,1688,1]
04-12 20:41:48.700136  1750  2249 I notification_alert: [0|com.google.android.gms|0|0|com.google.android.gms|g:Aggregate_AlertingSection|10232|0|com.google.android.gms|g:Aggregate_AlertingSection,0,0,0,2,1024]
04-12 20:41:48.701258  1750  2048 I pm_critical_info: setEnabledSettings callingUid = 10221 callingPid = 5353 packageName = com.google.android.videos componentName = null callingPackage= com.google.android.partnersetup newState = 2 userId = 0 flags = 0
04-12 20:41:48.704425  2812  3035 I jank_cuj_events_cancel_request: [5,1775997708702333000,32485206693,32485206770]
04-12 20:41:48.706464  1750  3433 I pm_critical_info: setEnabledSettings callingUid = 10221 callingPid = 5353 packageName = com.google.android.youtube componentName = null callingPackage= com.google.android.partnersetup newState = 1 userId = 0 flags = 1
04-12 20:41:48.707467  1750  2324 I sysui_multi_action: [757,1594,758,4,759,-2147483648,1359,12275]
04-12 20:41:48.708630  1750  2324 I sysui_multi_action: [757,198,758,2,759,3,1359,563,1695,2]
04-12 20:41:48.708650  1750  2324 I power_screen_state: [0,3,0,0,563]
04-12 20:41:48.708680  1750  2324 I power_screen_broadcast_send: 1
04-12 20:41:48.711225  2812  2812 I viewroot_draw_event: [VRI[NotificationShade],Not drawing due to screen off]
04-12 20:41:48.720231  1750  2588 I am_proc_bound: [0,7262,com.google.android.apps.tachyon]
04-12 20:41:48.786417  2812  2812 I viewroot_draw_event: [VRI[StatusBar],Not drawing due to screen off]
04-12 20:41:48.789607  1750  2318 I sync    : [com.google.android.gms.chromesync,0,3,-1543423057]
04-12 20:41:48.876928  1750  1963 I dvm_lock_sample: [system_server,1,ActivityManager,32,BroadcastQueueImpl.java,493,void com.android.server.am.BroadcastQueueImpl.updateRunningList(),,0,null,6]
04-12 20:41:48.907408  1750  1750 I battery_saving_stats: [0,1,0,12781,7000,0,12781,7000,0]
04-12 20:41:49.007377  1750  2318 I sync    : [com.google.android.gms.chromesync,1,3,-1543423057]
04-12 20:41:49.054831  1750  2318 I dvm_lock_sample: [system_server,0,SyncManager,18,ActivityManagerService.java,11310,int com.android.server.am.ActivityManagerService.getMemoryTrimLevel(),,0,null,3]
04-12 20:41:49.152000  5615  5615 I auditd  : type=1400 audit(0.0:789): avc:  denied  { read } for  comm="Athena-Worker" name="u:object_r:serialno_prop:s0" dev="tmpfs" ino=413 scontext=u:r:platform_app:s0:c512,c768 tcontext=u:object_r:serialno_prop:s0 tclass=file permissive=0 app=com.transsnet.store
04-12 20:41:49.179533  1750  2318 I sync    : [com.google.android.gms.fitness,0,0,-1543423057]
04-12 20:41:49.194948  1750  3675 I am_uid_active: 10254
04-12 20:41:49.198422  1750  2094 I commit_sys_config_file: [settings-0-0,4]
04-12 20:41:49.199679  1750  4347 I dvm_lock_sample: [system_server,1,binder:1750_17,55,ActivityManagerService.java,15048,android.content.ComponentName com.android.server.am.ActivityManagerService.startService(android.app.IApplicationThread, android.content.Intent, java.lang.String, boolean, java.lang.String, java.lang.String, int, boolean, int, java.lang.String, java.lang.String),,0,null,11]
04-12 20:41:49.211750  1750  2312 I dvm_lock_sample: [system_server,1,binder:1750_6,97,ActivityManagerService.java,15283,int com.android.server.am.ActivityManagerService.bindServiceInstance(android.app.IApplicationThread, android.os.IBinder, android.content.Intent, java.lang.String, android.app.IServiceConnection, long, java.lang.String, boolean, int, java.lang.String, android.app.IApplicationThread, java.lang.String, int),,0,null,19]
04-12 20:41:49.228909  1750  1963 I am_uid_running: 10213
04-12 20:41:49.231694  1750  2318 I sync    : [com.google.android.gms.chromesync,0,3,-1543423057]
04-12 20:41:49.238394  1750  4406 I dvm_lock_sample: [system_server,1,binder:1750_1E,21,ActivityManagerService.java,15283,int com.android.server.am.ActivityManagerService.bindServiceInstance(android.app.IApplicationThread, android.os.IBinder, android.content.Intent, java.lang.String, android.app.IServiceConnection, long, java.lang.String, boolean, int, java.lang.String, android.app.IApplicationThread, java.lang.String, int),,0,null,4]
04-12 20:41:49.259907  1750  1964 I am_proc_start: [0,7316,10213,com.google.android.configupdater,broadcast,{com.google.android.configupdater/com.google.android.configupdater.MainReceiver},action = android.intent.action.BOOT_COMPLETED]
04-12 20:41:49.262789  1750  2318 I sync    : [subscribedfeeds,0,0,-1543423057]
04-12 20:41:49.265605  1750  3675 I am_proc_bound: [0,7316,com.google.android.configupdater]
04-12 20:41:49.268000  7316  7316 I auditd  : type=1400 audit(0.0:790): avc:  denied  { read write } for  comm="re-initialized>" name="ensignal" dev="tmpfs" ino=2080 scontext=u:r:priv_app:s0:c512,c768 tcontext=u:object_r:ensignal_device:s0 tclass=chr_file permissive=0 app=com.google.android.configupdater
04-12 20:41:49.268000  7316  7316 I auditd  : type=1400 audit(0.0:791): avc:  denied  { read write } for  comm="re-initialized>" name="ensignal" dev="tmpfs" ino=2080 scontext=u:r:priv_app:s0:c512,c768 tcontext=u:object_r:ensignal_device:s0 tclass=chr_file permissive=0 app=com.google.android.configupdater
04-12 20:41:49.287023  1750  3433 I dvm_lock_sample: [system_server,0,binder:1750_11,18,ActivityManagerService.java,15305,boolean com.android.server.am.ActivityManagerService.unbindService(android.app.IServiceConnection),,0,null,3]
04-12 20:41:49.295928  1750  1887 I dvm_lock_sample: [system_server,1,binder:1750_1,17,ActivityManagerService.java,15048,android.content.ComponentName com.android.server.am.ActivityManagerService.startService(android.app.IApplicationThread, android.content.Intent, java.lang.String, boolean, java.lang.String, java.lang.String, int, boolean, int, java.lang.String, java.lang.String),,0,null,3]
04-12 20:41:49.322885  1750  3594 I commit_sys_config_file: [sync-accounts,6]
04-12 20:41:49.360950  1750  3594 I dvm_lock_sample: [system_server,1,binder:1750_15,28,ActivityManagerService.java,15128,boolean com.android.server.am.ActivityManagerService.stopServiceToken(android.content.ComponentName, android.os.IBinder, int),ContentProviderHelper.java,774,android.app.ContentProviderHolder com.android.server.am.ContentProviderHelper.getContentProviderImpl(android.app.IApplicationThread, java.lang.String, android.os.IBinder, int, java.lang.String, java.lang.String, boolean, int),5]
04-12 20:41:49.372877  1750  5940 I dvm_lock_sample: [system_server,1,Thread-54,24,BroadcastController.java,532,android.content.Intent com.android.server.am.BroadcastController.registerReceiverWithFeatureTraced(android.app.IApplicationThread, java.lang.String, java.lang.String, java.lang.String, android.content.IIntentReceiver, android.content.IntentFilter, java.lang.String, int, int),,0,null,4]
04-12 20:41:49.422590  1750  1964 I am_proc_start: [0,7448,10212,com.google.android.projection.gearhead:provider,content provider,{com.google.android.projection.gearhead/com.google.android.apps.auto.components.projectionstate.ProjectionStateProvider},caller=com.google.android.apps.tachyon/10254]
04-12 20:41:49.448466  1750  3594 I dvm_lock_sample: [system_server,1,binder:1750_15,71,ActivityManagerService.java,5422,void com.android.server.am.ActivityManagerService.finishAttachApplicationInner(long, int, int),,0,null,14]
04-12 20:41:49.450727  1750  3594 I am_uid_active: 10213
04-12 20:41:49.454006  1750  1963 I am_uid_running: 10243
04-12 20:41:49.471420  1750  2094 I commit_sys_config_file: [settings-1-0,2]
04-12 20:41:49.480444  1750  2318 I sync    : [com.google.android.gms.chromesync,1,3,-1543423057]
04-12 20:41:49.488486  1750  3433 I am_proc_bound: [0,7448,com.google.android.projection.gearhead:provider]
04-12 20:41:49.496000  7448  7448 I auditd  : type=1400 audit(0.0:792): avc:  denied  { read write } for  comm="re-initialized>" name="ensignal" dev="tmpfs" ino=2080 scontext=u:r:priv_app:s0:c512,c768 tcontext=u:object_r:ensignal_device:s0 tclass=chr_file permissive=0 app=com.google.android.projection.gearhead
04-12 20:41:49.500000  7448  7448 I auditd  : type=1400 audit(0.0:793): avc:  denied  { read write } for  comm="re-initialized>" name="ensignal" dev="tmpfs" ino=2080 scontext=u:r:priv_app:s0:c512,c768 tcontext=u:object_r:ensignal_device:s0 tclass=chr_file permissive=0 app=com.google.android.projection.gearhead
04-12 20:41:49.508485  1750  1925 I dvm_lock_sample: [system_server,1,android.ui,37,BroadcastController.java,759,int com.android.server.am.BroadcastController.broadcastIntentWithFeature(android.app.IApplicationThread, java.lang.String, android.content.Intent, java.lang.String, android.content.IIntentReceiver, int, java.lang.String, android.os.Bundle, java.lang.String[], java.lang.String[], java.lang.String[], int, android.os.Bundle, boolean, boolean, int),,0,null,7]
04-12 20:41:49.510502  1750  2082 I dvm_lock_sample: [system_server,1,appscheduling.default,29,DeviceIdleController.java,2200,void com.android.server.DeviceIdleController$MyHandler.handleMessage(android.os.Message),-,3472,void com.android.server.DeviceIdleController.addPowerSaveTempWhitelistAppDirectInternal(int, int, long, int, boolean, int, java.lang.String),5]
04-12 20:41:49.520092  1750  2047 I am_proc_start: [0,7417,10243,com.google.android.inputmethod.latin,broadcast,{com.google.android.inputmethod.latin/androidx.work.impl.background.systemalarm.RescheduleReceiver},action = android.intent.action.BOOT_COMPLETED]
04-12 20:41:49.524459  1750  2047 I am_proc_bound: [0,7417,com.google.android.inputmethod.latin]
04-12 20:41:49.547745  1750  3594 I dvm_lock_sample: [system_server,1,binder:1750_15,37,ContentProviderHelper.java,207,android.app.ContentProviderHolder com.android.server.am.ContentProviderHelper.getContentProviderImpl(android.app.IApplicationThread, java.lang.String, android.os.IBinder, int, java.lang.String, java.lang.String, boolean, int),,0,null,7]
04-12 20:41:49.568348  1750  1750 I dvm_lock_sample: [system_server,0,main,95,BroadcastController.java,1927,void com.android.server.am.BroadcastController.finishReceiver(android.os.IBinder, int, java.lang.String, android.os.Bundle, boolean, int),,0,null,19]
04-12 20:41:49.569037  1750  2318 I sync    : [subscribedfeeds,1,0,-1543423057]
04-12 20:41:49.570146  1750  2318 I commit_sys_config_file: [sync-status,2]
04-12 20:41:49.575635  1750  1942 I commit_sys_config_file: [notification-policy,4]
04-12 20:41:49.595269  1750  1963 I dvm_lock_sample: [system_server,1,ActivityManager,59,BroadcastQueueImpl.java,382,boolean com.android.server.am.BroadcastQueueImpl.lambda$new$0(android.os.Message),,0,null,11]
04-12 20:41:49.631080  1750  2318 I sync    : [com.google.android.gms.fitness,1,0,-1543423057]
04-12 20:41:49.633372  1750  2318 I sync    : [com.google.android.gms.games,0,0,-1543423057]
04-12 20:41:49.639297  1750  2318 I sync    : [com.google.android.gms.games.background,0,0,-1543423057]
04-12 20:41:49.660080  1750  2318 I sync    : [com.google.android.gms.reminders,0,0,-1543423057]
04-12 20:41:49.702480  1750  1942 I commit_sys_config_file: [jobs,3]
04-12 20:41:49.706179  1750  1942 I commit_sys_config_file: [jobs,4]
04-12 20:41:49.712482  1750  2549 I am_uid_active: 10243
04-12 20:41:49.726404  1750  4364 I dvm_lock_sample: [system_server,1,binder:1750_1B,22,BroadcastController.java,532,android.content.Intent com.android.server.am.BroadcastController.registerReceiverWithFeatureTraced(android.app.IApplicationThread, java.lang.String, java.lang.String, java.lang.String, android.content.IIntentReceiver, android.content.IntentFilter, java.lang.String, int, int),,0,null,4]
04-12 20:41:49.734887  1750  2318 I sync    : [com.google.android.gms.games.background,1,0,-1543423057]
04-12 20:41:49.750432  1750  1963 I am_uid_running: 10222
04-12 20:41:49.776116  1750  1964 I am_proc_start: [0,7488,10222,com.google.android.packageinstaller,broadcast,{com.google.android.packageinstaller/com.android.packageinstaller.common.TemporaryFileManager},action = android.intent.action.BOOT_COMPLETED]
04-12 20:41:49.783575  1750  4400 I am_uid_running: 10256
04-12 20:41:49.821045  1750  2549 I am_proc_start: [0,7594,10256,com.rlk.weathers,service,{com.rlk.weathers/com.transsion.apiinvoke.ipc.connect.CommonRouterApiService},caller=com.transsion.kolun.aiservice/1000]
04-12 20:41:49.823238  1750  2549 I am_proc_bound: [0,7594,com.rlk.weathers]
04-12 20:41:49.828079  1750  3011 I am_proc_bound: [0,7488,com.google.android.packageinstaller]
04-12 20:41:49.831079  1750  2529 I commit_sys_config_file: [input-subtypes,9]
04-12 20:41:49.843814  1750  1963 I am_wtf  : [0,1750,system_server,-1,JobScheduler.JobStatus,App com.google.android.inputmethod.latin became active but still in NEVER bucket]
04-12 20:41:49.844435  1750  1963 I am_wtf  : [0,1750,system_server,-1,JobScheduler.JobStatus,App com.google.android.inputmethod.latin became active but still in NEVER bucket]
04-12 20:41:49.845112  1750  2318 I sync    : [com.google.android.gms.games,1,0,-1543423057]
04-12 20:41:49.874450  1750  2318 I sync    : [com.google.android.gms.reminders,1,0,-1543423057]
04-12 20:41:49.875976  1750  1963 I am_wtf  : [0,1750,system_server,-1,JobScheduler.JobStatus,App com.google.android.inputmethod.latin became active but still in NEVER bucket]
04-12 20:41:49.880721  1750  4364 I am_uid_active: 10222
04-12 20:41:49.881396  1750  1963 I am_wtf  : [0,1750,system_server,-1,JobScheduler.JobStatus,App com.google.android.inputmethod.latin became active but still in NEVER bucket]
04-12 20:41:49.899658  1750  4407 I am_uid_active: 10256
04-12 20:41:49.901941  1750  1963 I am_wtf  : [0,1750,system_server,-1,JobScheduler.JobStatus,App com.google.android.inputmethod.latin became active but still in NEVER bucket]
04-12 20:41:49.922941  1750  1963 I am_wtf  : [0,1750,system_server,-1,JobScheduler.JobStatus,App com.google.android.inputmethod.latin became active but still in NEVER bucket]
04-12 20:41:49.939118  1750  1963 I dvm_lock_sample: [system_server,1,ActivityManager,5,BroadcastQueueImpl.java,493,void com.android.server.am.BroadcastQueueImpl.updateRunningList(),,0,null,1]
04-12 20:41:49.949699  1750  1963 I am_wtf  : [0,1750,system_server,-1,JobScheduler.JobStatus,App com.google.android.inputmethod.latin became active but still in NEVER bucket]
04-12 20:41:49.957881  1750  1963 I am_uid_running: 10276
04-12 20:41:49.959444  1750  1963 I am_wtf  : [0,1750,system_server,-1,JobScheduler.JobStatus,App com.google.android.inputmethod.latin became active but still in NEVER bucket]
04-12 20:41:49.959529  1750  1963 I am_wtf  : [0,1750,system_server,-1,JobScheduler.JobStatus,App com.google.android.inputmethod.latin became active but still in NEVER bucket]
04-12 20:41:49.959609  1750  1963 I am_wtf  : [0,1750,system_server,-1,JobScheduler.JobStatus,App com.google.android.inputmethod.latin became active but still in NEVER bucket]
04-12 20:41:49.962075  1750  1963 I am_wtf  : [0,1750,system_server,-1,JobScheduler.JobStatus,App com.google.android.inputmethod.latin became active but still in NEVER bucket]
04-12 20:41:49.963999  1750  1963 I am_wtf  : [0,1750,system_server,-1,JobScheduler.JobStatus,App com.google.android.inputmethod.latin became active but still in NEVER bucket]
04-12 20:41:49.973254  1750  1963 I am_wtf  : [0,1750,system_server,-1,JobScheduler.JobStatus,App com.google.android.inputmethod.latin became active but still in NEVER bucket]
04-12 20:41:49.982526  1750  1964 I am_proc_start: [0,7580,10276,com.google.android.permissioncontroller,broadcast,{com.google.android.permissioncontroller/com.android.permissioncontroller.permission.service.LocationAccessCheck$SetupPeriodicBackgroundLocationAccessCheck},action = android.intent.action.BOOT_COMPLETED]
04-12 20:41:49.993871  1750  1963 I am_wtf  : [0,1750,system_server,-1,JobScheduler.JobStatus,App com.google.android.inputmethod.latin became active but still in NEVER bucket]
04-12 20:41:49.994011  1750  1963 I am_wtf  : [0,1750,system_server,-1,JobScheduler.JobStatus,App com.google.android.inputmethod.latin became active but still in NEVER bucket]
04-12 20:41:49.994106  1750  1963 I am_wtf  : [0,1750,system_server,-1,JobScheduler.JobStatus,App com.google.android.inputmethod.latin became active but still in NEVER bucket]
04-12 20:41:50.000783  1750  3675 I am_proc_bound: [0,7580,com.google.android.permissioncontroller]
04-12 20:41:50.002724  1750  1963 I am_wtf  : [0,1750,system_server,-1,JobScheduler.JobStatus,App com.google.android.inputmethod.latin became active but still in NEVER bucket]
04-12 20:41:50.019080  1750  1963 I am_wtf  : [0,1750,system_server,-1,JobScheduler.JobStatus,App com.google.android.inputmethod.latin became active but still in NEVER bucket]
04-12 20:41:50.023256  1750  1963 I am_wtf  : [0,1750,system_server,-1,JobScheduler.JobStatus,App com.google.android.inputmethod.latin became active but still in NEVER bucket]
04-12 20:41:50.038386  1750  1924 I power_screen_broadcast_done: [0,1330,1]
04-12 20:41:50.070843  1750  2185 I sysui_multi_action: [757,804,799,power_consecutive_short_tap_count,801,1,802,1]
04-12 20:41:50.070935  1750  2185 I sysui_multi_action: [757,804,799,power_double_tap_interval,801,33849,802,1]
04-12 20:41:50.071315  1750  2185 I intercept_power: [ACTION_DOWN,0,1]
04-12 20:41:50.080000  1750  2324 I screen_toggled: 1
04-12 20:41:50.089487  1750  2578 I sysui_multi_action: [757,127,758,1]
04-12 20:41:50.089533  1750  2578 I sysui_multi_action: [757,804,799,note_load,801,6,802,1]
04-12 20:41:50.089717  1750  2578 I notification_panel_revealed: 6
04-12 20:41:50.105585  1750  1991 I sysui_multi_action: [757,1696,758,6,759,3]
04-12 20:41:50.121816  1750  2324 I power_screen_broadcast_send: 1
04-12 20:41:50.125007  1750  2313 I netstats_mobile_sample: [0,0,0,0,0,0,0,0,1775997710932]
04-12 20:41:50.125390  1750  2313 I netstats_wifi_sample: [1022805,281804,1414,1347,981283,281552,1357,1344,1775997710932]
04-12 20:41:50.130816  2812  2812 I viewroot_draw_event: [VRI[NotificationShade],Resumed drawing after screen turned on]
04-12 20:41:50.137749  2812  2812 I viewroot_draw_event: [VRI[NotificationShade],reportDrawFinished seqId=0]
04-12 20:41:50.140317  1750  2550 I am_meminfo: [3699322880,1356890112,6864896,1036869632,1074782208]
04-12 20:41:50.147923  2812  2812 I viewroot_draw_event: [VRI[StatusBar],Resumed drawing after screen turned on]
04-12 20:41:50.156695  1750  2588 I am_uid_active: 10276
04-12 20:41:50.179103  1750  1964 I am_proc_start: [0,7709,10212,com.google.android.projection.gearhead:car,broadcast,{com.google.android.projection.gearhead/com.google.android.apps.auto.carservice.frx.FrxReceiver},action = android.intent.action.BOOT_COMPLETED]
04-12 20:41:50.186371  1750  1750 I battery_saving_stats: [0,0,0,1279,0,0,1279,0,0]
04-12 20:41:50.202720  1750  3675 I am_proc_bound: [0,7709,com.google.android.projection.gearhead:car]
04-12 20:41:50.204000  7709  7709 I auditd  : type=1400 audit(0.0:811): avc:  denied  { read write } for  comm="re-initialized>" name="ensignal" dev="tmpfs" ino=2080 scontext=u:r:priv_app:s0:c512,c768 tcontext=u:object_r:ensignal_device:s0 tclass=chr_file permissive=0 app=com.google.android.projection.gearhead
04-12 20:41:50.204000  7709  7709 I auditd  : type=1400 audit(0.0:812): avc:  denied  { read write } for  comm="re-initialized>" name="ensignal" dev="tmpfs" ino=2080 scontext=u:r:priv_app:s0:c512,c768 tcontext=u:object_r:ensignal_device:s0 tclass=chr_file permissive=0 app=com.google.android.projection.gearhead
04-12 20:41:50.210105  1750  2185 I intercept_power: [ACTION_UP,0,0]
04-12 20:41:50.271875  1750  1963 I am_uid_running: 10229
04-12 20:41:50.284078  1750  2094 I commit_sys_config_file: [settings-1-0,2]
04-12 20:41:50.291449  1750  1964 I am_proc_start: [0,7755,10229,com.google.android.setupwizard,broadcast,{com.google.android.setupwizard/com.google.android.setupwizard.pairing.PairingBootReceiver},action = android.intent.action.BOOT_COMPLETED]
04-12 20:41:50.295431  1750  2549 I am_proc_bound: [0,7755,com.google.android.setupwizard]
04-12 20:41:50.296000  7755  7755 I auditd  : type=1400 audit(0.0:813): avc:  denied  { read write } for  comm="re-initialized>" name="ensignal" dev="tmpfs" ino=2080 scontext=u:r:priv_app:s0:c512,c768 tcontext=u:object_r:ensignal_device:s0 tclass=chr_file permissive=0 app=com.google.android.setupwizard
04-12 20:41:50.296000  7755  7755 I auditd  : type=1400 audit(0.0:814): avc:  denied  { read write } for  comm="re-initialized>" name="ensignal" dev="tmpfs" ino=2080 scontext=u:r:priv_app:s0:c512,c768 tcontext=u:object_r:ensignal_device:s0 tclass=chr_file permissive=0 app=com.google.android.setupwizard
04-12 20:41:50.332719  2812  3035 I jank_cuj_events_begin_request: [23,1775997710331899000,34114772924,34114773155,MISSING_CLOCK_ID]
04-12 20:41:50.359979  1750  3435 I dvm_lock_sample: [system_server,0,binder:1750_13,26,ActivityManagerService.java,21429,void com.android.server.am.ActivityManagerService.idleUid(int, java.lang.String, int),,0,null,5]
04-12 20:41:50.423674  1750  1924 I power_screen_broadcast_done: [1,302,1]
04-12 20:41:50.565557  1750  2094 I commit_sys_config_file: [settings-1-0,5]
04-12 20:41:50.584297  1750  2549 I am_uid_active: 10229
04-12 20:41:50.595639  1750  1964 I am_proc_start: [0,7802,1000,com.mediatek.omacp,broadcast,{com.mediatek.omacp/com.mediatek.omacp.message.OmacpReceiver},action = android.intent.action.BOOT_COMPLETED]
04-12 20:41:50.608615  1750  1991 I sysui_latency: [5,529]
04-12 20:41:50.624000  7202  7202 I auditd  : type=1400 audit(0.0:815): avc:  denied  { read } for  comm=4F6E65494420576F726B6572 name="u:object_r:vendor_security_patch_level_prop:s0" dev="tmpfs" ino=888 scontext=u:r:platform_app:s0:c512,c768 tcontext=u:object_r:vendor_security_patch_level_prop:s0 tclass=file permissive=0 app=com.transsion.trancare
04-12 20:41:50.636238  1750  2324 I sysui_multi_action: [757,198,758,1,759,1,1359,542,1694,1]
04-12 20:41:50.636261  1750  2324 I power_screen_state: [1,0,0,0,542]
04-12 20:41:50.636533  1750  2313 I am_proc_bound: [0,7802,com.mediatek.omacp]
04-12 20:41:50.690021  1750  2313 I am_foreground_service_start: [0,com.google.android.setupwizard/.notification.SetupNotificationService,1,BACKGROUND_ACTIVITY_PERMISSION,36,36,0,0,0,1,UNKNOWN,1073741824]
04-12 20:41:50.717452  1750  1964 I am_proc_start: [0,7845,1000,com.mediatek.schpwronoff,broadcast,{com.mediatek.schpwronoff/com.mediatek.schpwronoff.AlarmInitReceiver},action = android.intent.action.BOOT_COMPLETED]
04-12 20:41:50.773388  1750  2313 I am_proc_bound: [0,7845,com.mediatek.schpwronoff]
04-12 20:41:50.795856  1750  3675 I am_foreground_service_start: [0,com.mediatek.omacp/.message.OmacpReceiverService,1,PROC_STATE_PERSISTENT,36,36,0,0,0,1,UNKNOWN,1]
04-12 20:41:50.809004  1750  2249 I notification_enqueue: [1000,7802,com.mediatek.omacp,126,NULL,0,Notification(channel=omacp_notification_channel shortcut=null contentView=null vibrate=null sound=null defaults=0 flags=FOREGROUND_SERVICE|CAN_COLORIZE|SILENT color=0x00000000 vis=PRIVATE),0,1]
04-12 20:41:50.821179  1750  3675 I am_foreground_service_stop: [0,com.mediatek.omacp/.message.OmacpReceiverService,1,PROC_STATE_PERSISTENT,36,36,0,0,28,1,STOP_SERVICE,1]
04-12 20:41:50.831607  1750  2249 I sysui_multi_action: [757,128,758,5,759,8,793,32,794,0,795,32,796,126,806,com.mediatek.omacp,857,omacp_notification_channel,858,3,947,0,1500,32,1688,1]
04-12 20:41:50.831666  1750  2249 I notification_canceled: [0|com.mediatek.omacp|126|null|1000,8,32,32,0,-1,-1,NULL]
04-12 20:41:50.839028  1750  1963 I am_uid_running: 10241
04-12 20:41:50.841011  2812  3035 I jank_cuj_events_end_request: [23,1775997710839396000,34622269771,34622269771]
04-12 20:41:50.863663  1750  1964 I am_proc_start: [0,7919,10241,com.android.chrome,broadcast,{com.android.chrome/com.google.android.apps.chrome.rlz.RevenueStatsConfigurationUpdateReceiver},caller=com.google.android.partnersetup/10221,action = com.google.android.partnersetup.action.CONFIGURATION_UPDATE]
04-12 20:41:50.871960  1750  2183 I input_interaction: Interaction with: 5d7eb3 NotificationShade, [Gesture Monitor] edge-swipe, [Gesture Monitor] TranGestureMonitor, [Gesture Monitor] TranGestureMonitor, PointerEventDispatcher0, 
04-12 20:41:50.884003  1750  1944 I snet_event_log: updateFrameRateVote [pkg = com.android.systemui title = com.android.systemui.wallpapers.ImageWallpaper refreshRate = 90.0 modeId = 3 setting =10000 peak = 120.0 mTopApp = null]
04-12 20:41:50.884368  1750  1944 I snet_event_log: updateFrameRateVote [pkg = com.android.systemui title = NotificationShade refreshRate = 120.00001 modeId = 2 setting =10000 peak = 120.0 mTopApp = null]
04-12 20:41:50.884607  1750  1944 I snet_event_log: updateFrameRateVote [pkg = com.transsion.launcher3 title = Taskbar refreshRate = 120.00001 modeId = 2 setting =10000 peak = 120.0 mTopApp = null]
04-12 20:41:50.892916  1750  4364 I am_proc_bound: [0,7919,com.android.chrome]
04-12 20:41:50.919334  2812  3035 I jank_cuj_events_end_request: [10425,1775997710918333000,34701206463,34701206463]
04-12 20:41:50.921717  2812  2812 I sysui_multi_action: [757,188,758,4,826,0,827,0]
04-12 20:41:50.921728  2812  2812 I sysui_lockscreen_gesture: [3,0,0]
04-12 20:41:50.922470  2812  3035 I jank_cuj_events_end_request: [0,1775997710922396000,34705269232,34705269463]
04-12 20:41:50.922492  2812  3035 I jank_cuj_events_end_request: [55,1775997710922413000,34705287001,34705287001]
04-12 20:41:50.922498  2812  3035 I jank_cuj_events_end_request: [29,1775997710922416000,34705289232,34705289232]
04-12 20:41:50.982355  1750  1963 I dvm_lock_sample: [system_server,1,ActivityManager,5,BroadcastQueueImpl.java,493,void com.android.server.am.BroadcastQueueImpl.updateRunningList(),,0,null,1]
04-12 20:41:51.128631  2812  3035 I jank_cuj_events_end_request: [10425,1775997711128535000,34911408847,34911408847]
04-12 20:41:51.129273  2812  2812 I sysui_multi_action: [757,188,758,4,826,0,827,0]
04-12 20:41:51.129278  2812  2812 I sysui_lockscreen_gesture: [3,0,0]
04-12 20:41:51.134605  2812  3035 I jank_cuj_events_end_request: [0,1775997711129621000,34912494155,34912494155]
04-12 20:41:51.134651  2812  3035 I jank_cuj_events_end_request: [55,1775997711129651000,34912524540,34912524617]
04-12 20:41:51.134656  2812  3035 I jank_cuj_events_end_request: [29,1775997711129654000,34912527001,34912527078]
04-12 20:41:51.208000  6451  6451 I auditd  : type=1400 audit(0.0:823): avc:  denied  { read } for  comm="Athena-Worker" name="rid" dev="proc" ino=4026533863 scontext=u:r:priv_app:s0:c512,c768 tcontext=u:object_r:proc_rid:s0 tclass=file permissive=0 app=com.scorpio.securitycom
04-12 20:41:51.212000  1155  1155 I auditd  : type=1400 audit(0.0:824): avc:  denied  { getattr } for  comm="vendor.mediatek" path="/proc/2812" dev="proc" ino=56135 scontext=u:r:mtk_hal_power:s0 tcontext=u:r:platform_app:s0:c512,c768 tclass=dir permissive=0
04-12 20:41:51.212000  1155  1155 I auditd  : type=1400 audit(0.0:825): avc:  denied  { search } for  comm="vendor.mediatek" name="2812" dev="proc" ino=56135 scontext=u:r:mtk_hal_power:s0 tcontext=u:r:platform_app:s0:c512,c768 tclass=dir permissive=0
04-12 20:41:51.212000  1155  1155 I auditd  : type=1400 audit(0.0:826): avc:  denied  { search } for  comm="mtkPowerMsgHdl" name="2812" dev="proc" ino=56135 scontext=u:r:mtk_hal_power:s0 tcontext=u:r:platform_app:s0:c512,c768 tclass=dir permissive=0
04-12 20:41:51.212000  1155  1155 I auditd  : type=1400 audit(0.0:827): avc:  denied  { search } for  comm="mtkPowerMsgHdl" name="2812" dev="proc" ino=56135 scontext=u:r:mtk_hal_power:s0 tcontext=u:r:platform_app:s0:c512,c768 tclass=dir permissive=0
04-12 20:41:51.261552  2812  3035 I jank_cuj_events_end_request: [10425,1775997711261433000,35044307309,35044307309]
04-12 20:41:51.264712  2812  3035 I jank_cuj_events_cancel_request: [29,1775997711264658000,35047531617,35047531617]
04-12 20:41:51.297606  2455  3592 I service_manager_stats: [200,77,35080]
04-12 20:41:51.322037  2812  3035 I jank_cuj_events_cancel_request: [0,1775997711321975000,35104848232,35104848309]
04-12 20:41:51.322092  2812  3035 I jank_cuj_events_cancel_request: [55,1775997711321997000,35104870694,35104870771]
04-12 20:41:51.322108  2812  3035 I jank_cuj_events_cancel_request: [29,1775997711321998000,35104871694,35104871924]
04-12 20:41:51.401364  2812  3035 I jank_cuj_events_end_request: [10425,1775997711401272000,35184146155,35184146155]
04-12 20:41:51.402615  2812  2812 I sysui_multi_action: [757,186,758,4,826,77,827,2699]
04-12 20:41:51.402621  2812  2812 I sysui_lockscreen_gesture: [1,77,2699]
04-12 20:41:51.407178  2812  3035 I jank_cuj_events_cancel_request: [29,1775997711406992000,35189865771,35189865847]
04-12 20:41:51.409303  1750  4407 I wm_set_keyguard_shown: [0,1,0,1,0,keyguardGoingAway]
04-12 20:41:51.414999  2812  3035 I jank_cuj_events_begin_request: [29,1775997711414412000,35197285155,35197285155,]
04-12 20:41:51.416773  1750  4407 I wm_set_resumed_activity: [0,com.android.settings/com.transsion.settings.usbdialog.UsbMTPChooserActivity,resumeTopActivity - onActivityStateChanged]
04-12 20:41:51.422656  1750  4407 I wm_resume_activity: [0,47358659,55,com.android.settings/com.transsion.settings.usbdialog.UsbMTPChooserActivity]
04-12 20:41:51.425557  1750  2312 I dvm_lock_sample: [system_server,1,binder:1750_6,13,WindowOrganizerController.java,349,android.os.IBinder com.android.server.wm.WindowOrganizerController.startTransition(int, android.os.IBinder, android.window.WindowContainerTransaction),ActivityTaskManagerService.java,4156,void com.android.server.wm.ActivityTaskManagerService.keyguardGoingAway(int),2]
04-12 20:41:51.426015  2451  2451 I wm_on_restart_called: [16206748,com.android.launcher3.uioverrides.QuickstepLauncher,performRestart,0]
04-12 20:41:51.427163  2451  2451 I wm_on_start_called: [16206748,com.android.launcher3.uioverrides.QuickstepLauncher,handleStartActivity,2]
04-12 20:41:51.431685  3220  3220 I viewroot_draw_event: [VRI[UsbMTPChooserActivity],Start draw after previous draw not visible]
04-12 20:41:51.432846  1750  1944 I snet_event_log: updateFrameRateVote [pkg = com.transsion.livewallpaper.custompictorial title = com.transsion.livewallpaper.pictorial.CustomPictorialWallpaperService refreshRate = 120.00001 modeId = 2 setting =10000 peak = 120.0 mTopApp = null]
04-12 20:41:51.432910  1750  1944 I snet_event_log: updateFrameRateVote [pkg = com.android.systemui title = com.android.systemui.wallpapers.ImageWallpaper refreshRate = 120.00001 modeId = 2 setting =10000 peak = 120.0 mTopApp = null]
04-12 20:41:51.433056  1750  1944 I wm_wallpaper_surface: [0,1,Window{8eff6eb u0 com.transsion.launcher3/com.android.launcher3.uioverrides.QuickstepLauncher}]
04-12 20:41:51.433279  1750  1944 I snet_event_log: updateFrameRateVote [pkg = com.android.settings title = com.android.settings/com.transsion.settings.usbdialog.UsbMTPChooserActivity refreshRate = 120.00001 modeId = 2 setting =10000 peak = 120.0 mTopApp = null]
04-12 20:41:51.433370  1750  1944 I snet_event_log: updateFrameRateVote [pkg = android title = TranssionWaterMark refreshRate = 120.00001 modeId = 2 setting =10000 peak = 120.0 mTopApp = null]
04-12 20:41:51.437208  3220  3220 I viewroot_draw_event: [VRI[UsbMTPChooserActivity],reportDrawFinished seqId=0]
04-12 20:41:51.437945  3220  3220 I wm_on_restart_called: [47358659,com.transsion.settings.usbdialog.UsbMTPChooserActivity,performRestart,0]
04-12 20:41:51.442569  3220  3220 I wm_on_start_called: [47358659,com.transsion.settings.usbdialog.UsbMTPChooserActivity,handleStartActivity,5]
04-12 20:41:51.442663  3220  3220 I wm_on_resume_called: [47358659,com.transsion.settings.usbdialog.UsbMTPChooserActivity,RESUME_ACTIVITY,0]
04-12 20:41:51.442748  3220  3220 I wm_on_top_resumed_gained_called: [47358659,com.transsion.settings.usbdialog.UsbMTPChooserActivity,topWhenResuming]
04-12 20:41:51.452763  2812  3035 I jank_cuj_events_end_request: [0,1775997711431034000,35213908001,35213908001]
04-12 20:41:51.452783  2812  3035 I jank_cuj_events_end_request: [55,1775997711431081000,35213955001,35213955078]
04-12 20:41:51.459889  2812  3035 I jank_cuj_events_cancel_request: [55,1775997711457298000,35240172232,35240172232]
04-12 20:41:51.459906  2812  3035 I jank_cuj_events_end_request: [0,1775997711457950000,35240823924,35240823924]
04-12 20:41:51.459912  2812  3035 I jank_cuj_events_end_request: [55,1775997711457955000,35240828309,35240828309]
04-12 20:41:51.459916  2812  3035 I jank_cuj_events_end_request: [29,1775997711457963000,35240836001,35240836001]
04-12 20:41:51.463206  3220  3220 I viewroot_draw_event: [VRI[UsbMTPChooserActivity],Start draw after previous draw not visible]
04-12 20:41:51.465000  1750  2550 I sysui_multi_action: [757,128,758,1,793,4510,794,0,795,4510,796,1000,797,a:GMSCORE_STORE_RENDERER:11be35c183260000:107718207925398475592,798,6,806,com.google.android.gms,857,com.google.android.gms.noti-9e60d696,858,3,946,0|com.google.android.gms|g:-1d40d8e2,947,0,1395,6,1500,4212,1688,1,1745,2098068913]
04-12 20:41:51.465050  1750  2550 I sysui_multi_action: [757,1501,758,1,793,4511,794,1,795,4511,796,1000,797,a:GMSCORE_STORE_RENDERER:11be35c183260000:107718207925398475592,806,com.google.android.gms,857,com.google.android.gms.noti-9e60d696,858,3,946,0|com.google.android.gms|g:-1d40d8e2,947,0,1500,0,1688,1,1745,2098068913]
04-12 20:41:51.465059  1750  2550 I sysui_multi_action: [757,804,799,note_interruptive,801,0,802,1]
04-12 20:41:51.465069  1750  2550 I sysui_multi_action: [757,804,799,note_freshness,801,4510,802,1]
04-12 20:41:51.465089  1750  2550 I notification_visibility: [0|com.google.android.gms|1000|a:GMSCORE_STORE_RENDERER:11be35c183260000:107718207925398475592|10232,1,4510,4510,0,6]
04-12 20:41:51.465591  1750  1944 I snet_event_log: updateFrameRateVote [pkg = com.transsion.launcher3 title = com.transsion.launcher3/com.android.launcher3.uioverrides.QuickstepLauncher refreshRate = 120.00001 modeId = 2 setting =10000 peak = 120.0 mTopApp = null]
04-12 20:41:51.465912  3220  3220 I viewroot_draw_event: [VRI[UsbMTPChooserActivity],reportDrawFinished seqId=0]
04-12 20:41:51.467609  2451  2451 I viewroot_draw_event: [VRI[QuickstepLauncher],Start draw after previous draw not visible]
04-12 20:41:51.471553  1750  3594 I sysui_multi_action: [757,127,758,2]
04-12 20:41:51.471613  1750  3594 I notification_panel_hidden: 
04-12 20:41:51.472839  1750  2550 I sysui_multi_action: [757,128,758,1,793,13186,794,0,795,13186,796,26,798,2,806,android,857,DEVELOPER_IMPORTANT,858,4,946,-1|android|g:Aggregate_Aler-df069087,947,0,1395,6,1500,13158,1688,1]
04-12 20:41:51.472870  1750  2550 I sysui_multi_action: [757,1501,758,1,793,13186,794,0,795,13186,796,26,806,android,857,DEVELOPER_IMPORTANT,858,4,946,-1|android|g:Aggregate_Aler-df069087,947,0,1500,0,1688,1]
04-12 20:41:51.472877  1750  2550 I sysui_multi_action: [757,804,799,note_interruptive,801,0,802,1]
04-12 20:41:51.472886  1750  2550 I sysui_multi_action: [757,804,799,note_freshness,801,13186,802,1]
04-12 20:41:51.472892  1750  2550 I notification_visibility: [-1|android|26|null|1000,1,13186,13186,0,2]
04-12 20:41:51.473024  1750  2550 I sysui_multi_action: [757,128,758,1,793,13157,794,0,795,13157,796,0,797,-1|android|g:Aggregate_AlertingSection,798,1,806,android,857,DEVELOPER_IMPORTANT,858,4,946,-1|android|g:Aggregate_Aler-df069087,947,1,1395,6,1500,13157,1688,1]
04-12 20:41:51.473039  1750  2550 I sysui_multi_action: [757,804,799,note_freshness,801,13157,802,1]
04-12 20:41:51.473046  1750  2550 I notification_visibility: [-1|android|0|-1|android|g:Aggregate_AlertingSection|1000|-1|android|g:Aggregate_AlertingSection,1,13157,13157,0,1]
04-12 20:41:51.473188  1750  2550 I sysui_multi_action: [757,128,758,1,793,3372,794,0,795,3372,796,1000,797,a:GMSCORE_STORE_RENDERER:0b135afdc4360000:107718207925398475592,798,5,806,com.google.android.gms,857,com.google.android.gms.noti-9e60d696,858,3,946,0|com.google.android.gms|g:-1d40d8e2,947,0,1395,6,1500,2999,1688,1,1745,2098068913]
04-12 20:41:51.473221  1750  2550 I sysui_multi_action: [757,1501,758,1,793,3372,794,0,795,3372,796,1000,797,a:GMSCORE_STORE_RENDERER:0b135afdc4360000:107718207925398475592,806,com.google.android.gms,857,com.google.android.gms.noti-9e60d696,858,3,946,0|com.google.android.gms|g:-1d40d8e2,947,0,1500,0,1688,1,1745,2098068913]
04-12 20:41:51.473228  1750  2550 I sysui_multi_action: [757,804,799,note_interruptive,801,0,802,1]
04-12 20:41:51.473235  1750  2550 I sysui_multi_action: [757,804,799,note_freshness,801,3372,802,1]
04-12 20:41:51.473241  1750  2550 I notification_visibility: [0|com.google.android.gms|1000|a:GMSCORE_STORE_RENDERER:0b135afdc4360000:107718207925398475592|10232,1,3372,3372,0,5]
04-12 20:41:51.475497  1750  2550 I sysui_multi_action: [757,128,758,1,793,2994,794,0,795,2994,796,0,797,0|com.google.android.gms|g:Aggregate_AlertingSection,798,4,806,com.google.android.gms,857,com.google.android.gms.noti-9e60d696,858,3,946,0|com.google.android.gms|g:-1d40d8e2,947,1,1395,6,1500,2994,1688,1]
04-12 20:41:51.475520  1750  2550 I sysui_multi_action: [757,804,799,note_freshness,801,2994,802,1]
04-12 20:41:51.475625  1750  2550 I notification_visibility: [0|com.google.android.gms|0|0|com.google.android.gms|g:Aggregate_AlertingSection|10232|0|com.google.android.gms|g:Aggregate_AlertingSection,1,2994,2994,0,4]
04-12 20:41:51.476013  1750  2550 I sysui_multi_action: [757,128,758,1,793,15343,794,0,795,15343,796,32,798,3,806,android,857,ALERTS,858,3,946,-1|android|g:Aggregate_Aler-df069087,947,0,1395,6,1500,15296,1688,1]
04-12 20:41:51.476040  1750  2550 I sysui_multi_action: [757,1501,758,1,793,15344,794,1,795,15344,796,32,806,android,857,ALERTS,858,3,946,-1|android|g:Aggregate_Aler-df069087,947,0,1500,0,1688,1]
04-12 20:41:51.476047  1750  2550 I sysui_multi_action: [757,804,799,note_interruptive,801,0,802,1]
04-12 20:41:51.476054  1750  2550 I sysui_multi_action: [757,804,799,note_freshness,801,15343,802,1]
04-12 20:41:51.476059  1750  2550 I notification_visibility: [-1|android|32|null|1000,1,15343,15343,0,3]
04-12 20:41:51.477983  1750  3675 I sysui_multi_action: [757,128,758,2,793,4523,794,13,795,4523,796,1000,797,a:GMSCORE_STORE_RENDERER:11be35c183260000:107718207925398475592,798,6,806,com.google.android.gms,857,com.google.android.gms.noti-9e60d696,858,3,946,0|com.google.android.gms|g:-1d40d8e2,947,0,1395,6,1500,12,1688,1,1745,2098068913]
04-12 20:41:51.477999  1750  3675 I notification_visibility: [0|com.google.android.gms|1000|a:GMSCORE_STORE_RENDERER:11be35c183260000:107718207925398475592|10232,0,4523,4523,0,6]
04-12 20:41:51.478274  1750  3675 I sysui_multi_action: [757,128,758,2,793,13192,794,6,795,13192,796,26,798,2,806,android,857,DEVELOPER_IMPORTANT,858,4,946,-1|android|g:Aggregate_Aler-df069087,947,0,1395,6,1500,6,1688,1]
04-12 20:41:51.478288  1750  3675 I notification_visibility: [-1|android|26|null|1000,0,13192,13192,0,2]
04-12 20:41:51.478542  1750  3675 I sysui_multi_action: [757,128,758,2,793,13163,794,6,795,13163,796,0,797,-1|android|g:Aggregate_AlertingSection,798,1,806,android,857,DEVELOPER_IMPORTANT,858,4,946,-1|android|g:Aggregate_Aler-df069087,947,1,1395,6,1500,13163,1688,1]
04-12 20:41:51.478555  1750  3675 I notification_visibility: [-1|android|0|-1|android|g:Aggregate_AlertingSection|1000|-1|android|g:Aggregate_AlertingSection,0,13163,13163,0,1]
04-12 20:41:51.478719  1750  3675 I sysui_multi_action: [757,128,758,2,793,3377,794,5,795,3377,796,1000,797,a:GMSCORE_STORE_RENDERER:0b135afdc4360000:107718207925398475592,798,5,806,com.google.android.gms,857,com.google.android.gms.noti-9e60d696,858,3,946,0|com.google.android.gms|g:-1d40d8e2,947,0,1395,6,1500,5,1688,1,1745,2098068913]
04-12 20:41:51.478733  1750  3675 I notification_visibility: [0|com.google.android.gms|1000|a:GMSCORE_STORE_RENDERER:0b135afdc4360000:107718207925398475592|10232,0,3377,3377,0,5]
04-12 20:41:51.478960  1750  3675 I sysui_multi_action: [757,128,758,2,793,2997,794,3,795,2997,796,0,797,0|com.google.android.gms|g:Aggregate_AlertingSection,798,4,806,com.google.android.gms,857,com.google.android.gms.noti-9e60d696,858,3,946,0|com.google.android.gms|g:-1d40d8e2,947,1,1395,6,1500,2997,1688,1]
04-12 20:41:51.478973  1750  3675 I notification_visibility: [0|com.google.android.gms|0|0|com.google.android.gms|g:Aggregate_AlertingSection|10232|0|com.google.android.gms|g:Aggregate_AlertingSection,0,2997,2997,0,4]
04-12 20:41:51.479083  1750  3675 I sysui_multi_action: [757,128,758,2,793,15347,794,4,795,15347,796,32,798,3,806,android,857,ALERTS,858,3,946,-1|android|g:Aggregate_Aler-df069087,947,0,1395,6,1500,3,1688,1]
04-12 20:41:51.479097  1750  3675 I notification_visibility: [-1|android|32|null|1000,0,15347,15347,0,3]
04-12 20:41:51.495029  2451  2451 I viewroot_draw_event: [VRI[QuickstepLauncher],reportDrawFinished seqId=0]
04-12 20:41:51.508167  1750  1944 I wm_dim_created: [Task=55,131]
04-12 20:41:51.508285  1750  1944 I wm_dim_cancel_anim: [131,new target values]
04-12 20:41:51.508396  1750  1944 I wm_dim_animate: [131,0.200000,0.000000]
04-12 20:41:51.511515  2812  3035 I jank_cuj_events_end_request: [29,1775997711510858000,35293732232,35293732232]
04-12 20:41:51.511630  2812  3035 I jank_cuj_events_end_request: [0,1775997711510892000,35293765155,35293765155]
04-12 20:41:51.511696  2812  3035 I jank_cuj_events_cancel_request: [23,1775997711510903000,35293776232,35293776232]
04-12 20:41:51.533259  1750  3675 I wm_set_keyguard_occluded: [0,0,0,setOccluded]
04-12 20:41:51.555571  1750  1944 I wm_wallpaper_surface: [0,0,Window{8eff6eb u0 com.transsion.launcher3/com.android.launcher3.uioverrides.QuickstepLauncher}]
04-12 20:41:51.558913  1750  3675 I wm_set_keyguard_shown: [0,0,0,1,0,setKeyguardShown]
04-12 20:41:51.559146  2812  2812 I sysui_multi_action: [757,196,758,2,759,0]
04-12 20:41:51.559158  2812  2812 I sysui_status_bar_state: [0,0,0,0,0,1]
04-12 20:41:51.560553  2812  2812 I sysui_keyguard: [0,0]
04-12 20:41:51.560619  2812  3035 I jank_cuj_events_cancel_request: [23,1775997711560558000,35343431386,35343431386]
04-12 20:41:51.568029  1750  1944 I wm_dim_finish_anim: 131
04-12 20:41:51.573805  1750  1944 I snet_event_log: updateFrameRateVote [pkg = com.android.systemui title = com.android.systemui.wallpapers.ImageWallpaper refreshRate = 90.0 modeId = 3 setting =10000 peak = 120.0 mTopApp = null]
04-12 20:41:51.602632  1750  2312 I dvm_lock_sample: [system_server,1,binder:1750_6,49,BroadcastController.java,532,android.content.Intent com.android.server.am.BroadcastController.registerReceiverWithFeatureTraced(android.app.IApplicationThread, java.lang.String, java.lang.String, java.lang.String, android.content.IIntentReceiver, android.content.IntentFilter, java.lang.String, int, int),,0,null,9]
04-12 20:41:51.616633  1750  1944 I input_focus: [Focus request aec61ac com.android.settings/com.transsion.settings.usbdialog.UsbMTPChooserActivity,reason=UpdateInputWindows]
04-12 20:41:51.629545  1750  2183 I input_focus: [Focus leaving 5d7eb3 NotificationShade,reason=NOT_FOCUSABLE]
04-12 20:41:51.629861  1750  2183 I input_focus: [Focus entering aec61ac com.android.settings/com.transsion.settings.usbdialog.UsbMTPChooserActivity,reason=setFocusedWindow]
04-12 20:41:51.651459  2812  3035 I jank_cuj_events_cancel_request: [80,1775997711651279000,35434152617,35434152617]
04-12 20:41:51.651580  2812  3035 I jank_cuj_events_end_request: [80,1775997711651321000,35434194386,35434194386]
04-12 20:41:51.703606  1750  2183 I input_interaction: Interaction with: aec61ac com.android.settings/com.transsion.settings.usbdialog.UsbMTPChooserActivity, [Gesture Monitor] edge-swipe, [Gesture Monitor] TranGestureMonitor, [Gesture Monitor] TranGestureMonitor, PointerEventDispatcher0, 
04-12 20:41:51.715406  2812  2812 I viewroot_draw_event: [VRI[NotificationShade],Not drawing due to not visible. Reason=View.INVISIBLE]
04-12 20:41:51.732398  1750  1943 I user_activity_timeout_override: -1
04-12 20:41:51.776473  1750  1750 I dvm_lock_sample: [system_server,0,main,64,BroadcastController.java,694,void com.android.server.am.BroadcastController.unregisterReceiverTraced(android.content.IIntentReceiver),,0,null,12]
04-12 20:41:51.777269  1750  1964 I am_proc_start: [0,8065,1000,com.transsion.audiosmartconnect,service,{com.transsion.audiosmartconnect/com.transsion.audiosmartconnect.service.AudioSmartConnectEnterService},caller=com.transsion.iotservice/1000]
04-12 20:41:51.806723  1750  1888 I dvm_lock_sample: [system_server,1,binder:1750_2,34,ContentProviderHelper.java,207,android.app.ContentProviderHolder com.android.server.am.ContentProviderHelper.getContentProviderImpl(android.app.IApplicationThread, java.lang.String, android.os.IBinder, int, java.lang.String, java.lang.String, boolean, int),,0,null,6]
04-12 20:41:51.811684  2812  3035 I jank_cuj_events_end_request: [10425,1775997711804454000,35587328232,35587328232]
04-12 20:41:51.813946  1750  2047 I dvm_lock_sample: [system_server,1,binder:1750_4,78,ContentProviderHelper.java,207,android.app.ContentProviderHolder com.android.server.am.ContentProviderHelper.getContentProviderImpl(android.app.IApplicationThread, java.lang.String, android.os.IBinder, int, java.lang.String, java.lang.String, boolean, int),,0,null,15]
04-12 20:41:51.829828  1750  3675 I dvm_lock_sample: [system_server,1,binder:1750_16,255,JobServiceContext.java,824,void com.android.server.job.JobServiceContext.doJobFinished(com.android.server.job.JobServiceContext$JobCallback, int, boolean),-,509,boolean com.android.server.job.JobServiceContext.executeRunnableJob(com.android.server.job.controllers.JobStatus, int),51]
04-12 20:41:51.835976  1750  2047 I am_proc_bound: [0,8065,com.transsion.audiosmartconnect]
04-12 20:41:51.838333  1750  1942 I commit_sys_config_file: [jobs,10]
04-12 20:41:51.839454  1750  1942 I commit_sys_config_file: [jobs,1]
04-12 20:41:51.867744  1750  2094 I dvm_lock_sample: [system_server,1,SettingsProvider,324,JobSchedulerService.java,2233,android.app.job.JobInfo com.android.server.job.JobSchedulerService.getPendingJob(int, java.lang.String, int),,0,null,64]
04-12 20:41:51.874414  1750  1963 I am_wtf  : [0,1750,system_server,-1,JobScheduler.JobStatus,App com.google.android.inputmethod.latin became active but still in NEVER bucket]
04-12 20:41:51.878621  1750  1963 I am_wtf  : [0,1750,system_server,-1,JobScheduler.JobStatus,App com.google.android.inputmethod.latin became active but still in NEVER bucket]
04-12 20:41:51.883651  7417  7417 I viewroot_draw_event: [VRI[InputMethod],Not drawing due to not visible. Reason=View.INVISIBLE]
04-12 20:41:51.883654  1750  2094 I commit_sys_config_file: [settings-0-0,11]
04-12 20:41:51.885336  1750  1963 I am_wtf  : [0,1750,system_server,-1,JobScheduler.JobStatus,App com.google.android.inputmethod.latin became active but still in NEVER bucket]
04-12 20:41:51.891536  1750  1750 I am_uid_running: 10166
04-12 20:41:51.913301  1750  1964 I am_proc_start: [0,8104,10166,com.transsion.sk,service,{com.transsion.sk/com.transsion.sk.inputservice.OpenSafeKeyboardService},caller=system/1000]
04-12 20:41:51.939716  1750  2578 I am_proc_bound: [0,8104,com.transsion.sk]
04-12 20:41:51.952466  1750  2094 I commit_sys_config_file: [settings-2-0,2]
04-12 20:41:52.009094  4763  4763 I viewroot_draw_event: [VRI[SmartPanel_handleView],Start draw after previous draw not visible]
04-12 20:41:52.067531  4763  4763 I viewroot_draw_event: [VRI[SmartPanel_handleView],reportDrawFinished seqId=0]
04-12 20:41:52.078869  4763  5691 I viewroot_draw_event: [VRI[SmartPanel_handleView],Transaction not synced due to no frame drawn]
04-12 20:41:52.166113  1750  2183 I input_interaction: Interaction with: aec61ac com.android.settings/com.transsion.settings.usbdialog.UsbMTPChooserActivity, [Gesture Monitor] swipe-up, [Gesture Monitor] edge-swipe, [Gesture Monitor] TranGestureMonitor, [Gesture Monitor] TranGestureMonitor, PointerEventDispatcher0, 
04-12 20:41:52.177649  1750  2094 I commit_sys_config_file: [settings-0-0,4]
04-12 20:41:52.195522  1750  2313 I wm_task_moved: [1,1,0,1,2]
04-12 20:41:52.195538  1750  2313 I wm_task_to_front: [0,2,0]
04-12 20:41:52.195833  1750  3011 I input_cancel: [aec61ac com.android.settings/com.transsion.settings.usbdialog.UsbMTPChooserActivity,reason=input channel stole pointer stream]
04-12 20:41:52.195846  1750  2313 I wm_task_moved: [2,1,0,1,2147483647]
04-12 20:41:52.195930  1750  2313 I wm_focused_root_task: [0,0,1,-1,startExistingRecents]
04-12 20:41:52.195959  3220  3220 I view_enqueue_input_event: [Motion - Cancel,com.android.settings/com.transsion.settings.usbdialog.UsbMTPChooserActivity]
04-12 20:41:52.196344  1750  2313 I wm_set_resumed_activity: [0,com.transsion.launcher3/com.android.launcher3.uioverrides.QuickstepLauncher,resumeTopActivity - onActivityStateChanged]
04-12 20:41:52.197366  1750  3011 I input_cancel: [[Gesture Monitor] edge-swipe,reason=input channel stole pointer stream]
04-12 20:41:52.198412  1750  2313 I wm_resume_activity: [0,16206748,2,com.transsion.launcher3/com.android.launcher3.uioverrides.QuickstepLauncher]
04-12 20:41:52.203909  3220  3220 I wm_on_top_resumed_lost_called: [47358659,com.transsion.settings.usbdialog.UsbMTPChooserActivity,topStateChangedWhenResumed]
