04-12 20:41:52.204196  2451  2451 I wm_on_resume_called: [16206748,com.android.launcher3.uioverrides.QuickstepLauncher,RESUME_ACTIVITY,4]
04-12 20:41:52.208339  1750  1944 I snet_event_log: updateFrameRateVote [pkg = com.android.systemui title = com.android.systemui.wallpapers.ImageWallpaper refreshRate = 120.00001 modeId = 2 setting =10000 peak = 120.0 mTopApp = com.transsion.launcher3]
04-12 20:41:52.210056  1750  1944 I snet_event_log: updateFrameRateVote [pkg = com.transsion.smartpanel title = SmartPanel_handleView refreshRate = 120.00001 modeId = 2 setting =10000 peak = 120.0 mTopApp = com.transsion.launcher3]
04-12 20:41:52.214038  1750  3011 I input_cancel: [[Gesture Monitor] TranGestureMonitor,reason=input channel stole pointer stream]
04-12 20:41:52.214097  1750  3011 I input_cancel: [[Gesture Monitor] TranGestureMonitor,reason=input channel stole pointer stream]
04-12 20:41:52.214420  1750  2183 I input_interaction: Interaction with: [Gesture Monitor] swipe-up, PointerEventDispatcher0, 
04-12 20:41:52.230850  1750  4367 I wm_pause_activity: [0,47358659,com.android.settings/com.transsion.settings.usbdialog.UsbMTPChooserActivity,userLeaving=true,pauseTaskTopActivity]
04-12 20:41:52.232939  1750  1924 I sysui_multi_action: [757,803,799,window_time_0,802,16]
04-12 20:41:52.234631  2451  2451 I wm_on_top_resumed_gained_called: [16206748,com.android.launcher3.uioverrides.QuickstepLauncher,topStateChangedWhenResumed]
04-12 20:41:52.237810  2812  3035 I jank_cuj_events_end_request: [10425,1775997712211228000,35994101540,35994101540]
04-12 20:41:52.245676  3220  3220 I wm_on_paused_called: [47358659,com.transsion.settings.usbdialog.UsbMTPChooserActivity,performPause,0]
04-12 20:41:52.274704  2451  2919 I jank_cuj_events_begin_request: [10122,1775997712271305000,36054178771,36054179001,animator:App To Home]
04-12 20:41:52.274722  2451  2919 I jank_cuj_events_begin_request: [9,1775997712271389000,36054262386,36054262386,closeApp_Window]
04-12 20:41:52.299364  2812  3035 I jank_cuj_events_cancel_request: [0,1775997712297560000,36080434155,36080434386]
04-12 20:41:52.301232  2812  3035 I jank_cuj_events_cancel_request: [5,1775997712297613000,36080486694,36080486771]
04-12 20:41:52.352001  1750  3433 I netstats_mobile_sample: [0,0,0,0,0,0,0,0,1775997713159]
04-12 20:41:52.352177  1750  3433 I netstats_wifi_sample: [1145712,365324,1665,1639,1102678,363856,1597,1623,1775997713159]
04-12 20:41:52.384908  1750  2588 I am_uid_running: 10132
04-12 20:41:52.390205  1750  1963 I am_wtf  : [0,1750,system_server,-1,JobScheduler.JobStatus,App com.google.android.inputmethod.latin became active but still in NEVER bucket]
04-12 20:41:52.421022  1750  1952 I dvm_lock_sample: [system_server,1,android.bg,81,ContentProviderHelper.java,1677,void com.android.server.am.ContentProviderHelper.handleProviderRemoval(com.android.server.am.ContentProviderConnection, boolean, boolean),,0,null,16]
04-12 20:41:52.431466  1750  2048 I dvm_lock_sample: [system_server,1,binder:1750_5,79,BroadcastController.java,532,android.content.Intent com.android.server.am.BroadcastController.registerReceiverWithFeatureTraced(android.app.IApplicationThread, java.lang.String, java.lang.String, java.lang.String, android.content.IIntentReceiver, android.content.IntentFilter, java.lang.String, int, int),,0,null,15]
04-12 20:41:52.433419  1750  2224 I dvm_lock_sample: [system_server,0,NetworkStats,67,BroadcastController.java,759,int com.android.server.am.BroadcastController.broadcastIntentWithFeature(android.app.IApplicationThread, java.lang.String, android.content.Intent, java.lang.String, android.content.IIntentReceiver, int, java.lang.String, android.os.Bundle, java.lang.String[], java.lang.String[], java.lang.String[], int, android.os.Bundle, boolean, boolean, int),,0,null,13]
04-12 20:41:52.472041  1750  2183 I input_focus: [Focus leaving aec61ac com.android.settings/com.transsion.settings.usbdialog.UsbMTPChooserActivity,reason=NOT_VISIBLE]
04-12 20:41:52.507493  1750  2585 I dvm_lock_sample: [system_server,1,binder:1750_B,113,ActivityManagerService.java,15283,int com.android.server.am.ActivityManagerService.bindServiceInstance(android.app.IApplicationThread, android.os.IBinder, android.content.Intent, java.lang.String, android.app.IServiceConnection, long, java.lang.String, boolean, int, java.lang.String, android.app.IApplicationThread, java.lang.String, int),,0,null,22]
04-12 20:41:52.537628  1750  4364 I wm_set_resumed_activity: [0,com.transsion.launcher3/com.android.launcher3.uioverrides.QuickstepLauncher,setFocusedTask-alreadyTop]
04-12 20:41:52.537975  1750  1944 I input_focus: [Focus request recents_animation_input_consumer,reason=UpdateInputWindows]
04-12 20:41:52.544389  1750  1964 I am_proc_start: [0,8230,10132,com.transsion.globalsearch,content provider,{com.transsion.globalsearch/com.transsion.globalsearch.provider.ActiveProvider},caller=com.transsion.launcher3/10148]
04-12 20:41:52.563006  1750  2183 I input_focus: [Focus entering recents_animation_input_consumer,reason=setFocusedWindow]
04-12 20:41:52.571748  1750  4367 I am_proc_bound: [0,8230,com.transsion.globalsearch]
04-12 20:41:52.572611  1750  1944 I wm_dim_exit: [131,-,1,0]
04-12 20:41:52.572663  1750  1944 I wm_dim_cancel_anim: [131,new target values]
04-12 20:41:52.572788  1750  1944 I wm_dim_animate: [131,0.000000,0.000000]
04-12 20:41:52.594576  1750  2550 I dvm_lock_sample: [system_server,1,binder:1750_9,100,ActivityManagerService.java,15333,void com.android.server.am.ActivityManagerService.unbindFinished(android.os.IBinder, android.content.Intent),,0,null,20]
04-12 20:41:52.596000  8230  8230 I auditd  : type=1400 audit(0.0:907): avc:  denied  { read write } for  comm="re-initialized>" name="ensignal" dev="tmpfs" ino=2080 scontext=u:r:priv_app:s0:c512,c768 tcontext=u:object_r:ensignal_device:s0 tclass=chr_file permissive=0 app=com.transsion.globalsearch
04-12 20:41:52.596000  8230  8230 I auditd  : type=1400 audit(0.0:908): avc:  denied  { read write } for  comm="re-initialized>" name="ensignal" dev="tmpfs" ino=2080 scontext=u:r:priv_app:s0:c512,c768 tcontext=u:object_r:ensignal_device:s0 tclass=chr_file permissive=0 app=com.transsion.globalsearch
04-12 20:41:52.602736  1750  1963 I dvm_lock_sample: [system_server,1,ActivityManager,61,BroadcastQueueImpl.java,493,void com.android.server.am.BroadcastQueueImpl.updateRunningList(),,0,null,12]
04-12 20:41:52.606475  8065  8126 I dvm_lock_sample: [com.transsion.audiosmartconnect,0,DefaultDispatcher-worker-3,247,ActivityThread.java,8429,android.content.IContentProvider android.app.ActivityThread.acquireProvider(android.content.Context, java.lang.String, int, boolean),-,8455,android.content.IContentProvider android.app.ActivityThread.acquireProvider(android.content.Context, java.lang.String, int, boolean),49]
04-12 20:41:52.626758  1750  1944 I wm_dim_finish_anim: 131
04-12 20:41:52.626831  1750  1944 I wm_dim_cancel_anim: [131,ready to remove]
04-12 20:41:52.627408  1750  1944 I wm_dim_removed: 131
04-12 20:41:52.636123  1750  2549 I dvm_lock_sample: [system_server,1,binder:1750_8,235,ActivityManagerService.java,15283,int com.android.server.am.ActivityManagerService.bindServiceInstance(android.app.IApplicationThread, android.os.IBinder, android.content.Intent, java.lang.String, android.app.IServiceConnection, long, java.lang.String, boolean, int, java.lang.String, android.app.IApplicationThread, java.lang.String, int),,0,null,47]
04-12 20:41:52.641171  1750  4349 I am_uid_active: 10166
04-12 20:41:52.654980  1750  3433 I wm_finish_activity: [0,47358659,55,com.android.settings/com.transsion.settings.usbdialog.UsbMTPChooserActivity,app-request]
04-12 20:41:52.658856  1750  3433 I wm_add_to_stopping: [0,47358659,com.android.settings/com.transsion.settings.usbdialog.UsbMTPChooserActivity,completeFinishing]
04-12 20:41:52.667856  2812  2812 I dvm_lock_sample: [com.android.systemui,1,main,29,MessageQueue.java,918,android.os.Message android.os.MessageQueue.nextLegacy(),-,1391,boolean android.os.MessageQueue.enqueueMessageLegacy(android.os.Message, long),5]
04-12 20:41:52.671378  1750  1963 I am_wtf  : [0,1750,system_server,-1,TransitionController,Collecting Transition (#7) is not collecting. state=3]
04-12 20:41:52.678515  1750  1963 I am_wtf  : [0,1750,system_server,-1,JobScheduler.JobStatus,App com.google.android.inputmethod.latin became active but still in NEVER bucket]
04-12 20:41:52.708763  3220  3220 I viewroot_draw_event: [VRI[UsbMTPChooserActivity],Not drawing due to not visible. Reason=!mAppVisible && !mForceDecorViewVisibility]
04-12 20:41:52.732000  8230  8230 I auditd  : type=1400 audit(0.0:909): avc:  denied  { read } for  comm="on.globalsearch" name="u:object_r:vendor_irtx_prop:s0" dev="tmpfs" ino=614 scontext=u:r:priv_app:s0:c512,c768 tcontext=u:object_r:vendor_irtx_prop:s0 tclass=file permissive=0 app=com.transsion.globalsearch
04-12 20:41:52.732000  8230  8230 I auditd  : type=1400 audit(0.0:910): avc:  denied  { read } for  comm="on.globalsearch" name="u:object_r:qemu_hw_prop:s0" dev="tmpfs" ino=396 scontext=u:r:priv_app:s0:c512,c768 tcontext=u:object_r:qemu_hw_prop:s0 tclass=file permissive=0 app=com.transsion.globalsearch
04-12 20:41:52.790358  1750  2550 I am_uid_active: 10132
04-12 20:41:52.788000  8230  8230 I auditd  : type=1400 audit(0.0:911): avc:  denied  { read } for  comm="on.globalsearch" name="u:object_r:system_trancare_prop:s0" dev="tmpfs" ino=554 scontext=u:r:priv_app:s0:c512,c768 tcontext=u:object_r:system_trancare_prop:s0 tclass=file permissive=0 app=com.transsion.globalsearch
04-12 20:41:52.893098  2451  2919 I jank_cuj_events_end_request: [10122,1775997712892956000,36675829540,36675829540]
04-12 20:41:52.893199  2451  2919 I jank_cuj_events_end_request: [9,1775997712893037000,36675911001,36675911078]
04-12 20:41:52.893598  2451  2919 I jank_cuj_events_end_request: [9,1775997712893221000,36676094386,36676094463]
04-12 20:41:52.898679  1750  2183 I input_focus: [Focus leaving recents_animation_input_consumer,reason=NOT_VISIBLE]
04-12 20:41:52.898929  1750  1944 I input_focus: [Focus request 8eff6eb com.transsion.launcher3/com.android.launcher3.uioverrides.QuickstepLauncher,reason=UpdateInputWindows]
04-12 20:41:52.903086  1750  1943 I wm_destroy_activity: [0,47358659,55,com.android.settings/com.transsion.settings.usbdialog.UsbMTPChooserActivity,finish-imm:idle]
04-12 20:41:52.907688  1750  1944 I snet_event_log: updateFrameRateVote [pkg = com.android.systemui title = com.android.systemui.wallpapers.ImageWallpaper refreshRate = 90.0 modeId = 3 setting =10000 peak = 120.0 mTopApp = com.transsion.launcher3]
04-12 20:41:52.909839  3220  3220 I wm_on_stop_called: [47358659,com.transsion.settings.usbdialog.UsbMTPChooserActivity,LIFECYCLER_STOP_ACTIVITY,1]
04-12 20:41:52.910791  3220  3220 I wm_on_destroy_called: [47358659,com.transsion.settings.usbdialog.UsbMTPChooserActivity,performDestroy,0]
04-12 20:41:52.915568  1750  2183 I input_focus: [Focus entering 8eff6eb com.transsion.launcher3/com.android.launcher3.uioverrides.QuickstepLauncher,reason=setFocusedWindow]
04-12 20:41:52.920834  1750  4364 I wm_task_removed: [55,55,0,removeChild, last child = ActivityRecord{47358659 u0 com.android.settings/com.transsion.settings.usbdialog.UsbMTPChooserActivity t-1 f}} in Task{595d1ed #55 type=standard A=1000:com.android.settings nonResizable}]
04-12 20:41:52.937911  1750  2549 I am_uid_running: 10208
04-12 20:41:52.958204  1750  1963 I am_wtf  : [0,1750,system_server,-1,ActivityManager,Sending non-protected broadcast android.intent.action.INSTALL_COMPLETE from system 1750:system/1000 pkg android]
04-12 20:41:52.968462  1750  1964 I am_proc_start: [0,8290,10208,com.transsion.personalizedService.xos,service,{com.transsion.personalizedService.xos/com.scene.zeroscreen.overlay.service.OverlayScreenService},caller=com.transsion.launcher3/10148]
04-12 20:41:52.981320  1750  2550 I am_proc_bound: [0,8290,com.transsion.personalizedService.xos]
04-12 20:41:53.106265  1750  2183 I input_interaction: Interaction with: 8eff6eb com.transsion.launcher3/com.android.launcher3.uioverrides.QuickstepLauncher, d33f5ed com.android.systemui.wallpapers.ImageWallpaper, [Gesture Monitor] edge-swipe, [Gesture Monitor] TranGestureMonitor, [Gesture Monitor] TranGestureMonitor, PointerEventDispatcher0, 
04-12 20:41:53.148263  1750  3675 I am_uid_active: 10208
04-12 20:41:53.154123  2812  3035 I jank_cuj_events_end_request: [10425,1775997713153837000,36936710694,36936710771]
04-12 20:41:53.165241  1750  2549 I wm_task_created: 56
04-12 20:41:53.168734  1750  2549 I wm_task_moved: [56,56,0,1,2]
04-12 20:41:53.168759  1750  2549 I wm_task_to_front: [0,56,0]
04-12 20:41:53.169053  1750  2549 I wm_create_task: [0,56,56,0]
04-12 20:41:53.169067  1750  2549 I wm_create_activity: [0,45000400,56,com.transsion.camera/com.android.camera.CameraLauncher,android.intent.action.MAIN,NULL,NULL,270532608]
04-12 20:41:53.169103  1750  2549 I wm_task_moved: [56,56,0,1,2]
04-12 20:41:53.172119  1750  2549 I wm_pause_activity: [0,16206748,com.transsion.launcher3/com.android.launcher3.uioverrides.QuickstepLauncher,userLeaving=true,pauseBackTasks]
04-12 20:41:53.177781  1750  2549 I wm_add_to_stopping: [0,16206748,com.transsion.launcher3/com.android.launcher3.uioverrides.QuickstepLauncher,makeInvisible]
04-12 20:41:53.182566  1750  1944 I snet_event_log: updateFrameRateVote [pkg = com.android.systemui title = com.android.systemui.wallpapers.ImageWallpaper refreshRate = 120.00001 modeId = 2 setting =10000 peak = 120.0 mTopApp = com.transsion.launcher3]
04-12 20:41:53.185520  2451  2451 I wm_on_top_resumed_lost_called: [16206748,com.android.launcher3.uioverrides.QuickstepLauncher,topStateChangedWhenResumed]
04-12 20:41:53.186104  2451  2451 I wm_on_paused_called: [16206748,com.android.launcher3.uioverrides.QuickstepLauncher,performPause,0]
04-12 20:41:53.188893  1750  2048 I wm_restart_activity: [0,45000400,56,com.transsion.camera/com.android.camera.CameraLauncher]
04-12 20:41:53.190929  1750  2048 I wm_set_resumed_activity: [0,com.transsion.camera/com.android.camera.CameraLauncher,realStartActivityLocked - onActivityStateChanged]
04-12 20:41:53.196524  1750  1924 I sysui_multi_action: [757,803,799,window_time_0,802,0]
04-12 20:41:53.213060  1750  2183 I input_focus: [Focus leaving 8eff6eb com.transsion.launcher3/com.android.launcher3.uioverrides.QuickstepLauncher,reason=NO_WINDOW]
04-12 20:41:53.220085  2451  2919 I jank_cuj_events_begin_request: [8,1775997713201753000,36984626463,36984626463,openApp_Window]
04-12 20:41:53.231489  1750  1944 I snet_event_log: updateFrameRateVote [pkg = com.transsion.camera title = Splash Screen com.transsion.camera refreshRate = 60.0 modeId = 4 setting =10000 peak = 120.0 mTopApp = com.transsion.camera]
04-12 20:41:53.249048  2812  3069 I viewroot_draw_event: [VRI[camera],reportDrawFinished seqId=0]
04-12 20:41:53.291457  1408  2025 I liblog  : 1
04-12 20:41:53.289126  1408  2020 I liblog  : 418
04-12 20:41:53.308770  1750  4364 I dvm_lock_sample: [system_server,0,binder:1750_1B,32,ActivityManagerService.java,14969,void com.android.server.am.ActivityManagerService.logFgsApiBegin(int, int, int),,0,null,6]
04-12 20:41:53.318028  3894  3894 I wm_on_create_called: [45000400,com.android.camera.CameraLauncher,performCreate,111]
04-12 20:41:53.328737  3894  3894 I wm_on_start_called: [45000400,com.android.camera.CameraLauncher,handleStartActivity,10]
04-12 20:41:53.337998  1750  1888 I netstats_mobile_sample: [0,0,0,0,0,0,0,0,1775997714145]
04-12 20:41:53.338172  1750  1888 I netstats_wifi_sample: [1225945,380169,1758,1736,1182488,378377,1685,1718,1775997714145]
04-12 20:41:53.358986  3894  3894 I wm_on_resume_called: [45000400,com.android.camera.CameraLauncher,RESUME_ACTIVITY,29]
04-12 20:41:53.377413  3894  3894 I liblog  : 124
04-12 20:41:53.380927  1408  2311 I liblog  : 132
04-12 20:41:53.381193  1408  2311 I liblog  : 10
04-12 20:41:53.381801  1408  2311 I liblog  : 1
04-12 20:41:53.391446  1408  2311 I liblog  : 625
04-12 20:41:53.411597  3894  3894 I wm_on_top_resumed_gained_called: [45000400,com.android.camera.CameraLauncher,topStateChangedWhenResumed]
04-12 20:41:53.419289  1750  1944 I input_focus: [Focus request 575eee5 com.transsion.camera/com.android.camera.CameraLauncher,reason=UpdateInputWindows]
04-12 20:41:53.421381  1750  1944 I snet_event_log: updateFrameRateVote [pkg = com.transsion.camera title = com.transsion.camera/com.android.camera.CameraLauncher refreshRate = 60.0 modeId = 4 setting =10000 peak = 120.0 mTopApp = com.transsion.camera]
04-12 20:41:53.423856  3894  3894 I surfaceview_layout: [SV[24165933 CameraLauncher],4,1208,1610,-2,layout,1,0,1]
04-12 20:41:53.426694  3894  3894 I surfaceview_callback: [SV[24165933 CameraLauncher],surfaceCreated]
04-12 20:41:53.426806  3894  3894 I surfaceview_callback: [SV[24165933 CameraLauncher],surfaceChanged -- format=4 w=1208 h=1610]
04-12 20:41:53.426842  3894  3894 I surfaceview_callback: [SV[24165933 CameraLauncher],surfaceRedrawNeeded]
04-12 20:41:53.464423  3894  3894 I viewroot_draw_event: [VRI[CameraLauncher],reportDrawFinished seqId=0]
04-12 20:41:53.475981  3894  3894 I surfaceview_layout: [SV[24165933 CameraLauncher],4,1200,1600,-2,setFixedSize,1,0,1]
04-12 20:41:53.476105  3894  3894 I surfaceview_callback: [SV[24165933 CameraLauncher],surfaceChanged -- format=4 w=1200 h=1600]
04-12 20:41:53.484422  3894  3894 I surfaceview_callback: [SV[24165933 CameraLauncher],surfaceRedrawNeeded]
04-12 20:41:53.484903  1750  1924 I sysui_multi_action: [319,23,321,94,322,309,325,36,757,761,758,8,759,1,806,com.transsion.camera,871,com.android.camera.CameraLauncher,904,com.transsion.launcher3,905,0,1320,4,1321,23]
04-12 20:41:53.485911  1750  2183 I input_focus: [Focus entering 575eee5 com.transsion.camera/com.android.camera.CameraLauncher,reason=Window became focusable. Previous reason: NOT_VISIBLE]
04-12 20:41:53.488983  3894  8357 I viewroot_draw_event: [VRI[CameraLauncher],reportDrawFinished seqId=0]
04-12 20:41:53.489097  3894  8357 I surfaceview_callback: [SV[24165933 CameraLauncher],surfaceRedrawNeeded implemented]
04-12 20:41:53.491368  3894  8357 I surfaceview_callback: [SV[24165933 CameraLauncher],surfaceRedrawNeeded implemented]
04-12 20:41:53.496278  1750  1924 I wm_activity_launch_time: [0,45000400,com.transsion.camera/com.android.camera.CameraLauncher,309]
04-12 20:41:53.498575  1750  2094 I commit_sys_config_file: [settings-1-0,10]
04-12 20:41:53.502131  2812  3069 I viewroot_draw_event: [VRI[camera],Not drawing due to not visible. Reason=View.GONE]
04-12 20:41:53.506391  1750  2094 I commit_sys_config_file: [settings-0-0,8]
04-12 20:41:53.515398  1408  2311 I liblog  : 185
04-12 20:41:53.515430  1408  2311 I liblog  : 2
04-12 20:41:53.515604  1750  2094 I commit_sys_config_file: [settings-2-0,9]
04-12 20:41:53.521556  1408  2311 I liblog  : 392
04-12 20:41:53.530371  1408  2311 I liblog  : 246
04-12 20:41:53.532260  1408  2311 I liblog  : 248
04-12 20:41:53.532491  1408  2311 I liblog  : 32
04-12 20:41:53.532980  1408  2311 I liblog  : 40
04-12 20:41:53.536369  1408  2311 I liblog  : 295
04-12 20:41:53.536505  1408  2311 I liblog  : 7
04-12 20:41:53.542180  1408  2311 I liblog  : 34
04-12 20:41:53.543632  1408  2311 I liblog  : 149
04-12 20:41:53.546934  1408  2311 I liblog  : 134
04-12 20:41:53.546964  1408  2311 I liblog  : 6
04-12 20:41:53.549714  1408  2311 I liblog  : 77
04-12 20:41:53.550279  1408  2021 I liblog  : 22
04-12 20:41:53.554320  1408  2027 I liblog  : 71
04-12 20:41:53.554628  1408  2015 I liblog  : 2
04-12 20:41:53.558471  1408  2022 I liblog  : 251
04-12 20:41:53.563084  1408  2028 I liblog  : 363
04-12 20:41:53.563094  1408  2028 I liblog  : 1
04-12 20:41:53.563116  1408  2024 I liblog  : 1
04-12 20:41:53.563398  1408  2028 I liblog  : 36
04-12 20:41:53.563502  3894  8376 I dvm_lock_sample: [com.transsion.camera,0,CameraDeviceExecutor,182,CameraDeviceImpl.java,278,void android.hardware.camera2.impl.CameraDeviceImpl$6.run(),-,745,boolean android.hardware.camera2.impl.CameraDeviceImpl.configureStreamsChecked(android.hardware.camera2.params.InputConfiguration, java.util.List, int, android.hardware.camera2.CaptureRequest, long),36]
04-12 20:41:53.563850  1408  2028 I liblog  : 7
04-12 20:41:53.563866  1408  2028 I liblog  : 2
04-12 20:41:53.563868  1408  2024 I liblog  : 1
04-12 20:41:53.563912  1408  2024 I liblog  : 1
04-12 20:41:53.568916  1408  2031 I liblog  : 671
04-12 20:41:53.568991  1408  2024 I liblog  : 3
04-12 20:41:53.569039  1408  2024 I liblog  : 1
04-12 20:41:53.569045  1408  2024 I liblog  : 1
04-12 20:41:53.569054  1408  2024 I liblog  : 1
04-12 20:41:53.569088  1408  2024 I liblog  : 4
04-12 20:41:53.569093  1408  2024 I liblog  : 1
04-12 20:41:53.569097  1408  2024 I liblog  : 1
04-12 20:41:53.569546  1408  2024 I liblog  : 123
04-12 20:41:53.589424  1408  2028 I liblog  : 1042
04-12 20:41:53.589979  1408  2028 I liblog  : 27
04-12 20:41:53.590726  1408  2028 I liblog  : 43
04-12 20:41:53.591171  1408  2028 I liblog  : 116
04-12 20:41:53.591191  1408  2028 I liblog  : 1
04-12 20:41:53.592051  1408  1746 I liblog  : 43
04-12 20:41:53.592071  1408  1746 I liblog  : 3
04-12 20:41:53.592464  1408  1746 I liblog  : 7
04-12 20:41:53.592470  1408  1746 I liblog  : 1
04-12 20:41:53.592475  1408  1746 I liblog  : 1
04-12 20:41:53.620771  1408  1408 I liblog  : 1523
04-12 20:41:53.621689  1408  1408 I liblog  : 78
04-12 20:41:53.621752  1408  1408 I liblog  : 32
04-12 20:41:53.621952  1408  1408 I liblog  : 1
04-12 20:41:53.622033  1408  1408 I liblog  : 5
04-12 20:41:53.622040  1408  1408 I liblog  : 2
04-12 20:41:53.622043  1408  1408 I liblog  : 1
04-12 20:41:53.622060  1408  1408 I liblog  : 3
04-12 20:41:53.622066  1408  1408 I liblog  : 1
04-12 20:41:53.622069  1408  1408 I liblog  : 1
04-12 20:41:53.622072  1408  1408 I liblog  : 1
04-12 20:41:53.622077  1408  1408 I liblog  : 1
04-12 20:41:53.622080  1408  1408 I liblog  : 1
04-12 20:41:53.622084  1408  1408 I liblog  : 1
04-12 20:41:53.622087  1408  1408 I liblog  : 1
04-12 20:41:53.622090  1408  1408 I liblog  : 1
04-12 20:41:53.622095  1408  1408 I liblog  : 1
04-12 20:41:53.622098  1408  1408 I liblog  : 1
04-12 20:41:53.622101  1408  1408 I liblog  : 1
04-12 20:41:53.622104  1408  1408 I liblog  : 1
04-12 20:41:53.622114  1408  1408 I liblog  : 1
04-12 20:41:53.622118  1408  1408 I liblog  : 1
04-12 20:41:53.622121  1408  1408 I liblog  : 1
04-12 20:41:53.622124  1408  1408 I liblog  : 1
04-12 20:41:53.622127  1408  1408 I liblog  : 1
04-12 20:41:53.622130  1408  1408 I liblog  : 1
04-12 20:41:53.622331  1408  1408 I liblog  : 60
04-12 20:41:53.623517  1408  1408 I liblog  : 136
04-12 20:41:53.623537  1408  1408 I liblog  : 4
04-12 20:41:53.636308  1408  8503 I liblog  : 625
04-12 20:41:53.641338  1408  2311 I liblog  : 417
04-12 20:41:53.641399  1408  2311 I liblog  : 4
04-12 20:41:53.654624  4763  4763 I viewroot_draw_event: [VRI[SmartPanel_handleView],Not drawing due to not visible. Reason=View.GONE]
04-12 20:41:53.668974  3894  4593 I dvm_lock_sample: [com.transsion.camera,0,Thread-2,44,AssetManager.java,696,boolean android.content.res.AssetManager.getResourceValue(int, int, android.util.TypedValue, boolean),-,713,boolean android.content.res.AssetManager.getResourceValue(int, int, android.util.TypedValue, boolean),8]
04-12 20:41:53.738828  1408  2311 I liblog  : 393
04-12 20:41:53.738877  1408  2311 I liblog  : 4
04-12 20:41:53.741307  1408  8461 I liblog  : 4
04-12 20:41:53.766177  1750  1944 I snet_event_log: updateFrameRateVote [pkg = com.transsion.launcher3 title = ZeroScreen refreshRate = 120.00001 modeId = 2 setting =10000 peak = 120.0 mTopApp = com.transsion.camera]
04-12 20:41:53.788000  1408  1408 I auditd  : type=1400 audit(0.0:930): avc:  denied  { search } for  comm="CTMThread6-00" name="data" dev="dm-79" ino=251 scontext=u:r:mtk_hal_camera:s0 tcontext=u:object_r:system_data_file:s0:c512,c768 tclass=dir permissive=0
04-12 20:41:53.788000  1408  1408 I auditd  : type=1400 audit(0.0:931): avc:  denied  { search } for  comm="CTMThread6-00" name="data" dev="dm-79" ino=251 scontext=u:r:mtk_hal_camera:s0 tcontext=u:object_r:system_data_file:s0:c512,c768 tclass=dir permissive=0
04-12 20:41:53.798555  3894  8530 I jank_cuj_events_cancel_request: [81,1775997713797905000,37580779001,37580779078]
04-12 20:41:53.798581  3894  8530 I jank_cuj_events_end_request: [81,1775997713798019000,37580892617,37580892848]
04-12 20:41:53.812959  1408  1748 I liblog  : 389
04-12 20:41:53.817340  2451  2919 I jank_cuj_events_end_request: [8,1775997713798520000,37581393848,37581394078]
04-12 20:41:53.836000  3894  3894 I auditd  : type=1400 audit(0.0:932): avc:  denied  { getattr } for  comm=474C54687265616420313930 name="/" dev="dmabuf" ino=1 scontext=u:r:platform_app:s0:c512,c768 tcontext=u:object_r:unlabeled:s0 tclass=filesystem permissive=0 app=com.transsion.camera
04-12 20:41:53.833429  1750  2549 I wm_stop_activity: [0,16206748,com.transsion.launcher3/com.android.launcher3.uioverrides.QuickstepLauncher]
04-12 20:41:53.834061  1750  1944 I wm_wallpaper_surface: [0,0,Window{8eff6eb u0 com.transsion.launcher3/com.android.launcher3.uioverrides.QuickstepLauncher}]
04-12 20:41:53.842247  1408  2020 I liblog  : 420
04-12 20:41:53.862581  1408  2032 I liblog  : 91
04-12 20:41:53.862714  1408  2032 I liblog  : 3
04-12 20:41:53.871327  1750  1942 I commit_sys_config_file: [jobs,6]
04-12 20:41:53.868000  3894  3894 I auditd  : type=1400 audit(0.0:933): avc:  denied  { getattr } for  comm=474C54687265616420313930 name="/" dev="dmabuf" ino=1 scontext=u:r:platform_app:s0:c512,c768 tcontext=u:object_r:unlabeled:s0 tclass=filesystem permissive=0 app=com.transsion.camera
04-12 20:41:53.888000  3894  3894 I auditd  : type=1400 audit(0.0:934): avc:  denied  { getattr } for  comm=474C54687265616420313930 name="/" dev="dmabuf" ino=1 scontext=u:r:platform_app:s0:c512,c768 tcontext=u:object_r:unlabeled:s0 tclass=filesystem permissive=0 app=com.transsion.camera
04-12 20:41:53.907496  2451  2451 I viewroot_draw_event: [VRI[QuickstepLauncher],Not drawing due to not visible. Reason=!mAppVisible && !mForceDecorViewVisibility]
04-12 20:41:53.907778  1750  1888 I dvm_lock_sample: [system_server,1,binder:1750_2,17,ActivityManagerService.java,3502,int com.android.server.am.ActivityManagerService.getPackageProcessState(java.lang.String, java.lang.String),OomAdjusterModernImpl.java,923,void com.android.server.am.OomAdjusterModernImpl.performUpdateOomAdjPendingTargetsLocked(int),3]
04-12 20:41:53.909340  1408  2031 I liblog  : 8
04-12 20:41:53.914752  1408  8522 I liblog  : 4
04-12 20:41:53.917205  1750  1944 I snet_event_log: updateFrameRateVote [pkg = com.android.systemui title = com.android.systemui.wallpapers.ImageWallpaper refreshRate = 90.0 modeId = 3 setting =10000 peak = 120.0 mTopApp = com.transsion.camera]
04-12 20:41:53.919638  2451  2451 I wm_on_stop_called: [16206748,com.android.launcher3.uioverrides.QuickstepLauncher,STOP_ACTIVITY_ITEM,11]
04-12 20:41:53.928573  1408  8514 I liblog  : 15
04-12 20:41:53.933720  1750  3675 I dvm_lock_sample: [system_server,1,binder:1750_16,25,BroadcastController.java,532,android.content.Intent com.android.server.am.BroadcastController.registerReceiverWithFeatureTraced(android.app.IApplicationThread, java.lang.String, java.lang.String, java.lang.String, android.content.IIntentReceiver, android.content.IntentFilter, java.lang.String, int, int),ActivityManagerService.java,17363,void com.android.server.am.ActivityManagerService.trimApplications(boolean, int),5]
04-12 20:41:53.960813  1750  3433 I am_uid_running: 10151
04-12 20:41:53.977335  3894  4571 I liblog  : 84
04-12 20:41:53.979536  1408  2017 I liblog  : 69
04-12 20:41:53.984107  3894  4571 I liblog  : 153
04-12 20:41:54.015526  1408  2024 I liblog  : 175
04-12 20:41:54.014568  1750  2082 I dvm_lock_sample: [system_server,1,appscheduling.default,51,ActivityManagerService.java,15305,boolean com.android.server.am.ActivityManagerService.unbindService(android.app.IServiceConnection),,0,null,10]
04-12 20:41:54.068360  1750  1964 I am_proc_start: [0,8580,10151,com.gallery20,service,{com.gallery20/com.gallery20.CameraAssistantService},caller=com.transsion.camera/10179]
04-12 20:41:54.077772  1750  3433 I am_proc_bound: [0,8580,com.gallery20]
04-12 20:41:54.134868  3894  8578 I dvm_lock_sample: [com.transsion.camera,0,pool-8-thread-1,22,AssetManager.java,1133,java.lang.String[] android.content.res.AssetManager.list(java.lang.String),-,1135,java.lang.String[] android.content.res.AssetManager.list(java.lang.String),4]
04-12 20:41:54.138467  3894  8388 I dvm_lock_sample: [com.transsion.camera,0,qbarcode_detection,37,AssetManager.java,1056,java.io.InputStream android.content.res.AssetManager.open(java.lang.String, int),,0,null,7]
04-12 20:41:54.142920  1750  2094 I commit_sys_config_file: [settings-0-0,52]
04-12 20:41:54.178169  8290  8290 I viewroot_draw_event: [VRI[ZeroScreen],reportDrawFinished seqId=0]
04-12 20:41:54.201808  1408  2030 I liblog  : 3
04-12 20:41:54.250599  1750  8628 I jank_cuj_events_end_request: [80,1775997714248474000,38031347925,38031347925]
04-12 20:41:54.310361  1408  8476 I liblog  : 67
04-12 20:41:54.329654  8290  8290 I viewroot_draw_event: [VRI[ZeroScreen],Not drawing due to not visible. Reason=!mAppVisible && !mForceDecorViewVisibility]
04-12 20:41:54.507069  1750  1942 I commit_sys_config_file: [notification-policy,7]
04-12 20:41:54.792000   560   560 I auditd  : type=1400 audit(0.0:953): avc:  denied  { read } for  comm="logd.writer" name="u:object_r:bluetooth_prop:s0" dev="tmpfs" ino=173 scontext=u:r:logd:s0 tcontext=u:object_r:bluetooth_prop:s0 tclass=file permissive=0
04-12 20:41:54.792000   560   560 I auditd  : type=1400 audit(0.0:954): avc:  denied  { read } for  comm="logd.writer" name="u:object_r:bluetooth_prop:s0" dev="tmpfs" ino=173 scontext=u:r:logd:s0 tcontext=u:object_r:bluetooth_prop:s0 tclass=file permissive=0
04-12 20:41:54.796000   560   560 I auditd  : type=1400 audit(0.0:955): avc:  denied  { read } for  comm="logd.writer" name="u:object_r:bluetooth_prop:s0" dev="tmpfs" ino=173 scontext=u:r:logd:s0 tcontext=u:object_r:bluetooth_prop:s0 tclass=file permissive=0
04-12 20:41:54.834580  1750  1995 I commit_sys_config_file: [package-user-0,7]
04-12 20:41:55.264000  6149  6149 I auditd  : type=1400 audit(0.0:956): avc:  denied  { search } for  comm="ProcessStablePh" name="com.google.android.mosey" dev="dm-79" ino=9401 scontext=u:r:mosey_app:s0:c131,c256,c512,c768 tcontext=u:object_r:app_data_file:s0:c131,c256,c512,c768 tclass=dir permissive=0 app=com.google.android.mosey
04-12 20:41:55.264000  6149  6149 I auditd  : type=1400 audit(0.0:957): avc:  denied  { search } for  comm="ProcessStablePh" name="com.google.android.mosey" dev="dm-79" ino=9401 scontext=u:r:mosey_app:s0:c131,c256,c512,c768 tcontext=u:object_r:app_data_file:s0:c131,c256,c512,c768 tclass=dir permissive=0 app=com.google.android.mosey
04-12 20:41:55.531699  1750  2183 I input_interaction: Interaction with: f271f9c StatusBar, [Gesture Monitor] swipe-up, [Gesture Monitor] edge-swipe, [Gesture Monitor] TranGestureMonitor, [Gesture Monitor] TranGestureMonitor, PointerEventDispatcher0, 
04-12 20:41:55.604186  1750  3675 I sysui_multi_action: [757,127,758,1]
04-12 20:41:55.605261  1750  3675 I sysui_multi_action: [757,804,799,note_load,801,8,802,1]
04-12 20:41:55.608170  1750  3675 I notification_panel_revealed: 8
04-12 20:41:55.608507  2812  3035 I jank_cuj_events_cancel_request: [55,1775997715607824000,39390698155,39390698155]
04-12 20:41:55.627230  2812  2812 I viewroot_draw_event: [VRI[NotificationShade],Start draw after previous draw not visible]
04-12 20:41:55.632861  2812  2812 I viewroot_draw_event: [VRI[NotificationShade],reportDrawFinished seqId=0]
04-12 20:41:55.655806  1750  1944 I input_focus: [Focus request 5d7eb3 NotificationShade,reason=UpdateInputWindows]
04-12 20:41:55.672615  2812  3035 I jank_cuj_events_end_request: [10425,1775997715672549000,39455423002,39455423079]
04-12 20:41:55.691325  1750  2183 I input_focus: [Focus leaving 575eee5 com.transsion.camera/com.android.camera.CameraLauncher,reason=Waiting for window because NOT_FOCUSABLE]
04-12 20:41:55.691447  1750  2183 I input_focus: [Focus entering 5d7eb3 NotificationShade,reason=Window became focusable. Previous reason: NOT_FOCUSABLE]
04-12 20:41:55.696569  2812  3035 I jank_cuj_events_begin_request: [10406,1775997715690875000,39473749155,39473749232,Expand]
04-12 20:41:55.850731  1750  2094 I commit_sys_config_file: [settings-0-0,6]
04-12 20:41:55.902755  1750  2048 I am_uid_idle: 10241
04-12 20:41:55.928000  6451  6451 I auditd  : type=1400 audit(0.0:986): avc:  denied  { getopt } for  comm="FinalizerDaemon" path="/dev/socket/usap_pool_primary" scontext=u:r:priv_app:s0:c512,c768 tcontext=u:r:zygote:s0 tclass=unix_stream_socket permissive=0 app=com.scorpio.securitycom
04-12 20:41:56.082294  2812  3035 I jank_cuj_events_end_request: [10406,1775997716082161000,39865034771,39865034771]
04-12 20:41:56.160000  6391  6391 I auditd  : type=1400 audit(0.0:987): avc:  denied  { getopt } for  comm="FinalizerDaemon" path="/dev/socket/usap_pool_primary" scontext=u:r:priv_app:s0:c512,c768 tcontext=u:r:zygote:s0 tclass=unix_stream_socket permissive=0 app=com.google.android.onetimeinitializer
04-12 20:41:56.164000  6580  6580 I auditd  : type=1400 audit(0.0:988): avc:  denied  { read } for  comm="binder:6580_3" name="u:object_r:system_adbd_prop:s0" dev="tmpfs" ino=434 scontext=u:r:gmscore_app:s0:c512,c768 tcontext=u:object_r:system_adbd_prop:s0 tclass=file permissive=0 app=com.google.android.gms
04-12 20:41:56.164000  6580  6580 I auditd  : type=1400 audit(0.0:989): avc:  denied  { read } for  comm="binder:6580_3" name="u:object_r:adbd_prop:s0" dev="tmpfs" ino=153 scontext=u:r:gmscore_app:s0:c512,c768 tcontext=u:object_r:adbd_prop:s0 tclass=file permissive=0 app=com.google.android.gms
04-12 20:41:56.341120  3872  4041 I gms_unknown: [5,0,0]
04-12 20:41:56.342087  3872  4041 I gms_unknown: [CheckinTask:SentRequest,40124]
04-12 20:41:56.364310  1750  2183 I input_interaction: Interaction with: 5d7eb3 NotificationShade, [Gesture Monitor] edge-swipe, [Gesture Monitor] TranGestureMonitor, [Gesture Monitor] TranGestureMonitor, PointerEventDispatcher0, 
04-12 20:41:56.455367  2812  3035 I jank_cuj_events_end_request: [10425,1775997716455295000,40238168540,40238168617]
04-12 20:41:56.475088  1750  1944 I snet_event_log: updateFrameRateVote [pkg = com.android.systemui title = com.android.systemui.wallpapers.ImageWallpaper refreshRate = 120.00001 modeId = 2 setting =10000 peak = 120.0 mTopApp = com.transsion.camera]
04-12 20:41:56.876375  3872  4041 I gms_unknown: [CheckinTask:ReceivedResponse,40659]
04-12 20:41:56.950420  3872  4041 I gms_unknown: [6,0,0,0,0]
04-12 20:41:56.954328  3872  4041 I gms_unknown: [5,0,0]
04-12 20:41:56.954386  3872  4041 I gms_unknown: 119
04-12 20:41:56.986618  3872  4041 I gms_unknown: 24
04-12 20:41:56.986910  3872  4041 I gms_unknown: [CheckinTask:duration,883]
04-12 20:41:57.143127  1750  1887 I pm_critical_info: setEnabledSettings callingUid = 10221 callingPid = 5353 packageName = com.android.vending componentName = null callingPackage= com.google.android.partnersetup newState = 1 userId = 0 flags = 1
04-12 20:41:57.144656  1750  1887 I pm_critical_info: setEnabledSettings callingUid = 10221 callingPid = 5353 packageName = com.google.android.apps.maps componentName = null callingPackage= com.google.android.partnersetup newState = 1 userId = 0 flags = 1
04-12 20:41:57.146579  1750  3675 I pm_critical_info: setEnabledSettings callingUid = 10221 callingPid = 5353 packageName = com.google.android.videos componentName = null callingPackage= com.google.android.partnersetup newState = 2 userId = 0 flags = 0
04-12 20:41:57.148108  1750  3675 I pm_critical_info: setEnabledSettings callingUid = 10221 callingPid = 5353 packageName = com.google.android.youtube componentName = null callingPackage= com.google.android.partnersetup newState = 1 userId = 0 flags = 1
04-12 20:41:57.220067  1750  2318 I sync    : [com.google.android.gms.chromesync,0,3,-1543423057]
04-12 20:41:57.264643  1750  2318 I sync    : [com.google.android.gms.chromesync,1,3,-1543423057]
04-12 20:41:57.484952  1750  1944 I snet_event_log: updateFrameRateVote [pkg = com.android.systemui title = com.android.systemui.wallpapers.ImageWallpaper refreshRate = 90.0 modeId = 3 setting =10000 peak = 120.0 mTopApp = com.transsion.camera]
04-12 20:41:57.766962  2812  3035 I jank_cuj_events_end_request: [10425,1775997717766787000,41549661232,41549661463]
04-12 20:41:57.768027  2812  2812 I sysui_multi_action: [757,925,758,4,759,268,806,com.transsion.screenrecorder,871,com.transsion.screenrecorder.service.ScreenRecordTileService,927,10,1592,0,1593,0]
04-12 20:41:57.771188  1750  1887 I am_uid_active: 10172
04-12 20:41:57.776000  1155  1155 I auditd  : type=1400 audit(0.0:990): avc:  denied  { getattr } for  comm="vendor.mediatek" path="/proc/2812" dev="proc" ino=56135 scontext=u:r:mtk_hal_power:s0 tcontext=u:r:platform_app:s0:c512,c768 tclass=dir permissive=0
04-12 20:41:57.776000  1155  1155 I auditd  : type=1400 audit(0.0:991): avc:  denied  { search } for  comm="vendor.mediatek" name="2812" dev="proc" ino=56135 scontext=u:r:mtk_hal_power:s0 tcontext=u:r:platform_app:s0:c512,c768 tclass=dir permissive=0
04-12 20:41:57.776000  1155  1155 I auditd  : type=1400 audit(0.0:992): avc:  denied  { search } for  comm="mtkPowerMsgHdl" name="2812" dev="proc" ino=56135 scontext=u:r:mtk_hal_power:s0 tcontext=u:r:platform_app:s0:c512,c768 tclass=dir permissive=0
04-12 20:41:57.776000  1155  1155 I auditd  : type=1400 audit(0.0:993): avc:  denied  { search } for  comm="mtkPowerMsgHdl" name="2812" dev="proc" ino=56135 scontext=u:r:mtk_hal_power:s0 tcontext=u:r:platform_app:s0:c512,c768 tclass=dir permissive=0
04-12 20:41:57.788072  2812  3035 I jank_cuj_events_begin_request: [10406,1775997717786182000,41569055617,41569055617,Expand]
04-12 20:41:57.791797  1750  1944 I input_focus: [Focus request 575eee5 com.transsion.camera/com.android.camera.CameraLauncher,reason=UpdateInputWindows]
04-12 20:41:57.800914  1750  2183 I input_focus: [Focus leaving 5d7eb3 NotificationShade,reason=setFocusedWindow]
04-12 20:41:57.801011  1750  2183 I input_focus: [Focus entering 575eee5 com.transsion.camera/com.android.camera.CameraLauncher,reason=setFocusedWindow]
04-12 20:41:57.802779  1750  1944 I input_focus: [Focus request 5d7eb3 NotificationShade,reason=UpdateInputWindows]
04-12 20:41:57.803661  2812  3035 I jank_cuj_events_begin_request: [10406,1775997717803579000,41586452925,41586453156,Collapse]
04-12 20:41:57.818150  1750  2183 I input_focus: [Focus leaving 575eee5 com.transsion.camera/com.android.camera.CameraLauncher,reason=setFocusedWindow]
04-12 20:41:57.818285  1750  2183 I input_focus: [Focus entering 5d7eb3 NotificationShade,reason=setFocusedWindow]
04-12 20:41:57.975977  1750  2249 I notification_enqueue: [10152,6974,com.debug.loggerui,365001,NULL,0,Notification(channel=com.debug.loggerui.notification shortcut=null contentView=null vibrate=null sound=null defaults=0 flags=ONLY_ALERT_ONCE|FOREGROUND_SERVICE color=0x00000000 vis=PRIVATE),0,1]
04-12 20:41:58.004330  2812  3035 I jank_cuj_events_end_request: [10406,1775997718004112000,41786986079,41786986079]
04-12 20:41:58.178752  1750  2249 I sysui_multi_action: [757,1501,758,1,793,239,794,0,795,239,796,365001,806,com.debug.loggerui,857,com.debug.loggerui.notification,858,4,947,0,1500,0,1688,1,1745,2098068913]
04-12 20:41:58.178786  1750  2249 I sysui_multi_action: [757,804,799,note_interruptive,801,0,802,1]
04-12 20:41:58.179884  1750  2249 I sysui_multi_action: [757,199,758,1,759,32784,793,240,794,0,795,240,796,365001,806,com.debug.loggerui,857,com.debug.loggerui.notification,858,4,947,0,1500,1,1688,1,1745,2098068913]
04-12 20:41:58.179910  1750  2249 I notification_alert: [0|com.debug.loggerui|365001|null|10152,0,0,0,2,32768]
04-12 20:41:58.198532  2812  3035 I jank_cuj_events_cancel_request: [55,1775997718197881000,41980755309,41980755309]
04-12 20:41:58.205091  1750  1887 I sysui_multi_action: [757,127,758,2]
04-12 20:41:58.205196  1750  1887 I notification_panel_hidden: 
04-12 20:41:58.216124  1750  1944 I input_focus: [Focus request 575eee5 com.transsion.camera/com.android.camera.CameraLauncher,reason=UpdateInputWindows]
04-12 20:41:58.216143  1750  2183 I input_focus: [Focus leaving 5d7eb3 NotificationShade,reason=NO_WINDOW]
04-12 20:41:58.219719  2812  2812 I viewroot_draw_event: [VRI[NotificationShade],Not drawing due to not visible. Reason=View.INVISIBLE]
04-12 20:41:58.230454  1750  2183 I input_focus: [Focus entering 575eee5 com.transsion.camera/com.android.camera.CameraLauncher,reason=setFocusedWindow]
04-12 20:41:58.265117  1750  2249 I notification_enqueue: [10146,2812,com.android.systemui,76,NULL,0,Notification(channel=ALR shortcut=null contentView=null vibrate=null sound=null tick defaults=0 flags=AUTO_CANCEL|SILENT color=0x00000000 category=sys actions=1 vis=PRIVATE),0,1]
04-12 20:41:58.278859  1750  1963 I am_wtf  : [0,1750,system_server,-1,ActivityManager,Background started FGS: Allowed [callingPackage: com.transsion.screenrecorder; callingUid: 10172; uidState: CEM ; uidBFSL: n/a; intent: Intent { act=transsion.intent.screenrecorder.RECORDER_SERVICE xflg=0x4 pkg=com.transsion.screenrecorder (has extras) }; code:BACKGROUND_ACTIVITY_PERMISSION; tempAllowListReason:<,reasonCode:SYSTEM_ALLOW_LISTED,duration:9223372036854775807,callingUid:-1>; allowWiu:58; targetSdkVersion:36; callerTargetSdkVersion:36; startForegroundCount:0; bindFromPackage:null: isBindService:false]]
04-12 20:41:58.330687  2812  3354 I viewroot_draw_event: [VRI[ScreenDecorOverlay],reportDrawFinished seqId=0]
04-12 20:41:58.361788  1750  2048 I sysui_multi_action: [757,856,758,1,806,com.transsion.screenrecorder,857,screen_record,858,3]
04-12 20:41:58.364267  1750  1887 I am_foreground_service_start: [0,com.transsion.screenrecorder/.service.RecordingService,1,BACKGROUND_ACTIVITY_PERMISSION,36,36,0,0,0,1,UNKNOWN,160]
04-12 20:41:58.373100  1750  1887 I wm_task_created: 57
04-12 20:41:58.375183  1750  1887 I wm_task_moved: [57,57,0,1,3]
04-12 20:41:58.375201  1750  1887 I wm_task_to_front: [0,57,0]
04-12 20:41:58.375457  1750  1887 I wm_create_task: [0,57,57,0]
04-12 20:41:58.375473  1750  1887 I wm_create_activity: [0,14755446,57,com.transsion.screenrecorder/.activities.MyPerGuideDialog,NULL,NULL,NULL,276824064]
04-12 20:41:58.375503  1750  1887 I wm_task_moved: [57,57,0,1,3]
04-12 20:41:58.375875  1750  1887 I wm_pause_activity: [0,45000400,com.transsion.camera/com.android.camera.CameraLauncher,userLeaving=true,pauseBackTasks]
04-12 20:41:58.379073  3894  3894 I wm_on_top_resumed_lost_called: [45000400,com.android.camera.CameraLauncher,topStateChangedWhenResumed]
04-12 20:41:58.394736  1750  2249 I notification_enqueue: [10172,4637,com.transsion.screenrecorder,4276,NULL,0,Notification(channel=screen_record shortcut=null contentView=null vibrate=null sound=null defaults=0 flags=FOREGROUND_SERVICE|SILENT color=0x00000000 vis=PRIVATE),0,1]
04-12 20:41:58.406916  3894  3894 I wm_on_paused_called: [45000400,com.android.camera.CameraLauncher,performPause,26]
04-12 20:41:58.409576  1750  1888 I wm_restart_activity: [0,14755446,57,com.transsion.screenrecorder/.activities.MyPerGuideDialog]
04-12 20:41:58.411098  1750  1888 I wm_set_resumed_activity: [0,com.transsion.screenrecorder/.activities.MyPerGuideDialog,realStartActivityLocked - onActivityStateChanged]
04-12 20:41:58.413810  1750  1924 I sysui_multi_action: [757,803,799,window_time_0,802,6]
04-12 20:41:58.416343  1750  1944 I input_focus: [Requesting to set focus to null window,reason=UpdateInputWindows]
04-12 20:41:58.432404  1750  2094 I commit_sys_config_file: [settings-0-0,18]
04-12 20:41:58.433027  1750  2183 I input_focus: [Focus leaving 575eee5 com.transsion.camera/com.android.camera.CameraLauncher,reason=Waiting for window because NO_WINDOW]
04-12 20:41:58.466243  4637  4637 I wm_on_create_called: [14755446,com.transsion.screenrecorder.activities.MyPerGuideDialog,performCreate,31]
04-12 20:41:58.466822  4637  4637 I wm_on_start_called: [14755446,com.transsion.screenrecorder.activities.MyPerGuideDialog,handleStartActivity,0]
04-12 20:41:58.467718  1750  2249 I sysui_multi_action: [757,1501,758,1,793,207,794,0,795,207,796,76,806,com.android.systemui,857,ALR,858,4,947,0,1500,0,1641,sys,1688,1,1745,2098068913]
04-12 20:41:58.467742  1750  2249 I sysui_multi_action: [757,804,799,note_interruptive,801,0,802,1]
04-12 20:41:58.469574  1750  2249 I sysui_multi_action: [757,199,758,1,759,2064,793,209,794,0,795,209,796,76,806,com.android.systemui,857,ALR,858,4,947,0,1500,2,1641,sys,1688,1,1745,2098068913]
04-12 20:41:58.469622  1750  2249 I notification_alert: [0|com.android.systemui|76|null|10146,0,0,0,2,2048]
04-12 20:41:58.471859  4637  4637 I wm_on_resume_called: [14755446,com.transsion.screenrecorder.activities.MyPerGuideDialog,RESUME_ACTIVITY,2]
04-12 20:41:58.479538  1750  1887 I netstats_mobile_sample: [0,0,0,0,0,0,0,0,1775997719287]
04-12 20:41:58.480170  1750  1887 I netstats_wifi_sample: [1401832,463758,2085,2084,1357750,455799,1998,2034,1775997719287]
04-12 20:41:58.484745  1408  2016 I liblog  : 47
04-12 20:41:58.485068  1408  1408 I liblog  : 2
04-12 20:41:58.490773  4637  4637 I wm_on_top_resumed_gained_called: [14755446,com.transsion.screenrecorder.activities.MyPerGuideDialog,topStateChangedWhenResumed]
04-12 20:41:58.523180  1750  1944 I input_focus: [Focus request 149cad1 com.transsion.screenrecorder/com.transsion.screenrecorder.activities.MyPerGuideDialog,reason=UpdateInputWindows]
04-12 20:41:58.530141  1750  1944 I snet_event_log: updateFrameRateVote [pkg = com.transsion.screenrecorder title = com.transsion.screenrecorder/com.transsion.screenrecorder.activities.MyPerGuideDialog refreshRate = 120.00001 modeId = 2 setting =10000 peak = 120.0 mTopApp = com.transsion.screenrecorder]
04-12 20:41:58.531062  1408  2016 I liblog  : 75
04-12 20:41:58.541896  4637  4637 I viewroot_draw_event: [VRI[MyPerGuideDialog],reportDrawFinished seqId=0]
04-12 20:41:58.544000  8104  8104 I auditd  : type=1400 audit(0.0:994): avc:  denied  { read } for  comm="Athena-Worker" name="u:object_r:serialno_prop:s0" dev="tmpfs" ino=413 scontext=u:r:platform_app:s0:c512,c768 tcontext=u:object_r:serialno_prop:s0 tclass=file permissive=0 app=com.transsion.sk
04-12 20:41:58.555446  1750  1924 I sysui_multi_action: [319,183,322,180,325,42,757,761,758,8,759,2,806,com.transsion.screenrecorder,871,com.transsion.screenrecorder.activities.MyPerGuideDialog,904,com.transsion.screenrecorder,905,0,1320,4,1321,24]
04-12 20:41:58.556707  2812  3035 I jank_cuj_events_begin_request: [20100,1775997718552508000,42335382079,42335382079,]
04-12 20:41:58.556742  2812  3035 I jank_cuj_events_end_request: [20100,1775997718553201000,42336074386,42336074694]
04-12 20:41:58.561371  1750  2183 I input_focus: [Focus entering 149cad1 com.transsion.screenrecorder/com.transsion.screenrecorder.activities.MyPerGuideDialog,reason=Window became focusable. Previous reason: NOT_VISIBLE]
04-12 20:41:58.561387  4637  4637 I viewroot_draw_event: [VRI[MyPerGuideDialog],reportDrawFinished seqId=0]
04-12 20:41:58.561999  1750  1924 I wm_activity_launch_time: [0,14755446,com.transsion.screenrecorder/.activities.MyPerGuideDialog,180]
04-12 20:41:58.565047  3894  8530 I jank_cuj_events_cancel_request: [81,1775997718564890000,42347763386,42347763617]
04-12 20:41:58.565061  3894  8530 I jank_cuj_events_end_request: [81,1775997718564920000,42347793771,42347793771]
04-12 20:41:58.570580  1750  1944 I snet_event_log: updateFrameRateVote [pkg = com.android.systemui title = com.android.systemui.wallpapers.ImageWallpaper refreshRate = 120.00001 modeId = 2 setting =10000 peak = 120.0 mTopApp = com.transsion.screenrecorder]
04-12 20:41:58.580368  1750  2094 I commit_sys_config_file: [settings-2-0,17]
04-12 20:41:58.593311  1750  1944 I snet_event_log: updateFrameRateVote [pkg = com.android.systemui title = com.android.systemui.wallpapers.ImageWallpaper refreshRate = 90.0 modeId = 3 setting =10000 peak = 120.0 mTopApp = com.transsion.screenrecorder]
04-12 20:41:58.597113  1750  2249 I sysui_multi_action: [757,1501,758,1,793,232,794,0,795,232,796,4276,806,com.transsion.screenrecorder,857,screen_record,858,3,947,0,1500,0,1688,1]
04-12 20:41:58.597184  1750  2249 I sysui_multi_action: [757,804,799,note_interruptive,801,0,802,1]
04-12 20:41:58.598059  1750  2249 I sysui_multi_action: [757,199,758,1,759,48,793,233,794,0,795,233,796,4276,806,com.transsion.screenrecorder,857,screen_record,858,3,947,0,1500,1,1688,1]
04-12 20:41:58.598083  1750  2249 I notification_alert: [0|com.transsion.screenrecorder|4276|null|10172,0,0,0,2,32]
04-12 20:41:58.621053  1750  1942 I commit_sys_config_file: [notification-policy,9]
04-12 20:41:58.771620  3894  8376 I dvm_lock_sample: [com.transsion.camera,0,CameraDeviceExecutor,347,CameraDeviceImpl.java,278,void android.hardware.camera2.impl.CameraDeviceImpl$6.run(),-,1755,void android.hardware.camera2.impl.CameraDeviceImpl.flush(),69]
04-12 20:41:58.800000  8230  8230 I auditd  : type=1400 audit(0.0:995): avc:  denied  { read } for  comm="Athena-Worker" name="rid" dev="proc" ino=4026533863 scontext=u:r:priv_app:s0:c512,c768 tcontext=u:object_r:proc_rid:s0 tclass=file permissive=0 app=com.transsion.globalsearch
04-12 20:41:58.804000  8230  8230 I auditd  : type=1400 audit(0.0:996): avc:  denied  { read } for  comm="Athena-Worker" name="u:object_r:serialno_prop:s0" dev="tmpfs" ino=413 scontext=u:r:priv_app:s0:c512,c768 tcontext=u:object_r:serialno_prop:s0 tclass=file permissive=0 app=com.transsion.globalsearch
04-12 20:41:58.819000  1750  2094 I commit_sys_config_file: [settings-2-0,3]
04-12 20:41:58.855217  1750  2094 I commit_sys_config_file: [settings-0-0,3]
