----- timezone:Asia/Shanghai
04-12 20:41:43.452897  2713  2713 D TNP     : onNetworkNeeded: Not applied. [NetworkRequest [ REQUEST id=173, [ Capabilities: INTERNET&NOT_RESTRICTED&TRUSTED&NOT_VCN_MANAGED&NOT_BANDWIDTH_CONSTRAINED Uid: 10109 RequestorUid: 1000 RequestorPkg: android UnderlyingNetworks: Null] ], mPriority=0, state=UNSATISFIED, mAttachedDataNetwork=null, created time=20:41:43.452, evaluation result=null]
04-12 20:41:43.579307  1750  1750 W TelephonyRegistry: Pid 1750 has exceeded half the number of permissible registered listeners. Now at 50
04-12 20:41:43.579326  1750  1750 D TelephonyRegistry: listen oscl: mHasNotifySubscriptionInfoChangedOccurred==false no callback
04-12 20:41:43.720873  2713  3759 E SMSVC   : getActiveSubscriptionInfoList: com.transsion.applock does not have enough permission. Returning empty list here.
04-12 20:41:43.859922  2713  2713 E TNP     : onNetworkUnneeded: Unable to get phone. phoneId=-1
04-12 20:41:43.859996  2713  2713 E TNP     : onNetworkUnneeded: Unable to get phone. phoneId=-1
04-12 20:41:43.860020  2713  2713 E TNP     : onNetworkUnneeded: Unable to get phone. phoneId=-1
04-12 20:41:43.860038  2713  2713 E TNP     : onNetworkUnneeded: Unable to get phone. phoneId=-1
04-12 20:41:43.860057  2713  2713 E TNP     : onNetworkUnneeded: Unable to get phone. phoneId=-1
04-12 20:41:43.860073  2713  2713 E TNP     : onNetworkUnneeded: Unable to get phone. phoneId=-1
04-12 20:41:43.860087  2713  2713 E TNP     : onNetworkUnneeded: Unable to get phone. phoneId=-1
04-12 20:41:43.866334  2713  2713 E TNP     : onNetworkUnneeded: Unable to get phone. phoneId=-1
04-12 20:41:43.866865  2713  2713 E TNP     : onNetworkUnneeded: Unable to get phone. phoneId=-1
04-12 20:41:43.866907  2713  2713 E TNP     : onNetworkUnneeded: Unable to get phone. phoneId=-1
04-12 20:41:43.866931  2713  2713 E TNP     : onNetworkUnneeded: Unable to get phone. phoneId=-1
04-12 20:41:43.866973  2713  2713 E TNP     : onNetworkUnneeded: Unable to get phone. phoneId=-1
04-12 20:41:43.866989  2713  2713 E TNP     : onNetworkUnneeded: Unable to get phone. phoneId=-1
04-12 20:41:43.867006  2713  2713 E TNP     : onNetworkUnneeded: Unable to get phone. phoneId=-1
04-12 20:41:43.867026  2713  2713 E TNP     : onNetworkUnneeded: Unable to get phone. phoneId=-1
04-12 20:41:43.867040  2713  2713 E TNP     : onNetworkUnneeded: Unable to get phone. phoneId=-1
04-12 20:41:43.867064  2713  2713 E TNP     : onNetworkUnneeded: Unable to get phone. phoneId=-1
04-12 20:41:43.867082  2713  2713 E TNP     : onNetworkUnneeded: Unable to get phone. phoneId=-1
04-12 20:41:43.867098  2713  2713 E TNP     : onNetworkUnneeded: Unable to get phone. phoneId=-1
04-12 20:41:43.867112  2713  2713 E TNP     : onNetworkUnneeded: Unable to get phone. phoneId=-1
04-12 20:41:43.867126  2713  2713 E TNP     : onNetworkUnneeded: Unable to get phone. phoneId=-1
04-12 20:41:43.867139  2713  2713 E TNP     : onNetworkUnneeded: Unable to get phone. phoneId=-1
04-12 20:41:43.867152  2713  2713 E TNP     : onNetworkUnneeded: Unable to get phone. phoneId=-1
04-12 20:41:43.867165  2713  2713 E TNP     : onNetworkUnneeded: Unable to get phone. phoneId=-1
04-12 20:41:43.867177  2713  2713 E TNP     : onNetworkUnneeded: Unable to get phone. phoneId=-1
04-12 20:41:43.867190  2713  2713 E TNP     : onNetworkUnneeded: Unable to get phone. phoneId=-1
04-12 20:41:43.867203  2713  2713 E TNP     : onNetworkUnneeded: Unable to get phone. phoneId=-1
04-12 20:41:43.867216  2713  2713 E TNP     : onNetworkUnneeded: Unable to get phone. phoneId=-1
04-12 20:41:43.867232  2713  2713 E TNP     : onNetworkUnneeded: Unable to get phone. phoneId=-1
04-12 20:41:43.867245  2713  2713 E TNP     : onNetworkUnneeded: Unable to get phone. phoneId=-1
04-12 20:41:43.867258  2713  2713 E TNP     : onNetworkUnneeded: Unable to get phone. phoneId=-1
04-12 20:41:43.867279  2713  2713 E TNP     : onNetworkUnneeded: Unable to get phone. phoneId=-1
04-12 20:41:43.867296  2713  2713 E TNP     : onNetworkUnneeded: Unable to get phone. phoneId=-1
04-12 20:41:43.867309  2713  2713 E TNP     : onNetworkUnneeded: Unable to get phone. phoneId=-1
04-12 20:41:43.867321  2713  2713 E TNP     : onNetworkUnneeded: Unable to get phone. phoneId=-1
04-12 20:41:43.868566  1344  1837 I RmmMwi  : [0] setWifiAssociated assoc:1, wifi_state:1, wifi_state_support:1
04-12 20:41:43.868634  1344  1837 I AT      : SEND MSGID=cb02 [WFC_WIFI_INFO_NTF], TXID=ffff [RFXSender_3], DUMP=8419542400000000010002CBFFFF7800070102002A2A0000000106002A2A2A2A2A2A000000000000080106002A2A2A2A2A2A000000000000110108002A2A2A2A2A2A2A2A00000000030101002A000000130101002A00000004010F002A2A2A2A2A2A2A2A2A2A2A2A2A2A2A0000000000140101002A000000050106002A2A2A2A2A2A000000000000
04-12 20:41:43.869331  1344  1837 I AT      : SEND MSGID=cb02 [WFC_WIFI_INFO_NTF], TXID=ffff [RFXSender_3], DUMP=8419542400000000010002CBFFFF78000E0110002A2A2A2A2A2A2A2A2A2A2A2A2A2A2A2A000000000F0100002A2A2A2A2A2A2A2A2A2A2A2A000106002A2A2A2A2A2A000000000000100101002A000000090104002A2A2A2A0A0101002A0000000B0104002A2A2A2A0C0110002A2A2A2A2A2A2A2A2A2A2A2A2A2A2A2A00000000FF7F04002A2A2A2A
04-12 20:41:43.869768  1344  1837 I AT      : SEND MSGID=cb00 [WFC_WIFI_SIGNAL_NTF], TXID=ffff [RFXSender_3], DUMP=8419542400000000010000CBFFFF200000010500776C616E000000000000000001010200DAFF00000201020000000000
04-12 20:41:43.875455  2713  3267 D NetworkTypeController: [0] onCapabilitiesChanged: 101
04-12 20:41:43.875798  2713  3267 D NetworkTypeController: [0] satellite constrained data status : false
04-12 20:41:43.876403  2713  3323 D NetworkTypeController: [1] onCapabilitiesChanged: 101
04-12 20:41:43.876608  2713  3323 D NetworkTypeController: [1] satellite constrained data status : false
04-12 20:41:43.876647  2713  3323 D DIC-1   : dataNetworkType: 0, voiceNetworkType: 0, resultNetworkType: 0
04-12 20:41:43.876699  2713  3267 D DIC-0   : dataNetworkType: 0, voiceNetworkType: 0, resultNetworkType: 0
04-12 20:41:43.878005  1344  1837 I AT      : SEND MSGID=cb00 [WFC_WIFI_SIGNAL_NTF], TXID=ffff [RFXSender_3], DUMP=8419542400000000010000CBFFFF200000010500776C616E000000000000000001010200DAFF00000201020000000000
04-12 20:41:43.878070  1344  1737 I AT      : RECV MSGID=4011 [SYS_GEO_LOCATION_IND], TXID=ffff, DUMP=841954240000000001031140FFFF5800008101002A000000010101002A000000028104002A2A2A2A038104002A2A2A2A048102002A2A0000058101002A000000068101002A000000078101002A000000088101002A000000098101002A0000000B8104002A2A2A2A
04-12 20:41:43.878679  2713  3266 D TelephonyCountryDetector: onCapabilitiesChanged: [ Transports: WIFI Capabilities: NOT_METERED&INTERNET&NOT_RESTRICTED&TRUSTED&NOT_VPN&VALIDATED&NOT_ROAMING&FOREGROUND&NOT_CONGESTED&NOT_SUSPENDED&NOT_VCN_MANAGED&NOT_BANDWIDTH_CONSTRAINED LinkUpBandwidth>=12000Kbps LinkDnBandwidth>=60000Kbps TransportInfo: <SSID: <unknown ssid>, BSSID: 02:00:00:00:00:00, MAC: 02:00:00:00:00:00, IP: /192.168.1.136, Security type: 2, Supplicant state: COMPLETED, Wi-Fi standard: 11ac, RSSI: -38, Link speed: 780Mbps, Tx Link speed: 780Mbps, Max Supported Tx Link speed: 866Mbps, Rx Link speed: 6Mbps, Max Supported Rx Link speed: 866Mbps, Frequency: 5180MHz, Net ID: -1, Metered hint: false, score: 100, isUsable: true, CarrierMerged: false, SubscriptionId: -1, IsPrimary: 1, Trusted: true, Restricted: false, Ephemeral: false, OEM paid: false, OEM private: false, OSU AP: false, FQDN: <none>, Provider friendly name: <none>, Requesting package name: <none><none>MLO Information: , Is TID-To-Link negotiation supported by the AP: false, AP MLD Address: <none>, AP MLO Link Id: <none>, AP MLO Affiliated links: <none>, Vendor Data: <none>> SignalStrength: -38 AdminUids: [1000] SSID: "David_5" UnderlyingNetworks: Null]
04-12 20:41:43.878696  2713  3266 D TelephonyCountryDetector: isWifiConnected: true
04-12 20:41:43.878762  2713  3424 D TelephonyCountryDetector: handleEventWifiConnectivityStateChanged: true
04-12 20:41:43.878837  2713  3424 D TelephonyCountryDetector: evaluateNotifyWifiConnectivityStateChangedEvent: wifi connectivity state has changed to true
04-12 20:41:43.878882  2713  3424 D TelephonyCountryDetector: getCurrentNetworkCountryIso: invalid countryIso= for phoneId=1, subId=-1
04-12 20:41:43.878888  2713  3424 D TelephonyCountryDetector: Location update was not requested yet
04-12 20:41:43.879133  1344  1737 I AT      : RECV MSGID=4011 [SYS_GEO_LOCATION_IND], TXID=ffff, DUMP=841954240000000002031140FFFF5800008101002A000000010101002A000000028104002A2A2A2A038104002A2A2A2A048102002A2A0000058101002A000000068101002A000000078101002A000000088101002A000000098101002A0000000B8104002A2A2A2A
04-12 20:41:43.880698  1344  1737 I AT      : RECV MSGID=4215 [DATA_RETRY_TIMER_IND], TXID=ffff, DUMP=841954240000000001031542FFFF100000010100000000000101010001000000
04-12 20:41:43.881531  1344  1737 I AT      : RECV MSGID=4215 [DATA_RETRY_TIMER_IND], TXID=ffff, DUMP=841954240000000002031542FFFF100000010100000000000101010001000000
04-12 20:41:43.884911  2730  2921 I ImsLocationHandler: lastKnownLocation = null
04-12 20:41:43.885732  2713  3076 I RILJ    : Unsol response received; Sending ack to ril.cpp [PHONE1]
04-12 20:41:43.885797  2713  3076 I RILJ    : [UNSL]< MTK: RIL_UNSOL_MD_DATA_RETRY_COUNT_RESET [PHONE1]
04-12 20:41:43.886344  2730  2921 I ImsLocationHandler: proxyAppLocationGranted: false
04-12 20:41:43.886758  2730  2921 I ImsLocationHandler: isEccInProgress: false, redialECC: false
04-12 20:41:43.886783  2730  2921 E ImsLocationHandler: isGetLocationAlways: SIM not ready, use default carrier config
04-12 20:41:43.886824  2730  2921 I ImsLocationHandler: isGetLocationAlways: false
04-12 20:41:43.888031  2730  2921 W ImsLocationHandler: requestLocationFromNetworkLocation failed: is NOT in ECC & non-framework location proxy app is NOT granted
04-12 20:41:43.888099  2730  2921 I ImsLocationHandler: setLocationInfo info=[LocationInfo objId: 222535397, phoneId: 0, transationId: 100, accuracy: 0.0, confidence: 0, vericalAxisAccuracy: 0.0, broadcastFlag: 0, method: Network, city: , state: ***nown, zip: , countryCode: *N, time: 0, mPlmnCountryCode:CN
04-12 20:41:43.888264  2713  2713 D MtkDNC  : DNC-1: EVENT_MD_DATA_RETRY_COUNT_RESET
04-12 20:41:43.888310  2713  2713 D DRM-1   : Remove all retry and throttling entries, reason=MODEM_RESTART
04-12 20:41:43.888455  2713  2713 D DNC-1   : Re-evaluating 0 unsatisfied network requests in 0 groups,  due to NEW_REQUEST
04-12 20:41:43.889415  1344  1837 I AT      : SEND MSGID=0051 [SYS_SET_GEO_LOCATION_REQ], TXID=0213 [RFXSender_3], DUMP=8419542400000000010051001302A000068101002A0000000E8104002A2A2A2A078108002A2A2A2A2A2A2A2A000000000F8104002A2A2A2A008101002A000000088101002A000000010101002A000000098103002A2A2A00028104002A2A2A2A0A8112002A2A2A2A2A2A2A2A2A2A2A2A2A2A2A2A2A2A0000038104002A2A2A2A0B8104002A2A2A2A048104002A2A2A2A0C8104002A2A2A2A058108002A2A2A2A2A2A2A2A000000000D8104002A2A2A2A
04-12 20:41:43.890022  2730  2921 I ImsLocationHandler: lastKnownLocation = null
04-12 20:41:43.890468  2730  2921 I ImsLocationHandler: proxyAppLocationGranted: false
04-12 20:41:43.890587  2713  3014 I RILJ    : Unsol response received; Sending ack to ril.cpp [PHONE0]
04-12 20:41:43.890644  2713  3014 I RILJ    : [UNSL]< MTK: RIL_UNSOL_MD_DATA_RETRY_COUNT_RESET [PHONE0]
04-12 20:41:43.890718  2713  2713 D MtkDNC  : DNC-0: EVENT_MD_DATA_RETRY_COUNT_RESET
04-12 20:41:43.890733  2713  2713 D DRM-0   : Remove all retry and throttling entries, reason=MODEM_RESTART
04-12 20:41:43.890851  2713  2713 D DNC-0   : Re-evaluating 0 unsatisfied network requests in 0 groups,  due to NEW_REQUEST
04-12 20:41:43.891641  2730  2921 I ImsLocationHandler: isEccInProgress: false, redialECC: false
04-12 20:41:43.891666  2730  2921 E ImsLocationHandler: isGetLocationAlways: SIM not ready, use default carrier config
04-12 20:41:43.891705  2730  2921 I ImsLocationHandler: isGetLocationAlways: false
04-12 20:41:43.892406  2730  2921 W ImsLocationHandler: requestLocationFromNetworkLocation failed: is NOT in ECC & non-framework location proxy app is NOT granted
04-12 20:41:43.892468  2730  2921 I ImsLocationHandler: setLocationInfo info=[LocationInfo objId: 173186490, phoneId: 1, transationId: 100, accuracy: 0.0, confidence: 0, vericalAxisAccuracy: 0.0, broadcastFlag: 0, method: Network, city: , state: ***nown, zip: , countryCode: *N, time: 0, mPlmnCountryCode:CN
04-12 20:41:43.898904  1344  1737 I AT      : RECV MSGID=0052 [SYS_SET_GEO_LOCATION_CNF], TXID=0213, DUMP=841954240000000001025200130208000000040000000000
04-12 20:41:43.900712  1344  1850 I AT      : SEND MSGID=0051 [SYS_SET_GEO_LOCATION_REQ], TXID=0214 [RFXSender_15], DUMP=8419542400000000020051001402A000068101002A0000000E8104002A2A2A2A078108002A2A2A2A2A2A2A2A000000000F8104002A2A2A2A008101002A000000088101002A000000010101002A000000098103002A2A2A00028104002A2A2A2A0A8112002A2A2A2A2A2A2A2A2A2A2A2A2A2A2A2A2A2A0000038104002A2A2A2A0B8104002A2A2A2A048104002A2A2A2A0C8104002A2A2A2A058108002A2A2A2A2A2A2A2A000000000D8104002A2A2A2A
04-12 20:41:43.910007  1344  1737 I AT      : RECV MSGID=0052 [SYS_SET_GEO_LOCATION_CNF], TXID=0214, DUMP=841954240000000002025200140208000000040000000000
04-12 20:41:43.986591  2713  3014 E SMSVC   : getActiveSubscriptionInfoList: com.transsion.atomicbrain does not have enough permission. Returning empty list here.
04-12 20:41:44.386490  1133  1144 I mipc_lib: SEND MSGID=1409 [MIPC_LOC_LBS_SYNC_LOCATION_EM_CONFIG_REQ], TXID=000f [binder:1133_2], DUMP=8419542400000000010009140F00100000010400010000000101040000000000
04-12 20:41:44.392472  1133  1909 I mipc_lib: RECV MSGID=140a [MIPC_LOC_LBS_SYNC_LOCATION_EM_CONFIG_CNF], TXID=000f, DUMP=841954240000000001020A140F000800000004006A000000
04-12 20:41:45.092661  2713  2724 D UiccSlot: UiccSlot finalized
04-12 20:41:45.092702  2713  2724 D UiccSlot: UiccSlot finalized
04-12 20:41:45.270779  2713  3014 E SMSVC   : getActiveSubscriptionInfoList: com.transsion.deskclock does not have enough permission. Returning empty list here.
04-12 20:41:45.339534  1344  1737 I AT      : RECV MSGID=4402 [NW_SIGNAL_IND], TXID=ffff, DUMP=841954240000000001030244FFFF30010401040005000000050104000500000006010400000000000701040002000000080104000000000009010100010000000B0110000A000000630000001D0000002B000000000000000E0135001D0000002B0000000100000093FEFFFFF4FFFFFF010000000100000004000000000000000100000000000000000000000000000001000000000000000F01010001000000140100000000000000000000FF7F0100FF7F35001D0000002B0000000100000093FEFFFFF4FFFFFF01000000010000000400000000000000010000000000000000000000000000000100000000000000170100000000000000000000FE7F0100FE7F38001D0000002B0000000100000093FEFFFFF4FFFFFF01000000010000000400000000000000010000000000000000000000000000000100000000000000
04-12 20:41:45.339844  1344  1786 D RmmNwUrcHdlr: [0] [handleSignalStrength]:sigRegisted[0000], sigUpdated[0X04]
04-12 20:41:45.340361  2713  2713 D MtkSSCtr: [0] old:{level:4, raw:SignalStrength:{mAverageLevel=4mCdma=CellSignalStrengthCdma: cdmaDbm=2147483647 cdmaEcio=2147483647 evdoDbm=2147483647 evdoEcio=2147483647 evdoSnr=2147483647 level=0,mGsm=CellSignalStrengthGsm: rssi=2147483647 ber=2147483647 mTa=2147483647 mLevel=0,mWcdma=CellSignalStrengthWcdma: ss=-89 ber=99 rscp=-87 ecno=-2 level=2,mTdscdma=CellSignalStrengthTdscdma: rssi=2147483647 ber=2147483647 rscp=2147483647 level=0,mLte=CellSignalStrengthLte: rssi=2147483647 rsrp=2147483647 rsrq=2147483647 rssnr=2147483647 cqiTableIndex=2147483647 cqi=2147483647 ta=2147483647 level=0 parametersUseForLevel=1,mNr=CellSignalStrengthNr:{ csiRsrp = 2147483647 csiRsrq = 2147483647 csiCqiTableIndex = 2147483647 csiCqiReport = [] ssRsrp = 2147483647 ssRsrq = 2147483647 ssSinr = 2147483647 level = 0 parametersUseForLevel = 1 timingAdvance = 2147483647 },primary=CellSignalStrengthWcdma}}
04-12 20:41:45.340513  2713  2713 D TranSignalSmooth: [calculateDalayLevel] averageLevel: 4, level: 3
04-12 20:41:45.342078  2713  2713 D MtkSSCtr: [0] new:{level:4, raw:SignalStrength:{mAverageLevel=4mCdma=CellSignalStrengthCdma: cdmaDbm=2147483647 cdmaEcio=2147483647 evdoDbm=2147483647 evdoEcio=2147483647 evdoSnr=2147483647 level=0,mGsm=CellSignalStrengthGsm: rssi=2147483647 ber=2147483647 mTa=2147483647 mLevel=0,mWcdma=CellSignalStrengthWcdma: ss=-93 ber=99 rscp=-91 ecno=-3 level=2,mTdscdma=CellSignalStrengthTdscdma: rssi=2147483647 ber=2147483647 rscp=2147483647 level=0,mLte=CellSignalStrengthLte: rssi=2147483647 rsrp=2147483647 rsrq=2147483647 rssnr=2147483647 cqiTableIndex=2147483647 cqi=2147483647 ta=2147483647 level=0 parametersUseForLevel=1,mNr=CellSignalStrengthNr:{ csiRsrp = 2147483647 csiRsrq = 2147483647 csiCqiTableIndex = 2147483647 csiCqiReport = [] ssRsrp = 2147483647 ssRsrq = 2147483647 ssSinr = 2147483647 level = 0 parametersUseForLevel = 1 timingAdvance = 2147483647 },primary=CellSignalStrengthWcdma}}, 
04-12 20:41:45.392993  1133  1144 I mipc_lib: SEND MSGID=1409 [MIPC_LOC_LBS_SYNC_LOCATION_EM_CONFIG_REQ], TXID=0010 [binder:1133_2], DUMP=8419542400000000010009141000100000010400010000000101040000000000
04-12 20:41:45.398267  1133  1909 I mipc_lib: RECV MSGID=140a [MIPC_LOC_LBS_SYNC_LOCATION_EM_CONFIG_CNF], TXID=0010, DUMP=841954240000000001020A1410000800000004006A000000
04-12 20:41:46.171399  2713  3267 D NetworkTypeController: [0] onCapabilitiesChanged: 101
04-12 20:41:46.171468  2713  3267 D NetworkTypeController: [0] satellite constrained data status : false
04-12 20:41:46.171497  2713  3267 D DIC-0   : dataNetworkType: 0, voiceNetworkType: 0, resultNetworkType: 0
04-12 20:41:46.171633  1344  1837 I AT      : SEND MSGID=cb00 [WFC_WIFI_SIGNAL_NTF], TXID=ffff [RFXSender_3], DUMP=8419542400000000010000CBFFFF200000010500776C616E000000000000000001010200DBFF00000201020000000000
04-12 20:41:46.174512  2713  3323 D NetworkTypeController: [1] onCapabilitiesChanged: 101
04-12 20:41:46.174540  2713  3323 D NetworkTypeController: [1] satellite constrained data status : false
04-12 20:41:46.174564  2713  3323 D DIC-1   : dataNetworkType: 0, voiceNetworkType: 0, resultNetworkType: 0
04-12 20:41:46.179651  2713  3266 D TelephonyCountryDetector: onCapabilitiesChanged: [ Transports: WIFI Capabilities: NOT_METERED&INTERNET&NOT_RESTRICTED&TRUSTED&NOT_VPN&VALIDATED&NOT_ROAMING&FOREGROUND&NOT_CONGESTED&NOT_SUSPENDED&NOT_VCN_MANAGED&NOT_BANDWIDTH_CONSTRAINED LinkUpBandwidth>=12000Kbps LinkDnBandwidth>=60000Kbps TransportInfo: <SSID: <unknown ssid>, BSSID: 02:00:00:00:00:00, MAC: 02:00:00:00:00:00, IP: /192.168.1.136, Security type: 2, Supplicant state: COMPLETED, Wi-Fi standard: 11ac, RSSI: -37, Link speed: 780Mbps, Tx Link speed: 780Mbps, Max Supported Tx Link speed: 866Mbps, Rx Link speed: 866Mbps, Max Supported Rx Link speed: 866Mbps, Frequency: 5180MHz, Net ID: -1, Metered hint: false, score: 100, isUsable: true, CarrierMerged: false, SubscriptionId: -1, IsPrimary: 1, Trusted: true, Restricted: false, Ephemeral: false, OEM paid: false, OEM private: false, OSU AP: false, FQDN: <none>, Provider friendly name: <none>, Requesting package name: <none><none>MLO Information: , Is TID-To-Link negotiation supported by the AP: false, AP MLD Address: <none>, AP MLO Link Id: <none>, AP MLO Affiliated links: <none>, Vendor Data: <none>> SignalStrength: -37 AdminUids: [1000] SSID: "David_5" UnderlyingNetworks: Null]
04-12 20:41:46.179751  2713  3266 D TelephonyCountryDetector: isWifiConnected: true
04-12 20:41:46.180195  2713  3424 D TelephonyCountryDetector: handleEventWifiConnectivityStateChanged: true
04-12 20:41:46.180256  2713  3424 D TelephonyCountryDetector: getCurrentNetworkCountryIso: invalid countryIso= for phoneId=1, subId=-1
04-12 20:41:46.180264  2713  3424 D TelephonyCountryDetector: Location update was not requested yet
04-12 20:41:46.398464  1133  1144 I mipc_lib: SEND MSGID=1409 [MIPC_LOC_LBS_SYNC_LOCATION_EM_CONFIG_REQ], TXID=0011 [binder:1133_2], DUMP=8419542400000000010009141100100000010400010000000101040000000000
04-12 20:41:46.403694  1133  1909 I mipc_lib: RECV MSGID=140a [MIPC_LOC_LBS_SYNC_LOCATION_EM_CONFIG_CNF], TXID=0011, DUMP=841954240000000001020A1411000800000004006A000000
04-12 20:41:46.693805  2713  3761 E SMSVC   : getActiveSubscriptionInfoList: com.transsion.screenrecorder does not have enough permission. Returning empty list here.
04-12 20:41:46.697016  2713  3263 D MtkRILJ : [0223]> OEM_HOOK_STRINGS strings = AT+TRANCELLBAR=4,3   [PHONE0]
04-12 20:41:46.697552  2713  3263 D MtkRILJ : [0224]> OEM_HOOK_STRINGS strings = AT+TRANCELLBAR=5,3   [PHONE0]
04-12 20:41:46.698226  1344  1789 D RpOemCtlr: [0] onHandleOemHookString, data[0] = AT+TRANCELLBAR=4,3
04-12 20:41:46.698304  1344  1789 D RpOemCtlr: [0] onHandleOemHookString, data[0] = AT+TRANCELLBAR=5,3
04-12 20:41:46.700160  1344  1835 I AT      : [0] AT> AT+TRANCELLBAR=4,3 (RIL_CMD_READER_1 tid:525717060544)
04-12 20:41:46.700217  1344  1835 I AT      : SEND MSGID=0003 [SYS_AT_REQ], TXID=0215 [RFXSender_1], DUMP=84195424000000000100030015021800008113002A2A2A2A2A2A2A2A2A2A2A2A2A2A2A2A2A2A2A00
04-12 20:41:46.706874  1344  1737 I AT      : RECV MSGID=0004 [SYS_AT_CNF], TXID=0215, DUMP=841954240000000001020400150218000000040000000000008107002A2A2A2A2A2A2A0000000000
04-12 20:41:46.706959  1344  1835 I AT      : [0] AT< OK (RIL_CMD_READER_1, tid:525717060544)
04-12 20:41:46.707100  1344  1835 I AT      : [0] AT> AT+TRANCELLBAR=5,3 (RIL_CMD_READER_1 tid:525717060544)
04-12 20:41:46.707119  1344  1835 I AT      : SEND MSGID=0003 [SYS_AT_REQ], TXID=0216 [RFXSender_1], DUMP=84195424000000000100030016021800008113002A2A2A2A2A2A2A2A2A2A2A2A2A2A2A2A2A2A2A00
04-12 20:41:46.708653  2713  3761 I RILJ    : [0223]< OEM_HOOK_STRINGS {} [PHONE0]
04-12 20:41:46.710292  1344  1737 I AT      : RECV MSGID=0004 [SYS_AT_CNF], TXID=0216, DUMP=841954240000000001020400160218000000040000000000008107002A2A2A2A2A2A2A0000000000
04-12 20:41:46.710399  1344  1835 I AT      : [0] AT< OK (RIL_CMD_READER_1, tid:525717060544)
04-12 20:41:46.710983  2713  3761 I RILJ    : [0224]< OEM_HOOK_STRINGS {} [PHONE0]
04-12 20:41:46.728640  2713  2713 I RILJ    : [0225]> GET_CELL_INFO_LIST [PHONE0]
04-12 20:41:46.729871  1344  1835 I AT      : SEND MSGID=0423 [NW_GET_BASE_STATIONS_REQ], TXID=0217 [RFXSender_1], DUMP=84195424000000000100230417020000
04-12 20:41:46.736936  1344  1737 I AT      : RECV MSGID=0424 [NW_GET_BASE_STATIONS_CNF], TXID=0217, DUMP=84195424000000000102240417026001000004002A2A2A2A020104002A2A2A2A03819C002A2A2A2A2A2A2A2A2A2A2A2A2A2A2A2A2A2A2A2A2A2A2A2A2A2A2A2A2A2A2A2A2A2A2A2A2A2A2A2A2A2A2A2A2A2A2A2A2A2A2A2A2A2A2A2A2A2A2A2A2A2A2A2A2A2A2A2A2A2A2A2A2A2A2A2A2A2A2A2A2A2A2A2A2A2A2A2A2A2A2A2A2A2A2A2A2A2A2A2A2A2A2A2A2A2A2A2A2A2A2A2A2A2A2A2A2A2A2A2A2A2A2A2A2A2A2A2A2A2A2A2A2A2A2A2A2A2A2A2A2A2A2A2A2A2A2A2A2A2A2A2A2A2A2A2A108100002A2A2A2A2A2A2A2A2A2A2A2AFFFF9C002A2A2A2A2A2A2A2A2A2A2A2A2A2A2A2A2A2A2A2A2A2A2A2A2A2A2A2A2A2A2A2A2A2A2A2A2A2A2A2A2A2A2A2A2A2A2A2A2A2A2A2A2A2A2A2A2A2A2A2A2A2A2A2A2A2A2A2A2A2A2A2A2A2A2A2A2A2A2A2A2A2A2A2A2A2A2A2A2A2A2A2A2A2A2A2A2A2A2A2A2A2A2A2A2A2A2A2A2A2A2A2A2A2A2A2A2A2A2A2A2A2A2A2A2A2A2A2A2A2A2A2A2A2A2A2A2A2A2A2A2A2A2A2A2A2A2A2A2A2A2A2A2A2A2A2A
04-12 20:41:46.737016  1344  1835 D RmmNwReqHdlr: [0] requestGetCellInfoList +++++, num=1
04-12 20:41:46.737060  1344  1835 I AT      : SEND MSGID=0429 [NW_GET_PROVIDER_NAME_REQ], TXID=0218 [RFXSender_1], DUMP=84195424000000000100290418021800000106003436303031000000000000000201010001000000
04-12 20:41:46.738543  1344  1737 I AT      : RECV MSGID=042a [NW_GET_PROVIDER_NAME_CNF], TXID=0218, DUMP=841954240000000001022A04180218010000040000000000008107002A2A2A2A2A2A2A0000000000018104002A2A2A2A028107002A2A2A2A2A2A2A000000000003810B002A2A2A2A2A2A2A2A2A2A2A00068178002A2A2A2A2A2A2A2A2A2A2A2A2A2A2A2A2A2A2A2A2A2A2A2A2A2A2A2A2A2A2A2A2A2A2A2A2A2A2A2A2A2A2A2A2A2A2A2A2A2A2A2A2A2A2A2A2A2A2A2A2A2A2A2A2A2A2A2A2A2A2A2A2A2A2A2A2A2A2A2A2A2A2A2A2A2A2A2A2A2A2A2A2A2A2A2A2A2A2A2A2A2A2A2A2A2A2A2A2A2A2A2A2A2A2A2A2A2A2A2A00000000070101000300000008010700554E49434F4D00000000000009010100030000000A010B0043484E2D554E49434F4D00000B010100030000000C8107002A2A2A2A2A2A2A00000000000D810B002A2A2A2A2A2A2A2A2A2A2A00
04-12 20:41:46.738920  1344  1835 D RmmNwHdlr: [0] matchPlmnName: expected[6],result[4]
04-12 20:41:46.740653  2713  3761 I RILJ    : [0225]< GET_CELL_INFO_LIST [CellInfoWcdma:{mRegistered=NO mTimeStamp=30523370155ns mCellConnectionStatus=1 CellIdentityWcdma:{ mLac=43076 mCid=12266755 mPsc=116 mUarfcn=10763 mMcc=460 mMnc=01 mAlphaLong=CHN-UNICOM mAlphaShort=UNICOM mAdditionalPlmns={} mCsgInfo=null} CellSignalStrengthWcdma: ss=-91 ber=99 rscp=-91 ecno=-3 level=2}] [PHONE0]
04-12 20:41:46.744264  2713  2713 D LocaleTracker-0: processCellInfo: cell info=[CellInfoWcdma:{mRegistered=NO mTimeStamp=30523370155ns mCellConnectionStatus=1 CellIdentityWcdma:{ mLac=43076 mCid=12266755 mPsc=116 mUarfcn=10763 mMcc=460 mMnc=01 mAlphaLong=CHN-UNICOM mAlphaShort=UNICOM mAdditionalPlmns={} mCsgInfo=null} CellSignalStrengthWcdma: ss=-91 ber=99 rscp=-91 ecno=-3 level=2}]
04-12 20:41:46.744344  2713  2713 D LocaleTracker-0: updateLocale: countryIso = cn, countryIsoDebugInfo = CellInfo: MccTable.geoCountryCodeForMccMnc(MccMnc{mcc='460', mnc='01'})
04-12 20:41:46.744355  2713  2713 D LocaleTracker-0: updateLocale: timeZoneCountryIso = cn, timeZoneCountryIsoDebugInfo = CellInfo: MccTable.geoCountryCodeForMccMnc(MccMnc{mcc='460', mnc='01'})
04-12 20:41:46.744367  2713  2713 D NitzStateMachineImpl: handleCountryDetected: countryIsoCode=cn, mLatestNitzSignal=null
04-12 20:41:46.765540  2713  3762 E SMSVC   : getActiveSubscriptionInfoList: com.transsion.airtransfer does not have enough permission. Returning empty list here.
04-12 20:41:46.829437  2713  3318 D MtkRILJ : [0226]> OEM_HOOK_STRINGS strings = AT+TRANCELLBAR=4,3   [PHONE1]
04-12 20:41:46.829956  2713  3318 D MtkRILJ : [0227]> OEM_HOOK_STRINGS strings = AT+TRANCELLBAR=5,3   [PHONE1]
04-12 20:41:46.830836  1344  1789 D RpOemCtlr: [1] onHandleOemHookString, data[0] = AT+TRANCELLBAR=4,3
04-12 20:41:46.831255  1344  1789 D RpOemCtlr: [1] onHandleOemHookString, data[0] = AT+TRANCELLBAR=5,3
04-12 20:41:46.831361  1344  1848 I AT      : [1] AT> AT+TRANCELLBAR=4,3 (RIL_CMD2_READER_1 tid:525517618112)
04-12 20:41:46.831393  1344  1848 I AT      : SEND MSGID=0003 [SYS_AT_REQ], TXID=0219 [RFXSender_13], DUMP=84195424000000000200030019021800008113002A2A2A2A2A2A2A2A2A2A2A2A2A2A2A2A2A2A2A00
04-12 20:41:46.837486  1344  1737 I AT      : RECV MSGID=0004 [SYS_AT_CNF], TXID=0219, DUMP=841954240000000002020400190218000000040000000000008107002A2A2A2A2A2A2A0000000000
04-12 20:41:46.837781  1344  1848 I AT      : [1] AT< OK (RIL_CMD2_READER_1, tid:525517618112)
04-12 20:41:46.837848  1344  1848 I AT      : [1] AT> AT+TRANCELLBAR=5,3 (RIL_CMD2_READER_1 tid:525517618112)
04-12 20:41:46.837858  1344  1848 I AT      : SEND MSGID=0003 [SYS_AT_REQ], TXID=021a [RFXSender_13], DUMP=8419542400000000020003001A021800008113002A2A2A2A2A2A2A2A2A2A2A2A2A2A2A2A2A2A2A00
04-12 20:41:46.838197  2713  3762 I RILJ    : [0226]< OEM_HOOK_STRINGS {} [PHONE1]
04-12 20:41:46.840246  1344  1737 I AT      : RECV MSGID=0004 [SYS_AT_CNF], TXID=021a, DUMP=8419542400000000020204001A0218000000040000000000008107002A2A2A2A2A2A2A0000000000
04-12 20:41:46.840418  1344  1848 I AT      : [1] AT< OK (RIL_CMD2_READER_1, tid:525517618112)
04-12 20:41:46.840998  2713  3762 I RILJ    : [0227]< OEM_HOOK_STRINGS {} [PHONE1]
04-12 20:41:46.917284  2730  2921 I ImsLocationHandler: proxyAppLocationGranted: false
04-12 20:41:46.918713  2730  2921 I ImsLocationHandler: isEccInProgress: false, redialECC: false
04-12 20:41:46.918743  2730  2921 E ImsLocationHandler: isGetLocationAlways: SIM not ready, use default carrier config
04-12 20:41:46.918787  2730  2921 I ImsLocationHandler: isGetLocationAlways: false
04-12 20:41:46.950649  2730  2921 W ImsLocationHandler: requestLocationFromNetworkLocation failed: is NOT in ECC & non-framework location proxy app is NOT granted
04-12 20:41:47.406581  1133  1144 I mipc_lib: SEND MSGID=1409 [MIPC_LOC_LBS_SYNC_LOCATION_EM_CONFIG_REQ], TXID=0012 [binder:1133_2], DUMP=8419542400000000010009141200100000010400010000000101040000000000
04-12 20:41:47.412783  1133  1909 I mipc_lib: RECV MSGID=140a [MIPC_LOC_LBS_SYNC_LOCATION_EM_CONFIG_CNF], TXID=0012, DUMP=841954240000000001020A1412000800000004006A000000
04-12 20:41:48.413801  1133  1144 I mipc_lib: SEND MSGID=1409 [MIPC_LOC_LBS_SYNC_LOCATION_EM_CONFIG_REQ], TXID=0013 [binder:1133_2], DUMP=8419542400000000010009141300100000010400010000000101040000000000
04-12 20:41:48.419120  1133  1909 I mipc_lib: RECV MSGID=140a [MIPC_LOC_LBS_SYNC_LOCATION_EM_CONFIG_CNF], TXID=0013, DUMP=841954240000000001020A1413000800000004006A000000
04-12 20:41:48.499371  2713  2713 I TranCAT : StkAthenaUploader: [reUploadCacheEvent] enable: false
04-12 20:41:48.694238  2713  2713 D MtkDeviceStateMonitor: [phoneId0]isLowDataExpected mIsScreenOn = false mIsCharging = true mIsTetheringOn = false
04-12 20:41:48.695008  1344  1838 I AT      : SEND MSGID=041f [NW_SET_IDLE_HINT_REQ], TXID=021b [RFXSender_4], DUMP=841954240000000001001F041B02100000010100030000000101040000000000
04-12 20:41:48.695991  2713  2713 D MtkDeviceStateMonitor: [phoneId1]isLowDataExpected mIsScreenOn = false mIsCharging = true mIsTetheringOn = false
04-12 20:41:48.696012  1344  1786 I AT      : SEND MSGID=0309 [INTERNAL_UNREGISTER_IND_REQ], TXID=021c [RFXSender_0], DUMP=8419542400000000010009031C0208000001020007490000
04-12 20:41:48.696014  1344  1787 I AT      : SEND MSGID=0309 [INTERNAL_UNREGISTER_IND_REQ], TXID=021d [RFXSender_12], DUMP=8419542400000000020009031D0208000001020007490000
04-12 20:41:48.696988  1344  1851 I AT      : SEND MSGID=041f [NW_SET_IDLE_HINT_REQ], TXID=021e [RFXSender_16], DUMP=841954240000000002001F041E02100000010100030000000101040000000000
04-12 20:41:48.697170  1516  1516 D TranRadioExt: setUnsolResponseFilter screen off, unregister mipc ind msg...
04-12 20:41:48.697245  1516  1516 I mipc_lib: SEND MSGID=0309 [INTERNAL_UNREGISTER_IND_REQ], TXID=000f [binder:1516_2], DUMP=8419542400000000100009030F0008000001020001400000
04-12 20:41:48.701123  1516  1947 I mipc_lib: RECV MSGID=030a [INTERNAL_UNREGISTER_IND_CNF], TXID=000f, DUMP=841954240000000010020A030F0008000000040000000000
04-12 20:41:48.701221  1516  1516 D TranRadioExt: mipc_msg_unregister_ind_api MIPC_SYS_AT_IND, slotid:0,return:0
04-12 20:41:48.701243  1516  1516 I mipc_lib: SEND MSGID=0309 [INTERNAL_UNREGISTER_IND_REQ], TXID=0010 [binder:1516_2], DUMP=841954240000000010000903100008000001020017420000
04-12 20:41:48.702196  1344  1737 I AT      : RECV MSGID=030a [INTERNAL_UNREGISTER_IND_CNF], TXID=021c, DUMP=841954240000000001020A031C0208000000040000000000
04-12 20:41:48.702276  1344  1737 I AT      : RECV MSGID=0420 [NW_SET_IDLE_HINT_CNF], TXID=021b, DUMP=8419542400000000010220041B02100000000400000000000001010003000000
04-12 20:41:48.702479  1344  1786 I AT      : SEND MSGID=0309 [INTERNAL_UNREGISTER_IND_REQ], TXID=021f [RFXSender_0], DUMP=8419542400000000010009031F0208000001020013420000
04-12 20:41:48.702796  1344  1737 I AT      : RECV MSGID=030a [INTERNAL_UNREGISTER_IND_CNF], TXID=021d, DUMP=841954240000000002020A031D0208000000040000000000
04-12 20:41:48.702886  1344  1787 I AT      : SEND MSGID=0309 [INTERNAL_UNREGISTER_IND_REQ], TXID=0220 [RFXSender_12], DUMP=841954240000000002000903200208000001020013420000
04-12 20:41:48.703086  1516  1947 I mipc_lib: RECV MSGID=030a [INTERNAL_UNREGISTER_IND_CNF], TXID=0010, DUMP=841954240000000010020A03100008000000040000000000
04-12 20:41:48.703522  1516  1516 D TranRadioExt: mipc_msg_unregister_ind_api MIPC_DATA_URSP_UE_POLICY_CHG_IND, slotid:0,return:0
04-12 20:41:48.703541  1516  1516 I mipc_lib: SEND MSGID=0309 [INTERNAL_UNREGISTER_IND_REQ], TXID=0011 [binder:1516_2], DUMP=841954240000000010000903110008000001020013420000
04-12 20:41:48.704577  1344  1737 I AT      : RECV MSGID=030a [INTERNAL_UNREGISTER_IND_CNF], TXID=021f, DUMP=841954240000000001020A031F0208000000040000000000
04-12 20:41:48.705044  1516  1947 I mipc_lib: RECV MSGID=030a [INTERNAL_UNREGISTER_IND_CNF], TXID=0011, DUMP=841954240000000010020A03110008000000040000000000
04-12 20:41:48.705079  1516  1516 D TranRadioExt: mipc_msg_unregister_ind_api MIPC_DATA_DSDA_STATE_IND, slotid:0,return:0
04-12 20:41:48.705092  1516  1516 I mipc_lib: SEND MSGID=0309 [INTERNAL_UNREGISTER_IND_REQ], TXID=0012 [binder:1516_2], DUMP=841954240000000020000903120008000001020001400000
04-12 20:41:48.706209  1344  1737 I AT      : RECV MSGID=030a [INTERNAL_UNREGISTER_IND_CNF], TXID=0220, DUMP=841954240000000002020A03200208000000040000000000
04-12 20:41:48.706241  1344  1737 I AT      : RECV MSGID=0420 [NW_SET_IDLE_HINT_CNF], TXID=021e, DUMP=8419542400000000020220041E02100000000400000000000001010003000000
04-12 20:41:48.706310  1516  1947 I mipc_lib: RECV MSGID=030a [INTERNAL_UNREGISTER_IND_CNF], TXID=0012, DUMP=841954240000000020020A03120008000000040000000000
04-12 20:41:48.706342  1516  1516 D TranRadioExt: mipc_msg_unregister_ind_api MIPC_SYS_AT_IND, slotid:1,return:0
04-12 20:41:48.706352  1516  1516 I mipc_lib: SEND MSGID=0309 [INTERNAL_UNREGISTER_IND_REQ], TXID=0013 [binder:1516_2], DUMP=841954240000000020000903130008000001020017420000
04-12 20:41:48.706920  1516  1947 I mipc_lib: RECV MSGID=030a [INTERNAL_UNREGISTER_IND_CNF], TXID=0013, DUMP=841954240000000020020A03130008000000040000000000
04-12 20:41:48.706956  1516  1516 D TranRadioExt: mipc_msg_unregister_ind_api MIPC_DATA_URSP_UE_POLICY_CHG_IND, slotid:1,return:0
04-12 20:41:48.706989  1516  1516 I mipc_lib: SEND MSGID=0309 [INTERNAL_UNREGISTER_IND_REQ], TXID=0014 [binder:1516_2], DUMP=841954240000000020000903140008000001020013420000
04-12 20:41:48.713205  1516  1947 I mipc_lib: RECV MSGID=030a [INTERNAL_UNREGISTER_IND_CNF], TXID=0014, DUMP=841954240000000020020A03140008000000040000000000
04-12 20:41:48.713421  1516  1516 D TranRadioExt: mipc_msg_unregister_ind_api MIPC_DATA_DSDA_STATE_IND, slotid:1,return:0
04-12 20:41:48.719889  2713  7336 D MtkRILJ : [0228]> OEM_HOOK_STRINGS strings = AT+EGMC=1,"customize_q_rxlv_min",1,0,-61,-61 +EGMC  [PHONE0]
04-12 20:41:48.720626  1344  1789 D RpOemCtlr: [0] onHandleOemHookString, data[0] = AT+EGMC=1,"customize_q_rxlv_min",1,0,-61,-61
04-12 20:41:48.720947  1344  1835 I AT      : [0] AT> AT+EGMC=1,"customize_q_rxlv_min",1,0,-61,-61 (RIL_CMD_READER_1 tid:525717060544)
04-12 20:41:48.720975  1344  1835 I AT      : SEND MSGID=0003 [SYS_AT_REQ], TXID=0221 [RFXSender_1], DUMP=8419542400000000010003002102380000812D002A2A2A2A2A2A2A2A2A2A2A2A2A2A2A2A2A2A2A2A2A2A2A2A2A2A2A2A2A2A2A2A2A2A2A2A2A2A2A2A2A2A2A2A2A00000000000000
04-12 20:41:48.727392  1344  1737 I AT      : RECV MSGID=0004 [SYS_AT_CNF], TXID=0221, DUMP=841954240000000001020400210218000000040000000000008107002A2A2A2A2A2A2A0000000000
04-12 20:41:48.727526  1344  1835 I AT      : [0] AT< OK (RIL_CMD_READER_1, tid:525717060544)
04-12 20:41:48.728882  2713  3761 I RILJ    : [0228]< OEM_HOOK_STRINGS {} [PHONE0]
04-12 20:41:48.787220  1344  1837 I AT      : SEND MSGID=cb01 [WFC_EPDG_SCREEN_STATE_NTF], TXID=ffff [RFXSender_3], DUMP=8419542400000000010001CBFFFF08000001010001000000
04-12 20:41:49.156484  2713  3761 E SMSVC   : getActiveSubscriptionInfoList: com.transsnet.store does not have enough permission. Returning empty list here.
04-12 20:41:49.347177  1750  2312 D FeatureConnector: [LPPeService, 1] imsFeatureCreated: FeatureContainer{imsFeature=android.os.BinderProxy@16dfaca, imsConfig=android.telephony.ims.aidl.IImsConfig$Stub$Proxy@79843b, imsRegistration=android.telephony.ims.aidl.IImsRegistration$Stub$Proxy@aa97758, sipTransport=null, state=READY, capabilities = capabilities={ EMERGENCY_OVER_MMTEL SIMULTANEOUS_CALLING }}, subId: -1
04-12 20:41:49.347361  1750  2312 D FeatureConnector: [LPPeService, 1] imsStatusChanged: status=READY
04-12 20:41:49.347396  1750  3433 D FeatureConnector: [LPPeService, 0] imsFeatureCreated: FeatureContainer{imsFeature=android.os.BinderProxy@294d0b1, imsConfig=android.telephony.ims.aidl.IImsConfig$Stub$Proxy@ad8f996, imsRegistration=android.telephony.ims.aidl.IImsRegistration$Stub$Proxy@a722917, sipTransport=null, state=READY, capabilities = capabilities={ EMERGENCY_OVER_MMTEL SIMULTANEOUS_CALLING }}, subId: -1
04-12 20:41:49.347519  1750  3433 D FeatureConnector: [LPPeService, 0] imsStatusChanged: status=READY
04-12 20:41:49.419375  1133  1144 I mipc_lib: SEND MSGID=1409 [MIPC_LOC_LBS_SYNC_LOCATION_EM_CONFIG_REQ], TXID=0014 [binder:1133_2], DUMP=8419542400000000010009141400100000010400010000000101040000000000
04-12 20:41:49.425299  1133  1909 I mipc_lib: RECV MSGID=140a [MIPC_LOC_LBS_SYNC_LOCATION_EM_CONFIG_CNF], TXID=0014, DUMP=841954240000000001020A1414000800000004006A000000
04-12 20:41:49.955574  2730  2921 I ImsLocationHandler: proxyAppLocationGranted: false
04-12 20:41:49.955986  2730  2921 I ImsLocationHandler: isEccInProgress: false, redialECC: false
04-12 20:41:49.956015  2730  2921 E ImsLocationHandler: isGetLocationAlways: SIM not ready, use default carrier config
04-12 20:41:49.956033  2730  2921 I ImsLocationHandler: isGetLocationAlways: false
04-12 20:41:49.956520  2730  2921 W ImsLocationHandler: requestLocationFromNetworkLocation failed: is NOT in ECC & non-framework location proxy app is NOT granted
04-12 20:41:50.123092  2713  3619 D MtkRILJ : [0229]> OEM_HOOK_STRINGS strings = AT+EGMC=1,"customize_q_rxlv_min",0,0,0,0 +EGMC  [PHONE0]
04-12 20:41:50.123616  1344  1789 D RpOemCtlr: [0] onHandleOemHookString, data[0] = AT+EGMC=1,"customize_q_rxlv_min",0,0,0,0
04-12 20:41:50.123820  1344  1835 I AT      : [0] AT> AT+EGMC=1,"customize_q_rxlv_min",0,0,0,0 (RIL_CMD_READER_1 tid:525717060544)
04-12 20:41:50.123845  1344  1835 I AT      : SEND MSGID=0003 [SYS_AT_REQ], TXID=0222 [RFXSender_1], DUMP=84195424000000000100030022023000008129002A2A2A2A2A2A2A2A2A2A2A2A2A2A2A2A2A2A2A2A2A2A2A2A2A2A2A2A2A2A2A2A2A2A2A2A2A2A2A2A2A000000
04-12 20:41:50.126077  1516  1516 D TranRadioExt: setUnsolResponseFilter screen on, register mipc ind msg...
04-12 20:41:50.129364  2713  2713 D MtkDeviceStateMonitor: [phoneId0]isLowDataExpected mIsScreenOn = true mIsCharging = true mIsTetheringOn = false
04-12 20:41:50.129605  2713  2713 D MtkDeviceStateMonitor: [phoneId1]isLowDataExpected mIsScreenOn = true mIsCharging = true mIsTetheringOn = false
04-12 20:41:50.130324  1344  1838 I AT      : SEND MSGID=041f [NW_SET_IDLE_HINT_REQ], TXID=0223 [RFXSender_4], DUMP=841954240000000001001F042302100000010100030000000101040001000000
04-12 20:41:50.130525  1344  1838 I AT      : SEND MSGID=022b [DATA_GET_DSDA_STATE_REQ], TXID=0224 [RFXSender_4], DUMP=841954240000000001002B0224020000
04-12 20:41:50.130533  1344  1851 I AT      : SEND MSGID=041f [NW_SET_IDLE_HINT_REQ], TXID=0225 [RFXSender_16], DUMP=841954240000000002001F042502100000010100030000000101040001000000
04-12 20:41:50.130703  1344  1737 I AT      : RECV MSGID=0004 [SYS_AT_CNF], TXID=0222, DUMP=841954240000000001020400220218000000040000000000008107002A2A2A2A2A2A2A0000000000
04-12 20:41:50.130756  1344  1835 I AT      : [0] AT< OK (RIL_CMD_READER_1, tid:525717060544)
04-12 20:41:50.131027  2713  2734 I RILJ    : [0229]< OEM_HOOK_STRINGS {} [PHONE0]
04-12 20:41:50.132291  1516  1516 D TranRadioExt: mipc_msg_register_ind MIPC_SYS_AT_IND, slotid:0,return:0
04-12 20:41:50.132993  1344  1851 I AT      : SEND MSGID=022b [DATA_GET_DSDA_STATE_REQ], TXID=0228 [RFXSender_16], DUMP=841954240000000002002B0228020000
04-12 20:41:50.133771  1344  1836 I AT      : SEND MSGID=0913 [CALL_GET_ECC_LIST_REQ], TXID=022a [RFXSender_2], DUMP=8419542400000000010013092A020000
04-12 20:41:50.133852  1344  1737 I AT      : RECV MSGID=0420 [NW_SET_IDLE_HINT_CNF], TXID=0223, DUMP=8419542400000000010220042302100000000400000000000001010003000000
04-12 20:41:50.134080  1516  1516 D TranRadioExt: mipc_msg_register_ind MIPC_DATA_URSP_UE_POLICY_CHG_IND, slotid:0,return:0
04-12 20:41:50.134963  1344  1737 I AT      : RECV MSGID=022c [DATA_GET_DSDA_STATE_CNF], TXID=0224, DUMP=841954240000000001022C022402280000000400000000000001010000000000010101000200000002010100000000000301010000000000
04-12 20:41:50.135391  1344  1849 I AT      : SEND MSGID=0913 [CALL_GET_ECC_LIST_REQ], TXID=022c [RFXSender_14], DUMP=8419542400000000020013092C020000
04-12 20:41:50.136460  2713  2726 I RILJ    : Unsol response received; Sending ack to ril.cpp [PHONE0]
04-12 20:41:50.136497  2713  2726 I RILJ    : onDsdaChangedInd: mode=400 [PHONE0]
04-12 20:41:50.136528  1516  1516 D TranRadioExt: mipc_msg_register_ind MIPC_DATA_DSDA_STATE_IND, slotid:0,return:0
04-12 20:41:50.136989  2713  2713 D GwsdService: handleMessage: MSG_NOTIFY_SYSTEM_STATE_DSDA_CHANGED from system
04-12 20:41:50.137062  2713  2713 D GwsdService: mDsdaMode: 400
04-12 20:41:50.137107  2713  2713 D GwsdService: default data phoneId: -1
04-12 20:41:50.137225  2713  2713 D GwsdModeController0: [InacviceState]setUserSelectionMode: action = false
04-12 20:41:50.137971  1344  1737 I AT      : RECV MSGID=0420 [NW_SET_IDLE_HINT_CNF], TXID=0225, DUMP=8419542400000000020220042502100000000400000000000001010003000000
04-12 20:41:50.138264  2713  3396 D GwsdModeController0: [InacviceState]msg=EVENT_SET_NORMAL_MODE
04-12 20:41:50.138361  2713  2713 D GwsdModeController1: [InacviceState]setUserSelectionMode: action = false
04-12 20:41:50.138831  1344  1737 I AT      : RECV MSGID=022c [DATA_GET_DSDA_STATE_CNF], TXID=0228, DUMP=841954240000000002022C022802280000000400000000000001010000000000010101000200000002010100000000000301010000000000
04-12 20:41:50.138877  1516  1516 D TranRadioExt: mipc_msg_register_ind MIPC_SYS_AT_IND, slotid:1,return:0
04-12 20:41:50.139629  2713  3399 D GwsdModeController1: [InacviceState]msg=EVENT_SET_NORMAL_MODE
04-12 20:41:50.140440  1344  1737 I AT      : RECV MSGID=0914 [CALL_GET_ECC_LIST_CNF], TXID=022a, DUMP=8419542400000000010214092A02D011000004000000000000010400170000000101CC01000000000000000031313900000000000000000000000000000000003131300000000000000000000000000000000000313230000000000000000000000000000000000031323200000000000000000000000000000000003131320000000000000000000000000000000000393131000000000000000000000000000000000030380000000000000000000000000000000000003030300000000000000000000000000000000000313138000000000000000000000000000000000039393900000000000000000001000000000002003131300000000000000000000100000000000200313139000000000000000000010000000000020031323000000000000000000001000000000002003132320000000000000000000100000000000200393939000000000000000000000000000000040031313200000000000000000000000000000004003931310000000000000000000000000000000400303030000000000000000000000000000000040030380000000000000000000000000000000004003131300000000000000000000000000000000400313138000000000000000000000000000000040031313900000000000000000000000000000004
04-12 20:41:50.141527  2713  2726 I RILJ    : Unsol response received; Sending ack to ril.cpp [PHONE1]
04-12 20:41:50.141571  2713  2726 I RILJ    : onDsdaChangedInd: mode=400 [PHONE1]
04-12 20:41:50.141797  1516  1516 D TranRadioExt: mipc_msg_register_ind MIPC_DATA_URSP_UE_POLICY_CHG_IND, slotid:1,return:0
04-12 20:41:50.143033  2713  2713 D GwsdService: handleMessage: MSG_NOTIFY_SYSTEM_STATE_DSDA_CHANGED from system
04-12 20:41:50.143049  2713  2713 D GwsdService: mDsdaMode: 400
04-12 20:41:50.143061  2713  2713 D GwsdService: default data phoneId: -1
04-12 20:41:50.143069  2713  2713 D GwsdModeController0: [InacviceState]setUserSelectionMode: action = false
04-12 20:41:50.143119  2713  3396 D GwsdModeController0: [InacviceState]msg=EVENT_SET_NORMAL_MODE
04-12 20:41:50.143178  2713  2713 D GwsdModeController1: [InacviceState]setUserSelectionMode: action = false
04-12 20:41:50.143235  1344  1737 I AT      : RECV MSGID=0914 [CALL_GET_ECC_LIST_CNF], TXID=022c, DUMP=8419542400000000020214092C02D011000004000000000000010400170000000101CC01000000000000000031313900000000000000000000000000000000003131300000000000000000000000000000000000313230000000000000000000000000000000000031323200000000000000000000000000000000003131320000000000000000000000000000000000393131000000000000000000000000000000000030380000000000000000000000000000000000003030300000000000000000000000000000000000313138000000000000000000000000000000000039393900000000000000000001000000000002003131300000000000000000000100000000000200313139000000000000000000010000000000020031323000000000000000000001000000000002003132320000000000000000000100000000000200393939000000000000000000000000000000040031313200000000000000000000000000000004003931310000000000000000000000000000000400303030000000000000000000000000000000040030380000000000000000000000000000000004003131300000000000000000000000000000000400313138000000000000000000000000000000040031313900000000000000000000000000000004
04-12 20:41:50.143255  2713  3399 D GwsdModeController1: [InacviceState]msg=EVENT_SET_NORMAL_MODE
04-12 20:41:50.144031  1516  1516 D TranRadioExt: mipc_msg_register_ind MIPC_DATA_DSDA_STATE_IND, slotid:1,return:0
04-12 20:41:50.146802  2713  2726 I RILJ    : Unsol response received; Sending ack to ril.cpp [PHONE0]
04-12 20:41:50.147089  2713  2726 I RILJ    : [UNSL]< UNSOL_EMERGENCY_NUMBER_LIST [[EmergencyNumber: 119, countryIso=cn, mnc=01, src=mdm def , routing=unknown, categories=, urns=], [EmergencyNumber: 110, countryIso=cn, mnc=01, src=mdm def , routing=unknown, categories=, urns=], [EmergencyNumber: 120, countryIso=cn, mnc=01, src=mdm , routing=unknown, categories=, urns=], [EmergencyNumber: 122, countryIso=cn, mnc=01, src=mdm , routing=unknown, categories=, urns=], [EmergencyNumber: 112, countryIso=cn, mnc=01, src=mdm def , routing=unknown, categories=, urns=], [EmergencyNumber: 911, countryIso=cn, mnc=01, src=mdm def , routing=unknown, categories=, urns=], [EmergencyNumber: 08, countryIso=cn, mnc=01, src=mdm def , routing=unknown, categories=, urns=], [EmergencyNumber: 000, countryIso=cn, mnc=01, src=mdm def , routing=unknown, categories=, urns=], [EmergencyNumber: 118, countryIso=cn, mnc=01, src=mdm def , routing=unknown, categories=, urns=], [EmergencyNumber: 999, countryIso=cn, mnc=01, src=mdm def , routing=unknown, categories=, urns=]] [PHONE0]
04-12 20:41:50.147674  2713  3414 I RILJ    : Unsol response received; Sending ack to ril.cpp [PHONE1]
04-12 20:41:50.148592  2713  2713 D EmergencyNumberTracker: [0]updateRadioEmergencyNumberListAndNotify(): receiving [[EmergencyNumber: 000, countryIso=cn, mnc=01, src=mdm def , routing=unknown, categories=, urns=], [EmergencyNumber: 08, countryIso=cn, mnc=01, src=mdm def , routing=unknown, categories=, urns=], [EmergencyNumber: 110, countryIso=cn, mnc=01, src=mdm def , routing=unknown, categories=, urns=], [EmergencyNumber: 112, countryIso=cn, mnc=01, src=mdm def , routing=unknown, categories=, urns=], [EmergencyNumber: 118, countryIso=cn, mnc=01, src=mdm def , routing=unknown, categories=, urns=], [EmergencyNumber: 119, countryIso=cn, mnc=01, src=mdm def , routing=unknown, categories=, urns=], [EmergencyNumber: 911, countryIso=cn, mnc=01, src=mdm def , routing=unknown, categories=, urns=], [EmergencyNumber: 999, countryIso=cn, mnc=01, src=mdm def , routing=unknown, categories=, urns=], [EmergencyNumber: 120, countryIso=cn, mnc=01, src=mdm , routing=unknown, categories=, urns=], [EmergencyNumber: 122, countryIso=cn, mnc=01, src=mdm , routing=unknown, categories=, urns=]]
04-12 20:41:50.149435  2713  3414 I RILJ    : [UNSL]< UNSOL_EMERGENCY_NUMBER_LIST [[EmergencyNumber: 119, countryIso=, mnc=, src=mdm def , routing=unknown, categories=, urns=], [EmergencyNumber: 110, countryIso=, mnc=, src=mdm def , routing=unknown, categories=, urns=], [EmergencyNumber: 120, countryIso=, mnc=, src=mdm , routing=unknown, categories=, urns=], [EmergencyNumber: 122, countryIso=, mnc=, src=mdm , routing=unknown, categories=, urns=], [EmergencyNumber: 112, countryIso=, mnc=, src=mdm def , routing=unknown, categories=, urns=], [EmergencyNumber: 911, countryIso=, mnc=, src=mdm def , routing=unknown, categories=, urns=], [EmergencyNumber: 08, countryIso=, mnc=, src=mdm def , routing=unknown, categories=, urns=], [EmergencyNumber: 000, countryIso=, mnc=, src=mdm def , routing=unknown, categories=, urns=], [EmergencyNumber: 118, countryIso=, mnc=, src=mdm def , routing=unknown, categories=, urns=], [EmergencyNumber: 999, countryIso=, mnc=, src=mdm def , routing=unknown, categories=, urns=]] [PHONE1]
04-12 20:41:50.151455  2713  2713 D EmergencyNumberTracker: [1]updateRadioEmergencyNumberListAndNotify(): receiving [[EmergencyNumber: 000, countryIso=, mnc=, src=mdm def , routing=unknown, categories=, urns=], [EmergencyNumber: 08, countryIso=, mnc=, src=mdm def , routing=unknown, categories=, urns=], [EmergencyNumber: 110, countryIso=, mnc=, src=mdm def , routing=unknown, categories=, urns=], [EmergencyNumber: 112, countryIso=, mnc=, src=mdm def , routing=unknown, categories=, urns=], [EmergencyNumber: 118, countryIso=, mnc=, src=mdm def , routing=unknown, categories=, urns=], [EmergencyNumber: 119, countryIso=, mnc=, src=mdm def , routing=unknown, categories=, urns=], [EmergencyNumber: 911, countryIso=, mnc=, src=mdm def , routing=unknown, categories=, urns=], [EmergencyNumber: 999, countryIso=, mnc=, src=mdm def , routing=unknown, categories=, urns=], [EmergencyNumber: 120, countryIso=, mnc=, src=mdm , routing=unknown, categories=, urns=], [EmergencyNumber: 122, countryIso=, mnc=, src=mdm , routing=unknown, categories=, urns=]]
04-12 20:41:50.153520  1344  1837 I AT      : SEND MSGID=cb01 [WFC_EPDG_SCREEN_STATE_NTF], TXID=ffff [RFXSender_3], DUMP=8419542400000000010001CBFFFF08000001010002000000
04-12 20:41:50.224961  1344  1837 I AT      : SEND MSGID=cb00 [WFC_WIFI_SIGNAL_NTF], TXID=ffff [RFXSender_3], DUMP=8419542400000000010000CBFFFF200000010500776C616E000000000000000001010200DAFF00000201020000000000
04-12 20:41:50.225388  2713  3323 D NetworkTypeController: [1] onCapabilitiesChanged: 101
04-12 20:41:50.225567  2713  3323 D NetworkTypeController: [1] satellite constrained data status : false
04-12 20:41:50.225616  2713  3323 D DIC-1   : dataNetworkType: 0, voiceNetworkType: 0, resultNetworkType: 0
04-12 20:41:50.228620  2713  3267 D NetworkTypeController: [0] onCapabilitiesChanged: 101
