04-12 20:41:50.228811  2713  3267 D NetworkTypeController: [0] satellite constrained data status : false
04-12 20:41:50.228900  2713  3267 D DIC-0   : dataNetworkType: 0, voiceNetworkType: 0, resultNetworkType: 0
04-12 20:41:50.231122  2713  3266 D TelephonyCountryDetector: onCapabilitiesChanged: [ Transports: WIFI Capabilities: NOT_METERED&INTERNET&NOT_RESTRICTED&TRUSTED&NOT_VPN&VALIDATED&NOT_ROAMING&FOREGROUND&NOT_CONGESTED&NOT_SUSPENDED&NOT_VCN_MANAGED&NOT_BANDWIDTH_CONSTRAINED LinkUpBandwidth>=12000Kbps LinkDnBandwidth>=60000Kbps TransportInfo: <SSID: <unknown ssid>, BSSID: 02:00:00:00:00:00, MAC: 02:00:00:00:00:00, IP: /192.168.1.136, Security type: 2, Supplicant state: COMPLETED, Wi-Fi standard: 11ac, RSSI: -38, Link speed: 780Mbps, Tx Link speed: 780Mbps, Max Supported Tx Link speed: 866Mbps, Rx Link speed: 866Mbps, Max Supported Rx Link speed: 866Mbps, Frequency: 5180MHz, Net ID: -1, Metered hint: false, score: 100, isUsable: true, CarrierMerged: false, SubscriptionId: -1, IsPrimary: 1, Trusted: true, Restricted: false, Ephemeral: false, OEM paid: false, OEM private: false, OSU AP: false, FQDN: <none>, Provider friendly name: <none>, Requesting package name: <none><none>MLO Information: , Is TID-To-Link negotiation supported by the AP: false, AP MLD Address: <none>, AP MLO Link Id: <none>, AP MLO Affiliated links: <none>, Vendor Data: <none>> SignalStrength: -38 AdminUids: [1000] SSID: "David_5" UnderlyingNetworks: Null]
04-12 20:41:50.231164  2713  3266 D TelephonyCountryDetector: isWifiConnected: true
04-12 20:41:50.233366  2713  3424 D TelephonyCountryDetector: handleEventWifiConnectivityStateChanged: true
04-12 20:41:50.233752  2713  3424 D TelephonyCountryDetector: getCurrentNetworkCountryIso: invalid countryIso= for phoneId=1, subId=-1
04-12 20:41:50.236635  2713  3424 D TelephonyCountryDetector: Location update was not requested yet
04-12 20:41:50.425688  1133  1144 I mipc_lib: SEND MSGID=1409 [MIPC_LOC_LBS_SYNC_LOCATION_EM_CONFIG_REQ], TXID=0015 [binder:1133_2], DUMP=8419542400000000010009141500100000010400010000000101040000000000
04-12 20:41:50.427620  1133  1909 I mipc_lib: RECV MSGID=140a [MIPC_LOC_LBS_SYNC_LOCATION_EM_CONFIG_CNF], TXID=0015, DUMP=841954240000000001020A1415000800000004006A000000
04-12 20:41:50.459787  1344  1737 I AT      : RECV MSGID=4402 [NW_SIGNAL_IND], TXID=ffff, DUMP=841954240000000001030244FFFF30010401040005000000050104000500000006010400000000000701040002000000080104000000000009010100010000000B0110000A000000630000001C0000002A000000000000000E0135001C0000002A000000010000008CFEFFFFF3FFFFFF010000000100000004000000000000000100000000000000000000000000000001000000000000000F01010001000000140100000000000000000000FF7F0100FF7F35001C0000002A000000010000008CFEFFFFF3FFFFFF01000000010000000400000000000000010000000000000000000000000000000100000000000000170100000000000000000000FE7F0100FE7F38001C0000002A000000010000008CFEFFFFF3FFFFFF01000000010000000400000000000000010000000000000000000000000000000100000000000000
04-12 20:41:50.461415  1344  1786 D RmmNwUrcHdlr: [0] [handleSignalStrength]:sigRegisted[0000], sigUpdated[0X04]
04-12 20:41:50.462405  2713  2713 D MtkSSCtr: [0] old:{level:4, raw:SignalStrength:{mAverageLevel=4mCdma=CellSignalStrengthCdma: cdmaDbm=2147483647 cdmaEcio=2147483647 evdoDbm=2147483647 evdoEcio=2147483647 evdoSnr=2147483647 level=0,mGsm=CellSignalStrengthGsm: rssi=2147483647 ber=2147483647 mTa=2147483647 mLevel=0,mWcdma=CellSignalStrengthWcdma: ss=-93 ber=99 rscp=-91 ecno=-3 level=2,mTdscdma=CellSignalStrengthTdscdma: rssi=2147483647 ber=2147483647 rscp=2147483647 level=0,mLte=CellSignalStrengthLte: rssi=2147483647 rsrp=2147483647 rsrq=2147483647 rssnr=2147483647 cqiTableIndex=2147483647 cqi=2147483647 ta=2147483647 level=0 parametersUseForLevel=1,mNr=CellSignalStrengthNr:{ csiRsrp = 2147483647 csiRsrq = 2147483647 csiCqiTableIndex = 2147483647 csiCqiReport = [] ssRsrp = 2147483647 ssRsrq = 2147483647 ssSinr = 2147483647 level = 0 parametersUseForLevel = 1 timingAdvance = 2147483647 },primary=CellSignalStrengthWcdma}}
04-12 20:41:50.463911  2713  2713 D TranSignalSmooth: [calculateDalayLevel] averageLevel: 4, level: 3
04-12 20:41:50.477524  2713  2713 D MtkSSCtr: [0] new:{level:4, raw:SignalStrength:{mAverageLevel=4mCdma=CellSignalStrengthCdma: cdmaDbm=2147483647 cdmaEcio=2147483647 evdoDbm=2147483647 evdoEcio=2147483647 evdoSnr=2147483647 level=0,mGsm=CellSignalStrengthGsm: rssi=2147483647 ber=2147483647 mTa=2147483647 mLevel=0,mWcdma=CellSignalStrengthWcdma: ss=-93 ber=99 rscp=-92 ecno=-3 level=2,mTdscdma=CellSignalStrengthTdscdma: rssi=2147483647 ber=2147483647 rscp=2147483647 level=0,mLte=CellSignalStrengthLte: rssi=2147483647 rsrp=2147483647 rsrq=2147483647 rssnr=2147483647 cqiTableIndex=2147483647 cqi=2147483647 ta=2147483647 level=0 parametersUseForLevel=1,mNr=CellSignalStrengthNr:{ csiRsrp = 2147483647 csiRsrq = 2147483647 csiCqiTableIndex = 2147483647 csiCqiReport = [] ssRsrp = 2147483647 ssRsrq = 2147483647 ssSinr = 2147483647 level = 0 parametersUseForLevel = 1 timingAdvance = 2147483647 },primary=CellSignalStrengthWcdma}}, 
04-12 20:41:50.588892  1750  3594 D TelephonyRegistry: listen oscl: mHasNotifySubscriptionInfoChangedOccurred==false no callback
04-12 20:41:51.139846  2713  2713 D DataHelper: mDsdaMode=400 changed=false
04-12 20:41:51.642205  1344  1837 I AT      : SEND MSGID=cb01 [WFC_EPDG_SCREEN_STATE_NTF], TXID=ffff [RFXSender_3], DUMP=8419542400000000010001CBFFFF08000001010000000000
04-12 20:41:52.969685  2730  2921 I ImsLocationHandler: proxyAppLocationGranted: false
04-12 20:41:52.970254  2730  2921 I ImsLocationHandler: isEccInProgress: false, redialECC: false
04-12 20:41:52.970281  2730  2921 E ImsLocationHandler: isGetLocationAlways: SIM not ready, use default carrier config
04-12 20:41:52.970311  2730  2921 I ImsLocationHandler: isGetLocationAlways: false
04-12 20:41:52.972294  2730  2921 W ImsLocationHandler: requestLocationFromNetworkLocation failed: is NOT in ECC & non-framework location proxy app is NOT granted
04-12 20:41:54.053909  1750  3735 W TelephonyRegistry: Pid 1750 has exceeded half the number of permissible registered listeners. Now at 51
04-12 20:41:54.053941  1750  3735 D TelephonyRegistry: listen oscl: mHasNotifySubscriptionInfoChangedOccurred==false no callback
04-12 20:41:55.581396  1344  1737 I AT      : RECV MSGID=4402 [NW_SIGNAL_IND], TXID=ffff, DUMP=841954240000000001030244FFFF30010401040005000000050104000500000006010400000000000701040002000000080104000000000009010100010000000B01100009000000630000001B00000029000000000000000E0135001B00000029000000010000008AFEFFFFF0FFFFFF010000000100000004000000000000000100000000000000000000000000000001000000000000000F01010001000000140100000000000000000000FF7F0100FF7F35001B00000029000000010000008AFEFFFFF0FFFFFF01000000010000000400000000000000010000000000000000000000000000000100000000000000170100000000000000000000FE7F0100FE7F38001B00000029000000010000008AFEFFFFF0FFFFFF01000000010000000400000000000000010000000000000000000000000000000100000000000000
04-12 20:41:55.582310  1344  1786 D RmmNwUrcHdlr: [0] [handleSignalStrength]:sigRegisted[0000], sigUpdated[0X04]
04-12 20:41:55.583997  2713  2713 D MtkSSCtr: [0] old:{level:4, raw:SignalStrength:{mAverageLevel=4mCdma=CellSignalStrengthCdma: cdmaDbm=2147483647 cdmaEcio=2147483647 evdoDbm=2147483647 evdoEcio=2147483647 evdoSnr=2147483647 level=0,mGsm=CellSignalStrengthGsm: rssi=2147483647 ber=2147483647 mTa=2147483647 mLevel=0,mWcdma=CellSignalStrengthWcdma: ss=-93 ber=99 rscp=-92 ecno=-3 level=2,mTdscdma=CellSignalStrengthTdscdma: rssi=2147483647 ber=2147483647 rscp=2147483647 level=0,mLte=CellSignalStrengthLte: rssi=2147483647 rsrp=2147483647 rsrq=2147483647 rssnr=2147483647 cqiTableIndex=2147483647 cqi=2147483647 ta=2147483647 level=0 parametersUseForLevel=1,mNr=CellSignalStrengthNr:{ csiRsrp = 2147483647 csiRsrq = 2147483647 csiCqiTableIndex = 2147483647 csiCqiReport = [] ssRsrp = 2147483647 ssRsrq = 2147483647 ssSinr = 2147483647 level = 0 parametersUseForLevel = 1 timingAdvance = 2147483647 },primary=CellSignalStrengthWcdma}}
04-12 20:41:55.584678  2713  2713 D TranSignalSmooth: [calculateDalayLevel] averageLevel: 4, level: 3
04-12 20:41:55.587050  2713  2713 D MtkSSCtr: [0] new:{level:4, raw:SignalStrength:{mAverageLevel=4mCdma=CellSignalStrengthCdma: cdmaDbm=2147483647 cdmaEcio=2147483647 evdoDbm=2147483647 evdoEcio=2147483647 evdoSnr=2147483647 level=0,mGsm=CellSignalStrengthGsm: rssi=2147483647 ber=2147483647 mTa=2147483647 mLevel=0,mWcdma=CellSignalStrengthWcdma: ss=-95 ber=99 rscp=-93 ecno=-4 level=2,mTdscdma=CellSignalStrengthTdscdma: rssi=2147483647 ber=2147483647 rscp=2147483647 level=0,mLte=CellSignalStrengthLte: rssi=2147483647 rsrp=2147483647 rsrq=2147483647 rssnr=2147483647 cqiTableIndex=2147483647 cqi=2147483647 ta=2147483647 level=0 parametersUseForLevel=1,mNr=CellSignalStrengthNr:{ csiRsrp = 2147483647 csiRsrq = 2147483647 csiCqiTableIndex = 2147483647 csiCqiReport = [] ssRsrp = 2147483647 ssRsrq = 2147483647 ssSinr = 2147483647 level = 0 parametersUseForLevel = 1 timingAdvance = 2147483647 },primary=CellSignalStrengthWcdma}}, 
04-12 20:41:55.926888  2713  3076 E SMSVC   : getActiveSubscriptionInfoList: com.rlk.weathers does not have enough permission. Returning empty list here.
04-12 20:41:55.977321  2730  2921 I ImsLocationHandler: proxyAppLocationGranted: false
04-12 20:41:55.978180  2730  2921 I ImsLocationHandler: isEccInProgress: false, redialECC: false
04-12 20:41:55.978413  2730  2921 E ImsLocationHandler: isGetLocationAlways: SIM not ready, use default carrier config
04-12 20:41:55.978476  2730  2921 I ImsLocationHandler: isGetLocationAlways: false
04-12 20:41:55.979241  2730  2921 W ImsLocationHandler: requestLocationFromNetworkLocation failed: is NOT in ECC & non-framework location proxy app is NOT granted
04-12 20:41:56.220111  2713  2713 I RILJ    : [0234]> GET_ACTIVITY_INFO [PHONE0]
04-12 20:41:56.220523  1344  1789 D RpOemCtlr: [0] onHandleGetActivityInfo
04-12 20:41:56.221189  1344  1785 I RfxMclMessenger: RFX_MSG_REQUEST_GET_ACTIVITY_INFO(55017) dispatchs to main protocol: 0
04-12 20:41:56.221468  1344  1835 I AT      : SEND MSGID=049f [NW_GET_ACTIVITY_INFO_REQ], TXID=022d [RFXSender_1], DUMP=841954240000000001009F042D020000
04-12 20:41:56.250519  1344  1737 I AT      : RECV MSGID=04a0 [NW_GET_ACTIVITY_INFO_CNF], TXID=022d, DUMP=84195424000000000102A0042D02400000000400000000000001140000000000000000000000000000000000000000000101040097000000020104005053000003010400A61300000401010005000000
04-12 20:41:56.251172  2713  2727 I RILJ    : [0234]< GET_ACTIVITY_INFO ModemActivityInfo{ mTimestamp=40033 mSleepTimeMs=21328 mIdleTimeMs=5030 mActivityStatsTechSpecificInfo=[{mRat=UNKNOWN,mFrequencyRange=UNKNOWN,mTxTimeMs[]=[0, 0, 0, 0, 0],mRxTimeMs=151}]} [PHONE0]
04-12 20:41:57.851292  2713  2727 E SMSVC   : getActiveSubscriptionInfoList: com.transsion.iotcard does not have enough permission. Returning empty list here.
04-12 20:41:58.572970  2713  3759 E SMSVC   : getActiveSubscriptionInfoList: com.transsion.sk does not have enough permission. Returning empty list here.
04-12 20:41:58.808401  2713  3759 E SMSVC   : getActiveSubscriptionInfoList: com.transsion.globalsearch does not have enough permission. Returning empty list here.
04-12 20:41:58.981984  2730  2921 I ImsLocationHandler: proxyAppLocationGranted: false
04-12 20:41:58.982689  2730  2921 I ImsLocationHandler: isEccInProgress: false, redialECC: false
04-12 20:41:58.982732  2730  2921 E ImsLocationHandler: isGetLocationAlways: SIM not ready, use default carrier config
04-12 20:41:58.982744  2730  2921 I ImsLocationHandler: isGetLocationAlways: false
04-12 20:41:58.983126  2730  2921 W ImsLocationHandler: requestLocationFromNetworkLocation failed: is NOT in ECC & non-framework location proxy app is NOT granted
04-12 20:41:59.097916  2713  3759 E SMSVC   : getActiveSubscriptionInfoList: com.transsion.personalizedService.xos does not have enough permission. Returning empty list here.
04-12 20:41:59.380054  1750  1888 D TelephonyRegistry: listen oscl: mHasNotifySubscriptionInfoChangedOccurred==false no callback
04-12 20:42:00.445876  2713  3562 E SMSVC   : getActiveSubscriptionInfoList: com.gallery20 does not have enough permission. Returning empty list here.
04-12 20:42:00.702407  1344  1737 I AT      : RECV MSGID=4402 [NW_SIGNAL_IND], TXID=ffff, DUMP=841954240000000001030244FFFF30010401040005000000050104000500000006010400000000000701040002000000080104000000000009010100010000000B01100009000000630000001B00000028000000000000000E0135001B000000280000000100000088FEFFFFEFFFFFFF010000000100000004000000000000000100000000000000000000000000000001000000000000000F01010001000000140100000000000000000000FF7F0100FF7F35001B000000280000000100000088FEFFFFEFFFFFFF01000000010000000400000000000000010000000000000000000000000000000100000000000000170100000000000000000000FE7F0100FE7F38001B000000280000000100000088FEFFFFEFFFFFFF01000000010000000400000000000000010000000000000000000000000000000100000000000000
04-12 20:42:00.702862  1344  1786 D RmmNwUrcHdlr: [0] [handleSignalStrength]:sigRegisted[0000], sigUpdated[0X04]
04-12 20:42:00.703804  2713  2713 D MtkSSCtr: [0] old:{level:4, raw:SignalStrength:{mAverageLevel=4mCdma=CellSignalStrengthCdma: cdmaDbm=2147483647 cdmaEcio=2147483647 evdoDbm=2147483647 evdoEcio=2147483647 evdoSnr=2147483647 level=0,mGsm=CellSignalStrengthGsm: rssi=2147483647 ber=2147483647 mTa=2147483647 mLevel=0,mWcdma=CellSignalStrengthWcdma: ss=-95 ber=99 rscp=-93 ecno=-4 level=2,mTdscdma=CellSignalStrengthTdscdma: rssi=2147483647 ber=2147483647 rscp=2147483647 level=0,mLte=CellSignalStrengthLte: rssi=2147483647 rsrp=2147483647 rsrq=2147483647 rssnr=2147483647 cqiTableIndex=2147483647 cqi=2147483647 ta=2147483647 level=0 parametersUseForLevel=1,mNr=CellSignalStrengthNr:{ csiRsrp = 2147483647 csiRsrq = 2147483647 csiCqiTableIndex = 2147483647 csiCqiReport = [] ssRsrp = 2147483647 ssRsrq = 2147483647 ssSinr = 2147483647 level = 0 parametersUseForLevel = 1 timingAdvance = 2147483647 },primary=CellSignalStrengthWcdma}}
04-12 20:42:00.703950  2713  2713 D MtkSSCtr: [0] new:{level:3, raw:SignalStrength:{mAverageLevel=-1mCdma=CellSignalStrengthCdma: cdmaDbm=2147483647 cdmaEcio=2147483647 evdoDbm=2147483647 evdoEcio=2147483647 evdoSnr=2147483647 level=0,mGsm=CellSignalStrengthGsm: rssi=2147483647 ber=2147483647 mTa=2147483647 mLevel=0,mWcdma=CellSignalStrengthWcdma: ss=-95 ber=99 rscp=-93 ecno=-4 level=2,mTdscdma=CellSignalStrengthTdscdma: rssi=2147483647 ber=2147483647 rscp=2147483647 level=0,mLte=CellSignalStrengthLte: rssi=2147483647 rsrp=2147483647 rsrq=2147483647 rssnr=2147483647 cqiTableIndex=2147483647 cqi=2147483647 ta=2147483647 level=0 parametersUseForLevel=1,mNr=CellSignalStrengthNr:{ csiRsrp = 2147483647 csiRsrq = 2147483647 csiCqiTableIndex = 2147483647 csiCqiReport = [] ssRsrp = 2147483647 ssRsrq = 2147483647 ssSinr = 2147483647 level = 0 parametersUseForLevel = 1 timingAdvance = 2147483647 },primary=CellSignalStrengthWcdma}}, 
04-12 20:42:01.986820  2730  2921 I ImsLocationHandler: proxyAppLocationGranted: false
04-12 20:42:01.988849  2730  2921 I ImsLocationHandler: isEccInProgress: false, redialECC: false
04-12 20:42:01.988884  2730  2921 E ImsLocationHandler: isGetLocationAlways: SIM not ready, use default carrier config
04-12 20:42:01.988897  2730  2921 I ImsLocationHandler: isGetLocationAlways: false
04-12 20:42:01.992005  2730  2921 W ImsLocationHandler: requestLocationFromNetworkLocation failed: is NOT in ECC & non-framework location proxy app is NOT granted
04-12 20:42:02.158985  2713  3411 D MtkRILJ : [0235]> OEM_HOOK_STRINGS strings = AT+ESBP=5,"SBP_DR_SEARCH",1 +ESBP  [PHONE0]
04-12 20:42:02.159327  1344  1789 D RpOemCtlr: [0] onHandleOemHookString, data[0] = AT+ESBP=5,"SBP_DR_SEARCH",1
04-12 20:42:02.160233  2713  3411 D MtkRILJ : [0236]> OEM_HOOK_STRINGS strings = AT+ESBP=5,"SBP_DR_SEARCH",1 +ESBP  [PHONE1]
04-12 20:42:02.160323  1344  1835 I AT      : [0] AT> AT+ESBP=5,"SBP_DR_SEARCH",1 (RIL_CMD_READER_1 tid:525717060544)
04-12 20:42:02.160345  1344  1835 I AT      : SEND MSGID=0003 [SYS_AT_REQ], TXID=022e [RFXSender_1], DUMP=8419542400000000010003002E02200000811C002A2A2A2A2A2A2A2A2A2A2A2A2A2A2A2A2A2A2A2A2A2A2A2A2A2A2A2A
04-12 20:42:02.160512  1344  1789 D RpOemCtlr: [1] onHandleOemHookString, data[0] = AT+ESBP=5,"SBP_DR_SEARCH",1
04-12 20:42:02.160597  1344  1848 I AT      : [1] AT> AT+ESBP=5,"SBP_DR_SEARCH",1 (RIL_CMD2_READER_1 tid:525517618112)
04-12 20:42:02.160623  1344  1848 I AT      : SEND MSGID=0003 [SYS_AT_REQ], TXID=022f [RFXSender_13], DUMP=8419542400000000020003002F02200000811C002A2A2A2A2A2A2A2A2A2A2A2A2A2A2A2A2A2A2A2A2A2A2A2A2A2A2A2A
04-12 20:42:02.170399  1344  1737 I AT      : RECV MSGID=0004 [SYS_AT_CNF], TXID=022e, DUMP=8419542400000000010204002E0218000000040000000000008107002A2A2A2A2A2A2A0000000000
04-12 20:42:02.170488  1344  1835 I AT      : [0] AT< OK (RIL_CMD_READER_1, tid:525717060544)
04-12 20:42:02.171399  2713  2734 I RILJ    : [0235]< OEM_HOOK_STRINGS {} [PHONE0]
04-12 20:42:02.175090  1344  1737 I AT      : RECV MSGID=0004 [SYS_AT_CNF], TXID=022f, DUMP=8419542400000000020204002F0218000000040000000000008107002A2A2A2A2A2A2A0000000000
04-12 20:42:02.175176  1344  1848 I AT      : [1] AT< OK (RIL_CMD2_READER_1, tid:525517618112)
04-12 20:42:02.175697  2713  2734 I RILJ    : [0236]< OEM_HOOK_STRINGS {} [PHONE1]
04-12 20:42:04.995710  2730  2921 I ImsLocationHandler: proxyAppLocationGranted: false
04-12 20:42:04.996155  2730  2921 I ImsLocationHandler: isEccInProgress: false, redialECC: false
04-12 20:42:04.996192  2730  2921 E ImsLocationHandler: isGetLocationAlways: SIM not ready, use default carrier config
04-12 20:42:04.996223  2730  2921 I ImsLocationHandler: isGetLocationAlways: false
04-12 20:42:04.996609  2730  2921 W ImsLocationHandler: requestLocationFromNetworkLocation failed: is NOT in ECC & non-framework location proxy app is NOT granted
04-12 20:42:05.315298  2713  3267 D NetworkTypeController: [0] onCapabilitiesChanged: 101
04-12 20:42:05.315793  2713  3267 D NetworkTypeController: [0] satellite constrained data status : false
04-12 20:42:05.315863  2713  3267 D DIC-0   : dataNetworkType: 0, voiceNetworkType: 0, resultNetworkType: 0
04-12 20:42:05.316248  2713  3323 D NetworkTypeController: [1] onCapabilitiesChanged: 101
04-12 20:42:05.316270  2713  3323 D NetworkTypeController: [1] satellite constrained data status : false
04-12 20:42:05.316295  2713  3323 D DIC-1   : dataNetworkType: 0, voiceNetworkType: 0, resultNetworkType: 0
04-12 20:42:05.317016  1344  1837 I AT      : SEND MSGID=cb00 [WFC_WIFI_SIGNAL_NTF], TXID=ffff [RFXSender_3], DUMP=8419542400000000010000CBFFFF200000010500776C616E000000000000000001010200E0FF00000201020000000000
04-12 20:42:05.317376  2713  3266 D TelephonyCountryDetector: onCapabilitiesChanged: [ Transports: WIFI Capabilities: NOT_METERED&INTERNET&NOT_RESTRICTED&TRUSTED&NOT_VPN&VALIDATED&NOT_ROAMING&FOREGROUND&NOT_CONGESTED&NOT_SUSPENDED&NOT_VCN_MANAGED&NOT_BANDWIDTH_CONSTRAINED LinkUpBandwidth>=12000Kbps LinkDnBandwidth>=60000Kbps TransportInfo: <SSID: <unknown ssid>, BSSID: 02:00:00:00:00:00, MAC: 02:00:00:00:00:00, IP: /192.168.1.136, Security type: 2, Supplicant state: COMPLETED, Wi-Fi standard: 11ac, RSSI: -32, Link speed: 780Mbps, Tx Link speed: 780Mbps, Max Supported Tx Link speed: 866Mbps, Rx Link speed: 585Mbps, Max Supported Rx Link speed: 866Mbps, Frequency: 5180MHz, Net ID: -1, Metered hint: false, score: 60, isUsable: true, CarrierMerged: false, SubscriptionId: -1, IsPrimary: 1, Trusted: true, Restricted: false, Ephemeral: false, OEM paid: false, OEM private: false, OSU AP: false, FQDN: <none>, Provider friendly name: <none>, Requesting package name: <none><none>MLO Information: , Is TID-To-Link negotiation supported by the AP: false, AP MLD Address: <none>, AP MLO Link Id: <none>, AP MLO Affiliated links: <none>, Vendor Data: <none>> SignalStrength: -32 AdminUids: [1000] SSID: "David_5" UnderlyingNetworks: Null]
04-12 20:42:05.317391  2713  3266 D TelephonyCountryDetector: isWifiConnected: true
04-12 20:42:05.317503  2713  3424 D TelephonyCountryDetector: handleEventWifiConnectivityStateChanged: true
04-12 20:42:05.317555  2713  3424 D TelephonyCountryDetector: getCurrentNetworkCountryIso: invalid countryIso= for phoneId=1, subId=-1
04-12 20:42:05.317560  2713  3424 D TelephonyCountryDetector: Location update was not requested yet
04-12 20:42:05.813896  1344  1737 I AT      : RECV MSGID=4402 [NW_SIGNAL_IND], TXID=ffff, DUMP=841954240000000001030244FFFF30010401040005000000050104000500000006010400000000000701040002000000080104000000000009010100010000000B0110000A000000630000001C0000002C000000000000000E0135001C0000002C000000010000008DFEFFFFF6FFFFFF010000000100000004000000000000000100000000000000000000000000000001000000000000000F01010001000000140100000000000000000000FF7F0100FF7F35001C0000002C000000010000008DFEFFFFF6FFFFFF01000000010000000400000000000000010000000000000000000000000000000100000000000000170100000000000000000000FE7F0100FE7F38001C0000002C000000010000008DFEFFFFF6FFFFFF01000000010000000400000000000000010000000000000000000000000000000100000000000000
04-12 20:42:05.814695  1344  1786 D RmmNwUrcHdlr: [0] [handleSignalStrength]:sigRegisted[0000], sigUpdated[0X04]
04-12 20:42:05.815795  2713  2713 D MtkSSCtr: [0] old:{level:3, raw:SignalStrength:{mAverageLevel=-1mCdma=CellSignalStrengthCdma: cdmaDbm=2147483647 cdmaEcio=2147483647 evdoDbm=2147483647 evdoEcio=2147483647 evdoSnr=2147483647 level=0,mGsm=CellSignalStrengthGsm: rssi=2147483647 ber=2147483647 mTa=2147483647 mLevel=0,mWcdma=CellSignalStrengthWcdma: ss=-95 ber=99 rscp=-93 ecno=-4 level=2,mTdscdma=CellSignalStrengthTdscdma: rssi=2147483647 ber=2147483647 rscp=2147483647 level=0,mLte=CellSignalStrengthLte: rssi=2147483647 rsrp=2147483647 rsrq=2147483647 rssnr=2147483647 cqiTableIndex=2147483647 cqi=2147483647 ta=2147483647 level=0 parametersUseForLevel=1,mNr=CellSignalStrengthNr:{ csiRsrp = 2147483647 csiRsrq = 2147483647 csiCqiTableIndex = 2147483647 csiCqiReport = [] ssRsrp = 2147483647 ssRsrq = 2147483647 ssSinr = 2147483647 level = 0 parametersUseForLevel = 1 timingAdvance = 2147483647 },primary=CellSignalStrengthWcdma}}
04-12 20:42:05.815946  2713  2713 D TranSignalSmooth: [calculateDalayLevel] averageLevel: 4, level: 3
04-12 20:42:05.817251  2713  2713 D MtkSSCtr: [0] new:{level:4, raw:SignalStrength:{mAverageLevel=4mCdma=CellSignalStrengthCdma: cdmaDbm=2147483647 cdmaEcio=2147483647 evdoDbm=2147483647 evdoEcio=2147483647 evdoSnr=2147483647 level=0,mGsm=CellSignalStrengthGsm: rssi=2147483647 ber=2147483647 mTa=2147483647 mLevel=0,mWcdma=CellSignalStrengthWcdma: ss=-93 ber=99 rscp=-92 ecno=-2 level=2,mTdscdma=CellSignalStrengthTdscdma: rssi=2147483647 ber=2147483647 rscp=2147483647 level=0,mLte=CellSignalStrengthLte: rssi=2147483647 rsrp=2147483647 rsrq=2147483647 rssnr=2147483647 cqiTableIndex=2147483647 cqi=2147483647 ta=2147483647 level=0 parametersUseForLevel=1,mNr=CellSignalStrengthNr:{ csiRsrp = 2147483647 csiRsrq = 2147483647 csiCqiTableIndex = 2147483647 csiCqiReport = [] ssRsrp = 2147483647 ssRsrq = 2147483647 ssSinr = 2147483647 level = 0 parametersUseForLevel = 1 timingAdvance = 2147483647 },primary=CellSignalStrengthWcdma}}, 
