04-12 20:41:45.311171  6483  6483 E SystemMonitorUtils:  error to open /dev/ensignal file e=android.system.ErrnoException: open failed: EACCES (Permission denied)
04-12 20:41:45.311863  1750  2585 D ActivityTaskManager: isControllerAMonkey mController = null,mControllerIsAMonkey = false
04-12 20:41:45.312823  2466  2508 D TranAlarmAlignManager: alarmAlign system not ready:false,align:null
04-12 20:41:45.313884  1750  4408 D ActivityTaskManager: isControllerAMonkey mController = null,mControllerIsAMonkey = false
04-12 20:41:45.315709  1750  4357 V AlarmManager: set(null) : type=2 triggerAtTime=58387 win=21968 tElapsed=58387 maxElapsed=80355 interval=0 flags=0x0
04-12 20:41:45.317567  2466  5647 D TranAlarmAlignManager: alarmAlign system not ready:false,align:null
04-12 20:41:45.325752  1750  1978 I os.SecurityComLice: It's not protected pkg, userId: 0
04-12 20:41:45.329419  1750  3011 D CompatChangeReporter: Compat change id reported: 297989574; UID 10133; state: ENABLED
04-12 20:41:45.333423  1750  1887 E JobScheduler.JobStatus: App com.google.android.apps.wellbeing became active but still in NEVER bucket
04-12 20:41:45.337425  1750  4400 D ActivityTaskManager: isControllerAMonkey mController = null,mControllerIsAMonkey = false
04-12 20:41:45.350624  1750  4400 V AlarmManager: set(PendingIntent{f0a52a: PendingIntentRecord{1454f1b com.google.android.apps.wellbeing broadcastIntent}}) : type=1 triggerAtTime=1776049200000 win=3600000 tElapsed=51523783 maxElapsed=55123783 interval=0 flags=0x0
04-12 20:41:45.353630  2466  2508 D TranAlarmAlignManager: alarmAlign system not ready:false,align:null
04-12 20:41:45.359659  1750  4357 W PackageManager: Cannot suspend package "com.transsion.statisticalsales": has OP_SYSTEM_EXEMPT_FROM_SUSPENSION set
04-12 20:41:45.359756  1750  4357 W PackageManager: Cannot suspend package "com.transsion.connectx.mirror.source": has OP_SYSTEM_EXEMPT_FROM_SUSPENSION set
04-12 20:41:45.363053  1750  4357 W PackageManager: Cannot suspend package "com.transsion.inearmonitor": has OP_SYSTEM_EXEMPT_FROM_SUSPENSION set
04-12 20:41:45.363175  1750  4357 W PackageManager: Cannot suspend package "com.android.dynsystem": has OP_SYSTEM_EXEMPT_FROM_SUSPENSION set
04-12 20:41:45.363401  1750  4357 W PackageManager: Cannot suspend package "com.transsion.spacesaversdk": has OP_SYSTEM_EXEMPT_FROM_SUSPENSION set
04-12 20:41:45.363821  1750  4357 W PackageManager: Cannot suspend package "com.mediatek.location.lppe.main": has OP_SYSTEM_EXEMPT_FROM_SUSPENSION set
04-12 20:41:45.363850  6451  6508 W PowerProfile: ambient.on is deprecated! Use ambient.on.display0 instead.
04-12 20:41:45.363872  6451  6508 W PowerProfile: screen.on is deprecated! Use screen.on.display0 instead.
04-12 20:41:45.363880  6451  6508 W PowerProfile: screen.full is deprecated! Use screen.full.display0 instead.
04-12 20:41:45.363927  6451  6508 W ModemPowerProfile: getAverageBatteryDrainMaH called with unexpected key: 0x0, drain:SLEEP,RAT:DEFAULT
04-12 20:41:45.363953  6451  6508 W ModemPowerProfile: getAverageBatteryDrainMaH called with unexpected key: 0x10000000, drain:IDLE,RAT:DEFAULT
04-12 20:41:45.363967  6451  6508 W ModemPowerProfile: getAverageBatteryDrainMaH called with unexpected key: 0x20000000, drain:RX,RAT:DEFAULT
04-12 20:41:45.363976  6451  6508 W ModemPowerProfile: getAverageBatteryDrainMaH called with unexpected key: 0x30000000, drain:TX,level:0,RAT:DEFAULT
04-12 20:41:45.363982  6451  6508 W ModemPowerProfile: getAverageBatteryDrainMaH called with unexpected key: 0x31000000, drain:TX,level:1,RAT:DEFAULT
04-12 20:41:45.363986  6451  6508 W ModemPowerProfile: getAverageBatteryDrainMaH called with unexpected key: 0x32000000, drain:TX,level:2,RAT:DEFAULT
04-12 20:41:45.363992  6451  6508 W ModemPowerProfile: getAverageBatteryDrainMaH called with unexpected key: 0x33000000, drain:TX,level:3,RAT:DEFAULT
04-12 20:41:45.363997  6451  6508 W ModemPowerProfile: getAverageBatteryDrainMaH called with unexpected key: 0x34000000, drain:TX,level:4,RAT:DEFAULT
04-12 20:41:45.364146  1750  4357 W PackageManager: Cannot suspend package "com.mediatek.schpwronoff": has OP_SYSTEM_EXEMPT_FROM_SUSPENSION set
04-12 20:41:45.364274  6451  6508 D TranClassInfo: instance successfully. com.transsion.hubcore.view.TranDisplayImpl@14d508a from com.transsion.hubcore.view.ITranDisplay
04-12 20:41:45.364901  1750  4357 W PackageManager: Cannot suspend package "com.mediatek.simprocessor": has OP_SYSTEM_EXEMPT_FROM_SUSPENSION set
04-12 20:41:45.367979  1750  4400 D ActivityTaskManager: isControllerAMonkey mController = null,mControllerIsAMonkey = false
04-12 20:41:45.368436  1750  4357 W PackageManager: Cannot suspend package "com.transsion.iotservice": has OP_SYSTEM_EXEMPT_FROM_SUSPENSION set
04-12 20:41:45.368620  1750  4357 W PackageManager: Cannot suspend package "com.mediatek.omacp": has OP_SYSTEM_EXEMPT_FROM_SUSPENSION set
04-12 20:41:45.369760  1750  4357 W PackageManager: Cannot suspend package "com.transsion.settings.flexbutton": has OP_SYSTEM_EXEMPT_FROM_SUSPENSION set
04-12 20:41:45.370101  1750  1887 D ActivityTaskManager: isControllerAMonkey mController = null,mControllerIsAMonkey = false
04-12 20:41:45.372481  1750  4357 W PackageManager: Cannot suspend package "com.android.vending": required for package verification
04-12 20:41:45.372731  1750  4357 W PackageManager: Cannot suspend package "com.transsion.settings.bluetooth": has OP_SYSTEM_EXEMPT_FROM_SUSPENSION set
04-12 20:41:45.373740  1750  4407 E JobScheduler.JobStatus: App com.google.android.apps.wellbeing became active but still in NEVER bucket
04-12 20:41:45.377311  1750  4357 W PackageManager: Cannot suspend package "android": has OP_SYSTEM_EXEMPT_FROM_SUSPENSION set
04-12 20:41:45.377416  1750  4357 W PackageManager: Cannot suspend package "com.transsion.multiwindow": has OP_SYSTEM_EXEMPT_FROM_SUSPENSION set
04-12 20:41:45.377430  1750  1964 I ActivityManager: Start proc 6580:com.google.android.gms.unstable/u0a232 for service {com.google.android.gms/com.google.android.gms.chimera.UnstableInternalBoundBrokerService}
04-12 20:41:45.377732  1750  1964 I START_DEBUG: send START_TIMEOUT message    ProcessRecord :ProcessRecord{4e046d0 6580:com.google.android.gms.unstable/u0a232}
04-12 20:41:45.378136  1750  1964 I ActivityManager: ProcessObserver broadcast disabled
04-12 20:41:45.379258  1750  4357 W PackageManager: Cannot suspend package "com.autotest.factory_reset_stress": has OP_SYSTEM_EXEMPT_FROM_SUSPENSION set
04-12 20:41:45.379361  1750  4357 W PackageManager: Cannot suspend package "com.xui.xhide": has OP_SYSTEM_EXEMPT_FROM_SUSPENSION set
04-12 20:41:45.383594  1750  1887 V AlarmManager: set(PendingIntent{858e439: PendingIntentRecord{1454f1b com.google.android.apps.wellbeing broadcastIntent}}) : type=1 triggerAtTime=1776049200000 win=3600000 tElapsed=51523783 maxElapsed=55123783 interval=0 flags=0x0
04-12 20:41:45.393861  1750  4407 I UsfSystemServer/appSceneHooker: duplicate service bind status, skip
04-12 20:41:45.397004  1750  4357 W PackageManager: Cannot suspend package "com.transsion.faceid": has OP_SYSTEM_EXEMPT_FROM_SUSPENSION set
04-12 20:41:45.397059  1750  4408 D UsfSystemServer/appSceneHooker: action is empty in service bind status
04-12 20:41:45.397220  1750  4357 W PackageManager: Cannot suspend package "com.google.android.permissioncontroller": required for permissions management
04-12 20:41:45.397866  1750  2983 V ActivityManager: New death recipient com.android.server.am.ActivityManagerService$AppDeathRecipient@85e4da9 for thread android.os.BinderProxy@586bf2e
04-12 20:41:45.399150  1750  2983 I START_DEBUG: send BINDTIMEOUT    ProcessRecord :ProcessRecord{4e046d0 6580:com.google.android.gms.unstable/u0a232}
04-12 20:41:45.399252  1750  2983 I START_DEBUG: remove START_TIMEOUT finish    ProcessRecord :ProcessRecord{4e046d0 6580:com.google.android.gms.unstable/u0a232}
04-12 20:41:45.399314  1750  2983 D os.ActivityManagerServiceLice: make process active com.google.android.gms.unstable(6580)
04-12 20:41:45.399865  6580  6598 I ActivityThread:  enable system monitor for package: com.google.android.gms.unstable
04-12 20:41:45.400200  6580  6580 E SystemMonitorUtils:  error to open /dev/ensignal file e=android.system.ErrnoException: open failed: EACCES (Permission denied)
04-12 20:41:45.401171  1750  4350 I START_DEBUG: remove BIND_TIMEOUT finish    ProcessRecord :ProcessRecord{8a4cfa0 6483:com.transsion.dualapp/u0a111}
04-12 20:41:45.401297  2466  2508 D TranAlarmAlignManager: alarmAlign system not ready:false,align:null
04-12 20:41:45.401544  1750  2983 I AppWidgetServiceImpl: getInstalledProvidersForProfiles() 0
04-12 20:41:45.401660  6580  6598 D TranClassInfo: instance successfully. com.transsion.common.thubutils.AppProperties@9d92679 from com.transsion.hubsdk.thubutils.IAppProperties
04-12 20:41:45.401744  6580  6598 I AppProperties: enter initialize com.google.android.gms
04-12 20:41:45.401825  1750  4357 W PackageManager: Cannot suspend package "com.android.providers.settings": has OP_SYSTEM_EXEMPT_FROM_SUSPENSION set
04-12 20:41:45.401833  6580  6598 I AppProperties: readAllPropFiles directoryPath=/system_ext/etc/vconfig/com.google.android.gms/
04-12 20:41:45.401868  6580  6598 I AppProperties: enter readPropFiles count=0
04-12 20:41:45.401873  6580  6598 I AppProperties: readAllPropFiles directoryPath=/tr_product/etc/vconfig/com.google.android.gms/
04-12 20:41:45.401871  1750  4357 W PackageManager: Cannot suspend package "com.transsion.launcher3": contains the active launcher
04-12 20:41:45.401883  6580  6598 I AppProperties: enter readPropFiles count=0
04-12 20:41:45.401887  6580  6598 I AppProperties: readAllPropFiles directoryPath=/tr_region/etc/vconfig/com.google.android.gms/
04-12 20:41:45.401896  6580  6598 I AppProperties: enter readPropFiles count=0
04-12 20:41:45.401911  6580  6598 I AppProperties: readAllPropFiles directoryPath=/tr_carrier/etc/vconfig/com.google.android.gms/
04-12 20:41:45.401923  6580  6598 I AppProperties: enter readPropFiles count=0
04-12 20:41:45.401927  6580  6598 I AppProperties: readAllPropFiles directoryPath=/tr_company/etc/vconfig/com.google.android.gms/
04-12 20:41:45.401934  6580  6598 I AppProperties: enter readPropFiles count=0
04-12 20:41:45.401936  6580  6598 I AppProperties: readAllPropFiles directoryPath=/tranfs/etc/vconfig/com.google.android.gms/
04-12 20:41:45.401962  6580  6598 I AppProperties: enter readPropFiles count=0
04-12 20:41:45.402120  1750  4407 I AppWidgetServiceImpl: notifyProviderInheritance() 0
04-12 20:41:45.404771  1750  4357 W PackageManager: Cannot suspend package "com.mediatek.batterywarning": has OP_SYSTEM_EXEMPT_FROM_SUSPENSION set
04-12 20:41:45.406740  1750  4357 I os.SecurityComLice: It's not protected pkg, userId: 0
04-12 20:41:45.406941  1750  4357 W PackageManager: Cannot suspend package "com.transsion.phonemanager": has OP_SYSTEM_EXEMPT_FROM_SUSPENSION set
04-12 20:41:45.407050  1750  4357 W PackageManager: Cannot suspend package "com.android.inputdevices": has OP_SYSTEM_EXEMPT_FROM_SUSPENSION set
04-12 20:41:45.407371  1750  4357 W PackageManager: Cannot suspend package "com.mediatek": has OP_SYSTEM_EXEMPT_FROM_SUSPENSION set
04-12 20:41:45.407587  1750  4357 W PackageManager: Cannot suspend package "com.transsion.ossettingsext": has OP_SYSTEM_EXEMPT_FROM_SUSPENSION set
04-12 20:41:45.407707  1750  4357 W PackageManager: Cannot suspend package "com.transsion.settings.wifi": has OP_SYSTEM_EXEMPT_FROM_SUSPENSION set
04-12 20:41:45.408299  1750  4357 W PackageManager: Cannot suspend package "com.transsion.guideservice": has OP_SYSTEM_EXEMPT_FROM_SUSPENSION set
04-12 20:41:45.408504  1750  4357 W PackageManager: Cannot suspend package "com.transsion.audiosmartconnect": has OP_SYSTEM_EXEMPT_FROM_SUSPENSION set
04-12 20:41:45.410050  1750  4357 W PackageManager: Cannot suspend package "com.transsion.zahooc": has OP_SYSTEM_EXEMPT_FROM_SUSPENSION set
04-12 20:41:45.410225  1750  4357 W PackageManager: Cannot suspend package "com.android.server.telecom": has OP_SYSTEM_EXEMPT_FROM_SUSPENSION set
04-12 20:41:45.410271  1750  4357 W PackageManager: Cannot suspend package "com.android.keychain": has OP_SYSTEM_EXEMPT_FROM_SUSPENSION set
04-12 20:41:45.410508  1750  4357 W PackageManager: Cannot suspend package "com.google.android.packageinstaller": required for package installation
04-12 20:41:45.410940  1750  4357 W PackageManager: Cannot suspend package "tech.palm.find": protected package
04-12 20:41:45.411483  1750  4357 W PackageManager: Cannot suspend package "com.android.localtransport": has OP_SYSTEM_EXEMPT_FROM_SUSPENSION set
04-12 20:41:45.412582  1750  4357 W PackageManager: Cannot suspend package "com.transsion.batterylab": has OP_SYSTEM_EXEMPT_FROM_SUSPENSION set
04-12 20:41:45.412795  1750  4357 W PackageManager: Cannot suspend package "com.android.DeviceAsWebcam": has OP_SYSTEM_EXEMPT_FROM_SUSPENSION set
04-12 20:41:45.412855  1750  4357 W PackageManager: Cannot suspend package "com.transsion": has OP_SYSTEM_EXEMPT_FROM_SUSPENSION set
04-12 20:41:45.414672  1750  4357 W PackageManager: Cannot suspend package "com.goodix.fingerprint.setting": has OP_SYSTEM_EXEMPT_FROM_SUSPENSION set
04-12 20:41:45.414801  1750  4357 W PackageManager: Cannot suspend package "com.transsion.tranengine": has OP_SYSTEM_EXEMPT_FROM_SUSPENSION set
04-12 20:41:45.415059  1750  4357 W PackageManager: Cannot suspend package "com.transsion.screencapture": has OP_SYSTEM_EXEMPT_FROM_SUSPENSION set
04-12 20:41:45.415185  1750  4357 W PackageManager: Cannot suspend package "com.transsion.overlaysuw": has OP_SYSTEM_EXEMPT_FROM_SUSPENSION set
04-12 20:41:45.415373  1750  4357 W PackageManager: Cannot suspend package "com.silead.factorytest": has OP_SYSTEM_EXEMPT_FROM_SUSPENSION set
04-12 20:41:45.416718  1750  4407 D BiometricService: canAuthenticate: User=0, Caller=0, Authenticators=65536
04-12 20:41:45.417462  1750  4407 D BiometricService/PreAuthInfo: getCanAuthenticateInternal Modality: 0 AuthenticatorStatus: 13
04-12 20:41:45.417518  1750  4407 D AuthService: canAuthenticate, userId: 0, callingUserId: 0, authenticators: 65536, result: 20
04-12 20:41:45.418126  1750  4357 W PackageManager: Cannot suspend package "com.transsion.smartpanel": has OP_SYSTEM_EXEMPT_FROM_SUSPENSION set
04-12 20:41:45.418285  1750  4357 W PackageManager: Cannot suspend package "com.transsion.microintelligence": has OP_SYSTEM_EXEMPT_FROM_SUSPENSION set
04-12 20:41:45.419543  1750  1887 D BiometricService: canAuthenticate: User=0, Caller=0, Authenticators=255
04-12 20:41:45.419673  1750  1887 D BiometricService/PreAuthInfo: Package: com.google.android.gms Sensor ID: 4 Modality: 8 User id: 0 Status: 4
04-12 20:41:45.420592  1750  4357 W PackageManager: Cannot suspend package "com.transsion.spld": has OP_SYSTEM_EXEMPT_FROM_SUSPENSION set
04-12 20:41:45.420658  1750  4357 W PackageManager: Cannot suspend package "com.transsion.succ": has OP_SYSTEM_EXEMPT_FROM_SUSPENSION set
04-12 20:41:45.420711  1750  4357 W PackageManager: Cannot suspend package "com.transsion.tabe": has OP_SYSTEM_EXEMPT_FROM_SUSPENSION set
04-12 20:41:45.420773  1750  4357 W PackageManager: Cannot suspend package "com.transsion.teop": has OP_SYSTEM_EXEMPT_FROM_SUSPENSION set
04-12 20:41:45.420873  1750  4357 W PackageManager: Cannot suspend package "com.android.settings": has OP_SYSTEM_EXEMPT_FROM_SUSPENSION set
04-12 20:41:45.420883  1750  1887 D TranFingerprintComponentImpl: isSystemCloneUser userId = 0
04-12 20:41:45.420922  1750  1887 D TranFingerprintComponentImpl: isSystemCloneUser userId = 0
04-12 20:41:45.420937  1750  1887 D TranFingerprintComponentImpl: isSystemCloneUser userId = 0
04-12 20:41:45.420952  1750  1887 D BiometricService/PreAuthInfo: Package: com.google.android.gms Sensor ID: 5 Modality: 2 User id: 0 Status: 7
04-12 20:41:45.421021  1750  1887 D BiometricService/PreAuthInfo: getCanAuthenticateInternal Modality: 2 AuthenticatorStatus: 7
04-12 20:41:45.421038  1750  1887 D AuthService: canAuthenticate, userId: 0, callingUserId: 0, authenticators: 255, result: 11
04-12 20:41:45.421955  1750  4408 E JobScheduler.JobStatus: App com.google.android.apps.wellbeing became active but still in NEVER bucket
04-12 20:41:45.422487  1750  4357 W PackageManager: Cannot suspend package "com.sh.smart.caller": is the default dialer
04-12 20:41:45.422672  1750  4357 W PackageManager: Cannot suspend package "com.transsion.tranradionet": has OP_SYSTEM_EXEMPT_FROM_SUSPENSION set
04-12 20:41:45.422758  1750  4357 W PackageManager: Cannot suspend package "com.transsion.net.wifi": has OP_SYSTEM_EXEMPT_FROM_SUSPENSION set
04-12 20:41:45.422854  1750  4357 W PackageManager: Cannot suspend package "com.transsion.systemupdate": has OP_SYSTEM_EXEMPT_FROM_SUSPENSION set
04-12 20:41:45.423028  1750  4357 W PackageManager: Cannot suspend package "com.transsion.letswitch": has OP_SYSTEM_EXEMPT_FROM_SUSPENSION set
04-12 20:41:45.423149  1750  4357 W PackageManager: Cannot suspend package "com.android.location.fused": has OP_SYSTEM_EXEMPT_FROM_SUSPENSION set
04-12 20:41:45.423301  1750  4357 W PackageManager: Cannot suspend package "com.transsion.kolun.aiservice": has OP_SYSTEM_EXEMPT_FROM_SUSPENSION set
04-12 20:41:45.423328  1750  4357 W PackageManager: Cannot suspend package "com.geniex.vsimhelper": has OP_SYSTEM_EXEMPT_FROM_SUSPENSION set
04-12 20:41:45.423369  1750  4357 W PackageManager: Cannot suspend package "com.transsion.infinixled": has OP_SYSTEM_EXEMPT_FROM_SUSPENSION set
04-12 20:41:45.423388  1750  4357 W PackageManager: Cannot suspend package "tech.palm.id": protected package
04-12 20:41:45.423436  1750  4357 W PackageManager: Cannot suspend package "com.transsion.settings.nfc": has OP_SYSTEM_EXEMPT_FROM_SUSPENSION set
04-12 20:41:45.423486  1750  4357 W PackageManager: Cannot suspend package "com.transsion.thub.res": has OP_SYSTEM_EXEMPT_FROM_SUSPENSION set
04-12 20:41:45.423581  1750  4357 W PackageManager: Cannot suspend package "com.transsion.tranfacmode": has OP_SYSTEM_EXEMPT_FROM_SUSPENSION set
04-12 20:41:45.423647  1750  4357 W PackageManager: Cannot suspend package "com.transsion.tranvoicecommand": has OP_SYSTEM_EXEMPT_FROM_SUSPENSION set
04-12 20:41:45.423723  1750  4357 W PackageManager: Cannot suspend package "com.transsion.aod": has OP_SYSTEM_EXEMPT_FROM_SUSPENSION set
04-12 20:41:45.423746  1750  4357 W PackageManager: Cannot suspend package "com.transsion.mol": has OP_SYSTEM_EXEMPT_FROM_SUSPENSION set
04-12 20:41:45.423771  1750  4357 W PackageManager: Cannot suspend package "com.transsion.spl": has OP_SYSTEM_EXEMPT_FROM_SUSPENSION set
04-12 20:41:45.423789  1750  4357 W PackageManager: Cannot suspend package "com.transsion.sru": has OP_SYSTEM_EXEMPT_FROM_SUSPENSION set
04-12 20:41:45.423815  1750  4357 W PackageManager: Cannot suspend package "com.transsion.usf": has OP_SYSTEM_EXEMPT_FROM_SUSPENSION set
04-12 20:41:45.424174  1750  4357 W os.SecurityComLice: Can't suspend package: com.scorpio.securitycom
04-12 20:41:45.424319  1750  4357 W TranAntiCrossComponentImpl: Can't suspend package: com.google.android.setupwizard
04-12 20:41:45.438904  1750  1964 I ActivityManager: Start proc 6540:com.transsion.tranfacmode/1000 for broadcast {com.transsion.tranfacmode/com.transsion.tranfacmode.receiver.boot.BootReceiver}
04-12 20:41:45.439210  1750  1964 I START_DEBUG: send START_TIMEOUT message    ProcessRecord :ProcessRecord{b31aaf4 6540:com.transsion.tranfacmode/1000}
04-12 20:41:45.439224  1750  1964 I ActivityManager: ProcessObserver broadcast disabled
04-12 20:41:45.444873  1750  4408 D ActivityTaskManager: isControllerAMonkey mController = null,mControllerIsAMonkey = false
04-12 20:41:45.462319  1750  4357 V ActivityManager: New death recipient com.android.server.am.ActivityManagerService$AppDeathRecipient@72649ee for thread android.os.BinderProxy@1e82e8f
04-12 20:41:45.468662  1750  4357 D CompatChangeReporter: Compat change id reported: 151861875; UID 1000; state: ENABLED
04-12 20:41:45.469547  1750  4357 I START_DEBUG: send BINDTIMEOUT    ProcessRecord :ProcessRecord{b31aaf4 6540:com.transsion.tranfacmode/1000}
04-12 20:41:45.469569  1750  4357 I START_DEBUG: remove START_TIMEOUT finish    ProcessRecord :ProcessRecord{b31aaf4 6540:com.transsion.tranfacmode/1000}
04-12 20:41:45.469670  1750  4357 D os.ActivityManagerServiceLice: make process active com.transsion.tranfacmode(6540)
04-12 20:41:45.470838  1750  2549 D CompatChangeReporter: Compat change id reported: 311208629; UID 10111; state: ENABLED
04-12 20:41:45.472492  6540  6613 I ActivityThread:  enable system monitor for package: com.transsion.tranfacmode
04-12 20:41:45.473031  1750  2695 I UsfSystemServer/appSceneHooker: duplicate service bind status, skip
04-12 20:41:45.473932  6540  6613 D TranClassInfo: instance successfully. com.transsion.common.thubutils.AppProperties@e5e740 from com.transsion.hubsdk.thubutils.IAppProperties
04-12 20:41:45.474022  6540  6613 I AppProperties: enter initialize com.transsion.tranfacmode
04-12 20:41:45.474115  6540  6613 I AppProperties: readAllPropFiles directoryPath=/system_ext/etc/vconfig/com.transsion.tranfacmode/
04-12 20:41:45.474171  6540  6613 I AppProperties: enter readPropFiles count=0
04-12 20:41:45.474179  6540  6613 I AppProperties: readAllPropFiles directoryPath=/tr_product/etc/vconfig/com.transsion.tranfacmode/
04-12 20:41:45.474194  6540  6613 I AppProperties: enter readPropFiles count=0
04-12 20:41:45.474205  6540  6613 I AppProperties: readAllPropFiles directoryPath=/tr_region/etc/vconfig/com.transsion.tranfacmode/
04-12 20:41:45.474223  6540  6613 I AppProperties: enter readPropFiles count=0
04-12 20:41:45.474228  6540  6613 I AppProperties: readAllPropFiles directoryPath=/tr_carrier/etc/vconfig/com.transsion.tranfacmode/
04-12 20:41:45.474238  6540  6613 I AppProperties: enter readPropFiles count=0
04-12 20:41:45.474241  6540  6613 I AppProperties: readAllPropFiles directoryPath=/tr_company/etc/vconfig/com.transsion.tranfacmode/
04-12 20:41:45.474248  6540  6613 I AppProperties: enter readPropFiles count=0
04-12 20:41:45.474252  6540  6613 I AppProperties: readAllPropFiles directoryPath=/tranfs/etc/vconfig/com.transsion.tranfacmode/
04-12 20:41:45.475989  6540  6540 E SystemMonitorUtils:  error to open /dev/ensignal file e=android.system.ErrnoException: open failed: EACCES (Permission denied)
04-12 20:41:45.476066  6540  6540 E SystemMonitorUtils:  error to open /dev/ensignal file e=android.system.ErrnoException: open failed: EACCES (Permission denied)
04-12 20:41:45.483060  6540  6613 I AppProperties: enter readPropFiles count=0
04-12 20:41:45.505935  1750  1750 I UsfSystemServer/appSceneHooker: duplicate service bind status, skip
04-12 20:41:45.506842  5466  5734 D TranClassInfo: instance successfully. com.transsion.hubcore.app.TranNotificationImpl@a585bb0 from com.transsion.hubcore.app.ITranNotification
04-12 20:41:45.511714  1750  1750 I UsfSystemServer/appSceneHooker: duplicate service bind status, skip
04-12 20:41:45.522464  1750  1750 I UsfSystemServer/appSceneHooker: duplicate service bind status, skip
04-12 20:41:45.527605  1750  2695 I START_DEBUG: remove BIND_TIMEOUT finish    ProcessRecord :ProcessRecord{4e046d0 6580:com.google.android.gms.unstable/u0a232}
04-12 20:41:45.528946  1750  1750 I UsfSystemServer/appSceneHooker: duplicate service bind status, skip
04-12 20:41:45.546003  1750  4407 W ActivityManager: pid 3872 com.google.android.gms sent binder code 1 with flags 2 to frozen apps and got error -2147483646
04-12 20:41:45.546064  1750  4407 D ActivityManager: Too many transaction errors, throttling freezer binder callback.
04-12 20:41:45.550445  1750  4367 V ActivityManager: Death received in com.android.server.am.ActivityManagerService$AppDeathRecipient@6f71ca0 for thread android.os.BinderProxy@5b02059
04-12 20:41:45.550680  1750  4367 I ActivityManager: Process com.autotest.factory_reset_stress (pid 5413) has died: cch+5 CEM 
04-12 20:41:45.552235  1750  4367 D os.ActivityManagerServiceLice: make process inactive com.autotest.factory_reset_stress(5413)
04-12 20:41:45.552266  1750  1750 D MBrainLocalService: notifyAppLifeCycle failed
04-12 20:41:45.552871  1750  4367 I START_DEBUG: remove ALL_TIMEOUT cleanup   ProcessRecord :ProcessRecord{c2e3e6c 5413:com.autotest.factory_reset_stress/1000}
04-12 20:41:45.552904  1750  1969 D ActivityTaskManager_Recents: Skipping, user setup not complete: Task{4cfb4bd #6 type=undefined A=10188:com.transsion.magazineservice.xos nonResizable}
04-12 20:41:45.553471  1750  1969 I griffin_dfx_process_died: ApplicationExitInfo(timestamp=2026/4/12 20:41 pid=5413 realUid=1000 packageUid=1000 definingUid=1000 user=0 process=com.autotest.factory_reset_stress reason=0 (UNKNOWN) subreason=0 (UNKNOWN) status=0 importance=400 pss=0.00 rss=0.00 description=null state=empty trace=null exitInfoExt=TranApplicationExitInfoExt{mRecentid=-1, mIsMainProcess=true, mVmsize=-1, mVmlock=-1, mVmHWM=-1, mVmRss=-1, mRssAnon=-1, mRssFile=-1, mRssShmem=-1, mVmSwap=-1, mWorkingState=2, mSchedGroup=-1, mOomAdj=-1, mHostingType='-1, mAlivetime=-1, mIsHiber=false, mHibertime=-1, mHiberReason='-1, mLruReason='-1}
04-12 20:41:45.554591  1750  1969 I griffin_dfx_process_died: ApplicationExitInfo(timestamp=2026/4/12 20:41 pid=5413 realUid=1000 packageUid=1000 definingUid=1000 user=0 process=com.autotest.factory_reset_stress reason=2 (SIGNALED) subreason=0 (UNKNOWN) status=9 importance=400 pss=0.00 rss=0.00 description=null state=empty trace=null exitInfoExt=TranApplicationExitInfoExt{mRecentid=-1, mIsMainProcess=true, mVmsize=-1, mVmlock=-1, mVmHWM=-1, mVmRss=-1, mRssAnon=-1, mRssFile=-1, mRssShmem=-1, mVmSwap=-1, mWorkingState=2, mSchedGroup=-1, mOomAdj=-1, mHostingType='-1, mAlivetime=-1, mIsHiber=false, mHibertime=-1, mHiberReason='-1, mLruReason='-1}
04-12 20:41:45.560745  1750  4367 V os.notification: no need to update importance since is low importance, pkg -> com.google.android.googlequicksearchbox
04-12 20:41:45.565381  1750  1750 I UsfSystemServer/appSceneHooker: duplicate service bind status, skip
04-12 20:41:45.566858  1750  1750 I UsfSystemServer/appSceneHooker: duplicate service bind status, skip
04-12 20:41:45.570523  1750  4367 D os.notification.pre:  add StatusBarNotification 88664274 current size 1
04-12 20:41:45.570618  1750  4367 D os.notification: onEnqueueNotificationInternal wait before
04-12 20:41:45.582348  1750  2113 D os.notification.pre:  add Runnable 111387388 with StatusBarNotification 88664274 current size 1
04-12 20:41:45.582494  1750  2113 D os.notification: onEnqueueNotificationInternal notifyAll
04-12 20:41:45.583928  1750  4367 D os.notification: onEnqueueNotificationInternal wait after
04-12 20:41:45.584472  1750  4367 D os.notification: onEnqueueNotificationInternal StatusBarNotification:StatusBarNotification(pkg=com.google.android.googlequicksearchbox user=UserHandle{0} id=0 tag=-1543423057::SUMMARY::ct key=0|com.google.android.googlequicksearchbox|0|-1543423057::SUMMARY::ct|10233: Notification(channel=74 shortcut=null contentView=null vibrate=null sound=null defaults=0 flags=GROUP_SUMMARY color=0x00000000 groupKey=-1543423057::SUMMARY::ct vis=PRIVATE publicVersion=Notification(channel=null shortcut=null contentView=null vibrate=null sound=null defaults=0 flags=0 color=0x00000000 vis=PRIVATE))) callingUid:10233 sn:2 res:true
04-12 20:41:45.585588  1750  2249 D os.notification.pre:  remove Runnable 111387388 with StatusBarNotification 88664274 for puppet run current size 0
04-12 20:41:45.600055  1750  4400 V os.notification: no need to update importance since is low importance, pkg -> com.google.android.googlequicksearchbox
04-12 20:41:45.601864  1750  4400 D os.notification.pre:  add StatusBarNotification 223085157 current size 1
04-12 20:41:45.601969  1750  4400 D os.notification: onEnqueueNotificationInternal wait before
04-12 20:41:45.605270  1750  2113 D os.notification.pre:  add Runnable 103880989 with StatusBarNotification 223085157 current size 1
04-12 20:41:45.605393  1750  2113 D os.notification: onEnqueueNotificationInternal notifyAll
04-12 20:41:45.605434  1750  4400 D os.notification: onEnqueueNotificationInternal wait after
04-12 20:41:45.605470  1750  4400 D os.notification: onEnqueueNotificationInternal StatusBarNotification:StatusBarNotification(pkg=com.google.android.googlequicksearchbox user=UserHandle{0} id=0 tag=-1543423057::a:snotification:[0x34ebef72c09aa412,stories.f,NOTIFICATION] key=0|com.google.android.googlequicksearchbox|0|-1543423057::a:snotification:[0x34ebef72c09aa412,stories.f,NOTIFICATION]|10233: Notification(channel=74 shortcut=null contentView=null vibrate=null sound=null defaults=0 flags=ONLY_ALERT_ONCE color=0x00000000 groupKey=-1543423057::SUMMARY::ct actions=2 vis=PRIVATE)) callingUid:10233 sn:3 res:true
04-12 20:41:45.605884  1750  2249 D os.notification.pre:  remove Runnable 103880989 with StatusBarNotification 223085157 for puppet run current size 0
04-12 20:41:45.617809  1750  2588 V AlarmManager: set(PendingIntent{68f0351: PendingIntentRecord{f8d47b6 com.google.android.googlequicksearchbox broadcastIntent}}) : type=1 triggerAtTime=1776034672000 win=3600000 tElapsed=36995783 maxElapsed=40595783 interval=0 flags=0x0
04-12 20:41:45.622154  6580  6596 D TranClassInfo: instance successfully. com.transsion.hubcore.hardware.TranSystemSensorManagerImpl@5554b3a from com.transsion.hubcore.hardware.ITranSystemSensorManager
04-12 20:41:45.622371  6580  6596 D HeartRateOximetryLiceFactory: HeartRateOximetryLice is supported
04-12 20:41:45.622640  6580  6596 D EngineManager: [trustedPrefixes] start ,isPreinstalledPath is false,prefix is com.transsion.,sourceDir is /data/app/~~MdVePR4_xkAFKkfvfq4aIQ==/com.google.android.gms-WpJNIfWRrgn5vtKGnlcbog==/base.apk,packageName.startsWith(prefix) is false,packageName is com.google.android.gms
04-12 20:41:45.622650  6580  6596 D EngineManager: [trustedPrefixes] start ,isPreinstalledPath is false,prefix is tech.palm.,sourceDir is /data/app/~~MdVePR4_xkAFKkfvfq4aIQ==/com.google.android.gms-WpJNIfWRrgn5vtKGnlcbog==/base.apk,packageName.startsWith(prefix) is false,packageName is com.google.android.gms
04-12 20:41:45.622656  6580  6596 D EngineManager: [trustedPrefixes] start ,isPreinstalledPath is false,prefix is com.mediatek.,sourceDir is /data/app/~~MdVePR4_xkAFKkfvfq4aIQ==/com.google.android.gms-WpJNIfWRrgn5vtKGnlcbog==/base.apk,packageName.startsWith(prefix) is false,packageName is com.google.android.gms
04-12 20:41:45.622661  6580  6596 D EngineManager: [trustedPrefixes] start ,isPreinstalledPath is false,prefix is com.android.,sourceDir is /data/app/~~MdVePR4_xkAFKkfvfq4aIQ==/com.google.android.gms-WpJNIfWRrgn5vtKGnlcbog==/base.apk,packageName.startsWith(prefix) is false,packageName is com.google.android.gms
04-12 20:41:45.622665  6580  6596 D EngineManager: [trustedPrefixes] start ,isPreinstalledPath is false,prefix is com.google.,sourceDir is /data/app/~~MdVePR4_xkAFKkfvfq4aIQ==/com.google.android.gms-WpJNIfWRrgn5vtKGnlcbog==/base.apk,packageName.startsWith(prefix) is true,packageName is com.google.android.gms
04-12 20:41:45.622671  6580  6596 D EngineManager: [trustedPrefixes] start ,isPreinstalledPath is false,prefix is android.,sourceDir is /data/app/~~MdVePR4_xkAFKkfvfq4aIQ==/com.google.android.gms-WpJNIfWRrgn5vtKGnlcbog==/base.apk,packageName.startsWith(prefix) is false,packageName is com.google.android.gms
04-12 20:41:45.622889  2466  2508 D TranAlarmAlignManager: alarmAlign system not ready:false,align:null
04-12 20:41:45.624438  1750  2588 V AlarmManager: set(PendingIntent{1e9978e: PendingIntentRecord{276fbaf com.google.android.gms/com.google.android.gms.core startService}}) : type=3 triggerAtTime=1829406 win=1349999 tElapsed=1829406 maxElapsed=3179405 interval=0 flags=0x0
04-12 20:41:45.624989  6580  6596 D EngineManager: Signature digest whitelist rule matched! Trust granted.
04-12 20:41:45.628247  2466  2508 D TranAlarmAlignManager: alarmAlign system not ready:false,align:null
04-12 20:41:45.630314  3872  6287 D ActivityThread: Loading provider com.google.android.gms.icing.proxy: com.google.android.gms.icing.proxy.InternalIcingCorporaProvider
04-12 20:41:45.633233  1750  1750 D ScreenOrientationDetector: Sensor processing performance: avg=9μs, count=126, total=1ms
04-12 20:41:45.642228  1750  1887 D NotificationService: areNotificationsEnabledForPackage pkg=com.google.android.googlequicksearchbox, uid=10233 enabled = true
04-12 20:41:45.642979  6580  6596 D TranClassInfo: instance successfully. com.transsion.hubcore.view.TranDisplayImpl@d770560 from com.transsion.hubcore.view.ITranDisplay
04-12 20:41:45.644543  1750  2082 D AlarmManager: Package com.google.android.gm for user 0 now in bucket 20
04-12 20:41:45.644896  1750  2082 D AlarmManager: Package com.sh.smart.caller for user 0 now in bucket 20
04-12 20:41:45.680998  1750  1887 D UsfSystemServer/appSceneHooker: action is empty in service bind status
04-12 20:41:45.705070  5466  5596 V ResourcesManager: The following library key has been added: ResourcesKey{ mHash=f15ff6af mResDir=null mSplitDirs=[] mOverlayDirs=[] mLibDirs=[/tr_region/app/WebViewGoogle64/WebViewGoogle64.apk,/tr_region/app/TrichromeLibrary64/TrichromeLibrary64.apk] mDisplayId=0 mOverrideConfig=v36 mCompatInfo={480dpi always-compat} mLoaders=[]}
04-12 20:41:45.736512  1750  2047 V AlarmManager: set(PendingIntent{1553eb8: PendingIntentRecord{e48fdca com.google.android.gms/com.google.android.gms.scheduler broadcastIntent}}) : type=3 triggerAtTime=30515 win=0 tElapsed=34519 maxElapsed=34519 interval=0 flags=0x0
04-12 20:41:45.737441  2466  5647 D TranAlarmAlignManager: alarmAlign system not ready:false,align:null
04-12 20:41:45.753696  1750  4408 V AlarmManager: set(PendingIntent{a860ec4: PendingIntentRecord{e48fdca com.google.android.gms/com.google.android.gms.scheduler broadcastIntent}}) : type=3 triggerAtTime=35859 win=0 tElapsed=35859 maxElapsed=35859 interval=0 flags=0x0
04-12 20:41:45.760716  1750  4367 I UsfSystemServer/appSceneHooker: duplicate service bind status, skip
04-12 20:41:45.761622  2466  5647 D TranAlarmAlignManager: alarmAlign system not ready:false,align:null
04-12 20:41:45.766871  1750  2695 D UsfSystemServer/appSceneHooker: action is empty in service bind status
04-12 20:41:45.785690  1750  2249 D NotificationService: notification = StatusBarNotification(pkg=com.google.android.googlequicksearchbox user=UserHandle{0} id=0 tag=-1543423057::SUMMARY::ct key=0|com.google.android.googlequicksearchbox|0|-1543423057::SUMMARY::ct|10233: Notification(channel=74 shortcut=null contentView=null vibrate=null sound=null defaults=0 flags=GROUP_SUMMARY color=0x00000000 groupKey=-1543423057::SUMMARY::ct vis=PRIVATE publicVersion=Notification(channel=null shortcut=null contentView=null vibrate=null sound=null defaults=0 flags=0 color=0x00000000 vis=PRIVATE))); and importance = 2; and isMediaNotification = false
04-12 20:41:45.787977  1750  2249 D NotificationService: notifyListenersPostedAndLogLocked, NotificationRecord key=0|com.google.android.googlequicksearchbox|0|-1543423057::SUMMARY::ct|10233
04-12 20:41:45.790764  1750  4367 V AlarmManager: set(PendingIntent{e6bc23: PendingIntentRecord{5a2f520 com.google.android.gms/com.google.android.gms.gcm broadcastIntent}}) : type=2 triggerAtTime=34572 win=0 tElapsed=34573 maxElapsed=34573 interval=0 flags=0x21
04-12 20:41:45.793746  2466  2508 D TranAlarmAlignManager: alarmAlign system not ready:false,align:null
04-12 20:41:45.797953  1750  2695 D NotificationService: areNotificationsEnabledForPackage pkg=com.google.android.gms, uid=10232 enabled = true
04-12 20:41:45.804488  3787  3787 D TranClassInfo: instance successfully. com.transsion.hubcore.app.TranNotificationImpl@99f9693 from com.transsion.hubcore.app.ITranNotification
04-12 20:41:45.806270  1750  2249 D NotificationService: notification = StatusBarNotification(pkg=com.google.android.googlequicksearchbox user=UserHandle{0} id=0 tag=-1543423057::a:snotification:[0x34ebef72c09aa412,stories.f,NOTIFICATION] key=0|com.google.android.googlequicksearchbox|0|-1543423057::a:snotification:[0x34ebef72c09aa412,stories.f,NOTIFICATION]|10233: Notification(channel=74 shortcut=null contentView=null vibrate=null sound=null defaults=0 flags=ONLY_ALERT_ONCE color=0x00000000 groupKey=-1543423057::SUMMARY::ct actions=2 vis=PRIVATE)); and importance = 2; and isMediaNotification = false
04-12 20:41:45.807097  1750  2249 D NotificationService: notifyListenersPostedAndLogLocked, NotificationRecord key=0|com.google.android.googlequicksearchbox|0|-1543423057::a:snotification:[0x34ebef72c09aa412,stories.f,NOTIFICATION]|10233
04-12 20:41:45.820767  1750  2249 W NotificationHistory: Attempted to add notif for locked/gone/disabled user 0
04-12 20:41:45.842623  1750  4367 I UsfSystemServer/appSceneHooker: duplicate service bind status, skip
04-12 20:41:45.868821  1750  3675 D ActivityTaskManager: isControllerAMonkey mController = null,mControllerIsAMonkey = false
04-12 20:41:45.869254  1750  3675 I PackageManager: setEnabledSettings callingUid = 10232 callingPid = 3872 packageName = com.google.android.gms.supervision componentName = null callingPackage= com.google.android.gms newState = 2 userId = 0 flags = 0
04-12 20:41:45.873098  1750  3675 E tranpm/ProcessDataInstance: hasLaunchIcon: packageName = null
04-12 20:41:45.873113  1750  3675 E tranpm/ProcessDataInstance: hasLaunchIcon: packageName = null
04-12 20:41:45.880819  5466  5466 D TranClassInfo: instance successfully. com.transsion.hubcore.view.TranDisplayImpl@a7bcd15 from com.transsion.hubcore.view.ITranDisplay
04-12 20:41:45.887143  5466  5466 I DisplayManager: Implicitly registering for refresh rate
04-12 20:41:45.889491  1750  4367 D UsfSystemServer/appSceneHooker: action is empty in service bind status
04-12 20:41:45.898285  1750  4357 D UsfSystemServer/appSceneHooker: action is empty in service bind status
04-12 20:41:45.902130  1750  4367 D NotificationService: areNotificationsEnabledForPackage pkg=com.google.android.gms, uid=10232 enabled = true
04-12 20:41:45.902495  1750  1887 D NotificationService: areNotificationsEnabledForPackage pkg=com.google.android.gms, uid=10232 enabled = true
04-12 20:41:45.903049  1750  2983 D NotificationService: areNotificationsEnabledForPackage pkg=com.google.android.gms, uid=10232 enabled = true
04-12 20:41:45.919468  1750  1964 I ActivityManager: Start proc 6705:com.google.android.webview:sandboxed_process0:org.chromium.content.app.SandboxedProcessService0:0/u0ai9000 for  {com.google.android.googlequicksearchbox/org.chromium.content.app.SandboxedProcessService0:0}
04-12 20:41:45.922283  1750  1964 I START_DEBUG: send START_TIMEOUT message    ProcessRecord :ProcessRecord{6362066 6705:com.google.android.webview:sandboxed_process0:org.chromium.content.app.SandboxedProcessService0:0/u0a233i0}
04-12 20:41:45.923885  1750  1964 I ActivityManager: ProcessObserver broadcast disabled
04-12 20:41:45.924519  1750  4350 V ActivityManager: New death recipient com.android.server.am.ActivityManagerService$AppDeathRecipient@6c5134d for thread android.os.BinderProxy@858de02
04-12 20:41:45.925820  1750  4350 I START_DEBUG: send BINDTIMEOUT    ProcessRecord :ProcessRecord{6362066 6705:com.google.android.webview:sandboxed_process0:org.chromium.content.app.SandboxedProcessService0:0/u0a233i0}
04-12 20:41:45.925853  1750  4350 I START_DEBUG: remove START_TIMEOUT finish    ProcessRecord :ProcessRecord{6362066 6705:com.google.android.webview:sandboxed_process0:org.chromium.content.app.SandboxedProcessService0:0/u0a233i0}
04-12 20:41:45.925913  1750  4350 D os.ActivityManagerServiceLice: make process active com.google.android.webview:sandboxed_process0:org.chromium.content.app.SandboxedProcessService0:0(6705)
04-12 20:41:45.928525  1750  2931 V SettingsProvider: name : tran_cached_contact_info_version appId : 1000
04-12 20:41:45.933563  1750  2585 E tranpm/ProcessDataInstance: hasLaunchIcon: packageName = null
04-12 20:41:45.934722  6705  6713 D TranClassInfo: instance successfully. com.transsion.common.thubutils.AppProperties@cbcb135 from com.transsion.hubsdk.thubutils.IAppProperties
04-12 20:41:45.934867  6705  6713 I AppProperties: enter initialize com.google.android.googlequicksearchbox
04-12 20:41:45.934979  6705  6713 I AppProperties: readAllPropFiles directoryPath=/system_ext/etc/vconfig/com.google.android.googlequicksearchbox/
04-12 20:41:45.935026  6705  6713 I AppProperties: enter readPropFiles count=0
04-12 20:41:45.935034  6705  6713 I AppProperties: readAllPropFiles directoryPath=/tr_product/etc/vconfig/com.google.android.googlequicksearchbox/
04-12 20:41:45.935049  6705  6713 I AppProperties: enter readPropFiles count=0
04-12 20:41:45.935053  6705  6713 I AppProperties: readAllPropFiles directoryPath=/tr_region/etc/vconfig/com.google.android.googlequicksearchbox/
04-12 20:41:45.935065  6705  6713 I AppProperties: enter readPropFiles count=0
04-12 20:41:45.935069  6705  6713 I AppProperties: readAllPropFiles directoryPath=/tr_carrier/etc/vconfig/com.google.android.googlequicksearchbox/
04-12 20:41:45.935078  6705  6713 I AppProperties: enter readPropFiles count=0
04-12 20:41:45.935084  6705  6713 I AppProperties: readAllPropFiles directoryPath=/tr_company/etc/vconfig/com.google.android.googlequicksearchbox/
04-12 20:41:45.935098  6705  6713 I AppProperties: enter readPropFiles count=0
04-12 20:41:45.935104  6705  6713 I AppProperties: readAllPropFiles directoryPath=/tranfs/etc/vconfig/com.google.android.googlequicksearchbox/
04-12 20:41:45.935164  6705  6713 I AppProperties: enter readPropFiles count=0
04-12 20:41:45.941896  1750  2585 E tranpm/ProcessDataInstance: hasLaunchIcon: packageName = null
04-12 20:41:45.942180  1750  3675 I START_DEBUG: remove BIND_TIMEOUT finish    ProcessRecord :ProcessRecord{6362066 6705:com.google.android.webview:sandboxed_process0:org.chromium.content.app.SandboxedProcessService0:0/u0a233i0}
04-12 20:41:45.950432  1750  2585 E tranpm/ProcessDataInstance: hasLaunchIcon: packageName = null
04-12 20:41:45.950641  1750  2585 E tranpm/ProcessDataInstance: hasLaunchIcon: packageName = null
04-12 20:41:45.956466  1750  2585 V AlarmManager: set(PendingIntent{97bc3e5: PendingIntentRecord{7805eba com.google.android.gms/com.google.android.gms.auth_authzen__phone startService}}) : type=3 triggerAtTime=104750110 win=3600000 tElapsed=104750110 maxElapsed=108350110 interval=0 flags=0x0
04-12 20:41:45.958591  2466  5647 D TranAlarmAlignManager: alarmAlign system not ready:false,align:null
04-12 20:41:45.960747  1750  2983 I UsfSystemServer/appSceneHooker: duplicate service bind status, skip
04-12 20:41:45.968543  1750  3011 E tranpm/ProcessDataInstance: hasLaunchIcon: packageName = null
04-12 20:41:45.968555  1750  3011 E tranpm/ProcessDataInstance: hasLaunchIcon: packageName = null
04-12 20:41:46.014963  1750  2983 I UsfSystemServer/appSceneHooker: duplicate service bind status, skip
04-12 20:41:46.032383  1750  1964 I ActivityManager: Start proc 6731:com.google.android.rkpdapp/u0a281 for service {com.google.android.rkpdapp/com.android.rkpdapp.service.RemoteProvisioningService}
04-12 20:41:46.032500  1750  1964 I START_DEBUG: send START_TIMEOUT message    ProcessRecord :ProcessRecord{ba79f18 6731:com.google.android.rkpdapp/u0a281}
04-12 20:41:46.032513  1750  1964 I ActivityManager: ProcessObserver broadcast disabled
04-12 20:41:46.052513  1750  2585 V ActivityManager: New death recipient com.android.server.am.ActivityManagerService$AppDeathRecipient@fe72f9a for thread android.os.BinderProxy@10c60cb
04-12 20:41:46.053641  1750  2585 I START_DEBUG: send BINDTIMEOUT    ProcessRecord :ProcessRecord{ba79f18 6731:com.google.android.rkpdapp/u0a281}
04-12 20:41:46.053666  1750  2585 I START_DEBUG: remove START_TIMEOUT finish    ProcessRecord :ProcessRecord{ba79f18 6731:com.google.android.rkpdapp/u0a281}
04-12 20:41:46.053708  1750  2585 D os.ActivityManagerServiceLice: make process active com.google.android.rkpdapp(6731)
04-12 20:41:46.056752  6731  6754 I ActivityThread:  enable system monitor for package: com.google.android.rkpdapp
04-12 20:41:46.058145  6731  6731 E SystemMonitorUtils:  error to open /dev/ensignal file e=android.system.ErrnoException: open failed: EACCES (Permission denied)
04-12 20:41:46.058232  6731  6731 E SystemMonitorUtils:  error to open /dev/ensignal file e=android.system.ErrnoException: open failed: EACCES (Permission denied)
04-12 20:41:46.068425  6731  6754 D TranClassInfo: instance successfully. com.transsion.common.thubutils.AppProperties@9a3a81f from com.transsion.hubsdk.thubutils.IAppProperties
04-12 20:41:46.068538  6731  6754 I AppProperties: enter initialize com.google.android.rkpdapp
04-12 20:41:46.068786  6731  6754 I AppProperties: readAllPropFiles directoryPath=/system_ext/etc/vconfig/com.google.android.rkpdapp/
04-12 20:41:46.068914  6731  6754 I AppProperties: enter readPropFiles count=0
04-12 20:41:46.068929  6731  6754 I AppProperties: readAllPropFiles directoryPath=/tr_product/etc/vconfig/com.google.android.rkpdapp/
04-12 20:41:46.068951  6731  6754 I AppProperties: enter readPropFiles count=0
04-12 20:41:46.068958  6731  6754 I AppProperties: readAllPropFiles directoryPath=/tr_region/etc/vconfig/com.google.android.rkpdapp/
04-12 20:41:46.069013  6731  6754 I AppProperties: enter readPropFiles count=0
04-12 20:41:46.069022  6731  6754 I AppProperties: readAllPropFiles directoryPath=/tr_carrier/etc/vconfig/com.google.android.rkpdapp/
04-12 20:41:46.069032  6731  6754 I AppProperties: enter readPropFiles count=0
04-12 20:41:46.069036  6731  6754 I AppProperties: readAllPropFiles directoryPath=/tr_company/etc/vconfig/com.google.android.rkpdapp/
04-12 20:41:46.069050  6731  6754 I AppProperties: enter readPropFiles count=0
04-12 20:41:46.069056  6731  6754 I AppProperties: readAllPropFiles directoryPath=/tranfs/etc/vconfig/com.google.android.rkpdapp/
04-12 20:41:46.069290  6731  6754 I AppProperties: enter readPropFiles count=0
04-12 20:41:46.113058  1750  4357 D UsfSystemServer/appSceneHooker: action is empty in service bind status
04-12 20:41:46.116291  1750  4357 I StatusBarManagerService: disableLocked some feature ,what = 2097152 ,displayId = 0 ,pkg = com.transsion.tranfacmode ,net1 = 18874368 ,net2= 0 ,userId = 0 ,token = android.os.BinderProxy@83d2a28 ,whichFlag = 1 ,state.disableEquals = false
04-12 20:41:46.116921  1750  2549 I StatusBarManagerService: disableLocked some feature ,what = 0 ,displayId = 0 ,pkg = com.transsion.tranfacmode ,net1 = 18874368 ,net2= 0 ,userId = 0 ,token = android.os.BinderProxy@83d2a28 ,whichFlag = 2 ,state.disableEquals = true
04-12 20:41:46.117000  1750  2695 I START_DEBUG: remove BIND_TIMEOUT finish    ProcessRecord :ProcessRecord{ba79f18 6731:com.google.android.rkpdapp/u0a281}
04-12 20:41:46.123032  1750  2695 D TABE.AppPermissionProof: initBasePermissionData
04-12 20:41:46.123111  1750  2549 D HolaSettings: getAppHidden() pkgName=com.transsion.letswitch, userId=0, ps=PackageSetting name=com.transsion.letswitch, mUserState={0=PackageUserState hidden=0, enabledComponents=null, disabledComponents={com.transsion.letswitch.upgrade.UpgradeService}}
04-12 20:41:46.142905  1750  1964 I ActivityManager: Start proc 6799:com.google.android.webview:webview_service/u0a255 for service {com.google.android.webview/org.chromium.android_webview.services.ComponentsProviderService}
04-12 20:41:46.152783  1750  1964 I START_DEBUG: send START_TIMEOUT message    ProcessRecord :ProcessRecord{d80e36 6799:com.google.android.webview:webview_service/u0a255}
04-12 20:41:46.152805  1750  1964 I ActivityManager: ProcessObserver broadcast disabled
04-12 20:41:46.154016  1750  6817 I DropBoxManagerService: add tag=system_app_crash isTagEnabled=true flags=0x2
04-12 20:41:46.162205  1750  1750 D NetworkStatusMonitor: updateNetworkStatus, reason is onCapabilitiesChanged
04-12 20:41:46.169832  1750  1969 D ActivityTaskManager_Recents: Skipping, user setup not complete: Task{4cfb4bd #6 type=undefined A=10188:com.transsion.magazineservice.xos nonResizable}
04-12 20:41:46.170421  1750  1969 I griffin_dfx_process_died: ApplicationExitInfo(timestamp=2026/4/12 20:41 pid=6540 realUid=1000 packageUid=1000 definingUid=1000 user=0 process=com.transsion.tranfacmode reason=4 (APP CRASH(EXCEPTION)) subreason=0 (UNKNOWN) status=0 importance=400 pss=0.00 rss=0.00 description=crash state=empty trace=null exitInfoExt=TranApplicationExitInfoExt{mRecentid=-1, mIsMainProcess=true, mVmsize=17196096, mVmlock=0, mVmHWM=-1, mVmRss=149820, mRssAnon=74344, mRssFile=74316, mRssShmem=1160, mVmSwap=0, mWorkingState=-1, mSchedGroup=2, mOomAdj=0, mHostingType='broadcast, mAlivetime=760, mIsHiber=false, mHibertime=-1, mHiberReason='-1, mLruReason='broadcast}
04-12 20:41:46.187600  1750  2588 D ActivityTaskManager: isControllerAMonkey mController = null,mControllerIsAMonkey = false
04-12 20:41:46.212270  5466  6821 D TranClassInfo: instance successfully. com.transsion.camera.camadapter.Implement.TranCamAdapterComponentImpl@863efb6 from com.transsion.hubcore.camadapter.ITranCamAdapterComponent
04-12 20:41:46.212325  5466  6821 D TranClassInfo: instance successfully. com.transsion.hubcore.hardware.camera2.TranCameraManagerImpl@25ab4b7 from com.transsion.hubcore.hardware.camera2.ITranCameraManager
04-12 20:41:46.218086  1750  2130 V AlarmManager: Checking for alarms... rtc=1775997706217, elapsed=30000
04-12 20:41:46.246573  1750  4407 V ActivityManager: New death recipient com.android.server.am.ActivityManagerService$AppDeathRecipient@e1e15a for thread android.os.BinderProxy@8728f8b
04-12 20:41:46.248212  1750  4407 I START_DEBUG: send BINDTIMEOUT    ProcessRecord :ProcessRecord{d80e36 6799:com.google.android.webview:webview_service/u0a255}
04-12 20:41:46.248238  1750  4407 I START_DEBUG: remove START_TIMEOUT finish    ProcessRecord :ProcessRecord{d80e36 6799:com.google.android.webview:webview_service/u0a255}
04-12 20:41:46.248282  1750  4407 D os.ActivityManagerServiceLice: make process active com.google.android.webview:webview_service(6799)
