04-12 20:41:50.485769  1750  1750 D NetworkStatusMonitor: getNetworkTypeFromSnapshot, identity 1 {type=1, ratType=COMBINED, wifiNetworkKey="David_5"wpa2-psk, metered=false, defaultNetwork=true, oemManaged=OEM_NONE, subId=-1, transports={1}}
04-12 20:41:50.485775  1750  1750 D NetworkStatusMonitor: getNetworkTypeFromSnapshot, match wifi
04-12 20:41:50.485778  1750  1750 D NetworkStatusMonitor: getAllInterfaceNames network type is wifi
04-12 20:41:50.485796  1750  1750 D NetworkStatusMonitor: onNetworkTypeChanged wifi => wifi
04-12 20:41:50.485805  1750  1750 D NetworkStatusMonitor: updateInterfaceNameMap
04-12 20:41:50.485812  1750  1750 D NetworkStatusMonitor: updateInterfaceNameMap, wifi:wlan0 
04-12 20:41:50.485815  1750  1750 D NetworkStatusMonitor: updateInterfaceNameMap, mobile:
04-12 20:41:50.486195  1750  3435 D CompatChangeReporter: Compat change id reported: 297989574; UID 10145; state: ENABLED
04-12 20:41:50.487215  7202  7833 D TranClassInfo: instance successfully. com.transsion.hubcore.hardware.TranSystemSensorManagerImpl@570b243 from com.transsion.hubcore.hardware.ITranSystemSensorManager
04-12 20:41:50.487751  7202  7833 D HeartRateOximetryLiceFactory: HeartRateOximetryLice is supported
04-12 20:41:50.488426  7202  7833 D EngineManager: [trustedPrefixes] start ,isPreinstalledPath is true,prefix is com.transsion.,sourceDir is /system_ext/priv-app/Trancare/Trancare.apk,packageName.startsWith(prefix) is true,packageName is com.transsion.trancare
04-12 20:41:50.507285   652   684 I keystore2: system/security/keystore2/src/security_level.rs:245 - caller pid=7202, uid=10144; force = false; key domain=r#KEY_ID, alias = None
04-12 20:41:50.508304   652   684 I keystore2: system/security/keystore2/src/security_level.rs:343 - upgrade_keyblob_if_required_with start
04-12 20:41:50.508991  1750  2312 E tranpm/ProcessDataInstance: hasLaunchIcon: packageName = null
04-12 20:41:50.509006  1750  2312 E tranpm/ProcessDataInstance: hasLaunchIcon: packageName = null
04-12 20:41:50.509724   652   684 I keystore2: system/security/keystore2/src/enforcements.rs:236 - finalize_create_authorization self.state=NoAuthRequired
04-12 20:41:50.509744   652   684 I keystore2: system/security/keystore2/src/security_level.rs:388 - upgrade_keyblob_if_required_with end; operation_db.create_operation start
04-12 20:41:50.509748   652   684 I keystore2: system/security/keystore2/src/security_level.rs:406 - operation_db.create_operation end
04-12 20:41:50.514667   652   684 I keystore2: system/security/keystore2/src/security_level.rs:245 - caller pid=7202, uid=10144; force = false; key domain=r#KEY_ID, alias = None
04-12 20:41:50.514880   652   684 I keystore2: system/security/keystore2/src/security_level.rs:343 - upgrade_keyblob_if_required_with start
04-12 20:41:50.515521  1750  3435 E tranpm/ProcessDataInstance: hasLaunchIcon: packageName = null
04-12 20:41:50.515558  1750  3435 E tranpm/ProcessDataInstance: hasLaunchIcon: packageName = null
04-12 20:41:50.516503  1750  3435 I UsfSystemServer/appSceneHooker: duplicate service bind status, skip
04-12 20:41:50.517485   652   684 I keystore2: system/security/keystore2/src/enforcements.rs:236 - finalize_create_authorization self.state=NoAuthRequired
04-12 20:41:50.517496   652   684 I keystore2: system/security/keystore2/src/security_level.rs:388 - upgrade_keyblob_if_required_with end; operation_db.create_operation start
04-12 20:41:50.517500   652   684 I keystore2: system/security/keystore2/src/security_level.rs:406 - operation_db.create_operation end
04-12 20:41:50.523878  1750  4364 I UsfSystemServer/appSceneHooker: duplicate service bind status, skip
04-12 20:41:50.551307   652   684 I keystore2: system/security/keystore2/src/security_level.rs:245 - caller pid=7202, uid=10144; force = false; key domain=r#KEY_ID, alias = None
04-12 20:41:50.552511   652   684 I keystore2: system/security/keystore2/src/security_level.rs:343 - upgrade_keyblob_if_required_with start
04-12 20:41:50.558241  1750  1750 D ScreenOrientationDetector: Screen up state pending: false, filtered values: x=1.01739, y=-0.37821, z=11.028211
04-12 20:41:50.561105   652   684 I keystore2: system/security/keystore2/src/enforcements.rs:236 - finalize_create_authorization self.state=NoAuthRequired
04-12 20:41:50.561261   652   684 I keystore2: system/security/keystore2/src/security_level.rs:388 - upgrade_keyblob_if_required_with end; operation_db.create_operation start
04-12 20:41:50.561287   652   684 I keystore2: system/security/keystore2/src/security_level.rs:406 - operation_db.create_operation end
04-12 20:41:50.569461  1750  2549 D UsfSystemServer/appSceneHooker: action is empty in service bind status
04-12 20:41:50.576532  1750  2549 I START_DEBUG: remove BIND_TIMEOUT finish    ProcessRecord :ProcessRecord{e2583f 7755:com.google.android.setupwizard/u0a229}
04-12 20:41:50.597613  1750  1991 D TranPowerStateChangedController: onColorFadeSateChanged: colorFadeState = 1
04-12 20:41:50.598332  1750  1964 I ActivityManager: Start proc 7802:com.mediatek.omacp/1000 for broadcast {com.mediatek.omacp/com.mediatek.omacp.message.OmacpReceiver}
04-12 20:41:50.599295  1750  1964 I START_DEBUG: send START_TIMEOUT message    ProcessRecord :ProcessRecord{11f1ec7 7802:com.mediatek.omacp/1000}
04-12 20:41:50.599319  1750  1964 I ActivityManager: ProcessObserver broadcast disabled
04-12 20:41:50.599914  7202  7834 W PowerProfile: ambient.on is deprecated! Use ambient.on.display0 instead.
04-12 20:41:50.599980  7202  7834 W PowerProfile: screen.on is deprecated! Use screen.on.display0 instead.
04-12 20:41:50.599994  7202  7834 W PowerProfile: screen.full is deprecated! Use screen.full.display0 instead.
04-12 20:41:50.600053  7202  7834 W ModemPowerProfile: getAverageBatteryDrainMaH called with unexpected key: 0x0, drain:SLEEP,RAT:DEFAULT
04-12 20:41:50.600094  7202  7834 W ModemPowerProfile: getAverageBatteryDrainMaH called with unexpected key: 0x10000000, drain:IDLE,RAT:DEFAULT
04-12 20:41:50.600112  7202  7834 W ModemPowerProfile: getAverageBatteryDrainMaH called with unexpected key: 0x20000000, drain:RX,RAT:DEFAULT
04-12 20:41:50.600126  7202  7834 W ModemPowerProfile: getAverageBatteryDrainMaH called with unexpected key: 0x30000000, drain:TX,level:0,RAT:DEFAULT
04-12 20:41:50.600134  7202  7834 W ModemPowerProfile: getAverageBatteryDrainMaH called with unexpected key: 0x31000000, drain:TX,level:1,RAT:DEFAULT
04-12 20:41:50.600145  7202  7834 W ModemPowerProfile: getAverageBatteryDrainMaH called with unexpected key: 0x32000000, drain:TX,level:2,RAT:DEFAULT
04-12 20:41:50.600152  7202  7834 W ModemPowerProfile: getAverageBatteryDrainMaH called with unexpected key: 0x33000000, drain:TX,level:3,RAT:DEFAULT
04-12 20:41:50.600159  7202  7834 W ModemPowerProfile: getAverageBatteryDrainMaH called with unexpected key: 0x34000000, drain:TX,level:4,RAT:DEFAULT
04-12 20:41:50.606545  1750  1991 D TranBatterySaveBrightnessLimitController: shouldBrightnessLimit mBatterySaveBrightnessConfigInfos BatterySaveBrightnessConfigInfo{id=1, switchData=1, nits=[70, 130], ratios=[0.0, 0.15], rateIns=[0, 15, 15], rateOuts=[0, 15, 15]}
04-12 20:41:50.606926  1750  1991 D TranAppBrightnessChangeController: getTranAppBrightnessTime: mSystemBrightnessChange
04-12 20:41:50.606938  1750  1991 I TranAppBrightnessChangeController: [setTranAppBrightnessOptimizationComplete] = true
04-12 20:41:50.606970  1750  1991 D thermalLightController: Rate policy is abandoned, skip brightness limit
04-12 20:41:50.607015  1750  1991 I thermalLightController: abandonRatePolicy!
04-12 20:41:50.607031  1750  1991 I DisplayPowerController[0]: thermalLight brightnessState: 0.039095238 time: NaN
04-12 20:41:50.607081  1750  1991 I TranOriginHbmController[L]: needsXDRAnimationExit brightness = 0.039095238, sdrBrightness = 0.039095238 mIsTemporaryInspired = false, GetHbmScreenBrightness() = 1.0, GetSdrBrightness = 0.040979363, mSdrBrightness = 0.040979363, mCurrentBrightness = 0.0, mForceHbmChangeCallback = false, mRatioChange = false
04-12 20:41:50.608679  1750  1991 W PowerManagerService: Screen on took 542 ms
04-12 20:41:50.609982  1750  2352 D TranPowerBurriedPointController: ScreenOnTrace: PowerManagerWakeupEnd at 1775997710608
04-12 20:41:50.610301  1750  2324 D os.KeyguardGestureLiceFactory: doMethod onFinishedWakingUp
04-12 20:41:50.624452  1750  2324 D TranFingerprintServiceExtImpl_mtk: notifyScreenState mode=2, isDreamAnimationEnable() = false
04-12 20:41:50.636156  1750  2324 I TranAlwaysOnDisplayHelper: onFinishedWakingUp
04-12 20:41:50.636399  1750  2313 V ActivityManager: New death recipient com.android.server.am.ActivityManagerService$AppDeathRecipient@64176af for thread android.os.BinderProxy@6630abc
04-12 20:41:50.638704  1750  2313 I START_DEBUG: send BINDTIMEOUT    ProcessRecord :ProcessRecord{11f1ec7 7802:com.mediatek.omacp/1000}
04-12 20:41:50.638750  1750  2313 I START_DEBUG: remove START_TIMEOUT finish    ProcessRecord :ProcessRecord{11f1ec7 7802:com.mediatek.omacp/1000}
04-12 20:41:50.638815  1750  2313 D os.ActivityManagerServiceLice: make process active com.mediatek.omacp(7802)
04-12 20:41:50.639834  7802  7857 I ActivityThread:  enable system monitor for package: com.mediatek.omacp
04-12 20:41:50.640377  7802  7802 E SystemMonitorUtils:  error to open /dev/ensignal file e=android.system.ErrnoException: open failed: EACCES (Permission denied)
04-12 20:41:50.640522  7802  7802 E SystemMonitorUtils:  error to open /dev/ensignal file e=android.system.ErrnoException: open failed: EACCES (Permission denied)
04-12 20:41:50.643575  7802  7857 D TranClassInfo: instance successfully. com.transsion.common.thubutils.AppProperties@9a3a81f from com.transsion.hubsdk.thubutils.IAppProperties
04-12 20:41:50.643661  7802  7857 I AppProperties: enter initialize com.mediatek.omacp
04-12 20:41:50.643759  7802  7857 I AppProperties: readAllPropFiles directoryPath=/system_ext/etc/vconfig/com.mediatek.omacp/
04-12 20:41:50.643811  7802  7857 I AppProperties: enter readPropFiles count=0
04-12 20:41:50.643818  7802  7857 I AppProperties: readAllPropFiles directoryPath=/tr_product/etc/vconfig/com.mediatek.omacp/
04-12 20:41:50.643845  7802  7857 I AppProperties: enter readPropFiles count=0
04-12 20:41:50.643854  7802  7857 I AppProperties: readAllPropFiles directoryPath=/tr_region/etc/vconfig/com.mediatek.omacp/
04-12 20:41:50.643874  7802  7857 I AppProperties: enter readPropFiles count=0
04-12 20:41:50.643879  7802  7857 I AppProperties: readAllPropFiles directoryPath=/tr_carrier/etc/vconfig/com.mediatek.omacp/
04-12 20:41:50.643888  7802  7857 I AppProperties: enter readPropFiles count=0
04-12 20:41:50.643892  7802  7857 I AppProperties: readAllPropFiles directoryPath=/tr_company/etc/vconfig/com.mediatek.omacp/
04-12 20:41:50.643901  7802  7857 I AppProperties: enter readPropFiles count=0
04-12 20:41:50.643905  7802  7857 I AppProperties: readAllPropFiles directoryPath=/tranfs/etc/vconfig/com.mediatek.omacp/
04-12 20:41:50.643939  7802  7857 I AppProperties: enter readPropFiles count=0
04-12 20:41:50.669602  1750  4364 I ActivityManager: Background started FGS: Allowed [callingPackage: com.google.android.setupwizard; callingUid: 10229; uidState: RCVR; uidBFSL: n/a; intent: Intent { xflg=0x4 cmp=com.google.android.setupwizard/.notification.SetupNotificationService }; code:BACKGROUND_ACTIVITY_PERMISSION; tempAllowListReason:<6938dc6 android.intent.action.BOOT_COMPLETED/u0,reasonCode:BOOT_COMPLETED,duration:20000,callingUid:1000>; allowWiu:58; targetSdkVersion:36; callerTargetSdkVersion:36; startForegroundCount:0; bindFromPackage:null: isBindService:false]
04-12 20:41:50.690067  1750  2313 W ForegroundServiceTypeLoggerModule: Foreground service start for UID: 10229 does not have any types
04-12 20:41:50.698264  1750  2550 D ActivityManager: freezer override set to false
04-12 20:41:50.705985  1750  2550 I START_DEBUG: remove BIND_TIMEOUT finish    ProcessRecord :ProcessRecord{11f1ec7 7802:com.mediatek.omacp/1000}
04-12 20:41:50.717662  1750  1964 I ActivityManager: Start proc 7845:com.mediatek.schpwronoff/1000 for broadcast {com.mediatek.schpwronoff/com.mediatek.schpwronoff.AlarmInitReceiver}
04-12 20:41:50.717814  1750  4364 I TranWakeGestureListenerExt: getSuitableLiftToWakeSensor: only mTranPickUpSensor available, return it
04-12 20:41:50.757231  1750  1750 D ScreenOrientationDetector: Screen up state confirmed: false, filtered values: x=1.8543901, y=-0.28061998, z=9.43881
04-12 20:41:50.767566  1750  1964 I START_DEBUG: send START_TIMEOUT message    ProcessRecord :ProcessRecord{dff88f 7845:com.mediatek.schpwronoff/1000}
04-12 20:41:50.767612  1750  1964 I ActivityManager: ProcessObserver broadcast disabled
04-12 20:41:50.768019  1750  1964 W ActivityManager: Slow operation: 59ms so far, now at startProcess: done updating pids map
04-12 20:41:50.772390  1750  2550 D UsfSystemServer/appSceneHooker: action is empty in service bind status
04-12 20:41:50.773328  1750  2313 V ActivityManager: New death recipient com.android.server.am.ActivityManagerService$AppDeathRecipient@6bb8957 for thread android.os.BinderProxy@1fc2c44
04-12 20:41:50.774013  1750  2313 D CompatChangeReporter: Compat change id reported: 151861875; UID 1000; state: ENABLED
04-12 20:41:50.775052  1750  2313 I START_DEBUG: send BINDTIMEOUT    ProcessRecord :ProcessRecord{dff88f 7845:com.mediatek.schpwronoff/1000}
04-12 20:41:50.775086  1750  2313 I START_DEBUG: remove START_TIMEOUT finish    ProcessRecord :ProcessRecord{dff88f 7845:com.mediatek.schpwronoff/1000}
04-12 20:41:50.775167  1750  2313 D os.ActivityManagerServiceLice: make process active com.mediatek.schpwronoff(7845)
04-12 20:41:50.775849  7845  7887 I ActivityThread:  enable system monitor for package: com.mediatek.schpwronoff
04-12 20:41:50.776160  7845  7845 E SystemMonitorUtils:  error to open /dev/ensignal file e=android.system.ErrnoException: open failed: EACCES (Permission denied)
04-12 20:41:50.777592  1750  2446 I StandbyHandler/TranJobStateMonitor: uid:1000,pkgName:com.mediatek.omacp/.message.OmacpBootCompleteJobService jobId:93245933 start time:1970-01-01 08:00:34
04-12 20:41:50.780334  7845  7887 D TranClassInfo: instance successfully. com.transsion.common.thubutils.AppProperties@5c46fbe from com.transsion.hubsdk.thubutils.IAppProperties
04-12 20:41:50.780592  7845  7887 I AppProperties: enter initialize com.mediatek.schpwronoff
04-12 20:41:50.780692  7845  7887 I AppProperties: readAllPropFiles directoryPath=/system_ext/etc/vconfig/com.mediatek.schpwronoff/
04-12 20:41:50.780741  7845  7887 I AppProperties: enter readPropFiles count=0
04-12 20:41:50.780751  7845  7887 I AppProperties: readAllPropFiles directoryPath=/tr_product/etc/vconfig/com.mediatek.schpwronoff/
04-12 20:41:50.780778  7845  7887 I AppProperties: enter readPropFiles count=0
04-12 20:41:50.780787  7845  7887 I AppProperties: readAllPropFiles directoryPath=/tr_region/etc/vconfig/com.mediatek.schpwronoff/
04-12 20:41:50.780809  7845  7887 I AppProperties: enter readPropFiles count=0
04-12 20:41:50.780816  7845  7887 I AppProperties: readAllPropFiles directoryPath=/tr_carrier/etc/vconfig/com.mediatek.schpwronoff/
04-12 20:41:50.780826  7845  7887 I AppProperties: enter readPropFiles count=0
04-12 20:41:50.780830  7845  7887 I AppProperties: readAllPropFiles directoryPath=/tr_company/etc/vconfig/com.mediatek.schpwronoff/
04-12 20:41:50.780841  7845  7887 I AppProperties: enter readPropFiles count=0
04-12 20:41:50.780846  7845  7887 I AppProperties: readAllPropFiles directoryPath=/tranfs/etc/vconfig/com.mediatek.schpwronoff/
04-12 20:41:50.780882  7845  7887 I AppProperties: enter readPropFiles count=0
04-12 20:41:50.781115  1750  4350 D ActivityManager: freezer override set to true
04-12 20:41:50.782842  7802  7802 W ContextImpl: Calling a method in the system process without a qualified user: android.app.ContextImpl.startForegroundService:2117 android.content.ContextWrapper.startForegroundService:860 com.mediatek.omacp.message.OmacpReceiver.beginStartingService:126 com.mediatek.omacp.message.OmacpBootCompleteJobService.onStartJob:58 android.app.job.JobService$1.onStartJob:118 
04-12 20:41:50.783354  1750  3675 I ActivityManager: Background started FGS: Allowed [callingPackage: com.mediatek.omacp; callingUid: 1000; uidState: PER ; uidBFSL: [BFSL]; intent: Intent { act=android.intent.action.BOOT_COMPLETED xflg=0x4 cmp=com.mediatek.omacp/.message.OmacpReceiverService }; code:PROC_STATE_PERSISTENT; tempAllowListReason:<6938dc6 android.intent.action.BOOT_COMPLETED/u0,reasonCode:BOOT_COMPLETED,duration:20000,callingUid:1000>; allowWiu:10; targetSdkVersion:36; callerTargetSdkVersion:36; startForegroundCount:0; bindFromPackage:null: isBindService:false]
04-12 20:41:50.785374  1750  2476 D ActivityTaskManager_Recents: Skipping, user setup not complete: Task{4cfb4bd #6 type=undefined A=10188:com.transsion.magazineservice.xos nonResizable}
04-12 20:41:50.788204  1750  2313 D UsfSystemServer/appSceneHooker: action is empty in service bind status
04-12 20:41:50.790280  1750  2130 V AlarmManager: Checking for alarms... rtc=1775997710790, elapsed=34573
04-12 20:41:50.790527  1750  2476 D ActivityTaskManager_Recents: Skipping, user setup not complete: Task{4cfb4bd #6 type=undefined A=10188:com.transsion.magazineservice.xos nonResizable}
04-12 20:41:50.790910  1750  2130 V AlarmManager: Triggering alarm #0: Alarm{3f44f9d type 2 origWhen 34572 whenElapsed 34573 com.google.android.gms}
04-12 20:41:50.791128  1750  2130 V AlarmManager: sending alarm Alarm{3f44f9d type 2 origWhen 34572 whenElapsed 34573 com.google.android.gms}
04-12 20:41:50.791728  1750  2130 I ActivityManager: checkedOptions.getThunderBackSupport() = false, packageName = com.google.android.gms , thunderbackUserId = 0
04-12 20:41:50.791763  1750  2130 I TranCustomizedTransitionAnimController: TranDynamicBarAnimControllerImpl setFromDynamicIslandToWindow pkgName:com.google.android.gms
04-12 20:41:50.791777  1750  2130 I TranCustomizedTransitionAnimController: start setFromDynamicIslandToWindow startFromDynamicIsland:false targetPkgName:null
04-12 20:41:50.791786  1750  2130 I TranCustomizedTransitionAnimController: end setFromDynamicIslandToWindow mDynamicIslandPkgName:com.google.android.gms mStartFromDynamicIsland:false
04-12 20:41:50.792242  1750  3675 I ActivityManager: Background started FGS: Allowed [callingPackage: com.mediatek.omacp; callingUid: 1000; uidState: PER ; uidBFSL: [BFSL]; intent: Intent { act=android.intent.action.BOOT_COMPLETED cmp=com.mediatek.omacp/.message.OmacpReceiverService }; code:PROC_STATE_PERSISTENT; tempAllowListReason:<6938dc6 android.intent.action.BOOT_COMPLETED/u0,reasonCode:BOOT_COMPLETED,duration:20000,callingUid:1000>; allowWiu:10; targetSdkVersion:36; callerTargetSdkVersion:36; startForegroundCount:0; bindFromPackage:null: isBindService:false]
04-12 20:41:50.795932  1750  3675 W ForegroundServiceTypeLoggerModule: Foreground service start for UID: 1000 does not have any types
04-12 20:41:50.798384  1750  2130 D Griffin/filterReceiveBroadcast: not limit Intent { act=com.google.android.intent.action.GCM_RECONNECT flg=0x10 xflg=0x4 pkg=com.google.android.gms (has extras) } for resultTo not null
04-12 20:41:50.799827  1750  1963 I os.notification: tranImportance = 14,muteTime = 9223372036854775807 ,currentTime = 1775997710799 ,pkg -> com.mediatek.omacp currentImportance =3 ,appGroup=0
04-12 20:41:50.799844  1750  1963 I os.notification: cloud notification effect controller success
04-12 20:41:50.799848  1750  1963 I os.notification: set NotificationRecord 0|com.mediatek.omacp|126|null|1000 silent flag
04-12 20:41:50.800132  1750  2130 D AlarmManager: mBroadcastRefCount -> 1
04-12 20:41:50.805819  1750  1963 D os.notification.pre:  add StatusBarNotification 257446966 current size 1
04-12 20:41:50.806017  1750  4364 I START_DEBUG: remove BIND_TIMEOUT finish    ProcessRecord :ProcessRecord{dff88f 7845:com.mediatek.schpwronoff/1000}
04-12 20:41:50.807411  1750  1963 D os.notification: onEnqueueNotificationInternal wait before
04-12 20:41:50.807704  1750  2113 D os.notification: onEnqueueNotificationInternal notifyAll(cookie)
04-12 20:41:50.807732  1750  1963 D os.notification: onEnqueueNotificationInternal wait after
04-12 20:41:50.807741  1750  2113 D os.notification.pre:  add Runnable 89905107 with StatusBarNotification 257446966 current size 1
04-12 20:41:50.807771  1750  1963 D os.notification: onEnqueueNotificationInternal StatusBarNotification:StatusBarNotification(pkg=com.mediatek.omacp user=UserHandle{0} id=126 tag=null key=0|com.mediatek.omacp|126|null|1000: Notification(channel=omacp_notification_channel shortcut=null contentView=null vibrate=null sound=null defaults=0 flags=FOREGROUND_SERVICE|CAN_COLORIZE|SILENT color=0x00000000 vis=PRIVATE)) callingUid:1000 sn:6 res:true
04-12 20:41:50.808721  7845  7845 W ContextImpl: Calling a method in the system process without a qualified user: android.app.ContextImpl.startService:2106 android.content.ContextWrapper.startService:855 android.content.ContextWrapper.startService:855 com.mediatek.schpwronoff.AlarmReceiverService.c:24 com.mediatek.schpwronoff.AlarmInitReceiver.onReceive:107 
04-12 20:41:50.812092  1750  2249 D os.notification.pre:  remove Runnable 89905107 with StatusBarNotification 257446966 for puppet run current size 0
04-12 20:41:50.814951  1750  1963 I tranpm/BroadcastPolicy: limitScheduleReceiverColdLockedInBringUp by isBlockBringUp: callingPackage = null, targetPkg = com.smartlife.nebula, receiverName = com.smartlife.nebula.devices.tws.back.BootReceiver action = android.intent.action.BOOT_COMPLETED
04-12 20:41:50.815058  1750  1963 I tranpm/ExemptionPolicy: do nothing
04-12 20:41:50.815429  1750  1963 I tranpm/BroadcastPolicy: limitScheduleReceiverColdLockedInBringUp by isBlockBringUpClsPkg: callingPackage = null, targetPkg = com.transsion.aivoiceassistant, receiverName = androidx.work.impl.background.systemalarm.RescheduleReceiver action = android.intent.action.BOOT_COMPLETED
04-12 20:41:50.815525  1750  1963 I tranpm/ExemptionPolicy: do nothing
04-12 20:41:50.815879  1750  1963 I tranpm/BroadcastPolicy: limitScheduleReceiverColdLockedInBringUp by isBlockBringUpClsPkg: callingPackage = null, targetPkg = com.transsion.cloudserver, receiverName = androidx.work.impl.background.systemalarm.RescheduleReceiver action = android.intent.action.BOOT_COMPLETED
04-12 20:41:50.815978  1750  1963 I tranpm/ExemptionPolicy: do nothing
04-12 20:41:50.816299  1750  1963 I tranpm/BroadcastPolicy: limitScheduleReceiverColdLockedInBringUp by isBlockBringUpClsPkg: callingPackage = null, targetPkg = com.transsion.keyguardtheme, receiverName = androidx.work.impl.background.systemalarm.RescheduleReceiver action = android.intent.action.BOOT_COMPLETED
04-12 20:41:50.816409  1750  1963 I tranpm/ExemptionPolicy: do nothing
04-12 20:41:50.818971  1750  2983 D UsfSystemServer/appSceneHooker: action is empty in service bind status
04-12 20:41:50.820926  1750  3675 D ActivityManager: Stop FGS timeout: ServiceRecord{4c9fdc8 u0 com.mediatek.omacp/.message.OmacpReceiverService c:com.mediatek.omacp}
04-12 20:41:50.821415  1750  3675 W ForegroundServiceTypeLoggerModule: FGS stop call for: 1000 has no types!
04-12 20:41:50.823616  1750  2476 D ActivityTaskManager_Recents: Skipping, user setup not complete: Task{4cfb4bd #6 type=undefined A=10188:com.transsion.magazineservice.xos nonResizable}
04-12 20:41:50.826960  1750  1963 I tranpm/BroadcastPolicy: limitScheduleReceiverColdLockedInBringUp by isBlockBringUp: callingPackage = null, targetPkg = com.transsion.phonemaster, receiverName = androidx.work.impl.background.systemalarm.RescheduleReceiver action = android.intent.action.BOOT_COMPLETED
04-12 20:41:50.827075  1750  1963 I tranpm/ExemptionPolicy: do nothing
04-12 20:41:50.827577  1750  1963 I tranpm/BroadcastPolicy: limitScheduleReceiverColdLockedInBringUp by isBlockBringUp: callingPackage = null, targetPkg = com.transsion.sk, receiverName = com.transsion.sk.BootReceiver action = android.intent.action.BOOT_COMPLETED
04-12 20:41:50.827682  1750  1963 I tranpm/ExemptionPolicy: do nothing
04-12 20:41:50.828444  1750  1963 I tranpm/BroadcastPolicy: isBlockHs2 true
04-12 20:41:50.828494  1750  1963 I tranpm/BroadcastPolicy: limitScheduleReceiverColdLocked by idle: callingPackage = com.google.android.providers.media.module, targetPkg = com.google.android.photopicker action = android.intent.action.MAIN
04-12 20:41:50.828961  1750  1963 I tranpm/BroadcastPolicy: isBlockHs1 false
04-12 20:41:50.829008  1750  1963 I tranpm/BroadcastPolicy: limitScheduleReceiverColdLocked by systemSence - cold: callingPackage = android, targetPkg = com.android.externalstorage
04-12 20:41:50.831675  1750  1963 I tranpm/BroadcastPolicy: isBlockHs1 false
04-12 20:41:50.831704  1750  1963 I tranpm/BroadcastPolicy: limitScheduleReceiverColdLocked by systemSence - cold: callingPackage = android, targetPkg = com.facemoji.lite.transsion
04-12 20:41:50.832438  1750  1963 I tranpm/BroadcastPolicy: isBlockHs1 true
04-12 20:41:50.832468  1750  1963 I tranpm/BroadcastPolicy: limitScheduleReceiverColdLocked by hs: callingPackage = android, targetPkg = com.google.android.apps.photos action = android.intent.action.MEDIA_MOUNTED
04-12 20:41:50.833051  1750  1963 I tranpm/BroadcastPolicy: isBlockHs1 false
04-12 20:41:50.833089  1750  1963 I tranpm/BroadcastPolicy: limitScheduleReceiverColdLocked by systemSence - cold: callingPackage = android, targetPkg = com.android.externalstorage
04-12 20:41:50.833580  1750  1963 I tranpm/BroadcastPolicy: isBlockHs1 false
04-12 20:41:50.833618  1750  1963 I tranpm/BroadcastPolicy: limitScheduleReceiverColdLocked by systemSence - cold: callingPackage = android, targetPkg = com.facemoji.lite.transsion
04-12 20:41:50.837839  1750  1963 I tranpm/BroadcastPolicy: isBlockHs1 true
04-12 20:41:50.837892  1750  1963 I tranpm/BroadcastPolicy: limitScheduleReceiverColdLocked by hs: callingPackage = android, targetPkg = com.google.android.apps.photos action = android.intent.action.MEDIA_MOUNTED
04-12 20:41:50.847473  1750  1750 D AlarmManager: mBroadcastRefCount -> 0
04-12 20:41:50.850714  1750  3675 D AlarmManager: alarm set type 7 , package name com.mediatek.schpwronoff
04-12 20:41:50.851832  1750  3675 W AlarmManager: PowerOff alarm set time is wrong! nowTime = 1775997710851 ; triggerAtTime = -150000
04-12 20:41:50.851866  1750  3675 V AlarmManager: set(PendingIntent{fe4e2ed: PendingIntentRecord{1e70522 com.mediatek.schpwronoff broadcastIntent}}) : type=0 triggerAtTime=0 win=0 tElapsed=34634 maxElapsed=34634 interval=0 flags=0x9
04-12 20:41:50.853957  2466  7740 D TranAlarmAlignManager: alarmAlign system not ready:false,align:null
04-12 20:41:50.853972  1750  2130 V AlarmManager: Checking for alarms... rtc=1775997710853, elapsed=34636
04-12 20:41:50.854164  1750  2130 D Hiber/alarmManagerServiceExtImpl: allow exact alarm with permission:Alarm{d39bbb3 type 0 origWhen 0 whenElapsed 34636 com.mediatek.schpwronoff}
04-12 20:41:50.854540  1750  2130 V AlarmManager: Triggering alarm #0: Alarm{d39bbb3 type 0 origWhen 0 whenElapsed 34636 com.mediatek.schpwronoff}
04-12 20:41:50.854681  1750  2130 V AlarmManager: sending alarm Alarm{d39bbb3 type 0 origWhen 0 whenElapsed 34636 com.mediatek.schpwronoff}
04-12 20:41:50.854893  1750  2130 I ActivityManager: checkedOptions.getThunderBackSupport() = false, packageName = com.mediatek.schpwronoff , thunderbackUserId = 0
04-12 20:41:50.854934  1750  2130 I TranCustomizedTransitionAnimController: TranDynamicBarAnimControllerImpl setFromDynamicIslandToWindow pkgName:com.mediatek.schpwronoff
04-12 20:41:50.854943  1750  2130 I TranCustomizedTransitionAnimController: start setFromDynamicIslandToWindow startFromDynamicIsland:false targetPkgName:null
04-12 20:41:50.854947  1750  2130 I TranCustomizedTransitionAnimController: end setFromDynamicIslandToWindow mDynamicIslandPkgName:com.mediatek.schpwronoff mStartFromDynamicIsland:false
04-12 20:41:50.855391  1750  2130 D Griffin/filterReceiveBroadcast: not limit Intent { flg=0x10 xflg=0x4 cmp=com.mediatek.schpwronoff/.SchPwrOnReceiver (has extras) } for resultTo not null
04-12 20:41:50.855628  1750  3675 I AlarmManager: remove power off alarm pacakge name com.mediatek.schpwronoff
04-12 20:41:50.855718  1750  2130 D AlarmManager: mBroadcastRefCount -> 1
04-12 20:41:50.860920  1750  1750 D AlarmManager: mBroadcastRefCount -> 0
04-12 20:41:50.863853  1750  1964 I ActivityManager: Start proc 7919:com.android.chrome/u0a241 for broadcast {com.android.chrome/com.google.android.apps.chrome.rlz.RevenueStatsConfigurationUpdateReceiver}
04-12 20:41:50.864089  1750  1964 I START_DEBUG: send START_TIMEOUT message    ProcessRecord :ProcessRecord{1bcf11f 7919:com.android.chrome/u0a241}
04-12 20:41:50.864106  1750  1964 I ActivityManager: ProcessObserver broadcast disabled
04-12 20:41:50.872101  1750  3675 D AlarmManager: alarm set type 7 , package name com.mediatek.schpwronoff
04-12 20:41:50.872279  1750  3675 W AlarmManager: PowerOff alarm set time is wrong! nowTime = 1775997710872 ; triggerAtTime = -150000
04-12 20:41:50.872302  1750  3675 V AlarmManager: set(PendingIntent{6df21e: PendingIntentRecord{fc96aff com.mediatek.schpwronoff broadcastIntent}}) : type=0 triggerAtTime=0 win=0 tElapsed=34655 maxElapsed=34655 interval=0 flags=0x9
04-12 20:41:50.873452  2466  7740 D TranAlarmAlignManager: alarmAlign system not ready:false,align:null
04-12 20:41:50.874110  1750  1944 D WindowManager: System monitor commitFinishDrawingLocked activity = null canShowWindows = null type = 2019
04-12 20:41:50.874147  1750  3675 I AlarmManager: remove power off alarm pacakge name com.mediatek.schpwronoff
04-12 20:41:50.874173  1750  1944 D WindowManager: Showing Window{cd9049f u0 Taskbar} during animation: policyVis=true isVisible = false mViewVisibility = 0 tok.visibleRequested = false tok.visible= false
04-12 20:41:50.874304  1750  1944 D WindowManager: System monitor commitFinishDrawingLocked activity = null canShowWindows = null type = 2013
04-12 20:41:50.874326  1750  1944 D WindowManager: Showing Window{d33f5ed u0 com.android.systemui.wallpapers.ImageWallpaper} during animation: policyVis=true isVisible = false mViewVisibility = 0 tok.visibleRequested = false tok.visible= false
04-12 20:41:50.874608  1750  2130 V AlarmManager: Checking for alarms... rtc=1775997710874, elapsed=34657
04-12 20:41:50.874733  1750  2130 D Hiber/alarmManagerServiceExtImpl: allow exact alarm with permission:Alarm{b345f15 type 0 origWhen 0 whenElapsed 34655 com.mediatek.schpwronoff}
04-12 20:41:50.875277  1750  2130 V AlarmManager: Triggering alarm #0: Alarm{b345f15 type 0 origWhen 0 whenElapsed 34655 com.mediatek.schpwronoff}
04-12 20:41:50.875360  1750  2130 V AlarmManager: sending alarm Alarm{b345f15 type 0 origWhen 0 whenElapsed 34655 com.mediatek.schpwronoff}
04-12 20:41:50.875556  1750  2130 I ActivityManager: checkedOptions.getThunderBackSupport() = false, packageName = com.mediatek.schpwronoff , thunderbackUserId = 0
04-12 20:41:50.875581  1750  2130 I TranCustomizedTransitionAnimController: TranDynamicBarAnimControllerImpl setFromDynamicIslandToWindow pkgName:com.mediatek.schpwronoff
04-12 20:41:50.875588  1750  2130 I TranCustomizedTransitionAnimController: start setFromDynamicIslandToWindow startFromDynamicIsland:false targetPkgName:null
04-12 20:41:50.875593  1750  2130 I TranCustomizedTransitionAnimController: end setFromDynamicIslandToWindow mDynamicIslandPkgName:com.mediatek.schpwronoff mStartFromDynamicIsland:false
04-12 20:41:50.875947  1750  2130 D Griffin/filterReceiveBroadcast: not limit Intent { flg=0x10 xflg=0x4 cmp=com.mediatek.schpwronoff/.SchPwrOnReceiver (has extras) } for resultTo not null
04-12 20:41:50.876300  1750  2130 D AlarmManager: mBroadcastRefCount -> 1
04-12 20:41:50.881241  1750  1750 D AlarmManager: mBroadcastRefCount -> 0
04-12 20:41:50.882459  1750  4364 D WindowManager: onUserActivity: mGestureSleepRunnable remove
04-12 20:41:50.892815  1750  4364 V ActivityManager: New death recipient com.android.server.am.ActivityManagerService$AppDeathRecipient@9139794 for thread android.os.BinderProxy@5fed23d
04-12 20:41:50.894446  1750  4364 I START_DEBUG: send BINDTIMEOUT    ProcessRecord :ProcessRecord{1bcf11f 7919:com.android.chrome/u0a241}
04-12 20:41:50.894480  1750  4364 I START_DEBUG: remove START_TIMEOUT finish    ProcessRecord :ProcessRecord{1bcf11f 7919:com.android.chrome/u0a241}
04-12 20:41:50.894533  1750  4364 D os.ActivityManagerServiceLice: make process active com.android.chrome(7919)
04-12 20:41:50.896927  2466  2544 I Usf_Hiber/appStateMachine: TranAppStateMachine initial
04-12 20:41:50.897036  2466  2539 I Usf_Hiber/appStateMachine: uid:10241 enter DefaultState
04-12 20:41:50.897118  2466  2539 I Usf_Hiber/appStateMachine: uid:10241 enter RunningState
04-12 20:41:50.898542  2466  2570 I Usf_Hiber/networkDetectorService: The oversea's network was available.
04-12 20:41:50.899893  7919  7938 D TranClassInfo: instance successfully. com.transsion.common.thubutils.AppProperties@9a3a81f from com.transsion.hubsdk.thubutils.IAppProperties
04-12 20:41:50.900068  7919  7938 I AppProperties: enter initialize com.android.chrome
04-12 20:41:50.900181  7919  7938 I AppProperties: readAllPropFiles directoryPath=/system_ext/etc/vconfig/com.android.chrome/
04-12 20:41:50.900249  7919  7938 I AppProperties: enter readPropFiles count=0
04-12 20:41:50.900262  7919  7938 I AppProperties: readAllPropFiles directoryPath=/tr_product/etc/vconfig/com.android.chrome/
04-12 20:41:50.900288  7919  7938 I AppProperties: enter readPropFiles count=0
04-12 20:41:50.900294  7919  7938 I AppProperties: readAllPropFiles directoryPath=/tr_region/etc/vconfig/com.android.chrome/
04-12 20:41:50.900314  7919  7938 I AppProperties: enter readPropFiles count=0
04-12 20:41:50.900321  7919  7938 I AppProperties: readAllPropFiles directoryPath=/tr_carrier/etc/vconfig/com.android.chrome/
04-12 20:41:50.900334  7919  7938 I AppProperties: enter readPropFiles count=0
04-12 20:41:50.900340  7919  7938 I AppProperties: readAllPropFiles directoryPath=/tr_company/etc/vconfig/com.android.chrome/
04-12 20:41:50.900349  7919  7938 I AppProperties: enter readPropFiles count=0
04-12 20:41:50.900354  7919  7938 I AppProperties: readAllPropFiles directoryPath=/tranfs/etc/vconfig/com.android.chrome/
04-12 20:41:50.900391  7919  7938 I AppProperties: enter readPropFiles count=0
04-12 20:41:50.956167  1750  3594 I START_DEBUG: remove BIND_TIMEOUT finish    ProcessRecord :ProcessRecord{1bcf11f 7919:com.android.chrome/u0a241}
04-12 20:41:51.007993  1750  2313 D UsfSystemServer/appSceneHooker: action is empty in service bind status
04-12 20:41:51.021493  1750  2249 I NotificationService: Cannot find enqueued record for key: 0|com.mediatek.omacp|126|null|1000
04-12 20:41:51.053741  1750  2313 V AlarmManager: set(PendingIntent{daa0c76: PendingIntentRecord{e48fdca com.google.android.gms/com.google.android.gms.scheduler broadcastIntent}}) : type=3 triggerAtTime=35859 win=0 tElapsed=39836 maxElapsed=39836 interval=0 flags=0x0
04-12 20:41:51.053971  2466  7740 D TranAlarmAlignManager: alarmAlign system not ready:false,align:null
04-12 20:41:51.059613  1750  3594 D UsfSystemServer/appSceneHooker: action is empty in service bind status
04-12 20:41:51.059851  1750  2446 I StandbyHandler/TranJobStateMonitor: uid:10264,pkgName:com.google.android.adservices.api/com.android.adservices.cobalt.CobaltJobService jobId:23 finish time:1970-01-01 08:00:34,duration:10627
04-12 20:41:51.088000  1750  2000 W BroadcastLoopers: Found previously unknown looper Thread[PackageManager,5,main]
04-12 20:41:51.102499  1750  2274 I AppWidgetServiceImpl: Received broadcast: android.intent.action.PACKAGE_CHANGED on user 0
04-12 20:41:51.105995  1750  1750 I TranAppmService: Package event: android.intent.action.PACKAGE_CHANGED for com.google.android.gms
04-12 20:41:51.106059  1750  1750 D TranAppmService: Updating package: com.google.android.gms
04-12 20:41:51.106117  1750  1750 D TranAppmService: com.google.android.gms is a system app, skipping
04-12 20:41:51.107058  1750  1750 I CustomRoleService: Packages changed - re-running initial grants for user 0
04-12 20:41:51.109707  1750  2291 D ShortcutService: received package broadcast intent: Intent { act=android.intent.action.PACKAGE_CHANGED dat=package: flg=0x45000010 pkg=android (has extras) }
04-12 20:41:51.109809  1750  2291 D ShortcutService: changing package: com.google.android.gms userId=0
04-12 20:41:51.109905  1750  2153 D TranPhoneWindowManagerInternal: isAppHide  com.google.android.gms   false
04-12 20:41:51.117204  1750  1750 I Griffin/StateProvider: Package changed: android.intent.action.PACKAGE_CHANGED, pkg = com.google.android.gms
04-12 20:41:51.125181  1750  3594 D WindowManager: onUserActivity: mGestureSleepRunnable remove
04-12 20:41:51.132105  1750  2082 D UsfSystemServer/appSceneHooker: action is empty in service bind status
04-12 20:41:51.132466  1750  2446 I StandbyHandler/TranJobStateMonitor: uid:10264,pkgName:com.google.android.adservices.api/com.android.adservices.cobalt.CobaltJobService jobId:23 start time:1970-01-01 08:00:34
04-12 20:41:51.135218  1750  2390 I CustomRoleService: Already granted default roles for packages hash 85EEB96E6E5A7A2AB97FE1D6E5AB327636F0A030BF3D6D39F21833269B11A27F
04-12 20:41:51.142714  1750  2282 I MR2ProviderWatcher: Enabling proxy for MediaRoute2ProviderService: ComponentInfo{com.google.android.gms/com.google.android.gms.cast.media.CastMediaRoute2ProviderService_Persistent} (isSelfScan=false, supportsSystemMediaRouting=false, userId=0)
04-12 20:41:51.143529  1750  2198 V InputMethodManagerService: Checking com.facemoji.lite.transsion/com.baidu.simeji.SimejiIME
04-12 20:41:51.146617  1750  2153 D TranPhoneWindowManagerInternal: isAppHide  com.google.android.gms   false
04-12 20:41:51.146828  1750  2198 V InputMethodManagerService: Found an input method InputMethodInfo{com.facemoji.lite.transsion/com.baidu.simeji.SimejiIME, settings: com.preff.kb.settings.SettingsNoneActivity, languageSettings: null}
04-12 20:41:51.146864  1750  2198 V InputMethodManagerService: Checking com.google.android.gms/.autofill.service.AutofillInputMethodServiceProxy
04-12 20:41:51.147322  1750  2198 V InputMethodManagerService: Found an input method InputMethodInfo{com.google.android.gms/.autofill.service.AutofillInputMethodServiceProxy, settings: null, languageSettings: null}
04-12 20:41:51.147360  1750  2198 V InputMethodManagerService: Checking com.google.android.inputmethod.latin/com.android.inputmethod.latin.LatinIME
04-12 20:41:51.148951  1750  2291 D ShortcutService: received package broadcast intent: Intent { act=android.intent.action.PACKAGE_CHANGED dat=package: flg=0x45000010 (has extras) }
04-12 20:41:51.148965  1750  2291 D ShortcutService: changing package: com.google.android.gms userId=0
04-12 20:41:51.149114  1750  2274 I AppWidgetServiceImpl: Received broadcast: android.intent.action.PACKAGE_CHANGED on user 0
04-12 20:41:51.149817  1750  1750 I TranAppmService: Package event: android.intent.action.PACKAGE_CHANGED for com.google.android.gms
04-12 20:41:51.153487  1750  2198 V InputMethodManagerService: Found an input method InputMethodInfo{com.google.android.inputmethod.latin/com.android.inputmethod.latin.LatinIME, settings: com.google.android.apps.inputmethod.latin.preference.SettingsActivity, languageSettings: null}
04-12 20:41:51.153541  1750  2198 V InputMethodManagerService: Checking com.google.android.tts/com.google.android.apps.speech.tts.googletts.settings.asr.voiceime.VoiceInputMethodService
04-12 20:41:51.154388  1750  1750 D TranAppmService: Updating package: com.google.android.gms
04-12 20:41:51.154463  1750  1750 D TranAppmService: com.google.android.gms is a system app, skipping
04-12 20:41:51.154893  1750  1750 I CustomRoleService: Packages changed - re-running initial grants for user 0
04-12 20:41:51.155186  1750  1750 I Griffin/StateProvider: Package changed: android.intent.action.PACKAGE_CHANGED, pkg = com.google.android.gms
04-12 20:41:51.165180  1750  3675 D WindowManager: onUserActivity: mGestureSleepRunnable remove
04-12 20:41:51.165926  1750  2312 W AppOpService: Ignored setUidMode call for runtime permission app op: uid = 10122, code = RECEIVE_WAP_PUSH, mode = allow, callingUid = 1001, oldMode = allow
04-12 20:41:51.166287  1750  2312 W AppOpService: Ignored setUidMode call for runtime permission app op: uid = 10122, code = READ_CELL_BROADCASTS, mode = allow, callingUid = 1001, oldMode = allow
04-12 20:41:51.170498  1750  4349 D ActivityTaskManager: isControllerAMonkey mController = null,mControllerIsAMonkey = false
04-12 20:41:51.170570  1750  2312 W AppOpService: Ignored setUidMode call for runtime permission app op: uid = 1001, code = READ_SMS, mode = allow, callingUid = 1001, oldMode = allow
04-12 20:41:51.171028  1750  2312 W AppOpService: Ignored setUidMode call for runtime permission app op: uid = 1001, code = RECEIVE_SMS, mode = allow, callingUid = 1001, oldMode = allow
04-12 20:41:51.171618  1750  4349 W AppOpService: Ignored setUidMode call for runtime permission app op: uid = 1001, code = RECEIVE_WAP_PUSH, mode = allow, callingUid = 1001, oldMode = allow
04-12 20:41:51.171854  1750  4349 W AppOpService: Ignored setUidMode call for runtime permission app op: uid = 1001, code = SEND_SMS, mode = allow, callingUid = 1001, oldMode = allow
04-12 20:41:51.172068  1750  4349 W AppOpService: Ignored setUidMode call for runtime permission app op: uid = 1001, code = READ_CELL_BROADCASTS, mode = allow, callingUid = 1001, oldMode = allow
04-12 20:41:51.174419  1750  2198 V InputMethodManagerService: Found an input method InputMethodInfo{com.google.android.tts/com.google.android.apps.speech.tts.googletts.settings.asr.voiceime.VoiceInputMethodService, settings: com.google.android.apps.speech.tts.googletts.settings.asr.voiceime.ui.VoiceImeSettingsActivity, languageSettings: null}
04-12 20:41:51.174560  1750  2198 V InputMethodManagerService: Checking com.transsion.sk/.inputservice.TInputMethodService
04-12 20:41:51.186091  1750  2312 W AppOpService: Ignored setUidMode call for runtime permission app op: uid = 10122, code = RECEIVE_WAP_PUSH, mode = allow, callingUid = 1001, oldMode = allow
04-12 20:41:51.186444  1750  3675 W AppOpService: Ignored setUidMode call for runtime permission app op: uid = 10122, code = READ_CELL_BROADCASTS, mode = allow, callingUid = 1001, oldMode = allow
04-12 20:41:51.190758  1750  4364 W AppOpService: Ignored setUidMode call for runtime permission app op: uid = 1001, code = READ_SMS, mode = allow, callingUid = 1001, oldMode = allow
04-12 20:41:51.191511  1750  4364 W AppOpService: Ignored setUidMode call for runtime permission app op: uid = 1001, code = RECEIVE_SMS, mode = allow, callingUid = 1001, oldMode = allow
04-12 20:41:51.192712  1750  4364 W AppOpService: Ignored setUidMode call for runtime permission app op: uid = 1001, code = RECEIVE_WAP_PUSH, mode = allow, callingUid = 1001, oldMode = allow
04-12 20:41:51.193248  1750  2983 W AppOpService: Ignored setUidMode call for runtime permission app op: uid = 1001, code = SEND_SMS, mode = allow, callingUid = 1001, oldMode = allow
04-12 20:41:51.193471  1750  2198 V InputMethodManagerService: Found an input method InputMethodInfo{com.transsion.sk/.inputservice.TInputMethodService, settings: null, languageSettings: null}
04-12 20:41:51.193556  1750  2198 D InputMethodSettings: getSelectedInputMethodStr: com.google.android.inputmethod.latin/com.android.inputmethod.latin.LatinIME
04-12 20:41:51.193827  1750  2983 W AppOpService: Ignored setUidMode call for runtime permission app op: uid = 1001, code = READ_CELL_BROADCASTS, mode = allow, callingUid = 1001, oldMode = allow
04-12 20:41:51.194291  1750  2198 V InputMethodManagerService: --- re-buildInputMethodList reset = false 
04-12 20:41:51.194291  1750  2198 V InputMethodManagerService:  ------ caller=com.android.server.inputmethod.InputMethodManagerService$MyPackageMonitor.onFinishPackageChangesInternal:963 com.android.server.inputmethod.InputMethodManagerService$MyPackageMonitor.onFinishPackageChanges:886 com.android.internal.content.PackageMonitor.doHandlePackageEvent:596 com.android.internal.content.PackageMonitor.lambda$postHandlePackageEvent$0:435 com.android.internal.content.PackageMonitor.$r8$lambda$bSKEInwdT6Kd7GAyzMZPsXTTqeQ:0 com.android.internal.content.PackageMonitor$$ExternalSyntheticLambda0.run:0 android.os.Handler.handleCallback:995 android.os.Handler.dispatchMessage:103 android.os.Looper.loopOnce:327 android.os.Looper.loop:431 
04-12 20:41:51.194354  1750  2198 D InputMethodSettings: getSelectedInputMethodStr: com.google.android.inputmethod.latin/com.android.inputmethod.latin.LatinIME
04-12 20:41:51.194421  1750  2198 D InputMethodSettings: getDefaultVoiceInputMethodStr: com.google.android.tts/com.google.android.apps.speech.tts.googletts.settings.asr.voiceime.VoiceInputMethodService
04-12 20:41:51.199315  1750  2274 I AppWidgetServiceImpl: Received broadcast: android.intent.action.PACKAGE_CHANGED on user 0
04-12 20:41:51.202218  1750  2198 V InputMethodManagerService: Checking com.facemoji.lite.transsion/com.baidu.simeji.SimejiIME
04-12 20:41:51.204414  1750  2153 D TranPhoneWindowManagerInternal: isAppHide  tech.palm.find   false
04-12 20:41:51.204556  1750  2198 V InputMethodManagerService: Found an input method InputMethodInfo{com.facemoji.lite.transsion/com.baidu.simeji.SimejiIME, settings: com.preff.kb.settings.SettingsNoneActivity, languageSettings: null}
04-12 20:41:51.204600  1750  2198 V InputMethodManagerService: Checking com.google.android.gms/.autofill.service.AutofillInputMethodServiceProxy
04-12 20:41:51.204863  1750  1750 I TranAppmService: Package event: android.intent.action.PACKAGE_CHANGED for tech.palm.find
04-12 20:41:51.204873  1750  1750 D TranAppmService: Updating package: tech.palm.find
04-12 20:41:51.204892  1750  1750 D TranAppmService: tech.palm.find is a system app, skipping
04-12 20:41:51.206164  1750  1750 I CustomRoleService: Packages changed - re-running initial grants for user 0
04-12 20:41:51.206396  1750  1750 I Griffin/StateProvider: Package changed: android.intent.action.PACKAGE_CHANGED, pkg = tech.palm.find
04-12 20:41:51.208150  1750  2198 V InputMethodManagerService: Found an input method InputMethodInfo{com.google.android.gms/.autofill.service.AutofillInputMethodServiceProxy, settings: null, languageSettings: null}
04-12 20:41:51.208232  1750  2198 V InputMethodManagerService: Checking com.google.android.inputmethod.latin/com.android.inputmethod.latin.LatinIME
04-12 20:41:51.209260  1750  2291 D ShortcutService: received package broadcast intent: Intent { act=android.intent.action.PACKAGE_CHANGED dat=package: flg=0x45000010 pkg=android (has extras) }
04-12 20:41:51.209285  1750  2291 D ShortcutService: changing package: tech.palm.find userId=0
04-12 20:41:51.210068  1750  2198 V InputMethodManagerService: Found an input method InputMethodInfo{com.google.android.inputmethod.latin/com.android.inputmethod.latin.LatinIME, settings: com.google.android.apps.inputmethod.latin.preference.SettingsActivity, languageSettings: null}
04-12 20:41:51.210095  1750  2198 V InputMethodManagerService: Checking com.google.android.tts/com.google.android.apps.speech.tts.googletts.settings.asr.voiceime.VoiceInputMethodService
04-12 20:41:51.212429  1750  2198 V InputMethodManagerService: Found an input method InputMethodInfo{com.google.android.tts/com.google.android.apps.speech.tts.googletts.settings.asr.voiceime.VoiceInputMethodService, settings: com.google.android.apps.speech.tts.googletts.settings.asr.voiceime.ui.VoiceImeSettingsActivity, languageSettings: null}
04-12 20:41:51.212582  1750  2198 V InputMethodManagerService: Checking com.transsion.sk/.inputservice.TInputMethodService
04-12 20:41:51.213050  1750  2198 V InputMethodManagerService: Found an input method InputMethodInfo{com.transsion.sk/.inputservice.TInputMethodService, settings: null, languageSettings: null}
04-12 20:41:51.213180  1750  2198 D InputMethodSettings: getSelectedInputMethodStr: com.google.android.inputmethod.latin/com.android.inputmethod.latin.LatinIME
04-12 20:41:51.214026  1750  2198 V InputMethodManagerService: --- re-buildInputMethodList reset = false 
04-12 20:41:51.214026  1750  2198 V InputMethodManagerService:  ------ caller=com.android.server.inputmethod.InputMethodManagerService$MyPackageMonitor.onFinishPackageChangesInternal:963 com.android.server.inputmethod.InputMethodManagerService$MyPackageMonitor.onFinishPackageChanges:886 com.android.internal.content.PackageMonitor.doHandlePackageEvent:596 com.android.internal.content.PackageMonitor.lambda$postHandlePackageEvent$0:435 com.android.internal.content.PackageMonitor.$r8$lambda$bSKEInwdT6Kd7GAyzMZPsXTTqeQ:0 com.android.internal.content.PackageMonitor$$ExternalSyntheticLambda0.run:0 android.os.Handler.handleCallback:995 android.os.Handler.dispatchMessage:103 android.os.Looper.loopOnce:327 android.os.Looper.loop:431 
04-12 20:41:51.214175  1750  2198 D InputMethodSettings: getSelectedInputMethodStr: com.google.android.inputmethod.latin/com.android.inputmethod.latin.LatinIME
04-12 20:41:51.214454  1750  2198 D InputMethodSettings: getDefaultVoiceInputMethodStr: com.google.android.tts/com.google.android.apps.speech.tts.googletts.settings.asr.voiceime.VoiceInputMethodService
04-12 20:41:51.216834  2812  7936 D TranClassInfo: instance successfully. com.transsion.hubcore.view.TranSurfaceControlImpl@2d6d3f7 from com.transsion.hubcore.view.ITranSurfaceControl
04-12 20:41:51.224525  1750  2202 V AccessibilityManagerService: onUserStateChangedLocked for userId: 0, forceUpdate: false
04-12 20:41:51.231205  1750  2202 W MagnificationConnectionManager: requestConnection duplicated request: connect=false, mConnectionState=DISCONNECTED
