04-12 20:41:48.483373  1750  2249 I NotifAttentionHelper: buzzBeepBlinkLocked , NotificationRecord key=0|com.google.android.gms|1000|a:GMSCORE_STORE_RENDERER:0b135afdc4360000:107718207925398475592|10232, shouldMuteReason=0x800, canPlaySound=true, canPlayVibration=true, beep=false, buzz=false, hasValidSound=true, hasValidVibrate=false, vibrateOnly=false
04-12 20:41:48.484097  1750  2249 D NotificationService: notification = StatusBarNotification(pkg=com.google.android.gms user=UserHandle{0} id=1000 tag=a:GMSCORE_STORE_RENDERER:0b135afdc4360000:107718207925398475592 key=0|com.google.android.gms|1000|a:GMSCORE_STORE_RENDERER:0b135afdc4360000:107718207925398475592|10232: Notification(channel=com.google.android.gms.notifications::SECURITY_ALERTS shortcut=null contentView=null vibrate=null sound=null tick defaults=0 flags=LOCAL_ONLY|SILENT color=0x00000000 actions=1 vis=PRIVATE publicVersion=Notification(channel=null shortcut=null contentView=null vibrate=null sound=null defaults=0 flags=0 color=0x00000000 vis=PRIVATE))); and importance = 3; and isMediaNotification = false
04-12 20:41:48.485197  1750  3675 D CompatChangeReporter: Compat change id reported: 297989574; UID 10144; state: ENABLED
04-12 20:41:48.487248  7171  7278 I ActivityThread:  enable system monitor for package: com.android.providers.calendar
04-12 20:41:48.488390  1750  2249 D NotificationService: notifyListenersPostedAndLogLocked, NotificationRecord key=0|com.google.android.gms|1000|a:GMSCORE_STORE_RENDERER:0b135afdc4360000:107718207925398475592|10232
04-12 20:41:48.489265  7171  7278 D TranClassInfo: instance successfully. com.transsion.common.thubutils.AppProperties@e5e740 from com.transsion.hubsdk.thubutils.IAppProperties
04-12 20:41:48.489391  7171  7278 I AppProperties: enter initialize com.android.providers.calendar
04-12 20:41:48.489539  7171  7278 I AppProperties: readAllPropFiles directoryPath=/system_ext/etc/vconfig/com.android.providers.calendar/
04-12 20:41:48.489631  7171  7278 I AppProperties: enter readPropFiles count=0
04-12 20:41:48.489641  7171  7278 I AppProperties: readAllPropFiles directoryPath=/tr_product/etc/vconfig/com.android.providers.calendar/
04-12 20:41:48.489657  1750  2249 W NotificationHistory: Attempted to add notif for locked/gone/disabled user 0
04-12 20:41:48.489661  7171  7278 I AppProperties: enter readPropFiles count=0
04-12 20:41:48.489668  7171  7278 I AppProperties: readAllPropFiles directoryPath=/tr_region/etc/vconfig/com.android.providers.calendar/
04-12 20:41:48.489683  7171  7278 I AppProperties: enter readPropFiles count=0
04-12 20:41:48.489689  7171  7278 I AppProperties: readAllPropFiles directoryPath=/tr_carrier/etc/vconfig/com.android.providers.calendar/
04-12 20:41:48.489699  7171  7278 I AppProperties: enter readPropFiles count=0
04-12 20:41:48.489703  7171  7278 I AppProperties: readAllPropFiles directoryPath=/tr_company/etc/vconfig/com.android.providers.calendar/
04-12 20:41:48.489714  7171  7278 I AppProperties: enter readPropFiles count=0
04-12 20:41:48.489720  7171  7278 I AppProperties: readAllPropFiles directoryPath=/tranfs/etc/vconfig/com.android.providers.calendar/
04-12 20:41:48.489746  7171  7278 I AppProperties: enter readPropFiles count=0
04-12 20:41:48.492172  7171  7171 E SystemMonitorUtils:  error to open /dev/ensignal file e=android.system.ErrnoException: open failed: EACCES (Permission denied)
04-12 20:41:48.492227  7171  7171 E SystemMonitorUtils:  error to open /dev/ensignal file e=android.system.ErrnoException: open failed: EACCES (Permission denied)
04-12 20:41:48.496842  1750  1887 D TranActivityPerformance: onTidChange mIsBootTidEnabled is enable=false
04-12 20:41:48.496916  1750  1887 D HSTD_TOSS_AppBehaviorBuriedManager: mTidEnabled:onTidChange!!!! tid:541860000014
04-12 20:41:48.496992  1750  1887 D TaskProcess_Tracker: trancare onTidChange is enable= false
04-12 20:41:48.497003  1750  3295 D TranZeroAudioStandard: onTidChanged = false
04-12 20:41:48.497281  1750  2443 D HSTD_TOSS_AppBehaviorBuriedManager: should save cached and clean list!!!
04-12 20:41:48.499012  2466  7225 I Usf_Hiber/usageTracker: app mode trancare onTidChange is enable= false
04-12 20:41:48.499151  1750  2495 D TranAppm/SystemMonitor:  onTidChange mTidEnabled = false
04-12 20:41:48.499197  1750  2495 E TranAppm/SystemMonitor: first get mNativeVersion: 3
04-12 20:41:48.499202  1750  2495 E TranAppm/SystemMonitor: mNativeVersion: 3
04-12 20:41:48.500172  2466  2604 I Usf_HiberBp/freezeBpUploader: onFastTidChange: false, onLongTidChange: false
04-12 20:41:48.510654  1750  2048 D UsfSystemServer/appSceneHooker: action is empty in service bind status
04-12 20:41:48.511699  1750  2446 I StandbyHandler/TranJobStateMonitor: uid:10230,pkgName:com.google.android.apps.wellbeing/.autodnd.impl.AutoDndJobService jobId:1 start time:1970-01-01 08:00:32
04-12 20:41:48.519187  1750  1750 W Looper  : Drained
04-12 20:41:48.520720  1750  2446 I StandbyHandler/TranJobStateMonitor: uid:10230,pkgName:com.google.android.apps.wellbeing/.autodnd.impl.AutoDndJobService jobId:1 finish time:1970-01-01 08:00:32,duration:9
04-12 20:41:48.533256  1750  4347 V AlarmManager: set(PendingIntent{4b3c7: PendingIntentRecord{e48fdca com.google.android.gms/com.google.android.gms.scheduler broadcastIntent}}) : type=3 triggerAtTime=33160 win=0 tElapsed=37316 maxElapsed=37316 interval=0 flags=0x0
04-12 20:41:48.533869  1750  2048 D CompatChangeReporter: Compat change id reported: 319212206; UID 10144; state: ENABLED
04-12 20:41:48.534493  1750  3594 D UsfSystemServer/appSceneHooker: action is empty in service bind status
04-12 20:41:48.552105  1750  3594 V AlarmManager: set(null) : type=2 triggerAtTime=944753 win=684324 tElapsed=944753 maxElapsed=1629077 interval=0 flags=0x0
04-12 20:41:48.554946  2466  7225 D TranAlarmAlignManager: alarmAlign system not ready:false,align:null
04-12 20:41:48.555805  2466  7225 D TranAlarmAlignManager: alarmAlign system not ready:false,align:null
04-12 20:41:48.560087  1750  1887 I START_DEBUG: remove BIND_TIMEOUT finish    ProcessRecord :ProcessRecord{4e4b8ed 7171:com.android.providers.calendar/u0a82}
04-12 20:41:48.567816  1750  3594 D UsfSystemServer/appSceneHooker: action is empty in service bind status
04-12 20:41:48.579387  1750  2446 I StandbyHandler/TranJobStateMonitor: uid:10221,pkgName:com.google.android.partnersetup/.AppHidingJobService jobId:12288 start time:1970-01-01 08:00:32
04-12 20:41:48.597786  1750  3594 D UsfSystemServer/appSceneHooker: action is empty in service bind status
04-12 20:41:48.598655  1750  2005 V AlarmManager: set(PendingIntent{45e9ad8: PendingIntentRecord{a85ee31 com.android.providers.calendar broadcastIntent}}) : type=2 triggerAtTime=21600000 win=16200000 tElapsed=21600000 maxElapsed=37800000 interval=21600000 flags=0x0
04-12 20:41:48.600560  2466  5647 D TranAlarmAlignManager: alarmAlign system not ready:false,align:null
04-12 20:41:48.601182  1750  3594 V AlarmManager: set(PendingIntent{8e8c84: PendingIntentRecord{d9a3c6d com.android.providers.calendar broadcastIntent}}) : type=2 triggerAtTime=35383 win=0 tElapsed=37383 maxElapsed=37383 interval=0 flags=0x5
04-12 20:41:48.601965  2466  5647 D TranAlarmAlignManager: alarmAlign system not ready:false,align:null
04-12 20:41:48.628027  1750  1963 I tranpm/BroadcastPolicy: limitScheduleReceiverColdLockedInBringUp by isBlockBringUpClsPkg: callingPackage = null, targetPkg = com.gallery20, receiverName = androidx.work.impl.background.systemalarm.RescheduleReceiver action = android.intent.action.BOOT_COMPLETED
04-12 20:41:48.628279  1750  1963 I tranpm/ExemptionPolicy: do nothing
04-12 20:41:48.632240  1750  2588 D ActivityTaskManager: isControllerAMonkey mController = null,mControllerIsAMonkey = false
04-12 20:41:48.632347  1750  2588 I PackageManager: setEnabledSettings callingUid = 10221 callingPid = 5353 packageName = com.android.vending componentName = null callingPackage= com.google.android.partnersetup newState = 1 userId = 0 flags = 1
04-12 20:41:48.639825  1750  1991 D TranPowerStateChangedController: onColorFadeSateChanged: colorFadeState = 3
04-12 20:41:48.647656  1750  1991 I DisplayPowerController[0]: Blocking screen off
04-12 20:41:48.647751  1750  1991 I TranAlwaysOnDisplayHelper: onScreenTurningOff
04-12 20:41:48.648311  1750  1991 D WindowManager: Create SleepToken: tag=Display-off, displayId=0
04-12 20:41:48.648517  1750  1991 D os.KeyguardGestureLiceFactory: doMethod onScreenTurnedOff
04-12 20:41:48.649156  1750  2446 I StandbyHandler/TranJobStateMonitor: uid:10264,pkgName:com.google.android.adservices.api/com.android.adservices.spe.AdServicesJobService jobId:13 finish time:1970-01-01 08:00:32,duration:4679
04-12 20:41:48.654300  1750  2344 D TranPowerStateChangedController: PowerStateChanged: mode = 2, brightnessState = -1.0
04-12 20:41:48.654433  1750  2344 D LocalDisplayAdapter: set backlight: -1.0, nits = 2.0111835, sdrBacklight = -1.0, sdrNits = 2.0111835
04-12 20:41:48.654454  1750  2353 D TranAppBrightnessChangeController: [handleMessage] msg type: 1005 isCloudEnabled: true
04-12 20:41:48.655049  1750  2344 D TranScreenOnOffTimeoutDetector: add Event TranScreenOnOffTimeoutEvent{eventNum=-1, eventTime=32437}
04-12 20:41:48.655066  1750  2344 D TranScreenOnOffTimeoutDetector: timeOutDetectionForEndOfProcess: mEventList is in error,but it is not a problem
04-12 20:41:48.659194  1750  1991 D TranBatterySaveBrightnessLimitController: shouldBrightnessLimit mBatterySaveBrightnessConfigInfos BatterySaveBrightnessConfigInfo{id=1, switchData=1, nits=[70, 130], ratios=[0.0, 0.15], rateIns=[0, 15, 15], rateOuts=[0, 15, 15]}
04-12 20:41:48.659380  1750  1991 I DisplayPowerController[0]: thermalLight brightnessState: 0.07328184 time: NaN
04-12 20:41:48.659449  1750  1991 I TranOriginHbmController[L]: needsXDRAnimationExit brightness = 0.07328184, sdrBrightness = 0.07328184 mIsTemporaryInspired = false, GetHbmScreenBrightness() = 1.0, GetSdrBrightness = -1.0, mSdrBrightness = -1.0, mCurrentBrightness = 0.0, mForceHbmChangeCallback = false, mRatioChange = false
04-12 20:41:48.659695  1750  1991 I DisplayPowerController[0]: Unblocked screen off after 12 ms
04-12 20:41:48.660512  1750  1991 D TranFingerprintServiceExtImpl_mtk: setScreenState displayId =0 state =1
04-12 20:41:48.660606  1750  1991 I TranHBMController[0]: HBM display state is OFF
04-12 20:41:48.660707  1750  1991 V SettingsProvider: name : tran_power_hbm_state appId : 1000
04-12 20:41:48.661178  1750  2352 I TranPowerBurriedPointController: onScreenStateChanged: displayId = 0, state = 1
04-12 20:41:48.661450  1750  1991 D MagellanHandle: updateRefreshRateForSceneVsyncs what = 13
04-12 20:41:48.661519  1750  1991 D TranDisplayPowerControllerImpl: hookCurDisplayState oldState= 2 state: 1
04-12 20:41:48.661538  1750  1991 D DisplayPowerController[0]: setTranAutoBrightnessTemporarily enable=true reason=screen off or doze
04-12 20:41:48.661553  1750  1991 I DisplayBrightnessStrategySelector: Changing the DisplayBrightnessStrategy from InvalidBrightnessStrategy to ScreenOffBrightnessStrategy for display 0
04-12 20:41:48.667026  1750  3293 I PowerData/TranPowerEventManager: write 40 events to disk, flush reason: forceFlush=true, cacheFull=false, flushTimeReached=false
04-12 20:41:48.670465  1750  1991 D TranBatterySaveBrightnessLimitController: shouldBrightnessLimit mBatterySaveBrightnessConfigInfos BatterySaveBrightnessConfigInfo{id=1, switchData=1, nits=[70, 130], ratios=[0.0, 0.15], rateIns=[0, 15, 15], rateOuts=[0, 15, 15]}
04-12 20:41:48.670624  1750  1991 I DisplayPowerController[0]: thermalLight brightnessState: 0.0 time: NaN
04-12 20:41:48.670685  1750  1991 I TranOriginHbmController[L]: needsXDRAnimationExit brightness = 0.0, sdrBrightness = 0.0 mIsTemporaryInspired = false, GetHbmScreenBrightness() = 1.0, GetSdrBrightness = -1.0, mSdrBrightness = -1.0, mCurrentBrightness = 0.0, mForceHbmChangeCallback = false, mRatioChange = false
04-12 20:41:48.670728  1750  1991 D DisplayPowerController[0]: animateScreenBrightness: target = 0.0, sdrTarget = 0.0, rate = 0.0, mShouldUpdateBrightnessSettingLater = false
04-12 20:41:48.673530  1750  1991 I thermalLightController: SCR_OFF
04-12 20:41:48.673583  1750  1991 V DisplayPowerController[0]: Brightness [0.0] reason changing to: 'screen_off', previous reason: 'automatic'.
04-12 20:41:48.674407  1750  1991 I DisplayPowerController[0]: BrightnessEvent: brt=0.0 (0.0%), nits= 2.0111835, lux=-1.0, reason=screen_off, strat=ScreenOffBrightnessStrategy, state=OFF, stateReason=DEFAULT_POLICY, policy=OFF, flags=, initBrt=0.07328184, rcmdBrt=NaN, preBrt=NaN, preLux=0.0, wasShortTermModelActive=false, autoBrightness=true (default), unclampedBrt=-1.0, hbmMax=1.0, hbmMode=off, thrmMax=1.0, rbcStrength=50, powerFactor=1.0, physDisp=内置屏幕(local:4627039422300187648), logicalId=0, slowChange=false, rampSpeed=0.0
04-12 20:41:48.675170  1750  2048 D ActivityTaskManager: isControllerAMonkey mController = null,mControllerIsAMonkey = false
04-12 20:41:48.676037  1750  1887 D ActivityTaskManager: isControllerAMonkey mController = null,mControllerIsAMonkey = false
04-12 20:41:48.676583  1750  2344 D TranFingerprintComponentImpl: isSystemCloneUser userId = 0
04-12 20:41:48.676612  1750  2344 D TranFingerprintComponentImpl: isSystemCloneUser userId = 0
04-12 20:41:48.676624  1750  2344 D TranFingerprintComponentImpl: isSystemCloneUser userId = 0
04-12 20:41:48.676911  1750  1991 I PowerGroup: Sleeping power group (groupId=0, uid=1000, reason=timeout)...
04-12 20:41:48.676945  1750  1991 D TranScreenOnOffTimeoutDetector: onGoToSleep()
04-12 20:41:48.677004  1750  1991 D MagellanHandle: updateRefreshRateForSceneVsyncs what = 26
04-12 20:41:48.677071  1750  1991 I PowerManagerService: Sleeping (uid 1000)...
04-12 20:41:48.677401  1750  1943 I DisplayDeviceRepository: Display device changed state: "内置屏幕", OFF
04-12 20:41:48.677611  1750  1943 I Griffin/DeviceState: virtualDisplayPackageName :{}
04-12 20:41:48.678243  1750  1887 I PackageManager: setEnabledSettings callingUid = 10221 callingPid = 5353 packageName = com.google.android.apps.maps componentName = null callingPackage= com.google.android.partnersetup newState = 1 userId = 0 flags = 1
04-12 20:41:48.680224  1750  2363 D TranBaseRefreshRatePolicy:  mScreenOnGoingState state = 0
04-12 20:41:48.682529  5285  5462 D TranClassInfo: instance successfully. com.transsion.hubcore.view.TranDisplayImpl@d1672fc from com.transsion.hubcore.view.ITranDisplay
04-12 20:41:48.682777  1750  3293 D PowerData/TranPowerDataComponentImpl: noteScreenState1 cost ms:15
04-12 20:41:48.684199  1750  1991 D PowerManagerNotifier: finishedGoingToSleep:0
04-12 20:41:48.685084  1750  2324 D PowerManagerNotifier: finishedGoingToSleep: start
04-12 20:41:48.686313  1750  1944 D WindowManager: System monitor commitFinishDrawingLocked activity = null canShowWindows = null type = 2019
04-12 20:41:48.686375  1750  1944 D WindowManager: Showing Window{cd9049f u0 Taskbar} during animation: policyVis=true isVisible = false mViewVisibility = 0 tok.visibleRequested = false tok.visible= false
04-12 20:41:48.686501  1750  1944 D WindowManager: System monitor commitFinishDrawingLocked activity = null canShowWindows = null type = 2013
04-12 20:41:48.686519  1750  1944 D WindowManager: Showing Window{d33f5ed u0 com.android.systemui.wallpapers.ImageWallpaper} during animation: policyVis=true isVisible = false mViewVisibility = 0 tok.visibleRequested = false tok.visible= false
04-12 20:41:48.686745  1750  1944 I DisplayDevice: [0] Layerstack set to -1 for local:4627039422300187648
04-12 20:41:48.686801  1750  1964 W ActivityManager: Slow operation: 55ms so far, now at startProcess: done updating battery stats
04-12 20:41:48.687011  1750  1964 W ActivityManager: Slow operation: 55ms so far, now at startProcess: building log message
04-12 20:41:48.687027  1750  1964 I ActivityManager: Start proc 7262:com.google.android.apps.tachyon/u0a254 for broadcast {com.google.android.apps.tachyon/com.google.android.apps.tachyon.common.applifecycle.BootReceiver}
04-12 20:41:48.687057  1750  1964 W ActivityManager: Slow operation: 55ms so far, now at startProcess: starting to update pids map
04-12 20:41:48.688833  1750  3294 I PowerData/TranPowerEventSqliteHelper: insert 40 events into db took 18 ms, success ? true
04-12 20:41:48.697070  1750  1991 D BrightnessThermalClamper: Thermal status observer already started
04-12 20:41:48.699206  1750  2249 I NotifAttentionHelper: buzzBeepBlinkLocked , NotificationRecord key=0|com.google.android.gms|0|0|com.google.android.gms|g:Aggregate_AlertingSection|10232|0|com.google.android.gms|g:Aggregate_AlertingSection, shouldMuteReason=0x400, canPlaySound=true, canPlayVibration=true, beep=false, buzz=false, hasValidSound=true, hasValidVibrate=false, vibrateOnly=false
04-12 20:41:48.700040  1750  4407 V AlarmManager: set(PendingIntent{dd88513: PendingIntentRecord{d6ea350 com.android.phone broadcastIntent}}) : type=2 triggerAtTime=92479 win=0 tElapsed=92479 maxElapsed=92479 interval=0 flags=0x9
04-12 20:41:48.700211  1750  2249 D NotificationService: notification = StatusBarNotification(pkg=com.google.android.gms user=UserHandle{0} id=0 tag=0|com.google.android.gms|g:Aggregate_AlertingSection key=0|com.google.android.gms|0|0|com.google.android.gms|g:Aggregate_AlertingSection|10232|0|com.google.android.gms|g:Aggregate_AlertingSection: Notification(channel=com.google.android.gms.notifications::SECURITY_ALERTS shortcut=null contentView=null vibrate=null sound=null defaults=0 flags=LOCAL_ONLY|GROUP_SUMMARY|AUTOGROUP_SUMMARY color=0x00000000 groupKey=0|com.google.android.gms|g:Aggregate_AlertingSection vis=PRIVATE)); and importance = 3; and isMediaNotification = false
04-12 20:41:48.701171  1750  2048 D ActivityTaskManager: isControllerAMonkey mController = null,mControllerIsAMonkey = false
04-12 20:41:48.701249  1750  2048 I PackageManager: setEnabledSettings callingUid = 10221 callingPid = 5353 packageName = com.google.android.videos componentName = null callingPackage= com.google.android.partnersetup newState = 2 userId = 0 flags = 0
04-12 20:41:48.701703  1750  1925 D WindowManager: DeferredDisplayUpdater: partially applying DisplayInfo(1208 x 2644) immediately
04-12 20:41:48.702259  1750  2249 D NotificationService: notifyListenersPostedAndLogLocked, NotificationRecord key=0|com.google.android.gms|0|0|com.google.android.gms|g:Aggregate_AlertingSection|10232|0|com.google.android.gms|g:Aggregate_AlertingSection
04-12 20:41:48.704950  1750  1925 D WindowManager: System monitor commitFinishDrawingLocked activity = null canShowWindows = null type = 2019
04-12 20:41:48.705005  1750  1925 D WindowManager: Showing Window{cd9049f u0 Taskbar} during animation: policyVis=true isVisible = false mViewVisibility = 0 tok.visibleRequested = false tok.visible= false
04-12 20:41:48.705292  1750  1925 D WindowManager: System monitor commitFinishDrawingLocked activity = null canShowWindows = null type = 2013
04-12 20:41:48.705327  1750  1925 D WindowManager: Showing Window{d33f5ed u0 com.android.systemui.wallpapers.ImageWallpaper} during animation: policyVis=true isVisible = false mViewVisibility = 0 tok.visibleRequested = false tok.visible= false
04-12 20:41:48.706139  1750  2048 D MagellanHandle: updateRefreshRateForSceneVsyncs what = 27
04-12 20:41:48.706335  1750  3433 D ActivityTaskManager: isControllerAMonkey mController = null,mControllerIsAMonkey = false
04-12 20:41:48.706420  1750  3433 I PackageManager: setEnabledSettings callingUid = 10221 callingPid = 5353 packageName = com.google.android.youtube componentName = null callingPackage= com.google.android.partnersetup newState = 1 userId = 0 flags = 1
04-12 20:41:48.706684  1750  1964 I START_DEBUG: send START_TIMEOUT message    ProcessRecord :ProcessRecord{3887d9 7262:com.google.android.apps.tachyon/u0a254}
04-12 20:41:48.706745  1750  1964 I ActivityManager: ProcessObserver broadcast disabled
04-12 20:41:48.708003  1750  2983 D MagellanHandle: updateRefreshRateForSceneVsyncs what = 27
04-12 20:41:48.708060  1750  1944 D WindowManager: System monitor commitFinishDrawingLocked activity = null canShowWindows = null type = 2019
04-12 20:41:48.708085  1750  1944 D WindowManager: Showing Window{cd9049f u0 Taskbar} during animation: policyVis=true isVisible = false mViewVisibility = 0 tok.visibleRequested = false tok.visible= false
04-12 20:41:48.708136  1750  1944 D WindowManager: System monitor commitFinishDrawingLocked activity = null canShowWindows = null type = 2013
04-12 20:41:48.708207  1750  1944 D WindowManager: Showing Window{d33f5ed u0 com.android.systemui.wallpapers.ImageWallpaper} during animation: policyVis=true isVisible = false mViewVisibility = 0 tok.visibleRequested = false tok.visible= false
04-12 20:41:48.710606  1750  3294 I PowerData/TranPowerEventSqliteHelper: DELETE 0 event items FROM tran_power_event SUCCESS, whereClause: utc_time < ? AND event_id NOT IN (41,42,43,44,63), whereArgs: [1775692800000],
04-12 20:41:48.712485  4148  5659 W ContextImpl: Calling a method in the system process without a qualified user: android.app.ContextImpl.bindService:2215 android.content.ContextWrapper.bindService:891 iu1.k:31 iu1.p:31 iu1.n:15 
04-12 20:41:48.714290  1750  1944 D WindowManager: System monitor commitFinishDrawingLocked activity = null canShowWindows = null type = 2019
04-12 20:41:48.714334  1750  1944 D WindowManager: Showing Window{cd9049f u0 Taskbar} during animation: policyVis=true isVisible = false mViewVisibility = 0 tok.visibleRequested = false tok.visible= false
04-12 20:41:48.714429  1750  1944 D WindowManager: System monitor commitFinishDrawingLocked activity = null canShowWindows = null type = 2013
04-12 20:41:48.714453  1750  1944 D WindowManager: Showing Window{d33f5ed u0 com.android.systemui.wallpapers.ImageWallpaper} during animation: policyVis=true isVisible = false mViewVisibility = 0 tok.visibleRequested = false tok.visible= false
04-12 20:41:48.715371  1750  1964 W ActivityManager: Slow operation: 84ms so far, now at startProcess: done updating pids map
04-12 20:41:48.720171  1750  2588 V ActivityManager: New death recipient com.android.server.am.ActivityManagerService$AppDeathRecipient@4b38c68 for thread android.os.BinderProxy@5aaa881
04-12 20:41:48.722321  1750  2588 I START_DEBUG: send BINDTIMEOUT    ProcessRecord :ProcessRecord{3887d9 7262:com.google.android.apps.tachyon/u0a254}
04-12 20:41:48.722474  1750  2588 I START_DEBUG: remove START_TIMEOUT finish    ProcessRecord :ProcessRecord{3887d9 7262:com.google.android.apps.tachyon/u0a254}
04-12 20:41:48.723207  7262  7332 I ActivityThread:  enable system monitor for package: com.google.android.apps.tachyon
04-12 20:41:48.723669  1750  2588 D os.ActivityManagerServiceLice: make process active com.google.android.apps.tachyon(7262)
04-12 20:41:48.724708  7262  7332 D TranClassInfo: instance successfully. com.transsion.common.thubutils.AppProperties@e5e740 from com.transsion.hubsdk.thubutils.IAppProperties
04-12 20:41:48.724820  7262  7332 I AppProperties: enter initialize com.google.android.apps.tachyon
04-12 20:41:48.725364  7262  7332 I AppProperties: readAllPropFiles directoryPath=/system_ext/etc/vconfig/com.google.android.apps.tachyon/
04-12 20:41:48.725459  7262  7332 I AppProperties: enter readPropFiles count=0
04-12 20:41:48.725475  7262  7332 I AppProperties: readAllPropFiles directoryPath=/tr_product/etc/vconfig/com.google.android.apps.tachyon/
04-12 20:41:48.725496  7262  7332 I AppProperties: enter readPropFiles count=0
04-12 20:41:48.725500  7262  7332 I AppProperties: readAllPropFiles directoryPath=/tr_region/etc/vconfig/com.google.android.apps.tachyon/
04-12 20:41:48.725513  7262  7332 I AppProperties: enter readPropFiles count=0
04-12 20:41:48.725516  7262  7332 I AppProperties: readAllPropFiles directoryPath=/tr_carrier/etc/vconfig/com.google.android.apps.tachyon/
04-12 20:41:48.725523  7262  7332 I AppProperties: enter readPropFiles count=0
04-12 20:41:48.725525  7262  7332 I AppProperties: readAllPropFiles directoryPath=/tr_company/etc/vconfig/com.google.android.apps.tachyon/
04-12 20:41:48.725533  7262  7332 I AppProperties: enter readPropFiles count=0
04-12 20:41:48.725536  7262  7332 I AppProperties: readAllPropFiles directoryPath=/tranfs/etc/vconfig/com.google.android.apps.tachyon/
04-12 20:41:48.725564  7262  7332 I AppProperties: enter readPropFiles count=0
04-12 20:41:48.726290  2466  2544 I Usf_Hiber/appStateMachine: TranAppStateMachine initial
04-12 20:41:48.727217  2466  2539 I Usf_Hiber/appStateMachine: uid:10254 enter DefaultState
04-12 20:41:48.727269  2466  2539 I Usf_Hiber/appStateMachine: uid:10254 enter RunningState
04-12 20:41:48.728490  1750  2312 D UsfSystemServer/appSceneHooker: action is empty in service bind status
04-12 20:41:48.728883  7262  7262 E SystemMonitorUtils:  error to open /dev/ensignal file e=android.system.ErrnoException: open failed: EACCES (Permission denied)
04-12 20:41:48.728946  7262  7262 E SystemMonitorUtils:  error to open /dev/ensignal file e=android.system.ErrnoException: open failed: EACCES (Permission denied)
04-12 20:41:48.737295  2466  7225 D TranAlarmAlignManager: alarmAlign system not ready:false,align:null
04-12 20:41:48.743947  1750  2983 D UsfSystemServer/appSceneHooker: action is empty in service bind status
04-12 20:41:48.747070  1750  1997 W TranPerf-ScreenOffDexoptFeature: Set alarm: 300000
04-12 20:41:48.747118  1750  1997 V AlarmManager: set(null) : type=1 triggerAtTime=1775998008746 win=224999 tElapsed=332528 maxElapsed=557527 interval=0 flags=0x8
04-12 20:41:48.747617  2466  7225 D TranAlarmAlignManager: alarmAlign system not ready:false,align:null
04-12 20:41:48.748037  1750  3675 D UsfSystemServer/appSceneHooker: action is empty in service bind status
04-12 20:41:48.754910  1750  2312 D UsfSystemServer/appSceneHooker: action is empty in service bind status
04-12 20:41:48.755854  1750  2446 I StandbyHandler/TranJobStateMonitor: uid:10221,pkgName:com.google.android.partnersetup/.ClientIdJobService jobId:8192 start time:1970-01-01 08:00:32
04-12 20:41:48.756767  1750  4406 V AlarmManager: set(PendingIntent{60e09b0: PendingIntentRecord{e48fdca com.google.android.gms/com.google.android.gms.scheduler broadcastIntent}}) : type=3 triggerAtTime=33160 win=0 tElapsed=37539 maxElapsed=37539 interval=0 flags=0x0
04-12 20:41:48.757857  1750  2446 I StandbyHandler/TranJobStateMonitor: uid:10221,pkgName:com.google.android.partnersetup/.AppHidingJobService jobId:12288 finish time:1970-01-01 08:00:32,duration:178
04-12 20:41:48.763455  1750  1887 D UsfSystemServer/appSceneHooker: action is empty in service bind status
04-12 20:41:48.769096  1750  2324 W BroadcastLoopers: Found previously unknown looper Thread[Notifier,5,main]
04-12 20:41:48.778555  1750  1887 D UsfSystemServer/appSceneHooker: action is empty in service bind status
04-12 20:41:48.781298  1750  2446 I StandbyHandler/TranJobStateMonitor: uid:10232,pkgName:@SyncManager@com.google.android.gms.chromesync/com.google:android jobId:8 start time:1970-01-01 08:00:32
04-12 20:41:48.785406  2466  5647 D TranAlarmAlignManager: alarmAlign system not ready:false,align:null
04-12 20:41:48.792529  1750  1750 E ScreenIntentReceiver: notifyChange failed
04-12 20:41:48.795668  1750  1750 I TranAIChargeImpl: onReceive intent=Intent { act=android.intent.action.SCREEN_OFF flg=0x50200010 }
04-12 20:41:48.803325  1750  1750 I TranAIChargingController: onReceive intent=Intent { act=android.intent.action.SCREEN_OFF flg=0x50200010 }
04-12 20:41:48.804174  1750  2345 I TranAIChargeImpl: mScreenOffTimeStamp=1775997708796,mAlarmTimeStamp=-1,mAutoBrightness=1,mSimSignal=-1
04-12 20:41:48.816068  1750  2048 V AlarmManager: set(PendingIntent{7b75437: PendingIntentRecord{e41cda4 com.google.android.gms/com.google.android.gms.scheduler broadcastIntent}}) : type=3 triggerAtTime=932598 win=675000 tElapsed=932598 maxElapsed=1607598 interval=0 flags=0x0
04-12 20:41:48.819912  2466  5647 D TranAlarmAlignManager: alarmAlign system not ready:false,align:null
04-12 20:41:48.831230  3872  7346 D ActivityThread: Loading provider com.google.android.gms.chromesync: com.google.android.gms.chromesync.sync.SyncContentProvider
04-12 20:41:48.832542  1750  2048 V AlarmManager: set(PendingIntent{c5616c2: PendingIntentRecord{5a3bbe3 com.google.android.gms/com.google.android.gms.location_base broadcastIntent}}) : type=2 triggerAtTime=44999 win=60000 tElapsed=44999 maxElapsed=104999 interval=0 flags=0x0
04-12 20:41:48.840223  2466  7225 D TranAlarmAlignManager: alarmAlign system not ready:false,align:null
04-12 20:41:48.841381  3872  7346 E ActivityThread: Failed to find provider info for subscribedfeeds
04-12 20:41:48.841575  1750  1750 I Griffin/PMReceiver: receive action:android.intent.action.SCREEN_OFF
04-12 20:41:48.844195  1750  2312 V AlarmManager: set(PendingIntent{a96932f: PendingIntentRecord{e48fdca com.google.android.gms/com.google.android.gms.scheduler broadcastIntent}}) : type=3 triggerAtTime=33160 win=0 tElapsed=37624 maxElapsed=37624 interval=0 flags=0x0
04-12 20:41:48.846325  1750  3294 I PowerData/PowerExtraInfoReader: correctCoulumbData origin=51000, current=51
04-12 20:41:48.846399  1750  3294 I PowerData/PowerExtraInfoReader: correctCoulumbData origin=895000, current=895
04-12 20:41:48.846497  1750  3294 I PowerData/PowerExtraInfoReader: correctCoulumbData origin=856000, current=856
04-12 20:41:48.846854  1750  3294 I PowerData/PowerExtraInfoReader: correctCoulumbData origin=3000, current=3
04-12 20:41:48.846920  1750  3294 I PowerData/PowerExtraInfoReader: correctCoulumbData origin=3000, current=3
04-12 20:41:48.847147  1750  3294 I PowerData/PowerExtraInfoReader: correctCoulumbData origin=5000, current=5
04-12 20:41:48.847344  1750  3294 I PowerData/PowerExtraInfoReader: correctCoulumbData origin=1000, current=1
04-12 20:41:48.847440  1750  3294 I PowerData/PowerExtraInfoReader: correctCoulumbData origin=12000, current=12
04-12 20:41:48.847598  1750  3294 I PowerData/PowerExtraInfoReader: correctCoulumbData origin=51000, current=51
04-12 20:41:48.861743  1750  3294 I PowerData/TranAggregationManager: battery_powerdata_v4 result, tid=100361000002, {"s_t":"2026\/04\/09 20:12:15","e_t":"2026\/04\/10 08:00:00","data_date":"20260409","boot_c":2,"bat_cap":7000,"bat_cc":0,"chso_t":341384,"chsf_t":3249921,"ncso_t":366332,"ncsf_t":38393541,"ncso_c":9,"ncso_r":[{"reason":"android.server.power:PLUGGED:false","cnt":2},{"reason":"android.policy:POWER","cnt":7}],"ncso_brns_t":[0,197328,169004,0,0,0,0,0,0,0,0,0,0],"nc_aod_t":0,"nc_aod_c":0,"ncso_mah":51,"ncsf_mah":895,"ncso_bl":0,"ncsf_bl":14,"ncsf_lsb_mah":856,"ncsf_lsb_bl":14,"ncsf_lsb_t":37424551,"rfr_30_t":0,"rfr_45_t":0,"rfr_60_t":138295,"rfr_90_t":4969,"rfr_120_t":224958,"rfr_144_t":0,"ncso_spk_vol_t":[5412,0,0,0,0,0,0,0,0,0,0,0,0,0,0,0],"ncsf_spk_vol_t":[0,0,0,0,0,0,0,0,0,0,0,0,0,0,0,0],"ncso_aud_spk_t":5412,"ncsf_aud_spk_t":0,"ncso_aud_bths_t":0,"ncsf_aud_bths_t":0,"ncso_aud_whs_t":0,"ncsf_aud_whs_t":0,"ncso_aud_t":5412,"ncsf_aud_t":0,"ncso_aud_c":7,"ncsf_aud_c":3,"ncso_vid_t":34389,"ncsf_vid_t":168114,"ncso_vid_c":2,"ncsf_vid_c":2,"ncso_cam_t":0,"ncsf_cam_t":0,"ncso_cam_c":0,"ncsf_cam_c":0,"ncso_fll_t":0,"ncsf_fll_t":0,"ncso_fll_c":0,"ncsf_fll_c":0,"ncso_gps_t":0,"ncsf_gps_t":0,"ncso_gps_c":0,"ncsf_gps_c":0,"ncso_bt_s_t":331345,"ncsf_bt_s_t":26411091,"ncso_bt_s_c":28,"ncsf_bt_s_c":5,"ncso_hs_24_t":0,"ncsf_hs_24_t":0,"ncso_hs_5_t":0,"ncsf_hs_5_t":0,"ncso_hs_rx":0,"ncsf_hs_rx":0,"ncso_hs_tx":0,"ncsf_hs_tx":0,"ncso_wifi_t":351945,"ncsf_wifi_t":27541254,"ncso_wifi_s_t":37560,"ncsf_wifi_s_t":4681,"ncso_wifi_s_c":24,"ncsf_wifi_s_c":3,"ncso_wifi_flk_t":0,"ncsf_wifi_flk_t":0,"ncso_wifi_flk_c":0,"ncsf_wifi_flk_c":0,"ncso_wifi_rx":76015260,"ncsf_wifi_rx":40949671,"ncso_wifi_tx":7950429,"ncsf_wifi_tx":35680784,"ncso_mob_rx":0,"ncsf_mob_rx":0,"ncso_mob_tx":0,"ncsf_mob_tx":0,"ncso_call_t":0,"ncsf_call_t":0,"ncso_call_c":0,"ncsf_call_c":0,"doze_d_t":36804055,"doze_d_c":7,"ncso_tled_t":0,"ncsf_tled_t":0,"ncso_tled_c":2,"ncsf_tled_c":1,"lsb_t":37424551,"lsb_mah":856,"lsb_bl":14,"lsb_clk_off_pct":0.85,"lsb_cpu_suspend_pct":0.78,"hbm_t":0,"hbm_c":0,"ncso_md_ss_t":[],"ncsf_md_ss_t":[],"ncso_md_svc_t":[],"ncsf_md_svc_t":[],"ncso_md_net_type_t":[],"ncsf_md_net_type_t":[],"ainet_t":10852279,"ainet_o":1,"cpu_wk_src":[{"src":"R12_EINT_EVENT_B","cnt":166},{"src":"UNKNOWN","cnt":480},{"src":"R12_SYSTIMER_EVENT_B","cnt":7}],"clk_blk_src":[{"src":"conn","cnt":367},{"src":"md","cnt":5}],"ncso_fg_app":[{"pkg":"com.transsion.launcher3","time":10780,"mah":3,"bl":0,"mob_tx_b":0,"mob_rx_b":0,"wifi_tx_b":2693,"wifi_rx_b":6218,"rfr_30_t":0,"rfr_45_t":0,"rfr_60_t":2505,"rfr_90_t":17,"rfr_120_t":8258,"rfr_144_t":0,"cam_t":0,"cam_c":0,"aud_t":0,"aud_c":0,"vid_t":0,"vid_c":0,"gps_t":0,"gps_c":0,"brns_t":[0,1021,9759,0,0,0,0,0,0,0,0,0,0],"aud_spk_t":0,"spk_vol_t":[0,0,0,0,0,0,0,0,0,0,0,0,0,0,0,0],"aud_bths_t":0,"aud_whs_t":0},{"pkg":"com.gallery20","time":19220,"mah":3,"bl":0,"mob_tx_b":0,"mob_rx_b":0,"wifi_tx_b":264,"wifi_rx_b":264,"rfr_30_t":0,"rfr_45_t":0,"rfr_60_t":12308,"rfr_90_t":4952,"rfr_120_t":1960,"rfr_144_t":0,"cam_t":0,"cam_c":0,"aud_t":0,"aud_c":0,"vid_t":0,"vid_c":0,"gps_t":0,"gps_c":0,"brns_t":[0,15534,3686,0,0,0,0,0,0,0,0,0,0],"aud_spk_t":0,"spk_vol_t":[0,0,0,0,0,0,0,0,0,0,0,0,0,0,0,0],"aud_bths_t":0,"aud_whs_t":0},{"pkg":"ANDROID_SYSTEM","time":105907,"mah":12,"bl":0,"mob_tx_b":0,"mob_rx_b":0,"wifi_tx_b":115188,"wifi_rx_b":585764,"rfr_30_t":0,"rfr_45_t":0,"rfr_60_t":3790,"rfr_90_t":0,"rfr_120_t":101666,"rfr_144_t":0,"cam_t":0,"cam_c":0,"aud_t":0,"aud_c":0,"vid_t":0,"vid_c":0,"gps_t":0,"gps_c":0,"brns_t":[0,100523,5384,0,0,0,0,0,0,0,0,0,0],"aud_spk_t":0,"spk_vol_t":[0,0,0,0,0,0,0,0,0,0,0,0,0,0,0,0],"aud_bths_t":0,"aud_whs_t":0},{"pkg":"com.transsion.airtransfer","time":36628,"mah":5,"bl":0,"mob_tx_b":0,"mob_rx_b":0,"wifi_tx_b":0,"wifi_rx_b":0,"rfr_30_t":0,"rfr_45_t":0,"rfr_60_t":0,"rfr_90_t":0,"rfr_120_t":36243,"rfr_144_t":0,"cam_t":0,"cam_c":0,"aud_t":0,"aud_c":0,"vid_t":34389,"vid_c":2,"gps_t":0,"gps_c":0,"brns_t":[0,0,36628,0,0,0,0,0,0,0,0,0,0],"aud_spk_t":0,"spk_vol_t":[0,0,0,0,0,0,0,0,0,0,0,0,0,0,0,0],"aud_bths_t":0,"a
04-12 20:41:48.870396  3872  7346 E ActivityThread: Failed to find provider info for subscribedfeeds
04-12 20:41:48.872842  2466  5647 D TranAlarmAlignManager: alarmAlign system not ready:false,align:null
04-12 20:41:48.887366  1750  2082 V AlarmManager: set(null) : type=2 triggerAtTime=1892670 win=300000 tElapsed=1892670 maxElapsed=2192670 interval=0 flags=0x8
04-12 20:41:48.887722  2466  7225 D TranAlarmAlignManager: alarmAlign system not ready:false,align:null
04-12 20:41:48.902068  1750  2282 I MR2ServiceImpl: Updating composite discovery preference | preference: RouteDiscoveryRequest{ preferredFeatures={}, activeScan=false }, active routers: []
04-12 20:41:48.921807  1750  2446 I StandbyHandler/TranJobStateMonitor: uid:10232,pkgName:@SyncManager@com.google.android.gms.chromesync/com.google:android jobId:8 finish time:1970-01-01 08:00:32,duration:135
04-12 20:41:48.928842  1750  3433 V AlarmManager: set(PendingIntent{4c7e5d: PendingIntentRecord{e48fdca com.google.android.gms/com.google.android.gms.scheduler broadcastIntent}}) : type=3 triggerAtTime=33160 win=0 tElapsed=37711 maxElapsed=37711 interval=0 flags=0x0
04-12 20:41:48.933281  1750  2344 D TranPowerStateChangedController: onSetDisplayPowerMode: mode = 0
04-12 20:41:48.933313  1750  2344 D TranPowerStateChangedController: PowerStateChanged: mode = 0, brightnessState = -1.0
04-12 20:41:48.933332  1750  2344 D WindowManager: onPowerModeAndBrightnessChanged mode: 0
04-12 20:41:48.933399  1750  2344 I TranPMSCoreImpl: onSetDisplayPowerMode mDisplayPowerOn=true, mode=0
04-12 20:41:48.933422  1750  2344 D TranAlwaysOnDisplayHelper: setPowerMode powerMode: 0
04-12 20:41:48.934100  1750  1952 D Magellan: fallbackReportThrottlingIfNeeded return. 
04-12 20:41:48.934242  1750  1943 I Griffin/DeviceState: virtualDisplayPackageName :{}
04-12 20:41:48.937450  1750  1991 D DisplayPowerController[0]: setTranAutoBrightnessTemporarily enable=true reason=screen off or doze
04-12 20:41:48.937582  1750  1991 I TranBatterySaveBrightnessLimitController: [isNeedUpdateBrightness] power mode is not NORMAL
04-12 20:41:48.937623  1750  1991 I TranMaxBrightnessLimitController: [isNeedLimitBrightness] power mode is not NORMAL
04-12 20:41:48.937651  1750  1991 I TranBatterySaveBrightnessLimitController: [isNeedUpdateBrightness] power mode is not NORMAL
04-12 20:41:48.937724  1750  1991 I DisplayPowerController[0]: thermalLight brightnessState: 0.0 time: NaN
04-12 20:41:48.937765  1750  1991 I TranOriginHbmController[L]: needsXDRAnimationExit brightness = 0.0, sdrBrightness = 0.0 mIsTemporaryInspired = false, GetHbmScreenBrightness() = 1.0, GetSdrBrightness = -1.0, mSdrBrightness = -1.0, mCurrentBrightness = 0.0, mForceHbmChangeCallback = false, mRatioChange = false
04-12 20:41:48.941290  1750  2353 D TranAppBrightnessChangeController: [handleMessage] msg type: 1005 isCloudEnabled: true
04-12 20:41:48.943221  1750  1750 D UsfSystemServer/appSceneHooker: action is empty in service bind status
04-12 20:41:48.946393  2466  7225 D TranAlarmAlignManager: alarmAlign system not ready:false,align:null
04-12 20:41:48.975043  1750  4406 V SettingsProvider: name : transsion_turbo_assistant appId : 1000
04-12 20:41:48.976239  1750  1750 D UsfSystemServer/appSceneHooker: action is empty in service bind status
04-12 20:41:48.977058  1750  2446 I StandbyHandler/TranJobStateMonitor: uid:10232,pkgName:@SyncManager@com.google.android.gms.fitness/com.google:android jobId:4 start time:1970-01-01 08:00:32
04-12 20:41:48.986611  1750  4347 D UsfSystemServer/appSceneHooker: action is empty in service bind status
04-12 20:41:48.998263  3220  3220 W ContextImpl: Calling a method in the system process without a qualified user: android.app.ContextImpl.sendBroadcast:1288 android.content.ContextWrapper.sendBroadcast:506 android.content.ContextWrapper.sendBroadcast:506 G6.i.run:12 android.os.Handler.handleCallback:995 
04-12 20:41:49.001619  1750  3675 D ActivityTaskManager: isControllerAMonkey mController = null,mControllerIsAMonkey = false
04-12 20:41:49.056635  1750  4407 D UsfSystemServer/appSceneHooker: action is empty in service bind status
04-12 20:41:49.058735  1750  2446 I StandbyHandler/TranJobStateMonitor: uid:10264,pkgName:com.google.android.adservices.api/com.android.adservices.spe.AdServicesJobService jobId:14 finish time:1970-01-01 08:00:32,duration:5079
04-12 20:41:49.069712  1750  4407 D UsfSystemServer/appSceneHooker: action is empty in service bind status
04-12 20:41:49.073866  1750  2446 I StandbyHandler/TranJobStateMonitor: uid:10232,pkgName:@SyncManager@com.google.android.gms.chromesync/com.google:android jobId:6 start time:1970-01-01 08:00:32
04-12 20:41:49.075760  1750  2446 I StandbyHandler/TranJobStateMonitor: uid:10221,pkgName:com.google.android.partnersetup/.ClientIdJobService jobId:8192 finish time:1970-01-01 08:00:32,duration:320
04-12 20:41:49.092202  1750  2313 D UsfSystemServer/appSceneHooker: action is empty in service bind status
04-12 20:41:49.097511  1750  4400 I UsfSystemServer/appSceneHooker: duplicate service bind status, skip
04-12 20:41:49.100546  1750  2312 D UsfSystemServer/appSceneHooker: action is empty in service bind status
04-12 20:41:49.102198  1750  2313 D UsfSystemServer/appSceneHooker: action is empty in service bind status
04-12 20:41:49.104996  1750  2446 I StandbyHandler/TranJobStateMonitor: uid:10232,pkgName:@SyncManager@subscribedfeeds/com.google:android jobId:0 start time:1970-01-01 08:00:32
04-12 20:41:49.107018  1750  1750 I Griffin/StateProvider: screen state changed:off
04-12 20:41:49.112736  7262  7366 D TranClassInfo: instance successfully. com.transsion.hubcore.view.TranDisplayImpl@39eb0e3 from com.transsion.hubcore.view.ITranDisplay
04-12 20:41:49.114888  1750  2361 D PowerManagerService: onScreenChanged false
04-12 20:41:49.116938  1750  4407 D ActivityTaskManager: isControllerAMonkey mController = null,mControllerIsAMonkey = false
04-12 20:41:49.117386  1750  2313 V AlarmManager: set(PendingIntent{172d4a: PendingIntentRecord{e48fdca com.google.android.gms/com.google.android.gms.scheduler broadcastIntent}}) : type=3 triggerAtTime=33160 win=0 tElapsed=37898 maxElapsed=37898 interval=0 flags=0x0
04-12 20:41:49.117807  1750  2983 D ActivityTaskManager: isControllerAMonkey mController = null,mControllerIsAMonkey = false
04-12 20:41:49.118190  1750  2047 D ActivityTaskManager: isControllerAMonkey mController = null,mControllerIsAMonkey = false
04-12 20:41:49.118618  1750  2047 D ActivityTaskManager: isControllerAMonkey mController = null,mControllerIsAMonkey = false
04-12 20:41:49.120897  1750  3594 D ActivityTaskManager: isControllerAMonkey mController = null,mControllerIsAMonkey = false
04-12 20:41:49.122628  1750  2047 D ActivityTaskManager: isControllerAMonkey mController = null,mControllerIsAMonkey = false
04-12 20:41:49.123169  1750  2047 D ActivityTaskManager: isControllerAMonkey mController = null,mControllerIsAMonkey = false
04-12 20:41:49.123601  1750  2983 D ActivityTaskManager: isControllerAMonkey mController = null,mControllerIsAMonkey = false
04-12 20:41:49.135943  1750  3675 I START_DEBUG: remove BIND_TIMEOUT finish    ProcessRecord :ProcessRecord{3887d9 7262:com.google.android.apps.tachyon/u0a254}
04-12 20:41:49.144001  1750  1750 I Griffin/MemoryMonitorSence: device is mWake= false
04-12 20:41:49.160878  2466  7225 D TranAlarmAlignManager: alarmAlign system not ready:false,align:null
04-12 20:41:49.185623   652   684 E keystore2: system/security/keystore2/src/service.rs:171 - get_key_entry error: system/security/keystore2/src/service.rs:166: while trying to load key info.
04-12 20:41:49.185623   652   684 E keystore2: 
04-12 20:41:49.185623   652   684 E keystore2: Caused by:
04-12 20:41:49.185623   652   684 E keystore2:     0: Legacy database is empty.
04-12 20:41:49.185623   652   684 E keystore2:     1: Error::Rc(r#KEY_NOT_FOUND)
04-12 20:41:49.185688   652   684 I keystore2: system/security/keystore2/src/database.rs:1236 - is_backup_support str="1"
04-12 20:41:49.186120   652   684 E keystore2: system/security/keystore2/src/service.rs:171 - get_key_entry error: system/security/keystore2/src/service.rs:166: while trying to load key info.
04-12 20:41:49.186120   652   684 E keystore2: 
04-12 20:41:49.186120   652   684 E keystore2: Caused by:
04-12 20:41:49.186120   652   684 E keystore2:     0: Legacy database is empty.
04-12 20:41:49.186120   652   684 E keystore2:     1: Error::Rc(r#KEY_NOT_FOUND)
04-12 20:41:49.186143   652   684 I keystore2: system/security/keystore2/src/database.rs:1236 - is_backup_support str="1"
04-12 20:41:49.188389  1750  3675 W ActivityManager: Slow operation: 53ms so far, now at finishAttachApplicationInner: after mServices.attachApplicationLocked
04-12 20:41:49.195536  1750  3675 W ActivityManager: Slow operation: 60ms so far, now at finishAttachApplicationInner: after dispatching broadcasts
04-12 20:41:49.203068  1750  1750 I StandbyHandler/SceneMonitor: screen off
04-12 20:41:49.230150  1750  1963 D CompatChangeReporter: Compat change id reported: 135754954; UID 10213; state: ENABLED
04-12 20:41:49.230544  1750  1964 D CompatChangeReporter: Compat change id reported: 143937733; UID 10213; state: ENABLED
04-12 20:41:49.233362  1750  3294 I PowerData/PowerExtraInfoReader: correctCoulumbData origin=25000, current=25
04-12 20:41:49.233404  1750  3294 I PowerData/PowerExtraInfoReader: correctCoulumbData origin=613000, current=613
04-12 20:41:49.233488  1750  3294 I PowerData/PowerExtraInfoReader: correctCoulumbData origin=555000, current=555
04-12 20:41:49.234249  1750  3294 I PowerData/PowerExtraInfoReader: correctCoulumbData origin=19000, current=19
04-12 20:41:49.234568  1750  3294 I PowerData/PowerExtraInfoReader: correctCoulumbData origin=3000, current=3
04-12 20:41:49.236438  1750  3294 I PowerData/TranAggregationManager: battery_powerdata_v4 result, tid=100361000002, {"s_t":"2026\/04\/10 08:00:00","e_t":"2026\/04\/11 08:00:00","data_date":"20260410","boot_c":0,"bat_cap":7000,"bat_cc":0,"chso_t":72629,"chsf_t":66260,"ncso_t":121783,"ncsf_t":86139327,"ncso_c":5,"ncso_r":[{"reason":"android.policy:POWER","cnt":4}],"ncso_brns_t":[0,1017,120766,0,0,0,0,0,0,0,0,0,0],"nc_aod_t":0,"nc_aod_c":0,"ncso_mah":25,"ncsf_mah":613,"ncso_bl":0,"ncsf_bl":8,"ncsf_lsb_mah":555,"ncsf_lsb_bl":7,"ncsf_lsb_t":84520198,"rfr_30_t":0,"rfr_45_t":0,"rfr_60_t":18389,"rfr_90_t":0,"rfr_120_t":100479,"rfr_144_t":0,"ncso_spk_vol_t":[0,0,0,0,0,0,0,0,0,0,0,0,0,0,0,0],"ncsf_spk_vol_t":[0,0,0,0,0,0,0,0,0,0,0,0,0,0,0,0],"ncso_aud_spk_t":0,"ncsf_aud_spk_t":0,"ncso_aud_bths_t":0,"ncsf_aud_bths_t":0,"ncso_aud_whs_t":0,"ncsf_aud_whs_t":0,"ncso_aud_t":0,"ncsf_aud_t":0,"ncso_aud_c":0,"ncsf_aud_c":1,"ncso_vid_t":1266,"ncsf_vid_t":0,"ncso_vid_c":1,"ncsf_vid_c":1,"ncso_cam_t":0,"ncsf_cam_t":0,"ncso_cam_c":0,"ncsf_cam_c":0,"ncso_fll_t":0,"ncsf_fll_t":0,"ncso_fll_c":0,"ncsf_fll_c":0,"ncso_gps_t":0,"ncsf_gps_t":10000,"ncso_gps_c":0,"ncsf_gps_c":1,"ncso_bt_s_t":120811,"ncsf_bt_s_t":33608777,"ncso_bt_s_c":6,"ncsf_bt_s_c":2,"ncso_hs_24_t":55675,"ncsf_hs_24_t":2992463,"ncso_hs_5_t":0,"ncsf_hs_5_t":0,"ncso_hs_rx":0,"ncsf_hs_rx":17544304,"ncso_hs_tx":0,"ncsf_hs_tx":4950960,"ncso_wifi_t":121783,"ncsf_wifi_t":77928381,"ncso_wifi_s_t":10497,"ncsf_wifi_s_t":3576,"ncso_wifi_s_c":8,"ncsf_wifi_s_c":4,"ncso_wifi_flk_t":0,"ncsf_wifi_flk_t":0,"ncso_wifi_flk_c":0,"ncsf_wifi_flk_c":0,"ncso_wifi_rx":1700018,"ncsf_wifi_rx":47142053,"ncso_wifi_tx":602436,"ncsf_wifi_tx":42757367,"ncso_mob_rx":0,"ncsf_mob_rx":0,"ncso_mob_tx":0,"ncsf_mob_tx":0,"ncso_call_t":0,"ncsf_call_t":0,"ncso_call_c":0,"ncsf_call_c":0,"doze_d_t":84835004,"doze_d_c":8,"ncso_tled_t":0,"ncsf_tled_t":0,"ncso_tled_c":1,"ncsf_tled_c":1,"lsb_t":84520198,"lsb_mah":555,"lsb_bl":7,"lsb_clk_off_pct":0.9,"lsb_cpu_suspend_pct":0.66,"hbm_t":0,"hbm_c":0,"ncso_md_ss_t":[],"ncsf_md_ss_t":[],"ncso_md_svc_t":[],"ncsf_md_svc_t":[],"ncso_md_net_type_t":[],"ncsf_md_net_type_t":[],"ainet_t":19063006,"ainet_o":1,"cpu_wk_src":[{"src":"R12_EINT_EVENT_B","cnt":343},{"src":"R12_CCIF0_EVENT_B","cnt":19},{"src":"UNKNOWN","cnt":1352},{"src":"R12_SYSTIMER_EVENT_B","cnt":13}],"clk_blk_src":[{"src":"conn","cnt":1077},{"src":"md","cnt":58}],"ncso_fg_app":[{"pkg":"com.transsion.launcher3","time":1180,"mah":0,"bl":0,"mob_tx_b":0,"mob_rx_b":0,"wifi_tx_b":0,"wifi_rx_b":0,"rfr_30_t":0,"rfr_45_t":0,"rfr_60_t":0,"rfr_90_t":0,"rfr_120_t":1180,"rfr_144_t":0,"cam_t":0,"cam_c":0,"aud_t":0,"aud_c":0,"vid_t":0,"vid_c":0,"gps_t":0,"gps_c":0,"brns_t":[0,0,1180,0,0,0,0,0,0,0,0,0,0],"aud_spk_t":0,"spk_vol_t":[0,0,0,0,0,0,0,0,0,0,0,0,0,0,0,0],"aud_bths_t":0,"aud_whs_t":0},{"pkg":"ANDROID_SYSTEM","time":111510,"mah":19,"bl":0,"mob_tx_b":0,"mob_rx_b":0,"wifi_tx_b":154321,"wifi_rx_b":412534,"rfr_30_t":0,"rfr_45_t":0,"rfr_60_t":18389,"rfr_90_t":0,"rfr_120_t":90450,"rfr_144_t":0,"cam_t":0,"cam_c":0,"aud_t":0,"aud_c":0,"vid_t":0,"vid_c":0,"gps_t":0,"gps_c":0,"brns_t":[0,1017,110493,0,0,0,0,0,0,0,0,0,0],"aud_spk_t":0,"spk_vol_t":[0,0,0,0,0,0,0,0,0,0,0,0,0,0,0,0],"aud_bths_t":0,"aud_whs_t":0},{"pkg":"com.transsion.airtransfer","time":1132,"mah":0,"bl":0,"mob_tx_b":0,"mob_rx_b":0,"wifi_tx_b":0,"wifi_rx_b":0,"rfr_30_t":0,"rfr_45_t":0,"rfr_60_t":0,"rfr_90_t":0,"rfr_120_t":1132,"rfr_144_t":0,"cam_t":0,"cam_c":0,"aud_t":0,"aud_c":0,"vid_t":809,"vid_c":1,"gps_t":0,"gps_c":0,"brns_t":[0,0,1132,0,0,0,0,0,0,0,0,0,0],"aud_spk_t":0,"spk_vol_t":[0,0,0,0,0,0,0,0,0,0,0,0,0,0,0,0],"aud_bths_t":0,"aud_whs_t":0},{"pkg":"com.google.android.gms","time":7961,"mah":3,"bl":0,"mob_tx_b":0,"mob_rx_b":0,"wifi_tx_b":0,"wifi_rx_b":0,"rfr_30_t":0,"rfr_45_t":0,"rfr_60_t":0,"rfr_90_t":0,"rfr_120_t":7717,"rfr_144_t":0,"cam_t":0,"cam_c":0,"aud_t":0,"aud_c":0,"vid_t":0,"vid_c":0,"gps_t":0,"gps_c":0,"brns_t":[0,0,7961,0,0,0,0,0,0,0,0,0,0],"aud_spk_t":0,"spk_vol_t":[0,0,0,0,0,0,0,0,0,0,0,0,0,0,0,0],"aud_bths_t":0,"aud_whs_t":0}],"ncsf_app":[{"pkg":"tech.palm.fi
04-12 20:41:49.260174  1750  1964 I ActivityManager: Start proc 7316:com.google.android.configupdater/u0a213 for broadcast {com.google.android.configupdater/com.google.android.configupdater.MainReceiver}
04-12 20:41:49.260310  1750  1964 I START_DEBUG: send START_TIMEOUT message    ProcessRecord :ProcessRecord{27b7f81 7316:com.google.android.configupdater/u0a213}
04-12 20:41:49.260325  1750  1964 I ActivityManager: ProcessObserver broadcast disabled
04-12 20:41:49.265570  1750  3675 V ActivityManager: New death recipient com.android.server.am.ActivityManagerService$AppDeathRecipient@ffb3a62 for thread android.os.BinderProxy@38de7f3
04-12 20:41:49.268590  1750  4347 V SettingsProvider: name : tran_board_temperature appId : 1000
04-12 20:41:49.269708  1750  3675 I START_DEBUG: send BINDTIMEOUT    ProcessRecord :ProcessRecord{27b7f81 7316:com.google.android.configupdater/u0a213}
04-12 20:41:49.269919  1750  3675 I START_DEBUG: remove START_TIMEOUT finish    ProcessRecord :ProcessRecord{27b7f81 7316:com.google.android.configupdater/u0a213}
04-12 20:41:49.270099  1750  3675 D os.ActivityManagerServiceLice: make process active com.google.android.configupdater(7316)
04-12 20:41:49.270349  7316  7429 I ActivityThread:  enable system monitor for package: com.google.android.configupdater
04-12 20:41:49.272044  7316  7316 E SystemMonitorUtils:  error to open /dev/ensignal file e=android.system.ErrnoException: open failed: EACCES (Permission denied)
04-12 20:41:49.272720  7316  7316 E SystemMonitorUtils:  error to open /dev/ensignal file e=android.system.ErrnoException: open failed: EACCES (Permission denied)
04-12 20:41:49.275901  1750  3675 V AlarmManager: set(PendingIntent{93c626b: PendingIntentRecord{e48fdca com.google.android.gms/com.google.android.gms.scheduler broadcastIntent}}) : type=3 triggerAtTime=33160 win=0 tElapsed=38058 maxElapsed=38058 interval=0 flags=0x0
