----- timezone:Asia/Shanghai
04-12 20:41:44.116193  1750  1750 D NetworkStatusMonitor: updateInterfaceNameMap, wifi:wlan0 
04-12 20:41:44.116198  1750  1750 D NetworkStatusMonitor: updateInterfaceNameMap, mobile:
04-12 20:41:44.122223  1750  1964 I ActivityManager: Start proc 6149:com.google.android.mosey/u0a131 for service {com.google.android.mosey/com.google.android.mosey.ExternalSharingService}
04-12 20:41:44.122648  1750  1964 I START_DEBUG: send START_TIMEOUT message    ProcessRecord :ProcessRecord{7ead642 6149:com.google.android.mosey/u0a131}
04-12 20:41:44.122672  1750  1964 I ActivityManager: ProcessObserver broadcast disabled
04-12 20:41:44.142310  1750  3675 V ActivityManager: New death recipient com.android.server.am.ActivityManagerService$AppDeathRecipient@f4410ed for thread android.os.BinderProxy@1719b22
04-12 20:41:44.152467  1750  3675 I START_DEBUG: send BINDTIMEOUT    ProcessRecord :ProcessRecord{7ead642 6149:com.google.android.mosey/u0a131}
04-12 20:41:44.152514  1750  3675 I START_DEBUG: remove START_TIMEOUT finish    ProcessRecord :ProcessRecord{7ead642 6149:com.google.android.mosey/u0a131}
04-12 20:41:44.152576  1750  3675 D os.ActivityManagerServiceLice: make process active com.google.android.mosey(6149)
04-12 20:41:44.153799  6149  6172 I ActivityThread:  enable system monitor for package: com.google.android.mosey
04-12 20:41:44.155706  6149  6172 D TranClassInfo: instance successfully. com.transsion.common.thubutils.AppProperties@e5e740 from com.transsion.hubsdk.thubutils.IAppProperties
04-12 20:41:44.155835  6149  6172 I AppProperties: enter initialize com.google.android.mosey
04-12 20:41:44.156584  6149  6172 I AppProperties: readAllPropFiles directoryPath=/system_ext/etc/vconfig/com.google.android.mosey/
04-12 20:41:44.157472  6149  6172 I AppProperties: enter readPropFiles count=0
04-12 20:41:44.157487  6149  6172 I AppProperties: readAllPropFiles directoryPath=/tr_product/etc/vconfig/com.google.android.mosey/
04-12 20:41:44.157507  6149  6172 I AppProperties: enter readPropFiles count=0
04-12 20:41:44.157512  6149  6172 I AppProperties: readAllPropFiles directoryPath=/tr_region/etc/vconfig/com.google.android.mosey/
04-12 20:41:44.157526  6149  6172 I AppProperties: enter readPropFiles count=0
04-12 20:41:44.157530  6149  6172 I AppProperties: readAllPropFiles directoryPath=/tr_carrier/etc/vconfig/com.google.android.mosey/
04-12 20:41:44.157540  6149  6172 I AppProperties: enter readPropFiles count=0
04-12 20:41:44.157544  6149  6172 I AppProperties: readAllPropFiles directoryPath=/tr_company/etc/vconfig/com.google.android.mosey/
04-12 20:41:44.157558  6149  6172 I AppProperties: enter readPropFiles count=0
04-12 20:41:44.157583  6149  6172 I AppProperties: readAllPropFiles directoryPath=/tranfs/etc/vconfig/com.google.android.mosey/
04-12 20:41:44.157632  6149  6172 I AppProperties: enter readPropFiles count=0
04-12 20:41:44.164468  6149  6149 E SystemMonitorUtils:  error to open /dev/ensignal file e=android.system.ErrnoException: open failed: EACCES (Permission denied)
04-12 20:41:44.164532  6149  6149 E SystemMonitorUtils:  error to open /dev/ensignal file e=android.system.ErrnoException: open failed: EACCES (Permission denied)
04-12 20:41:44.166370  1750  1964 I ActivityManager: Start proc 6174:com.mediatek.batterywarning/1000 for broadcast {com.mediatek.batterywarning/com.mediatek.batterywarning.BatteryWarningReceiver}
04-12 20:41:44.168216  1750  1964 I START_DEBUG: send START_TIMEOUT message    ProcessRecord :ProcessRecord{f019502 6174:com.mediatek.batterywarning/1000}
04-12 20:41:44.168246  1750  1964 I ActivityManager: ProcessObserver broadcast disabled
04-12 20:41:44.169209  1750  1964 W ActivityManager: Slow operation: 53ms so far, now at startProcess: done updating pids map
04-12 20:41:44.170367  1750  4408 V ActivityManager: New death recipient com.android.server.am.ActivityManagerService$AppDeathRecipient@d72c921 for thread android.os.BinderProxy@3ade146
04-12 20:41:44.170937  1750  4408 D CompatChangeReporter: Compat change id reported: 151861875; UID 1000; state: ENABLED
04-12 20:41:44.171897  1750  4408 I START_DEBUG: send BINDTIMEOUT    ProcessRecord :ProcessRecord{f019502 6174:com.mediatek.batterywarning/1000}
04-12 20:41:44.171924  1750  4408 I START_DEBUG: remove START_TIMEOUT finish    ProcessRecord :ProcessRecord{f019502 6174:com.mediatek.batterywarning/1000}
04-12 20:41:44.171992  1750  4408 D os.ActivityManagerServiceLice: make process active com.mediatek.batterywarning(6174)
04-12 20:41:44.174022  6174  6202 I ActivityThread:  enable system monitor for package: com.mediatek.batterywarning
04-12 20:41:44.174901  1750  2695 I UsfSystemServer/appSceneHooker: duplicate service bind status, skip
04-12 20:41:44.177710  1750  2588 I UsfSystemServer/appSceneHooker: duplicate service bind status, skip
04-12 20:41:44.181403  6174  6174 E SystemMonitorUtils:  error to open /dev/ensignal file e=android.system.ErrnoException: open failed: EACCES (Permission denied)
04-12 20:41:44.181462  6174  6174 E SystemMonitorUtils:  error to open /dev/ensignal file e=android.system.ErrnoException: open failed: EACCES (Permission denied)
04-12 20:41:44.185018  1750  3594 I START_DEBUG: remove BIND_TIMEOUT finish    ProcessRecord :ProcessRecord{b9a485d 6115:com.google.android.googlequicksearchbox:search/u0a233}
04-12 20:41:44.185810  1750  4407 V ActivityManager: Death received in com.android.server.am.ActivityManagerService$AppDeathRecipient@68f7e1a for thread android.os.BinderProxy@5a0cd4b
04-12 20:41:44.188188  6174  6202 D TranClassInfo: instance successfully. com.transsion.common.thubutils.AppProperties@9a3a81f from com.transsion.hubsdk.thubutils.IAppProperties
04-12 20:41:44.189214  1750  4407 I ActivityManager: Process com.transsion.statisticalsales (pid 6084) has died: fg  RCVR
04-12 20:41:44.189290  1750  1750 D MBrainLocalService: notifyAppLifeCycle failed
04-12 20:41:44.189590  1750  4407 D os.ActivityManagerServiceLice: make process inactive com.transsion.statisticalsales(6084)
04-12 20:41:44.190855  1750  1969 D ActivityTaskManager_Recents: Skipping, user setup not complete: Task{4cfb4bd #6 type=undefined A=10188:com.transsion.magazineservice.xos nonResizable}
04-12 20:41:44.191028  1750  1969 W tranpm/ProcessUtils: getProcessNameByPid error file not exist : proc/6084/cmdline
04-12 20:41:44.191275  1750  1969 I griffin_dfx_process_died: ApplicationExitInfo(timestamp=2026/4/12 20:41 pid=6084 realUid=1000 packageUid=1000 definingUid=1000 user=0 process=com.transsion.statisticalsales reason=1 (EXIT_SELF) subreason=0 (UNKNOWN) status=0 importance=300 pss=0.00 rss=0.00 description=null state=empty trace=null exitInfoExt=TranApplicationExitInfoExt{mRecentid=-1, mIsMainProcess=true, mVmsize=-1, mVmlock=-1, mVmHWM=-1, mVmRss=-1, mRssAnon=-1, mRssFile=-1, mRssShmem=-1, mVmSwap=-1, mWorkingState=-1, mSchedGroup=-1, mOomAdj=-1, mHostingType='-1, mAlivetime=-1, mIsHiber=false, mHibertime=-1, mHiberReason='-1, mLruReason='-1}
04-12 20:41:44.191572  1750  4407 I START_DEBUG: remove ALL_TIMEOUT cleanup   ProcessRecord :ProcessRecord{303f198 6084:com.transsion.statisticalsales/1000}
04-12 20:41:44.192092  1750  2588 V AlarmManager: set(PendingIntent{3c12952: PendingIntentRecord{b41c423 com.google.android.gms/com.google.android.gms.contextmanager startService}}) : type=2 triggerAtTime=315360027974 win=3600000 tElapsed=315360027974 maxElapsed=315363627974 interval=0 flags=0x0
04-12 20:41:44.192534  6174  6202 I AppProperties: enter initialize com.mediatek.batterywarning
04-12 20:41:44.192681  6174  6202 I AppProperties: readAllPropFiles directoryPath=/system_ext/etc/vconfig/com.mediatek.batterywarning/
04-12 20:41:44.192736  6174  6202 I AppProperties: enter readPropFiles count=0
04-12 20:41:44.192747  6174  6202 I AppProperties: readAllPropFiles directoryPath=/tr_product/etc/vconfig/com.mediatek.batterywarning/
04-12 20:41:44.192777  6174  6202 I AppProperties: enter readPropFiles count=0
04-12 20:41:44.193002  6174  6202 I AppProperties: readAllPropFiles directoryPath=/tr_region/etc/vconfig/com.mediatek.batterywarning/
04-12 20:41:44.193032  6174  6202 I AppProperties: enter readPropFiles count=0
04-12 20:41:44.193042  6174  6202 I AppProperties: readAllPropFiles directoryPath=/tr_carrier/etc/vconfig/com.mediatek.batterywarning/
04-12 20:41:44.193056  6174  6202 I AppProperties: enter readPropFiles count=0
04-12 20:41:44.193061  6174  6202 I AppProperties: readAllPropFiles directoryPath=/tr_company/etc/vconfig/com.mediatek.batterywarning/
04-12 20:41:44.193073  6174  6202 I AppProperties: enter readPropFiles count=0
04-12 20:41:44.193077  6174  6202 I AppProperties: readAllPropFiles directoryPath=/tranfs/etc/vconfig/com.mediatek.batterywarning/
04-12 20:41:44.193160  6174  6202 I AppProperties: enter readPropFiles count=0
04-12 20:41:44.202099  2466  2508 D TranAlarmAlignManager: alarmAlign system not ready:false,align:null
04-12 20:41:44.203093  1750  3594 I TranCustomizedTransitionAnimController: TranDynamicBarAnimControllerImpl setFromDynamicIslandToWindow pkgName:com.google.android.gms
04-12 20:41:44.203127  1750  3594 I TranCustomizedTransitionAnimController: end setFromDynamicIslandToWindow mDynamicIslandPkgName:com.google.android.gms mStartFromDynamicIsland:false
04-12 20:41:44.208654  1750  3594 V AlarmManager: set(null) : type=2 triggerAtTime=37991 win=0 tElapsed=37991 maxElapsed=37991 interval=0 flags=0x1
04-12 20:41:44.209359  2466  2508 D TranAlarmAlignManager: alarmAlign system not ready:false,align:null
04-12 20:41:44.214757  1750  1963 I ActivityManager: reportOnUserCompletedEvent(0): stored=10, eligible=111
04-12 20:41:44.214859  1750  1963 D SystemServerTimingAsync: ssm.CompletedEventUser-0
04-12 20:41:44.214867  1750  1963 I SystemServiceManager: Calling onCompletedEventUser 0
04-12 20:41:44.215535  1750  6225 D SystemServerTimingAsync: ssm.onCompletedEventUser-0_{|Unlocked|}_com.transsion.hubcore.server.TranBootstrapServiceManagerService
04-12 20:41:44.215586  1750  6225 D SystemServerTimingAsync: ssm.onCompletedEventUser-0_{|Unlocked|}_com.android.server.os.DeviceIdentifiersPolicyService
04-12 20:41:44.215595  1750  6225 D SystemServerTimingAsync: ssm.onCompletedEventUser-0_{|Unlocked|}_com.android.server.flags.FeatureFlagsService
04-12 20:41:44.215599  1750  6225 D SystemServerTimingAsync: ssm.onCompletedEventUser-0_{|Unlocked|}_com.android.server.uri.UriGrantsManagerService$Lifecycle
04-12 20:41:44.215604  1750  6225 D SystemServerTimingAsync: ssm.onCompletedEventUser-0_{|Unlocked|}_com.android.server.powerstats.PowerStatsService
04-12 20:41:44.215607  1750  6225 D SystemServerTimingAsync: ssm.onCompletedEventUser-0_{|Unlocked|}_com.android.server.permission.access.AccessCheckingService
04-12 20:41:44.215611  1750  6225 D SystemServerTimingAsync: ssm.onCompletedEventUser-0_{|Unlocked|}_com.android.server.wm.ActivityTaskManagerService$Lifecycle
04-12 20:41:44.215614  1750  6225 D SystemServerTimingAsync: ssm.onCompletedEventUser-0_{|Unlocked|}_com.android.server.am.ActivityManagerService$Lifecycle
04-12 20:41:44.215619  1750  6225 D SystemServerTimingAsync: ssm.onCompletedEventUser-0_{|Unlocked|}_com.android.server.pm.DataLoaderManagerService
04-12 20:41:44.215622  1750  6225 D SystemServerTimingAsync: ssm.onCompletedEventUser-0_{|Unlocked|}_com.android.server.power.PowerManagerService
04-12 20:41:44.215626  1750  6225 D SystemServerTimingAsync: ssm.onCompletedEventUser-0_{|Unlocked|}_com.android.server.power.ThermalManagerService
04-12 20:41:44.215629  1750  6225 D SystemServerTimingAsync: ssm.onCompletedEventUser-0_{|Unlocked|}_com.android.server.recoverysystem.RecoverySystemService$Lifecycle
04-12 20:41:44.215633  1750  6225 D SystemServerTimingAsync: ssm.onCompletedEventUser-0_{|Unlocked|}_com.android.server.lights.LightsService
04-12 20:41:44.215637  1750  6225 D SystemServerTimingAsync: ssm.onCompletedEventUser-0_{|Unlocked|}_com.android.server.display.DisplayManagerService
04-12 20:41:44.215640  1750  6225 D SystemServerTimingAsync: ssm.onCompletedEventUser-0_{|Unlocked|}_com.transsion.hubcore.server.TranServiceManagerService
04-12 20:41:44.215644  1750  6225 D SystemServerTimingAsync: ssm.onCompletedEventUser-0_{|Unlocked|}_com.android.server.pm.verify.domain.DomainVerificationService
04-12 20:41:44.215647  1750  6225 D SystemServerTimingAsync: ssm.onCompletedEventUser-0_{|Unlocked|}_com.android.server.pm.PackageInstallerService$Lifecycle
04-12 20:41:44.215651  1750  6225 D SystemServerTimingAsync: ssm.onCompletedEventUser-0_{|Unlocked|}_com.android.server.pm.UserManagerService$LifeCycle
04-12 20:41:44.215654  1750  6225 D SystemServerTimingAsync: ssm.onCompletedEventUser-0_{|Unlocked|}_com.android.server.om.OverlayManagerService
04-12 20:41:44.215659  1750  6225 D SystemServerTimingAsync: ssm.onCompletedEventUser-0_{|Unlocked|}_com.android.server.resources.ResourcesManagerService
04-12 20:41:44.215663  1750  6225 D SystemServerTimingAsync: ssm.onCompletedEventUser-0_{|Unlocked|}_com.android.server.sensorprivacy.SensorPrivacyService
04-12 20:41:44.215667  1750  6225 D SystemServerTimingAsync: ssm.onCompletedEventUser-0_{|Unlocked|}_com.android.server.sensors.SensorService
04-12 20:41:44.215670  1750  6225 D SystemServerTimingAsync: ssm.onCompletedEventUser-0_{|Unlocked|}_com.android.server.SystemConfigService
04-12 20:41:44.215673  1750  6225 D SystemServerTimingAsync: ssm.onCompletedEventUser-0_{|Unlocked|}_com.android.server.BatteryService
04-12 20:41:44.215676  1750  6225 D SystemServerTimingAsync: ssm.onCompletedEventUser-0_{|Unlocked|}_com.android.server.usage.UsageStatsService
04-12 20:41:44.215680  1750  6225 D SystemServerTimingAsync: ssm.onCompletedEventUser-0_{|Unlocked|}_com.android.server.webkit.WebViewUpdateService
04-12 20:41:44.215685  1750  6225 D SystemServerTimingAsync: ssm.onCompletedEventUser-0_{|Unlocked|}_com.android.server.CachedDeviceStateService
04-12 20:41:44.215688  1750  6225 D SystemServerTimingAsync: ssm.onCompletedEventUser-0_{|Unlocked|}_com.android.server.BinderCallsStatsService$LifeCycle
04-12 20:41:44.215692  1750  6225 D SystemServerTimingAsync: ssm.onCompletedEventUser-0_{|Unlocked|}_com.android.server.LooperStatsService$Lifecycle
04-12 20:41:44.215696  1750  6225 D SystemServerTimingAsync: ssm.onCompletedEventUser-0_{|Unlocked|}_com.android.server.rollback.RollbackManagerService
04-12 20:41:44.215699  1750  6225 D SystemServerTimingAsync: ssm.onCompletedEventUser-0_{|Unlocked|}_com.android.server.os.NativeTombstoneManagerService
04-12 20:41:44.215703  1750  6225 D SystemServerTimingAsync: ssm.onCompletedEventUser-0_{|Unlocked|}_com.android.server.os.BugreportManagerService
04-12 20:41:44.215706  1750  6225 D SystemServerTimingAsync: ssm.onCompletedEventUser-0_{|Unlocked|}_com.android.server.gpu.GpuService
04-12 20:41:44.215720  1750  6225 D SystemServerTimingAsync: ssm.onCompletedEventUser-0_{|Unlocked|}_com.transsion.kolun.server.SmartSystemService
04-12 20:41:44.215726  1750  6225 D SystemServerTimingAsync: ssm.onCompletedEventUser-0_{|Unlocked|}_com.android.server.security.rkp.RemoteProvisioningService
04-12 20:41:44.215733  1750  6225 D SystemServerTimingAsync: ssm.onCompletedEventUser-0_{|Unlocked|}_com.android.server.cpu.CpuMonitorService
04-12 20:41:44.215740  1750  6225 D SystemServerTimingAsync: ssm.onCompletedEventUser-0_{|Unlocked|}_com.android.server.security.KeyChainSystemService
04-12 20:41:44.215744  1750  6225 D SystemServerTimingAsync: ssm.onCompletedEventUser-0_{|Unlocked|}_com.android.server.BinaryTransparencyService
04-12 20:41:44.215749  1750  6225 D SystemServerTimingAsync: ssm.onCompletedEventUser-0_{|Unlocked|}_com.android.server.telecom.TelecomLoaderService
04-12 20:41:44.215752  1750  6225 D SystemServerTimingAsync: ssm.onCompletedEventUser-0_{|Unlocked|}_com.android.server.accounts.AccountManagerService$Lifecycle
04-12 20:41:44.215757  1750  6225 D SystemServerTimingAsync: ssm.onCompletedEventUser-0_{|Unlocked|}_com.android.server.content.ContentService$Lifecycle
04-12 20:41:44.215761  1750  6225 D SystemServerTimingAsync: ssm.onCompletedEventUser-0_{|Unlocked|}_com.android.server.deviceconfig.DeviceConfigInit$Lifecycle
04-12 20:41:44.215764  1750  6225 D SystemServerTimingAsync: ssm.onCompletedEventUser-0_{|Unlocked|}_com.android.server.DropBoxManagerService
04-12 20:41:44.215769  1750  6225 D SystemServerTimingAsync: ssm.onCompletedEventUser-0_{|Unlocked|}_com.android.ecm.EnhancedConfirmationService
04-12 20:41:44.215773  1750  6225 D SystemServerTimingAsync: ssm.onCompletedEventUser-0_{|Unlocked|}_com.android.server.power.hint.HintManagerService
04-12 20:41:44.215776  1750  6225 D SystemServerTimingAsync: ssm.onCompletedEventUser-0_{|Unlocked|}_com.android.role.RoleService
04-12 20:41:44.215780  1750  6225 D SystemServerTimingAsync: ssm.onCompletedEventUser-0_{|Unlocked|}_com.android.server.supervision.SupervisionService$Lifecycle
04-12 20:41:44.215784  1750  6225 D SystemServerTimingAsync: ssm.onCompletedEventUser-0_{|Unlocked|}_com.android.server.vibrator.VibratorManagerService$Lifecycle
04-12 20:41:44.215787  1750  6225 D SystemServerTimingAsync: ssm.onCompletedEventUser-0_{|Unlocked|}_com.mediatek.server.MtkAlarmManagerService
04-12 20:41:44.215790  1750  6225 D SystemServerTimingAsync: ssm.onCompletedEventUser-0_{|Unlocked|}_com.android.server.input.InputManagerService$Lifecycle
04-12 20:41:44.215794  1750  6225 D SystemServerTimingAsync: ssm.onCompletedEventUser-0_{|Unlocked|}_com.android.server.devicestate.DeviceStateManagerService
04-12 20:41:44.215797  1750  6225 D SystemServerTimingAsync: ssm.onCompletedEventUser-0_{|Unlocked|}_com.android.server.camera.CameraServiceProxy
04-12 20:41:44.215800  1750  6225 D SystemServerTimingAsync: ssm.onCompletedEventUser-0_{|Unlocked|}_com.android.server.bluetooth.BluetoothService
04-12 20:41:44.215804  1750  6225 D SystemServerTimingAsync: ssm.onCompletedEventUser-0_{|Unlocked|}_com.android.server.connectivity.IpConnectivityMetrics
04-12 20:41:44.215808  1750  6225 D SystemServerTimingAsync: ssm.onCompletedEventUser-0_{|Unlocked|}_com.android.server.net.watchlist.NetworkWatchlistService$Lifecycle
04-12 20:41:44.215811  1750  6225 D SystemServerTimingAsync: ssm.onCompletedEventUser-0_{|Unlocked|}_com.android.server.pinner.PinnerService
04-12 20:41:44.215815  1750  6225 D SystemServerTimingAsync: ssm.onCompletedEventUser-0_{|Unlocked|}_com.android.server.integrity.AppIntegrityManagerService
04-12 20:41:44.215819  1750  6225 D SystemServerTimingAsync: ssm.onCompletedEventUser-0_{|Unlocked|}_com.android.server.logcat.LogcatManagerService
04-12 20:41:44.215823  1750  6225 D SystemServerTimingAsync: ssm.onCompletedEventUser-0_{|Unlocked|}_com.android.server.security.intrusiondetection.IntrusionDetectionService
04-12 20:41:44.215826  1750  6225 D SystemServerTimingAsync: ssm.onCompletedEventUser-0_{|Unlocked|}_com.android.server.appfunctions.AppFunctionManagerService
04-12 20:41:44.215835  1750  6225 D SystemServerTimingAsync: ssm.onCompletedEventUser-0_{|Unlocked|}_com.android.server.security.advancedprotection.AdvancedProtectionService$Lifecycle
04-12 20:41:44.215842  1750  6225 D SystemServerTimingAsync: ssm.onCompletedEventUser-0_{|Unlocked|}_com.android.server.TradeInModeService
04-12 20:41:44.215847  1750  6227 D SystemServerTimingAsync: ssm.onCompletedEventUser-0_{|Unlocked|}_com.android.server.pm.Installer
04-12 20:41:44.215863  1750  6226 D SystemServerTimingAsync: ssm.onCompletedEventUser-0_{|Unlocked|}_com.android.server.security.FileIntegrityService
04-12 20:41:44.215874  1750  6226 D SystemServerTimingAsync: ssm.onCompletedEventUser-0_{|Unlocked|}_com.android.server.accessibility.AccessibilityManagerService$Lifecycle
04-12 20:41:44.215881  1750  6226 D SystemServerTimingAsync: ssm.onCompletedEventUser-0_{|Unlocked|}_com.android.server.StorageManagerService$Lifecycle
04-12 20:41:44.215885  1750  6226 D SystemServerTimingAsync: ssm.onCompletedEventUser-0_{|Unlocked|}_com.android.server.usage.StorageStatsService$Lifecycle
04-12 20:41:44.215889  1750  6226 D SystemServerTimingAsync: ssm.onCompletedEventUser-0_{|Unlocked|}_com.android.server.UiModeManagerService
04-12 20:41:44.215892  1750  6226 D SystemServerTimingAsync: ssm.onCompletedEventUser-0_{|Unlocked|}_com.android.server.locales.LocaleManagerService
04-12 20:41:44.215896  1750  6226 D SystemServerTimingAsync: ssm.onCompletedEventUser-0_{|Unlocked|}_com.android.server.grammaticalinflection.GrammaticalInflectionService
04-12 20:41:44.215899  1750  6226 D SystemServerTimingAsync: ssm.onCompletedEventUser-0_{|Unlocked|}_com.android.server.apphibernation.AppHibernationService
04-12 20:41:44.215903  1750  6226 D SystemServerTimingAsync: ssm.onCompletedEventUser-0_{|Unlocked|}_com.android.server.locksettings.LockSettingsService$Lifecycle
04-12 20:41:44.215907  1750  6226 D SystemServerTimingAsync: ssm.onCompletedEventUser-0_{|Unlocked|}_com.android.server.pdb.PersistentDataBlockService
04-12 20:41:44.215910  1750  6226 D SystemServerTimingAsync: ssm.onCompletedEventUser-0_{|Unlocked|}_com.android.server.testharness.TestHarnessModeService
04-12 20:41:44.215914  1750  6226 D SystemServerTimingAsync: ssm.onCompletedEventUser-0_{|Unlocked|}_com.android.server.oemlock.OemLockService
04-12 20:41:44.215917  1750  6226 D SystemServerTimingAsync: ssm.onCompletedEventUser-0_{|Unlocked|}_com.android.server.DeviceIdleController
04-12 20:41:44.215920  1750  6226 D SystemServerTimingAsync: ssm.onCompletedEventUser-0_{|Unlocked|}_com.android.server.devicepolicy.DevicePolicyManagerService$Lifecycle
04-12 20:41:44.215924  1750  6226 D SystemServerTimingAsync: ssm.onCompletedEventUser-0_{|Unlocked|}_com.android.server.contentcapture.ContentCaptureManagerService
04-12 20:41:44.215927  1750  6226 D SystemServerTimingAsync: ssm.onCompletedEventUser-0_{|Unlocked|}_com.android.server.attention.AttentionManagerService
04-12 20:41:44.215930  1750  6226 D SystemServerTimingAsync: ssm.onCompletedEventUser-0_{|Unlocked|}_com.android.server.systemcaptions.SystemCaptionsManagerService
04-12 20:41:44.215934  1750  6226 D SystemServerTimingAsync: ssm.onCompletedEventUser-0_{|Unlocked|}_com.android.server.texttospeech.TextToSpeechManagerService
04-12 20:41:44.215937  1750  6226 D SystemServerTimingAsync: ssm.onCompletedEventUser-0_{|Unlocked|}_com.android.server.wearable.WearableSensingManagerService
04-12 20:41:44.215940  1750  6226 D SystemServerTimingAsync: ssm.onCompletedEventUser-0_{|Unlocked|}_com.android.server.ondeviceintelligence.OnDeviceIntelligenceManagerService
04-12 20:41:44.215944  1750  6226 D SystemServerTimingAsync: ssm.onCompletedEventUser-0_{|Unlocked|}_com.android.server.speech.SpeechRecognitionManagerService
04-12 20:41:44.215947  1750  6226 D SystemServerTimingAsync: ssm.onCompletedEventUser-0_{|Unlocked|}_com.android.server.appprediction.AppPredictionManagerService
04-12 20:41:44.215950  1750  6226 D SystemServerTimingAsync: ssm.onCompletedEventUser-0_{|Unlocked|}_com.android.server.contextualsearch.ContextualSearchManagerService
04-12 20:41:44.215953  1750  6226 D SystemServerTimingAsync: ssm.onCompletedEventUser-0_{|Unlocked|}_com.android.server.graphics.fonts.FontManagerService$Lifecycle
04-12 20:41:44.215956  1750  6226 D SystemServerTimingAsync: ssm.onCompletedEventUser-0_{|Unlocked|}_com.android.server.textservices.TextServicesManagerService$Lifecycle
04-12 20:41:44.215960  1750  6226 D SystemServerTimingAsync: ssm.onCompletedEventUser-0_{|Unlocked|}_com.android.server.textclassifier.TextClassificationManagerService$Lifecycle
04-12 20:41:44.215963  1750  6226 D SystemServerTimingAsync: ssm.onCompletedEventUser-0_{|Unlocked|}_com.android.server.NetworkScoreService$Lifecycle
04-12 20:41:44.215966  1750  6226 D SystemServerTimingAsync: ssm.onCompletedEventUser-0_{|Unlocked|}_com.android.server.NetworkStatsServiceInitializer
04-12 20:41:44.215969  1750  6226 D SystemServerTimingAsync: ssm.onCompletedEventUser-0_{|Unlocked|}_com.android.server.wifi.WifiService
04-12 20:41:44.215973  1750  6226 D SystemServerTimingAsync: ssm.onCompletedEventUser-0_{|Unlocked|}_com.android.server.wifi.scanner.WifiScanningService
04-12 20:41:44.215976  1750  6226 D SystemServerTimingAsync: ssm.onCompletedEventUser-0_{|Unlocked|}_com.android.server.wifi.p2p.WifiP2pService
04-12 20:41:44.215981  1750  6226 D SystemServerTimingAsync: ssm.onCompletedEventUser-0_{|Unlocked|}_com.android.server.ConnectivityServiceInitializer
04-12 20:41:44.215987  1750  6226 D SystemServerTimingAsync: ssm.onCompletedEventUser-0_{|Unlocked|}_com.android.server.notification.NotificationManagerService
04-12 20:41:44.215992  1750  6226 D SystemServerTimingAsync: ssm.onCompletedEventUser-0_{|Unlocked|}_com.android.server.storage.DeviceStorageMonitorService
04-12 20:41:44.215998  1750  6226 D SystemServerTimingAsync: ssm.onCompletedEventUser-0_{|Unlocked|}_com.android.server.timedetector.TimeDetectorService$Lifecycle
04-12 20:41:44.216004  1750  6226 D SystemServerTimingAsync: ssm.onCompletedEventUser-0_{|Unlocked|}_com.android.server.location.LocationManagerService$Lifecycle
04-12 20:41:44.216009  1750  6226 D SystemServerTimingAsync: ssm.onCompletedEventUser-0_{|Unlocked|}_com.android.server.timezonedetector.TimeZoneDetectorService$Lifecycle
04-12 20:41:44.216014  1750  6226 D SystemServerTimingAsync: ssm.onCompletedEventUser-0_{|Unlocked|}_com.android.server.location.altitude.AltitudeService$Lifecycle
04-12 20:41:44.216017  1750  6226 D SystemServerTimingAsync: ssm.onCompletedEventUser-0_{|Unlocked|}_com.android.server.timezonedetector.location.LocationTimeZoneManagerService$Lifecycle
04-12 20:41:44.216021  1750  6226 D SystemServerTimingAsync: ssm.onCompletedEventUser-0_{|Unlocked|}_com.android.server.search.SearchManagerService$Lifecycle
04-12 20:41:44.216025  1750  6226 D SystemServerTimingAsync: ssm.onCompletedEventUser-0_{|Unlocked|}_com.android.server.wallpaper.WallpaperManagerService$Lifecycle
04-12 20:41:44.216028  1750  6226 D SystemServerTimingAsync: ssm.onCompletedEventUser-0_{|Unlocked|}_com.android.server.audio.AudioService$Lifecycle
04-12 20:41:44.216031  1750  6226 D SystemServerTimingAsync: ssm.onCompletedEventUser-0_{|Unlocked|}_com.android.server.soundtrigger_middleware.SoundTriggerMiddlewareService$Lifecycle
04-12 20:41:44.216041  1750  6226 D SystemServerTimingAsync: ssm.onCompletedEventUser-0_{|Unlocked|}_com.android.server.DockObserver
04-12 20:41:44.216044  1750  6226 D SystemServerTimingAsync: ssm.onCompletedEventUser-0_{|Unlocked|}_com.android.server.midi.MidiService$Lifecycle
04-12 20:41:44.216048  1750  6226 D SystemServerTimingAsync: ssm.onCompletedEventUser-0_{|Unlocked|}_com.android.server.adb.AdbService$Lifecycle
04-12 20:41:44.216051  1750  6226 D SystemServerTimingAsync: ssm.onCompletedEventUser-0_{|Unlocked|}_com.android.server.usb.UsbService$Lifecycle
04-12 20:41:44.216055  1750  6226 D SystemServerTimingAsync: ssm.onCompletedEventUser-0_{|Unlocked|}_com.android.server.twilight.TwilightService
04-12 20:41:44.216058  1750  6226 D SystemServerTimingAsync: ssm.onCompletedEventUser-0_{|Unlocked|}_com.android.server.display.color.ColorDisplayService
04-12 20:41:44.216064  1750  6227 D SystemServerTimingAsync: ssm.onCompletedEventUser-0_{|Unlocked|}_com.android.server.SerialService$Lifecycle
04-12 20:41:44.216073  1750  6225 D SystemServerTimingAsync: ssm.onCompletedEventUser-0_{|Unlocked|}_com.android.server.inputmethod.InputMethodManagerService$Lifecycle
04-12 20:41:44.216082  1750  6225 D SystemServerTimingAsync: ssm.onCompletedEventUser-0_{|Unlocked|}_com.android.server.soundtrigger.SoundTriggerService
04-12 20:41:44.216103  1750  6226 D SystemServerTimingAsync: ssm.onCompletedEventUser-0_{|Unlocked|}_com.android.server.job.JobSchedulerService
04-12 20:41:44.216132  1750  6227 D SystemServerTimingAsync: ssm.onCompletedEventUser-0_{|Unlocked|}_com.android.server.trust.TrustManagerService
04-12 20:41:44.216145  1750  6226 D SystemServerTimingAsync: ssm.onCompletedEventUser-0_{|Unlocked|}_com.android.server.backup.BackupManagerService$Lifecycle
04-12 20:41:44.216150  1750  6227 D SystemServerTimingAsync: ssm.onCompletedEventUser-0_{|Unlocked|}_com.android.server.appwidget.AppWidgetService
04-12 20:41:44.216155  1750  6226 D SystemServerTimingAsync: ssm.onCompletedEventUser-0_{|Unlocked|}_com.android.server.voiceinteraction.VoiceInteractionManagerService
04-12 20:41:44.216159  1750  6227 D SystemServerTimingAsync: ssm.onCompletedEventUser-0_{|Unlocked|}_com.android.server.GestureLauncherService
04-12 20:41:44.216162  1750  6226 D SystemServerTimingAsync: ssm.onCompletedEventUser-0_{|Unlocked|}_com.android.server.SensorNotificationService
04-12 20:41:44.216165  1750  6227 D SystemServerTimingAsync: ssm.onCompletedEventUser-0_{|Unlocked|}_com.android.server.emergency.EmergencyAffordanceService
04-12 20:41:44.216181  1750  6225 D SystemServerTimingAsync: ssm.onCompletedEventUser-0_{|Unlocked|}_com.android.server.dreams.DreamManagerService
04-12 20:41:44.216203  1750  6225 D SystemServerTimingAsync: ssm.onCompletedEventUser-0_{|Unlocked|}_com.android.server.security.AttestationVerificationManagerService
04-12 20:41:44.216208  1750  6225 D SystemServerTimingAsync: ssm.onCompletedEventUser-0_{|Unlocked|}_com.android.server.companion.CompanionDeviceManagerService
04-12 20:41:44.216211  1750  6225 D SystemServerTimingAsync: ssm.onCompletedEventUser-0_{|Unlocked|}_com.android.server.companion.virtual.VirtualDeviceManagerService
04-12 20:41:44.216215  1750  6225 D SystemServerTimingAsync: ssm.onCompletedEventUser-0_{|Unlocked|}_com.android.server.restrictions.RestrictionsManagerService
04-12 20:41:44.216219  1750  6225 D SystemServerTimingAsync: ssm.onCompletedEventUser-0_{|Unlocked|}_com.android.server.media.MediaSessionService
04-12 20:41:44.216223  1750  6225 D SystemServerTimingAsync: ssm.onCompletedEventUser-0_{|Unlocked|}_com.android.server.media.MediaResourceMonitorService
04-12 20:41:44.216226  1750  6225 D SystemServerTimingAsync: ssm.onCompletedEventUser-0_{|Unlocked|}_com.android.server.biometrics.sensors.face.FaceService
04-12 20:41:44.216229  1750  6225 D SystemServerTimingAsync: ssm.onCompletedEventUser-0_{|Unlocked|}_com.android.server.biometrics.sensors.fingerprint.FingerprintService
04-12 20:41:44.216233  1750  6225 D SystemServerTimingAsync: ssm.onCompletedEventUser-0_{|Unlocked|}_com.android.server.biometrics.BiometricService
04-12 20:41:44.216236  1750  6225 D SystemServerTimingAsync: ssm.onCompletedEventUser-0_{|Unlocked|}_com.android.server.biometrics.AuthService
04-12 20:41:44.216239  1750  6225 D SystemServerTimingAsync: ssm.onCompletedEventUser-0_{|Unlocked|}_com.android.server.security.authenticationpolicy.AuthenticationPolicyService
04-12 20:41:44.216246  1750  6225 D SystemServerTimingAsync: ssm.onCompletedEventUser-0_{|Unlocked|}_com.android.server.pm.ShortcutService$Lifecycle
04-12 20:41:44.216251  1750  6225 D SystemServerTimingAsync: ssm.onCompletedEventUser-0_{|Unlocked|}_com.android.server.pm.LauncherAppsService
04-12 20:41:44.216256  1750  6225 D SystemServerTimingAsync: ssm.onCompletedEventUser-0_{|Unlocked|}_com.android.server.pm.CrossProfileAppsService
04-12 20:41:44.216259  1750  6225 D SystemServerTimingAsync: ssm.onCompletedEventUser-0_{|Unlocked|}_com.android.server.people.PeopleService
04-12 20:41:44.216263  1750  6225 D SystemServerTimingAsync: ssm.onCompletedEventUser-0_{|Unlocked|}_com.android.server.media.metrics.MediaMetricsManagerService
04-12 20:41:44.216267  1750  6225 D SystemServerTimingAsync: ssm.onCompletedEventUser-0_{|Unlocked|}_com.android.server.pm.BackgroundInstallControlService
04-12 20:41:44.216272  1750  6225 D SystemServerTimingAsync: ssm.onCompletedEventUser-0_{|Unlocked|}_com.android.server.media.projection.MediaProjectionManagerService
04-12 20:41:44.216276  1750  6225 D SystemServerTimingAsync: ssm.onCompletedEventUser-0_{|Unlocked|}_com.android.server.slice.SliceManagerService$Lifecycle
04-12 20:41:44.216280  1750  6225 D SystemServerTimingAsync: ssm.onCompletedEventUser-0_{|Unlocked|}_com.android.server.stats.StatsCompanion$Lifecycle
04-12 20:41:44.216283  1750  6225 D SystemServerTimingAsync: ssm.onCompletedEventUser-0_{|Unlocked|}_com.android.server.scheduling.RebootReadinessManagerService$Lifecycle
04-12 20:41:44.216286  1750  6225 D SystemServerTimingAsync: ssm.onCompletedEventUser-0_{|Unlocked|}_com.android.server.stats.pull.StatsPullAtomService
04-12 20:41:44.216290  1750  6225 D SystemServerTimingAsync: ssm.onCompletedEventUser-0_{|Unlocked|}_com.android.server.stats.bootstrap.StatsBootstrapAtomService$Lifecycle
04-12 20:41:44.216299  1750  6225 D SystemServerTimingAsync: ssm.onCompletedEventUser-0_{|Unlocked|}_com.android.server.incident.IncidentCompanionService
04-12 20:41:44.216305  1750  6225 D SystemServerTimingAsync: ssm.onCompletedEventUser-0_{|Unlocked|}_com.android.server.sdksandbox.SdkSandboxManagerService$Lifecycle
04-12 20:41:44.216309  1750  6225 D SystemServerTimingAsync: ssm.onCompletedEventUser-0_{|Unlocked|}_com.android.server.adservices.AdServicesManagerService$Lifecycle
04-12 20:41:44.216313  1750  6225 D SystemServerTimingAsync: ssm.onCompletedEventUser-0_{|Unlocked|}_com.android.server.ondevicepersonalization.OnDevicePersonalizationSystemService$Lifecycle
04-12 20:41:44.216317  1750  6225 D SystemServerTimingAsync: ssm.onCompletedEventUser-0_{|Unlocked|}_android.os.profiling.ProfilingService$Lifecycle
04-12 20:41:44.216320  1750  6225 D SystemServerTimingAsync: ssm.onCompletedEventUser-0_{|Unlocked|}_com.android.server.MmsServiceBroker
04-12 20:41:44.216323  1750  6225 D SystemServerTimingAsync: ssm.onCompletedEventUser-0_{|Unlocked|}_com.android.server.autofill.AutofillManagerService
04-12 20:41:44.216327  1750  6225 D SystemServerTimingAsync: ssm.onCompletedEventUser-0_{|Unlocked|}_com.android.server.credentials.CredentialManagerService
04-12 20:41:44.216330  1750  6225 D SystemServerTimingAsync: ssm.onCompletedEventUser-0_{|Unlocked|}_com.android.server.clipboard.ClipboardService
04-12 20:41:44.216334  1750  6225 D SystemServerTimingAsync: ssm.onCompletedEventUser-0_{|Unlocked|}_com.android.server.appbinding.AppBindingService$Lifecycle
04-12 20:41:44.216337  1750  6225 D SystemServerTimingAsync: ssm.onCompletedEventUser-0_{|Unlocked|}_com.mediatek.powerhalservice.PowerHalMgrService
04-12 20:41:44.216340  1750  6225 D SystemServerTimingAsync: ssm.onCompletedEventUser-0_{|Unlocked|}_com.mediatek.networkpolicyservice.NetworkPolicyService
04-12 20:41:44.216343  1750  6225 D SystemServerTimingAsync: ssm.onCompletedEventUser-0_{|Unlocked|}_com.mediatek.server.vow.VoiceWakeupBridgeService
04-12 20:41:44.216347  1750  6225 D SystemServerTimingAsync: ssm.onCompletedEventUser-0_{|Unlocked|}_com.mediatek.server.MtkConnectivitySupplementalService
04-12 20:41:44.216350  1750  6225 D SystemServerTimingAsync: ssm.onCompletedEventUser-0_{|Unlocked|}_com.mediatek.mbrainlocalservice.MBrainLocalService
04-12 20:41:44.216353  1750  6225 D SystemServerTimingAsync: ssm.onCompletedEventUser-0_{|Unlocked|}_com.android.server.tracing.TracingServiceProxy
04-12 20:41:44.216356  1750  6225 D SystemServerTimingAsync: ssm.onCompletedEventUser-0_{|Unlocked|}_com.android.server.os.instrumentation.DynamicInstrumentationManagerService
04-12 20:41:44.216359  1750  6225 D SystemServerTimingAsync: ssm.onCompletedEventUser-0_{|Unlocked|}_com.transsion.server.audio.v1.AudioModeChangeLice$AudioModeChangeService
04-12 20:41:44.216362  1750  6225 D SystemServerTimingAsync: ssm.onCompletedEventUser-0_{|Unlocked|}_com.transsion.server.oemunlockdata.OemUnlockDataService
04-12 20:41:44.216366  1750  6225 D SystemServerTimingAsync: ssm.onCompletedEventUser-0_{|Unlocked|}_com.scorpio.server.securitycom.SecurityComAccessService
04-12 20:41:44.216369  1750  6225 D SystemServerTimingAsync: ssm.onCompletedEventUser-0_{|Unlocked|}_com.transsion.server.sandaccessor.SandAccessorService
04-12 20:41:44.216372  1750  6225 D SystemServerTimingAsync: ssm.onCompletedEventUser-0_{|Unlocked|}_com.transsion.server.ParticularFeatureManagerService
04-12 20:41:44.216376  1750  6225 D SystemServerTimingAsync: ssm.onCompletedEventUser-0_{|Unlocked|}_com.transsion.server.displaycutout.DisplayCutoutController$Lifecycle
04-12 20:41:44.216381  1750  6225 D SystemServerTimingAsync: ssm.onCompletedEventUser-0_{|Unlocked|}_com.android.server.policy.PermissionPolicyService
04-12 20:41:44.216386  1750  6225 D SystemServerTimingAsync: ssm.onCompletedEventUser-0_{|Unlocked|}_com.android.server.pm.StagingManager$Lifecycle
04-12 20:41:44.216391  1750  6225 D SystemServerTimingAsync: ssm.onCompletedEventUser-0_{|Unlocked|}_com.android.server.crashrecovery.CrashRecoveryModule$Lifecycle
04-12 20:41:44.216394  1750  6225 D SystemServerTimingAsync: ssm.onCompletedEventUser-0_{|Unlocked|}_com.android.server.app.GameManagerService$Lifecycle
04-12 20:41:44.216401  1750  6225 D SystemServerTimingAsync: ssm.onCompletedEventUser-0_{|Unlocked|}_com.android.server.ranging.RangingService
04-12 20:41:44.216405  1750  6225 D SystemServerTimingAsync: ssm.onCompletedEventUser-0_{|Unlocked|}_com.android.safetycenter.SafetyCenterService
04-12 20:41:44.216409  1750  6225 D SystemServerTimingAsync: ssm.onCompletedEventUser-0_{|Unlocked|}_com.android.server.appsearch.AppSearchModule$Lifecycle
04-12 20:41:44.216415  1750  6225 D SystemServerTimingAsync: ssm.onCompletedEventUser-0_{|Unlocked|}_com.android.server.compos.IsolatedCompilationService
04-12 20:41:44.216419  1750  6225 D SystemServerTimingAsync: ssm.onCompletedEventUser-0_{|Unlocked|}_com.android.server.media.MediaCommunicationService
04-12 20:41:44.216423  1750  6225 D SystemServerTimingAsync: ssm.onCompletedEventUser-0_{|Unlocked|}_com.android.server.compat.overrides.AppCompatOverridesService$Lifecycle
04-12 20:41:44.216431  1750  6225 D SystemServerTimingAsync: ssm.onCompletedEventUser-0_{|Unlocked|}_com.android.server.healthconnect.HealthConnectManagerService
04-12 20:41:44.216435  1750  6225 D SystemServerTimingAsync: ssm.onCompletedEventUser-0_{|Unlocked|}_com.android.server.devicelock.DeviceLockService
04-12 20:41:44.216438  1750  6225 D SystemServerTimingAsync: ssm.onCompletedEventUser-0_{|Unlocked|}_com.android.server.SensitiveContentProtectionManagerService
04-12 20:41:44.216442  1750  6225 D SystemServerTimingAsync: ssm.onCompletedEventUser-0_{|Unlocked|}_com.transsion.server.appop.AppOpsService$Lifecycle
04-12 20:41:44.216445  1750  6225 D SystemServerTimingAsync: ssm.onCompletedEventUser-0_{|Unlocked|}_com.android.system.virtualmachine.VirtualizationSystemService
04-12 20:41:44.216603  1750  6226 D SystemServerTimingAsync: ssm.onCompletedEventUser-0_{|Unlocked|}_com.android.server.blob.BlobStoreManagerService
04-12 20:41:44.217003  1750  6227 D SystemServerTimingAsync: ssm.onCompletedEventUser-0_{|Unlocked|}_com.android.server.print.PrintManagerService
04-12 20:41:44.220362  1750  2585 I UsfSystemServer/appSceneHooker: duplicate service bind status, skip
04-12 20:41:44.242225  1750  2585 I START_DEBUG: remove BIND_TIMEOUT finish    ProcessRecord :ProcessRecord{f019502 6174:com.mediatek.batterywarning/1000}
04-12 20:41:44.243211  1750  4400 V AlarmManager: set(null) : type=3 triggerAtTime=14428025 win=3600000 tElapsed=14428025 maxElapsed=18028025 interval=0 flags=0x0
04-12 20:41:44.243746  2466  2508 D TranAlarmAlignManager: alarmAlign system not ready:false,align:null
04-12 20:41:44.243937  1750  4400 V AlarmManager: set(null) : type=3 triggerAtTime=86428026 win=3600000 tElapsed=86428026 maxElapsed=90028026 interval=0 flags=0x0
04-12 20:41:44.247273  1750  4357 V AlarmManager: set(PendingIntent{d67a4e5: PendingIntentRecord{77d2bba com.google.android.gms/com.google.android.gms.gcm broadcastIntent}}) : type=2 triggerAtTime=688029 win=0 tElapsed=688029 maxElapsed=688029 interval=0 flags=0x21
04-12 20:41:44.247433  2466  2508 D TranAlarmAlignManager: alarmAlign system not ready:false,align:null
04-12 20:41:44.247630  2466  2508 D TranAlarmAlignManager: alarmAlign system not ready:false,align:null
04-12 20:41:44.255415  1750  2130 V AlarmManager: Checking for alarms... rtc=1775997704255, elapsed=28038
04-12 20:41:44.255537  1750  2130 V AlarmManager: Triggering alarm #0: Alarm{2e97812 type 2 origWhen 28038 whenElapsed 28038 com.google.android.networkstack}
04-12 20:41:44.255989  1750  2130 V AlarmManager: sending alarm Alarm{2e97812 type 2 origWhen 28038 whenElapsed 28038 com.google.android.networkstack}
04-12 20:41:44.256133  1750  2130 V AlarmManager: Alarm to uid=1073 listener=android.os.BinderProxy@fe9cbe3
04-12 20:41:44.257030  1750  2130 D AlarmManager: mBroadcastRefCount -> 1
04-12 20:41:44.257755  1750  4400 V AlarmManager: set(null) : type=2 triggerAtTime=58039 win=0 tElapsed=58039 maxElapsed=58039 interval=0 flags=0x9
04-12 20:41:44.258010  2466  2508 D TranAlarmAlignManager: alarmAlign system not ready:false,align:null
04-12 20:41:44.258909  1750  3594 I AlarmManager: alarmComplete() from android.os.BinderProxy@fe9cbe3
04-12 20:41:44.258963  1750  3594 D AlarmManager: mBroadcastRefCount -> 0
04-12 20:41:44.279011  1750  3594 D ActivityTaskManager: isControllerAMonkey mController = null,mControllerIsAMonkey = false
04-12 20:41:44.298194  1750  4357 D UsfSystemServer/appSceneHooker: action is empty in service bind status
04-12 20:41:44.298391  1750  2585 I START_DEBUG: remove BIND_TIMEOUT finish    ProcessRecord :ProcessRecord{7ead642 6149:com.google.android.mosey/u0a131}
04-12 20:41:44.317475  1750  1964 I ActivityManager: Start proc 6247:com.transsion.statisticalsales/1000 for broadcast {com.transsion.statisticalsales/com.transsion.statisticalsales.receiver.SimReceiver}
04-12 20:41:44.321310  1750  1964 I START_DEBUG: send START_TIMEOUT message    ProcessRecord :ProcessRecord{4df72ca 6247:com.transsion.statisticalsales/1000}
04-12 20:41:44.321335  1750  1964 I ActivityManager: ProcessObserver broadcast disabled
04-12 20:41:44.328939  1750  2588 E JobScheduler.JobStatus: App com.google.android.apps.wellbeing became active but still in NEVER bucket
04-12 20:41:44.335964  1750  4408 V ActivityManager: New death recipient com.android.server.am.ActivityManagerService$AppDeathRecipient@94f97cd for thread android.os.BinderProxy@cb24882
04-12 20:41:44.337443  1750  4408 I START_DEBUG: send BINDTIMEOUT    ProcessRecord :ProcessRecord{4df72ca 6247:com.transsion.statisticalsales/1000}
04-12 20:41:44.337472  1750  4408 I START_DEBUG: remove START_TIMEOUT finish    ProcessRecord :ProcessRecord{4df72ca 6247:com.transsion.statisticalsales/1000}
04-12 20:41:44.337521  1750  4408 D os.ActivityManagerServiceLice: make process active com.transsion.statisticalsales(6247)
04-12 20:41:44.338449  6247  6264 I ActivityThread:  enable system monitor for package: com.transsion.statisticalsales
04-12 20:41:44.342372  6247  6264 D TranClassInfo: instance successfully. com.transsion.common.thubutils.AppProperties@e5e740 from com.transsion.hubsdk.thubutils.IAppProperties
04-12 20:41:44.342483  6247  6264 I AppProperties: enter initialize com.transsion.statisticalsales
04-12 20:41:44.342571  6247  6264 I AppProperties: readAllPropFiles directoryPath=/system_ext/etc/vconfig/com.transsion.statisticalsales/
04-12 20:41:44.342610  6247  6264 I AppProperties: enter readPropFiles count=0
04-12 20:41:44.342616  6247  6264 I AppProperties: readAllPropFiles directoryPath=/tr_product/etc/vconfig/com.transsion.statisticalsales/
04-12 20:41:44.342627  6247  6264 I AppProperties: enter readPropFiles count=0
04-12 20:41:44.342632  6247  6264 I AppProperties: readAllPropFiles directoryPath=/tr_region/etc/vconfig/com.transsion.statisticalsales/
04-12 20:41:44.342640  6247  6264 I AppProperties: enter readPropFiles count=0
04-12 20:41:44.342643  6247  6264 I AppProperties: readAllPropFiles directoryPath=/tr_carrier/etc/vconfig/com.transsion.statisticalsales/
04-12 20:41:44.342651  6247  6264 I AppProperties: enter readPropFiles count=0
04-12 20:41:44.342655  6247  6264 I AppProperties: readAllPropFiles directoryPath=/tr_company/etc/vconfig/com.transsion.statisticalsales/
04-12 20:41:44.342662  6247  6264 I AppProperties: enter readPropFiles count=0
04-12 20:41:44.342665  6247  6264 I AppProperties: readAllPropFiles directoryPath=/tranfs/etc/vconfig/com.transsion.statisticalsales/
04-12 20:41:44.342695  6247  6264 I AppProperties: enter readPropFiles count=0
04-12 20:41:44.346478  6247  6247 E SystemMonitorUtils:  error to open /dev/ensignal file e=android.system.ErrnoException: open failed: EACCES (Permission denied)
04-12 20:41:44.346564  6247  6247 E SystemMonitorUtils:  error to open /dev/ensignal file e=android.system.ErrnoException: open failed: EACCES (Permission denied)
04-12 20:41:44.362907  1750  2312 D Griffin/filterReceiveBroadcast: not limit Intent { act=com.google.android.libraries.storage.protostore.SIGNAL_ACTION dat=android://com.google.android.gms/... flg=0x10000010 xflg=0x4 pkg=com.google.android.gms } for resultTo not null
04-12 20:41:44.367183  1750  3594 E JobScheduler.JobStatus: App com.google.android.apps.wellbeing became active but still in NEVER bucket
04-12 20:41:44.369790  1750  4407 E JobScheduler.JobStatus: App com.google.android.apps.wellbeing became active but still in NEVER bucket
04-12 20:41:44.374748  1750  4367 E JobScheduler.JobStatus: App com.google.android.apps.wellbeing became active but still in NEVER bucket
04-12 20:41:44.376816  1750  4400 E JobScheduler.JobStatus: App com.google.android.apps.wellbeing became active but still in NEVER bucket
04-12 20:41:44.404186  1750  4400 E JobScheduler.JobStatus: App com.google.android.apps.wellbeing became active but still in NEVER bucket
04-12 20:41:44.406351  1750  4367 V AlarmManager: set(PendingIntent{3b10af0: PendingIntentRecord{e48fdca com.google.android.gms/com.google.android.gms.scheduler broadcastIntent}}) : type=3 triggerAtTime=35859 win=0 tElapsed=35859 maxElapsed=35859 interval=0 flags=0x0
04-12 20:41:44.406750  2466  2508 D TranAlarmAlignManager: alarmAlign system not ready:false,align:null
04-12 20:41:44.410457  1750  3675 I START_DEBUG: remove BIND_TIMEOUT finish    ProcessRecord :ProcessRecord{4df72ca 6247:com.transsion.statisticalsales/1000}
04-12 20:41:44.425677  1750  4407 D ActivityTaskManager: isControllerAMonkey mController = null,mControllerIsAMonkey = false
04-12 20:41:44.428284  2455  2455 D EngineManager: [trustedPrefixes] start ,isPreinstalledPath is false,prefix is com.transsion.,sourceDir is /data/app/~~MdVePR4_xkAFKkfvfq4aIQ==/com.google.android.gms-WpJNIfWRrgn5vtKGnlcbog==/base.apk,packageName.startsWith(prefix) is false,packageName is com.google.android.gms
04-12 20:41:44.428319  2455  2455 D EngineManager: [trustedPrefixes] start ,isPreinstalledPath is false,prefix is tech.palm.,sourceDir is /data/app/~~MdVePR4_xkAFKkfvfq4aIQ==/com.google.android.gms-WpJNIfWRrgn5vtKGnlcbog==/base.apk,packageName.startsWith(prefix) is false,packageName is com.google.android.gms
04-12 20:41:44.428325  2455  2455 D EngineManager: [trustedPrefixes] start ,isPreinstalledPath is false,prefix is com.mediatek.,sourceDir is /data/app/~~MdVePR4_xkAFKkfvfq4aIQ==/com.google.android.gms-WpJNIfWRrgn5vtKGnlcbog==/base.apk,packageName.startsWith(prefix) is false,packageName is com.google.android.gms
04-12 20:41:44.428328  2455  2455 D EngineManager: [trustedPrefixes] start ,isPreinstalledPath is false,prefix is com.android.,sourceDir is /data/app/~~MdVePR4_xkAFKkfvfq4aIQ==/com.google.android.gms-WpJNIfWRrgn5vtKGnlcbog==/base.apk,packageName.startsWith(prefix) is false,packageName is com.google.android.gms
04-12 20:41:44.428346  2455  2455 D EngineManager: [trustedPrefixes] start ,isPreinstalledPath is false,prefix is com.google.,sourceDir is /data/app/~~MdVePR4_xkAFKkfvfq4aIQ==/com.google.android.gms-WpJNIfWRrgn5vtKGnlcbog==/base.apk,packageName.startsWith(prefix) is true,packageName is com.google.android.gms
04-12 20:41:44.428351  2455  2455 D EngineManager: [trustedPrefixes] start ,isPreinstalledPath is false,prefix is android.,sourceDir is /data/app/~~MdVePR4_xkAFKkfvfq4aIQ==/com.google.android.gms-WpJNIfWRrgn5vtKGnlcbog==/base.apk,packageName.startsWith(prefix) is false,packageName is com.google.android.gms
04-12 20:41:44.434385  2455  2455 D EngineManager: Signature digest whitelist rule matched! Trust granted.
04-12 20:41:44.435339  6115  6236 D TranClassInfo: instance successfully. com.transsion.hubcore.hardware.TranSystemSensorManagerImpl@8dd11e3 from com.transsion.hubcore.hardware.ITranSystemSensorManager
04-12 20:41:44.435600  6115  6236 D HeartRateOximetryLiceFactory: HeartRateOximetryLice is supported
04-12 20:41:44.435901  6115  6236 D EngineManager: [trustedPrefixes] start ,isPreinstalledPath is false,prefix is com.transsion.,sourceDir is /data/app/~~RRGjuYQOGGx4RdaSI_zjwg==/com.google.android.googlequicksearchbox-n3-5zTnJZoBTvV0jxdhjkQ==/base.apk,packageName.startsWith(prefix) is false,packageName is com.google.android.googlequicksearchbox
04-12 20:41:44.435921  6115  6236 D EngineManager: [trustedPrefixes] start ,isPreinstalledPath is false,prefix is tech.palm.,sourceDir is /data/app/~~RRGjuYQOGGx4RdaSI_zjwg==/com.google.android.googlequicksearchbox-n3-5zTnJZoBTvV0jxdhjkQ==/base.apk,packageName.startsWith(prefix) is false,packageName is com.google.android.googlequicksearchbox
04-12 20:41:44.435931  6115  6236 D EngineManager: [trustedPrefixes] start ,isPreinstalledPath is false,prefix is com.mediatek.,sourceDir is /data/app/~~RRGjuYQOGGx4RdaSI_zjwg==/com.google.android.googlequicksearchbox-n3-5zTnJZoBTvV0jxdhjkQ==/base.apk,packageName.startsWith(prefix) is false,packageName is com.google.android.googlequicksearchbox
04-12 20:41:44.435938  6115  6236 D EngineManager: [trustedPrefixes] start ,isPreinstalledPath is false,prefix is com.android.,sourceDir is /data/app/~~RRGjuYQOGGx4RdaSI_zjwg==/com.google.android.googlequicksearchbox-n3-5zTnJZoBTvV0jxdhjkQ==/base.apk,packageName.startsWith(prefix) is false,packageName is com.google.android.googlequicksearchbox
