04-12 20:42:59.062792  1750  4349 I dvm_lock_sample: [system_server,1,binder:1750_1F,6,ActivityManagerService.java,15283,int com.android.server.am.ActivityManagerService.bindServiceInstance(android.app.IApplicationThread, android.os.IBinder, android.content.Intent, java.lang.String, android.app.IServiceConnection, long, java.lang.String, boolean, int, java.lang.String, android.app.IApplicationThread, java.lang.String, int),-,15284,int com.android.server.am.ActivityManagerService.bindServiceInstance(android.app.IApplicationThread, android.os.IBinder, android.content.Intent, java.lang.String, android.app.IServiceConnection, long, java.lang.String, boolean, int, java.lang.String, android.app.IApplicationThread, java.lang.String, int),1]
04-12 20:42:59.093987  1750  2219 I notification_cancel_all: [1000,1750,com.sh.smart.caller,0,0,0,20,NULL]
04-12 20:42:59.094101  1750  2219 I notification_cancel_all: [1000,1750,com.sh.smart.caller,0,0,0,20,NULL]
04-12 20:42:59.167825  1750  4271 I sysui_multi_action: [757,856,758,1,806,com.sh.smart.caller,857,summary_notification,858,4]
04-12 20:42:59.223355  1750  2870 I dvm_lock_sample: [system_server,0,binder:1750_D,47,ContentProviderHelper.java,985,void com.android.server.am.ContentProviderHelper.removeContentProvider(android.os.IBinder, boolean),ActivityManagerService.java,15284,int com.android.server.am.ActivityManagerService.bindServiceInstance(android.app.IApplicationThread, android.os.IBinder, android.content.Intent, java.lang.String, android.app.IServiceConnection, long, java.lang.String, boolean, int, java.lang.String, android.app.IApplicationThread, java.lang.String, int),9]
04-12 20:42:59.228858  2423  4606 I dvm_lock_sample: [com.google.android.gms.persisten,1,lowpool[6],38,:com.google.android.gms@261233035@26.12.33 (260400-892550550),3,void birn.execute(java.lang.Runnable),,0,null,7]
04-12 20:42:59.329781  1750  2233 I am_uid_active: 10139
04-12 20:42:59.335238  1750  1892 I commit_sys_config_file: [notification-policy,26]
04-12 20:42:59.346144  1750  1922 I am_uid_running: 10212
04-12 20:42:59.367040  1750  1923 I am_proc_start: [0,7164,10212,com.google.android.projection.gearhead:shared,broadcast,{com.google.android.projection.gearhead/com.google.android.apps.auto.wireless.bluetooth.WifiBluetoothReceiver},action = android.intent.action.BOOT_COMPLETED]
04-12 20:42:59.412000   563   563 I auditd  : type=1400 audit(0.0:782): avc:  denied  { read } for  comm="logd.writer" name="u:object_r:bluetooth_prop:s0" dev="tmpfs" ino=173 scontext=u:r:logd:s0 tcontext=u:object_r:bluetooth_prop:s0 tclass=file permissive=0
04-12 20:42:59.429742  1750  4349 I am_proc_bound: [0,7164,com.google.android.projection.gearhead:shared]
04-12 20:42:59.436000  7164  7164 I auditd  : type=1400 audit(0.0:783): avc:  denied  { read write } for  comm="re-initialized>" name="ensignal" dev="tmpfs" ino=2080 scontext=u:r:priv_app:s0:c512,c768 tcontext=u:object_r:ensignal_device:s0 tclass=chr_file permissive=0 app=com.google.android.projection.gearhead
04-12 20:42:59.436000  7164  7164 I auditd  : type=1400 audit(0.0:784): avc:  denied  { read write } for  comm="re-initialized>" name="ensignal" dev="tmpfs" ino=2080 scontext=u:r:priv_app:s0:c512,c768 tcontext=u:object_r:ensignal_device:s0 tclass=chr_file permissive=0 app=com.google.android.projection.gearhead
04-12 20:42:59.445113  6810  7395 I service_manager_slow: [94,android.system.keystore2.IKeystoreService/default]
04-12 20:42:59.457881  1750  4333 I dvm_lock_sample: [system_server,1,binder:1750_1B,34,ActivityManagerService.java,15128,boolean com.android.server.am.ActivityManagerService.stopServiceToken(android.content.ComponentName, android.os.IBinder, int),,0,null,6]
04-12 20:42:59.492199  1750  2644 I dvm_lock_sample: [system_server,0,binder:1750_B,27,ActivityManagerService.java,15340,void com.android.server.am.ActivityManagerService.serviceDoneExecuting(android.os.IBinder, int, int, int, android.content.Intent),,0,null,5]
04-12 20:42:59.683234  1750  2219 I notification_cancel_all: [1000,1750,com.android.vending,0,0,0,20,NULL]
04-12 20:42:59.684771  1750  2219 I notification_cancel_all: [1000,1750,com.android.vending,0,0,0,20,NULL]
04-12 20:42:59.686680  1750  2219 I notification_cancel_all: [1000,1750,com.google.android.projection.gearhead,0,0,0,20,NULL]
04-12 20:42:59.687009  1750  4347 I dvm_lock_sample: [system_server,1,binder:1750_1E,29,ActivityManagerService.java,5422,void com.android.server.am.ActivityManagerService.finishAttachApplicationInner(long, int, int),,0,null,5]
04-12 20:42:59.689741  1750  4347 I am_uid_active: 10212
04-12 20:42:59.692083  3854  6661 I gms_unknown: 47122
04-12 20:42:59.694117  1750  2219 I notification_cancel_all: [1000,1750,com.android.vending,0,0,0,20,NULL]
04-12 20:42:59.694170  1750  2219 I notification_cancel_all: [1000,1750,com.google.android.projection.gearhead,0,0,0,20,NULL]
04-12 20:42:59.715467  1750  2073 I commit_sys_config_file: [settings-0-0,45]
04-12 20:42:59.723099  1750  1922 I am_uid_running: 10152
04-12 20:42:59.728932  1750  2159 I input_interaction: Interaction with: 8a7d767 Application Error: com.transsion.tranfacmode, [Gesture Monitor] edge-swipe, [Gesture Monitor] TranGestureMonitor, [Gesture Monitor] TranGestureMonitor, PointerEventDispatcher0, 
04-12 20:42:59.762944  1750  2219 I notification_cancel_all: [1000,1750,com.android.vending,0,0,0,20,NULL]
04-12 20:42:59.763923  1750  2219 I notification_cancel_all: [1000,1750,com.google.android.projection.gearhead,0,0,0,20,NULL]
04-12 20:42:59.772455  1750  2010 I sysui_multi_action: [757,856,758,1,806,com.sh.smart.caller,857,DEFAULT_CHANNEL,858,3]
04-12 20:42:59.792000   563   563 I auditd  : type=1400 audit(0.0:785): avc:  denied  { read } for  comm="logd.writer" name="u:object_r:bluetooth_prop:s0" dev="tmpfs" ino=173 scontext=u:r:logd:s0 tcontext=u:object_r:bluetooth_prop:s0 tclass=file permissive=0
04-12 20:42:59.801479  2733  2961 I jank_cuj_events_end_request: [10425,1775997779801187000,34572591078,34572591078]
04-12 20:42:59.804852  1750  1923 I am_proc_start: [0,7412,10152,com.debug.loggerui,broadcast,{com.debug.loggerui/com.debug.loggerui.framework.LogReceiver},action = android.intent.action.BOOT_COMPLETED]
04-12 20:42:59.807272  1750  2219 I notification_cancel_all: [1000,1750,com.android.vending,0,0,0,20,NULL]
04-12 20:42:59.813044  1750  4244 I am_proc_bound: [0,7412,com.debug.loggerui]
04-12 20:42:59.828000  7412  7412 I auditd  : type=1400 audit(0.0:786): avc:  denied  { read write } for  comm="re-initialized>" name="ensignal" dev="tmpfs" ino=2080 scontext=u:r:platform_app:s0:c512,c768 tcontext=u:object_r:ensignal_device:s0 tclass=chr_file permissive=0 app=com.debug.loggerui
04-12 20:42:59.884980  1750  4342 I am_uid_active: 10152
04-12 20:42:59.893380  1750  4276 I dvm_lock_sample: [system_server,0,binder:1750_19,35,ActivityManagerService.java,15340,void com.android.server.am.ActivityManagerService.serviceDoneExecuting(android.os.IBinder, int, int, int, android.content.Intent),,0,null,7]
04-12 20:42:59.899874  1750  2287 I sync    : [com.google.android.gms.chromesync,0,3,-1543423057]
04-12 20:42:59.908803  1750  1922 I am_uid_running: 10077
04-12 20:42:59.936999  1750  1923 I am_proc_start: [0,7502,10077,com.android.devicediagnostics,broadcast,{com.android.devicediagnostics/com.android.devicediagnostics.BootCompleteReceiver},action = android.intent.action.BOOT_COMPLETED]
04-12 20:42:59.953843  1750  4268 I sysui_multi_action: [757,316,758,4,759,1]
04-12 20:42:59.958984  1750  1894 I input_focus: [Focus request b4c55f com.android.vending/com.android.vending.AssetBrowserActivity,reason=UpdateInputWindows]
04-12 20:42:59.959763  1750  1894 I wm_dim_exit: [183,-,1,0]
04-12 20:42:59.959793  1750  1894 I wm_dim_cancel_anim: [183,new target values]
04-12 20:42:59.959822  1750  1894 I wm_dim_animate: [183,0.000000,0.000000]
04-12 20:42:59.967485  1750  2159 I input_focus: [Focus entering b4c55f com.android.vending/com.android.vending.AssetBrowserActivity,reason=setFocusedWindow]
04-12 20:42:59.986815  1750  4614 I dvm_lock_sample: [system_server,1,binder:1750_20,83,BroadcastController.java,759,int com.android.server.am.BroadcastController.broadcastIntentWithFeature(android.app.IApplicationThread, java.lang.String, android.content.Intent, java.lang.String, android.content.IIntentReceiver, int, java.lang.String, android.os.Bundle, java.lang.String[], java.lang.String[], java.lang.String[], int, android.os.Bundle, boolean, boolean, int),ActivityManagerService.java,15284,int com.android.server.am.ActivityManagerService.bindServiceInstance(android.app.IApplicationThread, android.os.IBinder, android.content.Intent, java.lang.String, android.app.IServiceConnection, long, java.lang.String, boolean, int, java.lang.String, android.app.IApplicationThread, java.lang.String, int),16]
04-12 20:42:59.991249  1750  4343 I am_proc_bound: [0,7502,com.android.devicediagnostics]
04-12 20:43:00.009541  1750  4268 I am_kill : [0,6868,com.transsion.tranfacmode,0,crash,150708]
04-12 20:43:00.018544  1750  1923 I dvm_lock_sample: [system_server,1,ActivityManager:procStart,57,ProcessList.java,2304,void com.android.server.am.ProcessList.lambda$handleProcessStart$1(com.android.server.am.ProcessRecord, java.lang.String, int[], int, int, int, java.lang.String, java.lang.String, java.lang.String, long),,0,null,11]
04-12 20:43:00.018928  1750  1923 I am_proc_start: [0,7550,10212,com.google.android.projection.gearhead:provider,content provider,{com.google.android.projection.gearhead/com.google.android.apps.auto.components.projectionstate.ProjectionStateProvider},caller=com.android.vending/10231]
04-12 20:43:00.024240  1750  4342 I am_proc_bound: [0,7550,com.google.android.projection.gearhead:provider]
04-12 20:43:00.037363  7053  7532 I dvm_lock_sample: [com.android.vending:background,0,DownloadService-DownloadOrWrite-0,128,CronetUrlRequestContext.java,488,android.net.http.internal.org.chromium.net.ExperimentalUrlRequest android.net.http.internal.org.chromium.net.impl.CronetUrlRequestContext.createRequest(java.lang.String, android.net.http.internal.org.chromium.net.UrlRequest$Callback, java.util.concurrent.Executor, int, java.util.Collection, boolean, boolean, boolean, boolean, int, boolean, int, android.net.http.internal.org.chromium.net.RequestFinishedInfo$Listener, int, long, java.lang.String, java.util.ArrayList, android.net.http.internal.org.chromium.net.UploadDataProvider, java.util.concurrent.Executor, byte[], java.nio.ByteBuffer, java.lang.String),-,326,void android.net.http.internal.org.chromium.net.impl.CronetUrlRequestContext$1.run(),25]
04-12 20:43:00.039477  1750  1892 I commit_sys_config_file: [notification-policy,16]
04-12 20:43:00.056466  1750  1894 I wm_dim_finish_anim: 183
04-12 20:43:00.056501  1750  1894 I wm_dim_cancel_anim: [183,ready to remove]
04-12 20:43:00.056509  1750  1894 I wm_dim_removed: 183
04-12 20:43:00.090222  1750  2901 I am_foreground_service_start: [0,com.debug.loggerui/.framework.DebugLoggerUIService,0,BACKGROUND_FGS_PERMISSION,36,36,0,0,0,1,UNKNOWN,1073741824]
04-12 20:43:00.095326  1750  4269 I am_uid_active: 10077
04-12 20:43:00.110727  1750  1922 I am_uid_running: 10081
04-12 20:43:00.144468  1750  1923 I am_proc_start: [0,7541,10081,com.android.managedprovisioning,broadcast,{com.android.managedprovisioning/com.android.managedprovisioning.BootReminder},action = android.intent.action.BOOT_COMPLETED]
04-12 20:43:00.167373  1750  4268 I am_proc_bound: [0,7541,com.android.managedprovisioning]
04-12 20:43:00.171853  1750  4347 I dvm_lock_sample: [system_server,1,binder:1750_1E,27,ActivityManagerService.java,15048,android.content.ComponentName com.android.server.am.ActivityManagerService.startService(android.app.IApplicationThread, android.content.Intent, java.lang.String, boolean, java.lang.String, java.lang.String, int, boolean, int, java.lang.String, java.lang.String),,0,null,5]
04-12 20:43:00.203729  1750  4342 I pm_critical_info: setEnabledSettings callingUid = 10232 callingPid = 3854 packageName = com.google.android.gms.supervision componentName = null callingPackage= com.google.android.gms newState = 2 userId = 0 flags = 0
04-12 20:43:00.215042  1750  4268 I am_uid_active: 10081
04-12 20:43:00.221610  1750  1922 I am_uid_running: 10082
04-12 20:43:00.226454  1750  1923 I am_proc_start: [0,7611,10082,com.android.providers.calendar,broadcast,{com.android.providers.calendar/com.android.providers.calendar.CalendarReceiver},action = android.intent.action.BOOT_COMPLETED]
04-12 20:43:00.261623  1750  4253 I am_uid_idle: 10160
04-12 20:43:00.266695  1750  1859 I dvm_lock_sample: [system_server,1,binder:1750_1,9,BroadcastController.java,694,void com.android.server.am.BroadcastController.unregisterReceiverTraced(android.content.IIntentReceiver),,0,null,1]
04-12 20:43:00.276338  1750  2010 I am_proc_bound: [0,7611,com.android.providers.calendar]
04-12 20:43:00.294637  1750  2287 I sync    : [com.google.android.gms.chromesync,1,3,-1543423057]
04-12 20:43:00.401800  1750  2902 I dvm_lock_sample: [system_server,0,binder:1750_F,8,ActivityManagerService.java,15305,boolean com.android.server.am.ActivityManagerService.unbindService(android.app.IServiceConnection),,0,null,1]
04-12 20:43:00.445697  1750  2644 I dvm_lock_sample: [system_server,1,binder:1750_B,46,ActivityManagerService.java,15048,android.content.ComponentName com.android.server.am.ActivityManagerService.startService(android.app.IApplicationThread, android.content.Intent, java.lang.String, boolean, java.lang.String, java.lang.String, int, boolean, int, java.lang.String, java.lang.String),,0,null,9]
04-12 20:43:00.452176  1750  2644 I am_uid_active: 10082
04-12 20:43:00.461522  1750  1922 I am_uid_running: 10254
04-12 20:43:00.478628  1750  2159 I input_interaction: Interaction with: b4c55f com.android.vending/com.android.vending.AssetBrowserActivity, [Gesture Monitor] edge-swipe, [Gesture Monitor] TranGestureMonitor, [Gesture Monitor] TranGestureMonitor, PointerEventDispatcher0, 
04-12 20:43:00.495241  1750  1923 I am_proc_start: [0,7651,10254,com.google.android.apps.tachyon,broadcast,{com.google.android.apps.tachyon/com.google.android.apps.tachyon.common.applifecycle.BootReceiver},action = android.intent.action.BOOT_COMPLETED]
04-12 20:43:00.504445  1750  4343 I am_proc_bound: [0,7651,com.google.android.apps.tachyon]
04-12 20:43:00.508000  7651  7651 I auditd  : type=1400 audit(0.0:807): avc:  denied  { search } for  comm="binder:7651_2" name="/" dev="sdc87" ino=2 scontext=u:r:untrusted_app:s0:c254,c256,c512,c768 tcontext=u:object_r:tranfs_file:s0 tclass=dir permissive=0 app=com.google.android.apps.tachyon
04-12 20:43:00.517088  1750  4614 I dvm_lock_sample: [system_server,1,binder:1750_20,58,ActivityManagerService.java,15048,android.content.ComponentName com.android.server.am.ActivityManagerService.startService(android.app.IApplicationThread, android.content.Intent, java.lang.String, boolean, java.lang.String, java.lang.String, int, boolean, int, java.lang.String, java.lang.String),,0,null,11]
04-12 20:43:00.532388  1750  4347 I dvm_lock_sample: [system_server,1,binder:1750_1E,64,ActivityManagerService.java,15283,int com.android.server.am.ActivityManagerService.bindServiceInstance(android.app.IApplicationThread, android.os.IBinder, android.content.Intent, java.lang.String, android.app.IServiceConnection, long, java.lang.String, boolean, int, java.lang.String, android.app.IApplicationThread, java.lang.String, int),,0,null,12]
04-12 20:43:00.610779  1750  2646 I dvm_lock_sample: [system_server,1,binder:1750_C,47,ActivityManagerService.java,15048,android.content.ComponentName com.android.server.am.ActivityManagerService.startService(android.app.IApplicationThread, android.content.Intent, java.lang.String, boolean, java.lang.String, java.lang.String, int, boolean, int, java.lang.String, java.lang.String),,0,null,9]
04-12 20:43:00.615656  1750  2073 I commit_sys_config_file: [settings-1-0,1]
04-12 20:43:00.646740  1750  4342 I am_uid_running: 10281
04-12 20:43:00.657810  1750  1892 I commit_sys_config_file: [notification-policy,66]
04-12 20:43:00.657971  2733  2961 I jank_cuj_events_end_request: [10425,1775997780657871000,35429274232,35429274540]
04-12 20:43:00.716548  1750  1923 I am_proc_start: [0,7750,10281,com.google.android.rkpdapp,service,{com.google.android.rkpdapp/com.android.rkpdapp.service.RemoteProvisioningService},caller=system/1000]
04-12 20:43:00.755698  1750  4269 I am_proc_bound: [0,7750,com.google.android.rkpdapp]
04-12 20:43:00.756000  3882  3882 I auditd  : type=1400 audit(0.0:808): avc:  denied  { getopt } for  comm="FinalizerDaemon" path="/dev/socket/usap_pool_primary" scontext=u:r:platform_app:s0:c512,c768 tcontext=u:r:zygote:s0 tclass=unix_stream_socket permissive=0 app=com.transsion.camera
04-12 20:43:00.772000  7750  7750 I auditd  : type=1400 audit(0.0:809): avc:  denied  { read write } for  comm="re-initialized>" name="ensignal" dev="tmpfs" ino=2080 scontext=u:r:rkpdapp:s0:c25,c257,c512,c768 tcontext=u:object_r:ensignal_device:s0 tclass=chr_file permissive=0 app=com.google.android.rkpdapp
04-12 20:43:00.779358  1750  4614 I dvm_lock_sample: [system_server,1,binder:1750_20,24,ActivityManagerService.java,15048,android.content.ComponentName com.android.server.am.ActivityManagerService.startService(android.app.IApplicationThread, android.content.Intent, java.lang.String, boolean, java.lang.String, java.lang.String, int, boolean, int, java.lang.String, java.lang.String),,0,null,4]
04-12 20:43:00.800192  1750  4349 I dvm_lock_sample: [system_server,0,binder:1750_1F,45,ActivityManagerService.java,15340,void com.android.server.am.ActivityManagerService.serviceDoneExecuting(android.os.IBinder, int, int, int, android.content.Intent),,0,null,9]
04-12 20:43:00.846343  1750  4349 I am_uid_active: 10281
04-12 20:43:01.015738  1750  1922 I am_wtf  : [0,1750,system_server,-1,ActivityManager,Sending non-protected broadcast android.intent.action.INSTALL_COMPLETE from system 1750:system/1000 pkg android]
04-12 20:43:01.023659  1750  2287 I dvm_lock_sample: [system_server,1,SyncManager,40,JobSchedulerService.java,2093,java.util.List com.android.server.job.JobSchedulerService.getPendingJobsInNamespace(int, java.lang.String),-,4320,long com.android.server.job.JobSchedulerService.getMinJobExecutionGuaranteeMs(com.android.server.job.controllers.JobStatus),8]
04-12 20:43:01.078058  1750  1878 I dvm_lock_sample: [system_server,1,android.ui,23,ActivityManagerService.java,18388,void com.android.server.am.ActivityManagerService$LocalService.updateDeviceIdleTempAllowlist(int[], int, boolean, long, int, int, java.lang.String, int),,0,null,4]
04-12 20:43:01.100451  2423  3529 I dvm_lock_sample: [com.google.android.gms.persisten,1,GoogleApiHandler,40,:com.google.android.gms@261233035@26.12.33 (260400-892550550),12,com.google.android.gms.common.ConnectionResult bhxf.d(bhxe, android.content.ServiceConnection, java.lang.String, java.util.concurrent.Executor),-,103,com.google.android.gms.common.ConnectionResult bhxf.d(bhxe, android.content.ServiceConnection, java.lang.String, java.util.concurrent.Executor),8]
04-12 20:43:01.107737  1750  4268 I am_uid_active: 10254
04-12 20:43:01.114108  1750  1922 I am_uid_running: 10213
04-12 20:43:01.121079  1750  3320 I dvm_lock_sample: [system_server,1,binder:1750_12,33,BroadcastController.java,532,android.content.Intent com.android.server.am.BroadcastController.registerReceiverWithFeatureTraced(android.app.IApplicationThread, java.lang.String, java.lang.String, java.lang.String, android.content.IIntentReceiver, android.content.IntentFilter, java.lang.String, int, int),,0,null,6]
04-12 20:43:01.121839  1750  2524 I dvm_lock_sample: [system_server,1,binder:1750_A,31,ContentProviderHelper.java,207,android.app.ContentProviderHolder com.android.server.am.ContentProviderHelper.getContentProviderImpl(android.app.IApplicationThread, java.lang.String, android.os.IBinder, int, java.lang.String, java.lang.String, boolean, int),,0,null,6]
04-12 20:43:01.167067  1750  1923 I am_proc_start: [0,7693,10213,com.google.android.configupdater,broadcast,{com.google.android.configupdater/com.google.android.configupdater.MainReceiver},action = android.intent.action.BOOT_COMPLETED]
04-12 20:43:01.188441  1750  4268 I am_proc_bound: [0,7693,com.google.android.configupdater]
04-12 20:43:01.224414  1750  4614 I dvm_lock_sample: [system_server,0,binder:1750_20,38,BroadcastController.java,1927,void com.android.server.am.BroadcastController.finishReceiver(android.os.IBinder, int, java.lang.String, android.os.Bundle, boolean, int),,0,null,7]
04-12 20:43:01.233353  1750  2287 I sync    : [com.google.android.gms.reminders,0,0,-1543423057]
04-12 20:43:01.348120  1750  2159 I input_interaction: Interaction with: b4c55f com.android.vending/com.android.vending.AssetBrowserActivity, [Gesture Monitor] swipe-up, [Gesture Monitor] edge-swipe, [Gesture Monitor] TranGestureMonitor, [Gesture Monitor] TranGestureMonitor, PointerEventDispatcher0, 
04-12 20:43:01.349267  1750  1911 I dvm_lock_sample: [system_server,1,android.bg,37,ContentProviderHelper.java,1677,void com.android.server.am.ContentProviderHelper.handleProviderRemoval(com.android.server.am.ContentProviderConnection, boolean, boolean),,0,null,7]
04-12 20:43:01.377970  1750  4343 I am_uid_active: 10213
04-12 20:43:01.397602  3854  6685 I gms_unknown: [5,0,0]
04-12 20:43:01.398440  3854  6685 I gms_unknown: [CheckinTask:SentRequest,36169]
04-12 20:43:01.416020  1750  2219 I notification_enqueue: [10232,2423,com.google.android.gms,1000,a:GMSCORE_STORE_RENDERER:11be35c183260000:107718207925398475592,0,Notification(channel=com.google.android.gms.notifications::SECURITY_ALERTS shortcut=null contentView=null vibrate=null sound=null tick defaults=0 flags=LOCAL_ONLY color=0x00000000 actions=1 vis=PRIVATE publicVersion=Notification(channel=null shortcut=null contentView=null vibrate=null sound=null defaults=0 flags=0 color=0x00000000 vis=PRIVATE)),0,1]
04-12 20:43:01.429246  1750  1859 I input_cancel: [b4c55f com.android.vending/com.android.vending.AssetBrowserActivity,reason=input channel stole pointer stream]
04-12 20:43:01.429408  5033  5033 I view_enqueue_input_event: [Motion - Cancel,com.android.vending/com.android.vending.AssetBrowserActivity]
04-12 20:43:01.429655  1750  2287 I sync    : [com.google.android.gms.reminders,1,0,-1543423057]
04-12 20:43:01.430069  1750  1859 I input_cancel: [[Gesture Monitor] edge-swipe,reason=input channel stole pointer stream]
04-12 20:43:01.430199  1750  1859 I input_cancel: [[Gesture Monitor] TranGestureMonitor,reason=input channel stole pointer stream]
04-12 20:43:01.430291  1750  1859 I input_cancel: [[Gesture Monitor] TranGestureMonitor,reason=input channel stole pointer stream]
04-12 20:43:01.430373  2733  2961 I jank_cuj_events_end_request: [10425,1775997781430296000,36201699463,36201699694]
04-12 20:43:01.430523  1750  2159 I input_interaction: Interaction with: [Gesture Monitor] swipe-up, PointerEventDispatcher0, 
04-12 20:43:01.433737  1750  1892 I commit_sys_config_file: [notification-policy,15]
04-12 20:43:01.441784  1750  1922 I am_uid_running: 10222
04-12 20:43:01.450260  1750  2646 I wm_task_moved: [1,1,0,1,2]
04-12 20:43:01.450280  1750  2646 I wm_task_to_front: [0,2,0]
04-12 20:43:01.450577  1750  2646 I wm_task_moved: [2,1,0,1,2147483647]
04-12 20:43:01.450665  1750  2646 I wm_focused_root_task: [0,0,1,-1,startExistingRecents]
04-12 20:43:01.452064  1750  2646 I wm_set_resumed_activity: [0,com.transsion.launcher3/com.android.launcher3.uioverrides.QuickstepLauncher,resumeTopActivity - onActivityStateChanged]
04-12 20:43:01.454015  1750  2646 I wm_resume_activity: [0,97595641,2,com.transsion.launcher3/com.android.launcher3.uioverrides.QuickstepLauncher]
04-12 20:43:01.456995  5033  5033 I wm_on_top_resumed_lost_called: [157128391,com.android.vending.AssetBrowserActivity,topStateChangedWhenResumed]
04-12 20:43:01.461514  2419  2419 I wm_on_restart_called: [97595641,com.android.launcher3.uioverrides.QuickstepLauncher,performRestart,0]
04-12 20:43:01.462349  1750  1894 I snet_event_log: updateFrameRateVote [pkg = com.android.systemui title = com.android.systemui.wallpapers.ImageWallpaper refreshRate = 120.00001 modeId = 2 setting =10000 peak = 120.0 mTopApp = com.android.vending]
04-12 20:43:01.462487  1750  1894 I wm_wallpaper_surface: [0,1,Window{7401100 u0 com.transsion.launcher3/com.android.launcher3.uioverrides.QuickstepLauncher}]
04-12 20:43:01.467444  2419  2419 I wm_on_start_called: [97595641,com.android.launcher3.uioverrides.QuickstepLauncher,handleStartActivity,6]
04-12 20:43:01.472252  2419  2419 I wm_on_resume_called: [97595641,com.android.launcher3.uioverrides.QuickstepLauncher,RESUME_ACTIVITY,4]
04-12 20:43:01.530073  1750  2646 I dvm_lock_sample: [system_server,1,binder:1750_C,55,WindowManagerService.java,2716,int com.android.server.wm.WindowManagerService.relayoutWindow(com.android.server.wm.Session, android.view.IWindow, android.view.WindowManager$LayoutParams, int, int, int, int, int, int, android.view.WindowRelayoutResult),-,3156,int com.android.server.wm.WindowManagerService.relayoutWindow(com.android.server.wm.Session, android.view.IWindow, android.view.WindowManager$LayoutParams, int, int, int, int, int, int, android.view.WindowRelayoutResult),11]
04-12 20:43:01.530086  1750  1859 I netstats_mobile_sample: [0,0,0,0,0,0,0,0,1775997782073]
04-12 20:43:01.530414  1750  1859 I netstats_wifi_sample: [1639120,274202,2001,1574,1590207,273806,1919,1568,1775997782073]
04-12 20:43:01.534864  4915  4915 I viewroot_draw_event: [VRI[ZeroScreen],Start draw after previous draw not visible]
04-12 20:43:01.537787  2419  2419 I viewroot_draw_event: [VRI[QuickstepLauncher],Start draw after previous draw not visible]
04-12 20:43:01.543769  2419  2419 I viewroot_draw_event: [VRI[QuickstepLauncher],reportDrawFinished seqId=0]
04-12 20:43:01.544633  2419  2419 I wm_on_top_resumed_gained_called: [97595641,com.android.launcher3.uioverrides.QuickstepLauncher,topStateChangedWhenResumed]
04-12 20:43:01.547908  4915  4915 I viewroot_draw_event: [VRI[ZeroScreen],reportDrawFinished seqId=0]
04-12 20:43:01.555437  1750  2646 I wm_pause_activity: [0,157128391,com.android.vending/.AssetBrowserActivity,userLeaving=true,pauseTaskTopActivity]
04-12 20:43:01.566499  2733  2961 I jank_cuj_events_cancel_request: [0,1775997781551786000,36323189848,36323189848]
04-12 20:43:01.566803  2733  2961 I jank_cuj_events_cancel_request: [5,1775997781551830000,36323233925,36323233925]
04-12 20:43:01.570671  1750  1894 I snet_event_log: updateFrameRateVote [pkg = com.android.systemui title = DynamicBar refreshRate = 120.00001 modeId = 2 setting =10000 peak = 120.0 mTopApp = com.android.vending]
04-12 20:43:01.578822  5033  5033 I wm_on_paused_called: [157128391,com.android.vending.AssetBrowserActivity,performPause,6]
04-12 20:43:01.597915  2419  2869 I jank_cuj_events_begin_request: [10122,1775997781595271000,36366675386,36366675386,animator:App To Home]
04-12 20:43:01.598024  2419  2869 I jank_cuj_events_begin_request: [9,1775997781595335000,36366738848,36366738848,closeApp_Window]
04-12 20:43:01.622391  1750  2903 I wm_set_resumed_activity: [0,com.transsion.launcher3/com.android.launcher3.uioverrides.QuickstepLauncher,setFocusedTask-alreadyTop]
04-12 20:43:01.623935  1750  1894 I input_focus: [Focus request recents_animation_input_consumer,reason=UpdateInputWindows]
04-12 20:43:01.632140  1750  1923 I dvm_lock_sample: [system_server,1,ActivityManager:procStart,155,ProcessList.java,2304,void com.android.server.am.ProcessList.lambda$handleProcessStart$1(com.android.server.am.ProcessRecord, java.lang.String, int[], int, int, int, java.lang.String, java.lang.String, java.lang.String, long),,0,null,31]
04-12 20:43:01.632251  1750  1923 I am_proc_start: [0,7860,10222,com.google.android.packageinstaller,broadcast,{com.google.android.packageinstaller/com.android.packageinstaller.common.TemporaryFileManager},action = android.intent.action.BOOT_COMPLETED]
04-12 20:43:01.642279  1750  2159 I input_focus: [Focus leaving b4c55f com.android.vending/com.android.vending.AssetBrowserActivity,reason=setFocusedWindow]
04-12 20:43:01.642367  1750  2159 I input_focus: [Focus entering recents_animation_input_consumer,reason=setFocusedWindow]
04-12 20:43:01.655062  1750  1877 I sysui_multi_action: [319,55,322,0,325,36,757,761,758,9,759,5,806,com.transsion.launcher3,871,com.android.launcher3.uioverrides.QuickstepLauncher,905,0,1320,4,1321,23]
04-12 20:43:01.658456  1750  1877 I sysui_multi_action: [757,803,799,window_time_0,802,5]
04-12 20:43:01.660910  1750  2010 I dvm_lock_sample: [system_server,1,binder:1750_3,171,ActivityManagerService.java,19383,boolean com.android.server.am.ActivityManagerService$LocalService.hasForegroundServiceNotification(java.lang.String, int, java.lang.String),,0,null,34]
04-12 20:43:01.661650  1750  4269 I dvm_lock_sample: [system_server,1,binder:1750_17,152,ActivityManagerService.java,5375,void com.android.server.am.ActivityManagerService.attachApplication(android.app.IApplicationThread, long),,0,null,30]
04-12 20:43:01.661762  1750  4269 I am_proc_bound: [0,7860,com.google.android.packageinstaller]
04-12 20:43:01.664000  7860  7860 I auditd  : type=1400 audit(0.0:823): avc:  denied  { read write } for  comm="re-initialized>" name="ensignal" dev="tmpfs" ino=2080 scontext=u:r:priv_app:s0:c512,c768 tcontext=u:object_r:ensignal_device:s0 tclass=chr_file permissive=0 app=com.google.android.packageinstaller
04-12 20:43:01.664000  7860  7860 I auditd  : type=1400 audit(0.0:824): avc:  denied  { read write } for  comm="re-initialized>" name="ensignal" dev="tmpfs" ino=2080 scontext=u:r:priv_app:s0:c512,c768 tcontext=u:object_r:ensignal_device:s0 tclass=chr_file permissive=0 app=com.google.android.packageinstaller
04-12 20:43:01.666640  1750  2195 I dvm_lock_sample: [system_server,0,NetworkStats,135,BroadcastController.java,759,int com.android.server.am.BroadcastController.broadcastIntentWithFeature(android.app.IApplicationThread, java.lang.String, android.content.Intent, java.lang.String, android.content.IIntentReceiver, int, java.lang.String, android.os.Bundle, java.lang.String[], java.lang.String[], java.lang.String[], int, android.os.Bundle, boolean, boolean, int),,0,null,27]
04-12 20:43:01.670579  1750  2219 I sysui_multi_action: [757,1501,758,1,793,300,794,0,795,300,796,1000,797,a:GMSCORE_STORE_RENDERER:11be35c183260000:107718207925398475592,806,com.google.android.gms,857,com.google.android.gms.noti-9e60d696,858,3,947,0,1500,0,1688,1,1745,2098068913]
04-12 20:43:01.670600  1750  2219 I sysui_multi_action: [757,804,799,note_interruptive,801,0,802,1]
04-12 20:43:01.673021  1750  1911 I dvm_lock_sample: [system_server,1,android.bg,133,ContentProviderHelper.java,1677,void com.android.server.am.ContentProviderHelper.handleProviderRemoval(com.android.server.am.ContentProviderConnection, boolean, boolean),,0,null,26]
04-12 20:43:01.673423  1750  2219 I sysui_multi_action: [757,199,758,1,759,32784,793,303,794,0,795,303,796,1000,797,a:GMSCORE_STORE_RENDERER:11be35c183260000:107718207925398475592,806,com.google.android.gms,857,com.google.android.gms.noti-9e60d696,858,3,947,0,1500,3,1688,1,1745,2098068913]
04-12 20:43:01.673443  1750  2219 I notification_alert: [0|com.google.android.gms|1000|a:GMSCORE_STORE_RENDERER:11be35c183260000:107718207925398475592|10232,0,0,0,2,32768]
04-12 20:43:01.686732  1750  4271 I dvm_lock_sample: [system_server,1,binder:1750_18,150,ActivityManagerService.java,15048,android.content.ComponentName com.android.server.am.ActivityManagerService.startService(android.app.IApplicationThread, android.content.Intent, java.lang.String, boolean, java.lang.String, java.lang.String, int, boolean, int, java.lang.String, java.lang.String),,0,null,30]
04-12 20:43:01.691620  1750  4253 I dvm_lock_sample: [system_server,1,binder:1750_15,119,ActivityManagerService.java,15305,boolean com.android.server.am.ActivityManagerService.unbindService(android.app.IServiceConnection),,0,null,23]
04-12 20:43:01.734113  1750  2219 I notification_cancel_all: [1000,1750,com.google.android.gms,0,0,0,20,NULL]
04-12 20:43:01.734152  1750  2219 I notification_cancel_all: [1000,1750,com.google.android.gms,0,0,0,20,NULL]
04-12 20:43:01.785678  1750  4349 I dvm_lock_sample: [system_server,0,binder:1750_1F,319,ActivityManagerService.java,15340,void com.android.server.am.ActivityManagerService.serviceDoneExecuting(android.os.IBinder, int, int, int, android.content.Intent),,0,null,63]
04-12 20:43:01.794371  1750  2219 I notification_cancel_all: [1000,1750,com.google.android.gms,0,0,0,20,NULL]
04-12 20:43:01.794907  1750  2902 I dvm_lock_sample: [system_server,1,binder:1750_F,244,ContentProviderHelper.java,207,android.app.ContentProviderHolder com.android.server.am.ContentProviderHelper.getContentProviderImpl(android.app.IApplicationThread, java.lang.String, android.os.IBinder, int, java.lang.String, java.lang.String, boolean, int),,0,null,48]
04-12 20:43:01.802466  1750  4343 I dvm_lock_sample: [system_server,1,binder:1750_1D,51,ActivityManagerService.java,7456,void com.android.server.am.ActivityManagerService.grantUriPermission(android.app.IApplicationThread, java.lang.String, android.net.Uri, int, int),,0,null,10]
04-12 20:43:01.815016  1750  4244 I dvm_lock_sample: [system_server,1,binder:1750_14,47,ActivityManagerService.java,6474,java.lang.String com.android.server.am.ActivityManagerService.getTagForIntentSender(android.content.IIntentSender, java.lang.String),,0,null,9]
04-12 20:43:01.821055  1750  2219 I notification_cancel_all: [1000,1750,com.google.android.gms,0,0,0,20,NULL]
04-12 20:43:01.830019  1750  1877 I sysui_latency: [8,98]
04-12 20:43:01.850407  1750  2219 I notification_cancel_all: [1000,1750,com.google.android.gms,0,0,0,20,NULL]
04-12 20:43:01.884059  1750  4244 I dvm_lock_sample: [system_server,1,binder:1750_14,61,ActivityManagerService.java,7456,void com.android.server.am.ActivityManagerService.grantUriPermission(android.app.IApplicationThread, java.lang.String, android.net.Uri, int, int),,0,null,12]
04-12 20:43:01.888902  1750  2902 I am_uid_active: 10222
04-12 20:43:01.919481  1750  1922 I am_uid_running: 10276
04-12 20:43:01.928559  1750  1923 I am_proc_start: [0,7923,10276,com.google.android.permissioncontroller,broadcast,{com.google.android.permissioncontroller/com.android.permissioncontroller.permission.service.LocationAccessCheck$SetupPeriodicBackgroundLocationAccessCheck},action = android.intent.action.BOOT_COMPLETED]
04-12 20:43:01.950482  1750  4276 I dvm_lock_sample: [system_server,1,binder:1750_19,60,ActivityManagerService.java,15305,boolean com.android.server.am.ActivityManagerService.unbindService(android.app.IServiceConnection),,0,null,12]
04-12 20:43:01.954680  1750  1892 I dvm_lock_sample: [system_server,0,android.io,122,JobStore.java,729,void com.android.server.job.JobStore$2.run(),JobServiceContext.java,509,boolean com.android.server.job.JobServiceContext.executeRunnableJob(com.android.server.job.controllers.JobStatus, int),24]
04-12 20:43:01.974866  1750  1750 I dvm_lock_sample: [system_server,0,main,81,AlarmManagerService.java,4950,void com.android.server.alarm.AlarmManagerService$AlarmHandler.handleMessage(android.os.Message),-,2344,void com.android.server.alarm.AlarmManagerService.setImpl(int, long, long, long, android.app.PendingIntent, android.app.IAlarmListener, java.lang.String, int, android.os.WorkSource, android.app.AlarmManager$AlarmClockInfo, int, java.lang.String, android.os.Bundle, int),16]
04-12 20:43:01.982067  1750  2644 I am_proc_bound: [0,7923,com.google.android.permissioncontroller]
04-12 20:43:01.987007  1750  1892 I commit_sys_config_file: [jobs,32]
04-12 20:43:01.994218  1750  1878 I dvm_lock_sample: [system_server,1,android.ui,16,ActivityManagerService.java,18388,void com.android.server.am.ActivityManagerService$LocalService.updateDeviceIdleTempAllowlist(int[], int, boolean, long, int, int, java.lang.String, int),,0,null,3]
04-12 20:43:02.004000  7923  7923 I auditd  : type=1400 audit(0.0:825): avc:  denied  { search } for  comm="binder:7923_2" name="/" dev="sdc87" ino=2 scontext=u:r:permissioncontroller_app:s0:c20,c257,c512,c768 tcontext=u:object_r:tranfs_file:s0 tclass=dir permissive=0 app=com.google.android.permissioncontroller
04-12 20:43:02.008000  7923  7923 I auditd  : type=1400 audit(0.0:826): avc:  denied  { read write } for  comm="re-initialized>" name="ensignal" dev="tmpfs" ino=2080 scontext=u:r:permissioncontroller_app:s0:c20,c257,c512,c768 tcontext=u:object_r:ensignal_device:s0 tclass=chr_file permissive=0 app=com.google.android.permissioncontroller
04-12 20:43:02.008000  7923  7923 I auditd  : type=1400 audit(0.0:827): avc:  denied  { read write } for  comm="re-initialized>" name="ensignal" dev="tmpfs" ino=2080 scontext=u:r:permissioncontroller_app:s0:c20,c257,c512,c768 tcontext=u:object_r:ensignal_device:s0 tclass=chr_file permissive=0 app=com.google.android.permissioncontroller
04-12 20:43:02.113870  1750  2517 I dvm_lock_sample: [system_server,1,binder:1750_7,11,BroadcastController.java,532,android.content.Intent com.android.server.am.BroadcastController.registerReceiverWithFeatureTraced(android.app.IApplicationThread, java.lang.String, java.lang.String, java.lang.String, android.content.IIntentReceiver, android.content.IntentFilter, java.lang.String, int, int),,0,null,2]
04-12 20:43:02.191192  3854  6685 I gms_unknown: [CheckinTask:ReceivedResponse,36962]
04-12 20:43:02.225047  1750  4276 I wm_add_to_stopping: [0,157128391,com.android.vending/.AssetBrowserActivity,makeInvisible]
04-12 20:43:02.227096  1750  1894 I input_focus: [Focus request 7401100 com.transsion.launcher3/com.android.launcher3.uioverrides.QuickstepLauncher,reason=UpdateInputWindows]
04-12 20:43:02.229472  1750  2159 I input_focus: [Focus leaving recents_animation_input_consumer,reason=NOT_VISIBLE]
04-12 20:43:02.235975  1750  1894 I snet_event_log: updateFrameRateVote [pkg = com.android.systemui title = com.android.systemui.wallpapers.ImageWallpaper refreshRate = 90.0 modeId = 3 setting =10000 peak = 120.0 mTopApp = com.android.vending]
04-12 20:43:02.236294  1750  1894 I snet_event_log: updateFrameRateVote [pkg = com.android.systemui title = DynamicBar refreshRate = 90.0 modeId = 3 setting =10000 peak = 120.0 mTopApp = com.android.vending]
04-12 20:43:02.241918  5033  5033 I viewroot_draw_event: [VRI[AssetBrowserActivity],Not drawing due to not visible. Reason=!mAppVisible && !mForceDecorViewVisibility]
04-12 20:43:02.247366  1750  1893 I wm_stop_activity: [0,157128391,com.android.vending/.AssetBrowserActivity]
04-12 20:43:02.255519  5033  5033 I wm_on_stop_called: [157128391,com.android.vending.AssetBrowserActivity,STOP_ACTIVITY_ITEM,3]
04-12 20:43:02.264753  2419  2869 I jank_cuj_events_end_request: [10122,1775997782221636000,36993040002,36993040002]
04-12 20:43:02.264794  2419  2869 I jank_cuj_events_end_request: [9,1775997782221670000,36993073848,36993073848]
04-12 20:43:02.264800  2419  2869 I jank_cuj_events_end_request: [9,1775997782221814000,36993218156,36993218232]
04-12 20:43:02.269760  1750  2159 I input_focus: [Focus entering 7401100 com.transsion.launcher3/com.android.launcher3.uioverrides.QuickstepLauncher,reason=setFocusedWindow]
04-12 20:43:02.276258  1750  4333 I dvm_lock_sample: [system_server,1,binder:1750_1B,25,BroadcastController.java,759,int com.android.server.am.BroadcastController.broadcastIntentWithFeature(android.app.IApplicationThread, java.lang.String, android.content.Intent, java.lang.String, android.content.IIntentReceiver, int, java.lang.String, android.os.Bundle, java.lang.String[], java.lang.String[], java.lang.String[], int, android.os.Bundle, boolean, boolean, int),,0,null,5]
04-12 20:43:02.305491  1750  2073 I commit_sys_config_file: [settings-0-0,4]
04-12 20:43:02.321800  1750  4253 I am_uid_active: 10276
04-12 20:43:02.369915  1750  2518 I dvm_lock_sample: [system_server,1,binder:1750_8,10,ActivityManagerService.java,6474,java.lang.String com.android.server.am.ActivityManagerService.getTagForIntentSender(android.content.IIntentSender, java.lang.String),,0,null,2]
04-12 20:43:02.376229  3854  6685 I gms_unknown: [6,0,0,0,0]
04-12 20:43:02.378564  3854  6685 I gms_unknown: [5,0,0]
04-12 20:43:02.378652  3854  6685 I gms_unknown: 119
04-12 20:43:02.380234  1750  1923 I am_proc_start: [0,7984,10212,com.google.android.projection.gearhead:car,broadcast,{com.google.android.projection.gearhead/com.google.android.apps.auto.carservice.frx.FrxReceiver},action = android.intent.action.BOOT_COMPLETED]
04-12 20:43:02.386000  1750  1922 I dvm_lock_sample: [system_server,1,ActivityManager,17,BroadcastQueueImpl.java,493,void com.android.server.am.BroadcastQueueImpl.updateRunningList(),,0,null,3]
04-12 20:43:02.400302  3854  6685 I gms_unknown: 24
04-12 20:43:02.400337  3854  6685 I gms_unknown: [CheckinTask:duration,2624]
04-12 20:43:02.412822  1750  4253 I am_proc_bound: [0,7984,com.google.android.projection.gearhead:car]
04-12 20:43:02.461821  1750  2159 I input_interaction: Interaction with: 7401100 com.transsion.launcher3/com.android.launcher3.uioverrides.QuickstepLauncher, 9a87f3a com.android.systemui.wallpapers.ImageWallpaper, [Gesture Monitor] edge-swipe, [Gesture Monitor] TranGestureMonitor, [Gesture Monitor] TranGestureMonitor, PointerEventDispatcher0, 
04-12 20:43:02.512185  1750  1922 I am_uid_running: 10229
04-12 20:43:02.521066  2733  2961 I jank_cuj_events_end_request: [10425,1775997782520874000,37292277848,37292277848]
04-12 20:43:02.526505  1750  2646 I wm_task_created: 59
04-12 20:43:02.528733  1750  2646 I wm_task_moved: [59,59,0,1,3]
04-12 20:43:02.528763  1750  2646 I wm_task_to_front: [0,59,0]
04-12 20:43:02.528990  1750  2646 I wm_create_task: [0,59,59,0]
04-12 20:43:02.528999  1750  2646 I wm_create_activity: [0,176838605,59,com.gallery20/.HomeActivity,android.intent.action.MAIN,NULL,NULL,270532608]
04-12 20:43:02.529024  1750  2646 I wm_task_moved: [59,59,0,1,3]
04-12 20:43:02.531464  1750  2646 I wm_pause_activity: [0,97595641,com.transsion.launcher3/com.android.launcher3.uioverrides.QuickstepLauncher,userLeaving=true,pauseBackTasks]
04-12 20:43:02.536637  1750  2646 I wm_add_to_stopping: [0,97595641,com.transsion.launcher3/com.android.launcher3.uioverrides.QuickstepLauncher,makeInvisible]
04-12 20:43:02.537050  1750  1923 I am_proc_start: [0,8005,10229,com.google.android.setupwizard,broadcast,{com.google.android.setupwizard/com.google.android.setupwizard.pairing.PairingBootReceiver},action = android.intent.action.BOOT_COMPLETED]
04-12 20:43:02.540673  2419  2419 I wm_on_top_resumed_lost_called: [97595641,com.android.launcher3.uioverrides.QuickstepLauncher,topStateChangedWhenResumed]
04-12 20:43:02.541624  2419  2419 I wm_on_paused_called: [97595641,com.android.launcher3.uioverrides.QuickstepLauncher,performPause,1]
04-12 20:43:02.546939  1750  1894 I snet_event_log: updateFrameRateVote [pkg = com.android.systemui title = com.android.systemui.wallpapers.ImageWallpaper refreshRate = 120.00001 modeId = 2 setting =10000 peak = 120.0 mTopApp = null]
04-12 20:43:02.557620  2419  2869 I jank_cuj_events_begin_request: [8,1775997782557396000,37328800079,37328800309,openApp_Window]
04-12 20:43:02.565555  1750  1877 I sysui_multi_action: [757,803,799,window_time_0,802,1]
04-12 20:43:02.573891  1750  2159 I input_focus: [Focus leaving 7401100 com.transsion.launcher3/com.android.launcher3.uioverrides.QuickstepLauncher,reason=NO_WINDOW]
04-12 20:43:02.582342  1750  1894 I snet_event_log: updateFrameRateVote [pkg = com.gallery20 title = Splash Screen com.gallery20 refreshRate = 120.00001 modeId = 2 setting =10000 peak = 120.0 mTopApp = null]
04-12 20:43:02.612492  2733  3046 I viewroot_draw_event: [VRI[gallery20],reportDrawFinished seqId=0]
04-12 20:43:02.619040  1750  1894 I snet_event_log: updateFrameRateVote [pkg = com.android.systemui title = DynamicBar refreshRate = 120.00001 modeId = 2 setting =10000 peak = 120.0 mTopApp = null]
04-12 20:43:02.628196  1750  2518 I dvm_lock_sample: [system_server,1,binder:1750_8,71,ActivityManagerService.java,5375,void com.android.server.am.ActivityManagerService.attachApplication(android.app.IApplicationThread, long),,0,null,14]
04-12 20:43:02.629901  1750  2518 I am_proc_bound: [0,8005,com.google.android.setupwizard]
04-12 20:43:02.635265  1750  2235 I netstats_mobile_sample: [0,0,0,0,0,0,0,0,1775997783178]
04-12 20:43:02.635415  1750  2235 I netstats_wifi_sample: [3772026,324196,3714,1857,3705169,323681,3617,1849,1775997783178]
04-12 20:43:02.638287  1750  1954 I commit_sys_config_file: [package-user-0,38]
04-12 20:43:02.645249  1750  2073 I commit_sys_config_file: [settings-1-0,11]
04-12 20:43:02.646920  1750  1893 I am_uid_running: 10151
04-12 20:43:02.704084  1750  4342 I am_proc_start: [0,8039,10151,com.gallery20,activity,{com.gallery20/com.gallery20.HomeActivity}]
04-12 20:43:02.704984  1750  4342 I am_proc_bound: [0,8039,com.gallery20]
04-12 20:43:02.707800  1750  2195 I netstats_mobile_sample: [0,0,0,0,0,0,0,0,1775997783251]
04-12 20:43:02.707931  1750  2195 I netstats_wifi_sample: [3931482,326063,3846,1876,3881291,325670,3763,1870,1775997783251]
04-12 20:43:02.709323  1750  4342 I am_uid_active: 10151
04-12 20:43:02.736000  8039  8039 I auditd  : type=1400 audit(0.0:833): avc:  denied  { read write } for  comm="re-initialized>" name="ensignal" dev="tmpfs" ino=2080 scontext=u:r:untrusted_app:s0:c151,c256,c512,c768 tcontext=u:object_r:ensignal_device:s0 tclass=chr_file permissive=0 app=com.gallery20
04-12 20:43:02.736000  8039  8039 I auditd  : type=1400 audit(0.0:834): avc:  denied  { read write } for  comm="re-initialized>" name="ensignal" dev="tmpfs" ino=2080 scontext=u:r:untrusted_app:s0:c151,c256,c512,c768 tcontext=u:object_r:ensignal_device:s0 tclass=chr_file permissive=0 app=com.gallery20
04-12 20:43:02.751662  1750  2646 I dvm_lock_sample: [system_server,1,binder:1750_C,27,ActivityManagerService.java,18355,void com.android.server.am.ActivityManagerService$LocalService.setPendingIntentAllowBgActivityStarts(android.content.IIntentSender, android.os.IBinder, int),,0,null,5]
04-12 20:43:02.781327  1750  2219 I notification_enqueue: [10232,2423,com.google.android.gms,1000,a:GMSCORE_STORE_RENDERER:0b135afdc4360000:107718207925398475592,0,Notification(channel=com.google.android.gms.notifications::SECURITY_ALERTS shortcut=null contentView=null vibrate=null sound=null tick defaults=0 flags=LOCAL_ONLY|SILENT color=0x00000000 actions=1 vis=PRIVATE publicVersion=Notification(channel=null shortcut=null contentView=null vibrate=null sound=null defaults=0 flags=0 color=0x00000000 vis=PRIVATE)),0,1]
04-12 20:43:02.820000  8039  8039 I auditd  : type=1400 audit(0.0:835): avc:  denied  { read } for  comm="com.gallery20" name="u:object_r:qemu_hw_prop:s0" dev="tmpfs" ino=396 scontext=u:r:untrusted_app:s0:c151,c256,c512,c768 tcontext=u:object_r:qemu_hw_prop:s0 tclass=file permissive=0 app=com.gallery20
04-12 20:43:02.876000  8039  8039 I auditd  : type=1400 audit(0.0:836): avc:  denied  { search } for  comm="binder:8039_1" name="/" dev="sdc87" ino=2 scontext=u:r:untrusted_app:s0:c151,c256,c512,c768 tcontext=u:object_r:tranfs_file:s0 tclass=dir permissive=0 app=com.gallery20
04-12 20:43:02.906092  1750  1860 I wm_restart_activity: [0,176838605,59,com.gallery20/.HomeActivity]
04-12 20:43:02.908814  1750  1860 I wm_set_resumed_activity: [0,com.gallery20/.HomeActivity,realStartActivityLocked - onActivityStateChanged]
04-12 20:43:02.933294  1750  4342 I dvm_lock_sample: [system_server,0,binder:1750_1C,88,BroadcastController.java,1927,void com.android.server.am.BroadcastController.finishReceiver(android.os.IBinder, int, java.lang.String, android.os.Bundle, boolean, int),,0,null,17]
04-12 20:43:02.958988  1750  1892 I commit_sys_config_file: [notification-policy,8]
04-12 20:43:02.981790  1750  2518 I dvm_lock_sample: [system_server,1,binder:1750_8,89,ActivityManagerService.java,15048,android.content.ComponentName com.android.server.am.ActivityManagerService.startService(android.app.IApplicationThread, android.content.Intent, java.lang.String, boolean, java.lang.String, java.lang.String, int, boolean, int, java.lang.String, java.lang.String),,0,null,17]
04-12 20:43:02.988966  8039  8039 I wm_on_create_called: [176838605,com.gallery20.HomeActivity,performCreate,38]
04-12 20:43:02.991551  1750  2219 I sysui_multi_action: [757,1501,758,1,793,277,794,0,795,277,796,1000,797,a:GMSCORE_STORE_RENDERER:0b135afdc4360000:107718207925398475592,806,com.google.android.gms,857,com.google.android.gms.noti-9e60d696,858,3,947,0,1500,0,1688,1,1745,2098068913]
04-12 20:43:02.991581  1750  2219 I sysui_multi_action: [757,804,799,note_interruptive,801,0,802,1]
04-12 20:43:02.997995  8039  8039 I wm_on_start_called: [176838605,com.gallery20.HomeActivity,handleStartActivity,1]
04-12 20:43:03.003088  8039  8039 I wm_on_resume_called: [176838605,com.gallery20.HomeActivity,RESUME_ACTIVITY,4]
04-12 20:43:03.008550  1750  2219 I notification_autogrouped: 0|com.google.android.gms|1000|a:GMSCORE_STORE_RENDERER:11be35c183260000:107718207925398475592|10232
04-12 20:43:03.008653  1750  2219 I notification_autogrouped: 0|com.google.android.gms|1000|a:GMSCORE_STORE_RENDERER:0b135afdc4360000:107718207925398475592|10232
04-12 20:43:03.010308  1750  2219 I notification_adjusted: [0|com.google.android.gms|1000|a:GMSCORE_STORE_RENDERER:0b135afdc4360000:107718207925398475592|10232,key_group_key,0|com.google.android.gms|g:Aggregate_AlertingSection]
04-12 20:43:03.011448  1750  2219 I sysui_multi_action: [757,199,758,1,759,2064,793,297,794,0,795,297,796,1000,797,a:GMSCORE_STORE_RENDERER:0b135afdc4360000:107718207925398475592,806,com.google.android.gms,857,com.google.android.gms.noti-9e60d696,858,3,946,0|com.google.android.gms|g:-1d40d8e2,947,0,1500,20,1688,1,1745,2098068913]
04-12 20:43:03.011532  1750  2219 I notification_alert: [0|com.google.android.gms|1000|a:GMSCORE_STORE_RENDERER:0b135afdc4360000:107718207925398475592|10232,0,0,0,2,2048]
