04-12 20:43:05.896000  8410  8410 I auditd  : type=1400 audit(0.0:947): avc:  denied  { read } for  comm=4F6E65494420576F726B6572 name="u:object_r:vendor_security_patch_level_prop:s0" dev="tmpfs" ino=888 scontext=u:r:platform_app:s0:c512,c768 tcontext=u:object_r:vendor_security_patch_level_prop:s0 tclass=file permissive=0 app=com.transsion.aivoiceassistant
04-12 20:43:05.942395  1750  1923 I am_proc_start: [0,8716,1000,com.transsion.settings.wifi,content provider,{com.transsion.settings.wifi/com.transsion.wifi.RecommendCardProvider},caller=android/1000]
04-12 20:43:05.948000  6470  6470 I auditd  : type=1400 audit(0.0:948): avc:  denied  { search } for  comm="ProcessStablePh" name="com.google.android.mosey" dev="dm-79" ino=9401 scontext=u:r:mosey_app:s0:c131,c256,c512,c768 tcontext=u:object_r:app_data_file:s0:c131,c256,c512,c768 tclass=dir permissive=0 app=com.google.android.mosey
04-12 20:43:05.948000  6470  6470 I auditd  : type=1400 audit(0.0:949): avc:  denied  { search } for  comm="ProcessStablePh" name="com.google.android.mosey" dev="dm-79" ino=9401 scontext=u:r:mosey_app:s0:c131,c256,c512,c768 tcontext=u:object_r:app_data_file:s0:c131,c256,c512,c768 tclass=dir permissive=0 app=com.google.android.mosey
04-12 20:43:05.948000  6470  6470 I auditd  : type=1400 audit(0.0:950): avc:  denied  { search } for  comm="ProcessStablePh" name="com.google.android.mosey" dev="dm-79" ino=9401 scontext=u:r:mosey_app:s0:c131,c256,c512,c768 tcontext=u:object_r:app_data_file:s0:c131,c256,c512,c768 tclass=dir permissive=0 app=com.google.android.mosey
04-12 20:43:06.022601  1750  2644 I am_proc_bound: [0,8716,com.transsion.settings.wifi]
04-12 20:43:06.023836  1750  1892 I commit_sys_config_file: [jobs,4]
04-12 20:43:06.252965  3166  8654 I jank_cuj_events_end_request: [10001,1775997786252225000,41023628694,41023628925]
04-12 20:43:06.276264  2733  2961 I jank_cuj_events_end_request: [10501,1775997786276163000,41047566771,41047566771]
04-12 20:43:06.523022  3854  7864 I gms_unknown: [5,0,0]
04-12 20:43:06.524728  3854  7864 I gms_unknown: [CheckinTask:SentRequest,41296]
04-12 20:43:06.734037  1750  2073 I commit_sys_config_file: [settings-1-0,1]
04-12 20:43:06.803924  1750  1922 I am_wtf  : [0,1750,system_server,-1,JobScheduler.JobStatus,App com.google.android.apps.wellbeing became active but still in NEVER bucket]
04-12 20:43:06.826983  2733  2961 I jank_cuj_events_end_request: [10425,1775997786826479000,41597882233,41597882233]
04-12 20:43:06.833610  3166  8654 I jank_cuj_events_begin_request: [10001,1775997786833544000,41604948310,41604948310,]
04-12 20:43:06.891868  1750  2195 I netstats_mobile_sample: [0,0,0,0,0,0,0,0,1775997787435]
04-12 20:43:06.892032  1750  2195 I netstats_wifi_sample: [12196445,542651,10600,3017,12153038,536395,10509,2973,1775997787435]
04-12 20:43:06.926799  3166  8654 I jank_cuj_events_end_request: [10001,1775997786926751000,41698155079,41698155079]
04-12 20:43:06.936325  1750  1894 I snet_event_log: updateFrameRateVote [pkg = com.android.systemui title = com.android.systemui.wallpapers.ImageWallpaper refreshRate = 120.00001 modeId = 2 setting =10000 peak = 120.0 mTopApp = com.android.settings]
04-12 20:43:07.049204  3854  7864 I gms_unknown: [CheckinTask:ReceivedResponse,41820]
04-12 20:43:07.084560  3854  7864 I gms_unknown: [6,0,0,0,0]
04-12 20:43:07.084686  3854  7864 I gms_unknown: [5,0,0]
04-12 20:43:07.084796  3854  7864 I gms_unknown: 119
04-12 20:43:07.095815  3854  7864 I gms_unknown: 24
04-12 20:43:07.095854  3854  7864 I gms_unknown: [CheckinTask:duration,729]
04-12 20:43:07.132666  2423  5699 I service_manager_stats: [200,164,41904]
04-12 20:43:07.220072  1750  2287 I sync    : [com.google.android.gms.chromesync,0,3,-1543423057]
04-12 20:43:07.243501  1750  2287 I sync    : [com.google.android.gms.chromesync,1,3,-1543423057]
04-12 20:43:07.251347  1750  4269 I pm_critical_info: setEnabledSettings callingUid = 10221 callingPid = 5633 packageName = com.android.vending componentName = null callingPackage= com.google.android.partnersetup newState = 1 userId = 0 flags = 1
04-12 20:43:07.253449  1750  4269 I pm_critical_info: setEnabledSettings callingUid = 10221 callingPid = 5633 packageName = com.google.android.apps.maps componentName = null callingPackage= com.google.android.partnersetup newState = 1 userId = 0 flags = 1
04-12 20:43:07.255161  1750  4269 I pm_critical_info: setEnabledSettings callingUid = 10221 callingPid = 5633 packageName = com.google.android.videos componentName = null callingPackage= com.google.android.partnersetup newState = 2 userId = 0 flags = 0
04-12 20:43:07.257424  1750  2902 I pm_critical_info: setEnabledSettings callingUid = 10221 callingPid = 5633 packageName = com.google.android.youtube componentName = null callingPackage= com.google.android.partnersetup newState = 1 userId = 0 flags = 1
04-12 20:43:07.303029  2733  2961 I jank_cuj_events_end_request: [10425,1775997787302573000,42073976694,42073976694]
04-12 20:43:07.317158  1750  2011 I wm_tf_created: [4121043,60]
04-12 20:43:07.318392  1750  2011 I wm_set_resumed_activity: [0,com.android.settings/.Settings,onParentChanged]
04-12 20:43:07.319147  1750  2011 I wm_tf_created: [252027913,60]
04-12 20:43:07.331691  1750  2011 I wm_task_moved: [60,60,0,1,4]
04-12 20:43:07.331727  1750  2011 I wm_create_activity: [0,111759127,60,com.google.android.gms/.app.settings.GoogleSettingsIALink,NULL,NULL,NULL,0]
04-12 20:43:07.332203  1750  2011 I wm_pause_activity: [0,233988848,com.android.settings/.Settings,userLeaving=true,pauseBackTasks]
04-12 20:43:07.337451  3166  3166 I wm_on_top_resumed_lost_called: [233988848,com.android.settings.Settings,topStateChangedWhenResumed]
04-12 20:43:07.339477  3166  3166 I wm_on_paused_called: [233988848,com.android.settings.Settings,performPause,0]
04-12 20:43:07.341553  1750  1877 I sysui_multi_action: [757,803,799,window_time_0,802,3]
04-12 20:43:07.350560  1750  1923 I am_proc_start: [0,8330,10232,com.google.android.gms.ui,next-activity,{com.google.android.gms/com.google.android.gms.app.settings.GoogleSettingsIALink}]
04-12 20:43:07.365156  1750  2011 I am_proc_bound: [0,8330,com.google.android.gms.ui]
04-12 20:43:07.364000  8330  8330 I auditd  : type=1400 audit(0.0:980): avc:  denied  { read write } for  comm="re-initialized>" name="ensignal" dev="tmpfs" ino=2080 scontext=u:r:gmscore_app:s0:c512,c768 tcontext=u:object_r:ensignal_device:s0 tclass=chr_file permissive=0 app=com.google.android.gms
04-12 20:43:07.364000  8330  8330 I auditd  : type=1400 audit(0.0:981): avc:  denied  { read write } for  comm="re-initialized>" name="ensignal" dev="tmpfs" ino=2080 scontext=u:r:gmscore_app:s0:c512,c768 tcontext=u:object_r:ensignal_device:s0 tclass=chr_file permissive=0 app=com.google.android.gms
04-12 20:43:07.368857  1750  4253 I netstats_mobile_sample: [0,0,0,0,0,0,0,0,1775997787911]
04-12 20:43:07.369028  1750  4253 I netstats_wifi_sample: [13138812,553009,11351,3123,13090213,546457,11254,3076,1775997787911]
04-12 20:43:07.368000  8330  8330 I auditd  : type=1400 audit(0.0:982): avc:  denied  { search } for  comm="binder:8330_2" name="/" dev="sdc87" ino=2 scontext=u:r:gmscore_app:s0:c512,c768 tcontext=u:object_r:tranfs_file:s0 tclass=dir permissive=0 app=com.google.android.gms
04-12 20:43:07.440453  1750  2010 I wm_restart_activity: [0,111759127,60,com.google.android.gms/.app.settings.GoogleSettingsIALink]
04-12 20:43:07.442973  1750  2010 I wm_set_resumed_activity: [0,com.google.android.gms/.app.settings.GoogleSettingsIALink,realStartActivityLocked - onActivityStateChanged]
04-12 20:43:07.446699  1750  1894 I input_focus: [Requesting to set focus to null window,reason=UpdateInputWindows]
04-12 20:43:07.453671  1750  2159 I input_focus: [Focus leaving aec157a com.android.settings/com.android.settings.Settings,reason=Waiting for window because NO_WINDOW]
04-12 20:43:07.472230  1750  2011 I wm_task_moved: [60,60,0,1,4]
04-12 20:43:07.472294  1750  2011 I wm_create_activity: [0,188799167,60,com.google.android.gms/.googlesettings.ui.GoogleSettingsActivity,NULL,NULL,NULL,0]
04-12 20:43:07.472711  1750  2011 I wm_pause_activity: [0,111759127,com.google.android.gms/.app.settings.GoogleSettingsIALink,userLeaving=true,resumeTopActivity]
04-12 20:43:07.476795  1750  2644 I wm_finish_activity: [0,111759127,60,com.google.android.gms/.app.settings.GoogleSettingsIALink,app-request]
04-12 20:43:07.487514  8330  8330 I wm_on_create_called: [111759127,com.google.android.gms.app.settings.GoogleSettingsIALink,performCreate,26]
04-12 20:43:07.489267  1750  2011 I wm_add_to_stopping: [0,111759127,com.google.android.gms/.app.settings.GoogleSettingsIALink,completeFinishing]
04-12 20:43:07.490741  1750  2011 I wm_add_to_stopping: [0,233988848,com.android.settings/.Settings,makeInvisible]
04-12 20:43:07.491505  1750  2011 I wm_restart_activity: [0,188799167,60,com.google.android.gms/.googlesettings.ui.GoogleSettingsActivity]
04-12 20:43:07.492710  1750  2011 I wm_set_resumed_activity: [0,com.google.android.gms/.googlesettings.ui.GoogleSettingsActivity,realStartActivityLocked - onActivityStateChanged]
04-12 20:43:07.500853  1750  1877 I sysui_multi_action: [757,803,799,window_time_0,802,0]
04-12 20:43:07.509848  1750  4253 I netstats_mobile_sample: [0,0,0,0,0,0,0,0,1775997788053]
04-12 20:43:07.511400  1750  4253 I netstats_wifi_sample: [13419799,554668,11576,3150,13372478,548121,11480,3103,1775997788053]
04-12 20:43:07.516976  1750  2011 I netstats_mobile_sample: [0,0,0,0,0,0,0,0,1775997788060]
04-12 20:43:07.517119  1750  2011 I netstats_wifi_sample: [13431387,554668,11586,3150,13389178,548182,11494,3104,1775997788060]
04-12 20:43:07.524678  8330  8330 I wm_on_create_called: [188799167,com.google.android.gms.googlesettings.ui.GoogleSettingsActivity,performCreate,23]
04-12 20:43:07.525300  8330  8330 I wm_on_start_called: [188799167,com.google.android.gms.googlesettings.ui.GoogleSettingsActivity,handleStartActivity,0]
04-12 20:43:07.533678  8330  8330 I wm_on_resume_called: [188799167,com.google.android.gms.googlesettings.ui.GoogleSettingsActivity,RESUME_ACTIVITY,6]
04-12 20:43:07.536000  8330  8330 I auditd  : type=1400 audit(0.0:983): avc:  denied  { read } for  comm=".android.gms.ui" name="u:object_r:system_trancare_prop:s0" dev="tmpfs" ino=554 scontext=u:r:gmscore_app:s0:c512,c768 tcontext=u:object_r:system_trancare_prop:s0 tclass=file permissive=0 app=com.google.android.gms
04-12 20:43:07.536000  8330  8330 I auditd  : type=1400 audit(0.0:984): avc:  denied  { read } for  comm=".android.gms.ui" name="u:object_r:transsion_vendor_prop:s0" dev="tmpfs" ino=588 scontext=u:r:gmscore_app:s0:c512,c768 tcontext=u:object_r:transsion_vendor_prop:s0 tclass=file permissive=0 app=com.google.android.gms
04-12 20:43:07.556026  8330  8330 I wm_on_top_resumed_gained_called: [188799167,com.google.android.gms.googlesettings.ui.GoogleSettingsActivity,topStateChangedWhenResumed]
04-12 20:43:07.577273  1750  4342 I dvm_lock_sample: [system_server,1,binder:1750_1C,5,ActivityManagerService.java,15048,android.content.ComponentName com.android.server.am.ActivityManagerService.startService(android.app.IApplicationThread, android.content.Intent, java.lang.String, boolean, java.lang.String, java.lang.String, int, boolean, int, java.lang.String, java.lang.String),,0,null,1]
04-12 20:43:07.589736  1750  1894 I input_focus: [Focus request dadd938 com.google.android.gms/com.google.android.gms.googlesettings.ui.GoogleSettingsActivity,reason=UpdateInputWindows]
04-12 20:43:07.593572  1750  1894 I snet_event_log: updateFrameRateVote [pkg = com.google.android.gms title = com.google.android.gms/com.google.android.gms.googlesettings.ui.GoogleSettingsActivity refreshRate = 120.00001 modeId = 2 setting =10000 peak = 120.0 mTopApp = com.google.android.gms]
04-12 20:43:07.601637  8330  8330 I viewroot_draw_event: [VRI[GoogleSettingsActivity],reportDrawFinished seqId=0]
04-12 20:43:07.611696  2733  2961 I jank_cuj_events_begin_request: [20100,1775997787609286000,42380689925,42380690156,]
04-12 20:43:07.614786  1750  1877 I sysui_multi_action: [319,283,322,280,325,42,757,761,758,7,759,2,806,com.google.android.gms,871,com.google.android.gms.googlesettings.ui.GoogleSettingsActivity,904,com.google.android.gms,905,0,945,41,1320,8,1321,9]
04-12 20:43:07.616515  1750  1877 I wm_activity_launch_time: [0,188799167,com.google.android.gms/.googlesettings.ui.GoogleSettingsActivity,280]
04-12 20:43:07.619979  1750  2159 I input_focus: [Focus entering dadd938 com.google.android.gms/com.google.android.gms.googlesettings.ui.GoogleSettingsActivity,reason=Window became focusable. Previous reason: NOT_VISIBLE]
04-12 20:43:07.849724  1750  2010 I am_uid_running: 10259
04-12 20:43:07.868750  1750  1923 I am_proc_start: [0,8891,10259,com.google.android.apps.photos,service,{com.google.android.apps.photos/com.google.android.apps.photos.backup.apiservice.grpc.PhotosBackupGrpcService},caller=com.google.android.gms.ui/10232]
04-12 20:43:07.885146  1750  2644 I am_proc_bound: [0,8891,com.google.android.apps.photos]
04-12 20:43:07.915453  2733  2961 I jank_cuj_events_end_request: [20100,1775997787915151000,42686555464,42686555464]
04-12 20:43:07.924466  1750  1893 I wm_destroy_activity: [0,111759127,60,com.google.android.gms/.app.settings.GoogleSettingsIALink,finish-imm:idle]
04-12 20:43:07.928947  1750  1893 I wm_stop_activity: [0,233988848,com.android.settings/.Settings]
04-12 20:43:07.929485  1750  1894 I snet_event_log: updateFrameRateVote [pkg = com.android.systemui title = com.android.systemui.wallpapers.ImageWallpaper refreshRate = 90.0 modeId = 3 setting =10000 peak = 120.0 mTopApp = com.google.android.gms]
04-12 20:43:07.930608  8330  8330 I wm_on_destroy_called: [111759127,com.google.android.gms.app.settings.GoogleSettingsIALink,performDestroy,0]
04-12 20:43:07.938612  3166  3166 I viewroot_draw_event: [VRI[Settings],Not drawing due to not visible. Reason=!mAppVisible && !mForceDecorViewVisibility]
04-12 20:43:07.941727  3166  3166 I wm_on_stop_called: [233988848,com.android.settings.Settings,STOP_ACTIVITY_ITEM,1]
04-12 20:43:08.044075  1750  2011 I am_uid_active: 10259
04-12 20:43:08.525996  1750  2159 I input_interaction: Interaction with: dadd938 com.google.android.gms/com.google.android.gms.googlesettings.ui.GoogleSettingsActivity, [Gesture Monitor] edge-swipe, [Gesture Monitor] TranGestureMonitor, [Gesture Monitor] TranGestureMonitor, PointerEventDispatcher0, 
04-12 20:43:08.544000  6709  6709 I auditd  : type=1400 audit(0.0:994): avc:  denied  { getopt } for  comm="FinalizerDaemon" path="/dev/socket/usap_pool_primary" scontext=u:r:priv_app:s0:c512,c768 tcontext=u:r:zygote:s0 tclass=unix_stream_socket permissive=0 app=com.scorpio.securitycom
04-12 20:43:08.590072  2733  2961 I jank_cuj_events_end_request: [10425,1775997788589944000,43361348310,43361348310]
04-12 20:43:08.814564  1750  1960 I installer_clear_app_data_caller: [1750,1000,com.transsion.carlcare,39]
04-12 20:43:08.814592  1750  1960 I installer_clear_app_data_call_stack: [clearAppData,com.android.server.pm.Installer,Installer.java,432]
04-12 20:43:08.814595  1750  1960 I installer_clear_app_data_call_stack: [clearAppDataLeafLIF,com.android.server.pm.AppDataHelper,AppDataHelper.java,581]
04-12 20:43:08.814597  1750  1960 I installer_clear_app_data_call_stack: [clearAppDataLIF,com.android.server.pm.AppDataHelper,AppDataHelper.java,565]
04-12 20:43:08.814600  1750  1960 I installer_clear_app_data_call_stack: [prepPerformDexoptIfNeeded,com.android.server.pm.InstallPackageHelper,InstallPackageHelper.java,1284]
04-12 20:43:08.814605  1750  1960 I installer_clear_app_data_call_stack: [installPackagesTraced,com.android.server.pm.InstallPackageHelper,InstallPackageHelper.java,1110]
04-12 20:43:08.814608  1750  1960 I installer_clear_app_data_call_stack: [installPackagesTraced,com.android.server.pm.PackageManagerService,PackageManagerService.java,9300]
04-12 20:43:08.814610  1750  1960 I installer_clear_app_data_call_stack: [processApkInstallRequests,com.android.server.pm.InstallingSession,InstallingSession.java,564]
04-12 20:43:08.814612  1750  1960 I installer_clear_app_data_call_stack: [processInstallRequests,com.android.server.pm.InstallingSession,InstallingSession.java,550]
04-12 20:43:08.814614  1750  1960 I installer_clear_app_data_call_stack: [lambda$processPendingInstall$0,com.android.server.pm.InstallingSession,InstallingSession.java,311]
04-12 20:43:08.814617  1750  1960 I installer_clear_app_data_call_stack: [$r8$lambda$3YxEVU-qWs8li-YcaWhP_DprQyQ,com.android.server.pm.InstallingSession,InstallingSession.java,0]
04-12 20:43:08.814620  1750  1960 I installer_clear_app_data_call_stack: [run,com.android.server.pm.InstallingSession$$ExternalSyntheticLambda3,R8$$SyntheticClass,0]
04-12 20:43:08.814622  1750  1960 I installer_clear_app_data_call_stack: [handleCallback,android.os.Handler,Handler.java,995]
04-12 20:43:08.814624  1750  1960 I installer_clear_app_data_call_stack: [dispatchMessage,android.os.Handler,Handler.java,103]
04-12 20:43:08.814626  1750  1960 I installer_clear_app_data_call_stack: [loopOnce,android.os.Looper,Looper.java,327]
04-12 20:43:08.814628  1750  1960 I installer_clear_app_data_call_stack: [loop,android.os.Looper,Looper.java,431]
04-12 20:43:08.814630  1750  1960 I installer_clear_app_data_call_stack: [run,android.os.HandlerThread,HandlerThread.java,85]
04-12 20:43:08.814631  1750  1960 I installer_clear_app_data_call_stack: [run,com.android.server.ServiceThread,ServiceThread.java,49]
04-12 20:43:08.968038  1750  2195 I netstats_mobile_sample: [0,0,0,0,0,0,0,0,1775997789511]
04-12 20:43:08.968168  1750  2195 I netstats_wifi_sample: [14721876,583409,12649,3351,14680865,574669,12556,3301,1775997789511]
04-12 20:43:09.032000  9013  9013 I auditd  : type=1400 audit(0.0:995): avc:  denied  { write } for  comm="art_exec" name="property_service" dev="tmpfs" ino=948 scontext=u:r:artd:s0 tcontext=u:object_r:property_socket:s0 tclass=sock_file permissive=0
04-12 20:43:09.161887  2423  3554 I c2dm    : [19,com.google.android.apps.photos:261233035,0,0]
04-12 20:43:09.168951  2733  2961 I jank_cuj_events_end_request: [10425,1775997789168842000,43940245541,43940245541]
04-12 20:43:09.184385  1750  1892 I commit_sys_config_file: [jobs,0]
04-12 20:43:09.185057  1750  1892 I commit_sys_config_file: [jobs,1]
04-12 20:43:09.516000  2426  2426 I auditd  : type=1400 audit(0.0:996): avc:  denied  { getopt } for  comm="FinalizerDaemon" path="/dev/socket/usap_pool_primary" scontext=u:r:system_app:s0 tcontext=u:r:zygote:s0 tclass=unix_stream_socket permissive=0
04-12 20:43:09.778833  1750  1960 I commit_sys_config_file: [package,14]
04-12 20:43:09.779176  1750  1922 I dvm_lock_sample: [system_server,1,ActivityManager,31,PackageManagerService.java,1357,com.android.server.pm.Computer com.android.server.pm.PackageManagerService.snapshotComputer(boolean),RemovePackageHelper.java,179,void com.android.server.pm.RemovePackageHelper.removePackageLI(java.lang.String, boolean),6]
04-12 20:43:09.783142  1750  1954 I commit_sys_config_file: [package-user-0,4]
04-12 20:43:09.784294  1750  1960 I unknown_sources_enabled: 1
04-12 20:43:09.789499  4580  4580 I force_gc: bg
04-12 20:43:09.792186  2733  2961 I jank_cuj_events_end_request: [10425,1775997789791983000,44563386233,44563386464]
04-12 20:43:09.828000  7164  7164 I auditd  : type=1400 audit(0.0:997): avc:  denied  { getopt } for  comm="FinalizerDaemon" path="/dev/socket/usap_pool_primary" scontext=u:r:priv_app:s0:c512,c768 tcontext=u:r:zygote:s0 tclass=unix_stream_socket permissive=0 app=com.google.android.projection.gearhead
04-12 20:43:09.854811  1750  2219 I notification_cancel_all: [1000,1750,com.transsion.carlcare,0,0,0,5,NULL]
04-12 20:43:09.893737  1750  2219 I notification_cancel_all: [1000,1750,com.transsion.carlcare,0,0,0,5,NULL]
04-12 20:43:09.896000  1750  1750 I auditd  : type=1400 audit(0.0:998): avc:  denied  { read } for  comm="pool-107-thread" name="u:object_r:build_bootimage_prop:s0" dev="tmpfs" ino=184 scontext=u:r:system_server:s0 tcontext=u:object_r:build_bootimage_prop:s0 tclass=file permissive=0
04-12 20:43:09.942210  2423  5616 I c2dm    : [-19,SUCCESSFUL,0,0]
04-12 20:43:09.961797  1750  4349 I dvm_lock_sample: [system_server,1,binder:1750_1F,39,ActivityManagerService.java,15128,boolean com.android.server.am.ActivityManagerService.stopServiceToken(android.content.ComponentName, android.os.IBinder, int),,0,null,7]
04-12 20:43:10.023879  1750  1911 I dvm_lock_sample: [system_server,1,android.bg,46,ResourcesManager.java,1225,android.content.res.Resources android.app.ResourcesManager.createResources(android.content.res.ResourcesKey, java.lang.ClassLoader, android.app.ResourcesManager$ApkAssetsSupplier),-,2114,void android.app.ResourcesManager.registerAllResourcesReference(android.content.res.Resources),9]
04-12 20:43:10.090768  2733  2961 I jank_cuj_events_end_request: [10425,1775997790086519000,44857922464,44857922464]
04-12 20:43:10.100798  1750  2646 I wm_task_moved: [60,60,0,1,4]
04-12 20:43:10.100916  1750  2646 I wm_create_activity: [0,195402393,60,com.android.vending/com.google.android.finsky.systemservicesactivity.SystemServicesActivity,android.settings.SYSTEM_SERVICES_MANAGEMENT,NULL,NULL,0]
04-12 20:43:10.101602  1750  2646 I wm_pause_activity: [0,188799167,com.google.android.gms/.googlesettings.ui.GoogleSettingsActivity,userLeaving=true,resumeTopActivity]
04-12 20:43:10.109167  8330  8330 I wm_on_top_resumed_lost_called: [188799167,com.google.android.gms.googlesettings.ui.GoogleSettingsActivity,topStateChangedWhenResumed]
04-12 20:43:10.110967  8330  8330 I wm_on_paused_called: [188799167,com.google.android.gms.googlesettings.ui.GoogleSettingsActivity,performPause,1]
04-12 20:43:10.113295  1750  3320 I wm_add_to_stopping: [0,188799167,com.google.android.gms/.googlesettings.ui.GoogleSettingsActivity,makeInvisible]
04-12 20:43:10.113959  1750  3320 I wm_restart_activity: [0,195402393,60,com.android.vending/com.google.android.finsky.systemservicesactivity.SystemServicesActivity]
04-12 20:43:10.116140  1750  3320 I wm_set_resumed_activity: [0,com.android.vending/com.google.android.finsky.systemservicesactivity.SystemServicesActivity,realStartActivityLocked - onActivityStateChanged]
04-12 20:43:10.152898  5033  5508 I dvm_lock_sample: [com.android.vending,0,bgExecutor #3,87,PG,1,void ove.e(java.lang.Object),-,42,void ovn.k(java.lang.Object),17]
04-12 20:43:10.154276  1750  1894 I input_focus: [Requesting to set focus to null window,reason=UpdateInputWindows]
04-12 20:43:10.162574  1750  4268 I dvm_lock_sample: [system_server,0,binder:1750_16,70,ActivityManagerService.java,15340,void com.android.server.am.ActivityManagerService.serviceDoneExecuting(android.os.IBinder, int, int, int, android.content.Intent),,0,null,14]
04-12 20:43:10.165015  1750  1877 I sysui_multi_action: [757,803,799,window_time_0,802,2]
04-12 20:43:10.165328  1750  2159 I input_focus: [Focus leaving dadd938 com.google.android.gms/com.google.android.gms.googlesettings.ui.GoogleSettingsActivity,reason=NO_WINDOW]
04-12 20:43:10.177059  1750  4342 I dvm_lock_sample: [system_server,0,binder:1750_1C,11,ActivityManagerService.java,15340,void com.android.server.am.ActivityManagerService.serviceDoneExecuting(android.os.IBinder, int, int, int, android.content.Intent),,0,null,2]
04-12 20:43:10.179798  5033  5033 I wm_on_create_called: [195402393,com.google.android.finsky.systemservicesactivity.SystemServicesActivity,performCreate,20]
04-12 20:43:10.181104  5033  5033 I wm_on_start_called: [195402393,com.google.android.finsky.systemservicesactivity.SystemServicesActivity,handleStartActivity,1]
04-12 20:43:10.181739  5033  5033 I wm_on_resume_called: [195402393,com.google.android.finsky.systemservicesactivity.SystemServicesActivity,RESUME_ACTIVITY,1]
04-12 20:43:10.194193  1750  1894 I input_focus: [Focus request bd59b81 com.android.vending/com.google.android.finsky.systemservicesactivity.SystemServicesActivity,reason=UpdateInputWindows]
04-12 20:43:10.197344  1750  1894 I snet_event_log: updateFrameRateVote [pkg = com.android.vending title = com.android.vending/com.google.android.finsky.systemservicesactivity.SystemServicesActivity refreshRate = 120.00001 modeId = 2 setting =10000 peak = 120.0 mTopApp = com.android.vending]
04-12 20:43:10.198662  5033  5033 I viewroot_draw_event: [VRI[SystemServicesActivity],reportDrawFinished seqId=0]
04-12 20:43:10.199100  5033  5033 I wm_on_top_resumed_gained_called: [195402393,com.google.android.finsky.systemservicesactivity.SystemServicesActivity,topStateChangedWhenResumed]
04-12 20:43:10.206008  2733  2961 I jank_cuj_events_begin_request: [20100,1775997790204700000,44976103694,44976103771,]
04-12 20:43:10.215858  1750  1877 I sysui_multi_action: [319,113,322,110,325,44,757,761,758,8,759,2,806,com.android.vending,871,com.google.android.finsky.systemservicesactivity.SystemServicesActivity,904,com.google.android.gms,905,0,1320,8,1321,9]
04-12 20:43:10.217671  1750  1877 I wm_activity_launch_time: [0,195402393,com.android.vending/com.google.android.finsky.systemservicesactivity.SystemServicesActivity,110]
04-12 20:43:10.221717  1750  2159 I input_focus: [Focus entering bd59b81 com.android.vending/com.google.android.finsky.systemservicesactivity.SystemServicesActivity,reason=Window became focusable. Previous reason: NOT_VISIBLE]
04-12 20:43:10.230153  3854  3854 I dvm_lock_sample: [com.google.android.gms,1,main,107,:com.google.android.gms@261233035@26.12.33 (260400-892550550),64,void cgdh.f(cgdj, long),-,37,void cgdh.d(),21]
04-12 20:43:10.246856  1750  1894 I snet_event_log: updateFrameRateVote [pkg = com.android.systemui title = com.android.systemui.wallpapers.ImageWallpaper refreshRate = 120.00001 modeId = 2 setting =10000 peak = 120.0 mTopApp = com.android.vending]
04-12 20:43:10.258121  1750  2219 I notification_enqueue: [10152,7412,com.debug.loggerui,365001,NULL,0,Notification(channel=com.debug.loggerui.notification shortcut=null contentView=null vibrate=null sound=null defaults=0 flags=ONLY_ALERT_ONCE|FOREGROUND_SERVICE color=0x00000000 vis=PRIVATE),0,1]
04-12 20:43:10.288505  1750  3320 I dvm_lock_sample: [system_server,1,binder:1750_12,111,JobServiceContext.java,1248,void com.android.server.job.JobServiceContext.doCallback(com.android.server.job.JobServiceContext$JobCallback, boolean, java.lang.String),JobSchedulerService.java,5689,boolean com.android.server.job.JobSchedulerService.isBatteryCharging(),22]
04-12 20:43:10.432155  1750  2644 I netstats_mobile_sample: [0,0,0,0,0,0,0,0,1775997790975]
04-12 20:43:10.432420  1750  2644 I netstats_wifi_sample: [14799900,629262,12833,3543,14754222,619892,12722,3492,1775997790975]
04-12 20:43:10.452999  1750  4278 I dvm_lock_sample: [system_server,1,binder:1750_1A,18,ContentProviderHelper.java,207,android.app.ContentProviderHolder com.android.server.am.ContentProviderHelper.getContentProviderImpl(android.app.IApplicationThread, java.lang.String, android.os.IBinder, int, java.lang.String, java.lang.String, boolean, int),,0,null,3]
04-12 20:43:10.474677  1750  2059 I dvm_lock_sample: [system_server,1,appscheduling.default,68,JobSchedulerService.java,3501,void com.android.server.job.JobSchedulerService$JobHandler.handleMessage(android.os.Message),QuotaController.java,2247,void com.android.server.job.controllers.QuotaController$Timer.stopTrackingJob(com.android.server.job.controllers.JobStatus),13]
04-12 20:43:10.476093  1750  2219 I sysui_multi_action: [757,1501,758,1,793,311,794,0,795,311,796,365001,806,com.debug.loggerui,857,com.debug.loggerui.notification,858,4,947,0,1500,0,1688,1,1745,2098068913]
04-12 20:43:10.476127  1750  2219 I sysui_multi_action: [757,804,799,note_interruptive,801,0,802,1]
04-12 20:43:10.488000  1750  1750 I auditd  : type=1400 audit(0.0:1000): avc:  denied  { read } for  comm="pool-107-thread" name="u:object_r:build_bootimage_prop:s0" dev="tmpfs" ino=184 scontext=u:r:system_server:s0 tcontext=u:object_r:build_bootimage_prop:s0 tclass=file permissive=0
04-12 20:43:10.518902  2733  2961 I jank_cuj_events_end_request: [20100,1775997790518561000,45289965233,45289965310]
04-12 20:43:10.531894  1750  1894 I snet_event_log: updateFrameRateVote [pkg = com.android.systemui title = com.android.systemui.wallpapers.ImageWallpaper refreshRate = 90.0 modeId = 3 setting =10000 peak = 120.0 mTopApp = com.android.vending]
04-12 20:43:10.563695  1750  1893 I wm_stop_activity: [0,188799167,com.google.android.gms/.googlesettings.ui.GoogleSettingsActivity]
04-12 20:43:10.567821  8330  8330 I viewroot_draw_event: [VRI[GoogleSettingsActivity],Not drawing due to not visible. Reason=!mAppVisible && !mForceDecorViewVisibility]
04-12 20:43:10.576637  8330  8330 I wm_on_stop_called: [188799167,com.google.android.gms.googlesettings.ui.GoogleSettingsActivity,STOP_ACTIVITY_ITEM,0]
04-12 20:43:10.577607  1750  2219 I sysui_multi_action: [757,199,758,1,759,32784,793,412,794,0,795,412,796,365001,806,com.debug.loggerui,857,com.debug.loggerui.notification,858,4,947,0,1500,101,1688,1,1745,2098068913]
04-12 20:43:10.577642  1750  2219 I notification_alert: [0|com.debug.loggerui|365001|null|10152,0,0,0,2,32768]
04-12 20:43:10.672723  1750  2524 I service_manager_stats: [100,3,16204]
04-12 20:43:10.676000  8330  8330 I auditd  : type=1400 audit(0.0:1001): avc:  denied  { getopt } for  comm="FinalizerDaemon" path="/dev/socket/usap_pool_primary" scontext=u:r:gmscore_app:s0:c512,c768 tcontext=u:r:zygote:s0 tclass=unix_stream_socket permissive=0 app=com.google.android.gms
04-12 20:43:10.716000  8891  8891 I auditd  : type=1400 audit(0.0:1002): avc:  denied  { read } for  comm="binder:8891_5" name="u:object_r:userdebug_or_eng_prop:s0" dev="tmpfs" ino=600 scontext=u:r:untrusted_app:s0:c3,c257,c512,c768 tcontext=u:object_r:userdebug_or_eng_prop:s0 tclass=file permissive=0 app=com.google.android.apps.photos
04-12 20:43:10.724000  8891  8891 I auditd  : type=1400 audit(0.0:1003): avc:  denied  { read } for  comm="binder:8891_5" name="u:object_r:userdebug_or_eng_prop:s0" dev="tmpfs" ino=600 scontext=u:r:untrusted_app:s0:c3,c257,c512,c768 tcontext=u:object_r:userdebug_or_eng_prop:s0 tclass=file permissive=0 app=com.google.android.apps.photos
04-12 20:43:10.920583  1750  2073 I commit_sys_config_file: [settings-0-0,3]
04-12 20:43:11.616000  7502  7502 I auditd  : type=1400 audit(0.0:1005): avc:  denied  { getopt } for  comm="FinalizerDaemon" path="/dev/socket/usap_pool_primary" scontext=u:r:platform_app:s0:c512,c768 tcontext=u:r:zygote:s0 tclass=unix_stream_socket permissive=0 app=com.android.devicediagnostics
04-12 20:43:11.628000  7541  7541 I auditd  : type=1400 audit(0.0:1006): avc:  denied  { getopt } for  comm="FinalizerDaemon" path="/dev/socket/usap_pool_primary" scontext=u:r:platform_app:s0:c512,c768 tcontext=u:r:zygote:s0 tclass=unix_stream_socket permissive=0 app=com.android.managedprovisioning
04-12 20:43:11.628000  7412  7412 I auditd  : type=1400 audit(0.0:1007): avc:  denied  { getopt } for  comm="FinalizerDaemon" path="/dev/socket/usap_pool_primary" scontext=u:r:platform_app:s0:c512,c768 tcontext=u:r:zygote:s0 tclass=unix_stream_socket permissive=0 app=com.debug.loggerui
04-12 20:43:11.660000  6764  6764 I auditd  : type=1400 audit(0.0:1008): avc:  denied  { getopt } for  comm="FinalizerDaemon" path="/dev/socket/usap_pool_primary" scontext=u:r:platform_app:s0:c512,c768 tcontext=u:r:zygote:s0 tclass=unix_stream_socket permissive=0 app=com.transsion.dualapp
04-12 20:43:11.680000  6669  6669 I auditd  : type=1400 audit(0.0:1009): avc:  denied  { getopt } for  comm="FinalizerDaemon" path="/dev/socket/usap_pool_primary" scontext=u:r:priv_app:s0:c512,c768 tcontext=u:r:zygote:s0 tclass=unix_stream_socket permissive=0 app=com.google.android.onetimeinitializer
04-12 20:43:11.799204  1750  2159 I input_interaction: Interaction with: bd59b81 com.android.vending/com.google.android.finsky.systemservicesactivity.SystemServicesActivity, [Gesture Monitor] edge-swipe, [Gesture Monitor] TranGestureMonitor, [Gesture Monitor] TranGestureMonitor, PointerEventDispatcher0, 
04-12 20:43:12.369643  1750  1892 I commit_sys_config_file: [jobs,2]
04-12 20:43:12.744891  1750  2195 I netstats_mobile_sample: [0,0,0,0,0,0,0,0,1775997793288]
04-12 20:43:12.745076  1750  2195 I netstats_wifi_sample: [18720960,709560,15994,4219,18665006,699376,15874,4165,1775997793288]
04-12 20:43:12.758634  2733  2961 I jank_cuj_events_end_request: [10425,1775997792758398000,47529801925,47529801925]
04-12 20:43:12.768896  1750  1960 I commit_sys_config_file: [package,26]
04-12 20:43:12.775038  1750  1954 I commit_sys_config_file: [package-user-0,6]
04-12 20:43:12.909620  1750  1922 I am_wtf  : [0,1750,system_server,-1,JobScheduler.JobStatus,Hasn't been prepared: JobStatus{8230469 #u0a259/1043 com.google.android.apps.photos/com.google.android.libraries.social.async.BackgroundTaskJobService u=0 s=10259 TIME=none:-4s124ms READY}]
04-12 20:43:13.633179  1750  4278 I am_uid_idle: 10163
04-12 20:43:14.280858  1750  2219 I notification_enqueue: [10229,8005,com.google.android.setupwizard,9,NULL,0,Notification(channel=suw_consolidate_foreground_notification shortcut=null contentView=null vibrate=null sound=null defaults=0 flags=ONGOING_EVENT|ONLY_ALERT_ONCE|FOREGROUND_SERVICE|CAN_COLORIZE|SILENT color=0xff506352 vis=PUBLIC),0,1]
04-12 20:43:14.375895  2733  2961 I jank_cuj_events_end_request: [10425,1775997794374617000,49146021233,49146021310]
04-12 20:43:14.483904  1750  2219 I sysui_multi_action: [757,1501,758,1,793,210,794,0,795,210,796,9,806,com.google.android.setupwizard,857,suw_consolidate_foreground_-e437bac7,858,3,947,0,1500,0,1688,1,1745,2098068913]
04-12 20:43:14.483999  1750  2219 I sysui_multi_action: [757,804,799,note_interruptive,801,0,802,1]
04-12 20:43:14.484592  1750  2219 I sysui_multi_action: [757,199,758,1,759,32,793,211,794,0,795,211,796,9,806,com.google.android.setupwizard,857,suw_consolidate_foreground_-e437bac7,858,3,947,0,1500,1,1688,1,1745,2098068913]
04-12 20:43:14.484712  1750  2219 I notification_alert: [0|com.google.android.setupwizard|9|null|10229,0,0,0,0,32]
04-12 20:43:14.762949  1750  2073 I commit_sys_config_file: [settings-1-0,2]
04-12 20:43:14.792108  1750  2073 I commit_sys_config_file: [settings-0-0,2]
04-12 20:43:14.814697  1750  2195 I netstats_mobile_sample: [0,0,0,0,0,0,0,0,1775997795358]
04-12 20:43:14.814920  1750  2195 I netstats_wifi_sample: [22792871,732168,19206,4569,22745655,722106,19089,4517,1775997795358]
04-12 20:43:14.908161  1750  1892 I commit_sys_config_file: [jobs,7]
04-12 20:43:15.112000  1750  1750 I auditd  : type=1400 audit(0.0:1015): avc:  denied  { read } for  comm="PerfCoreThread" name="u:object_r:vendor_mtk_powerhal_prop:s0" dev="tmpfs" ino=799 scontext=u:r:system_server:s0 tcontext=u:object_r:vendor_mtk_powerhal_prop:s0 tclass=file permissive=0
04-12 20:43:15.798748  2733  2961 I jank_cuj_events_end_request: [10425,1775997795798268000,50569672695,50569672926]
04-12 20:43:15.866916  1750  2524 I am_uid_idle: 10241
04-12 20:43:16.136000  6005  6005 I auditd  : type=1400 audit(0.0:1016): avc:  denied  { read } for  comm="earchbox:search" name="u:object_r:system_trancare_prop:s0" dev="tmpfs" ino=554 scontext=u:r:priv_app:s0:c512,c768 tcontext=u:object_r:system_trancare_prop:s0 tclass=file permissive=0 app=com.google.android.googlequicksearchbox
04-12 20:43:16.136000  6005  6005 I auditd  : type=1400 audit(0.0:1017): avc:  denied  { read } for  comm="earchbox:search" name="u:object_r:vendor_irtx_prop:s0" dev="tmpfs" ino=614 scontext=u:r:priv_app:s0:c512,c768 tcontext=u:object_r:vendor_irtx_prop:s0 tclass=file permissive=0 app=com.google.android.googlequicksearchbox
04-12 20:43:16.136000  6005  6005 I auditd  : type=1400 audit(0.0:1018): avc:  denied  { read } for  comm="earchbox:search" name="u:object_r:qemu_hw_prop:s0" dev="tmpfs" ino=396 scontext=u:r:priv_app:s0:c512,c768 tcontext=u:object_r:qemu_hw_prop:s0 tclass=file permissive=0 app=com.google.android.googlequicksearchbox
04-12 20:43:16.140000  6005  6005 I auditd  : type=1400 audit(0.0:1019): avc:  denied  { read } for  comm="earchbox:search" name="u:object_r:system_trancare_prop:s0" dev="tmpfs" ino=554 scontext=u:r:priv_app:s0:c512,c768 tcontext=u:object_r:system_trancare_prop:s0 tclass=file permissive=0 app=com.google.android.googlequicksearchbox
04-12 20:43:16.144000  5779  5779 I auditd  : type=1400 audit(0.0:1020): avc:  denied  { read } for  comm="chbox:googleapp" name="u:object_r:system_trancare_prop:s0" dev="tmpfs" ino=554 scontext=u:r:priv_app:s0:c512,c768 tcontext=u:object_r:system_trancare_prop:s0 tclass=file permissive=0 app=com.google.android.googlequicksearchbox
04-12 20:43:16.144000  5779  5779 I auditd  : type=1400 audit(0.0:1021): avc:  denied  { read } for  comm="chbox:googleapp" name="u:object_r:vendor_irtx_prop:s0" dev="tmpfs" ino=614 scontext=u:r:priv_app:s0:c512,c768 tcontext=u:object_r:vendor_irtx_prop:s0 tclass=file permissive=0 app=com.google.android.googlequicksearchbox
04-12 20:43:16.144000  5779  5779 I auditd  : type=1400 audit(0.0:1022): avc:  denied  { read } for  comm="chbox:googleapp" name="u:object_r:qemu_hw_prop:s0" dev="tmpfs" ino=396 scontext=u:r:priv_app:s0:c512,c768 tcontext=u:object_r:qemu_hw_prop:s0 tclass=file permissive=0 app=com.google.android.googlequicksearchbox
04-12 20:43:16.148000  5779  5779 I auditd  : type=1400 audit(0.0:1023): avc:  denied  { read } for  comm="chbox:googleapp" name="u:object_r:system_trancare_prop:s0" dev="tmpfs" ino=554 scontext=u:r:priv_app:s0:c512,c768 tcontext=u:object_r:system_trancare_prop:s0 tclass=file permissive=0 app=com.google.android.googlequicksearchbox
04-12 20:43:16.568741  1750  2159 I input_interaction: Interaction with: bd59b81 com.android.vending/com.google.android.finsky.systemservicesactivity.SystemServicesActivity, [Gesture Monitor] swipe-up, [Gesture Monitor] edge-swipe, [Gesture Monitor] TranGestureMonitor, [Gesture Monitor] TranGestureMonitor, PointerEventDispatcher0, 
04-12 20:43:16.578600  1750  2644 I wm_task_moved: [1,1,0,1,4]
04-12 20:43:16.578647  1750  2644 I wm_task_to_front: [0,2,0]
04-12 20:43:16.579072  1750  2644 I wm_task_moved: [2,1,0,1,2147483647]
04-12 20:43:16.579157  1750  2644 I wm_focused_root_task: [0,0,1,-1,startExistingRecents]
04-12 20:43:16.580471  1750  2644 I wm_set_resumed_activity: [0,com.transsion.launcher3/com.android.launcher3.uioverrides.QuickstepLauncher,resumeTopActivity - onActivityStateChanged]
04-12 20:43:16.582632  1750  2644 I wm_resume_activity: [0,97595641,2,com.transsion.launcher3/com.android.launcher3.uioverrides.QuickstepLauncher]
04-12 20:43:16.586331  5033  5033 I wm_on_top_resumed_lost_called: [195402393,com.google.android.finsky.systemservicesactivity.SystemServicesActivity,topStateChangedWhenResumed]
04-12 20:43:16.590546  2733  2961 I jank_cuj_events_cancel_request: [0,1775997796589069000,51360473310,51360473310]
04-12 20:43:16.590635  2733  2961 I jank_cuj_events_cancel_request: [5,1775997796589101000,51360504310,51360504387]
04-12 20:43:16.592479  1750  2901 I dvm_lock_sample: [system_server,1,binder:1750_E,7,ActivityTaskManagerService.java,8718,boolean com.android.server.wm.ActivityTaskManagerService.activityInMultiWindow(java.lang.String),,0,null,1]
04-12 20:43:16.596522  1750  1894 I snet_event_log: updateFrameRateVote [pkg = com.android.systemui title = com.android.systemui.wallpapers.ImageWallpaper refreshRate = 120.00001 modeId = 2 setting =10000 peak = 120.0 mTopApp = com.transsion.launcher3]
04-12 20:43:16.596775  1750  1894 I wm_wallpaper_surface: [0,1,Window{7401100 u0 com.transsion.launcher3/com.android.launcher3.uioverrides.QuickstepLauncher}]
04-12 20:43:16.599781  4915  4915 I viewroot_draw_event: [VRI[ZeroScreen],Start draw after previous draw not visible]
04-12 20:43:16.604380  4915  4915 I viewroot_draw_event: [VRI[ZeroScreen],reportDrawFinished seqId=0]
04-12 20:43:16.606573  2419  2419 I wm_on_restart_called: [97595641,com.android.launcher3.uioverrides.QuickstepLauncher,performRestart,0]
04-12 20:43:16.609989  1750  1877 I sysui_multi_action: [319,25,322,0,325,51,757,761,758,9,759,5,806,com.transsion.launcher3,871,com.android.launcher3.uioverrides.QuickstepLauncher,905,0,1320,4,1321,23]
04-12 20:43:16.612460  2419  2419 I wm_on_start_called: [97595641,com.android.launcher3.uioverrides.QuickstepLauncher,handleStartActivity,5]
04-12 20:43:16.615226  2419  2419 I wm_on_resume_called: [97595641,com.android.launcher3.uioverrides.QuickstepLauncher,RESUME_ACTIVITY,1]
04-12 20:43:16.617380  1750  2644 I input_cancel: [bd59b81 com.android.vending/com.google.android.finsky.systemservicesactivity.SystemServicesActivity,reason=input channel stole pointer stream]
04-12 20:43:16.617423  1750  2644 I input_cancel: [[Gesture Monitor] edge-swipe,reason=input channel stole pointer stream]
04-12 20:43:16.617474  1750  2644 I input_cancel: [[Gesture Monitor] TranGestureMonitor,reason=input channel stole pointer stream]
04-12 20:43:16.617513  1750  2644 I input_cancel: [[Gesture Monitor] TranGestureMonitor,reason=input channel stole pointer stream]
04-12 20:43:16.617599  1750  2159 I input_interaction: Interaction with: [Gesture Monitor] swipe-up, PointerEventDispatcher0, 
04-12 20:43:16.618045  5033  5033 I view_enqueue_input_event: [Motion - Cancel,com.android.vending/com.google.android.finsky.systemservicesactivity.SystemServicesActivity]
04-12 20:43:16.617983  2733  2961 I jank_cuj_events_end_request: [10425,1775997796617921000,51389325310,51389325541]
04-12 20:43:16.619850  1750  4253 I netstats_mobile_sample: [0,0,0,0,0,0,0,0,1775997797163]
04-12 20:43:16.620046  1750  4253 I netstats_wifi_sample: [26297214,775777,22005,4921,26240996,765715,21880,4869,1775997797163]
04-12 20:43:16.629055  2419  2419 I viewroot_draw_event: [VRI[QuickstepLauncher],Start draw after previous draw not visible]
04-12 20:43:16.632937  2419  2419 I viewroot_draw_event: [VRI[QuickstepLauncher],reportDrawFinished seqId=0]
04-12 20:43:16.638734  2419  2419 I wm_on_top_resumed_gained_called: [97595641,com.android.launcher3.uioverrides.QuickstepLauncher,topStateChangedWhenResumed]
04-12 20:43:16.642493  1750  2524 I wm_pause_activity: [0,195402393,com.android.vending/com.google.android.finsky.systemservicesactivity.SystemServicesActivity,userLeaving=true,pauseTaskTopActivity]
04-12 20:43:16.644713  1750  1877 I sysui_multi_action: [757,803,799,window_time_0,802,7]
04-12 20:43:16.644941  5033  5033 I wm_on_paused_called: [195402393,com.google.android.finsky.systemservicesactivity.SystemServicesActivity,performPause,2]
04-12 20:43:16.688093  1750  4278 I wm_set_resumed_activity: [0,com.transsion.launcher3/com.android.launcher3.uioverrides.QuickstepLauncher,setFocusedTask-alreadyTop]
04-12 20:43:16.688243  1750  1894 I input_focus: [Focus request recents_animation_input_consumer,reason=UpdateInputWindows]
04-12 20:43:16.705458  1750  2159 I input_focus: [Focus leaving bd59b81 com.android.vending/com.google.android.finsky.systemservicesactivity.SystemServicesActivity,reason=setFocusedWindow]
04-12 20:43:16.705517  1750  2159 I input_focus: [Focus entering recents_animation_input_consumer,reason=setFocusedWindow]
04-12 20:43:16.709633  2419  2869 I jank_cuj_events_begin_request: [10122,1775997796709485000,51480889233,51480889233,animator:App To Home]
04-12 20:43:16.709659  2419  2869 I jank_cuj_events_begin_request: [9,1775997796709520000,51480924003,51480924003,closeApp_Window]
04-12 20:43:16.772911  1750  2073 I commit_sys_config_file: [settings-1-0,4]
04-12 20:43:16.875562  1750  2195 I netstats_mobile_sample: [0,0,0,0,0,0,0,0,1775997797418]
04-12 20:43:16.875742  1750  2195 I netstats_wifi_sample: [26819602,782470,22415,4977,26773608,772408,22298,4925,1775997797418]
04-12 20:43:16.904434  1750  1877 I sysui_latency: [8,8]
04-12 20:43:17.104000  7693  7693 I auditd  : type=1400 audit(0.0:1024): avc:  denied  { getopt } for  comm="FinalizerDaemon" path="/dev/socket/usap_pool_primary" scontext=u:r:priv_app:s0:c512,c768 tcontext=u:r:zygote:s0 tclass=unix_stream_socket permissive=0 app=com.google.android.configupdater
04-12 20:43:17.226177  1750  2219 I notification_cancel_all: [1000,1750,com.android.vending,0,0,0,20,NULL]
04-12 20:43:17.226501  1750  2219 I notification_cancel_all: [1000,1750,com.android.vending,0,0,0,20,NULL]
04-12 20:43:17.226622  1750  2219 I notification_cancel_all: [1000,1750,com.android.vending,0,0,0,20,NULL]
04-12 20:43:17.226871  1750  2219 I notification_cancel_all: [1000,1750,com.android.vending,0,0,0,20,NULL]
04-12 20:43:17.227126  1750  2219 I notification_cancel_all: [1000,1750,com.android.vending,0,0,0,20,NULL]
04-12 20:43:17.239008  1750  2219 I notification_cancel_all: [1000,1750,com.android.vending,0,0,0,20,NULL]
04-12 20:43:17.239052  1750  2219 I notification_cancel_all: [1000,1750,com.android.vending,0,0,0,20,NULL]
04-12 20:43:17.239391  1750  2219 I notification_cancel_all: [1000,1750,com.android.vending,0,0,0,20,NULL]
04-12 20:43:17.239631  1750  2219 I notification_cancel_all: [1000,1750,com.android.vending,0,0,0,20,NULL]
04-12 20:43:17.239840  1750  2219 I notification_cancel_all: [1000,1750,com.android.vending,0,0,0,20,NULL]
04-12 20:43:17.245434  1750  2219 I notification_enqueue: [10231,7053,com.android.vending,-56862258,NULL,0,Notification(channel=maintenance-v2 shortcut=null contentView=null vibrate=null sound=null defaults=0 flags=ONGOING_EVENT|ONLY_ALERT_ONCE color=0xff01875f actions=2 vis=SECRET),0,1]
04-12 20:43:17.252490  1750  2994 I am_foreground_service_start: [0,com.android.vending/com.google.android.finsky.downloadservice.DownloadService,1,PROC_STATE_TOP,36,36,0,0,0,1,UNKNOWN,1024]
04-12 20:43:17.263606  1750  2219 I notification_cancel_all: [1000,1750,com.android.vending,0,0,0,20,NULL]
04-12 20:43:17.264178  1750  2219 I notification_cancel_all: [1000,1750,com.android.vending,0,0,0,20,NULL]
04-12 20:43:17.264551  1750  2219 I notification_cancel_all: [1000,1750,com.android.vending,0,0,0,20,NULL]
04-12 20:43:17.268068  1750  2219 I notification_cancel_all: [1000,1750,com.android.vending,0,0,0,20,NULL]
04-12 20:43:17.270816  1750  2219 I notification_enqueue: [10231,7053,com.android.vending,-56862258,NULL,0,Notification(channel=maintenance-v2 shortcut=null contentView=null vibrate=null sound=null defaults=0 flags=ONGOING_EVENT|ONLY_ALERT_ONCE|FOREGROUND_SERVICE color=0xff01875f actions=2 vis=SECRET),0,1]
04-12 20:43:17.272817  1750  2219 I notification_cancel_all: [1000,1750,com.android.vending,0,0,0,20,NULL]
04-12 20:43:17.329033  2419  2869 I jank_cuj_events_end_request: [10122,1775997797328956000,52100360387,52100360387]
04-12 20:43:17.329057  2419  2869 I jank_cuj_events_end_request: [9,1775997797328995000,52100398772,52100398772]
04-12 20:43:17.329167  2419  2869 I jank_cuj_events_end_request: [9,1775997797329113000,52100516618,52100516618]
04-12 20:43:17.334463  1750  1859 I wm_add_to_stopping: [0,195402393,com.android.vending/com.google.android.finsky.systemservicesactivity.SystemServicesActivity,makeInvisible]
04-12 20:43:17.337959  1750  2159 I input_focus: [Focus leaving recents_animation_input_consumer,reason=NOT_VISIBLE]
04-12 20:43:17.342898  1750  1894 I input_focus: [Focus request 7401100 com.transsion.launcher3/com.android.launcher3.uioverrides.QuickstepLauncher,reason=UpdateInputWindows]
04-12 20:43:17.344559  1750  2219 I notification_enqueue: [10231,7053,com.android.vending,-56862258,NULL,0,Notification(channel=maintenance-v2 shortcut=null contentView=null vibrate=null sound=null defaults=0 flags=ONGOING_EVENT|ONLY_ALERT_ONCE|FOREGROUND_SERVICE color=0xff01875f actions=2 vis=SECRET),0,1]
04-12 20:43:17.353439  1750  1893 I wm_stop_activity: [0,195402393,com.android.vending/com.google.android.finsky.systemservicesactivity.SystemServicesActivity]
04-12 20:43:17.361373  1750  2159 I input_focus: [Focus entering 7401100 com.transsion.launcher3/com.android.launcher3.uioverrides.QuickstepLauncher,reason=setFocusedWindow]
04-12 20:43:17.365804  5033  5033 I viewroot_draw_event: [VRI[SystemServicesActivity],Not drawing due to not visible. Reason=!mAppVisible && !mForceDecorViewVisibility]
04-12 20:43:17.367956  1750  1894 I snet_event_log: updateFrameRateVote [pkg = com.android.systemui title = com.android.systemui.wallpapers.ImageWallpaper refreshRate = 90.0 modeId = 3 setting =10000 peak = 120.0 mTopApp = com.transsion.launcher3]
04-12 20:43:17.380137  5033  5033 I wm_on_stop_called: [195402393,com.google.android.finsky.systemservicesactivity.SystemServicesActivity,STOP_ACTIVITY_ITEM,8]
04-12 20:43:17.390564  1750  2219 I notification_cancel_all: [1000,1750,com.android.vending,0,0,0,20,NULL]
04-12 20:43:17.407036  1750  2219 I notification_cancel_all: [1000,1750,com.android.vending,0,0,0,20,NULL]
04-12 20:43:17.408652  1750  2219 I notification_cancel_all: [1000,1750,com.android.vending,0,0,0,20,NULL]
04-12 20:43:17.409904  1750  2219 I notification_cancel_all: [1000,1750,com.android.vending,0,0,0,20,NULL]
04-12 20:43:17.410948  1750  2219 I notification_cancel_all: [1000,1750,com.android.vending,0,0,0,20,NULL]
04-12 20:43:17.425223  1750  2219 I notification_enqueue: [10231,7053,com.android.vending,-56862258,NULL,0,Notification(channel=maintenance-v2 shortcut=null contentView=null vibrate=null sound=null defaults=0 flags=ONGOING_EVENT|ONLY_ALERT_ONCE|FOREGROUND_SERVICE color=0xff01875f actions=2 vis=SECRET),0,1]
04-12 20:43:17.444068  1750  2219 I notification_cancel_all: [1000,1750,com.android.vending,0,0,0,20,NULL]
04-12 20:43:17.444331  1750  2219 I notification_cancel_all: [1000,1750,com.android.vending,0,0,0,20,NULL]
04-12 20:43:17.444588  1750  2219 I notification_cancel_all: [1000,1750,com.android.vending,0,0,0,20,NULL]
04-12 20:43:17.445086  1750  2219 I notification_cancel_all: [1000,1750,com.android.vending,0,0,0,20,NULL]
04-12 20:43:17.445423  1750  2219 I notification_cancel_all: [1000,1750,com.android.vending,0,0,0,20,NULL]
04-12 20:43:17.448285  1750  2219 I sysui_multi_action: [757,1501,758,1,793,210,794,0,795,210,796,-56862258,806,com.android.vending,857,maintenance-v2,858,2,947,0,1500,0,1688,1]
