04-12 20:43:03.044494  8039  8039 I wm_on_top_resumed_gained_called: [176838605,com.gallery20.HomeActivity,topStateChangedWhenResumed]
04-12 20:43:03.050165  1750  2010 I dvm_lock_sample: [system_server,1,binder:1750_3,96,ContentProviderHelper.java,207,android.app.ContentProviderHolder com.android.server.am.ContentProviderHelper.getContentProviderImpl(android.app.IApplicationThread, java.lang.String, android.os.IBinder, int, java.lang.String, java.lang.String, boolean, int),,0,null,19]
04-12 20:43:03.053485  1750  2219 I notification_enqueue: [10232,2423,com.google.android.gms,0,0|com.google.android.gms|g:Aggregate_AlertingSection,0,Notification(channel=com.google.android.gms.notifications::SECURITY_ALERTS shortcut=null contentView=null vibrate=null sound=null defaults=0 flags=LOCAL_ONLY|GROUP_SUMMARY|AUTOGROUP_SUMMARY color=0x00000000 groupKey=0|com.google.android.gms|g:Aggregate_AlertingSection vis=PRIVATE),0,0]
04-12 20:43:03.056222  1750  2218 I notification_adjusted: [0|com.google.android.gms|1000|a:GMSCORE_STORE_RENDERER:11be35c183260000:107718207925398475592|10232,key_group_key,0|com.google.android.gms|g:Aggregate_AlertingSection]
04-12 20:43:03.067008  1750  1894 I input_focus: [Focus request 7743a1f com.gallery20/com.gallery20.HomeActivity,reason=UpdateInputWindows]
04-12 20:43:03.067764  1750  1894 I snet_event_log: updateFrameRateVote [pkg = com.gallery20 title = com.gallery20/com.gallery20.HomeActivity refreshRate = 120.00001 modeId = 2 setting =10000 peak = 120.0 mTopApp = com.gallery20]
04-12 20:43:03.085884  2419  2869 I jank_cuj_events_end_request: [8,1775997783085815000,37857219156,37857219156]
04-12 20:43:03.092816  1750  1894 I wm_wallpaper_surface: [0,0,Window{7401100 u0 com.transsion.launcher3/com.android.launcher3.uioverrides.QuickstepLauncher}]
04-12 20:43:03.100475  1750  4342 I dvm_lock_sample: [system_server,0,binder:1750_1C,78,ActivityManagerService.java,15340,void com.android.server.am.ActivityManagerService.serviceDoneExecuting(android.os.IBinder, int, int, int, android.content.Intent),,0,null,15]
04-12 20:43:03.110937  1750  2870 I dvm_lock_sample: [system_server,1,binder:1750_D,28,ActivityManagerService.java,15283,int com.android.server.am.ActivityManagerService.bindServiceInstance(android.app.IApplicationThread, android.os.IBinder, android.content.Intent, java.lang.String, android.app.IServiceConnection, long, java.lang.String, boolean, int, java.lang.String, android.app.IApplicationThread, java.lang.String, int),,0,null,5]
04-12 20:43:03.120403  1750  1894 I snet_event_log: updateFrameRateVote [pkg = com.android.systemui title = com.android.systemui.wallpapers.ImageWallpaper refreshRate = 90.0 modeId = 3 setting =10000 peak = 120.0 mTopApp = com.gallery20]
04-12 20:43:03.120885  1750  1894 I snet_event_log: updateFrameRateVote [pkg = com.gallery20 title = com.gallery20/com.gallery20.HomeActivity refreshRate = 90.0 modeId = 3 setting =10000 peak = 120.0 mTopApp = com.gallery20]
04-12 20:43:03.120957  1750  1894 I snet_event_log: updateFrameRateVote [pkg = com.gallery20 title = Splash Screen com.gallery20 refreshRate = 90.0 modeId = 3 setting =10000 peak = 120.0 mTopApp = com.gallery20]
04-12 20:43:03.121078  1750  1894 I snet_event_log: updateFrameRateVote [pkg = com.android.systemui title = DynamicBar refreshRate = 90.0 modeId = 3 setting =10000 peak = 120.0 mTopApp = com.gallery20]
04-12 20:43:03.121460  4915  4915 I viewroot_draw_event: [VRI[ZeroScreen],Not drawing due to not visible. Reason=!mAppVisible && !mForceDecorViewVisibility]
04-12 20:43:03.124879  2419  2419 I viewroot_draw_event: [VRI[QuickstepLauncher],Not drawing due to not visible. Reason=!mAppVisible && !mForceDecorViewVisibility]
04-12 20:43:03.182976  8039  8039 I viewroot_draw_event: [VRI[HomeActivity],reportDrawFinished seqId=0]
04-12 20:43:03.209339  1750  1877 I sysui_multi_action: [319,22,321,92,322,671,325,37,757,761,758,7,759,1,806,com.gallery20,871,com.gallery20.HomeActivity,904,com.transsion.launcher3,905,0,1320,8,1321,1]
04-12 20:43:03.211022  1750  2159 I input_focus: [Focus entering 7743a1f com.gallery20/com.gallery20.HomeActivity,reason=Window became focusable. Previous reason: NOT_VISIBLE]
04-12 20:43:03.212791  1750  1877 I wm_activity_launch_time: [0,176838605,com.gallery20/.HomeActivity,671]
04-12 20:43:03.221161  2733  3046 I viewroot_draw_event: [VRI[gallery20],Not drawing due to not visible. Reason=View.GONE]
04-12 20:43:03.226063  1750  2059 I dvm_lock_sample: [system_server,1,appscheduling.default,196,ActivityManagerService.java,15305,boolean com.android.server.am.ActivityManagerService.unbindService(android.app.IServiceConnection),,0,null,39]
04-12 20:43:03.230859  1750  4343 I wm_stop_activity: [0,97595641,com.transsion.launcher3/com.android.launcher3.uioverrides.QuickstepLauncher]
04-12 20:43:03.235202  1750  2994 I dvm_lock_sample: [system_server,1,binder:1750_11,224,JobServiceContext.java,824,void com.android.server.job.JobServiceContext.doJobFinished(com.android.server.job.JobServiceContext$JobCallback, int, boolean),-,509,boolean com.android.server.job.JobServiceContext.executeRunnableJob(com.android.server.job.controllers.JobStatus, int),44]
04-12 20:43:03.246412  1750  1894 I snet_event_log: updateFrameRateVote [pkg = com.gallery20 title = Splash Screen com.gallery20 refreshRate = 120.00001 modeId = 2 setting =10000 peak = 120.0 mTopApp = com.gallery20]
04-12 20:43:03.256721  2419  2419 I wm_on_stop_called: [97595641,com.android.launcher3.uioverrides.QuickstepLauncher,STOP_ACTIVITY_ITEM,20]
04-12 20:43:03.268094  1750  2219 I sysui_multi_action: [757,199,758,1,759,1040,793,262,794,0,795,262,796,0,797,0|com.google.android.gms|g:Aggregate_AlertingSection,806,com.google.android.gms,857,com.google.android.gms.noti-9e60d696,858,3,946,0|com.google.android.gms|g:-1d40d8e2,947,1,1500,262,1688,1]
04-12 20:43:03.268111  1750  2219 I notification_alert: [0|com.google.android.gms|0|0|com.google.android.gms|g:Aggregate_AlertingSection|10232|0|com.google.android.gms|g:Aggregate_AlertingSection,0,0,0,2,1024]
04-12 20:43:03.300071  1750  2331 I dvm_lock_sample: [system_server,0,MagellanHandle,19,WindowManagerService.java,9422,void com.android.server.wm.WindowManagerService$LocalService.updateRefreshRateForScene(android.os.Bundle),ActivityClientController.java,281,void com.android.server.wm.ActivityClientController.activityStopped(android.os.IBinder, android.os.Bundle, android.os.PersistableBundle, java.lang.CharSequence),3]
04-12 20:43:03.385272  1750  1893 I dvm_lock_sample: [system_server,1,android.display,127,ActivityManagerService.java,17361,void com.android.server.am.ActivityManagerService.trimApplications(boolean, int),,0,null,25]
04-12 20:43:03.395600  1750  1859 I dvm_lock_sample: [system_server,1,binder:1750_1,373,JobSchedulerService.java,2233,android.app.job.JobInfo com.android.server.job.JobSchedulerService.getPendingJob(int, java.lang.String, int),,0,null,74]
04-12 20:43:03.397868  1750  1750 I dvm_lock_sample: [system_server,0,main,162,JobSchedulerService.java,1489,void com.android.server.job.JobSchedulerService$3.onReceive(android.content.Context, android.content.Intent),-,5689,boolean com.android.server.job.JobSchedulerService.isBatteryCharging(),32]
04-12 20:43:03.402843  1750  4271 I dvm_lock_sample: [system_server,1,binder:1750_18,127,JobSchedulerService.java,1831,int com.android.server.job.JobSchedulerService.scheduleAsPackage(android.app.job.JobInfo, android.app.job.JobWorkItem, int, java.lang.String, int, java.lang.String, java.lang.String),-,5689,boolean com.android.server.job.JobSchedulerService.isBatteryCharging(),25]
04-12 20:43:03.411150  1750  2517 I dvm_lock_sample: [system_server,1,binder:1750_7,400,JobSchedulerService.java,2093,java.util.List com.android.server.job.JobSchedulerService.getPendingJobsInNamespace(int, java.lang.String),,0,null,80]
04-12 20:43:03.411329  1750  2233 I dvm_lock_sample: [system_server,1,binder:1750_5,461,JobSchedulerService.java,1831,int com.android.server.job.JobSchedulerService.scheduleAsPackage(android.app.job.JobInfo, android.app.job.JobWorkItem, int, java.lang.String, int, java.lang.String, java.lang.String),,0,null,92]
04-12 20:43:03.428000   563   563 I auditd  : type=1400 audit(0.0:837): avc:  denied  { read } for  comm="logd.writer" name="u:object_r:bluetooth_prop:s0" dev="tmpfs" ino=173 scontext=u:r:logd:s0 tcontext=u:object_r:bluetooth_prop:s0 tclass=file permissive=0
04-12 20:43:03.455764  1750  2235 I dvm_lock_sample: [system_server,1,binder:1750_6,192,ActivityManagerService.java,15283,int com.android.server.am.ActivityManagerService.bindServiceInstance(android.app.IApplicationThread, android.os.IBinder, android.content.Intent, java.lang.String, android.app.IServiceConnection, long, java.lang.String, boolean, int, java.lang.String, android.app.IApplicationThread, java.lang.String, int),,0,null,38]
04-12 20:43:03.492571  1750  2902 I dvm_lock_sample: [system_server,1,binder:1750_F,147,ActivityManagerService.java,15283,int com.android.server.am.ActivityManagerService.bindServiceInstance(android.app.IApplicationThread, android.os.IBinder, android.content.Intent, java.lang.String, android.app.IServiceConnection, long, java.lang.String, boolean, int, java.lang.String, android.app.IApplicationThread, java.lang.String, int),,0,null,29]
04-12 20:43:03.496001  1750  3320 I dvm_lock_sample: [system_server,1,binder:1750_12,144,BroadcastController.java,759,int com.android.server.am.BroadcastController.broadcastIntentWithFeature(android.app.IApplicationThread, java.lang.String, android.content.Intent, java.lang.String, android.content.IIntentReceiver, int, java.lang.String, android.os.Bundle, java.lang.String[], java.lang.String[], java.lang.String[], int, android.os.Bundle, boolean, boolean, int),,0,null,28]
04-12 20:43:03.504550  1750  4278 I dvm_lock_sample: [system_server,1,binder:1750_1A,214,BroadcastController.java,532,android.content.Intent com.android.server.am.BroadcastController.registerReceiverWithFeatureTraced(android.app.IApplicationThread, java.lang.String, java.lang.String, java.lang.String, android.content.IIntentReceiver, android.content.IntentFilter, java.lang.String, int, int),,0,null,42]
04-12 20:43:03.509316  1750  2903 I am_uid_running: 10163
04-12 20:43:03.525559  1750  3614 I dvm_lock_sample: [system_server,0,binder:1750_13,210,ActivityManagerService.java,15340,void com.android.server.am.ActivityManagerService.serviceDoneExecuting(android.os.IBinder, int, int, int, android.content.Intent),,0,null,42]
04-12 20:43:03.552217  1750  1923 I am_proc_start: [0,8210,10163,com.transsion.mediaeditor,service,{com.transsion.mediaeditor/com.transsion.mediaeditor.EditAppLaunchService},caller=com.gallery20/10151]
04-12 20:43:03.558111  1750  2159 I input_interaction: Interaction with: 7743a1f com.gallery20/com.gallery20.HomeActivity, [Gesture Monitor] swipe-up, [Gesture Monitor] edge-swipe, [Gesture Monitor] TranGestureMonitor, [Gesture Monitor] TranGestureMonitor, PointerEventDispatcher0, 
04-12 20:43:03.578064  2733  2961 I jank_cuj_events_begin_request: [10425,1775997783574967000,38346370771,38346370771,]
04-12 20:43:03.596552  1750  4349 I dvm_lock_sample: [system_server,1,binder:1750_1F,86,BroadcastController.java,694,void com.android.server.am.BroadcastController.unregisterReceiverTraced(android.content.IIntentReceiver),,0,null,17]
04-12 20:43:03.608118  1750  1894 I snet_event_log: updateFrameRateVote [pkg = com.android.systemui title = TrEdgeBackGestureHandler0 refreshRate = 90.0 modeId = 3 setting =10000 peak = 120.0 mTopApp = com.gallery20]
04-12 20:43:03.609719  1750  2524 I am_proc_bound: [0,8210,com.transsion.mediaeditor]
04-12 20:43:03.612110  2733  3325 I viewroot_draw_event: [VRI[TrEdgeBackGestureHandler0],Start draw after previous draw not visible]
04-12 20:43:03.613850  2733  3325 I viewroot_draw_event: [VRI[TrEdgeBackGestureHandler0],reportDrawFinished seqId=0]
04-12 20:43:03.627418  1750  2518 I input_cancel: [7743a1f com.gallery20/com.gallery20.HomeActivity,reason=input channel stole pointer stream]
04-12 20:43:03.628896  1750  2518 I input_cancel: [[Gesture Monitor] swipe-up,reason=input channel stole pointer stream]
04-12 20:43:03.630968  1750  2518 I input_cancel: [[Gesture Monitor] TranGestureMonitor,reason=input channel stole pointer stream]
04-12 20:43:03.632678  1750  2518 I input_cancel: [[Gesture Monitor] TranGestureMonitor,reason=input channel stole pointer stream]
04-12 20:43:03.632919  1750  2159 I input_interaction: Interaction with: [Gesture Monitor] edge-swipe, PointerEventDispatcher0, 
04-12 20:43:03.656029  1750  2901 I am_meminfo: [3661479936,800550912,20480,1069088768,1213881344]
04-12 20:43:03.663515  2733  2961 I jank_cuj_events_end_request: [10425,1775997783661501000,38432904925,38432904925]
04-12 20:43:03.686236  1750  4269 I dvm_lock_sample: [system_server,1,binder:1750_17,46,ActivityManagerService.java,15048,android.content.ComponentName com.android.server.am.ActivityManagerService.startService(android.app.IApplicationThread, android.content.Intent, java.lang.String, boolean, java.lang.String, java.lang.String, int, boolean, int, java.lang.String, java.lang.String),,0,null,9]
04-12 20:43:03.695143  1750  3614 I dvm_lock_sample: [system_server,1,binder:1750_13,67,ActivityManagerService.java,15048,android.content.ComponentName com.android.server.am.ActivityManagerService.startService(android.app.IApplicationThread, android.content.Intent, java.lang.String, boolean, java.lang.String, java.lang.String, int, boolean, int, java.lang.String, java.lang.String),,0,null,13]
04-12 20:43:03.702636  1750  4278 I wm_task_moved: [59,59,0,0,0]
04-12 20:43:03.704512  1750  4278 I wm_focused_root_task: [0,0,1,59,moveTaskToBackInner]
04-12 20:43:03.706839  1750  4278 I wm_add_to_stopping: [0,176838605,com.gallery20/.HomeActivity,makeInvisible]
04-12 20:43:03.710041  1750  4278 I wm_pause_activity: [0,176838605,com.gallery20/.HomeActivity,userLeaving=false,pauseBackTasks]
04-12 20:43:03.714770  1750  4278 I wm_set_resumed_activity: [0,com.transsion.launcher3/com.android.launcher3.uioverrides.QuickstepLauncher,resumeTopActivity - onActivityStateChanged]
04-12 20:43:03.716575  1750  4278 I wm_resume_activity: [0,97595641,2,com.transsion.launcher3/com.android.launcher3.uioverrides.QuickstepLauncher]
04-12 20:43:03.717060  1750  1894 I input_focus: [Requesting to set focus to null window,reason=UpdateInputWindows]
04-12 20:43:03.719585  8039  8039 I wm_on_top_resumed_lost_called: [176838605,com.gallery20.HomeActivity,topStateChangedWhenResumed]
04-12 20:43:03.725073  2733  2961 I jank_cuj_events_cancel_request: [0,1775997783723540000,38494943771,38494943771]
04-12 20:43:03.725084  2733  2961 I jank_cuj_events_cancel_request: [5,1775997783723581000,38494985002,38494985002]
04-12 20:43:03.725347  1750  1894 I snet_event_log: updateFrameRateVote [pkg = com.android.systemui title = com.android.systemui.wallpapers.ImageWallpaper refreshRate = 120.00001 modeId = 2 setting =10000 peak = 120.0 mTopApp = com.gallery20]
04-12 20:43:03.725484  1750  1894 I wm_wallpaper_surface: [0,1,Window{7401100 u0 com.transsion.launcher3/com.android.launcher3.uioverrides.QuickstepLauncher}]
04-12 20:43:03.725546  1750  1894 I snet_event_log: updateFrameRateVote [pkg = com.gallery20 title = com.gallery20/com.gallery20.HomeActivity refreshRate = 120.00001 modeId = 2 setting =10000 peak = 120.0 mTopApp = com.gallery20]
04-12 20:43:03.729603  1750  1877 I sysui_multi_action: [757,803,799,window_time_0,802,1]
04-12 20:43:03.730054  2419  2419 I wm_on_restart_called: [97595641,com.android.launcher3.uioverrides.QuickstepLauncher,performRestart,0]
04-12 20:43:03.731432  2419  2419 I wm_on_start_called: [97595641,com.android.launcher3.uioverrides.QuickstepLauncher,handleStartActivity,1]
04-12 20:43:03.732466  2419  2419 I wm_on_resume_called: [97595641,com.android.launcher3.uioverrides.QuickstepLauncher,RESUME_ACTIVITY,0]
04-12 20:43:03.732839  1750  2159 I input_focus: [Focus leaving 7743a1f com.gallery20/com.gallery20.HomeActivity,reason=NO_WINDOW]
04-12 20:43:03.734691  4915  4915 I viewroot_draw_event: [VRI[ZeroScreen],Start draw after previous draw not visible]
04-12 20:43:03.747127  1750  1894 I input_focus: [Focus request 7401100 com.transsion.launcher3/com.android.launcher3.uioverrides.QuickstepLauncher,reason=UpdateInputWindows]
04-12 20:43:03.748408  8039  8039 I wm_on_paused_called: [176838605,com.gallery20.HomeActivity,performPause,7]
04-12 20:43:03.749959  2419  2419 I viewroot_draw_event: [VRI[QuickstepLauncher],Start draw after previous draw not visible]
04-12 20:43:03.752190  1750  1878 I dvm_lock_sample: [system_server,1,android.ui,33,ProcessRecord.java,1749,void com.android.server.am.ProcessRecord.updateProcessInfo(boolean, boolean, boolean),,0,null,6]
04-12 20:43:03.761131  4915  4915 I viewroot_draw_event: [VRI[ZeroScreen],reportDrawFinished seqId=0]
04-12 20:43:03.762333  1750  1750 I dvm_lock_sample: [system_server,0,main,131,JobSchedulerService.java,1489,void com.android.server.job.JobSchedulerService$3.onReceive(android.content.Context, android.content.Intent),-,2573,int com.android.server.job.JobSchedulerService.getUidProcState(int),26]
04-12 20:43:03.764796  2419  2419 I viewroot_draw_event: [VRI[QuickstepLauncher],reportDrawFinished seqId=0]
04-12 20:43:03.765172  2419  2419 I wm_on_top_resumed_gained_called: [97595641,com.android.launcher3.uioverrides.QuickstepLauncher,topStateChangedWhenResumed]
04-12 20:43:03.773563  1750  2287 I dvm_lock_sample: [system_server,1,SyncManager,530,JobSchedulerService.java,2093,java.util.List com.android.server.job.JobSchedulerService.getPendingJobsInNamespace(int, java.lang.String),,0,null,100]
04-12 20:43:03.804000  8039  8039 I auditd  : type=1400 audit(0.0:843): avc:  denied  { read } for  comm=4F6E65494420576F726B6572 name="u:object_r:vendor_security_patch_level_prop:s0" dev="tmpfs" ino=888 scontext=u:r:untrusted_app:s0:c151,c256,c512,c768 tcontext=u:object_r:vendor_security_patch_level_prop:s0 tclass=file permissive=0 app=com.gallery20
04-12 20:43:03.814184  1750  2159 I input_focus: [Focus entering 7401100 com.transsion.launcher3/com.android.launcher3.uioverrides.QuickstepLauncher,reason=Window became focusable. Previous reason: NOT_VISIBLE]
04-12 20:43:03.820021  2419  2869 I jank_cuj_events_begin_request: [9,1775997783780700000,38552104309,38552104309,closeApp_Window]
04-12 20:43:03.825229  1750  1894 I snet_event_log: updateFrameRateVote [pkg = com.android.systemui title = TrEdgeBackGestureHandler0 refreshRate = 120.00001 modeId = 2 setting =10000 peak = 120.0 mTopApp = com.transsion.launcher3]
04-12 20:43:03.825334  1750  1894 I snet_event_log: updateFrameRateVote [pkg = com.android.systemui title = DynamicBar refreshRate = 120.00001 modeId = 2 setting =10000 peak = 120.0 mTopApp = com.transsion.launcher3]
04-12 20:43:03.843204  1750  4276 I dvm_lock_sample: [system_server,0,binder:1750_19,150,BroadcastController.java,1927,void com.android.server.am.BroadcastController.finishReceiver(android.os.IBinder, int, java.lang.String, android.os.Bundle, boolean, int),,0,null,30]
04-12 20:43:03.862485  2733  3325 I viewroot_draw_event: [VRI[TrEdgeBackGestureHandler0],Not drawing due to not visible. Reason=View.GONE]
04-12 20:43:03.864000  8210  8210 I auditd  : type=1400 audit(0.0:844): avc:  denied  { read } for  comm="ion.mediaeditor" name="u:object_r:qemu_hw_prop:s0" dev="tmpfs" ino=396 scontext=u:r:untrusted_app:s0:c163,c256,c512,c768 tcontext=u:object_r:qemu_hw_prop:s0 tclass=file permissive=0 app=com.transsion.mediaeditor
04-12 20:43:03.868394  1750  4253 I dvm_lock_sample: [system_server,1,binder:1750_15,35,ActivityTaskManagerService.java,2952,android.app.ActivityTaskManager$RootTaskInfo com.android.server.wm.ActivityTaskManagerService.getRootTaskInfo(int, int),,0,null,7]
04-12 20:43:03.875008  1750  2073 I commit_sys_config_file: [settings-0-0,82]
04-12 20:43:03.902541  1750  2523 I am_uid_active: 10229
04-12 20:43:03.965695  1750  4276 I pm_critical_info: setEnabledSettings callingUid = 10221 callingPid = 5633 packageName = com.android.vending componentName = null callingPackage= com.google.android.partnersetup newState = 1 userId = 0 flags = 1
04-12 20:43:03.974247  1750  4278 I pm_critical_info: setEnabledSettings callingUid = 10221 callingPid = 5633 packageName = com.google.android.apps.maps componentName = null callingPackage= com.google.android.partnersetup newState = 1 userId = 0 flags = 1
04-12 20:43:03.981013  1750  4268 I pm_critical_info: setEnabledSettings callingUid = 10221 callingPid = 5633 packageName = com.google.android.videos componentName = null callingPackage= com.google.android.partnersetup newState = 2 userId = 0 flags = 0
04-12 20:43:03.982803  1750  4268 I pm_critical_info: setEnabledSettings callingUid = 10221 callingPid = 5633 packageName = com.google.android.youtube componentName = null callingPackage= com.google.android.partnersetup newState = 1 userId = 0 flags = 1
04-12 20:43:03.994803  1750  1750 I dvm_lock_sample: [system_server,0,main,30,ContentProviderHelper.java,985,void com.android.server.am.ContentProviderHelper.removeContentProvider(android.os.IBinder, boolean),,0,null,6]
04-12 20:43:03.995300  1750  1911 I dvm_lock_sample: [system_server,1,android.bg,27,ContentProviderHelper.java,1677,void com.android.server.am.ContentProviderHelper.handleProviderRemoval(com.android.server.am.ContentProviderConnection, boolean, boolean),,0,null,5]
04-12 20:43:04.028763  1750  2073 I commit_sys_config_file: [settings-0-0,11]
04-12 20:43:04.110739  1750  2287 I dvm_lock_sample: [system_server,1,SyncManager,71,ActivityManagerService.java,15283,int com.android.server.am.ActivityManagerService.bindServiceInstance(android.app.IApplicationThread, android.os.IBinder, android.content.Intent, java.lang.String, android.app.IServiceConnection, long, java.lang.String, boolean, int, java.lang.String, android.app.IApplicationThread, java.lang.String, int),,0,null,14]
04-12 20:43:04.114610  1750  4268 I am_proc_start: [0,8090,1000,com.mediatek.omacp,broadcast,{com.mediatek.omacp/com.mediatek.omacp.message.OmacpReceiver},action = android.intent.action.BOOT_COMPLETED]
04-12 20:43:04.118010  1750  4268 I am_proc_bound: [0,8090,com.mediatek.omacp]
04-12 20:43:04.124000  8090  8090 I auditd  : type=1400 audit(0.0:845): avc:  denied  { read write } for  comm="re-initialized>" name="ensignal" dev="tmpfs" ino=2080 scontext=u:r:system_app:s0 tcontext=u:object_r:ensignal_device:s0 tclass=chr_file permissive=0
04-12 20:43:04.124000  8090  8090 I auditd  : type=1400 audit(0.0:846): avc:  denied  { read write } for  comm="re-initialized>" name="ensignal" dev="tmpfs" ino=2080 scontext=u:r:system_app:s0 tcontext=u:object_r:ensignal_device:s0 tclass=chr_file permissive=0
04-12 20:43:04.131487  1750  3614 I dvm_lock_sample: [system_server,1,binder:1750_13,91,BroadcastController.java,694,void com.android.server.am.BroadcastController.unregisterReceiverTraced(android.content.IIntentReceiver),,0,null,18]
04-12 20:43:04.168370  2423  3554 I dvm_lock_sample: [com.google.android.gms.persisten,0,lowpool[2],37,:com.google.android.gms@261233035@26.12.33 (260400-892550550),47,void faic.a(fafd, int, halz),-,25,void faie.h(int),7]
04-12 20:43:04.174987  1750  2518 I am_foreground_service_start: [0,com.google.android.setupwizard/.notification.SetupNotificationService,1,BACKGROUND_ACTIVITY_PERMISSION,36,36,0,0,0,1,UNKNOWN,1073741824]
04-12 20:43:04.207141  1750  2287 I sync    : [com.google.android.gms.chromesync,0,3,-1543423057]
04-12 20:43:04.213182  1750  2994 I am_uid_active: 10163
04-12 20:43:04.270622  1750  4276 I dvm_lock_sample: [system_server,1,binder:1750_19,92,ActivityManagerService.java,15319,void com.android.server.am.ActivityManagerService.publishService(android.os.IBinder, android.content.Intent, android.os.IBinder),,0,null,18]
04-12 20:43:04.290625  1750  2199 I dvm_lock_sample: [system_server,1,WifiHandlerThread,103,ActivityManagerService.java,15305,boolean com.android.server.am.ActivityManagerService.unbindService(android.app.IServiceConnection),,0,null,20]
04-12 20:43:04.329844  1750  1923 I am_proc_start: [0,8293,1000,com.mediatek.schpwronoff,broadcast,{com.mediatek.schpwronoff/com.mediatek.schpwronoff.AlarmInitReceiver},action = android.intent.action.BOOT_COMPLETED]
04-12 20:43:04.333027  1750  2159 I input_interaction: Interaction with: 7401100 com.transsion.launcher3/com.android.launcher3.uioverrides.QuickstepLauncher, 9a87f3a com.android.systemui.wallpapers.ImageWallpaper, [Gesture Monitor] edge-swipe, [Gesture Monitor] TranGestureMonitor, [Gesture Monitor] TranGestureMonitor, PointerEventDispatcher0, 
04-12 20:43:04.382383  2733  2961 I jank_cuj_events_end_request: [10425,1775997784377427000,39148830848,39148830848]
04-12 20:43:04.384022  1750  2902 I wm_task_created: 60
04-12 20:43:04.387002  1750  2902 I wm_task_moved: [60,60,0,1,4]
04-12 20:43:04.387039  1750  2902 I wm_task_to_front: [0,60,0]
04-12 20:43:04.387336  1750  2902 I wm_create_task: [0,60,60,0]
04-12 20:43:04.387346  1750  2902 I wm_create_activity: [0,233988848,60,com.android.settings/.Settings,android.intent.action.MAIN,NULL,NULL,270532608]
04-12 20:43:04.387378  1750  2902 I wm_task_moved: [60,60,0,1,4]
04-12 20:43:04.390122  1750  2902 I wm_pause_activity: [0,97595641,com.transsion.launcher3/com.android.launcher3.uioverrides.QuickstepLauncher,userLeaving=true,pauseBackTasks]
04-12 20:43:04.392156  1750  2199 I dvm_lock_sample: [system_server,1,WifiHandlerThread,43,ActivityManagerService.java,15283,int com.android.server.am.ActivityManagerService.bindServiceInstance(android.app.IApplicationThread, android.os.IBinder, android.content.Intent, java.lang.String, android.app.IServiceConnection, long, java.lang.String, boolean, int, java.lang.String, android.app.IApplicationThread, java.lang.String, int),-,15054,android.content.ComponentName com.android.server.am.ActivityManagerService.startService(android.app.IApplicationThread, android.content.Intent, java.lang.String, boolean, java.lang.String, java.lang.String, int, boolean, int, java.lang.String, java.lang.String),8]
04-12 20:43:04.394042  2419  2419 I wm_on_top_resumed_lost_called: [97595641,com.android.launcher3.uioverrides.QuickstepLauncher,topStateChangedWhenResumed]
04-12 20:43:04.394878  2419  2419 I wm_on_paused_called: [97595641,com.android.launcher3.uioverrides.QuickstepLauncher,performPause,1]
04-12 20:43:04.394889  1750  2902 I wm_add_to_stopping: [0,97595641,com.transsion.launcher3/com.android.launcher3.uioverrides.QuickstepLauncher,makeInvisible]
04-12 20:43:04.411909  2419  2869 I jank_cuj_events_end_request: [9,1775997784366695000,39138098771,39138098771]
04-12 20:43:04.418198  1750  4614 I wm_restart_activity: [0,233988848,60,com.android.settings/.Settings]
04-12 20:43:04.424000   563   563 I auditd  : type=1400 audit(0.0:847): avc:  denied  { read } for  comm="logd.writer" name="u:object_r:bluetooth_prop:s0" dev="tmpfs" ino=173 scontext=u:r:logd:s0 tcontext=u:object_r:bluetooth_prop:s0 tclass=file permissive=0
04-12 20:43:04.422557  2419  2869 I jank_cuj_events_begin_request: [8,1775997784420962000,39192365617,39192365617,openApp_Window]
04-12 20:43:04.423134  1750  4614 I wm_set_resumed_activity: [0,com.android.settings/.Settings,realStartActivityLocked - onActivityStateChanged]
04-12 20:43:04.446445  8039  8039 I viewroot_draw_event: [VRI[HomeActivity],Not drawing due to not visible. Reason=!mAppVisible && !mForceDecorViewVisibility]
04-12 20:43:04.457368  1750  2644 I wm_set_requested_orientation: [1,com.android.settings/.Settings]
04-12 20:43:04.460472  1750  2159 I input_focus: [Focus leaving 7401100 com.transsion.launcher3/com.android.launcher3.uioverrides.QuickstepLauncher,reason=NO_WINDOW]
04-12 20:43:04.479913  1750  1877 I sysui_multi_action: [757,803,799,window_time_0,802,1]
04-12 20:43:04.482164  1750  4269 I dvm_lock_sample: [system_server,1,binder:1750_17,87,BroadcastController.java,532,android.content.Intent com.android.server.am.BroadcastController.registerReceiverWithFeatureTraced(android.app.IApplicationThread, java.lang.String, java.lang.String, java.lang.String, android.content.IIntentReceiver, android.content.IntentFilter, java.lang.String, int, int),,0,null,17]
04-12 20:43:04.548119  2423  3529 I dvm_lock_sample: [com.google.android.gms.persisten,1,GoogleApiHandler,39,MessageQueue.java,918,android.os.Message android.os.MessageQueue.nextLegacy(),-,1391,boolean android.os.MessageQueue.enqueueMessageLegacy(android.os.Message, long),7]
04-12 20:43:04.550036  1750  1894 I snet_event_log: updateFrameRateVote [pkg = com.android.settings title = Splash Screen com.android.settings refreshRate = 120.00001 modeId = 2 setting =10000 peak = 120.0 mTopApp = com.android.settings]
04-12 20:43:04.586352  3166  3166 I wm_on_create_called: [233988848,com.android.settings.Settings,performCreate,151]
04-12 20:43:04.597245  3166  3166 I wm_on_start_called: [233988848,com.android.settings.Settings,handleStartActivity,8]
04-12 20:43:04.598459  3166  3166 I wm_on_resume_called: [233988848,com.android.settings.Settings,RESUME_ACTIVITY,0]
04-12 20:43:04.618086  1750  1894 I input_focus: [Focus request aec157a com.android.settings/com.android.settings.Settings,reason=UpdateInputWindows]
04-12 20:43:04.623713  1750  1894 I snet_event_log: updateFrameRateVote [pkg = com.android.settings title = com.android.settings/com.android.settings.Settings refreshRate = 120.00001 modeId = 2 setting =10000 peak = 120.0 mTopApp = com.android.settings]
04-12 20:43:04.632682  2733  3046 I viewroot_draw_event: [VRI[settings],reportDrawFinished seqId=0]
04-12 20:43:04.636783  1750  4253 I dvm_lock_sample: [system_server,1,binder:1750_15,235,ActivityManagerService.java,5375,void com.android.server.am.ActivityManagerService.attachApplication(android.app.IApplicationThread, long),,0,null,47]
04-12 20:43:04.644382  1750  4253 I am_proc_bound: [0,8293,com.mediatek.schpwronoff]
04-12 20:43:04.645925  1750  4269 I dvm_lock_sample: [system_server,1,binder:1750_17,38,ActivityManagerService.java,3502,int com.android.server.am.ActivityManagerService.getPackageProcessState(java.lang.String, java.lang.String),OomAdjusterModernImpl.java,923,void com.android.server.am.OomAdjusterModernImpl.performUpdateOomAdjPendingTargetsLocked(int),7]
04-12 20:43:04.653513  1750  2199 I dvm_lock_sample: [system_server,1,WifiHandlerThread,248,ActivityManagerService.java,15305,boolean com.android.server.am.ActivityManagerService.unbindService(android.app.IServiceConnection),,0,null,49]
04-12 20:43:04.658145  1750  3614 I dvm_lock_sample: [system_server,1,binder:1750_13,80,ContentProviderHelper.java,207,android.app.ContentProviderHolder com.android.server.am.ContentProviderHelper.getContentProviderImpl(android.app.IApplicationThread, java.lang.String, android.os.IBinder, int, java.lang.String, java.lang.String, boolean, int),,0,null,16]
04-12 20:43:04.659591  1750  1922 I dvm_lock_sample: [system_server,1,ActivityManager,126,BroadcastQueueImpl.java,493,void com.android.server.am.BroadcastQueueImpl.updateRunningList(),,0,null,25]
04-12 20:43:04.719149  1750  2235 I dvm_lock_sample: [system_server,1,binder:1750_6,263,ActivityManagerService.java,15139,void com.android.server.am.ActivityManagerService.setServiceForeground(android.content.ComponentName, android.os.IBinder, int, android.app.Notification, int, int),,0,null,52]
04-12 20:43:04.734545  3166  3166 I viewroot_draw_event: [VRI[Settings],reportDrawFinished seqId=0]
04-12 20:43:04.735127  3166  3166 I wm_on_top_resumed_gained_called: [233988848,com.android.settings.Settings,topStateChangedWhenResumed]
04-12 20:43:04.735704  1750  2235 I am_foreground_service_start: [0,com.mediatek.omacp/.message.OmacpReceiverService,1,PROC_STATE_PERSISTENT,36,36,0,0,0,1,UNKNOWN,1]
04-12 20:43:04.740559  1750  2646 I dvm_lock_sample: [system_server,1,binder:1750_C,325,ActivityManagerService.java,15048,android.content.ComponentName com.android.server.am.ActivityManagerService.startService(android.app.IApplicationThread, android.content.Intent, java.lang.String, boolean, java.lang.String, java.lang.String, int, boolean, int, java.lang.String, java.lang.String),,0,null,65]
04-12 20:43:04.747600  1750  2057 I dvm_lock_sample: [system_server,0,android.usagestats,5,UsageStatsService.java,1198,void com.android.server.usage.UsageStatsService.reportEvent(android.app.usage.UsageEvents$Event, int),-,1634,android.app.usage.UsageEvents com.android.server.usage.UsageStatsService.queryEventsWithQueryFilters(int, long, long, int, int[], android.util.ArraySet),1]
04-12 20:43:04.798240  1750  2870 I dvm_lock_sample: [system_server,1,binder:1750_D,342,ContentProviderHelper.java,207,android.app.ContentProviderHolder com.android.server.am.ContentProviderHelper.getContentProviderImpl(android.app.IApplicationThread, java.lang.String, android.os.IBinder, int, java.lang.String, java.lang.String, boolean, int),,0,null,68]
04-12 20:43:04.819290  3166  8373 I service_manager_slow: [31,android.system.keystore2.IKeystoreService/default]
04-12 20:43:04.837800  1750  1893 I dvm_lock_sample: [system_server,1,android.display,466,ProcessRecord.java,1815,void com.android.server.am.ProcessRecord.setRunningRemoteAnimation(boolean),,0,null,93]
04-12 20:43:04.838580  1750  2524 I wm_stop_activity: [0,176838605,com.gallery20/.HomeActivity]
04-12 20:43:04.836000  1473  1473 I auditd  : type=1400 audit(0.0:894): avc:  denied  { search } for  comm="binder:1473_3" name="/" dev="sdc87" ino=2 scontext=u:r:hap:s0 tcontext=u:object_r:tranfs_file:s0 tclass=dir permissive=0
04-12 20:43:04.846462  1750  1877 I sysui_multi_action: [319,33,321,272,322,441,325,39,757,761,758,8,759,1,806,com.android.settings,871,com.android.settings.Settings,904,com.transsion.launcher3,905,0,1320,8,1321,1]
04-12 20:43:04.847070  8039  8039 I wm_on_stop_called: [176838605,com.gallery20.HomeActivity,STOP_ACTIVITY_ITEM,1]
04-12 20:43:04.848195  1750  2195 I netstats_mobile_sample: [0,0,0,0,0,0,0,0,1775997785391]
04-12 20:43:04.848387  1750  2195 I netstats_wifi_sample: [8143538,398503,7227,2343,8084297,397236,7134,2327,1775997785391]
04-12 20:43:04.850163  2733  3046 I viewroot_draw_event: [VRI[settings],Not drawing due to not visible. Reason=View.GONE]
04-12 20:43:04.852461  1750  2159 I input_focus: [Focus entering aec157a com.android.settings/com.android.settings.Settings,reason=Window became focusable. Previous reason: NOT_VISIBLE]
04-12 20:43:04.852000  1473  1473 I auditd  : type=1400 audit(0.0:895): avc:  denied  { search } for  comm="binder:1473_3" name="/" dev="sdc87" ino=2 scontext=u:r:hap:s0 tcontext=u:object_r:tranfs_file:s0 tclass=dir permissive=0
04-12 20:43:04.856167  1750  1877 I wm_activity_launch_time: [0,233988848,com.android.settings/.Settings,441]
04-12 20:43:04.873225  1750  2644 I dvm_lock_sample: [system_server,1,binder:1750_B,58,ActivityManagerService.java,5375,void com.android.server.am.ActivityManagerService.attachApplication(android.app.IApplicationThread, long),,0,null,11]
04-12 20:43:04.875026  1750  2644 I am_proc_start: [0,8410,10190,com.transsion.aivoiceassistant,content provider,{com.transsion.aivoiceassistant/com.transsion.ella.external.VoiceProvider},caller=com.android.settings/1000]
04-12 20:43:04.881813  1750  2644 I am_proc_bound: [0,8410,com.transsion.aivoiceassistant]
04-12 20:43:04.884000  8410  8410 I auditd  : type=1400 audit(0.0:896): avc:  denied  { read write } for  comm="re-initialized>" name="ensignal" dev="tmpfs" ino=2080 scontext=u:r:platform_app:s0:c512,c768 tcontext=u:object_r:ensignal_device:s0 tclass=chr_file permissive=0 app=com.transsion.aivoiceassistant
04-12 20:43:04.888000  8410  8410 I auditd  : type=1400 audit(0.0:897): avc:  denied  { read write } for  comm="re-initialized>" name="ensignal" dev="tmpfs" ino=2080 scontext=u:r:platform_app:s0:c512,c768 tcontext=u:object_r:ensignal_device:s0 tclass=chr_file permissive=0 app=com.transsion.aivoiceassistant
04-12 20:43:04.899329  1750  2901 I dvm_lock_sample: [system_server,1,binder:1750_E,75,BroadcastController.java,759,int com.android.server.am.BroadcastController.broadcastIntentWithFeature(android.app.IApplicationThread, java.lang.String, android.content.Intent, java.lang.String, android.content.IIntentReceiver, int, java.lang.String, android.os.Bundle, java.lang.String[], java.lang.String[], java.lang.String[], int, android.os.Bundle, boolean, boolean, int),,0,null,15]
04-12 20:43:04.899997  1750  2235 I dvm_lock_sample: [system_server,0,binder:1750_6,74,CachedAppOptimizer.java,935,boolean com.android.server.am.CachedAppOptimizer.enableFreezer(boolean),,0,null,14]
04-12 20:43:04.937405  1750  1911 I dvm_lock_sample: [system_server,1,android.bg,253,ContentProviderHelper.java,1677,void com.android.server.am.ContentProviderHelper.handleProviderRemoval(com.android.server.am.ContentProviderConnection, boolean, boolean),ActivityManagerService.java,17363,void com.android.server.am.ActivityManagerService.trimApplications(boolean, int),50]
04-12 20:43:04.964131  1750  2059 I dvm_lock_sample: [system_server,1,appscheduling.default,59,JobSchedulerService.java,3501,void com.android.server.job.JobSchedulerService$JobHandler.handleMessage(android.os.Message),-,5689,boolean com.android.server.job.JobSchedulerService.isBatteryCharging(),11]
04-12 20:43:04.964917  1750  2517 I dvm_lock_sample: [system_server,1,binder:1750_7,79,ContentProviderHelper.java,207,android.app.ContentProviderHolder com.android.server.am.ContentProviderHelper.getContentProviderImpl(android.app.IApplicationThread, java.lang.String, android.os.IBinder, int, java.lang.String, java.lang.String, boolean, int),,0,null,15]
04-12 20:43:04.966950  1750  2219 I notification_enqueue: [1000,8090,com.mediatek.omacp,126,NULL,0,Notification(channel=omacp_notification_channel shortcut=null contentView=null vibrate=null sound=null defaults=0 flags=FOREGROUND_SERVICE|CAN_COLORIZE|SILENT color=0x00000000 vis=PRIVATE),0,1]
04-12 20:43:04.970033  1750  2233 I netstats_mobile_sample: [0,0,0,0,0,0,0,0,1775997785513]
04-12 20:43:04.970153  1750  2233 I netstats_wifi_sample: [8362529,400836,7401,2365,8313512,399508,7316,2348,1775997785513]
04-12 20:43:04.975112  1750  1923 I dvm_lock_sample: [system_server,1,ActivityManager:procStart,145,ProcessList.java,2304,void com.android.server.am.ProcessList.lambda$handleProcessStart$1(com.android.server.am.ProcessRecord, java.lang.String, int[], int, int, int, java.lang.String, java.lang.String, java.lang.String, long),,0,null,29]
04-12 20:43:04.976350  1750  4342 I am_foreground_service_stop: [0,com.mediatek.omacp/.message.OmacpReceiverService,1,PROC_STATE_PERSISTENT,36,36,0,0,247,1,STOP_SERVICE,1]
04-12 20:43:04.994724  1750  4278 I netstats_mobile_sample: [0,0,0,0,0,0,0,0,1775997785538]
04-12 20:43:04.995699  1750  4278 I netstats_wifi_sample: [8440100,403047,7475,2388,8385616,400656,7383,2362,1775997785538]
04-12 20:43:05.028527  1750  4268 I dvm_lock_sample: [system_server,1,binder:1750_16,73,ActivityManagerService.java,15283,int com.android.server.am.ActivityManagerService.bindServiceInstance(android.app.IApplicationThread, android.os.IBinder, android.content.Intent, java.lang.String, android.app.IServiceConnection, long, java.lang.String, boolean, int, java.lang.String, android.app.IApplicationThread, java.lang.String, int),,0,null,14]
04-12 20:43:05.031236  1750  1894 I wm_wallpaper_surface: [0,0,Window{7401100 u0 com.transsion.launcher3/com.android.launcher3.uioverrides.QuickstepLauncher}]
04-12 20:43:05.039506  2419  2869 I jank_cuj_events_end_request: [8,1775997785015729000,39787133002,39787133233]
04-12 20:43:05.040428  1750  1894 I snet_event_log: updateFrameRateVote [pkg = com.android.systemui title = com.android.systemui.wallpapers.ImageWallpaper refreshRate = 90.0 modeId = 3 setting =10000 peak = 120.0 mTopApp = com.android.settings]
04-12 20:43:05.040683  1750  1894 I snet_event_log: updateFrameRateVote [pkg = com.android.systemui title = DynamicBar refreshRate = 90.0 modeId = 3 setting =10000 peak = 120.0 mTopApp = com.android.settings]
04-12 20:43:05.041384  2419  2419 I viewroot_draw_event: [VRI[QuickstepLauncher],Not drawing due to not visible. Reason=!mAppVisible && !mForceDecorViewVisibility]
04-12 20:43:05.052175  4915  4915 I viewroot_draw_event: [VRI[ZeroScreen],Not drawing due to not visible. Reason=!mAppVisible && !mForceDecorViewVisibility]
04-12 20:43:05.060769  1750  2059 I dvm_lock_sample: [system_server,1,appscheduling.default,74,ActivityManagerService.java,15283,int com.android.server.am.ActivityManagerService.bindServiceInstance(android.app.IApplicationThread, android.os.IBinder, android.content.Intent, java.lang.String, android.app.IServiceConnection, long, java.lang.String, boolean, int, java.lang.String, android.app.IApplicationThread, java.lang.String, int),,0,null,14]
04-12 20:43:05.072532  1750  2287 I dvm_lock_sample: [system_server,1,SyncManager,191,ActivityManagerService.java,15305,boolean com.android.server.am.ActivityManagerService.unbindService(android.app.IServiceConnection),,0,null,38]
04-12 20:43:05.074231  4660  8403 I dvm_lock_sample: [tech.palm.id,0,DefaultDispatcher-worker-1,150,ActivityThread.java,8429,android.content.IContentProvider android.app.ActivityThread.acquireProvider(android.content.Context, java.lang.String, int, boolean),-,8455,android.content.IContentProvider android.app.ActivityThread.acquireProvider(android.content.Context, java.lang.String, int, boolean),30]
04-12 20:43:05.083041  1750  1893 I dvm_lock_sample: [system_server,1,android.display,70,ProcessRecord.java,1726,void com.android.server.am.ProcessRecord.updateServiceConnectionActivities(),,0,null,14]
04-12 20:43:05.086137  1750  1922 I am_wtf  : [0,1750,system_server,-1,ActivityManager,Sending non-protected broadcast com.mediatek.action.UNREAD_CHANGED from system 3166:com.android.settings/1000 pkg com.android.settings]
04-12 20:43:05.099035  1750  2011 I dvm_lock_sample: [system_server,1,binder:1750_4,188,ActivityManagerService.java,5422,void com.android.server.am.ActivityManagerService.finishAttachApplicationInner(long, int, int),,0,null,37]
04-12 20:43:05.100771  1750  2523 I dvm_lock_sample: [system_server,0,binder:1750_9,77,BroadcastController.java,1927,void com.android.server.am.BroadcastController.finishReceiver(android.os.IBinder, int, java.lang.String, android.os.Bundle, boolean, int),,0,null,15]
04-12 20:43:05.132739  1750  1893 I dvm_lock_sample: [system_server,1,android.display,43,ActivityManagerService.java,17361,void com.android.server.am.ActivityManagerService.trimApplications(boolean, int),,0,null,8]
04-12 20:43:05.145392  1750  2287 I sync    : [com.google.android.gms.chromesync,1,3,-1543423057]
04-12 20:43:05.148504  1750  4278 I dvm_lock_sample: [system_server,1,binder:1750_1A,23,ActivityManagerService.java,15319,void com.android.server.am.ActivityManagerService.publishService(android.os.IBinder, android.content.Intent, android.os.IBinder),,0,null,4]
04-12 20:43:05.150338  1750  2219 I sysui_multi_action: [757,128,758,5,759,8,793,212,794,0,795,212,796,126,806,com.mediatek.omacp,857,omacp_notification_channel,858,3,947,0,1500,212,1688,1]
04-12 20:43:05.150639  1750  2219 I notification_canceled: [0|com.mediatek.omacp|126|null|1000,8,212,212,0,-1,-1,NULL]
04-12 20:43:05.165167  1750  1860 I dvm_lock_sample: [system_server,1,binder:1750_2,61,ActivityManagerService.java,15319,void com.android.server.am.ActivityManagerService.publishService(android.os.IBinder, android.content.Intent, android.os.IBinder),,0,null,12]
04-12 20:43:05.167937  1750  1893 I wm_stop_activity: [0,97595641,com.transsion.launcher3/com.android.launcher3.uioverrides.QuickstepLauncher]
04-12 20:43:05.185745  2419  2419 I wm_on_stop_called: [97595641,com.android.launcher3.uioverrides.QuickstepLauncher,STOP_ACTIVITY_ITEM,16]
04-12 20:43:05.212187  1750  4269 I dvm_lock_sample: [system_server,1,binder:1750_17,37,ActivityManagerService.java,15048,android.content.ComponentName com.android.server.am.ActivityManagerService.startService(android.app.IApplicationThread, android.content.Intent, java.lang.String, boolean, java.lang.String, java.lang.String, int, boolean, int, java.lang.String, java.lang.String),,0,null,7]
04-12 20:43:05.242707  1750  2099 I dvm_lock_sample: [system_server,0,AlarmManager,28,AlarmManagerService.java,4625,void com.android.server.alarm.AlarmManagerService$AlarmThread.run(),-,2344,void com.android.server.alarm.AlarmManagerService.setImpl(int, long, long, long, android.app.PendingIntent, android.app.IAlarmListener, java.lang.String, int, android.os.WorkSource, android.app.AlarmManager$AlarmClockInfo, int, java.lang.String, android.os.Bundle, int),5]
04-12 20:43:05.258961  1750  4244 I dvm_lock_sample: [system_server,1,binder:1750_14,99,ActivityManagerService.java,7456,void com.android.server.am.ActivityManagerService.grantUriPermission(android.app.IApplicationThread, java.lang.String, android.net.Uri, int, int),,0,null,19]
04-12 20:43:05.274487  1750  2644 I dvm_lock_sample: [system_server,1,binder:1750_B,49,ActivityManagerService.java,15305,boolean com.android.server.am.ActivityManagerService.unbindService(android.app.IServiceConnection),,0,null,9]
04-12 20:43:05.315185  1750  4268 I dvm_lock_sample: [system_server,1,binder:1750_16,119,ActivityManagerService.java,15305,boolean com.android.server.am.ActivityManagerService.unbindService(android.app.IServiceConnection),,0,null,23]
04-12 20:43:05.322923  3166  8354 I dvm_lock_sample: [com.android.settings,0,pool-6-thread-2,503,SourceFile,-1,com.android.settingslib.drawer.DashboardCategory u3.h.v(android.content.Context, java.lang.String),-,-1,void u3.h.i(android.util.ArrayMap, android.util.ArrayMap),100]
04-12 20:43:05.328795  1750  4271 I am_proc_start: [0,8522,1000,com.mediatek.batterywarning,broadcast,{com.mediatek.batterywarning/com.mediatek.batterywarning.BatteryWarningReceiver},action = mediatek.intent.action.BATTERY_NORMAL]
04-12 20:43:05.329249  1750  4271 I am_proc_bound: [0,8522,com.mediatek.batterywarning]
04-12 20:43:05.360537  1750  2523 I dvm_lock_sample: [system_server,1,binder:1750_9,5,BroadcastController.java,322,android.content.Intent com.android.server.am.BroadcastController.registerReceiverWithFeatureTraced(android.app.IApplicationThread, java.lang.String, java.lang.String, java.lang.String, android.content.IIntentReceiver, android.content.IntentFilter, java.lang.String, int, int),OomAdjusterModernImpl.java,923,void com.android.server.am.OomAdjusterModernImpl.performUpdateOomAdjPendingTargetsLocked(int),1]
04-12 20:43:05.441184  1750  2073 I dvm_lock_sample: [system_server,1,SettingsProvider,73,JobSchedulerService.java,2233,android.app.job.JobInfo com.android.server.job.JobSchedulerService.getPendingJob(int, java.lang.String, int),JobServiceContext.java,509,boolean com.android.server.job.JobServiceContext.executeRunnableJob(com.android.server.job.controllers.JobStatus, int),14]
04-12 20:43:05.535605  1750  2159 I input_interaction: Interaction with: aec157a com.android.settings/com.android.settings.Settings, [Gesture Monitor] edge-swipe, [Gesture Monitor] TranGestureMonitor, [Gesture Monitor] TranGestureMonitor, PointerEventDispatcher0, 
04-12 20:43:05.632580  2733  2961 I jank_cuj_events_end_request: [10425,1775997785632410000,40403813848,40403813848]
04-12 20:43:05.645252  3166  8654 I jank_cuj_events_begin_request: [10001,1775997785639214000,40410617310,40410617540,]
04-12 20:43:05.657679  1750  2073 I commit_sys_config_file: [settings-0-0,57]
04-12 20:43:05.662530  1750  2517 I dvm_lock_sample: [system_server,1,binder:1750_7,95,ActivityManagerService.java,15048,android.content.ComponentName com.android.server.am.ActivityManagerService.startService(android.app.IApplicationThread, android.content.Intent, java.lang.String, boolean, java.lang.String, java.lang.String, int, boolean, int, java.lang.String, java.lang.String),BroadcastQueueImpl.java,495,void com.android.server.am.BroadcastQueueImpl.updateRunningList(),19]
04-12 20:43:05.688727  1750  2902 I dvm_lock_sample: [system_server,1,binder:1750_F,112,ActivityManagerService.java,21462,boolean com.android.server.am.ActivityManagerService.checkExecutingCmp(int, java.lang.String, java.util.ArrayList),,0,null,22]
04-12 20:43:05.694553  1750  2903 I dvm_lock_sample: [system_server,0,binder:1750_10,134,BroadcastController.java,1927,void com.android.server.am.BroadcastController.finishReceiver(android.os.IBinder, int, java.lang.String, android.os.Bundle, boolean, int),,0,null,26]
04-12 20:43:05.731381  1750  1922 I am_uid_running: 10241
04-12 20:43:05.748158  1750  1892 I commit_sys_config_file: [notification-policy,9]
04-12 20:43:05.749724  1750  4349 I dvm_lock_sample: [system_server,1,binder:1750_1F,36,ActivityManagerService.java,15305,boolean com.android.server.am.ActivityManagerService.unbindService(android.app.IServiceConnection),,0,null,7]
04-12 20:43:05.776898  2733  2961 I jank_cuj_events_begin_request: [10501,1775997785766139000,40537543079,40537543079,]
04-12 20:43:05.788482  1750  1923 I am_proc_start: [0,8674,10241,com.android.chrome,broadcast,{com.android.chrome/com.google.android.apps.chrome.rlz.RevenueStatsConfigurationUpdateReceiver},caller=com.google.android.partnersetup/10221,action = com.google.android.partnersetup.action.CONFIGURATION_UPDATE]
04-12 20:43:05.840076  1750  4269 I am_proc_bound: [0,8674,com.android.chrome]
04-12 20:43:05.848000  8674  8674 I auditd  : type=1400 audit(0.0:946): avc:  denied  { search } for  comm="binder:8674_2" name="/" dev="sdc87" ino=2 scontext=u:r:untrusted_app:s0:c241,c256,c512,c768 tcontext=u:object_r:tranfs_file:s0 tclass=dir permissive=0 app=com.android.chrome
04-12 20:43:05.866419  1750  4269 I dvm_lock_sample: [system_server,1,binder:1750_17,15,ActivityManagerService.java,15319,void com.android.server.am.ActivityManagerService.publishService(android.os.IBinder, android.content.Intent, android.os.IBinder),,0,null,3]
