04-12 20:42:55.591851  1750  1894 I snet_event_log: updateFrameRateVote [pkg = com.android.systemui title = DynamicBar refreshRate = 90.0 modeId = 3 setting =10000 peak = 120.0 mTopApp = com.android.settings]
04-12 20:42:55.598484  2733  3232 I viewroot_draw_event: [VRI[DynamicBar],reportDrawFinished seqId=0]
04-12 20:42:55.640724  2733  2961 I jank_cuj_events_begin_request: [10500,1775997775636146000,30407550155,30407550232,]
04-12 20:42:55.723827  1750  2644 I am_uid_active: 10230
04-12 20:42:55.755073  1750  4253 I am_uid_running: 10131
04-12 20:42:55.789946  1750  1923 I am_proc_start: [0,6470,10131,com.google.android.mosey,service,{com.google.android.mosey/com.google.android.mosey.ExternalSharingService},caller=com.google.android.gms.persistent/10232]
04-12 20:42:55.806436  1750  2994 I am_proc_bound: [0,6470,com.google.android.mosey]
04-12 20:42:55.859110  1750  2159 I input_interaction: Interaction with: f43d327 com.android.settings/com.transsion.settings.usbdialog.UsbMTPChooserActivity, [Gesture Monitor] edge-swipe, [Gesture Monitor] TranGestureMonitor, [Gesture Monitor] TranGestureMonitor, PointerEventDispatcher0, 
04-12 20:42:55.869722  1750  1894 I snet_event_log: updateFrameRateVote [pkg = com.android.systemui title = com.android.systemui.wallpapers.ImageWallpaper refreshRate = 90.0 modeId = 3 setting =10000 peak = 120.0 mTopApp = com.android.settings]
04-12 20:42:55.870127  1750  1894 I snet_event_log: updateFrameRateVote [pkg = com.transsion.launcher3 title = com.transsion.launcher3/com.android.launcher3.uioverrides.QuickstepLauncher refreshRate = 120.00001 modeId = 2 setting =10000 peak = 120.0 mTopApp = com.android.settings]
04-12 20:42:55.870531  1750  1894 I snet_event_log: updateFrameRateVote [pkg = com.transsion.launcher3 title = ZeroScreen refreshRate = 120.00001 modeId = 2 setting =10000 peak = 120.0 mTopApp = com.android.settings]
04-12 20:42:55.870652  1750  1894 I snet_event_log: updateFrameRateVote [pkg = com.android.settings title = com.android.settings/com.transsion.settings.usbdialog.UsbMTPChooserActivity refreshRate = 120.00001 modeId = 2 setting =10000 peak = 120.0 mTopApp = com.android.settings]
04-12 20:42:55.870903  1750  1894 I snet_event_log: updateFrameRateVote [pkg = com.transsion.launcher3 title = Taskbar refreshRate = 120.00001 modeId = 2 setting =10000 peak = 120.0 mTopApp = com.android.settings]
04-12 20:42:55.871023  1750  1894 I snet_event_log: updateFrameRateVote [pkg = com.android.systemui title = DynamicBar refreshRate = 90.0 modeId = 3 setting =10000 peak = 120.0 mTopApp = com.android.settings]
04-12 20:42:55.876007  1750  1923 I am_proc_start: [0,6494,1000,com.transsion.statisticalsales,broadcast,{com.transsion.statisticalsales/com.transsion.statisticalsales.receiver.SimReceiver},caller=com.android.phone/1001,action = android.telephony.action.SIM_CARD_STATE_CHANGED]
04-12 20:42:55.887814  1750  2902 I am_proc_bound: [0,6494,com.transsion.statisticalsales]
04-12 20:42:55.923874  1750  4342 I am_uid_active: 10131
04-12 20:42:55.969676  2733  2961 I jank_cuj_events_end_request: [10425,1775997775969612000,30741016309,30741016309]
04-12 20:42:55.980160  1750  4342 I wm_finish_activity: [0,207814871,57,com.android.settings/com.transsion.settings.usbdialog.UsbMTPChooserActivity,app-request]
04-12 20:42:55.984137  1750  4342 I wm_task_moved: [1,1,0,1,2]
04-12 20:42:55.984156  1750  4342 I wm_task_to_front: [0,2,0]
04-12 20:42:55.984563  1750  4342 I wm_task_moved: [2,1,0,1,2147483647]
04-12 20:42:55.984673  1750  4342 I wm_focused_root_task: [0,0,1,-1,finish-top adjustFocusToNextFocusableTask]
04-12 20:42:55.985087  1750  4342 I wm_pause_activity: [0,207814871,com.android.settings/com.transsion.settings.usbdialog.UsbMTPChooserActivity,userLeaving=false,finish]
04-12 20:42:55.990195  3166  3166 I wm_on_top_resumed_lost_called: [207814871,com.transsion.settings.usbdialog.UsbMTPChooserActivity,topStateChangedWhenResumed]
04-12 20:42:55.990664  1750  1894 I wm_dim_exit: [142,-,1,0]
04-12 20:42:55.990743  1750  1894 I wm_dim_cancel_anim: [142,new target values]
04-12 20:42:55.990807  1750  1894 I wm_dim_animate: [142,0.000000,0.000000]
04-12 20:42:55.993511  3166  3166 I wm_on_paused_called: [207814871,com.transsion.settings.usbdialog.UsbMTPChooserActivity,performPause,1]
04-12 20:42:55.993917  1750  4276 I wm_add_to_stopping: [0,207814871,com.android.settings/com.transsion.settings.usbdialog.UsbMTPChooserActivity,completeFinishing]
04-12 20:42:55.996764  1750  4276 I wm_set_resumed_activity: [0,com.transsion.launcher3/com.android.launcher3.uioverrides.QuickstepLauncher,resumeTopActivity - onActivityStateChanged]
04-12 20:42:55.998387  2733  2961 I jank_cuj_events_cancel_request: [0,1775997775993231000,30764634847,30764635078]
04-12 20:42:55.998415  2733  2961 I jank_cuj_events_cancel_request: [5,1775997775993284000,30764688078,30764688078]
04-12 20:42:56.000527  1750  4276 I wm_resume_activity: [0,97595641,2,com.transsion.launcher3/com.android.launcher3.uioverrides.QuickstepLauncher]
04-12 20:42:56.003167  2419  2419 I wm_on_resume_called: [97595641,com.android.launcher3.uioverrides.QuickstepLauncher,RESUME_ACTIVITY,0]
04-12 20:42:56.003382  2419  2419 I wm_on_top_resumed_gained_called: [97595641,com.android.launcher3.uioverrides.QuickstepLauncher,topWhenResuming]
04-12 20:42:56.009191  2733  2961 I jank_cuj_events_begin_request: [20100,1775997776005566000,30776969924,30776969924,]
04-12 20:42:56.013719  1750  1894 I input_focus: [Focus request 7401100 com.transsion.launcher3/com.android.launcher3.uioverrides.QuickstepLauncher,reason=UpdateInputWindows]
04-12 20:42:56.018059  1750  1877 I sysui_multi_action: [757,803,799,window_time_0,802,1]
04-12 20:42:56.026233  1750  2159 I input_focus: [Focus entering 7401100 com.transsion.launcher3/com.android.launcher3.uioverrides.QuickstepLauncher,reason=setFocusedWindow]
04-12 20:42:56.036000  1750  1892 I commit_sys_config_file: [notification-policy,24]
04-12 20:42:56.038682  1750  1894 I snet_event_log: updateFrameRateVote [pkg = com.transsion.livewallpaper.custompictorial title = com.transsion.livewallpaper.pictorial.CustomPictorialWallpaperService refreshRate = 120.00001 modeId = 2 setting =10000 peak = 120.0 mTopApp = com.transsion.launcher3]
04-12 20:42:56.038762  1750  1894 I snet_event_log: updateFrameRateVote [pkg = com.android.systemui title = com.android.systemui.wallpapers.ImageWallpaper refreshRate = 120.00001 modeId = 2 setting =10000 peak = 120.0 mTopApp = com.transsion.launcher3]
04-12 20:42:56.039016  1750  1894 I snet_event_log: updateFrameRateVote [pkg = com.transsion.smartpanel title = SmartPanel_handleView refreshRate = 120.00001 modeId = 2 setting =10000 peak = 120.0 mTopApp = com.transsion.launcher3]
04-12 20:42:56.039062  1750  1894 I snet_event_log: updateFrameRateVote [pkg = com.android.systemui title = DynamicBar refreshRate = 120.00001 modeId = 2 setting =10000 peak = 120.0 mTopApp = com.transsion.launcher3]
04-12 20:42:56.047513  1750  1894 I wm_dim_finish_anim: 142
04-12 20:42:56.047570  1750  1894 I wm_dim_cancel_anim: [142,ready to remove]
04-12 20:42:56.047583  1750  1894 I wm_dim_removed: 142
04-12 20:42:56.117350  1750  2994 I dvm_lock_sample: [system_server,1,binder:1750_11,9,ContentService.java,394,void com.android.server.content.ContentService.registerContentObserver(android.net.Uri, boolean, android.database.IContentObserver, int, int),-,399,void com.android.server.content.ContentService.registerContentObserver(android.net.Uri, boolean, android.database.IContentObserver, int, int),1]
04-12 20:42:56.129914  1750  2235 I netstats_mobile_sample: [0,0,0,0,0,0,0,0,1775997776673]
04-12 20:42:56.130036  1750  2235 I netstats_wifi_sample: [261344,105390,520,582,259407,105006,493,576,1775997776673]
04-12 20:42:56.136000  2423  2423 I auditd  : type=1400 audit(0.0:663): avc:  denied  { getopt } for  comm="FinalizerDaemon" path="/dev/socket/usap_pool_primary" scontext=u:r:gmscore_app:s0:c512,c768 tcontext=u:r:zygote:s0 tclass=unix_stream_socket permissive=0 app=com.google.android.gms
04-12 20:42:56.156200  1750  1922 I am_uid_running: 10102
04-12 20:42:56.187068  1750  2524 I am_proc_died: [0,6494,com.transsion.statisticalsales,0,11]
04-12 20:42:56.188737  1750  1923 I am_proc_start: [0,5088,10102,com.android.traceur,broadcast,{com.android.traceur/com.android.traceur.Receiver},action = android.intent.action.BOOT_COMPLETED]
04-12 20:42:56.202903  1750  1922 I am_wtf  : [0,1750,system_server,-1,JobScheduler.JobStatus,App com.google.android.apps.wellbeing became active but still in NEVER bucket]
04-12 20:42:56.203078  1750  1922 I am_wtf  : [0,1750,system_server,-1,JobScheduler.JobStatus,App com.google.android.apps.wellbeing became active but still in NEVER bucket]
04-12 20:42:56.204137  1750  4614 I dvm_lock_sample: [system_server,1,binder:1750_20,23,ActivityManagerService.java,5375,void com.android.server.am.ActivityManagerService.attachApplication(android.app.IApplicationThread, long),,0,null,4]
04-12 20:42:56.204511  1750  4614 I am_proc_bound: [0,5088,com.android.traceur]
04-12 20:42:56.209816  1750  1922 I am_wtf  : [0,1750,system_server,-1,JobScheduler.JobStatus,App com.google.android.apps.wellbeing became active but still in NEVER bucket]
04-12 20:42:56.212000  5088  5088 I auditd  : type=1400 audit(0.0:664): avc:  denied  { read write } for  comm="re-initialized>" name="ensignal" dev="tmpfs" ino=2080 scontext=u:r:traceur_app:s0:c102,c256,c512,c768 tcontext=u:object_r:ensignal_device:s0 tclass=chr_file permissive=0 app=com.android.traceur
04-12 20:42:56.213973  1750  2523 I dvm_lock_sample: [system_server,1,binder:1750_9,32,BroadcastController.java,532,android.content.Intent com.android.server.am.BroadcastController.registerReceiverWithFeatureTraced(android.app.IApplicationThread, java.lang.String, java.lang.String, java.lang.String, android.content.IIntentReceiver, android.content.IntentFilter, java.lang.String, int, int),,0,null,6]
04-12 20:42:56.214122  1750  2644 I dvm_lock_sample: [system_server,1,binder:1750_B,52,ActivityManagerService.java,15319,void com.android.server.am.ActivityManagerService.publishService(android.os.IBinder, android.content.Intent, android.os.IBinder),,0,null,10]
04-12 20:42:56.216000  5088  5088 I auditd  : type=1400 audit(0.0:665): avc:  denied  { search } for  comm="binder:5088_2" name="/" dev="sdc87" ino=2 scontext=u:r:traceur_app:s0:c102,c256,c512,c768 tcontext=u:object_r:tranfs_file:s0 tclass=dir permissive=0 app=com.android.traceur
04-12 20:42:56.220813  1750  2524 I dvm_lock_sample: [system_server,1,binder:1750_A,20,BroadcastController.java,759,int com.android.server.am.BroadcastController.broadcastIntentWithFeature(android.app.IApplicationThread, java.lang.String, android.content.Intent, java.lang.String, android.content.IIntentReceiver, int, java.lang.String, android.os.Bundle, java.lang.String[], java.lang.String[], java.lang.String[], int, android.os.Bundle, boolean, boolean, int),,0,null,4]
04-12 20:42:56.222994  1750  1922 I am_wtf  : [0,1750,system_server,-1,JobScheduler.JobStatus,App com.google.android.apps.wellbeing became active but still in NEVER bucket]
04-12 20:42:56.223065  1750  1922 I am_wtf  : [0,1750,system_server,-1,JobScheduler.JobStatus,App com.google.android.apps.wellbeing became active but still in NEVER bucket]
04-12 20:42:56.220000  5088  5088 I auditd  : type=1400 audit(0.0:666): avc:  denied  { read write } for  comm="re-initialized>" name="ensignal" dev="tmpfs" ino=2080 scontext=u:r:traceur_app:s0:c102,c256,c512,c768 tcontext=u:object_r:ensignal_device:s0 tclass=chr_file permissive=0 app=com.android.traceur
04-12 20:42:56.244000  6470  6470 I auditd  : type=1400 audit(0.0:667): avc:  denied  { search } for  comm="GoogleApiHandle" name="com.google.android.mosey" dev="dm-79" ino=9401 scontext=u:r:mosey_app:s0:c131,c256,c512,c768 tcontext=u:object_r:app_data_file:s0:c131,c256,c512,c768 tclass=dir permissive=0 app=com.google.android.mosey
04-12 20:42:56.262158  1750  1922 I am_uid_active: 10194
04-12 20:42:56.268758  2733  2961 I jank_cuj_events_end_request: [20100,1775997776268516000,31039919694,31039919771]
04-12 20:42:56.284255  1750  1893 I wm_destroy_activity: [0,207814871,57,com.android.settings/com.transsion.settings.usbdialog.UsbMTPChooserActivity,finish-imm:idle]
04-12 20:42:56.289950  1750  1750 I dvm_lock_sample: [system_server,0,main,10,DeviceIdleJobsController.java,108,void com.android.server.job.controllers.DeviceIdleJobsController$1.onReceive(android.content.Context, android.content.Intent),QuotaController.java,2247,void com.android.server.job.controllers.QuotaController$Timer.stopTrackingJob(com.android.server.job.controllers.JobStatus),2]
04-12 20:42:56.309699  3166  3166 I viewroot_draw_event: [VRI[UsbMTPChooserActivity],Not drawing due to not visible. Reason=!mAppVisible && !mForceDecorViewVisibility]
04-12 20:42:56.311047  3166  3166 I wm_on_stop_called: [207814871,com.transsion.settings.usbdialog.UsbMTPChooserActivity,LIFECYCLER_STOP_ACTIVITY,1]
04-12 20:42:56.313370  1750  1894 I snet_event_log: updateFrameRateVote [pkg = com.android.systemui title = com.android.systemui.wallpapers.ImageWallpaper refreshRate = 90.0 modeId = 3 setting =10000 peak = 120.0 mTopApp = com.transsion.launcher3]
04-12 20:42:56.313759  1750  1894 I snet_event_log: updateFrameRateVote [pkg = com.android.systemui title = DynamicBar refreshRate = 90.0 modeId = 3 setting =10000 peak = 120.0 mTopApp = com.transsion.launcher3]
04-12 20:42:56.315346  1750  2524 I am_uid_active: 10102
04-12 20:42:56.316263  3166  3166 I wm_on_destroy_called: [207814871,com.transsion.settings.usbdialog.UsbMTPChooserActivity,performDestroy,4]
04-12 20:42:56.327514  1750  4347 I wm_task_removed: [57,57,0,removeChild, last child = ActivityRecord{207814871 u0 com.android.settings/com.transsion.settings.usbdialog.UsbMTPChooserActivity t-1 f}} in Task{d6cd373 #57 type=standard A=1000:com.android.settings nonResizable}]
04-12 20:42:56.356918  2733  2961 I jank_cuj_events_end_request: [10500,1775997776356243000,31127647078,31127647078]
04-12 20:42:56.377446  1750  1923 I am_proc_start: [0,6635,1000,com.transsion.statisticalsales,broadcast,{com.transsion.statisticalsales/com.transsion.statisticalsales.receiver.SimReceiver},caller=com.android.phone/1001,action = android.telephony.action.SIM_CARD_STATE_CHANGED]
04-12 20:42:56.385653  1750  1878 I dvm_lock_sample: [system_server,1,android.ui,12,ActivityManagerService.java,17319,void com.android.server.am.ActivityManagerService.pushTempAllowlist(),,0,null,2]
04-12 20:42:56.385853  1750  4244 I am_proc_bound: [0,6635,com.transsion.statisticalsales]
04-12 20:42:56.430477  1750  1922 I am_wtf  : [0,1750,system_server,-1,JobScheduler.JobStatus,App com.google.android.apps.wellbeing became active but still in NEVER bucket]
04-12 20:42:56.514375  1750  1923 I am_proc_start: [0,5092,1000,com.autotest.factory_reset_stress,broadcast,{com.autotest.factory_reset_stress/com.autotest.factory_reset_stress.MainReceiver},action = android.intent.action.BOOT_COMPLETED]
04-12 20:42:56.537881  1750  2994 I am_proc_bound: [0,5092,com.autotest.factory_reset_stress]
04-12 20:42:56.592422  1750  2073 I commit_sys_config_file: [settings-1-0,1]
04-12 20:42:56.592493  1750  2523 I am_proc_died: [0,6635,com.transsion.statisticalsales,0,11]
04-12 20:42:56.644776  1750  2159 I input_interaction: Interaction with: 7401100 com.transsion.launcher3/com.android.launcher3.uioverrides.QuickstepLauncher, 9a87f3a com.android.systemui.wallpapers.ImageWallpaper, [Gesture Monitor] edge-swipe, [Gesture Monitor] TranGestureMonitor, [Gesture Monitor] TranGestureMonitor, PointerEventDispatcher0, 
04-12 20:42:56.683692  1750  1922 I am_uid_running: 10220
04-12 20:42:56.693819  2733  2961 I jank_cuj_events_end_request: [10425,1775997776690780000,31462184309,31462184309]
04-12 20:42:56.704062  1750  1923 I am_proc_start: [0,6669,10220,com.google.android.onetimeinitializer,broadcast,{com.google.android.onetimeinitializer/com.google.android.onetimeinitializer.OneTimeInitializerReceiver},action = android.intent.action.BOOT_COMPLETED]
04-12 20:42:56.708485  1750  4614 I wm_task_created: 58
04-12 20:42:56.712060  1750  4614 I wm_task_moved: [58,58,0,1,2]
04-12 20:42:56.712082  1750  4614 I wm_task_to_front: [0,58,0]
04-12 20:42:56.712467  1750  1922 I am_wtf  : [0,1750,system_server,-1,JobScheduler.JobStatus,App com.google.android.apps.wellbeing became active but still in NEVER bucket]
04-12 20:42:56.712813  1750  4614 I wm_create_task: [0,58,58,0]
04-12 20:42:56.712823  1750  4614 I wm_create_activity: [0,157128391,58,com.android.vending/.AssetBrowserActivity,android.intent.action.MAIN,NULL,NULL,270532608]
04-12 20:42:56.712878  1750  4614 I wm_task_moved: [58,58,0,1,2]
04-12 20:42:56.716282  1750  4614 I wm_pause_activity: [0,97595641,com.transsion.launcher3/com.android.launcher3.uioverrides.QuickstepLauncher,userLeaving=true,pauseBackTasks]
04-12 20:42:56.721034  2419  2419 I wm_on_top_resumed_lost_called: [97595641,com.android.launcher3.uioverrides.QuickstepLauncher,topStateChangedWhenResumed]
04-12 20:42:56.721695  2419  2419 I wm_on_paused_called: [97595641,com.android.launcher3.uioverrides.QuickstepLauncher,performPause,1]
04-12 20:42:56.723725  1750  4614 I wm_add_to_stopping: [0,97595641,com.transsion.launcher3/com.android.launcher3.uioverrides.QuickstepLauncher,makeInvisible]
04-12 20:42:56.734699  1750  2011 I wm_restart_activity: [0,157128391,58,com.android.vending/.AssetBrowserActivity]
04-12 20:42:56.737194  1750  2011 I wm_set_resumed_activity: [0,com.android.vending/.AssetBrowserActivity,realStartActivityLocked - onActivityStateChanged]
04-12 20:42:56.739857  1750  1877 I sysui_multi_action: [757,803,799,window_time_0,802,1]
04-12 20:42:56.742822  1750  1894 I snet_event_log: updateFrameRateVote [pkg = com.android.systemui title = com.android.systemui.wallpapers.ImageWallpaper refreshRate = 120.00001 modeId = 2 setting =10000 peak = 120.0 mTopApp = com.transsion.launcher3]
04-12 20:42:56.747417  1750  1894 I input_focus: [Requesting to set focus to null window,reason=UpdateInputWindows]
04-12 20:42:56.753159  2419  2869 I jank_cuj_events_begin_request: [8,1775997776744464000,31515867694,31515867771,openApp_Window]
04-12 20:42:56.765853  1750  1894 I snet_event_log: updateFrameRateVote [pkg = com.android.systemui title = DynamicBar refreshRate = 120.00001 modeId = 2 setting =10000 peak = 120.0 mTopApp = com.android.vending]
04-12 20:42:56.771809  1750  2159 I input_focus: [Focus leaving 7401100 com.transsion.launcher3/com.android.launcher3.uioverrides.QuickstepLauncher,reason=NO_WINDOW]
04-12 20:42:56.781125  1750  2235 I am_proc_bound: [0,6669,com.google.android.onetimeinitializer]
04-12 20:42:56.786781  5033  5033 I wm_on_create_called: [157128391,com.android.vending.AssetBrowserActivity,performCreate,38]
04-12 20:42:56.787471  1750  1894 I snet_event_log: updateFrameRateVote [pkg = com.android.vending title = Splash Screen com.android.vending refreshRate = 120.00001 modeId = 2 setting =10000 peak = 120.0 mTopApp = com.android.vending]
04-12 20:42:56.790106  5033  5033 I wm_on_start_called: [157128391,com.android.vending.AssetBrowserActivity,handleStartActivity,2]
04-12 20:42:56.794848  5033  5033 I wm_on_resume_called: [157128391,com.android.vending.AssetBrowserActivity,RESUME_ACTIVITY,3]
04-12 20:42:56.813040  2733  3046 I viewroot_draw_event: [VRI[vending],reportDrawFinished seqId=0]
04-12 20:42:56.817164  1750  1860 I netstats_mobile_sample: [0,0,0,0,0,0,0,0,1775997777360]
04-12 20:42:56.829404  1750  1860 I netstats_wifi_sample: [300406,116663,605,660,298149,116279,573,654,1775997777360]
04-12 20:42:56.852025  5033  5033 I wm_on_top_resumed_gained_called: [157128391,com.android.vending.AssetBrowserActivity,topStateChangedWhenResumed]
04-12 20:42:56.866239  1750  1894 I input_focus: [Focus request b4c55f com.android.vending/com.android.vending.AssetBrowserActivity,reason=UpdateInputWindows]
04-12 20:42:56.870667  1750  1894 I snet_event_log: updateFrameRateVote [pkg = com.android.vending title = com.android.vending/com.android.vending.AssetBrowserActivity refreshRate = 120.00001 modeId = 2 setting =10000 peak = 120.0 mTopApp = com.android.vending]
04-12 20:42:56.872154  5033  5033 I viewroot_draw_event: [VRI[AssetBrowserActivity],Canceling draw. cancelDueToPreDrawListener=true cancelDueToSync=false]
04-12 20:42:56.904741  1750  1893 I dvm_lock_sample: [system_server,1,android.display,91,ActivityManagerService.java,19224,void com.android.server.am.ActivityManagerService$LocalService.startProcess(java.lang.String, android.content.pm.ApplicationInfo, boolean, boolean, java.lang.String, android.content.ComponentName),,0,null,18]
04-12 20:42:56.905529  1750  2523 I dvm_lock_sample: [system_server,1,binder:1750_9,128,ActivityManagerService.java,18355,void com.android.server.am.ActivityManagerService$LocalService.setPendingIntentAllowBgActivityStarts(android.content.IIntentSender, android.os.IBinder, int),,0,null,25]
04-12 20:42:56.969508  1750  2219 I notification_enqueue: [10233,5779,com.google.android.googlequicksearchbox,0,-1543423057::SUMMARY::ct,0,Notification(channel=74 shortcut=null contentView=null vibrate=null sound=null defaults=0 flags=GROUP_SUMMARY color=0x00000000 groupKey=-1543423057::SUMMARY::ct vis=PRIVATE publicVersion=Notification(channel=null shortcut=null contentView=null vibrate=null sound=null defaults=0 flags=0 color=0x00000000 vis=PRIVATE)),0,1]
04-12 20:42:56.983532  1750  4614 I am_uid_active: 10220
04-12 20:42:56.988909  1750  1922 I am_uid_running: 10133
04-12 20:42:57.047198  1750  2011 I dvm_lock_sample: [system_server,1,binder:1750_4,89,ActivityManagerService.java,15283,int com.android.server.am.ActivityManagerService.bindServiceInstance(android.app.IApplicationThread, android.os.IBinder, android.content.Intent, java.lang.String, android.app.IServiceConnection, long, java.lang.String, boolean, int, java.lang.String, android.app.IApplicationThread, java.lang.String, int),,0,null,17]
04-12 20:42:57.058885  1750  2644 I dvm_lock_sample: [system_server,1,binder:1750_B,117,ActivityManagerService.java,7456,void com.android.server.am.ActivityManagerService.grantUriPermission(android.app.IApplicationThread, java.lang.String, android.net.Uri, int, int),,0,null,23]
04-12 20:42:57.062665  1750  1878 I dvm_lock_sample: [system_server,1,android.ui,72,ActivityManagerService.java,18388,void com.android.server.am.ActivityManagerService$LocalService.updateDeviceIdleTempAllowlist(int[], int, boolean, long, int, int, java.lang.String, int),,0,null,14]
04-12 20:42:57.066860  1750  4342 I dvm_lock_sample: [system_server,1,binder:1750_1C,72,ActivityManagerService.java,15283,int com.android.server.am.ActivityManagerService.bindServiceInstance(android.app.IApplicationThread, android.os.IBinder, android.content.Intent, java.lang.String, android.app.IServiceConnection, long, java.lang.String, boolean, int, java.lang.String, android.app.IApplicationThread, java.lang.String, int),,0,null,14]
04-12 20:42:57.087903  1750  2646 I am_proc_start: [0,6709,10133,com.scorpio.securitycom,broadcast,{com.scorpio.securitycom/com.scorpio.receive.StaticReceiver},action = android.intent.action.BOOT_COMPLETED]
04-12 20:42:57.088924  1750  2646 I am_proc_bound: [0,6709,com.scorpio.securitycom]
04-12 20:42:57.093928  1750  4347 I dvm_lock_sample: [system_server,1,binder:1750_1E,102,BroadcastController.java,532,android.content.Intent com.android.server.am.BroadcastController.registerReceiverWithFeatureTraced(android.app.IApplicationThread, java.lang.String, java.lang.String, java.lang.String, android.content.IIntentReceiver, android.content.IntentFilter, java.lang.String, int, int),,0,null,20]
04-12 20:42:57.113072  1750  2524 I am_uid_running: 10256
04-12 20:42:57.130631  1750  1750 I dvm_lock_sample: [system_server,0,main,188,JobServiceContext.java,1087,void com.android.server.job.JobServiceContext.onServiceConnected(android.content.ComponentName, android.os.IBinder),,0,null,37]
04-12 20:42:57.139438  1750  1892 I dvm_lock_sample: [system_server,0,android.io,163,JobStore.java,729,void com.android.server.job.JobStore$2.run(),,0,null,32]
04-12 20:42:57.142437  1750  1892 I commit_sys_config_file: [jobs,1]
04-12 20:42:57.143774  1750  1892 I commit_sys_config_file: [jobs,2]
04-12 20:42:57.144309  2423  4550 I dvm_lock_sample: [com.google.android.gms.persisten,0,CMEventHandler,209,:com.google.android.gms@261233035@26.12.33 (260400-892550550),3,abmu abrn.u(),-,12,abmu abrn.u(),41]
04-12 20:42:57.164892  1750  1874 I am_uid_running: 10144
04-12 20:42:57.177502  1750  2219 I sysui_multi_action: [757,199,758,1,759,16,793,401,794,0,795,401,796,0,797,-1543423057::SUMMARY::ct,806,com.google.android.googlequicksearchbox,857,74,858,2,946,-1543423057::SUMMARY::ct,947,1,1500,401,1688,1]
04-12 20:42:57.178116  1750  2219 I notification_alert: [0|com.google.android.googlequicksearchbox|0|-1543423057::SUMMARY::ct|10233,0,0,0,2,0]
04-12 20:42:57.187262  1750  1923 I am_proc_start: [0,6790,10256,com.rlk.weathers,service,{com.rlk.weathers/com.transsion.apiinvoke.ipc.connect.CommonRouterApiService},caller=com.transsion.kolun.aiservice/1000]
04-12 20:42:57.220215  1750  1923 I am_proc_start: [0,6810,10144,com.transsion.trancare,service,{com.transsion.trancare/com.transsion.trancare.MainService},caller=system/1000]
04-12 20:42:57.228000  4915  4915 I auditd  : type=1400 audit(0.0:688): avc:  denied  { read } for  comm="izedService.xos" name="rid" dev="proc" ino=4026533863 scontext=u:r:untrusted_app:s0:c208,c256,c512,c768 tcontext=u:object_r:proc_rid:s0 tclass=file permissive=0 app=com.transsion.personalizedService.xos
04-12 20:42:57.254190  1750  1922 I dvm_lock_sample: [system_server,1,ActivityManager,81,BroadcastQueueImpl.java,493,void com.android.server.am.BroadcastQueueImpl.updateRunningList(),,0,null,16]
04-12 20:42:57.259216  1750  4347 I dvm_lock_sample: [system_server,1,binder:1750_1E,81,ActivityManagerService.java,15048,android.content.ComponentName com.android.server.am.ActivityManagerService.startService(android.app.IApplicationThread, android.content.Intent, java.lang.String, boolean, java.lang.String, java.lang.String, int, boolean, int, java.lang.String, java.lang.String),,0,null,16]
04-12 20:42:57.268000  4915  4915 I auditd  : type=1400 audit(0.0:689): avc:  denied  { read } for  comm="izedService.xos" name="u:object_r:serialno_prop:s0" dev="tmpfs" ino=413 scontext=u:r:untrusted_app:s0:c208,c256,c512,c768 tcontext=u:object_r:serialno_prop:s0 tclass=file permissive=0 app=com.transsion.personalizedService.xos
04-12 20:42:57.274816  1750  1860 I dvm_lock_sample: [system_server,1,binder:1750_2,226,JobSchedulerService.java,2399,boolean com.android.server.job.JobSchedulerService.cancelJob(int, java.lang.String, int, int, int),,0,null,45]
04-12 20:42:57.279391  2419  2869 I jank_cuj_events_end_request: [8,1775997777279159000,32050562540,32050562540]
04-12 20:42:57.287544  1750  1894 I wm_wallpaper_surface: [0,0,Window{7401100 u0 com.transsion.launcher3/com.android.launcher3.uioverrides.QuickstepLauncher}]
04-12 20:42:57.288000  4852  4852 I auditd  : type=1400 audit(0.0:690): avc:  denied  { read } for  comm="Athena-Worker" name="rid" dev="proc" ino=4026533863 scontext=u:r:priv_app:s0:c512,c768 tcontext=u:object_r:proc_rid:s0 tclass=file permissive=0 app=com.transsion.globalsearch
04-12 20:42:57.306038  2419  2419 I viewroot_draw_event: [VRI[QuickstepLauncher],Not drawing due to not visible. Reason=!mAppVisible && !mForceDecorViewVisibility]
04-12 20:42:57.307183  1750  1894 I snet_event_log: updateFrameRateVote [pkg = com.android.systemui title = com.android.systemui.wallpapers.ImageWallpaper refreshRate = 90.0 modeId = 3 setting =10000 peak = 120.0 mTopApp = com.android.vending]
04-12 20:42:57.307583  1750  1894 I snet_event_log: updateFrameRateVote [pkg = com.android.systemui title = DynamicBar refreshRate = 90.0 modeId = 3 setting =10000 peak = 120.0 mTopApp = com.android.vending]
04-12 20:42:57.318808  4915  4915 I viewroot_draw_event: [VRI[ZeroScreen],Not drawing due to not visible. Reason=!mAppVisible && !mForceDecorViewVisibility]
04-12 20:42:57.322421  1750  4342 I am_proc_bound: [0,6810,com.transsion.trancare]
04-12 20:42:57.331449  1750  4271 I dvm_lock_sample: [system_server,1,binder:1750_18,70,ActivityManagerService.java,15283,int com.android.server.am.ActivityManagerService.bindServiceInstance(android.app.IApplicationThread, android.os.IBinder, android.content.Intent, java.lang.String, android.app.IServiceConnection, long, java.lang.String, boolean, int, java.lang.String, android.app.IApplicationThread, java.lang.String, int),,0,null,14]
04-12 20:42:57.333411  1750  4276 I dvm_lock_sample: [system_server,1,binder:1750_19,69,BroadcastController.java,532,android.content.Intent com.android.server.am.BroadcastController.registerReceiverWithFeatureTraced(android.app.IApplicationThread, java.lang.String, java.lang.String, java.lang.String, android.content.IIntentReceiver, android.content.IntentFilter, java.lang.String, int, int),,0,null,13]
04-12 20:42:57.358431  1750  3320 I am_proc_bound: [0,6790,com.rlk.weathers]
04-12 20:42:57.363983  1750  2517 I dvm_lock_sample: [system_server,1,binder:1750_7,37,BroadcastController.java,532,android.content.Intent com.android.server.am.BroadcastController.registerReceiverWithFeatureTraced(android.app.IApplicationThread, java.lang.String, java.lang.String, java.lang.String, android.content.IIntentReceiver, android.content.IntentFilter, java.lang.String, int, int),,0,null,7]
04-12 20:42:57.370554  5033  5033 I viewroot_draw_event: [VRI[AssetBrowserActivity],Draw frame after cancel]
04-12 20:42:57.385916  5033  5033 I viewroot_draw_event: [VRI[AssetBrowserActivity],reportDrawFinished seqId=0]
04-12 20:42:57.401583  1750  1877 I sysui_multi_action: [319,29,321,113,322,696,325,31,757,761,758,8,759,1,806,com.android.vending,871,com.android.vending.AssetBrowserActivity,904,com.transsion.launcher3,905,0,1320,8,1321,9]
04-12 20:42:57.405488  1750  1877 I wm_activity_launch_time: [0,157128391,com.android.vending/.AssetBrowserActivity,696]
04-12 20:42:57.413839  1750  2233 I wm_stop_activity: [0,97595641,com.transsion.launcher3/com.android.launcher3.uioverrides.QuickstepLauncher]
04-12 20:42:57.421871  2419  2419 I wm_on_stop_called: [97595641,com.android.launcher3.uioverrides.QuickstepLauncher,STOP_ACTIVITY_ITEM,4]
04-12 20:42:57.423169  1750  2159 I input_focus: [Focus entering b4c55f com.android.vending/com.android.vending.AssetBrowserActivity,reason=Window became focusable. Previous reason: NOT_VISIBLE]
04-12 20:42:57.435341  2733  3046 I viewroot_draw_event: [VRI[vending],Not drawing due to not visible. Reason=View.GONE]
04-12 20:42:57.453058  1750  2646 I am_proc_died: [0,5092,com.autotest.factory_reset_stress,905,19]
04-12 20:42:57.454326  1750  4271 I dvm_lock_sample: [system_server,1,binder:1750_18,103,ActivityManagerService.java,15048,android.content.ComponentName com.android.server.am.ActivityManagerService.startService(android.app.IApplicationThread, android.content.Intent, java.lang.String, boolean, java.lang.String, java.lang.String, int, boolean, int, java.lang.String, java.lang.String),,0,null,20]
04-12 20:42:57.465625  1750  4276 I am_uid_active: 10133
04-12 20:42:57.471390  1750  1750 I dvm_lock_sample: [system_server,0,main,195,ContentProviderHelper.java,207,android.app.ContentProviderHolder com.android.server.am.ContentProviderHelper.getContentProviderImpl(android.app.IApplicationThread, java.lang.String, android.os.IBinder, int, java.lang.String, java.lang.String, boolean, int),,0,null,39]
04-12 20:42:57.503248  2423  4659 I dvm_lock_sample: [com.google.android.gms.persisten,1,highpool[4],10,:com.google.android.gms@261233035@26.12.33 (260400-892550550),5,android.database.sqlite.SQLiteDatabase exsf.l(),-,323,android.database.sqlite.SQLiteDatabase exsf.l(),2]
04-12 20:42:57.519048  1750  1922 I am_uid_running: 10111
04-12 20:42:57.548720  1750  1923 I am_proc_start: [0,6764,10111,com.transsion.dualapp,broadcast,{com.transsion.dualapp/com.transsion.dualapp.BootReceiver},action = android.intent.action.BOOT_COMPLETED]
04-12 20:42:57.581814  1750  4333 I dvm_lock_sample: [system_server,1,binder:1750_1B,181,ContentProviderHelper.java,871,void com.android.server.am.ContentProviderHelper.publishContentProviders(android.app.IApplicationThread, java.util.List),,0,null,36]
04-12 20:42:57.594122  1750  1859 I dvm_lock_sample: [system_server,1,binder:1750_1,200,BroadcastController.java,532,android.content.Intent com.android.server.am.BroadcastController.registerReceiverWithFeatureTraced(android.app.IApplicationThread, java.lang.String, java.lang.String, java.lang.String, android.content.IIntentReceiver, android.content.IntentFilter, java.lang.String, int, int),,0,null,40]
04-12 20:42:57.594690  1750  4278 I dvm_lock_sample: [system_server,1,binder:1750_1A,106,ActivityManagerService.java,15305,boolean com.android.server.am.ActivityManagerService.unbindService(android.app.IServiceConnection),,0,null,21]
04-12 20:42:57.617380  1750  2518 I dvm_lock_sample: [system_server,1,binder:1750_8,100,ActivityManagerService.java,15048,android.content.ComponentName com.android.server.am.ActivityManagerService.startService(android.app.IApplicationThread, android.content.Intent, java.lang.String, boolean, java.lang.String, java.lang.String, int, boolean, int, java.lang.String, java.lang.String),,0,null,20]
04-12 20:42:57.633665  1750  2523 I dvm_lock_sample: [system_server,1,binder:1750_9,186,ActivityManagerService.java,15283,int com.android.server.am.ActivityManagerService.bindServiceInstance(android.app.IApplicationThread, android.os.IBinder, android.content.Intent, java.lang.String, android.app.IServiceConnection, long, java.lang.String, boolean, int, java.lang.String, android.app.IApplicationThread, java.lang.String, int),,0,null,37]
04-12 20:42:57.640848  1750  2517 I dvm_lock_sample: [system_server,1,binder:1750_7,166,ContentProviderHelper.java,871,void com.android.server.am.ContentProviderHelper.publishContentProviders(android.app.IApplicationThread, java.util.List),,0,null,33]
04-12 20:42:57.647330  1750  1877 I sysui_multi_action: [324,1,757,1090,758,12,806,com.android.vending,871,com.android.vending.AssetBrowserActivity,1091,946]
04-12 20:42:57.663911  1750  2233 I dvm_lock_sample: [system_server,0,binder:1750_5,182,ContentProviderHelper.java,985,void com.android.server.am.ContentProviderHelper.removeContentProvider(android.os.IBinder, boolean),,0,null,36]
04-12 20:42:57.664182  1750  4343 I dvm_lock_sample: [system_server,1,binder:1750_1D,270,BroadcastController.java,532,android.content.Intent com.android.server.am.BroadcastController.registerReceiverWithFeatureTraced(android.app.IApplicationThread, java.lang.String, java.lang.String, java.lang.String, android.content.IIntentReceiver, android.content.IntentFilter, java.lang.String, int, int),,0,null,54]
04-12 20:42:57.666355  1750  2219 I notification_enqueue: [10233,5779,com.google.android.googlequicksearchbox,0,-1543423057::a:snotification:[0x34ebef72c09aa412,stories.f,NOTIFICATION],0,Notification(channel=74 shortcut=null contentView=null vibrate=null sound=null defaults=0 flags=ONLY_ALERT_ONCE color=0x00000000 groupKey=-1543423057::SUMMARY::ct actions=2 vis=PRIVATE),0,1]
04-12 20:42:57.667926  1750  2644 I am_proc_bound: [0,6764,com.transsion.dualapp]
04-12 20:42:57.680072  1750  4268 I dvm_lock_sample: [system_server,1,binder:1750_16,87,DeviceIdleController.java,2758,boolean com.android.server.DeviceIdleController.isAppOnWhitelistInternal(int),-,3472,void com.android.server.DeviceIdleController.addPowerSaveTempWhitelistAppDirectInternal(int, int, long, int, boolean, int, java.lang.String),17]
04-12 20:42:57.683091  1750  4278 I am_uid_active: 10256
04-12 20:42:57.686967  1750  2903 I am_uid_active: 10144
04-12 20:42:57.765800  1750  2059 I dvm_lock_sample: [system_server,1,appscheduling.default,27,ActivityManagerService.java,15283,int com.android.server.am.ActivityManagerService.bindServiceInstance(android.app.IApplicationThread, android.os.IBinder, android.content.Intent, java.lang.String, android.app.IServiceConnection, long, java.lang.String, boolean, int, java.lang.String, android.app.IApplicationThread, java.lang.String, int),,0,null,5]
04-12 20:42:57.813311  1750  1922 I am_wtf  : [0,1750,system_server,-1,JobScheduler.JobStatus,App com.google.android.apps.wellbeing became active but still in NEVER bucket]
04-12 20:42:57.814675  1750  2901 I dvm_lock_sample: [system_server,1,binder:1750_E,28,BroadcastController.java,532,android.content.Intent com.android.server.am.BroadcastController.registerReceiverWithFeatureTraced(android.app.IApplicationThread, java.lang.String, java.lang.String, java.lang.String, android.content.IIntentReceiver, android.content.IntentFilter, java.lang.String, int, int),,0,null,5]
04-12 20:42:57.831773  1750  3320 I am_uid_active: 10111
04-12 20:42:57.855230  1750  1923 I am_proc_start: [0,6868,1000,com.transsion.tranfacmode,broadcast,{com.transsion.tranfacmode/com.transsion.tranfacmode.receiver.boot.BootReceiver},action = android.intent.action.BOOT_COMPLETED]
04-12 20:42:57.886017  1750  2219 I sysui_multi_action: [757,1501,758,1,793,407,794,0,795,407,796,0,797,-1543423057::a:snotification:[0x34ebef72c09aa412,stories.f,NOTIFICATION],806,com.google.android.googlequicksearchbox,857,74,858,2,946,-1543423057::SUMMARY::ct,947,0,1500,0,1688,1,1745,680407814]
04-12 20:42:57.886548  1750  2219 I sysui_multi_action: [757,804,799,note_interruptive,801,0,802,1]
04-12 20:42:57.887126  1750  2219 I sysui_multi_action: [757,199,758,1,759,16,793,409,794,0,795,409,796,0,797,-1543423057::a:snotification:[0x34ebef72c09aa412,stories.f,NOTIFICATION],806,com.google.android.googlequicksearchbox,857,74,858,2,946,-1543423057::SUMMARY::ct,947,0,1500,2,1688,1,1745,680407814]
04-12 20:42:57.887244  1750  2219 I notification_alert: [0|com.google.android.googlequicksearchbox|0|-1543423057::a:snotification:[0x34ebef72c09aa412,stories.f,NOTIFICATION]|10233,0,0,0,2,0]
04-12 20:42:57.893152  1750  2523 I dvm_lock_sample: [system_server,1,binder:1750_9,17,BroadcastController.java,322,android.content.Intent com.android.server.am.BroadcastController.registerReceiverWithFeatureTraced(android.app.IApplicationThread, java.lang.String, java.lang.String, java.lang.String, android.content.IIntentReceiver, android.content.IntentFilter, java.lang.String, int, int),OomAdjusterModernImpl.java,923,void com.android.server.am.OomAdjusterModernImpl.performUpdateOomAdjPendingTargetsLocked(int),3]
04-12 20:42:57.897468  1750  2517 I am_proc_bound: [0,6868,com.transsion.tranfacmode]
04-12 20:42:57.928938  1750  1922 I am_wtf  : [0,1750,system_server,-1,JobScheduler.JobStatus,App com.google.android.apps.wellbeing became active but still in NEVER bucket]
04-12 20:42:57.951777  1750  1922 I am_wtf  : [0,1750,system_server,-1,ActivityManager,Sending non-protected broadcast com.transsion.log.ATHENA_STATE_CHANGED from system 1750:system/1000 pkg android]
04-12 20:42:58.001315  1750  1922 I am_wtf  : [0,1750,system_server,-1,JobScheduler.JobStatus,App com.google.android.apps.wellbeing became active but still in NEVER bucket]
04-12 20:42:58.023816  1750  2073 I commit_sys_config_file: [settings-0-0,3]
04-12 20:42:58.035025  1750  1922 I am_wtf  : [0,1750,system_server,-1,JobScheduler.JobStatus,App com.google.android.apps.wellbeing became active but still in NEVER bucket]
04-12 20:42:58.045394  1750  2233 I dvm_lock_sample: [system_server,0,binder:1750_5,7,ActivityManagerService.java,15340,void com.android.server.am.ActivityManagerService.serviceDoneExecuting(android.os.IBinder, int, int, int, android.content.Intent),-,15284,int com.android.server.am.ActivityManagerService.bindServiceInstance(android.app.IApplicationThread, android.os.IBinder, android.content.Intent, java.lang.String, android.app.IServiceConnection, long, java.lang.String, boolean, int, java.lang.String, android.app.IApplicationThread, java.lang.String, int),1]
04-12 20:42:58.139440  1750  1922 I am_wtf  : [0,1750,system_server,-1,JobScheduler.JobStatus,App com.google.android.apps.wellbeing became active but still in NEVER bucket]
04-12 20:42:58.338174  1750  1923 I am_proc_start: [0,7053,10231,com.android.vending:background,service,{com.android.vending/com.google.frameworks.client.data.android.server.play.BackgroundProcessEndpointService},caller=com.android.vending/10231]
04-12 20:42:58.374718  1750  2523 I am_uid_running: 99000
04-12 20:42:58.399993  1750  4333 I am_proc_bound: [0,7053,com.android.vending:background]
04-12 20:42:58.408000  7053  7053 I auditd  : type=1400 audit(0.0:732): avc:  denied  { read write } for  comm="re-initialized>" name="ensignal" dev="tmpfs" ino=2080 scontext=u:r:priv_app:s0:c512,c768 tcontext=u:object_r:ensignal_device:s0 tclass=chr_file permissive=0 app=com.android.vending
04-12 20:42:58.412000  7053  7053 I auditd  : type=1400 audit(0.0:733): avc:  denied  { read write } for  comm="re-initialized>" name="ensignal" dev="tmpfs" ino=2080 scontext=u:r:priv_app:s0:c512,c768 tcontext=u:object_r:ensignal_device:s0 tclass=chr_file permissive=0 app=com.android.vending
04-12 20:42:58.416792  1750  2073 I commit_sys_config_file: [settings-0-0,16]
04-12 20:42:58.469708  1750  1923 I am_proc_start: [0,7083,99000,com.google.android.webview:sandboxed_process0:org.chromium.content.app.SandboxedProcessService0:0,,{com.google.android.googlequicksearchbox/org.chromium.content.app.SandboxedProcessService0:0}]
04-12 20:42:58.473829  1750  2646 I am_proc_bound: [0,7083,com.google.android.webview:sandboxed_process0:org.chromium.content.app.SandboxedProcessService0:0]
04-12 20:42:58.499165  1750  1892 I commit_sys_config_file: [notification-policy,6]
04-12 20:42:58.539582  1750  1922 I dvm_lock_sample: [system_server,1,ActivityManager,42,BroadcastQueueImpl.java,493,void com.android.server.am.BroadcastQueueImpl.updateRunningList(),,0,null,8]
04-12 20:42:58.540000  7083  7083 I auditd  : type=1400 audit(0.0:734): avc:  denied  { search } for  comm="binder:7083_2" name="/" dev="sdc87" ino=2 scontext=u:r:isolated_app:s0:c512,c768 tcontext=u:object_r:tranfs_file:s0 tclass=dir permissive=0
04-12 20:42:58.569132  1750  4268 I am_crash: [6868,0,com.transsion.tranfacmode,549994053,java.lang.IllegalStateException,A migration from 3 to 2 was required but not found. Please provide the necessary Migration path via RoomDatabase.Builder.addMigration(...) or allow for destructive migrations via one of the RoomDatabase.Builder.fallbackToDestructiveMigration* functions.,NULL,150,0]
04-12 20:42:58.574965  1750  2903 I dvm_lock_sample: [system_server,1,binder:1750_10,117,ContentProviderHelper.java,207,android.app.ContentProviderHolder com.android.server.am.ContentProviderHelper.getContentProviderImpl(android.app.IApplicationThread, java.lang.String, android.os.IBinder, int, java.lang.String, java.lang.String, boolean, int),,0,null,23]
04-12 20:42:58.583162  1750  1923 I am_proc_start: [0,7101,10232,com.google.android.gms.unstable,service,{com.google.android.gms/com.google.android.gms.droidguard.DroidGuardService},caller=com.google.android.gms/10232]
04-12 20:42:58.588804  1750  4278 I am_proc_bound: [0,7101,com.google.android.gms.unstable]
04-12 20:42:58.592000  7101  7101 I auditd  : type=1400 audit(0.0:735): avc:  denied  { read write } for  comm="re-initialized>" name="ensignal" dev="tmpfs" ino=2080 scontext=u:r:gmscore_app:s0:c512,c768 tcontext=u:object_r:ensignal_device:s0 tclass=chr_file permissive=0 app=com.google.android.gms
04-12 20:42:58.592000  7101  7101 I auditd  : type=1400 audit(0.0:736): avc:  denied  { read write } for  comm="re-initialized>" name="ensignal" dev="tmpfs" ino=2080 scontext=u:r:gmscore_app:s0:c512,c768 tcontext=u:object_r:ensignal_device:s0 tclass=chr_file permissive=0 app=com.google.android.gms
04-12 20:42:58.601705  1750  2994 I dvm_lock_sample: [system_server,1,binder:1750_11,140,ActivityManagerService.java,15319,void com.android.server.am.ActivityManagerService.publishService(android.os.IBinder, android.content.Intent, android.os.IBinder),,0,null,28]
04-12 20:42:58.608119  1750  4271 I dvm_lock_sample: [system_server,1,binder:1750_18,111,BroadcastController.java,532,android.content.Intent com.android.server.am.BroadcastController.registerReceiverWithFeatureTraced(android.app.IApplicationThread, java.lang.String, java.lang.String, java.lang.String, android.content.IIntentReceiver, android.content.IntentFilter, java.lang.String, int, int),,0,null,22]
04-12 20:42:58.628709  1750  2524 I dvm_lock_sample: [system_server,1,binder:1750_A,164,ContentProviderHelper.java,207,android.app.ContentProviderHolder com.android.server.am.ContentProviderHelper.getContentProviderImpl(android.app.IApplicationThread, java.lang.String, android.os.IBinder, int, java.lang.String, java.lang.String, boolean, int),,0,null,32]
04-12 20:42:58.661037  1750  1922 I dvm_lock_sample: [system_server,1,ActivityManager,80,BroadcastQueueImpl.java,493,void com.android.server.am.BroadcastQueueImpl.updateRunningList(),,0,null,16]
04-12 20:42:58.667044  1750  1922 I am_uid_running: 10139
04-12 20:42:58.702532  1750  1894 I input_focus: [Focus request 8a7d767 Application Error: com.transsion.tranfacmode,reason=UpdateInputWindows]
04-12 20:42:58.716955  1750  2646 I dvm_lock_sample: [system_server,1,binder:1750_C,97,ActivityManagerService.java,15283,int com.android.server.am.ActivityManagerService.bindServiceInstance(android.app.IApplicationThread, android.os.IBinder, android.content.Intent, java.lang.String, android.app.IServiceConnection, long, java.lang.String, boolean, int, java.lang.String, android.app.IApplicationThread, java.lang.String, int),,0,null,19]
04-12 20:42:58.718267  1750  2646 I am_uid_running: 10255
04-12 20:42:58.718615  1750  2159 I input_focus: [Focus leaving b4c55f com.android.vending/com.android.vending.AssetBrowserActivity,reason=Waiting for window because NO_WINDOW]
04-12 20:42:58.723786  1750  1859 I dvm_lock_sample: [system_server,1,binder:1750_1,51,ActivityManagerService.java,15283,int com.android.server.am.ActivityManagerService.bindServiceInstance(android.app.IApplicationThread, android.os.IBinder, android.content.Intent, java.lang.String, android.app.IServiceConnection, long, java.lang.String, boolean, int, java.lang.String, android.app.IApplicationThread, java.lang.String, int),,0,null,10]
04-12 20:42:58.728815  1750  2644 I am_uid_running: 10264
04-12 20:42:58.733067  1750  1923 I dvm_lock_sample: [system_server,1,ActivityManager:procStart,20,ProcessList.java,2304,void com.android.server.am.ProcessList.lambda$handleProcessStart$1(com.android.server.am.ProcessRecord, java.lang.String, int[], int, int, int, java.lang.String, java.lang.String, java.lang.String, long),,0,null,4]
04-12 20:42:58.738839  1750  1923 I am_proc_start: [0,6952,10139,com.sh.smart.caller,broadcast,{com.sh.smart.caller/com.android.dialer.app.calllog.CallLogReceiver},action = android.intent.action.BOOT_COMPLETED]
04-12 20:42:58.745045  1750  1860 I am_proc_bound: [0,6952,com.sh.smart.caller]
04-12 20:42:58.809372  1750  1923 I am_proc_start: [0,7206,10255,com.google.android.webview:webview_service,service,{com.google.android.webview/org.chromium.android_webview.services.ComponentsProviderService},caller=com.google.android.googlequicksearchbox:googleapp/10233]
04-12 20:42:58.825801  6952  6952 I service_manager_slow: [53,particular_feature]
04-12 20:42:58.829705  1750  1878 I viewroot_draw_event: [VRI[tranfacmode],reportDrawFinished seqId=0]
04-12 20:42:58.836136  1750  1894 I snet_event_log: updateFrameRateVote [pkg = android title = Application Error: com.transsion.tranfacmode refreshRate = 120.00001 modeId = 2 setting =10000 peak = 120.0 mTopApp = com.android.vending]
04-12 20:42:58.836240  1750  2870 I dvm_lock_sample: [system_server,1,binder:1750_D,85,ActivityManagerService.java,15305,boolean com.android.server.am.ActivityManagerService.unbindService(android.app.IServiceConnection),,0,null,17]
04-12 20:42:58.837408  1750  1894 I wm_dim_created: [Display 0 name="内置屏幕",183]
04-12 20:42:58.837805  1750  1894 I wm_dim_cancel_anim: [183,new target values]
04-12 20:42:58.837871  1750  1894 I wm_dim_animate: [183,0.600000,0.000000]
04-12 20:42:58.846576  1750  2901 I dvm_lock_sample: [system_server,1,binder:1750_E,72,ActivityManagerService.java,15283,int com.android.server.am.ActivityManagerService.bindServiceInstance(android.app.IApplicationThread, android.os.IBinder, android.content.Intent, java.lang.String, android.app.IServiceConnection, long, java.lang.String, boolean, int, java.lang.String, android.app.IApplicationThread, java.lang.String, int),,0,null,14]
04-12 20:42:58.853235  1750  2159 I input_focus: [Focus entering 8a7d767 Application Error: com.transsion.tranfacmode,reason=Window became focusable. Previous reason: NOT_VISIBLE]
04-12 20:42:58.865637  1750  4269 I dvm_lock_sample: [system_server,1,binder:1750_17,53,ActivityManagerService.java,5375,void com.android.server.am.ActivityManagerService.attachApplication(android.app.IApplicationThread, long),,0,null,10]
04-12 20:42:58.865852  1750  4269 I am_proc_bound: [0,7206,com.google.android.webview:webview_service]
04-12 20:42:58.950239  1750  1923 I am_proc_start: [0,7243,10264,com.google.android.adservices.api,service,{com.google.android.adservices.api/com.android.adservices.measurement.MeasurementService},caller=com.google.android.googlequicksearchbox:googleapp/10233]
04-12 20:42:58.951807  1750  2646 I am_proc_bound: [0,7243,com.google.android.adservices.api]
04-12 20:42:58.975283  1750  1894 I wm_dim_finish_anim: 183
04-12 20:42:59.056098  1750  2901 I sysui_multi_action: [757,856,758,2,806,com.sh.smart.caller,857,summary_notification,858,4]
04-12 20:42:59.058331  1750  4271 I sysui_multi_action: [757,856,758,2,806,com.sh.smart.caller,857,DEFAULT_CHANNEL,858,3]
