04-12 20:43:05.750106  1750  4342 D Hiber/JobExtImpl: proxyJobs leave, uid=10254, pkg=com.google.android.apps.tachyon which=2
04-12 20:43:05.783167  1750  4342 D Hiber/alarmManagerServiceExtImpl: proxyAlarms leave, uid=10254, packageName=com.google.android.apps.tachyon
04-12 20:43:05.785304  1750  1750 D AlarmManager: mBroadcastRefCount -> 2
04-12 20:43:05.788445  1750  1923 W ActivityManager: Slow operation: 55ms so far, now at startProcess: done updating battery stats
04-12 20:43:05.789067  1750  1923 W ActivityManager: Slow operation: 56ms so far, now at startProcess: building log message
04-12 20:43:05.789101  1750  1923 I ActivityManager: Start proc 8674:com.android.chrome/u0a241 for broadcast {com.android.chrome/com.google.android.apps.chrome.rlz.RevenueStatsConfigurationUpdateReceiver}
04-12 20:43:05.790663  1750  1923 W ActivityManager: Slow operation: 58ms so far, now at startProcess: starting to update pids map
04-12 20:43:05.791019  1750  1923 I START_DEBUG: send START_TIMEOUT message    ProcessRecord :ProcessRecord{4199532 8674:com.android.chrome/u0a241}
04-12 20:43:05.791176  1750  1923 I ActivityManager: ProcessObserver broadcast disabled
04-12 20:43:05.793692  1750  1923 W ActivityManager: Slow operation: 61ms so far, now at startProcess: done updating pids map
04-12 20:43:05.840000  1750  4269 V ActivityManager: New death recipient com.android.server.am.ActivityManagerService$AppDeathRecipient@4f358f for thread android.os.BinderProxy@fa5901c
04-12 20:43:05.846535  8674  8692 D TranClassInfo: instance successfully. com.transsion.common.thubutils.AppProperties@16c3c6d from com.transsion.hubsdk.thubutils.IAppProperties
04-12 20:43:05.846823  1750  4269 I START_DEBUG: send BINDTIMEOUT    ProcessRecord :ProcessRecord{4199532 8674:com.android.chrome/u0a241}
04-12 20:43:05.846887  1750  4269 I START_DEBUG: remove START_TIMEOUT finish    ProcessRecord :ProcessRecord{4199532 8674:com.android.chrome/u0a241}
04-12 20:43:05.846981  1750  4269 D os.ActivityManagerServiceLice: make process active com.android.chrome(8674)
04-12 20:43:05.848742  8674  8692 I AppProperties: enter initialize com.android.chrome
04-12 20:43:05.851285  8674  8692 I AppProperties: readAllPropFiles directoryPath=/system_ext/etc/vconfig/com.android.chrome/
04-12 20:43:05.851557  8674  8692 I AppProperties: enter readPropFiles count=0
04-12 20:43:05.851573  8674  8692 I AppProperties: readAllPropFiles directoryPath=/tr_product/etc/vconfig/com.android.chrome/
04-12 20:43:05.851601  8674  8692 I AppProperties: enter readPropFiles count=0
04-12 20:43:05.851607  8674  8692 I AppProperties: readAllPropFiles directoryPath=/tr_region/etc/vconfig/com.android.chrome/
04-12 20:43:05.851622  8674  8692 I AppProperties: enter readPropFiles count=0
04-12 20:43:05.851627  8674  8692 I AppProperties: readAllPropFiles directoryPath=/tr_carrier/etc/vconfig/com.android.chrome/
04-12 20:43:05.851636  8674  8692 I AppProperties: enter readPropFiles count=0
04-12 20:43:05.851641  8674  8692 I AppProperties: readAllPropFiles directoryPath=/tr_company/etc/vconfig/com.android.chrome/
04-12 20:43:05.851650  8674  8692 I AppProperties: enter readPropFiles count=0
04-12 20:43:05.851654  8674  8692 I AppProperties: readAllPropFiles directoryPath=/tranfs/etc/vconfig/com.android.chrome/
04-12 20:43:05.851757  8674  8692 I AppProperties: enter readPropFiles count=0
04-12 20:43:05.857591  1750  2517 D UsfSystemServer/appSceneHooker: action is empty in service bind status
04-12 20:43:05.857943  1750  2413 I StandbyHandler/TranJobStateMonitor: uid:10082,pkgName:com.android.providers.calendar/.CalendarProviderJobService jobId:165890678 start time:1970-01-01 08:00:40
04-12 20:43:05.859362  2441  2505 I Usf_Hiber/appStateMachine: TranAppStateMachine initial
04-12 20:43:05.860180  2441  2500 I Usf_Hiber/appStateMachine: uid:10241 enter DefaultState
04-12 20:43:05.860304  2441  2500 I Usf_Hiber/appStateMachine: uid:10241 enter RunningState
04-12 20:43:05.880107  1750  2523 V AlarmManager: set(PendingIntent{6c060df: PendingIntentRecord{182b7b2 com.google.android.gms/com.google.android.gms.scheduler broadcastIntent}}) : type=3 triggerAtTime=41299 win=0 tElapsed=45651 maxElapsed=45651 interval=0 flags=0x0
04-12 20:43:05.886990  1750  1750 D AlarmManager: mBroadcastRefCount -> 1
04-12 20:43:05.888474  2441  6172 D TranAlarmAlignManager: alarmAlign system not ready:false,align:null
04-12 20:43:05.901204  1750  2517 D OomAdjuster: Not killing cached processes
04-12 20:43:05.904125  1750  1750 D AlarmManager: mBroadcastRefCount -> 0
04-12 20:43:05.905838  1750  2413 I StandbyHandler/TranJobStateMonitor: uid:10082,pkgName:com.android.providers.calendar/.CalendarProviderJobService jobId:165890678 finish time:1970-01-01 08:00:40,duration:48
04-12 20:43:05.907479  1750  2644 D UsfSystemServer/appSceneHooker: action is empty in service bind status
04-12 20:43:05.942501  1750  1923 I ActivityManager: Start proc 8716:com.transsion.settings.wifi/1000 for content provider {com.transsion.settings.wifi/com.transsion.wifi.RecommendCardProvider}
04-12 20:43:05.944068  1750  2903 V AlarmManager: set(PendingIntent{72ccb4: PendingIntentRecord{182b7b2 com.google.android.gms/com.google.android.gms.scheduler broadcastIntent}}) : type=3 triggerAtTime=41299 win=0 tElapsed=45715 maxElapsed=45715 interval=0 flags=0x0
04-12 20:43:05.964728  1750  1923 I START_DEBUG: send START_TIMEOUT message    ProcessRecord :ProcessRecord{931f733 8716:com.transsion.settings.wifi/1000}
04-12 20:43:05.965078  1750  1923 I ActivityManager: ProcessObserver broadcast disabled
04-12 20:43:05.965285  1750  1923 W ActivityManager: Slow operation: 68ms so far, now at startProcess: done updating pids map
04-12 20:43:05.966124  2441  6172 D TranAlarmAlignManager: alarmAlign system not ready:false,align:null
04-12 20:43:05.970268  1750  2644 I START_DEBUG: remove BIND_TIMEOUT finish    ProcessRecord :ProcessRecord{4199532 8674:com.android.chrome/u0a241}
04-12 20:43:05.972849  1750  2523 V AlarmManager: set(PendingIntent{2f6fe77: PendingIntentRecord{bbccae4 com.google.android.gms/com.google.android.gms.pay startService}}) : type=2 triggerAtTime=315360040742 win=3600000 tElapsed=315360040742 maxElapsed=315363640742 interval=0 flags=0x0
04-12 20:43:05.985267  2441  6172 D TranAlarmAlignManager: alarmAlign system not ready:false,align:null
04-12 20:43:05.990443  1750  2903 I TranCustomizedTransitionAnimController: TranDynamicBarAnimControllerImpl setFromDynamicIslandToWindow pkgName:com.google.android.gms
04-12 20:43:05.990486  1750  2903 I TranCustomizedTransitionAnimController: end setFromDynamicIslandToWindow mDynamicIslandPkgName:com.google.android.gms mStartFromDynamicIsland:false
04-12 20:43:06.021658  1750  2644 V ActivityManager: New death recipient com.android.server.am.ActivityManagerService$AppDeathRecipient@68ce9f1 for thread android.os.BinderProxy@aad39d6
04-12 20:43:06.026469  1750  2644 I START_DEBUG: send BINDTIMEOUT    ProcessRecord :ProcessRecord{931f733 8716:com.transsion.settings.wifi/1000}
04-12 20:43:06.026521  1750  2644 I START_DEBUG: remove START_TIMEOUT finish    ProcessRecord :ProcessRecord{931f733 8716:com.transsion.settings.wifi/1000}
04-12 20:43:06.026604  1750  2644 D os.ActivityManagerServiceLice: make process active com.transsion.settings.wifi(8716)
04-12 20:43:06.034620  8716  8739 I ActivityThread:  enable system monitor for package: com.transsion.settings.wifi
04-12 20:43:06.036896  8716  8716 E SystemMonitorUtils:  error to open /dev/ensignal file e=android.system.ErrnoException: open failed: EACCES (Permission denied)
04-12 20:43:06.036969  8716  8716 E SystemMonitorUtils:  error to open /dev/ensignal file e=android.system.ErrnoException: open failed: EACCES (Permission denied)
04-12 20:43:06.045014  8716  8739 D TranClassInfo: instance successfully. com.transsion.common.thubutils.AppProperties@c947133 from com.transsion.hubsdk.thubutils.IAppProperties
04-12 20:43:06.045090  8716  8739 I AppProperties: enter initialize com.transsion.settings.wifi
04-12 20:43:06.045183  8716  8739 I AppProperties: readAllPropFiles directoryPath=/system_ext/etc/vconfig/com.transsion.settings.wifi/
04-12 20:43:06.045233  8716  8739 I AppProperties: enter readPropFiles count=0
04-12 20:43:06.045240  8716  8739 I AppProperties: readAllPropFiles directoryPath=/tr_product/etc/vconfig/com.transsion.settings.wifi/
04-12 20:43:06.045256  8716  8739 I AppProperties: enter readPropFiles count=0
04-12 20:43:06.045260  8716  8739 I AppProperties: readAllPropFiles directoryPath=/tr_region/etc/vconfig/com.transsion.settings.wifi/
04-12 20:43:06.045274  8716  8739 I AppProperties: enter readPropFiles count=0
04-12 20:43:06.045278  8716  8739 I AppProperties: readAllPropFiles directoryPath=/tr_carrier/etc/vconfig/com.transsion.settings.wifi/
04-12 20:43:06.045285  8716  8739 I AppProperties: enter readPropFiles count=0
04-12 20:43:06.045288  8716  8739 I AppProperties: readAllPropFiles directoryPath=/tr_company/etc/vconfig/com.transsion.settings.wifi/
04-12 20:43:06.045309  8716  8739 I AppProperties: enter readPropFiles count=0
04-12 20:43:06.045313  8716  8739 I AppProperties: readAllPropFiles directoryPath=/tranfs/etc/vconfig/com.transsion.settings.wifi/
04-12 20:43:06.045343  8716  8739 I AppProperties: enter readPropFiles count=0
04-12 20:43:06.071643  1750  2903 V AlarmManager: set(PendingIntent{a91adae: PendingIntentRecord{182b7b2 com.google.android.gms/com.google.android.gms.scheduler broadcastIntent}}) : type=3 triggerAtTime=41299 win=0 tElapsed=45843 maxElapsed=45843 interval=0 flags=0x0
04-12 20:43:06.073509  2441  6172 D TranAlarmAlignManager: alarmAlign system not ready:false,align:null
04-12 20:43:06.151970  1750  2010 I START_DEBUG: remove BIND_TIMEOUT finish    ProcessRecord :ProcessRecord{931f733 8716:com.transsion.settings.wifi/1000}
04-12 20:43:06.164032  1750  3722 E ActivityThread: Failed to find provider info for com.transsion.settings.BT.ReactivateBtProvider
04-12 20:43:06.171398  1750  2010 V AlarmManager: set(PendingIntent{5b8829d: PendingIntentRecord{182b7b2 com.google.android.gms/com.google.android.gms.scheduler broadcastIntent}}) : type=3 triggerAtTime=41299 win=0 tElapsed=45941 maxElapsed=45941 interval=0 flags=0x0
04-12 20:43:06.172959  2441  6172 D TranAlarmAlignManager: alarmAlign system not ready:false,align:null
04-12 20:43:06.217042  1750  2011 D UsfSystemServer/appSceneHooker: action is empty in service bind status
04-12 20:43:06.248869  1750  2011 V AlarmManager: set(PendingIntent{8366855: PendingIntentRecord{182b7b2 com.google.android.gms/com.google.android.gms.scheduler broadcastIntent}}) : type=3 triggerAtTime=41299 win=0 tElapsed=46020 maxElapsed=46020 interval=0 flags=0x0
04-12 20:43:06.249722  2441  6172 D TranAlarmAlignManager: alarmAlign system not ready:false,align:null
04-12 20:43:06.251243  1750  2159 D WindowManager: onUserActivity: mGestureSleepRunnable remove
04-12 20:43:06.280385  1750  2010 V AlarmManager: set(PendingIntent{b9b57f8: PendingIntentRecord{182b7b2 com.google.android.gms/com.google.android.gms.scheduler broadcastIntent}}) : type=3 triggerAtTime=41299 win=0 tElapsed=46051 maxElapsed=46051 interval=0 flags=0x0
04-12 20:43:06.281391  2441  6172 D TranAlarmAlignManager: alarmAlign system not ready:false,align:null
04-12 20:43:06.286236  1750  2010 I WindowManager:   isAnimating=false  okToAnimate=true  win=Window{cfc5c63 u0 DynamicBar}
04-12 20:43:06.287211  1750  2010 D WindowManager: setParent old=WindowToken{261fa92 type=2024 android.os.BinderProxy@df6dac7},new=null,this window=Window{cfc5c63 u0 DynamicBar},callers=com.android.server.wm.WindowContainer.removeChild:905 com.android.server.wm.WindowContainer.removeImmediately:958 com.android.server.wm.WindowState.removeImmediately:2419 com.android.server.wm.WindowState.removeIfPossible:2639 com.android.server.wm.WindowManagerService.removeClientToken:2464 com.android.server.wm.Session.remove:275 
04-12 20:43:06.287235  1750  2010 D WindowManager: removeImmediately mActivityRecord: null type: 2024
04-12 20:43:06.287367  1750  2010 D WindowManager: setParent old=Leaf:24:25@108518570,new=null,this window=WindowToken{261fa92 type=2024 android.os.BinderProxy@df6dac7},callers=com.android.server.wm.WindowContainer.removeChild:905 com.android.server.wm.WindowContainer.removeImmediately:958 com.android.server.wm.WindowToken.setExiting:211 com.android.server.wm.DisplayContent.removeWindowToken:1693 com.android.server.wm.WindowToken.removeImmediately:333 com.android.server.wm.WindowToken.removeIfPossible:246 
04-12 20:43:06.302152  1750  2644 D UsfSystemServer/appSceneHooker: action is empty in service bind status
04-12 20:43:06.316857   656   690 I keystore2: system/security/keystore2/src/security_level.rs:245 - caller pid=3854, uid=10232; force = false; key domain=r#KEY_ID, alias = None
04-12 20:43:06.317024   656   690 I keystore2: system/security/keystore2/src/security_level.rs:343 - upgrade_keyblob_if_required_with start
04-12 20:43:06.317925   656   690 I keystore2: system/security/keystore2/src/enforcements.rs:236 - finalize_create_authorization self.state=NoAuthRequired
04-12 20:43:06.318008   656   690 I keystore2: system/security/keystore2/src/security_level.rs:388 - upgrade_keyblob_if_required_with end; operation_db.create_operation start
04-12 20:43:06.318014   656   690 I keystore2: system/security/keystore2/src/security_level.rs:406 - operation_db.create_operation end
04-12 20:43:06.319845   656   690 I keystore2: system/security/keystore2/src/security_level.rs:245 - caller pid=3854, uid=10232; force = false; key domain=r#KEY_ID, alias = None
04-12 20:43:06.320121   656   690 I keystore2: system/security/keystore2/src/security_level.rs:343 - upgrade_keyblob_if_required_with start
04-12 20:43:06.320523   656   690 I keystore2: system/security/keystore2/src/enforcements.rs:236 - finalize_create_authorization self.state=NoAuthRequired
04-12 20:43:06.320539   656   690 I keystore2: system/security/keystore2/src/security_level.rs:388 - upgrade_keyblob_if_required_with end; operation_db.create_operation start
04-12 20:43:06.320543   656   690 I keystore2: system/security/keystore2/src/security_level.rs:406 - operation_db.create_operation end
04-12 20:43:06.321288  1750  4269 V AlarmManager: set(PendingIntent{95ad09: PendingIntentRecord{182b7b2 com.google.android.gms/com.google.android.gms.scheduler broadcastIntent}}) : type=3 triggerAtTime=41299 win=0 tElapsed=46092 maxElapsed=46092 interval=0 flags=0x0
04-12 20:43:06.321764  2441  6172 D TranAlarmAlignManager: alarmAlign system not ready:false,align:null
04-12 20:43:06.323268   656   690 I keystore2: system/security/keystore2/src/security_level.rs:245 - caller pid=3854, uid=10232; force = false; key domain=r#KEY_ID, alias = None
04-12 20:43:06.323525   656   690 I keystore2: system/security/keystore2/src/security_level.rs:343 - upgrade_keyblob_if_required_with start
04-12 20:43:06.325166   656   690 I keystore2: system/security/keystore2/src/enforcements.rs:236 - finalize_create_authorization self.state=NoAuthRequired
04-12 20:43:06.325194   656   690 I keystore2: system/security/keystore2/src/security_level.rs:388 - upgrade_keyblob_if_required_with end; operation_db.create_operation start
04-12 20:43:06.325200   656   690 I keystore2: system/security/keystore2/src/security_level.rs:406 - operation_db.create_operation end
04-12 20:43:06.338942  1750  2011 V AlarmManager: set(PendingIntent{8699b0e: PendingIntentRecord{182b7b2 com.google.android.gms/com.google.android.gms.scheduler broadcastIntent}}) : type=3 triggerAtTime=41299 win=0 tElapsed=46110 maxElapsed=46110 interval=0 flags=0x0
04-12 20:43:06.339387  2441  6172 D TranAlarmAlignManager: alarmAlign system not ready:false,align:null
04-12 20:43:06.341197  1750  4269 I UsfSystemServer/appSceneHooker: duplicate service bind status, skip
04-12 20:43:06.353513  1750  2011 V AlarmManager: set(PendingIntent{fa85a1a: PendingIntentRecord{182b7b2 com.google.android.gms/com.google.android.gms.scheduler broadcastIntent}}) : type=3 triggerAtTime=156294 win=86377 tElapsed=156294 maxElapsed=242671 interval=0 flags=0x0
04-12 20:43:06.355966  2441  5280 D TranAlarmAlignManager: alarmAlign system not ready:false,align:null
04-12 20:43:06.370704  1750  2159 D WindowManager: onUserActivity: mGestureSleepRunnable remove
04-12 20:43:06.373527  1750  4253 V AlarmManager: set(PendingIntent{fd595d4: PendingIntentRecord{182b7b2 com.google.android.gms/com.google.android.gms.scheduler broadcastIntent}}) : type=3 triggerAtTime=156294 win=86362 tElapsed=156294 maxElapsed=242656 interval=0 flags=0x0
04-12 20:43:06.373989  2441  5280 D TranAlarmAlignManager: alarmAlign system not ready:false,align:null
04-12 20:43:06.382049  1750  4253 D ActivityTaskManager: isControllerAMonkey mController = null,mControllerIsAMonkey = false
04-12 20:43:06.383345  1750  4253 D ActivityTaskManager: isControllerAMonkey mController = null,mControllerIsAMonkey = false
04-12 20:43:06.389099  1750  4253 D UsfSystemServer/appSceneHooker: action is empty in service bind status
04-12 20:43:06.430139  1750  1917 I Griffin/CleanManager: dispatch clean index=12
04-12 20:43:06.430274  1750  1917 D ActivityTaskManager_Recents: Skipping, user setup not complete: Task{4b088f6 #6 type=undefined A=10188:com.transsion.magazineservice.xos nonResizable}
04-12 20:43:06.461062  1750  4269 D UsfSystemServer/appSceneHooker: action is empty in service bind status
04-12 20:43:06.474257  1750  2159 D WindowManager: onUserActivity: mGestureSleepRunnable remove
04-12 20:43:06.482424  1750  4253 D UsfSystemServer/appSceneHooker: action is empty in service bind status
04-12 20:43:06.522188   656   690 I keystore2: system/security/keystore2/src/database.rs:1236 - is_backup_support str="1"
04-12 20:43:06.531769  1750  4253 V SettingsProvider: name : tran_board_temperature appId : 1000
04-12 20:43:06.554936   656   690 I keystore2: system/security/keystore2/src/security_level.rs:245 - caller pid=4026, uid=10158; force = false; key domain=r#KEY_ID, alias = None
04-12 20:43:06.555075   656   690 I keystore2: system/security/keystore2/src/security_level.rs:343 - upgrade_keyblob_if_required_with start
04-12 20:43:06.559998   656   690 I keystore2: system/security/keystore2/src/enforcements.rs:236 - finalize_create_authorization self.state=NoAuthRequired
04-12 20:43:06.560034   656   690 I keystore2: system/security/keystore2/src/security_level.rs:388 - upgrade_keyblob_if_required_with end; operation_db.create_operation start
04-12 20:43:06.560039   656   690 I keystore2: system/security/keystore2/src/security_level.rs:406 - operation_db.create_operation end
04-12 20:43:06.574014   656   690 I keystore2: system/security/keystore2/src/security_level.rs:245 - caller pid=4026, uid=10158; force = false; key domain=r#KEY_ID, alias = None
04-12 20:43:06.574207   656   690 I keystore2: system/security/keystore2/src/security_level.rs:343 - upgrade_keyblob_if_required_with start
04-12 20:43:06.577436   656   690 I keystore2: system/security/keystore2/src/enforcements.rs:236 - finalize_create_authorization self.state=NoAuthRequired
04-12 20:43:06.577461   656   690 I keystore2: system/security/keystore2/src/security_level.rs:388 - upgrade_keyblob_if_required_with end; operation_db.create_operation start
04-12 20:43:06.577467   656   690 I keystore2: system/security/keystore2/src/security_level.rs:406 - operation_db.create_operation end
04-12 20:43:06.577628  1750  2159 D WindowManager: onUserActivity: mGestureSleepRunnable remove
04-12 20:43:06.578302  2441  2503 I Usf_Hiber/nativeServiceClient: check sync_binder uid=10254
04-12 20:43:06.613963  1750  2413 I StandbyHandler/TranJobStateMonitor: uid:10190,pkgName:com.transsion.aivoiceassistant/androidx.work.impl.background.systemjob.SystemJobService jobId:25 finish time:1970-01-01 08:00:41,duration:871
04-12 20:43:06.614032  1750  2010 D UsfSystemServer/appSceneHooker: action is empty in service bind status
04-12 20:43:06.651058  1750  2010 D ActivityTaskManager: isControllerAMonkey mController = null,mControllerIsAMonkey = false
04-12 20:43:06.681239  1750  2159 D WindowManager: onUserActivity: mGestureSleepRunnable remove
04-12 20:43:06.784440  1750  2159 D WindowManager: onUserActivity: mGestureSleepRunnable remove
04-12 20:43:06.789721  1750  2099 V AlarmManager: Checking for alarms... rtc=1775997786789, elapsed=41561
04-12 20:43:06.789921  1750  2099 V AlarmManager: Triggering alarm #0: Alarm{2dd6a63 type 2 origWhen 41561 whenElapsed 41561 com.google.android.gms}
04-12 20:43:06.789998  1750  2099 V AlarmManager: sending alarm Alarm{2dd6a63 type 2 origWhen 41561 whenElapsed 41561 com.google.android.gms}
04-12 20:43:06.790117  1750  2099 V AlarmManager: Alarm to uid=10232 listener=android.os.BinderProxy@a42a660
04-12 20:43:06.790225  1750  2099 D AlarmManager: mBroadcastRefCount -> 1
04-12 20:43:06.791864  1750  4253 I AlarmManager: alarmComplete() from android.os.BinderProxy@a42a660
04-12 20:43:06.791932  1750  4253 D AlarmManager: mBroadcastRefCount -> 0
04-12 20:43:06.803734  1750  4253 E JobScheduler.JobStatus: App com.google.android.apps.wellbeing became active but still in NEVER bucket
04-12 20:43:06.808004  1750  4253 D UsfSystemServer/appSceneHooker: action is empty in service bind status
04-12 20:43:06.808988  1750  2413 I StandbyHandler/TranJobStateMonitor: uid:10230,pkgName:com.google.android.apps.wellbeing/.autodnd.impl.AutoDndJobService jobId:1 start time:1970-01-01 08:00:41
04-12 20:43:06.813432  1750  2413 I StandbyHandler/TranJobStateMonitor: uid:10230,pkgName:com.google.android.apps.wellbeing/.autodnd.impl.AutoDndJobService jobId:1 finish time:1970-01-01 08:00:41,duration:4
04-12 20:43:06.815866  1750  4269 D UsfSystemServer/appSceneHooker: action is empty in service bind status
04-12 20:43:06.926037  1750  2644 D MagellanHandle: updateRefreshRateForSceneVsyncs what = 19
04-12 20:43:06.927548  3166  3166 D TranClassInfo: instance successfully. com.transsion.hubcore.os.TranVibratorImpl@e93ded7 from com.transsion.hubcore.os.ITranVibrator
04-12 20:43:06.930062  3166  3166 E TranCloudDataUtil: vibrate_config.json not found at: /tranfs/CloudEngine/1008000054/vibrate_config.json
04-12 20:43:06.930112  3166  3166 D TranClassInfo: instance successfully. com.transsion.display.vibration.core.TranVibrationCoreComponentImpl@42593c4 from com.transsion.hubcore.vibration.ITranVibrationCoreComponent
04-12 20:43:06.930654  3166  3166 I TranVibratorManagerInternal: vibrate: list_edge.he, pkg = com.android.settings, usage = 0
04-12 20:43:06.932847  3166  8764 D VibrationPatternListPlayer: position: 0, time: 0, duration: 22
04-12 20:43:06.933519  3166  8764 D VibrationPatternListPlayer: shouldVibrate mCurrentPackage = default
04-12 20:43:06.933711  1750  2010 D TranVibratorManagerServiceInternal: onStartTranVibrate com.android.settings
04-12 20:43:06.934543  1750  2010 D VibratorManagerService: enter  vibrator opPkg = com.android.settings
04-12 20:43:06.934578  1750  2010 D TranVibratorManagerServiceInternal: shouldIgnoreByScale com.android.settings false
04-12 20:43:06.934605  1750  2010 D VibratorManagerService: isSupportApp(UID check) yes! 
04-12 20:43:06.934640  1750  2010 D VibratorManagerService: isSupportApp(UID check) yes! 
04-12 20:43:06.934693  1750  2010 D RichTapVibratorService: none richtap effect, do nothing!!
04-12 20:43:06.934729  1750  2010 D VibratorManagerService: Starting vibrate for vibration 3
04-12 20:43:06.934815  1750  2010 D VibratorManagerService: Check AppOp mode VIBRATE for uid 1000 and package com.android.settings returned audio=allow, op=allow
04-12 20:43:06.934829  1750  2010 D VibratorManagerService: isSupportApp(UID check) yes! 
04-12 20:43:06.934877  1750  2010 D VibratorManagerService: isSupportApp(UID check) yes! 
04-12 20:43:06.934890  1750  2010 D VibratorManagerService: time before vibratorStop : 1775997786934
04-12 20:43:06.934901  1750  2010 D RichTapVibratorService: aac richtap doVibratorStop
04-12 20:43:06.934908  1750  2010 D RichTapVibratorService: richtap service stop!!
04-12 20:43:06.935467  1750  2010 D VibratorManagerService: time after vibratorStop : 1775997786935
04-12 20:43:06.935515  1750  2010 D VibratorManagerService: before startVibrationLocked
04-12 20:43:06.935529  1750  2010 D VibratorManagerService: isSupportApp(UID check) yes! 
04-12 20:43:06.935538  1750  2010 D VibratorManagerService: vibratorservice play he
04-12 20:43:06.935543  1750  2010 D VibratorManagerService: isSupportApp(UID check) yes! 
04-12 20:43:06.935688  1750  2010 D VibratorManagerService: Vibration for uid=1000 and with attrs=VibrationAttributes{mUsage=UNKNOWN, mAudioUsage= USAGE_UNKNOWN, mFlags=8192} ended with status RUNNING
04-12 20:43:06.935910  1750  2010 D TranVibratorManagerServiceInternal: onStopTranVibrate com.android.settings
04-12 20:43:06.945681  1750  2010 D VibratorManagerService:  RichtapCallback  onCallback result:1
04-12 20:43:06.946894  1750  2010 D VibratorManagerService:  RichtapCallback  onCallback result:1
04-12 20:43:06.955155  3166  8764 D VibrationPatternListPlayer: mLoopCount = 0
04-12 20:43:07.051464  3854  7864 W FileUtils: Failed to chmod(/data/user/0/com.google.android.gsf/files): android.system.ErrnoException: chmod failed: ENOENT (No such file or directory)
04-12 20:43:07.069397  1750  2644 V SettingsProvider: name : notification_sound_set appId : 10232
04-12 20:43:07.069513  1750  2644 V SettingsProvider: Package name : com.google.android.gms privateFlags : -1476357864
04-12 20:43:07.069944  1750  4253 V SettingsProvider: name : alarm_alert_set appId : 10232
04-12 20:43:07.070103  1750  4253 V SettingsProvider: Package name : com.google.android.gms privateFlags : -1476357864
04-12 20:43:07.070453  1750  4253 V SettingsProvider: name : ringtone_set appId : 10232
04-12 20:43:07.070547  1750  4253 V SettingsProvider: Package name : com.google.android.gms privateFlags : -1476357864
04-12 20:43:07.091853  1750  2010 V AlarmManager: set(null) : type=2 triggerAtTime=41962 win=0 tElapsed=41962 maxElapsed=41962 interval=0 flags=0x0
04-12 20:43:07.092754  2441  5280 D TranAlarmAlignManager: alarmAlign system not ready:false,align:null
04-12 20:43:07.119763  1750  4253 I UsfSystemServer/appSceneHooker: duplicate service bind status, skip
04-12 20:43:07.121448  3854  7864 V Configuration: Updating configuration, locales updated from [] to [zh_CN_#Hans]
04-12 20:43:07.124301  3854  7864 V Configuration: Updating configuration, locales updated from [] to [zh_CN_#Hans]
04-12 20:43:07.126515  3854  7864 V Configuration: Updating configuration, locales updated from [] to [zh_CN_#Hans]
04-12 20:43:07.137609  3854  7864 V Configuration: Updating configuration, locales updated from [] to [zh_CN_#Hans]
04-12 20:43:07.141533  3854  7864 V Configuration: Updating configuration, locales updated from [] to [zh_CN_#Hans]
04-12 20:43:07.144097  3854  7864 V Configuration: Updating configuration, locales updated from [] to [zh_CN_#Hans]
04-12 20:43:07.146001  3854  7864 V Configuration: Updating configuration, locales updated from [] to [zh_CN_#Hans]
04-12 20:43:07.147868  3854  7864 V Configuration: Updating configuration, locales updated from [] to [zh_CN_#Hans]
04-12 20:43:07.149156  1750  2010 I UsfSystemServer/appSceneHooker: duplicate service bind status, skip
04-12 20:43:07.149734  3854  7864 V Configuration: Updating configuration, locales updated from [] to [zh_CN_#Hans]
04-12 20:43:07.151463  3854  7864 V Configuration: Updating configuration, locales updated from [] to [zh_CN_#Hans]
04-12 20:43:07.153395  3854  7864 V Configuration: Updating configuration, locales updated from [] to [zh_CN_#Hans]
04-12 20:43:07.155341  3854  7864 V Configuration: Updating configuration, locales updated from [] to [zh_CN_#Hans]
04-12 20:43:07.161871  1750  2644 D ActivityTaskManager: isControllerAMonkey mController = null,mControllerIsAMonkey = false
04-12 20:43:07.164359  3854  7864 V Configuration: Updating configuration, locales updated from [] to [zh_CN_#Hans]
04-12 20:43:07.189974  1750  2287 D UsfSystemServer/appSceneHooker: action is empty in service bind status
04-12 20:43:07.190269  3854  6931 V Configuration: Updating configuration, locales updated from [] to [zh_CN_#Hans]
04-12 20:43:07.190422  1750  2413 I StandbyHandler/TranJobStateMonitor: uid:10232,pkgName:@SyncManager@com.google.android.gms.chromesync/com.google:android jobId:4 start time:1970-01-01 08:00:41
04-12 20:43:07.191246  1750  2099 V AlarmManager: Checking for alarms... rtc=1775997787191, elapsed=41962
04-12 20:43:07.191629  1750  2099 V AlarmManager: Triggering alarm #0: Alarm{bac2450 type 2 origWhen 41962 whenElapsed 41962 android}
04-12 20:43:07.191697  1750  2099 V AlarmManager: sending alarm Alarm{bac2450 type 2 origWhen 41962 whenElapsed 41962 android}
04-12 20:43:07.191772  1750  2099 V AlarmManager: Alarm to uid=1000 listener=android.app.AlarmManager$ListenerWrapper@59919a1
04-12 20:43:07.191938  1750  2099 D AlarmManager: mBroadcastRefCount -> 1
04-12 20:43:07.193519  1750  2059 V AlarmManager: set(null) : type=2 triggerAtTime=41964 win=0 tElapsed=41964 maxElapsed=41964 interval=0 flags=0x0
04-12 20:43:07.194133  1750  2059 I AlarmManager: alarmComplete() from android.app.AlarmManager$ListenerWrapper@59919a1
04-12 20:43:07.194198  1750  2059 D AlarmManager: mBroadcastRefCount -> 0
04-12 20:43:07.194685  2441  5280 D TranAlarmAlignManager: alarmAlign system not ready:false,align:null
04-12 20:43:07.194936  1750  2099 V AlarmManager: Checking for alarms... rtc=1775997787194, elapsed=41965
04-12 20:43:07.195035  1750  2099 V AlarmManager: Triggering alarm #0: Alarm{13c0649 type 2 origWhen 41964 whenElapsed 41965 android}
04-12 20:43:07.195058  1750  2099 V AlarmManager: sending alarm Alarm{13c0649 type 2 origWhen 41964 whenElapsed 41965 android}
04-12 20:43:07.195117  1750  2099 V AlarmManager: Alarm to uid=1000 listener=android.app.AlarmManager$ListenerWrapper@59919a1
04-12 20:43:07.195129  1750  2099 D AlarmManager: mBroadcastRefCount -> 1
04-12 20:43:07.199809  1750  2059 D UsfSystemServer/appSceneHooker: action is empty in service bind status
04-12 20:43:07.201056  1750  2059 V AlarmManager: set(null) : type=2 triggerAtTime=875739 win=625325 tElapsed=875739 maxElapsed=1501064 interval=0 flags=0x0
04-12 20:43:07.201247  1750  2413 I StandbyHandler/TranJobStateMonitor: uid:10221,pkgName:com.google.android.partnersetup/.AppHidingJobService jobId:12288 start time:1970-01-01 08:00:41
04-12 20:43:07.201609  1750  2059 I AlarmManager: alarmComplete() from android.app.AlarmManager$ListenerWrapper@59919a1
04-12 20:43:07.201612  2441  5280 D TranAlarmAlignManager: alarmAlign system not ready:false,align:null
04-12 20:43:07.201681  1750  2059 D AlarmManager: mBroadcastRefCount -> 0
04-12 20:43:07.206080  1750  2159 D WindowManager: onUserActivity: mGestureSleepRunnable remove
04-12 20:43:07.212219  1750  2059 D UsfSystemServer/appSceneHooker: action is empty in service bind status
04-12 20:43:07.213256  1750  2413 I StandbyHandler/TranJobStateMonitor: uid:10221,pkgName:com.google.android.partnersetup/.ClientIdJobService jobId:8192 start time:1970-01-01 08:00:41
04-12 20:43:07.228066  1750  2011 D UsfSystemServer/appSceneHooker: action is empty in service bind status
04-12 20:43:07.228521  1750  2413 I StandbyHandler/TranJobStateMonitor: uid:10190,pkgName:com.transsion.aivoiceassistant/androidx.work.impl.background.systemjob.SystemJobService jobId:24 finish time:1970-01-01 08:00:41,duration:1686
04-12 20:43:07.229187  1750  2011 D CompatChangeReporter: Compat change id reported: 311208629; UID 10190; state: ENABLED
04-12 20:43:07.229791  3854  6931 V Configuration: Updating configuration, locales updated from [] to [zh_CN_#Hans]
04-12 20:43:07.232842  3854  8768 E ActivityThread: Failed to find provider info for subscribedfeeds
04-12 20:43:07.233735  3854  8768 E ActivityThread: Failed to find provider info for subscribedfeeds
04-12 20:43:07.238568  1750  2413 I StandbyHandler/TranJobStateMonitor: uid:10232,pkgName:@SyncManager@com.google.android.gms.chromesync/com.google:android jobId:4 finish time:1970-01-01 08:00:42,duration:48
04-12 20:43:07.240332  1750  1750 D UsfSystemServer/appSceneHooker: action is empty in service bind status
04-12 20:43:07.241130  3854  6931 V Configuration: Updating configuration, locales updated from [] to [zh_CN_#Hans]
04-12 20:43:07.246745  3854  6931 V Configuration: Updating configuration, locales updated from [] to [zh_CN_#Hans]
04-12 20:43:07.250082  3854  6931 V Configuration: Updating configuration, locales updated from [] to [zh_CN_#Hans]
04-12 20:43:07.251263  1750  4269 D ActivityTaskManager: isControllerAMonkey mController = null,mControllerIsAMonkey = false
04-12 20:43:07.251334  1750  4269 I PackageManager: setEnabledSettings callingUid = 10221 callingPid = 5633 packageName = com.android.vending componentName = null callingPackage= com.google.android.partnersetup newState = 1 userId = 0 flags = 1
04-12 20:43:07.253283  1750  4269 D ActivityTaskManager: isControllerAMonkey mController = null,mControllerIsAMonkey = false
04-12 20:43:07.253434  1750  4269 I PackageManager: setEnabledSettings callingUid = 10221 callingPid = 5633 packageName = com.google.android.apps.maps componentName = null callingPackage= com.google.android.partnersetup newState = 1 userId = 0 flags = 1
04-12 20:43:07.253575  3854  6931 V Configuration: Updating configuration, locales updated from [] to [zh_CN_#Hans]
04-12 20:43:07.255118  1750  4269 D ActivityTaskManager: isControllerAMonkey mController = null,mControllerIsAMonkey = false
04-12 20:43:07.255154  1750  4269 I PackageManager: setEnabledSettings callingUid = 10221 callingPid = 5633 packageName = com.google.android.videos componentName = null callingPackage= com.google.android.partnersetup newState = 2 userId = 0 flags = 0
04-12 20:43:07.256582  3854  6931 V Configuration: Updating configuration, locales updated from [] to [zh_CN_#Hans]
04-12 20:43:07.257288  1750  2902 D ActivityTaskManager: isControllerAMonkey mController = null,mControllerIsAMonkey = false
04-12 20:43:07.257396  1750  2902 I PackageManager: setEnabledSettings callingUid = 10221 callingPid = 5633 packageName = com.google.android.youtube componentName = null callingPackage= com.google.android.partnersetup newState = 1 userId = 0 flags = 1
04-12 20:43:07.259116  1750  2413 I StandbyHandler/TranJobStateMonitor: uid:10221,pkgName:com.google.android.partnersetup/.AppHidingJobService jobId:12288 finish time:1970-01-01 08:00:42,duration:58
04-12 20:43:07.259427  1750  2902 D UsfSystemServer/appSceneHooker: action is empty in service bind status
04-12 20:43:07.260085  3854  6931 V Configuration: Updating configuration, locales updated from [] to [zh_CN_#Hans]
04-12 20:43:07.263010  3854  6931 V Configuration: Updating configuration, locales updated from [] to [zh_CN_#Hans]
04-12 20:43:07.267541  3854  6931 V Configuration: Updating configuration, locales updated from [] to [zh_CN_#Hans]
04-12 20:43:07.269299  3854  6931 V Configuration: Updating configuration, locales updated from [] to [zh_CN_#Hans]
04-12 20:43:07.271152  3854  6931 V Configuration: Updating configuration, locales updated from [] to [zh_CN_#Hans]
04-12 20:43:07.271770  2441  2500 I Usf_Hiber/importantScene: isTrafficActive uid:10256 speed :0
04-12 20:43:07.272148  2441  2500 I Usf_Hiber/hiber: checkExecutingCmp: transPkg.getUid()=10256
04-12 20:43:07.272400  2441  2500 I Usf_Hiber/appStateMachine: uid:10256 enter FrozenState
04-12 20:43:07.273475  2441  2500 I Usf_Hiber/stateManager: freeze uid: 10256 com.rlk.weathers costTime=1ms ,last unfreeze invalid
04-12 20:43:07.274276  2441  2501 I Usf_Hiber/hiber: msg for start proxy frozen state
04-12 20:43:07.274358  2441  2501 I Usf_Hiber/hiber: idleUids: uid=10256, pkgName=com.rlk.weathers
04-12 20:43:07.274372  2441  2501 I Usf_Hiber/proxyManager: p_service: 10256
04-12 20:43:07.274421  2441  2501 I Usf_Hiber/hiber: proxy alarm (uid=10256, pkgName=com.rlk.weathers)
04-12 20:43:07.274429  2441  2501 I Usf_Hiber/proxyManager: p_alarm: uid=10256, pkgName=com.rlk.weathers
04-12 20:43:07.274430  3854  6931 V Configuration: Updating configuration, locales updated from [] to [zh_CN_#Hans]
04-12 20:43:07.274462  2441  2501 I Usf_Hiber/proxyManager: p_sensor: uid=10256, pkgName=com.rlk.weathers
04-12 20:43:07.274482  2441  2501 I Usf_Usf/binderProxyBridge: p_binder: uid=10256, pkgName=com.rlk.weathers
04-12 20:43:07.274486  2441  2495 E Usf_Hiber/cgroup: read wchan, error:/proc/6790/wchan
04-12 20:43:07.274535  2441  2495 I Usf_Hiber/cgroup: postFreeze: uid=10256, isolateUid=[], packageName=com.rlk.weathers, pids=[6790], isolatePids=[], wchan=
04-12 20:43:07.275641  2441  2505 I Usf_Hiber/cgroup: updateFrozenPids: uid=10256, packageName=com.rlk.weathers, pids=[6790], isolatePids=[]
04-12 20:43:07.275666  2441  2505 I Usf_Hiber/hiber: checkExecutingCmp: transPkg.getUid()=10256
04-12 20:43:07.275788  1750  2902 D ActivityManager: Hiber try idle uid[10256] by hiber ,bgTime>0 ? false,isIdled before ? false ,isCurAllowListed ? true ,isProcStateBackground?false
04-12 20:43:07.275868  1750  2902 I UsfSystemServer/TranUsfAppInternal: p_job: 10256 pkgName=com.rlk.weathers which=2
04-12 20:43:07.275915  2441  2505 I Usf_Hiber/hiber: tryProxyWakeLock: transPkg.getUid()=10256
04-12 20:43:07.276308  1750  2902 D Hiber/JobExtImpl: proxyJobs leave, uid=10256, pkg=com.rlk.weathers which=2
04-12 20:43:07.276408  1750  2902 D Hiber/alarmManagerServiceExtImpl: proxyAlarms leave, uid=10256, packageName=com.rlk.weathers
04-12 20:43:07.277297  3854  6931 V Configuration: Updating configuration, locales updated from [] to [zh_CN_#Hans]
04-12 20:43:07.315615  1750  2011 D BLASTSyncEngine: [DH_DEBUG]scheduleTimeout #12 success=true timeoutMs=5000 callback=com.android.server.wm.BLASTSyncEngine$SyncGroup$$ExternalSyntheticLambda2@3f2d40d
04-12 20:43:07.315748  1750  2011 I Transition: deferTransitionReady: Transition#12, mDeferReadyDepth = 1
04-12 20:43:07.315748  1750  2011 I Transition: java.lang.Throwable
04-12 20:43:07.315748  1750  2011 I Transition: 	at com.android.server.wm.Transition.deferTransitionReady(Transition.java:4635)
04-12 20:43:07.315748  1750  2011 I Transition: 	at com.android.server.wm.WindowOrganizerController.applyTransaction(WindowOrganizerController.java:673)
04-12 20:43:07.315748  1750  2011 I Transition: 	at com.android.server.wm.WindowOrganizerController.applyTransaction(WindowOrganizerController.java:652)
04-12 20:43:07.315748  1750  2011 I Transition: 	at com.android.server.wm.WindowOrganizerController.lambda$applyTaskFragmentTransactionLocked$5(WindowOrganizerController.java:620)
04-12 20:43:07.315748  1750  2011 I Transition: 	at com.android.server.wm.WindowOrganizerController.$r8$lambda$m9eWnLRjueghfq5g6k4aTionPyM(WindowOrganizerController.java:0)
04-12 20:43:07.315748  1750  2011 I Transition: 	at com.android.server.wm.WindowOrganizerController$$ExternalSyntheticLambda13.onCollectStarted(R8$$SyntheticClass:0)
04-12 20:43:07.315748  1750  2011 I Transition: 	at com.android.server.wm.TransitionController.startCollectOrQueue(TransitionController.java:1711)
04-12 20:43:07.315748  1750  2011 I Transition: 	at com.android.server.wm.WindowOrganizerController.applyTaskFragmentTransactionLocked(WindowOrganizerController.java:632)
04-12 20:43:07.315748  1750  2011 I Transition: 	at com.android.server.wm.TaskFragmentOrganizerController.applyTransaction(TaskFragmentOrganizerController.java:765)
04-12 20:43:07.315748  1750  2011 I Transition: 	at android.window.ITaskFragmentOrganizerController$Stub.onTransact(ITaskFragmentOrganizerController.java:240)
04-12 20:43:07.315748  1750  2011 I Transition: 	at android.os.Binder.execTransactInternal(Binder.java:1446)
04-12 20:43:07.315748  1750  2011 I Transition: 	at android.os.Binder.execTransact(Binder.java:1381)
04-12 20:43:07.317381  1750  2011 I Transition:  syncId = -1, mSyncId = 12, recentAnim = false, wc = TaskFragment{3ee1d3 mode=fullscreen},wc.requestVisible = false, wc.visible = false
04-12 20:43:07.317438  1750  2011 D WindowManager: [SG_DEBUG]Set SyncGroup{id=12 name=Transition-OPEN} on TaskFragment{3ee1d3 mode=fullscreen}
04-12 20:43:07.317547  1750  2011 I Transition:  syncId = -1, mSyncId = 12, recentAnim = false, wc = ActivityRecord{233988848 u0 com.android.settings/.Settings t60},wc.requestVisible = true, wc.visible = true
04-12 20:43:07.317560  1750  2011 D WindowManager: [SG_DEBUG]Set SyncGroup{id=12 name=Transition-OPEN} on ActivityRecord{233988848 u0 com.android.settings/.Settings t60}
04-12 20:43:07.317590  1750  2011 I Transition:  syncId = -1, mSyncId = 12, recentAnim = false, wc = Task{52faa25 #60 type=standard A=1000:com.android.settings.root nonResizable},wc.requestVisible = true, wc.visible = true
04-12 20:43:07.317603  1750  2011 D WindowManager: [SG_DEBUG]Set SyncGroup{id=12 name=Transition-OPEN} on Task{52faa25 #60 type=standard A=1000:com.android.settings.root nonResizable}
04-12 20:43:07.317615  1750  2011 I Transition:  syncId = -1, mSyncId = 12, recentAnim = false, wc = TaskFragment{3ee1d3 mode=fullscreen},wc.requestVisible = false, wc.visible = false
04-12 20:43:07.319356  1750  2011 I Transition:  syncId = -1, mSyncId = 12, recentAnim = false, wc = TaskFragment{f05a409 mode=fullscreen},wc.requestVisible = false, wc.visible = false
04-12 20:43:07.319386  1750  2011 D WindowManager: [SG_DEBUG]Set SyncGroup{id=12 name=Transition-OPEN} on TaskFragment{f05a409 mode=fullscreen}
04-12 20:43:07.319862  1750  2011 I Transition: continueTransitionReady: Transition#12, mDeferReadyDepth = 0
04-12 20:43:07.319862  1750  2011 I Transition: java.lang.Throwable
04-12 20:43:07.319862  1750  2011 I Transition: 	at com.android.server.wm.Transition.continueTransitionReady(Transition.java:4651)
04-12 20:43:07.319862  1750  2011 I Transition: 	at com.android.server.wm.WindowOrganizerController.applyTransaction(WindowOrganizerController.java:821)
04-12 20:43:07.319862  1750  2011 I Transition: 	at com.android.server.wm.WindowOrganizerController.applyTransaction(WindowOrganizerController.java:652)
04-12 20:43:07.319862  1750  2011 I Transition: 	at com.android.server.wm.WindowOrganizerController.lambda$applyTaskFragmentTransactionLocked$5(WindowOrganizerController.java:620)
04-12 20:43:07.319862  1750  2011 I Transition: 	at com.android.server.wm.WindowOrganizerController.$r8$lambda$m9eWnLRjueghfq5g6k4aTionPyM(WindowOrganizerController.java:0)
04-12 20:43:07.319862  1750  2011 I Transition: 	at com.android.server.wm.WindowOrganizerController$$ExternalSyntheticLambda13.onCollectStarted(R8$$SyntheticClass:0)
04-12 20:43:07.319862  1750  2011 I Transition: 	at com.android.server.wm.TransitionController.startCollectOrQueue(TransitionController.java:1711)
04-12 20:43:07.319862  1750  2011 I Transition: 	at com.android.server.wm.WindowOrganizerController.applyTaskFragmentTransactionLocked(WindowOrganizerController.java:632)
04-12 20:43:07.319862  1750  2011 I Transition: 	at com.android.server.wm.TaskFragmentOrganizerController.applyTransaction(TaskFragmentOrganizerController.java:765)
04-12 20:43:07.319862  1750  2011 I Transition: 	at android.window.ITaskFragmentOrganizerController$Stub.onTransact(ITaskFragmentOrganizerController.java:240)
04-12 20:43:07.319862  1750  2011 I Transition: 	at android.os.Binder.execTransactInternal(Binder.java:1446)
04-12 20:43:07.319862  1750  2011 I Transition: 	at android.os.Binder.execTransact(Binder.java:1381)
04-12 20:43:07.322149  1750  2011 I Transition: deferTransitionReady: Transition#12, mDeferReadyDepth = 1
04-12 20:43:07.322149  1750  2011 I Transition: java.lang.Throwable
04-12 20:43:07.322149  1750  2011 I Transition: 	at com.android.server.wm.Transition.deferTransitionReady(Transition.java:4635)
04-12 20:43:07.322149  1750  2011 I Transition: 	at com.android.server.wm.TransitionController.deferTransitionReady(TransitionController.java:1139)
04-12 20:43:07.322149  1750  2011 I Transition: 	at com.android.server.wm.TaskFragmentOrganizerController$TaskFragmentOrganizerState.dispatchTransaction(TaskFragmentOrganizerController.java:525)
04-12 20:43:07.322149  1750  2011 I Transition: 	at com.android.server.wm.TaskFragmentOrganizerController.dispatchPendingEvents(TaskFragmentOrganizerController.java:1260)
04-12 20:43:07.322149  1750  2011 I Transition: 	at com.android.server.wm.TaskFragmentOrganizerController.dispatchPendingEvents(TaskFragmentOrganizerController.java:1229)
04-12 20:43:07.322149  1750  2011 I Transition: 	at com.android.server.wm.RootWindowContainer.performSurfacePlacementNoTrace(RootWindowContainer.java:865)
04-12 20:43:07.322149  1750  2011 I Transition: 	at com.android.server.wm.RootWindowContainer.performSurfacePlacement(RootWindowContainer.java:815)
04-12 20:43:07.322149  1750  2011 I Transition: 	at com.android.server.wm.WindowSurfacePlacer.performSurfacePlacementLoop(WindowSurfacePlacer.java:173)
04-12 20:43:07.322149  1750  2011 I Transition: 	at com.android.server.wm.WindowSurfacePlacer.performSurfacePlacement(WindowSurfacePlacer.java:123)
04-12 20:43:07.322149  1750  2011 I Transition: 	at com.android.server.wm.WindowSurfacePlacer.performSurfacePlacement(WindowSurfacePlacer.java:112)
04-12 20:43:07.322149  1750  2011 I Transition: 	at com.android.server.wm.WindowSurfacePlacer.continueLayout(WindowSurfacePlacer.java:94)
04-12 20:43:07.322149  1750  2011 I Transition: 	at com.android.server.wm.ActivityTaskManagerService.continueWindowLayout(ActivityTaskManagerService.java:5562)
04-12 20:43:07.322149  1750  2011 I Transition: 	at com.android.server.wm.WindowOrganizerController.applyTransaction(WindowOrganizerController.java:831)
04-12 20:43:07.322149  1750  2011 I Transition: 	at com.android.server.wm.WindowOrganizerController.applyTransaction(WindowOrganizerController.java:652)
04-12 20:43:07.322149  1750  2011 I Transition: 	at com.android.server.wm.WindowOrganizerController.lambda$applyTaskFragmentTransactionLocked$5(WindowOrganizerController.java:620)
04-12 20:43:07.322149  1750  2011 I Transition: 	at com.android.server.wm.WindowOrganizerController.$r8$lambda$m9eWnLRjueghfq5g6k4aTionPyM(WindowOrganizerController.java:0)
04-12 20:43:07.322149  1750  2011 I Transition: 	at com.android.server.wm.WindowOrganizerController$$ExternalSyntheticLambda13.onCollectStarted(R8$$SyntheticClass:0)
04-12 20:43:07.322149  1750  2011 I Transition: 	at com.android.server.wm.TransitionController.startCollectOrQueue(TransitionController.java:1711)
04-12 20:43:07.322149  1750  2011 I Transition: 	at com.android.server.wm.WindowOrganizerController.applyTaskFragmentTransactionLocked(WindowOrganizerController.java:632)
04-12 20:43:07.322149  1750  2011 I Transition: 	at com.android.server.wm.TaskFragmentOrganizerController.applyTransaction(TaskFragmentOrganizerController.java:765)
04-12 20:43:07.322149  1750  2011 I Transition: 	at android.window.ITaskFragmentOrganizerController$Stub.onTransact(ITaskFragmentOrganizerController.java:240)
04-12 20:43:07.322149  1750  2011 I Transition: 	at android.os.Binder.execTransactInternal(Binder.java:1446)
04-12 20:43:07.322149  1750  2011 I Transition: 	at android.os.Binder.execTransact(Binder.java:1381)
04-12 20:43:07.322449  1750  2011 I AnimBoostThreadLittleCoreFeature: AnimBoostThread = 2851
04-12 20:43:07.322564  1750  2011 D TransitionController: transition = TransitionRecord{31498d4 id=12 type=OPEN flags=0x0 c=[
04-12 20:43:07.322564  1750  2011 D TransitionController:    ChangeInfo{e4dda7d container=TaskFragment{3ee1d3 mode=fullscreen} flags=0x0}
04-12 20:43:07.322564  1750  2011 D TransitionController:    ChangeInfo{9664d72 container=Task{52faa25 #60 type=standard A=1000:com.android.settings.root nonResizable} flags=0x0}
04-12 20:43:07.322564  1750  2011 D TransitionController:    ChangeInfo{453e5c3 container=Display{#0 state=ON size=1208x2644 ROTATION_0} flags=0x0}
04-12 20:43:07.322564  1750  2011 D TransitionController:    ChangeInfo{f8c6e40 container=DefaultTaskDisplayArea@221309899 flags=0x0}
04-12 20:43:07.322564  1750  2011 D TransitionController:    ChangeInfo{de2a179 container=ActivityRecord{233988848 u0 com.android.settings/.Settings t60} flags=0x0}
04-12 20:43:07.322564  1750  2011 D TransitionController:    ChangeInfo{347cebe container=TaskFragment{f05a409 mode=fullscreen} flags=0x0}
04-12 20:43:07.322564  1750  2011 D TransitionController: ]
04-12 20:43:07.322564  1750  2011 D TransitionController: } request = TransitionRequestInfo { type = OPEN, triggerTask = null, pipChange = null, remoteTransition = null, displayChange = null, flags = 0, debugId = 12 }
04-12 20:43:07.323109  2733  3769 I UASManager: startWmShellMainUASBoost flag:1, mMainBoostFlags:1
04-12 20:43:07.323559  1750  2437 I MemoryCollector: package : com.google.android.gms's running process has : [com.google.android.gms, com.google.android.gms.persistent, com.google.android.gms.unstable]
04-12 20:43:07.323692  1750  2011 D os.WindowManagerServiceLice: onStartActivityAsUser, isPreloadIntent =  false
04-12 20:43:07.323779  1750  2011 W TranPerf-SystemBinderBigCoreFeature: [setAffinity] Tid:2011 mask:240
04-12 20:43:07.323786  1750  2011 W TranPerf-SystemBinderBigCoreFeature: [setAffinity] Pid:2011 mask:240
04-12 20:43:07.323830  2733  3769 I UASManager: startUASBoost tid =2911 type=ux_exact_wmshell.main
04-12 20:43:07.323856  1750  2011 I ActivityTaskManager: floatWindow : tempActivityOptions.getThunderBackSupport() = false , userId = 0
04-12 20:43:07.324110  2733  2911 V WindowManagerShell: Transition requested (#12): android.os.BinderProxy@71610e1 TransitionRequestInfo { type = OPEN, triggerTask = null, pipChange = null, remoteTransition = null, displayChange = null, flags = 0, debugId = 12 }
04-12 20:43:07.324373  1750  1893 I TranSCSourceConnectManagerImpl: hookDisplayResumeComponent displayId: 0 componentName: ComponentInfo{com.android.settings/com.transsion.settings.homepage.SettingsHomeActivity}
