04-12 20:43:04.406257  1750  2902 D Transition: }} info = {id=11 t=OPEN f=0x0 trk=0 r=[0@Point(0, 0)] c=[{WCT{RemoteToken{6bba008 Task{52faa25 #60 type=standard A=1000:com.android.settings.root nonResizable}}} m=OPEN f=NONE leash=Surface(name=Task=60)/@0x4211f05 sb=Rect(0, 0 - 1208, 2644) eb=Rect(0, 0 - 1208, 2644) mSimplifyStartAbsBounds=Rect(0, 0 - 0, 0) epz=Point(1208, 2644) d=0 taskParent=-1},{WCT{RemoteToken{fe86821 Task{76c933 #1 type=home}}} m=TO_BACK f=SHOW_WALLPAPER leash=Surface(name=Task=1)/@0x8eba308 sb=Rect(0, 0 - 1208, 2644) eb=Rect(0, 0 - 1208, 2644) mSimplifyStartAbsBounds=Rect(0, 0 - 0, 0) epz=Point(1208, 2644) d=0 taskParent=-1},{m=TO_BACK f=IS_WALLPAPER leash=Surface(name=WallpaperWindowToken{974db16 showWhenLocked=false})/@0x512440f sb=Rect(0, 0 - 1208, 2644) eb=Rect(0, 0 - 1208, 2644) mSimplifyStartAbsBounds=Rect(0, 0 - 0, 0) epz=Point(1208, 2644) d=0}]} transaction = android.view.SurfaceControl$Transaction@aa7c268
04-12 20:43:04.406468  1750  2902 D MagellanHandle: updateRefreshRateForSceneVsyncs what = 21
04-12 20:43:04.408344  2733  2806 V WindowManagerShell: onTransitionReady(transaction=7516192768943)
04-12 20:43:04.408540  2733  2911 V WindowManagerShell: onTransitionReady (#11) android.os.BinderProxy@1168d1: {id=11 t=OPEN f=0x0 trk=0 r=[0@Point(0, 0)] c=[
04-12 20:43:04.408540  2733  2911 V WindowManagerShell:         {m=OPEN f=NONE leash=Surface(name=Task=60)/@0x44916d3 sb=Rect(0, 0 - 1208, 2644) eb=Rect(0, 0 - 1208, 2644) mSimplifyStartAbsBounds=Rect(0, 0 - 0, 0) epz=Point(1208, 2644) d=0 taskParent=-1},
04-12 20:43:04.408540  2733  2911 V WindowManagerShell:         {m=TO_BACK f=SHOW_WALLPAPER leash=Surface(name=Task=1)/@0x2453210 sb=Rect(0, 0 - 1208, 2644) eb=Rect(0, 0 - 1208, 2644) mSimplifyStartAbsBounds=Rect(0, 0 - 0, 0) epz=Point(1208, 2644) d=0 taskParent=-1},
04-12 20:43:04.408540  2733  2911 V WindowManagerShell:         {m=TO_BACK f=IS_WALLPAPER leash=Surface(name=WallpaperWindowToken{974db16 showWhenLocked=false})/@0x5176109 sb=Rect(0, 0 - 1208, 2644) eb=Rect(0, 0 - 1208, 2644) mSimplifyStartAbsBounds=Rect(0, 0 - 0, 0) epz=Point(1208, 2644) d=0}
04-12 20:43:04.408540  2733  2911 V WindowManagerShell:     ]}
04-12 20:43:04.408642  1750  2902 D BLASTSyncEngine: [DH_DEBUG]remove timeout #11 callback=com.android.server.wm.BLASTSyncEngine$SyncGroup$$ExternalSyntheticLambda2@33c5b8f
04-12 20:43:04.409192  2733  2911 D RecentsTransitionHandler_interrupt: isIconLaunchOpenOrClose mode：4
04-12 20:43:04.409213  2733  2911 D RecentsTransitionHandler_interrupt: isOpenOrCloseMode: trueisInterruptedTask: true isSplitMode: false isTranssionLauncher: true
04-12 20:43:04.409223  2733  2911 D RecentsTransitionHandler_interrupt: isIconLaunchRemoteTransitionInterrupted isopenorclose: true   mHasPlayingTransitions: false mFinishHasPlayingTransitions: false
04-12 20:43:04.409227  2733  2911 D RecentsTransitionHandler_interrupt: processReadyQueue mIfTransitionReUseLeash: false  mLeashReUsePendingFinishT: null
04-12 20:43:04.409223  1750  2902 D TranStartingSurfaceController: executeAppTransitionIfNeeded set ready true activityRecord:ActivityRecord{233988848 u0 com.android.settings/.Settings t60}
04-12 20:43:04.409235  2733  2911 D RecentsTransitionHandler_interrupt: isIconLaunchOpenOrClose mode：4
04-12 20:43:04.409240  2733  2911 D RecentsTransitionHandler_interrupt: isOpenOrCloseMode: trueisInterruptedTask: true isSplitMode: false isTranssionLauncher: true
04-12 20:43:04.409243  2733  2911 D RecentsTransitionHandler_interrupt: isIconLaunchRemoteTransitionInterrupted isopenorclose: true   mHasPlayingTransitions: false mFinishHasPlayingTransitions: false
04-12 20:43:04.409271  2733  2911 V WindowManagerShell: Playing animation for (#11) android.os.BinderProxy@1168d1@0
04-12 20:43:04.409284  2733  2911 D RecentsTransitionHandler_interrupt: isIconLaunchOpenOrClose mode：4
04-12 20:43:04.409289  2733  2911 D RecentsTransitionHandler_interrupt: isOpenOrCloseMode: trueisInterruptedTask: true isSplitMode: false isTranssionLauncher: true
04-12 20:43:04.409293  2733  2911 D RecentsTransitionHandler_interrupt: isIconLaunchRemoteTransitionInterrupted isopenorclose: true   mHasPlayingTransitions: false mFinishHasPlayingTransitions: false
04-12 20:43:04.409345  2733  2911 V WindowManagerShell:  try firstHandler com.android.wm.shell.transition.DefaultMixedHandler@3d3dcdb
04-12 20:43:04.409366  2733  2911 V WindowManagerShell: Mixed transition for opening an intent with a remote transition and PIP or Desktop #11
04-12 20:43:04.409372  2733  2911 V WindowManagerShell: tryAnimateOpenIntentWithRemoteAndPipOrDesktop
04-12 20:43:04.409420  2733  2911 V WindowManagerShell:  Delegate animation for (#11) to RemoteTransition { remoteTransition = android.window.IRemoteTransition$Stub$Proxy@d72c10d, appThread = android.app.IApplicationThread$Stub$Proxy@dbc58c2, debugName = QuickstepLaunch }
04-12 20:43:04.410736  1750  1877 V WindowManager: Sent Transition (#11) createdAt=04-12 20:43:04.382 via request=TransitionRequestInfo { type = OPEN, triggerTask = TaskInfo{userId=0 taskId=60 effectiveUid=1000 displayId=0 isRunning=true baseIntent=Intent { act=android.intent.action.MAIN cat=[android.intent.category.LAUNCHER] flg=0x10200000 pkg=com.android.settings cmp=com.android.settings/.Settings } baseActivity=ComponentInfo{com.android.settings/com.transsion.settings.homepage.SettingsHomeActivity} topActivity=ComponentInfo{com.android.settings/com.transsion.settings.homepage.SettingsHomeActivity} origActivity=ComponentInfo{com.android.settings/com.android.settings.Settings} realActivity=ComponentInfo{com.android.settings/com.transsion.settings.homepage.SettingsHomeActivity} numActivities=1 lastActiveTime=39163 supportsMultiWindow=false resizeMode=0 isResizeable=false minWidth=-1 minHeight=-1 defaultMinSize=110 token=WCT{RemoteToken{6bba008 Task{52faa25 #60 type=standard A=1000:com.android.settings.root nonResizable}}} topActivityType=1 pictureInPictureParams=PictureInPictureParams( aspectRatio=null expandedAspectRatio=null sourceRectHint=null hasSetActions=false hasSetCloseAction=false isAutoPipEnabled=false isSeamlessResizeEnabled=false title=null subtitle=null isLaunchIntoPip=false) shouldDockBigOverlays=false launchIntoPipHostTaskId=-1 lastParentTaskIdBeforePip=-1 displayCutoutSafeInsets=Rect(0, 123 - 0, 0) topActivityInfo=ActivityInfo{6d5c3a1 com.android.settings.Settings} launchCookies=[android.os.BinderProxy@a2589c6] positionInParent=Point(0, 0) parentTaskId=-1 isFocused=false isVisible=false isVisibleRequested=false isTopActivityNoDisplay=false isSleeping=false locusId=null displayAreaFeatureId=1 isTopActivityTransparent=false isActivityStackTransparent=false lastNonFullscreenBounds=Rect(309, 755 - 899, 1963) capturedLink=null capturedLinkTimestamp=0 requestedVisibleTypes=-9 topActivityRequestOpenInBrowserEducationTimestamp=0 appCompatTaskInfo=AppCompatTaskInfo { topActivityInSizeCompat=false eligibleForLetterboxEducation= false isLetterboxEducationEnabled= false isLetterboxDoubleTapEnabled= false eligibleForUserAspectRatioButton= false topActivityBoundsLetterboxed= false isFromLetterboxDoubleTap= false topActivityLetterboxVerticalPosition= -1 topActivityLetterboxHorizontalPosition= -1 topActivityLetterboxWidth=-1 topActivityLetterboxHeight=-1 topActivityAppBounds=Rect(0, 0 - 1208, 2644) isUserFullscreenOverrideEnabled=false isSystemFullscreenOverrideEnabled=false hasMinAspectRatioOverride=false topActivityLetterboxBounds=null cameraCompatTaskInfo=CameraCompatTaskInfo { freeformCameraCompatMode=inactive}} topActivityMainWindowFrame=null}, pipChange = null, remoteTransition = RemoteTransition { remoteTransition = android.window.IRemoteTransition$Stub$Proxy@81dcb9b, appThread = android.app.IApplicationThread$Stub$Proxy@d9b1b38, debugName = QuickstepLaunch }, displayChange = null, flags = 0, debugId = 11 }
04-12 20:43:04.411131  1750  1877 V WindowManager:     startWCT=null
04-12 20:43:04.413120  1750  1956 W TranPerf-SystemBinderBigCoreFeature: [setAffinity] Tid:2902 mask:255
04-12 20:43:04.413312  1750  4614 D MagellanHandle: updateRefreshRateForSceneVsyncs what = 23
04-12 20:43:04.413669  2733  2911 V WindowManagerShell:  animated by firstHandler
04-12 20:43:04.414276  1750  1877 V WindowManager:     info={id=11 t=OPEN f=0x0 trk=0 r=[0@Point(0, 0)] c=[
04-12 20:43:04.414276  1750  1877 V WindowManager:         {WCT{RemoteToken{6bba008 Task{52faa25 #60 type=standard A=1000:com.android.settings.root nonResizable}}} m=OPEN f=NONE leash=Surface(name=Task=60)/@0x4211f05 sb=Rect(0, 0 - 1208, 2644) eb=Rect(0, 0 - 1208, 2644) mSimplifyStartAbsBounds=Rect(0, 0 - 0, 0) epz=Point(1208, 2644) d=0 taskParent=-1},
04-12 20:43:04.414276  1750  1877 V WindowManager:         {WCT{RemoteToken{fe86821 Task{76c933 #1 type=home}}} m=TO_BACK f=SHOW_WALLPAPER leash=Surface(name=Task=1)/@0x8eba308 sb=Rect(0, 0 - 1208, 2644) eb=Rect(0, 0 - 1208, 2644) mSimplifyStartAbsBounds=Rect(0, 0 - 0, 0) epz=Point(1208, 2644) d=0 taskParent=-1},
04-12 20:43:04.414276  1750  1877 V WindowManager:         {m=TO_BACK f=IS_WALLPAPER leash=Surface(name=WallpaperWindowToken{974db16 showWhenLocked=false})/@0x512440f sb=Rect(0, 0 - 1208, 2644) eb=Rect(0, 0 - 1208, 2644) mSimplifyStartAbsBounds=Rect(0, 0 - 0, 0) epz=Point(1208, 2644) d=0}
04-12 20:43:04.414276  1750  1877 V WindowManager:     ]}
04-12 20:43:04.416425  1750  4614 D os.fingerprint: onActivityResume next:ActivityRecord{233988848 u0 com.android.settings/.Settings t60}
04-12 20:43:04.416477  1750  4614 D os.fingerprint: activityComponent = ComponentInfo{com.android.settings/com.transsion.settings.homepage.SettingsHomeActivity} inMultiWindow = false
04-12 20:43:04.416588  1750  4614 I AppLockLice: onActivityResume: packageName = com.android.settings,mComeLockPkgList =[],mPreLockPkgList =[]
04-12 20:43:04.416891  1750  4614 I AppLockLice: onActivityResume:isAwake = true ,isKeyguardLocked = false
04-12 20:43:04.417682  1750  4614 D WindowManager: should skip check rotation when startingsurface is showing
04-12 20:43:04.417762  1750  4614 I WindowManager: DisplayRotation updateRotationUnchecked id :0, rotation = 0, oldRotation = 0, lastOrientation = 1, mUserRotationMode = 1, mUserRotation = 0, mLastSensorRotation = 0
04-12 20:43:04.417808  1750  4614 D WindowManager: should skip check rotation when startingsurface is showing
04-12 20:43:04.418126  2733  2911 D WindowManagerShell: setLauncherKeepClearAreaHeight: visible=false, height=285
04-12 20:43:04.418161  1750  4614 D os.fingerprint: onRealStartActivityLocked next:ActivityRecord{233988848 u0 com.android.settings/.Settings t60} isKeyguardShowing:false
04-12 20:43:04.418180  1750  4614 D os.fingerprint: activityComponent = ComponentInfo{com.android.settings/com.transsion.settings.homepage.SettingsHomeActivity} inMultiWindow = false
04-12 20:43:04.420782  1750  4614 D NetworkRuleControllerService: onTaskFocusChanged 2 false
04-12 20:43:04.420850  1750  4614 D NetworkRuleControllerService: onTaskFocusChanged 60 true
04-12 20:43:04.420888  1750  4614 D NetworkRuleControllerService: onForegroundPackageChanged com.transsion.launcher3 => com.android.settings
04-12 20:43:04.420979  1750  4614 D os.fingerprint: onUpdateFocusedApp oldPackageName:com.transsion.launcher3 oldComponent:ComponentInfo{com.transsion.launcher3/com.android.launcher3.uioverrides.QuickstepLauncher} newPackageName:com.android.settings newComponent:ComponentInfo{com.android.settings/com.transsion.settings.homepage.SettingsHomeActivity} mFm :android.hardware.fingerprint.FingerprintManager@c32aebf
04-12 20:43:04.421292  3166  3166 D LaunchActivityItem: LaunchActivityItem execute r = ActivityRecord{1b2564c token=android.os.BinderProxy@8d7d820 {com.android.settings/com.android.settings.Settings}}
04-12 20:43:04.422133  1750  4614 W WindowManager: Changing focus from Window{7401100 u0 com.transsion.launcher3/com.android.launcher3.uioverrides.QuickstepLauncher} to null displayId=0 Callers=com.android.server.wm.RootWindowContainer.updateFocusedWindowLocked:532 com.android.server.wm.WindowManagerService.updateFocusedWindowLocked:7088 com.android.server.wm.ActivityTaskManagerService.setLastResumedActivityUncheckLocked:5759 com.android.server.wm.ActivityTaskSupervisor.updateTopResumedActivityIfNeeded:2579 
04-12 20:43:04.422186  1750  4614 D WindowManager: notifyAppOnFocusChange focusedWindow =null registeredPid=3974 callback=android.window.IFocusChangeCallback$Stub$Proxy@8b76fd0
04-12 20:43:04.423299  1750  4614 D tranpm/SceneDataInstance: onAppStart
04-12 20:43:04.423448  1750  4614 D tranpm/BehaviorManager:  onAppLaunch nextPackName = com.android.settings currPackName = com.transsion.launcher3
04-12 20:43:04.425701  1750  4614 D setGameMode: enter setGameModeEnabled
04-12 20:43:04.425711  1750  4614 D setGameMode: packageName: com.android.settings processName: com.android.settings
04-12 20:43:04.425967  1750  4614 D TranAppm/MTKSuitConfig: mMTKGameModeSupport: true
04-12 20:43:04.426046  1750  4614 D TranAppm/MTKModule: pkgName: com.android.settings,pid: 3166
04-12 20:43:04.426056  1750  4614 D setGameMode: Package not in game scene list: com.android.settings
04-12 20:43:04.426875  2733  2911 D SyncTransactionQueue: Run in sync. mInFlight=null
04-12 20:43:04.426913  1750  4614 D MagellanHandle: updateRefreshRateForSceneVsyncs what = 23
04-12 20:43:04.427267  1750  4614 D os.fingerprint: onActivityResume next:ActivityRecord{233988848 u0 com.android.settings/.Settings t60}
04-12 20:43:04.427289  1750  4614 D os.fingerprint: activityComponent = ComponentInfo{com.android.settings/com.transsion.settings.homepage.SettingsHomeActivity} inMultiWindow = false
04-12 20:43:04.427644  1750  4614 I Griffin/Hooker: PreviousApp = com.gallery20/.HomeActivity
04-12 20:43:04.427789  1750  4614 D tranpm/SceneDataInstance: onAppStart
04-12 20:43:04.427892  1750  4278 I Transition: syncId = 10 finish T apply
04-12 20:43:04.428048  1750  4278 I BLASTSyncEngine: mSyncId = 11 start T apply
04-12 20:43:04.428216  2733  2911 D SyncTransactionQueue: Run in sync. mInFlight=null
04-12 20:43:04.439784  1750  2235 D WindowManager: should skip check rotation when startingsurface is showing
04-12 20:43:04.446929  1750  1956 W TranPerf-PreStartAppFeature: PreStartAppFeature: com.android.settings
04-12 20:43:04.447180  1750  4614 D CompatChangeReporter: Compat change id reported: 377864165; UID 1000; state: ENABLED
04-12 20:43:04.450009  1750  1956 D os.WindowManagerServiceLice: onStartActivityAsUser, isPreloadIntent =  false
04-12 20:43:04.453088  1750  1956 I ActivityTaskManager: agaresFW preload processName=com.android.settings for ComponentInfo{com.android.settings/com.android.settings.Settings}
04-12 20:43:04.453712  1750  2233 D ActivityTaskManager: cacheStartingBGColor colorPackageKey: com.android.settings_u0_light color: -1118482
04-12 20:43:04.455835  1750  2524 D ActivityTaskManager: isControllerAMonkey mController = null,mControllerIsAMonkey = false
04-12 20:43:04.464218  1750  2332 D PowerManagerService: onAppLaunch: currentPackage=com.transsion.launcher3, nextPackage=com.android.settings.
04-12 20:43:04.465211  2733  2911 D SyncTransactionQueue: Run in sync. mInFlight=null
04-12 20:43:04.481564  1750  1750 E MBrainLocalService: notifyAppSwitch failed
04-12 20:43:04.490268  1750  4276 D TranCameraLowTemperatureWarningImpl: [isCameraLowTemperatureWarningSupport] ro.tranos.version=xos16.2.0, not 16.3, skip flag check
04-12 20:43:04.492866  3166  3166 D TranClassInfo: instance successfully. com.transsion.hubcore.internal.latency.TranLatencyTrackerImpl@c812961 from com.transsion.hubcore.internal.latency.ITranLatencyTracker
04-12 20:43:04.495279  2733  3046 D ViewRootImpl: setView appearance:0 Splash Screen com.android.settings
04-12 20:43:04.499002  1750  1750 E MBrainLocalService: notifyAppSwitch failed
04-12 20:43:04.502495  1750  2010 D CompatChangeReporter: Compat change id reported: 319212206; UID 10163; state: ENABLED
04-12 20:43:04.505615  1750  4268 D WindowManager: should skip check rotation when startingsurface is showing
04-12 20:43:04.514232  1750  3614 I HS/TranUsfAppState: APP_SWITCH uid:1000 pkgName:com.android.settings prevUid:10148 prevPkgName:com.transsion.launcher3
04-12 20:43:04.514489  1750  1860 D TranAppm/Monitor: App switch: com.transsion.launcher3 -> com.android.settings
04-12 20:43:04.514551  1750  1860 D TranAppm/SystemMonitor: mTidEnabled not enabled, not to get game track data.
04-12 20:43:04.514618  1750  1860 D TranAppm/ThermalEngineModule:  AppSwitchListener from com.transsion.launcher3 to com.android.settings
04-12 20:43:04.533782  1750  1750 I TranEmergencynecessityComponentImpl: Service is ready, and start to update data from xml
04-12 20:43:04.548803  1750  4278 I WindowManager: updateSystemBarAttributes appearance:24, win appearance:24, opaqueAppearance:0, win:Window{d1c1eba u0 Splash Screen com.android.settings}, appearanceRegions=[AppearanceRegion{LIGHT_STATUS_BARS bounds=[0,0][1208,2644]}]
04-12 20:43:04.549406  1750  4278 D WindowManager: should skip check rotation when startingsurface is showing
04-12 20:43:04.557095  6810  6810 W Looper  : Slow delivery took 2414ms main app=com.transsion.trancare main=true h=android.app.ActivityThread$H c=null m=131
04-12 20:43:04.557776  1750  4343 D ActivityTaskManager: isControllerAMonkey mController = null,mControllerIsAMonkey = false
04-12 20:43:04.575811  4660  4719 V Configuration: Updating configuration, locales updated from [zh_CN_#Hans] to [zh_CN]
04-12 20:43:04.589767  1750  4276 D ActivityTaskManager: isControllerAMonkey mController = null,mControllerIsAMonkey = false
04-12 20:43:04.597590  3166  3166 D ResumeActivityItem: ResumeActivityItem execute r = ActivityRecord{1b2564c token=android.os.BinderProxy@8d7d820 {com.android.settings/com.android.settings.Settings}}
04-12 20:43:04.600512  3166  3166 D ViewRootImpl: setView appearance:24 com.android.settings/com.android.settings.Settings
04-12 20:43:04.604474  1750  2233 D CoreBackPreview: Window{aec157a u0 com.android.settings/com.android.settings.Settings}: Setting back callback OnBackInvokedCallbackInfo{mCallback=android.window.IOnBackInvokedCallback$Stub$Proxy@c46ef21, mPriority=-1, mIsAnimationCallback=false, mOverrideBehavior=0}
04-12 20:43:04.616007  1750  4271 D WindowManager: currentFocusId -1 newFocusId: 0 currentFocusIsMultiWindow: false newFocusIsMultiWindow: false
04-12 20:43:04.616180  1750  4271 W WindowManager: Changing focus from null to Window{aec157a u0 com.android.settings/com.android.settings.Settings} displayId=0 Callers=com.android.server.wm.RootWindowContainer.updateFocusedWindowLocked:532 com.android.server.wm.WindowManagerService.updateFocusedWindowLocked:7088 com.android.server.wm.WindowManagerService.relayoutWindow:3044 com.android.server.wm.Session.relayout:292 
04-12 20:43:04.616206  1750  4271 D WindowManager: notifyAppOnFocusChange focusedWindow =com.android.settings/com.android.settings.Settings;3166;1000 registeredPid=3974 callback=android.window.IFocusChangeCallback$Stub$Proxy@8b76fd0
04-12 20:43:04.617565  1750  4271 D WindowManager: should skip check rotation when startingsurface is showing
04-12 20:43:04.617786  1750  4271 I WindowManager: Relayout Window{aec157a u0 com.android.settings/com.android.settings.Settings}: oldVis=4 newVis=0 focusMayChange = true requestedWidth = 1208 requestedHeight = 2644 outFrames = ClientWindowFrames{frame=[0,0][1208,2644] display=[0,0][1208,2644] parentFrame=[0,0][0,0]} outSurfaceControl = Surface(name=com.android.settings/com.android.settings.Settings)/@0xb0d6159
04-12 20:43:04.622841  1750  2524 I thermalLightController: Fg: com.android.settings
04-12 20:43:04.638357  1750  4253 V ActivityManager: New death recipient com.android.server.am.ActivityManagerService$AppDeathRecipient@fa6d5f6 for thread android.os.BinderProxy@17e3df7
04-12 20:43:04.642392  2441  2506 I Usf_Hiber/fastState: fastUnFreeze reason=cpuboost size=16 uids=[10077, 10081, 10092, 10109, 10111, 10131, 10138, 10144, 10173, 10187, 10214, 10215, 10226, 10256, 10264, 10274] about costTime=144ms
04-12 20:43:04.646017  1750  2413 I StandbyHandler/TranJobStateMonitor: uid:10221,pkgName:com.google.android.partnersetup/.ClientIdJobService jobId:8192 finish time:1970-01-01 08:00:39,duration:878
04-12 20:43:04.646376  1750  2010 I Telecom-TelecomServiceImpl$1: isInEmergencyCall: false: TSI.iIEC@AE8
04-12 20:43:04.647282  1750  2517 I WindowManager: System monitor finishDrawingWindow w: Window{d1c1eba u0 Splash Screen com.android.settings}; mDrawState = DRAW_PENDING
04-12 20:43:04.648439  1750  1894 D WindowManager: System monitor commitFinishDrawingLocked activity = ActivityRecord{233988848 u0 com.android.settings/.Settings t60} canShowWindows = true type = 3
04-12 20:43:04.648475  1750  1894 D TranStartingSurfaceController: hookOnStartingWindowDrawn activityRecord=ActivityRecord{233988848 u0 com.android.settings/.Settings t60}
04-12 20:43:04.648489  1750  1894 D TranStartingSurfaceController: removeStartingSurface mCurrentTranStartingSurface=com.android.server.wm.TranStartingSurface@d6eb4b4 animate=true
04-12 20:43:04.649326  1750  1894 D WindowManager: System monitor performShowLocked: mDrawState = HAS_DRAWN in Window{d1c1eba u0 Splash Screen com.android.settings}
04-12 20:43:04.649695  2441  2557 I Usf_HiberBp/fastFreezeProcessor: reason: cpuboost coverage: 0.95238096 interval: 2317
04-12 20:43:04.652578  1750  4253 I START_DEBUG: send BINDTIMEOUT    ProcessRecord :ProcessRecord{45dc351 8293:com.mediatek.schpwronoff/1000}
04-12 20:43:04.652648  1750  4253 I START_DEBUG: remove START_TIMEOUT finish    ProcessRecord :ProcessRecord{45dc351 8293:com.mediatek.schpwronoff/1000}
04-12 20:43:04.652951  1750  4253 D os.ActivityManagerServiceLice: make process active com.mediatek.schpwronoff(8293)
04-12 20:43:04.653204  1750  2644 I TranHyperionUtils: here1[:4660]:tech.palm.id
04-12 20:43:04.653539  1750  2199 W ActivityManager: Unbind failed: could not find connection for android.app.LoadedApk$ServiceDispatcher$InnerConnection@49b4bfc
04-12 20:43:04.657021  1750  1894 I WindowManager: real show surface Splash Screen com.android.settings sc: Surface(name=Splash Screen com.android.settings)/@0xea9f10b win : Window{d1c1eba u0 Splash Screen com.android.settings}
04-12 20:43:04.657111  1750  1894 D WindowManager: hookStartingWindowHasShown should apply again startingwindow mSurfaceControl=Surface(name=Splash Screen com.android.settings)/@0xea9f10b mWin.mSurfaceControl=Surface(name=d1c1eba Splash Screen com.android.settings)/@0xf4f2be8
04-12 20:43:04.657489  1750  2199 W ActivityManager: Unable to start service Intent { act=android.wifi.ScorerService xflg=0x4 pkg=com.mediatek.location.lppe.main } U=0: not found
04-12 20:43:04.657548  1750  2199 W ActivityManager: Unbind failed: could not find connection for android.app.LoadedApk$ServiceDispatcher$InnerConnection@e8492e7
04-12 20:43:04.657633  1750  2199 W ActivityManager: Unable to start service Intent { act=android.wifi.ScorerService xflg=0x4 pkg=com.android.keychain } U=0: not found
04-12 20:43:04.657687  1750  2199 W ActivityManager: Unbind failed: could not find connection for android.app.LoadedApk$ServiceDispatcher$InnerConnection@cc94d3d
04-12 20:43:04.657768  1750  2199 W ActivityManager: Unable to start service Intent { act=android.wifi.ScorerService xflg=0x4 pkg=com.goodix.fingerprint.setting } U=0: not found
04-12 20:43:04.657815  1750  2199 W ActivityManager: Unbind failed: could not find connection for android.app.LoadedApk$ServiceDispatcher$InnerConnection@57d7683
04-12 20:43:04.663017  8293  8345 I ActivityThread:  enable system monitor for package: com.mediatek.schpwronoff
04-12 20:43:04.663764  8293  8293 E SystemMonitorUtils:  error to open /dev/ensignal file e=android.system.ErrnoException: open failed: EACCES (Permission denied)
04-12 20:43:04.663817  8293  8293 E SystemMonitorUtils:  error to open /dev/ensignal file e=android.system.ErrnoException: open failed: EACCES (Permission denied)
04-12 20:43:04.680691  1750  2010 V SettingsProvider: name : transsion_turbo_assistant appId : 1000
04-12 20:43:04.681900  8293  8345 D TranClassInfo: instance successfully. com.transsion.common.thubutils.AppProperties@623ecf0 from com.transsion.hubsdk.thubutils.IAppProperties
04-12 20:43:04.681985  8293  8345 I AppProperties: enter initialize com.mediatek.schpwronoff
04-12 20:43:04.682085  8293  8345 I AppProperties: readAllPropFiles directoryPath=/system_ext/etc/vconfig/com.mediatek.schpwronoff/
04-12 20:43:04.682139  8293  8345 I AppProperties: enter readPropFiles count=0
04-12 20:43:04.682145  8293  8345 I AppProperties: readAllPropFiles directoryPath=/tr_product/etc/vconfig/com.mediatek.schpwronoff/
04-12 20:43:04.682164  8293  8345 I AppProperties: enter readPropFiles count=0
04-12 20:43:04.682168  8293  8345 I AppProperties: readAllPropFiles directoryPath=/tr_region/etc/vconfig/com.mediatek.schpwronoff/
04-12 20:43:04.682184  8293  8345 I AppProperties: enter readPropFiles count=0
04-12 20:43:04.682190  8293  8345 I AppProperties: readAllPropFiles directoryPath=/tr_carrier/etc/vconfig/com.mediatek.schpwronoff/
04-12 20:43:04.682199  8293  8345 I AppProperties: enter readPropFiles count=0
04-12 20:43:04.682204  8293  8345 I AppProperties: readAllPropFiles directoryPath=/tr_company/etc/vconfig/com.mediatek.schpwronoff/
04-12 20:43:04.682213  8293  8345 I AppProperties: enter readPropFiles count=0
04-12 20:43:04.682216  8293  8345 I AppProperties: readAllPropFiles directoryPath=/tranfs/etc/vconfig/com.mediatek.schpwronoff/
04-12 20:43:04.682266  8293  8345 I AppProperties: enter readPropFiles count=0
04-12 20:43:04.690997  1750  1894 I TranStartingSurface: onAnimationFinished remove com.android.server.wm.TranStartingSurface@d6eb4b4
04-12 20:43:04.691021  1750  1894 D TranStartingSurface: removeStartingSurface mSurfaceControl=Surface(name=TranStartingSurface)/@0x71a2d87 transaction=android.view.SurfaceControl$Transaction@10d7dc
04-12 20:43:04.701332  1750  4268 D CompatChangeReporter: Compat change id reported: 151861875; UID 10190; state: ENABLED
04-12 20:43:04.712457  1750  2902 D UsfSystemServer/appSceneHooker: action is empty in service bind status
04-12 20:43:04.715368  8210  8306 W PowerProfile: ambient.on is deprecated! Use ambient.on.display0 instead.
04-12 20:43:04.715407  8210  8306 W PowerProfile: screen.on is deprecated! Use screen.on.display0 instead.
04-12 20:43:04.715418  8210  8306 W PowerProfile: screen.full is deprecated! Use screen.full.display0 instead.
04-12 20:43:04.715472  8210  8306 W ModemPowerProfile: getAverageBatteryDrainMaH called with unexpected key: 0x0, drain:SLEEP,RAT:DEFAULT
04-12 20:43:04.716164  8210  8306 W ModemPowerProfile: getAverageBatteryDrainMaH called with unexpected key: 0x10000000, drain:IDLE,RAT:DEFAULT
04-12 20:43:04.716242  8210  8306 W ModemPowerProfile: getAverageBatteryDrainMaH called with unexpected key: 0x20000000, drain:RX,RAT:DEFAULT
04-12 20:43:04.716257  8210  8306 W ModemPowerProfile: getAverageBatteryDrainMaH called with unexpected key: 0x30000000, drain:TX,level:0,RAT:DEFAULT
04-12 20:43:04.716265  8210  8306 W ModemPowerProfile: getAverageBatteryDrainMaH called with unexpected key: 0x31000000, drain:TX,level:1,RAT:DEFAULT
04-12 20:43:04.716271  8210  8306 W ModemPowerProfile: getAverageBatteryDrainMaH called with unexpected key: 0x32000000, drain:TX,level:2,RAT:DEFAULT
04-12 20:43:04.716277  8210  8306 W ModemPowerProfile: getAverageBatteryDrainMaH called with unexpected key: 0x33000000, drain:TX,level:3,RAT:DEFAULT
04-12 20:43:04.716282  8210  8306 W ModemPowerProfile: getAverageBatteryDrainMaH called with unexpected key: 0x34000000, drain:TX,level:4,RAT:DEFAULT
04-12 20:43:04.717230  1750  2901 D ActivityManager: freezer override set to false
04-12 20:43:04.727700  1750  2235 I ActivityManager: Background started FGS: Allowed [callingPackage: com.mediatek.omacp; callingUid: 1000; uidState: PER ; uidBFSL: [BFSL]; intent: Intent { act=android.intent.action.BOOT_COMPLETED cmp=com.mediatek.omacp/.message.OmacpReceiverService }; code:PROC_STATE_PERSISTENT; tempAllowListReason:<ffe0587 android.intent.action.BOOT_COMPLETED/u0,reasonCode:BOOT_COMPLETED,duration:20000,callingUid:1000>; allowWiu:10; targetSdkVersion:36; callerTargetSdkVersion:36; startForegroundCount:0; bindFromPackage:null: isBindService:false]
04-12 20:43:04.730532  1750  2393 V Configuration: Updating configuration, locales updated from [] to [zh_CN_#Hans]
04-12 20:43:04.732390  1750  2644 I TranWakeGestureListenerExt: getSuitableLiftToWakeSensor: only mTranPickUpSensor available, return it
04-12 20:43:04.735757  1750  2235 W ForegroundServiceTypeLoggerModule: Foreground service start for UID: 1000 does not have any types
04-12 20:43:04.759981  1750  2010 V AlarmManager: set(PendingIntent{7cadf97: PendingIntentRecord{182b7b2 com.google.android.gms/com.google.android.gms.scheduler broadcastIntent}}) : type=3 triggerAtTime=41299 win=0 tElapsed=44531 maxElapsed=44531 interval=0 flags=0x0
04-12 20:43:04.799444  1750  2994 D UsfSystemServer/appSceneHooker: action is empty in service bind status
04-12 20:43:04.800804  3854  8348 E ActivityThread: Failed to find provider info for subscribedfeeds
04-12 20:43:04.812883  1750  2901 I WindowManager: System monitor finishDrawingWindow w: Window{aec157a u0 com.android.settings/com.android.settings.Settings}; mDrawState = DRAW_PENDING
04-12 20:43:04.813013  1750  2517 V SettingsProvider: name : change_badge appId : 1000
04-12 20:43:04.814355  1750  1894 D WindowManager: System monitor commitFinishDrawingLocked activity = ActivityRecord{233988848 u0 com.android.settings/.Settings t60} canShowWindows = true type = 1
04-12 20:43:04.814385  1750  1894 D TranStartingSurfaceController: hookOnFirstWindowDrawn activityRecord=ActivityRecord{233988848 u0 com.android.settings/.Settings t60}
04-12 20:43:04.814790  1750  1894 I ActivityTaskManager: Schedule remove starting ActivityRecord{233988848 u0 com.android.settings/.Settings t60} startingWindow=Window{d1c1eba u0 Splash Screen com.android.settings} animate=true Callers=com.android.server.wm.ActivityRecord.removeStartingWindow:3326 com.android.server.wm.ActivityRecord.onFirstWindowDrawn:7382 com.android.server.wm.WindowState.performShowLocked:4742 com.android.server.wm.WindowStateAnimator.commitFinishDrawingLocked:349 com.android.server.wm.DisplayContent.lambda$new$9:1231 
04-12 20:43:04.814892  1750  1894 D ActivityRecordHelper: needSplashSnapshot shortComponentName: com.android.settings/.Settings
04-12 20:43:04.816260  1750  1894 D TranBrightnessController: setNotUpdateBrightnessState: pauseUpdate = false , pauseReason = app_stop_launch
04-12 20:43:04.816455  1750  1894 D WindowManager: System monitor performShowLocked: mDrawState = HAS_DRAWN in Window{aec157a u0 com.android.settings/com.android.settings.Settings}
04-12 20:43:04.817000  1750  1860 V SettingsProvider: name : settings_app_unread appId : 1000
04-12 20:43:04.817629  3166  8377 W ContextImpl: Calling a method in the system process without a qualified user: android.app.ContextImpl.sendBroadcast:1288 android.content.ContextWrapper.sendBroadcast:506 com.transsion.settings.reddot.IvoiceProvider.c:49 com.transsion.settings.reddot.IvoiceProvider.b:334 com.transsion.settings.reddot.IvoiceProvider.call:182 
04-12 20:43:04.818802  1750  2011 D ActivityTaskManager: isControllerAMonkey mController = null,mControllerIsAMonkey = false
04-12 20:43:04.819460  1750  2405 D aegean_MemoryFusionFileUtils: proc/memfusion/am_app_launch :0
04-12 20:43:04.820296  1750  2199 W ActivityManager: Unable to start service Intent { act=android.wifi.ScorerService xflg=0x4 pkg=com.transsion.kolun.aiservice } U=0: not found
04-12 20:43:04.828806  1750  4347 I TranHyperionUtils: here1[:4660]:tech.palm.id
04-12 20:43:04.829887  1750  1923 W ActivityManager: Slow operation: 129ms so far, now at startProcess: returned from zygote!
04-12 20:43:04.838337  1750  2524 D setGameMode: enter setGameModeEnabled
04-12 20:43:04.838344  1750  2524 D setGameMode: packageName: com.gallery20 processName: com.gallery20
04-12 20:43:04.838371  1750  2524 D TranAppm/MTKSuitConfig: mMTKGameModeSupport: true
04-12 20:43:04.838402  1750  2524 D TranAppm/MTKModule: pkgName: com.gallery20,pid: 8039
04-12 20:43:04.838415  1750  2524 D setGameMode: Package not in game scene list: com.gallery20
04-12 20:43:04.838471  1750  2524 D MagellanHandle: updateRefreshRateForSceneVsyncs what = 23
04-12 20:43:04.839295  1750  1894 I WindowManager: real show surface com.android.settings/com.android.settings.Settings sc: Surface(name=com.android.settings/com.android.settings.Settings)/@0xdcf5a4d win : Window{aec157a u0 com.android.settings/com.android.settings.Settings}
04-12 20:43:04.840873  1750  1750 E MBrainLocalService: notifyAppSwitch failed
04-12 20:43:04.840988  1750  4268 I WindowManager:   isAnimating=false  okToAnimate=true  win=Window{d1c1eba u0 Splash Screen com.android.settings}
04-12 20:43:04.842651   656  7477 E keystore2: system/security/keystore2/src/database.rs:1529 -  in make_connection-start
04-12 20:43:04.843864  1750  4347 I TranHyperionUtils: here1[:4660]:tech.palm.id
04-12 20:43:04.846723  1750  2479 I _T_AppBehavior: APP_START_OCCURRED (pid:3166, packageName:com.android.settings, transitionType:8, launchedActivityName:com.android.settings.Settings, callerPackage:com.transsion.launcher3, currentTransitionDelayMs:33, startingWindowDelayMs:272, bindApplicationDelayMs:-1, windowsDrawnDelayMs:441,compilationReason:1, compilationFilter:8, sourceType:1, sourceEventDelayMs:4)
04-12 20:43:04.846808  1750  2517 D ActivityTaskManager: isControllerAMonkey mController = null,mControllerIsAMonkey = false
04-12 20:43:04.847911  1750  1750 D WindowManager: getTopPackages# topPackages = []
04-12 20:43:04.847976  1750  1750 D TranActivityLifecycleManager: [onForegroundAppchange] ForegroundPackage: com.android.settings splitScreen: false multiWindow: false mIsPinned:false
04-12 20:43:04.849523  3166  8355 W ContextImpl: Calling a method in the system process without a qualified user: android.app.ContextImpl.startService:2106 android.content.ContextWrapper.startService:855 H8.c.run:257 java.util.concurrent.Executors$RunnableAdapter.call:520 b7.N.run:24 
04-12 20:43:04.850302  1750  1750 D ScreenOrientationDetector: Sensor processing performance: avg=11μs, count=143, total=1ms
04-12 20:43:04.853901  1750  4268 D MagellanHandle: updateRefreshRateForSceneVsyncs what = 23
04-12 20:43:04.857041  1750  1750 D MBrainLocalService: notifyAppLifeCycle failed
04-12 20:43:04.857745   656  7477 I keystore2: system/security/keystore2/src/security_level.rs:245 - caller pid=4660, uid=10169; force = false; key domain=r#KEY_ID, alias = None
04-12 20:43:04.858057   656  7477 I keystore2: system/security/keystore2/src/security_level.rs:343 - upgrade_keyblob_if_required_with start
04-12 20:43:04.865309  1750  2170 V InputMethodManagerService: startInputOrWindowGainedFocusInternalLocked: reason=WINDOW_FOCUS_GAIN client=android.os.BinderProxy@ad61f75 inputContext=null editorInfo=android.view.inputmethod.EditorInfo@352a529 startInputFlags=VIEW_HAS_FOCUS|INITIAL_CONNECTION softInputMode=STATE_UNSPECIFIED|ADJUST_NOTHING windowFlags=#81810100 unverifiedTargetSdkVersion=36 bindingController=com.android.server.inputmethod.InputMethodBindingController@cae6d00 imeDispatcher=android.window.ImeOnBackInvokedDispatcher@f3900ae cs=ClientState{17a1240 mUid=1000 mPid=3166 mSelfReportedDisplayId=0} imeRequestedVisible=false
04-12 20:43:04.865401  1750  2170 V ImeVisibilityStateComputer: setWindowStateInner, windowToken=android.os.BinderProxy@47d1da5, state=ImeTargetWindowState{ imeToken null imeFocusChanged true hasEditorFocused false requestedImeVisible false imeDisplayId 0 softInputModeState STATE_UNSPECIFIED|ADJUST_NOTHING isStartInputByGainFocus true}
04-12 20:43:04.865436  1750  2170 V ImeVisibilityStateComputer: Unspecified window will hide input
04-12 20:43:04.865712  1750  2170 I input_debug: package: com.android.settings mNeedShowSafeInput: false inputType: 0 methodMap: true isKeyguardShowing: false enable: 0 isSplitScreen: false
04-12 20:43:04.865752  1750  2170 V InputMethodManagerService: unbindCurrentInputLocked: client=android.os.BinderProxy@e9aea54
04-12 20:43:04.866248  1750  2170 V InputMethodMenuController: Hide switching menu
04-12 20:43:04.866331  1750  2170 V InputMethodManagerService: Creating new accessibility sessions for client ClientState{17a1240 mUid=1000 mPid=3166 mSelfReportedDisplayId=0}
04-12 20:43:04.866788  1750  2170 V InputMethodManagerService: Disabling: SessionState{uid=10148 pid=2419 method=e508cc7 session=c1ac2f4 channel=ClientState{ef8cb7e mUid=10148 mPid=2419 mSelfReportedDisplayId=0} userId=0}
04-12 20:43:04.866919  1750  2170 V InputMethodManagerService: Enabling: SessionState{uid=1000 pid=3166 method=e508cc7 session=78c79b3 channel=ClientState{17a1240 mUid=1000 mPid=3166 mSelfReportedDisplayId=0} userId=0}
04-12 20:43:04.867012  1750  4253 D MagellanHandle: updateRefreshRateForSceneVsyncs what = 27
04-12 20:43:04.868067   656  7477 I keystore2: system/security/keystore2/src/enforcements.rs:236 - finalize_create_authorization self.state=NoAuthRequired
04-12 20:43:04.869135  1750  4253 I WindowManager: from lastthunderback to other, hide inset, so reset insettarget ime state lastInThunderback: false currentInThunderback: false lastImeInputTarget: Window{7401100 u0 com.transsion.launcher3/com.android.launcher3.uioverrides.QuickstepLauncher} mImeInputTarget: Window{aec157a u0 com.android.settings/com.android.settings.Settings}
04-12 20:43:04.869318   656  7477 I keystore2: system/security/keystore2/src/security_level.rs:388 - upgrade_keyblob_if_required_with end; operation_db.create_operation start
04-12 20:43:04.869338   656  7477 I keystore2: system/security/keystore2/src/security_level.rs:406 - operation_db.create_operation end
04-12 20:43:04.870723  2441  2457 D TranAlarmAlignManager: alarmAlign system not ready:false,align:null
04-12 20:43:04.872297  1750  4271 I TranHyperionUtils: here1[:4660]:tech.palm.id
04-12 20:43:04.873341  1750  2644 W ActivityManager: Slow operation: 172ms so far, now at startProcess: done updating battery stats
04-12 20:43:04.874944  1750  4333 W PackageConfigPersister: App-specific configuration not found for packageName: com.android.settings and userId: 0
04-12 20:43:04.875124  1750  2644 W ActivityManager: Slow operation: 174ms so far, now at startProcess: building log message
04-12 20:43:04.875138  1750  2644 I ActivityManager: Start proc 8410:com.transsion.aivoiceassistant/u0a190 for content provider {com.transsion.aivoiceassistant/com.transsion.ella.external.VoiceProvider}
04-12 20:43:04.875317   656  3615 I keystore2: system/security/keystore2/src/security_level.rs:245 - caller pid=4660, uid=10169; force = false; key domain=r#KEY_ID, alias = None
04-12 20:43:04.875924   656  3615 I keystore2: system/security/keystore2/src/security_level.rs:343 - upgrade_keyblob_if_required_with start
04-12 20:43:04.876015  1750  2644 W ActivityManager: Slow operation: 175ms so far, now at startProcess: starting to update pids map
04-12 20:43:04.876068  3854  8348 E ActivityThread: Failed to find provider info for subscribedfeeds
04-12 20:43:04.879205  1750  2644 I ActivityManager: ProcessObserver broadcast disabled
04-12 20:43:04.881760  1750  2644 W ActivityManager: Slow operation: 181ms so far, now at startProcess: done updating pids map
04-12 20:43:04.881788  1750  2644 V ActivityManager: New death recipient com.android.server.am.ActivityManagerService$AppDeathRecipient@2822a99 for thread android.os.BinderProxy@5bcf15e
04-12 20:43:04.883001  1750  2413 I StandbyHandler/TranJobStateMonitor: uid:10232,pkgName:@SyncManager@com.google.android.gms.chromesync/com.google:android jobId:4 finish time:1970-01-01 08:00:39,duration:769
04-12 20:43:04.887220  1750  2644 I START_DEBUG: send BINDTIMEOUT    ProcessRecord :ProcessRecord{3203d5 8410:com.transsion.aivoiceassistant/u0a190}
04-12 20:43:04.887268  1750  2644 I START_DEBUG: remove START_TIMEOUT finish    ProcessRecord :ProcessRecord{3203d5 8410:com.transsion.aivoiceassistant/u0a190}
04-12 20:43:04.887347  1750  2644 D os.ActivityManagerServiceLice: make process active com.transsion.aivoiceassistant(8410)
04-12 20:43:04.888055  8410  8425 I ActivityThread:  enable system monitor for package: com.transsion.aivoiceassistant
04-12 20:43:04.888468  1750  4253 I TranHyperionUtils: here1[:4660]:tech.palm.id
04-12 20:43:04.889858  1750  4276 I tranpm/ProviderPolicy: isBlockedByHealthStandard: block by code=2010
04-12 20:43:04.889892  1750  4276 I tranpm/ProviderPolicy: limitStartProcessForProvider: Result = Block, reason = Caller idle and violate HealthStandard, callerPkg = tech.palm.id, callerProc = tech.palm.id, callerUid = 10169, callerPid = 4660, callerState = idle, providerAuthority = com.transsion.cloudserver.provider.CloudDiskProvider, targetPkg = com.transsion.cloudserver, targetProcess = com.transsion.cloudserver, targetUid = 10129, targetState = Process Not Running;
04-12 20:43:04.890920  8410  8425 D TranClassInfo: instance successfully. com.transsion.common.thubutils.AppProperties@16c3c6d from com.transsion.hubsdk.thubutils.IAppProperties
04-12 20:43:04.891023  8410  8425 I AppProperties: enter initialize com.transsion.aivoiceassistant
04-12 20:43:04.891124  8410  8425 I AppProperties: readAllPropFiles directoryPath=/system_ext/etc/vconfig/com.transsion.aivoiceassistant/
04-12 20:43:04.891172  8410  8425 I AppProperties: enter readPropFiles count=0
04-12 20:43:04.891178  8410  8425 I AppProperties: readAllPropFiles directoryPath=/tr_product/etc/vconfig/com.transsion.aivoiceassistant/
04-12 20:43:04.891188  8410  8425 I AppProperties: enter readPropFiles count=0
04-12 20:43:04.891191  8410  8425 I AppProperties: readAllPropFiles directoryPath=/tr_region/etc/vconfig/com.transsion.aivoiceassistant/
04-12 20:43:04.891201  8410  8425 I AppProperties: enter readPropFiles count=0
04-12 20:43:04.891204  8410  8425 I AppProperties: readAllPropFiles directoryPath=/tr_carrier/etc/vconfig/com.transsion.aivoiceassistant/
04-12 20:43:04.891211  8410  8425 I AppProperties: enter readPropFiles count=0
04-12 20:43:04.891214  8410  8425 I AppProperties: readAllPropFiles directoryPath=/tr_company/etc/vconfig/com.transsion.aivoiceassistant/
04-12 20:43:04.891223  8410  8425 I AppProperties: enter readPropFiles count=0
04-12 20:43:04.891226  8410  8425 I AppProperties: readAllPropFiles directoryPath=/tranfs/etc/vconfig/com.transsion.aivoiceassistant/
04-12 20:43:04.891261  8410  8425 I AppProperties: enter readPropFiles count=0
04-12 20:43:04.891408  4660  8433 E ActivityThread: Failed to find provider info for com.transsion.cloudserver.provider.CloudDiskProvider
04-12 20:43:04.891729  8410  8410 E SystemMonitorUtils:  error to open /dev/ensignal file e=android.system.ErrnoException: open failed: EACCES (Permission denied)
04-12 20:43:04.891853  8410  8410 E SystemMonitorUtils:  error to open /dev/ensignal file e=android.system.ErrnoException: open failed: EACCES (Permission denied)
04-12 20:43:04.898540  1750  2199 W ActivityManager: Unbind failed: could not find connection for android.app.LoadedApk$ServiceDispatcher$InnerConnection@be026a4
04-12 20:43:04.900077  1750  2235 D ActivityManager: freezer override set to true
04-12 20:43:04.901765   656  3615 I keystore2: system/security/keystore2/src/enforcements.rs:236 - finalize_create_authorization self.state=NoAuthRequired
04-12 20:43:04.901863   656  3615 I keystore2: system/security/keystore2/src/security_level.rs:388 - upgrade_keyblob_if_required_with end; operation_db.create_operation start
04-12 20:43:04.901874   656  3615 I keystore2: system/security/keystore2/src/security_level.rs:406 - operation_db.create_operation end
04-12 20:43:04.910488  1750  2011 I START_DEBUG: remove BIND_TIMEOUT finish    ProcessRecord :ProcessRecord{45dc351 8293:com.mediatek.schpwronoff/1000}
04-12 20:43:04.912134  4660  8445 D TranClassInfo: instance successfully. com.transsion.hubcore.hardware.TranSystemSensorManagerImpl@e3f550f from com.transsion.hubcore.hardware.ITranSystemSensorManager
04-12 20:43:04.912398  4660  8445 D HeartRateOximetryLiceFactory: HeartRateOximetryLice is supported
04-12 20:43:04.914139  4660  8445 D EngineManager: [trustedPrefixes] start ,isPreinstalledPath is true,prefix is com.transsion.,sourceDir is /system_ext/app/PalmID/PalmID.apk,packageName.startsWith(prefix) is false,packageName is tech.palm.id
04-12 20:43:04.914160  4660  8445 D EngineManager: [trustedPrefixes] start ,isPreinstalledPath is true,prefix is tech.palm.,sourceDir is /system_ext/app/PalmID/PalmID.apk,packageName.startsWith(prefix) is true,packageName is tech.palm.id
04-12 20:43:04.922476  1750  4268 D TranAppm/MTKSuitConfig: mMTKGameModeSupport: true
04-12 20:43:04.922534  1750  4268 D TranAppm/MTKModule: pkgName: com.gallery20,pid: 0
04-12 20:43:04.927305  1750  2199 I AlarmManager: alarmComplete() from android.app.AlarmManager$ListenerWrapper@33d24a2
04-12 20:43:04.927373  1750  2199 D AlarmManager: mBroadcastRefCount -> 0
04-12 20:43:04.939293   656  3615 I keystore2: system/security/keystore2/src/security_level.rs:245 - caller pid=3166, uid=1000; force = false; key domain=r#KEY_ID, alias = None
04-12 20:43:04.941173   656  3615 I keystore2: system/security/keystore2/src/security_level.rs:343 - upgrade_keyblob_if_required_with start
04-12 20:43:04.946877   656  3615 I keystore2: system/security/keystore2/src/enforcements.rs:236 - finalize_create_authorization self.state=NoAuthRequired
04-12 20:43:04.946889   656  3615 I keystore2: system/security/keystore2/src/security_level.rs:388 - upgrade_keyblob_if_required_with end; operation_db.create_operation start
04-12 20:43:04.946893   656  3615 I keystore2: system/security/keystore2/src/security_level.rs:406 - operation_db.create_operation end
04-12 20:43:04.946902  1750  1922 I os.notification: tranImportance = 14,muteTime = 9223372036854775807 ,currentTime = 1775997784946 ,pkg -> com.mediatek.omacp currentImportance =3 ,appGroup=0
04-12 20:43:04.946922  1750  1922 I os.notification: cloud notification effect controller success
04-12 20:43:04.946926  1750  1922 I os.notification: set NotificationRecord 0|com.mediatek.omacp|126|null|1000 silent flag
04-12 20:43:04.950805  3166  8457 W ContextImpl: Calling a method in the system process without a qualified user: android.app.ContextImpl.bindService:2215 android.content.ContextWrapper.bindService:891 F3.d.z:39 C8.d.run:47 java.lang.Thread.run:1564 
04-12 20:43:04.955197  1750  4343 D ActivityTaskManager: isControllerAMonkey mController = null,mControllerIsAMonkey = false
04-12 20:43:04.956965  1750  1750 D UsfSystemServer/appSceneHooker: action is empty in service bind status
04-12 20:43:04.958380  1750  1922 D os.notification.pre:  add StatusBarNotification 33627938 current size 1
04-12 20:43:04.958800  1750  2079 D os.notification: onEnqueueNotificationInternal notifyAll(cookie)
04-12 20:43:04.958824  1750  2079 D os.notification.pre:  add Runnable 230034286 with StatusBarNotification 33627938 current size 1
04-12 20:43:04.960117  1750  1922 D os.notification: onEnqueueNotificationInternal wait before
04-12 20:43:04.967668  1750  2517 I tranpm/ProviderPolicy: isBlockedByHealthStandard: block by code=2010
04-12 20:43:04.967690  1750  2517 I tranpm/ProviderPolicy: limitStartProcessForProvider: Result = Block, reason = Caller idle and violate HealthStandard, callerPkg = tech.palm.id, callerProc = tech.palm.id, callerUid = 10169, callerPid = 4660, callerState = idle, providerAuthority = com.transsion.temp_backup_sdk.provider.local_backup, targetPkg = com.transsion.cloudserver, targetProcess = com.transsion.cloudserver, targetUid = 10129, targetState = Process Not Running;
04-12 20:43:04.971245  4660  8404 E ActivityThread: Failed to find provider info for com.transsion.temp_backup_sdk.provider.local_backup
04-12 20:43:04.975963  1750  4342 D ActivityManager: Stop FGS timeout: ServiceRecord{6898143 u0 com.mediatek.omacp/.message.OmacpReceiverService c:com.mediatek.omacp}
04-12 20:43:04.976391  1750  4342 W ForegroundServiceTypeLoggerModule: FGS stop call for: 1000 has no types!
04-12 20:43:04.981054  1750  2439 D ActivityTaskManager_Recents: Skipping, user setup not complete: Task{4b088f6 #6 type=undefined A=10188:com.transsion.magazineservice.xos nonResizable}
04-12 20:43:04.990986  1750  2395 E aegean_FileUtils: writeFileNode error=java.io.FileNotFoundException: /sys/fs/cgroup/launcher/uid_10148/memory.memfusion.app_value: open failed: ENOENT (No such file or directory)
04-12 20:43:05.001714  1750  2099 V AlarmManager: Checking for alarms... rtc=1775997785001, elapsed=39773
04-12 20:43:05.010422  1750  1894 D WindowManager: setParent old=ActivityRecord{233988848 u0 com.android.settings/.Settings t60},new=null,this window=Window{d1c1eba u0 Splash Screen com.android.settings},callers=com.android.server.wm.WindowContainer.removeChild:905 com.android.server.wm.ActivityRecord.removeChild:5132 com.android.server.wm.ActivityRecord.removeChild:446 com.android.server.wm.WindowContainer.removeImmediately:958 com.android.server.wm.WindowState.removeImmediately:2419 com.android.server.wm.WindowState.destroySurface:3561 
04-12 20:43:05.010626   656  7477 E keystore2: system/security/keystore2/src/service.rs:171 - get_key_entry error: system/security/keystore2/src/service.rs:166: while trying to load key info.
04-12 20:43:05.010626   656  7477 E keystore2: 
04-12 20:43:05.010626   656  7477 E keystore2: Caused by:
04-12 20:43:05.010626   656  7477 E keystore2:     0: Legacy database is empty.
04-12 20:43:05.010626   656  7477 E keystore2:     1: Error::Rc(r#KEY_NOT_FOUND)
04-12 20:43:05.010660   656  7477 I keystore2: system/security/keystore2/src/database.rs:1236 - is_backup_support str="1"
04-12 20:43:05.010770  1750  1894 D WindowManager: removeImmediately mActivityRecord: ActivityRecord{233988848 u0 com.android.settings/.Settings t60} type: 3
