04-12 20:43:02.565374  1750  1877 V WindowManager: Sent Transition (#9) createdAt=04-12 20:43:02.525 via request=TransitionRequestInfo { type = OPEN, triggerTask = TaskInfo{userId=0 taskId=59 effectiveUid=10151 displayId=0 isRunning=true baseIntent=Intent { act=android.intent.action.MAIN cat=[android.intent.category.LAUNCHER] flg=0x10200000 pkg=com.gallery20 cmp=com.gallery20/.HomeActivity } baseActivity=ComponentInfo{com.gallery20/com.gallery20.HomeActivity} topActivity=ComponentInfo{com.gallery20/com.gallery20.HomeActivity} origActivity=null realActivity=ComponentInfo{com.gallery20/com.gallery20.HomeActivity} numActivities=1 lastActiveTime=37305 supportsMultiWindow=false resizeMode=0 isResizeable=false minWidth=-1 minHeight=-1 defaultMinSize=110 token=WCT{RemoteToken{a67b385 Task{1b12def #59 type=standard A=10151:com.gallery20 nonResizable}}} topActivityType=1 pictureInPictureParams=PictureInPictureParams( aspectRatio=null expandedAspectRatio=null sourceRectHint=null hasSetActions=false hasSetCloseAction=false isAutoPipEnabled=false isSeamlessResizeEnabled=false title=null subtitle=null isLaunchIntoPip=false) shouldDockBigOverlays=false launchIntoPipHostTaskId=-1 lastParentTaskIdBeforePip=-1 displayCutoutSafeInsets=Rect(0, 123 - 0, 0) topActivityInfo=ActivityInfo{4b825da com.gallery20.HomeActivity} launchCookies=[android.os.BinderProxy@e8cba0b] positionInParent=Point(0, 0) parentTaskId=-1 isFocused=false isVisible=false isVisibleRequested=false isTopActivityNoDisplay=false isSleeping=false locusId=null displayAreaFeatureId=1 isTopActivityTransparent=false isActivityStackTransparent=false lastNonFullscreenBounds=Rect(309, 755 - 899, 1963) capturedLink=null capturedLinkTimestamp=0 requestedVisibleTypes=-9 topActivityRequestOpenInBrowserEducationTimestamp=0 appCompatTaskInfo=AppCompatTaskInfo { topActivityInSizeCompat=false eligibleForLetterboxEducation= false isLetterboxEducationEnabled= false isLetterboxDoubleTapEnabled= false eligibleForUserAspectRatioButton= false topActivityBoundsLetterboxed= false isFromLetterboxDoubleTap= false topActivityLetterboxVerticalPosition= -1 topActivityLetterboxHorizontalPosition= -1 topActivityLetterboxWidth=-1 topActivityLetterboxHeight=-1 topActivityAppBounds=Rect(0, 0 - 1208, 2644) isUserFullscreenOverrideEnabled=false isSystemFullscreenOverrideEnabled=false hasMinAspectRatioOverride=false topActivityLetterboxBounds=null cameraCompatTaskInfo=CameraCompatTaskInfo { freeformCameraCompatMode=inactive}} topActivityMainWindowFrame=null}, pipChange = null, remoteTransition = RemoteTransition { remoteTransition = android.window.IRemoteTransition$Stub$Proxy@272e37e, appThread = android.app.IApplicationThread$Stub$Proxy@daf70df, debugName = QuickstepLaunch }, displayChange = null, flags = 0, debugId = 9 }
04-12 20:43:02.565421  1750  1877 V WindowManager:     startWCT=null
04-12 20:43:02.565502  1750  1877 V WindowManager:     info={id=9 t=OPEN f=0x0 trk=0 r=[0@Point(0, 0)] c=[
04-12 20:43:02.565502  1750  1877 V WindowManager:         {WCT{RemoteToken{a67b385 Task{1b12def #59 type=standard A=10151:com.gallery20 nonResizable}}} m=OPEN f=NONE leash=Surface(name=Task=59)/@0xe6befe2 sb=Rect(0, 0 - 1208, 2644) eb=Rect(0, 0 - 1208, 2644) mSimplifyStartAbsBounds=Rect(0, 0 - 0, 0) epz=Point(1208, 2644) d=0 taskParent=-1},
04-12 20:43:02.565502  1750  1877 V WindowManager:         {WCT{RemoteToken{fe86821 Task{76c933 #1 type=home}}} m=TO_BACK f=SHOW_WALLPAPER leash=Surface(name=Task=1)/@0x8eba308 sb=Rect(0, 0 - 1208, 2644) eb=Rect(0, 0 - 1208, 2644) mSimplifyStartAbsBounds=Rect(0, 0 - 0, 0) epz=Point(1208, 2644) d=0 taskParent=-1},
04-12 20:43:02.565502  1750  1877 V WindowManager:         {m=TO_BACK f=IS_WALLPAPER leash=Surface(name=WallpaperWindowToken{974db16 showWhenLocked=false})/@0x512440f sb=Rect(0, 0 - 1208, 2644) eb=Rect(0, 0 - 1208, 2644) mSimplifyStartAbsBounds=Rect(0, 0 - 0, 0) epz=Point(1208, 2644) d=0}
04-12 20:43:02.565502  1750  1877 V WindowManager:     ]}
04-12 20:43:02.577605  1750  4342 I WindowManager: updateSystemBarAttributes appearance:16, win appearance:0, opaqueAppearance:0, win:Window{7401100 u0 com.transsion.launcher3/com.android.launcher3.uioverrides.QuickstepLauncher}, appearanceRegions=[AppearanceRegion{LIGHT_STATUS_BARS bounds=[0,0][1208,2644]}]
04-12 20:43:02.578414  1750  4342 W WindowManager: Changing focus from Window{7401100 u0 com.transsion.launcher3/com.android.launcher3.uioverrides.QuickstepLauncher} to null displayId=0 Callers=com.android.server.wm.RootWindowContainer.updateFocusedWindowLocked:532 com.android.server.wm.WindowManagerService.updateFocusedWindowLocked:7088 com.android.server.wm.WindowManagerService.relayoutWindow:3044 com.android.server.wm.Session.relayout:292 
04-12 20:43:02.578878  1750  4342 D WindowManager: notifyAppOnFocusChange focusedWindow =null registeredPid=3974 callback=android.window.IFocusChangeCallback$Stub$Proxy@8b76fd0
04-12 20:43:02.579626  1750  2630 D ActivityTaskManager_Recents: Skipping, user setup not complete: Task{4b088f6 #6 type=undefined A=10188:com.transsion.magazineservice.xos nonResizable}
04-12 20:43:02.581052  1750  4342 I WindowManager: updateSystemBarAttributes appearance:24, win appearance:24, opaqueAppearance:0, win:Window{e9819eb u0 Splash Screen com.gallery20}, appearanceRegions=[AppearanceRegion{LIGHT_STATUS_BARS bounds=[0,0][1208,2644]}]
04-12 20:43:02.581225  1750  4342 D WindowManager: should skip check rotation when startingsurface is showing
04-12 20:43:02.583632  1750  2233 D CoreBackPreview: Window{e9819eb u0 Splash Screen com.gallery20}: Setting back callback OnBackInvokedCallbackInfo{mCallback=android.window.IOnBackInvokedCallback$Stub$Proxy@a5753db, mPriority=0, mIsAnimationCallback=false, mOverrideBehavior=0}
04-12 20:43:02.583748  1750  4349 D ActivityTaskManager: isControllerAMonkey mController = null,mControllerIsAMonkey = false
04-12 20:43:02.590598  1750  4349 D ActivityTaskManager: isControllerAMonkey mController = null,mControllerIsAMonkey = false
04-12 20:43:02.615423  1750  2646 I WindowManager: System monitor finishDrawingWindow w: Window{e9819eb u0 Splash Screen com.gallery20}; mDrawState = DRAW_PENDING
04-12 20:43:02.616517  1750  1894 D WindowManager: System monitor commitFinishDrawingLocked activity = ActivityRecord{176838605 u0 com.gallery20/.HomeActivity t59} canShowWindows = true type = 3
04-12 20:43:02.616551  1750  1894 D TranStartingSurfaceController: hookOnStartingWindowDrawn activityRecord=ActivityRecord{176838605 u0 com.gallery20/.HomeActivity t59}
04-12 20:43:02.616565  1750  1894 D TranStartingSurfaceController: removeStartingSurface mCurrentTranStartingSurface=com.android.server.wm.TranStartingSurface@4750301 animate=true
04-12 20:43:02.617153  1750  1894 D WindowManager: System monitor performShowLocked: mDrawState = HAS_DRAWN in Window{e9819eb u0 Splash Screen com.gallery20}
04-12 20:43:02.618560  1750  1894 I WindowManager: real show surface Splash Screen com.gallery20 sc: Surface(name=Splash Screen com.gallery20)/@0x8f41ef9 win : Window{e9819eb u0 Splash Screen com.gallery20}
04-12 20:43:02.618682  1750  1894 D WindowManager: hookStartingWindowHasShown should apply again startingwindow mSurfaceControl=Surface(name=Splash Screen com.gallery20)/@0x8f41ef9 mWin.mSurfaceControl=Surface(name=e9819eb Splash Screen com.gallery20)/@0xef73e3e
04-12 20:43:02.621081  1750  4349 D ActivityTaskManager: isControllerAMonkey mController = null,mControllerIsAMonkey = false
04-12 20:43:02.621468  1750  1750 D NetworkRuleControllerService: mData com.transsion.server.networkrule.LocalNetworkRuleData@5b9db0d
04-12 20:43:02.621582  1750  1750 D NetworkRuleControllerService: type = 0, uid 10148
04-12 20:43:02.624525  1750  4349 D ActivityTaskManager: isControllerAMonkey mController = null,mControllerIsAMonkey = false
04-12 20:43:02.629349  1750  2518 V ActivityManager: New death recipient com.android.server.am.ActivityManagerService$AppDeathRecipient@f85b431 for thread android.os.BinderProxy@7bad716
04-12 20:43:02.633190  1750  2518 I START_DEBUG: send BINDTIMEOUT    ProcessRecord :ProcessRecord{ca853a3 8005:com.google.android.setupwizard/u0a229}
04-12 20:43:02.633324  1750  2518 I START_DEBUG: remove START_TIMEOUT finish    ProcessRecord :ProcessRecord{ca853a3 8005:com.google.android.setupwizard/u0a229}
04-12 20:43:02.633486  1750  2518 D os.ActivityManagerServiceLice: make process active com.google.android.setupwizard(8005)
04-12 20:43:02.642037  1750  1960 W BroadcastLoopers: Found previously unknown looper Thread[PackageManager,5,main]
04-12 20:43:02.648036  1750  1893 D TranAppm/MTKSuitConfig: mMTKGameModeSupport: true
04-12 20:43:02.648081  1750  1893 D TranAppm/MTKModule: pkgName: com.gallery20,pid: 0
04-12 20:43:02.649815  8005  8049 I ActivityThread:  enable system monitor for package: com.google.android.setupwizard
04-12 20:43:02.650187  8005  8005 E SystemMonitorUtils:  error to open /dev/ensignal file e=android.system.ErrnoException: open failed: EACCES (Permission denied)
04-12 20:43:02.650254  8005  8005 E SystemMonitorUtils:  error to open /dev/ensignal file e=android.system.ErrnoException: open failed: EACCES (Permission denied)
04-12 20:43:02.654947  1750  1859 W UriGrantsManagerService: For security reasons, the system cannot issue a Uri permission grant to content://com.transsion.tranradionet.TranTelephonyProvider/commoninfo [user 0]; use startActivityAsCaller() instead
04-12 20:43:02.660073  8005  8049 D TranClassInfo: instance successfully. com.transsion.common.thubutils.AppProperties@623ecf0 from com.transsion.hubsdk.thubutils.IAppProperties
04-12 20:43:02.660404  8005  8049 I AppProperties: enter initialize com.google.android.setupwizard
04-12 20:43:02.660527  8005  8049 I AppProperties: readAllPropFiles directoryPath=/system_ext/etc/vconfig/com.google.android.setupwizard/
04-12 20:43:02.660588  8005  8049 I AppProperties: enter readPropFiles count=0
04-12 20:43:02.661593  8005  8049 I AppProperties: readAllPropFiles directoryPath=/tr_product/etc/vconfig/com.google.android.setupwizard/
04-12 20:43:02.661668  8005  8049 I AppProperties: enter readPropFiles count=0
04-12 20:43:02.661675  8005  8049 I AppProperties: readAllPropFiles directoryPath=/tr_region/etc/vconfig/com.google.android.setupwizard/
04-12 20:43:02.661715  8005  8049 I AppProperties: enter readPropFiles count=0
04-12 20:43:02.661744  8005  8049 I AppProperties: readAllPropFiles directoryPath=/tr_carrier/etc/vconfig/com.google.android.setupwizard/
04-12 20:43:02.661767  8005  8049 I AppProperties: enter readPropFiles count=0
04-12 20:43:02.661773  8005  8049 I AppProperties: readAllPropFiles directoryPath=/tr_company/etc/vconfig/com.google.android.setupwizard/
04-12 20:43:02.662306  8005  8049 I AppProperties: enter readPropFiles count=0
04-12 20:43:02.662322  8005  8049 I AppProperties: readAllPropFiles directoryPath=/tranfs/etc/vconfig/com.google.android.setupwizard/
04-12 20:43:02.663593  8005  8049 I AppProperties: enter readPropFiles count=0
04-12 20:43:02.677873  1750  2171 V InputMethodManagerService: Checking com.facemoji.lite.transsion/com.baidu.simeji.SimejiIME
04-12 20:43:02.677974  1750  1894 I TranStartingSurface: onAnimationFinished remove com.android.server.wm.TranStartingSurface@4750301
04-12 20:43:02.677996  1750  1894 D TranStartingSurface: removeStartingSurface mSurfaceControl=Surface(name=TranStartingSurface)/@0x21cc0e8 transaction=android.view.SurfaceControl$Transaction@10d7dc
04-12 20:43:02.684429  1750  2902 D NotificationService: areNotificationsEnabledForPackage pkg=com.google.android.gms, uid=10232 enabled = true
04-12 20:43:02.698947  1750  4349 D NotificationService: areNotificationsEnabledForPackage pkg=com.google.android.gms, uid=10232 enabled = true
04-12 20:43:02.699885  1750  1923 W ActivityManager: Slow operation: 52ms so far, now at startProcess: returned from zygote!
04-12 20:43:02.704039  1750  4342 W ActivityManager: Slow operation: 56ms so far, now at startProcess: done updating battery stats
04-12 20:43:02.704296  1750  4342 W ActivityManager: Slow operation: 56ms so far, now at startProcess: building log message
04-12 20:43:02.704309  1750  4342 I ActivityManager: Start proc 8039:com.gallery20/u0a151 for activity {com.gallery20/com.gallery20.HomeActivity}
04-12 20:43:02.704337  1750  4342 W ActivityManager: Slow operation: 56ms so far, now at startProcess: starting to update pids map
04-12 20:43:02.704458  1750  4342 I ActivityManager: ProcessObserver broadcast disabled
04-12 20:43:02.704899  1750  4342 W ActivityManager: Slow operation: 57ms so far, now at startProcess: done updating pids map
04-12 20:43:02.704951  1750  4342 V ActivityManager: New death recipient com.android.server.am.ActivityManagerService$AppDeathRecipient@590cedc for thread android.os.BinderProxy@7d74be5
04-12 20:43:02.706181  1750  2171 V InputMethodManagerService: Found an input method InputMethodInfo{com.facemoji.lite.transsion/com.baidu.simeji.SimejiIME, settings: com.preff.kb.settings.SettingsNoneActivity, languageSettings: null}
04-12 20:43:02.706675  1750  2171 V InputMethodManagerService: Checking com.google.android.gms/.autofill.service.AutofillInputMethodServiceProxy
04-12 20:43:02.708561  1750  4342 I START_DEBUG: send BINDTIMEOUT    ProcessRecord :ProcessRecord{7d4ce7f 8039:com.gallery20/u0a151}
04-12 20:43:02.708580  1750  4342 I START_DEBUG: remove START_TIMEOUT finish    ProcessRecord :ProcessRecord{7d4ce7f 8039:com.gallery20/u0a151}
04-12 20:43:02.708673  1750  4342 D os.ActivityManagerServiceLice: make process active com.gallery20(8039)
04-12 20:43:02.710370  1750  2171 V InputMethodManagerService: Found an input method InputMethodInfo{com.google.android.gms/.autofill.service.AutofillInputMethodServiceProxy, settings: null, languageSettings: null}
04-12 20:43:02.710390  1750  2171 V InputMethodManagerService: Checking com.google.android.inputmethod.latin/com.android.inputmethod.latin.LatinIME
04-12 20:43:02.717935  1750  2646 I os.notification: tranImportance = 14,muteTime = 9223372036854775807 ,currentTime = 1775997782717 ,pkg -> com.google.android.gms currentImportance =3 ,appGroup=0
04-12 20:43:02.717970  1750  2646 I os.notification: cloud notification effect controller success
04-12 20:43:02.717975  1750  1859 W UriGrantsManagerService: For security reasons, the system cannot issue a Uri permission grant to content://com.transsion.tranradionet.TranTelephonyProvider/commoninfo [user 0]; use startActivityAsCaller() instead
04-12 20:43:02.718422  1750  2646 I os.notification: set NotificationRecord 0|com.google.android.gms|1000|a:GMSCORE_STORE_RENDERER:0b135afdc4360000:107718207925398475592|10232 silent flag
04-12 20:43:02.718865  1750  2059 D AlarmManager: Package com.gallery20 for user 0 now in bucket 10
04-12 20:43:02.720334  1750  2902 D UsfSystemServer/appSceneHooker: action is empty in service bind status
04-12 20:43:02.725432  1750  4269 W UriGrantsManagerService: For security reasons, the system cannot issue a Uri permission grant to content://com.transsion.tranradionet.TranTelephonyProvider/commoninfo [user 0]; use startActivityAsCaller() instead
04-12 20:43:02.727490  1750  2171 V InputMethodManagerService: Found an input method InputMethodInfo{com.google.android.inputmethod.latin/com.android.inputmethod.latin.LatinIME, settings: com.google.android.apps.inputmethod.latin.preference.SettingsActivity, languageSettings: null}
04-12 20:43:02.727537  1750  2171 V InputMethodManagerService: Checking com.google.android.tts/com.google.android.apps.speech.tts.googletts.settings.asr.voiceime.VoiceInputMethodService
04-12 20:43:02.730469  1750  1860 D Griffin/filterReceiveBroadcast: not limit Intent { act=com.google.android.libraries.storage.protostore.SIGNAL_ACTION dat=android://com.google.android.gms/... flg=0x10000010 xflg=0x4 pkg=com.google.android.gms } for resultTo not null
04-12 20:43:02.737613  8039  8068 I ActivityThread:  enable system monitor for package: com.gallery20
04-12 20:43:02.739844  8039  8039 E SystemMonitorUtils:  error to open /dev/ensignal file e=android.system.ErrnoException: open failed: EACCES (Permission denied)
04-12 20:43:02.739882  8039  8039 E SystemMonitorUtils:  error to open /dev/ensignal file e=android.system.ErrnoException: open failed: EACCES (Permission denied)
04-12 20:43:02.758821  1750  2646 D os.notification.pre:  add StatusBarNotification 207506191 current size 1
04-12 20:43:02.758987  1750  2646 D os.notification: onEnqueueNotificationInternal wait before
04-12 20:43:02.771063  1750  2079 D os.notification.pre:  add Runnable 250484223 with StatusBarNotification 207506191 current size 1
04-12 20:43:02.772100  1750  2079 D os.notification: onEnqueueNotificationInternal notifyAll
04-12 20:43:02.772187  1750  2646 D os.notification: onEnqueueNotificationInternal wait after
04-12 20:43:02.772386  1750  2646 D os.notification: onEnqueueNotificationInternal StatusBarNotification:StatusBarNotification(pkg=com.google.android.gms user=UserHandle{0} id=1000 tag=a:GMSCORE_STORE_RENDERER:0b135afdc4360000:107718207925398475592 key=0|com.google.android.gms|1000|a:GMSCORE_STORE_RENDERER:0b135afdc4360000:107718207925398475592|10232: Notification(channel=com.google.android.gms.notifications::SECURITY_ALERTS shortcut=null contentView=null vibrate=null sound=null tick defaults=0 flags=LOCAL_ONLY|SILENT color=0x00000000 actions=1 vis=PRIVATE publicVersion=Notification(channel=null shortcut=null contentView=null vibrate=null sound=null defaults=0 flags=0 color=0x00000000 vis=PRIVATE))) callingUid:10232 sn:5 res:true
04-12 20:43:02.782292  1750  2219 D os.notification.pre:  remove Runnable 250484223 with StatusBarNotification 207506191 for puppet run current size 0
04-12 20:43:02.810436  1750  2171 V InputMethodManagerService: Found an input method InputMethodInfo{com.google.android.tts/com.google.android.apps.speech.tts.googletts.settings.asr.voiceime.VoiceInputMethodService, settings: com.google.android.apps.speech.tts.googletts.settings.asr.voiceime.ui.VoiceImeSettingsActivity, languageSettings: null}
04-12 20:43:02.810458  1750  2171 V InputMethodManagerService: Checking com.transsion.sk/.inputservice.TInputMethodService
04-12 20:43:02.811344  1750  2171 V InputMethodManagerService: Found an input method InputMethodInfo{com.transsion.sk/.inputservice.TInputMethodService, settings: null, languageSettings: null}
04-12 20:43:02.811410  1750  2171 D InputMethodSettings: getSelectedInputMethodStr: com.google.android.inputmethod.latin/com.android.inputmethod.latin.LatinIME
04-12 20:43:02.812129  1750  2171 V InputMethodManagerService: --- re-buildInputMethodList reset = false 
04-12 20:43:02.812129  1750  2171 V InputMethodManagerService:  ------ caller=com.android.server.inputmethod.InputMethodManagerService$MyPackageMonitor.onFinishPackageChangesInternal:963 com.android.server.inputmethod.InputMethodManagerService$MyPackageMonitor.onFinishPackageChanges:886 com.android.internal.content.PackageMonitor.doHandlePackageEvent:596 com.android.internal.content.PackageMonitor.lambda$postHandlePackageEvent$0:435 com.android.internal.content.PackageMonitor.$r8$lambda$bSKEInwdT6Kd7GAyzMZPsXTTqeQ:0 com.android.internal.content.PackageMonitor$$ExternalSyntheticLambda0.run:0 android.os.Handler.handleCallback:995 android.os.Handler.dispatchMessage:103 android.os.Looper.loopOnce:327 android.os.Looper.loop:431 
04-12 20:43:02.819504  1750  4276 D UsfSystemServer/appSceneHooker: action is empty in service bind status
04-12 20:43:02.829660  1750  2646 I UsfSystemServer/appSceneHooker: duplicate service bind status, skip
04-12 20:43:02.833191  1750  1750 D WindowManager: getTopPackages# topPackages = []
04-12 20:43:02.833629  2441  2756 I Usf_Hiber/fastState: skip fastFreeze, uid=10179 pkgName=com.transsion.camera unFreezeReason=startService cpnInfo=f-1/cpn # 10151
04-12 20:43:02.834961  2441  2756 I Usf_Hiber/stateManager: unfreeze uid: 10179 com.transsion.camera pids:[3882]  reason:startService   cpninfo:f-1/cpn # 10151 costTime=1ms ,last freeze 2s ago
04-12 20:43:02.835356  2441  2495 E Usf_Hiber/cgroup: read wchan, error:/proc/3882/wchan
04-12 20:43:02.835373  2441  2495 I Usf_Hiber/cgroup: postUnfreeze: uid=10179, isolateUid=[], packageName=com.transsion.camera, pids=[3882], isolatePids=[], wchan=
04-12 20:43:02.836085  2441  2500 I Usf_Hiber/appStateMachine: uid=10179, pkg=com.transsion.camera, transition from Frozen to Running, reason=startService
04-12 20:43:02.836111  2441  2500 I Usf_Hiber/appStateMachine: uid:10179 exit FrozenState
04-12 20:43:02.836302  2441  2505 I Usf_Hiber/hiber: unPorxyWakeLock: uid=10179
04-12 20:43:02.836862  1750  1750 D TranActivityLifecycleManager: [onForegroundAppchange] ForegroundPackage: com.gallery20 splitScreen: false multiWindow: false mIsPinned:false
04-12 20:43:02.837218  1750  2902 V SettingsProvider: name : transsion_turbo_assistant appId : 1000
04-12 20:43:02.837702  1750  2174 V AccessibilityManagerService: onUserStateChangedLocked for userId: 0, forceUpdate: false
04-12 20:43:02.838187  2441  2501 I Usf_Hiber/proxyManager: up_service: 10179
04-12 20:43:02.838596  1750  2174 W MagnificationConnectionManager: requestConnection duplicated request: connect=false, mConnectionState=DISCONNECTED
04-12 20:43:02.838804  1750  2258 D ShortcutService: received package broadcast intent: Intent { act=android.intent.action.PACKAGE_CHANGED dat=package: flg=0x45000010 pkg=android (has extras) }
04-12 20:43:02.839325  1750  1750 I TranAppmService: Package event: android.intent.action.PACKAGE_CHANGED for com.google.android.gms
04-12 20:43:02.839353  1750  1750 D TranAppmService: Updating package: com.google.android.gms
04-12 20:43:02.839380  1750  1750 D TranAppmService: com.google.android.gms is a system app, skipping
04-12 20:43:02.839728  1750  2258 D ShortcutService: changing package: com.google.android.gms userId=0
04-12 20:43:02.840771  1750  2233 D Hiber/proxyWakeLock: remove uid: 10179 wiht all pids from wakelockUidInfo list
04-12 20:43:02.844972  1750  1750 I CustomRoleService: Packages changed - re-running initial grants for user 0
04-12 20:43:02.845766  1750  1750 I Griffin/StateProvider: Package changed: android.intent.action.PACKAGE_CHANGED, pkg = com.google.android.gms
04-12 20:43:02.846312  1750  2245 I AppWidgetServiceImpl: Received broadcast: android.intent.action.PACKAGE_CHANGED on user 0
04-12 20:43:02.846546  1750  2245 I AppWidgetServiceImpl: Received broadcast: android.intent.action.PACKAGE_CHANGED on user 0
04-12 20:43:02.847477  1750  2059 W JobScheduler.Concurrency: Had fewer than 16 in existence
04-12 20:43:02.847938  1750  2235 D Hiber/alarmManagerServiceExtImpl: unproxyAlarms leave, uid=10179, packageName=null
04-12 20:43:02.848248  1750  2059 W JobScheduler.Concurrency: Had fewer than 16 in existence
04-12 20:43:02.848919  2441  2501 I Usf_Hiber/proxyManager: up_sensor: uid=10179, pkgName=com.transsion.camera
04-12 20:43:02.848995  2441  2501 I Usf_Usf/binderProxyBridge: up_binder: uid=10179, pkgName=com.transsion.camera
04-12 20:43:02.851435  1750  2171 D InputMethodSettings: getSelectedInputMethodStr: com.google.android.inputmethod.latin/com.android.inputmethod.latin.LatinIME
04-12 20:43:02.851529  1750  2171 D InputMethodSettings: getDefaultVoiceInputMethodStr: com.google.android.tts/com.google.android.apps.speech.tts.googletts.settings.asr.voiceime.VoiceInputMethodService
04-12 20:43:02.854504  1750  2258 D ShortcutService: received package broadcast intent: Intent { act=android.intent.action.PACKAGE_CHANGED dat=package: flg=0x45000010 (has extras) }
04-12 20:43:02.855523  1750  2258 D ShortcutService: changing package: com.google.android.gms userId=0
04-12 20:43:02.855647  1750  2171 V InputMethodManagerService: Checking com.facemoji.lite.transsion/com.baidu.simeji.SimejiIME
04-12 20:43:02.857022  1750  2245 I AppWidgetServiceImpl: Received broadcast: android.intent.action.PACKAGE_CHANGED on user 0
04-12 20:43:02.858806  1750  2120 D TranPhoneWindowManagerInternal: isAppHide  com.google.android.gms   false
04-12 20:43:02.858942  1750  2120 D TranPhoneWindowManagerInternal: isAppHide  com.google.android.gms   false
04-12 20:43:02.858954  8039  8068 D TranClassInfo: instance successfully. com.transsion.common.thubutils.AppProperties@fd8587f from com.transsion.hubsdk.thubutils.IAppProperties
04-12 20:43:02.859096  8039  8068 I AppProperties: enter initialize com.gallery20
04-12 20:43:02.859104  8039  8039 I AppProperties: enter get.
04-12 20:43:02.859909  1750  2171 V InputMethodManagerService: Found an input method InputMethodInfo{com.facemoji.lite.transsion/com.baidu.simeji.SimejiIME, settings: com.preff.kb.settings.SettingsNoneActivity, languageSettings: null}
04-12 20:43:02.859942  1750  2171 V InputMethodManagerService: Checking com.google.android.gms/.autofill.service.AutofillInputMethodServiceProxy
04-12 20:43:02.866297  1750  2357 I CustomRoleService: Already granted default roles for packages hash 384BD3F7307E9CA1D6F906EC54665AA041CC6A74C9D28A8D82362382CA11CD9A
04-12 20:43:02.866448  1750  2120 D TranPhoneWindowManagerInternal: isAppHide  tech.palm.find   false
04-12 20:43:02.867557  8039  8068 I AppProperties: readAllPropFiles directoryPath=/system_ext/etc/vconfig/com.gallery20/
04-12 20:43:02.867684  8039  8068 I AppProperties: enter readPropFiles count=0
04-12 20:43:02.867692  8039  8068 I AppProperties: readAllPropFiles directoryPath=/tr_product/etc/vconfig/com.gallery20/
04-12 20:43:02.877178  8039  8068 I AppProperties: enter readPropFiles count=1
04-12 20:43:02.877927  8039  8068 I AppProperties: readAllPropFiles directoryPath=/tr_region/etc/vconfig/com.gallery20/
04-12 20:43:02.877971  8039  8068 I AppProperties: enter readPropFiles count=0
04-12 20:43:02.877977  8039  8068 I AppProperties: readAllPropFiles directoryPath=/tr_carrier/etc/vconfig/com.gallery20/
04-12 20:43:02.877990  8039  8068 I AppProperties: enter readPropFiles count=0
04-12 20:43:02.877994  8039  8068 I AppProperties: readAllPropFiles directoryPath=/tr_company/etc/vconfig/com.gallery20/
04-12 20:43:02.878002  8039  8068 I AppProperties: enter readPropFiles count=0
04-12 20:43:02.878006  8039  8068 I AppProperties: readAllPropFiles directoryPath=/tranfs/etc/vconfig/com.gallery20/
04-12 20:43:02.878358  8039  8068 I AppProperties: enter readPropFiles count=0
04-12 20:43:02.878444  8039  8039 I AppProperties: enter get.
04-12 20:43:02.878489  8039  8039 I AppProperties: enter get.
04-12 20:43:02.878505  8039  8039 I AppProperties: enter get.
04-12 20:43:02.878522  8039  8039 I AppProperties: enter get.
04-12 20:43:02.878533  8039  8039 I AppProperties: enter get.
04-12 20:43:02.878542  8039  8039 I AppProperties: enter get.
04-12 20:43:02.878550  8039  8039 I AppProperties: enter get.
04-12 20:43:02.878558  8039  8039 I AppProperties: enter get.
04-12 20:43:02.878567  8039  8039 I AppProperties: enter get.
04-12 20:43:02.878586  8039  8039 I AppProperties: enter get.
04-12 20:43:02.878594  8039  8039 I AppProperties: enter get.
04-12 20:43:02.888732  1750  1860 I START_DEBUG: remove BIND_TIMEOUT finish    ProcessRecord :ProcessRecord{7d4ce7f 8039:com.gallery20/u0a151}
04-12 20:43:02.890790  1750  2174 V AccessibilityManagerService: onUserStateChangedLocked for userId: 0, forceUpdate: false
04-12 20:43:02.892430  1750  2258 D ShortcutService: received package broadcast intent: Intent { act=android.intent.action.PACKAGE_CHANGED dat=package: flg=0x45000010 pkg=android (has extras) }
04-12 20:43:02.892857  1750  2258 D ShortcutService: changing package: tech.palm.find userId=0
04-12 20:43:02.892874  1750  2171 V InputMethodManagerService: Found an input method InputMethodInfo{com.google.android.gms/.autofill.service.AutofillInputMethodServiceProxy, settings: null, languageSettings: null}
04-12 20:43:02.892920  1750  2171 V InputMethodManagerService: Checking com.google.android.inputmethod.latin/com.android.inputmethod.latin.LatinIME
04-12 20:43:02.894366  1750  2171 V InputMethodManagerService: Found an input method InputMethodInfo{com.google.android.inputmethod.latin/com.android.inputmethod.latin.LatinIME, settings: com.google.android.apps.inputmethod.latin.preference.SettingsActivity, languageSettings: null}
04-12 20:43:02.894405  1750  2171 V InputMethodManagerService: Checking com.google.android.tts/com.google.android.apps.speech.tts.googletts.settings.asr.voiceime.VoiceInputMethodService
04-12 20:43:02.894694  1750  2171 V InputMethodManagerService: Found an input method InputMethodInfo{com.google.android.tts/com.google.android.apps.speech.tts.googletts.settings.asr.voiceime.VoiceInputMethodService, settings: com.google.android.apps.speech.tts.googletts.settings.asr.voiceime.ui.VoiceImeSettingsActivity, languageSettings: null}
04-12 20:43:02.894714  1750  2171 V InputMethodManagerService: Checking com.transsion.sk/.inputservice.TInputMethodService
04-12 20:43:02.896219  1750  4244 W AppOpService: Ignored setUidMode call for runtime permission app op: uid = 10122, code = RECEIVE_WAP_PUSH, mode = allow, callingUid = 1001, oldMode = allow
04-12 20:43:02.897119  1750  4349 W AppOpService: Ignored setUidMode call for runtime permission app op: uid = 10122, code = READ_CELL_BROADCASTS, mode = allow, callingUid = 1001, oldMode = allow
04-12 20:43:02.901946  1750  2174 W MagnificationConnectionManager: requestConnection duplicated request: connect=false, mConnectionState=DISCONNECTED
04-12 20:43:02.905631  1750  1860 I WindowManager: DisplayRotation updateRotationUnchecked id :0, rotation = 0, oldRotation = 0, lastOrientation = -1, mUserRotationMode = 1, mUserRotation = 0, mLastSensorRotation = 0
04-12 20:43:02.906044  1750  1860 D os.fingerprint: onRealStartActivityLocked next:ActivityRecord{176838605 u0 com.gallery20/.HomeActivity t59} isKeyguardShowing:false
04-12 20:43:02.906069  1750  1860 D os.fingerprint: activityComponent = ComponentInfo{com.gallery20/com.gallery20.HomeActivity} inMultiWindow = false
04-12 20:43:02.908075  1750  1860 D CompatChangeReporter: Compat change id reported: 324203798; UID 10151; state: ENABLED
04-12 20:43:02.908396  2733  2911 D SyncTransactionQueue: Run in sync. mInFlight=null
04-12 20:43:02.908521  1750  1860 D NetworkRuleControllerService: onTaskFocusChanged 2 false
04-12 20:43:02.908545  1750  1860 D NetworkRuleControllerService: onTaskFocusChanged 59 true
04-12 20:43:02.908554  1750  1860 D NetworkRuleControllerService: onForegroundPackageChanged com.transsion.launcher3 => com.gallery20
04-12 20:43:02.908592  1750  1860 D os.fingerprint: onUpdateFocusedApp oldPackageName:com.transsion.launcher3 oldComponent:ComponentInfo{com.transsion.launcher3/com.android.launcher3.uioverrides.QuickstepLauncher} newPackageName:com.gallery20 newComponent:ComponentInfo{com.gallery20/com.gallery20.HomeActivity} mFm :android.hardware.fingerprint.FingerprintManager@c32aebf
04-12 20:43:02.908944  1750  1860 D tranpm/SceneDataInstance: onAppStart
04-12 20:43:02.908995  1750  1860 D tranpm/BehaviorManager:  onAppLaunch nextPackName = com.gallery20 currPackName = com.transsion.launcher3
04-12 20:43:02.910103  1750  1860 D setGameMode: enter setGameModeEnabled
04-12 20:43:02.910109  1750  1860 D setGameMode: packageName: com.gallery20 processName: com.gallery20
04-12 20:43:02.910155  1750  1860 D TranAppm/MTKSuitConfig: mMTKGameModeSupport: true
04-12 20:43:02.910190  1750  1860 D TranAppm/MTKModule: pkgName: com.gallery20,pid: 8039
04-12 20:43:02.910197  1750  1860 D setGameMode: Package not in game scene list: com.gallery20
04-12 20:43:02.910750  1750  1860 D MagellanHandle: updateRefreshRateForSceneVsyncs what = 23
04-12 20:43:02.911167  1750  1860 D os.fingerprint: onActivityResume next:ActivityRecord{176838605 u0 com.gallery20/.HomeActivity t59}
04-12 20:43:02.911218  1750  1860 D os.fingerprint: activityComponent = ComponentInfo{com.gallery20/com.gallery20.HomeActivity} inMultiWindow = false
04-12 20:43:02.911393  1750  1860 I Griffin/Hooker: PreviousApp = com.android.vending/.AssetBrowserActivity
04-12 20:43:02.911455  1750  1860 D tranpm/SceneDataInstance: onAppStart
04-12 20:43:02.912670  1750  2332 D PowerManagerService: onAppLaunch: currentPackage=com.transsion.launcher3, nextPackage=com.gallery20.
04-12 20:43:02.919832  1750  2171 V InputMethodManagerService: Found an input method InputMethodInfo{com.transsion.sk/.inputservice.TInputMethodService, settings: null, languageSettings: null}
04-12 20:43:02.919912  1750  2171 D InputMethodSettings: getSelectedInputMethodStr: com.google.android.inputmethod.latin/com.android.inputmethod.latin.LatinIME
04-12 20:43:02.920572  1750  2171 V InputMethodManagerService: --- re-buildInputMethodList reset = false 
04-12 20:43:02.920572  1750  2171 V InputMethodManagerService:  ------ caller=com.android.server.inputmethod.InputMethodManagerService$MyPackageMonitor.onFinishPackageChangesInternal:963 com.android.server.inputmethod.InputMethodManagerService$MyPackageMonitor.onFinishPackageChanges:886 com.android.internal.content.PackageMonitor.doHandlePackageEvent:596 com.android.internal.content.PackageMonitor.lambda$postHandlePackageEvent$0:435 com.android.internal.content.PackageMonitor.$r8$lambda$bSKEInwdT6Kd7GAyzMZPsXTTqeQ:0 com.android.internal.content.PackageMonitor$$ExternalSyntheticLambda0.run:0 android.os.Handler.handleCallback:995 android.os.Handler.dispatchMessage:103 android.os.Looper.loopOnce:327 android.os.Looper.loop:431 
04-12 20:43:02.922554  1750  2171 D InputMethodSettings: getSelectedInputMethodStr: com.google.android.inputmethod.latin/com.android.inputmethod.latin.LatinIME
04-12 20:43:02.922644  1750  2171 D InputMethodSettings: getDefaultVoiceInputMethodStr: com.google.android.tts/com.google.android.apps.speech.tts.googletts.settings.asr.voiceime.VoiceInputMethodService
04-12 20:43:02.927139  1750  4349 D TranCameraLowTemperatureWarningImpl: [isCameraLowTemperatureWarningSupport] ro.tranos.version=xos16.2.0, not 16.3, skip flag check
04-12 20:43:02.933884  1750  1859 W AppOpService: Ignored setUidMode call for runtime permission app op: uid = 1001, code = READ_SMS, mode = allow, callingUid = 1001, oldMode = allow
04-12 20:43:02.934666  1750  1859 W AppOpService: Ignored setUidMode call for runtime permission app op: uid = 1001, code = RECEIVE_SMS, mode = allow, callingUid = 1001, oldMode = allow
04-12 20:43:02.934871  1750  1859 W AppOpService: Ignored setUidMode call for runtime permission app op: uid = 1001, code = RECEIVE_WAP_PUSH, mode = allow, callingUid = 1001, oldMode = allow
04-12 20:43:02.935832  1750  2233 W AppOpService: Ignored setUidMode call for runtime permission app op: uid = 1001, code = SEND_SMS, mode = allow, callingUid = 1001, oldMode = allow
04-12 20:43:02.936120  1750  2233 W AppOpService: Ignored setUidMode call for runtime permission app op: uid = 1001, code = READ_CELL_BROADCASTS, mode = allow, callingUid = 1001, oldMode = allow
04-12 20:43:02.937034  8039  8039 D LaunchActivityItem: LaunchActivityItem execute r = ActivityRecord{983599 token=android.os.BinderProxy@dc6c9d {com.gallery20/com.gallery20.HomeActivity}}
04-12 20:43:02.945421  8039  8107 I DisplayManager: Choreographer implicitly registered for the refresh rate.
04-12 20:43:02.945449  1750  1911 D HolaSettings: getAppHidden() pkgName=com.transsion.letswitch, userId=0, ps=PackageSetting name=com.transsion.letswitch, mUserState={0=PackageUserState hidden=0, enabledComponents=null, disabledComponents={com.transsion.letswitch.upgrade.UpgradeService}}
04-12 20:43:02.945474  1750  1911 D PhoneCloneServiceFinder: getTargetPackage() userId=0, services=[]
04-12 20:43:02.951038  8039  8039 D TranClassInfo: instance successfully. com.transsion.hubcore.view.TranDisplayImpl@692d3c from com.transsion.hubcore.view.ITranDisplay
04-12 20:43:02.960766   656   690 I keystore2: system/security/keystore2/src/security_level.rs:245 - caller pid=8039, uid=10151; force = false; key domain=r#KEY_ID, alias = None
04-12 20:43:02.961445   656   690 I keystore2: system/security/keystore2/src/security_level.rs:343 - upgrade_keyblob_if_required_with start
04-12 20:43:02.967059   656   690 I keystore2: system/security/keystore2/src/enforcements.rs:236 - finalize_create_authorization self.state=NoAuthRequired
04-12 20:43:02.967090   656   690 I keystore2: system/security/keystore2/src/security_level.rs:388 - upgrade_keyblob_if_required_with end; operation_db.create_operation start
04-12 20:43:02.967096   656   690 I keystore2: system/security/keystore2/src/security_level.rs:406 - operation_db.create_operation end
04-12 20:43:02.969124  8039  8039 D TranClassInfo: instance successfully. com.transsion.hubcore.internal.TranInternalViewImpl@29a1e22 from com.transsion.hubcore.internal.ITranInternalView
04-12 20:43:02.983075  1750  4276 W AppOpService: Ignored setUidMode call for runtime permission app op: uid = 10122, code = RECEIVE_WAP_PUSH, mode = allow, callingUid = 1001, oldMode = allow
04-12 20:43:02.983400  1750  4349 W AppOpService: Ignored setUidMode call for runtime permission app op: uid = 10122, code = READ_CELL_BROADCASTS, mode = allow, callingUid = 1001, oldMode = allow
04-12 20:43:02.994229  1750  1878 W Looper  : Slow dispatch took 177ms android.ui app=system_server main=false h=com.android.server.am.ActivityManagerService$UiHandler c=null m=68
04-12 20:43:02.995019  1750  1878 W Looper  : Slow delivery took 214ms android.ui app=system_server main=false h=com.android.server.am.ActivityManagerService$UiHandler c=com.android.server.am.UidObserverController$$ExternalSyntheticLambda0@4f00800 m=0
04-12 20:43:02.998848  8039  8039 D ResumeActivityItem: ResumeActivityItem execute r = ActivityRecord{983599 token=android.os.BinderProxy@dc6c9d {com.gallery20/com.gallery20.HomeActivity}}
04-12 20:43:03.003767  8039  8039 D TranClassInfo: instance successfully. com.transsion.connectivity.linkbooming.TranMultilinkComponentImpl@439d2cb from com.transsion.hubcore.linkbooming.ITranMultilinkComponent
04-12 20:43:03.006952  1750  3614 D os.WindowManagerServiceLice: received send OSMessage 110001 request from 8039 to [-1]
04-12 20:43:03.006976  1750  3614 D os.CommonLice: onOSServerMessage 110001
04-12 20:43:03.011205  1750  2219 I NotifAttentionHelper: buzzBeepBlinkLocked , NotificationRecord key=0|com.google.android.gms|1000|a:GMSCORE_STORE_RENDERER:0b135afdc4360000:107718207925398475592|10232, shouldMuteReason=0x800, canPlaySound=true, canPlayVibration=true, beep=false, buzz=false, hasValidSound=true, hasValidVibrate=false, vibrateOnly=false
04-12 20:43:03.011649  1750  2219 D NotificationService: notification = StatusBarNotification(pkg=com.google.android.gms user=UserHandle{0} id=1000 tag=a:GMSCORE_STORE_RENDERER:0b135afdc4360000:107718207925398475592 key=0|com.google.android.gms|1000|a:GMSCORE_STORE_RENDERER:0b135afdc4360000:107718207925398475592|10232: Notification(channel=com.google.android.gms.notifications::SECURITY_ALERTS shortcut=null contentView=null vibrate=null sound=null tick defaults=0 flags=LOCAL_ONLY|SILENT color=0x00000000 actions=1 vis=PRIVATE publicVersion=Notification(channel=null shortcut=null contentView=null vibrate=null sound=null defaults=0 flags=0 color=0x00000000 vis=PRIVATE))); and importance = 3; and isMediaNotification = false
04-12 20:43:03.015053  1750  2059 I tranpm/ServicePolicy: isBlockHsB1 true
04-12 20:43:03.015100  1750  2059 I tranpm/ServicePolicy: limitBindServiceLocked by hs&job - cold: callingPackage = android, targetPkg = com.google.android.apps.docs
04-12 20:43:03.021197  1750  2219 D NotificationService: notifyListenersPostedAndLogLocked, NotificationRecord key=0|com.google.android.gms|1000|a:GMSCORE_STORE_RENDERER:0b135afdc4360000:107718207925398475592|10232
04-12 20:43:03.023952  3854  4055 V Configuration: Updating configuration, locales updated from [] to [zh_CN_#Hans]
04-12 20:43:03.029013  3854  4055 V Configuration: Updating configuration, locales updated from [] to [zh_CN_#Hans]
04-12 20:43:03.031422  3854  4055 V Configuration: Updating configuration, locales updated from [] to [zh_CN_#Hans]
04-12 20:43:03.032706  1750  1878 W Looper  : Drained
04-12 20:43:03.033816  3854  4055 V Configuration: Updating configuration, locales updated from [] to [zh_CN_#Hans]
04-12 20:43:03.038034  3854  4055 V Configuration: Updating configuration, locales updated from [] to [zh_CN_#Hans]
04-12 20:43:03.040393  8039  8039 D ViewRootImpl: setView appearance:24 com.gallery20/com.gallery20.HomeActivity
04-12 20:43:03.046065  8039  8039 D TranClassInfo: instance successfully. com.transsion.hubcore.internal.latency.TranLatencyTrackerImpl@e081576 from com.transsion.hubcore.internal.latency.ITranLatencyTracker
04-12 20:43:03.046439  3854  4055 V Configuration: Updating configuration, locales updated from [] to [zh_CN_#Hans]
04-12 20:43:03.046762  1750  2902 I thermalLightController: Fg: com.gallery20
04-12 20:43:03.048270  1750  3320 W AppOpService: Ignored setUidMode call for runtime permission app op: uid = 1001, code = READ_SMS, mode = allow, callingUid = 1001, oldMode = allow
04-12 20:43:03.048406  2733  2911 D SyncTransactionQueue: Run in sync. mInFlight=null
04-12 20:43:03.048634  3854  4055 V Configuration: Updating configuration, locales updated from [] to [zh_CN_#Hans]
04-12 20:43:03.049704  1750  2219 W NotificationHistory: Attempted to add notif for locked/gone/disabled user 0
04-12 20:43:03.050533  3854  4055 V Configuration: Updating configuration, locales updated from [] to [zh_CN_#Hans]
04-12 20:43:03.052800  1750  4276 D ActivityTaskManager: isControllerAMonkey mController = null,mControllerIsAMonkey = false
04-12 20:43:03.055604  8039  8039 D TranClassInfo: instance successfully. com.transsion.hubcore.internal.policy.TranPhoneWindowImpl@b5987ac from com.transsion.hubcore.internal.policy.ITranPhoneWindow
04-12 20:43:03.055752  1750  2644 W AppOpService: Ignored setUidMode call for runtime permission app op: uid = 1001, code = RECEIVE_SMS, mode = allow, callingUid = 1001, oldMode = allow
04-12 20:43:03.060195  3854  4055 V Configuration: Updating configuration, locales updated from [] to [zh_CN_#Hans]
04-12 20:43:03.061365  1750  4271 W AppOpService: Ignored setUidMode call for runtime permission app op: uid = 1001, code = RECEIVE_WAP_PUSH, mode = allow, callingUid = 1001, oldMode = allow
04-12 20:43:03.062631  1750  4614 W AppOpService: Ignored setUidMode call for runtime permission app op: uid = 1001, code = SEND_SMS, mode = allow, callingUid = 1001, oldMode = allow
04-12 20:43:03.065229  1750  4347 D WindowManager: currentFocusId -1 newFocusId: 0 currentFocusIsMultiWindow: false newFocusIsMultiWindow: false
04-12 20:43:03.065407  1750  4347 W WindowManager: Changing focus from null to Window{7743a1f u0 com.gallery20/com.gallery20.HomeActivity} displayId=0 Callers=com.android.server.wm.RootWindowContainer.updateFocusedWindowLocked:532 com.android.server.wm.WindowManagerService.updateFocusedWindowLocked:7088 com.android.server.wm.WindowManagerService.relayoutWindow:3044 com.android.server.wm.Session.relayout:292 
04-12 20:43:03.065448  1750  4347 D WindowManager: notifyAppOnFocusChange focusedWindow =com.gallery20/com.gallery20.HomeActivity;8039;10151 registeredPid=3974 callback=android.window.IFocusChangeCallback$Stub$Proxy@8b76fd0
04-12 20:43:03.066576  1750  4278 W AppOpService: Ignored setUidMode call for runtime permission app op: uid = 1001, code = READ_CELL_BROADCASTS, mode = allow, callingUid = 1001, oldMode = allow
04-12 20:43:03.066656  1750  1911 D HolaSettings: getAppHidden() pkgName=com.transsion.letswitch, userId=0, ps=PackageSetting name=com.transsion.letswitch, mUserState={0=PackageUserState hidden=0, enabledComponents=null, disabledComponents={com.transsion.letswitch.upgrade.UpgradeService}}
04-12 20:43:03.066703  1750  1911 D PhoneCloneServiceFinder: getTargetPackage() userId=0, services=[]
04-12 20:43:03.066783  1750  4347 I WindowManager: Relayout Window{7743a1f u0 com.gallery20/com.gallery20.HomeActivity}: oldVis=4 newVis=0 focusMayChange = true requestedWidth = 1208 requestedHeight = 2644 outFrames = ClientWindowFrames{frame=[0,0][1208,2644] display=[0,0][1208,2644] parentFrame=[0,0][0,0]} outSurfaceControl = Surface(name=com.gallery20/com.gallery20.HomeActivity)/@0x6809ddf
04-12 20:43:03.067265  3854  4055 V Configuration: Updating configuration, locales updated from [] to [zh_CN_#Hans]
04-12 20:43:03.074264  1750  4276 D CoreBackPreview: Window{7743a1f u0 com.gallery20/com.gallery20.HomeActivity}: Setting back callback OnBackInvokedCallbackInfo{mCallback=android.window.IOnBackInvokedCallback$Stub$Proxy@2fe0d65, mPriority=0, mIsAnimationCallback=false, mOverrideBehavior=0}
04-12 20:43:03.077298  3854  4055 V Configuration: Updating configuration, locales updated from [] to [zh_CN_#Hans]
04-12 20:43:03.086530  2733  2911 D RecentsTransitionHandler_interrupt: isIconLaunchOpenOrClose mode：4
04-12 20:43:03.086552  2733  2911 D RecentsTransitionHandler_interrupt: isOpenOrCloseMode: trueisInterruptedTask: true isSplitMode: false isTranssionLauncher: true
04-12 20:43:03.086564  2733  2911 D RecentsTransitionHandler_interrupt: isIconLaunchRemoteTransitionInterrupted isopenorclose: true   mHasPlayingTransitions: false mFinishHasPlayingTransitions: false
04-12 20:43:03.086568  2733  2911 D RecentsTransitionHandler_interrupt: onFinish: isLauncherReUseLeash = false
04-12 20:43:03.086638  2733  2911 V WindowManagerShell: Transition animation finished (aborted=false), notifying core (#9) android.os.BinderProxy@678638c@0
04-12 20:43:03.086650  2733  2911 D RecentsTransitionHandler_interrupt: checkOrUpdateTransitionState isLauncherReUseLeash: false
04-12 20:43:03.086988  2733  2911 D RecentsTransitionHandler_interrupt: onFinish finish apply
04-12 20:43:03.087240  1750  4343 D WindowOrganizerController: WCT isInterrupt: false
04-12 20:43:03.087741  1750  4343 D aegean_VipCapacity: cancelTranSchedUxTags fail , -1 tid=2419:8:com.transsion.launcher3 ret=-2
04-12 20:43:03.087794  1750  4343 D aegean_VipCapacity: cancelTranSchedUxTags fail , -1 tid=2906:8:com.transsion.launcher3 ret=-2
04-12 20:43:03.088422  1750  4343 D MagellanHandle: updateRefreshRateForSceneVsyncs what = 28
04-12 20:43:03.088718  1750  4343 D MagellanHandle: updateRefreshRateForSceneVsyncs what = 21
04-12 20:43:03.088746  1750  4343 I TransitionController: record.getSyncId() = 9, mAtm.mRootWindowContainer.mRecentSyncId = -1, !inTransition() = true
04-12 20:43:03.088769  1750  4343 I WindowManager:  !wt.isVisibleRequested() = true, getTopRootTask() = Task{1b12def #59 type=standard A=10151:com.gallery20 nonResizable}
04-12 20:43:03.088971  2733  2911 I UASManager: stopWmShellMainUASBoost flag:1, mMainBoostFlags:0
04-12 20:43:03.089753  1750  2395 E aegean_FileUtils: writeFileNode error=java.io.FileNotFoundException: /sys/fs/cgroup/launcher/uid_10148/memory.memfusion.app_value: open failed: ENOENT (No such file or directory)
04-12 20:43:03.091251  2733  2911 I UASManager: stopUASBoost tid =2911 type=ux_exact_wmshell.main
04-12 20:43:03.091304  2733  2911 V WindowManagerShell: Track 0 became idle
04-12 20:43:03.091314  2733  2911 V WindowManagerShell: All active transition animations finished
04-12 20:43:03.093495  1750  4343 I Transition: syncId = 9 finish T apply
04-12 20:43:03.093513  3854  4055 V Configuration: Updating configuration, locales updated from [] to [zh_CN_#Hans]
04-12 20:43:03.094279  1750  1894 D WindowManager: adjustWallpaperWindows use keyguard: false
04-12 20:43:03.096122  1750  1877 V WindowManager: Finish Transition (#9): created at 04-12 20:43:02.525 collect-started=0.035ms request-sent=9.564ms started=5.195ms ready=11.354ms sent=19.765ms commit=12.201ms finished=562.006ms
04-12 20:43:03.103565  3854  4055 V Configuration: Updating configuration, locales updated from [] to [zh_CN_#Hans]
04-12 20:43:03.104901  1750  2395 E aegean_FileUtils: writeFileNode error=java.io.FileNotFoundException: /sys/fs/cgroup/launcher/uid_10148/memory.memfusion.app_value: open failed: ENOENT (No such file or directory)
04-12 20:43:03.121670  1750  2235 D WindowManager: adjustWallpaperWindows use keyguard: false
04-12 20:43:03.123195  1750  1893 D TranAppm/MTKSuitConfig: mMTKGameModeSupport: true
04-12 20:43:03.123242  1750  1893 D TranAppm/MTKModule: pkgName: com.android.vending,pid: 0
04-12 20:43:03.126728  1750  1894 D WindowManager: adjustWallpaperWindows use keyguard: false
04-12 20:43:03.129374  8039  8039 I AppProperties: enter get.
04-12 20:43:03.134770  1750  1860 D ActivityTaskManager: isControllerAMonkey mController = null,mControllerIsAMonkey = false
04-12 20:43:03.134852  1750  1893 I TranSCSourceConnectManagerImpl: hookDisplayResumeComponent displayId: 0 componentName: ComponentInfo{com.gallery20/com.gallery20.HomeActivity}
04-12 20:43:03.135440  1750  1860 D ActivityTaskManager: isControllerAMonkey mController = null,mControllerIsAMonkey = false
04-12 20:43:03.135626  1750  2523 D ActivityTaskManager: isControllerAMonkey mController = null,mControllerIsAMonkey = false
04-12 20:43:03.141804  8039  8039 D TranClassInfo: instance successfully. com.transsion.hubcore.view.TranViewImpl@134afad from com.transsion.hubcore.view.ITranView
04-12 20:43:03.146227  1750  2395 E aegean_FileUtils: writeFileNode error=java.io.FileNotFoundException: /sys/fs/cgroup/launcher/uid_10148/memory.memfusion.app_value: open failed: ENOENT (No such file or directory)
04-12 20:43:03.150236  1750  1893 I DisplayDeviceRepository: Display device changed render timings: "内置屏幕", renderFrameRate=90.0, presentationDeadlineNanos=14100000, appVsyncOffsetNanos=5633333, frameRateOverrides=[]
04-12 20:43:03.150318  1750  1893 I Griffin/DeviceState: virtualDisplayPackageName :{}
04-12 20:43:03.157414  1750  1878 D WindowManager: DeferredDisplayUpdater: partially applying DisplayInfo(1208 x 2644) immediately
04-12 20:43:03.174786   656   690 I keystore2: system/security/keystore2/src/security_level.rs:245 - caller pid=8039, uid=10151; force = false; key domain=r#KEY_ID, alias = None
04-12 20:43:03.175038   656   690 I keystore2: system/security/keystore2/src/security_level.rs:343 - upgrade_keyblob_if_required_with start
