04-12 20:43:01.469723  1750  2902 D TranCustomizedTransitionAnimController: updateFlagsFromDynamicIslandToWindow pkgName:com.android.vending mStartFromDynamicIsland:false mDynamicIslandPkgName:com.google.android.gms
04-12 20:43:01.469737  1750  2902 I TransitionHelper: updateFlagsFromDynamicIslandToWindow pkgName = com.android.vending flagsArr[0] = 0
04-12 20:43:01.469805  1750  2902 D TranCustomizedTransitionAnimController: updateFlagsFromDynamicIslandToWindow pkgName:null mStartFromDynamicIsland:false mDynamicIslandPkgName:com.google.android.gms
04-12 20:43:01.469820  1750  2902 I TransitionHelper: updateFlagsFromDynamicIslandToWindow pkgName = null flagsArr[0] = 0
04-12 20:43:01.469852  1750  2902 D os.activityembedding: onCalculateTransitionInfo topOpening=null,bottomClosing=null
04-12 20:43:01.470347  1750  2902 D Transition: Calling onTransitionReady mToken = Token{c82b658 TransitionRecord{8442841 id=8 type=TO_FRONT flags=0x80 c=[
04-12 20:43:01.470347  1750  2902 D Transition:    ChangeInfo{c8f21e6 container=Task{76c933 #1 type=home} flags=0x30}
04-12 20:43:01.470347  1750  2902 D Transition:    ChangeInfo{329b327 container=ActivityRecord{97595641 u0 com.transsion.launcher3/com.android.launcher3.uioverrides.QuickstepLauncher t2} flags=0x0}
04-12 20:43:01.470347  1750  2902 D Transition:    ChangeInfo{48159d4 container=Task{5e1d8a2 #2 type=home I=com.transsion.launcher3/com.android.launcher3.uioverrides.QuickstepLauncher} flags=0x30}
04-12 20:43:01.470347  1750  2902 D Transition:    ChangeInfo{26a077d container=Display{#0 state=ON size=1208x2644 ROTATION_0} flags=0x0}
04-12 20:43:01.470347  1750  2902 D Transition:    ChangeInfo{d1b7672 container=WallpaperWindowToken{974db16 showWhenLocked=false} flags=0x0}
04-12 20:43:01.470347  1750  2902 D Transition:    ChangeInfo{f45ac3 container=Task{b867c60 #58 type=standard A=10231:com.android.vending} flags=0x4}
04-12 20:43:01.470347  1750  2902 D Transition:    ChangeInfo{1843f40 container=DefaultTaskDisplayArea@221309899 flags=0x0}
04-12 20:43:01.470347  1750  2902 D Transition: ]
04-12 20:43:01.470347  1750  2902 D Transition: }} info = {id=8 t=TO_FRONT f=0x80 trk=0 r=[0@Point(0, 0)] c=[{WCT{RemoteToken{fe86821 Task{76c933 #1 type=home}}} m=TO_FRONT f=SHOW_WALLPAPER|MOVE_TO_TOP leash=Surface(name=Task=1)/@0x8eba308 sb=Rect(0, 0 - 1208, 2644) eb=Rect(0, 0 - 1208, 2644) mSimplifyStartAbsBounds=Rect(0, 0 - 0, 0) epz=Point(1208, 2644) d=0 taskParent=-1},{WCT{RemoteToken{b5097bf Task{b867c60 #58 type=standard A=10231:com.android.vending}}} m=TO_BACK f=NONE leash=Surface(name=Task=58)/@0x4f315f2 sb=Rect(0, 0 - 1208, 2644) eb=Rect(0, 0 - 1208, 2644) mSimplifyStartAbsBounds=Rect(0, 0 - 0, 0) epz=Point(1208, 2644) d=0 taskParent=-1},{m=TO_FRONT f=IS_WALLPAPER leash=Surface(name=WallpaperWindowToken{974db16 showWhenLocked=false})/@0x512440f sb=Rect(0, 0 - 1208, 2644) eb=Rect(0, 0 - 1208, 2644) mSimplifyStartAbsBounds=Rect(0, 0 - 0, 0) epz=Point(1208, 2644) d=0}]} transaction = android.view.SurfaceControl$Transaction@746a3b1
04-12 20:43:01.470392  1750  2902 D MagellanHandle: updateRefreshRateForSceneVsyncs what = 21
04-12 20:43:01.471581  1750  2332 D PowerManagerService: onAppLaunch: currentPackage=com.android.vending, nextPackage=com.transsion.launcher3.
04-12 20:43:01.455652  2441  6176 I Usf_Hiber/fastState: try fastFreeze reason=cpuboost
04-12 20:43:01.479957  2441  6176 I Usf_Hiber/fastState: do fastFreeze reason=cpuboost
04-12 20:43:01.479975  2441  6176 I Usf_Hiber/fastState: fastUnfreeze default reason=cpuboost
04-12 20:43:01.480032  2441  6176 D TranAlarmAlignManager: alarmAlign system not ready:false,align:null
04-12 20:43:01.480518  2441  2506 W Usf_Hiber/fastState: uid=10243 is default-app
04-12 20:43:01.480547  2441  2506 W Usf_Hiber/fastState: uid=10132 is fast-white
04-12 20:43:01.480555  2441  2506 W Usf_Hiber/fastState: uid=10139 is fast-white
04-12 20:43:01.480561  2441  2506 W Usf_Hiber/fastState: uid=10142 is fast-white
04-12 20:43:01.480565  2441  2506 W Usf_Hiber/fastState: uid=10271 is fast-white
04-12 20:43:01.480571  2441  2506 W Usf_Hiber/fastState: uid=10146 is fast-white
04-12 20:43:01.480577  2441  2506 W Usf_Hiber/fastState: uid=10148 is fast-white
04-12 20:43:01.480580  2441  2506 W Usf_Hiber/fastState: uid=10152 is fast-white
04-12 20:43:01.480585  2441  2506 W Usf_Hiber/fastState: uid=10158 is fast-white
04-12 20:43:01.480590  2441  2506 W Usf_Hiber/fastState: uid=10166 is fast-white
04-12 20:43:01.480593  2441  2506 W Usf_Hiber/fastState: uid=10169 is fast-white
04-12 20:43:01.480695  2441  2506 W Usf_Hiber/fastState: uid=10070 is fast-white
04-12 20:43:01.480704  2441  2506 W Usf_Hiber/fastState: uid=10075 is fast-white
04-12 20:43:01.480711  2441  2506 W Usf_Hiber/fastState: uid=10082 is fast-white
04-12 20:43:01.480723  2441  2506 W Usf_Hiber/fastState: uid=10099 is fast-white
04-12 20:43:01.480727  2441  2506 W Usf_Hiber/fastState: uid=10102 is fast-white
04-12 20:43:01.480733  2441  2506 W Usf_Hiber/fastState: uid=10231 is resume
04-12 20:43:01.483744  2441  2503 I Usf_Hiber/nativeServiceClient: check sync_binder uid=10077
04-12 20:43:01.490822  1750  4276 D TranAppm/Monitor: App switch: com.android.vending -> com.transsion.launcher3
04-12 20:43:01.491162  1750  4276 D TranAppm/SystemMonitor: mTidEnabled not enabled, not to get game track data.
04-12 20:43:01.491369  1750  4276 D TranAppm/ThermalEngineModule:  AppSwitchListener from com.android.vending to com.transsion.launcher3
04-12 20:43:01.492196  1750  4269 I HS/TranUsfAppState: APP_SWITCH uid:10148 pkgName:com.transsion.launcher3 prevUid:10231 prevPkgName:com.android.vending
04-12 20:43:01.496513  1750  2630 D ActivityTaskManager_Recents: Skipping, user setup not complete: Task{4b088f6 #6 type=undefined A=10188:com.transsion.magazineservice.xos nonResizable}
04-12 20:43:01.499261  2441  2506 I Usf_Hiber/fastState: fastFreeze reason=cpuboost size=18 uids=[10077, 10081, 10092, 10109, 10111, 10131, 10138, 10144, 10173, 10187, 10214, 10215, 10226, 10254, 10256, 10264, 10274, 10281] about costTime=8ms
04-12 20:43:01.505347  2441  2503 I Usf_Hiber/nativeServiceClient: check sync_binder uid=10081
04-12 20:43:01.506825  2733  3752 V WindowManagerShell: onTransitionReady(transaction=7516192768798)
04-12 20:43:01.507046  2733  2911 V WindowManagerShell: onTransitionReady (#8) android.os.BinderProxy@e269f90: {id=8 t=TO_FRONT f=0x80 trk=0 r=[0@Point(0, 0)] c=[
04-12 20:43:01.507046  2733  2911 V WindowManagerShell:         {m=TO_FRONT f=SHOW_WALLPAPER|MOVE_TO_TOP leash=Surface(name=Task=1)/@0x6d0288e sb=Rect(0, 0 - 1208, 2644) eb=Rect(0, 0 - 1208, 2644) mSimplifyStartAbsBounds=Rect(0, 0 - 0, 0) epz=Point(1208, 2644) d=0 taskParent=-1},
04-12 20:43:01.507046  2733  2911 V WindowManagerShell:         {m=TO_BACK f=NONE leash=Surface(name=Task=58)/@0xed0b8af sb=Rect(0, 0 - 1208, 2644) eb=Rect(0, 0 - 1208, 2644) mSimplifyStartAbsBounds=Rect(0, 0 - 0, 0) epz=Point(1208, 2644) d=0 taskParent=-1},
04-12 20:43:01.507046  2733  2911 V WindowManagerShell:         {m=TO_FRONT f=IS_WALLPAPER leash=Surface(name=WallpaperWindowToken{974db16 showWhenLocked=false})/@0xd7e24bc sb=Rect(0, 0 - 1208, 2644) eb=Rect(0, 0 - 1208, 2644) mSimplifyStartAbsBounds=Rect(0, 0 - 0, 0) epz=Point(1208, 2644) d=0}
04-12 20:43:01.507046  2733  2911 V WindowManagerShell:     ]}
04-12 20:43:01.507464  2733  2911 D RecentsTransitionHandler_interrupt: isIconLaunchOpenOrClose mode：3
04-12 20:43:01.507508  2733  2911 D RecentsTransitionHandler_interrupt: isOpenOrCloseMode: trueisInterruptedTask: true isSplitMode: false isTranssionLauncher: true
04-12 20:43:01.507523  2733  2911 D RecentsTransitionHandler_interrupt: isIconLaunchRemoteTransitionInterrupted isopenorclose: true   mHasPlayingTransitions: false mFinishHasPlayingTransitions: false
04-12 20:43:01.507528  2733  2911 D RecentsTransitionHandler_interrupt: processReadyQueue mIfTransitionReUseLeash: false  mLeashReUsePendingFinishT: null
04-12 20:43:01.507537  2733  2911 D RecentsTransitionHandler_interrupt: isIconLaunchOpenOrClose mode：3
04-12 20:43:01.507542  2733  2911 D RecentsTransitionHandler_interrupt: isOpenOrCloseMode: trueisInterruptedTask: true isSplitMode: false isTranssionLauncher: true
04-12 20:43:01.507545  2733  2911 D RecentsTransitionHandler_interrupt: isIconLaunchRemoteTransitionInterrupted isopenorclose: true   mHasPlayingTransitions: false mFinishHasPlayingTransitions: false
04-12 20:43:01.507576  2733  2911 V WindowManagerShell: Playing animation for (#8) android.os.BinderProxy@e269f90@0
04-12 20:43:01.507591  2733  2911 D RecentsTransitionHandler_interrupt: isIconLaunchOpenOrClose mode：3
04-12 20:43:01.507597  2733  2911 D RecentsTransitionHandler_interrupt: isOpenOrCloseMode: trueisInterruptedTask: true isSplitMode: false isTranssionLauncher: true
04-12 20:43:01.507601  2733  2911 D RecentsTransitionHandler_interrupt: isIconLaunchRemoteTransitionInterrupted isopenorclose: true   mHasPlayingTransitions: false mFinishHasPlayingTransitions: false
04-12 20:43:01.507630  2733  2911 V ShellSplitScreen: reduce layer of wallpaper when opening
04-12 20:43:01.507656  2733  2911 V WindowManagerShell:  try firstHandler com.android.wm.shell.recents.RecentsTransitionHandler@53dca53
04-12 20:43:01.507680  2733  2911 V ShellRecents: [74449033] RecentsController.start
04-12 20:43:01.507726  2733  2911 D RecentsTransitionHandler_interrupt: mHasPlayingTransitions: false
04-12 20:43:01.507734  2733  2911 D RecentsTransitionHandler_interrupt: ifInterrupt isOpenOrCloseMode true  Transitions hasPlayingTransitions: false
04-12 20:43:01.507738  2733  2911 D RecentsTransitionHandler_interrupt: mHasPlayingTransitions: false
04-12 20:43:01.508754  2441  2503 I Usf_Hiber/nativeServiceClient: check sync_binder uid=10092
04-12 20:43:01.508787  2733  2911 V ShellRecents:   not handling home taskId=1
04-12 20:43:01.508831  2733  2911 D RecentsTransitionHandler_interrupt: mHasPlayingTransitions: false
04-12 20:43:01.508835  2733  2911 D RecentsTransitionHandler_interrupt: ifInterrupt isOpenOrCloseMode true  Transitions hasPlayingTransitions: false
04-12 20:43:01.508838  2733  2911 D RecentsTransitionHandler_interrupt: mHasPlayingTransitions: false
04-12 20:43:01.509099  2441  2503 I Usf_Hiber/nativeServiceClient: check sync_binder uid=10109
04-12 20:43:01.509281  2733  2911 V ShellRecents:   adding pausing leaf taskId=58 at layer=8
04-12 20:43:01.509897  2733  2911 V ShellRecents: Applying transaction=7516192768798
04-12 20:43:01.510462  2733  2911 V ShellRecents: No matching remote found to takeover (#8)
04-12 20:43:01.510740  2733  2911 V ShellSplitScreen: getSplitBoundsForTaskId: expected split bounds for taskId=58 but not found
04-12 20:43:01.510802  2733  2911 V ShellRecents: [74449033] RecentsController.start: calling onAnimationStart with 2 apps
04-12 20:43:01.511474  2733  2911 V WindowManagerShell:  animated by firstHandler
04-12 20:43:01.511820  2441  2503 I Usf_Hiber/nativeServiceClient: check sync_binder uid=10111
04-12 20:43:01.515372  2441  2503 I Usf_Hiber/nativeServiceClient: check sync_binder uid=10131
04-12 20:43:01.520152  2441  2503 I Usf_Hiber/nativeServiceClient: check sync_binder uid=10138
04-12 20:43:01.521919  2441  2502 I Usf_Hiber/hiber: unfreeze syncBinder (type=1,callerPid=1750,callerUid=1000,targetPid=7651,targetUid=10254), rpcName: SYNC_BINDER, code: -1
04-12 20:43:01.521976  2441  2502 V Usf_Hiber/hiber: unfreeze from hiber: (1,1750,1000,7651,10254), cpuInfo: TRANSACTION_-1, reason:syncBinder
04-12 20:43:01.522011  2441  2502 I Usf_Hiber/fastState: skip fastFreeze, uid=10254 pkgName=com.google.android.apps.tachyon unFreezeReason=syncBinder cpnInfo=TRANSACTION_-1
04-12 20:43:01.519525  1750  2902 D TranBrightnessController: setNotUpdateBrightnessState: pauseUpdate = false , pauseReason = app_stop_launch
04-12 20:43:01.524254  2441  2503 I Usf_Hiber/nativeServiceClient: check sync_binder uid=10144
04-12 20:43:01.524368  1750  2994 V AlarmManager: set(PendingIntent{85bce91: PendingIntentRecord{182b7b2 com.google.android.gms/com.google.android.gms.scheduler broadcastIntent}}) : type=3 triggerAtTime=36768 win=0 tElapsed=41295 maxElapsed=41295 interval=0 flags=0x0
04-12 20:43:01.524673  2441  2503 I Usf_Hiber/nativeServiceClient: check sync_binder uid=10173
04-12 20:43:01.525922  2441  2503 I Usf_Hiber/nativeServiceClient: check sync_binder uid=10187
04-12 20:43:01.526599  1750  2902 D BLASTSyncEngine: [DH_DEBUG]remove timeout #8 callback=com.android.server.wm.BLASTSyncEngine$SyncGroup$$ExternalSyntheticLambda2@4e15c55
04-12 20:43:01.527296  2441  2503 I Usf_Hiber/nativeServiceClient: check sync_binder uid=10214
04-12 20:43:01.527443  2441  2503 I Usf_Hiber/nativeServiceClient: check sync_binder uid=10215
04-12 20:43:01.527623  2441  2503 I Usf_Hiber/nativeServiceClient: check sync_binder uid=10226
04-12 20:43:01.527740  2441  2503 I Usf_Hiber/nativeServiceClient: check sync_binder uid=10254
04-12 20:43:01.527755  2441  2502 I Usf_Hiber/stateManager: unfreeze uid: 10254 com.google.android.apps.tachyon  reason:syncBinder   cpninfo:TRANSACTION_-1 costTime=6ms ,last freeze invalid
04-12 20:43:01.527846  2441  2503 I Usf_Hiber/nativeServiceClient: check sync_binder uid=10256
04-12 20:43:01.527988  2441  2502 I Usf_Hiber/cgroup: forceUnfreezeByPid pid= 7651 reason= unfreezeForKernel: syncBinder
04-12 20:43:01.528032  2441  2502 I Usf_Hiber/cgroup: force unfreeze10254
04-12 20:43:01.528348  1750  4268 I BLASTSyncEngine: mSyncId = 8 start T apply
04-12 20:43:01.528412  1750  2902 I WindowManager: Relayout Window{4f1a1bd u0 ZeroScreen}: oldVis=8 newVis=0 focusMayChange = true requestedWidth = 1208 requestedHeight = 2644 outFrames = ClientWindowFrames{frame=[0,0][1208,2644] display=[-100000,-100000][100000,100000] parentFrame=[0,0][0,0]} outSurfaceControl = Surface(name=ZeroScreen)/@0x58909f7
04-12 20:43:01.528530  1750  2405 D aegean_MemoryFusionFileUtils: proc/memfusion/am_app_launch :0
04-12 20:43:01.529551  2441  2503 I Usf_Hiber/nativeServiceClient: check sync_binder uid=10264
04-12 20:43:01.533000  2441  2503 I Usf_Hiber/nativeServiceClient: check sync_binder uid=10274
04-12 20:43:01.533150  1750  2646 I WindowManager: Relayout Window{7401100 u0 com.transsion.launcher3/com.android.launcher3.uioverrides.QuickstepLauncher}: oldVis=8 newVis=0 focusMayChange = true requestedWidth = 1208 requestedHeight = 2644 outFrames = ClientWindowFrames{frame=[0,0][1208,2644] display=[0,0][1208,2644] parentFrame=[0,0][0,0]} outSurfaceControl = Surface(name=com.transsion.launcher3/com.android.launcher3.uioverrides.QuickstepLauncher)/@0x1d49782
04-12 20:43:01.533912  2733  2911 D SyncTransactionQueue: Run in sync. mInFlight=null
04-12 20:43:01.534081  2441  2503 I Usf_Hiber/nativeServiceClient: check sync_binder uid=10281
04-12 20:43:01.535048  1750  1894 D WindowManager: adjustWallpaperWindows use keyguard: false
04-12 20:43:01.536102  1750  2870 I thermalLightController: Fg: com.transsion.launcher3
04-12 20:43:01.538590  1750  3320 D ActivityTaskManager: isControllerAMonkey mController = null,mControllerIsAMonkey = false
04-12 20:43:01.540644  1750  1893 D TranCameraLowTemperatureWarningImpl: [isCameraLowTemperatureWarningSupport] ro.tranos.version=xos16.2.0, not 16.3, skip flag check
04-12 20:43:01.544117  1750  2902 I WindowManager: System monitor finishDrawingWindow w: Window{7401100 u0 com.transsion.launcher3/com.android.launcher3.uioverrides.QuickstepLauncher}; mDrawState = DRAW_PENDING
04-12 20:43:01.549009  1750  1894 D WindowManager: adjustWallpaperWindows use keyguard: false
04-12 20:43:01.549978  1750  1894 D WindowManager: System monitor commitFinishDrawingLocked activity = ActivityRecord{97595641 u0 com.transsion.launcher3/com.android.launcher3.uioverrides.QuickstepLauncher t2} canShowWindows = true type = 1
04-12 20:43:01.550012  1750  1894 D TranStartingSurfaceController: hookOnFirstWindowDrawn activityRecord=ActivityRecord{97595641 u0 com.transsion.launcher3/com.android.launcher3.uioverrides.QuickstepLauncher t2}
04-12 20:43:01.550047  1750  1894 D WindowManager: System monitor performShowLocked: mDrawState = HAS_DRAWN in Window{7401100 u0 com.transsion.launcher3/com.android.launcher3.uioverrides.QuickstepLauncher}
04-12 20:43:01.550341  1750  1894 D WindowManager: adjustWallpaperWindows use keyguard: false
04-12 20:43:01.551575  1750  1894 I WindowManager: real show surface com.transsion.launcher3/com.android.launcher3.uioverrides.QuickstepLauncher sc: Surface(name=com.transsion.launcher3/com.android.launcher3.uioverrides.QuickstepLauncher)/@0xeac24a6 win : Window{7401100 u0 com.transsion.launcher3/com.android.launcher3.uioverrides.QuickstepLauncher}
04-12 20:43:01.552323  1750  1893 I TranSCSourceConnectManagerImpl: hookDisplayResumeComponent displayId: 0 componentName: ComponentInfo{com.transsion.launcher3/com.android.launcher3.uioverrides.QuickstepLauncher}
04-12 20:43:01.554332  1750  2646 W TranPerf-KswapdLittleCoreFeature: kswapd param is null
04-12 20:43:01.554363  1750  2646 I AnimBoostThreadLittleCoreFeature: AnimBoostThread = 2851
04-12 20:43:01.554500  1750  2159 D WindowManager: onUserActivity: mGestureSleepRunnable remove
04-12 20:43:01.555202  1750  2646 D ActivityTaskManager: pauseTaskTopActivity, taskId:58, isUidPrivileged:true
04-12 20:43:01.555341  1750  2646 D MagellanHandle: updateRefreshRateForSceneVsyncs what = 23
04-12 20:43:01.556655  1750  2646 D setGameMode: enter setGameModeEnabled
04-12 20:43:01.556664  1750  2646 D setGameMode: packageName: com.android.vending processName: com.android.vending
04-12 20:43:01.556747  1750  2646 D TranAppm/MTKSuitConfig: mMTKGameModeSupport: true
04-12 20:43:01.556788  1750  2646 D TranAppm/MTKModule: pkgName: com.android.vending,pid: 5033
04-12 20:43:01.556800  1750  2646 D setGameMode: Package not in game scene list: com.android.vending
04-12 20:43:01.556852  1750  2646 D MagellanHandle: updateRefreshRateForSceneVsyncs what = 23
04-12 20:43:01.558389  1750  1750 E MBrainLocalService: notifyAppSwitch failed
04-12 20:43:01.559968  1750  1956 W TranPerf-LauncherBigCoreFeature: [setAffinity] Tid:2419 mask:240
04-12 20:43:01.560082  1750  1956 W TranPerf-LauncherRenderBigCoreFeature: [setAffinity] Tid:2906 mask:240
04-12 20:43:01.560140  1750  1930 I AnimBoostThreadLittleCoreFeature: AnimBoostThread = 2851
04-12 20:43:01.560198  1750  1956 W TranPerf-AnimBoostThreadLittleCoreFeature: [setAffinity] Tid:2851 mask:15
04-12 20:43:01.564014  1750  4347 I WindowManager: System monitor finishDrawingWindow w: Window{4f1a1bd u0 ZeroScreen}; mDrawState = DRAW_PENDING
04-12 20:43:01.565172  1750  1894 D WindowManager: System monitor commitFinishDrawingLocked activity = ActivityRecord{97595641 u0 com.transsion.launcher3/com.android.launcher3.uioverrides.QuickstepLauncher t2} canShowWindows = true type = 4
04-12 20:43:01.565301  1750  1894 I WindowManager:   isAnimating=false  okToAnimate=true  win=Window{4f1a1bd u0 ZeroScreen}
04-12 20:43:01.565396  1750  1894 D WindowManager: System monitor performShowLocked: mDrawState = HAS_DRAWN in Window{4f1a1bd u0 ZeroScreen}
04-12 20:43:01.568276  1750  4253 I Telecom-TelecomServiceImpl$1: isInEmergencyCall: false: TSI.iIEC@AEc
04-12 20:43:01.570526  1750  1894 I WindowManager: real show surface ZeroScreen sc: Surface(name=ZeroScreen)/@0xed412f5 win : Window{4f1a1bd u0 ZeroScreen}
04-12 20:43:01.615078  1750  4614 V Configuration: Updating configuration, locales updated from [] to [zh_CN_#Hans]
04-12 20:43:01.619089  2733  2911 V ShellRecents: [74449033] RecentsController.setInputConsumerEnabled: set focus to recents
04-12 20:43:01.619636  1750  2903 D NetworkRuleControllerService: onTaskFocusChanged 58 false
04-12 20:43:01.619664  1750  2903 D NetworkRuleControllerService: onTaskFocusChanged 2 true
04-12 20:43:01.619676  1750  2903 D NetworkRuleControllerService: onForegroundPackageChanged com.android.vending => com.transsion.launcher3
04-12 20:43:01.619756  1750  2903 D os.fingerprint: onUpdateFocusedApp oldPackageName:com.android.vending oldComponent:ComponentInfo{com.android.vending/com.google.android.finsky.activities.MainActivity} newPackageName:com.transsion.launcher3 newComponent:ComponentInfo{com.transsion.launcher3/com.android.launcher3.uioverrides.QuickstepLauncher} mFm :android.hardware.fingerprint.FingerprintManager@c32aebf
04-12 20:43:01.620000  1750  2903 D WindowManager: currentFocusId 0 newFocusId: 0 currentFocusIsMultiWindow: false newFocusIsMultiWindow: false
04-12 20:43:01.620270  1750  2903 W WindowManager: Changing focus from Window{b4c55f u0 com.android.vending/com.android.vending.AssetBrowserActivity} to Window{7401100 u0 com.transsion.launcher3/com.android.launcher3.uioverrides.QuickstepLauncher} displayId=0 Callers=com.android.server.wm.RootWindowContainer.updateFocusedWindowLocked:532 com.android.server.wm.WindowManagerService.updateFocusedWindowLocked:7088 com.android.server.wm.ActivityTaskManagerService.setLastResumedActivityUncheckLocked:5759 com.android.server.wm.ActivityTaskManagerService.setFocusedTask:2403 
04-12 20:43:01.620316  1750  2903 D WindowManager: notifyAppOnFocusChange focusedWindow =com.transsion.launcher3/com.android.launcher3.uioverrides.QuickstepLauncher;2419;10148 registeredPid=3974 callback=android.window.IFocusChangeCallback$Stub$Proxy@8b76fd0
04-12 20:43:01.620479  2733  3743 V ShellRecents: [74449033] RecentsController.detachNavigationBarFromApp
04-12 20:43:01.622001  1750  2903 I WindowManager: updateSystemBarAttributes appearance:16, win appearance:0, opaqueAppearance:0, win:Window{7401100 u0 com.transsion.launcher3/com.android.launcher3.uioverrides.QuickstepLauncher}, appearanceRegions=[AppearanceRegion{LIGHT_STATUS_BARS bounds=[0,0][1208,2644]}]
04-12 20:43:01.623890  2733  2911 D WindowManagerShell: setLauncherKeepClearAreaHeight: visible=true, height=285
04-12 20:43:01.624841  2733  2911 D SyncTransactionQueue: Run in sync. mInFlight=null
04-12 20:43:01.626960  2733  2911 D SyncTransactionQueue: Run in sync. mInFlight=null
04-12 20:43:01.631091  1750  1894 I WindowManager: updateSystemBarAttributes appearance:0, win appearance:0, opaqueAppearance:0, win:Window{7401100 u0 com.transsion.launcher3/com.android.launcher3.uioverrides.QuickstepLauncher}, appearanceRegions=[AppearanceRegion{ bounds=[0,0][1208,2644]}]
04-12 20:43:01.631864  1750  2170 E HandwritingModeController: Cannot get requestId: Handwriting was not initialized.
04-12 20:43:01.632232  1750  1923 W ActivityManager: Slow operation: 190ms so far, now at startProcess: done updating battery stats
04-12 20:43:01.633168  1750  1923 W ActivityManager: Slow operation: 191ms so far, now at startProcess: building log message
04-12 20:43:01.633182  1750  1923 I ActivityManager: Start proc 7860:com.google.android.packageinstaller/u0a222 for broadcast {com.google.android.packageinstaller/com.android.packageinstaller.common.TemporaryFileManager}
04-12 20:43:01.633207  1750  1923 W ActivityManager: Slow operation: 191ms so far, now at startProcess: starting to update pids map
04-12 20:43:01.639196  1750  1923 I START_DEBUG: send START_TIMEOUT message    ProcessRecord :ProcessRecord{2435f99 7860:com.google.android.packageinstaller/u0a222}
04-12 20:43:01.639393  1750  1923 I ActivityManager: ProcessObserver broadcast disabled
04-12 20:43:01.651604  1750  1923 W ActivityManager: Slow operation: 209ms so far, now at startProcess: done updating pids map
04-12 20:43:01.655669  1750  2479 I _T_AppBehavior: APP_START_OCCURRED (pid:2419, packageName:com.transsion.launcher3, transitionType:9, launchedActivityName:com.android.launcher3.uioverrides.QuickstepLauncher, callerPackage:null, currentTransitionDelayMs:55, startingWindowDelayMs:-1, bindApplicationDelayMs:-1, windowsDrawnDelayMs:0,compilationReason:23, compilationFilter:4, sourceType:4, sourceEventDelayMs:98)
04-12 20:43:01.657976  1750  1877 W Looper  : Slow dispatch took 129ms android.fg app=system_server main=false h=android.os.Handler c=com.android.server.wm.ActivityMetricsLogger$$ExternalSyntheticLambda0@d6352f4 m=0
04-12 20:43:01.658176  1750  1877 V WindowManager: Sent Transition (#8) createdAt=04-12 20:43:01.448
04-12 20:43:01.658246  1750  1877 V WindowManager:     startWCT=WindowContainerTransaction { changes= {} hops= [{pendingIntent: options=Bundle[{android.activity.splashScreenStyle=-1, android.activity.sourceInfo=android.app.ActivityOptions$SourceInfo@348da1d, android:activity.animAbortListener=null, tran:activity.thunderback.recent.type=0, android:activity.thunderback.userId=0, tran:activity.simplifyanim.launcher.type=0, android.activity.transientLaunch=true}]}] errorCallbackToken=null taskFragmentOrganizer=null mInterrupt=false customAnimFlag=0 }
04-12 20:43:01.658313  1750  1877 V WindowManager:     info={id=8 t=TO_FRONT f=0x80 trk=0 r=[0@Point(0, 0)] c=[
04-12 20:43:01.658313  1750  1877 V WindowManager:         {WCT{RemoteToken{fe86821 Task{76c933 #1 type=home}}} m=TO_FRONT f=SHOW_WALLPAPER|MOVE_TO_TOP leash=Surface(name=Task=1)/@0x8eba308 sb=Rect(0, 0 - 1208, 2644) eb=Rect(0, 0 - 1208, 2644) mSimplifyStartAbsBounds=Rect(0, 0 - 0, 0) epz=Point(1208, 2644) d=0 taskParent=-1},
04-12 20:43:01.658313  1750  1877 V WindowManager:         {WCT{RemoteToken{b5097bf Task{b867c60 #58 type=standard A=10231:com.android.vending}}} m=TO_BACK f=NONE leash=Surface(name=Task=58)/@0x4f315f2 sb=Rect(0, 0 - 1208, 2644) eb=Rect(0, 0 - 1208, 2644) mSimplifyStartAbsBounds=Rect(0, 0 - 0, 0) epz=Point(1208, 2644) d=0 taskParent=-1},
04-12 20:43:01.658313  1750  1877 V WindowManager:         {m=TO_FRONT f=IS_WALLPAPER leash=Surface(name=WallpaperWindowToken{974db16 showWhenLocked=false})/@0x512440f sb=Rect(0, 0 - 1208, 2644) eb=Rect(0, 0 - 1208, 2644) mSimplifyStartAbsBounds=Rect(0, 0 - 0, 0) epz=Point(1208, 2644) d=0}
04-12 20:43:01.658313  1750  1877 V WindowManager:     ]}
04-12 20:43:01.658614  1750  1877 D AutofillManagerService: Close system dialogs
04-12 20:43:01.661733  1750  4269 V ActivityManager: New death recipient com.android.server.am.ActivityManagerService$AppDeathRecipient@4cfe63 for thread android.os.BinderProxy@9dcaa60
04-12 20:43:01.663131  1750  4269 I START_DEBUG: send BINDTIMEOUT    ProcessRecord :ProcessRecord{2435f99 7860:com.google.android.packageinstaller/u0a222}
04-12 20:43:01.663153  1750  4269 I START_DEBUG: remove START_TIMEOUT finish    ProcessRecord :ProcessRecord{2435f99 7860:com.google.android.packageinstaller/u0a222}
04-12 20:43:01.663202  1750  4269 D os.ActivityManagerServiceLice: make process active com.google.android.packageinstaller(7860)
04-12 20:43:01.664312  7860  7938 I ActivityThread:  enable system monitor for package: com.google.android.packageinstaller
04-12 20:43:01.664704  2441  6572 D TranAlarmAlignManager: alarmAlign system not ready:false,align:null
04-12 20:43:01.665963  7860  7860 E SystemMonitorUtils:  error to open /dev/ensignal file e=android.system.ErrnoException: open failed: EACCES (Permission denied)
04-12 20:43:01.666012  7860  7860 E SystemMonitorUtils:  error to open /dev/ensignal file e=android.system.ErrnoException: open failed: EACCES (Permission denied)
04-12 20:43:01.667913  7860  7938 D TranClassInfo: instance successfully. com.transsion.common.thubutils.AppProperties@ecd20a2 from com.transsion.hubsdk.thubutils.IAppProperties
04-12 20:43:01.667999  7860  7938 I AppProperties: enter initialize com.google.android.packageinstaller
04-12 20:43:01.668097  7860  7938 I AppProperties: readAllPropFiles directoryPath=/system_ext/etc/vconfig/com.google.android.packageinstaller/
04-12 20:43:01.668149  7860  7938 I AppProperties: enter readPropFiles count=0
04-12 20:43:01.668159  7860  7938 I AppProperties: readAllPropFiles directoryPath=/tr_product/etc/vconfig/com.google.android.packageinstaller/
04-12 20:43:01.668176  7860  7938 I AppProperties: enter readPropFiles count=0
04-12 20:43:01.668180  7860  7938 I AppProperties: readAllPropFiles directoryPath=/tr_region/etc/vconfig/com.google.android.packageinstaller/
04-12 20:43:01.668196  7860  7938 I AppProperties: enter readPropFiles count=0
04-12 20:43:01.668200  7860  7938 I AppProperties: readAllPropFiles directoryPath=/tr_carrier/etc/vconfig/com.google.android.packageinstaller/
04-12 20:43:01.668210  7860  7938 I AppProperties: enter readPropFiles count=0
04-12 20:43:01.668214  7860  7938 I AppProperties: readAllPropFiles directoryPath=/tr_company/etc/vconfig/com.google.android.packageinstaller/
04-12 20:43:01.668222  7860  7938 I AppProperties: enter readPropFiles count=0
04-12 20:43:01.668225  7860  7938 I AppProperties: readAllPropFiles directoryPath=/tranfs/etc/vconfig/com.google.android.packageinstaller/
04-12 20:43:01.668250  7860  7938 I AppProperties: enter readPropFiles count=0
04-12 20:43:01.672996  1750  1750 V InputMethodMenuController: Hide switching menu
04-12 20:43:01.673322  1750  2219 I NotifAttentionHelper: buzzBeepBlinkLocked , NotificationRecord key=0|com.google.android.gms|1000|a:GMSCORE_STORE_RENDERER:11be35c183260000:107718207925398475592|10232, shouldMuteReason=0x8000, canPlaySound=true, canPlayVibration=true, beep=false, buzz=false, hasValidSound=true, hasValidVibrate=false, vibrateOnly=false
04-12 20:43:01.673506  1750  2219 D NotificationService: notification = StatusBarNotification(pkg=com.google.android.gms user=UserHandle{0} id=1000 tag=a:GMSCORE_STORE_RENDERER:11be35c183260000:107718207925398475592 key=0|com.google.android.gms|1000|a:GMSCORE_STORE_RENDERER:11be35c183260000:107718207925398475592|10232: Notification(channel=com.google.android.gms.notifications::SECURITY_ALERTS shortcut=null contentView=null vibrate=null sound=null tick defaults=0 flags=LOCAL_ONLY color=0x00000000 actions=1 vis=PRIVATE publicVersion=Notification(channel=null shortcut=null contentView=null vibrate=null sound=null defaults=0 flags=0 color=0x00000000 vis=PRIVATE))); and importance = 3; and isMediaNotification = false
04-12 20:43:01.682762  1750  1859 W UriGrantsManagerService: For security reasons, the system cannot issue a Uri permission grant to content://com.transsion.tranradionet.TranTelephonyProvider/commoninfo [user 0]; use startActivityAsCaller() instead
04-12 20:43:01.686328  1750  1878 W Looper  : Slow dispatch took 234ms android.ui app=system_server main=false h=com.android.server.wm.ActivityTaskManagerService$UiHandler c=<recycled PooledLambda@3aa4653> m=0
04-12 20:43:01.698739  1750  4253 D UsfSystemServer/appSceneHooker: action is empty in service bind status
04-12 20:43:01.726085  1750  2219 D NotificationService: notifyListenersPostedAndLogLocked, NotificationRecord key=0|com.google.android.gms|1000|a:GMSCORE_STORE_RENDERER:11be35c183260000:107718207925398475592|10232
04-12 20:43:01.727141  1750  2233 V Configuration: Updating configuration, locales updated from [] to [zh_CN_#Hans]
04-12 20:43:01.734034  1750  2219 W NotificationHistory: Attempted to add notif for locked/gone/disabled user 0
04-12 20:43:01.760069  2441  2503 I Usf_Hiber/nativeServiceClient: check sync_binder uid=10179
04-12 20:43:01.762331  1750  1878 W Looper  : Slow delivery took 283ms android.ui app=system_server main=false h=com.android.server.am.ActivityManagerService$UiHandler c=com.android.server.am.UidObserverController$$ExternalSyntheticLambda0@4f00800 m=0
04-12 20:43:01.768256  1750  4244 V AlarmManager: set(PendingIntent{594ef31: PendingIntentRecord{182b7b2 com.google.android.gms/com.google.android.gms.scheduler broadcastIntent}}) : type=3 triggerAtTime=36768 win=0 tElapsed=41531 maxElapsed=41531 interval=0 flags=0x0
04-12 20:43:01.774431  1750  1878 W Looper  : Drained
04-12 20:43:01.781607  1750  1750 D WindowManager: getTopPackages# topPackages = []
04-12 20:43:01.783949  1750  1750 D TranActivityLifecycleManager: [onForegroundAppchange] ForegroundPackage: com.transsion.launcher3 splitScreen: false multiWindow: false mIsPinned:false
04-12 20:43:01.793417  1750  4268 D UsfSystemServer/appSceneHooker: action is empty in service bind status
04-12 20:43:01.797399  1750  3614 D NotificationService: areNotificationsEnabledForPackage pkg=com.google.android.gms, uid=10232 enabled = true
04-12 20:43:01.799627  1750  4276 V SettingsProvider: name : transsion_turbo_assistant appId : 1000
04-12 20:43:01.806624  1750  4343 W UriGrantsManagerService: For security reasons, the system cannot issue a Uri permission grant to content://com.transsion.tranradionet.TranTelephonyProvider/commoninfo [user 0]; use startActivityAsCaller() instead
04-12 20:43:01.815830  2441  2456 D TranAlarmAlignManager: alarmAlign system not ready:false,align:null
04-12 20:43:01.821387  1750  2059 I tranpm/ServicePolicy: isBlockHsB1 true
04-12 20:43:01.821416  1750  2059 I tranpm/ServicePolicy: limitBindServiceLocked by hs&job - cold: callingPackage = android, targetPkg = com.google.android.apps.docs
04-12 20:43:01.822128  1750  4253 V AlarmManager: set(PendingIntent{ac1b205: PendingIntentRecord{d94825a com.google.android.gms/com.google.android.gms.stats startService}}) : type=3 triggerAtTime=2144902 win=5400000 tElapsed=2144902 maxElapsed=7544902 interval=7200000 flags=0x0
04-12 20:43:01.823220  1750  1893 D TranAppm/MTKSuitConfig: mMTKGameModeSupport: true
04-12 20:43:01.823286  1750  2902 I START_DEBUG: remove BIND_TIMEOUT finish    ProcessRecord :ProcessRecord{2435f99 7860:com.google.android.packageinstaller/u0a222}
04-12 20:43:01.823952  1750  1893 D TranAppm/MTKModule: pkgName: com.transsion.camera,pid: 0
04-12 20:43:01.828846  1750  1877 D TranClassInfo: instance successfully. com.transsion.hubcore.internal.latency.TranLatencyTrackerImpl@3367c14 from com.transsion.hubcore.internal.latency.ITranLatencyTracker
04-12 20:43:01.833080  1750  1893 I TranSCSourceConnectManagerImpl: hookDisplayResumeComponent displayId: 0 componentName: ComponentInfo{com.transsion.launcher3/com.android.launcher3.uioverrides.QuickstepLauncher}
04-12 20:43:01.843119  1750  2059 W ActivityManager: Unbind failed: could not find connection for android.app.LoadedApk$ServiceDispatcher$InnerConnection@65a4498
04-12 20:43:01.846115  1750  2059 E JobScheduler.Concurrency: Error executing JobStatus{86996d8 #u0a296/111007999 com.google.android.apps.docs/com.google.android.libraries.notifications.entrypoints.scheduled.ScheduledTaskService u=0 s=10296 TIME=-18s493ms:-18s493ms NET PERIODIC PERSISTED READY}
04-12 20:43:01.853653  1750  3614 D ActivityTaskManager_Recents: Skipping, unavail real act mTaskId: 54
04-12 20:43:01.853821  2441  2456 D TranAlarmAlignManager: alarmAlign system not ready:false,align:null
04-12 20:43:01.864908  1750  3614 V AlarmManager: set(PendingIntent{4f8fcae: PendingIntentRecord{182b7b2 com.google.android.gms/com.google.android.gms.scheduler broadcastIntent}}) : type=3 triggerAtTime=36768 win=0 tElapsed=41636 maxElapsed=41636 interval=0 flags=0x0
04-12 20:43:01.867020  1750  2059 I tranpm/ServicePolicy: isBlockHsB1 true
04-12 20:43:01.867209  1750  2059 I tranpm/ServicePolicy: limitBindServiceLocked by hs&job - cold: callingPackage = android, targetPkg = com.google.android.gm
04-12 20:43:01.887938  1750  4244 W UriGrantsManagerService: For security reasons, the system cannot issue a Uri permission grant to content://com.transsion.tranradionet.TranTelephonyProvider/commoninfo [user 0]; use startActivityAsCaller() instead
04-12 20:43:01.888064  1750  2902 W ActivityManager: Slow operation: 65ms so far, now at finishAttachApplicationInner: after mServices.attachApplicationLocked
04-12 20:43:01.889094  1750  2902 W ActivityManager: Slow operation: 66ms so far, now at finishAttachApplicationInner: after dispatching broadcasts
04-12 20:43:01.928985  1750  1923 I ActivityManager: Start proc 7923:com.google.android.permissioncontroller/u0a276 for broadcast {com.google.android.permissioncontroller/com.android.permissioncontroller.permission.service.LocationAccessCheck$SetupPeriodicBackgroundLocationAccessCheck}
04-12 20:43:01.929144  1750  1923 I START_DEBUG: send START_TIMEOUT message    ProcessRecord :ProcessRecord{aa46a0e 7923:com.google.android.permissioncontroller/u0a276}
04-12 20:43:01.929162  1750  1923 I ActivityManager: ProcessObserver broadcast disabled
04-12 20:43:01.932934  1750  2059 W ActivityManager: Unbind failed: could not find connection for android.app.LoadedApk$ServiceDispatcher$InnerConnection@f96e227
04-12 20:43:01.952993  1750  2059 E JobScheduler.Concurrency: Error executing JobStatus{238868 #u0a246/1007999 com.google.android.gm/com.google.android.libraries.notifications.entrypoints.scheduled.ScheduledTaskService u=0 s=10246 TIME=-18s600ms:+40m16s270ms NET PERIODIC PERSISTED READY}
04-12 20:43:01.974411  2441  6572 D TranAlarmAlignManager: alarmAlign system not ready:false,align:null
04-12 20:43:01.981107  1750  2644 V ActivityManager: New death recipient com.android.server.am.ActivityManagerService$AppDeathRecipient@1aea304 for thread android.os.BinderProxy@61ed0ed
04-12 20:43:01.985560  1750  2644 I START_DEBUG: send BINDTIMEOUT    ProcessRecord :ProcessRecord{aa46a0e 7923:com.google.android.permissioncontroller/u0a276}
04-12 20:43:01.988064  1750  2644 I START_DEBUG: remove START_TIMEOUT finish    ProcessRecord :ProcessRecord{aa46a0e 7923:com.google.android.permissioncontroller/u0a276}
04-12 20:43:01.990075  1750  2644 D os.ActivityManagerServiceLice: make process active com.google.android.permissioncontroller(7923)
04-12 20:43:01.995467  7923  7992 I ActivityThread:  enable system monitor for package: com.google.android.permissioncontroller
04-12 20:43:02.003639  7923  7992 D TranClassInfo: instance successfully. com.transsion.common.thubutils.AppProperties@16c3c6d from com.transsion.hubsdk.thubutils.IAppProperties
04-12 20:43:02.003791  7923  7992 I AppProperties: enter initialize com.google.android.permissioncontroller
04-12 20:43:02.005066  7923  7992 I AppProperties: readAllPropFiles directoryPath=/system_ext/etc/vconfig/com.google.android.permissioncontroller/
04-12 20:43:02.005353  7923  7992 I AppProperties: enter readPropFiles count=0
04-12 20:43:02.005392  7923  7992 I AppProperties: readAllPropFiles directoryPath=/tr_product/etc/vconfig/com.google.android.permissioncontroller/
04-12 20:43:02.005423  7923  7992 I AppProperties: enter readPropFiles count=0
04-12 20:43:02.006489  7923  7992 I AppProperties: readAllPropFiles directoryPath=/tr_region/etc/vconfig/com.google.android.permissioncontroller/
04-12 20:43:02.006943  7923  7992 I AppProperties: enter readPropFiles count=0
04-12 20:43:02.006982  7923  7992 I AppProperties: readAllPropFiles directoryPath=/tr_carrier/etc/vconfig/com.google.android.permissioncontroller/
04-12 20:43:02.007002  7923  7992 I AppProperties: enter readPropFiles count=0
04-12 20:43:02.006949   656   690 E keystore2: system/security/keystore2/src/service.rs:171 - get_key_entry error: system/security/keystore2/src/service.rs:166: while trying to load key info.
04-12 20:43:02.006949   656   690 E keystore2: 
04-12 20:43:02.006949   656   690 E keystore2: Caused by:
04-12 20:43:02.006949   656   690 E keystore2:     0: Legacy database is empty.
04-12 20:43:02.006949   656   690 E keystore2:     1: Error::Rc(r#KEY_NOT_FOUND)
04-12 20:43:02.007008  7923  7992 I AppProperties: readAllPropFiles directoryPath=/tr_company/etc/vconfig/com.google.android.permissioncontroller/
04-12 20:43:02.007032   656   690 I keystore2: system/security/keystore2/src/database.rs:1236 - is_backup_support str="1"
04-12 20:43:02.007082  7923  7992 I AppProperties: enter readPropFiles count=0
04-12 20:43:02.007116  7923  7992 I AppProperties: readAllPropFiles directoryPath=/tranfs/etc/vconfig/com.google.android.permissioncontroller/
04-12 20:43:02.007636  7923  7992 I AppProperties: enter readPropFiles count=0
04-12 20:43:02.010360   656   690 E keystore2: system/security/keystore2/src/service.rs:171 - get_key_entry error: system/security/keystore2/src/service.rs:166: while trying to load key info.
04-12 20:43:02.010360   656   690 E keystore2: 
04-12 20:43:02.010360   656   690 E keystore2: Caused by:
04-12 20:43:02.010360   656   690 E keystore2:     0: Legacy database is empty.
04-12 20:43:02.010360   656   690 E keystore2:     1: Error::Rc(r#KEY_NOT_FOUND)
04-12 20:43:02.010384   656   690 I keystore2: system/security/keystore2/src/database.rs:1236 - is_backup_support str="1"
04-12 20:43:02.010758  7923  7923 E SystemMonitorUtils:  error to open /dev/ensignal file e=android.system.ErrnoException: open failed: EACCES (Permission denied)
04-12 20:43:02.011203  7923  7923 E SystemMonitorUtils:  error to open /dev/ensignal file e=android.system.ErrnoException: open failed: EACCES (Permission denied)
04-12 20:43:02.014772  1750  3614 V AlarmManager: set(PendingIntent{8e08007: PendingIntentRecord{182b7b2 com.google.android.gms/com.google.android.gms.scheduler broadcastIntent}}) : type=3 triggerAtTime=36768 win=0 tElapsed=41786 maxElapsed=41786 interval=0 flags=0x0
04-12 20:43:02.076139  2441  2456 D TranAlarmAlignManager: alarmAlign system not ready:false,align:null
04-12 20:43:02.088352  1750  1922 D BroadcastQueue: Hiber/broadcast restricted queue.uid=10215 action=BroadcastRecord{2827b18 android.intent.action.CLOSE_SYSTEM_DIALOGS/u-1}
04-12 20:43:02.092080  1750  1922 D BroadcastQueue: Hiber/broadcast restricted queue.uid=10215 action=BroadcastRecord{2827b18 android.intent.action.CLOSE_SYSTEM_DIALOGS/u-1}
04-12 20:43:02.101818  2441  2756 I Usf_Hiber/fastState: skip fastFreeze, uid=10281 pkgName=com.google.android.rkpdapp unFreezeReason=startService cpnInfo=f-1/cpn # 1000
04-12 20:43:02.109729  2441  2502 V Usf_Hiber/hiber: unfreeze from hiber: (0,1750,1000,7750,10281), cpuInfo: android.app.IApplicationThread_TRANSACTION_3, reason:asyncBinderWhiteList
04-12 20:43:02.110829  2441  2756 I Usf_Hiber/stateManager: unfreeze uid: 10281 com.google.android.rkpdapp  reason:startService   cpninfo:f-1/cpn # 1000 costTime=9ms ,last freeze invalid
04-12 20:43:02.113368  2441  2502 I Usf_Hiber/cgroup: forceUnfreezeByPid pid= 7750 reason= unfreezeForKernel: asyncBinderWhiteList
04-12 20:43:02.113384  2441  2502 I Usf_Hiber/cgroup: force unfreeze10281
04-12 20:43:02.125545  1750  4333 V AlarmManager: set(PendingIntent{105b2ad: PendingIntentRecord{182b7b2 com.google.android.gms/com.google.android.gms.scheduler broadcastIntent}}) : type=3 triggerAtTime=36898 win=0 tElapsed=41896 maxElapsed=41896 interval=0 flags=0x0
04-12 20:43:02.147123  1750  4349 I UsfSystemServer/appSceneHooker: duplicate service bind status, skip
04-12 20:43:02.149460  2441  2456 D TranAlarmAlignManager: alarmAlign system not ready:false,align:null
04-12 20:43:02.155925  1750  4253 V AlarmManager: set(PendingIntent{4a9a424: PendingIntentRecord{182b7b2 com.google.android.gms/com.google.android.gms.scheduler broadcastIntent}}) : type=3 triggerAtTime=37046 win=0 tElapsed=41927 maxElapsed=41927 interval=0 flags=0x0
04-12 20:43:02.163753  2441  2456 D TranAlarmAlignManager: alarmAlign system not ready:false,align:null
04-12 20:43:02.193596  1750  4333 D BiometricService: Sensor ID(4), oemStrength: 4095, updatedStrength: 4095, modality 8, state: 0, cookie: 0, sensorId 4, hasEnrollments: false cannot participate in Keystore operations
04-12 20:43:02.193645  1750  4333 D TranFingerprintComponentImpl: isSystemCloneUser userId = 0
04-12 20:43:02.193668  1750  4333 D TranFingerprintComponentImpl: isSystemCloneUser userId = 0
04-12 20:43:02.193701  1750  4333 D TranFingerprintComponentImpl: isSystemCloneUser userId = 0
04-12 20:43:02.193724  1750  4333 D BiometricService: Sensor ID(5), oemStrength: 15, updatedStrength: 15, modality 2, state: 0, cookie: 0, sensorId 5, hasEnrollments: false cannot participate in Keystore operations
04-12 20:43:02.197972   656   690 I keystore2: system/security/keystore2/src/database.rs:1236 - is_backup_support str="1"
04-12 20:43:02.203093  3854  6685 W FileUtils: Failed to chmod(/data/user/0/com.google.android.gsf/files): android.system.ErrnoException: chmod failed: ENOENT (No such file or directory)
04-12 20:43:02.211815   656   690 I keystore2: system/security/keystore2/src/security_level.rs:245 - caller pid=7101, uid=10232; force = false; key domain=r#KEY_ID, alias = None
04-12 20:43:02.212318   656   690 I keystore2: system/security/keystore2/src/security_level.rs:343 - upgrade_keyblob_if_required_with start
04-12 20:43:02.213136   656   690 I keystore2: system/security/keystore2/src/enforcements.rs:236 - finalize_create_authorization self.state=NoAuthRequired
04-12 20:43:02.213378   656   690 I keystore2: system/security/keystore2/src/security_level.rs:388 - upgrade_keyblob_if_required_with end; operation_db.create_operation start
04-12 20:43:02.213401   656   690 I keystore2: system/security/keystore2/src/security_level.rs:406 - operation_db.create_operation end
04-12 20:43:02.222469  1750  4253 I AppWidgetServiceImpl: startListening() 0
04-12 20:43:02.222810  2733  2911 V ShellRecents: [74449033] RecentsController.finishInner: toHome=true userLeave=true willFinishToHome=true state=0 hasPausingTasks=true reason=requested
04-12 20:43:02.222835  2733  2911 V ShellRecents:   normal finish
04-12 20:43:02.222930  2733  2911 V ShellRecents: [74449033] RecentsController.finishInner: Completing finish
04-12 20:43:02.222943  2733  2911 V ShellRecents: [74449033] RecentsController.cleanup
04-12 20:43:02.223136  2733  2911 D RecentsTransitionHandler_interrupt: finish handler: com.android.wm.shell.recents.RecentsTransitionHandler@53dca53
04-12 20:43:02.223162  2733  2911 D RecentsTransitionHandler_interrupt: onFinish: isLauncherReUseLeash = false
04-12 20:43:02.223220  2733  2911 V WindowManagerShell: Transition animation finished (aborted=false), notifying core (#8) android.os.BinderProxy@e269f90@0
04-12 20:43:02.223235  2733  2911 D RecentsTransitionHandler_interrupt: checkOrUpdateTransitionState isLauncherReUseLeash: false
04-12 20:43:02.223723  2733  2911 D RecentsTransitionHandler_interrupt: onFinish finish apply
04-12 20:43:02.224033  1750  4276 D WindowOrganizerController: WCT isInterrupt: false
04-12 20:43:02.224965  1750  4276 D ActivityTaskManager: setVisibility defer change visibility for: ActivityRecord{157128391 u0 com.android.vending/.AssetBrowserActivity t58} visible: false
04-12 20:43:02.226611  1750  4276 D MagellanHandle: updateRefreshRateForSceneVsyncs what = 28
04-12 20:43:02.226686  1750  1877 V WindowManager: Finish Transition (#8): created at 04-12 20:43:01.448 collect-started=0.179ms started=0.194ms ready=6.244ms sent=21.503ms commit=58.158ms finished=775.492ms
04-12 20:43:02.226819  1750  4276 D MagellanHandle: updateRefreshRateForSceneVsyncs what = 21
04-12 20:43:02.226851  1750  4276 I TransitionController: record.getSyncId() = 8, mAtm.mRootWindowContainer.mRecentSyncId = 8, !inTransition() = true
04-12 20:43:02.226861  1750  4276 I WindowManager: RootWindowContainer#syncId = -1
04-12 20:43:02.226882  1750  4276 I WindowManager:  !wt.isVisibleRequested() = false, getTopRootTask() = Task{76c933 #1 type=home}
04-12 20:43:02.226901  1750  4276 D ActivityTaskManager: setVisibility after transition for: ActivityRecord{157128391 u0 com.android.vending/.AssetBrowserActivity t58}
04-12 20:43:02.227972  1750  2646 I Transition: syncId = 8 finish T apply
04-12 20:43:02.228254  2733  2911 I UASManager: stopWmShellMainUASBoost flag:1, mMainBoostFlags:0
04-12 20:43:02.242782  2733  2911 I UASManager: stopUASBoost tid =2911 type=ux_exact_wmshell.main
04-12 20:43:02.242856  2733  2911 V WindowManagerShell: Track 0 became idle
04-12 20:43:02.242867  2733  2911 V WindowManagerShell: All active transition animations finished
04-12 20:43:02.242887  2733  2911 V ShellRecents: [74449033] RecentsController.finishInner: calling finish callback
04-12 20:43:02.245228  2733  2911 D SyncTransactionQueue: Run in sync. mInFlight=null
04-12 20:43:02.245228  1750  1893 D setGameMode: enter setGameModeEnabled
04-12 20:43:02.245238  1750  1893 D setGameMode: packageName: com.android.vending processName: com.android.vending
04-12 20:43:02.245267  1750  1893 D TranAppm/MTKSuitConfig: mMTKGameModeSupport: true
04-12 20:43:02.245339  1750  1893 D TranAppm/MTKModule: pkgName: com.android.vending,pid: 5033
04-12 20:43:02.245351  1750  1893 D setGameMode: Package not in game scene list: com.android.vending
04-12 20:43:02.245496  1750  1893 D MagellanHandle: updateRefreshRateForSceneVsyncs what = 23
04-12 20:43:02.250163  1750  1893 V WindowManager: Unknown focus tokens, dropping reportFocusChanged
04-12 20:43:02.258781  1750  1893 D TranAppm/MTKSuitConfig: mMTKGameModeSupport: true
04-12 20:43:02.258849  1750  1893 D TranAppm/MTKModule: pkgName: com.transsion.camera,pid: 0
04-12 20:43:02.265266  1750  4347 D ActivityTaskManager: isControllerAMonkey mController = null,mControllerIsAMonkey = false
04-12 20:43:02.270590  1750  4347 D MagellanHandle: updateRefreshRateForSceneVsyncs what = 23
04-12 20:43:02.274544  1750  4347 D TranAppm/MTKSuitConfig: mMTKGameModeSupport: true
04-12 20:43:02.274663  1750  4347 D TranAppm/MTKModule: pkgName: com.transsion.camera,pid: 0
04-12 20:43:02.275116  1750  2170 V InputMethodManagerService: startInputOrWindowGainedFocusInternalLocked: reason=WINDOW_FOCUS_GAIN client=android.os.BinderProxy@e9aea54 inputContext=null editorInfo=android.view.inputmethod.EditorInfo@4c64ec2 startInputFlags=VIEW_HAS_FOCUS|INITIAL_CONNECTION softInputMode=STATE_UNSPECIFIED|ADJUST_NOTHING windowFlags=#81910100 unverifiedTargetSdkVersion=36 bindingController=com.android.server.inputmethod.InputMethodBindingController@cae6d00 imeDispatcher=android.window.ImeOnBackInvokedDispatcher@7ad4d3 cs=ClientState{ef8cb7e mUid=10148 mPid=2419 mSelfReportedDisplayId=0} imeRequestedVisible=false
04-12 20:43:02.275186  1750  2170 V ImeVisibilityStateComputer: setWindowStateInner, windowToken=android.os.BinderProxy@1595b83, state=ImeTargetWindowState{ imeToken null imeFocusChanged true hasEditorFocused false requestedImeVisible false imeDisplayId 0 softInputModeState STATE_UNSPECIFIED|ADJUST_NOTHING isStartInputByGainFocus true}
04-12 20:43:02.275220  1750  2170 V ImeVisibilityStateComputer: Unspecified window will hide input
