    highpool[10]-7631    [005] d..1.    36.603327: signal_generate: sig=7 errno=0 code=2 comm=highpool[10] pid=7631 grp=0 res=0
    highpool[10]-7631    [005] d..1.    36.603328: signal_deliver: sig=7 errno=0 code=2 sa_handler=78e83d6b18 sa_flags=18000804
    highpool[10]-7631    [005] d..1.    36.603328: <stack trace>
 => trace_event_raw_event_signal_deliver
 => get_signal
 => do_notify_resume
 => el0_da
 => el0t_64_sync_handler
 => el0t_64_sync
    highpool[10]-7631    [005] d..1.    36.603346: signal_generate: sig=7 errno=0 code=2 comm=highpool[10] pid=7631 grp=0 res=0
    highpool[10]-7631    [005] d..1.    36.603347: signal_deliver: sig=7 errno=0 code=2 sa_handler=78e83d6b18 sa_flags=18000804
    highpool[10]-7631    [005] d..1.    36.603347: <stack trace>
 => trace_event_raw_event_signal_deliver
 => get_signal
 => do_notify_resume
 => el0_da
 => el0t_64_sync_handler
 => el0t_64_sync
    highpool[10]-7631    [005] d..1.    36.603377: signal_generate: sig=7 errno=0 code=2 comm=highpool[10] pid=7631 grp=0 res=0
    highpool[10]-7631    [005] d..1.    36.603378: signal_deliver: sig=7 errno=0 code=2 sa_handler=78e83d6b18 sa_flags=18000804
    highpool[10]-7631    [005] d..1.    36.603378: <stack trace>
 => trace_event_raw_event_signal_deliver
 => get_signal
 => do_notify_resume
 => el0_da
 => el0t_64_sync_handler
 => el0t_64_sync
 WakeupAndUnlock-2189    [006] d..1.    36.603491: signal_deliver: sig=33 errno=0 code=-6 sa_handler=7910b7db14 sa_flags=18000004
    highpool[10]-7631    [005] d..1.    36.603544: signal_generate: sig=7 errno=0 code=2 comm=highpool[10] pid=7631 grp=0 res=0
    highpool[10]-7631    [005] d..1.    36.603546: signal_deliver: sig=7 errno=0 code=2 sa_handler=78e83d6b18 sa_flags=18000804
    highpool[10]-7631    [005] d..1.    36.603547: <stack trace>
 => trace_event_raw_event_signal_deliver
 => get_signal
 => do_notify_resume
 => el0_da
 => el0t_64_sync_handler
 => el0t_64_sync
    highpool[10]-7631    [005] d..1.    36.603576: signal_generate: sig=7 errno=0 code=2 comm=highpool[10] pid=7631 grp=0 res=0
    highpool[10]-7631    [005] d..1.    36.603577: signal_deliver: sig=7 errno=0 code=2 sa_handler=78e83d6b18 sa_flags=18000804
    highpool[10]-7631    [005] d..1.    36.603577: <stack trace>
 => trace_event_raw_event_signal_deliver
 => get_signal
 => do_notify_resume
 => el0_da
 => el0t_64_sync_handler
 => el0t_64_sync
    highpool[10]-7631    [005] d..1.    36.603651: signal_generate: sig=7 errno=0 code=2 comm=highpool[10] pid=7631 grp=0 res=0
    highpool[10]-7631    [005] d..1.    36.603651: signal_deliver: sig=7 errno=0 code=2 sa_handler=78e83d6b18 sa_flags=18000804
    highpool[10]-7631    [005] d..1.    36.603652: <stack trace>
 => trace_event_raw_event_signal_deliver
 => get_signal
 => do_notify_resume
 => el0_da
 => el0t_64_sync_handler
 => el0t_64_sync
    highpool[10]-7631    [005] d..1.    36.603669: signal_generate: sig=7 errno=0 code=2 comm=highpool[10] pid=7631 grp=0 res=0
    highpool[10]-7631    [005] d..1.    36.603670: signal_deliver: sig=7 errno=0 code=2 sa_handler=78e83d6b18 sa_flags=18000804
    highpool[10]-7631    [005] d..1.    36.603670: <stack trace>
 => trace_event_raw_event_signal_deliver
 => get_signal
 => do_notify_resume
 => el0_da
 => el0t_64_sync_handler
 => el0t_64_sync
     highpool[7]-7556    [002] d..1.    36.603804: signal_generate: sig=7 errno=0 code=2 comm=highpool[7] pid=7556 grp=0 res=0
     highpool[7]-7556    [002] d..1.    36.603807: signal_deliver: sig=7 errno=0 code=2 sa_handler=78e83d6b18 sa_flags=18000804
     highpool[7]-7556    [002] d..1.    36.603808: <stack trace>
 => trace_event_raw_event_signal_deliver
 => get_signal
 => do_notify_resume
 => el0_da
 => el0t_64_sync_handler
 => el0t_64_sync
  Signal Catcher-1786    [006] d..1.    36.603832: signal_generate: sig=33 errno=0 code=-6 comm=shortcut pid=2190 grp=0 res=0
 WakeupAndUnlock-2189    [006] d..1.    36.603860: signal_generate: sig=11 errno=0 code=1 comm=WakeupAndUnlock pid=2189 grp=0 res=0
 WakeupAndUnlock-2189    [006] d..1.    36.603862: signal_deliver: sig=11 errno=0 code=1 sa_handler=78e83d6b18 sa_flags=18000804
     highpool[7]-7556    [002] d..1.    36.603874: signal_generate: sig=7 errno=0 code=2 comm=highpool[7] pid=7556 grp=0 res=0
     highpool[7]-7556    [002] d..1.    36.603875: signal_deliver: sig=7 errno=0 code=2 sa_handler=78e83d6b18 sa_flags=18000804
     highpool[7]-7556    [002] d..1.    36.603876: <stack trace>
 => trace_event_raw_event_signal_deliver
 => get_signal
 => do_notify_resume
 => el0_da
 => el0t_64_sync_handler
 => el0t_64_sync
     highpool[7]-7556    [002] d..1.    36.603899: signal_generate: sig=7 errno=0 code=2 comm=highpool[7] pid=7556 grp=0 res=0
     highpool[7]-7556    [002] d..1.    36.603900: signal_deliver: sig=7 errno=0 code=2 sa_handler=78e83d6b18 sa_flags=18000804
     highpool[7]-7556    [002] d..1.    36.603900: <stack trace>
 => trace_event_raw_event_signal_deliver
 => get_signal
 => do_notify_resume
 => el0_da
 => el0t_64_sync_handler
 => el0t_64_sync
     highpool[7]-7556    [002] d..1.    36.603935: signal_generate: sig=7 errno=0 code=2 comm=highpool[7] pid=7556 grp=0 res=0
     highpool[7]-7556    [002] d..1.    36.603941: signal_deliver: sig=7 errno=0 code=2 sa_handler=78e83d6b18 sa_flags=18000804
     highpool[7]-7556    [002] d..1.    36.603942: <stack trace>
 => trace_event_raw_event_signal_deliver
 => get_signal
 => do_notify_resume
 => el0_da
 => el0t_64_sync_handler
 => el0t_64_sync
        shortcut-2190    [007] d..1.    36.604034: signal_deliver: sig=33 errno=0 code=-6 sa_handler=7910b7db14 sa_flags=18000004
     highpool[7]-7556    [002] d..1.    36.604076: signal_generate: sig=7 errno=0 code=2 comm=highpool[7] pid=7556 grp=0 res=0
     highpool[7]-7556    [002] d..1.    36.604079: signal_deliver: sig=7 errno=0 code=2 sa_handler=78e83d6b18 sa_flags=18000804
     highpool[7]-7556    [002] d..1.    36.604080: <stack trace>
 => trace_event_raw_event_signal_deliver
 => get_signal
 => do_notify_resume
 => el0_da
 => el0t_64_sync_handler
 => el0t_64_sync
        shortcut-2190    [007] d..1.    36.604245: signal_generate: sig=11 errno=0 code=1 comm=shortcut pid=2190 grp=0 res=0
        shortcut-2190    [007] d..1.    36.604252: signal_deliver: sig=11 errno=0 code=1 sa_handler=78e83d6b18 sa_flags=18000804
     lowpool[17]-7648    [002] d..1.    36.604311: signal_generate: sig=11 errno=0 code=1 comm=lowpool[17] pid=7648 grp=0 res=0
     lowpool[17]-7648    [002] d..1.    36.604320: signal_deliver: sig=11 errno=0 code=1 sa_handler=78e83d6b18 sa_flags=18000804
  Signal Catcher-1786    [006] d..1.    36.604363: signal_generate: sig=33 errno=0 code=-6 comm=FingerUI pid=2192 grp=0 res=0
     highpool[1]-3453    [002] d..1.    36.604455: signal_generate: sig=11 errno=0 code=1 comm=highpool[1] pid=3453 grp=0 res=0
     highpool[1]-3453    [002] d..1.    36.604460: signal_deliver: sig=11 errno=0 code=1 sa_handler=78e83d6b18 sa_flags=18000804
     highpool[1]-3453    [002] d..1.    36.604483: signal_generate: sig=7 errno=0 code=2 comm=highpool[1] pid=3453 grp=0 res=0
     highpool[1]-3453    [002] d..1.    36.604484: signal_deliver: sig=7 errno=0 code=2 sa_handler=78e83d6b18 sa_flags=18000804
     highpool[1]-3453    [002] d..1.    36.604484: <stack trace>
 => trace_event_raw_event_signal_deliver
 => get_signal
 => do_notify_resume
 => el0_da
 => el0t_64_sync_handler
 => el0t_64_sync
     highpool[1]-3453    [002] d..1.    36.604583: signal_generate: sig=7 errno=0 code=2 comm=highpool[1] pid=3453 grp=0 res=0
     highpool[1]-3453    [002] d..1.    36.604698: signal_deliver: sig=7 errno=0 code=2 sa_handler=78e83d6b18 sa_flags=18000804
     highpool[1]-3453    [002] d..1.    36.604700: <stack trace>
 => trace_event_raw_event_signal_deliver
 => get_signal
 => do_notify_resume
 => el0_da
 => el0t_64_sync_handler
 => el0t_64_sync
     highpool[1]-3453    [002] d..1.    36.604764: signal_generate: sig=7 errno=0 code=2 comm=highpool[1] pid=3453 grp=0 res=0
     highpool[1]-3453    [002] d..1.    36.604860: signal_deliver: sig=7 errno=0 code=2 sa_handler=78e83d6b18 sa_flags=18000804
     highpool[1]-3453    [002] d..1.    36.604862: <stack trace>
 => trace_event_raw_event_signal_deliver
 => get_signal
 => do_notify_resume
 => el0_da
 => el0t_64_sync_handler
 => el0t_64_sync
    highpool[10]-7631    [005] d..1.    36.605020: signal_generate: sig=7 errno=0 code=2 comm=highpool[10] pid=7631 grp=0 res=0
    highpool[10]-7631    [005] d..1.    36.605033: signal_deliver: sig=7 errno=0 code=2 sa_handler=78e83d6b18 sa_flags=18000804
    highpool[10]-7631    [005] d..1.    36.605034: <stack trace>
 => trace_event_raw_event_signal_deliver
 => get_signal
 => do_notify_resume
 => el0_da
 => el0t_64_sync_handler
 => el0t_64_sync
        FingerUI-2192    [007] d..1.    36.605061: signal_deliver: sig=33 errno=0 code=-6 sa_handler=7910b7db14 sa_flags=18000004
  Signal Catcher-1786    [007] d..1.    36.605440: signal_generate: sig=33 errno=0 code=-6 comm=BackgroundInsta pid=2193 grp=0 res=0
 BackgroundInsta-2193    [001] d..1.    36.605468: signal_deliver: sig=33 errno=0 code=-6 sa_handler=7910b7db14 sa_flags=18000004
        FingerUI-2192    [007] d..1.    36.605622: signal_generate: sig=11 errno=0 code=1 comm=FingerUI pid=2192 grp=0 res=0
        FingerUI-2192    [007] d..1.    36.605631: signal_deliver: sig=11 errno=0 code=1 sa_handler=78e83d6b18 sa_flags=18000804
 BackgroundInsta-2193    [001] d..1.    36.605784: signal_generate: sig=11 errno=0 code=1 comm=BackgroundInsta pid=2193 grp=0 res=0
 BackgroundInsta-2193    [001] d..1.    36.605803: signal_deliver: sig=11 errno=0 code=1 sa_handler=78e83d6b18 sa_flags=18000804
  Signal Catcher-1786    [007] d..1.    36.605845: signal_generate: sig=33 errno=0 code=-6 comm=BackgroundInsta pid=2194 grp=0 res=0
 BackgroundInsta-2194    [007] d..1.    36.605868: signal_deliver: sig=33 errno=0 code=-6 sa_handler=7910b7db14 sa_flags=18000004
  Signal Catcher-1786    [007] d..1.    36.606107: signal_generate: sig=33 errno=0 code=-6 comm=SliceManagerSer pid=2196 grp=0 res=0
 SliceManagerSer-2196    [007] d..1.    36.606125: signal_deliver: sig=33 errno=0 code=-6 sa_handler=7910b7db14 sa_flags=18000004
 BackgroundInsta-2194    [007] d..1.    36.606161: signal_generate: sig=11 errno=0 code=1 comm=BackgroundInsta pid=2194 grp=0 res=0
 BackgroundInsta-2194    [007] d..1.    36.606170: signal_deliver: sig=11 errno=0 code=1 sa_handler=78e83d6b18 sa_flags=18000804
  Signal Catcher-1786    [007] d..1.    36.606341: signal_generate: sig=33 errno=0 code=-6 comm=StatsCompanionS pid=2198 grp=0 res=0
 StatsCompanionS-2198    [007] d..1.    36.606419: signal_deliver: sig=33 errno=0 code=-6 sa_handler=7910b7db14 sa_flags=18000004
  Signal Catcher-1786    [007] dN.1.    36.606778: signal_generate: sig=33 errno=0 code=-6 comm=DexParsingThrea pid=2202 grp=0 res=0
 DexParsingThrea-2202    [007] d..1.    36.607124: signal_deliver: sig=33 errno=0 code=-6 sa_handler=7910b7db14 sa_flags=18000004
   binder:1706_D-2853    [006] d..1.    36.607142: signal_generate: sig=11 errno=0 code=1 comm=binder:1706_D pid=2853 grp=0 res=0
   binder:1706_D-2853    [006] d..1.    36.607145: signal_deliver: sig=11 errno=0 code=1 sa_handler=78e83d6b18 sa_flags=18000804
   binder:1706_E-2855    [000] d..1.    36.607185: signal_generate: sig=11 errno=0 code=1 comm=binder:1706_E pid=2855 grp=0 res=0
 StatsCompanionS-2198    [007] d..1.    36.607189: signal_generate: sig=11 errno=0 code=1 comm=StatsCompanionS pid=2198 grp=0 res=0
 StatsCompanionS-2198    [007] d..1.    36.607190: signal_deliver: sig=11 errno=0 code=1 sa_handler=78e83d6b18 sa_flags=18000804
   binder:1706_E-2855    [000] d..1.    36.607192: signal_deliver: sig=11 errno=0 code=1 sa_handler=78e83d6b18 sa_flags=18000804
 SliceManagerSer-2196    [007] d..1.    36.607224: signal_generate: sig=11 errno=0 code=1 comm=SliceManagerSer pid=2196 grp=0 res=0
 SliceManagerSer-2196    [007] d..1.    36.607239: signal_deliver: sig=11 errno=0 code=1 sa_handler=78e83d6b18 sa_flags=18000804
 FinalizerDaemon-1792    [003] d..1.    36.607413: signal_generate: sig=11 errno=0 code=1 comm=FinalizerDaemon pid=1792 grp=0 res=0
  Signal Catcher-1786    [007] d..1.    36.607434: signal_generate: sig=33 errno=0 code=-6 comm=SdkSandboxManag pid=2203 grp=0 res=0
 FinalizerDaemon-1792    [003] d..1.    36.607436: signal_deliver: sig=11 errno=0 code=1 sa_handler=78e83d6b18 sa_flags=18000804
 SdkSandboxManag-2203    [007] d..1.    36.607449: signal_deliver: sig=33 errno=0 code=-6 sa_handler=7910b7db14 sa_flags=18000004
  Signal Catcher-1786    [007] d..1.    36.607634: signal_generate: sig=33 errno=0 code=-6 comm=DexVerifierHand pid=2204 grp=0 res=0
 SdkSandboxManag-2203    [007] d..1.    36.607658: signal_generate: sig=11 errno=0 code=1 comm=SdkSandboxManag pid=2203 grp=0 res=0
 SdkSandboxManag-2203    [007] d..1.    36.607659: signal_deliver: sig=11 errno=0 code=1 sa_handler=78e83d6b18 sa_flags=18000804
 DexVerifierHand-2204    [007] d..1.    36.607690: signal_deliver: sig=33 errno=0 code=-6 sa_handler=7910b7db14 sa_flags=18000004
 DexParsingThrea-2202    [007] d..1.    36.607732: signal_generate: sig=11 errno=0 code=1 comm=DexParsingThrea pid=2202 grp=0 res=0
 DexParsingThrea-2202    [007] d..1.    36.607742: signal_deliver: sig=11 errno=0 code=1 sa_handler=78e83d6b18 sa_flags=18000804
  Signal Catcher-1786    [007] d..1.    36.607909: signal_generate: sig=33 errno=0 code=-6 comm=ackgroundThread pid=2205 grp=0 res=0
 DexVerifierHand-2204    [007] d..1.    36.607935: signal_generate: sig=11 errno=0 code=1 comm=DexVerifierHand pid=2204 grp=0 res=0
 DexVerifierHand-2204    [007] d..1.    36.607936: signal_deliver: sig=11 errno=0 code=1 sa_handler=78e83d6b18 sa_flags=18000804
 ackgroundThread-2205    [000] d..1.    36.608219: signal_deliver: sig=33 errno=0 code=-6 sa_handler=7910b7db14 sa_flags=18000004
  Signal Catcher-1786    [002] d..1.    36.608608: signal_generate: sig=33 errno=0 code=-6 comm=ackgroundThread pid=2206 grp=0 res=0
       usf-C-W-1-2632    [007] d..1.    36.608613: signal_generate: sig=11 errno=0 code=1 comm=usf-C-W-1 pid=2632 grp=0 res=0
       usf-C-W-1-2632    [007] d..1.    36.608616: signal_deliver: sig=11 errno=0 code=1 sa_handler=78e83d6b18 sa_flags=18000804
 ackgroundThread-2206    [001] d..1.    36.608697: signal_deliver: sig=33 errno=0 code=-6 sa_handler=7910b7db14 sa_flags=18000004
 ackgroundThread-2205    [000] d..1.    36.609053: signal_generate: sig=11 errno=0 code=1 comm=ackgroundThread pid=2205 grp=0 res=0
 ackgroundThread-2205    [000] d..1.    36.609074: signal_deliver: sig=11 errno=0 code=1 sa_handler=78e83d6b18 sa_flags=18000804
 ackgroundThread-2206    [001] d..1.    36.609099: signal_generate: sig=11 errno=0 code=1 comm=ackgroundThread pid=2206 grp=0 res=0
 ackgroundThread-2206    [001] d..1.    36.609102: signal_deliver: sig=11 errno=0 code=1 sa_handler=78e83d6b18 sa_flags=18000804
  Signal Catcher-1786    [002] d..1.    36.609155: signal_generate: sig=33 errno=0 code=-6 comm=AdServicesManag pid=2207 grp=0 res=0
   system_server-2207    [001] d..1.    36.609183: signal_deliver: sig=33 errno=0 code=-6 sa_handler=7910b7db14 sa_flags=18000004
  Signal Catcher-1786    [001] d..1.    36.609499: signal_generate: sig=33 errno=0 code=-6 comm=SyncManager pid=2209 grp=0 res=0
 AdServicesManag-2207    [001] d..1.    36.609550: signal_generate: sig=11 errno=0 code=1 comm=AdServicesManag pid=2207 grp=0 res=0
 AdServicesManag-2207    [001] d..1.    36.609552: signal_deliver: sig=11 errno=0 code=1 sa_handler=78e83d6b18 sa_flags=18000804
  KT.AndroidSyst-4176    [006] d..1.    36.609780: signal_generate: sig=11 errno=0 code=1 comm=KT.AndroidSyst pid=4176 grp=0 res=0
  KT.AndroidSyst-4176    [006] d..1.    36.609800: signal_deliver: sig=11 errno=0 code=1 sa_handler=78e83d6b18 sa_flags=18000804
     SyncManager-2209    [007] d..1.    36.611309: signal_deliver: sig=33 errno=0 code=-6 sa_handler=7910b7db14 sa_flags=18000004
   binder:6701_4-6756    [003] d..1.    36.613666: signal_generate: sig=11 errno=0 code=1 comm=binder:6701_4 pid=6756 grp=0 res=0
   binder:6701_4-6756    [003] d..1.    36.613700: signal_deliver: sig=11 errno=0 code=1 sa_handler=78e83d6b18 sa_flags=18000804
         showmap-8361    [004] .....    36.613789: sched_process_exit: comm=showmap pid=8361 prio=100
         showmap-8361    [004] d..2.    36.613844: signal_generate: sig=17 errno=0 code=1 comm=aee_dumpstate_v pid=8350 grp=1 res=2
   binder:2347_2-3317    [003] d..1.    36.613861: signal_generate: sig=11 errno=0 code=1 comm=binder:2347_2 pid=3317 grp=0 res=0
   binder:2347_2-3317    [003] d..1.    36.613864: signal_deliver: sig=11 errno=0 code=1 sa_handler=78e83d6b18 sa_flags=18000804
 transsnet.store-6494    [003] .....    36.614655: sched_process_fork: comm=transsnet.store pid=6494 child_comm=transsnet.store child_pid=8364
 DefaultDispatch-4897    [000] d..1.    36.615040: signal_generate: sig=11 errno=0 code=1 comm=DefaultDispatch pid=4897 grp=0 res=0
     lowpool[17]-7648    [005] d..1.    36.615079: signal_generate: sig=11 errno=0 code=1 comm=lowpool[17] pid=7648 grp=0 res=0
     lowpool[17]-7648    [005] d..1.    36.615082: signal_deliver: sig=11 errno=0 code=1 sa_handler=78e83d6b18 sa_flags=18000804
 DefaultDispatch-4897    [000] d..1.    36.615137: signal_deliver: sig=11 errno=0 code=1 sa_handler=78e83d6b18 sa_flags=18000804
     lowpool[12]-5908    [005] d..1.    36.615148: signal_generate: sig=11 errno=0 code=1 comm=lowpool[12] pid=5908 grp=0 res=0
     lowpool[12]-5908    [005] d..1.    36.615149: signal_deliver: sig=11 errno=0 code=1 sa_handler=78e83d6b18 sa_flags=18000804
 DefaultDispatch-5064    [000] d..1.    36.615377: signal_generate: sig=11 errno=0 code=1 comm=DefaultDispatch pid=5064 grp=0 res=0
 DefaultDispatch-5064    [000] d..1.    36.615919: signal_deliver: sig=11 errno=0 code=1 sa_handler=78e83d6b18 sa_flags=18000804
   binder:2347_5-4074    [001] d..1.    36.615991: signal_generate: sig=11 errno=0 code=1 comm=binder:2347_5 pid=4074 grp=0 res=0
   binder:2347_5-4074    [001] d..1.    36.615995: signal_deliver: sig=11 errno=0 code=1 sa_handler=78e83d6b18 sa_flags=18000804
       usf-C-W-2-2633    [007] d..1.    36.616292: signal_generate: sig=11 errno=0 code=1 comm=usf-C-W-2 pid=2633 grp=0 res=0
       usf-C-W-2-2633    [007] d..1.    36.616305: signal_deliver: sig=11 errno=0 code=1 sa_handler=78e83d6b18 sa_flags=18000804
 ReferenceQueueD-3313    [001] d..1.    36.616519: signal_generate: sig=11 errno=0 code=1 comm=ReferenceQueueD pid=3313 grp=0 res=0
 ReferenceQueueD-3313    [001] d..1.    36.616522: signal_deliver: sig=11 errno=0 code=1 sa_handler=78e83d6b18 sa_flags=18000804
      lowpool[0]-3415    [000] d..1.    36.616741: signal_generate: sig=11 errno=0 code=1 comm=lowpool[0] pid=3415 grp=0 res=0
      lowpool[4]-4092    [000] d..1.    36.616843: signal_generate: sig=11 errno=0 code=1 comm=lowpool[4] pid=4092 grp=0 res=0
      lowpool[4]-4092    [000] d..1.    36.616853: signal_deliver: sig=11 errno=0 code=1 sa_handler=78e83d6b18 sa_flags=18000804
      lowpool[4]-4092    [000] d..1.    36.616897: signal_generate: sig=11 errno=0 code=1 comm=lowpool[4] pid=4092 grp=0 res=0
      lowpool[4]-4092    [000] d..1.    36.616899: signal_deliver: sig=11 errno=0 code=1 sa_handler=78e83d6b18 sa_flags=18000804
 ReferenceQueueD-3313    [001] d..1.    36.617034: signal_generate: sig=11 errno=0 code=1 comm=ReferenceQueueD pid=3313 grp=0 res=0
      lowpool[9]-5626    [000] d..1.    36.617039: signal_generate: sig=11 errno=0 code=1 comm=lowpool[9] pid=5626 grp=0 res=0
      lowpool[9]-5626    [000] d..1.    36.617042: signal_deliver: sig=11 errno=0 code=1 sa_handler=78e83d6b18 sa_flags=18000804
 ReferenceQueueD-3313    [001] d..1.    36.617074: signal_deliver: sig=11 errno=0 code=1 sa_handler=78e83d6b18 sa_flags=18000804
 pool-28-thread--8364    [002] .....    36.617123: sched_process_exit: comm=pool-28-thread- pid=8364 prio=120
       usf-C-W-3-2634    [002] d..1.    36.617192: signal_generate: sig=11 errno=0 code=1 comm=usf-C-W-3 pid=2634 grp=0 res=0
       usf-C-W-3-2634    [002] d..1.    36.617194: signal_deliver: sig=11 errno=0 code=1 sa_handler=78e83d6b18 sa_flags=18000804
      lowpool[0]-3415    [000] d..1.    36.617472: signal_deliver: sig=11 errno=0 code=1 sa_handler=78e83d6b18 sa_flags=18000804
   binder:2347_5-4074    [001] d..1.    36.617696: signal_generate: sig=11 errno=0 code=1 comm=binder:2347_5 pid=4074 grp=0 res=0
   binder:2347_5-4074    [001] d..1.    36.617715: signal_deliver: sig=11 errno=0 code=1 sa_handler=78e83d6b18 sa_flags=18000804
  Signal Catcher-1786    [007] d..1.    36.617801: signal_generate: sig=33 errno=0 code=-6 comm=RenderThread pid=2208 grp=0 res=0
    RenderThread-2208    [003] d..1.    36.618303: signal_deliver: sig=33 errno=0 code=-6 sa_handler=7910b7db14 sa_flags=18000004
      lowpool[3]-3456    [000] d..1.    36.618790: signal_generate: sig=11 errno=0 code=1 comm=lowpool[3] pid=3456 grp=0 res=0
      lowpool[3]-3456    [000] d..1.    36.618804: signal_deliver: sig=11 errno=0 code=1 sa_handler=78e83d6b18 sa_flags=18000804
     lowpool[12]-5908    [001] d..1.    36.619531: signal_generate: sig=11 errno=0 code=1 comm=lowpool[12] pid=5908 grp=0 res=0
     lowpool[12]-5908    [001] d..1.    36.619744: signal_deliver: sig=11 errno=0 code=1 sa_handler=78e83d6b18 sa_flags=18000804
 aee_dumpstate_v-8350    [004] .....    36.619850: sched_process_fork: comm=aee_dumpstate_v pid=8350 child_comm=aee_dumpstate_v child_pid=8365
 aee_dumpstate_v-8350    [004] .....    36.619953: sched_process_fork: comm=aee_dumpstate_v pid=8350 child_comm=aee_dumpstate_v child_pid=8366
 aee_dumpstate_v-8365    [003] .....    36.620459: sched_process_fork: comm=aee_dumpstate_v pid=8365 child_comm=aee_dumpstate_v child_pid=8367
   binder:8316_2-8358    [004] d..1.    36.621047: signal_generate: sig=11 errno=0 code=1 comm=binder:8316_2 pid=8358 grp=0 res=0
   binder:8316_2-8358    [004] d..1.    36.621077: signal_deliver: sig=11 errno=0 code=1 sa_handler=78e83d6b18 sa_flags=18000804
 aee_dumpstate_v-8366    [003] .....    36.621151: sched_process_fork: comm=aee_dumpstate_v pid=8366 child_comm=aee_dumpstate_v child_pid=8368
 aee_dumpstate_v-8350    [004] .....    36.623547: sched_process_fork: comm=aee_dumpstate_v pid=8350 child_comm=aee_dumpstate_v child_pid=8369
     SyncManager-2209    [007] d..1.    36.627254: signal_generate: sig=11 errno=0 code=1 comm=SyncManager pid=2209 grp=0 res=0
     SyncManager-2209    [007] d..1.    36.627273: signal_deliver: sig=11 errno=0 code=1 sa_handler=78e83d6b18 sa_flags=18000804
   system_server-1706    [005] d..1.    36.627907: signal_generate: sig=11 errno=0 code=1 comm=system_server pid=1706 grp=0 res=0
   system_server-1706    [005] d..1.    36.627921: signal_deliver: sig=11 errno=0 code=1 sa_handler=78e83d6b18 sa_flags=18000804
     logd.reader-519     [006] .....    36.628009: sched_process_fork: comm=logd.reader pid=519 child_comm=logd.reader child_pid=8370
   binder:8316_1-8355    [002] .....    36.628168: sched_process_fork: comm=binder:8316_1 pid=8355 child_comm=binder:8316_1 child_pid=8371
   binder:8316_1-8355    [002] d..1.    36.628217: signal_generate: sig=11 errno=0 code=1 comm=binder:8316_1 pid=8355 grp=0 res=0
   binder:8316_1-8355    [002] d..1.    36.628220: signal_deliver: sig=11 errno=0 code=1 sa_handler=78e83d6b18 sa_flags=18000804
  binder:1706_12-4199    [006] d..1.    36.628965: signal_generate: sig=11 errno=0 code=1 comm=binder:1706_12 pid=4199 grp=0 res=0
  binder:1706_12-4199    [006] d..1.    36.628982: signal_deliver: sig=11 errno=0 code=1 sa_handler=78e83d6b18 sa_flags=18000804
   binder:1706_A-2810    [007] d..1.    36.629306: signal_generate: sig=11 errno=0 code=1 comm=binder:1706_A pid=2810 grp=0 res=0
   binder:1706_A-2810    [007] d..1.    36.629320: signal_deliver: sig=11 errno=0 code=1 sa_handler=78e83d6b18 sa_flags=18000804
  binder:1706_20-4345    [006] d..1.    36.629906: signal_generate: sig=11 errno=0 code=1 comm=binder:1706_20 pid=4345 grp=0 res=0
  binder:1706_20-4345    [006] d..1.    36.629908: signal_deliver: sig=11 errno=0 code=1 sa_handler=78e83d6b18 sa_flags=18000804
   binder:6816_1-6831    [000] d..1.    36.629930: signal_generate: sig=11 errno=0 code=1 comm=binder:6816_1 pid=6831 grp=0 res=0
   binder:6816_1-6831    [000] d..1.    36.629971: signal_deliver: sig=11 errno=0 code=1 sa_handler=78e83d6b18 sa_flags=18000804
  binder:1706_15-4208    [003] d..1.    36.630052: signal_generate: sig=11 errno=0 code=1 comm=binder:1706_15 pid=4208 grp=0 res=0
  binder:1706_15-4208    [003] d..1.    36.630076: signal_deliver: sig=11 errno=0 code=1 sa_handler=78e83d6b18 sa_flags=18000804
 InputDispatcher-2086    [000] d..1.    36.630172: signal_generate: sig=11 errno=0 code=1 comm=InputDispatcher pid=2086 grp=0 res=0
 InputDispatcher-2086    [000] d..1.    36.630174: signal_deliver: sig=11 errno=0 code=1 sa_handler=78e83d6b18 sa_flags=18000804
  binder:1706_1C-4307    [001] d..1.    36.630186: signal_generate: sig=11 errno=0 code=1 comm=binder:1706_1C pid=4307 grp=0 res=0
  binder:1706_1C-4307    [001] d..1.    36.630189: signal_deliver: sig=11 errno=0 code=1 sa_handler=78e83d6b18 sa_flags=18000804
 vicediagnostics-8316    [002] .....    36.630332: sched_process_fork: comm=vicediagnostics pid=8316 child_comm=vicediagnostics child_pid=8372
  binder:1706_17-4231    [002] d..1.    36.630526: signal_generate: sig=11 errno=0 code=1 comm=binder:1706_17 pid=4231 grp=0 res=0
  binder:1706_17-4231    [002] d..1.    36.630550: signal_deliver: sig=11 errno=0 code=1 sa_handler=78e83d6b18 sa_flags=18000804
 ndroid.settings-2999    [000] d..1.    36.631560: signal_generate: sig=11 errno=0 code=1 comm=ndroid.settings pid=2999 grp=0 res=0
 ndroid.settings-2999    [000] d..1.    36.631753: signal_deliver: sig=11 errno=0 code=1 sa_handler=78e83d6b18 sa_flags=18000804
 TranPowerDataEv-3145    [001] d..1.    36.632454: signal_generate: sig=11 errno=0 code=1 comm=TranPowerDataEv pid=3145 grp=0 res=0
 TranPowerDataEv-3145    [001] d..1.    36.633440: signal_deliver: sig=11 errno=0 code=1 sa_handler=78e83d6b18 sa_flags=18000804
  Signal Catcher-1786    [007] d..1.    36.635010: signal_generate: sig=33 errno=0 code=-6 comm=ProfilingServic pid=2211 grp=0 res=0
 ProfilingServic-2211    [007] d..1.    36.635199: signal_deliver: sig=33 errno=0 code=-6 sa_handler=7910b7db14 sa_flags=18000004
   binder:2345_2-2768    [006] d..1.    36.635400: signal_generate: sig=11 errno=0 code=1 comm=binder:2345_2 pid=2768 grp=0 res=0
   binder:2345_2-2768    [006] d..1.    36.635403: signal_deliver: sig=11 errno=0 code=1 sa_handler=78e83d6b18 sa_flags=18000804
 InteractionJank-2870    [002] d..1.    36.635441: signal_generate: sig=11 errno=0 code=1 comm=InteractionJank pid=2870 grp=0 res=0
 InteractionJank-2870    [002] d..1.    36.635445: signal_deliver: sig=11 errno=0 code=1 sa_handler=78e83d6b18 sa_flags=18000804
 ProfilingServic-2211    [003] d..1.    36.635837: signal_generate: sig=11 errno=0 code=1 comm=ProfilingServic pid=2211 grp=0 res=0
 ProfilingServic-2211    [003] d..1.    36.635867: signal_deliver: sig=11 errno=0 code=1 sa_handler=78e83d6b18 sa_flags=18000804
  Signal Catcher-1786    [006] d..1.    36.635925: signal_generate: sig=33 errno=0 code=-6 comm=ClipboardServic pid=2213 grp=0 res=0
 ClipboardServic-2213    [007] d..1.    36.636693: signal_deliver: sig=33 errno=0 code=-6 sa_handler=7910b7db14 sa_flags=18000004
 launcher-pool-1-2879    [002] d..1.    36.636797: signal_generate: sig=11 errno=0 code=1 comm=launcher-pool-1 pid=2879 grp=0 res=0
 launcher-pool-1-2879    [002] d..1.    36.636800: signal_deliver: sig=11 errno=0 code=1 sa_handler=78e83d6b18 sa_flags=18000804
   binder:4818_3-4952    [001] d..1.    36.637275: signal_generate: sig=11 errno=0 code=1 comm=binder:4818_3 pid=4952 grp=0 res=0
   binder:4818_3-4952    [001] d..1.    36.637433: signal_deliver: sig=11 errno=0 code=1 sa_handler=78e83d6b18 sa_flags=18000804
 launcher-pool-1-2868    [007] d..1.    36.637530: signal_generate: sig=11 errno=0 code=1 comm=launcher-pool-1 pid=2868 grp=0 res=0
 launcher-pool-1-2868    [007] d..1.    36.637553: signal_deliver: sig=11 errno=0 code=1 sa_handler=78e83d6b18 sa_flags=18000804
  Signal Catcher-1786    [004] d..1.    36.637568: signal_generate: sig=33 errno=0 code=-6 comm=PowerHalWifiMon pid=2214 grp=0 res=0
 ClipboardServic-2213    [004] d..1.    36.637591: signal_generate: sig=11 errno=0 code=1 comm=ClipboardServic pid=2213 grp=0 res=0
 ClipboardServic-2213    [004] d..1.    36.637592: signal_deliver: sig=11 errno=0 code=1 sa_handler=78e83d6b18 sa_flags=18000804
 PowerHalWifiMon-2214    [007] d..1.    36.637905: signal_deliver: sig=33 errno=0 code=-6 sa_handler=7910b7db14 sa_flags=18000004
  Signal Catcher-1786    [003] d..1.    36.638863: signal_generate: sig=33 errno=0 code=-6 comm=MCSS-Tethering pid=2215 grp=0 res=0
 PowerHalWifiMon-2214    [003] d..1.    36.638967: signal_generate: sig=11 errno=0 code=1 comm=PowerHalWifiMon pid=2214 grp=0 res=0
  MCSS-Tethering-2215    [003] d..1.    36.639061: signal_deliver: sig=33 errno=0 code=-6 sa_handler=7910b7db14 sa_flags=18000004
             cat-8369    [005] .....    36.639286: sched_process_exit: comm=cat pid=8369 prio=100
             cat-8369    [005] d..2.    36.639351: signal_generate: sig=17 errno=0 code=1 comm=aee_dumpstate_v pid=8350 grp=1 res=2
 PowerHalWifiMon-2214    [003] d..1.    36.639977: signal_deliver: sig=11 errno=0 code=1 sa_handler=78e83d6b18 sa_flags=18000804
 ssion.launcher3-2345    [002] d..1.    36.640103: signal_generate: sig=11 errno=0 code=1 comm=ssion.launcher3 pid=2345 grp=0 res=0
 ssion.launcher3-2345    [002] d..1.    36.640106: signal_deliver: sig=11 errno=0 code=1 sa_handler=78e83d6b18 sa_flags=18000804
   binder:2345_3-2800    [000] d..1.    36.640369: signal_generate: sig=11 errno=0 code=1 comm=binder:2345_3 pid=2800 grp=0 res=0
   binder:2345_3-2800    [000] d..1.    36.640373: signal_deliver: sig=11 errno=0 code=1 sa_handler=78e83d6b18 sa_flags=18000804
 aee_dumpstate_v-8350    [005] .....    36.640931: sched_process_fork: comm=aee_dumpstate_v pid=8350 child_comm=aee_dumpstate_v child_pid=8373
   binder:6926_3-7027    [002] d..1.    36.641065: signal_generate: sig=11 errno=0 code=1 comm=binder:6926_3 pid=7027 grp=0 res=0
   binder:6926_3-7027    [002] d..1.    36.641068: signal_deliver: sig=11 errno=0 code=1 sa_handler=78e83d6b18 sa_flags=18000804
 sh.smart.caller-6926    [000] dn.1.    36.641193: signal_generate: sig=11 errno=0 code=1 comm=sh.smart.caller pid=6926 grp=0 res=0
 sh.smart.caller-6926    [000] d..1.    36.641228: signal_deliver: sig=11 errno=0 code=1 sa_handler=78e83d6b18 sa_flags=18000804
 d.process.acore-3956    [002] d..1.    36.641499: signal_generate: sig=11 errno=0 code=1 comm=d.process.acore pid=3956 grp=0 res=0
 d.process.acore-3956    [002] d..1.    36.641506: signal_deliver: sig=11 errno=0 code=1 sa_handler=78e83d6b18 sa_flags=18000804
 FinalizerDaemon-3314    [003] d..1.    36.641592: signal_generate: sig=11 errno=0 code=1 comm=FinalizerDaemon pid=3314 grp=0 res=0
 FinalizerDaemon-3314    [003] d..1.    36.641610: signal_deliver: sig=11 errno=0 code=1 sa_handler=78e83d6b18 sa_flags=18000804
 d.process.acore-3956    [002] .....    36.641859: sched_process_fork: comm=d.process.acore pid=3956 child_comm=d.process.acore child_pid=8374
  Signal Catcher-1786    [003] d..1.    36.641891: signal_generate: sig=33 errno=0 code=-6 comm=MtkTestSimInter pid=2216 grp=0 res=0
  MCSS-Tethering-2215    [003] d..1.    36.641923: signal_generate: sig=11 errno=0 code=1 comm=MCSS-Tethering pid=2215 grp=0 res=0
  MCSS-Tethering-2215    [003] d..1.    36.641925: signal_deliver: sig=11 errno=0 code=1 sa_handler=78e83d6b18 sa_flags=18000804
 MtkTestSimInter-2216    [003] d..1.    36.641980: signal_deliver: sig=33 errno=0 code=-6 sa_handler=7910b7db14 sa_flags=18000004
 cached-pool-1-t-7247    [000] d..1.    36.642305: signal_generate: sig=11 errno=0 code=1 comm=cached-pool-1-t pid=7247 grp=0 res=0
 cached-pool-1-t-7247    [000] d..1.    36.642308: signal_deliver: sig=11 errno=0 code=1 sa_handler=78e83d6b18 sa_flags=18000804
 launcher-pool-1-2905    [007] d..1.    36.642834: signal_generate: sig=11 errno=0 code=1 comm=launcher-pool-1 pid=2905 grp=0 res=0
 launcher-pool-1-2905    [007] d..1.    36.642836: signal_deliver: sig=11 errno=0 code=1 sa_handler=78e83d6b18 sa_flags=18000804
  Signal Catcher-1786    [003] d..1.    36.642862: signal_generate: sig=33 errno=0 code=-6 comm=FingerprintDimT pid=2217 grp=0 res=0
 FingerprintDimT-2217    [003] d..1.    36.642884: signal_deliver: sig=33 errno=0 code=-6 sa_handler=7910b7db14 sa_flags=18000004
  Signal Catcher-1786    [003] d..1.    36.643308: signal_generate: sig=33 errno=0 code=-6 comm=anim-Thread pid=2218 grp=0 res=0
     anim-Thread-2218    [003] d..1.    36.643342: signal_deliver: sig=33 errno=0 code=-6 sa_handler=7910b7db14 sa_flags=18000004
  EventBusThread-6114    [000] d..1.    36.643429: signal_generate: sig=11 errno=0 code=1 comm=EventBusThread pid=6114 grp=0 res=0
  EventBusThread-6114    [000] d..1.    36.643432: signal_deliver: sig=11 errno=0 code=1 sa_handler=78e83d6b18 sa_flags=18000804
  Signal Catcher-1786    [003] d..1.    36.643633: signal_generate: sig=33 errno=0 code=-6 comm=Notifier pid=2222 grp=0 res=0
     anim-Thread-2218    [003] d..1.    36.643730: signal_generate: sig=11 errno=0 code=1 comm=anim-Thread pid=2218 grp=0 res=0
     anim-Thread-2218    [003] d..1.    36.643745: signal_deliver: sig=11 errno=0 code=1 sa_handler=78e83d6b18 sa_flags=18000804
        Notifier-2222    [003] d..1.    36.643796: signal_deliver: sig=33 errno=0 code=-6 sa_handler=7910b7db14 sa_flags=18000004
 FingerprintDimT-2217    [003] d..1.    36.643830: signal_generate: sig=11 errno=0 code=1 comm=FingerprintDimT pid=2217 grp=0 res=0
 FingerprintDimT-2217    [003] d..1.    36.643832: signal_deliver: sig=11 errno=0 code=1 sa_handler=78e83d6b18 sa_flags=18000804
 MtkTestSimInter-2216    [003] d..1.    36.643936: signal_generate: sig=11 errno=0 code=1 comm=MtkTestSimInter pid=2216 grp=0 res=0
 MtkTestSimInter-2216    [003] d..1.    36.643950: signal_deliver: sig=11 errno=0 code=1 sa_handler=78e83d6b18 sa_flags=18000804
 launcher-pool-1-2887    [007] d..1.    36.644215: signal_generate: sig=11 errno=0 code=1 comm=launcher-pool-1 pid=2887 grp=0 res=0
 launcher-pool-1-2887    [007] d..1.    36.644220: signal_deliver: sig=11 errno=0 code=1 sa_handler=78e83d6b18 sa_flags=18000804
 d.process.acore-3956    [000] d..1.    36.644334: signal_generate: sig=11 errno=0 code=1 comm=d.process.acore pid=3956 grp=0 res=0
 d.process.acore-3956    [000] d..1.    36.644349: signal_deliver: sig=11 errno=0 code=1 sa_handler=78e83d6b18 sa_flags=18000804
  Signal Catcher-1786    [003] d..1.    36.644555: signal_generate: sig=33 errno=0 code=-6 comm=tranPower pid=2223 grp=0 res=0
        Notifier-2222    [003] dn.1.    36.644638: signal_generate: sig=11 errno=0 code=1 comm=Notifier pid=2222 grp=0 res=0
       tranPower-2223    [003] d..1.    36.644732: signal_deliver: sig=33 errno=0 code=-6 sa_handler=7910b7db14 sa_flags=18000004
        Notifier-2222    [003] d..1.    36.644769: signal_deliver: sig=11 errno=0 code=1 sa_handler=78e83d6b18 sa_flags=18000804
 martrecognition-5979    [000] d..1.    36.645141: signal_generate: sig=11 errno=0 code=1 comm=martrecognition pid=5979 grp=0 res=0
  Signal Catcher-1786    [003] d..1.    36.645151: signal_generate: sig=33 errno=0 code=-6 comm=TranAppBrightne pid=2227 grp=0 res=0
 martrecognition-5979    [000] d..1.    36.645167: signal_deliver: sig=11 errno=0 code=1 sa_handler=78e83d6b18 sa_flags=18000804
 TranAppBrightne-2227    [003] d..1.    36.645176: signal_deliver: sig=33 errno=0 code=-6 sa_handler=7910b7db14 sa_flags=18000004
       tranPower-2223    [003] d..1.    36.645259: signal_generate: sig=11 errno=0 code=1 comm=tranPower pid=2223 grp=0 res=0
       tranPower-2223    [003] d..1.    36.645265: signal_deliver: sig=11 errno=0 code=1 sa_handler=78e83d6b18 sa_flags=18000804
  Signal Catcher-1786    [003] dN.1.    36.645802: signal_generate: sig=33 errno=0 code=-6 comm=TranAIChargeImp pid=2244 grp=0 res=0
 TranAIChargeImp-2244    [003] d..1.    36.645921: signal_deliver: sig=33 errno=0 code=-6 sa_handler=7910b7db14 sa_flags=18000004
 TranAIChargeImp-2244    [003] d..1.    36.646142: signal_generate: sig=11 errno=0 code=1 comm=TranAIChargeImp pid=2244 grp=0 res=0
 TranAIChargeImp-2244    [003] d..1.    36.646145: signal_deliver: sig=11 errno=0 code=1 sa_handler=78e83d6b18 sa_flags=18000804
  Signal Catcher-1786    [003] d..1.    36.646326: signal_generate: sig=33 errno=0 code=-6 comm=TranPowerStateU pid=2246 grp=0 res=0
 TranAppBrightne-2227    [003] d..1.    36.646353: signal_generate: sig=11 errno=0 code=1 comm=TranAppBrightne pid=2227 grp=0 res=0
 TranAppBrightne-2227    [003] d..1.    36.646379: signal_deliver: sig=11 errno=0 code=1 sa_handler=78e83d6b18 sa_flags=18000804
 TranPowerStateU-2246    [003] d..1.    36.646426: signal_deliver: sig=33 errno=0 code=-6 sa_handler=7910b7db14 sa_flags=18000004
  Signal Catcher-1786    [003] d..1.    36.646889: signal_generate: sig=33 errno=0 code=-6 comm=TranTceManagerW pid=2245 grp=0 res=0
 TranTceManagerW-2245    [006] d..1.    36.646911: signal_deliver: sig=33 errno=0 code=-6 sa_handler=7910b7db14 sa_flags=18000004
 TranPowerStateU-2246    [003] d..1.    36.646929: signal_generate: sig=11 errno=0 code=1 comm=TranPowerStateU pid=2246 grp=0 res=0
 TranPowerStateU-2246    [003] d..1.    36.646930: signal_deliver: sig=11 errno=0 code=1 sa_handler=78e83d6b18 sa_flags=18000804
 TranTceManagerW-2245    [003] d..1.    36.647241: signal_generate: sig=11 errno=0 code=1 comm=TranTceManagerW pid=2245 grp=0 res=0
 TranTceManagerW-2245    [003] d..1.    36.647243: signal_deliver: sig=11 errno=0 code=1 sa_handler=78e83d6b18 sa_flags=18000804
  Signal Catcher-1786    [006] d..1.    36.647324: signal_generate: sig=33 errno=0 code=-6 comm=TranAppBrightne pid=2248 grp=0 res=0
 TranAppBrightne-2248    [001] d..1.    36.647346: signal_deliver: sig=33 errno=0 code=-6 sa_handler=7910b7db14 sa_flags=18000004
             cat-8373    [004] .....    36.647597: sched_process_exit: comm=cat pid=8373 prio=100
             cat-8373    [004] d..2.    36.647638: signal_generate: sig=17 errno=0 code=1 comm=aee_dumpstate_v pid=8350 grp=1 res=2
 tran-common-poo-3600    [006] d..1.    36.648112: signal_generate: sig=11 errno=0 code=1 comm=tran-common-poo pid=3600 grp=0 res=0
 tran-common-poo-3600    [006] d..1.    36.648126: signal_deliver: sig=11 errno=0 code=1 sa_handler=78e83d6b18 sa_flags=18000804
 aee_dumpstate_v-8350    [004] .....    36.648201: sched_process_fork: comm=aee_dumpstate_v pid=8350 child_comm=aee_dumpstate_v child_pid=8375
  Signal Catcher-1786    [001] d..1.    36.648412: signal_generate: sig=33 errno=0 code=-6 comm=TranPocketModeC pid=2249 grp=0 res=0
 TranPocketModeC-2249    [001] d..1.    36.648440: signal_deliver: sig=33 errno=0 code=-6 sa_handler=7910b7db14 sa_flags=18000004
 TranAppBrightne-2248    [001] d..1.    36.648527: signal_generate: sig=11 errno=0 code=1 comm=TranAppBrightne pid=2248 grp=0 res=0
 TranAppBrightne-2248    [001] d..1.    36.648529: signal_deliver: sig=11 errno=0 code=1 sa_handler=78e83d6b18 sa_flags=18000804
 TranPocketModeC-2249    [001] d..1.    36.649026: signal_generate: sig=11 errno=0 code=1 comm=TranPocketModeC pid=2249 grp=0 res=0
 TranPocketModeC-2249    [001] d..1.    36.649028: signal_deliver: sig=11 errno=0 code=1 sa_handler=78e83d6b18 sa_flags=18000804
    RenderThread-7252    [000] .....    36.649244: sched_process_exit: comm=RenderThread pid=7252 prio=110
  Signal Catcher-1786    [006] d..1.    36.649906: signal_generate: sig=33 errno=0 code=-6 comm=TranMaxBrightne pid=2250 grp=0 res=0
     lowpool[17]-7648    [001] d..1.    36.652126: signal_generate: sig=11 errno=0 code=1 comm=lowpool[17] pid=7648 grp=0 res=0
     lowpool[17]-7648    [001] d..1.    36.652145: signal_deliver: sig=11 errno=0 code=1 sa_handler=78e83d6b18 sa_flags=18000804
 TranMaxBrightne-2250    [007] d..1.    36.652552: signal_deliver: sig=33 errno=0 code=-6 sa_handler=7910b7db14 sa_flags=18000004
 TranMaxBrightne-2250    [007] d..1.    36.653301: signal_generate: sig=11 errno=0 code=1 comm=TranMaxBrightne pid=2250 grp=0 res=0
 TranMaxBrightne-2250    [007] d..1.    36.653316: signal_deliver: sig=11 errno=0 code=1 sa_handler=78e83d6b18 sa_flags=18000804
  Signal Catcher-1786    [006] d..1.    36.653411: signal_generate: sig=33 errno=0 code=-6 comm=TranWakeEventTr pid=2251 grp=0 res=0
 cached-pool-1-t-7247    [003] .....    36.653423: sched_process_fork: comm=cached-pool-1-t pid=7247 child_comm=cached-pool-1-t child_pid=8376
 .gms.persistent-2347    [001] d..1.    36.653438: signal_generate: sig=11 errno=0 code=1 comm=.gms.persistent pid=2347 grp=0 res=0
 .gms.persistent-2347    [001] d..1.    36.653441: signal_deliver: sig=11 errno=0 code=1 sa_handler=78e83d6b18 sa_flags=18000804
   binder:2347_2-3317    [003] d..1.    36.653547: signal_generate: sig=11 errno=0 code=1 comm=binder:2347_2 pid=3317 grp=0 res=0
   binder:2347_2-3317    [003] d..1.    36.653550: signal_deliver: sig=11 errno=0 code=1 sa_handler=78e83d6b18 sa_flags=18000804
 TranWakeEventTr-2251    [007] d..1.    36.653570: signal_deliver: sig=33 errno=0 code=-6 sa_handler=7910b7db14 sa_flags=18000004
    AsyncTask #3-7442    [003] d..1.    36.653671: signal_generate: sig=11 errno=0 code=1 comm=AsyncTask #3 pid=7442 grp=0 res=0
    AsyncTask #3-7442    [003] d..1.    36.653674: signal_deliver: sig=11 errno=0 code=1 sa_handler=78e83d6b18 sa_flags=18000804
  Signal Catcher-1786    [006] d..1.    36.654127: signal_generate: sig=33 errno=0 code=-6 comm=TranPowerStat pid=2252 grp=0 res=0
 TranWakeEventTr-2251    [007] d..1.    36.654131: signal_generate: sig=11 errno=0 code=1 comm=TranWakeEventTr pid=2251 grp=0 res=0
 TranWakeEventTr-2251    [007] d..1.    36.654133: signal_deliver: sig=11 errno=0 code=1 sa_handler=78e83d6b18 sa_flags=18000804
   TranPowerStat-2252    [003] d..1.    36.654143: signal_deliver: sig=33 errno=0 code=-6 sa_handler=7910b7db14 sa_flags=18000004
             cat-8375    [004] .....    36.654778: sched_process_exit: comm=cat pid=8375 prio=100
  Signal Catcher-1786    [003] dN.1.    36.654807: signal_generate: sig=33 errno=0 code=-6 comm=BypassChargingT pid=2253 grp=0 res=0
 BypassChargingT-2253    [003] d..1.    36.654823: signal_deliver: sig=33 errno=0 code=-6 sa_handler=7910b7db14 sa_flags=18000004
             cat-8375    [004] d..2.    36.654829: signal_generate: sig=17 errno=0 code=1 comm=aee_dumpstate_v pid=8350 grp=1 res=2
 BypassChargingT-2253    [003] d..1.    36.655003: signal_generate: sig=11 errno=0 code=1 comm=BypassChargingT pid=2253 grp=0 res=0
 BypassChargingT-2253    [003] d..1.    36.655005: signal_deliver: sig=11 errno=0 code=1 sa_handler=78e83d6b18 sa_flags=18000804
 .BOOT_COMPLETED-7845    [002] d..1.    36.655014: signal_generate: sig=11 errno=0 code=1 comm=.BOOT_COMPLETED pid=7845 grp=0 res=0
 .BOOT_COMPLETED-7845    [002] d..1.    36.655017: signal_deliver: sig=11 errno=0 code=1 sa_handler=78e83d6b18 sa_flags=18000804
  Signal Catcher-1786    [003] d..1.    36.655236: signal_generate: sig=33 errno=0 code=-6 comm=TranBatteryMana pid=2254 grp=0 res=0
 TranBatteryMana-2254    [003] d..1.    36.655285: signal_deliver: sig=33 errno=0 code=-6 sa_handler=7910b7db14 sa_flags=18000004
   TranPowerStat-2252    [003] d..1.    36.655359: signal_generate: sig=11 errno=0 code=1 comm=TranPowerStat pid=2252 grp=0 res=0
   TranPowerStat-2252    [003] d..1.    36.655361: signal_deliver: sig=11 errno=0 code=1 sa_handler=78e83d6b18 sa_flags=18000804
  Signal Catcher-1786    [003] d..1.    36.656147: signal_generate: sig=33 errno=0 code=-6 comm=TranBatterySave pid=2255 grp=0 res=0
 TranBatteryMana-2254    [003] d..1.    36.656875: signal_generate: sig=11 errno=0 code=1 comm=TranBatteryMana pid=2254 grp=0 res=0
 TranBatteryMana-2254    [003] d..1.    36.656894: signal_deliver: sig=11 errno=0 code=1 sa_handler=78e83d6b18 sa_flags=18000804
       usf-C-W-4-2635    [001] d..1.    36.657523: signal_generate: sig=11 errno=0 code=1 comm=usf-C-W-4 pid=2635 grp=0 res=0
       usf-C-W-4-2635    [001] d..1.    36.657559: signal_deliver: sig=11 errno=0 code=1 sa_handler=78e83d6b18 sa_flags=18000804
 TranBatterySave-2255    [003] d..1.    36.657911: signal_deliver: sig=33 errno=0 code=-6 sa_handler=7910b7db14 sa_flags=18000004
       Thread-27-2437    [003] d..1.    36.658190: signal_generate: sig=11 errno=0 code=1 comm=Thread-27 pid=2437 grp=0 res=0
       Thread-27-2437    [003] d..1.    36.658206: signal_deliver: sig=11 errno=0 code=1 sa_handler=78e83d6b18 sa_flags=18000804
 aee_dumpstate_v-8350    [004] .....    36.659768: sched_process_fork: comm=aee_dumpstate_v pid=8350 child_comm=aee_dumpstate_v child_pid=8377
  Signal Catcher-1786    [003] d..1.    36.659905: signal_generate: sig=33 errno=0 code=-6 comm=launch pid=2256 grp=0 res=0
   binder:3808_8-7011    [003] d..1.    36.661103: signal_generate: sig=11 errno=0 code=1 comm=binder:3808_8 pid=7011 grp=0 res=0
 audioserver_lif-2157    [003] d..1.    36.661639: signal_generate: sig=11 errno=0 code=1 comm=audioserver_lif pid=2157 grp=0 res=0
 audioserver_lif-2157    [003] d..1.    36.661664: signal_deliver: sig=11 errno=0 code=1 sa_handler=78e83d6b18 sa_flags=18000804
     OomAdjuster-1867    [006] d..1.    36.662164: signal_generate: sig=11 errno=0 code=1 comm=OomAdjuster pid=1867 grp=0 res=0
     OomAdjuster-1867    [006] d..1.    36.662167: signal_deliver: sig=11 errno=0 code=1 sa_handler=78e83d6b18 sa_flags=18000804
 TranBatterySave-2255    [003] d..1.    36.662551: signal_generate: sig=11 errno=0 code=1 comm=TranBatterySave pid=2255 grp=0 res=0
 TranBatterySave-2255    [003] d..1.    36.662554: signal_deliver: sig=11 errno=0 code=1 sa_handler=78e83d6b18 sa_flags=18000804
          launch-2256    [003] d..1.    36.662613: signal_deliver: sig=33 errno=0 code=-6 sa_handler=7910b7db14 sa_flags=18000004
      MwcAppList-3057    [007] d..1.    36.662885: signal_generate: sig=11 errno=0 code=1 comm=MwcAppList pid=3057 grp=0 res=0
      MwcAppList-3057    [007] d..1.    36.662887: signal_deliver: sig=11 errno=0 code=1 sa_handler=78e83d6b18 sa_flags=18000804
  binder:1706_15-4208    [005] .....    36.663090: sched_process_fork: comm=binder:1706_15 pid=4208 child_comm=binder:1706_15 child_pid=8378
  Signal Catcher-1786    [003] d..1.    36.663244: signal_generate: sig=33 errno=0 code=-6 comm=TranOutdoorBrig pid=2257 grp=0 res=0
   binder:3808_8-7011    [003] d..1.    36.663272: signal_deliver: sig=11 errno=0 code=1 sa_handler=78e83d6b18 sa_flags=18000804
          launch-2256    [003] d..1.    36.663803: signal_generate: sig=11 errno=0 code=1 comm=launch pid=2256 grp=0 res=0
          launch-2256    [003] d..1.    36.663822: signal_deliver: sig=11 errno=0 code=1 sa_handler=78e83d6b18 sa_flags=18000804
 TranOutdoorBrig-2257    [003] d..1.    36.664070: signal_deliver: sig=33 errno=0 code=-6 sa_handler=7910b7db14 sa_flags=18000004
   NetworkPolicy-2131    [002] d..1.    36.665112: signal_generate: sig=11 errno=0 code=1 comm=NetworkPolicy pid=2131 grp=0 res=0
  Signal Catcher-1786    [001] dn.1.    36.665141: signal_generate: sig=33 errno=0 code=-6 comm=com.android.ser pid=2258 grp=0 res=0
   NetworkPolicy-2131    [002] d..1.    36.665144: signal_deliver: sig=11 errno=0 code=1 sa_handler=78e83d6b18 sa_flags=18000804
 TranOutdoorBrig-2257    [003] d..1.    36.665373: signal_generate: sig=11 errno=0 code=1 comm=TranOutdoorBrig pid=2257 grp=0 res=0
 TranOutdoorBrig-2257    [003] d..1.    36.665391: signal_deliver: sig=11 errno=0 code=1 sa_handler=78e83d6b18 sa_flags=18000804
 com.android.ser-2258    [001] d..1.    36.665427: signal_deliver: sig=33 errno=0 code=-6 sa_handler=7910b7db14 sa_flags=18000004
 ActivityManager-1860    [006] d..1.    36.665775: signal_generate: sig=11 errno=0 code=1 comm=ActivityManager pid=1860 grp=0 res=0
 ActivityManager-1860    [006] d..1.    36.665778: signal_deliver: sig=11 errno=0 code=1 sa_handler=78e83d6b18 sa_flags=18000804
  Signal Catcher-1786    [001] dn.1.    36.665881: signal_generate: sig=33 errno=0 code=-6 comm=thermalLight pid=2260 grp=0 res=0
    thermalLight-2260    [001] d..1.    36.665993: signal_deliver: sig=33 errno=0 code=-6 sa_handler=7910b7db14 sa_flags=18000004
   binder:2579_4-2860    [002] d..1.    36.666120: signal_generate: sig=11 errno=0 code=1 comm=binder:2579_4 pid=2860 grp=0 res=0
   binder:2579_4-2860    [002] d..1.    36.666123: signal_deliver: sig=11 errno=0 code=1 sa_handler=78e83d6b18 sa_flags=18000804
    thermalLight-2260    [001] d..1.    36.666767: signal_generate: sig=11 errno=0 code=1 comm=thermalLight pid=2260 grp=0 res=0
    thermalLight-2260    [001] d..1.    36.666855: signal_deliver: sig=11 errno=0 code=1 sa_handler=78e83d6b18 sa_flags=18000804
  Signal Catcher-1786    [001] d..1.    36.667072: signal_generate: sig=33 errno=0 code=-6 comm=GameEngineCache pid=2263 grp=0 res=0
 GameEngineCache-2263    [004] d..1.    36.667087: signal_deliver: sig=33 errno=0 code=-6 sa_handler=7910b7db14 sa_flags=18000004
   binder:2347_6-4957    [003] d..1.    36.667222: signal_generate: sig=11 errno=0 code=1 comm=binder:2347_6 pid=4957 grp=0 res=0
   binder:2579_8-2909    [002] d..1.    36.667428: signal_generate: sig=11 errno=0 code=1 comm=binder:2579_8 pid=2909 grp=0 res=0
   binder:2579_8-2909    [002] d..1.    36.667527: signal_deliver: sig=11 errno=0 code=1 sa_handler=78e83d6b18 sa_flags=18000804
  Signal Catcher-1786    [001] d..1.    36.667539: signal_generate: sig=33 errno=0 code=-6 comm=MagellanHandle pid=2262 grp=0 res=0
   binder:2347_6-4957    [003] d..1.    36.667564: signal_deliver: sig=11 errno=0 code=1 sa_handler=78e83d6b18 sa_flags=18000804
  MagellanHandle-2262    [004] d..1.    36.667604: signal_deliver: sig=33 errno=0 code=-6 sa_handler=7910b7db14 sa_flags=18000004
 GameEngineCache-2263    [001] d..1.    36.667612: signal_generate: sig=11 errno=0 code=1 comm=GameEngineCache pid=2263 grp=0 res=0
