  Lite Thread #1-6045    [000] d..1.    36.792036: signal_deliver: sig=11 errno=0 code=1 sa_handler=78e83d6b18 sa_flags=18000804
  Lite Thread #0-6030    [000] d..1.    36.793863: signal_deliver: sig=11 errno=0 code=1 sa_handler=78e83d6b18 sa_flags=18000804
           <...>-8399    [002] d..1.    36.794125: signal_generate: sig=11 errno=0 code=1 comm=binder:8339_3 pid=8399 grp=0 res=0
           <...>-8399    [002] d..1.    36.794129: signal_deliver: sig=11 errno=0 code=1 sa_handler=78e83d6b18 sa_flags=18000804
 undeprave_threa-2380    [003] d..1.    36.795231: signal_deliver: sig=33 errno=0 code=-6 sa_handler=7910b7db14 sa_flags=18000004
  Signal Catcher-1786    [003] d..1.    36.795787: signal_generate: sig=33 errno=0 code=-6 comm=rms_predictor pid=2382 grp=0 res=0
   rms_predictor-2382    [003] d..1.    36.795821: signal_deliver: sig=33 errno=0 code=-6 sa_handler=7910b7db14 sa_flags=18000004
 .debug.loggerui-8211    [001] .....    36.795887: sched_process_fork: comm=.debug.loggerui pid=8211 child_comm=.debug.loggerui child_pid=8415
   rms_predictor-2382    [003] d..1.    36.796049: signal_generate: sig=11 errno=0 code=1 comm=rms_predictor pid=2382 grp=0 res=0
   rms_predictor-2382    [003] d..1.    36.796064: signal_deliver: sig=11 errno=0 code=1 sa_handler=78e83d6b18 sa_flags=18000804
  Signal Catcher-1786    [006] d..1.    36.796185: signal_generate: sig=33 errno=0 code=-6 comm=circle.cleaner pid=2383 grp=0 res=0
 undeprave_threa-2380    [003] d..1.    36.796191: signal_generate: sig=11 errno=0 code=1 comm=undeprave_threa pid=2380 grp=0 res=0
 undeprave_threa-2380    [003] d..1.    36.796193: signal_deliver: sig=11 errno=0 code=1 sa_handler=78e83d6b18 sa_flags=18000804
   binder:3808_2-3829    [000] .....    36.796517: sched_process_fork: comm=binder:3808_2 pid=3829 child_comm=binder:3808_2 child_pid=8416
 LoggerUIService-8380    [003] .....    36.797530: sched_process_fork: comm=LoggerUIService pid=8380 child_comm=LoggerUIService child_pid=8417
 LoggerUIService-8380    [001] .....    36.798203: sched_process_fork: comm=LoggerUIService pid=8380 child_comm=LoggerUIService child_pid=8418
  circle.cleaner-2383    [002] d..1.    36.798317: signal_deliver: sig=33 errno=0 code=-6 sa_handler=7910b7db14 sa_flags=18000004
 LoggerUIService-8380    [001] .....    36.798520: sched_process_fork: comm=LoggerUIService pid=8380 child_comm=LoggerUIService child_pid=8419
    BG Thread #2-8400    [003] .....    36.798528: sched_process_fork: comm=BG Thread #2 pid=8400 child_comm=BG Thread #2 child_pid=8420
 gle.android.gms-3808    [000] .....    36.799026: sched_process_fork: comm=gle.android.gms pid=3808 child_comm=gle.android.gms child_pid=8421
  Signal Catcher-1786    [002] d..1.    36.799490: signal_generate: sig=33 errno=0 code=-6 comm=FreezeManager pid=2386 grp=0 res=0
   FreezeManager-2386    [006] d..1.    36.799501: signal_deliver: sig=33 errno=0 code=-6 sa_handler=7910b7db14 sa_flags=18000004
 LoggerUIService-8380    [003] .....    36.799737: sched_process_fork: comm=LoggerUIService pid=8380 child_comm=LoggerUIService child_pid=8422
   FreezeManager-2386    [002] d..1.    36.799796: signal_generate: sig=11 errno=0 code=1 comm=FreezeManager pid=2386 grp=0 res=0
   FreezeManager-2386    [002] d..1.    36.799799: signal_deliver: sig=11 errno=0 code=1 sa_handler=78e83d6b18 sa_flags=18000804
  Signal Catcher-1786    [006] dN.1.    36.799871: signal_generate: sig=33 errno=0 code=-6 comm=procDispatcher pid=2387 grp=0 res=0
  circle.cleaner-2383    [002] d..1.    36.799881: signal_generate: sig=11 errno=0 code=1 comm=circle.cleaner pid=2383 grp=0 res=0
  circle.cleaner-2383    [002] d..1.    36.799883: signal_deliver: sig=11 errno=0 code=1 sa_handler=78e83d6b18 sa_flags=18000804
  procDispatcher-2387    [006] d..1.    36.799904: signal_deliver: sig=33 errno=0 code=-6 sa_handler=7910b7db14 sa_flags=18000004
  procDispatcher-2387    [006] d..1.    36.800055: signal_generate: sig=11 errno=0 code=1 comm=procDispatcher pid=2387 grp=0 res=0
  procDispatcher-2387    [006] d..1.    36.800064: signal_deliver: sig=11 errno=0 code=1 sa_handler=78e83d6b18 sa_flags=18000804
  Signal Catcher-1786    [006] d..1.    36.800216: signal_generate: sig=33 errno=0 code=-6 comm=procAbnormal pid=2388 grp=0 res=0
    procAbnormal-2388    [003] d..1.    36.800264: signal_deliver: sig=33 errno=0 code=-6 sa_handler=7910b7db14 sa_flags=18000004
    procAbnormal-2388    [003] d..1.    36.800685: signal_generate: sig=11 errno=0 code=1 comm=procAbnormal pid=2388 grp=0 res=0
  Signal Catcher-1786    [007] dn.1.    36.800768: signal_generate: sig=33 errno=0 code=-6 comm=GameSceneMonito pid=2389 grp=0 res=0
    procAbnormal-2388    [003] d..1.    36.800776: signal_deliver: sig=11 errno=0 code=1 sa_handler=78e83d6b18 sa_flags=18000804
 GameSceneMonito-2389    [007] d..1.    36.800803: signal_deliver: sig=33 errno=0 code=-6 sa_handler=7910b7db14 sa_flags=18000004
 LoggerUIService-8380    [003] .....    36.800956: sched_process_fork: comm=LoggerUIService pid=8380 child_comm=LoggerUIService child_pid=8423
  Signal Catcher-1786    [007] d..1.    36.801048: signal_generate: sig=33 errno=0 code=-6 comm=BackgroundKillT pid=2390 grp=0 res=0
 BackgroundKillT-2390    [007] d..1.    36.801071: signal_deliver: sig=33 errno=0 code=-6 sa_handler=7910b7db14 sa_flags=18000004
 GameSceneMonito-2389    [007] d..1.    36.801100: signal_generate: sig=11 errno=0 code=1 comm=GameSceneMonito pid=2389 grp=0 res=0
 GameSceneMonito-2389    [007] d..1.    36.801100: signal_deliver: sig=11 errno=0 code=1 sa_handler=78e83d6b18 sa_flags=18000804
 BackgroundKillT-2390    [007] d..1.    36.801341: signal_generate: sig=11 errno=0 code=1 comm=BackgroundKillT pid=2390 grp=0 res=0
 BackgroundKillT-2390    [007] d..1.    36.801347: signal_deliver: sig=11 errno=0 code=1 sa_handler=78e83d6b18 sa_flags=18000804
  Signal Catcher-1786    [006] d..1.    36.801507: signal_generate: sig=33 errno=0 code=-6 comm=TranRTPolicyThr pid=2393 grp=0 res=0
 TranRTPolicyThr-2393    [007] d..1.    36.801517: signal_deliver: sig=33 errno=0 code=-6 sa_handler=7910b7db14 sa_flags=18000004
 TranRTPolicyThr-2393    [007] d..1.    36.801733: signal_generate: sig=11 errno=0 code=1 comm=TranRTPolicyThr pid=2393 grp=0 res=0
 TranRTPolicyThr-2393    [007] d..1.    36.801755: signal_deliver: sig=11 errno=0 code=1 sa_handler=78e83d6b18 sa_flags=18000804
  Signal Catcher-1786    [006] d..1.    36.801776: signal_generate: sig=33 errno=0 code=-6 comm=ThermalEngineLo pid=2394 grp=0 res=0
 ThermalEngineLo-2394    [006] d..1.    36.801797: signal_deliver: sig=33 errno=0 code=-6 sa_handler=7910b7db14 sa_flags=18000004
  Signal Catcher-1786    [006] d..1.    36.801999: signal_generate: sig=33 errno=0 code=-6 comm=MTKConfigThread pid=2395 grp=0 res=0
 ThermalEngineLo-2394    [006] d..1.    36.802033: signal_generate: sig=11 errno=0 code=1 comm=ThermalEngineLo pid=2394 grp=0 res=0
 ThermalEngineLo-2394    [006] d..1.    36.802034: signal_deliver: sig=11 errno=0 code=1 sa_handler=78e83d6b18 sa_flags=18000804
   system_server-2395    [007] d..1.    36.802044: signal_deliver: sig=33 errno=0 code=-6 sa_handler=7910b7db14 sa_flags=18000004
  Signal Catcher-1786    [007] d..1.    36.802284: signal_generate: sig=33 errno=0 code=-6 comm=GameSystemMonit pid=2396 grp=0 res=0
 MTKConfigThread-2395    [007] d..1.    36.802311: signal_generate: sig=11 errno=0 code=1 comm=MTKConfigThread pid=2395 grp=0 res=0
 MTKConfigThread-2395    [007] d..1.    36.802311: signal_deliver: sig=11 errno=0 code=1 sa_handler=78e83d6b18 sa_flags=18000804
     highpool[7]-8023    [002] d..1.    36.802435: signal_generate: sig=11 errno=0 code=1 comm=highpool[7] pid=8023 grp=0 res=0
     highpool[7]-8023    [002] d..1.    36.802438: signal_deliver: sig=11 errno=0 code=1 sa_handler=78e83d6b18 sa_flags=18000804
    BG Thread #0-5910    [001] d..1.    36.802799: signal_generate: sig=11 errno=0 code=1 comm=BG Thread #0 pid=5910 grp=0 res=0
    BG Thread #0-5910    [001] d..1.    36.802802: signal_deliver: sig=11 errno=0 code=1 sa_handler=78e83d6b18 sa_flags=18000804
     highpool[4]-7944    [002] d..1.    36.802838: signal_generate: sig=11 errno=0 code=1 comm=highpool[4] pid=7944 grp=0 res=0
     highpool[4]-7944    [002] d..1.    36.802841: signal_deliver: sig=11 errno=0 code=1 sa_handler=78e83d6b18 sa_flags=18000804
 GameSystemMonit-2396    [003] d..1.    36.803095: signal_deliver: sig=33 errno=0 code=-6 sa_handler=7910b7db14 sa_flags=18000004
 GameSystemMonit-2396    [003] d..1.    36.803853: signal_generate: sig=11 errno=0 code=1 comm=GameSystemMonit pid=2396 grp=0 res=0
 GameSystemMonit-2396    [003] d..1.    36.803872: signal_deliver: sig=11 errno=0 code=1 sa_handler=78e83d6b18 sa_flags=18000804
  Signal Catcher-1786    [007] d..1.    36.803914: signal_generate: sig=33 errno=0 code=-6 comm=usf_scene_monit pid=2397 grp=0 res=0
 usf_scene_monit-2397    [007] d..1.    36.803930: signal_deliver: sig=33 errno=0 code=-6 sa_handler=7910b7db14 sa_flags=18000004
 ice] processing-3968    [001] d..1.    36.804002: signal_generate: sig=11 errno=0 code=1 comm=ice] processing pid=3968 grp=0 res=0
 usf_scene_monit-2397    [007] d..1.    36.804107: signal_generate: sig=11 errno=0 code=1 comm=usf_scene_monit pid=2397 grp=0 res=0
 usf_scene_monit-2397    [007] d..1.    36.804120: signal_deliver: sig=11 errno=0 code=1 sa_handler=78e83d6b18 sa_flags=18000804
 ice] processing-3968    [001] d..1.    36.804199: signal_deliver: sig=11 errno=0 code=1 sa_handler=78e83d6b18 sa_flags=18000804
 .debug.loggerui-8211    [002] d..1.    36.804324: signal_generate: sig=11 errno=0 code=1 comm=.debug.loggerui pid=8211 grp=0 res=0
 .debug.loggerui-8211    [002] d..1.    36.804349: signal_deliver: sig=11 errno=0 code=1 sa_handler=78e83d6b18 sa_flags=18000804
  Signal Catcher-1786    [007] d..1.    36.805110: signal_generate: sig=33 errno=0 code=-6 comm=usf_scene_monit pid=2398 grp=0 res=0
   system_server-2398    [006] d..1.    36.805124: signal_deliver: sig=33 errno=0 code=-6 sa_handler=7910b7db14 sa_flags=18000004
   binder:1706_7-2266    [000] d..1.    36.805147: signal_generate: sig=11 errno=0 code=1 comm=binder:1706_7 pid=2266 grp=0 res=0
       lockboost-1861    [006] d..1.    36.805361: signal_generate: sig=11 errno=0 code=1 comm=lockboost pid=1861 grp=0 res=0
       lockboost-1861    [006] d..1.    36.805374: signal_deliver: sig=11 errno=0 code=1 sa_handler=78e83d6b18 sa_flags=18000804
 usf_scene_monit-2398    [006] d..1.    36.805555: signal_generate: sig=11 errno=0 code=1 comm=usf_scene_monit pid=2398 grp=0 res=0
 usf_scene_monit-2398    [006] d..1.    36.805568: signal_deliver: sig=11 errno=0 code=1 sa_handler=78e83d6b18 sa_flags=18000804
  Signal Catcher-1786    [007] d..1.    36.805586: signal_generate: sig=33 errno=0 code=-6 comm=usf_scene_monit pid=2399 grp=0 res=0
 usf_scene_monit-2399    [006] d..1.    36.805701: signal_deliver: sig=33 errno=0 code=-6 sa_handler=7910b7db14 sa_flags=18000004
 usf_scene_monit-2399    [006] d..1.    36.805889: signal_generate: sig=11 errno=0 code=1 comm=usf_scene_monit pid=2399 grp=0 res=0
 usf_scene_monit-2399    [006] d..1.    36.805891: signal_deliver: sig=11 errno=0 code=1 sa_handler=78e83d6b18 sa_flags=18000804
  Signal Catcher-1786    [007] d..1.    36.805943: signal_generate: sig=33 errno=0 code=-6 comm=usf_scene_monit pid=2400 grp=0 res=0
 usf_scene_monit-2400    [006] d..1.    36.805955: signal_deliver: sig=33 errno=0 code=-6 sa_handler=7910b7db14 sa_flags=18000004
 usf_scene_monit-2400    [006] d..1.    36.806085: signal_generate: sig=11 errno=0 code=1 comm=usf_scene_monit pid=2400 grp=0 res=0
 usf_scene_monit-2400    [006] d..1.    36.806104: signal_deliver: sig=11 errno=0 code=1 sa_handler=78e83d6b18 sa_flags=18000804
  Signal Catcher-1786    [007] d..1.    36.806139: signal_generate: sig=33 errno=0 code=-6 comm=ModuleManagerTh pid=2401 grp=0 res=0
   system_server-2401    [006] d..1.    36.806156: signal_deliver: sig=33 errno=0 code=-6 sa_handler=7910b7db14 sa_flags=18000004
 .debug.loggerui-8211    [002] .....    36.806187: sched_process_fork: comm=.debug.loggerui pid=8211 child_comm=.debug.loggerui child_pid=8424
 REGISTER_ACTION-7833    [000] d..1.    36.806195: signal_generate: sig=11 errno=0 code=1 comm=REGISTER_ACTION pid=7833 grp=0 res=0
 REGISTER_ACTION-7833    [000] d..1.    36.806199: signal_deliver: sig=11 errno=0 code=1 sa_handler=78e83d6b18 sa_flags=18000804
 ModuleManagerTh-2401    [006] d..1.    36.806272: signal_generate: sig=11 errno=0 code=1 comm=ModuleManagerTh pid=2401 grp=0 res=0
 ModuleManagerTh-2401    [006] d..1.    36.806274: signal_deliver: sig=11 errno=0 code=1 sa_handler=78e83d6b18 sa_flags=18000804
  Signal Catcher-1786    [007] d..1.    36.806322: signal_generate: sig=33 errno=0 code=-6 comm=usf_scene_monit pid=2402 grp=0 res=0
   system_server-2402    [006] d..1.    36.806336: signal_deliver: sig=33 errno=0 code=-6 sa_handler=7910b7db14 sa_flags=18000004
    BG Thread #2-5915    [000] d..1.    36.806805: signal_generate: sig=11 errno=0 code=1 comm=BG Thread #2 pid=5915 grp=0 res=0
 PowerManagerSer-1887    [003] d..1.    36.806814: signal_generate: sig=11 errno=0 code=1 comm=PowerManagerSer pid=1887 grp=0 res=0
 PowerManagerSer-1887    [003] d..1.    36.806817: signal_deliver: sig=11 errno=0 code=1 sa_handler=78e83d6b18 sa_flags=18000804
 batterystats-ha-1872    [002] d..1.    36.807016: signal_generate: sig=11 errno=0 code=1 comm=batterystats-ha pid=1872 grp=0 res=0
 batterystats-ha-1872    [002] d..1.    36.807019: signal_deliver: sig=11 errno=0 code=1 sa_handler=78e83d6b18 sa_flags=18000804
    BG Thread #2-5915    [000] d..1.    36.807479: signal_deliver: sig=11 errno=0 code=1 sa_handler=78e83d6b18 sa_flags=18000804
  Signal Catcher-1786    [007] d..1.    36.807482: signal_generate: sig=33 errno=0 code=-6 comm=ThermalEngineMo pid=2403 grp=0 res=0
 usf_scene_monit-2402    [006] d..1.    36.807577: signal_generate: sig=11 errno=0 code=1 comm=usf_scene_monit pid=2402 grp=0 res=0
 usf_scene_monit-2402    [006] d..1.    36.807583: signal_deliver: sig=11 errno=0 code=1 sa_handler=78e83d6b18 sa_flags=18000804
 queued-work-loo-4665    [003] d..1.    36.807589: signal_generate: sig=11 errno=0 code=1 comm=queued-work-loo pid=4665 grp=0 res=0
 queued-work-loo-4665    [003] d..1.    36.807592: signal_deliver: sig=11 errno=0 code=1 sa_handler=78e83d6b18 sa_flags=18000804
   binder:1706_2-1796    [001] d..1.    36.807614: signal_generate: sig=11 errno=0 code=1 comm=binder:1706_2 pid=1796 grp=0 res=0
   binder:1706_2-1796    [001] d..1.    36.807617: signal_deliver: sig=11 errno=0 code=1 sa_handler=78e83d6b18 sa_flags=18000804
 ThermalEngineMo-2403    [006] d..1.    36.807630: signal_deliver: sig=33 errno=0 code=-6 sa_handler=7910b7db14 sa_flags=18000004
 ActivityManager-1859    [000] d..1.    36.807796: signal_generate: sig=11 errno=0 code=1 comm=ActivityManager pid=1859 grp=0 res=0
 ThermalEngineMo-2403    [006] d..1.    36.808424: signal_generate: sig=11 errno=0 code=1 comm=ThermalEngineMo pid=2403 grp=0 res=0
 ThermalEngineMo-2403    [006] d..1.    36.808439: signal_deliver: sig=11 errno=0 code=1 sa_handler=78e83d6b18 sa_flags=18000804
  Signal Catcher-1786    [007] d..1.    36.808488: signal_generate: sig=33 errno=0 code=-6 comm=usf_scene_monit pid=2404 grp=0 res=0
 usf_scene_monit-2404    [006] d..1.    36.808500: signal_deliver: sig=33 errno=0 code=-6 sa_handler=7910b7db14 sa_flags=18000004
 ActivityManager-1859    [000] d..1.    36.808545: signal_deliver: sig=11 errno=0 code=1 sa_handler=78e83d6b18 sa_flags=18000804
  Signal Catcher-1786    [007] d..1.    36.808685: signal_generate: sig=33 errno=0 code=-6 comm=TranAppm_Fpsgo pid=2405 grp=0 res=0
 usf_scene_monit-2404    [006] d..1.    36.808700: signal_generate: sig=11 errno=0 code=1 comm=usf_scene_monit pid=2404 grp=0 res=0
 usf_scene_monit-2404    [006] d..1.    36.808702: signal_deliver: sig=11 errno=0 code=1 sa_handler=78e83d6b18 sa_flags=18000804
  TranAppm_Fpsgo-2405    [007] d..1.    36.808707: signal_deliver: sig=33 errno=0 code=-6 sa_handler=7910b7db14 sa_flags=18000004
  Signal Catcher-1786    [006] d..1.    36.809002: signal_generate: sig=33 errno=0 code=-6 comm=TranAppm_PQE pid=2406 grp=0 res=0
  TranAppm_Fpsgo-2405    [006] d..1.    36.809035: signal_generate: sig=11 errno=0 code=1 comm=TranAppm_Fpsgo pid=2405 grp=0 res=0
  TranAppm_Fpsgo-2405    [006] d..1.    36.809036: signal_deliver: sig=11 errno=0 code=1 sa_handler=78e83d6b18 sa_flags=18000804
    TranAppm_PQE-2406    [002] d..1.    36.809375: signal_deliver: sig=33 errno=0 code=-6 sa_handler=7910b7db14 sa_flags=18000004
  Signal Catcher-1786    [007] d..1.    36.809715: signal_generate: sig=33 errno=0 code=-6 comm=usf_core pid=2408 grp=0 res=0
        usf_core-2408    [007] d..1.    36.809747: signal_deliver: sig=33 errno=0 code=-6 sa_handler=7910b7db14 sa_flags=18000004
  Signal Catcher-1786    [007] d..1.    36.809931: signal_generate: sig=33 errno=0 code=-6 comm=TranPerformance pid=2417 grp=0 res=0
 TranPerformance-2417    [007] d..1.    36.809956: signal_deliver: sig=33 errno=0 code=-6 sa_handler=7910b7db14 sa_flags=18000004
  Signal Catcher-1786    [007] d..1.    36.810121: signal_generate: sig=33 errno=0 code=-6 comm=HapService pid=2420 grp=0 res=0
 TranPerformance-2417    [007] d..1.    36.810147: signal_generate: sig=11 errno=0 code=1 comm=TranPerformance pid=2417 grp=0 res=0
 TranPerformance-2417    [007] d..1.    36.810148: signal_deliver: sig=11 errno=0 code=1 sa_handler=78e83d6b18 sa_flags=18000804
 android.anim.lf-1841    [004] d..1.    36.810173: signal_generate: sig=11 errno=0 code=1 comm=android.anim.lf pid=1841 grp=0 res=0
 android.anim.lf-1841    [004] d..1.    36.810179: signal_deliver: sig=11 errno=0 code=1 sa_handler=78e83d6b18 sa_flags=18000804
        usf_core-2408    [007] d..1.    36.810186: signal_generate: sig=11 errno=0 code=1 comm=usf_core pid=2408 grp=0 res=0
        usf_core-2408    [007] d..1.    36.810187: signal_deliver: sig=11 errno=0 code=1 sa_handler=78e83d6b18 sa_flags=18000804
   binder:1706_7-2266    [000] d..1.    36.810262: signal_deliver: sig=11 errno=0 code=1 sa_handler=78e83d6b18 sa_flags=18000804
      android.fg-1836    [006] d..1.    36.810343: signal_generate: sig=11 errno=0 code=1 comm=android.fg pid=1836 grp=0 res=0
      android.fg-1836    [006] d..1.    36.810395: signal_deliver: sig=11 errno=0 code=1 sa_handler=78e83d6b18 sa_flags=18000804
   binder:2347_4-4073    [004] d..1.    36.810447: signal_generate: sig=11 errno=0 code=1 comm=binder:2347_4 pid=4073 grp=0 res=0
   binder:2347_4-4073    [004] d..1.    36.810461: signal_deliver: sig=11 errno=0 code=1 sa_handler=78e83d6b18 sa_flags=18000804
   system_server-1706    [006] d..1.    36.810490: signal_generate: sig=11 errno=0 code=1 comm=system_server pid=1706 grp=0 res=0
   system_server-1706    [006] d..1.    36.810492: signal_deliver: sig=11 errno=0 code=1 sa_handler=78e83d6b18 sa_flags=18000804
      HapService-2420    [006] d..1.    36.810610: signal_deliver: sig=33 errno=0 code=-6 sa_handler=7910b7db14 sa_flags=18000004
  aegeanUiasLine-2325    [007] d..1.    36.810965: signal_generate: sig=11 errno=0 code=1 comm=aegeanUiasLine pid=2325 grp=0 res=0
  aegeanUiasLine-2325    [007] d..1.    36.810976: signal_deliver: sig=11 errno=0 code=1 sa_handler=78e83d6b18 sa_flags=18000804
    android.anim-1840    [003] d..1.    36.811119: signal_generate: sig=11 errno=0 code=1 comm=android.anim pid=1840 grp=0 res=0
 .debug.loggerui-8211    [002] .....    36.811121: sched_process_fork: comm=.debug.loggerui pid=8211 child_comm=.debug.loggerui child_pid=8425
    android.anim-1840    [003] d..1.    36.811122: signal_deliver: sig=11 errno=0 code=1 sa_handler=78e83d6b18 sa_flags=18000804
 .debug.loggerui-8211    [002] .....    36.811209: sched_process_fork: comm=.debug.loggerui pid=8211 child_comm=.debug.loggerui child_pid=8426
 .debug.loggerui-8211    [002] .....    36.811266: sched_process_fork: comm=.debug.loggerui pid=8211 child_comm=.debug.loggerui child_pid=8427
 .debug.loggerui-8211    [002] .....    36.811352: sched_process_fork: comm=.debug.loggerui pid=8211 child_comm=.debug.loggerui child_pid=8428
    os.watermark-2105    [007] d..1.    36.811521: signal_generate: sig=11 errno=0 code=1 comm=os.watermark pid=2105 grp=0 res=0
    aegean_scene-2316    [002] d..1.    36.811528: signal_generate: sig=11 errno=0 code=1 comm=aegean_scene pid=2316 grp=0 res=0
    aegean_scene-2316    [002] d..1.    36.811531: signal_deliver: sig=11 errno=0 code=1 sa_handler=78e83d6b18 sa_flags=18000804
    os.watermark-2105    [007] d..1.    36.811532: signal_deliver: sig=11 errno=0 code=1 sa_handler=78e83d6b18 sa_flags=18000804
 .debug.loggerui-8211    [001] .....    36.811535: sched_process_fork: comm=.debug.loggerui pid=8211 child_comm=.debug.loggerui child_pid=8429
  PackageManager-1897    [000] d..1.    36.811543: signal_generate: sig=11 errno=0 code=1 comm=PackageManager pid=1897 grp=0 res=0
  PackageManager-1897    [000] d..1.    36.811547: signal_deliver: sig=11 errno=0 code=1 sa_handler=78e83d6b18 sa_flags=18000804
      aegean_fgl-2312    [002] d..1.    36.811695: signal_generate: sig=11 errno=0 code=1 comm=aegean_fgl pid=2312 grp=0 res=0
      aegean_fgl-2312    [002] d..1.    36.811715: signal_deliver: sig=11 errno=0 code=1 sa_handler=78e83d6b18 sa_flags=18000804
       aegean_bg-2315    [003] d..1.    36.811807: signal_generate: sig=11 errno=0 code=1 comm=aegean_bg pid=2315 grp=0 res=0
       aegean_bg-2315    [003] d..1.    36.811845: signal_deliver: sig=11 errno=0 code=1 sa_handler=78e83d6b18 sa_flags=18000804
   binder:1706_6-2265    [007] d..1.    36.811927: signal_generate: sig=11 errno=0 code=1 comm=binder:1706_6 pid=2265 grp=0 res=0
   binder:1706_6-2265    [007] d..1.    36.811928: signal_deliver: sig=11 errno=0 code=1 sa_handler=78e83d6b18 sa_flags=18000804
      android.ui-1837    [006] d..1.    36.811962: signal_generate: sig=11 errno=0 code=1 comm=android.ui pid=1837 grp=0 res=0
      android.ui-1837    [006] d..1.    36.811964: signal_deliver: sig=11 errno=0 code=1 sa_handler=78e83d6b18 sa_flags=18000804
 .debug.loggerui-8211    [001] .....    36.812018: sched_process_fork: comm=.debug.loggerui pid=8211 child_comm=.debug.loggerui child_pid=8430
 android.display-1839    [007] d..1.    36.812595: signal_generate: sig=11 errno=0 code=1 comm=android.display pid=1839 grp=0 res=0
 android.display-1839    [007] d..1.    36.812605: signal_deliver: sig=11 errno=0 code=1 sa_handler=78e83d6b18 sa_flags=18000804
      android.bg-1848    [000] d..1.    36.812733: signal_generate: sig=11 errno=0 code=1 comm=android.bg pid=1848 grp=0 res=0
      android.bg-1848    [000] d..1.    36.812764: signal_deliver: sig=11 errno=0 code=1 sa_handler=78e83d6b18 sa_flags=18000804
 LoggerUIService-8380    [001] .....    36.812841: sched_process_fork: comm=LoggerUIService pid=8380 child_comm=LoggerUIService child_pid=8431
  Signal Catcher-1786    [007] d..1.    36.813084: signal_generate: sig=33 errno=0 code=-6 comm=TranCtoCJobHand pid=2421 grp=0 res=0
 TranCtoCJobHand-2421    [007] d..1.    36.813116: signal_deliver: sig=33 errno=0 code=-6 sa_handler=7910b7db14 sa_flags=18000004
      HapService-2420    [006] d..1.    36.813297: signal_generate: sig=11 errno=0 code=1 comm=HapService pid=2420 grp=0 res=0
      HapService-2420    [006] d..1.    36.813307: signal_deliver: sig=11 errno=0 code=1 sa_handler=78e83d6b18 sa_flags=18000804
 TranCtoCJobHand-2421    [007] d..1.    36.813339: signal_generate: sig=11 errno=0 code=1 comm=TranCtoCJobHand pid=2421 grp=0 res=0
 TranCtoCJobHand-2421    [007] d..1.    36.813341: signal_deliver: sig=11 errno=0 code=1 sa_handler=78e83d6b18 sa_flags=18000804
   binder:1706_4-1941    [007] d..1.    36.813686: signal_generate: sig=11 errno=0 code=1 comm=binder:1706_4 pid=1941 grp=0 res=0
   binder:1706_4-1941    [007] d..1.    36.813694: signal_deliver: sig=11 errno=0 code=1 sa_handler=78e83d6b18 sa_flags=18000804
 pool-4-thread-6-8430    [001] .....    36.813697: sched_process_fork: comm=pool-4-thread-6 pid=8430 child_comm=pool-4-thread-6 child_pid=8432
  Signal Catcher-1786    [006] d..1.    36.814159: signal_generate: sig=33 errno=0 code=-6 comm=ComponentDataTh pid=2426 grp=0 res=0
  binder:1706_12-4199    [006] d..1.    36.814319: signal_generate: sig=11 errno=0 code=1 comm=binder:1706_12 pid=4199 grp=0 res=0
  binder:1706_12-4199    [006] d..1.    36.814321: signal_deliver: sig=11 errno=0 code=1 sa_handler=78e83d6b18 sa_flags=18000804
 LoggerUIService-8380    [001] .....    36.814548: sched_process_fork: comm=LoggerUIService pid=8380 child_comm=LoggerUIService child_pid=8433
 ComponentDataTh-2426    [006] d..1.    36.814560: signal_deliver: sig=33 errno=0 code=-6 sa_handler=7910b7db14 sa_flags=18000004
    TranAppm_PQE-2406    [000] d..1.    36.814610: signal_generate: sig=11 errno=0 code=1 comm=TranAppm_PQE pid=2406 grp=0 res=0
    TranAppm_PQE-2406    [000] d..1.    36.814616: signal_deliver: sig=11 errno=0 code=1 sa_handler=78e83d6b18 sa_flags=18000804
  Signal Catcher-1786    [006] d..1.    36.814872: signal_generate: sig=33 errno=0 code=-6 comm=NetworkStatsObs pid=2436 grp=0 res=0
 LoggerUIService-8380    [002] .....    36.814901: sched_process_fork: comm=LoggerUIService pid=8380 child_comm=LoggerUIService child_pid=8434
 ComponentDataTh-2426    [006] d..1.    36.814904: signal_generate: sig=11 errno=0 code=1 comm=ComponentDataTh pid=2426 grp=0 res=0
 ComponentDataTh-2426    [006] d..1.    36.814905: signal_deliver: sig=11 errno=0 code=1 sa_handler=78e83d6b18 sa_flags=18000804
 LoggerUIService-8380    [002] .....    36.815304: sched_process_fork: comm=LoggerUIService pid=8380 child_comm=LoggerUIService child_pid=8435
 NetworkStatsObs-2436    [001] d..1.    36.815379: signal_deliver: sig=33 errno=0 code=-6 sa_handler=7910b7db14 sa_flags=18000004
 LoggerUIService-8380    [002] .....    36.815677: sched_process_fork: comm=LoggerUIService pid=8380 child_comm=LoggerUIService child_pid=8436
  Signal Catcher-1786    [006] dN.1.    36.816032: signal_generate: sig=33 errno=0 code=-6 comm=UsbService host pid=2438 grp=0 res=0
 UsbService host-2438    [006] d..1.    36.816051: signal_deliver: sig=33 errno=0 code=-6 sa_handler=7910b7db14 sa_flags=18000004
 LoggerUIService-8380    [002] .....    36.816154: sched_process_fork: comm=LoggerUIService pid=8380 child_comm=LoggerUIService child_pid=8437
 NetworkStatsObs-2436    [001] d..1.    36.816212: signal_generate: sig=11 errno=0 code=1 comm=NetworkStatsObs pid=2436 grp=0 res=0
 NetworkStatsObs-2436    [001] d..1.    36.816219: signal_deliver: sig=11 errno=0 code=1 sa_handler=78e83d6b18 sa_flags=18000804
  Signal Catcher-1786    [006] d..1.    36.816575: signal_generate: sig=33 errno=0 code=-6 comm=OSAppOpsService pid=2446 grp=0 res=0
 OSAppOpsService-2446    [001] d..1.    36.816593: signal_deliver: sig=33 errno=0 code=-6 sa_handler=7910b7db14 sa_flags=18000004
 OSAppOpsService-2446    [001] d..1.    36.816960: signal_generate: sig=11 errno=0 code=1 comm=OSAppOpsService pid=2446 grp=0 res=0
 OSAppOpsService-2446    [001] d..1.    36.816963: signal_deliver: sig=11 errno=0 code=1 sa_handler=78e83d6b18 sa_flags=18000804
  Signal Catcher-1786    [006] d..1.    36.816978: signal_generate: sig=33 errno=0 code=-6 comm=Thread-28 pid=2450 grp=0 res=0
       Thread-28-2450    [006] d..1.    36.817000: signal_deliver: sig=33 errno=0 code=-6 sa_handler=7910b7db14 sa_flags=18000004
 pool-4-thread-1-8425    [002] .....    36.817527: sched_process_exit: comm=pool-4-thread-1 pid=8425 prio=120
 pool-4-thread-4-8428    [002] .....    36.817722: sched_process_exit: comm=pool-4-thread-4 pid=8428 prio=120
  Signal Catcher-1786    [006] d..1.    36.817835: signal_generate: sig=33 errno=0 code=-6 comm=binder:1706_8 pid=2453 grp=0 res=0
   binder:1706_8-2453    [003] d..1.    36.818346: signal_deliver: sig=33 errno=0 code=-6 sa_handler=7910b7db14 sa_flags=18000004
     highpool[7]-7556    [002] d..1.    36.818583: signal_generate: sig=11 errno=0 code=1 comm=highpool[7] pid=7556 grp=0 res=0
     highpool[7]-7556    [002] d..1.    36.818622: signal_deliver: sig=11 errno=0 code=1 sa_handler=78e83d6b18 sa_flags=18000804
 pool-4-thread-5-8429    [002] .....    36.819582: sched_process_exit: comm=pool-4-thread-5 pid=8429 prio=120
 pool-4-thread-3-8427    [002] .....    36.819661: sched_process_exit: comm=pool-4-thread-3 pid=8427 prio=120
 pool-4-thread-6-8430    [002] .....    36.819730: sched_process_fork: comm=pool-4-thread-6 pid=8430 child_comm=pool-4-thread-6 child_pid=8438
 pool-4-thread-2-8426    [002] .....    36.820071: sched_process_exit: comm=pool-4-thread-2 pid=8426 prio=120
  Signal Catcher-1786    [006] d..1.    36.820674: signal_generate: sig=33 errno=0 code=-6 comm=tranpm/BaseData pid=2509 grp=0 res=0
 pool-5-thread-1-8438    [002] .....    36.821514: sched_process_exit: comm=pool-5-thread-1 pid=8438 prio=120
  MagellanHandle-2262    [006] d..1.    36.821618: signal_generate: sig=11 errno=0 code=1 comm=MagellanHandle pid=2262 grp=0 res=0
  MagellanHandle-2262    [006] d..1.    36.821635: signal_deliver: sig=11 errno=0 code=1 sa_handler=78e83d6b18 sa_flags=18000804
 pool-4-thread-6-8430    [002] .....    36.821942: sched_process_exit: comm=pool-4-thread-6 pid=8430 prio=120
   binder:1706_8-2453    [001] d..1.    36.823154: signal_generate: sig=11 errno=0 code=1 comm=binder:1706_8 pid=2453 grp=0 res=0
 tranpm/BaseData-2509    [003] d..1.    36.823296: signal_deliver: sig=33 errno=0 code=-6 sa_handler=7910b7db14 sa_flags=18000004
   binder:1706_8-2453    [001] d..1.    36.823359: signal_deliver: sig=11 errno=0 code=1 sa_handler=78e83d6b18 sa_flags=18000804
 tranpm/BaseData-2509    [001] d..1.    36.825942: signal_generate: sig=11 errno=0 code=1 comm=tranpm/BaseData pid=2509 grp=0 res=0
 tranpm/BaseData-2509    [001] d..1.    36.826051: signal_deliver: sig=11 errno=0 code=1 sa_handler=78e83d6b18 sa_flags=18000804
  Signal Catcher-1786    [006] d..1.    36.826088: signal_generate: sig=33 errno=0 code=-6 comm=EmergencyAfford pid=2514 grp=0 res=0
 EmergencyAfford-2514    [006] d..1.    36.826112: signal_deliver: sig=33 errno=0 code=-6 sa_handler=7910b7db14 sa_flags=18000004
  Signal Catcher-1786    [006] d..1.    36.826475: signal_generate: sig=33 errno=0 code=-6 comm=RoleControllerS pid=2520 grp=0 res=0
 EmergencyAfford-2514    [006] d..1.    36.826505: signal_generate: sig=11 errno=0 code=1 comm=EmergencyAfford pid=2514 grp=0 res=0
 EmergencyAfford-2514    [006] d..1.    36.826506: signal_deliver: sig=11 errno=0 code=1 sa_handler=78e83d6b18 sa_flags=18000804
 RoleControllerS-2520    [006] d..1.    36.826543: signal_deliver: sig=33 errno=0 code=-6 sa_handler=7910b7db14 sa_flags=18000004
  Signal Catcher-1786    [001] d..1.    36.826925: signal_generate: sig=33 errno=0 code=-6 comm=MobileDataStats pid=2533 grp=0 res=0
 MobileDataStats-2533    [005] d..1.    36.826941: signal_deliver: sig=33 errno=0 code=-6 sa_handler=7910b7db14 sa_flags=18000004
  Signal Catcher-1786    [005] d..1.    36.827220: signal_generate: sig=33 errno=0 code=-6 comm=oomadj_thread pid=2554 grp=0 res=0
 MobileDataStats-2533    [005] d..1.    36.827263: signal_generate: sig=11 errno=0 code=1 comm=MobileDataStats pid=2533 grp=0 res=0
 MobileDataStats-2533    [005] d..1.    36.827264: signal_deliver: sig=11 errno=0 code=1 sa_handler=78e83d6b18 sa_flags=18000804
   binder:1706_A-2810    [000] d..1.    36.828129: signal_generate: sig=11 errno=0 code=1 comm=binder:1706_A pid=2810 grp=0 res=0
   binder:1706_A-2810    [000] d..1.    36.828155: signal_deliver: sig=11 errno=0 code=1 sa_handler=78e83d6b18 sa_flags=18000804
 ActivityManager-1860    [000] d..1.    36.828310: signal_generate: sig=11 errno=0 code=1 comm=ActivityManager pid=1860 grp=0 res=0
 ActivityManager-1860    [000] d..1.    36.828312: signal_deliver: sig=11 errno=0 code=1 sa_handler=78e83d6b18 sa_flags=18000804
 RoleControllerS-2520    [006] d..1.    36.828491: signal_generate: sig=11 errno=0 code=1 comm=RoleControllerS pid=2520 grp=0 res=0
 RoleControllerS-2520    [006] d..1.    36.828494: signal_deliver: sig=11 errno=0 code=1 sa_handler=78e83d6b18 sa_flags=18000804
       usf-C-W-1-2632    [007] d..1.    36.828673: signal_generate: sig=11 errno=0 code=1 comm=usf-C-W-1 pid=2632 grp=0 res=0
       usf-C-W-1-2632    [007] d..1.    36.828676: signal_deliver: sig=11 errno=0 code=1 sa_handler=78e83d6b18 sa_flags=18000804
    BG Thread #1-6426    [003] .....    36.829922: sched_process_fork: comm=BG Thread #1 pid=6426 child_comm=BG Thread #1 child_pid=8439
  Lite Thread #1-8439    [001] .....    36.830516: sched_process_fork: comm=Lite Thread #1 pid=8439 child_comm=Lite Thread #1 child_pid=8440
  Lite Thread #1-8439    [001] .....    36.830922: sched_process_fork: comm=Lite Thread #1 pid=8439 child_comm=Lite Thread #1 child_pid=8441
    BG Thread #0-6423    [003] .....    36.831081: sched_process_fork: comm=BG Thread #0 pid=6423 child_comm=BG Thread #0 child_pid=8442
   binder:1706_C-2835    [001] d..1.    36.831531: signal_generate: sig=11 errno=0 code=1 comm=binder:1706_C pid=2835 grp=0 res=0
   binder:1706_C-2835    [001] d..1.    36.831551: signal_deliver: sig=11 errno=0 code=1 sa_handler=78e83d6b18 sa_flags=18000804
 health_standard-3147    [000] d..1.    36.832536: signal_generate: sig=11 errno=0 code=1 comm=health_standard pid=3147 grp=0 res=0
 health_standard-3147    [000] d..1.    36.832554: signal_deliver: sig=11 errno=0 code=1 sa_handler=78e83d6b18 sa_flags=18000804
   binder:1706_1-1795    [000] d..1.    36.833256: signal_generate: sig=11 errno=0 code=1 comm=binder:1706_1 pid=1795 grp=0 res=0
       usf-C-W-2-2633    [007] d..1.    36.833273: signal_generate: sig=11 errno=0 code=1 comm=usf-C-W-2 pid=2633 grp=0 res=0
       usf-C-W-2-2633    [007] d..1.    36.833276: signal_deliver: sig=11 errno=0 code=1 sa_handler=78e83d6b18 sa_flags=18000804
   binder:1706_1-1795    [000] d..1.    36.833279: signal_deliver: sig=11 errno=0 code=1 sa_handler=78e83d6b18 sa_flags=18000804
   binder:1706_5-1942    [000] d..1.    36.833508: signal_generate: sig=11 errno=0 code=1 comm=binder:1706_5 pid=1942 grp=0 res=0
   binder:1706_5-1942    [000] d..1.    36.833587: signal_deliver: sig=11 errno=0 code=1 sa_handler=78e83d6b18 sa_flags=18000804
   oomadj_thread-2554    [000] d..1.    36.833658: signal_deliver: sig=33 errno=0 code=-6 sa_handler=7910b7db14 sa_flags=18000004
 bgres-controlle-1874    [001] d..1.    36.834087: signal_generate: sig=11 errno=0 code=1 comm=bgres-controlle pid=1874 grp=0 res=0
 bgres-controlle-1874    [001] d..1.    36.834107: signal_deliver: sig=11 errno=0 code=1 sa_handler=78e83d6b18 sa_flags=18000804
     AppLiceJDWP-7044    [000] d..1.    36.834435: signal_generate: sig=11 errno=0 code=1 comm=AppLiceJDWP pid=7044 grp=0 res=0
     AppLiceJDWP-7044    [000] d..1.    36.834452: signal_deliver: sig=11 errno=0 code=1 sa_handler=78e83d6b18 sa_flags=18000804
  HeapTaskDaemon-8382    [006] .....    36.836568: sched_process_exit: comm=HeapTaskDaemon pid=8382 prio=112
 ReferenceQueueD-8383    [007] .....    36.836777: sched_process_exit: comm=ReferenceQueueD pid=8383 prio=112
  Signal Catcher-1786    [000] d..1.    36.837556: signal_generate: sig=33 errno=0 code=-6 comm=binder:1706_9 pid=2568 grp=0 res=0
   binder:1706_9-2568    [000] d..1.    36.837757: signal_deliver: sig=33 errno=0 code=-6 sa_handler=7910b7db14 sa_flags=18000004
 FinalizerDaemon-8384    [007] .....    36.837923: sched_process_exit: comm=FinalizerDaemon pid=8384 prio=112
 FinalizerWatchd-8385    [007] .....    36.840393: sched_process_exit: comm=FinalizerWatchd pid=8385 prio=112
 Jit thread pool-8381    [007] .....    36.840820: sched_process_exit: comm=Jit thread pool pid=8381 prio=112
   binder:1706_9-2568    [001] d..1.    36.841641: signal_generate: sig=11 errno=0 code=1 comm=binder:1706_9 pid=2568 grp=0 res=0
   binder:1706_9-2568    [001] d..1.    36.841666: signal_deliver: sig=11 errno=0 code=1 sa_handler=78e83d6b18 sa_flags=18000804
  Signal Catcher-1786    [000] d..1.    36.842757: signal_generate: sig=33 errno=0 code=-6 comm=WallpaperManage pid=2577 grp=0 res=0
 WallpaperManage-2577    [006] d..1.    36.842775: signal_deliver: sig=33 errno=0 code=-6 sa_handler=7910b7db14 sa_flags=18000004
  Signal Catcher-1786    [006] d..1.    36.843816: signal_generate: sig=33 errno=0 code=-6 comm=TranVibratorMan pid=2610 grp=0 res=0
 TranVibratorMan-2610    [006] d..1.    36.843848: signal_deliver: sig=33 errno=0 code=-6 sa_handler=7910b7db14 sa_flags=18000004
  Lite Thread #1-8439    [000] d..1.    36.844006: signal_generate: sig=11 errno=0 code=1 comm=Lite Thread #1 pid=8439 grp=0 res=0
  Lite Thread #1-8439    [000] d..1.    36.844023: signal_deliver: sig=11 errno=0 code=1 sa_handler=78e83d6b18 sa_flags=18000804
  Signal Catcher-1786    [006] d..1.    36.844098: signal_generate: sig=33 errno=0 code=-6 comm=CameraManagerGl pid=2630 grp=0 res=0
 TranVibratorMan-2610    [006] d..1.    36.844125: signal_generate: sig=11 errno=0 code=1 comm=TranVibratorMan pid=2610 grp=0 res=0
 TranVibratorMan-2610    [006] d..1.    36.844126: signal_deliver: sig=11 errno=0 code=1 sa_handler=78e83d6b18 sa_flags=18000804
 CameraManagerGl-2630    [006] d..1.    36.844183: signal_deliver: sig=33 errno=0 code=-6 sa_handler=7910b7db14 sa_flags=18000004
 WallpaperManage-2577    [006] d..1.    36.844246: signal_generate: sig=11 errno=0 code=1 comm=WallpaperManage pid=2577 grp=0 res=0
 WallpaperManage-2577    [006] d..1.    36.844248: signal_deliver: sig=11 errno=0 code=1 sa_handler=78e83d6b18 sa_flags=18000804
  Signal Catcher-1786    [006] dN.1.    36.845032: signal_generate: sig=33 errno=0 code=-6 comm=TelecomSystem pid=2684 grp=0 res=0
   TelecomSystem-2684    [006] d..1.    36.845152: signal_deliver: sig=33 errno=0 code=-6 sa_handler=7910b7db14 sa_flags=18000004
   TelecomSystem-2684    [006] d..1.    36.845351: signal_generate: sig=11 errno=0 code=1 comm=TelecomSystem pid=2684 grp=0 res=0
   TelecomSystem-2684    [006] d..1.    36.845360: signal_deliver: sig=11 errno=0 code=1 sa_handler=78e83d6b18 sa_flags=18000804
  Signal Catcher-1786    [006] d..1.    36.845530: signal_generate: sig=33 errno=0 code=-6 comm=TelecomMetricsC pid=2696 grp=0 res=0
 TelecomMetricsC-2696    [006] d..1.    36.845556: signal_deliver: sig=33 errno=0 code=-6 sa_handler=7910b7db14 sa_flags=18000004
 TelecomMetricsC-2696    [001] d..1.    36.845709: signal_generate: sig=11 errno=0 code=1 comm=TelecomMetricsC pid=2696 grp=0 res=0
 TelecomMetricsC-2696    [001] d..1.    36.845712: signal_deliver: sig=11 errno=0 code=1 sa_handler=78e83d6b18 sa_flags=18000804
  Signal Catcher-1786    [006] d..1.    36.845767: signal_generate: sig=33 errno=0 code=-6 comm=telecomAudioCal pid=2698 grp=0 res=0
 CameraManagerGl-2630    [006] d..1.    36.846033: signal_generate: sig=11 errno=0 code=1 comm=CameraManagerGl pid=2630 grp=0 res=0
 CameraManagerGl-2630    [006] d..1.    36.846042: signal_deliver: sig=11 errno=0 code=1 sa_handler=78e83d6b18 sa_flags=18000804
 telecomAudioCal-2698    [006] d..1.    36.846082: signal_deliver: sig=33 errno=0 code=-6 sa_handler=7910b7db14 sa_flags=18000004
  Signal Catcher-1786    [001] d..1.    36.846588: signal_generate: sig=33 errno=0 code=-6 comm=CallAudioRouteC pid=2699 grp=0 res=0
 telecomAudioCal-2698    [006] d..1.    36.846759: signal_generate: sig=11 errno=0 code=1 comm=telecomAudioCal pid=2698 grp=0 res=0
 telecomAudioCal-2698    [006] d..1.    36.846774: signal_deliver: sig=11 errno=0 code=1 sa_handler=78e83d6b18 sa_flags=18000804
 CallAudioRouteC-2699    [001] d..1.    36.846852: signal_deliver: sig=33 errno=0 code=-6 sa_handler=7910b7db14 sa_flags=18000004
  Signal Catcher-1786    [001] d..1.    36.847256: signal_generate: sig=33 errno=0 code=-6 comm=TranVibratorUti pid=2701 grp=0 res=0
 CallAudioRouteC-2699    [001] d..1.    36.847349: signal_generate: sig=11 errno=0 code=1 comm=CallAudioRouteC pid=2699 grp=0 res=0
  Lite Thread #1-8439    [000] d..1.    36.847883: signal_generate: sig=11 errno=0 code=1 comm=Lite Thread #1 pid=8439 grp=0 res=0
 TranVibratorUti-2701    [001] d..1.    36.847904: signal_deliver: sig=33 errno=0 code=-6 sa_handler=7910b7db14 sa_flags=18000004
  procDispatcher-2387    [006] d..1.    36.847938: signal_generate: sig=11 errno=0 code=1 comm=procDispatcher pid=2387 grp=0 res=0
  procDispatcher-2387    [006] d..1.    36.847941: signal_deliver: sig=11 errno=0 code=1 sa_handler=78e83d6b18 sa_flags=18000804
  Lite Thread #1-8439    [000] d..1.    36.847943: signal_deliver: sig=11 errno=0 code=1 sa_handler=78e83d6b18 sa_flags=18000804
 CallAudioRouteC-2699    [001] d..1.    36.847991: signal_deliver: sig=11 errno=0 code=1 sa_handler=78e83d6b18 sa_flags=18000804
 viders.calendar-8379    [005] .....    36.848301: sched_process_fork: comm=viders.calendar pid=8379 child_comm=viders.calendar child_pid=8443
  Signal Catcher-1786    [001] d..1.    36.848569: signal_generate: sig=33 errno=0 code=-6 comm=CallAudioModeSt pid=2702 grp=0 res=0
 TranVibratorUti-2701    [001] d..1.    36.848603: signal_generate: sig=11 errno=0 code=1 comm=TranVibratorUti pid=2701 grp=0 res=0
 TranVibratorUti-2701    [001] d..1.    36.848604: signal_deliver: sig=11 errno=0 code=1 sa_handler=78e83d6b18 sa_flags=18000804
   binder:1706_3-1940    [000] d..1.    36.850387: signal_generate: sig=11 errno=0 code=1 comm=binder:1706_3 pid=1940 grp=0 res=0
   binder:1706_3-1940    [000] d..1.    36.850403: signal_deliver: sig=11 errno=0 code=1 sa_handler=78e83d6b18 sa_flags=18000804
       usf-C-W-3-2634    [001] d..1.    36.850593: signal_generate: sig=11 errno=0 code=1 comm=usf-C-W-3 pid=2634 grp=0 res=0
       usf-C-W-3-2634    [001] d..1.    36.850612: signal_deliver: sig=11 errno=0 code=1 sa_handler=78e83d6b18 sa_flags=18000804
    BG Thread #2-5313    [002] d..1.    36.850986: signal_generate: sig=11 errno=0 code=1 comm=BG Thread #2 pid=5313 grp=0 res=0
    BG Thread #2-5313    [002] d..1.    36.850989: signal_deliver: sig=11 errno=0 code=1 sa_handler=78e83d6b18 sa_flags=18000804
   binder:2360_7-5224    [000] d..1.    36.851420: signal_generate: sig=11 errno=0 code=1 comm=binder:2360_7 pid=5224 grp=0 res=0
   binder:2360_7-5224    [000] d..1.    36.851435: signal_deliver: sig=11 errno=0 code=1 sa_handler=78e83d6b18 sa_flags=18000804
            main-1028    [007] .....    36.851545: sched_process_fork: comm=main pid=1028 child_comm=main child_pid=8444
 TranHiberStateH-2649    [001] d..1.    36.851559: signal_generate: sig=11 errno=0 code=1 comm=TranHiberStateH pid=2649 grp=0 res=0
 TranHiberStateH-2649    [001] d..1.    36.851562: signal_deliver: sig=11 errno=0 code=1 sa_handler=78e83d6b18 sa_flags=18000804
            main-1028    [007] .....    36.851921: sched_process_fork: comm=main pid=1028 child_comm=main child_pid=8445
            main-1028    [007] .....    36.852062: sched_process_fork: comm=main pid=1028 child_comm=main child_pid=8446
            main-1028    [007] .....    36.852132: sched_process_fork: comm=main pid=1028 child_comm=main child_pid=8447
            main-1028    [007] .....    36.852179: sched_process_fork: comm=main pid=1028 child_comm=main child_pid=8448
        Notifier-2222    [000] d..1.    36.852194: signal_generate: sig=11 errno=0 code=1 comm=Notifier pid=2222 grp=0 res=0
        Notifier-2222    [000] d..1.    36.852200: signal_deliver: sig=11 errno=0 code=1 sa_handler=78e83d6b18 sa_flags=18000804
            main-1028    [007] .....    36.852224: sched_process_fork: comm=main pid=1028 child_comm=main child_pid=8449
   oomadj_thread-2554    [000] d..1.    36.852340: signal_generate: sig=11 errno=0 code=1 comm=oomadj_thread pid=2554 grp=0 res=0
   oomadj_thread-2554    [000] d..1.    36.852346: signal_deliver: sig=11 errno=0 code=1 sa_handler=78e83d6b18 sa_flags=18000804
    usf_socket_M-2410    [007] d..1.    36.852552: signal_generate: sig=11 errno=0 code=1 comm=usf_socket_M pid=2410 grp=0 res=0
    usf_socket_M-2410    [007] d..1.    36.852568: signal_deliver: sig=11 errno=0 code=1 sa_handler=78e83d6b18 sa_flags=18000804
 socket_callback-2411    [007] d..1.    36.852657: signal_generate: sig=11 errno=0 code=1 comm=socket_callback pid=2411 grp=0 res=0
 socket_callback-2411    [007] d..1.    36.852660: signal_deliver: sig=11 errno=0 code=1 sa_handler=78e83d6b18 sa_flags=18000804
 AppStateManager-2413    [007] d..1.    36.852721: signal_generate: sig=11 errno=0 code=1 comm=AppStateManager pid=2413 grp=0 res=0
 AppStateManager-2413    [007] d..1.    36.852726: signal_deliver: sig=11 errno=0 code=1 sa_handler=78e83d6b18 sa_flags=18000804
     Service-W-1-2636    [007] d..1.    36.852755: signal_generate: sig=11 errno=0 code=1 comm=Service-W-1 pid=2636 grp=0 res=0
     Service-W-1-2636    [007] d..1.    36.852756: signal_deliver: sig=11 errno=0 code=1 sa_handler=78e83d6b18 sa_flags=18000804
     Service-W-3-2638    [007] d..1.    36.852911: signal_generate: sig=11 errno=0 code=1 comm=Service-W-3 pid=2638 grp=0 res=0
     Service-W-3-2638    [007] d..1.    36.852924: signal_deliver: sig=11 errno=0 code=1 sa_handler=78e83d6b18 sa_flags=18000804
       usf-C-W-4-2635    [006] d..1.    36.853279: signal_generate: sig=11 errno=0 code=1 comm=usf-C-W-4 pid=2635 grp=0 res=0
       usf-C-W-4-2635    [006] d..1.    36.853299: signal_deliver: sig=11 errno=0 code=1 sa_handler=78e83d6b18 sa_flags=18000804
 CallAudioModeSt-2702    [006] d..1.    36.853528: signal_deliver: sig=33 errno=0 code=-6 sa_handler=7910b7db14 sa_flags=18000004
  Lite Thread #4-8442    [003] .....    36.853865: sched_process_fork: comm=Lite Thread #4 pid=8442 child_comm=Lite Thread #4 child_pid=8450
  Signal Catcher-1786    [006] dN.1.    36.855812: signal_generate: sig=33 errno=0 code=-6 comm=CallAudioManage pid=2703 grp=0 res=0
 CallAudioManage-2703    [006] d..1.    36.855836: signal_deliver: sig=33 errno=0 code=-6 sa_handler=7910b7db14 sa_flags=18000004
 CallAudioModeSt-2702    [006] d..1.    36.855939: signal_generate: sig=11 errno=0 code=1 comm=CallAudioModeSt pid=2702 grp=0 res=0
 CallAudioModeSt-2702    [006] d..1.    36.855941: signal_deliver: sig=11 errno=0 code=1 sa_handler=78e83d6b18 sa_flags=18000804
   binder:8255_3-8273    [000] .....    36.856215: sched_process_fork: comm=binder:8255_3 pid=8273 child_comm=binder:8255_3 child_pid=8451
   binder:1706_D-2853    [007] d..1.    36.856230: signal_generate: sig=11 errno=0 code=1 comm=binder:1706_D pid=2853 grp=0 res=0
   binder:1706_D-2853    [007] d..1.    36.856232: signal_deliver: sig=11 errno=0 code=1 sa_handler=78e83d6b18 sa_flags=18000804
  Signal Catcher-1786    [006] d..1.    36.856267: signal_generate: sig=33 errno=0 code=-6 comm=ConnectionSvrFo pid=2704 grp=0 res=0
 ConnectionSvrFo-2704    [006] d..1.    36.856285: signal_deliver: sig=33 errno=0 code=-6 sa_handler=7910b7db14 sa_flags=18000004
  Signal Catcher-1786    [006] d..1.    36.856513: signal_generate: sig=33 errno=0 code=-6 comm=com.android.ser pid=2705 grp=0 res=0
 com.android.ser-2705    [006] d..1.    36.856558: signal_deliver: sig=33 errno=0 code=-6 sa_handler=7910b7db14 sa_flags=18000004
 ConnectionSvrFo-2704    [006] d..1.    36.856615: signal_generate: sig=11 errno=0 code=1 comm=ConnectionSvrFo pid=2704 grp=0 res=0
 ConnectionSvrFo-2704    [006] d..1.    36.856616: signal_deliver: sig=11 errno=0 code=1 sa_handler=78e83d6b18 sa_flags=18000804
 CallAudioManage-2703    [006] d..1.    36.856659: signal_generate: sig=11 errno=0 code=1 comm=CallAudioManage pid=2703 grp=0 res=0
 CallAudioManage-2703    [006] d..1.    36.856659: signal_deliver: sig=11 errno=0 code=1 sa_handler=78e83d6b18 sa_flags=18000804
  binder:1706_20-4345    [007] d..1.    36.856773: signal_generate: sig=11 errno=0 code=1 comm=binder:1706_20 pid=4345 grp=0 res=0
  binder:1706_20-4345    [007] d..1.    36.856774: signal_deliver: sig=11 errno=0 code=1 sa_handler=78e83d6b18 sa_flags=18000804
  Signal Catcher-1786    [006] d..1.    36.856899: signal_generate: sig=33 errno=0 code=-6 comm=TranContactInfo pid=2706 grp=0 res=0
 com.android.ser-2705    [006] d..1.    36.856920: signal_generate: sig=11 errno=0 code=1 comm=com.android.ser pid=2705 grp=0 res=0
 com.android.ser-2705    [006] d..1.    36.856921: signal_deliver: sig=11 errno=0 code=1 sa_handler=78e83d6b18 sa_flags=18000804
  binder:1706_17-4231    [007] d..1.    36.857514: signal_generate: sig=11 errno=0 code=1 comm=binder:1706_17 pid=4231 grp=0 res=0
  binder:1706_17-4231    [007] d..1.    36.857524: signal_deliver: sig=11 errno=0 code=1 sa_handler=78e83d6b18 sa_flags=18000804
      android.io-1838    [007] d..1.    36.857817: signal_generate: sig=11 errno=0 code=1 comm=android.io pid=1838 grp=0 res=0
      android.io-1838    [007] d..1.    36.857819: signal_deliver: sig=11 errno=0 code=1 sa_handler=78e83d6b18 sa_flags=18000804
 TranContactInfo-2706    [007] d..1.    36.858732: signal_deliver: sig=33 errno=0 code=-6 sa_handler=7910b7db14 sa_flags=18000004
     SyncManager-2209    [007] d..1.    36.858947: signal_generate: sig=11 errno=0 code=1 comm=SyncManager pid=2209 grp=0 res=0
     SyncManager-2209    [007] d..1.    36.858953: signal_deliver: sig=11 errno=0 code=1 sa_handler=78e83d6b18 sa_flags=18000804
 viders.calendar-8379    [001] .....    36.859038: sched_process_fork: comm=viders.calendar pid=8379 child_comm=viders.calendar child_pid=8452
 ice] processing-3458    [003] d..1.    36.859127: signal_generate: sig=11 errno=0 code=1 comm=ice] processing pid=3458 grp=0 res=0
 ice] processing-3458    [003] d..1.    36.859130: signal_deliver: sig=11 errno=0 code=1 sa_handler=78e83d6b18 sa_flags=18000804
  Signal Catcher-1786    [006] dN.1.    36.859251: signal_generate: sig=33 errno=0 code=-6 comm=ackgroundThread pid=2717 grp=0 res=0
 TranContactInfo-2706    [007] d..1.    36.859283: signal_generate: sig=11 errno=0 code=1 comm=TranContactInfo pid=2706 grp=0 res=0
 TranContactInfo-2706    [007] d..1.    36.859284: signal_deliver: sig=11 errno=0 code=1 sa_handler=78e83d6b18 sa_flags=18000804
 ackgroundThread-2717    [006] d..1.    36.859542: signal_deliver: sig=33 errno=0 code=-6 sa_handler=7910b7db14 sa_flags=18000004
