 GameEngineCache-2263    [001] d..1.    36.667615: signal_deliver: sig=11 errno=0 code=1 sa_handler=78e83d6b18 sa_flags=18000804
 com.android.ser-2258    [001] d..1.    36.667699: signal_generate: sig=11 errno=0 code=1 comm=com.android.ser pid=2258 grp=0 res=0
  Signal Catcher-1786    [001] d..1.    36.667963: signal_generate: sig=33 errno=0 code=-6 comm=TranProvider pid=2264 grp=0 res=0
    TranProvider-2264    [002] d..1.    36.667992: signal_deliver: sig=33 errno=0 code=-6 sa_handler=7910b7db14 sa_flags=18000004
  MagellanHandle-2262    [001] d..1.    36.668176: signal_generate: sig=11 errno=0 code=1 comm=MagellanHandle pid=2262 grp=0 res=0
  MagellanHandle-2262    [001] d..1.    36.668184: signal_deliver: sig=11 errno=0 code=1 sa_handler=78e83d6b18 sa_flags=18000804
 com.android.ser-2258    [001] d..1.    36.668213: signal_deliver: sig=11 errno=0 code=1 sa_handler=78e83d6b18 sa_flags=18000804
  Signal Catcher-1786    [001] d..1.    36.668573: signal_generate: sig=33 errno=0 code=-6 comm=binder:1706_6 pid=2265 grp=0 res=0
   binder:1706_6-2265    [001] d..1.    36.668600: signal_deliver: sig=33 errno=0 code=-6 sa_handler=7910b7db14 sa_flags=18000004
    TranProvider-2264    [002] d..1.    36.668636: signal_generate: sig=11 errno=0 code=1 comm=TranProvider pid=2264 grp=0 res=0
    TranProvider-2264    [002] d..1.    36.668639: signal_deliver: sig=11 errno=0 code=1 sa_handler=78e83d6b18 sa_flags=18000804
  Signal Catcher-1786    [001] d..1.    36.668845: signal_generate: sig=33 errno=0 code=-6 comm=binder:1706_7 pid=2266 grp=0 res=0
   binder:1706_7-2266    [001] d..1.    36.669280: signal_deliver: sig=33 errno=0 code=-6 sa_handler=7910b7db14 sa_flags=18000004
  Signal Catcher-1786    [001] d..1.    36.670231: signal_generate: sig=33 errno=0 code=-6 comm=HealthServiceBi pid=2273 grp=0 res=0
 HealthServiceBi-2273    [002] d..1.    36.670451: signal_deliver: sig=33 errno=0 code=-6 sa_handler=7910b7db14 sa_flags=18000004
 BehaviorManager-2359    [006] d..1.    36.671313: signal_generate: sig=11 errno=0 code=1 comm=BehaviorManager pid=2359 grp=0 res=0
 BehaviorManager-2359    [006] d..1.    36.671330: signal_deliver: sig=11 errno=0 code=1 sa_handler=78e83d6b18 sa_flags=18000804
   binder:1706_6-2265    [001] d..1.    36.671580: signal_generate: sig=11 errno=0 code=1 comm=binder:1706_6 pid=2265 grp=0 res=0
   binder:1706_6-2265    [001] d..1.    36.671587: signal_deliver: sig=11 errno=0 code=1 sa_handler=78e83d6b18 sa_flags=18000804
 HealthServiceBi-2273    [002] d..1.    36.671641: signal_generate: sig=11 errno=0 code=1 comm=HealthServiceBi pid=2273 grp=0 res=0
  Signal Catcher-1786    [007] d..1.    36.671677: signal_generate: sig=33 errno=0 code=-6 comm=OemunlockBgThre pid=2274 grp=0 res=0
 HealthServiceBi-2273    [002] d..1.    36.671681: signal_deliver: sig=11 errno=0 code=1 sa_handler=78e83d6b18 sa_flags=18000804
 OemunlockBgThre-2274    [007] d..1.    36.671695: signal_deliver: sig=33 errno=0 code=-6 sa_handler=7910b7db14 sa_flags=18000004
  Signal Catcher-1786    [007] dn.1.    36.672025: signal_generate: sig=33 errno=0 code=-6 comm=SecurityComBgTh pid=2276 grp=0 res=0
 OemunlockBgThre-2274    [007] d..1.    36.672077: signal_generate: sig=11 errno=0 code=1 comm=OemunlockBgThre pid=2274 grp=0 res=0
 OemunlockBgThre-2274    [007] d..1.    36.672078: signal_deliver: sig=11 errno=0 code=1 sa_handler=78e83d6b18 sa_flags=18000804
  procDispatcher-2387    [006] d..1.    36.672166: signal_generate: sig=11 errno=0 code=1 comm=procDispatcher pid=2387 grp=0 res=0
  procDispatcher-2387    [006] d..1.    36.672172: signal_deliver: sig=11 errno=0 code=1 sa_handler=78e83d6b18 sa_flags=18000804
 queued-work-loo-3556    [007] d..1.    36.672501: signal_generate: sig=11 errno=0 code=1 comm=queued-work-loo pid=3556 grp=0 res=0
 queued-work-loo-3556    [007] d..1.    36.672503: signal_deliver: sig=11 errno=0 code=1 sa_handler=78e83d6b18 sa_flags=18000804
 SecurityComBgTh-2276    [002] d..1.    36.672816: signal_deliver: sig=33 errno=0 code=-6 sa_handler=7910b7db14 sa_flags=18000004
  Signal Catcher-1786    [002] d..1.    36.673321: signal_generate: sig=33 errno=0 code=-6 comm=Gesture pid=2279 grp=0 res=0
         Gesture-2279    [002] d..1.    36.673419: signal_deliver: sig=33 errno=0 code=-6 sa_handler=7910b7db14 sa_flags=18000004
 SecurityComBgTh-2276    [002] d..1.    36.673928: signal_generate: sig=11 errno=0 code=1 comm=SecurityComBgTh pid=2276 grp=0 res=0
 SecurityComBgTh-2276    [002] d..1.    36.673941: signal_deliver: sig=11 errno=0 code=1 sa_handler=78e83d6b18 sa_flags=18000804
  HeapTaskDaemon-8342    [001] .....    36.673949: sched_process_exit: comm=HeapTaskDaemon pid=8342 prio=112
  Signal Catcher-1786    [002] d..1.    36.674304: signal_generate: sig=33 errno=0 code=-6 comm=GestureDamon pid=2278 grp=0 res=0
      lowpool[1]-3953    [003] d..1.    36.674308: signal_generate: sig=11 errno=0 code=1 comm=lowpool[1] pid=3953 grp=0 res=0
      lowpool[1]-3953    [003] d..1.    36.674311: signal_deliver: sig=11 errno=0 code=1 sa_handler=78e83d6b18 sa_flags=18000804
 ReferenceQueueD-8343    [007] .....    36.674627: sched_process_exit: comm=ReferenceQueueD pid=8343 prio=112
         Gesture-2279    [002] d..1.    36.674716: signal_generate: sig=11 errno=0 code=1 comm=Gesture pid=2279 grp=0 res=0
         Gesture-2279    [002] d..1.    36.674719: signal_deliver: sig=11 errno=0 code=1 sa_handler=78e83d6b18 sa_flags=18000804
 FinalizerDaemon-8344    [001] .....    36.674988: sched_process_exit: comm=FinalizerDaemon pid=8344 prio=112
    GestureDamon-2278    [002] d..1.    36.675083: signal_deliver: sig=33 errno=0 code=-6 sa_handler=7910b7db14 sa_flags=18000004
 FinalizerWatchd-8345    [001] .....    36.675136: sched_process_exit: comm=FinalizerWatchd pid=8345 prio=112
  Signal Catcher-1786    [007] d..1.    36.675442: signal_generate: sig=33 errno=0 code=-6 comm=HolaServiceLice pid=2280 grp=0 res=0
 HolaServiceLice-2280    [006] d..1.    36.675458: signal_deliver: sig=33 errno=0 code=-6 sa_handler=7910b7db14 sa_flags=18000004
 HolaServiceLice-2280    [006] d..1.    36.675620: signal_generate: sig=11 errno=0 code=1 comm=HolaServiceLice pid=2280 grp=0 res=0
 HolaServiceLice-2280    [006] d..1.    36.675629: signal_deliver: sig=11 errno=0 code=1 sa_handler=78e83d6b18 sa_flags=18000804
 Jit thread pool-8341    [001] .....    36.675648: sched_process_exit: comm=Jit thread pool pid=8341 prio=112
  Signal Catcher-1786    [007] d..1.    36.675685: signal_generate: sig=33 errno=0 code=-6 comm=touch_injection pid=2283 grp=0 res=0
 touch_injection-2283    [007] d..1.    36.675698: signal_deliver: sig=33 errno=0 code=-6 sa_handler=7910b7db14 sa_flags=18000004
    GestureDamon-2278    [002] d..1.    36.675817: signal_generate: sig=11 errno=0 code=1 comm=GestureDamon pid=2278 grp=0 res=0
    GestureDamon-2278    [002] d..1.    36.675837: signal_deliver: sig=11 errno=0 code=1 sa_handler=78e83d6b18 sa_flags=18000804
 touch_injection-2283    [007] d..1.    36.675935: signal_generate: sig=11 errno=0 code=1 comm=touch_injection pid=2283 grp=0 res=0
 touch_injection-2283    [007] d..1.    36.675952: signal_deliver: sig=11 errno=0 code=1 sa_handler=78e83d6b18 sa_flags=18000804
  Signal Catcher-1786    [006] d..1.    36.675981: signal_generate: sig=33 errno=0 code=-6 comm=tran_resources_ pid=2284 grp=0 res=0
 tran_resources_-2284    [007] d..1.    36.675996: signal_deliver: sig=33 errno=0 code=-6 sa_handler=7910b7db14 sa_flags=18000004
 tran_resources_-2284    [007] d..1.    36.676149: signal_generate: sig=11 errno=0 code=1 comm=tran_resources_ pid=2284 grp=0 res=0
 tran_resources_-2284    [007] d..1.    36.676155: signal_deliver: sig=11 errno=0 code=1 sa_handler=78e83d6b18 sa_flags=18000804
  Signal Catcher-1786    [006] d..1.    36.676226: signal_generate: sig=33 errno=0 code=-6 comm=s.displaycutout pid=2285 grp=0 res=0
 s.displaycutout-2285    [007] d..1.    36.676232: signal_deliver: sig=33 errno=0 code=-6 sa_handler=7910b7db14 sa_flags=18000004
 s.displaycutout-2285    [007] d..1.    36.676371: signal_generate: sig=11 errno=0 code=1 comm=s.displaycutout pid=2285 grp=0 res=0
 s.displaycutout-2285    [007] d..1.    36.676372: signal_deliver: sig=11 errno=0 code=1 sa_handler=78e83d6b18 sa_flags=18000804
  Signal Catcher-1786    [006] d..1.    36.676697: signal_generate: sig=33 errno=0 code=-6 comm=android.perm pid=2288 grp=0 res=0
    android.perm-2288    [002] d..1.    36.677143: signal_deliver: sig=33 errno=0 code=-6 sa_handler=7910b7db14 sa_flags=18000004
    android.perm-2288    [002] dn.1.    36.678037: signal_generate: sig=11 errno=0 code=1 comm=android.perm pid=2288 grp=0 res=0
  Signal Catcher-1786    [007] dN.1.    36.678113: signal_generate: sig=33 errno=0 code=-6 comm=oregroundThread pid=2289 grp=0 res=0
 oregroundThread-2289    [007] d..1.    36.678123: signal_deliver: sig=33 errno=0 code=-6 sa_handler=7910b7db14 sa_flags=18000004
 oregroundThread-2289    [007] d..1.    36.678243: signal_generate: sig=11 errno=0 code=1 comm=oregroundThread pid=2289 grp=0 res=0
 oregroundThread-2289    [007] d..1.    36.678244: signal_deliver: sig=11 errno=0 code=1 sa_handler=78e83d6b18 sa_flags=18000804
  Signal Catcher-1786    [007] d..1.    36.678358: signal_generate: sig=33 errno=0 code=-6 comm=RescuePartyObse pid=2291 grp=0 res=0
 RescuePartyObse-2291    [007] d..1.    36.678419: signal_deliver: sig=33 errno=0 code=-6 sa_handler=7910b7db14 sa_flags=18000004
  Signal Catcher-1786    [007] d..1.    36.678637: signal_generate: sig=33 errno=0 code=-6 comm=GameManagerServ pid=2293 grp=0 res=0
 GameManagerServ-2293    [007] d..1.    36.678662: signal_deliver: sig=33 errno=0 code=-6 sa_handler=7910b7db14 sa_flags=18000004
 RescuePartyObse-2291    [007] d..1.    36.678694: signal_generate: sig=11 errno=0 code=1 comm=RescuePartyObse pid=2291 grp=0 res=0
 RescuePartyObse-2291    [007] d..1.    36.678695: signal_deliver: sig=11 errno=0 code=1 sa_handler=78e83d6b18 sa_flags=18000804
    android.perm-2288    [002] d..1.    36.679033: signal_deliver: sig=11 errno=0 code=1 sa_handler=78e83d6b18 sa_flags=18000804
  Signal Catcher-1786    [007] d..1.    36.679173: signal_generate: sig=33 errno=0 code=-6 comm=RangingServiceH pid=2294 grp=0 res=0
 RangingServiceH-2294    [007] d..1.    36.679212: signal_deliver: sig=33 errno=0 code=-6 sa_handler=7910b7db14 sa_flags=18000004
  Signal Catcher-1786    [007] d..1.    36.679480: signal_generate: sig=33 errno=0 code=-6 comm=ackgroundThread pid=2296 grp=0 res=0
 RangingServiceH-2294    [007] d..1.    36.679498: signal_generate: sig=11 errno=0 code=1 comm=RangingServiceH pid=2294 grp=0 res=0
 RangingServiceH-2294    [007] d..1.    36.679501: signal_deliver: sig=11 errno=0 code=1 sa_handler=78e83d6b18 sa_flags=18000804
 GameManagerServ-2293    [007] d..1.    36.679548: signal_generate: sig=11 errno=0 code=1 comm=GameManagerServ pid=2293 grp=0 res=0
 GameManagerServ-2293    [007] d..1.    36.679569: signal_deliver: sig=11 errno=0 code=1 sa_handler=78e83d6b18 sa_flags=18000804
 ackgroundThread-2296    [002] d..1.    36.680096: signal_deliver: sig=33 errno=0 code=-6 sa_handler=7910b7db14 sa_flags=18000004
  Signal Catcher-1786    [007] d..1.    36.680972: signal_generate: sig=33 errno=0 code=-6 comm=TranAipowerlabS pid=2298 grp=0 res=0
 ackgroundThread-2296    [002] d..1.    36.683489: signal_generate: sig=11 errno=0 code=1 comm=ackgroundThread pid=2296 grp=0 res=0
 ackgroundThread-2296    [002] d..1.    36.683511: signal_deliver: sig=11 errno=0 code=1 sa_handler=78e83d6b18 sa_flags=18000804
              DG-8014    [002] d..1.    36.683817: signal_generate: sig=11 errno=0 code=1 comm=DG pid=8014 grp=0 res=0
              DG-8014    [002] d..1.    36.683892: signal_deliver: sig=11 errno=0 code=1 sa_handler=78e83d6b18 sa_flags=18000804
            main-1028    [006] .....    36.684370: sched_process_fork: comm=main pid=1028 child_comm=main child_pid=8379
 TranAipowerlabS-2298    [002] d..1.    36.684377: signal_deliver: sig=33 errno=0 code=-6 sa_handler=7910b7db14 sa_flags=18000004
 .debug.loggerui-8211    [001] .....    36.684711: sched_process_fork: comm=.debug.loggerui pid=8211 child_comm=.debug.loggerui child_pid=8380
            main-1028    [006] .....    36.684961: sched_process_fork: comm=main pid=1028 child_comm=main child_pid=8381
            main-1028    [006] .....    36.685164: sched_process_fork: comm=main pid=1028 child_comm=main child_pid=8382
            main-1028    [006] .....    36.685220: sched_process_fork: comm=main pid=1028 child_comm=main child_pid=8383
            main-1028    [007] .....    36.685435: sched_process_fork: comm=main pid=1028 child_comm=main child_pid=8384
            main-1028    [007] .....    36.685500: sched_process_fork: comm=main pid=1028 child_comm=main child_pid=8385
  Signal Catcher-1786    [007] d..1.    36.686482: signal_generate: sig=33 errno=0 code=-6 comm=TranPowerhubSer pid=2299 grp=0 res=0
 TranAipowerlabS-2298    [007] d..1.    36.686507: signal_generate: sig=11 errno=0 code=1 comm=TranAipowerlabS pid=2298 grp=0 res=0
 TranAipowerlabS-2298    [007] d..1.    36.686508: signal_deliver: sig=11 errno=0 code=1 sa_handler=78e83d6b18 sa_flags=18000804
 TranPowerhubSer-2299    [006] d..1.    36.686631: signal_deliver: sig=33 errno=0 code=-6 sa_handler=7910b7db14 sa_flags=18000004
 TranPowerhubSer-2299    [006] d..1.    36.686899: signal_generate: sig=11 errno=0 code=1 comm=TranPowerhubSer pid=2299 grp=0 res=0
 TranPowerhubSer-2299    [006] d..1.    36.686900: signal_deliver: sig=11 errno=0 code=1 sa_handler=78e83d6b18 sa_flags=18000804
  Signal Catcher-1786    [002] d..1.    36.687019: signal_generate: sig=33 errno=0 code=-6 comm=TranDozeTimeTic pid=2300 grp=0 res=0
   system_server-2300    [002] d..1.    36.687057: signal_deliver: sig=33 errno=0 code=-6 sa_handler=7910b7db14 sa_flags=18000004
           dmesg-8368    [005] .....    36.687243: sched_process_exit: comm=dmesg pid=8368 prio=100
           dmesg-8368    [005] d..2.    36.687311: signal_generate: sig=17 errno=0 code=1 comm=aee_dumpstate_v pid=8366 grp=1 res=2
  Signal Catcher-1786    [002] dN.1.    36.687372: signal_generate: sig=33 errno=0 code=-6 comm=atchdog.monitor pid=2301 grp=0 res=0
 atchdog.monitor-2301    [002] d..1.    36.687386: signal_deliver: sig=33 errno=0 code=-6 sa_handler=7910b7db14 sa_flags=18000004
 IN_START_ACTION-7777    [005] d..1.    36.687395: signal_generate: sig=11 errno=0 code=1 comm=IN_START_ACTION pid=7777 grp=0 res=0
 IN_START_ACTION-7777    [005] d..1.    36.687397: signal_deliver: sig=11 errno=0 code=1 sa_handler=78e83d6b18 sa_flags=18000804
 aee_dumpstate_v-8366    [003] .....    36.687509: sched_process_exit: comm=aee_dumpstate_v pid=8366 prio=100
 atchdog.monitor-2301    [002] d..1.    36.687589: signal_generate: sig=11 errno=0 code=1 comm=atchdog.monitor pid=2301 grp=0 res=0
 atchdog.monitor-2301    [002] d..1.    36.687595: signal_deliver: sig=11 errno=0 code=1 sa_handler=78e83d6b18 sa_flags=18000804
 TranDozeTimeTic-2300    [002] d..1.    36.687721: signal_generate: sig=11 errno=0 code=1 comm=TranDozeTimeTic pid=2300 grp=0 res=0
 TranDozeTimeTic-2300    [002] d..1.    36.687736: signal_deliver: sig=11 errno=0 code=1 sa_handler=78e83d6b18 sa_flags=18000804
  Signal Catcher-1786    [006] d..1.    36.687799: signal_generate: sig=33 errno=0 code=-6 comm=binder monitor pid=2302 grp=0 res=0
  binder monitor-2302    [002] d..1.    36.687816: signal_deliver: sig=33 errno=0 code=-6 sa_handler=7910b7db14 sa_flags=18000004
  Signal Catcher-1786    [006] d..1.    36.688191: signal_generate: sig=33 errno=0 code=-6 comm=queued-work-loo pid=2304 grp=0 res=0
  binder monitor-2302    [002] d..1.    36.688203: signal_generate: sig=11 errno=0 code=1 comm=binder monitor pid=2302 grp=0 res=0
  binder monitor-2302    [002] d..1.    36.688205: signal_deliver: sig=11 errno=0 code=1 sa_handler=78e83d6b18 sa_flags=18000804
 queued-work-loo-2304    [007] d..1.    36.688231: signal_deliver: sig=33 errno=0 code=-6 sa_handler=7910b7db14 sa_flags=18000004
 queued-work-loo-2304    [002] d..1.    36.688476: signal_generate: sig=11 errno=0 code=1 comm=queued-work-loo pid=2304 grp=0 res=0
 queued-work-loo-2304    [002] d..1.    36.688495: signal_deliver: sig=11 errno=0 code=1 sa_handler=78e83d6b18 sa_flags=18000804
  Signal Catcher-1786    [006] d..1.    36.688562: signal_generate: sig=33 errno=0 code=-6 comm=app.download pid=2306 grp=0 res=0
    app.download-2306    [006] d..1.    36.688620: signal_deliver: sig=33 errno=0 code=-6 sa_handler=7910b7db14 sa_flags=18000004
    app.download-2306    [002] d..1.    36.688764: signal_generate: sig=11 errno=0 code=1 comm=app.download pid=2306 grp=0 res=0
    app.download-2306    [002] d..1.    36.688780: signal_deliver: sig=11 errno=0 code=1 sa_handler=78e83d6b18 sa_flags=18000804
  Signal Catcher-1786    [006] d..1.    36.688847: signal_generate: sig=33 errno=0 code=-6 comm=MemoryMonitor pid=2307 grp=0 res=0
   MemoryMonitor-2307    [006] d..1.    36.688873: signal_deliver: sig=33 errno=0 code=-6 sa_handler=7910b7db14 sa_flags=18000004
   MemoryMonitor-2307    [002] d..1.    36.689496: signal_generate: sig=11 errno=0 code=1 comm=MemoryMonitor pid=2307 grp=0 res=0
   MemoryMonitor-2307    [002] d..1.    36.689509: signal_deliver: sig=11 errno=0 code=1 sa_handler=78e83d6b18 sa_flags=18000804
  Signal Catcher-1786    [006] d..1.    36.689748: signal_generate: sig=33 errno=0 code=-6 comm=aegean_ux pid=2310 grp=0 res=0
       aegean_ux-2310    [007] d..1.    36.689827: signal_deliver: sig=33 errno=0 code=-6 sa_handler=7910b7db14 sa_flags=18000004
       aegean_ux-2310    [007] d..1.    36.690001: signal_generate: sig=11 errno=0 code=1 comm=aegean_ux pid=2310 grp=0 res=0
       aegean_ux-2310    [007] d..1.    36.690011: signal_deliver: sig=11 errno=0 code=1 sa_handler=78e83d6b18 sa_flags=18000804
  Signal Catcher-1786    [006] dN.1.    36.690114: signal_generate: sig=33 errno=0 code=-6 comm=aegean_fg pid=2311 grp=0 res=0
       aegean_fg-2311    [006] d..1.    36.690133: signal_deliver: sig=33 errno=0 code=-6 sa_handler=7910b7db14 sa_flags=18000004
            netd-1063    [005] .....    36.690141: sched_process_fork: comm=netd pid=1063 child_comm=netd child_pid=8386
       aegean_fg-2311    [006] d..1.    36.690274: signal_generate: sig=11 errno=0 code=1 comm=aegean_fg pid=2311 grp=0 res=0
       aegean_fg-2311    [006] d..1.    36.690278: signal_deliver: sig=11 errno=0 code=1 sa_handler=78e83d6b18 sa_flags=18000804
  Signal Catcher-1786    [006] d..1.    36.690428: signal_generate: sig=33 errno=0 code=-6 comm=aegean_fgl pid=2312 grp=0 res=0
      aegean_fgl-2312    [002] d..1.    36.690454: signal_deliver: sig=33 errno=0 code=-6 sa_handler=7910b7db14 sa_flags=18000004
      aegean_fgl-2312    [002] d..1.    36.690735: signal_generate: sig=11 errno=0 code=1 comm=aegean_fgl pid=2312 grp=0 res=0
      aegean_fgl-2312    [002] d..1.    36.690750: signal_deliver: sig=11 errno=0 code=1 sa_handler=78e83d6b18 sa_flags=18000804
  Signal Catcher-1786    [002] d..1.    36.690927: signal_generate: sig=33 errno=0 code=-6 comm=CGroupCap pid=2313 grp=0 res=0
    Dns_52_10232-8386    [007] .....    36.690946: sched_process_exit: comm=Dns_52_10232 pid=8386 prio=120
       CGroupCap-2313    [007] d..1.    36.691004: signal_deliver: sig=33 errno=0 code=-6 sa_handler=7910b7db14 sa_flags=18000004
     lowpool[18]-7649    [002] d..1.    36.691085: signal_generate: sig=11 errno=0 code=1 comm=lowpool[18] pid=7649 grp=0 res=0
     lowpool[18]-7649    [002] d..1.    36.691087: signal_deliver: sig=11 errno=0 code=1 sa_handler=78e83d6b18 sa_flags=18000804
        Primes-1-6427    [002] d..1.    36.691158: signal_generate: sig=11 errno=0 code=1 comm=Primes-1 pid=6427 grp=0 res=0
        Primes-1-6427    [002] d..1.    36.691160: signal_deliver: sig=11 errno=0 code=1 sa_handler=78e83d6b18 sa_flags=18000804
  Signal Catcher-1786    [007] d..1.    36.691240: signal_generate: sig=33 errno=0 code=-6 comm=CGroupCap pid=2314 grp=0 res=0
       CGroupCap-2314    [006] d..1.    36.691259: signal_deliver: sig=33 errno=0 code=-6 sa_handler=7910b7db14 sa_flags=18000004
       CGroupCap-2313    [007] d..1.    36.691262: signal_generate: sig=11 errno=0 code=1 comm=CGroupCap pid=2313 grp=0 res=0
       CGroupCap-2313    [007] d..1.    36.691263: signal_deliver: sig=11 errno=0 code=1 sa_handler=78e83d6b18 sa_flags=18000804
       CGroupCap-2314    [007] d..1.    36.691439: signal_generate: sig=11 errno=0 code=1 comm=CGroupCap pid=2314 grp=0 res=0
       CGroupCap-2314    [007] d..1.    36.691449: signal_deliver: sig=11 errno=0 code=1 sa_handler=78e83d6b18 sa_flags=18000804
  Signal Catcher-1786    [006] d..1.    36.691553: signal_generate: sig=33 errno=0 code=-6 comm=aegean_bg pid=2315 grp=0 res=0
    highpool[10]-7631    [005] d..1.    36.691851: signal_generate: sig=11 errno=0 code=1 comm=highpool[10] pid=7631 grp=0 res=0
    highpool[10]-7631    [005] d..1.    36.691869: signal_deliver: sig=11 errno=0 code=1 sa_handler=78e83d6b18 sa_flags=18000804
        Primes-1-6427    [002] .....    36.692138: sched_process_fork: comm=Primes-1 pid=6427 child_comm=Primes-1 child_pid=8387
 GoogleApiHandle-3421    [005] d..1.    36.692296: signal_generate: sig=11 errno=0 code=1 comm=GoogleApiHandle pid=3421 grp=0 res=0
 GoogleApiHandle-3421    [005] d..1.    36.692298: signal_deliver: sig=11 errno=0 code=1 sa_handler=78e83d6b18 sa_flags=18000804
   binder:3808_A-7016    [001] d..1.    36.692666: signal_generate: sig=11 errno=0 code=1 comm=binder:3808_A pid=7016 grp=0 res=0
   binder:3808_A-7016    [001] d..1.    36.692756: signal_deliver: sig=11 errno=0 code=1 sa_handler=78e83d6b18 sa_flags=18000804
 MobileDataStats-2533    [005] d..1.    36.693567: signal_generate: sig=11 errno=0 code=1 comm=MobileDataStats pid=2533 grp=0 res=0
 Blocking Thread-6479    [002] d..1.    36.693714: signal_generate: sig=11 errno=0 code=1 comm=Blocking Thread pid=6479 grp=0 res=0
 Blocking Thread-6479    [002] d..1.    36.693717: signal_deliver: sig=11 errno=0 code=1 sa_handler=78e83d6b18 sa_flags=18000804
 MobileDataStats-2533    [005] d..1.    36.693898: signal_deliver: sig=11 errno=0 code=1 sa_handler=78e83d6b18 sa_flags=18000804
 Blocking Thread-6425    [002] d..1.    36.694475: signal_generate: sig=11 errno=0 code=1 comm=Blocking Thread pid=6425 grp=0 res=0
 Blocking Thread-6425    [002] d..1.    36.694479: signal_deliver: sig=11 errno=0 code=1 sa_handler=78e83d6b18 sa_flags=18000804
    RenderThread-2208    [006] d..1.    36.696431: signal_generate: sig=11 errno=0 code=1 comm=RenderThread pid=2208 grp=0 res=0
    RenderThread-2208    [006] d..1.    36.696457: signal_deliver: sig=11 errno=0 code=1 sa_handler=78e83d6b18 sa_flags=18000804
 Blocking Thread-6480    [001] d..1.    36.698085: signal_generate: sig=11 errno=0 code=1 comm=Blocking Thread pid=6480 grp=0 res=0
     lowpool[16]-7647    [005] d..1.    36.698091: signal_generate: sig=11 errno=0 code=1 comm=lowpool[16] pid=7647 grp=0 res=0
     lowpool[16]-7647    [005] d..1.    36.698094: signal_deliver: sig=11 errno=0 code=1 sa_handler=78e83d6b18 sa_flags=18000804
     highpool[1]-3453    [002] d..1.    36.698350: signal_generate: sig=11 errno=0 code=1 comm=highpool[1] pid=3453 grp=0 res=0
     highpool[1]-3453    [002] d..1.    36.698394: signal_deliver: sig=11 errno=0 code=1 sa_handler=78e83d6b18 sa_flags=18000804
 gedprovisioning-8339    [004] .....    36.698610: sched_process_fork: comm=gedprovisioning pid=8339 child_comm=gedprovisioning child_pid=8388
     lowpool[10]-5731    [005] d..1.    36.699456: signal_generate: sig=11 errno=0 code=1 comm=lowpool[10] pid=5731 grp=0 res=0
     lowpool[10]-5731    [005] d..1.    36.699473: signal_deliver: sig=11 errno=0 code=1 sa_handler=78e83d6b18 sa_flags=18000804
   binder:1706_7-2266    [005] d..1.    36.700280: signal_generate: sig=11 errno=0 code=1 comm=binder:1706_7 pid=2266 grp=0 res=0
   binder:1706_7-2266    [005] d..1.    36.700355: signal_deliver: sig=11 errno=0 code=1 sa_handler=78e83d6b18 sa_flags=18000804
      lowpool[5]-4180    [002] dn.1.    36.700665: signal_generate: sig=11 errno=0 code=1 comm=lowpool[5] pid=4180 grp=0 res=0
      lowpool[5]-4180    [002] d..1.    36.700775: signal_deliver: sig=11 errno=0 code=1 sa_handler=78e83d6b18 sa_flags=18000804
 ConnectivityThr-4990    [006] d..1.    36.701590: signal_generate: sig=11 errno=0 code=1 comm=ConnectivityThr pid=4990 grp=0 res=0
 ConnectivityThr-4990    [006] d..1.    36.701606: signal_deliver: sig=11 errno=0 code=1 sa_handler=78e83d6b18 sa_flags=18000804
 NearLanManager--5727    [005] d..1.    36.701699: signal_generate: sig=11 errno=0 code=1 comm=NearLanManager- pid=5727 grp=0 res=0
 NearLanManager--5727    [005] d..1.    36.701723: signal_deliver: sig=11 errno=0 code=1 sa_handler=78e83d6b18 sa_flags=18000804
 SharedPreferenc-5256    [003] d..1.    36.701777: signal_generate: sig=11 errno=0 code=1 comm=SharedPreferenc pid=5256 grp=0 res=0
 SharedPreferenc-5256    [003] d..1.    36.701780: signal_deliver: sig=11 errno=0 code=1 sa_handler=78e83d6b18 sa_flags=18000804
       aegean_bg-2315    [003] d..1.    36.702145: signal_deliver: sig=33 errno=0 code=-6 sa_handler=7910b7db14 sa_flags=18000004
 gedprovisioning-8339    [007] .....    36.702731: sched_process_fork: comm=gedprovisioning pid=8339 child_comm=gedprovisioning child_pid=8389
 gedprovisioning-8339    [007] .....    36.703432: sched_process_fork: comm=gedprovisioning pid=8339 child_comm=gedprovisioning child_pid=8390
 gedprovisioning-8339    [007] .....    36.703528: sched_process_fork: comm=gedprovisioning pid=8339 child_comm=gedprovisioning child_pid=8391
     highpool[1]-3453    [005] d..1.    36.703535: signal_generate: sig=11 errno=0 code=1 comm=highpool[1] pid=3453 grp=0 res=0
 gedprovisioning-8339    [007] .....    36.703579: sched_process_fork: comm=gedprovisioning pid=8339 child_comm=gedprovisioning child_pid=8392
     highpool[1]-3453    [005] d..1.    36.703584: signal_deliver: sig=11 errno=0 code=1 sa_handler=78e83d6b18 sa_flags=18000804
 gedprovisioning-8339    [007] .....    36.703625: sched_process_fork: comm=gedprovisioning pid=8339 child_comm=gedprovisioning child_pid=8393
 SharedPreferenc-5256    [003] .....    36.703768: sched_process_exit: comm=SharedPreferenc pid=5256 prio=120
       aegean_bg-2315    [003] d..1.    36.703947: signal_generate: sig=11 errno=0 code=1 comm=aegean_bg pid=2315 grp=0 res=0
       aegean_bg-2315    [003] d..1.    36.703971: signal_deliver: sig=11 errno=0 code=1 sa_handler=78e83d6b18 sa_flags=18000804
  Signal Catcher-1786    [007] d..1.    36.704553: signal_generate: sig=33 errno=0 code=-6 comm=aegean_scene pid=2316 grp=0 res=0
 gedprovisioning-8339    [007] .....    36.704700: sched_process_fork: comm=gedprovisioning pid=8339 child_comm=gedprovisioning child_pid=8394
    aegean_scene-2316    [002] d..1.    36.705214: signal_deliver: sig=33 errno=0 code=-6 sa_handler=7910b7db14 sa_flags=18000004
 IN_START_ACTION-7777    [003] d..1.    36.705720: signal_generate: sig=11 errno=0 code=1 comm=IN_START_ACTION pid=7777 grp=0 res=0
 IN_START_ACTION-7777    [003] d..1.    36.705723: signal_deliver: sig=11 errno=0 code=1 sa_handler=78e83d6b18 sa_flags=18000804
    aegean_scene-2316    [002] d..1.    36.706779: signal_generate: sig=11 errno=0 code=1 comm=aegean_scene pid=2316 grp=0 res=0
    aegean_scene-2316    [002] d..1.    36.706807: signal_deliver: sig=11 errno=0 code=1 sa_handler=78e83d6b18 sa_flags=18000804
  Signal Catcher-1786    [007] d..1.    36.706848: signal_generate: sig=33 errno=0 code=-6 comm=aegean_scene2 pid=2317 grp=0 res=0
 gedprovisioning-8339    [007] .....    36.707044: sched_process_fork: comm=gedprovisioning pid=8339 child_comm=gedprovisioning child_pid=8395
   aegean_scene2-2317    [005] d..1.    36.707168: signal_deliver: sig=33 errno=0 code=-6 sa_handler=7910b7db14 sa_flags=18000004
 re-initialized>-8339    [007] .....    36.708619: sched_process_fork: comm=re-initialized> pid=8339 child_comm=re-initialized> child_pid=8396
   binder:8339_1-8395    [007] .....    36.708762: sched_process_fork: comm=binder:8339_1 pid=8395 child_comm=binder:8339_1 child_pid=8397
  Signal Catcher-1786    [005] d..1.    36.709379: signal_generate: sig=33 errno=0 code=-6 comm=aegean_recycle pid=2324 grp=0 res=0
   aegean_scene2-2317    [005] d..1.    36.709488: signal_generate: sig=11 errno=0 code=1 comm=aegean_scene2 pid=2317 grp=0 res=0
   aegean_scene2-2317    [005] d..1.    36.709500: signal_deliver: sig=11 errno=0 code=1 sa_handler=78e83d6b18 sa_flags=18000804
 health_standard-3147    [000] d..1.    36.710435: signal_generate: sig=11 errno=0 code=1 comm=health_standard pid=3147 grp=0 res=0
  aegean_recycle-2324    [003] d..1.    36.710442: signal_deliver: sig=33 errno=0 code=-6 sa_handler=7910b7db14 sa_flags=18000004
 health_standard-3147    [000] d..1.    36.710451: signal_deliver: sig=11 errno=0 code=1 sa_handler=78e83d6b18 sa_flags=18000804
  aegean_recycle-2324    [003] d..1.    36.710848: signal_generate: sig=11 errno=0 code=1 comm=aegean_recycle pid=2324 grp=0 res=0
  aegean_recycle-2324    [003] d..1.    36.710855: signal_deliver: sig=11 errno=0 code=1 sa_handler=78e83d6b18 sa_flags=18000804
  Signal Catcher-1786    [005] d..1.    36.710915: signal_generate: sig=33 errno=0 code=-6 comm=aegeanUiasLine pid=2325 grp=0 res=0
  aegeanUiasLine-2325    [001] d..1.    36.712575: signal_deliver: sig=33 errno=0 code=-6 sa_handler=7910b7db14 sa_flags=18000004
  Signal Catcher-1786    [000] d..1.    36.716614: signal_generate: sig=33 errno=0 code=-6 comm=aegean_umf pid=2327 grp=0 res=0
  aegeanUiasLine-2325    [001] d..1.    36.716624: signal_generate: sig=11 errno=0 code=1 comm=aegeanUiasLine pid=2325 grp=0 res=0
  aegeanUiasLine-2325    [001] d..1.    36.716629: signal_deliver: sig=11 errno=0 code=1 sa_handler=78e83d6b18 sa_flags=18000804
      aegean_umf-2327    [002] d..1.    36.716753: signal_deliver: sig=33 errno=0 code=-6 sa_handler=7910b7db14 sa_flags=18000004
      aegean_umf-2327    [002] d..1.    36.717283: signal_generate: sig=11 errno=0 code=1 comm=aegean_umf pid=2327 grp=0 res=0
      aegean_umf-2327    [002] d..1.    36.717303: signal_deliver: sig=11 errno=0 code=1 sa_handler=78e83d6b18 sa_flags=18000804
  Signal Catcher-1786    [007] d..1.    36.717364: signal_generate: sig=33 errno=0 code=-6 comm=reclaim pid=2328 grp=0 res=0
         reclaim-2328    [003] d..1.    36.717425: signal_deliver: sig=33 errno=0 code=-6 sa_handler=7910b7db14 sa_flags=18000004
         reclaim-2328    [003] d..1.    36.717727: signal_generate: sig=11 errno=0 code=1 comm=reclaim pid=2328 grp=0 res=0
         reclaim-2328    [003] d..1.    36.717744: signal_deliver: sig=11 errno=0 code=1 sa_handler=78e83d6b18 sa_flags=18000804
  Signal Catcher-1786    [007] d..1.    36.717828: signal_generate: sig=33 errno=0 code=-6 comm=aegeanKytLine pid=2330 grp=0 res=0
 queued-work-loo-5430    [000] d..1.    36.717876: signal_generate: sig=11 errno=0 code=1 comm=queued-work-loo pid=5430 grp=0 res=0
 queued-work-loo-5430    [000] d..1.    36.717879: signal_deliver: sig=11 errno=0 code=1 sa_handler=78e83d6b18 sa_flags=18000804
   aegeanKytLine-2330    [007] d..1.    36.718060: signal_deliver: sig=33 errno=0 code=-6 sa_handler=7910b7db14 sa_flags=18000004
  Signal Catcher-1786    [007] d..1.    36.718291: signal_generate: sig=33 errno=0 code=-6 comm=reclaim_abort pid=2331 grp=0 res=0
   reclaim_abort-2331    [002] d..1.    36.718309: signal_deliver: sig=33 errno=0 code=-6 sa_handler=7910b7db14 sa_flags=18000004
   aegeanKytLine-2330    [007] d..1.    36.718420: signal_generate: sig=11 errno=0 code=1 comm=aegeanKytLine pid=2330 grp=0 res=0
   aegeanKytLine-2330    [007] d..1.    36.718424: signal_deliver: sig=11 errno=0 code=1 sa_handler=78e83d6b18 sa_flags=18000804
   reclaim_abort-2331    [002] d..1.    36.718958: signal_generate: sig=11 errno=0 code=1 comm=reclaim_abort pid=2331 grp=0 res=0
   reclaim_abort-2331    [002] d..1.    36.718960: signal_deliver: sig=11 errno=0 code=1 sa_handler=78e83d6b18 sa_flags=18000804
  Signal Catcher-1786    [005] dN.1.    36.719077: signal_generate: sig=33 errno=0 code=-6 comm=preload_thread pid=2332 grp=0 res=0
  preload_thread-2332    [005] d..1.    36.719090: signal_deliver: sig=33 errno=0 code=-6 sa_handler=7910b7db14 sa_flags=18000004
  preload_thread-2332    [005] d..1.    36.719233: signal_generate: sig=11 errno=0 code=1 comm=preload_thread pid=2332 grp=0 res=0
  preload_thread-2332    [005] d..1.    36.719235: signal_deliver: sig=11 errno=0 code=1 sa_handler=78e83d6b18 sa_flags=18000804
  Signal Catcher-1786    [005] d..1.    36.719633: signal_generate: sig=33 errno=0 code=-6 comm=memory_fusion pid=2337 grp=0 res=0
 GoogleApiHandle-8089    [007] d..1.    36.721894: signal_generate: sig=11 errno=0 code=1 comm=GoogleApiHandle pid=8089 grp=0 res=0
 GoogleApiHandle-8089    [007] d..1.    36.721911: signal_deliver: sig=11 errno=0 code=1 sa_handler=78e83d6b18 sa_flags=18000804
 Measurement Wor-6872    [002] d..1.    36.723773: signal_generate: sig=11 errno=0 code=1 comm=Measurement Wor pid=6872 grp=0 res=0
 Measurement Wor-6872    [002] d..1.    36.723915: signal_deliver: sig=11 errno=0 code=1 sa_handler=78e83d6b18 sa_flags=18000804
   binder:8028_3-8072    [007] .....    36.725231: sched_process_fork: comm=binder:8028_3 pid=8072 child_comm=binder:8028_3 child_pid=8398
   binder:8339_2-8397    [002] .....    36.725789: sched_process_fork: comm=binder:8339_2 pid=8397 child_comm=binder:8339_2 child_pid=8399
    BG Thread #0-6423    [001] d..1.    36.725910: signal_generate: sig=11 errno=0 code=1 comm=BG Thread #0 pid=6423 grp=0 res=0
        Primes-1-6427    [001] .....    36.726234: sched_process_fork: comm=Primes-1 pid=6427 child_comm=Primes-1 child_pid=8400
        Primes-1-6427    [001] .....    36.726509: sched_process_fork: comm=Primes-1 pid=6427 child_comm=Primes-1 child_pid=8401
    BG Thread #0-6423    [001] d..1.    36.726583: signal_deliver: sig=11 errno=0 code=1 sa_handler=78e83d6b18 sa_flags=18000804
    BG Thread #1-6426    [001] d..1.    36.726646: signal_generate: sig=11 errno=0 code=1 comm=BG Thread #1 pid=6426 grp=0 res=0
    BG Thread #1-6426    [001] d..1.    36.726679: signal_deliver: sig=11 errno=0 code=1 sa_handler=78e83d6b18 sa_flags=18000804
   binder:8028_3-8072    [007] .....    36.727226: sched_process_fork: comm=binder:8028_3 pid=8072 child_comm=binder:8028_3 child_pid=8402
   binder:8028_3-8072    [007] .....    36.727298: sched_process_fork: comm=binder:8028_3 pid=8072 child_comm=binder:8028_3 child_pid=8403
 ThreadPoolForeg-8403    [005] .....    36.727679: sched_process_fork: comm=ThreadPoolForeg pid=8403 child_comm=ThreadPoolForeg child_pid=8404
 GoogleApiHandle-6424    [000] d..1.    36.728045: signal_generate: sig=11 errno=0 code=1 comm=GoogleApiHandle pid=6424 grp=0 res=0
 GoogleApiHandle-6424    [000] d..1.    36.728051: signal_deliver: sig=11 errno=0 code=1 sa_handler=78e83d6b18 sa_flags=18000804
   binder:8028_3-8072    [002] .....    36.729292: sched_process_fork: comm=binder:8028_3 pid=8072 child_comm=binder:8028_3 child_pid=8405
 pool-142-thread-8222    [006] d..1.    36.730763: signal_generate: sig=11 errno=0 code=1 comm=pool-142-thread pid=8222 grp=0 res=0
 pool-142-thread-8222    [006] d..1.    36.730780: signal_deliver: sig=11 errno=0 code=1 sa_handler=78e83d6b18 sa_flags=18000804
 pool-144-thread-8224    [006] d..1.    36.731262: signal_generate: sig=11 errno=0 code=1 comm=pool-144-thread pid=8224 grp=0 res=0
 pool-144-thread-8224    [006] d..1.    36.731265: signal_deliver: sig=11 errno=0 code=1 sa_handler=78e83d6b18 sa_flags=18000804
 pool-145-thread-8225    [006] d..1.    36.731637: signal_generate: sig=11 errno=0 code=1 comm=pool-145-thread pid=8225 grp=0 res=0
 pool-145-thread-8225    [006] d..1.    36.731655: signal_deliver: sig=11 errno=0 code=1 sa_handler=78e83d6b18 sa_flags=18000804
 ThreadPoolForeg-8404    [002] .....    36.737893: sched_process_fork: comm=ThreadPoolForeg pid=8404 child_comm=ThreadPoolForeg child_pid=8406
 ThreadPoolForeg-8404    [002] .....    36.738084: sched_process_fork: comm=ThreadPoolForeg pid=8404 child_comm=ThreadPoolForeg child_pid=8407
 ThreadPoolForeg-8407    [006] .....    36.738608: sched_process_fork: comm=ThreadPoolForeg pid=8407 child_comm=ThreadPoolForeg child_pid=8408
   binder:8028_3-8072    [006] d..1.    36.739932: signal_generate: sig=11 errno=0 code=1 comm=binder:8028_3 pid=8072 grp=0 res=0
   binder:8028_3-8072    [006] d..1.    36.739952: signal_deliver: sig=11 errno=0 code=1 sa_handler=78e83d6b18 sa_flags=18000804
   binder:8028_3-8072    [006] .....    36.740334: sched_process_fork: comm=binder:8028_3 pid=8072 child_comm=binder:8028_3 child_pid=8409
     AppLiceJDWP-7008    [000] d..1.    36.741327: signal_generate: sig=11 errno=0 code=1 comm=AppLiceJDWP pid=7008 grp=0 res=0
     AppLiceJDWP-7008    [000] d..1.    36.741351: signal_deliver: sig=11 errno=0 code=1 sa_handler=78e83d6b18 sa_flags=18000804
   binder:8028_2-8048    [002] d..1.    36.743539: signal_generate: sig=11 errno=0 code=1 comm=binder:8028_2 pid=8048 grp=0 res=0
   binder:8028_2-8048    [002] d..1.    36.743564: signal_deliver: sig=11 errno=0 code=1 sa_handler=78e83d6b18 sa_flags=18000804
 Blocking Thread-6436    [003] d..1.    36.746528: signal_generate: sig=11 errno=0 code=1 comm=Blocking Thread pid=6436 grp=0 res=0
      lowpool[0]-3415    [000] d..1.    36.746636: signal_generate: sig=11 errno=0 code=1 comm=lowpool[0] pid=3415 grp=0 res=0
      lowpool[0]-3415    [000] d..1.    36.746641: signal_deliver: sig=11 errno=0 code=1 sa_handler=78e83d6b18 sa_flags=18000804
 Blocking Thread-6480    [000] d..1.    36.746713: signal_deliver: sig=11 errno=0 code=1 sa_handler=78e83d6b18 sa_flags=18000804
 Blocking Thread-6481    [001] d..1.    36.747205: signal_generate: sig=11 errno=0 code=1 comm=Blocking Thread pid=6481 grp=0 res=0
 Blocking Thread-6481    [001] d..1.    36.747234: signal_deliver: sig=11 errno=0 code=1 sa_handler=78e83d6b18 sa_flags=18000804
 Blocking Thread-6436    [003] d..1.    36.747338: signal_deliver: sig=11 errno=0 code=1 sa_handler=78e83d6b18 sa_flags=18000804
           <...>-6102    [006] d..1.    36.748056: signal_generate: sig=11 errno=0 code=1 comm=Lite Thread #5 pid=6102 grp=0 res=0
           <...>-6102    [006] d..1.    36.748059: signal_deliver: sig=11 errno=0 code=1 sa_handler=78e83d6b18 sa_flags=18000804
 roid.usagestats-1987    [001] d..1.    36.754050: signal_generate: sig=11 errno=0 code=1 comm=roid.usagestats pid=1987 grp=0 res=0
   memory_fusion-2337    [002] d..1.    36.754153: signal_deliver: sig=33 errno=0 code=-6 sa_handler=7910b7db14 sa_flags=18000004
   memory_fusion-2337    [002] d..1.    36.754951: signal_generate: sig=11 errno=0 code=1 comm=memory_fusion pid=2337 grp=0 res=0
   memory_fusion-2337    [002] d..1.    36.754959: signal_deliver: sig=11 errno=0 code=1 sa_handler=78e83d6b18 sa_flags=18000804
  Signal Catcher-1786    [007] d..1.    36.755085: signal_generate: sig=33 errno=0 code=-6 comm=aegean_checker pid=2338 grp=0 res=0
 id.gms.unstable-8028    [007] d..1.    36.757138: signal_generate: sig=11 errno=0 code=1 comm=id.gms.unstable pid=8028 grp=0 res=0
 id.gms.unstable-8028    [007] d..1.    36.757151: signal_deliver: sig=11 errno=0 code=1 sa_handler=78e83d6b18 sa_flags=18000804
  aegean_checker-2338    [000] d..1.    36.757332: signal_deliver: sig=33 errno=0 code=-6 sa_handler=7910b7db14 sa_flags=18000004
  Signal Catcher-1786    [005] d..1.    36.758029: signal_generate: sig=33 errno=0 code=-6 comm=com.transsion.p pid=2340 grp=0 res=0
 com.transsion.p-2340    [007] d..1.    36.758084: signal_deliver: sig=33 errno=0 code=-6 sa_handler=7910b7db14 sa_flags=18000004
 com.transsion.p-2340    [007] d..1.    36.758339: signal_generate: sig=11 errno=0 code=1 comm=com.transsion.p pid=2340 grp=0 res=0
 com.transsion.p-2340    [007] d..1.    36.758348: signal_deliver: sig=11 errno=0 code=1 sa_handler=78e83d6b18 sa_flags=18000804
  Signal Catcher-1786    [005] d..1.    36.758433: signal_generate: sig=33 errno=0 code=-6 comm=hstdBehavior pid=2341 grp=0 res=0
    hstdBehavior-2341    [003] d..1.    36.758447: signal_deliver: sig=33 errno=0 code=-6 sa_handler=7910b7db14 sa_flags=18000004
  aegean_checker-2338    [002] d..1.    36.758691: signal_generate: sig=11 errno=0 code=1 comm=aegean_checker pid=2338 grp=0 res=0
  aegean_checker-2338    [002] d..1.    36.758694: signal_deliver: sig=11 errno=0 code=1 sa_handler=78e83d6b18 sa_flags=18000804
    hstdBehavior-2341    [003] d..1.    36.758770: signal_generate: sig=11 errno=0 code=1 comm=hstdBehavior pid=2341 grp=0 res=0
 roid.usagestats-1987    [001] d..1.    36.758776: signal_deliver: sig=11 errno=0 code=1 sa_handler=78e83d6b18 sa_flags=18000804
    hstdBehavior-2341    [003] d..1.    36.758779: signal_deliver: sig=11 errno=0 code=1 sa_handler=78e83d6b18 sa_flags=18000804
  Signal Catcher-1786    [003] dn.1.    36.759018: signal_generate: sig=33 errno=0 code=-6 comm=StandbyHandler pid=2342 grp=0 res=0
  StandbyHandler-2342    [000] d..1.    36.760769: signal_deliver: sig=33 errno=0 code=-6 sa_handler=7910b7db14 sa_flags=18000004
  StandbyHandler-2342    [000] d..1.    36.762898: signal_generate: sig=11 errno=0 code=1 comm=StandbyHandler pid=2342 grp=0 res=0
  StandbyHandler-2342    [000] d..1.    36.763038: signal_deliver: sig=11 errno=0 code=1 sa_handler=78e83d6b18 sa_flags=18000804
     highpool[1]-3453    [000] d..1.    36.763135: signal_generate: sig=11 errno=0 code=1 comm=highpool[1] pid=3453 grp=0 res=0
      CronetInit-8398    [002] .....    36.763173: sched_process_fork: comm=CronetInit pid=8398 child_comm=CronetInit child_pid=8410
  Signal Catcher-1786    [006] d..1.    36.763294: signal_generate: sig=33 errno=0 code=-6 comm=StandbyConfigMa pid=2343 grp=0 res=0
     highpool[1]-3453    [000] d..1.    36.763502: signal_deliver: sig=11 errno=0 code=1 sa_handler=78e83d6b18 sa_flags=18000804
 StandbyConfigMa-2343    [006] d..1.    36.763522: signal_deliver: sig=33 errno=0 code=-6 sa_handler=7910b7db14 sa_flags=18000004
 gedprovisioning-8339    [006] .....    36.764101: sched_process_fork: comm=gedprovisioning pid=8339 child_comm=gedprovisioning child_pid=8411
  Signal Catcher-1786    [003] d..1.    36.764207: signal_generate: sig=33 errno=0 code=-6 comm=TranJobMonitor pid=2344 grp=0 res=0
 StandbyConfigMa-2343    [003] d..1.    36.764235: signal_generate: sig=11 errno=0 code=1 comm=StandbyConfigMa pid=2343 grp=0 res=0
 StandbyConfigMa-2343    [003] d..1.    36.764238: signal_deliver: sig=11 errno=0 code=1 sa_handler=78e83d6b18 sa_flags=18000804
  TranJobMonitor-2344    [003] d..1.    36.764298: signal_deliver: sig=33 errno=0 code=-6 sa_handler=7910b7db14 sa_flags=18000004
 LoggerUIService-8380    [001] .....    36.766868: sched_process_fork: comm=LoggerUIService pid=8380 child_comm=LoggerUIService child_pid=8412
  Signal Catcher-1786    [003] d..1.    36.766875: signal_generate: sig=33 errno=0 code=-6 comm=TranMemCollectM pid=2346 grp=0 res=0
  TranJobMonitor-2344    [003] d..1.    36.767211: signal_generate: sig=11 errno=0 code=1 comm=TranJobMonitor pid=2344 grp=0 res=0
  TranJobMonitor-2344    [003] d..1.    36.767225: signal_deliver: sig=11 errno=0 code=1 sa_handler=78e83d6b18 sa_flags=18000804
 TranMemCollectM-2346    [003] d..1.    36.767293: signal_deliver: sig=33 errno=0 code=-6 sa_handler=7910b7db14 sa_flags=18000004
 TranMemCollectM-2346    [003] d..1.    36.767843: signal_generate: sig=11 errno=0 code=1 comm=TranMemCollectM pid=2346 grp=0 res=0
 TranMemCollectM-2346    [003] d..1.    36.767861: signal_deliver: sig=11 errno=0 code=1 sa_handler=78e83d6b18 sa_flags=18000804
  Signal Catcher-1786    [005] d..1.    36.767907: signal_generate: sig=33 errno=0 code=-6 comm=lmkDumpsysColle pid=2348 grp=0 res=0
 .debug.loggerui-8211    [001] .....    36.769106: sched_process_fork: comm=.debug.loggerui pid=8211 child_comm=.debug.loggerui child_pid=8413
 lmkDumpsysColle-2348    [000] d..1.    36.769878: signal_deliver: sig=33 errno=0 code=-6 sa_handler=7910b7db14 sa_flags=18000004
   binder:5778_1-5795    [001] d..1.    36.773646: signal_generate: sig=11 errno=0 code=1 comm=binder:5778_1 pid=5795 grp=0 res=0
  Signal Catcher-1786    [000] d..1.    36.774110: signal_generate: sig=33 errno=0 code=-6 comm=FileUtilsBackgr pid=2349 grp=0 res=0
 FileUtilsBackgr-2349    [003] d..1.    36.774132: signal_deliver: sig=33 errno=0 code=-6 sa_handler=7910b7db14 sa_flags=18000004
 lmkDumpsysColle-2348    [000] d..1.    36.774766: signal_generate: sig=11 errno=0 code=1 comm=lmkDumpsysColle pid=2348 grp=0 res=0
  Signal Catcher-1786    [003] d..1.    36.774794: signal_generate: sig=33 errno=0 code=-6 comm=app.download pid=2358 grp=0 res=0
 lmkDumpsysColle-2348    [000] d..1.    36.774797: signal_deliver: sig=11 errno=0 code=1 sa_handler=78e83d6b18 sa_flags=18000804
 FileUtilsBackgr-2349    [003] d..1.    36.774843: signal_generate: sig=11 errno=0 code=1 comm=FileUtilsBackgr pid=2349 grp=0 res=0
 FileUtilsBackgr-2349    [003] d..1.    36.774845: signal_deliver: sig=11 errno=0 code=1 sa_handler=78e83d6b18 sa_flags=18000804
    app.download-2358    [000] d..1.    36.775128: signal_deliver: sig=33 errno=0 code=-6 sa_handler=7910b7db14 sa_flags=18000004
   binder:5778_1-5795    [001] d..1.    36.775561: signal_deliver: sig=11 errno=0 code=1 sa_handler=78e83d6b18 sa_flags=18000804
  Signal Catcher-1786    [006] d..1.    36.776475: signal_generate: sig=33 errno=0 code=-6 comm=BehaviorManager pid=2359 grp=0 res=0
 BehaviorManager-2359    [006] d..1.    36.776635: signal_deliver: sig=33 errno=0 code=-6 sa_handler=7910b7db14 sa_flags=18000004
 BehaviorManager-2359    [006] d..1.    36.776870: signal_generate: sig=11 errno=0 code=1 comm=BehaviorManager pid=2359 grp=0 res=0
 BehaviorManager-2359    [006] d..1.    36.776880: signal_deliver: sig=11 errno=0 code=1 sa_handler=78e83d6b18 sa_flags=18000804
  Signal Catcher-1786    [005] d..1.    36.777242: signal_generate: sig=33 errno=0 code=-6 comm=mem.cleaner pid=2361 grp=0 res=0
     mem.cleaner-2361    [000] d..1.    36.777507: signal_deliver: sig=33 errno=0 code=-6 sa_handler=7910b7db14 sa_flags=18000004
    app.download-2358    [000] d..1.    36.777569: signal_generate: sig=11 errno=0 code=1 comm=app.download pid=2358 grp=0 res=0
    app.download-2358    [000] d..1.    36.777571: signal_deliver: sig=11 errno=0 code=1 sa_handler=78e83d6b18 sa_flags=18000804
 hbox:interactor-6249    [002] d..1.    36.777790: signal_generate: sig=11 errno=0 code=1 comm=hbox:interactor pid=6249 grp=0 res=0
 hbox:interactor-6249    [002] d..1.    36.777793: signal_deliver: sig=11 errno=0 code=1 sa_handler=78e83d6b18 sa_flags=18000804
     mem.cleaner-2361    [000] d..1.    36.778351: signal_generate: sig=11 errno=0 code=1 comm=mem.cleaner pid=2361 grp=0 res=0
  Signal Catcher-1786    [000] d..1.    36.778742: signal_generate: sig=33 errno=0 code=-6 comm=tranPmPolicy pid=2367 grp=0 res=0
    tranPmPolicy-2367    [003] d..1.    36.778889: signal_deliver: sig=33 errno=0 code=-6 sa_handler=7910b7db14 sa_flags=18000004
     mem.cleaner-2361    [000] d..1.    36.778923: signal_deliver: sig=11 errno=0 code=1 sa_handler=78e83d6b18 sa_flags=18000804
     GSLB Worker-4544    [003] d..1.    36.779098: signal_generate: sig=11 errno=0 code=1 comm=GSLB Worker pid=4544 grp=0 res=0
     GSLB Worker-4544    [003] d..1.    36.779112: signal_deliver: sig=11 errno=0 code=1 sa_handler=78e83d6b18 sa_flags=18000804
  Signal Catcher-1786    [000] dn.1.    36.782369: signal_generate: sig=33 errno=0 code=-6 comm=DeepManualClean pid=2378 grp=0 res=0
    tranPmPolicy-2367    [000] d..1.    36.782611: signal_generate: sig=11 errno=0 code=1 comm=tranPmPolicy pid=2367 grp=0 res=0
    tranPmPolicy-2367    [000] d..1.    36.782628: signal_deliver: sig=11 errno=0 code=1 sa_handler=78e83d6b18 sa_flags=18000804
 DeepManualClean-2378    [000] d..1.    36.785839: signal_deliver: sig=33 errno=0 code=-6 sa_handler=7910b7db14 sa_flags=18000004
  Signal Catcher-1786    [006] d..1.    36.789176: signal_generate: sig=33 errno=0 code=-6 comm=CpuMonitor pid=2379 grp=0 res=0
      CpuMonitor-2379    [002] d..1.    36.789415: signal_deliver: sig=33 errno=0 code=-6 sa_handler=7910b7db14 sa_flags=18000004
      CpuMonitor-2379    [002] d..1.    36.789743: signal_generate: sig=11 errno=0 code=1 comm=CpuMonitor pid=2379 grp=0 res=0
      CpuMonitor-2379    [002] d..1.    36.789758: signal_deliver: sig=11 errno=0 code=1 sa_handler=78e83d6b18 sa_flags=18000804
  Signal Catcher-1786    [007] d..1.    36.790250: signal_generate: sig=33 errno=0 code=-6 comm=undeprave_threa pid=2380 grp=0 res=0
 DeepManualClean-2378    [000] d..1.    36.790729: signal_generate: sig=11 errno=0 code=1 comm=DeepManualClean pid=2378 grp=0 res=0
 DeepManualClean-2378    [000] d..1.    36.790895: signal_deliver: sig=11 errno=0 code=1 sa_handler=78e83d6b18 sa_flags=18000804
  Lite Thread #0-6030    [000] dn.1.    36.791162: signal_generate: sig=11 errno=0 code=1 comm=Lite Thread #0 pid=6030 grp=0 res=0
  Lite Thread #2-6048    [000] d..1.    36.791260: signal_generate: sig=11 errno=0 code=1 comm=Lite Thread #2 pid=6048 grp=0 res=0
  Lite Thread #3-6049    [006] d..1.    36.791296: signal_generate: sig=11 errno=0 code=1 comm=Lite Thread #3 pid=6049 grp=0 res=0
  Lite Thread #3-6049    [006] d..1.    36.791303: signal_deliver: sig=11 errno=0 code=1 sa_handler=78e83d6b18 sa_flags=18000804
  Lite Thread #2-6048    [000] d..1.    36.791501: signal_deliver: sig=11 errno=0 code=1 sa_handler=78e83d6b18 sa_flags=18000804
  Lite Thread #4-6101    [000] d..1.    36.791630: signal_generate: sig=11 errno=0 code=1 comm=Lite Thread #4 pid=6101 grp=0 res=0
  Lite Thread #4-6101    [000] d..1.    36.791644: signal_deliver: sig=11 errno=0 code=1 sa_handler=78e83d6b18 sa_flags=18000804
 LoggerUIService-8380    [002] .....    36.791779: sched_process_fork: comm=LoggerUIService pid=8380 child_comm=LoggerUIService child_pid=8414
  Lite Thread #1-6045    [000] d..1.    36.792033: signal_generate: sig=11 errno=0 code=1 comm=Lite Thread #1 pid=6045 grp=0 res=0
