04-12 20:39:37.212000  2641  2641 I auditd  : type=1400 audit(0.0:302): avc:  denied  { read write } for  comm="re-initialized>" name="ensignal" dev="tmpfs" ino=2080 scontext=u:r:secure_element:s0:c44,c260,c512,c768 tcontext=u:object_r:ensignal_device:s0 tclass=chr_file permissive=0
04-12 20:39:37.244032  1706  2130 I netstats_mobile_sample: [0,0,0,0,0,0,0,0,1775997577244]
04-12 20:39:37.244043  1706  2130 I netstats_wifi_sample: [0,0,0,0,0,0,0,0,1775997577244]
04-12 20:39:37.264373  1706  1860 I am_proc_start: [0,2707,10146,com.android.systemui,added application,com.android.systemui]
04-12 20:39:37.276723  1706  2568 I am_proc_bound: [0,2658,com.transsion.tranradionet]
04-12 20:39:37.288000  2658  2658 I auditd  : type=1400 audit(0.0:303): avc:  denied  { read write } for  comm="re-initialized>" name="ensignal" dev="tmpfs" ino=2080 scontext=u:r:system_app:s0 tcontext=u:object_r:ensignal_device:s0 tclass=chr_file permissive=0
04-12 20:39:37.288000  2658  2658 I auditd  : type=1400 audit(0.0:304): avc:  denied  { read write } for  comm="re-initialized>" name="ensignal" dev="tmpfs" ino=2080 scontext=u:r:system_app:s0 tcontext=u:object_r:ensignal_device:s0 tclass=chr_file permissive=0
04-12 20:39:37.299070  1706  1860 I am_proc_start: [0,2723,10199,com.transsion.livewallpaper.custompictorial,service,{com.transsion.livewallpaper.custompictorial/com.transsion.livewallpaper.pictorial.CustomPictorialWallpaperService},caller=system/1000]
04-12 20:39:37.302001  1706  1859 I am_wtf  : [0,1706,system_server,-1,CustomRoleParser,mimeType in <data> is not supported when setting a preferred activity]
04-12 20:39:37.302162  1706  1859 I am_wtf  : [0,1706,system_server,-1,CustomRoleParser,mimeType in <data> is not supported when setting a preferred activity]
04-12 20:39:37.326736  1706  2568 I am_proc_bound: [0,2707,com.android.systemui]
04-12 20:39:37.329643  1706  2568 I am_uid_active: 10146
04-12 20:39:37.331131  1706  1795 I am_proc_bound: [0,2723,com.transsion.livewallpaper.custompictorial]
04-12 20:39:37.328000  2707  2707 I auditd  : type=1400 audit(0.0:305): avc:  denied  { read write } for  comm="re-initialized>" name="ensignal" dev="tmpfs" ino=2080 scontext=u:r:platform_app:s0:c512,c768 tcontext=u:object_r:ensignal_device:s0 tclass=chr_file permissive=0 app=com.android.systemui
04-12 20:39:37.328000  2707  2707 I auditd  : type=1400 audit(0.0:306): avc:  denied  { read write } for  comm="re-initialized>" name="ensignal" dev="tmpfs" ino=2080 scontext=u:r:platform_app:s0:c512,c768 tcontext=u:object_r:ensignal_device:s0 tclass=chr_file permissive=0 app=com.android.systemui
04-12 20:39:37.338900  1706  1860 I am_proc_start: [0,2345,10148,com.transsion.launcher3,top-activity,{com.transsion.launcher3/com.android.launcher3.uioverrides.QuickstepLauncher}]
04-12 20:39:37.340997  1706  1859 I am_wtf  : [0,1706,system_server,-1,CustomRoleParser,mimeType in <data> is not supported when setting a preferred activity]
04-12 20:39:37.341118  1706  1859 I am_wtf  : [0,1706,system_server,-1,CustomRoleParser,mimeType in <data> is not supported when setting a preferred activity]
04-12 20:39:37.341161  1706  1859 I am_wtf  : [0,1706,system_server,-1,CustomRoleParser,mimeType in <data> is not supported when setting a preferred activity]
04-12 20:39:37.341192  1706  1859 I am_wtf  : [0,1706,system_server,-1,CustomRoleParser,mimeType in <data> is not supported when setting a preferred activity]
04-12 20:39:37.341222  1706  1859 I am_wtf  : [0,1706,system_server,-1,CustomRoleParser,mimeType in <data> is not supported when setting a preferred activity]
04-12 20:39:37.341251  1706  1859 I am_wtf  : [0,1706,system_server,-1,CustomRoleParser,mimeType in <data> is not supported when setting a preferred activity]
04-12 20:39:37.341280  1706  1859 I am_wtf  : [0,1706,system_server,-1,CustomRoleParser,mimeType in <data> is not supported when setting a preferred activity]
04-12 20:39:37.341308  1706  1859 I am_wtf  : [0,1706,system_server,-1,CustomRoleParser,mimeType in <data> is not supported when setting a preferred activity]
04-12 20:39:37.341341  1706  1859 I am_wtf  : [0,1706,system_server,-1,CustomRoleParser,mimeType in <data> is not supported when setting a preferred activity]
04-12 20:39:37.341368  1706  1859 I am_wtf  : [0,1706,system_server,-1,CustomRoleParser,mimeType in <data> is not supported when setting a preferred activity]
04-12 20:39:37.341396  1706  1859 I am_wtf  : [0,1706,system_server,-1,CustomRoleParser,mimeType in <data> is not supported when setting a preferred activity]
04-12 20:39:37.341425  1706  1859 I am_wtf  : [0,1706,system_server,-1,CustomRoleParser,mimeType in <data> is not supported when setting a preferred activity]
04-12 20:39:37.341454  1706  1859 I am_wtf  : [0,1706,system_server,-1,CustomRoleParser,mimeType in <data> is not supported when setting a preferred activity]
04-12 20:39:37.341485  1706  1859 I am_wtf  : [0,1706,system_server,-1,CustomRoleParser,mimeType in <data> is not supported when setting a preferred activity]
04-12 20:39:37.341519  1706  1859 I am_wtf  : [0,1706,system_server,-1,CustomRoleParser,mimeType in <data> is not supported when setting a preferred activity]
04-12 20:39:37.341548  1706  1859 I am_wtf  : [0,1706,system_server,-1,CustomRoleParser,mimeType in <data> is not supported when setting a preferred activity]
04-12 20:39:37.341577  1706  1859 I am_wtf  : [0,1706,system_server,-1,CustomRoleParser,mimeType in <data> is not supported when setting a preferred activity]
04-12 20:39:37.341605  1706  1859 I am_wtf  : [0,1706,system_server,-1,CustomRoleParser,mimeType in <data> is not supported when setting a preferred activity]
04-12 20:39:37.341633  1706  1859 I am_wtf  : [0,1706,system_server,-1,CustomRoleParser,mimeType in <data> is not supported when setting a preferred activity]
04-12 20:39:37.341661  1706  1859 I am_wtf  : [0,1706,system_server,-1,CustomRoleParser,mimeType in <data> is not supported when setting a preferred activity]
04-12 20:39:37.341693  1706  1859 I am_wtf  : [0,1706,system_server,-1,CustomRoleParser,mimeType in <data> is not supported when setting a preferred activity]
04-12 20:39:37.341722  1706  1859 I am_wtf  : [0,1706,system_server,-1,CustomRoleParser,mimeType in <data> is not supported when setting a preferred activity]
04-12 20:39:37.343307  1706  1795 I am_proc_bound: [0,2345,com.transsion.launcher3]
04-12 20:39:37.344427  1706  1859 I am_wtf  : [0,1706,system_server,-1,CustomRoleParser,mimeType in <data> is not supported when setting a preferred activity]
04-12 20:39:37.344489  1706  1859 I am_wtf  : [0,1706,system_server,-1,CustomRoleParser,mimeType in <data> is not supported when setting a preferred activity]
04-12 20:39:37.344521  1706  1859 I am_wtf  : [0,1706,system_server,-1,CustomRoleParser,mimeType in <data> is not supported when setting a preferred activity]
04-12 20:39:37.344550  1706  1859 I am_wtf  : [0,1706,system_server,-1,CustomRoleParser,mimeType in <data> is not supported when setting a preferred activity]
04-12 20:39:37.344588  1706  1859 I am_wtf  : [0,1706,system_server,-1,CustomRoleParser,mimeType in <data> is not supported when setting a preferred activity]
04-12 20:39:37.344616  1706  1859 I am_wtf  : [0,1706,system_server,-1,CustomRoleParser,mimeType in <data> is not supported when setting a preferred activity]
04-12 20:39:37.344645  1706  1859 I am_wtf  : [0,1706,system_server,-1,CustomRoleParser,mimeType in <data> is not supported when setting a preferred activity]
04-12 20:39:37.344673  1706  1859 I am_wtf  : [0,1706,system_server,-1,CustomRoleParser,mimeType in <data> is not supported when setting a preferred activity]
04-12 20:39:37.344702  1706  1859 I am_wtf  : [0,1706,system_server,-1,CustomRoleParser,mimeType in <data> is not supported when setting a preferred activity]
04-12 20:39:37.344730  1706  1859 I am_wtf  : [0,1706,system_server,-1,CustomRoleParser,mimeType in <data> is not supported when setting a preferred activity]
04-12 20:39:37.344761  1706  1859 I am_wtf  : [0,1706,system_server,-1,CustomRoleParser,mimeType in <data> is not supported when setting a preferred activity]
04-12 20:39:37.344791  1706  1859 I am_wtf  : [0,1706,system_server,-1,CustomRoleParser,mimeType in <data> is not supported when setting a preferred activity]
04-12 20:39:37.344819  1706  1859 I am_wtf  : [0,1706,system_server,-1,CustomRoleParser,mimeType in <data> is not supported when setting a preferred activity]
04-12 20:39:37.344847  1706  1859 I am_wtf  : [0,1706,system_server,-1,CustomRoleParser,mimeType in <data> is not supported when setting a preferred activity]
04-12 20:39:37.344869  1706  1859 I am_wtf  : [0,1706,system_server,-1,CustomRoleParser,mimeType in <data> is not supported when setting a preferred activity]
04-12 20:39:37.344895  1706  1859 I am_wtf  : [0,1706,system_server,-1,CustomRoleParser,mimeType in <data> is not supported when setting a preferred activity]
04-12 20:39:37.344927  1706  1859 I am_wtf  : [0,1706,system_server,-1,CustomRoleParser,mimeType in <data> is not supported when setting a preferred activity]
04-12 20:39:37.344955  1706  1859 I am_wtf  : [0,1706,system_server,-1,CustomRoleParser,mimeType in <data> is not supported when setting a preferred activity]
04-12 20:39:37.344982  1706  1859 I am_wtf  : [0,1706,system_server,-1,CustomRoleParser,mimeType in <data> is not supported when setting a preferred activity]
04-12 20:39:37.345010  1706  1859 I am_wtf  : [0,1706,system_server,-1,CustomRoleParser,mimeType in <data> is not supported when setting a preferred activity]
04-12 20:39:37.345037  1706  1859 I am_wtf  : [0,1706,system_server,-1,CustomRoleParser,mimeType in <data> is not supported when setting a preferred activity]
04-12 20:39:37.345066  1706  1859 I am_wtf  : [0,1706,system_server,-1,CustomRoleParser,mimeType in <data> is not supported when setting a preferred activity]
04-12 20:39:37.345083  1706  1795 I am_uid_active: 10148
04-12 20:39:37.345098  1706  1859 I am_wtf  : [0,1706,system_server,-1,CustomRoleParser,mimeType in <data> is not supported when setting a preferred activity]
04-12 20:39:37.345129  1706  1859 I am_wtf  : [0,1706,system_server,-1,CustomRoleParser,mimeType in <data> is not supported when setting a preferred activity]
04-12 20:39:37.345157  1706  1859 I am_wtf  : [0,1706,system_server,-1,CustomRoleParser,mimeType in <data> is not supported when setting a preferred activity]
04-12 20:39:37.344000  2345  2345 I auditd  : type=1400 audit(0.0:308): avc:  denied  { read write } for  comm="re-initialized>" name="ensignal" dev="tmpfs" ino=2080 scontext=u:r:platform_app:s0:c512,c768 tcontext=u:object_r:ensignal_device:s0 tclass=chr_file permissive=0 app=com.transsion.launcher3
04-12 20:39:37.344000  2345  2345 I auditd  : type=1400 audit(0.0:309): avc:  denied  { read write } for  comm="re-initialized>" name="ensignal" dev="tmpfs" ino=2080 scontext=u:r:platform_app:s0:c512,c768 tcontext=u:object_r:ensignal_device:s0 tclass=chr_file permissive=0 app=com.transsion.launcher3
04-12 20:39:37.394045  1706  2453 I am_uid_active: 1002
04-12 20:39:37.403719  1706  1796 I am_proc_start: [0,2777,1000,com.transsion.infinixled,content provider,{com.transsion.infinixled/com.transsion.infinixled.provider.SharedLedDatabaseProvider},caller=android/1000]
04-12 20:39:37.406466  1706  1796 I am_proc_bound: [0,2777,com.transsion.infinixled]
04-12 20:39:37.404000  2658  2658 I auditd  : type=1400 audit(0.0:310): avc:  denied  { map } for  comm="on.tranradionet" path="/dev/__properties__/u:object_r:vendor_irtx_prop:s0" dev="tmpfs" ino=614 scontext=u:r:system_app:s0 tcontext=u:object_r:vendor_irtx_prop:s0 tclass=file permissive=0
04-12 20:39:37.404000  2658  2658 I auditd  : type=1400 audit(0.0:311): avc:  denied  { read } for  comm="on.tranradionet" name="u:object_r:qemu_hw_prop:s0" dev="tmpfs" ino=396 scontext=u:r:system_app:s0 tcontext=u:object_r:qemu_hw_prop:s0 tclass=file permissive=0
04-12 20:39:37.408000  2777  2777 I auditd  : type=1400 audit(0.0:312): avc:  denied  { read write } for  comm="re-initialized>" name="ensignal" dev="tmpfs" ino=2080 scontext=u:r:system_app:s0 tcontext=u:object_r:ensignal_device:s0 tclass=chr_file permissive=0
04-12 20:39:37.408000  2777  2777 I auditd  : type=1400 audit(0.0:313): avc:  denied  { read write } for  comm="re-initialized>" name="ensignal" dev="tmpfs" ino=2080 scontext=u:r:system_app:s0 tcontext=u:object_r:ensignal_device:s0 tclass=chr_file permissive=0
04-12 20:39:37.422333  1706  2091 I pm_critical_info: setEnabledSettings callingUid = 1000 callingPid = 1706 packageName = com.android.bluetooth componentName = ComponentInfo{com.android.bluetooth/com.android.bluetooth.opp.BluetoothOppLauncherActivity} callingPackage= android newState = 1 userId = 0 flags = 1
04-12 20:39:37.428547  1706  2091 I pm_critical_info: setEnabledSettings callingUid = 1000 callingPid = 1706 packageName = com.android.bluetooth componentName = ComponentInfo{com.android.bluetooth/com.android.bluetooth.opp.BluetoothOppBtEnableActivity} callingPackage= android newState = 1 userId = 0 flags = 1
04-12 20:39:37.429175  1706  2091 I pm_critical_info: setEnabledSettings callingUid = 1000 callingPid = 1706 packageName = com.android.bluetooth componentName = ComponentInfo{com.android.bluetooth/com.android.bluetooth.opp.BluetoothOppBtEnablingActivity} callingPackage= android newState = 1 userId = 0 flags = 1
04-12 20:39:37.429506  1706  2091 I pm_critical_info: setEnabledSettings callingUid = 1000 callingPid = 1706 packageName = com.android.bluetooth componentName = ComponentInfo{com.android.bluetooth/com.android.bluetooth.opp.BluetoothOppBtErrorActivity} callingPackage= android newState = 1 userId = 0 flags = 1
04-12 20:39:37.445536  1706  1860 I am_proc_start: [0,2803,1000,com.transsion.multiwindow,service,{com.transsion.multiwindow/com.transsion.multiwindow.MultiWindowService},caller=system/1000]
04-12 20:39:37.447942  1706  2265 I am_uid_active: 10199
04-12 20:39:37.465235  1706  1942 I am_proc_bound: [0,2803,com.transsion.multiwindow]
04-12 20:39:37.464000  2803  2803 I auditd  : type=1400 audit(0.0:314): avc:  denied  { read write } for  comm="re-initialized>" name="ensignal" dev="tmpfs" ino=2080 scontext=u:r:system_app:s0 tcontext=u:object_r:ensignal_device:s0 tclass=chr_file permissive=0
04-12 20:39:37.497822  1706  2091 I pm_critical_info: setEnabledSettings callingUid = 1000 callingPid = 1706 packageName = com.android.bluetooth componentName = ComponentInfo{com.android.bluetooth/com.android.bluetooth.opp.BluetoothOppLauncherActivity} callingPackage= android newState = 1 userId = 0 flags = 1
04-12 20:39:37.496000  2612  2612 I auditd  : type=1400 audit(0.0:315): avc:  denied  { read } for  comm="om.mediatek.ims" name="u:object_r:system_trancare_prop:s0" dev="tmpfs" ino=554 scontext=u:r:radio:s0 tcontext=u:object_r:system_trancare_prop:s0 tclass=file permissive=0
04-12 20:39:37.496000  2612  2612 I auditd  : type=1400 audit(0.0:316): avc:  denied  { read } for  comm="om.mediatek.ims" name="u:object_r:vendor_irtx_prop:s0" dev="tmpfs" ino=614 scontext=u:r:radio:s0 tcontext=u:object_r:vendor_irtx_prop:s0 tclass=file permissive=0
04-12 20:39:37.496000  2612  2612 I auditd  : type=1400 audit(0.0:317): avc:  denied  { read } for  comm="om.mediatek.ims" name="u:object_r:qemu_hw_prop:s0" dev="tmpfs" ino=396 scontext=u:r:radio:s0 tcontext=u:object_r:qemu_hw_prop:s0 tclass=file permissive=0
04-12 20:39:37.502024  1706  2091 I pm_critical_info: setEnabledSettings callingUid = 1000 callingPid = 1706 packageName = com.android.bluetooth componentName = ComponentInfo{com.android.bluetooth/com.android.bluetooth.opp.BluetoothOppBtEnableActivity} callingPackage= android newState = 1 userId = 0 flags = 1
04-12 20:39:37.502751  1706  2091 I pm_critical_info: setEnabledSettings callingUid = 1000 callingPid = 1706 packageName = com.android.bluetooth componentName = ComponentInfo{com.android.bluetooth/com.android.bluetooth.opp.BluetoothOppBtEnablingActivity} callingPackage= android newState = 1 userId = 0 flags = 1
04-12 20:39:37.500000  2612  2612 I auditd  : type=1400 audit(0.0:318): avc:  denied  { read } for  comm="om.mediatek.ims" name="u:object_r:system_trancare_prop:s0" dev="tmpfs" ino=554 scontext=u:r:radio:s0 tcontext=u:object_r:system_trancare_prop:s0 tclass=file permissive=0
04-12 20:39:37.506449  1706  2091 I pm_critical_info: setEnabledSettings callingUid = 1000 callingPid = 1706 packageName = com.android.bluetooth componentName = ComponentInfo{com.android.bluetooth/com.android.bluetooth.opp.BluetoothOppBtErrorActivity} callingPackage= android newState = 1 userId = 0 flags = 1
04-12 20:39:37.520564  1706  2153 I notification_enqueue: [1000,1706,android,32,NULL,-1,Notification(channel=ALERTS shortcut=null contentView=null vibrate=null sound=null tick defaults=0 flags=ONGOING_EVENT|CAN_COLORIZE color=0x00000000 vis=PUBLIC),0,1]
04-12 20:39:37.521552  1706  2153 I sysui_multi_action: [757,1501,758,1,793,4,794,0,795,4,796,32,806,android,857,ALERTS,858,3,947,0,1500,0]
04-12 20:39:37.521572  1706  2153 I sysui_multi_action: [757,804,799,note_interruptive,801,0,802,1]
04-12 20:39:37.524412  1284  1716 I liblog  : 42
04-12 20:39:37.550128  2345  2870 I jank_cuj_events_cancel_request: [-1,1775997577540652000,20314603462,20314603462]
04-12 20:39:37.551743  1706  1706 I dvm_lock_sample: [system_server,1,main,40,AudioService.java,6445,int com.android.server.audio.AudioService.getRingerModeInternal(),-,10586,boolean com.android.server.audio.AudioService$VolumeStreamState.setIndex(int, int, java.lang.String, boolean),8]
04-12 20:39:37.558820  1706  2153 I sysui_multi_action: [757,199,758,1,759,32784,793,41,794,0,795,41,796,32,806,android,857,ALERTS,858,3,947,0,1500,37,1688,1]
04-12 20:39:37.558947  1706  2153 I notification_alert: [-1|android|32|null|1000,0,0,0,2,32768]
04-12 20:39:37.572000  2576  2576 I auditd  : type=1400 audit(0.0:319): avc:  denied  { read } for  comm="tne_dumpstate" name="pl_lk" dev="proc" ino=4026532219 scontext=u:r:dumpstate:s0 tcontext=u:object_r:proc_pl_lk:s0 tclass=file permissive=0
04-12 20:39:37.576000  2576  2576 I auditd  : type=1400 audit(0.0:320): avc:  denied  { open } for  comm="tne_dumpstate" path="/proc/uid_io/stats" dev="proc" ino=4026531866 scontext=u:r:dumpstate:s0 tcontext=u:object_r:proc_uid_io_stats:s0 tclass=file permissive=0
04-12 20:39:37.588568  1706  2265 I wm_restart_activity: [0,142837220,2,com.transsion.launcher3/com.android.launcher3.uioverrides.QuickstepLauncher]
04-12 20:39:37.589776  1706  2265 I wm_set_resumed_activity: [0,com.transsion.launcher3/com.android.launcher3.uioverrides.QuickstepLauncher,realStartActivityLocked - onActivityStateChanged]
04-12 20:39:37.596228  1706  1848 I pm_critical_info: setEnabledSettings callingUid = 1000 callingPid = 1706 packageName = com.google.android.marvin.talkback componentName = ComponentInfo{com.google.android.marvin.talkback/com.google.android.accessibility.accessibilitymenu.AccessibilityMenuService} callingPackage= android newState = 2 userId = 0 flags = 1
04-12 20:39:37.656676  2658  2847 I service_manager_slow: [12,phone]
04-12 20:39:37.648000  2723  2723 I auditd  : type=1400 audit(0.0:321): avc:  denied  { read } for  comm=4F6E65494420576F726B6572 name="u:object_r:vendor_security_patch_level_prop:s0" dev="tmpfs" ino=888 scontext=u:r:platform_app:s0:c512,c768 tcontext=u:object_r:vendor_security_patch_level_prop:s0 tclass=file permissive=0 app=com.transsion.livewallpaper.custompictorial
04-12 20:39:37.664000  2803  2803 I auditd  : type=1400 audit(0.0:323): avc:  denied  { read } for  comm="ion.multiwindow" name="u:object_r:qemu_hw_prop:s0" dev="tmpfs" ino=396 scontext=u:r:system_app:s0 tcontext=u:object_r:qemu_hw_prop:s0 tclass=file permissive=0
04-12 20:39:37.692000  2345  2345 I auditd  : type=1400 audit(0.0:324): avc:  denied  { read } for  comm=4F6E65494420576F726B6572 name="u:object_r:vendor_security_patch_level_prop:s0" dev="tmpfs" ino=888 scontext=u:r:platform_app:s0:c512,c768 tcontext=u:object_r:vendor_security_patch_level_prop:s0 tclass=file permissive=0 app=com.transsion.launcher3
04-12 20:39:37.716000  2658  2658 I auditd  : type=1400 audit(0.0:325): avc:  denied  { watch watch_reads } for  comm="on.tranradionet" path="/system_ext/etc/vconfig/celluar/ussd_balance.json" dev="dm-17" ino=29975961 scontext=u:r:system_app:s0 tcontext=u:object_r:system_file:s0 tclass=file permissive=0
04-12 20:39:37.720000     1     1 I auditd  : type=1107 audit(0.0:326): uid=0 auid=4294967295 ses=4294967295 subj=u:r:init:s0 msg='avc:  denied  { set } for property=ro.tr_perf.aegean.cg.kernel.support pid=1339 uid=1013 gid=1005 scontext=u:r:mediaserver:s0 tcontext=u:object_r:default_prop:s0 tclass=property_service permissive=0'
04-12 20:39:37.762998  2570  2570 I service_manager_slow: [10,device_policy]
04-12 20:39:37.811891  2658  2658 I service_manager_stats: [100,73,20585]
04-12 20:39:37.808000   500   500 I auditd  : type=1400 audit(0.0:327): avc:  denied  { read } for  comm="logd.writer" name="u:object_r:bluetooth_prop:s0" dev="tmpfs" ino=173 scontext=u:r:logd:s0 tcontext=u:object_r:bluetooth_prop:s0 tclass=file permissive=0
04-12 20:39:37.808000   500   500 I auditd  : type=1400 audit(0.0:328): avc:  denied  { read } for  comm="logd.writer" name="u:object_r:bluetooth_prop:s0" dev="tmpfs" ino=173 scontext=u:r:logd:s0 tcontext=u:object_r:bluetooth_prop:s0 tclass=file permissive=0
04-12 20:39:37.812000   500   500 I auditd  : type=1400 audit(0.0:329): avc:  denied  { read } for  comm="logd.writer" name="u:object_r:bluetooth_prop:s0" dev="tmpfs" ino=173 scontext=u:r:logd:s0 tcontext=u:object_r:bluetooth_prop:s0 tclass=file permissive=0
04-12 20:39:37.812000   500   500 I auditd  : type=1400 audit(0.0:330): avc:  denied  { read } for  comm="logd.writer" name="u:object_r:bluetooth_prop:s0" dev="tmpfs" ino=173 scontext=u:r:logd:s0 tcontext=u:object_r:bluetooth_prop:s0 tclass=file permissive=0
04-12 20:39:37.816000   500   500 I auditd  : type=1400 audit(0.0:331): avc:  denied  { read } for  comm="logd.writer" name="u:object_r:bluetooth_prop:s0" dev="tmpfs" ino=173 scontext=u:r:logd:s0 tcontext=u:object_r:bluetooth_prop:s0 tclass=file permissive=0
04-12 20:39:37.828000   500   500 I auditd  : type=1400 audit(0.0:332): avc:  denied  { read } for  comm="logd.writer" name="u:object_r:bluetooth_prop:s0" dev="tmpfs" ino=173 scontext=u:r:logd:s0 tcontext=u:object_r:bluetooth_prop:s0 tclass=file permissive=0
04-12 20:39:37.828000   500   500 I auditd  : type=1400 audit(0.0:333): avc:  denied  { read } for  comm="logd.writer" name="u:object_r:bluetooth_prop:s0" dev="tmpfs" ino=173 scontext=u:r:logd:s0 tcontext=u:object_r:bluetooth_prop:s0 tclass=file permissive=0
04-12 20:39:37.828000   500   500 I auditd  : type=1400 audit(0.0:334): avc:  denied  { read } for  comm="logd.writer" name="u:object_r:bluetooth_prop:s0" dev="tmpfs" ino=173 scontext=u:r:logd:s0 tcontext=u:object_r:bluetooth_prop:s0 tclass=file permissive=0
04-12 20:39:37.828000   500   500 I auditd  : type=1400 audit(0.0:335): avc:  denied  { read } for  comm="logd.writer" name="u:object_r:bluetooth_prop:s0" dev="tmpfs" ino=173 scontext=u:r:logd:s0 tcontext=u:object_r:bluetooth_prop:s0 tclass=file permissive=0
04-12 20:39:37.836605  1706  1860 I am_proc_start: [0,2999,1000,com.android.settings,broadcast,{com.android.settings/com.transsion.settings.network.telephony.TranDataSwitchNotification},caller=com.android.phone/1001,action = android.intent.action.ACTION_DEFAULT_DATA_SUBSCRIPTION_CHANGED]
04-12 20:39:37.864518  1706  1796 I am_proc_bound: [0,2999,com.android.settings]
04-12 20:39:37.868000  2999  2999 I auditd  : type=1400 audit(0.0:336): avc:  denied  { read write } for  comm="re-initialized>" name="ensignal" dev="tmpfs" ino=2080 scontext=u:r:system_app:s0 tcontext=u:object_r:ensignal_device:s0 tclass=chr_file permissive=0
04-12 20:39:37.868000  2999  2999 I auditd  : type=1400 audit(0.0:337): avc:  denied  { read write } for  comm="re-initialized>" name="ensignal" dev="tmpfs" ino=2080 scontext=u:r:system_app:s0 tcontext=u:object_r:ensignal_device:s0 tclass=chr_file permissive=0
04-12 20:39:37.886973  2345  2345 I wm_on_create_called: [142837220,com.android.launcher3.uioverrides.QuickstepLauncher,performCreate,278]
04-12 20:39:37.888881  2345  2345 I wm_on_start_called: [142837220,com.android.launcher3.uioverrides.QuickstepLauncher,handleStartActivity,1]
04-12 20:39:37.890813  2345  2345 I wm_on_resume_called: [142837220,com.android.launcher3.uioverrides.QuickstepLauncher,RESUME_ACTIVITY,1]
04-12 20:39:37.920498  1706  1840 I input_focus: [Focus request f0aa9e0 com.transsion.launcher3/com.android.launcher3.uioverrides.QuickstepLauncher,reason=UpdateInputWindows]
04-12 20:39:37.921297  1706  2453 I wm_task_created: 3
04-12 20:39:37.928425  1706  1840 I wm_wallpaper_surface: [0,1,Window{f0aa9e0 u0 com.transsion.launcher3/com.android.launcher3.uioverrides.QuickstepLauncher}]
04-12 20:39:37.949873  1706  2453 I wm_task_created: 4
04-12 20:39:37.961235  2345  2345 I viewroot_draw_event: [VRI[QuickstepLauncher],reportDrawFinished seqId=0]
04-12 20:39:37.961652  2345  2345 I wm_on_top_resumed_gained_called: [142837220,com.android.launcher3.uioverrides.QuickstepLauncher,topStateChangedWhenResumed]
04-12 20:39:37.961908  1706  2810 I wm_task_created: 5
04-12 20:39:37.972520  1706  1836 I sysui_multi_action: [319,0,322,903,325,19,757,761,758,7,759,3,806,com.transsion.launcher3,871,com.android.launcher3.uioverrides.QuickstepLauncher,905,0,945,277,1320,4,1321,23]
04-12 20:39:37.973846  1706  1836 I wm_activity_launch_time: [0,142837220,com.transsion.launcher3/com.android.launcher3.uioverrides.QuickstepLauncher,903]
04-12 20:39:37.976837  2803  2964 I viewroot_draw_event: [VRI[Tran_Float_Window_BG],Not drawing due to not visible. Reason=View.INVISIBLE]
04-12 20:39:37.996028  1706  1839 I boot_progress_enable_screen: 20769
04-12 20:39:38.002312  1706  1839 I screen_toggled: 1
04-12 20:39:38.027743  1706  1860 I am_proc_start: [0,3087,1000,com.transsion.keyguardgesture,service,{com.transsion.microintelligence/com.transsion.keyguardgesture.service.KeyguardGestureService},caller=system/1000]
04-12 20:39:38.057566  1706  2810 I am_proc_bound: [0,3087,com.transsion.keyguardgesture]
04-12 20:39:38.068000  2707  2707 I auditd  : type=1400 audit(0.0:338): avc:  denied  { read } for  comm=4F6E65494420576F726B6572 name="u:object_r:vendor_security_patch_level_prop:s0" dev="tmpfs" ino=888 scontext=u:r:platform_app:s0:c512,c768 tcontext=u:object_r:vendor_security_patch_level_prop:s0 tclass=file permissive=0 app=com.android.systemui
04-12 20:39:38.072000  3087  3087 I auditd  : type=1400 audit(0.0:339): avc:  denied  { read write } for  comm="re-initialized>" name="ensignal" dev="tmpfs" ino=2080 scontext=u:r:system_app:s0 tcontext=u:object_r:ensignal_device:s0 tclass=chr_file permissive=0
04-12 20:39:38.072000  3087  3087 I auditd  : type=1400 audit(0.0:340): avc:  denied  { read write } for  comm="re-initialized>" name="ensignal" dev="tmpfs" ino=2080 scontext=u:r:system_app:s0 tcontext=u:object_r:ensignal_device:s0 tclass=chr_file permissive=0
04-12 20:39:38.090320  2803  2963 I viewroot_draw_event: [VRI[Tran_Float_Window_BG],Not drawing due to not visible. Reason=View.INVISIBLE]
04-12 20:39:38.112000  2999  2999 I auditd  : type=1400 audit(0.0:341): avc:  denied  { map } for  comm="ndroid.settings" path="/dev/__properties__/u:object_r:vendor_irtx_prop:s0" dev="tmpfs" ino=614 scontext=u:r:system_app:s0 tcontext=u:object_r:vendor_irtx_prop:s0 tclass=file permissive=0
04-12 20:39:38.112000  2999  2999 I auditd  : type=1400 audit(0.0:342): avc:  denied  { read } for  comm="ndroid.settings" name="u:object_r:qemu_hw_prop:s0" dev="tmpfs" ino=396 scontext=u:r:system_app:s0 tcontext=u:object_r:qemu_hw_prop:s0 tclass=file permissive=0
04-12 20:39:38.116416  1706  2266 I wm_task_removed: [4,4,0,reParentTask:sanitizeAndApplyHierarchyOp]
04-12 20:39:38.116896  1706  2266 I wm_task_moved: [4,3,0,1,2147483647]
04-12 20:39:38.116941  1706  2266 I wm_task_removed: [5,5,0,reParentTask:sanitizeAndApplyHierarchyOp]
04-12 20:39:38.117174  1706  2266 I wm_task_moved: [5,3,0,1,2147483647]
04-12 20:39:38.128777  2707  2854 I viewroot_draw_event: [VRI[ShellDropTarget],Not drawing due to not visible. Reason=View.INVISIBLE]
04-12 20:39:38.132000  3087  3087 I auditd  : type=1400 audit(0.0:343): avc:  denied  { map } for  comm="keyguardgesture" path="/dev/__properties__/u:object_r:vendor_irtx_prop:s0" dev="tmpfs" ino=614 scontext=u:r:system_app:s0 tcontext=u:object_r:vendor_irtx_prop:s0 tclass=file permissive=0
04-12 20:39:38.132000  3087  3087 I auditd  : type=1400 audit(0.0:344): avc:  denied  { read } for  comm="keyguardgesture" name="u:object_r:qemu_hw_prop:s0" dev="tmpfs" ino=396 scontext=u:r:system_app:s0 tcontext=u:object_r:qemu_hw_prop:s0 tclass=file permissive=0
04-12 20:39:38.149513  2803  2963 I viewroot_draw_event: [VRI[Tran_Left_Window],Not drawing due to not visible. Reason=View.GONE]
04-12 20:39:38.152228  2803  2963 I viewroot_draw_event: [VRI[Tran_Right_Window],Not drawing due to not visible. Reason=View.GONE]
04-12 20:39:38.156103  2803  2963 I viewroot_draw_event: [VRI[Tran_Float_Window_Guide],Not drawing due to not visible. Reason=View.INVISIBLE]
04-12 20:39:38.179212  1706  1859 I am_wtf  : [0,1706,system_server,-1,ActivityManager,Background started FGS: Allowed [callingPackage: android; callingUid: 1000; uidState: PER ; uidBFSL: [BFSL]; intent: Intent { act=init xflg=0x4 cmp=com.transsion.microintelligence/com.transsion.keyguardgesture.service.KeyguardGestureService }; code:PROC_STATE_PERSISTENT; tempAllowListReason:<null>; allowWiu:10; targetSdkVersion:35; callerTargetSdkVersion:36; startForegroundCount:0; bindFromPackage:null: isBindService:false]]
04-12 20:39:38.180558  1706  2453 I am_foreground_service_start: [0,com.transsion.microintelligence/com.transsion.keyguardgesture.service.KeyguardGestureService,1,PROC_STATE_PERSISTENT,35,36,0,0,0,1,UNKNOWN,128]
04-12 20:39:38.199628  1706  2153 I notification_cancel_all: [1000,1706,com.transsion.microintelligence,0,0,0,17,NULL]
04-12 20:39:38.200193  1706  2153 I notification_cancel_all: [1000,1706,com.transsion.microintelligence,0,0,0,17,NULL]
04-12 20:39:38.235964  1706  1859 I am_uid_running: 10274
04-12 20:39:38.248000   500   500 I auditd  : type=1400 audit(0.0:345): avc:  denied  { read } for  comm="logd.writer" name="u:object_r:bluetooth_prop:s0" dev="tmpfs" ino=173 scontext=u:r:logd:s0 tcontext=u:object_r:bluetooth_prop:s0 tclass=file permissive=0
04-12 20:39:38.248000   500   500 I auditd  : type=1400 audit(0.0:346): avc:  denied  { read } for  comm="logd.writer" name="u:object_r:bluetooth_prop:s0" dev="tmpfs" ino=173 scontext=u:r:logd:s0 tcontext=u:object_r:bluetooth_prop:s0 tclass=file permissive=0
04-12 20:39:38.254444  1706  1860 I am_proc_start: [0,3152,10274,com.google.android.cellbroadcastreceiver,broadcast,{com.google.android.cellbroadcastreceiver/com.android.cellbroadcastreceiver.CellBroadcastReceiver},caller=com.android.phone/1001,action = android.telephony.action.DEFAULT_SMS_SUBSCRIPTION_CHANGED]
04-12 20:39:38.252000   500   500 I auditd  : type=1400 audit(0.0:347): avc:  denied  { read } for  comm="logd.writer" name="u:object_r:bluetooth_prop:s0" dev="tmpfs" ino=173 scontext=u:r:logd:s0 tcontext=u:object_r:bluetooth_prop:s0 tclass=file permissive=0
04-12 20:39:38.264000   500   500 I auditd  : type=1400 audit(0.0:348): avc:  denied  { read } for  comm="logd.writer" name="u:object_r:bluetooth_prop:s0" dev="tmpfs" ino=173 scontext=u:r:logd:s0 tcontext=u:object_r:bluetooth_prop:s0 tclass=file permissive=0
04-12 20:39:38.274867  1706  2835 I am_proc_bound: [0,3152,com.google.android.cellbroadcastreceiver]
04-12 20:39:38.276000  3152  3152 I auditd  : type=1400 audit(0.0:349): avc:  denied  { read write } for  comm="re-initialized>" name="ensignal" dev="tmpfs" ino=2080 scontext=u:r:priv_app:s0:c512,c768 tcontext=u:object_r:ensignal_device:s0 tclass=chr_file permissive=0 app=com.google.android.cellbroadcastreceiver
04-12 20:39:38.289260  1706  1795 I wm_set_requested_orientation: [5,com.transsion.launcher3/com.android.launcher3.uioverrides.QuickstepLauncher]
04-12 20:39:38.316000   500   500 I auditd  : type=1400 audit(0.0:350): avc:  denied  { read } for  comm="logd.writer" name="u:object_r:bluetooth_prop:s0" dev="tmpfs" ino=173 scontext=u:r:logd:s0 tcontext=u:object_r:bluetooth_prop:s0 tclass=file permissive=0
04-12 20:39:38.320000   500   500 I auditd  : type=1400 audit(0.0:351): avc:  denied  { read } for  comm="logd.writer" name="u:object_r:bluetooth_prop:s0" dev="tmpfs" ino=173 scontext=u:r:logd:s0 tcontext=u:object_r:bluetooth_prop:s0 tclass=file permissive=0
04-12 20:39:38.320000   500   500 I auditd  : type=1400 audit(0.0:352): avc:  denied  { read } for  comm="logd.writer" name="u:object_r:bluetooth_prop:s0" dev="tmpfs" ino=173 scontext=u:r:logd:s0 tcontext=u:object_r:bluetooth_prop:s0 tclass=file permissive=0
04-12 20:39:38.320000   500   500 I auditd  : type=1400 audit(0.0:353): avc:  denied  { read } for  comm="logd.writer" name="u:object_r:bluetooth_prop:s0" dev="tmpfs" ino=173 scontext=u:r:logd:s0 tcontext=u:object_r:bluetooth_prop:s0 tclass=file permissive=0
04-12 20:39:38.320000   500   500 I auditd  : type=1400 audit(0.0:354): avc:  denied  { read } for  comm="logd.writer" name="u:object_r:bluetooth_prop:s0" dev="tmpfs" ino=173 scontext=u:r:logd:s0 tcontext=u:object_r:bluetooth_prop:s0 tclass=file permissive=0
04-12 20:39:38.320000   500   500 I auditd  : type=1400 audit(0.0:355): avc:  denied  { read } for  comm="logd.writer" name="u:object_r:bluetooth_prop:s0" dev="tmpfs" ino=173 scontext=u:r:logd:s0 tcontext=u:object_r:bluetooth_prop:s0 tclass=file permissive=0
04-12 20:39:38.320000   500   500 I auditd  : type=1400 audit(0.0:356): avc:  denied  { read } for  comm="logd.writer" name="u:object_r:bluetooth_prop:s0" dev="tmpfs" ino=173 scontext=u:r:logd:s0 tcontext=u:object_r:bluetooth_prop:s0 tclass=file permissive=0
04-12 20:39:38.320000   500   500 I auditd  : type=1400 audit(0.0:357): avc:  denied  { read } for  comm="logd.writer" name="u:object_r:bluetooth_prop:s0" dev="tmpfs" ino=173 scontext=u:r:logd:s0 tcontext=u:object_r:bluetooth_prop:s0 tclass=file permissive=0
04-12 20:39:38.320000   500   500 I auditd  : type=1400 audit(0.0:358): avc:  denied  { read } for  comm="logd.writer" name="u:object_r:bluetooth_prop:s0" dev="tmpfs" ino=173 scontext=u:r:logd:s0 tcontext=u:object_r:bluetooth_prop:s0 tclass=file permissive=0
04-12 20:39:38.320000   500   500 I auditd  : type=1400 audit(0.0:359): avc:  denied  { read } for  comm="logd.writer" name="u:object_r:bluetooth_prop:s0" dev="tmpfs" ino=173 scontext=u:r:logd:s0 tcontext=u:object_r:bluetooth_prop:s0 tclass=file permissive=0
04-12 20:39:38.320000   500   500 I auditd  : type=1400 audit(0.0:360): avc:  denied  { read } for  comm="logd.writer" name="u:object_r:bluetooth_prop:s0" dev="tmpfs" ino=173 scontext=u:r:logd:s0 tcontext=u:object_r:bluetooth_prop:s0 tclass=file permissive=0
04-12 20:39:38.320000   500   500 I auditd  : type=1400 audit(0.0:361): avc:  denied  { read } for  comm="logd.writer" name="u:object_r:bluetooth_prop:s0" dev="tmpfs" ino=173 scontext=u:r:logd:s0 tcontext=u:object_r:bluetooth_prop:s0 tclass=file permissive=0
04-12 20:39:38.320000   500   500 I auditd  : type=1400 audit(0.0:362): avc:  denied  { read } for  comm="logd.writer" name="u:object_r:bluetooth_prop:s0" dev="tmpfs" ino=173 scontext=u:r:logd:s0 tcontext=u:object_r:bluetooth_prop:s0 tclass=file permissive=0
04-12 20:39:38.356909   503   503 I auditd  : avc:  denied  { add } for pid=2579 uid=1001 name=gwsdtest scontext=u:r:radio:s0 tcontext=u:object_r:default_android_service:s0 tclass=service_manager permissive=0
04-12 20:39:38.364000   500   500 I auditd  : type=1400 audit(0.0:363): avc:  denied  { read } for  comm="logd.writer" name="u:object_r:bluetooth_prop:s0" dev="tmpfs" ino=173 scontext=u:r:logd:s0 tcontext=u:object_r:bluetooth_prop:s0 tclass=file permissive=0
04-12 20:39:38.364000   500   500 I auditd  : type=1400 audit(0.0:364): avc:  denied  { read } for  comm="logd.writer" name="u:object_r:bluetooth_prop:s0" dev="tmpfs" ino=173 scontext=u:r:logd:s0 tcontext=u:object_r:bluetooth_prop:s0 tclass=file permissive=0
04-12 20:39:38.364000   500   500 I auditd  : type=1400 audit(0.0:365): avc:  denied  { read } for  comm="logd.writer" name="u:object_r:bluetooth_prop:s0" dev="tmpfs" ino=173 scontext=u:r:logd:s0 tcontext=u:object_r:bluetooth_prop:s0 tclass=file permissive=0
04-12 20:39:38.368000  2570  2570 I auditd  : type=1400 audit(0.0:366): avc:  denied  { read } for  comm="droid.bluetooth" name="u:object_r:transsion_vendor_prop:s0" dev="tmpfs" ino=588 scontext=u:r:bluetooth:s0 tcontext=u:object_r:transsion_vendor_prop:s0 tclass=file permissive=0
04-12 20:39:38.368000  2570  2570 I auditd  : type=1400 audit(0.0:367): avc:  denied  { read } for  comm="droid.bluetooth" name="u:object_r:vendor_irtx_prop:s0" dev="tmpfs" ino=614 scontext=u:r:bluetooth:s0 tcontext=u:object_r:vendor_irtx_prop:s0 tclass=file permissive=0
04-12 20:39:38.368000  2570  2570 I auditd  : type=1400 audit(0.0:368): avc:  denied  { read } for  comm="droid.bluetooth" name="u:object_r:qemu_hw_prop:s0" dev="tmpfs" ino=396 scontext=u:r:bluetooth:s0 tcontext=u:object_r:qemu_hw_prop:s0 tclass=file permissive=0
04-12 20:39:38.400000   500   500 I auditd  : type=1400 audit(0.0:369): avc:  denied  { read } for  comm="logd.writer" name="u:object_r:bluetooth_prop:s0" dev="tmpfs" ino=173 scontext=u:r:logd:s0 tcontext=u:object_r:bluetooth_prop:s0 tclass=file permissive=0
04-12 20:39:38.404206  3087  3087 I viewroot_draw_event: [VRI[],Not drawing due to not visible. Reason=View.GONE]
04-12 20:39:38.406093  1706  2153 I notification_cancel_all: [1000,1706,com.transsion.microintelligence,0,0,0,17,NULL]
04-12 20:39:38.410443  1706  2153 I notification_cancel_all: [1000,1706,com.transsion.microintelligence,0,0,0,17,NULL]
04-12 20:39:38.412000   500   500 I auditd  : type=1400 audit(0.0:370): avc:  denied  { read } for  comm="logd.writer" name="u:object_r:bluetooth_prop:s0" dev="tmpfs" ino=173 scontext=u:r:logd:s0 tcontext=u:object_r:bluetooth_prop:s0 tclass=file permissive=0
04-12 20:39:38.412000   500   500 I auditd  : type=1400 audit(0.0:371): avc:  denied  { read } for  comm="logd.writer" name="u:object_r:bluetooth_prop:s0" dev="tmpfs" ino=173 scontext=u:r:logd:s0 tcontext=u:object_r:bluetooth_prop:s0 tclass=file permissive=0
04-12 20:39:38.416000   500   500 I auditd  : type=1400 audit(0.0:372): avc:  denied  { read } for  comm="logd.writer" name="u:object_r:bluetooth_prop:s0" dev="tmpfs" ino=173 scontext=u:r:logd:s0 tcontext=u:object_r:bluetooth_prop:s0 tclass=file permissive=0
04-12 20:39:38.416000   500   500 I auditd  : type=1400 audit(0.0:373): avc:  denied  { read } for  comm="logd.writer" name="u:object_r:bluetooth_prop:s0" dev="tmpfs" ino=173 scontext=u:r:logd:s0 tcontext=u:object_r:bluetooth_prop:s0 tclass=file permissive=0
04-12 20:39:38.419599  2579  2842 I dvm_lock_sample: [com.android.phone,0,DeviceStateHelperThread,937,PhoneFactory.java,432,com.android.internal.telephony.Phone[] com.android.internal.telephony.PhoneFactory.getPhones(),-,510,com.android.internal.telephony.CommandsInterface[] com.android.internal.telephony.PhoneFactory.getCommandsInterfaces(),100]
04-12 20:39:38.419716  2579  2972 I dvm_lock_sample: [com.android.phone,0,Thread-2,636,PhoneFactory.java,509,com.android.internal.telephony.CommandsInterface[] com.android.internal.telephony.PhoneFactory.getCommandsInterfaces(),-,510,com.android.internal.telephony.CommandsInterface[] com.android.internal.telephony.PhoneFactory.getCommandsInterfaces(),100]
04-12 20:39:38.427679  2579  3235 I service_manager_stats: [100,78,21201]
04-12 20:39:38.428573  1706  2153 I notification_cancel_all: [1000,1706,com.transsion.microintelligence,0,0,0,17,NULL]
04-12 20:39:38.428610  1706  2153 I notification_cancel_all: [1000,1706,com.transsion.microintelligence,0,0,0,17,NULL]
04-12 20:39:38.432552  1706  1859 I am_wtf  : [0,1706,system_server,-1,ActivityManager,Background started FGS: Allowed [callingPackage: com.android.phone; callingUid: 1001; uidState: PER ; uidBFSL: [BFSL]; intent: Intent { act=com.mediatek.simprocessor.SimProcessorService xflg=0x4 pkg=com.mediatek.simprocessor (has extras) }; code:PROC_STATE_PERSISTENT; tempAllowListReason:<,reasonCode:SYSTEM_ALLOW_LISTED,duration:9223372036854775807,callingUid:-1>; allowWiu:10; targetSdkVersion:36; callerTargetSdkVersion:36; startForegroundCount:0; bindFromPackage:null: isBindService:false]]
04-12 20:39:38.428000   500   500 I auditd  : type=1400 audit(0.0:374): avc:  denied  { read } for  comm="logd.writer" name="u:object_r:bluetooth_prop:s0" dev="tmpfs" ino=173 scontext=u:r:logd:s0 tcontext=u:object_r:bluetooth_prop:s0 tclass=file permissive=0
04-12 20:39:38.428000   500   500 I auditd  : type=1400 audit(0.0:375): avc:  denied  { read } for  comm="logd.writer" name="u:object_r:bluetooth_prop:s0" dev="tmpfs" ino=173 scontext=u:r:logd:s0 tcontext=u:object_r:bluetooth_prop:s0 tclass=file permissive=0
04-12 20:39:38.428000   500   500 I auditd  : type=1400 audit(0.0:376): avc:  denied  { read } for  comm="logd.writer" name="u:object_r:bluetooth_prop:s0" dev="tmpfs" ino=173 scontext=u:r:logd:s0 tcontext=u:object_r:bluetooth_prop:s0 tclass=file permissive=0
04-12 20:39:38.432000   500   500 I auditd  : type=1400 audit(0.0:377): avc:  denied  { read } for  comm="logd.writer" name="u:object_r:bluetooth_prop:s0" dev="tmpfs" ino=173 scontext=u:r:logd:s0 tcontext=u:object_r:bluetooth_prop:s0 tclass=file permissive=0
04-12 20:39:38.432000   500   500 I auditd  : type=1400 audit(0.0:378): avc:  denied  { read } for  comm="logd.writer" name="u:object_r:bluetooth_prop:s0" dev="tmpfs" ino=173 scontext=u:r:logd:s0 tcontext=u:object_r:bluetooth_prop:s0 tclass=file permissive=0
04-12 20:39:38.436000   500   500 I auditd  : type=1400 audit(0.0:380): avc:  denied  { read } for  comm="logd.writer" name="u:object_r:bluetooth_prop:s0" dev="tmpfs" ino=173 scontext=u:r:logd:s0 tcontext=u:object_r:bluetooth_prop:s0 tclass=file permissive=0
04-12 20:39:38.440000   500   500 I auditd  : type=1400 audit(0.0:381): avc:  denied  { read } for  comm="logd.writer" name="u:object_r:bluetooth_prop:s0" dev="tmpfs" ino=173 scontext=u:r:logd:s0 tcontext=u:object_r:bluetooth_prop:s0 tclass=file permissive=0
04-12 20:39:38.440000   500   500 I auditd  : type=1400 audit(0.0:382): avc:  denied  { read } for  comm="logd.writer" name="u:object_r:bluetooth_prop:s0" dev="tmpfs" ino=173 scontext=u:r:logd:s0 tcontext=u:object_r:bluetooth_prop:s0 tclass=file permissive=0
04-12 20:39:38.459430  1706  1838 I commit_sys_config_file: [notification-policy,9]
04-12 20:39:38.480552  1706  1860 I am_proc_start: [0,3251,1000,com.mediatek.simprocessor,service,{com.mediatek.simprocessor/com.mediatek.simprocessor.SimProcessorService},caller=com.android.phone/1001]
04-12 20:39:38.484000   500   500 I auditd  : type=1400 audit(0.0:383): avc:  denied  { read } for  comm="logd.writer" name="u:object_r:bluetooth_prop:s0" dev="tmpfs" ino=173 scontext=u:r:logd:s0 tcontext=u:object_r:bluetooth_prop:s0 tclass=file permissive=0
04-12 20:39:38.535004  1706  2810 I am_proc_bound: [0,3251,com.mediatek.simprocessor]
04-12 20:39:38.552000   500   500 I auditd  : type=1400 audit(0.0:384): avc:  denied  { read } for  comm="logd.writer" name="u:object_r:bluetooth_prop:s0" dev="tmpfs" ino=173 scontext=u:r:logd:s0 tcontext=u:object_r:bluetooth_prop:s0 tclass=file permissive=0
04-12 20:39:38.568000   500   500 I auditd  : type=1400 audit(0.0:385): avc:  denied  { read } for  comm="logd.writer" name="u:object_r:bluetooth_prop:s0" dev="tmpfs" ino=173 scontext=u:r:logd:s0 tcontext=u:object_r:bluetooth_prop:s0 tclass=file permissive=0
04-12 20:39:38.568000   500   500 I auditd  : type=1400 audit(0.0:386): avc:  denied  { read } for  comm="logd.writer" name="u:object_r:bluetooth_prop:s0" dev="tmpfs" ino=173 scontext=u:r:logd:s0 tcontext=u:object_r:bluetooth_prop:s0 tclass=file permissive=0
04-12 20:39:38.588000   500   500 I auditd  : type=1400 audit(0.0:387): avc:  denied  { read } for  comm="logd.writer" name="u:object_r:bluetooth_prop:s0" dev="tmpfs" ino=173 scontext=u:r:logd:s0 tcontext=u:object_r:bluetooth_prop:s0 tclass=file permissive=0
04-12 20:39:38.588000   500   500 I auditd  : type=1400 audit(0.0:388): avc:  denied  { read } for  comm="logd.writer" name="u:object_r:bluetooth_prop:s0" dev="tmpfs" ino=173 scontext=u:r:logd:s0 tcontext=u:object_r:bluetooth_prop:s0 tclass=file permissive=0
04-12 20:39:38.588000   500   500 I auditd  : type=1400 audit(0.0:389): avc:  denied  { read } for  comm="logd.writer" name="u:object_r:bluetooth_prop:s0" dev="tmpfs" ino=173 scontext=u:r:logd:s0 tcontext=u:object_r:bluetooth_prop:s0 tclass=file permissive=0
04-12 20:39:38.592000  3251  3251 I auditd  : type=1400 audit(0.0:390): avc:  denied  { read write } for  comm="re-initialized>" name="ensignal" dev="tmpfs" ino=2080 scontext=u:r:system_app:s0 tcontext=u:object_r:ensignal_device:s0 tclass=chr_file permissive=0
04-12 20:39:38.592000  3251  3251 I auditd  : type=1400 audit(0.0:391): avc:  denied  { read write } for  comm="re-initialized>" name="ensignal" dev="tmpfs" ino=2080 scontext=u:r:system_app:s0 tcontext=u:object_r:ensignal_device:s0 tclass=chr_file permissive=0
04-12 20:39:38.610310  1706  1941 I dvm_lock_sample: [system_server,1,binder:1706_4,13,BroadcastController.java,532,android.content.Intent com.android.server.am.BroadcastController.registerReceiverWithFeatureTraced(android.app.IApplicationThread, java.lang.String, java.lang.String, java.lang.String, android.content.IIntentReceiver, android.content.IntentFilter, java.lang.String, int, int),BroadcastQueueImpl.java,495,void com.android.server.am.BroadcastQueueImpl.updateRunningList(),2]
04-12 20:39:38.612000   500   500 I auditd  : type=1400 audit(0.0:392): avc:  denied  { read } for  comm="logd.writer" name="u:object_r:bluetooth_prop:s0" dev="tmpfs" ino=173 scontext=u:r:logd:s0 tcontext=u:object_r:bluetooth_prop:s0 tclass=file permissive=0
04-12 20:39:38.612000   500   500 I auditd  : type=1400 audit(0.0:393): avc:  denied  { read } for  comm="logd.writer" name="u:object_r:bluetooth_prop:s0" dev="tmpfs" ino=173 scontext=u:r:logd:s0 tcontext=u:object_r:bluetooth_prop:s0 tclass=file permissive=0
04-12 20:39:38.618777  1706  1859 I am_uid_running: 10232
04-12 20:39:38.619592  1706  2001 I commit_sys_config_file: [settings-2-0,4]
04-12 20:39:38.620000   500   500 I auditd  : type=1400 audit(0.0:394): avc:  denied  { read } for  comm="logd.writer" name="u:object_r:bluetooth_prop:s0" dev="tmpfs" ino=173 scontext=u:r:logd:s0 tcontext=u:object_r:bluetooth_prop:s0 tclass=file permissive=0
04-12 20:39:38.624000   500   500 I auditd  : type=1400 audit(0.0:395): avc:  denied  { read } for  comm="logd.writer" name="u:object_r:bluetooth_prop:s0" dev="tmpfs" ino=173 scontext=u:r:logd:s0 tcontext=u:object_r:bluetooth_prop:s0 tclass=file permissive=0
04-12 20:39:38.624000   500   500 I auditd  : type=1400 audit(0.0:396): avc:  denied  { read } for  comm="logd.writer" name="u:object_r:bluetooth_prop:s0" dev="tmpfs" ino=173 scontext=u:r:logd:s0 tcontext=u:object_r:bluetooth_prop:s0 tclass=file permissive=0
04-12 20:39:38.630398  1706  1860 I am_proc_start: [0,2347,10232,com.google.android.gms.persistent,broadcast,{com.google.android.gms/com.google.android.gms.chimera.GmsIntentOperationService$PersistentTrustedReceiver},caller=com.android.bluetooth/1002,action = android.bluetooth.headset.profile.action.ACTIVE_DEVICE_CHANGED]
04-12 20:39:38.657035  1706  2853 I am_proc_bound: [0,2347,com.google.android.gms.persistent]
04-12 20:39:38.662684  1706  2001 I commit_sys_config_file: [settings-0-0,5]
04-12 20:39:38.664000  2347  2347 I auditd  : type=1400 audit(0.0:397): avc:  denied  { search } for  comm="binder:2347_2" name="/" dev="sdc87" ino=2 scontext=u:r:gmscore_app:s0:c512,c768 tcontext=u:object_r:tranfs_file:s0 tclass=dir permissive=0 app=com.google.android.gms
04-12 20:39:38.676000   500   500 I auditd  : type=1400 audit(0.0:398): avc:  denied  { read } for  comm="logd.writer" name="u:object_r:bluetooth_prop:s0" dev="tmpfs" ino=173 scontext=u:r:logd:s0 tcontext=u:object_r:bluetooth_prop:s0 tclass=file permissive=0
04-12 20:39:38.684805  1706  2568 I wm_set_keyguard_shown: [0,1,0,0,0,setKeyguardShown]
04-12 20:39:38.684000  2347  2347 I auditd  : type=1400 audit(0.0:400): avc:  denied  { read write } for  comm="re-initialized>" name="ensignal" dev="tmpfs" ino=2080 scontext=u:r:gmscore_app:s0:c512,c768 tcontext=u:object_r:ensignal_device:s0 tclass=chr_file permissive=0 app=com.google.android.gms
04-12 20:39:38.688386  1706  2568 I wm_pause_activity: [0,142837220,com.transsion.launcher3/com.android.launcher3.uioverrides.QuickstepLauncher,userLeaving=false,sleep]
04-12 20:39:38.692444  1706  2568 I wm_add_to_stopping: [0,142837220,com.transsion.launcher3/com.android.launcher3.uioverrides.QuickstepLauncher,makeInvisible]
04-12 20:39:38.696264  1706  2266 I am_foreground_service_start: [0,com.mediatek.simprocessor/.SimProcessorService,1,PROC_STATE_PERSISTENT,36,36,0,0,0,1,UNKNOWN,1073741824]
04-12 20:39:38.692000   500   500 I auditd  : type=1400 audit(0.0:402): avc:  denied  { read } for  comm="logd.writer" name="u:object_r:bluetooth_prop:s0" dev="tmpfs" ino=173 scontext=u:r:logd:s0 tcontext=u:object_r:bluetooth_prop:s0 tclass=file permissive=0
04-12 20:39:38.696000   500   500 I auditd  : type=1400 audit(0.0:403): avc:  denied  { read } for  comm="logd.writer" name="u:object_r:bluetooth_prop:s0" dev="tmpfs" ino=173 scontext=u:r:logd:s0 tcontext=u:object_r:bluetooth_prop:s0 tclass=file permissive=0
04-12 20:39:38.708085  2345  2345 I wm_on_top_resumed_lost_called: [142837220,com.android.launcher3.uioverrides.QuickstepLauncher,topStateChangedWhenResumed]
