04-12 20:39:41.518674  1706  3883 I dvm_lock_sample: [system_server,0,pool-76-thread-2,945,ActivityThread.java,8429,android.content.IContentProvider android.app.ActivityThread.acquireProvider(android.content.Context, java.lang.String, int, boolean),-,8455,android.content.IContentProvider android.app.ActivityThread.acquireProvider(android.content.Context, java.lang.String, int, boolean),100]
04-12 20:39:41.548472  1706  1860 I dvm_lock_sample: [system_server,1,ActivityManager:procStart,117,ProcessList.java,2304,void com.android.server.am.ProcessList.lambda$handleProcessStart$1(com.android.server.am.ProcessRecord, java.lang.String, int[], int, int, int, java.lang.String, java.lang.String, java.lang.String, long),,0,null,23]
04-12 20:39:41.549816  1706  1706 I dvm_lock_sample: [system_server,1,main,115,ActivityManagerService.java,15340,void com.android.server.am.ActivityManagerService.serviceDoneExecuting(android.os.IBinder, int, int, int, android.content.Intent),,0,null,23]
04-12 20:39:41.563112  1706  3561 I am_uid_active: 10190
04-12 20:39:41.565131  1706  1860 I am_proc_start: [0,4397,1000,com.transsion.aod,content provider,{com.transsion.aod/com.transsion.aod.detailSetting.AODInfoCenter.database.ThemeProvider},caller=com.android.systemui/10146]
04-12 20:39:41.587409  1706  3280 I am_uid_active: 10070
04-12 20:39:41.589283  1706  2265 I dvm_lock_sample: [system_server,1,binder:1706_6,62,ActivityManagerService.java,15319,void com.android.server.am.ActivityManagerService.publishService(android.os.IBinder, android.content.Intent, android.os.IBinder),,0,null,12]
04-12 20:39:41.592343  1706  4231 I am_proc_bound: [0,4397,com.transsion.aod]
04-12 20:39:41.597760  1706  2568 I dvm_lock_sample: [system_server,1,binder:1706_9,54,ContentProviderHelper.java,871,void com.android.server.am.ContentProviderHelper.publishContentProviders(android.app.IApplicationThread, java.util.List),,0,null,10]
04-12 20:39:41.609367  1706  2001 I dvm_lock_sample: [system_server,1,SettingsProvider,256,JobSchedulerService.java,2233,android.app.job.JobInfo com.android.server.job.JobSchedulerService.getPendingJob(int, java.lang.String, int),,0,null,51]
04-12 20:39:41.610460  1706  4316 I dvm_lock_sample: [system_server,1,binder:1706_1E,30,ContentProviderHelper.java,207,android.app.ContentProviderHolder com.android.server.am.ContentProviderHelper.getContentProviderImpl(android.app.IApplicationThread, java.lang.String, android.os.IBinder, int, java.lang.String, java.lang.String, boolean, int),,0,null,6]
04-12 20:39:41.611051  1706  3896 I dvm_lock_sample: [system_server,0,backup-0,256,JobSchedulerService.java,1831,int com.android.server.job.JobSchedulerService.scheduleAsPackage(android.app.job.JobInfo, android.app.job.JobWorkItem, int, java.lang.String, int, java.lang.String, java.lang.String),,0,null,51]
04-12 20:39:41.612939  1706  2001 I commit_sys_config_file: [settings-0-0,3]
04-12 20:39:41.617102  1706  2810 I am_proc_start: [0,4408,1000,com.android.keychain,service,{com.android.keychain/com.android.keychain.KeyChainService},caller=com.android.systemui/10146]
04-12 20:39:41.622031  1706  2810 I am_proc_bound: [0,4408,com.android.keychain]
04-12 20:39:41.630487  1706  3561 I am_uid_active: 10271
04-12 20:39:41.669118  1706  4243 I am_uid_running: 10169
04-12 20:39:41.677720  1706  2453 I dvm_lock_sample: [system_server,1,binder:1706_8,667,AppWidgetServiceImpl.java,2557,android.content.pm.ParceledListSlice com.android.server.appwidget.AppWidgetServiceImpl.getInstalledProvidersForProfile(int, int, java.lang.String),-,764,void com.android.server.appwidget.AppWidgetServiceImpl.reloadWidgetsMaskedStateForGroup(int),100]
04-12 20:39:41.678561  1706  1836 I uc_send_user_broadcast: [0,android.intent.action.BOOT_COMPLETED]
04-12 20:39:41.700868  1706  1859 I am_wtf  : [0,1706,system_server,-1,ActivityManager,Sending non-protected broadcast com.transsion.intent.action.APPWIDGET_LOADED from system uid 1000 pkg null]
04-12 20:39:41.704182  3866  4153 I dvm_lock_sample: [com.transsion.kolun.aiservice,0,AIEngine-init,475,ActivityThread.java,8429,android.content.IContentProvider android.app.ActivityThread.acquireProvider(android.content.Context, java.lang.String, int, boolean),-,8455,android.content.IContentProvider android.app.ActivityThread.acquireProvider(android.content.Context, java.lang.String, int, boolean),95]
04-12 20:39:41.706276  2579  3513 I dvm_lock_sample: [com.android.phone,0,TranHookRttController,388,ActivityThread.java,8429,android.content.IContentProvider android.app.ActivityThread.acquireProvider(android.content.Context, java.lang.String, int, boolean),-,8455,android.content.IContentProvider android.app.ActivityThread.acquireProvider(android.content.Context, java.lang.String, int, boolean),77]
04-12 20:39:41.732204  1706  1860 I am_proc_start: [0,4484,10169,tech.palm.id,content provider,{tech.palm.id/com.transsion.xuanniao.account.provider.AccountProvider},caller=com.transsion.aivoiceassistant/10190]
04-12 20:39:41.761952  1706  1990 I dvm_lock_sample: [system_server,1,appscheduling.default,43,JobSchedulerService.java,3501,void com.android.server.job.JobSchedulerService$JobHandler.handleMessage(android.os.Message),-,2573,int com.android.server.job.JobSchedulerService.getUidProcState(int),8]
04-12 20:39:41.777037  1706  2855 I dvm_lock_sample: [system_server,0,binder:1706_E,74,ContentProviderHelper.java,985,void com.android.server.am.ContentProviderHelper.removeContentProvider(android.os.IBinder, boolean),,0,null,14]
04-12 20:39:41.778535  1706  4244 I dvm_lock_sample: [system_server,1,binder:1706_19,31,BroadcastController.java,532,android.content.Intent com.android.server.am.BroadcastController.registerReceiverWithFeatureTraced(android.app.IApplicationThread, java.lang.String, java.lang.String, java.lang.String, android.content.IIntentReceiver, android.content.IntentFilter, java.lang.String, int, int),,0,null,6]
04-12 20:39:41.779125  1706  2835 I am_uid_active: 10179
04-12 20:39:41.781720  1706  3609 I dvm_lock_sample: [system_server,1,TranWifiThread,33,BroadcastController.java,532,android.content.Intent com.android.server.am.BroadcastController.registerReceiverWithFeatureTraced(android.app.IApplicationThread, java.lang.String, java.lang.String, java.lang.String, android.content.IIntentReceiver, android.content.IntentFilter, java.lang.String, int, int),,0,null,6]
04-12 20:39:41.782653  1706  2810 I am_proc_bound: [0,4484,tech.palm.id]
04-12 20:39:41.798181  3866  4115 I service_manager_slow: [25,bluetooth_manager]
04-12 20:39:41.808135  1706  4316 I pm_critical_info: setEnabledSettings callingUid = 10158 callingPid = 4017 packageName = com.idea.questionnaire componentName = ComponentInfo{com.idea.questionnaire/com.transsion.xfeedback.ui.home.SplashActivity} callingPackage= com.hoffnung newState = 2 userId = 0 flags = 1
04-12 20:39:41.841357  1706  2453 I am_uid_active: 10274
04-12 20:39:41.847464  1706  3561 I am_uid_active: 10214
04-12 20:39:41.875992  1706  3280 I am_proc_start: [0,4578,1000,com.transsion.batterylab,service,{com.transsion.batterylab/com.transsion.batterylab.PowerBoostTile},caller=com.android.systemui/10146]
04-12 20:39:41.876602  1706  3280 I am_proc_bound: [0,4578,com.transsion.batterylab]
04-12 20:39:41.895067  1706  2810 I am_uid_running: 10194
04-12 20:39:41.900063  1706  4316 I am_uid_running: 10160
04-12 20:39:41.912823  1706  1848 I dvm_lock_sample: [system_server,1,android.bg,109,ActivityManagerService.java,6474,java.lang.String com.android.server.am.ActivityManagerService.getTagForIntentSender(android.content.IIntentSender, java.lang.String),,0,null,21]
04-12 20:39:41.923824  1706  2568 I dvm_lock_sample: [system_server,1,binder:1706_9,38,ActivityManagerService.java,15319,void com.android.server.am.ActivityManagerService.publishService(android.os.IBinder, android.content.Intent, android.os.IBinder),,0,null,7]
04-12 20:39:41.950320  4397  4434 I dvm_lock_sample: [com.transsion.aod,1,binder:4397_3,222,SourceFile,-1,java.lang.Object com.transsion.aod.component.a.getRealComponent(),-,-1,java.lang.Object com.transsion.aod.component.a.getRealComponent(),44]
04-12 20:39:41.973572  1706  1990 I am_uid_running: 10264
04-12 20:39:41.985024  1706  1860 I am_proc_start: [0,4632,1000,com.transsion.smartpanel,service,{com.transsion.smartpanel/com.transsion.common.NotificationListener},trigger = notification,caller=system/1000]
04-12 20:39:42.007246  1706  4307 I dvm_lock_sample: [system_server,1,binder:1706_1C,68,ActivityManagerService.java,15319,void com.android.server.am.ActivityManagerService.publishService(android.os.IBinder, android.content.Intent, android.os.IBinder),,0,null,13]
04-12 20:39:42.007780  1706  1848 I dvm_lock_sample: [system_server,1,android.bg,83,ActivityManagerService.java,15283,int com.android.server.am.ActivityManagerService.bindServiceInstance(android.app.IApplicationThread, android.os.IBinder, android.content.Intent, java.lang.String, android.app.IServiceConnection, long, java.lang.String, boolean, int, java.lang.String, android.app.IApplicationThread, java.lang.String, int),,0,null,16]
04-12 20:39:42.008000  4578  4578 I auditd  : type=1400 audit(0.0:513): avc:  denied  { map } for  comm="sion.batterylab" path="/dev/__properties__/u:object_r:vendor_irtx_prop:s0" dev="tmpfs" ino=614 scontext=u:r:system_app:s0 tcontext=u:object_r:vendor_irtx_prop:s0 tclass=file permissive=0
04-12 20:39:42.008000  4578  4578 I auditd  : type=1400 audit(0.0:514): avc:  denied  { read } for  comm="sion.batterylab" name="u:object_r:qemu_hw_prop:s0" dev="tmpfs" ino=396 scontext=u:r:system_app:s0 tcontext=u:object_r:qemu_hw_prop:s0 tclass=file permissive=0
04-12 20:39:42.019425  1706  1706 I dvm_lock_sample: [system_server,1,main,82,BroadcastController.java,532,android.content.Intent com.android.server.am.BroadcastController.registerReceiverWithFeatureTraced(android.app.IApplicationThread, java.lang.String, java.lang.String, java.lang.String, android.content.IIntentReceiver, android.content.IntentFilter, java.lang.String, int, int),,0,null,16]
04-12 20:39:42.038021  1706  1860 I am_proc_start: [0,4658,10194,com.transsion.airtransfer,service,{com.transsion.airtransfer/com.transsion.airtransfer.service.TransferTileService},caller=com.android.systemui/10146]
04-12 20:39:42.044836  1706  4316 I am_proc_bound: [0,4632,com.transsion.smartpanel]
04-12 20:39:42.064000  4632  4632 I auditd  : type=1400 audit(0.0:515): avc:  denied  { read write } for  comm="re-initialized>" name="ensignal" dev="tmpfs" ino=2080 scontext=u:r:system_app:s0 tcontext=u:object_r:ensignal_device:s0 tclass=chr_file permissive=0
04-12 20:39:42.064000  4632  4632 I auditd  : type=1400 audit(0.0:516): avc:  denied  { read write } for  comm="re-initialized>" name="ensignal" dev="tmpfs" ino=2080 scontext=u:r:system_app:s0 tcontext=u:object_r:ensignal_device:s0 tclass=chr_file permissive=0
04-12 20:39:42.082614  1706  2835 I am_uid_active: 10158
04-12 20:39:42.089876  1706  4243 I dvm_lock_sample: [system_server,1,binder:1706_18,67,ContentProviderHelper.java,207,android.app.ContentProviderHolder com.android.server.am.ContentProviderHelper.getContentProviderImpl(android.app.IApplicationThread, java.lang.String, android.os.IBinder, int, java.lang.String, java.lang.String, boolean, int),,0,null,13]
04-12 20:39:42.094193  1706  4345 I dvm_lock_sample: [system_server,1,binder:1706_20,107,BroadcastController.java,532,android.content.Intent com.android.server.am.BroadcastController.registerReceiverWithFeatureTraced(android.app.IApplicationThread, java.lang.String, java.lang.String, java.lang.String, android.content.IIntentReceiver, android.content.IntentFilter, java.lang.String, int, int),,0,null,21]
04-12 20:39:42.096332  1706  2855 I dvm_lock_sample: [system_server,1,binder:1706_E,105,ContentProviderHelper.java,207,android.app.ContentProviderHolder com.android.server.am.ContentProviderHelper.getContentProviderImpl(android.app.IApplicationThread, java.lang.String, android.os.IBinder, int, java.lang.String, java.lang.String, boolean, int),,0,null,21]
04-12 20:39:42.096000  1706  1706 I auditd  : type=1400 audit(0.0:517): avc:  denied  { read } for  comm="PerfCoreThread" name="u:object_r:vendor_mtk_powerhal_prop:s0" dev="tmpfs" ino=799 scontext=u:r:system_server:s0 tcontext=u:object_r:vendor_mtk_powerhal_prop:s0 tclass=file permissive=0
04-12 20:39:42.099602  1706  1796 I dvm_lock_sample: [system_server,0,binder:1706_2,75,ContentProviderHelper.java,985,void com.android.server.am.ContentProviderHelper.removeContentProvider(android.os.IBinder, boolean),,0,null,15]
04-12 20:39:42.099916  1706  4298 I dvm_lock_sample: [system_server,1,binder:1706_1B,68,ActivityManagerService.java,15319,void com.android.server.am.ActivityManagerService.publishService(android.os.IBinder, android.content.Intent, android.os.IBinder),,0,null,13]
04-12 20:39:42.100316  1706  2853 I am_proc_bound: [0,4658,com.transsion.airtransfer]
04-12 20:39:42.107867  1706  2453 I dvm_lock_sample: [system_server,1,binder:1706_8,69,BroadcastController.java,694,void com.android.server.am.BroadcastController.unregisterReceiverTraced(android.content.IIntentReceiver),,0,null,13]
04-12 20:39:42.109460  1706  1860 I am_proc_start: [0,4681,10160,com.transsion.iotcard,service,{com.transsion.iotcard/com.transsion.iotcard_business.service.IrRemoteService},caller=com.android.systemui/10146]
04-12 20:39:42.124805  1706  1940 I am_proc_bound: [0,4681,com.transsion.iotcard]
04-12 20:39:42.181247  2345  2345 I viewroot_draw_event: [VRI[Taskbar],reportDrawFinished seqId=0]
04-12 20:39:42.196629  1706  1860 I am_proc_start: [0,4712,10264,com.google.android.adservices.api,service,{com.google.android.adservices.api/com.android.adservices.spe.AdServicesJobService},trigger = job,caller=system/1000]
04-12 20:39:42.207125  2345  2345 I viewroot_draw_event: [VRI[Taskbar],reportDrawFinished seqId=0]
04-12 20:39:42.222502  1706  2453 I pm_critical_info: setEnabledSettings callingUid = 10158 callingPid = 4017 packageName = com.transsion.letswitch componentName = ComponentInfo{com.transsion.letswitch/com.transsion.letswitch.upgrade.UpgradeService} callingPackage= com.hoffnung newState = 2 userId = 0 flags = 1
04-12 20:39:42.248074  1706  4307 I am_proc_bound: [0,4712,com.google.android.adservices.api]
04-12 20:39:42.257010  1706  2001 I commit_sys_config_file: [settings-2-0,3]
04-12 20:39:42.270094  1706  4345 I am_uid_active: 10169
04-12 20:39:42.279454  1706  1795 I pm_critical_info: setEnabledSettings callingUid = 10158 callingPid = 4017 packageName = com.transsion.demomode componentName = null callingPackage= com.hoffnung newState = 2 userId = 0 flags = 0
04-12 20:39:42.310932  3866  4123 I dvm_lock_sample: [com.transsion.kolun.aiservice,0,ApiInvoke,331,SourceFile,-1,com.transsion.kolun.aidatacenter.collect.collector.BaseCollector com.transsion.kolun.aidatacenter.collect.collector.CollectorFactory.makeCollector(java.lang.String),-,-1,com.transsion.kolun.aidatacenter.collect.collector.BaseCollector com.transsion.kolun.aidatacenter.collect.collector.CollectorFactory.makeCollector(java.lang.String),66]
04-12 20:39:42.330253  1706  2811 I am_uid_active: 10142
04-12 20:39:42.359073  1706  1706 I cc_connect_state_changed: [0,1,0]
04-12 20:39:42.363151  1706  4298 I am_uid_active: 10109
04-12 20:39:42.399985  1706  1860 I am_proc_start: [0,4818,1000,com.transsion.iotservice,service,{com.transsion.iotservice/com.transsion.iotservice.service.GlobaleScanToastControlService},caller=com.transsion.kolun.aiservice/1000]
04-12 20:39:42.427686  1706  1859 I am_wtf  : [0,1706,system_server,-1,ActivityManager,Background started FGS: Allowed [callingPackage: com.google.android.as; callingUid: 10214; uidState: BFGS; uidBFSL: [BFSL]; intent: Intent { act=com.google.android.apps.miphone.aiai.captions.CaptionsSharedPrefsDataSyncService#ACTION_SYNC_FROM_CAPTIONS_TO_PERSISTENT_PROCESS xflg=0x4 cmp=com.google.android.as/com.google.android.apps.miphone.aiai.captions.CaptionsSharedPrefsDataSyncService (has extras) }; code:BACKGROUND_ACTIVITY_PERMISSION; tempAllowListReason:<null>; allowWiu:58; targetSdkVersion:36; callerTargetSdkVersion:36; startForegroundCount:0; bindFromPackage:null: isBindService:false]]
04-12 20:39:42.440955  1706  4199 I am_proc_bound: [0,4818,com.transsion.iotservice]
04-12 20:39:42.452250  1706  4205 I dvm_lock_sample: [system_server,1,binder:1706_14,32,BroadcastController.java,759,int com.android.server.am.BroadcastController.broadcastIntentWithFeature(android.app.IApplicationThread, java.lang.String, android.content.Intent, java.lang.String, android.content.IIntentReceiver, int, java.lang.String, android.os.Bundle, java.lang.String[], java.lang.String[], java.lang.String[], int, android.os.Bundle, boolean, boolean, int),,0,null,6]
04-12 20:39:42.463311  1706  1860 I am_proc_start: [0,4856,10214,com.google.android.as:captions,service,{com.google.android.as/com.google.android.apps.miphone.aiai.captions.CaptionsSharedPrefsDataSyncService},caller=com.google.android.as/10214]
04-12 20:39:42.491640  1706  2810 I am_proc_bound: [0,4856,com.google.android.as:captions]
04-12 20:39:42.493787  2707  2922 I jank_cuj_events_end_request: [81,1775997582493672000,25267623770,25267623770]
04-12 20:39:42.524029  1706  1941 I dvm_lock_sample: [system_server,1,binder:1706_4,37,ContentProviderHelper.java,207,android.app.ContentProviderHolder com.android.server.am.ContentProviderHelper.getContentProviderImpl(android.app.IApplicationThread, java.lang.String, android.os.IBinder, int, java.lang.String, java.lang.String, boolean, int),,0,null,7]
04-12 20:39:42.579897  1706  2086 I input_interaction: Interaction with: fe0a0e6 NotificationShade, [Gesture Monitor] edge-swipe, [Gesture Monitor] TranGestureMonitor, [Gesture Monitor] TranGestureMonitor, PointerEventDispatcher0, 
04-12 20:39:42.597974  1706  1840 I snet_event_log: updateFrameRateVote [pkg = com.android.systemui title = com.android.systemui.wallpapers.ImageWallpaper refreshRate = 90.0 modeId = 3 setting =10000 peak = 120.0 mTopApp = null]
04-12 20:39:42.598217  1706  1840 I snet_event_log: updateFrameRateVote [pkg = com.android.systemui title = NotificationShade refreshRate = 120.00001 modeId = 2 setting =10000 peak = 120.0 mTopApp = null]
04-12 20:39:42.598310  1706  1840 I snet_event_log: updateFrameRateVote [pkg = com.transsion.launcher3 title = Taskbar refreshRate = 120.00001 modeId = 2 setting =10000 peak = 120.0 mTopApp = null]
04-12 20:39:42.603536  1706  4200 I dvm_lock_sample: [system_server,1,binder:1706_13,9,ActivityManagerService.java,15048,android.content.ComponentName com.android.server.am.ActivityManagerService.startService(android.app.IApplicationThread, android.content.Intent, java.lang.String, boolean, java.lang.String, java.lang.String, int, boolean, int, java.lang.String, java.lang.String),,0,null,1]
04-12 20:39:42.624241  1706  1859 I am_wtf  : [0,1706,system_server,-1,ActivityManager,Sending non-protected broadcast usb_charge_change_mtp_mode_dialog from system 1706:system/1000 pkg android]
04-12 20:39:42.636069  1706  4229 I am_foreground_service_start: [0,com.google.android.as/com.google.android.apps.miphone.aiai.captions.CaptionsSharedPrefsDataSyncService,1,BACKGROUND_ACTIVITY_PERMISSION,36,36,0,0,0,1,UNKNOWN,2048]
04-12 20:39:42.655717  1706  4229 I am_foreground_service_stop: [0,com.google.android.as/com.google.android.apps.miphone.aiai.captions.CaptionsSharedPrefsDataSyncService,1,BACKGROUND_ACTIVITY_PERMISSION,36,36,0,0,21,1,STOP_SERVICE,2048]
04-12 20:39:42.690770  2347  3453 I dvm_lock_sample: [com.google.android.gms.persisten,0,highpool[1],115,:com.google.android.gms@261233035@26.12.33 (260400-892550550),3,void czgv.h(boolean, hayv, czjg),-,75,void cydv.l(),23]
04-12 20:39:42.701768  1706  2153 I notification_enqueue: [10214,4856,com.google.android.as,559,NULL,0,Notification(channel=Captions shortcut=null contentView=null vibrate=null sound=null defaults=0 flags=FOREGROUND_SERVICE color=0x00000000 actions=1 vis=PRIVATE),0,1]
04-12 20:39:42.709400  2707  2922 I jank_cuj_events_end_request: [10425,1775997582709316000,25483267463,25483267693]
04-12 20:39:42.711245  2707  2707 I sysui_multi_action: [757,186,758,4,826,223,827,3320]
04-12 20:39:42.711254  2707  2707 I sysui_lockscreen_gesture: [1,223,3320]
04-12 20:39:42.735415  2707  2922 I jank_cuj_events_cancel_request: [29,1775997582730315000,25504267155,25504267155]
04-12 20:39:42.739713  2707  2922 I jank_cuj_events_begin_request: [29,1775997582738848000,25512799463,25512799463,]
04-12 20:39:42.747430  1706  2453 I dvm_lock_sample: [system_server,1,binder:1706_8,51,ContentProviderHelper.java,207,android.app.ContentProviderHolder com.android.server.am.ContentProviderHelper.getContentProviderImpl(android.app.IApplicationThread, java.lang.String, android.os.IBinder, int, java.lang.String, java.lang.String, boolean, int),,0,null,10]
04-12 20:39:42.749355  1706  2811 I wm_set_keyguard_shown: [0,1,0,1,0,keyguardGoingAway]
04-12 20:39:42.752644  2707  2922 I jank_cuj_events_end_request: [0,1775997582752501000,25526453001,25526453001]
04-12 20:39:42.752655  2707  2922 I jank_cuj_events_end_request: [55,1775997582752533000,25526485001,25526485001]
04-12 20:39:42.763197  1706  4345 I dvm_lock_sample: [system_server,1,binder:1706_20,218,JobSchedulerService.java,2399,boolean com.android.server.job.JobSchedulerService.cancelJob(int, java.lang.String, int, int, int),,0,null,43]
04-12 20:39:42.769014  1706  2142 I netstats_mobile_sample: [0,0,0,0,0,0,0,0,1775997582768]
04-12 20:39:42.769032  1706  2142 I netstats_wifi_sample: [0,0,0,0,0,0,0,0,1775997582768]
04-12 20:39:42.769395  1706  1838 I dvm_lock_sample: [system_server,0,android.io,280,JobStore.java,729,void com.android.server.job.JobStore$2.run(),,0,null,56]
04-12 20:39:42.770753  1706  2153 I sysui_multi_action: [757,128,758,5,759,8,793,115,794,0,795,115,796,559,806,com.google.android.as,857,Captions,858,2,947,0,1500,115,1688,1,1745,2098068913]
04-12 20:39:42.770799  1706  2153 I notification_canceled: [0|com.google.android.as|559|null|10214,8,115,115,0,-1,-1,NULL]
04-12 20:39:42.773350  1706  2811 I wm_set_resumed_activity: [0,com.transsion.launcher3/com.android.launcher3.uioverrides.QuickstepLauncher,resumeTopActivity - onActivityStateChanged]
04-12 20:39:42.778143  1706  2811 I wm_resume_activity: [0,142837220,2,com.transsion.launcher3/com.android.launcher3.uioverrides.QuickstepLauncher]
04-12 20:39:42.779064  2707  2922 I jank_cuj_events_cancel_request: [55,1775997582778997000,25552948924,25552949001]
04-12 20:39:42.779706  2707  2922 I jank_cuj_events_end_request: [0,1775997582779604000,25553556616,25553556693]
04-12 20:39:42.779750  2707  2922 I jank_cuj_events_end_request: [55,1775997582779628000,25553579770,25553579770]
04-12 20:39:42.779757  2707  2922 I jank_cuj_events_end_request: [29,1775997582779635000,25553586539,25553586539]
04-12 20:39:42.785460  1706  1838 I commit_sys_config_file: [jobs,16]
04-12 20:39:42.787483  2345  2345 I liblog  : 2
04-12 20:39:42.789182  1706  1838 I commit_sys_config_file: [jobs,4]
04-12 20:39:42.795814  1706  2835 I sysui_multi_action: [757,127,758,2]
04-12 20:39:42.795980  1706  2835 I notification_panel_hidden: 
04-12 20:39:42.797306  1706  1840 I snet_event_log: updateFrameRateVote [pkg = com.transsion.livewallpaper.custompictorial title = com.transsion.livewallpaper.pictorial.CustomPictorialWallpaperService refreshRate = 120.00001 modeId = 2 setting =10000 peak = 120.0 mTopApp = com.transsion.launcher3]
04-12 20:39:42.797386  1706  1840 I snet_event_log: updateFrameRateVote [pkg = com.android.systemui title = com.android.systemui.wallpapers.ImageWallpaper refreshRate = 120.00001 modeId = 2 setting =10000 peak = 120.0 mTopApp = com.transsion.launcher3]
04-12 20:39:42.797583  1706  1840 I wm_wallpaper_surface: [0,1,Window{f0aa9e0 u0 com.transsion.launcher3/com.android.launcher3.uioverrides.QuickstepLauncher}]
04-12 20:39:42.797732  1706  1840 I snet_event_log: updateFrameRateVote [pkg = android title = TranssionWaterMark refreshRate = 120.00001 modeId = 2 setting =10000 peak = 120.0 mTopApp = com.transsion.launcher3]
04-12 20:39:42.808115  2519  3127 I service_manager_slow: [36,servicediscovery]
04-12 20:39:42.815041  1706  1838 I commit_sys_config_file: [notification-policy,12]
04-12 20:39:42.820060  2345  2345 I wm_on_restart_called: [142837220,com.android.launcher3.uioverrides.QuickstepLauncher,performRestart,0]
04-12 20:39:42.821262  2345  2345 I wm_on_start_called: [142837220,com.android.launcher3.uioverrides.QuickstepLauncher,handleStartActivity,1]
04-12 20:39:42.826840  2345  2345 I wm_on_resume_called: [142837220,com.android.launcher3.uioverrides.QuickstepLauncher,RESUME_ACTIVITY,4]
04-12 20:39:42.826911  2345  2345 I wm_on_top_resumed_gained_called: [142837220,com.android.launcher3.uioverrides.QuickstepLauncher,topWhenResuming]
04-12 20:39:42.832947  1706  1706 I dvm_lock_sample: [system_server,1,main,44,ActivityManagerService.java,15305,boolean com.android.server.am.ActivityManagerService.unbindService(android.app.IServiceConnection),,0,null,8]
04-12 20:39:42.838118  1706  1840 I snet_event_log: updateFrameRateVote [pkg = com.transsion.launcher3 title = com.transsion.launcher3/com.android.launcher3.uioverrides.QuickstepLauncher refreshRate = 120.00001 modeId = 2 setting =10000 peak = 120.0 mTopApp = com.transsion.launcher3]
04-12 20:39:42.855805  2345  2345 I viewroot_draw_event: [VRI[QuickstepLauncher],Start draw after previous draw not visible]
04-12 20:39:42.880554  2345  2345 I viewroot_draw_event: [VRI[QuickstepLauncher],reportDrawFinished seqId=0]
04-12 20:39:42.887841  1706  2853 I am_uid_running: 10132
04-12 20:39:42.893989  2707  2922 I jank_cuj_events_end_request: [29,1775997582890266000,25664217924,25664217924]
04-12 20:39:42.894009  2707  2922 I jank_cuj_events_end_request: [0,1775997582890313000,25664265001,25664265001]
04-12 20:39:42.894016  2707  2922 I jank_cuj_events_cancel_request: [23,1775997582890326000,25664277847,25664277847]
04-12 20:39:42.896237  1706  2810 I sysui_multi_action: [757,1721,758,4,908,com.google.android.as/com.google.android.apps.miphone.aiai.app.AiAiAugmentedAutofillService,1722,6]
04-12 20:39:42.903336  4818  4954 I service_manager_slow: [19,bluetooth_manager]
04-12 20:39:42.904018  1706  1941 I wm_set_keyguard_occluded: [0,0,0,setOccluded]
04-12 20:39:42.904502  1706  1840 I wm_wallpaper_surface: [0,0,Window{f0aa9e0 u0 com.transsion.launcher3/com.android.launcher3.uioverrides.QuickstepLauncher}]
04-12 20:39:42.907861  2707  2707 I sysui_keyguard: [0,0]
04-12 20:39:42.907969  2707  2922 I jank_cuj_events_cancel_request: [23,1775997582907867000,25681818463,25681818463]
04-12 20:39:42.923118  2707  2707 I sysui_multi_action: [757,196,758,2,759,0]
04-12 20:39:42.923129  2707  2707 I sysui_status_bar_state: [0,0,0,0,0,1]
04-12 20:39:42.944834  1706  1840 I input_focus: [Focus request f0aa9e0 com.transsion.launcher3/com.android.launcher3.uioverrides.QuickstepLauncher,reason=UpdateInputWindows]
04-12 20:39:42.949232  1706  1940 I dvm_lock_sample: [system_server,1,binder:1706_3,98,JobSchedulerService.java,2093,java.util.List com.android.server.job.JobSchedulerService.getPendingJobsInNamespace(int, java.lang.String),-,2573,int com.android.server.job.JobSchedulerService.getUidProcState(int),19]
04-12 20:39:42.953406  1706  1706 I dvm_lock_sample: [system_server,1,main,86,JobServiceContext.java,1087,void com.android.server.job.JobServiceContext.onServiceConnected(android.content.ComponentName, android.os.IBinder),JobSchedulerService.java,2573,int com.android.server.job.JobSchedulerService.getUidProcState(int),17]
04-12 20:39:42.955707  1706  1859 I dvm_lock_sample: [system_server,1,ActivityManager,199,ServiceRecord.java,1782,void com.android.server.am.ServiceRecord.signalForegroundServiceNotification(java.lang.String, int, int, boolean),,0,null,39]
04-12 20:39:42.959791  1706  1941 I am_proc_start: [0,4963,10132,com.transsion.globalsearch,content provider,{com.transsion.globalsearch/com.transsion.globalsearch.provider.ActiveProvider},caller=com.transsion.launcher3/10148]
04-12 20:39:42.983699  2707  2922 I jank_cuj_events_cancel_request: [80,1775997582970686000,25744638232,25744638232]
04-12 20:39:42.983712  2707  2922 I jank_cuj_events_end_request: [80,1775997582970716000,25744667770,25744668001]
04-12 20:39:42.985924  1706  1941 I am_proc_bound: [0,4963,com.transsion.globalsearch]
04-12 20:39:42.988813  1706  2142 I netstats_mobile_sample: [0,0,0,0,0,0,0,0,1775997582988]
04-12 20:39:42.988832  1706  2142 I netstats_wifi_sample: [0,0,0,0,0,0,0,0,1775997582988]
04-12 20:39:42.990750  1706  2086 I input_focus: [Focus leaving fe0a0e6 NotificationShade,reason=setFocusedWindow]
04-12 20:39:42.990815  1706  2086 I input_focus: [Focus entering f0aa9e0 com.transsion.launcher3/com.android.launcher3.uioverrides.QuickstepLauncher,reason=setFocusedWindow]
04-12 20:39:43.023552  1706  4231 I dvm_lock_sample: [system_server,1,binder:1706_17,173,BroadcastController.java,532,android.content.Intent com.android.server.am.BroadcastController.registerReceiverWithFeatureTraced(android.app.IApplicationThread, java.lang.String, java.lang.String, java.lang.String, android.content.IIntentReceiver, android.content.IntentFilter, java.lang.String, int, int),,0,null,34]
04-12 20:39:43.026193  1706  2266 I dvm_lock_sample: [system_server,1,binder:1706_7,101,BroadcastController.java,532,android.content.Intent com.android.server.am.BroadcastController.registerReceiverWithFeatureTraced(android.app.IApplicationThread, java.lang.String, java.lang.String, java.lang.String, android.content.IIntentReceiver, android.content.IntentFilter, java.lang.String, int, int),,0,null,20]
04-12 20:39:43.028202  1706  2379 I dvm_lock_sample: [system_server,0,CpuMonitor,206,TranProcessStateRecord.java,21,int com.android.server.am.TranProcessStateRecord.getCurrentSchedulingGroupExt(),,0,null,41]
04-12 20:39:43.042553  2347  3899 I dvm_lock_sample: [com.google.android.gms.persisten,0,highpool[3],292,:com.google.android.gms@261233035@26.12.33 (260400-892550550),13,void cvbs.n(java.lang.Object, java.lang.Object, cvck),-,49,void czgx.q(czgc),58]
04-12 20:39:43.042951  1706  2095 I am_uid_running: 10243
04-12 20:39:43.051280  1706  2853 I am_uid_running: 10117
04-12 20:39:43.064816  1706  1859 I am_uid_running: 10233
04-12 20:39:43.081356  2707  2707 I viewroot_draw_event: [VRI[NotificationShade],Not drawing due to not visible. Reason=View.INVISIBLE]
04-12 20:39:43.126377  1706  1796 I cc_current_allowlist: [0,0]
04-12 20:39:43.126458  1706  1796 I cc_set_allowlist: [0,0,4]
04-12 20:39:43.126548  1706  1796 I cc_current_allowlist: [0,2]
04-12 20:39:43.126566  1706  1796 I cc_update_options: [0,2]
04-12 20:39:43.135529  1706  1897 I commit_sys_config_file: [package,20]
04-12 20:39:43.140484  1706  1890 I commit_sys_config_file: [package-user-0,5]
04-12 20:39:43.140760  1706  4249 I dvm_lock_sample: [system_server,1,binder:1706_1A,25,PackageManagerService.java,1344,com.android.server.pm.Computer com.android.server.pm.PackageManagerService.snapshotComputer(boolean),-,1370,com.android.server.pm.Computer com.android.server.pm.PackageManagerService.snapshotComputer(boolean),5]
04-12 20:39:43.150739  1706  1839 I dvm_lock_sample: [system_server,1,android.display,99,ProcessRecord.java,1815,void com.android.server.am.ProcessRecord.setRunningRemoteAnimation(boolean),,0,null,19]
04-12 20:39:43.152336  1706  3280 I dvm_lock_sample: [system_server,1,binder:1706_F,174,JobSchedulerService.java,1831,int com.android.server.job.JobSchedulerService.scheduleAsPackage(android.app.job.JobInfo, android.app.job.JobWorkItem, int, java.lang.String, int, java.lang.String, java.lang.String),,0,null,34]
04-12 20:39:43.153179  1706  1839 I user_activity_timeout_override: -1
04-12 20:39:43.153495  1706  4345 I dvm_lock_sample: [system_server,1,binder:1706_20,98,BroadcastController.java,532,android.content.Intent com.android.server.am.BroadcastController.registerReceiverWithFeatureTraced(android.app.IApplicationThread, java.lang.String, java.lang.String, java.lang.String, android.content.IIntentReceiver, android.content.IntentFilter, java.lang.String, int, int),,0,null,19]
04-12 20:39:43.155075  1706  1990 I dvm_lock_sample: [system_server,1,appscheduling.default,110,QuotaController.java,2745,void com.android.server.job.controllers.QuotaController$QcHandler.handleMessage(android.os.Message),JobSchedulerService.java,3462,void com.android.server.job.JobSchedulerService.onControllerStateChanged(android.util.ArraySet),22]
04-12 20:39:43.156805  1706  1940 I am_uid_running: 10208
04-12 20:39:43.177962  1706  2001 I commit_sys_config_file: [settings-1-0,21]
04-12 20:39:43.191105  1706  1795 I am_uid_running: 10112
04-12 20:39:43.204588  1706  4199 I am_proc_start: [0,4993,10243,com.google.android.inputmethod.latin,service,{com.google.android.inputmethod.latin/com.android.inputmethod.latin.LatinIME},caller=system/1000]
04-12 20:39:43.213727  1706  4199 I am_proc_bound: [0,4993,com.google.android.inputmethod.latin]
04-12 20:39:43.208000   500   500 I auditd  : type=1400 audit(0.0:546): avc:  denied  { read } for  comm="logd.writer" name="u:object_r:bluetooth_prop:s0" dev="tmpfs" ino=173 scontext=u:r:logd:s0 tcontext=u:object_r:bluetooth_prop:s0 tclass=file permissive=0
04-12 20:39:43.212000   500   500 I auditd  : type=1400 audit(0.0:547): avc:  denied  { read } for  comm="logd.writer" name="u:object_r:bluetooth_prop:s0" dev="tmpfs" ino=173 scontext=u:r:logd:s0 tcontext=u:object_r:bluetooth_prop:s0 tclass=file permissive=0
04-12 20:39:43.212000   500   500 I auditd  : type=1400 audit(0.0:548): avc:  denied  { read } for  comm="logd.writer" name="u:object_r:bluetooth_prop:s0" dev="tmpfs" ino=173 scontext=u:r:logd:s0 tcontext=u:object_r:bluetooth_prop:s0 tclass=file permissive=0
04-12 20:39:43.212000   500   500 I auditd  : type=1400 audit(0.0:549): avc:  denied  { read } for  comm="logd.writer" name="u:object_r:bluetooth_prop:s0" dev="tmpfs" ino=173 scontext=u:r:logd:s0 tcontext=u:object_r:bluetooth_prop:s0 tclass=file permissive=0
04-12 20:39:43.234427  1706  2001 I commit_sys_config_file: [settings-0-0,36]
04-12 20:39:43.228000  4993  4993 I auditd  : type=1400 audit(0.0:550): avc:  denied  { search } for  comm="binder:4993_2" name="/" dev="sdc87" ino=2 scontext=u:r:untrusted_app:s0:c243,c256,c512,c768 tcontext=u:object_r:tranfs_file:s0 tclass=dir permissive=0 app=com.google.android.inputmethod.latin
04-12 20:39:43.235883  1706  2001 I commit_sys_config_file: [settings-2-0,1]
04-12 20:39:43.243070  1706  1706 I dvm_lock_sample: [system_server,1,main,86,ActivityManagerService.java,15305,boolean com.android.server.am.ActivityManagerService.unbindService(android.app.IServiceConnection),,0,null,17]
04-12 20:39:43.245232  1706  2209 I commit_sys_config_file: [sync-accounts,4]
04-12 20:39:43.291836  1706  4244 I wm_set_keyguard_shown: [0,0,0,1,0,setKeyguardShown]
04-12 20:39:43.304009  1706  1840 I snet_event_log: updateFrameRateVote [pkg = com.android.systemui title = com.android.systemui.wallpapers.ImageWallpaper refreshRate = 90.0 modeId = 3 setting =10000 peak = 120.0 mTopApp = com.transsion.launcher3]
04-12 20:39:43.315241  1706  1860 I am_proc_start: [0,5028,10117,com.transsion.aicore.nexusflow,service,{com.transsion.aicore.nexusflow/com.transsion.aicore.nexusflow.FlowDispatcherService},caller=com.transsion.atomicbrain/10145]
04-12 20:39:43.321586  1706  4345 I am_proc_bound: [0,5028,com.transsion.aicore.nexusflow]
04-12 20:39:43.383058  1706  1706 I dvm_lock_sample: [system_server,1,main,88,ActivityManagerService.java,15283,int com.android.server.am.ActivityManagerService.bindServiceInstance(android.app.IApplicationThread, android.os.IBinder, android.content.Intent, java.lang.String, android.app.IServiceConnection, long, java.lang.String, boolean, int, java.lang.String, android.app.IApplicationThread, java.lang.String, int),,0,null,17]
04-12 20:39:43.389909  1706  1706 I am_uid_running: 10250
04-12 20:39:43.396249  1706  4344 I dvm_lock_sample: [system_server,1,binder:1706_1F,110,BroadcastController.java,759,int com.android.server.am.BroadcastController.broadcastIntentWithFeature(android.app.IApplicationThread, java.lang.String, android.content.Intent, java.lang.String, android.content.IIntentReceiver, int, java.lang.String, android.os.Bundle, java.lang.String[], java.lang.String[], java.lang.String[], int, android.os.Bundle, boolean, boolean, int),,0,null,22]
04-12 20:39:43.406816  1706  1940 I dvm_lock_sample: [system_server,1,binder:1706_3,91,BroadcastController.java,532,android.content.Intent com.android.server.am.BroadcastController.registerReceiverWithFeatureTraced(android.app.IApplicationThread, java.lang.String, java.lang.String, java.lang.String, android.content.IIntentReceiver, android.content.IntentFilter, java.lang.String, int, int),,0,null,18]
04-12 20:39:43.410275  1706  2001 I commit_sys_config_file: [settings-0-0,7]
04-12 20:39:43.413951  1706  4244 I am_proc_start: [0,5066,10233,com.google.android.googlequicksearchbox:googleapp,broadcast,{com.google.android.googlequicksearchbox/com.google.android.googlequicksearchbox.SearchWidgetProvider},caller=android/1000,action = android.appwidget.action.APPWIDGET_ENABLED]
04-12 20:39:43.414606  1706  4244 I am_proc_bound: [0,5066,com.google.android.googlequicksearchbox:googleapp]
04-12 20:39:43.420267  1706  4205 I dvm_lock_sample: [system_server,1,binder:1706_14,57,ContentProviderHelper.java,207,android.app.ContentProviderHolder com.android.server.am.ContentProviderHelper.getContentProviderImpl(android.app.IApplicationThread, java.lang.String, android.os.IBinder, int, java.lang.String, java.lang.String, boolean, int),,0,null,11]
04-12 20:39:43.425656  3866  4123 I dvm_lock_sample: [com.transsion.kolun.aiservice,0,ApiInvoke,898,SourceFile,-1,com.transsion.kolun.aidatacenter.common.config.DataConfig com.transsion.kolun.aidatacenter.validity.DataValidationMgr.getDataConfig(java.lang.String),-,-1,void com.transsion.kolun.aidatacenter.validity.DataValidationMgr.initConfigMap(),100]
04-12 20:39:43.428841  1706  1859 I dvm_lock_sample: [system_server,1,ActivityManager,118,BroadcastQueueImpl.java,493,void com.android.server.am.BroadcastQueueImpl.updateRunningList(),,0,null,23]
04-12 20:39:43.481083  1706  4316 I dvm_lock_sample: [system_server,1,binder:1706_1E,91,ActivityManagerService.java,18951,android.content.ComponentName com.android.server.am.ActivityManagerService$LocalService.startServiceInPackage(int, android.content.Intent, java.lang.String, boolean, java.lang.String, java.lang.String, int, android.app.BackgroundStartPrivileges),,0,null,18]
04-12 20:39:43.498849  1706  2142 I netstats_mobile_sample: [0,0,0,0,0,0,0,0,1775997583498]
04-12 20:39:43.498903  1706  2142 I netstats_wifi_sample: [1449,884,13,17,116,749,2,15,1775997583498]
04-12 20:39:43.511877  1706  3319 I dvm_lock_sample: [system_server,1,binder:1706_10,96,BroadcastController.java,759,int com.android.server.am.BroadcastController.broadcastIntentWithFeature(android.app.IApplicationThread, java.lang.String, android.content.Intent, java.lang.String, android.content.IIntentReceiver, int, java.lang.String, android.os.Bundle, java.lang.String[], java.lang.String[], java.lang.String[], int, android.os.Bundle, boolean, boolean, int),,0,null,19]
04-12 20:39:43.553117  1706  1860 I am_proc_start: [0,5100,10208,com.transsion.personalizedService.xos,service,{com.transsion.personalizedService.xos/com.scene.zeroscreen.overlay.service.OverlayScreenService},caller=com.transsion.launcher3/10148]
04-12 20:39:43.556622  1706  4308 I am_foreground_service_stop: [0,com.transsion.microintelligence/com.transsion.keyguardgesture.service.KeyguardGestureService,1,PROC_STATE_PERSISTENT,35,36,1,0,5377,1,STOP_SERVICE,128]
04-12 20:39:43.560126  1706  4208 I am_proc_bound: [0,5100,com.transsion.personalizedService.xos]
04-12 20:39:43.562420  4632  4632 I viewroot_draw_event: [VRI[SmartPanel_handleView],Not drawing due to not visible. Reason=View.GONE]
04-12 20:39:43.572723  1706  4199 I dvm_lock_sample: [system_server,1,binder:1706_12,88,BroadcastController.java,532,android.content.Intent com.android.server.am.BroadcastController.registerReceiverWithFeatureTraced(android.app.IApplicationThread, java.lang.String, java.lang.String, java.lang.String, android.content.IIntentReceiver, android.content.IntentFilter, java.lang.String, int, int),,0,null,17]
04-12 20:39:43.572867  1706  3280 I dvm_lock_sample: [system_server,1,binder:1706_F,87,BroadcastController.java,532,android.content.Intent com.android.server.am.BroadcastController.registerReceiverWithFeatureTraced(android.app.IApplicationThread, java.lang.String, java.lang.String, java.lang.String, android.content.IIntentReceiver, android.content.IntentFilter, java.lang.String, int, int),,0,null,17]
04-12 20:39:43.584052  3866  4203 I dvm_lock_sample: [com.transsion.kolun.aiservice,0,AlgorithmWorkHandler,1016,SourceFile,-1,com.transsion.kolun.aidatacenter.collect.collector.BaseCollector com.transsion.kolun.aidatacenter.collect.collector.CollectorFactory.makeCollector(java.lang.String),-,-1,com.transsion.kolun.aidatacenter.collect.collector.BaseCollector com.transsion.kolun.aidatacenter.collect.collector.CollectorFactory.makeCollector(java.lang.String),100]
04-12 20:39:43.587311  3866  4811 I dvm_lock_sample: [com.transsion.kolun.aiservice,0,SmartNotificationHandler_work,1004,SourceFile,-1,com.transsion.kolun.aidatacenter.collect.collector.BaseCollector com.transsion.kolun.aidatacenter.collect.collector.CollectorFactory.makeCollector(java.lang.String),-,-1,com.transsion.kolun.aidatacenter.collect.collector.BaseCollector com.transsion.kolun.aidatacenter.collect.collector.CollectorFactory.makeCollector(java.lang.String),100]
04-12 20:39:43.587602  3866  4616 I dvm_lock_sample: [com.transsion.kolun.aiservice,0,dcc_bg-0,1037,SourceFile,-1,com.transsion.kolun.aidatacenter.collect.collector.BaseCollector com.transsion.kolun.aidatacenter.collect.collector.CollectorFactory.makeCollector(java.lang.String),-,-1,com.transsion.kolun.aidatacenter.collect.collector.BaseCollector com.transsion.kolun.aidatacenter.collect.collector.CollectorFactory.makeCollector(java.lang.String),100]
04-12 20:39:43.607358  1706  1940 I am_proc_died: [0,2803,com.transsion.multiwindow,0,5]
04-12 20:39:43.610681  1706  2086 I input_interaction: Interaction with: f0aa9e0 com.transsion.launcher3/com.android.launcher3.uioverrides.QuickstepLauncher, 59bb64f com.android.systemui.wallpapers.ImageWallpaper, [Gesture Monitor] edge-swipe, [Gesture Monitor] TranGestureMonitor, [Gesture Monitor] TranGestureMonitor, PointerEventDispatcher0, 
04-12 20:39:43.633241  1706  1706 I dvm_lock_sample: [system_server,1,main,188,ContentProviderHelper.java,985,void com.android.server.am.ContentProviderHelper.removeContentProvider(android.os.IBinder, boolean),ActivityManagerService.java,15306,boolean com.android.server.am.ActivityManagerService.unbindService(android.app.IServiceConnection),37]
04-12 20:39:43.643669  1706  4229 I dvm_lock_sample: [system_server,1,binder:1706_16,93,ContentProviderHelper.java,207,android.app.ContentProviderHolder com.android.server.am.ContentProviderHelper.getContentProviderImpl(android.app.IApplicationThread, java.lang.String, android.os.IBinder, int, java.lang.String, java.lang.String, boolean, int),,0,null,18]
04-12 20:39:43.649178  1706  4345 I netstats_mobile_sample: [0,0,0,0,0,0,0,0,1775997583648]
04-12 20:39:43.649234  1706  4345 I netstats_wifi_sample: [1893,1069,17,20,560,993,6,19,1775997583648]
04-12 20:39:43.657513  1706  2266 I dvm_lock_sample: [system_server,1,binder:1706_7,97,ContentProviderHelper.java,207,android.app.ContentProviderHolder com.android.server.am.ContentProviderHelper.getContentProviderImpl(android.app.IApplicationThread, java.lang.String, android.os.IBinder, int, java.lang.String, java.lang.String, boolean, int),,0,null,19]
04-12 20:39:43.660912  1706  2266 I am_uid_running: 10195
04-12 20:39:43.668294  1706  1859 I dvm_lock_sample: [system_server,1,ActivityManager,94,BroadcastQueueImpl.java,382,boolean com.android.server.am.BroadcastQueueImpl.lambda$new$0(android.os.Message),,0,null,18]
04-12 20:39:43.668384  1706  2265 I dvm_lock_sample: [system_server,1,binder:1706_6,80,ActivityManagerService.java,6474,java.lang.String com.android.server.am.ActivityManagerService.getTagForIntentSender(android.content.IIntentSender, java.lang.String),,0,null,16]
04-12 20:39:43.669308  1706  1860 I am_proc_start: [0,5153,1000,com.transsion.ossettingsext,content provider,{com.transsion.ossettingsext/com.transsion.splitscreensetting.db.SplitSettingsProvider},caller=android/1000]
04-12 20:39:43.671359  2707  2922 I jank_cuj_events_end_request: [10425,1775997583670282000,26444234232,26444234463]
04-12 20:39:43.679453  1706  2568 I wm_task_created: 52
04-12 20:39:43.682180  1706  2568 I wm_task_moved: [52,52,0,1,2]
04-12 20:39:43.682200  1706  2568 I wm_task_to_front: [0,52,0]
04-12 20:39:43.682640  1706  2568 I wm_create_task: [0,52,52,0]
04-12 20:39:43.682655  1706  2568 I wm_create_activity: [0,129231105,52,com.gallery20/.HomeActivity,android.intent.action.MAIN,NULL,NULL,270532608]
04-12 20:39:43.682694  1706  2568 I wm_task_moved: [52,52,0,1,2]
04-12 20:39:43.683527  1706  4249 I dvm_lock_sample: [system_server,1,binder:1706_1A,89,ActivityManagerService.java,15283,int com.android.server.am.ActivityManagerService.bindServiceInstance(android.app.IApplicationThread, android.os.IBinder, android.content.Intent, java.lang.String, android.app.IServiceConnection, long, java.lang.String, boolean, int, java.lang.String, android.app.IApplicationThread, java.lang.String, int),,0,null,17]
04-12 20:39:43.685751  1706  2568 I wm_pause_activity: [0,142837220,com.transsion.launcher3/com.android.launcher3.uioverrides.QuickstepLauncher,userLeaving=true,pauseBackTasks]
04-12 20:39:43.689247  2345  2345 I wm_on_top_resumed_lost_called: [142837220,com.android.launcher3.uioverrides.QuickstepLauncher,topStateChangedWhenResumed]
04-12 20:39:43.690301  2345  2345 I wm_on_paused_called: [142837220,com.android.launcher3.uioverrides.QuickstepLauncher,performPause,1]
04-12 20:39:43.690953  1706  2568 I wm_add_to_stopping: [0,142837220,com.transsion.launcher3/com.android.launcher3.uioverrides.QuickstepLauncher,makeInvisible]
04-12 20:39:43.695237  1706  1840 I snet_event_log: updateFrameRateVote [pkg = com.android.systemui title = com.android.systemui.wallpapers.ImageWallpaper refreshRate = 120.00001 modeId = 2 setting =10000 peak = 120.0 mTopApp = com.transsion.launcher3]
04-12 20:39:43.715150  1706  1859 I am_wtf  : [0,1706,system_server,-1,ActivityManager,Sending non-protected broadcast com.transsion.atomiccore.action.bind_service.island from system 2707:com.android.systemui/u0a146 pkg com.android.systemui]
04-12 20:39:43.715278  1706  1859 I am_wtf  : [0,1706,system_server,-1,ActivityManager,Sending non-protected broadcast com.transsion.atomiccore.action.bind_service.island from system 2707:com.android.systemui/u0a146 pkg com.android.systemui]
04-12 20:39:43.716871  1706  1796 I am_proc_bound: [0,5153,com.transsion.ossettingsext]
04-12 20:39:43.717747  1706  1836 I sysui_multi_action: [757,803,799,window_time_0,802,5]
04-12 20:39:43.718516  1706  2086 I input_focus: [Focus leaving f0aa9e0 com.transsion.launcher3/com.android.launcher3.uioverrides.QuickstepLauncher,reason=NO_WINDOW]
04-12 20:39:43.725280  1706  4231 I am_uid_active: 10132
04-12 20:39:43.725933  1706  1839 I dvm_lock_sample: [system_server,1,android.display,101,ActivityManagerService.java,18456,void com.android.server.am.ActivityManagerService$LocalService.setHasOverlayUi(int, boolean),,0,null,20]
04-12 20:39:43.729562  1706  1839 I am_uid_running: 10151
04-12 20:39:43.743643  2345  2870 I jank_cuj_events_begin_request: [8,1775997583743005000,26516957232,26516957232,openApp_Window]
04-12 20:39:43.767365  1706  2001 I commit_sys_config_file: [settings-2-0,23]
04-12 20:39:43.768562  1706  4243 I netstats_mobile_sample: [0,0,0,0,0,0,0,0,1775997583768]
04-12 20:39:43.768623  1706  4243 I netstats_wifi_sample: [2204,1573,20,28,811,1445,8,26,1775997583768]
04-12 20:39:43.794940  1706  4308 I dvm_lock_sample: [system_server,1,binder:1706_1D,214,ContentProviderHelper.java,207,android.app.ContentProviderHolder com.android.server.am.ContentProviderHelper.getContentProviderImpl(android.app.IApplicationThread, java.lang.String, android.os.IBinder, int, java.lang.String, java.lang.String, boolean, int),,0,null,42]
04-12 20:39:43.800371  1706  1860 I dvm_lock_sample: [system_server,1,ActivityManager:procStart,83,ProcessList.java,2304,void com.android.server.am.ProcessList.lambda$handleProcessStart$1(com.android.server.am.ProcessRecord, java.lang.String, int[], int, int, int, java.lang.String, java.lang.String, java.lang.String, long),,0,null,16]
04-12 20:39:43.800602  1706  1860 I am_proc_start: [0,5203,10112,com.transsion.aicore.main,content provider,{com.transsion.aicore.main/com.transsion.aicore.main.provider.MmProvider},caller=com.transsion.smartpanel/1000]
04-12 20:39:43.803709  1706  2177 I ntp_success: [time.android.com/216.239.35.0,66,419]
04-12 20:39:43.828260  1706  1840 I snet_event_log: updateFrameRateVote [pkg = com.gallery20 title = Splash Screen com.gallery20 refreshRate = 120.00001 modeId = 2 setting =10000 peak = 120.0 mTopApp = com.transsion.launcher3]
04-12 20:39:43.829896  1706  1859 I dvm_lock_sample: [system_server,1,ActivityManager,107,ServiceRecord.java,1782,void com.android.server.am.ServiceRecord.signalForegroundServiceNotification(java.lang.String, int, int, boolean),,0,null,21]
04-12 20:39:43.838786  2707  2954 I viewroot_draw_event: [VRI[gallery20],reportDrawFinished seqId=0]
04-12 20:39:43.879383  1706  2855 I am_proc_died: [0,3087,com.transsion.keyguardgesture,200,4]
