04-12 20:39:38.712017  2345  2345 I wm_on_paused_called: [142837220,com.android.launcher3.uioverrides.QuickstepLauncher,performPause,1]
04-12 20:39:38.712000   500   500 I auditd  : type=1400 audit(0.0:404): avc:  denied  { read } for  comm="logd.writer" name="u:object_r:bluetooth_prop:s0" dev="tmpfs" ino=173 scontext=u:r:logd:s0 tcontext=u:object_r:bluetooth_prop:s0 tclass=file permissive=0
04-12 20:39:38.712000   500   500 I auditd  : type=1400 audit(0.0:405): avc:  denied  { read } for  comm="logd.writer" name="u:object_r:bluetooth_prop:s0" dev="tmpfs" ino=173 scontext=u:r:logd:s0 tcontext=u:object_r:bluetooth_prop:s0 tclass=file permissive=0
04-12 20:39:38.718001  1706  2266 I sysui_multi_action: [757,127,758,2]
04-12 20:39:38.718035  1706  1836 I sysui_multi_action: [757,803,799,window_time_0,802,6]
04-12 20:39:38.718150  1706  2266 I notification_panel_hidden: 
04-12 20:39:38.727036  1706  1840 I wm_wallpaper_surface: [0,0,null]
04-12 20:39:38.730957  2345  2345 I viewroot_draw_event: [VRI[QuickstepLauncher],Not drawing due to not visible. Reason=!mAppVisible && !mForceDecorViewVisibility]
04-12 20:39:38.739590  1706  1839 I wm_stop_activity: [0,142837220,com.transsion.launcher3/com.android.launcher3.uioverrides.QuickstepLauncher]
04-12 20:39:38.744216  1706  2835 I am_foreground_service_stop: [0,com.mediatek.simprocessor/.SimProcessorService,1,PROC_STATE_PERSISTENT,36,36,0,0,48,1,STOP_SERVICE,1073741824]
04-12 20:39:38.752651  1706  2153 I notification_enqueue: [1000,3251,com.mediatek.simprocessor,404,NULL,0,Notification(channel=simprocessor_channel shortcut=null contentView=null vibrate=null sound=null defaults=0 flags=FOREGROUND_SERVICE|CAN_COLORIZE color=0x00000000 vis=PRIVATE),0,1]
04-12 20:39:38.753406  1706  2153 I sysui_multi_action: [757,1501,758,1,793,17,794,0,795,17,796,404,806,com.mediatek.simprocessor,857,simprocessor_channel,858,2,947,0,1500,0]
04-12 20:39:38.753428  1706  2153 I sysui_multi_action: [757,804,799,note_interruptive,801,0,802,1]
04-12 20:39:38.755477  1706  2153 I sysui_multi_action: [757,199,758,1,759,16,793,19,794,0,795,19,796,404,806,com.mediatek.simprocessor,857,simprocessor_channel,858,2,947,0,1500,2,1688,1]
04-12 20:39:38.755587  1706  2153 I notification_alert: [0|com.mediatek.simprocessor|404|null|1000,0,0,0,2,0]
04-12 20:39:38.760958  1706  2153 I sysui_multi_action: [757,128,758,5,759,8,793,24,794,0,795,24,796,404,806,com.mediatek.simprocessor,857,simprocessor_channel,858,2,947,0,1500,7,1688,1]
04-12 20:39:38.760974  1706  2153 I notification_canceled: [0|com.mediatek.simprocessor|404|null|1000,8,24,24,0,-1,-1,NULL]
04-12 20:39:38.776000   500   500 I auditd  : type=1400 audit(0.0:406): avc:  denied  { read } for  comm="logd.writer" name="u:object_r:bluetooth_prop:s0" dev="tmpfs" ino=173 scontext=u:r:logd:s0 tcontext=u:object_r:bluetooth_prop:s0 tclass=file permissive=0
04-12 20:39:38.776000   500   500 I auditd  : type=1400 audit(0.0:407): avc:  denied  { read } for  comm="logd.writer" name="u:object_r:bluetooth_prop:s0" dev="tmpfs" ino=173 scontext=u:r:logd:s0 tcontext=u:object_r:bluetooth_prop:s0 tclass=file permissive=0
04-12 20:39:38.780000   500   500 I auditd  : type=1400 audit(0.0:408): avc:  denied  { read } for  comm="logd.writer" name="u:object_r:bluetooth_prop:s0" dev="tmpfs" ino=173 scontext=u:r:logd:s0 tcontext=u:object_r:bluetooth_prop:s0 tclass=file permissive=0
04-12 20:39:38.780000   500   500 I auditd  : type=1400 audit(0.0:409): avc:  denied  { read } for  comm="logd.writer" name="u:object_r:bluetooth_prop:s0" dev="tmpfs" ino=173 scontext=u:r:logd:s0 tcontext=u:object_r:bluetooth_prop:s0 tclass=file permissive=0
04-12 20:39:38.784000   500   500 I auditd  : type=1400 audit(0.0:410): avc:  denied  { read } for  comm="logd.writer" name="u:object_r:bluetooth_prop:s0" dev="tmpfs" ino=173 scontext=u:r:logd:s0 tcontext=u:object_r:bluetooth_prop:s0 tclass=file permissive=0
04-12 20:39:38.784000  1706  1706 I auditd  : type=1400 audit(0.0:411): avc:  denied  { read } for  comm="system_server" name="u:object_r:vendor_default_prop:s0" dev="tmpfs" ino=607 scontext=u:r:system_server:s0 tcontext=u:object_r:vendor_default_prop:s0 tclass=file permissive=0
04-12 20:39:38.784000   500   500 I auditd  : type=1400 audit(0.0:412): avc:  denied  { read } for  comm="logd.writer" name="u:object_r:bluetooth_prop:s0" dev="tmpfs" ino=173 scontext=u:r:logd:s0 tcontext=u:object_r:bluetooth_prop:s0 tclass=file permissive=0
04-12 20:39:38.784000   500   500 I auditd  : type=1400 audit(0.0:413): avc:  denied  { read } for  comm="logd.writer" name="u:object_r:bluetooth_prop:s0" dev="tmpfs" ino=173 scontext=u:r:logd:s0 tcontext=u:object_r:bluetooth_prop:s0 tclass=file permissive=0
04-12 20:39:38.784000  1706  1706 I auditd  : type=1400 audit(0.0:414): avc:  denied  { read } for  comm="system_server" name="u:object_r:vendor_default_prop:s0" dev="tmpfs" ino=607 scontext=u:r:system_server:s0 tcontext=u:object_r:vendor_default_prop:s0 tclass=file permissive=0
04-12 20:39:38.793744  2345  2345 I wm_on_stop_called: [142837220,com.android.launcher3.uioverrides.QuickstepLauncher,STOP_ACTIVITY_ITEM,52]
04-12 20:39:38.803466  2707  3284 I viewroot_draw_event: [VRI[TrEdgeBackGestureHandler0],Not drawing due to not visible. Reason=View.GONE]
04-12 20:39:38.828000   500   500 I auditd  : type=1400 audit(0.0:415): avc:  denied  { read } for  comm="logd.writer" name="u:object_r:bluetooth_prop:s0" dev="tmpfs" ino=173 scontext=u:r:logd:s0 tcontext=u:object_r:bluetooth_prop:s0 tclass=file permissive=0
04-12 20:39:38.828000   500   500 I auditd  : type=1400 audit(0.0:416): avc:  denied  { read } for  comm="logd.writer" name="u:object_r:bluetooth_prop:s0" dev="tmpfs" ino=173 scontext=u:r:logd:s0 tcontext=u:object_r:bluetooth_prop:s0 tclass=file permissive=0
04-12 20:39:38.828000   500   500 I auditd  : type=1400 audit(0.0:417): avc:  denied  { read } for  comm="logd.writer" name="u:object_r:bluetooth_prop:s0" dev="tmpfs" ino=173 scontext=u:r:logd:s0 tcontext=u:object_r:bluetooth_prop:s0 tclass=file permissive=0
04-12 20:39:38.828000   500   500 I auditd  : type=1400 audit(0.0:418): avc:  denied  { read } for  comm="logd.writer" name="u:object_r:bluetooth_prop:s0" dev="tmpfs" ino=173 scontext=u:r:logd:s0 tcontext=u:object_r:bluetooth_prop:s0 tclass=file permissive=0
04-12 20:39:38.828000   500   500 I auditd  : type=1400 audit(0.0:419): avc:  denied  { read } for  comm="logd.writer" name="u:object_r:bluetooth_prop:s0" dev="tmpfs" ino=173 scontext=u:r:logd:s0 tcontext=u:object_r:bluetooth_prop:s0 tclass=file permissive=0
04-12 20:39:38.828000   500   500 I auditd  : type=1400 audit(0.0:420): avc:  denied  { read } for  comm="logd.writer" name="u:object_r:bluetooth_prop:s0" dev="tmpfs" ino=173 scontext=u:r:logd:s0 tcontext=u:object_r:bluetooth_prop:s0 tclass=file permissive=0
04-12 20:39:38.832000   500   500 I auditd  : type=1400 audit(0.0:421): avc:  denied  { read } for  comm="logd.writer" name="u:object_r:bluetooth_prop:s0" dev="tmpfs" ino=173 scontext=u:r:logd:s0 tcontext=u:object_r:bluetooth_prop:s0 tclass=file permissive=0
04-12 20:39:38.852000   500   500 I auditd  : type=1400 audit(0.0:422): avc:  denied  { read } for  comm="logd.writer" name="u:object_r:bluetooth_prop:s0" dev="tmpfs" ino=173 scontext=u:r:logd:s0 tcontext=u:object_r:bluetooth_prop:s0 tclass=file permissive=0
04-12 20:39:38.852000   500   500 I auditd  : type=1400 audit(0.0:423): avc:  denied  { read } for  comm="logd.writer" name="u:object_r:bluetooth_prop:s0" dev="tmpfs" ino=173 scontext=u:r:logd:s0 tcontext=u:object_r:bluetooth_prop:s0 tclass=file permissive=0
04-12 20:39:38.852000   500   500 I auditd  : type=1400 audit(0.0:424): avc:  denied  { read } for  comm="logd.writer" name="u:object_r:bluetooth_prop:s0" dev="tmpfs" ino=173 scontext=u:r:logd:s0 tcontext=u:object_r:bluetooth_prop:s0 tclass=file permissive=0
04-12 20:39:38.886962  1706  2853 I am_uid_running: 10125
04-12 20:39:38.898298  1706  2153 I notification_cancel_all: [1000,1706,com.android.systemui,0,0,0,20,NULL]
04-12 20:39:38.915673  1706  1860 I am_proc_start: [0,3386,10125,com.transsion.applock,content provider,{com.transsion.applock/com.transsion.applock.model.AppLockProvider},caller=com.android.systemui/10146]
04-12 20:39:38.943376  1706  2853 I am_proc_bound: [0,3386,com.transsion.applock]
04-12 20:39:38.944000  3386  3386 I auditd  : type=1400 audit(0.0:425): avc:  denied  { read write } for  comm="re-initialized>" name="ensignal" dev="tmpfs" ino=2080 scontext=u:r:platform_app:s0:c512,c768 tcontext=u:object_r:ensignal_device:s0 tclass=chr_file permissive=0 app=com.transsion.applock
04-12 20:39:38.955715  1706  2001 I commit_sys_config_file: [settings-1-0,34]
04-12 20:39:38.962033  2345  2882 I liblog  : 42
04-12 20:39:38.962636  2345  2882 I liblog  : 7
04-12 20:39:38.962692  2345  2345 I liblog  : 2
04-12 20:39:38.981986  1706  1706 I viewroot_draw_event: [VRI[TranssionWaterMark],reportDrawFinished seqId=0]
04-12 20:39:39.009731  1706  1840 I input_focus: [Focus request fe0a0e6 NotificationShade,reason=UpdateInputWindows]
04-12 20:39:39.015745  1706  1840 I wm_wallpaper_surface: [0,1,Window{fe0a0e6 u0 NotificationShade}]
04-12 20:39:39.016758  1706  1706 I viewroot_draw_event: [VRI[TranssionWaterMark],reportDrawFinished seqId=0]
04-12 20:39:39.024299  2707  2707 I viewroot_draw_event: [VRI[NotificationShade],reportDrawFinished seqId=0]
04-12 20:39:39.031493  2707  2707 I viewroot_draw_event: [VRI[StatusBar],reportDrawFinished seqId=0]
04-12 20:39:39.062262  1706  2001 I commit_sys_config_file: [settings-0-0,34]
04-12 20:39:39.077101  1706  2568 I netstats_mobile_sample: [0,0,0,0,0,0,0,0,1775997579077]
04-12 20:39:39.077111  1706  2568 I netstats_wifi_sample: [0,0,0,0,0,0,0,0,1775997579077]
04-12 20:39:39.068000  2579  2579 I auditd  : type=1400 audit(0.0:426): avc:  denied  { read } for  comm="m.android.phone" name="u:object_r:vendor_irtx_prop:s0" dev="tmpfs" ino=614 scontext=u:r:radio:s0 tcontext=u:object_r:vendor_irtx_prop:s0 tclass=file permissive=0
04-12 20:39:39.068000  2579  2579 I auditd  : type=1400 audit(0.0:427): avc:  denied  { read } for  comm="m.android.phone" name="u:object_r:qemu_hw_prop:s0" dev="tmpfs" ino=396 scontext=u:r:radio:s0 tcontext=u:object_r:qemu_hw_prop:s0 tclass=file permissive=0
04-12 20:39:39.117841  1706  2835 I am_uid_active: 10125
04-12 20:39:39.132955  1706  1796 I am_uid_active: 10232
04-12 20:39:39.144000  3386  3386 I auditd  : type=1400 audit(0.0:428): avc:  denied  { read } for  comm=4F6E65494420576F726B6572 name="u:object_r:vendor_security_patch_level_prop:s0" dev="tmpfs" ino=888 scontext=u:r:platform_app:s0:c512,c768 tcontext=u:object_r:vendor_security_patch_level_prop:s0 tclass=file permissive=0 app=com.transsion.applock
04-12 20:39:39.183406  1706  1859 I am_uid_running: 10187
04-12 20:39:39.232553  1706  1860 I am_proc_start: [0,3471,10187,com.google.android.euicc,broadcast,{com.google.android.euicc/com.google.android.euicc.receiver.EuiccGoogleSlotChangeReceiver},caller=com.android.phone/1001,action = android.telephony.action.SIM_SLOT_STATUS_CHANGED]
04-12 20:39:39.242007  1706  1796 I am_proc_bound: [0,3471,com.google.android.euicc]
04-12 20:39:39.263545  2579  2579 I gsm_service_state_change: [1,1,3,1]
04-12 20:39:39.266790  2707  2707 I sysui_multi_action: [757,196,758,1,759,0]
04-12 20:39:39.266806  2707  2707 I sysui_status_bar_state: [1,1,0,0,0,1]
04-12 20:39:39.270865  2579  3423 I service_manager_slow: [22,audio]
04-12 20:39:39.276000  3471  3471 I auditd  : type=1400 audit(0.0:429): avc:  denied  { read write } for  comm="re-initialized>" name="ensignal" dev="tmpfs" ino=2080 scontext=u:r:priv_app:s0:c512,c768 tcontext=u:object_r:ensignal_device:s0 tclass=chr_file permissive=0 app=com.google.android.euicc
04-12 20:39:39.276000  3471  3471 I auditd  : type=1400 audit(0.0:430): avc:  denied  { read write } for  comm="re-initialized>" name="ensignal" dev="tmpfs" ino=2080 scontext=u:r:priv_app:s0:c512,c768 tcontext=u:object_r:ensignal_device:s0 tclass=chr_file permissive=0 app=com.google.android.euicc
04-12 20:39:39.292932  2707  2922 I jank_cuj_events_cancel_request: [55,1775997579292860000,22066812308,22066812385]
04-12 20:39:39.317887  1706  2453 I sysui_multi_action: [757,127,758,1]
04-12 20:39:39.317922  1706  2453 I sysui_multi_action: [757,804,799,note_load,801,0,802,1]
04-12 20:39:39.317999  1706  2453 I notification_panel_revealed: 0
04-12 20:39:39.320615  1706  1839 I user_activity_timeout_override: 10000
04-12 20:39:39.349458  2579  2579 I gsm_service_state_change: [1,1,3,3]
04-12 20:39:39.353743  1706  2001 I commit_sys_config_file: [settings-0-0,3]
04-12 20:39:39.392772  1706  1860 I am_proc_start: [0,3537,10145,com.transsion.atomicbrain,content provider,{com.transsion.atomicbrain/com.transsion.atomicbrain.SuggestionProvider},caller=com.transsion.launcher3/10148]
04-12 20:39:39.444000  2345  2345 I auditd  : type=1400 audit(0.0:431): avc:  denied  { getopt } for  comm="FinalizerDaemon" path="/dev/socket/usap_pool_primary" scontext=u:r:platform_app:s0:c512,c768 tcontext=u:r:zygote:s0 tclass=unix_stream_socket permissive=0 app=com.transsion.launcher3
04-12 20:39:39.454960  1706  2453 I dvm_lock_sample: [system_server,1,binder:1706_8,37,BroadcastController.java,532,android.content.Intent com.android.server.am.BroadcastController.registerReceiverWithFeatureTraced(android.app.IApplicationThread, java.lang.String, java.lang.String, java.lang.String, android.content.IIntentReceiver, android.content.IntentFilter, java.lang.String, int, int),,0,null,7]
04-12 20:39:39.455124  2707  2707 I viewroot_draw_event: [VRI[NotificationShade],reportDrawFinished seqId=0]
04-12 20:39:39.457027  2707  2707 I viewroot_draw_event: [VRI[StatusBar],reportDrawFinished seqId=0]
04-12 20:39:39.462738  1706  1795 I am_proc_bound: [0,3537,com.transsion.atomicbrain]
04-12 20:39:39.472000  3537  3537 I auditd  : type=1400 audit(0.0:432): avc:  denied  { read write } for  comm="re-initialized>" name="ensignal" dev="tmpfs" ino=2080 scontext=u:r:platform_app:s0:c512,c768 tcontext=u:object_r:ensignal_device:s0 tclass=chr_file permissive=0 app=com.transsion.atomicbrain
04-12 20:39:39.472000  3537  3537 I auditd  : type=1400 audit(0.0:433): avc:  denied  { read write } for  comm="re-initialized>" name="ensignal" dev="tmpfs" ino=2080 scontext=u:r:platform_app:s0:c512,c768 tcontext=u:object_r:ensignal_device:s0 tclass=chr_file permissive=0 app=com.transsion.atomicbrain
04-12 20:39:39.521118  2707  2707 I viewroot_draw_event: [VRI[NotificationShade],reportDrawFinished seqId=0]
04-12 20:39:39.570912  1706  1838 I commit_sys_config_file: [jobs,3]
04-12 20:39:39.581234  1706  2568 I service_manager_stats: [451,105,5330]
04-12 20:39:39.588825  1157  1523 I sf_stop_bootanim: 22362
04-12 20:39:39.589940  1706  1839 I wm_boot_animation_done: 22363
04-12 20:39:39.609412  1706  2086 I input_focus: [Focus entering fe0a0e6 NotificationShade,reason=setFocusedWindow]
04-12 20:39:39.637068  2345  2884 I dvm_lock_sample: [com.transsion.launcher3,0,launcher-pool-14,617,SourceFile,-1,int J6.a.c(java.lang.String),-,-1,int J6.a.c(java.lang.String),100]
04-12 20:39:39.655312  2345  2879 I dvm_lock_sample: [com.transsion.launcher3,0,launcher-pool-13,636,SourceFile,-1,int J6.a.c(java.lang.String),-,-1,int J6.a.c(java.lang.String),100]
04-12 20:39:39.676530  1706  1942 I am_uid_running: 10175
04-12 20:39:39.700342  1706  3561 I am_uid_active: 10145
04-12 20:39:39.736725  1706  1860 I am_proc_start: [0,3628,10175,com.transsion.atomiccore,content provider,{com.transsion.atomiccore/com.transsion.atomiccore.external.ExternalProvider},caller=com.android.systemui/10146]
04-12 20:39:39.765903  1706  2810 I am_proc_bound: [0,3628,com.transsion.atomiccore]
04-12 20:39:39.769408  2579  2579 I gsm_service_state_change: [3,1,1,1]
04-12 20:39:39.764000  3628  3628 I auditd  : type=1400 audit(0.0:434): avc:  denied  { read write } for  comm="re-initialized>" name="ensignal" dev="tmpfs" ino=2080 scontext=u:r:platform_app:s0:c512,c768 tcontext=u:object_r:ensignal_device:s0 tclass=chr_file permissive=0 app=com.transsion.atomiccore
04-12 20:39:39.768000  3628  3628 I auditd  : type=1400 audit(0.0:435): avc:  denied  { read write } for  comm="re-initialized>" name="ensignal" dev="tmpfs" ino=2080 scontext=u:r:platform_app:s0:c512,c768 tcontext=u:object_r:ensignal_device:s0 tclass=chr_file permissive=0 app=com.transsion.atomiccore
04-12 20:39:39.825705  1706  2001 I commit_sys_config_file: [settings-1-0,2]
04-12 20:39:39.879276  1706  2133 I dvm_lock_sample: [system_server,1,WifiHandlerThread,12,BroadcastController.java,532,android.content.Intent com.android.server.am.BroadcastController.registerReceiverWithFeatureTraced(android.app.IApplicationThread, java.lang.String, java.lang.String, java.lang.String, android.content.IIntentReceiver, android.content.IntentFilter, java.lang.String, int, int),,0,null,2]
04-12 20:39:39.890208  1706  2153 I notification_enqueue: [1000,1706,android,26,NULL,-1,Notification(channel=DEVELOPER_IMPORTANT shortcut=null contentView=null vibrate=null sound=null tick defaults=0 flags=ONGOING_EVENT|CAN_COLORIZE color=0x00000000 vis=PUBLIC),0,1]
04-12 20:39:39.899917  1706  2153 I sysui_multi_action: [757,1501,758,1,793,13,794,0,795,13,796,26,806,android,857,DEVELOPER_IMPORTANT,858,4,947,0,1500,0]
04-12 20:39:39.899942  1706  2153 I sysui_multi_action: [757,804,799,note_interruptive,801,0,802,1]
04-12 20:39:39.900593  1706  2153 I notification_autogrouped: -1|android|32|null|1000
04-12 20:39:39.900636  1706  2153 I notification_autogrouped: -1|android|26|null|1000
04-12 20:39:39.900671  1706  2153 I notification_adjusted: [-1|android|26|null|1000,key_group_key,-1|android|g:Aggregate_AlertingSection]
04-12 20:39:39.900874  1706  2153 I sysui_multi_action: [757,199,758,1,759,32784,793,14,794,0,795,14,796,26,806,android,857,DEVELOPER_IMPORTANT,858,4,946,-1|android|g:Aggregate_Aler-df069087,947,0,1500,1,1688,1]
04-12 20:39:39.900893  1706  2153 I notification_alert: [-1|android|26|null|1000,0,0,0,2,32768]
04-12 20:39:39.912989  1706  2001 I commit_sys_config_file: [settings-0-0,44]
04-12 20:39:39.923889  1706  2153 I notification_enqueue: [1000,1706,android,0,-1|android|g:Aggregate_AlertingSection,-1,Notification(channel=DEVELOPER_IMPORTANT shortcut=null contentView=null vibrate=null sound=null defaults=0 flags=ONGOING_EVENT|LOCAL_ONLY|GROUP_SUMMARY|AUTOGROUP_SUMMARY color=0x00000000 groupKey=-1|android|g:Aggregate_AlertingSection vis=PUBLIC),0,0]
04-12 20:39:39.924258  1706  1859 I am_uid_running: 10142
04-12 20:39:39.924679  1706  2152 I notification_adjusted: [-1|android|32|null|1000,key_group_key,-1|android|g:Aggregate_AlertingSection]
04-12 20:39:39.939427  1706  2810 I dvm_lock_sample: [system_server,1,binder:1706_A,39,ContentProviderHelper.java,207,android.app.ContentProviderHolder com.android.server.am.ContentProviderHelper.getContentProviderImpl(android.app.IApplicationThread, java.lang.String, android.os.IBinder, int, java.lang.String, java.lang.String, boolean, int),,0,null,7]
04-12 20:39:39.945358  1706  2153 I sysui_multi_action: [757,199,758,1,759,1040,793,45,794,0,795,45,796,0,797,-1|android|g:Aggregate_AlertingSection,806,android,857,DEVELOPER_IMPORTANT,858,4,946,-1|android|g:Aggregate_Aler-df069087,947,1,1500,45,1688,1]
04-12 20:39:39.945377  1706  2153 I notification_alert: [-1|android|0|-1|android|g:Aggregate_AlertingSection|1000|-1|android|g:Aggregate_AlertingSection,0,0,0,2,1024]
04-12 20:39:39.948195  1706  2568 I am_uid_running: 10138
04-12 20:39:39.959629  2579  2579 I gsm_service_state_change: [1,1,1,1]
04-12 20:39:39.975720  1706  1859 I am_wtf  : [0,1706,system_server,-1,SystemServiceRegistry,No service published for: uwb]
04-12 20:39:39.975863  1706  1859 I am_wtf  : [0,1706,system_server,-1,SystemServiceRegistry,Manager wrapper not available: uwb]
04-12 20:39:39.972000  3537  3537 I auditd  : type=1400 audit(0.0:436): avc:  denied  { read } for  comm=4F6E65494420576F726B6572 name="u:object_r:vendor_security_patch_level_prop:s0" dev="tmpfs" ino=888 scontext=u:r:platform_app:s0:c512,c768 tcontext=u:object_r:vendor_security_patch_level_prop:s0 tclass=file permissive=0 app=com.transsion.atomicbrain
04-12 20:39:39.978326  1706  1859 I am_wtf  : [0,1706,system_server,-1,SystemServiceRegistry,No service published for: thread_network]
04-12 20:39:39.982613  1706  1859 I am_wtf  : [0,1706,system_server,-1,SystemServiceRegistry,Manager wrapper not available: thread_network]
04-12 20:39:40.016897  1706  1839 I uc_finish_user_boot: 0
04-12 20:39:40.016976  1706  1839 I am_user_state_changed: [0,1]
04-12 20:39:40.017220  1706  1839 I uc_send_user_broadcast: [0,android.intent.action.LOCKED_BOOT_COMPLETED]
04-12 20:39:40.052758  1706  2001 I commit_sys_config_file: [settings-2-0,3]
04-12 20:39:40.076259  1706  1839 I uc_finish_user_unlocking: 0
04-12 20:39:40.077688  1706  1860 I am_proc_start: [0,3694,10142,tech.palm.find,broadcast,{tech.palm.find/tech.palm.find.vsim.auto.VsimAutoOpenReceiver},caller=com.android.phone/1001,action = android.intent.action.SIM_STATE_CHANGED]
04-12 20:39:40.086688  1706  2810 I am_proc_bound: [0,3694,tech.palm.find]
04-12 20:39:40.102998  1706  1860 I am_proc_start: [0,3723,10138,com.android.carrierconfig,service,{com.android.carrierconfig/com.android.carrierconfig.TranDefaultCarrierConfigService},caller=com.android.phone/1001]
04-12 20:39:40.100000  3694  3694 I auditd  : type=1400 audit(0.0:437): avc:  denied  { read write } for  comm="re-initialized>" name="ensignal" dev="tmpfs" ino=2080 scontext=u:r:platform_app:s0:c512,c768 tcontext=u:object_r:ensignal_device:s0 tclass=chr_file permissive=0 app=tech.palm.find
04-12 20:39:40.128553  1706  2153 I notification_enqueue: [1000,1706,android,55,NULL,-1,Notification(channel=DEVELOPER shortcut=null contentView=null vibrate=null sound=null tick defaults=0 flags=ONGOING_EVENT|CAN_COLORIZE color=0x00000000 vis=PUBLIC),0,1]
04-12 20:39:40.128927  1706  2153 I sysui_multi_action: [757,1501,758,1,793,4,794,0,795,4,796,55,806,android,857,DEVELOPER,858,2,947,0,1500,0]
04-12 20:39:40.128942  1706  2153 I sysui_multi_action: [757,804,799,note_interruptive,801,0,802,1]
04-12 20:39:40.131990  1706  1860 I am_proc_start: [0,3736,10269,com.google.android.ext.services,on-hold,]
04-12 20:39:40.132775  1706  2153 I sysui_multi_action: [757,199,758,1,759,16,793,8,794,0,795,8,796,55,806,android,857,DEVELOPER,858,2,947,0,1500,4,1688,1]
04-12 20:39:40.132821  1706  2153 I notification_alert: [-1|android|55|null|1000,0,0,0,2,0]
04-12 20:39:40.167242  1706  2568 I am_proc_bound: [0,3736,com.google.android.ext.services]
04-12 20:39:40.169703  1706  2810 I am_proc_bound: [0,3723,com.android.carrierconfig]
04-12 20:39:40.168000  3736  3736 I auditd  : type=1400 audit(0.0:438): avc:  denied  { read write } for  comm="re-initialized>" name="ensignal" dev="tmpfs" ino=2080 scontext=u:r:priv_app:s0:c512,c768 tcontext=u:object_r:ensignal_device:s0 tclass=chr_file permissive=0 app=com.google.android.ext.services
04-12 20:39:40.168000  3736  3736 I auditd  : type=1400 audit(0.0:439): avc:  denied  { read write } for  comm="re-initialized>" name="ensignal" dev="tmpfs" ino=2080 scontext=u:r:priv_app:s0:c512,c768 tcontext=u:object_r:ensignal_device:s0 tclass=chr_file permissive=0 app=com.google.android.ext.services
04-12 20:39:40.172000  3723  3723 I auditd  : type=1400 audit(0.0:440): avc:  denied  { read write } for  comm="re-initialized>" name="ensignal" dev="tmpfs" ino=2080 scontext=u:r:platform_app:s0:c512,c768 tcontext=u:object_r:ensignal_device:s0 tclass=chr_file permissive=0 app=com.android.carrierconfig
04-12 20:39:40.172000  3723  3723 I auditd  : type=1400 audit(0.0:441): avc:  denied  { read write } for  comm="re-initialized>" name="ensignal" dev="tmpfs" ino=2080 scontext=u:r:platform_app:s0:c512,c768 tcontext=u:object_r:ensignal_device:s0 tclass=chr_file permissive=0 app=com.android.carrierconfig
04-12 20:39:40.188000  3719  3719 I auditd  : type=1400 audit(0.0:442): avc:  denied  { search } for  comm="verify_para" name="tmp" dev="dm-79" ino=102 scontext=u:r:tran_vfy:s0 tcontext=u:object_r:shell_data_file:s0 tclass=dir permissive=0
04-12 20:39:40.227712  1706  2853 I am_uid_active: 10138
04-12 20:39:40.236000  1706  1706 I auditd  : type=1400 audit(0.0:443): avc:  denied  { read } for  comm="TranPowerDataEv" name="u:object_r:vendor_default_prop:s0" dev="tmpfs" ino=607 scontext=u:r:system_server:s0 tcontext=u:object_r:vendor_default_prop:s0 tclass=file permissive=0
04-12 20:39:40.257869  1706  2853 I am_uid_active: 10269
04-12 20:39:40.274966  3628  3628 I dvm_lock_sample: [com.transsion.atomiccore,1,main,311,SourceFile,-1,void com.transsion.atomiccore.AtomicCoreApplication.c(),-,-1,void com.transsion.atomiccore.AtomicCoreApplication.d(),62]
04-12 20:39:40.279827  2707  2922 I jank_cuj_events_end_request: [14,1775997580279046000,23052998232,23052998232]
04-12 20:39:40.285043  1706  1859 I am_uid_active: 10187
04-12 20:39:40.286282  1706  2810 I am_uid_active: 10175
04-12 20:39:40.287024  1706  1859 I am_wtf  : [0,1706,system_server,-1,ActivityManager,Sending non-protected broadcast com.transsion.atomiccore.action.bind_service.island from system 2707:com.android.systemui/u0a146 pkg com.android.systemui]
04-12 20:39:40.327750  1706  1836 I am_user_state_changed: [0,2]
04-12 20:39:40.332806  1706  1860 I am_proc_start: [0,3808,10232,com.google.android.gms,service,{com.google.android.gms/com.google.android.gms.chimera.GmsIntentOperationService},caller=com.google.android.gms.persistent/10232]
04-12 20:39:40.334946  1706  1859 I ssm_user_unlocking: 0
04-12 20:39:40.344632  1706  2001 I commit_sys_config_file: [settings-0-0,5]
04-12 20:39:40.360527  1706  2568 I dvm_lock_sample: [system_server,1,binder:1706_9,54,ActivityManagerService.java,15048,android.content.ComponentName com.android.server.am.ActivityManagerService.startService(android.app.IApplicationThread, android.content.Intent, java.lang.String, boolean, java.lang.String, java.lang.String, int, boolean, int, java.lang.String, java.lang.String),,0,null,10]
04-12 20:39:40.352000   360   360 I auditd  : type=1400 audit(0.0:444): avc:  denied  { create } for  comm="init" name="enable" scontext=u:r:vendor_init:s0 tcontext=u:object_r:debugfs_tracing_instances:s0 tclass=file permissive=0
04-12 20:39:40.364000   360   360 I auditd  : type=1400 audit(0.0:445): avc:  denied  { create } for  comm="init" name="enable" scontext=u:r:vendor_init:s0 tcontext=u:object_r:debugfs_tracing_instances:s0 tclass=file permissive=0
04-12 20:39:40.384196  1706  1860 I am_proc_start: [0,3822,10142,tech.palm.find:remote,content provider,{tech.palm.find/tech.palm.find.common.InnerDataProvider},caller=tech.palm.find/10142]
04-12 20:39:40.414354  1706  1859 I am_uid_running: 10179
04-12 20:39:40.428468  1706  2265 I am_proc_bound: [0,3822,tech.palm.find:remote]
04-12 20:39:40.440000  3822  3822 I auditd  : type=1400 audit(0.0:446): avc:  denied  { read write } for  comm="re-initialized>" name="ensignal" dev="tmpfs" ino=2080 scontext=u:r:platform_app:s0:c512,c768 tcontext=u:object_r:ensignal_device:s0 tclass=chr_file permissive=0 app=tech.palm.find
04-12 20:39:40.444000  3822  3822 I auditd  : type=1400 audit(0.0:447): avc:  denied  { read write } for  comm="re-initialized>" name="ensignal" dev="tmpfs" ino=2080 scontext=u:r:platform_app:s0:c512,c768 tcontext=u:object_r:ensignal_device:s0 tclass=chr_file permissive=0 app=tech.palm.find
04-12 20:39:40.444572  1706  3561 I am_proc_bound: [0,3808,com.google.android.gms]
04-12 20:39:40.456000  3808  3808 I auditd  : type=1400 audit(0.0:448): avc:  denied  { read write } for  comm="re-initialized>" name="ensignal" dev="tmpfs" ino=2080 scontext=u:r:gmscore_app:s0:c512,c768 tcontext=u:object_r:ensignal_device:s0 tclass=chr_file permissive=0 app=com.google.android.gms
04-12 20:39:40.460000  3808  3808 I auditd  : type=1400 audit(0.0:449): avc:  denied  { read write } for  comm="re-initialized>" name="ensignal" dev="tmpfs" ino=2080 scontext=u:r:gmscore_app:s0:c512,c768 tcontext=u:object_r:ensignal_device:s0 tclass=chr_file permissive=0 app=com.google.android.gms
04-12 20:39:40.464000  3808  3808 I auditd  : type=1400 audit(0.0:450): avc:  denied  { search } for  comm="binder:3808_2" name="/" dev="sdc87" ino=2 scontext=u:r:gmscore_app:s0:c512,c768 tcontext=u:object_r:tranfs_file:s0 tclass=dir permissive=0 app=com.google.android.gms
04-12 20:39:40.504000  1406  1406 I auditd  : type=1400 audit(0.0:451): avc:  denied  { search } for  comm="binder:1406_2" name="/" dev="sdc87" ino=2 scontext=u:r:hap:s0 tcontext=u:object_r:tranfs_file:s0 tclass=dir permissive=0
04-12 20:39:40.488288  1706  1987 I dvm_lock_sample: [system_server,0,android.usagestats,138,JobSchedulerService.java,2233,android.app.job.JobInfo com.android.server.job.JobSchedulerService.getPendingJob(int, java.lang.String, int),-,2573,int com.android.server.job.JobSchedulerService.getUidProcState(int),27]
04-12 20:39:40.489237  1706  1990 I dvm_lock_sample: [system_server,1,appscheduling.default,90,JobSchedulerService.java,3501,void com.android.server.job.JobSchedulerService$JobHandler.handleMessage(android.os.Message),,0,null,18]
04-12 20:39:40.485879  1706  2001 I commit_sys_config_file: [settings-1-0,44]
04-12 20:39:40.502830   503   503 I auditd  : avc:  denied  { find } for pid=3694 uid=10142 name=vendor.transsion.hardware.interfaces.trannvram.ITranNvram/default scontext=u:r:platform_app:s0:c512,c768 tcontext=u:object_r:default_android_service:s0 tclass=service_manager permissive=0
04-12 20:39:40.509925  1706  2835 I dvm_lock_sample: [system_server,1,binder:1706_C,100,ContentProviderHelper.java,207,android.app.ContentProviderHolder com.android.server.am.ContentProviderHelper.getContentProviderImpl(android.app.IApplicationThread, java.lang.String, android.os.IBinder, int, java.lang.String, java.lang.String, boolean, int),,0,null,20]
04-12 20:39:40.508000  1406  1406 I auditd  : type=1400 audit(0.0:452): avc:  denied  { search } for  comm="binder:1406_2" name="/" dev="sdc87" ino=2 scontext=u:r:hap:s0 tcontext=u:object_r:tranfs_file:s0 tclass=dir permissive=0
04-12 20:39:40.512605  1706  1796 I dvm_lock_sample: [system_server,0,binder:1706_2,83,ActivityManagerService.java,15340,void com.android.server.am.ActivityManagerService.serviceDoneExecuting(android.os.IBinder, int, int, int, android.content.Intent),,0,null,16]
04-12 20:39:40.514176  1706  1860 I am_proc_start: [0,2350,10179,com.transsion.camera,service,{com.transsion.camera/com.transsion.camera.persistent.CameraAppService}]
04-12 20:39:40.516000  1406  1406 I auditd  : type=1400 audit(0.0:453): avc:  denied  { search } for  comm="binder:1406_2" name="/" dev="sdc87" ino=2 scontext=u:r:hap:s0 tcontext=u:object_r:tranfs_file:s0 tclass=dir permissive=0
04-12 20:39:40.525879  1706  2855 I dvm_lock_sample: [system_server,1,binder:1706_E,44,BroadcastController.java,532,android.content.Intent com.android.server.am.BroadcastController.registerReceiverWithFeatureTraced(android.app.IApplicationThread, java.lang.String, java.lang.String, java.lang.String, android.content.IIntentReceiver, android.content.IntentFilter, java.lang.String, int, int),,0,null,8]
04-12 20:39:40.536000  1406  1406 I auditd  : type=1400 audit(0.0:454): avc:  denied  { search } for  comm="binder:1406_2" name="/" dev="sdc87" ino=2 scontext=u:r:hap:s0 tcontext=u:object_r:tranfs_file:s0 tclass=dir permissive=0
04-12 20:39:40.559644  1706  1940 I am_proc_bound: [0,2350,com.transsion.camera]
04-12 20:39:40.580000  2350  2350 I auditd  : type=1400 audit(0.0:455): avc:  denied  { read write } for  comm="re-initialized>" name="ensignal" dev="tmpfs" ino=2080 scontext=u:r:platform_app:s0:c512,c768 tcontext=u:object_r:ensignal_device:s0 tclass=chr_file permissive=0 app=com.transsion.camera
04-12 20:39:40.584450  1706  1706 I am_uid_running: 10214
04-12 20:39:40.580000  2350  2350 I auditd  : type=1400 audit(0.0:456): avc:  denied  { read write } for  comm="re-initialized>" name="ensignal" dev="tmpfs" ino=2080 scontext=u:r:platform_app:s0:c512,c768 tcontext=u:object_r:ensignal_device:s0 tclass=chr_file permissive=0 app=com.transsion.camera
04-12 20:39:40.589097  1706  2266 I dvm_lock_sample: [system_server,1,binder:1706_7,77,ContentProviderHelper.java,871,void com.android.server.am.ContentProviderHelper.publishContentProviders(android.app.IApplicationThread, java.util.List),,0,null,15]
04-12 20:39:40.590468  1706  2835 I dvm_lock_sample: [system_server,0,binder:1706_C,73,ActivityManagerService.java,15340,void com.android.server.am.ActivityManagerService.serviceDoneExecuting(android.os.IBinder, int, int, int, android.content.Intent),,0,null,14]
04-12 20:39:40.598606  1706  2106 I am_uid_running: 10271
04-12 20:39:40.606567  1706  3882 I am_uid_running: 10070
04-12 20:39:40.611669  1706  3561 I am_proc_start: [0,3866,1000,com.transsion.kolun.aiservice,content provider,{com.transsion.kolun.aiservice/com.transsion.kolun.oxygenbus.OxygenBusProvider},caller=com.android.phone/1001]
04-12 20:39:40.614491  1706  3561 I am_proc_bound: [0,3866,com.transsion.kolun.aiservice]
04-12 20:39:40.625145  1706  1874 I dvm_lock_sample: [system_server,1,bgres-controller,43,BroadcastController.java,1927,void com.android.server.am.BroadcastController.finishReceiver(android.os.IBinder, int, java.lang.String, android.os.Bundle, boolean, int),ProcessList.java,6076,android.util.Pair com.android.server.am.ProcessList.getNumForegroundServices(),8]
04-12 20:39:40.628000  3866  3866 I auditd  : type=1400 audit(0.0:457): avc:  denied  { read write } for  comm="re-initialized>" name="ensignal" dev="tmpfs" ino=2080 scontext=u:r:system_app:s0 tcontext=u:object_r:ensignal_device:s0 tclass=chr_file permissive=0
04-12 20:39:40.628000  3866  3866 I auditd  : type=1400 audit(0.0:458): avc:  denied  { read write } for  comm="re-initialized>" name="ensignal" dev="tmpfs" ino=2080 scontext=u:r:system_app:s0 tcontext=u:object_r:ensignal_device:s0 tclass=chr_file permissive=0
04-12 20:39:40.682137  1706  3609 I dvm_lock_sample: [system_server,1,TranWifiThread,35,BroadcastController.java,532,android.content.Intent com.android.server.am.BroadcastController.registerReceiverWithFeatureTraced(android.app.IApplicationThread, java.lang.String, java.lang.String, java.lang.String, android.content.IIntentReceiver, android.content.IntentFilter, java.lang.String, int, int),,0,null,7]
04-12 20:39:40.684523  1706  1940 I am_proc_start: [0,3901,10214,com.google.android.as,service,{com.google.android.as/com.google.android.apps.miphone.aiai.app.AiAiContentCaptureService},caller=system/1000]
04-12 20:39:40.689255  1706  1940 I am_proc_bound: [0,3901,com.google.android.as]
04-12 20:39:40.691381  1706  3319 I dvm_lock_sample: [system_server,1,binder:1706_10,27,ActivityManagerService.java,15283,int com.android.server.am.ActivityManagerService.bindServiceInstance(android.app.IApplicationThread, android.os.IBinder, android.content.Intent, java.lang.String, android.app.IServiceConnection, long, java.lang.String, boolean, int, java.lang.String, android.app.IApplicationThread, java.lang.String, int),,0,null,5]
04-12 20:39:40.692000  3901  3901 I auditd  : type=1400 audit(0.0:459): avc:  denied  { read write } for  comm="re-initialized>" name="ensignal" dev="tmpfs" ino=2080 scontext=u:r:priv_app:s0:c512,c768 tcontext=u:object_r:ensignal_device:s0 tclass=chr_file permissive=0 app=com.google.android.as
04-12 20:39:40.709080  1706  1859 I am_uid_running: 10190
04-12 20:39:40.733587  1706  1860 I am_proc_start: [0,3924,10271,com.google.android.providers.media.module,service,{com.google.android.providers.media.module/com.android.providers.media.fuse.ExternalStorageServiceImpl},caller=system/1000]
04-12 20:39:40.755537  1706  1860 I am_proc_start: [0,3956,10070,android.process.acore,content provider,{com.android.providers.blockednumber/com.android.providers.blockednumber.BlockedNumberProvider},caller=android/1000]
04-12 20:39:40.768039  1706  3319 I dvm_lock_sample: [system_server,1,binder:1706_10,31,ActivityManagerService.java,15305,boolean com.android.server.am.ActivityManagerService.unbindService(android.app.IServiceConnection),ProcessList.java,2306,void com.android.server.am.ProcessList.lambda$handleProcessStart$1(com.android.server.am.ProcessRecord, java.lang.String, int[], int, int, int, java.lang.String, java.lang.String, java.lang.String, long),6]
04-12 20:39:40.764000     1     1 I auditd  : type=1400 audit(0.0:460): avc:  denied  { sys_nice } for  comm="init" capability=23  scontext=u:r:init:s0 tcontext=u:r:init:s0 tclass=capability permissive=0
04-12 20:39:40.782707  1706  1859 I am_uid_running: 10158
04-12 20:39:40.789009  1706  1941 I dvm_lock_sample: [system_server,1,binder:1706_4,34,ContentProviderHelper.java,871,void com.android.server.am.ContentProviderHelper.publishContentProviders(android.app.IApplicationThread, java.util.List),,0,null,6]
04-12 20:39:40.792072  1706  1859 I uc_finish_user_unlocked: 0
04-12 20:39:40.792211  1706  1859 I am_user_state_changed: [0,3]
04-12 20:39:40.793229  1706  1859 I am_uid_running: 1027
04-12 20:39:40.792000  1706  1706 I auditd  : type=1400 audit(0.0:461): avc:  denied  { read } for  comm="pool-98-thread-" name="u:object_r:build_bootimage_prop:s0" dev="tmpfs" ino=184 scontext=u:r:system_server:s0 tcontext=u:object_r:build_bootimage_prop:s0 tclass=file permissive=0
04-12 20:39:40.805798  1706  1836 I wm_task_created: 6
04-12 20:39:40.806242  1706  1836 I wm_task_created: 46
04-12 20:39:40.806431  1706  1836 I wm_task_created: 47
04-12 20:39:40.806562  1706  1836 I wm_task_created: 48
04-12 20:39:40.808567  1706  1836 I wm_task_created: 51
04-12 20:39:40.808876  1706  1836 I wm_task_created: 18
04-12 20:39:40.809098  1706  1836 I wm_task_created: 50
04-12 20:39:40.810344  1706  1848 I am_uid_running: 10099
04-12 20:39:40.808000   360   360 I auditd  : type=1400 audit(0.0:462): avc:  denied  { create } for  comm="init" name="enable" scontext=u:r:vendor_init:s0 tcontext=u:object_r:debugfs_tracing_instances:s0 tclass=file permissive=0
04-12 20:39:40.815447  1706  3319 I am_proc_bound: [0,3956,android.process.acore]
04-12 20:39:40.816000  3956  3956 I auditd  : type=1400 audit(0.0:463): avc:  denied  { read write } for  comm="re-initialized>" name="ensignal" dev="tmpfs" ino=2080 scontext=u:r:priv_app:s0:c512,c768 tcontext=u:object_r:ensignal_device:s0 tclass=chr_file permissive=0 app=com.android.calllogbackup
04-12 20:39:40.820000  3956  3956 I auditd  : type=1400 audit(0.0:464): avc:  denied  { read write } for  comm="re-initialized>" name="ensignal" dev="tmpfs" ino=2080 scontext=u:r:priv_app:s0:c512,c768 tcontext=u:object_r:ensignal_device:s0 tclass=chr_file permissive=0 app=com.android.calllogbackup
04-12 20:39:40.823535  1706  2266 I am_proc_bound: [0,3924,com.google.android.providers.media.module]
04-12 20:39:40.824000  3924  3924 I auditd  : type=1400 audit(0.0:465): avc:  denied  { read write } for  comm="re-initialized>" name="ensignal" dev="tmpfs" ino=2080 scontext=u:r:mediaprovider_app:s0:c15,c257,c512,c768 tcontext=u:object_r:ensignal_device:s0 tclass=chr_file permissive=0 app=com.google.android.providers.media.module
04-12 20:39:40.824000  3924  3924 I auditd  : type=1400 audit(0.0:466): avc:  denied  { search } for  comm="binder:3924_2" name="/" dev="sdc87" ino=2 scontext=u:r:mediaprovider_app:s0:c15,c257,c512,c768 tcontext=u:object_r:tranfs_file:s0 tclass=dir permissive=0 app=com.google.android.providers.media.module
04-12 20:39:40.830894  1706  2835 I dvm_lock_sample: [system_server,0,binder:1706_C,36,BroadcastController.java,1927,void com.android.server.am.BroadcastController.finishReceiver(android.os.IBinder, int, java.lang.String, android.os.Bundle, boolean, int),,0,null,7]
04-12 20:39:40.828000  3924  3924 I auditd  : type=1400 audit(0.0:467): avc:  denied  { read write } for  comm="re-initialized>" name="ensignal" dev="tmpfs" ino=2080 scontext=u:r:mediaprovider_app:s0:c15,c257,c512,c768 tcontext=u:object_r:ensignal_device:s0 tclass=chr_file permissive=0 app=com.google.android.providers.media.module
04-12 20:39:40.847296  2707  2922 I jank_cuj_events_end_request: [14,1775997580846425000,23620376924,23620376924]
04-12 20:39:40.847312  2707  2922 I jank_cuj_events_end_request: [14,1775997580846481000,23620432385,23620432616]
04-12 20:39:40.847316  2707  2922 I jank_cuj_events_end_request: [14,1775997580846490000,23620441847,23620441847]
04-12 20:39:40.848632  1706  2453 I dvm_lock_sample: [system_server,1,binder:1706_8,52,ContentProviderHelper.java,207,android.app.ContentProviderHolder com.android.server.am.ContentProviderHelper.getContentProviderImpl(android.app.IApplicationThread, java.lang.String, android.os.IBinder, int, java.lang.String, java.lang.String, boolean, int),,0,null,10]
04-12 20:39:40.850007  1706  1860 I dvm_lock_sample: [system_server,1,ActivityManager:procStart,52,ProcessList.java,2304,void com.android.server.am.ProcessList.lambda$handleProcessStart$1(com.android.server.am.ProcessRecord, java.lang.String, int[], int, int, int, java.lang.String, java.lang.String, java.lang.String, long),,0,null,10]
04-12 20:39:40.850186  1706  1860 I am_proc_start: [0,3983,10190,com.transsion.aivoiceassistant:voiceinteractionservice,service,{com.transsion.aivoiceassistant/com.transsion.ella.aiservice.voiceinteraction.AiVoiceInteractionService},caller=system/1000]
04-12 20:39:40.885726  1706  3561 I am_proc_bound: [0,3983,com.transsion.aivoiceassistant:voiceinteractionservice]
04-12 20:39:40.899353  1706  1860 I am_proc_start: [0,4017,10158,com.hoffnung.mobile.service,service,{com.hoffnung/com.hoffnung.TPMSService},caller=system/1000]
04-12 20:39:40.896000  3983  3983 I auditd  : type=1400 audit(0.0:468): avc:  denied  { read write } for  comm="re-initialized>" name="ensignal" dev="tmpfs" ino=2080 scontext=u:r:platform_app:s0:c512,c768 tcontext=u:object_r:ensignal_device:s0 tclass=chr_file permissive=0 app=com.transsion.aivoiceassistant
04-12 20:39:40.896000  3983  3983 I auditd  : type=1400 audit(0.0:469): avc:  denied  { read write } for  comm="re-initialized>" name="ensignal" dev="tmpfs" ino=2080 scontext=u:r:platform_app:s0:c512,c768 tcontext=u:object_r:ensignal_device:s0 tclass=chr_file permissive=0 app=com.transsion.aivoiceassistant
04-12 20:39:40.911715  1706  1796 I dvm_lock_sample: [system_server,1,binder:1706_2,59,AlarmManagerService.java,3025,void com.android.server.alarm.AlarmManagerService$4.remove(android.app.PendingIntent, android.app.IAlarmListener),-,2344,void com.android.server.alarm.AlarmManagerService.setImpl(int, long, long, long, android.app.PendingIntent, android.app.IAlarmListener, java.lang.String, int, android.os.WorkSource, android.app.AlarmManager$AlarmClockInfo, int, java.lang.String, android.os.Bundle, int),11]
04-12 20:39:40.916091   503   503 I auditd  : avc:  denied  { find } for pid=4035 uid=1072 name=vendor.transsion.hardware.aegis.IAegisService/default scontext=u:r:gpuservice:s0 tcontext=u:object_r:default_android_service:s0 tclass=service_manager permissive=0
04-12 20:39:40.916437  1706  2266 I am_proc_bound: [0,4017,com.hoffnung.mobile.service]
04-12 20:39:40.920000  4017  4017 I auditd  : type=1400 audit(0.0:470): avc:  denied  { read write } for  comm="re-initialized>" name="ensignal" dev="tmpfs" ino=2080 scontext=u:r:platform_app:s0:c512,c768 tcontext=u:object_r:ensignal_device:s0 tclass=chr_file permissive=0 app=com.hoffnung
04-12 20:39:40.920000  4017  4017 I auditd  : type=1400 audit(0.0:471): avc:  denied  { read write } for  comm="re-initialized>" name="ensignal" dev="tmpfs" ino=2080 scontext=u:r:platform_app:s0:c512,c768 tcontext=u:object_r:ensignal_device:s0 tclass=chr_file permissive=0 app=com.hoffnung
04-12 20:39:40.941808  1706  3319 I dvm_lock_sample: [system_server,1,binder:1706_10,92,ContentProviderHelper.java,207,android.app.ContentProviderHolder com.android.server.am.ContentProviderHelper.getContentProviderImpl(android.app.IApplicationThread, java.lang.String, android.os.IBinder, int, java.lang.String, java.lang.String, boolean, int),,0,null,18]
04-12 20:39:40.944903  1706  1860 I am_proc_start: [0,4049,1027,com.android.nfc,added application,com.android.nfc]
04-12 20:39:40.952558  1706  1859 I uc_send_user_broadcast: [0,android.intent.action.USER_UNLOCKED]
04-12 20:39:40.955900  1706  1796 I am_proc_bound: [0,4049,com.android.nfc]
04-12 20:39:40.957557  1706  1796 I am_uid_active: 1027
04-12 20:39:40.952000     1     1 I auditd  : type=1107 audit(0.0:472): uid=0 auid=4294967295 ses=4294967295 subj=u:r:init:s0 msg='avc:  denied  { set } for property=persist.vendor.sys.device.manual_gc pid=4041 uid=1000 gid=1000 scontext=u:r:storage_feature_cloudctl:s0 tcontext=u:object_r:vendor_default_prop:s0 tclass=property_service permissive=0'
04-12 20:39:40.963524  1706  1859 I uc_finish_user_unlocked_completed: 0
04-12 20:39:40.960000  3866  3866 I auditd  : type=1400 audit(0.0:473): avc:  denied  { map } for  comm="kolun.aiservice" path="/dev/__properties__/u:object_r:vendor_irtx_prop:s0" dev="tmpfs" ino=614 scontext=u:r:system_app:s0 tcontext=u:object_r:vendor_irtx_prop:s0 tclass=file permissive=0
04-12 20:39:40.968000  3866  3866 I auditd  : type=1400 audit(0.0:474): avc:  denied  { read } for  comm="kolun.aiservice" name="u:object_r:qemu_hw_prop:s0" dev="tmpfs" ino=396 scontext=u:r:system_app:s0 tcontext=u:object_r:qemu_hw_prop:s0 tclass=file permissive=0
04-12 20:39:41.004000  4049  4049 I auditd  : type=1400 audit(0.0:476): avc:  denied  { read write } for  comm="re-initialized>" name="ensignal" dev="tmpfs" ino=2080 scontext=u:r:nfc:s0 tcontext=u:object_r:ensignal_device:s0 tclass=chr_file permissive=0
04-12 20:39:41.015701  1706  1860 I am_proc_start: [0,4082,1000,com.transsion.tranvoicecommand,added application,com.transsion.tranvoicecommand]
04-12 20:39:41.027632  1706  3280 I am_proc_bound: [0,4082,com.transsion.tranvoicecommand]
04-12 20:39:41.073969  1706  1859 I ssm_user_unlocked: 0
04-12 20:39:41.077129  1706  1860 I am_proc_start: [0,4125,10099,com.android.printspooler,service,{com.android.printspooler/com.android.printspooler.model.PrintSpoolerService},caller=system/1000]
04-12 20:39:41.083493  1706  3280 I dvm_lock_sample: [system_server,1,binder:1706_F,9,ActivityManagerService.java,15283,int com.android.server.am.ActivityManagerService.bindServiceInstance(android.app.IApplicationThread, android.os.IBinder, android.content.Intent, java.lang.String, android.app.IServiceConnection, long, java.lang.String, boolean, int, java.lang.String, android.app.IApplicationThread, java.lang.String, int),,0,null,1]
04-12 20:39:41.103943  1706  2853 I am_proc_bound: [0,4125,com.android.printspooler]
04-12 20:39:41.226772  1706  1859 I am_uid_running: 10109
04-12 20:39:41.257913  1706  2835 I am_uid_active: 10099
04-12 20:39:41.290519  1706  2835 I battery_level: [68,3909,272]
04-12 20:39:41.298897  1706  1860 I am_proc_start: [0,4218,10109,com.android.imsserviceentitlement,broadcast,{com.android.imsserviceentitlement/com.android.imsserviceentitlement.ImsEntitlementReceiver},caller=com.android.phone/1001,action = android.telephony.action.CARRIER_CONFIG_CHANGED]
04-12 20:39:41.299673  1706  1795 I dvm_lock_sample: [system_server,1,binder:1706_1,82,JobSchedulerService.java,1831,int com.android.server.job.JobSchedulerService.scheduleAsPackage(android.app.job.JobInfo, android.app.job.JobWorkItem, int, java.lang.String, int, java.lang.String, java.lang.String),-,2573,int com.android.server.job.JobSchedulerService.getUidProcState(int),16]
04-12 20:39:41.303425  1706  4199 I dvm_lock_sample: [system_server,1,binder:1706_12,34,ActivityManagerService.java,6474,java.lang.String com.android.server.am.ActivityManagerService.getTagForIntentSender(android.content.IIntentSender, java.lang.String),,0,null,6]
04-12 20:39:41.304278  1706  3280 I am_proc_bound: [0,4218,com.android.imsserviceentitlement]
04-12 20:39:41.339587  1706  4249 I am_uid_running: 10172
04-12 20:39:41.359023  1706  1872 I dvm_lock_sample: [system_server,1,batterystats-handler,62,ActivityManagerService.java,3130,void com.android.server.am.ActivityManagerService.batterySendBroadcast(android.content.Intent),,0,null,12]
04-12 20:39:41.373056  1706  4199 I dvm_lock_sample: [system_server,1,binder:1706_12,58,ActivityManagerService.java,6474,java.lang.String com.android.server.am.ActivityManagerService.getTagForIntentSender(android.content.IIntentSender, java.lang.String),,0,null,11]
04-12 20:39:41.398501  1706  1860 I am_proc_start: [0,4264,1000,com.transsion.aod:dreams,service,{com.transsion.aod/com.transsion.aod.dreams.DreamBootupService},caller=com.android.systemui/10146]
04-12 20:39:41.425408  1706  2853 I am_proc_bound: [0,4264,com.transsion.aod:dreams]
04-12 20:39:41.454359  1706  4243 I am_proc_start: [0,4319,10172,com.transsion.screenrecorder,service,{com.transsion.screenrecorder/com.transsion.screenrecorder.service.ScreenRecordTileService},caller=com.android.systemui/10146]
04-12 20:39:41.467629  1706  4243 I am_proc_bound: [0,4319,com.transsion.screenrecorder]
04-12 20:39:41.506113  1706  2568 I dvm_lock_sample: [system_server,1,binder:1706_9,143,BroadcastController.java,532,android.content.Intent com.android.server.am.BroadcastController.registerReceiverWithFeatureTraced(android.app.IApplicationThread, java.lang.String, java.lang.String, java.lang.String, android.content.IIntentReceiver, android.content.IntentFilter, java.lang.String, int, int),,0,null,28]
04-12 20:39:41.507945  1706  4200 I dvm_lock_sample: [system_server,1,binder:1706_13,203,ActivityManagerService.java,5422,void com.android.server.am.ActivityManagerService.finishAttachApplicationInner(long, int, int),,0,null,40]
04-12 20:39:41.517866  1706  2265 I dvm_lock_sample: [system_server,1,binder:1706_6,138,ContentProviderHelper.java,871,void com.android.server.am.ContentProviderHelper.publishContentProviders(android.app.IApplicationThread, java.util.List),,0,null,27]
