04-12 20:39:32.212000  1772  1772 I auditd  : type=1400 audit(0.0:166): avc:  denied  { read write } for  comm="ip6tables-wrapp" path="/dev/ccci_vts" dev="tmpfs" ino=1763 scontext=u:r:netutils_wrapper:s0 tcontext=u:object_r:ccci_vts_device:s0 tclass=chr_file permissive=0
04-12 20:39:32.212000  1772  1772 I auditd  : type=1400 audit(0.0:167): avc:  denied  { read write } for  comm="ip6tables-wrapp" path="/dev/ccci_wifi_proxy" dev="tmpfs" ino=1762 scontext=u:r:netutils_wrapper:s0 tcontext=u:object_r:ccci_wifi_proxy_device:s0 tclass=chr_file permissive=0
04-12 20:39:32.212000  1772  1772 I auditd  : type=1400 audit(0.0:168): avc:  denied  { read write } for  comm="ip6tables-wrapp" path="/dev/ccci_mdx_sta" dev="tmpfs" ino=1729 scontext=u:r:netutils_wrapper:s0 tcontext=u:object_r:ccci_device:s0 tclass=chr_file permissive=0
04-12 20:39:32.212000  1772  1772 I auditd  : type=1400 audit(0.0:169): avc:  denied  { read write } for  comm="ip6tables-wrapp" path="/dev/ccci_md1_sta" dev="tmpfs" ino=1730 scontext=u:r:netutils_wrapper:s0 tcontext=u:object_r:ccci_device:s0 tclass=chr_file permissive=0
04-12 20:39:32.216000  1373  1373 I auditd  : type=1400 audit(0.0:170): avc:  denied  { search } for  comm="camerahalserver" name="tmp" dev="dm-79" ino=102 scontext=u:r:mtk_hal_camera:s0 tcontext=u:object_r:shell_data_file:s0 tclass=dir permissive=0
04-12 20:39:32.216000  1373  1373 I auditd  : type=1400 audit(0.0:171): avc:  denied  { search } for  comm="camerahalserver" name="data" dev="dm-79" ino=251 scontext=u:r:mtk_hal_camera:s0 tcontext=u:object_r:system_data_file:s0:c512,c768 tclass=dir permissive=0
04-12 20:39:32.228000  1778  1778 I auditd  : type=1400 audit(0.0:172): avc:  denied  { read write } for  comm="iptables-wrappe" path="/dev/ttyCMIPC1" dev="tmpfs" ino=1773 scontext=u:r:netutils_wrapper:s0 tcontext=u:object_r:gsm0710muxd_device:s0 tclass=chr_file permissive=0
04-12 20:39:32.228000  1778  1778 I auditd  : type=1400 audit(0.0:173): avc:  denied  { read write } for  comm="iptables-wrappe" path="/dev/ccci_pin_sta" dev="tmpfs" ino=1731 scontext=u:r:netutils_wrapper:s0 tcontext=u:object_r:ccci_device:s0 tclass=chr_file permissive=0
04-12 20:39:32.228000  1778  1778 I auditd  : type=1400 audit(0.0:174): avc:  denied  { read write } for  comm="iptables-wrappe" path="/dev/ccci_vts" dev="tmpfs" ino=1763 scontext=u:r:netutils_wrapper:s0 tcontext=u:object_r:ccci_vts_device:s0 tclass=chr_file permissive=0
04-12 20:39:32.228000  1778  1778 I auditd  : type=1400 audit(0.0:175): avc:  denied  { read write } for  comm="iptables-wrappe" path="/dev/ccci_wifi_proxy" dev="tmpfs" ino=1762 scontext=u:r:netutils_wrapper:s0 tcontext=u:object_r:ccci_wifi_proxy_device:s0 tclass=chr_file permissive=0
04-12 20:39:32.228000  1778  1778 I auditd  : type=1400 audit(0.0:176): avc:  denied  { read write } for  comm="iptables-wrappe" path="/dev/ccci_mdx_sta" dev="tmpfs" ino=1729 scontext=u:r:netutils_wrapper:s0 tcontext=u:object_r:ccci_device:s0 tclass=chr_file permissive=0
04-12 20:39:32.228000  1778  1778 I auditd  : type=1400 audit(0.0:177): avc:  denied  { read write } for  comm="iptables-wrappe" path="/dev/ccci_md1_sta" dev="tmpfs" ino=1730 scontext=u:r:netutils_wrapper:s0 tcontext=u:object_r:ccci_device:s0 tclass=chr_file permissive=0
04-12 20:39:32.244000  1784  1784 I auditd  : type=1400 audit(0.0:178): avc:  denied  { read write } for  comm="iptables-wrappe" path="/dev/ttyCMIPC1" dev="tmpfs" ino=1773 scontext=u:r:netutils_wrapper:s0 tcontext=u:object_r:gsm0710muxd_device:s0 tclass=chr_file permissive=0
04-12 20:39:32.244000  1784  1784 I auditd  : type=1400 audit(0.0:179): avc:  denied  { read write } for  comm="iptables-wrappe" path="/dev/ccci_pin_sta" dev="tmpfs" ino=1731 scontext=u:r:netutils_wrapper:s0 tcontext=u:object_r:ccci_device:s0 tclass=chr_file permissive=0
04-12 20:39:32.244000  1784  1784 I auditd  : type=1400 audit(0.0:180): avc:  denied  { read write } for  comm="iptables-wrappe" path="/dev/ccci_vts" dev="tmpfs" ino=1763 scontext=u:r:netutils_wrapper:s0 tcontext=u:object_r:ccci_vts_device:s0 tclass=chr_file permissive=0
04-12 20:39:32.244000  1784  1784 I auditd  : type=1400 audit(0.0:181): avc:  denied  { read write } for  comm="iptables-wrappe" path="/dev/ccci_wifi_proxy" dev="tmpfs" ino=1762 scontext=u:r:netutils_wrapper:s0 tcontext=u:object_r:ccci_wifi_proxy_device:s0 tclass=chr_file permissive=0
04-12 20:39:32.244000  1784  1784 I auditd  : type=1400 audit(0.0:182): avc:  denied  { read write } for  comm="iptables-wrappe" path="/dev/ccci_mdx_sta" dev="tmpfs" ino=1729 scontext=u:r:netutils_wrapper:s0 tcontext=u:object_r:ccci_device:s0 tclass=chr_file permissive=0
04-12 20:39:32.244000  1784  1784 I auditd  : type=1400 audit(0.0:183): avc:  denied  { read write } for  comm="iptables-wrappe" path="/dev/ccci_md1_sta" dev="tmpfs" ino=1730 scontext=u:r:netutils_wrapper:s0 tcontext=u:object_r:ccci_device:s0 tclass=chr_file permissive=0
04-12 20:39:32.256000  1785  1785 I auditd  : type=1400 audit(0.0:184): avc:  denied  { read write } for  comm="ip6tables-wrapp" path="/dev/ttyCMIPC1" dev="tmpfs" ino=1773 scontext=u:r:netutils_wrapper:s0 tcontext=u:object_r:gsm0710muxd_device:s0 tclass=chr_file permissive=0
04-12 20:39:32.256000  1785  1785 I auditd  : type=1400 audit(0.0:185): avc:  denied  { read write } for  comm="ip6tables-wrapp" path="/dev/ccci_pin_sta" dev="tmpfs" ino=1731 scontext=u:r:netutils_wrapper:s0 tcontext=u:object_r:ccci_device:s0 tclass=chr_file permissive=0
04-12 20:39:32.256000  1785  1785 I auditd  : type=1400 audit(0.0:186): avc:  denied  { read write } for  comm="ip6tables-wrapp" path="/dev/ccci_vts" dev="tmpfs" ino=1763 scontext=u:r:netutils_wrapper:s0 tcontext=u:object_r:ccci_vts_device:s0 tclass=chr_file permissive=0
04-12 20:39:32.256000  1785  1785 I auditd  : type=1400 audit(0.0:187): avc:  denied  { read write } for  comm="ip6tables-wrapp" path="/dev/ccci_wifi_proxy" dev="tmpfs" ino=1762 scontext=u:r:netutils_wrapper:s0 tcontext=u:object_r:ccci_wifi_proxy_device:s0 tclass=chr_file permissive=0
04-12 20:39:32.256000  1785  1785 I auditd  : type=1400 audit(0.0:188): avc:  denied  { read write } for  comm="ip6tables-wrapp" path="/dev/ccci_mdx_sta" dev="tmpfs" ino=1729 scontext=u:r:netutils_wrapper:s0 tcontext=u:object_r:ccci_device:s0 tclass=chr_file permissive=0
04-12 20:39:32.256000  1785  1785 I auditd  : type=1400 audit(0.0:189): avc:  denied  { read write } for  comm="ip6tables-wrapp" path="/dev/ccci_md1_sta" dev="tmpfs" ino=1730 scontext=u:r:netutils_wrapper:s0 tcontext=u:object_r:ccci_device:s0 tclass=chr_file permissive=0
04-12 20:39:32.268000  1791  1791 I auditd  : type=1400 audit(0.0:190): avc:  denied  { read write } for  comm="ip6tables-wrapp" path="/dev/ttyCMIPC1" dev="tmpfs" ino=1773 scontext=u:r:netutils_wrapper:s0 tcontext=u:object_r:gsm0710muxd_device:s0 tclass=chr_file permissive=0
04-12 20:39:32.268000  1791  1791 I auditd  : type=1400 audit(0.0:191): avc:  denied  { read write } for  comm="ip6tables-wrapp" path="/dev/ccci_pin_sta" dev="tmpfs" ino=1731 scontext=u:r:netutils_wrapper:s0 tcontext=u:object_r:ccci_device:s0 tclass=chr_file permissive=0
04-12 20:39:32.268000  1791  1791 I auditd  : type=1400 audit(0.0:192): avc:  denied  { read write } for  comm="ip6tables-wrapp" path="/dev/ccci_vts" dev="tmpfs" ino=1763 scontext=u:r:netutils_wrapper:s0 tcontext=u:object_r:ccci_vts_device:s0 tclass=chr_file permissive=0
04-12 20:39:32.268000  1791  1791 I auditd  : type=1400 audit(0.0:193): avc:  denied  { read write } for  comm="ip6tables-wrapp" path="/dev/ccci_wifi_proxy" dev="tmpfs" ino=1762 scontext=u:r:netutils_wrapper:s0 tcontext=u:object_r:ccci_wifi_proxy_device:s0 tclass=chr_file permissive=0
04-12 20:39:32.268000  1791  1791 I auditd  : type=1400 audit(0.0:194): avc:  denied  { read write } for  comm="ip6tables-wrapp" path="/dev/ccci_mdx_sta" dev="tmpfs" ino=1729 scontext=u:r:netutils_wrapper:s0 tcontext=u:object_r:ccci_device:s0 tclass=chr_file permissive=0
04-12 20:39:32.268000  1791  1791 I auditd  : type=1400 audit(0.0:195): avc:  denied  { read write } for  comm="ip6tables-wrapp" path="/dev/ccci_md1_sta" dev="tmpfs" ino=1730 scontext=u:r:netutils_wrapper:s0 tcontext=u:object_r:ccci_device:s0 tclass=chr_file permissive=0
04-12 20:39:32.272000  1373  1373 I auditd  : type=1400 audit(0.0:196): avc:  denied  { search } for  comm="camerahalserver" name="tmp" dev="dm-79" ino=102 scontext=u:r:mtk_hal_camera:s0 tcontext=u:object_r:shell_data_file:s0 tclass=dir permissive=0
04-12 20:39:32.272000  1373  1373 I auditd  : type=1400 audit(0.0:197): avc:  denied  { search } for  comm="camerahalserver" name="data" dev="dm-79" ino=251 scontext=u:r:mtk_hal_camera:s0 tcontext=u:object_r:system_data_file:s0:c512,c768 tclass=dir permissive=0
04-12 20:39:32.276000  1706  1706 I auditd  : type=1400 audit(0.0:198): avc:  denied  { read } for  comm="system_server" name="u:object_r:vendor_default_prop:s0" dev="tmpfs" ino=607 scontext=u:r:system_server:s0 tcontext=u:object_r:vendor_default_prop:s0 tclass=file permissive=0
04-12 20:39:32.276000  1373  1373 I auditd  : type=1400 audit(0.0:199): avc:  denied  { search } for  comm="camerahalserver" name="tmp" dev="dm-79" ino=102 scontext=u:r:mtk_hal_camera:s0 tcontext=u:object_r:shell_data_file:s0 tclass=dir permissive=0
04-12 20:39:32.276000  1373  1373 I auditd  : type=1400 audit(0.0:200): avc:  denied  { search } for  comm="camerahalserver" name="data" dev="dm-79" ino=251 scontext=u:r:mtk_hal_camera:s0 tcontext=u:object_r:system_data_file:s0:c512,c768 tclass=dir permissive=0
04-12 20:39:32.280000  1706  1706 I auditd  : type=1400 audit(0.0:201): avc:  denied  { read } for  comm="system_server" name="u:object_r:vendor_default_prop:s0" dev="tmpfs" ino=607 scontext=u:r:system_server:s0 tcontext=u:object_r:vendor_default_prop:s0 tclass=file permissive=0
04-12 20:39:32.280000  1706  1706 I auditd  : type=1400 audit(0.0:202): avc:  denied  { read } for  comm="system_server" name="u:object_r:vendor_default_prop:s0" dev="tmpfs" ino=607 scontext=u:r:system_server:s0 tcontext=u:object_r:vendor_default_prop:s0 tclass=file permissive=0
04-12 20:39:32.287781  1706  1706 I system_server_start: [1,15051,15051]
04-12 20:39:32.288009  1706  1706 I boot_progress_system_run: 15061
04-12 20:39:32.296000  1373  1373 I auditd  : type=1400 audit(0.0:203): avc:  denied  { search } for  comm="camerahalserver" name="tmp" dev="dm-79" ino=102 scontext=u:r:mtk_hal_camera:s0 tcontext=u:object_r:shell_data_file:s0 tclass=dir permissive=0
04-12 20:39:32.296000  1373  1373 I auditd  : type=1400 audit(0.0:204): avc:  denied  { search } for  comm="camerahalserver" name="data" dev="dm-79" ino=251 scontext=u:r:mtk_hal_camera:s0 tcontext=u:object_r:system_data_file:s0:c512,c768 tclass=dir permissive=0
04-12 20:39:32.340000  1373  1373 I auditd  : type=1400 audit(0.0:205): avc:  denied  { search } for  comm="camerahalserver" name="tmp" dev="dm-79" ino=102 scontext=u:r:mtk_hal_camera:s0 tcontext=u:object_r:shell_data_file:s0 tclass=dir permissive=0
04-12 20:39:32.340000  1373  1373 I auditd  : type=1400 audit(0.0:206): avc:  denied  { search } for  comm="camerahalserver" name="data" dev="dm-79" ino=251 scontext=u:r:mtk_hal_camera:s0 tcontext=u:object_r:system_data_file:s0:c512,c768 tclass=dir permissive=0
04-12 20:39:32.348000  1373  1373 I auditd  : type=1400 audit(0.0:207): avc:  denied  { search } for  comm="camerahalserver" name="tmp" dev="dm-79" ino=102 scontext=u:r:mtk_hal_camera:s0 tcontext=u:object_r:shell_data_file:s0 tclass=dir permissive=0
04-12 20:39:32.348000  1373  1373 I auditd  : type=1400 audit(0.0:208): avc:  denied  { search } for  comm="camerahalserver" name="data" dev="dm-79" ino=251 scontext=u:r:mtk_hal_camera:s0 tcontext=u:object_r:system_data_file:s0:c512,c768 tclass=dir permissive=0
04-12 20:39:32.368000  1373  1373 I auditd  : type=1400 audit(0.0:209): avc:  denied  { search } for  comm="camerahalserver" name="tmp" dev="dm-79" ino=102 scontext=u:r:mtk_hal_camera:s0 tcontext=u:object_r:shell_data_file:s0 tclass=dir permissive=0
04-12 20:39:32.368000  1373  1373 I auditd  : type=1400 audit(0.0:210): avc:  denied  { search } for  comm="camerahalserver" name="data" dev="dm-79" ino=251 scontext=u:r:mtk_hal_camera:s0 tcontext=u:object_r:system_data_file:s0:c512,c768 tclass=dir permissive=0
04-12 20:39:32.376000  1373  1373 I auditd  : type=1400 audit(0.0:211): avc:  denied  { search } for  comm="camerahalserver" name="tmp" dev="dm-79" ino=102 scontext=u:r:mtk_hal_camera:s0 tcontext=u:object_r:shell_data_file:s0 tclass=dir permissive=0
04-12 20:39:32.376000  1373  1373 I auditd  : type=1400 audit(0.0:212): avc:  denied  { search } for  comm="camerahalserver" name="data" dev="dm-79" ino=251 scontext=u:r:mtk_hal_camera:s0 tcontext=u:object_r:system_data_file:s0:c512,c768 tclass=dir permissive=0
04-12 20:39:32.384000  1373  1373 I auditd  : type=1400 audit(0.0:213): avc:  denied  { search } for  comm="camerahalserver" name="tmp" dev="dm-79" ino=102 scontext=u:r:mtk_hal_camera:s0 tcontext=u:object_r:shell_data_file:s0 tclass=dir permissive=0
04-12 20:39:32.384000  1373  1373 I auditd  : type=1400 audit(0.0:214): avc:  denied  { search } for  comm="camerahalserver" name="data" dev="dm-79" ino=251 scontext=u:r:mtk_hal_camera:s0 tcontext=u:object_r:system_data_file:s0:c512,c768 tclass=dir permissive=0
04-12 20:39:32.392000  1373  1373 I auditd  : type=1400 audit(0.0:215): avc:  denied  { search } for  comm="camerahalserver" name="tmp" dev="dm-79" ino=102 scontext=u:r:mtk_hal_camera:s0 tcontext=u:object_r:shell_data_file:s0 tclass=dir permissive=0
04-12 20:39:32.392000  1373  1373 I auditd  : type=1400 audit(0.0:216): avc:  denied  { search } for  comm="camerahalserver" name="data" dev="dm-79" ino=251 scontext=u:r:mtk_hal_camera:s0 tcontext=u:object_r:system_data_file:s0:c512,c768 tclass=dir permissive=0
04-12 20:39:32.404000  1373  1373 I auditd  : type=1400 audit(0.0:217): avc:  denied  { search } for  comm="camerahalserver" name="tmp" dev="dm-79" ino=102 scontext=u:r:mtk_hal_camera:s0 tcontext=u:object_r:shell_data_file:s0 tclass=dir permissive=0
04-12 20:39:32.404000  1373  1373 I auditd  : type=1400 audit(0.0:218): avc:  denied  { search } for  comm="camerahalserver" name="data" dev="dm-79" ino=251 scontext=u:r:mtk_hal_camera:s0 tcontext=u:object_r:system_data_file:s0:c512,c768 tclass=dir permissive=0
04-12 20:39:32.408000  1373  1373 I auditd  : type=1400 audit(0.0:219): avc:  denied  { search } for  comm="camerahalserver" name="tmp" dev="dm-79" ino=102 scontext=u:r:mtk_hal_camera:s0 tcontext=u:object_r:shell_data_file:s0 tclass=dir permissive=0
04-12 20:39:32.408000  1373  1373 I auditd  : type=1400 audit(0.0:220): avc:  denied  { search } for  comm="camerahalserver" name="data" dev="dm-79" ino=251 scontext=u:r:mtk_hal_camera:s0 tcontext=u:object_r:system_data_file:s0:c512,c768 tclass=dir permissive=0
04-12 20:39:32.452000  1373  1373 I auditd  : type=1400 audit(0.0:221): avc:  denied  { read } for  comm="camerahalserver" name="u:object_r:default_prop:s0" dev="tmpfs" ino=238 scontext=u:r:mtk_hal_camera:s0 tcontext=u:object_r:default_prop:s0 tclass=file permissive=0
04-12 20:39:32.460000  1373  1373 I auditd  : type=1400 audit(0.0:222): avc:  denied  { read } for  comm="camerahalserver" name="u:object_r:default_prop:s0" dev="tmpfs" ino=238 scontext=u:r:mtk_hal_camera:s0 tcontext=u:object_r:default_prop:s0 tclass=file permissive=0
04-12 20:39:32.476000  1373  1373 I auditd  : type=1400 audit(0.0:223): avc:  denied  { read } for  comm="camerahalserver" name="u:object_r:default_prop:s0" dev="tmpfs" ino=238 scontext=u:r:mtk_hal_camera:s0 tcontext=u:object_r:default_prop:s0 tclass=file permissive=0
04-12 20:39:32.496000  1373  1373 I auditd  : type=1400 audit(0.0:224): avc:  denied  { getattr } for  comm="binder:1373_2" path="/dev/cpuset/camhalserver_bgRun/cpus" dev="cgroup" ino=189 scontext=u:r:mtk_hal_camera:s0 tcontext=u:object_r:cgroup:s0 tclass=file permissive=0
04-12 20:39:32.616000  1373  1373 I auditd  : type=1400 audit(0.0:225): avc:  denied  { read } for  comm="binder:1373_2" name="u:object_r:transsion_vendor_prop:s0" dev="tmpfs" ino=588 scontext=u:r:mtk_hal_camera:s0 tcontext=u:object_r:transsion_vendor_prop:s0 tclass=file permissive=0
04-12 20:39:32.620000  1373  1373 I auditd  : type=1400 audit(0.0:226): avc:  denied  { read } for  comm="binder:1373_2" name="u:object_r:transsion_vendor_prop:s0" dev="tmpfs" ino=588 scontext=u:r:mtk_hal_camera:s0 tcontext=u:object_r:transsion_vendor_prop:s0 tclass=file permissive=0
04-12 20:39:32.648000  1706  1706 I auditd  : type=1400 audit(0.0:227): avc:  denied  { read } for  comm="system_server" name="u:object_r:vendor_default_prop:s0" dev="tmpfs" ino=607 scontext=u:r:system_server:s0 tcontext=u:object_r:vendor_default_prop:s0 tclass=file permissive=0
04-12 20:39:32.652000  1706  1706 I auditd  : type=1400 audit(0.0:228): avc:  denied  { read } for  comm="system_server" name="u:object_r:vendor_default_prop:s0" dev="tmpfs" ino=607 scontext=u:r:system_server:s0 tcontext=u:object_r:vendor_default_prop:s0 tclass=file permissive=0
04-12 20:39:32.712000  1706  1706 I auditd  : type=1400 audit(0.0:229): avc:  denied  { read } for  comm="system_server" name="u:object_r:vendor_tr_hbm_support_prop:s0" dev="tmpfs" ino=896 scontext=u:r:system_server:s0 tcontext=u:object_r:vendor_tr_hbm_support_prop:s0 tclass=file permissive=0
04-12 20:39:32.712000  1706  1706 I auditd  : type=1400 audit(0.0:230): avc:  denied  { read } for  comm="system_server" name="u:object_r:vendor_tr_hbm_support_prop:s0" dev="tmpfs" ino=896 scontext=u:r:system_server:s0 tcontext=u:object_r:vendor_tr_hbm_support_prop:s0 tclass=file permissive=0
04-12 20:39:32.712000  1706  1706 I auditd  : type=1400 audit(0.0:231): avc:  denied  { read } for  comm="system_server" name="u:object_r:vendor_tr_hbm_support_prop:s0" dev="tmpfs" ino=896 scontext=u:r:system_server:s0 tcontext=u:object_r:vendor_tr_hbm_support_prop:s0 tclass=file permissive=0
04-12 20:39:32.724000  1373  1373 I auditd  : type=1400 audit(0.0:232): avc:  denied  { read } for  comm="binder:1373_2" name="u:object_r:transsion_vendor_prop:s0" dev="tmpfs" ino=588 scontext=u:r:mtk_hal_camera:s0 tcontext=u:object_r:transsion_vendor_prop:s0 tclass=file permissive=0
04-12 20:39:32.724000  1373  1373 I auditd  : type=1400 audit(0.0:233): avc:  denied  { read } for  comm="binder:1373_2" name="u:object_r:transsion_vendor_prop:s0" dev="tmpfs" ino=588 scontext=u:r:mtk_hal_camera:s0 tcontext=u:object_r:transsion_vendor_prop:s0 tclass=file permissive=0
04-12 20:39:32.880000  1706  1706 I auditd  : type=1400 audit(0.0:234): avc:  denied  { read write } for  comm="android.display" name="ensignal" dev="tmpfs" ino=2080 scontext=u:r:system_server:s0 tcontext=u:object_r:ensignal_device:s0 tclass=chr_file permissive=0
04-12 20:39:32.880000  1706  1706 I auditd  : type=1400 audit(0.0:235): avc:  denied  { read write } for  comm="android.display" name="ensignal" dev="tmpfs" ino=2080 scontext=u:r:system_server:s0 tcontext=u:object_r:ensignal_device:s0 tclass=chr_file permissive=0
04-12 20:39:32.914768  1706  1706 I boot_progress_pms_start: 15688
04-12 20:39:33.000000  1706  1706 I auditd  : type=1400 audit(0.0:236): avc:  denied  { read } for  comm="system_server" name="u:object_r:vendor_mtk_debug_sf_cpupolicy_prop:s0" dev="tmpfs" ino=688 scontext=u:r:system_server:s0 tcontext=u:object_r:vendor_mtk_debug_sf_cpupolicy_prop:s0 tclass=file permissive=0
04-12 20:39:33.132058  1706  1706 I boot_progress_pms_system_scan_start: 15906
04-12 20:39:33.208000  1373  1373 I auditd  : type=1400 audit(0.0:237): avc:  denied  { read } for  comm="binder:1373_2" name="u:object_r:transsion_vendor_prop:s0" dev="tmpfs" ino=588 scontext=u:r:mtk_hal_camera:s0 tcontext=u:object_r:transsion_vendor_prop:s0 tclass=file permissive=0
04-12 20:39:33.208000  1373  1373 I auditd  : type=1400 audit(0.0:238): avc:  denied  { read } for  comm="binder:1373_2" name="u:object_r:transsion_vendor_prop:s0" dev="tmpfs" ino=588 scontext=u:r:mtk_hal_camera:s0 tcontext=u:object_r:transsion_vendor_prop:s0 tclass=file permissive=0
04-12 20:39:33.448000  1373  1373 I auditd  : type=1400 audit(0.0:239): avc:  denied  { read } for  comm="binder:1373_2" name="u:object_r:transsion_vendor_prop:s0" dev="tmpfs" ino=588 scontext=u:r:mtk_hal_camera:s0 tcontext=u:object_r:transsion_vendor_prop:s0 tclass=file permissive=0
04-12 20:39:33.448000  1373  1373 I auditd  : type=1400 audit(0.0:240): avc:  denied  { read } for  comm="binder:1373_2" name="u:object_r:transsion_vendor_prop:s0" dev="tmpfs" ino=588 scontext=u:r:mtk_hal_camera:s0 tcontext=u:object_r:transsion_vendor_prop:s0 tclass=file permissive=0
04-12 20:39:33.456000  1373  1373 I auditd  : type=1400 audit(0.0:241): avc:  denied  { read } for  comm="binder:1373_2" name="u:object_r:transsion_vendor_prop:s0" dev="tmpfs" ino=588 scontext=u:r:mtk_hal_camera:s0 tcontext=u:object_r:transsion_vendor_prop:s0 tclass=file permissive=0
04-12 20:39:33.456000  1373  1373 I auditd  : type=1400 audit(0.0:242): avc:  denied  { read } for  comm="binder:1373_2" name="u:object_r:transsion_vendor_prop:s0" dev="tmpfs" ino=588 scontext=u:r:mtk_hal_camera:s0 tcontext=u:object_r:transsion_vendor_prop:s0 tclass=file permissive=0
04-12 20:39:33.464000  1373  1373 I auditd  : type=1400 audit(0.0:243): avc:  denied  { read } for  comm="binder:1373_2" name="u:object_r:transsion_vendor_prop:s0" dev="tmpfs" ino=588 scontext=u:r:mtk_hal_camera:s0 tcontext=u:object_r:transsion_vendor_prop:s0 tclass=file permissive=0
04-12 20:39:33.464000  1373  1373 I auditd  : type=1400 audit(0.0:244): avc:  denied  { read } for  comm="binder:1373_2" name="u:object_r:transsion_vendor_prop:s0" dev="tmpfs" ino=588 scontext=u:r:mtk_hal_camera:s0 tcontext=u:object_r:transsion_vendor_prop:s0 tclass=file permissive=0
04-12 20:39:33.648000  1373  1373 I auditd  : type=1400 audit(0.0:245): avc:  denied  { search } for  comm="binder:1373_2" name="/" dev="sdc9" ino=2 scontext=u:r:mtk_hal_camera:s0 tcontext=u:object_r:persist_data_file:s0 tclass=dir permissive=0
04-12 20:39:33.717046  1706  1706 I pm_critical_info: Skip scanning oobe removed sys package: com.block.juggle
04-12 20:39:33.717078  1706  1706 I pm_critical_info: Skip scanning oobe removed sys package: com.amazon.mShop.android.shopping
04-12 20:39:33.717108  1706  1706 I pm_critical_info: Skip scanning oobe removed sys package: com.afmobi.boomplayer
04-12 20:39:33.724143  1706  1706 I pm_critical_info: Don't skip scanning the sys package which disabled before,  but then installed later: com.instagram.android
04-12 20:39:33.724857  1706  1706 I pm_critical_info: Skip scanning oobe removed sys package: com.transtech.geniex
04-12 20:39:33.729463  1706  1706 I pm_critical_info: Skip scanning oobe removed sys package: com.dada.inputmethod.infinix
04-12 20:39:33.729491  1706  1706 I pm_critical_info: Skip scanning oobe removed sys package: com.amazon.appmanager
04-12 20:39:33.729511  1706  1706 I pm_critical_info: Skip scanning oobe removed sys package: com.kwai.video
04-12 20:39:33.729526  1706  1706 I pm_critical_info: Skip scanning oobe removed sys package: com.transsion.phoenix
04-12 20:39:33.731095  1706  1706 I pm_critical_info: Skip scanning oobe removed sys package: com.shopee.ph
04-12 20:39:33.731121  1706  1706 I pm_critical_info: Skip scanning oobe removed sys package: com.spotify.music
04-12 20:39:33.732635  1706  1706 I pm_critical_info: Skip scanning oobe removed sys package: com.kwai.bulldog
04-12 20:39:33.732660  1706  1706 I pm_critical_info: Skip scanning oobe removed sys package: com.zhiliaoapp.musically.go
04-12 20:39:33.734608  1706  1706 I pm_critical_info: Skip scanning oobe removed sys package: com.ss.android.ugc.trill
04-12 20:39:33.737250  1706  1706 I pm_critical_info: Skip scanning oobe removed sys package: com.zhiliaoapp.musically
04-12 20:39:33.749116  1706  1706 I pm_critical_info: Skip scanning oobe removed sys package: com.infinix.xpark
04-12 20:39:33.758316  1706  1706 I boot_progress_pms_data_scan_start: 16532
04-12 20:39:33.922151  1706  1706 I boot_progress_pms_scan_end: 16696
04-12 20:39:34.178906  1706  1706 I commit_sys_config_file: [package,25]
04-12 20:39:34.178943  1706  1706 I boot_progress_pms_ready: 16952
04-12 20:39:34.188971  1706  1897 I dvm_lock_sample: [system_server,0,PackageManager,645,InstallPackageHelper.java,506,void com.android.server.pm.InstallPackageHelper.handleUpdateOwnerDenyList(com.android.server.pm.PackageSetting),PackageManagerService.java,2763,void com.android.server.pm.PackageManagerService.<init>(com.android.server.pm.PackageManagerServiceInjector, boolean, java.lang.String, boolean, boolean, int, java.lang.String),100]
04-12 20:39:34.194728  1706  1890 I commit_sys_config_file: [package-user-0,16]
04-12 20:39:34.223617  1706  1706 I am_uid_running: 1000
04-12 20:39:34.232000  1706  1706 I auditd  : type=1400 audit(0.0:247): avc:  denied  { read } for  comm="system_server" name="u:object_r:vendor_default_prop:s0" dev="tmpfs" ino=607 scontext=u:r:system_server:s0 tcontext=u:object_r:vendor_default_prop:s0 tclass=file permissive=0
04-12 20:39:34.243325  1706  1706 I am_uid_active: 1000
04-12 20:39:34.251202  1706  1706 I service_manager_stats: [100,6,17025]
04-12 20:39:34.529459  1706  1942 I battery_status: [2,2,1,2,Li-ion]
04-12 20:39:34.530606  1706  1942 I battery_level: [69,3995,273]
04-12 20:39:34.548000  1373  1373 I auditd  : type=1400 audit(0.0:248): avc:  denied  { read } for  comm="binder:1373_2" name="u:object_r:camera_config_prop:s0" dev="tmpfs" ino=191 scontext=u:r:mtk_hal_camera:s0 tcontext=u:object_r:camera_config_prop:s0 tclass=file permissive=0
04-12 20:39:34.556000  1373  1373 I auditd  : type=1400 audit(0.0:249): avc:  denied  { read } for  comm="binder:1373_2" name="u:object_r:transsion_vendor_prop:s0" dev="tmpfs" ino=588 scontext=u:r:mtk_hal_camera:s0 tcontext=u:object_r:transsion_vendor_prop:s0 tclass=file permissive=0
04-12 20:39:34.620000  1373  1373 I auditd  : type=1400 audit(0.0:250): avc:  denied  { read } for  comm="binder:1373_2" name="u:object_r:camera_config_prop:s0" dev="tmpfs" ino=191 scontext=u:r:mtk_hal_camera:s0 tcontext=u:object_r:camera_config_prop:s0 tclass=file permissive=0
04-12 20:39:34.628000  1373  1373 I auditd  : type=1400 audit(0.0:251): avc:  denied  { read } for  comm="binder:1373_2" name="u:object_r:transsion_vendor_prop:s0" dev="tmpfs" ino=588 scontext=u:r:mtk_hal_camera:s0 tcontext=u:object_r:transsion_vendor_prop:s0 tclass=file permissive=0
04-12 20:39:34.714120  1706  1706 I pm_critical_info: setEnabledSettings callingUid = 1000 callingPid = 1706 packageName = com.android.shell componentName = ComponentInfo{com.android.shell/com.android.shell.BugreportStorageProvider} callingPackage= android newState = 1 userId = 0 flags = 0
04-12 20:39:34.716000  1706  1706 I auditd  : type=1400 audit(0.0:252): avc:  denied  { read } for  comm="system_server" name="u:object_r:vendor_default_prop:s0" dev="tmpfs" ino=607 scontext=u:r:system_server:s0 tcontext=u:object_r:vendor_default_prop:s0 tclass=file permissive=0
04-12 20:39:34.788000  1706  1706 I auditd  : type=1400 audit(0.0:253): avc:  denied  { read } for  comm="android.display" name="u:object_r:vendor_default_prop:s0" dev="tmpfs" ino=607 scontext=u:r:system_server:s0 tcontext=u:object_r:vendor_default_prop:s0 tclass=file permissive=0
04-12 20:39:34.807296  1706  2001 I commit_sys_config_file: [settings-4-0,7]
04-12 20:39:34.892741  1706  1706 I wm_task_created: 1
04-12 20:39:34.900000  1706  1706 I auditd  : type=1400 audit(0.0:254): avc:  denied  { read } for  comm="android.ui" name="u:object_r:vendor_default_prop:s0" dev="tmpfs" ino=607 scontext=u:r:system_server:s0 tcontext=u:object_r:vendor_default_prop:s0 tclass=file permissive=0
04-12 20:39:34.900000  1706  1706 I auditd  : type=1400 audit(0.0:255): avc:  denied  { read } for  comm="android.ui" name="u:object_r:vendor_default_prop:s0" dev="tmpfs" ino=607 scontext=u:r:system_server:s0 tcontext=u:object_r:vendor_default_prop:s0 tclass=file permissive=0
04-12 20:39:34.910863  1706  1839 I sysui_multi_action: [757,1594,758,4,759,0,806,NULL]
04-12 20:39:34.916309  1706  1859 I am_wtf  : [0,1706,system_server,-1,SystemServiceRegistry,No service published for: fingerprint]
04-12 20:39:34.917083  1706  1859 I am_wtf  : [0,1706,system_server,-1,SystemServiceRegistry,Manager wrapper not available: fingerprint]
04-12 20:39:34.988000  1706  1706 I auditd  : type=1400 audit(0.0:256): avc:  denied  { read } for  comm="android.bg" name="hwcomposer.mtk_common.so" dev="dm-18" ino=30664064 scontext=u:r:system_server:s0 tcontext=u:object_r:vendor_file:s0 tclass=file permissive=0
04-12 20:39:34.998652  1706  1706 I pm_critical_info: setEnabledSettings callingUid = 1000 callingPid = 1706 packageName = com.google.android.marvin.talkback componentName = ComponentInfo{com.google.android.marvin.talkback/com.google.android.accessibility.accessibilitymenu.AccessibilityMenuService} callingPackage= android newState = 2 userId = 0 flags = 1
04-12 20:39:35.005419  1706  1706 I configuration_changed: 805330424
04-12 20:39:35.012821  1706  1706 I sysui_multi_action: [757,1659,758,4,759,1,1660,0]
04-12 20:39:35.018764   503   503 I auditd  : avc:  denied  { find } for pid=1339 uid=1013 name=media_quality scontext=u:r:mediaserver:s0 tcontext=u:object_r:media_quality_service:s0 tclass=service_manager permissive=0
04-12 20:39:35.032000  1146  1146 I auditd  : type=1400 audit(0.0:257): avc:  denied  { read } for  comm="binder:1146_3" name="u:object_r:vendor_default_prop:s0" dev="tmpfs" ino=607 scontext=u:r:audioserver:s0 tcontext=u:object_r:vendor_default_prop:s0 tclass=file permissive=0
04-12 20:39:35.040000  1146  1146 I auditd  : type=1400 audit(0.0:258): avc:  denied  { read } for  comm="binder:1146_3" name="u:object_r:vendor_default_prop:s0" dev="tmpfs" ino=607 scontext=u:r:audioserver:s0 tcontext=u:object_r:vendor_default_prop:s0 tclass=file permissive=0
04-12 20:39:35.040000  1146  1146 I auditd  : type=1400 audit(0.0:259): avc:  denied  { read } for  comm="binder:1146_3" name="u:object_r:vendor_default_prop:s0" dev="tmpfs" ino=607 scontext=u:r:audioserver:s0 tcontext=u:object_r:vendor_default_prop:s0 tclass=file permissive=0
04-12 20:39:35.040000  1146  1146 I auditd  : type=1400 audit(0.0:260): avc:  denied  { read } for  comm="binder:1146_3" name="u:object_r:vendor_default_prop:s0" dev="tmpfs" ino=607 scontext=u:r:audioserver:s0 tcontext=u:object_r:vendor_default_prop:s0 tclass=file permissive=0
04-12 20:39:35.048000  1146  1146 I auditd  : type=1400 audit(0.0:261): avc:  denied  { read } for  comm="AudioOut_D" name="u:object_r:vendor_default_prop:s0" dev="tmpfs" ino=607 scontext=u:r:audioserver:s0 tcontext=u:object_r:vendor_default_prop:s0 tclass=file permissive=0
04-12 20:39:35.076000  1373  1373 I auditd  : type=1400 audit(0.0:262): avc:  denied  { read } for  comm="binder:1373_2" name="u:object_r:camera_config_prop:s0" dev="tmpfs" ino=191 scontext=u:r:mtk_hal_camera:s0 tcontext=u:object_r:camera_config_prop:s0 tclass=file permissive=0
04-12 20:39:35.086822  1706  1706 I device_idle: [0,boot]
04-12 20:39:35.086848  1706  1706 I device_idle_light: [0,boot]
04-12 20:39:35.092000  1373  1373 I auditd  : type=1400 audit(0.0:263): avc:  denied  { read } for  comm="binder:1373_2" name="u:object_r:transsion_vendor_prop:s0" dev="tmpfs" ino=588 scontext=u:r:mtk_hal_camera:s0 tcontext=u:object_r:transsion_vendor_prop:s0 tclass=file permissive=0
04-12 20:39:35.392000   528   528 I auditd  : type=1400 audit(0.0:264): avc:  denied  { read } for  comm="binder:528_2" name="/" dev="sdc9" ino=2 scontext=u:r:vold:s0 tcontext=u:object_r:persist_data_file:s0 tclass=dir permissive=0
04-12 20:39:35.428000  1373  1373 I auditd  : type=1400 audit(0.0:265): avc:  denied  { read } for  comm="binder:1373_2" name="u:object_r:camera_config_prop:s0" dev="tmpfs" ino=191 scontext=u:r:mtk_hal_camera:s0 tcontext=u:object_r:camera_config_prop:s0 tclass=file permissive=0
04-12 20:39:35.432000  1373  1373 I auditd  : type=1400 audit(0.0:266): avc:  denied  { read } for  comm="binder:1373_2" name="u:object_r:transsion_vendor_prop:s0" dev="tmpfs" ino=588 scontext=u:r:mtk_hal_camera:s0 tcontext=u:object_r:transsion_vendor_prop:s0 tclass=file permissive=0
04-12 20:39:35.436000  1373  1373 I auditd  : type=1400 audit(0.0:267): avc:  denied  { read } for  comm="binder:1373_2" name="u:object_r:camera_config_prop:s0" dev="tmpfs" ino=191 scontext=u:r:mtk_hal_camera:s0 tcontext=u:object_r:camera_config_prop:s0 tclass=file permissive=0
04-12 20:39:35.444000  1373  1373 I auditd  : type=1400 audit(0.0:268): avc:  denied  { read } for  comm="binder:1373_2" name="u:object_r:transsion_vendor_prop:s0" dev="tmpfs" ino=588 scontext=u:r:mtk_hal_camera:s0 tcontext=u:object_r:transsion_vendor_prop:s0 tclass=file permissive=0
04-12 20:39:35.448000  1373  1373 I auditd  : type=1400 audit(0.0:269): avc:  denied  { read } for  comm="binder:1373_2" name="u:object_r:camera_config_prop:s0" dev="tmpfs" ino=191 scontext=u:r:mtk_hal_camera:s0 tcontext=u:object_r:camera_config_prop:s0 tclass=file permissive=0
04-12 20:39:35.587594  1706  1706 I am_uid_running: 10145
04-12 20:39:35.588899  1706  1706 I am_uid_running: 10269
04-12 20:39:35.620647  1706  2153 I notification_cancel_all: [1000,1706,android,0,0,0,20,NULL]
04-12 20:39:35.620724  1706  2153 I notification_cancel_all: [1000,1706,android,0,0,0,20,NULL]
04-12 20:39:35.620750  1706  2153 I notification_cancel_all: [1000,1706,android,0,0,0,20,NULL]
04-12 20:39:35.621647  1706  2153 I notification_cancel_all: [1000,1706,android,0,0,0,20,NULL]
04-12 20:39:35.626563  1706  2155 I storage_state: [41217664-9172-527a-b3d5-edabb50a7d69,0,0,211337191424,235929567232]
04-12 20:39:35.636000  1706  1706 I auditd  : type=1400 audit(0.0:270): avc:  denied  { read } for  comm="system_server" name="u:object_r:vendor_default_prop:s0" dev="tmpfs" ino=607 scontext=u:r:system_server:s0 tcontext=u:object_r:vendor_default_prop:s0 tclass=file permissive=0
04-12 20:39:35.682462  1706  1859 I am_wtf  : [0,1706,system_server,-1,PowerManagerService,Tried to acquire wake lock for invalid display: 0]
04-12 20:39:35.732763  1706  2162 I stream_devices_changed: [3,0,2]
04-12 20:39:35.735217  1706  2162 I stream_devices_changed: [0,0,1]
04-12 20:39:35.735384  1706  2162 I stream_devices_changed: [5,0,2]
04-12 20:39:35.735509  1706  2162 I stream_devices_changed: [4,0,2]
04-12 20:39:35.738562  1706  2162 I stream_devices_changed: [2,0,2]
04-12 20:39:35.792000  1706  1706 I auditd  : type=1400 audit(0.0:271): avc:  denied  { read } for  comm="BiometricServic" name="u:object_r:vendor_default_prop:s0" dev="tmpfs" ino=607 scontext=u:r:system_server:s0 tcontext=u:object_r:vendor_default_prop:s0 tclass=file permissive=0
04-12 20:39:35.819999  1706  2001 I snet_event_log: [35028827,-1,account:Account {name=zxt19950521@gmail.com, type=com.google} provider:subscribedfeeds user:0]
04-12 20:39:35.820120  1706  2001 I snet_event_log: [26513719,-1,Malformed authority]
04-12 20:39:35.822818  1706  1838 I commit_sys_config_file: [notification-policy,3]
04-12 20:39:35.912000  1067  1067 I auditd  : type=1400 audit(0.0:272): avc:  denied  { read } for  comm="android.hardwar" name="u:object_r:virtual_face_prop:s0" dev="tmpfs" ino=928 scontext=u:r:hal_face_default:s0 tcontext=u:object_r:virtual_face_prop:s0 tclass=file permissive=0
04-12 20:39:35.912000  1067  1067 I auditd  : type=1400 audit(0.0:273): avc:  denied  { write } for  comm="android.hardwar" name="property_service" dev="tmpfs" ino=948 scontext=u:r:hal_face_default:s0 tcontext=u:object_r:property_socket:s0 tclass=sock_file permissive=0
04-12 20:39:35.912000  1067  1067 I auditd  : type=1400 audit(0.0:274): avc:  denied  { read } for  comm="android.hardwar" name="u:object_r:virtual_face_prop:s0" dev="tmpfs" ino=928 scontext=u:r:hal_face_default:s0 tcontext=u:object_r:virtual_face_prop:s0 tclass=file permissive=0
04-12 20:39:35.912000  1067  1067 I auditd  : type=1400 audit(0.0:275): avc:  denied  { write } for  comm="android.hardwar" name="property_service" dev="tmpfs" ino=948 scontext=u:r:hal_face_default:s0 tcontext=u:object_r:property_socket:s0 tclass=sock_file permissive=0
04-12 20:39:35.928000  1706  1706 I auditd  : type=1400 audit(0.0:276): avc:  denied  { read } for  comm="PowerManagerSer" name="u:object_r:vendor_default_prop:s0" dev="tmpfs" ino=607 scontext=u:r:system_server:s0 tcontext=u:object_r:vendor_default_prop:s0 tclass=file permissive=0
04-12 20:39:35.932000  1706  1706 I auditd  : type=1400 audit(0.0:277): avc:  denied  { read } for  comm="PowerManagerSer" name="u:object_r:vendor_default_prop:s0" dev="tmpfs" ino=607 scontext=u:r:system_server:s0 tcontext=u:object_r:vendor_default_prop:s0 tclass=file permissive=0
04-12 20:39:35.969681  1706  2001 I commit_sys_config_file: [settings-2-0,1]
04-12 20:39:35.990660  1706  1848 I commit_sys_config_file: [batterystats,2]
04-12 20:39:35.992099  1706  1706 I configuration_changed: 512
04-12 20:39:35.992638  1706  1848 I commit_sys_config_file: [batterystats,0]
04-12 20:39:36.024000  1706  1706 I auditd  : type=1400 audit(0.0:278): avc:  denied  { read } for  comm="system_server" name="u:object_r:vendor_default_prop:s0" dev="tmpfs" ino=607 scontext=u:r:system_server:s0 tcontext=u:object_r:vendor_default_prop:s0 tclass=file permissive=0
04-12 20:39:36.105859  1706  2001 I commit_sys_config_file: [settings-1-0,1]
04-12 20:39:36.171856  1706  1706 I rescue_note: [0,1,18945]
04-12 20:39:36.312000  1706  1706 I auditd  : type=1400 audit(0.0:279): avc:  denied  { read } for  comm="system_server" name="u:object_r:vendor_default_prop:s0" dev="tmpfs" ino=607 scontext=u:r:system_server:s0 tcontext=u:object_r:vendor_default_prop:s0 tclass=file permissive=0
04-12 20:39:36.326377  1706  1860 I am_proc_start: [0,2360,1000,com.transsion.usf,service,{com.transsion.usf/com.transsion.usf.UsfMainService},caller=system/1000]
04-12 20:39:36.378968  1706  2001 I commit_sys_config_file: [settings-1-0,2]
04-12 20:39:36.400248  1706  1940 I am_proc_bound: [0,2360,com.transsion.usf]
04-12 20:39:36.400000  2360  2360 I auditd  : type=1400 audit(0.0:280): avc:  denied  { read write } for  comm="re-initialized>" name="ensignal" dev="tmpfs" ino=2080 scontext=u:r:system_app:s0 tcontext=u:object_r:ensignal_device:s0 tclass=chr_file permissive=0
04-12 20:39:36.400000  2360  2360 I auditd  : type=1400 audit(0.0:281): avc:  denied  { read write } for  comm="re-initialized>" name="ensignal" dev="tmpfs" ino=2080 scontext=u:r:system_app:s0 tcontext=u:object_r:ensignal_device:s0 tclass=chr_file permissive=0
04-12 20:39:36.436000  1706  1706 I auditd  : type=1400 audit(0.0:282): avc:  denied  { read } for  comm="system_server" name="u:object_r:vendor_default_prop:s0" dev="tmpfs" ino=607 scontext=u:r:system_server:s0 tcontext=u:object_r:vendor_default_prop:s0 tclass=file permissive=0
04-12 20:39:36.478391  1706  1706 I boot_progress_ams_ready: 19252
04-12 20:39:36.480000  2360  2360 I auditd  : type=1400 audit(0.0:283): avc:  denied  { map } for  comm="m.transsion.usf" path="/dev/__properties__/u:object_r:vendor_irtx_prop:s0" dev="tmpfs" ino=614 scontext=u:r:system_app:s0 tcontext=u:object_r:vendor_irtx_prop:s0 tclass=file permissive=0
04-12 20:39:36.480000  2360  2360 I auditd  : type=1400 audit(0.0:284): avc:  denied  { read } for  comm="m.transsion.usf" name="u:object_r:qemu_hw_prop:s0" dev="tmpfs" ino=396 scontext=u:r:system_app:s0 tcontext=u:object_r:qemu_hw_prop:s0 tclass=file permissive=0
04-12 20:39:36.482509  1706  1706 I configuration_changed: 268468480
04-12 20:39:36.538322  1706  1706 I thermal_changed: [CPU,0,66.044998,0,0]
04-12 20:39:36.538348  1706  1706 I thermal_changed: [GPU,1,66.044998,0,0]
04-12 20:39:36.538354  1706  1706 I thermal_changed: [BATTERY,2,27.200001,0,0]
04-12 20:39:36.538359  1706  1706 I thermal_changed: [SKIN,3,32.039001,0,0]
04-12 20:39:36.538363  1706  1706 I thermal_changed: [POWER_AMPLIFIER,5,31.070999,0,0]
04-12 20:39:36.538367  1706  1706 I thermal_changed: [NPU,9,64.873001,0,0]
04-12 20:39:36.538370  1706  1706 I thermal_changed: [TPU,10,64.873001,0,0]
04-12 20:39:36.538373  1706  1706 I thermal_changed: [SOC,13,64.873001,0,0]
04-12 20:39:36.544000  1706  1706 I auditd  : type=1400 audit(0.0:285): avc:  denied  { read } for  comm="system_server" name="u:object_r:vendor_default_prop:s0" dev="tmpfs" ino=607 scontext=u:r:system_server:s0 tcontext=u:object_r:vendor_default_prop:s0 tclass=file permissive=0
04-12 20:39:36.560000  1706  1706 I auditd  : type=1400 audit(0.0:286): avc:  denied  { read } for  comm="system_server" name="u:object_r:vendor_default_prop:s0" dev="tmpfs" ino=607 scontext=u:r:system_server:s0 tcontext=u:object_r:vendor_default_prop:s0 tclass=file permissive=0
04-12 20:39:36.575115  1706  1839 I configuration_changed: 256
04-12 20:39:36.670643  1706  1706 I configuration_changed: 268435456
04-12 20:39:36.683850  1706  2131 I commit_sys_config_file: [net-policy,1]
04-12 20:39:36.717413  1706  2085 I am_uid_running: 1037
04-12 20:39:36.728317  1706  1860 I am_proc_start: [0,2462,1037,WebViewLoader-arm64-v8a,,]
04-12 20:39:36.732669  1706  2130 I netstats_mobile_sample: [0,0,0,0,0,0,0,0,1775997576732]
04-12 20:39:36.732680  1706  2130 I netstats_wifi_sample: [0,0,0,0,0,0,0,0,1775997576732]
04-12 20:39:36.743928  1706  2142 I service_manager_slow: [12,isub]
04-12 20:39:36.746712  1706  2130 I netstats_mobile_sample: [0,0,0,0,0,0,0,0,1775997576746]
04-12 20:39:36.746981  1706  2130 I netstats_wifi_sample: [0,0,0,0,0,0,0,0,1775997576746]
04-12 20:39:36.760004  1706  1940 I am_proc_bound: [0,2462,WebViewLoader-arm64-v8a]
04-12 20:39:36.762129  1706  1940 I am_uid_active: 1037
04-12 20:39:36.836764  1706  1990 I dvm_lock_sample: [system_server,1,appscheduling.default,19,FlexibilityController.java,1096,void com.android.server.job.controllers.FlexibilityController$FcHandler.handleMessage(android.os.Message),QuotaController.java,821,boolean com.android.server.job.controllers.QuotaController.isUidInForeground(int),3]
04-12 20:39:36.838827  1706  1796 I am_uid_stopped: 1037
04-12 20:39:36.849109  1706  1796 I am_proc_died: [0,2462,WebViewLoader-arm64-v8a,-700,0]
04-12 20:39:36.849151  1706  1796 I am_low_memory: 2
04-12 20:39:36.867327  1706  1848 I netstats_mobile_sample: [0,0,0,0,0,0,0,0,1775997576867]
04-12 20:39:36.867386  1706  1848 I netstats_wifi_sample: [0,0,0,0,0,0,0,0,1775997576867]
04-12 20:39:36.869004  1706  1706 I am_uid_running: 1073
04-12 20:39:36.875906  1706  1706 I ssm_user_starting: 0
04-12 20:39:36.879112  1706  1860 I am_proc_start: [0,2519,1073,com.android.networkstack.process,service,{com.google.android.networkstack/com.android.server.NetworkStackService},caller=system/1000]
04-12 20:39:36.891397  1706  1860 I am_proc_start: [0,2528,1000,com.transsion.sru,service,{com.transsion.sru/com.transsion.sru.service.SRUService},caller=system/1000]
04-12 20:39:36.895824  1706  1796 I am_proc_bound: [0,2519,com.android.networkstack.process]
04-12 20:39:36.897658  1706  1796 I am_uid_active: 1073
04-12 20:39:36.896000  2519  2519 I auditd  : type=1400 audit(0.0:287): avc:  denied  { read write } for  comm="re-initialized>" name="ensignal" dev="tmpfs" ino=2080 scontext=u:r:network_stack:s0 tcontext=u:object_r:ensignal_device:s0 tclass=chr_file permissive=0
04-12 20:39:36.896000  2519  2519 I auditd  : type=1400 audit(0.0:288): avc:  denied  { read write } for  comm="re-initialized>" name="ensignal" dev="tmpfs" ino=2080 scontext=u:r:network_stack:s0 tcontext=u:object_r:ensignal_device:s0 tclass=chr_file permissive=0
04-12 20:39:36.900000  2519  2519 I auditd  : type=1400 audit(0.0:289): avc:  denied  { search } for  comm="binder:2519_2" name="/" dev="sdc87" ino=2 scontext=u:r:network_stack:s0 tcontext=u:object_r:tranfs_file:s0 tclass=dir permissive=0
04-12 20:39:36.910410  1706  1796 I am_proc_bound: [0,2528,com.transsion.sru]
04-12 20:39:36.908000  2528  2528 I auditd  : type=1400 audit(0.0:290): avc:  denied  { read write } for  comm="re-initialized>" name="ensignal" dev="tmpfs" ino=2080 scontext=u:r:system_app:s0 tcontext=u:object_r:ensignal_device:s0 tclass=chr_file permissive=0
04-12 20:39:36.908000  2528  2528 I auditd  : type=1400 audit(0.0:291): avc:  denied  { read write } for  comm="re-initialized>" name="ensignal" dev="tmpfs" ino=2080 scontext=u:r:system_app:s0 tcontext=u:object_r:ensignal_device:s0 tclass=chr_file permissive=0
04-12 20:39:36.948000  2528  2528 I auditd  : type=1400 audit(0.0:292): avc:  denied  { map } for  comm="m.transsion.sru" path="/dev/__properties__/u:object_r:vendor_irtx_prop:s0" dev="tmpfs" ino=614 scontext=u:r:system_app:s0 tcontext=u:object_r:vendor_irtx_prop:s0 tclass=file permissive=0
04-12 20:39:36.954291  1706  2001 I commit_sys_config_file: [settings-0-0,2]
04-12 20:39:36.948000  2528  2528 I auditd  : type=1400 audit(0.0:293): avc:  denied  { read } for  comm="m.transsion.sru" name="u:object_r:qemu_hw_prop:s0" dev="tmpfs" ino=396 scontext=u:r:system_app:s0 tcontext=u:object_r:qemu_hw_prop:s0 tclass=file permissive=0
04-12 20:39:36.990164  1706  1795 I am_proc_died: [0,2528,com.transsion.sru,0,6]
04-12 20:39:36.990180  1706  1795 I am_low_memory: 3
04-12 20:39:37.019251  1706  2091 I am_uid_running: 1002
04-12 20:39:37.028389  1706  1860 I am_proc_start: [0,2570,1002,com.android.bluetooth,service,{com.android.bluetooth/com.android.bluetooth.btservice.AdapterService},caller=system/1000]
04-12 20:39:37.033216  1706  1706 I um_user_visibility_changed: [0,1]
04-12 20:39:37.033762  1706  1706 I am_uid_running: 1001
04-12 20:39:37.035955  1706  1706 I am_uid_running: 1068
04-12 20:39:37.037114  1706  1706 I am_uid_running: 10146
04-12 20:39:37.055431  1706  1706 I am_uid_running: 10199
04-12 20:39:37.078242  1706  1706 I wm_task_created: 2
04-12 20:39:37.091911  1706  1706 I wm_task_moved: [2,1,0,1,2147483647]
04-12 20:39:37.093614  1706  1706 I wm_task_moved: [1,1,0,1,0]
04-12 20:39:37.093636  1706  1706 I wm_task_to_front: [0,2,0]
04-12 20:39:37.094901  1706  1706 I wm_create_task: [0,2,1,0]
04-12 20:39:37.094919  1706  1706 I wm_create_activity: [0,142837220,2,com.transsion.launcher3/com.android.launcher3.uioverrides.QuickstepLauncher,android.intent.action.MAIN,NULL,NULL,268435712]
04-12 20:39:37.094964  1706  1706 I wm_task_moved: [1,1,0,1,0]
04-12 20:39:37.094974  1706  1706 I wm_task_moved: [2,1,0,1,2147483647]
04-12 20:39:37.099024  1706  1706 I uc_send_user_broadcast: [0,android.intent.action.USER_STARTED]
04-12 20:39:37.099556  1706  1706 I uc_send_user_broadcast: [0,android.intent.action.USER_STARTING]
04-12 20:39:37.100440  1706  1706 I uc_send_user_broadcast: [0,android.intent.action.USER_FOREGROUND]
04-12 20:39:37.100588  1706  1706 I uc_send_user_broadcast: [0,android.intent.action.USER_SWITCHED]
04-12 20:39:37.102532  1706  1860 I am_proc_start: [0,2579,1001,com.android.phone,added application,com.android.phone]
04-12 20:39:37.113291  1706  1795 I am_proc_bound: [0,2579,com.android.phone]
04-12 20:39:37.115702  1706  1795 I am_uid_active: 1001
04-12 20:39:37.116000  2579  2579 I auditd  : type=1400 audit(0.0:294): avc:  denied  { read write } for  comm="re-initialized>" name="ensignal" dev="tmpfs" ino=2080 scontext=u:r:radio:s0 tcontext=u:object_r:ensignal_device:s0 tclass=chr_file permissive=0
04-12 20:39:37.116000  2579  2579 I auditd  : type=1400 audit(0.0:295): avc:  denied  { read write } for  comm="re-initialized>" name="ensignal" dev="tmpfs" ino=2080 scontext=u:r:radio:s0 tcontext=u:object_r:ensignal_device:s0 tclass=chr_file permissive=0
04-12 20:39:37.121557  1706  1839 I am_uid_running: 10148
04-12 20:39:37.131320  1706  1860 I am_proc_start: [0,2612,1001,com.mediatek.ims,added application,com.mediatek.ims]
04-12 20:39:37.139295  1706  2568 I am_proc_bound: [0,2570,com.android.bluetooth]
04-12 20:39:37.143564  1706  2568 I am_proc_bound: [0,2612,com.mediatek.ims]
04-12 20:39:37.148000  2612  2612 I auditd  : type=1400 audit(0.0:296): avc:  denied  { read write } for  comm="re-initialized>" name="ensignal" dev="tmpfs" ino=2080 scontext=u:r:radio:s0 tcontext=u:object_r:ensignal_device:s0 tclass=chr_file permissive=0
04-12 20:39:37.148000  2612  2612 I auditd  : type=1400 audit(0.0:297): avc:  denied  { read write } for  comm="re-initialized>" name="ensignal" dev="tmpfs" ino=2080 scontext=u:r:radio:s0 tcontext=u:object_r:ensignal_device:s0 tclass=chr_file permissive=0
04-12 20:39:37.156000  2570  2570 I auditd  : type=1400 audit(0.0:298): avc:  denied  { read write } for  comm="re-initialized>" name="ensignal" dev="tmpfs" ino=2080 scontext=u:r:bluetooth:s0 tcontext=u:object_r:ensignal_device:s0 tclass=chr_file permissive=0
04-12 20:39:37.156000  2570  2570 I auditd  : type=1400 audit(0.0:299): avc:  denied  { read write } for  comm="re-initialized>" name="ensignal" dev="tmpfs" ino=2080 scontext=u:r:bluetooth:s0 tcontext=u:object_r:ensignal_device:s0 tclass=chr_file permissive=0
04-12 20:39:37.174678  1706  1860 I am_proc_start: [0,2641,1068,com.android.se,added application,com.android.se]
04-12 20:39:37.195391  1706  1860 I am_proc_start: [0,2658,1000,com.transsion.tranradionet,added application,com.transsion.tranradionet]
04-12 20:39:37.209191  1706  2265 I am_proc_bound: [0,2641,com.android.se]
04-12 20:39:37.210693  1706  2265 I am_uid_active: 1068
04-12 20:39:37.212000  2641  2641 I auditd  : type=1400 audit(0.0:300): avc:  denied  { search } for  comm="binder:2641_2" name="/" dev="sdc87" ino=2 scontext=u:r:secure_element:s0:c44,c260,c512,c768 tcontext=u:object_r:tranfs_file:s0 tclass=dir permissive=0
04-12 20:39:37.212000  2641  2641 I auditd  : type=1400 audit(0.0:301): avc:  denied  { read write } for  comm="re-initialized>" name="ensignal" dev="tmpfs" ino=2080 scontext=u:r:secure_element:s0:c44,c260,c512,c768 tcontext=u:object_r:ensignal_device:s0 tclass=chr_file permissive=0
