04-12 20:39:38.592894  2579  3036 I RILJ    : SmsBroadcastConfigInfo: Id [4355,4355] Code [0,255] DISABLED [PHONE0]
04-12 20:39:38.592899  2579  3036 I RILJ    : SmsBroadcastConfigInfo: Id [4356,4356] Code [0,255] ENABLED [PHONE0]
04-12 20:39:38.592903  2579  3036 I RILJ    : SmsBroadcastConfigInfo: Id [4370,4379] Code [0,255] ENABLED [PHONE0]
04-12 20:39:38.592908  2579  3036 I RILJ    : SmsBroadcastConfigInfo: Id [4380,4382] Code [0,255] DISABLED [PHONE0]
04-12 20:39:38.592925  2579  3036 I RILJ    : SmsBroadcastConfigInfo: Id [4383,4392] Code [0,255] ENABLED [PHONE0]
04-12 20:39:38.592935  2579  3036 I RILJ    : SmsBroadcastConfigInfo: Id [4393,4395] Code [0,255] DISABLED [PHONE0]
04-12 20:39:38.593607  1284  1694 D RtmGsmSmsCtrl: [0] SMS Md isn't ready yet. queue RFX_MSG_REQUEST_GSM_SET_BROADCAST_SMS_CONFIG
04-12 20:39:38.608615  2579  2579 D ImsStateCallbackController: ImsStateCallbackController created
04-12 20:39:38.611261  2579  2579 D ImsStateCallbackController: updateFeatures: oldSlots=0, newNumSlots=2
04-12 20:39:38.613766  1706  2568 W TelephonyRegistry: Pid 2579 has exceeded half the number of permissible registered listeners. Now at 70
04-12 20:39:38.613810  1706  2568 D TelephonyRegistry: listen oscl: mHasNotifySubscriptionInfoChangedOccurred==false no callback
04-12 20:39:38.617440  2579  2579 D RcsStats: created Callback
04-12 20:39:38.617475  2579  2579 D RcsStats: UceStatsWriterCallback created.
04-12 20:39:38.618242  2579  3304 D ImsStateCallbackController: onExternalRcsStateChanged slotId=0, state=UNAVAILABLE, reason=NO_IMS_SERVICE_CONFIGURED
04-12 20:39:38.618303  2579  3304 D ImsStateCallbackController: onExternalRcsStateChanged slotId=1, state=UNAVAILABLE, reason=NO_IMS_SERVICE_CONFIGURED
04-12 20:39:38.620166  2579  2579 I ImsProvisioningController: ImsProvisioningController created
04-12 20:39:38.620618  2579  2579 D ImsProvisioningController: ImsProvisioningController
04-12 20:39:38.621606  1706  2568 W TelephonyRegistry: Pid 2579 has exceeded half the number of permissible registered listeners. Now at 71
04-12 20:39:38.621636  1706  2568 D TelephonyRegistry: listen oscl: mHasNotifySubscriptionInfoChangedOccurred==false no callback
04-12 20:39:38.621842  2579  2579 D ImsProvisioningController: MmTelFeatureListener[0] created
04-12 20:39:38.623438  2579  2579 D ImsProvisioningController: RcsFeatureListener[0] created
04-12 20:39:38.623695  2579  2579 D ImsProvisioningController: ProvisioningCallbackManager[0] ProvisioningCallbackManager create
04-12 20:39:38.623714  2579  2579 D ImsProvisioningController: MmTelFeatureListener[1] created
04-12 20:39:38.623851  2579  2579 D ImsProvisioningController: RcsFeatureListener[1] created
04-12 20:39:38.624263  2579  2579 D ImsProvisioningController: ProvisioningCallbackManager[1] ProvisioningCallbackManager create
04-12 20:39:38.627864  1706  2853 W TelephonyRegistry: Pid 2579 has exceeded half the number of permissible registered listeners. Now at 72
04-12 20:39:38.629227  1706  2853 D TelephonyRegistry: listen oscl: mHasNotifySubscriptionInfoChangedOccurred==false no callback
04-12 20:39:38.634852  2579  2579 D CallManager: registerForMmiComplete
04-12 20:39:38.647101  1706  2265 W TelephonyRegistry: Pid 2579 has exceeded half the number of permissible registered listeners. Now at 73
04-12 20:39:38.647645  1706  2265 W TelephonyRegistry: Pid 2579 has exceeded half the number of permissible registered listeners. Now at 74
04-12 20:39:38.653783  1706  2811 D TelephonyRegistry: listen oscl: mHasNotifySubscriptionInfoChangedOccurred==false no callback
04-12 20:39:38.684302  1706  1940 W TelephonyRegistry: Pid 2579 has exceeded half the number of permissible registered listeners. Now at 75
04-12 20:39:38.684357  1706  1940 D TelephonyRegistry: listen oscl: mHasNotifySubscriptionInfoChangedOccurred==false no callback
04-12 20:39:38.689080  1706  1940 W TelephonyRegistry: Pid 2579 has exceeded half the number of permissible registered listeners. Now at 76
04-12 20:39:38.729607  2579  2579 D MtkCdmaInboundSmsHandler-1: StartupState.enter: entering StartupState
04-12 20:39:38.729616  2579  2579 D MtkGsmInboundSmsHandler-1: StartupState.enter: entering StartupState
04-12 20:39:38.729625  2579  2579 D MtkCdmaInboundSmsHandler-0: StartupState.enter: entering StartupState
04-12 20:39:38.729630  2579  2579 D MtkGsmInboundSmsHandler-0: StartupState.enter: entering StartupState
04-12 20:39:38.731433  2579  2579 D TDC     : handleMessage: received EVENT_HARDWARE_CONFIG_CHANGED
04-12 20:39:38.731470  2579  2579 D TDC     : class = class com.mediatek.internal.telephony.MtkTelephonyDevController
04-12 20:39:38.731532  2579  2579 D TDC     : updateOrInsert: inserting: Modem { uuid=modem_sys1_ps0_nr1, state=0, rilModel=0, rat={}, maxActiveVoiceCall=1, maxActiveDataCall=1, maxStandby=2 }
04-12 20:39:38.731559  2579  2579 D TDC     : updateOrInsert: inserting: Sim { uuid=modem_sys1_ps0_nr1, modemUuid=modem_sys1_ps0_nr1, state=0 }
04-12 20:39:38.731571  2579  2579 D TDC     : handleMessage: received EVENT_HARDWARE_CONFIG_CHANGED
04-12 20:39:38.731580  2579  2579 D TDC     : class = class com.mediatek.internal.telephony.MtkTelephonyDevController
04-12 20:39:38.731591  2579  2579 D TDC     : updateOrInsert: inserting: Modem { uuid=modem_sys1_ps1_nr1, state=0, rilModel=0, rat={}, maxActiveVoiceCall=1, maxActiveDataCall=1, maxStandby=2 }
04-12 20:39:38.731600  2579  2579 D TDC     : updateOrInsert: inserting: Sim { uuid=modem_sys1_ps1_nr1, modemUuid=modem_sys1_ps1_nr1, state=0 }
04-12 20:39:38.731605  2579  2579 D TDC     : handleMessage: received EVENT_HARDWARE_CONFIG_CHANGED
04-12 20:39:38.731611  2579  2579 D TDC     : class = class com.mediatek.internal.telephony.MtkTelephonyDevController
04-12 20:39:38.731619  2579  2579 D TDC     : updateOrInsert: removing: Modem { uuid=modem_sys1_ps1_nr1, state=0, rilModel=0, rat={}, maxActiveVoiceCall=1, maxActiveDataCall=1, maxStandby=2 }
04-12 20:39:38.731624  2579  2579 D TDC     : updateOrInsert: inserting: Modem { uuid=modem_sys1_ps1_nr1, state=0, rilModel=0, rat={}, maxActiveVoiceCall=1, maxActiveDataCall=1, maxStandby=2 }
04-12 20:39:38.731629  2579  2579 D TDC     : updateOrInsert: removing: Sim { uuid=modem_sys1_ps1_nr1, modemUuid=modem_sys1_ps1_nr1, state=0 }
04-12 20:39:38.731632  2579  2579 D TDC     : updateOrInsert: inserting: Sim { uuid=modem_sys1_ps1_nr1, modemUuid=modem_sys1_ps1_nr1, state=0 }
04-12 20:39:38.731698  2579  2579 I RadioManager: sendEvent: EVENT_RADIO_AVAILABLE
04-12 20:39:38.731757  2579  2579 I RadioManager: sendEvent: EVENT_RADIO_AVAILABLE
04-12 20:39:38.732348  2579  2579 I RILJ    : [0042]> GET_SIM_STATUS [PHONE0]
04-12 20:39:38.732796  2579  2579 D RadioConfig: [0043]> GET_SLOT_STATUS
04-12 20:39:38.732831  1284  1719 I AT      : SEND MSGID=050f [SIM_STATUS_REQ], TXID=0169 [RFXSender_6], DUMP=841954240000000001000F05690108000001010001000000
04-12 20:39:38.732915  1284  1284 D RadioConfig_service: RadioConfig::getSimSlotsStatus
04-12 20:39:38.733284  2579  2949 I RadioManager: processMessage: EVENT_RADIO_AVAILABLE
04-12 20:39:38.733704  1284  1719 I AT      : SEND MSGID=053b [SIM_GET_EUICC_SLOTS_STATUS_REQ], TXID=016a [RFXSender_6], DUMP=841954240000000001003B056A010000
04-12 20:39:38.733731  2579  2949 I RadioManager: processMessage: EVENT_RADIO_AVAILABLE
04-12 20:39:38.737104  2579  2579 I RILJ    : [0044]> GET_SIM_STATUS [PHONE1]
04-12 20:39:38.739004  1284  1732 I AT      : SEND MSGID=050f [SIM_STATUS_REQ], TXID=016b [RFXSender_18], DUMP=841954240000000002000F056B0108000001010001000000
04-12 20:39:38.741525  1284  1677 I AT      : RECV MSGID=0510 [SIM_STATUS_CNF], TXID=0169, DUMP=84195424000000000102100569010801000004000300000000010100000000000101010000000000020101000000000003010100000000000401010000000000050101000000000006010100FF00000007010100FF00000008010100FF00000009010100000000000C8115002A2A2A2A2A2A2A2A2A2A2A2A2A2A2A2A2A2A2A2A2A000000000000000D8150002A2A2A2A2A2A2A2A2A2A2A2A2A2A2A2A2A2A2A2A2A2A2A2A2A2A2A2A2A2A2A2A2A2A2A2A2A2A2A2A2A2A2A2A2A2A2A2A2A2A2A2A2A2A2A2A2A2A2A2A2A2A2A2A2A2A2A2A2A2A2A2A2A2A2A2A2A2A2A2A000000000E010100000000000F0101000000000010010100000000001101010000000000120101000000000014010100000000001501010000000000
04-12 20:39:38.741779  1284  1677 I AT      : RECV MSGID=0510 [SIM_STATUS_CNF], TXID=016b, DUMP=8419542400000000020210056B010801000004000300000000010100000000000101010001000000020101000100000003010100000000000401010000000000050101000000000006010100FF00000007010100FF00000008010100FF00000009010100000000000C8115002A2A2A2A2A2A2A2A2A2A2A2A2A2A2A2A2A2A2A2A2A000000000000000D8150002A2A2A2A2A2A2A2A2A2A2A2A2A2A2A2A2A2A2A2A2A2A2A2A2A2A2A2A2A2A2A2A2A2A2A2A2A2A2A2A2A2A2A2A2A2A2A2A2A2A2A2A2A2A2A2A2A2A2A2A2A2A2A2A2A2A2A2A2A2A2A2A2A2A2A2A2A2A2A2A000000000E010100000000000F0101000000000010010100000000001101010000000000120101000000000014010100010000001501010000000000
04-12 20:39:38.742497  1284  1677 I AT      : RECV MSGID=053c [SIM_GET_EUICC_SLOTS_STATUS_CNF], TXID=016a, DUMP=841954240000000001023C056A01E0030000040000000000000101000200000001813A012A2A2A2A2A2A2A2A2A2A2A2A2A2A2A2A2A2A2A2A2A2A2A2A2A2A2A2A2A2A2A2A2A2A2A2A2A2A2A2A2A2A2A2A2A2A2A2A2A2A2A2A2A2A2A2A2A2A2A2A2A2A2A2A2A2A2A2A2A2A2A2A2A2A2A2A2A2A2A2A2A2A2A2A2A2A2A2A2A2A2A2A2A2A2A2A2A2A2A2A2A2A2A2A2A2A2A2A2A2A2A2A2A2A2A2A2A2A2A2A2A2A2A2A2A2A2A2A2A2A2A2A2A2A2A2A2A2A2A2A2A2A2A2A2A2A2A2A2A2A2A2A2A2A2A2A2A2A2A2A2A2A2A2A2A2A2A2A2A2A2A2A2A2A2A2A2A2A2A2A2A2A2A2A2A2A2A2A2A2A2A2A2A2A2A2A2A2A2A2A2A2A2A2A2A2A2A2A2A2A2A2A2A2A2A2A2A2A2A2A2A2A2A2A2A2A2A2A2A2A2A2A2A2A2A2A2A2A2A2A2A2A2A2A2A2A2A2A2A2A2A2A2A2A2A2A2A2A2A2A2A2A2A2A2A2A2A2A2A2A2A2A2A2A2A2A2A2A2A2A2A2A2A2A2A2A2A2A2A2A2A2A2A2A2A2A2A2A2A2A2A2A2A2A2A2A2A2A2A2A2A2A2A2A0000020100000000000000000000FA7F0200FA7F010000000000FB7F010000000000030100000000000000000000F87F0200F87F010001000000F97F010001000000040100000000000000000000F67F0200F67F010000000000F77F010001000000058100002A2A2A2A2A2A2A2A2A2A2A2AF4FF01002A000000F5FF01002A000
04-12 20:39:38.748889  1284  1732 I RmmSimCommReq: [1] handleGetSimStatusResponse, token:48, result:3,state:0,pin:0,appindex:-1,-1,-1, atr:80,, icid:21,, eid:0,(null), mepMode:0
04-12 20:39:38.751086  1284  1719 I RmmSimCommReq: [0] handleGetSimStatusResponse, token:46, result:3,state:0,pin:0,appindex:-1,-1,-1, atr:80,, icid:21,, eid:0,(null), mepMode:0
04-12 20:39:38.751289  1284  1694 D RadioConfig_service: getSimSlotsStatusResponse: response
04-12 20:39:38.751297  1284  1694 D RadioConfig_service: radioConfigServiceImpl.configResponse != NULL
04-12 20:39:38.751746  2579  2603 D RadioConfigResponseAidl: [0043]< GET_SLOT_STATUS [IccSlotStatus {CARDSTATE_ABSENT,atr=,eid=,num_ports=1, IccSimPortInfo-0{iccid=,logicalSlotIndex=0,portActive=true}, SupportedMepMode=NONE}, IccSlotStatus {CARDSTATE_ABSENT,atr=,eid=,num_ports=1, IccSimPortInfo-0{iccid=,logicalSlotIndex=1,portActive=true}, SupportedMepMode=NONE}]
04-12 20:39:38.754658  2579  2579 I RILJ    : [0045]> GET_SIM_STATUS [PHONE0]
04-12 20:39:38.755055  1284  1719 I AT      : SEND MSGID=050f [SIM_STATUS_REQ], TXID=016c [RFXSender_6], DUMP=841954240000000001000F056C0108000001010001000000
04-12 20:39:38.755263  2579  2579 D RadioConfig: [0046]> GET_SLOT_STATUS
04-12 20:39:38.755340  1284  1284 D RadioConfig_service: RadioConfig::getSimSlotsStatus
04-12 20:39:38.755661  1284  1719 I AT      : SEND MSGID=053b [SIM_GET_EUICC_SLOTS_STATUS_REQ], TXID=016d [RFXSender_6], DUMP=841954240000000001003B056D010000
04-12 20:39:38.756954  2579  2579 D MTK_SMSVC: triggerUpdateInternalSimMountState slotId 0
04-12 20:39:38.758139  2579  2579 I RILJ    : [0047]> GET_SIM_STATUS [PHONE1]
04-12 20:39:38.758495  1284  1732 I AT      : SEND MSGID=050f [SIM_STATUS_REQ], TXID=016e [RFXSender_18], DUMP=841954240000000002000F056E0108000001010001000000
04-12 20:39:38.759510  2579  2579 D MTK_SMSVC: triggerUpdateInternalSimMountState slotId 1
04-12 20:39:38.759569  2579  2579 E MtkUiccCtrl: SIM_TYPE info incorrect index
04-12 20:39:38.759586  2579  2579 D SMSVC   : Subscription database has been initialized.
04-12 20:39:38.759610  2579  2579 D SMSVC   : markSubscriptionsInactive: slot 0
04-12 20:39:38.760456  2579  2579 D SMSVC   : markSubscriptionsInactive: current mapping []
04-12 20:39:38.760503  2579  2579 D SMSVC   : markSubscriptionsInactive: slot 1
04-12 20:39:38.760564  2579  2579 D SMSVC   : markSubscriptionsInactive: current mapping []
04-12 20:39:38.760622  2579  2579 D MTK_SMSVC: mIsUpdateAvailable[0] = false
04-12 20:39:38.760634  2579  2579 D MTK_SMSVC: checkIsAvailable result = false
04-12 20:39:38.760714  2579  2579 D MTK_SMSVC: handleMessage : <EVENT_RADIO_AVAILABLE> SIM1
04-12 20:39:38.760727  2579  2579 D MTK_SMSVC: mIsUpdateAvailable[1] = false
04-12 20:39:38.760732  2579  2579 D MTK_SMSVC: checkIsAvailable result = false
04-12 20:39:38.760739  2579  2579 D MTK_SMSVC: handleMessage : <EVENT_RADIO_AVAILABLE> SIM2
04-12 20:39:38.760745  2579  2579 D MTK_SMSVC: checkIsAvailable result = true
04-12 20:39:38.760752  2579  2579 D MTK_SMSVC: checkAllIccIdReady +, retry_count = 0
04-12 20:39:38.761028  2579  2579 D MTK_SMSVC: No SIM insert :0
04-12 20:39:38.761060  2579  2579 D MTK_SMSVC: iccId[0] = N/A
04-12 20:39:38.761152  2579  2579 D MTK_SMSVC: No SIM insert :1
04-12 20:39:38.761163  2579  2579 D MTK_SMSVC: iccId[1] = N/A
04-12 20:39:38.761243  2579  2579 D MtkGsmCdmaPhone: EVENT_ICC_CHANGED, phone id = 0, result = null
04-12 20:39:38.761323  2579  2579 E GsmCdmaPhone: [0] reapplyUiccAppsEnablementIfNeeded: slot state=null
04-12 20:39:38.761351  2579  2579 E GsmCdmaPhone: [0] reapplyUiccAppsEnablementIfNeeded(), slot is null ,mUiccApplicationsEnabled = null
04-12 20:39:38.761447  2579  2579 D MtkGsmCdmaPhone: isPhoneTypeCdmaLte:false, phoneId: 0 isCdmaWithoutLteCard: false mNewVoiceTech: -1
04-12 20:39:38.762622  1284  1677 I AT      : RECV MSGID=0510 [SIM_STATUS_CNF], TXID=016c, DUMP=8419542400000000010210056C010801000004000300000000010100000000000101010000000000020101000000000003010100000000000401010000000000050101000000000006010100FF00000007010100FF00000008010100FF00000009010100000000000C8115002A2A2A2A2A2A2A2A2A2A2A2A2A2A2A2A2A2A2A2A2A000000000000000D8150002A2A2A2A2A2A2A2A2A2A2A2A2A2A2A2A2A2A2A2A2A2A2A2A2A2A2A2A2A2A2A2A2A2A2A2A2A2A2A2A2A2A2A2A2A2A2A2A2A2A2A2A2A2A2A2A2A2A2A2A2A2A2A2A2A2A2A2A2A2A2A2A2A2A2A2A2A2A2A2A000000000E010100000000000F0101000000000010010100000000001101010000000000120101000000000014010100000000001501010000000000
04-12 20:39:38.763047  2579  2865 I RILJ    : responseIccCardStatus: from AIDL: IccCardState {CARDSTATE_ABSENT,PINSTATE_UNKNOWN,num_apps=0,gsm_id=-1,cdma_id=-1,ims_id=-1,atr=,iccid=,eid=,SupportedMepMode=NONE,SlotPortMapping={physicalSlotIndex=1, portIndex=0}} [PHONE1]
04-12 20:39:38.763087  2579  2865 I RILJ    : [0044]< GET_SIM_STATUS IccCardState {CARDSTATE_ABSENT,PINSTATE_UNKNOWN,num_apps=0,gsm_id=-1,cdma_id=-1,ims_id=-1,atr=,iccid=,eid=,SupportedMepMode=NONE,SlotPortMapping={physicalSlotIndex=1, portIndex=0}} [PHONE1]
04-12 20:39:38.763650  2579  2579 D GsmCdmaCallTracker: [0] EVENT_RIL_CONNECTED 0
04-12 20:39:38.763670  2579  2579 D GsmCdmaCallTkr: Receives EVENT_RADIO_OFF_OR_NOT_AVAILABLE
04-12 20:39:38.763828  2579  2579 D GsmCdmaCallTracker: [0] update phone state, old=IDLE new=IDLE
04-12 20:39:38.763860  1284  1677 I AT      : RECV MSGID=0510 [SIM_STATUS_CNF], TXID=016e, DUMP=8419542400000000020210056E010801000004000300000000010100000000000101010001000000020101000100000003010100000000000401010000000000050101000000000006010100FF00000007010100FF00000008010100FF00000009010100000000000C8115002A2A2A2A2A2A2A2A2A2A2A2A2A2A2A2A2A2A2A2A2A000000000000000D8150002A2A2A2A2A2A2A2A2A2A2A2A2A2A2A2A2A2A2A2A2A2A2A2A2A2A2A2A2A2A2A2A2A2A2A2A2A2A2A2A2A2A2A2A2A2A2A2A2A2A2A2A2A2A2A2A2A2A2A2A2A2A2A2A2A2A2A2A2A2A2A2A2A2A2A2A2A2A2A2A000000000E010100000000000F0101000000000010010100000000001101010000000000120101000000000014010100010000001501010000000000
04-12 20:39:38.764524  1284  1677 I AT      : RECV MSGID=053c [SIM_GET_EUICC_SLOTS_STATUS_CNF], TXID=016d, DUMP=841954240000000001023C056D01E0030000040000000000000101000200000001813A012A2A2A2A2A2A2A2A2A2A2A2A2A2A2A2A2A2A2A2A2A2A2A2A2A2A2A2A2A2A2A2A2A2A2A2A2A2A2A2A2A2A2A2A2A2A2A2A2A2A2A2A2A2A2A2A2A2A2A2A2A2A2A2A2A2A2A2A2A2A2A2A2A2A2A2A2A2A2A2A2A2A2A2A2A2A2A2A2A2A2A2A2A2A2A2A2A2A2A2A2A2A2A2A2A2A2A2A2A2A2A2A2A2A2A2A2A2A2A2A2A2A2A2A2A2A2A2A2A2A2A2A2A2A2A2A2A2A2A2A2A2A2A2A2A2A2A2A2A2A2A2A2A2A2A2A2A2A2A2A2A2A2A2A2A2A2A2A2A2A2A2A2A2A2A2A2A2A2A2A2A2A2A2A2A2A2A2A2A2A2A2A2A2A2A2A2A2A2A2A2A2A2A2A2A2A2A2A2A2A2A2A2A2A2A2A2A2A2A2A2A2A2A2A2A2A2A2A2A2A2A2A2A2A2A2A2A2A2A2A2A2A2A2A2A2A2A2A2A2A2A2A2A2A2A2A2A2A2A2A2A2A2A2A2A2A2A2A2A2A2A2A2A2A2A2A2A2A2A2A2A2A2A2A2A2A2A2A2A2A2A2A2A2A2A2A2A2A2A2A2A2A2A2A2A2A2A2A2A2A2A2A2A2A0000020100000000000000000000FA7F0200FA7F010000000000FB7F010000000000030100000000000000000000F87F0200F87F010001000000F97F010001000000040100000000000000000000F67F0200F67F010000000000F77F010001000000058100002A2A2A2A2A2A2A2A2A2A2A2AF4FF01002A000000F5FF01002A000
04-12 20:39:38.766912  1284  1732 I RmmSimCommReq: [1] handleGetSimStatusResponse, token:51, result:3,state:0,pin:0,appindex:-1,-1,-1, atr:80,, icid:21,, eid:0,(null), mepMode:0
04-12 20:39:38.767279  2579  2603 I RILJ    : responseIccCardStatus: from AIDL: IccCardState {CARDSTATE_ABSENT,PINSTATE_UNKNOWN,num_apps=0,gsm_id=-1,cdma_id=-1,ims_id=-1,atr=,iccid=,eid=,SupportedMepMode=NONE,SlotPortMapping={physicalSlotIndex=1, portIndex=0}} [PHONE1]
04-12 20:39:38.767318  2579  2603 I RILJ    : [0047]< GET_SIM_STATUS IccCardState {CARDSTATE_ABSENT,PINSTATE_UNKNOWN,num_apps=0,gsm_id=-1,cdma_id=-1,ims_id=-1,atr=,iccid=,eid=,SupportedMepMode=NONE,SlotPortMapping={physicalSlotIndex=1, portIndex=0}} [PHONE1]
04-12 20:39:38.767497  1284  1719 I RmmSimCommReq: [0] handleGetSimStatusResponse, token:49, result:3,state:0,pin:0,appindex:-1,-1,-1, atr:80,, icid:21,, eid:0,(null), mepMode:0
04-12 20:39:38.767633  1284  1694 D RadioConfig_service: getSimSlotsStatusResponse: response
04-12 20:39:38.767640  1284  1694 D RadioConfig_service: radioConfigServiceImpl.configResponse != NULL
04-12 20:39:38.768414  2579  2865 D RadioConfigResponseAidl: [0046]< GET_SLOT_STATUS [IccSlotStatus {CARDSTATE_ABSENT,atr=,eid=,num_ports=1, IccSimPortInfo-0{iccid=,logicalSlotIndex=0,portActive=true}, SupportedMepMode=NONE}, IccSlotStatus {CARDSTATE_ABSENT,atr=,eid=,num_ports=1, IccSimPortInfo-0{iccid=,logicalSlotIndex=1,portActive=true}, SupportedMepMode=NONE}]
04-12 20:39:38.768424  2579  2579 D MtkGsmSMSDispatcher: Wrong phone id event coming, PhoneId: -1
04-12 20:39:38.768439  2579  2579 D MtkGsmSMSDispatcher: Wrong phone id event coming, PhoneId: -1
04-12 20:39:38.768462  2579  2579 D MtkGsmInboundSmsHandler-0: StartupState.processMessage: processing EVENT_START_ACCEPTING_SMS
04-12 20:39:38.768470  2579  2579 D MtkGsmInboundSmsHandler-0: IdleState.enter: entering IdleState
04-12 20:39:38.768488  2579  2579 D MtkCdmaInboundSmsHandler-0: StartupState.processMessage: processing EVENT_START_ACCEPTING_SMS
04-12 20:39:38.768493  2579  2579 D MtkCdmaInboundSmsHandler-0: IdleState.enter: entering IdleState
04-12 20:39:38.768991  2579  2579 I RILJ    : [0048]> BASEBAND_VERSION [PHONE0]
04-12 20:39:38.769483  2579  2579 I RILJ    : [0049]> DEVICE_IMEI [PHONE0]
04-12 20:39:38.770469  2579  2579 I RILJ    : [0050]> DEVICE_IDENTITY [PHONE0]
04-12 20:39:38.771226  1284  1714 I AT      : SEND MSGID=0001 [SYS_GET_INFO_REQ], TXID=016f [RFXSender_1], DUMP=8419542400000000010001006F010000
04-12 20:39:38.771700  2579  2579 I RILJ    : [0051]> GET_RADIO_CAPABILITY [PHONE0]
04-12 20:39:38.772059  2579  2579 I RILJ    : [0052]> GET_UICC_APPLICATIONS_ENABLEMENT [PHONE0]
04-12 20:39:38.772407  1284  1694 E RtmCommSimCtrl: [0] handleAreUiccApplicationsEnabled() not support, slot:0, msgslot:0, enable:1
04-12 20:39:38.773521  2579  2865 I RILJ    : convertHalRadioCapability: session=-1, phase=3, rat=561156, logicModemUuid=modem_sys1_ps0_nr1, status=1, rcRil.raf=1130504 [PHONE0]
04-12 20:39:38.773586  2579  2865 I RILJ    : [0051]< GET_RADIO_CAPABILITY {mPhoneId = 0 mVersion=1 mSession=-1 mPhase=3 mRadioAccessFamily=561156 mLogicModemId=modem_sys1_ps0_nr1 mStatus=1} [PHONE0]
04-12 20:39:38.773827  2579  2908 I RILJ    : responseIccCardStatus: from AIDL: IccCardState {CARDSTATE_ABSENT,PINSTATE_UNKNOWN,num_apps=0,gsm_id=-1,cdma_id=-1,ims_id=-1,atr=,iccid=,eid=,SupportedMepMode=NONE,SlotPortMapping={physicalSlotIndex=0, portIndex=0}} [PHONE0]
04-12 20:39:38.773858  2579  2908 I RILJ    : [0042]< GET_SIM_STATUS IccCardState {CARDSTATE_ABSENT,PINSTATE_UNKNOWN,num_apps=0,gsm_id=-1,cdma_id=-1,ims_id=-1,atr=,iccid=,eid=,SupportedMepMode=NONE,SlotPortMapping={physicalSlotIndex=0, portIndex=0}} [PHONE0]
04-12 20:39:38.773992  2579  2908 I RILJ    : responseIccCardStatus: from AIDL: IccCardState {CARDSTATE_ABSENT,PINSTATE_UNKNOWN,num_apps=0,gsm_id=-1,cdma_id=-1,ims_id=-1,atr=,iccid=,eid=,SupportedMepMode=NONE,SlotPortMapping={physicalSlotIndex=0, portIndex=0}} [PHONE0]
04-12 20:39:38.774016  2579  2908 I RILJ    : [0045]< GET_SIM_STATUS IccCardState {CARDSTATE_ABSENT,PINSTATE_UNKNOWN,num_apps=0,gsm_id=-1,cdma_id=-1,ims_id=-1,atr=,iccid=,eid=,SupportedMepMode=NONE,SlotPortMapping={physicalSlotIndex=0, portIndex=0}} [PHONE0]
04-12 20:39:38.774089  2579  2908 I RILJ    : [0052]< GET_UICC_APPLICATIONS_ENABLEMENT error 11 [PHONE0]
04-12 20:39:38.774127  2579  2908 D RilRequest: [0052]< GET_UICC_APPLICATIONS_ENABLEMENT error: com.android.internal.telephony.CommandException: SIM_ABSENT ret=true result={ when=-21s548ms what=55 target=com.mediatek.internal.telephony.MtkGsmCdmaPhone }
04-12 20:39:38.781892  2579  2579 I RILJ    : [0053]> SET_NULL_CIPHER_AND_INTEGRITY_ENABLED [PHONE0]
04-12 20:39:38.781999  2579  2579 D CellularIdentifierDisclosureNotifier: disabled
04-12 20:39:38.782585  2579  3348 D CellularIdentifierDisclosureNotifier: On disable notifier
04-12 20:39:38.786510  1284  1677 I AT      : RECV MSGID=0002 [SYS_GET_INFO_CNF], TXID=016f, DUMP=8419542400000000010202006F01F003000004002A2A2A2A010101002A000000020101002A000000030104002A2A2A2A040104002A2A2A2A050104002A2A2A2A060104002A2A2A2A070104002A2A2A2A080120002A2A2A2A2A2A2A2A2A2A2A2A2A2A2A2A2A2A2A2A2A2A2A2A2A2A2A2A2A2A2A2A00000000090180002A2A2A2A2A2A2A2A2A2A2A2A2A2A2A2A2A2A2A2A2A2A2A2A2A2A2A2A2A2A2A2A2A2A2A2A2A2A2A2A2A2A2A2A2A2A2A2A2A2A2A2A2A2A2A2A2A2A2A2A2A2A2A2A2A2A2A2A2A2A2A2A2A2A2A2A2A2A2A2A2A2A2A2A2A2A2A2A2A2A2A2A2A2A2A2A2A2A2A2A2A2A2A2A2A2A2A2A2A2A2A2A2A2A2A2A2A2A2A2A2A2A2A2A2A2A2A2A000000000A0101002A0000000B0101002A0000000C0101002A0000000D0104002A2A2A2A0E0118002A2A2A2A2A2A2A2A2A2A2A2A2A2A2A2A2A2A2A2A2A2A2A2A000000000F810F002A2A2A2A2A2A2A2A2A2A2A2A2A2A2A0000000000100120002A2A2A2A2A2A2A2A2A2A2A2A2A2A2A2A2A2A2A2A2A2A2A2A2A2A2A2A2A2A2A2A00000000110140002A2A2A2A2A2A2A2A2A2A2A2A2A2A2A2A2A2A2A2A2A2A2A2A2A2A2A2A2A2A2A2A2A2A2A2A2A2A2A2A2A2A2A2A2A2A2A2A2A2A2A2A2A2A2A2A2A2A2A2A2A2A2A2A0000000012011E002A2A2A2A2A2A2A2A2A2A2A2A2A2A2A2A2A2A2A2A2A2A2A2A2A2
04-12 20:39:38.786987  1284  1714 I RmmOemHandler: [0] requestBasebandVersion:MOLY.NR17.R2.MP2.RC.MP.V36.16.P1, 2026/03/24 14:47
04-12 20:39:38.786998  1284  1714 I RmmOemHandler: [0] Original Baseband Version: MOLY.NR17.R2.MP2.RC.MP.V36.16.P1
04-12 20:39:38.787100  1284  1714 I RmmOemHandler: [0] Customized Baseband Version: TA15152P1
04-12 20:39:38.787195  1284  1714 I AT      : SEND MSGID=1514 [MIPC_SYS_GET_PRIMARY_IMEI_INFO_REQ], TXID=0170 [RFXSender_1], DUMP=84195424000000000100141570010000
04-12 20:39:38.787443  2579  2603 I RILJ    : [0048]< BASEBAND_VERSION TA15152P1 [PHONE0]
04-12 20:39:38.788247  2579  2579 I RILJ    : [0054]> SET_CELLULAR_IDENTIFIER_DISCLOSED_ENABLED enable=false [PHONE0]
04-12 20:39:38.788377  2579  2579 D NullCipherNotifier: disabled
04-12 20:39:38.788684  2579  3350 I NullCipherNotifier: On enable notifier. Enable value: false
04-12 20:39:38.788959  1284  1677 I AT      : RECV MSGID=1515 [MIPC_SYS_GET_PRIMARY_IMEI_INFO_CNF], TXID=0170, DUMP=8419542400000000010215157001300000000400000000000001010000000000018110002A2A2A2A2A2A2A2A2A2A2A2A2A2A2A2A00000000028102002A2A0000
04-12 20:39:38.789005  1284  1714 I RmmOemHandler: [0] requestDeviceImei primary imei slot id(0)
04-12 20:39:38.789119  1284  1714 I AT      : SEND MSGID=1161 [NW_SET_ALLOWED_SECURITY_ALGO_CONFIG_REQ], TXID=0171 [RFXSender_1], DUMP=841954240000000001006111710108000001010001000000
04-12 20:39:38.790347  1284  1677 I AT      : RECV MSGID=1162 [NW_SET_ALLOWED_SECURITY_ALGO_CONFIG_CNF], TXID=0171, DUMP=841954240000000001026211710108000000040000000000
04-12 20:39:38.791430  1451  1456 D TranRadioExt: sendAtCommand at_str: AT+EGMC=1,"sar_scenario_all",65535,65535,65535,65535,65535,65535,65535,65535,65535,65535,65535,65535,65535,65535,65535, slot_id: 0
04-12 20:39:38.791429  2579  2865 I RILJ    : [0053]< SET_NULL_CIPHER_AND_INTEGRITY_ENABLED  [PHONE0]
04-12 20:39:38.791459  1451  1456 I mipc_lib: SEND MSGID=0003 [SYS_AT_REQ], TXID=000a [binder:1451_3], DUMP=8419542400000000010003000A008000008177002A2A2A2A2A2A2A2A2A2A2A2A2A2A2A2A2A2A2A2A2A2A2A2A2A2A2A2A2A2A2A2A2A2A2A2A2A2A2A2A2A2A2A2A2A2A2A2A2A2A2A2A2A2A2A2A2A2A2A2A2A2A2A2A2A2A2A2A2A2A2A2A2A2A2A2A2A2A2A2A2A2A2A2A2A2A2A2A2A2A2A2A2A2A2A2A2A2A2A2A2A2A2A2A2A2A2A2A2A2A2A2A2A2A2A2A2A2A2A0000000000
04-12 20:39:38.795857  1451  1846 I mipc_lib: RECV MSGID=0004 [SYS_AT_CNF], TXID=000a, DUMP=8419542400000000010204000A0018000000040000000000008107002A2A2A2A2A2A2A0000000000
04-12 20:39:38.804396  1284  1714 I AT      : SEND MSGID=1165 [NW_SET_CONFIG_REQ], TXID=0172 [RFXSender_1], DUMP=841954240000000001006511720108000001010000000000
04-12 20:39:38.805694  2579  2579 I RILJ    : [0055]> SET_SECURITY_ALGORITHMS_UPDATED_ENABLED enable=false [PHONE0]
04-12 20:39:38.806161  2579  2908 I RILJ    : [0049]< DEVICE_IMEI {[****], 1, 78} [PHONE0]
04-12 20:39:38.806294  2579  2909 I RILJ    : [0050]< DEVICE_IDENTITY {[****], 78, , } [PHONE0]
04-12 20:39:38.807086  2579  2579 D MtkGsmCdmaPhone: EVENT_RADIO_OFF_OR_NOT_AVAILABLEreceived.
04-12 20:39:38.807721  2579  2865 I RILJ    : [0055]< SET_SECURITY_ALGORITHMS_UPDATED_ENABLED  [PHONE0]
04-12 20:39:38.810690  1284  1677 I AT      : RECV MSGID=1166 [NW_SET_CONFIG_CNF], TXID=0172, DUMP=84195424000000000102661172011800000004000000000000010100000000000101010000000000
04-12 20:39:38.826119  2579  2603 I RILJ    : [0054]< SET_CELLULAR_IDENTIFIER_DISCLOSED_ENABLED  [PHONE0]
04-12 20:39:38.831826  2579  2579 D ANM-0   : bind to com.android.phone
04-12 20:39:38.855811  2579  2579 D SSCtr   : No matching configuration
04-12 20:39:38.856355  2579  2579 I RILJ    : [0056]> SET_SIGNAL_STRENGTH_REPORTING_CRITERIA [PHONE0]
04-12 20:39:38.857092  2579  2579 D SSCtr   : setSignalStrengthReportingCriteria consolidatedSignalThresholdInfos=[SignalThresholdInfo{mRan=1 mSignalMeasurementType=1 mHysteresisMs=3000 mHysteresisDb=2 mThresholds=[] mIsEnabled=false}, SignalThresholdInfo{mRan=2 mSignalMeasurementType=2 mHysteresisMs=3000 mHysteresisDb=2 mThresholds=[] mIsEnabled=false}, SignalThresholdInfo{mRan=3 mSignalMeasurementType=3 mHysteresisMs=3000 mHysteresisDb=2 mThresholds=[] mIsEnabled=false}, SignalThresholdInfo{mRan=4 mSignalMeasurementType=1 mHysteresisMs=3000 mHysteresisDb=2 mThresholds=[] mIsEnabled=false}, SignalThresholdInfo{mRan=3 mSignalMeasurementType=4 mHysteresisMs=3000 mHysteresisDb=2 mThresholds=[] mIsEnabled=false}, SignalThresholdInfo{mRan=3 mSignalMeasurementType=5 mHysteresisMs=3000 mHysteresisDb=2 mThresholds=[] mIsEnabled=false}, SignalThresholdInfo{mRan=6 mSignalMeasurementType=6 mHysteresisMs=3000 mHysteresisDb=2 mThresholds=[] mIsEnabled=false}, SignalThresholdInfo{mRan=6 mSignalMeasurementType=7 mHysteresisMs=3000 mHysteresisDb=2 mThresholds=[] mIsEnabled=false}, SignalThresholdInfo{mRan=6 mSignalMeasurementType=8 mHysteresisMs=3000 mHysteresisDb=2 mThresholds=[] mIsEnabled=false}, SignalThresholdInfo{mRan=2 mSignalMeasurementType=9 mHysteresisMs=3000 mHysteresisDb=2 mThresholds=[] mIsEnabled=false}]
04-12 20:39:38.857370  2579  2603 I RILJ    : [0056]< SET_SIGNAL_STRENGTH_REPORTING_CRITERIA error 1 [PHONE0]
04-12 20:39:38.857411  2579  2603 D RilRequest: [0056]< SET_SIGNAL_STRENGTH_REPORTING_CRITERIA error: com.android.internal.telephony.CommandException: RADIO_NOT_AVAILABLE ret= result=null
04-12 20:39:38.857497  2579  2579 D SSCtr   : No matching configuration
04-12 20:39:38.858411  2579  2579 I RILJ    : [0057]> SET_SIGNAL_STRENGTH_REPORTING_CRITERIA [PHONE0]
04-12 20:39:38.858698  2579  2579 D SSCtr   : setSignalStrengthReportingCriteria consolidatedSignalThresholdInfos=[SignalThresholdInfo{mRan=1 mSignalMeasurementType=1 mHysteresisMs=3000 mHysteresisDb=2 mThresholds=[] mIsEnabled=false}, SignalThresholdInfo{mRan=2 mSignalMeasurementType=2 mHysteresisMs=3000 mHysteresisDb=2 mThresholds=[] mIsEnabled=false}, SignalThresholdInfo{mRan=3 mSignalMeasurementType=3 mHysteresisMs=3000 mHysteresisDb=2 mThresholds=[] mIsEnabled=false}, SignalThresholdInfo{mRan=4 mSignalMeasurementType=1 mHysteresisMs=3000 mHysteresisDb=2 mThresholds=[] mIsEnabled=false}, SignalThresholdInfo{mRan=3 mSignalMeasurementType=4 mHysteresisMs=3000 mHysteresisDb=2 mThresholds=[] mIsEnabled=false}, SignalThresholdInfo{mRan=3 mSignalMeasurementType=5 mHysteresisMs=3000 mHysteresisDb=2 mThresholds=[] mIsEnabled=false}, SignalThresholdInfo{mRan=6 mSignalMeasurementType=6 mHysteresisMs=3000 mHysteresisDb=2 mThresholds=[] mIsEnabled=false}, SignalThresholdInfo{mRan=6 mSignalMeasurementType=7 mHysteresisMs=3000 mHysteresisDb=2 mThresholds=[] mIsEnabled=false}, SignalThresholdInfo{mRan=6 mSignalMeasurementType=8 mHysteresisMs=3000 mHysteresisDb=2 mThresholds=[] mIsEnabled=false}, SignalThresholdInfo{mRan=2 mSignalMeasurementType=9 mHysteresisMs=3000 mHysteresisDb=2 mThresholds=[] mIsEnabled=false}]
04-12 20:39:38.858909  2579  2603 I RILJ    : [0057]< SET_SIGNAL_STRENGTH_REPORTING_CRITERIA error 1 [PHONE0]
04-12 20:39:38.858963  2579  2603 D RilRequest: [0057]< SET_SIGNAL_STRENGTH_REPORTING_CRITERIA error: com.android.internal.telephony.CommandException: RADIO_NOT_AVAILABLE ret= result=null
04-12 20:39:38.859118  2579  2579 D MTKSST  : [GsmSST0] EVENT_ICC_CHANGED: SIM absent
04-12 20:39:38.859245  2579  2579 D MTKSST  : [GsmSST0] cancelAllNotifications: mPrevSubId=-1
04-12 20:39:38.859841  2579  2579 D MTKSST  : [GsmSST0] updateCarrierDisplayName: satellitePlmn=null
04-12 20:39:38.863607  2579  2579 D MTKSST  : [GsmSST0] updateCarrierDisplayName: radio is on but out of service, set plmn='没有服务'
04-12 20:39:38.864116  2579  2579 D MTKSST  : [GsmSST0] updateCarrierDisplayName: rawSpn = 
04-12 20:39:38.864215  2579  2579 D MTKSST  : [GsmSST0] updateSpnDisplay: rule = 2
04-12 20:39:38.864267  2579  2579 D MTKSST  : [GsmSST0] TDD updateSpnDisplay mSS.getOperatorNumeric() = null
04-12 20:39:38.864508  2579  2579 D MTKSST  : [GsmSST0] TDD getNumeric simNumeric = , operatorNumeric = null
04-12 20:39:38.864533  2579  2579 D MTKSST  : [GsmSST0] TDD currentMccEqualsSimMcc simNumeric = , operatorNumeric = null
04-12 20:39:38.865334  2579  2579 D MTKSST  : [GsmSST0] notifyCarrierDisplayNameDataChanged: changed sending intent, rule=2, CarrierDisplayNameData={ spn = null, dataSpn = , showSpn = false, plmn = 没有服务, showPlmn = true, subId=-1
04-12 20:39:38.867389  2579  2579 D NRM-C-0 : Trying to bind com.android.phone for transport WWAN
04-12 20:39:38.881099  2579  2579 D NRM-I-0 : Trying to bind com.android.phone for transport WLAN
04-12 20:39:38.884175  2579  2579 D MTKSST  : [GsmSST0] handle EVENT_RADIO_STATE_CHANGED
04-12 20:39:38.884533  2579  2579 D RatConfig: getActiveRatConfig: Lf/Lt/W/G/N
04-12 20:39:38.886090  2579  2579 D MTKSST  : [GsmSST0] setRadioPowerForReason power:true, mDesiredPowerState:true, forEmergencyCall:false, isSelectedPhoneForEmergencyCall:false, forceApply:false, radioState:0, reason:0
04-12 20:39:38.886166  2579  2579 D MTKSST  : [GsmSST0] setPowerStateToDesired: mDeviceShuttingDown=false, mDesiredPowerState=true, getRadioState=0, mRadioPowerOffReasons=[], IMS reg state=false, pending radio off=false
04-12 20:39:38.886229  2579  2579 D ImsSwitchController: notifyRadioPowerChange, power:true phoneId:0
04-12 20:39:38.886321  2579  2579 D ImsSwitchController: [0] Modem auto registration so that we don't triggerImsService updateRadioState
04-12 20:39:38.888787  2579  2579 I RILJ    : [0058]> RADIO_POWER on = true forEmergencyCall= false preferredForEmergencyCall=false [PHONE0]
04-12 20:39:38.890943  2579  2579 D MtkRILJ : [0059]> MTK: RIL_REQUEST_SET_VENDOR_SETTING [PHONE0]
04-12 20:39:38.891433  2579  2579 D MTKSST  : [GsmSST0] pollState: modemTriggered=true, mPollingContext=0, RadioState=0, connected=false, support_ap_iwlan=1
04-12 20:39:38.891475  2579  2579 D MTKSST  : [GsmSST0] pollState: modemTriggered=true, radioState=0
04-12 20:39:38.892284  2579  2579 I RILJ    : [0060]> OPERATOR [PHONE0]
04-12 20:39:38.892446  1284  1694 I RtmRadioCont: [0] requestRadioPower, slotId:0, onOff: 1, forEcc 0, preEcc 0
04-12 20:39:38.892538  2579  2865 I RILJ    : [0059]< MTK: RIL_REQUEST_SET_VENDOR_SETTING  [PHONE0]
04-12 20:39:38.892590  1284  1722 I RmmRadioReq: [0] requestRadioPower, power = 1, mode = 1, forEcc 0, preEcc 0, caller: -1
04-12 20:39:38.892601  1284  1722 I RmmRadioReq: [0] set vote property as 1
04-12 20:39:38.892751  2579  2579 E NRM-C-0 : service not connected. Domain = PS
04-12 20:39:38.892834  2579  2579 E NRM-C-0 : service not connected. Domain = CS
04-12 20:39:38.892856  2579  2579 E NRM-I-0 : service not connected. Domain = PS
04-12 20:39:38.892859  1284  1722 I AT      : SEND MSGID=0403 [NW_SET_RADIO_STATE_REQ], TXID=0173 [RFXSender_8], DUMP=841954240000000001000304730108000001010001000000
04-12 20:39:38.893272  2579  2579 I RILJ    : [0061]> QUERY_NETWORK_SELECTION_MODE [PHONE0]
04-12 20:39:38.893518  2579  2579 D MTKSST  : [GsmSST0] handle EVENT_RADIO_STATE_CHANGED
04-12 20:39:38.893546  2579  2579 D RatConfig: getActiveRatConfig: Lf/Lt/W/G/N
04-12 20:39:38.893946  2579  2579 D MTKSST  : [GsmSST0] setRadioPowerForReason power:true, mDesiredPowerState:true, forEmergencyCall:false, isSelectedPhoneForEmergencyCall:false, forceApply:false, radioState:0, reason:0
04-12 20:39:38.893975  2579  2579 D MTKSST  : [GsmSST0] setPowerStateToDesired: mDeviceShuttingDown=false, mDesiredPowerState=true, getRadioState=0, mRadioPowerOffReasons=[], IMS reg state=false, pending radio off=false
04-12 20:39:38.894015  2579  2579 D ImsSwitchController: notifyRadioPowerChange, power:true phoneId:0
04-12 20:39:38.894035  2579  2579 D ImsSwitchController: [0] Modem auto registration so that we don't triggerImsService updateRadioState
04-12 20:39:38.894419  1284  1719 I AT      : SEND MSGID=0407 [NW_GET_REGISTER_STATE_REQ], TXID=0174 [RFXSender_6], DUMP=84195424000000000100070474010000
04-12 20:39:38.894562  2579  2579 I RILJ    : [0062]> RADIO_POWER on = true forEmergencyCall= false preferredForEmergencyCall=false [PHONE0]
04-12 20:39:38.895143  2579  2579 D MtkRILJ : [0063]> MTK: RIL_REQUEST_SET_VENDOR_SETTING [PHONE0]
04-12 20:39:38.895599  2579  2579 D MTKSST  : [GsmSST0] pollState: modemTriggered=true, mPollingContext=5, RadioState=0, connected=false, support_ap_iwlan=1
04-12 20:39:38.895619  2579  2579 D MTKSST  : [GsmSST0] pollState: modemTriggered=true, radioState=0
04-12 20:39:38.896063  2579  2579 I RILJ    : [0064]> OPERATOR [PHONE0]
04-12 20:39:38.896122  2579  2579 E NRM-C-0 : service not connected. Domain = PS
04-12 20:39:38.896176  2579  2579 E NRM-C-0 : service not connected. Domain = CS
04-12 20:39:38.896197  2579  2579 E NRM-I-0 : service not connected. Domain = PS
04-12 20:39:38.896624  2579  2579 I RILJ    : [0065]> QUERY_NETWORK_SELECTION_MODE [PHONE0]
04-12 20:39:38.896748  2579  2579 D Phone-0 : [0] SubId-1,get allowed network types user: value = GPRS|EDGE|UMTS|HSDPA|HSUPA|HSPA|LTE|HSPA+|GSM|TD_SCDMA|LTE_CA|NR
04-12 20:39:38.900142  2579  2865 I RILJ    : [0063]< MTK: RIL_REQUEST_SET_VENDOR_SETTING  [PHONE0]
04-12 20:39:38.900728  1284  1677 I AT      : RECV MSGID=0408 [NW_GET_REGISTER_STATE_CNF], TXID=0174, DUMP=8419542400000000010208047401880100000400000000000001260000000000000000000000000000000000000000000000000000000000000000000000000000000000000000000101020000000000020101000000000003010400000000000401280000000000000000000000000000000000000000000000000000000000000000000000000000000000000000000501010000000000060102000000000007010100000000000801280000000000000000000000000000000000000000000000000000000000000000000000000000000000000000000901100000000000000000000000000000000000000000000A0124000000000000000000000000000000000000000000000000000000000000000000000000000B010100000000000C010100000000000D010100000000000E010100000000000F0101000000000010011800000000000000000000000000000000000000000000000000000000001101300000000000000000000000000000000000000000000000000000000000000000000000000000000000000000000000000000000000
04-12 20:39:38.900829  1284  1719 D RmmNwRTReqHdlr: [0] [requestOperator] plmn is null or empty!
04-12 20:39:38.901286  1284  1719 I AT      : SEND MSGID=0407 [NW_GET_REGISTER_STATE_REQ], TXID=0175 [RFXSender_6], DUMP=84195424000000000100070475010000
04-12 20:39:38.901637  2579  2865 I RILJ    : [0060]< OPERATOR {, , } [PHONE0]
04-12 20:39:38.901882  2579  2579 D Phone-0 : [0] SubId-1,get allowed network types carrier: value = GPRS|EDGE|UMTS|HSDPA|HSUPA|HSPA|LTE|HSPA+|GSM|TD_SCDMA|LTE_CA|NR
04-12 20:39:38.901929  2579  2579 I CSST    : isNrSupported:  carrierConfigEnabled: true, AccessFamilySupported: false, isNrNetworkTypeAllowed: true
04-12 20:39:38.901940  2579  2579 I CSST    : PrefNetworkNotification: sendMessage() w/values: ,false,false,-1,false,false
04-12 20:39:38.902366  2579  2579 I CSST    : canceling notifications: 1000
04-12 20:39:38.902384  2579  2579 D Phone-0 : isWifiCallingEnabled =false
04-12 20:39:38.902390  2579  2579 D CSST    : isPhoneRegisteredForWifiCalling: false
04-12 20:39:38.902394  2579  2579 D Phone-0 : isWifiCallingEnabled =false
04-12 20:39:38.902403  2579  2579 I CSST    : EmergencyNetworkNotification: sendMessage() w/values: ,-1,false,false
04-12 20:39:38.902900  2579  2579 I CSST    : canceling notifications: 1001
04-12 20:39:38.902994  2579  2579 D Phone-0 : [0] SubId-1,get allowed network types user: value = GPRS|EDGE|UMTS|HSDPA|HSUPA|HSPA|LTE|HSPA+|GSM|TD_SCDMA|LTE_CA|NR
04-12 20:39:38.903423  1284  1677 I AT      : RECV MSGID=0408 [NW_GET_REGISTER_STATE_CNF], TXID=0175, DUMP=8419542400000000010208047501880100000400000000000001260000000000000000000000000000000000000000000000000000000000000000000000000000000000000000000101020000000000020101000000000003010400000000000401280000000000000000000000000000000000000000000000000000000000000000000000000000000000000000000501010000000000060102000000000007010100000000000801280000000000000000000000000000000000000000000000000000000000000000000000000000000000000000000901100000000000000000000000000000000000000000000A0124000000000000000000000000000000000000000000000000000000000000000000000000000B010100000000000C010100000000000D010100000000000E010100000000000F0101000000000010011800000000000000000000000000000000000000000000000000000000001101300000000000000000000000000000000000000000000000000000000000000000000000000000000000000000000000000000000000
04-12 20:39:38.903811  2579  2865 I RILJ    : [0061]< QUERY_NETWORK_SELECTION_MODE {0} [PHONE0]
04-12 20:39:38.904007  1284  1719 I AT      : SEND MSGID=0407 [NW_GET_REGISTER_STATE_REQ], TXID=0176 [RFXSender_6], DUMP=84195424000000000100070476010000
04-12 20:39:38.904302  2579  2579 D Phone-0 : [0] SubId-1,get allowed network types carrier: value = GPRS|EDGE|UMTS|HSDPA|HSUPA|HSPA|LTE|HSPA+|GSM|TD_SCDMA|LTE_CA|NR
04-12 20:39:38.904354  2579  2579 I CSST    : isNrSupported:  carrierConfigEnabled: true, AccessFamilySupported: false, isNrNetworkTypeAllowed: true
04-12 20:39:38.904370  2579  2579 I CSST    : PrefNetworkNotification: sendMessage() w/values: ,false,false,-1,false,false
04-12 20:39:38.904806  2579  2579 I CSST    : canceling notifications: 1000
04-12 20:39:38.904836  2579  2579 D Phone-0 : isWifiCallingEnabled =false
04-12 20:39:38.904843  2579  2579 D CSST    : isPhoneRegisteredForWifiCalling: false
04-12 20:39:38.904848  2579  2579 D Phone-0 : isWifiCallingEnabled =false
04-12 20:39:38.904855  2579  2579 I CSST    : EmergencyNetworkNotification: sendMessage() w/values: ,-1,false,false
04-12 20:39:38.905531  2579  2579 I CSST    : canceling notifications: 1001
04-12 20:39:38.906182  1284  1677 I AT      : RECV MSGID=0408 [NW_GET_REGISTER_STATE_CNF], TXID=0176, DUMP=8419542400000000010208047601880100000400000000000001260000000000000000000000000000000000000000000000000000000000000000000000000000000000000000000101020000000000020101000000000003010400000000000401280000000000000000000000000000000000000000000000000000000000000000000000000000000000000000000501010000000000060102000000000007010100000000000801280000000000000000000000000000000000000000000000000000000000000000000000000000000000000000000901100000000000000000000000000000000000000000000A0124000000000000000000000000000000000000000000000000000000000000000000000000000B010100000000000C010100000000000D010100000000000E010100000000000F0101000000000010011800000000000000000000000000000000000000000000000000000000001101300000000000000000000000000000000000000000000000000000000000000000000000000000000000000000000000000000000000
04-12 20:39:38.906391  1284  1719 D RmmNwRTReqHdlr: [0] [requestOperator] plmn is null or empty!
04-12 20:39:38.906429  2579  2579 D EmergencyNumberTracker: [0]updateRadioEmergencyNumberListAndNotify(): receiving []
04-12 20:39:38.906493  1284  1719 I AT      : SEND MSGID=0407 [NW_GET_REGISTER_STATE_REQ], TXID=0177 [RFXSender_6], DUMP=84195424000000000100070477010000
04-12 20:39:38.906710  2579  2865 I RILJ    : [0064]< OPERATOR {, , } [PHONE0]
04-12 20:39:38.907639  2579  2579 I RILJ    : [0066]> SEND_DEVICE_STATE 1:true [PHONE0]
04-12 20:39:38.909189  1284  1677 I AT      : RECV MSGID=0408 [NW_GET_REGISTER_STATE_CNF], TXID=0177, DUMP=8419542400000000010208047701880100000400000000000001260000000000000000000000000000000000000000000000000000000000000000000000000000000000000000000101020000000000020101000000000003010400000000000401280000000000000000000000000000000000000000000000000000000000000000000000000000000000000000000501010000000000060102000000000007010100000000000801280000000000000000000000000000000000000000000000000000000000000000000000000000000000000000000901100000000000000000000000000000000000000000000A0124000000000000000000000000000000000000000000000000000000000000000000000000000B010100000000000C010100000000000D010100000000000E010100000000000F0101000000000010011800000000000000000000000000000000000000000000000000000000001101300000000000000000000000000000000000000000000000000000000000000000000000000000000000000000000000000000000000
04-12 20:39:38.910243  2579  2865 I RILJ    : [0066]< SEND_DEVICE_STATE error 6 [PHONE0]
04-12 20:39:38.910280  2579  2865 D RilRequest: [0066]< SEND_DEVICE_STATE error: com.android.internal.telephony.CommandException: REQUEST_NOT_SUPPORTED ret= result=null
04-12 20:39:38.910475  2579  2603 I RILJ    : [0065]< QUERY_NETWORK_SELECTION_MODE {0} [PHONE0]
04-12 20:39:38.910729  2579  2579 I RILJ    : [0067]> SEND_DEVICE_STATE 2:false [PHONE0]
04-12 20:39:38.911078  1284  1717 I AT      : SEND MSGID=041f [NW_SET_IDLE_HINT_REQ], TXID=0178 [RFXSender_4], DUMP=841954240000000001001F04780108000001010000000000
04-12 20:39:38.911181  2579  2579 I RILJ    : [0068]> SEND_DEVICE_STATE 0:false [PHONE0]
04-12 20:39:38.911473  2579  2579 I RILJ    : [0069]> SET_UNSOLICITED_RESPONSE_FILTER -1 [PHONE0]
04-12 20:39:38.911829  2579  2579 I RILJ    : [0070]> SET_LINK_CAPACITY_REPORTING_CRITERIA [PHONE0]
04-12 20:39:38.911900  2579  2603 I RILJ    : [0067]< SEND_DEVICE_STATE  [PHONE0]
04-12 20:39:38.911996  1284  1691 E RfxBaseHandler: [0] registerToHandleMipcURC error:-3, slotId:0, mipcId:4402
04-12 20:39:38.912064  1284  1691 E RfxBaseHandler: [0] registerToHandleMipcURC error:-3, slotId:0, mipcId:4413
04-12 20:39:38.912078  1284  1691 E RfxBaseHandler: [0] registerToHandleMipcURC error:-3, slotId:0, mipcId:441e
04-12 20:39:38.912083  1284  1691 E RfxBaseHandler: [0] registerToHandleMipcURC error:-3, slotId:0, mipcId:4417
04-12 20:39:38.912089  1284  1691 E RfxBaseHandler: [0] registerToHandleMipcURC error:-3, slotId:0, mipcId:4418
04-12 20:39:38.912096  1284  1691 E RfxBaseHandler: [0] registerToHandleMipcURC error:-3, slotId:0, mipcId:4409
04-12 20:39:38.912113  1284  1691 I AT      : SEND MSGID=1151 [NW_GET_CSCON_STATE_REQ], TXID=0179 [RFXSender_0], DUMP=84195424000000000100511179010000
04-12 20:39:38.912227  2579  2579 I RILJ    : [0071]> SET_LINK_CAPACITY_REPORTING_CRITERIA [PHONE0]
04-12 20:39:38.912262  1284  1717 I AT      : SEND MSGID=021d [DATA_SET_LINK_CAPACITY_REPORTING_CRITERIA_REQ], TXID=017a [RFXSender_4], DUMP=841954240000000001001D027A01A800060101000B00000007012C0064000000F4010000E80300008813000010270000204E000050C30000F8240100A0860100400D030020A107000001010002000000080104000100000001010400B80B000002010400320000000301040032000000040101000E0000000501380064000000F4010000E80300008813000010270000204E000050C30000F8240100A0860100400D030020A1070040420F0060E3160080841E0000000000
04-12 20:39:38.912368  1284  1677 I AT      : RECV MSGID=0420 [NW_SET_IDLE_HINT_CNF], TXID=0178, DUMP=8419542400000000010220047801100000000400000000000001010000000000
04-12 20:39:38.912819  1284  1677 I AT      : RECV MSGID=1152 [NW_GET_CSCON_STATE_CNF], TXID=0179, DUMP=84195424000000000102521179011800000004000000000000010400000000000101040000000000
04-12 20:39:38.912925  1284  1691 I AT      : SEND MSGID=047b [NW_SET_NW_IND_REPORT_LEVEL_REQ], TXID=017b [RFXSender_0], DUMP=841954240000000001007B047B01100000010100030000000101010003000000
04-12 20:39:38.914700  1284  1677 I AT      : RECV MSGID=4403 [NW_PS_IND], TXID=ffff, DUMP=841954240000000001030344FFFF7800000101002A000000010104002A2A2A2A020101002A000000030123002A2A2A2A2A2A2A2A2A2A2A2A2A2A2A2A2A2A2A2A2A2A2A2A2A2A2A2A2A2A2A2A2A2A2A00040101002A0000000C0128002A2A2A2A2A2A2A2A2A2A2A2A2A2A2A2A2A2A2A2A2A2A2A2A2A2A2A2A2A2A2A2A2A2A2A2A2A2A2A2A00000000
04-12 20:39:38.915129  1284  1677 I AT      : RECV MSGID=4408 [NW_CS_IND], TXID=ffff, DUMP=841954240000000001030844FFFF5000008118002A2A2A2A2A2A2A2A2A2A2A2A2A2A2A2A2A2A2A2A2A2A2A2A00000000010101002A000000088120002A2A2A2A2A2A2A2A2A2A2A2A2A2A2A2A2A2A2A2A2A2A2A2A2A2A2A2A2A2A2A2A00000000
04-12 20:39:38.915832  1284  1677 I AT      : RECV MSGID=047c [NW_SET_NW_IND_REPORT_LEVEL_CNF], TXID=017b, DUMP=841954240000000001027C047B0108000000040000000000
04-12 20:39:38.915978  1284  1691 E RfxBaseHandler: [0] registerToHandleMipcURC error:-3, slotId:0, mipcId:4419
04-12 20:39:38.916007  1284  1691 I AT      : SEND MSGID=04c7 [NW_GET_PHYSICAL_CHANNEL_CONFIGS_REQ], TXID=017c [RFXSender_0], DUMP=84195424000000000100C7047C010000
04-12 20:39:38.916054  1284  1677 I AT      : RECV MSGID=021e [DATA_SET_LINK_CAPACITY_REPORTING_CRITERIA_CNF], TXID=017a, DUMP=841954240000000001021E027A0108000000040000000000
04-12 20:39:38.916382  2579  2865 I RILJ    : [0070]< SET_LINK_CAPACITY_REPORTING_CRITERIA  [PHONE0]
04-12 20:39:38.916530  1284  1717 I AT      : SEND MSGID=021d [DATA_SET_LINK_CAPACITY_REPORTING_CRITERIA_REQ], TXID=017d [RFXSender_4], DUMP=841954240000000001001D027D01A800060101000B00000007012C0064000000F4010000E80300008813000010270000204E000050C30000F8240100A0860100400D030020A107000001010002000000080104000200000001010400B80B000002010400320000000301040032000000040101000E0000000501380064000000F4010000E80300008813000010270000204E000050C30000F8240100A0860100400D030020A1070040420F0060E3160080841E0000000000
04-12 20:39:38.916931  2579  2579 I RILJ    : [0072]> SET_LINK_CAPACITY_REPORTING_CRITERIA [PHONE0]
04-12 20:39:38.916966  1284  1677 I AT      : RECV MSGID=04c8 [NW_GET_PHYSICAL_CHANNEL_CONFIGS_CNF], TXID=017c, DUMP=84195424000000000102C8047C0188000000040000000000000100000000000000000000FF7F0100FF7F25000000000001000000000000000000000000000000000000000000000000000000000100000000000000000000010100000000000000000000FE7F0100FE7F28000000000001000000000000000000000000000000000000000000000000000000000000000100000000000000
04-12 20:39:38.917033  1284  1691 D RmmNwHdlr: [0] [queryPhysicalChannelConfigs] count:1, hasChanged: 1 
04-12 20:39:38.917078  1284  1691 E RfxBaseHandler: [0] registerToHandleMipcURC error:-3, slotId:0, mipcId:441b
04-12 20:39:38.917115  1284  1691 E RfxBaseHandler: [0] registerToHandleMipcURC error:-3, slotId:0, mipcId:420d
04-12 20:39:38.917133  1284  1691 D RmmNwHdlr: [0] [handlePsInd][handlePsNetworkStateChanged] stat=0, lac=**FF, cid=***FFFF, eAct=0, reject_cause=0, dcnr_restricted=0, endc_sib=0, endc_available=0
04-12 20:39:38.917174  1284  1691 I AT      : [0] AT> AT+EGREG? (RIL_URC_READER tid:505362312128)
04-12 20:39:38.917191  1284  1691 I AT      : SEND MSGID=0003 [SYS_AT_REQ], TXID=017e [RFXSender_0], DUMP=8419542400000000010003007E01100000810A002A2A2A2A2A2A2A2A2A2A0000
04-12 20:39:38.917412  2579  2579 I RILJ    : [0073]> SET_LINK_CAPACITY_REPORTING_CRITERIA [PHONE0]
04-12 20:39:38.917482  1284  1714 D RmmNwReqHdlr: [0] [sendPhysicalChannelConfigs] count:0, Update: 0
04-12 20:39:38.917514  1284  1714 I AT      : SEND MSGID=0407 [NW_GET_REGISTER_STATE_REQ], TXID=017f [RFXSender_1], DUMP=8419542400000000010007047F010000
04-12 20:39:38.917746  2579  2908 I RILJ    : [0068]< SEND_DEVICE_STATE error 6 [PHONE0]
04-12 20:39:38.917851  2579  2908 D RilRequest: [0068]< SEND_DEVICE_STATE error: com.android.internal.telephony.CommandException: REQUEST_NOT_SUPPORTED ret= result=null
04-12 20:39:38.917888  2579  2865 I RILJ    : [0069]< SET_UNSOLICITED_RESPONSE_FILTER  [PHONE0]
04-12 20:39:38.918028  2579  2579 I RILJ    : [0074]> SET_LINK_CAPACITY_REPORTING_CRITERIA [PHONE0]
04-12 20:39:38.918876  2579  2579 I RILJ    : [0075]> SEND_DEVICE_STATE 1:true [PHONE0]
04-12 20:39:38.919463  2579  2579 I RILJ    : [0076]> SEND_DEVICE_STATE 2:false [PHONE0]
04-12 20:39:38.920028  2579  2579 I RILJ    : [0077]> SEND_DEVICE_STATE 0:false [PHONE0]
04-12 20:39:38.920291  2579  2579 I RILJ    : [0078]> SET_UNSOLICITED_RESPONSE_FILTER -1 [PHONE0]
