----- timezone:Asia/Shanghai
04-12 20:39:30.414973  1076  1088 I mipc_lib: CHECK IF MODEM IS READY STATRT!
04-12 20:39:30.535338  1162  1162 I terservice: [terserver] service not enabled. exit.
04-12 20:39:30.881226  1284  1284 D RilClientQueue: construct head message
04-12 20:39:30.886860  1284  1284 I RilOpProxy: initOpLibrary, init mipc path
04-12 20:39:30.886997  1284  1284 I RilOpProxy: [initOpLibrary] dlopen failed error: dlopen failed: library "libmtkmipc-rilop.so" not found
04-12 20:39:30.888414  1284  1284 I AT      : CHECK IF MODEM IS READY STATRT!
04-12 20:39:30.908290  1302  1335 I mipc_lib: CHECK IF MODEM IS READY STATRT!
04-12 20:39:31.550373  1451  1451 I mipc_lib: CHECK IF MODEM IS READY STATRT!
04-12 20:39:31.888631  1284  1284 I AT      : MODEM IS READY NOW! OPENCOM /dev/ttyCMIPC1 start
04-12 20:39:31.890897  1284  1284 I AT      : OPENCOM /dev/ttyCMIPC1 end
04-12 20:39:31.891465  1284  1284 E AT      : open libtrm success
04-12 20:39:31.891621  1284  1284 I AT      : SEND MSGID=0305 [INTERNAL_TEST_REQ], TXID=0000 [mtkfusionrild], DUMP=8419542400000000FF00050300000000
04-12 20:39:31.892304  1284  1677 I AT      : RECV MSGID=0306 [INTERNAL_TEST_CNF], TXID=0000, DUMP=8419542400000000FF020603000008000000040000000000
04-12 20:39:31.892379  1284  1284 I AT      : SEND MSGID=0301 [INTERNAL_OPEN_REQ], TXID=0001 [mtkfusionrild], DUMP=8419542400000000FF00010301002800000104000200000001010F002F6465762F747479434D495043310000000000000201010001000000
04-12 20:39:31.908875  1302  1335 I mipc_lib: MODEM IS READY NOW! OPENCOM /dev/ttyCMIPC5 start
04-12 20:39:31.911520  1302  1335 I mipc_lib: OPENCOM /dev/ttyCMIPC5 end
04-12 20:39:31.912217  1302  1335 E mipc_lib: open libtrm success
04-12 20:39:31.912511  1302  1335 I mipc_lib: SEND MSGID=0305 [INTERNAL_TEST_REQ], TXID=0000 [mnld], DUMP=8419542400000000FF00050300000000
04-12 20:39:31.914200  1302  1679 I mipc_lib: RECV MSGID=0306 [INTERNAL_TEST_CNF], TXID=0000, DUMP=8419542400000000FF020603000008000000040000000000
04-12 20:39:31.914358  1302  1335 I mipc_lib: SEND MSGID=0301 [INTERNAL_OPEN_REQ], TXID=0001 [mnld], DUMP=8419542400000000FF000103010020000001040002000000010105006D6E6C6400000000000000000201010001000000
04-12 20:39:32.039008  1284  1677 I AT      : RECV MSGID=0302 [INTERNAL_OPEN_CNF], TXID=0001, DUMP=8419542400000000FF020203010018000000040000000000000104000000000001010400E0930400
04-12 20:39:32.039190  1302  1679 I mipc_lib: RECV MSGID=0302 [INTERNAL_OPEN_CNF], TXID=0001, DUMP=8419542400000000FF020203010018000000040000000000000104000000000001010400E0930400
04-12 20:39:32.039204  1284  1284 I AT      : SEND MSGID=0003 [SYS_AT_REQ], TXID=0002 [mtkfusionrild], DUMP=8419542400000000010003000200180000810D002A2A2A2A2A2A2A2A2A2A2A2A2A00000000000000
04-12 20:39:32.039933  1302  1335 I trm_lib : libtrm_md_event_register: mon. thread started.
04-12 20:39:32.039981  1302  1335 I mipc_lib: SEND MSGID=008d [SYS_GET_GNSS_COCLOCK_NVDATA_REQ], TXID=0002 [mnld], DUMP=841954240000000001008D0002000000
04-12 20:39:32.042472  1284  1677 I AT      : RECV MSGID=0004 [SYS_AT_CNF], TXID=0002, DUMP=841954240000000001020400020018000000040000000000008107002A2A2A2A2A2A2A0000000000
04-12 20:39:32.043374  1284  1284 I RILC    : FUSION RIL getSimCount: 2
04-12 20:39:32.043388  1284  1284 E RILC    : RIL_register: RIL version 15
04-12 20:39:32.043391  1284  1284 I RILC    : s_registerCalled flag set, 1
04-12 20:39:32.043619  1284  1284 I RILC    : register service start
04-12 20:39:32.043820  1284  1687 I RIL-Fusion: entering mainLoop()
04-12 20:39:32.044087  1284  1687 E RfxOpUtils: [initOpLibrary] return, sDlOpHandler = 0x0
04-12 20:39:32.045464  1284  1687 D RfxGwsdUtils: [initHandler] completed
04-12 20:39:32.045560  1284  1687 D RatConfigC: getMaxRat: initial N/Lf/Lt/W/G
04-12 20:39:32.045588  1284  1687 I RfxViaUtils: [initViaHandler] not support C2K
04-12 20:39:32.048238  1302  1679 I mipc_lib: RECV MSGID=008e [SYS_GET_GNSS_COCLOCK_NVDATA_CNF], TXID=0002, DUMP=841954240000000001028E000200200000000400000000000101040052A262BD02010400FBBC95BE03010400FFFFFFFF
04-12 20:39:32.058815  1284  1687 D RilClientQueue: construct head message
04-12 20:39:32.067646  1284  1690 D RfxVersionMgr: init
04-12 20:39:32.067776  1284  1690 E RfxChannelMgr: init urc first
04-12 20:39:32.067860  1284  1690 E RfxChannelMgr: init urc first
04-12 20:39:32.068740  1284  1284 D RadioConfig_service: aosp radioConfig addService status: 0
04-12 20:39:32.068746  1284  1284 I RILC    : radioConfig called register radio config Service
04-12 20:39:32.068777  1284  1284 I RILC    : RIL_register_socket: calling registerService
04-12 20:39:32.068782  1284  1284 D RIL_SAP : publicRadioSapAidlService
04-12 20:39:32.069111  1284  1694 I RfxMainThread: initControllers start
04-12 20:39:32.069120  1284  1284 D RIL_SAP : aosp sap addservice, slotId:0, status:0
04-12 20:39:32.069166  1284  1694 I RfxOpUtils: [getPreNonSlotOpCtlerList] return, sDlOpHandler == NULL
04-12 20:39:32.069960  1284  1694 D RtmSuppServQueue: Init RtmSuppServQueue's singleton instance!
04-12 20:39:32.069987  1284  1694 D RtmSuppServController: [-1] RtmSuppServController onInit!
04-12 20:39:32.070100  1284  1694 D EccNumberSource: [XML][0][XmlEccNumberSource] START
04-12 20:39:32.070443  1284  1284 D RIL_SAP : aosp sap addservice, slotId:1, status:0
04-12 20:39:32.071604  1284  1695 W RefBase : RefBase: Object at 0xb4000077f632cd58 lost last weak reference before it had a strong reference
04-12 20:39:32.072040  1284  1692 I AT      : SEND MSGID=030b [INTERNAL_REGISTER_CMD_REQ], TXID=0013 [RFXSender_12], DUMP=8419542400000000FF000B031300080000010200068B0000
04-12 20:39:32.072230  1284  1691 E RfxBaseHandler: [0] registerToHandleMipcCmd error:-3, slotId:0, mipcId:8b06
04-12 20:39:32.072248  1284  1691 D RmmSmlUrc: [0] RmmSmlUrcHandler init
04-12 20:39:32.072313  1284  1691 D RmmSmlUrc: [0] Slot Lock on and reset the properties and key-values: slot 0
04-12 20:39:32.072888  1284  1677 I AT      : RECV MSGID=030c [INTERNAL_REGISTER_CMD_CNF], TXID=0013, DUMP=8419542400000000FF020C03130008000000040000000000
04-12 20:39:32.073111  1284  1692 D RmmSmlUrc: [1] RmmSmlUrcHandler init
04-12 20:39:32.073143  1284  1692 D RmmSmlUrc: [1] Slot Lock on and reset the properties and key-values: slot 1
04-12 20:39:32.073349  1284  1694 D EccNumberSource: [XML][0][XmlEccNumberSource] END
04-12 20:39:32.074313  1284  1694 D EccNumberPreference: [0][update] for PLMN:  GSM only: , GSM prefer: , CDMA prefer: 
04-12 20:39:32.074709  1284  1694 D RpOemCtlr: [0] init()
04-12 20:39:32.074863  1284  1694 D RtmCC   : [0] create ecc controller
04-12 20:39:32.074888  1284  1694 D RtmEcc  : [0] onInit !! (bsp)
04-12 20:39:32.075076  1284  1694 D RfxVersionMgr: waitLooper() begin
04-12 20:39:32.081150  1284  1691 I RmmCatUrcHandler: [0] RmmCatUrcHandler init slotid 0, ch id 0
04-12 20:39:32.081465  1284  1692 I RmmCatUrcHandler: [1] RmmCatUrcHandler init slotid 1, ch id 0
04-12 20:39:32.082732  1284  1691 D RmmCatUrcHandler: [0] RmmCatUrcHandler enable proactive cmd by MIPC_STK_SET_PAC_REQ
04-12 20:39:32.082777  1284  1691 I AT      : SEND MSGID=0801 [STK_SET_PAC_REQ], TXID=0033 [RFXSender_0], DUMP=8419542400000000010001083300280001012000FFFFFFFFFFFFFFFFFFFFFFFFFFFFFFFFFFFFFFFFFFFFFFFFFFFFFFFFFFFFFFFF00000000
04-12 20:39:32.083483  1284  1677 I AT      : RECV MSGID=0802 [STK_SET_PAC_CNF], TXID=0033, DUMP=841954240000000001020208330010010000040000000000000100010004040404040000000000000000000004040404040600000000000000000000060606060606060406000000000000000000000000040000000000000000000006060606060000000000000000000000000000000000000000000000000000000000000000000000000000000000000006060000000000000000000000000000000000000000000000000000000000000000000000000000000000000000000000000000000000000000000000000000000000000000000000000000000000000000000000000000000000000000000000000000000000000000000000000000000000000000000000000000000000000000000000000000000000000000000000000000
04-12 20:39:32.083728  1284  1692 D RmmCatUrcHandler: [1] RmmCatUrcHandler enable proactive cmd by MIPC_STK_SET_PAC_REQ
04-12 20:39:32.083766  1284  1692 I AT      : SEND MSGID=0801 [STK_SET_PAC_REQ], TXID=0036 [RFXSender_12], DUMP=8419542400000000020001083600280001012000FFFFFFFFFFFFFFFFFFFFFFFFFFFFFFFFFFFFFFFFFFFFFFFFFFFFFFFFFFFFFFFF00000000
04-12 20:39:32.084409  1284  1677 I AT      : RECV MSGID=0802 [STK_SET_PAC_CNF], TXID=0036, DUMP=841954240000000002020208360010010000040000000000000100010004040404040000000000000000000004040404040600000000000000000000060606060606060406000000000000000000000000040000000000000000000006060606060000000000000000000000000000000000000000000000000000000000000000000000000000000000000006060000000000000000000000000000000000000000000000000000000000000000000000000000000000000000000000000000000000000000000000000000000000000000000000000000000000000000000000000000000000000000000000000000000000000000000000000000000000000000000000000000000000000000000000000000000000000000000000000000
04-12 20:39:32.090395  1284  1691 I VT RIL URC: [0] RmmVtUrcHandler constructor
04-12 20:39:32.090983  1284  1692 I VT RIL URC: [1] RmmVtUrcHandler constructor
04-12 20:39:32.091745  1284  1691 D RmmNwHdlr: [0] Default nr_display_rule=1, jp_mode_timer1_delay_timer=20, jp_mode_timer2_delay_timer=20
04-12 20:39:32.091771  1284  1691 D RmmNwHdlr: [0] prop nr_display_rule=-1, jp_mode_timer1_delay_timer=-1, jp_mode_timer2_delay_timer=-1
04-12 20:39:32.091779  1284  1691 D RmmNwHdlr: [0] [setNrDisplayRuleToMd] mode:1, timer1:20, timer2:20
04-12 20:39:32.091795  1284  1691 I AT      : SEND MSGID=0495 [NW_SET_CACHE_ENDC_CONNECT_MODE_REQ], TXID=0059 [RFXSender_0], DUMP=841954240000000001009504590008000001010001000000
04-12 20:39:32.092331  1284  1677 I AT      : RECV MSGID=0496 [NW_SET_CACHE_ENDC_CONNECT_MODE_CNF], TXID=0059, DUMP=841954240000000001029604590008000000040000000000
04-12 20:39:32.092479  1284  1691 D RmmNwUrcHdlr: [0] RmmNwURCHandler[0] start
04-12 20:39:32.092780  1284  1692 D RmmNwHdlr: [1] Default nr_display_rule=1, jp_mode_timer1_delay_timer=20, jp_mode_timer2_delay_timer=20
04-12 20:39:32.092826  1284  1692 D RmmNwHdlr: [1] prop nr_display_rule=-1, jp_mode_timer1_delay_timer=-1, jp_mode_timer2_delay_timer=-1
04-12 20:39:32.092834  1284  1692 D RmmNwHdlr: [1] [setNrDisplayRuleToMd] mode:1, timer1:20, timer2:20
04-12 20:39:32.092847  1284  1692 I AT      : SEND MSGID=0495 [NW_SET_CACHE_ENDC_CONNECT_MODE_REQ], TXID=005c [RFXSender_12], DUMP=8419542400000000020095045C0008000001010001000000
04-12 20:39:32.093467  1284  1677 I AT      : RECV MSGID=0496 [NW_SET_CACHE_ENDC_CONNECT_MODE_CNF], TXID=005c, DUMP=8419542400000000020296045C0008000000040000000000
04-12 20:39:32.093516  1284  1692 D RmmNwUrcHdlr: [1] RmmNwURCHandler[1] start
04-12 20:39:32.107451  1284  1691 I RmmDchUrc: [0] [RmmDchUrcHandler] dlopen : module = libwpfa.so, pass.
04-12 20:39:32.107595  1284  1692 I RmmDchUrc: [1] [RmmDchUrcHandler] dlopen : module = libwpfa.so, pass.
04-12 20:39:32.107636  1284  1691 E RmmDchUrc: [0] [RmmDchUrcHandler] dlsym : symbol = setPacketRouteCfg, failed (undefined symbol: setPacketRouteCfg)
04-12 20:39:32.107668  1284  1692 E RmmDchUrc: [1] [RmmDchUrcHandler] dlsym : symbol = setPacketRouteCfg, failed (undefined symbol: setPacketRouteCfg)
04-12 20:39:32.114265  1284  1692 I AT      : SEND MSGID=030b [INTERNAL_REGISTER_CMD_REQ], TXID=00a6 [RFXSender_12], DUMP=8419542400000000FF000B03A60008000001020001860000
04-12 20:39:32.114471  1284  1691 E RfxBaseHandler: [0] registerToHandleMipcCmd error:-3, slotId:0, mipcId:8601
04-12 20:39:32.114499  1284  1691 I AT      : SEND MSGID=030b [INTERNAL_REGISTER_CMD_REQ], TXID=00a7 [RFXSender_0], DUMP=8419542400000000FF000B03A70008000001020003860000
04-12 20:39:32.114673  1284  1677 I AT      : RECV MSGID=030c [INTERNAL_REGISTER_CMD_CNF], TXID=00a6, DUMP=8419542400000000FF020C03A60008000000040000000000
04-12 20:39:32.114727  1284  1692 E RfxBaseHandler: [1] registerToHandleMipcCmd error:-3, slotId:1, mipcId:8603
04-12 20:39:32.114981  1284  1677 I AT      : RECV MSGID=030c [INTERNAL_REGISTER_CMD_CNF], TXID=00a7, DUMP=8419542400000000FF020C03A70008000000040000000000
04-12 20:39:32.119458  1284  1692 D RmmImsVideoRingtoneUrcHandler: [1] RmmImsVideoRingtoneUrcHandler constructor
04-12 20:39:32.119704  1284  1691 D RmmOemUrcHandler: [0] initRFCableStatusReader
04-12 20:39:32.119885  1284  1691 D RmmImsVideoRingtoneUrcHandler: [0] RmmImsVideoRingtoneUrcHandler constructor
04-12 20:39:32.119959  1284  1702 I RmmOemUrcHandler: [0] rfCableStatusReaderLoop - RFCable status working thread
04-12 20:39:32.120025  1284  1702 I RmmOemUrcHandler: [0] [RmmOemUrcHandler] rfCableStatusReaderLoop: fd = 19
04-12 20:39:32.122957  1284  1692 D RmmImsRttCtlUrcHdl: [1] RmmImsRttControlUrcHandler constructor
04-12 20:39:32.123568  1284  1691 D RmmImsRttCtlUrcHdl: [0] RmmImsRttControlUrcHandler constructor
04-12 20:39:32.136741  1284  1692 I AT      : SEND MSGID=030b [INTERNAL_REGISTER_CMD_REQ], TXID=00fd [RFXSender_12], DUMP=8419542400000000FF000B03FD0008000001020001890000
04-12 20:39:32.138004  1284  1677 I AT      : RECV MSGID=030c [INTERNAL_REGISTER_CMD_CNF], TXID=00fd, DUMP=8419542400000000FF020C03FD0008000000040000000000
04-12 20:39:32.138776  1284  1691 E RfxBaseHandler: [0] registerToHandleMipcCmd error:-3, slotId:0, mipcId:8901
04-12 20:39:32.139573  1284  1692 I RmmCapa : [1] constructor slot_id = 1, channel_id = 0
04-12 20:39:32.140450  1284  1691 I RmmCapa : [0] constructor slot_id = 0, channel_id = 0
04-12 20:39:32.142509  1284  1692 E AT      : [1] threadLoop. Urc init done
04-12 20:39:32.143344  1284  1691 E AT      : [0] threadLoop. Urc init done
04-12 20:39:32.143372  1284  1691 E RfxChannelMgr: urcRegisterDone
04-12 20:39:32.143376  1284  1691 E RfxChannelMgr: init other channel
04-12 20:39:32.143677  1284  1714 I AT      : [0] AT> AT+EMDVER? (RIL_CMD_READER_1 tid:505204861888)
04-12 20:39:32.143686  1284  1715 I VT RIL CMN RMM: [0] [RMM VT REQ HDLR] RmmVtCommonReqHandler create (slot_id = 0)
04-12 20:39:32.143708  1284  1715 D RmmImsVideoRingToneReqHdl: [0] RmmImsVideoRingtoneRequestHandler constructor
04-12 20:39:32.143711  1284  1714 I AT      : SEND MSGID=0003 [SYS_AT_REQ], TXID=0105 [RFXSender_1], DUMP=8419542400000000010003000501100000810B002A2A2A2A2A2A2A2A2A2A2A00
04-12 20:39:32.143855  1284  1715 D RmmCCReqHandler: [0] MIPC_CALL_DATA_PREFER_SET_REQ 1
04-12 20:39:32.143883  1284  1715 I AT      : SEND MSGID=0957 [CALL_DATA_PREFER_SET_REQ], TXID=0106 [RFXSender_2], DUMP=8419542400000000010057090601100000010100010000000101010001000000
04-12 20:39:32.144152  1284  1719 I RmmNwRTReqHdlr: [0] RmmNwRealTimeRequestHandler[0] start
04-12 20:39:32.144415  1284  1725 I AT      : [0] threadLoop. RfxReader RIL_CMD_IMS init, channel id = 11, fd = -1
04-12 20:39:32.144425  1284  1722 I AT      : SEND MSGID=0007 [SYS_GET_MAPPING_REQ], TXID=0108 [RFXSender_8], DUMP=84195424000000000100070008010000
04-12 20:39:32.144602  1284  1724 I RmmVsim : [0] RmmVsimUrcHandler init slot: 0, ch id 10
04-12 20:39:32.144755  1284  1727 I AT      : [1] AT> AT+EINFO=1074 (RIL_CMD2_READER_1 tid:505072528320)
04-12 20:39:32.144846  1284  1727 I AT      : SEND MSGID=0003 [SYS_AT_REQ], TXID=010a [RFXSender_13], DUMP=8419542400000000020003000A01180000810E002A2A2A2A2A2A2A2A2A2A2A2A2A2A000000000000
04-12 20:39:32.145012  1284  1718 I AT      : [0] AT> AT+COLP=0 (RIL_ATCI_READER tid:505167047616)
04-12 20:39:32.145057  1284  1718 I AT      : SEND MSGID=0003 [SYS_AT_REQ], TXID=010c [RFXSender_5], DUMP=8419542400000000010003000C01100000810A002A2A2A2A2A2A2A2A2A2A0000
04-12 20:39:32.145250  1284  1726 I RmmRcsReq: [0] RmmRcsReqHandler create (slot_id = 0)
04-12 20:39:32.145265  1284  1728 I VT RIL CMN RMM: [1] [RMM VT REQ HDLR] RmmVtCommonReqHandler create (slot_id = 1)
04-12 20:39:32.145280  1284  1728 D RmmImsVideoRingToneReqHdl: [1] RmmImsVideoRingtoneRequestHandler constructor
04-12 20:39:32.145310  1284  1726 I RmmRcsReq: [0] isRcsUaProxySupport: 0
04-12 20:39:32.145316  1284  1726 I VT RIL RMM: [RMM VT REQ HDLR] RmmVtReqHandler create (slot_id = 0)
04-12 20:39:32.145328  1284  1728 D RmmCCReqHandler: [1] MIPC_CALL_DATA_PREFER_SET_REQ 1
04-12 20:39:32.145343  1284  1728 I AT      : SEND MSGID=0957 [CALL_DATA_PREFER_SET_REQ], TXID=010d [RFXSender_14], DUMP=8419542400000000020057090D01100000010100010000000101010001000000
04-12 20:39:32.145515  1284  1677 I AT      : RECV MSGID=0004 [SYS_AT_CNF], TXID=0105, DUMP=8419542400000000010204000501E00300000400000000000081CD032A2A2A2A2A2A2A2A2A2A2A2A2A2A2A2A2A2A2A2A2A2A2A2A2A2A2A2A2A2A2A2A2A2A2A2A2A2A2A2A2A2A2A2A2A2A2A2A2A2A2A2A2A2A2A2A2A2A2A2A2A2A2A2A2A2A2A2A2A2A2A2A2A2A2A2A2A2A2A2A2A2A2A2A2A2A2A2A2A2A2A2A2A2A2A2A2A2A2A2A2A2A2A2A2A2A2A2A2A2A2A2A2A2A2A2A2A2A2A2A2A2A2A2A2A2A2A2A2A2A2A2A2A2A2A2A2A2A2A2A2A2A2A2A2A2A2A2A2A2A2A2A2A2A2A2A2A2A2A2A2A2A2A2A2A2A2A2A2A2A2A2A2A2A2A2A2A2A2A2A2A2A2A2A2A2A2A2A2A2A2A2A2A2A2A2A2A2A2A2A2A2A2A2A2A2A2A2A2A2A2A2A2A2A2A2A2A2A2A2A2A2A2A2A2A2A2A2A2A2A2A2A2A2A2A2A2A2A2A2A2A2A2A2A2A2A2A2A2A2A2A2A2A2A2A2A2A2A2A2A2A2A2A2A2A2A2A2A2A2A2A2A2A2A2A2A2A2A2A2A2A2A2A2A2A2A2A2A2A2A2A2A2A2A2A2A2A2A2A2A2A2A2A2A2A2A2A2A2A2A2A2A2A2A2A2A2A2A2A2A2A2A2A2A2A2A2A2A2A2A2A2A2A2A2A2A2A2A2A2A2A2A2A2A2A2A2A2A2A2A2A2A2A2A2A2A2A2A2A2A2A2A2A2A2A2A2A2A2A2A2A2A2A2A2A2A2A2A2A2A2A2A2A2A2A2A2A2A2A2A2A2A2A2A2A2A2A2A2A2A2A2A2A2A2A2A2A2A2A2A2A2A2A2A2A2A2A2A2A2A2A2A2A2A2A2A2A2A2A2A2A2A2A2A2A2A2A2A2A2A2A2A2A2A2A2A2A2A2A2A2A2A2A2A2A2A2A2A2A2A2
04-12 20:39:32.145546  1284  1714 I AT      : [0] AT< +EMDVER: "LWCTG one MD","1" (RIL_CMD_READER_1, tid:505204861888)
04-12 20:39:32.145552  1284  1714 I AT      : [0] AT< +EMDVER: "DSS_NO_RESET","1" (RIL_CMD_READER_1, tid:505204861888)
04-12 20:39:32.145555  1284  1714 I AT      : [0] AT< +EMDVER: "CDMA3G_DUAL_ACTIVATION","1" (RIL_CMD_READER_1, tid:505204861888)
04-12 20:39:32.145558  1284  1714 I AT      : [0] AT< +EMDVER: "REG_REPORT_MODE","5" (RIL_CMD_READER_1, tid:505204861888)
04-12 20:39:32.145560  1284  1714 I AT      : [0] AT< +EMDVER: "IMS_TEST_MODE","1" (RIL_CMD_READER_1, tid:505204861888)
04-12 20:39:32.145563  1284  1714 I AT      : [0] AT< +EMDVER: "POWER_ON_WITHOUT_ESIMS","1" (RIL_CMD_READER_1, tid:505204861888)
04-12 20:39:32.145566  1284  1714 I AT      : [0] AT< +EMDVER: "ECFGRESET Supported","1" (RIL_CMD_READER_1, tid:505204861888)
04-12 20:39:32.145569  1284  1714 I AT      : [0] AT< +EMDVER: "EMCI","1" (RIL_CMD_READER_1, tid:505204861888)
04-12 20:39:32.145572  1284  1714 I AT      : [0] AT< +EMDVER: "IMS SUBMARINE","1" (RIL_CMD_READER_1, tid:505204861888)
04-12 20:39:32.145575  1284  1714 I AT      : [0] AT< +EMDVER: "Full IA Parameter Supported","1" (RIL_CMD_READER_1, tid:505204861888)
04-12 20:39:32.145578  1284  1714 I AT      : [0] AT< +EMDVER: "EDATASIM Supported","1" (RIL_CMD_READER_1, tid:505204861888)
04-12 20:39:32.145580  1284  1714 I AT      : [0] AT< +EMDVER: "MD trigger edallow","1" (RIL_CMD_READER_1, tid:505204861888)
04-12 20:39:32.145583  1284  1714 I AT      : [0] AT< +EMDVER: "IA MD Preferred APN","1" (RIL_CMD_READER_1, tid:505204861888)
04-12 20:39:32.145585  1284  1714 I AT      : [0] AT< +EMDVER: "MD_MultiHoming","1" (RIL_CMD_READER_1, tid:505204861888)
04-12 20:39:32.145587  1284  1714 I AT      : [0] AT< +EMDVER: "5G_SUPPORTED","1" (RIL_CMD_READER_1, tid:505204861888)
04-12 20:39:32.145590  1284  1714 I AT      : [0] AT< +EMDVER: "NA_NO_CXP_REBOOT","1" (RIL_CMD_READER_1, tid:505204861888)
04-12 20:39:32.145592  1284  1714 I AT      : [0] AT< +EMDVER: "GEMINI_NR_PLUS_SUPPORTED","1" (RIL_CMD_READER_1, tid:505204861888)
04-12 20:39:32.145595  1284  1714 I AT      : [0] AT< +EMDVER: "SWITCH_OFF_SIM","1" (RIL_CMD_READER_1, tid:505204861888)
04-12 20:39:32.145598  1284  1714 I AT      : [0] AT< +EMDVER: "IMS over 3gpp","3" (RIL_CMD_READER_1, tid:505204861888)
04-12 20:39:32.145600  1284  1714 I AT      : [0] AT< +EMDVER: "SMB_SIMME_LOCK","1" (RIL_CMD_READER_1, tid:505204861888)
04-12 20:39:32.145602  1284  1714 I AT      : [0] AT< +EMDVER: "STK_CALL_OVER_IMS","1" (RIL_CMD_READER_1, tid:505204861888)
04-12 20:39:32.145605  1284  1714 I AT      : [0] AT< +EMDVER: "GEMINI_DR_DSDA","1" (RIL_CMD_READER_1, tid:505204861888)
04-12 20:39:32.145607  1284  1714 I AT      : [0] AT< +EMDVER: "NA_NO_CXP_REBOOT","1" (RIL_CMD_READER_1, tid:505204861888)
04-12 20:39:32.145609  1284  1714 I AT      : [0] AT< +EMDVER: "EVDO DISABLE","1" (RIL_CMD_READER_1, tid:505204861888)
04-12 20:39:32.145612  1284  1714 I AT      : [0] AT< +EMDVER: "MODE_SWITCH_BY_DATA","1" (RIL_CMD_READER_1, tid:505204861888)
04-12 20:39:32.145615  1284  1714 I AT      : [0] AT< +EMDVER: "EWIFIASC_CONN_STATE","1" (RIL_CMD_READER_1, tid:505204861888)
04-12 20:39:32.145617  1284  1714 I AT      : [0] AT< +EMDVER: "CN_WFC","1" (RIL_CMD_READER_1, tid:505204861888)
04-12 20:39:32.145620  1284  1714 I AT      : [0] AT< +EMDVER: "NULL_ALGOS","1" (RIL_CMD_READER_1, tid:505204861888)
04-12 20:39:32.145622  1284  1714 I AT      : [0] AT< OK (RIL_CMD_READER_1, tid:505204861888)
04-12 20:39:32.145655  1284  1714 I AT      : [0] AT> AT+EINFO=1074 (RIL_CMD_READER_1 tid:505204861888)
04-12 20:39:32.145663  1284  1714 I AT      : SEND MSGID=0003 [SYS_AT_REQ], TXID=010e [RFXSender_1], DUMP=8419542400000000010003000E01180000810E002A2A2A2A2A2A2A2A2A2A2A2A2A2A000000000000
04-12 20:39:32.145685  1284  1694 D RfxVersionMgr: waitLooper() end
04-12 20:39:32.146141  1284  1726 I VT RIL RMM: is SUBMARINE Support, IMS SUBMARINE = 1
04-12 20:39:32.146158  1284  1726 I VT RIL RMM: no sender fd, begin to open, real_channel_id:11
04-12 20:39:32.146178  1284  1736 I VT RIL THD: [RIL IMCB THD] Start
04-12 20:39:32.146270  1284  1732 I RmmNwRTReqHdlr: [1] RmmNwRealTimeRequestHandler[1] start
04-12 20:39:32.146288  1284  1733 I VT RIL THD: [VT RIL THD] Start
04-12 20:39:32.146322  1284  1733 I VT RIL THD: [VT RIL THD] socket fd: 31
04-12 20:39:32.146327  1284  1733 I VT RIL THD: [VT RIL THD] start readerLooper
04-12 20:39:32.146632  1284  1731 I AT      : [1] AT> AT+COLP=0 (RIL_ATCI2_READER tid:504933002176)
04-12 20:39:32.146649  1284  1731 I AT      : SEND MSGID=0003 [SYS_AT_REQ], TXID=010f [RFXSender_17], DUMP=8419542400000000020003000F01100000810A002A2A2A2A2A2A2A2A2A2A0000
04-12 20:39:32.146912  1284  1716 I RmmMwi  : [0] [RmmMobileWifiRequestHandler] dlopen : module = libwpfa.so, pass.
04-12 20:39:32.147058  1284  1729 I RmmMwi  : [1] [RmmMobileWifiRequestHandler] dlopen : module = libwpfa.so, pass.
04-12 20:39:32.147179  1284  1694 I RtmMwi  : [0] [onInit] dlopen: module = libwpfa.so, pass
04-12 20:39:32.147199  1284  1694 I RtmMwi  : [0] init wpfa sNeedInitWpfa:1
04-12 20:39:32.147203  1284  1694 I wpfa    : start
04-12 20:39:32.147214  1284  1738 I RmmVsim : [1] RmmVsimUrcHandler init slot: 1, ch id 10
04-12 20:39:32.147217  1284  1694 I WpfaCppUtils: initialRuleContainer!
04-12 20:39:32.147215  1284  1726 I VT RIL RMM: open dev successfully dev/ccci_vts
04-12 20:39:32.147307  1284  1740 I RmmRcsReq: [1] RmmRcsReqHandler create (slot_id = 1)
04-12 20:39:32.147315  1284  1740 I RmmRcsReq: [1] isRcsUaProxySupport: 0
04-12 20:39:32.147319  1284  1740 I VT RIL RMM: [RMM VT REQ HDLR] RmmVtReqHandler create (slot_id = 1)
04-12 20:39:32.147334  1284  1740 I VT RIL RMM: is SUBMARINE Support, IMS SUBMARINE = 1
04-12 20:39:32.147336  1284  1740 I VT RIL RMM: submaring, and current not SIM1, just skip because ccci_vts to RIL_CMD_IMS for all SIMs
04-12 20:39:32.147338  1284  1740 I RfxChannelMgr: init initImsFd, channel_id:23, imsFd:-999
04-12 20:39:32.147469  1284  1739 I AT      : [1] threadLoop. RfxReader RIL_CMD2_IMS init, channel id = 23, fd = -999
04-12 20:39:32.147498  1284  1739 I AT      : [1] submarine ims reader2, quit as useless
04-12 20:39:32.147505  1284  1739 W RefBase : RefBase: Object at 0xb4000076963320d0 lost last weak reference before it had a strong reference
04-12 20:39:32.147631  1284  1726 I RfxChannelMgr: init initImsFd, channel_id:11, imsFd:61
04-12 20:39:32.147711  1284  1726 I VT RIL RMM: getinfo,real_channel_id=11, senderFd=61
04-12 20:39:32.148191  1284  1729 D RmmGwsdReqHdl: [1] RmmGwsdRequestHandler constructor
04-12 20:39:32.148228  1284  1729 I AT      : SEND MSGID=030b [INTERNAL_REGISTER_CMD_REQ], TXID=0112 [RFXSender_15], DUMP=8419542400000000FF000B03120108000001020003890000
04-12 20:39:32.148404  1284  1716 I RmmSimCommReq: [0] isNormalBootUp = 1, boot_reason = reboot,shell
04-12 20:39:32.148451  1284  1716 I AT      : SEND MSGID=0057 [SYS_SILENT_REBOOT_REQ], TXID=0113 [RFXSender_3], DUMP=841954240000000001005700130108000001010000000000
04-12 20:39:32.151350  1284  1677 I AT      : RECV MSGID=0008 [SYS_GET_MAPPING_CNF], TXID=0108, DUMP=841954240000000001020800080140000000040000000000000101000200000001010800000000000100000000000000020100000000000000000000FE7F0200FE7F040000000000FF7F040001000000
04-12 20:39:32.151415  1284  1677 I AT      : RECV MSGID=0958 [CALL_DATA_PREFER_SET_CNF], TXID=0106, DUMP=841954240000000001025809060108000000040000000000
04-12 20:39:32.151416  1284  1722 I RmmCapa : [0] queryMainProtocol, main_sim:1, count:2, len:8
04-12 20:39:32.151427  1284  1723 I RmmDcImsURCHandler: setImsNotifySwitch
04-12 20:39:32.152624  1284  1694 I WpfaShmAccessController: openShareMemory(), ccci_md: 0, mCcciShareMemoryHandler: 69, pShareMemoryBase: 0x7852009000, mShareMemoryLength: 65536
04-12 20:39:32.152647  1284  1722 I AT      : SEND MSGID=0431 [NW_GET_BAND_MODE_REQ], TXID=0116 [RFXSender_8], DUMP=841954240000000001003104160108000001010001000000
04-12 20:39:32.152673  1284  1723 I AT      : SEND MSGID=0003 [SYS_AT_REQ], TXID=0117 [RFXSender_9], DUMP=84195424000000000100030017012000008116002A2A2A2A2A2A2A2A2A2A2A2A2A2A2A2A2A2A2A2A2A2A000000000000
04-12 20:39:32.154539  1284  1677 I AT      : RECV MSGID=0004 [SYS_AT_CNF], TXID=010a, DUMP=8419542400000000020204000A0118000000040000000000008107002A2A2A2A2A2A2A0000000000
04-12 20:39:32.154599  1284  1727 I AT      : [1] AT< OK (RIL_CMD2_READER_1, tid:505072528320)
04-12 20:39:32.154643  1284  1727 I AT      : [1] AT> AT+EINFO=1082,401,0 (RIL_CMD2_READER_1 tid:505072528320)
04-12 20:39:32.154659  1284  1727 I AT      : SEND MSGID=0003 [SYS_AT_REQ], TXID=0118 [RFXSender_13], DUMP=84195424000000000200030018011800008114002A2A2A2A2A2A2A2A2A2A2A2A2A2A2A2A2A2A2A2A
04-12 20:39:32.156770  1284  1694 I WpfaDriver: -init() ret=0
04-12 20:39:32.156832  1284  1694 I wpfa    : [startLoops] create dl reader thread OK, mReaderPacketThread:504692853696
04-12 20:39:32.156867  1284  1694 I WpfaCppUtils: initialA2MRingBuffer!
04-12 20:39:32.156928  1284  1694 I wpfa    : [startLoops] create a2m reader thread,ret: 0, mA2mRingBufferReaderThread:504691788736
04-12 20:39:32.157149  1284  1746 D wpfa    : a2mReaderLoop starting
04-12 20:39:32.157308  1284  1745 D wpfa    : wpfa_dl starts
04-12 20:39:32.157318  1284  1746 I WpfaCppUtils: enter readRingBuffer's while loop
04-12 20:39:32.157339  1284  1745 D wpfa    : startinitialIptables
04-12 20:39:32.157346  1284  1744 I WpfaControlMsgHandler: new Reader/Sender
04-12 20:39:32.159597  1284  1677 I AT      : RECV MSGID=0004 [SYS_AT_CNF], TXID=010e, DUMP=8419542400000000010204000E0118000000040000000000008107002A2A2A2A2A2A2A0000000000
04-12 20:39:32.159709  1284  1714 I AT      : [0] AT< OK (RIL_CMD_READER_1, tid:505204861888)
04-12 20:39:32.159751  1284  1677 I AT      : RECV MSGID=0958 [CALL_DATA_PREFER_SET_CNF], TXID=010d, DUMP=8419542400000000020258090D0108000000040000000000
04-12 20:39:32.159756  1284  1714 I AT      : [0] AT> AT+EINFO=1082,401,0 (RIL_CMD_READER_1 tid:505204861888)
04-12 20:39:32.159791  1284  1714 I AT      : SEND MSGID=0003 [SYS_AT_REQ], TXID=0119 [RFXSender_1], DUMP=84195424000000000100030019011800008114002A2A2A2A2A2A2A2A2A2A2A2A2A2A2A2A2A2A2A2A
04-12 20:39:32.159811  1284  1677 I AT      : RECV MSGID=0004 [SYS_AT_CNF], TXID=010c, DUMP=8419542400000000010204000C0118000000040000000000008107002A2A2A2A2A2A2A0000000000
04-12 20:39:32.159862  1284  1737 I RmmDcImsURCHandler: setImsNotifySwitch
04-12 20:39:32.159888  1284  1737 I AT      : SEND MSGID=0003 [SYS_AT_REQ], TXID=011b [RFXSender_21], DUMP=8419542400000000020003001B012000008116002A2A2A2A2A2A2A2A2A2A2A2A2A2A2A2A2A2A2A2A2A2A000000000000
04-12 20:39:32.159893  1284  1718 I AT      : [0] AT< OK (RIL_ATCI_READER, tid:505167047616)
04-12 20:39:32.160524  1284  1677 I AT      : RECV MSGID=030c [INTERNAL_REGISTER_CMD_CNF], TXID=0112, DUMP=8419542400000000FF020C03120108000000040015000000
04-12 20:39:32.160597  1284  1729 I AT      : SEND MSGID=030b [INTERNAL_REGISTER_CMD_REQ], TXID=011c [RFXSender_15], DUMP=8419542400000000FF000B031C0108000001020005890000
04-12 20:39:32.161945  1284  1694 D RtmSCBM : [-1] RtmSCBMController: constructor
04-12 20:39:32.161981  1284  1694 D RtmAtciController: [-1] [onInit] enter
04-12 20:39:32.162019  1284  1694 D VT RIL RTM: [0] [RTM VT REQ HDLR] onInit
04-12 20:39:32.162807  1284  1694 D RtmPhbSimIo: [0] [onInit]
04-12 20:39:32.162840  1284  1694 D RtmPhbInModem: [0] [onInit]
04-12 20:39:32.162856  1284  1694 D RtmImsRtt: [0] onInit()
04-12 20:39:32.162874  1284  1694 D RtmGwsdCtrl: [0][onInit] enter
04-12 20:39:32.162953  1284  1694 D RtmVsim : [0] onInit, slot:0
04-12 20:39:32.162985  1284  1694 D RtmRcs  : [0][onInit] enter
04-12 20:39:32.162997  1284  1694 D RpElCtlr: [0] init()
04-12 20:39:32.163174  1284  1717 I AT      : SEND MSGID=030b [INTERNAL_REGISTER_CMD_REQ], TXID=011e [RFXSender_4], DUMP=8419542400000000FF000B031E0108000001020003830000
04-12 20:39:32.163452  1284  1677 I AT      : RECV MSGID=0058 [SYS_SILENT_REBOOT_CNF], TXID=0113, DUMP=841954240000000001025800130108000000040000000000
04-12 20:39:32.163679  1284  1694 D RtmSuppServController: [-1] RtmSuppServController onInit!
04-12 20:39:32.163818  1284  1694 D EccNumberSource: [XML][1][XmlEccNumberSource] START
04-12 20:39:32.164992  1284  1716 D RmmCatComReqHandler: [0] initMdStatusQueryLoop
04-12 20:39:32.165135  1284  1716 D RmmGwsdReqHdl: [0] RmmGwsdRequestHandler constructor
04-12 20:39:32.165176  1284  1716 E RfxBaseHandler: [0] registerToHandleMipcCmd error:-3, slotId:0, mipcId:8903
04-12 20:39:32.165183  1284  1716 E RfxBaseHandler: [0] registerToHandleMipcCmd error:-3, slotId:0, mipcId:8905
04-12 20:39:32.165215  1284  1716 I AT      : SEND MSGID=0a18 [IMS_ENABLE_DATA_CHANNEL_REQ], TXID=011f [RFXSender_3], DUMP=84195424000000000100180A1F0108000001010001000000
04-12 20:39:32.165229  1284  1753 I RmmCatComReqHandler: [0] mdStatusQueryLoop: fd = 72
04-12 20:39:32.165243  1284  1753 I RmmCatComReqHandler: [0] getResetLock result: 0
04-12 20:39:32.165250  1284  1753 I RmmCatComReqHandler: [0] mdStatusQueryLoop: count: 56 modem id: 0, event type: 10, reason: ----
04-12 20:39:32.165422  1284  1677 I AT      : RECV MSGID=0004 [SYS_AT_CNF], TXID=010f, DUMP=8419542400000000020204000F0118000000040000000000008107002A2A2A2A2A2A2A0000000000
04-12 20:39:32.165552  1284  1731 I AT      : [1] AT< OK (RIL_ATCI2_READER, tid:504933002176)
04-12 20:39:32.166267  1284  1677 I AT      : RECV MSGID=4a03 [IMS_PDN_IND], TXID=ffff, DUMP=84195424000000000103034AFFFF100000010100010000000301040000000000
04-12 20:39:32.166763  1284  1677 I AT      : RECV MSGID=0004 [SYS_AT_CNF], TXID=0117, DUMP=841954240000000001020400170118000000040000000000008107002A2A2A2A2A2A2A0000000000
04-12 20:39:32.166893  1284  1694 D EccNumberSource: [XML][1][XmlEccNumberSource] END
04-12 20:39:32.167120  1284  1723 E RmmDcImsURCHandler: [0][handleImsBearerNotify] IMS notification indType=1, aid=0, action = 0, type = 0,apn type=emergency 
04-12 20:39:32.167318  1284  1694 D EccNumberPreference: [1][update] for PLMN:  GSM only: , GSM prefer: , CDMA prefer: 
04-12 20:39:32.167486  1284  1723 I RmmDcImsURCHandler: [0][setLinkMaster] deactivate pdn type is emergency, slotid is 0
04-12 20:39:32.167505  1284  1723 D RmmDcImsURCHandler: [0][setLinkMaster] Property is null, no need to clean property, ret = 11
04-12 20:39:32.167509  1284  1723 D RmmDcImsURCHandler: [0][handleImsBearerNotify] IMS notification phone=0 bearer initial...
04-12 20:39:32.167778  1284  1694 D RpOemCtlr: [1] init()
04-12 20:39:32.167969  1284  1694 D RtmCC   : [1] create ecc controller
04-12 20:39:32.167999  1284  1694 D RtmEcc  : [1] onInit !! (bsp)
04-12 20:39:32.168315  1284  1677 I AT      : RECV MSGID=0432 [NW_GET_BAND_MODE_CNF], TXID=0116, DUMP=8419542400000000010232041601C8000000040000000000000104009A000000010104009B00000002012000DF080908A00300004200000000000000000000000000000000000000000000000000000003018000D5080808A001000042300000000000000000000000000000000000000000000000000000000000000000000000000000000000000000000000000000000000000000000000000000000000000000000000000000000000000000000000000000000000000000000000000000000000000000000000000000000000000000000000000000
04-12 20:39:32.168494  1284  1694 I RtmMwi  : [1] [onInit] dlopen: module = libwpfa.so, pass
04-12 20:39:32.168839  1284  1694 D RtmSCBM : [-1] RtmSCBMController: constructor
04-12 20:39:32.169008  1284  1694 D RtmAtciController: [-1] [onInit] enter
04-12 20:39:32.169074  1284  1694 D VT RIL RTM: [1] [RTM VT REQ HDLR] onInit
04-12 20:39:32.169116  1284  1694 D VT RIL RTM: [1] [RTM VT REQ HDLR] send RFX_MSG_EVENT_VT_ENABLE_ANBR, enable
04-12 20:39:32.169126  1284  1694 D RtmPhbSimIo: [1] [onInit]
04-12 20:39:32.169151  1284  1694 D RtmPhbInModem: [1] [onInit]
04-12 20:39:32.169165  1284  1694 D RtmImsRtt: [1] onInit()
04-12 20:39:32.169193  1284  1694 D RtmGwsdCtrl: [1][onInit] enter
04-12 20:39:32.169267  1284  1694 D RtmVsim : [1] onInit, slot:1
04-12 20:39:32.169301  1284  1694 D RtmRcs  : [1][onInit] enter
04-12 20:39:32.169313  1284  1694 D RpElCtlr: [1] init()
04-12 20:39:32.169367  1284  1694 I RtmCapa : [-1] constructor entered
04-12 20:39:32.169394  1284  1694 I RtmCapa : constructor entered
04-12 20:39:32.169400  1284  1694 I RtmCapa : [-1] constructor entered
04-12 20:39:32.169462  1284  1694 D RpMDCtrl: [-1] Init()
04-12 20:39:32.169496  1284  1694 D RtcRilClientController: [-1] RtcRilClientController init()
04-12 20:39:32.169499  1284  1694 D RtcRilClientController: [-1] init client number: 2
04-12 20:39:32.169505  1284  1694 D RtcRilClientController: [-1] RtcRilClientController CLIENT_TYPE_OEM
04-12 20:39:32.169524  1284  1722 I RmmCapa : [0] sendEGRAT: raf=1297934, rat=22, nw_type=15
04-12 20:39:32.169566  1284  1677 I AT      : RECV MSGID=0004 [SYS_AT_CNF], TXID=0118, DUMP=841954240000000002020400180118000000040000000000008107002A2A2A2A2A2A2A0000000000
04-12 20:39:32.169616  1284  1694 I RilOemClient: Init Oem client
04-12 20:39:32.169632  1284  1694 D RilClientQueue: construct client with client id 1001
04-12 20:39:32.169637  1284  1694 D RtcRilClientController: [-1] RtcRilClientController CLIENT_TYPE_ATCI
04-12 20:39:32.169692  1284  1694 D RilClientQueue: construct client with client id 1006
04-12 20:39:32.169752  1284  1694 W sms-ril : [RtmSmsThread]create
04-12 20:39:32.169758  1284  1694 V sms-ril : [RtmSmsThread]Construct 0x12970367435347974848
04-12 20:39:32.169784  1284  1756 I RilClient: start listen on fd: 32, socket name: rild-atci
04-12 20:39:32.169873  1284  1757 D sms-ril : [RtmSmsThread]readyToRun
04-12 20:39:32.170616  1284  1755 I RilClient: start listen on fd: 30, socket name: rild-oem
04-12 20:39:32.169824  1284  1694 I RfxMainThread: initControllers end
04-12 20:39:32.170647  1284  1694 I RfxMainThread: initControllers process async queue start
04-12 20:39:32.170651  1284  1694 I RfxMainThread: initControllers process async queue end
04-12 20:39:32.170724  1284  1694 D RtmCC   : [0] [onCsPhoneChanged], preCsPhone:0, newCsPhone:0
04-12 20:39:32.170734  1284  1694 D RtmCarrier: [0] [onNwsModeChanged] oldValue: -1, newValue: 1
04-12 20:39:32.170738  1284  1694 D RtmCarrier: [0] [onNwsModeChanged] mccmnc is empty
04-12 20:39:32.170756  1284  1694 D RtmCC   : [1] [onCsPhoneChanged], preCsPhone:0, newCsPhone:0
04-12 20:39:32.170761  1284  1694 D RtmCarrier: [1] [onNwsModeChanged] oldValue: -1, newValue: 1
04-12 20:39:32.170765  1284  1694 D RtmCarrier: [1] [onNwsModeChanged] mccmnc is empty
04-12 20:39:32.170858  1284  1694 I RILC    : isMtkFwkAddonNotExisted(0) 0
04-12 20:39:32.171180  1284  1722 I AT      : SEND MSGID=0489 [NW_SET_RADIO_CAPABILITY_REQ], TXID=0121 [RFXSender_8], DUMP=84195424000000000100890421010800000104000F000000
04-12 20:39:32.171682  1284  1735 I RmmCapa : [1] sendEGRAT: raf=1297934, rat=22, nw_type=15
04-12 20:39:32.171715  1284  1735 I AT      : SEND MSGID=0489 [NW_SET_RADIO_CAPABILITY_REQ], TXID=0122 [RFXSender_20], DUMP=84195424000000000200890422010800000104000F000000
04-12 20:39:32.171857  1284  1727 I AT      : [1] AT< OK (RIL_CMD2_READER_1, tid:505072528320)
04-12 20:39:32.171899  1284  1727 I AT      : SEND MSGID=0001 [SYS_GET_INFO_REQ], TXID=0123 [RFXSender_13], DUMP=84195424000000000200010023010000
04-12 20:39:32.172499  1284  1677 I AT      : RECV MSGID=4a03 [IMS_PDN_IND], TXID=ffff, DUMP=84195424000000000203034AFFFF100000010100010000000301040000000000
04-12 20:39:32.172574  1284  1677 I AT      : RECV MSGID=0004 [SYS_AT_CNF], TXID=011b, DUMP=8419542400000000020204001B0118000000040000000000008107002A2A2A2A2A2A2A0000000000
04-12 20:39:32.173062  1284  1737 E RmmDcImsURCHandler: [1][handleImsBearerNotify] IMS notification indType=1, aid=0, action = 0, type = 0,apn type=emergency 
04-12 20:39:32.173103  1284  1737 I RmmDcImsURCHandler: [1][setLinkMaster] deactivate pdn type is emergency, slotid is 1
04-12 20:39:32.173109  1284  1737 D RmmDcImsURCHandler: [1][setLinkMaster] Property is null, no need to clean property, ret = 11
04-12 20:39:32.173112  1284  1737 D RmmDcImsURCHandler: [1][handleImsBearerNotify] IMS notification phone=1 bearer initial...
04-12 20:39:32.173249  1284  1677 I AT      : RECV MSGID=030c [INTERNAL_REGISTER_CMD_CNF], TXID=011c, DUMP=8419542400000000FF020C031C0108000000040015000000
04-12 20:39:32.173339  1284  1729 I AT      : SEND MSGID=0a18 [IMS_ENABLE_DATA_CHANNEL_REQ], TXID=0124 [RFXSender_15], DUMP=84195424000000000200180A240108000001010001000000
04-12 20:39:32.173690  1284  1677 I AT      : RECV MSGID=0004 [SYS_AT_CNF], TXID=0119, DUMP=841954240000000001020400190118000000040000000000008107002A2A2A2A2A2A2A0000000000
04-12 20:39:32.173746  1284  1714 I AT      : [0] AT< OK (RIL_CMD_READER_1, tid:505204861888)
04-12 20:39:32.173771  1284  1714 I AT      : SEND MSGID=0001 [SYS_GET_INFO_REQ], TXID=0125 [RFXSender_1], DUMP=84195424000000000100010025010000
04-12 20:39:32.174433  1284  1724 D RmmVsim : [0] RmmVsimRequestHandler construct,slot:0, channel:10(10), support:1
04-12 20:39:32.175003  1284  1677 I AT      : RECV MSGID=030c [INTERNAL_REGISTER_CMD_CNF], TXID=011e, DUMP=8419542400000000FF020C031E0108000000040000000000
04-12 20:39:32.175341  1284  1717 I AT      : SEND MSGID=030b [INTERNAL_REGISTER_CMD_REQ], TXID=0126 [RFXSender_4], DUMP=8419542400000000FF000B03260108000001020005830000
04-12 20:39:32.175815  1284  1677 I AT      : RECV MSGID=0a19 [IMS_ENABLE_DATA_CHANNEL_CNF], TXID=011f, DUMP=84195424000000000102190A1F0108000000040000000000
04-12 20:39:32.175976  1284  1724 E RmmVsim : [0] [VSIM] requestSetAkaSim rsim=-1, aka-sim=-1
04-12 20:39:32.176263  1284  1724 I AT      : SEND MSGID=056b [SIM_VSIM_DISABLE_REQ], TXID=0127 [RFXSender_10], DUMP=841954240000000001006B0527010000
04-12 20:39:32.176844  1284  1716 D RmmSCBMRequest: [0] RmmSCBMRequestHandler: constructor
04-12 20:39:32.177434  1284  1738 D RmmVsim : [1] RmmVsimRequestHandler construct,slot:1, channel:10(10), support:1
04-12 20:39:32.177512  1284  1677 I AT      : RECV MSGID=048a [NW_SET_RADIO_CAPABILITY_CNF], TXID=0121, DUMP=841954240000000001028A04210108000000040000000000
04-12 20:39:32.177609  1284  1745 I wpfa_iptable_android: poll()done, b = 0,  and executeIptable returns=
04-12 20:39:32.180554  1284  1677 I AT      : RECV MSGID=048a [NW_SET_RADIO_CAPABILITY_CNF], TXID=0122, DUMP=841954240000000002028A04220108000000040000000000
04-12 20:39:32.180677  1284  1677 I AT      : RECV MSGID=0a19 [IMS_ENABLE_DATA_CHANNEL_CNF], TXID=0124, DUMP=84195424000000000202190A240108000000040000000000
04-12 20:39:32.180806  1284  1735 D RmmModemRequestHandler: [1] RmmModemRequestHandler constructor
04-12 20:39:32.181121  1284  1738 E RmmVsim : [1] [VSIM] requestSetAkaSim rsim=-1, aka-sim=-1
04-12 20:39:32.181261  1284  1738 I AT      : SEND MSGID=056b [SIM_VSIM_DISABLE_REQ], TXID=0128 [RFXSender_22], DUMP=841954240000000002006B0528010000
04-12 20:39:32.181762  1284  1729 D RmmSCBMRequest: [1] RmmSCBMRequestHandler: constructor
04-12 20:39:32.181860  1284  1729 D RmmImsProvisioningRequestHandler: [1] RmmImsProvisioningRequestHandler constructor
04-12 20:39:32.181878  1284  1729 D RmmImsMipcRttCtlReqHdl: [1] RmmImsRttControlRequestHandler constructor
04-12 20:39:32.182036  1284  1722 I trm_lib : libtrm_md_event_register: mon. thread started.
04-12 20:39:32.182148  1284  1760 E RmmRadioReq: [0] mdStatusEventCb: event_type: 10
04-12 20:39:32.182555  1284  1729 I AT      : SEND MSGID=0a00 [IMS_SET_CONFIG_REQ], TXID=0129 [RFXSender_15], DUMP=84195424000000000200000A290130000001040001000000010115006D746B5F63745F766F6C74655F737570706F727400000000000000000201010032000000
04-12 20:39:32.182971  1284  1677 I AT      : RECV MSGID=030c [INTERNAL_REGISTER_CMD_CNF], TXID=0126, DUMP=8419542400000000FF020C03260108000000040000000000
04-12 20:39:32.183022  1284  1677 I AT      : RECV MSGID=056c [SIM_VSIM_DISABLE_CNF], TXID=0127, DUMP=841954240000000001026C052701100000000400000000000001040000000000
04-12 20:39:32.183076  1284  1717 I AT      : SEND MSGID=030b [INTERNAL_REGISTER_CMD_REQ], TXID=012a [RFXSender_4], DUMP=8419542400000000FF000B032A0108000001020007830000
04-12 20:39:32.183312  1284  1722 D RmmModemRequestHandler: [0] RmmModemRequestHandler constructor
04-12 20:39:32.184339  1284  1677 I AT      : RECV MSGID=056c [SIM_VSIM_DISABLE_CNF], TXID=0128, DUMP=841954240000000002026C052801100000000400000000000001040000000000
04-12 20:39:32.186771  1284  1716 D RmmImsProvisioningRequestHandler: [0] RmmImsProvisioningRequestHandler constructor
04-12 20:39:32.187009  1284  1716 D RmmImsMipcRttCtlReqHdl: [0] RmmImsRttControlRequestHandler constructor
04-12 20:39:32.189300  1284  1677 I AT      : RECV MSGID=030c [INTERNAL_REGISTER_CMD_CNF], TXID=012a, DUMP=8419542400000000FF020C032A0108000000040000000000
04-12 20:39:32.189356  1284  1717 I AT      : SEND MSGID=030b [INTERNAL_REGISTER_CMD_REQ], TXID=012b [RFXSender_4], DUMP=8419542400000000FF000B032B01080000010200028B0000
04-12 20:39:32.190156  1284  1677 I AT      : RECV MSGID=0a01 [IMS_SET_CONFIG_CNF], TXID=0129, DUMP=84195424000000000202010A290108000000040002000000
04-12 20:39:32.190282  1284  1729 I AT      : SEND MSGID=0581 [MIPC_SIM_ESIM_SWITCH_GET_REQ], TXID=012c [RFXSender_15], DUMP=8419542400000000020081052C010000
04-12 20:39:32.190343  1284  1729 D RmmHdcHdr: [1] onHandleEvent: 52011
04-12 20:39:32.190367  1284  1729 D RmmHdcHdr: [1] sendHardwareConfigUrc: m_slot_id:1
04-12 20:39:32.191384  1284  1677 I AT      : RECV MSGID=030c [INTERNAL_REGISTER_CMD_CNF], TXID=012b, DUMP=8419542400000000FF020C032B0108000000040000000000
04-12 20:39:32.192018  1284  1717 I AT      : SEND MSGID=010b [APN_SET_PROFILE_STATUS_REQ], TXID=012d [RFXSender_4], DUMP=841954240000000001000B012D0108000101010001000000
04-12 20:39:32.192105  1284  1730 I NetAgentService: [registerInterfaceInfoChanged] action=0xb40000778636c450, slotId=1, mSimCount=2
04-12 20:39:32.192137  1284  1730 I AT      : SEND MSGID=0219 [DATA_GET_PDP_CID_REQ], TXID=012e [RFXSender_16], DUMP=8419542400000000020019022E010000
04-12 20:39:32.192199  1284  1721 I AT      : SEND MSGID=0003 [SYS_AT_REQ], TXID=012f [NA-EventLoop], DUMP=8419542400000000010003002F01100000810B002A2A2A2A2A2A2A2A2A2A2A00
04-12 20:39:32.192655  1284  1677 I AT      : RECV MSGID=0582 [MIPC_SIM_ESIM_SWITCH_GET_CNF], TXID=012c, DUMP=8419542400000000020282052C011800000004000000000000010100010000000101010000000000
04-12 20:39:32.194697  1284  1725 I AT      : [0] Vilte fd initialized done
04-12 20:39:32.195167  1284  1677 I AT      : RECV MSGID=021a [DATA_GET_PDP_CID_CNF], TXID=012e, DUMP=841954240000000002021A022E011800000004000000000000010100000000000101010032000000
04-12 20:39:32.195235  1284  1730 I RmmDcPdnManager: [1][getModemSupportPdnNumber] min_cid:0, max_id:50
04-12 20:39:32.195385  1284  1730 I AT      : [1] AT> AT+EIAREG=1 (RIL_CMD2_READER_4 tid:504967621568)
04-12 20:39:32.195412  1284  1730 I AT      : SEND MSGID=0003 [SYS_AT_REQ], TXID=0130 [RFXSender_16], DUMP=8419542400000000020003003001100000810C002A2A2A2A2A2A2A2A2A2A2A2A
04-12 20:39:32.195677  1284  1677 I AT      : RECV MSGID=010c [APN_SET_PROFILE_STATUS_CNF], TXID=012d, DUMP=841954240000000001020C012D0108000000040000000000
04-12 20:39:32.195744  1284  1717 I NetAgentService: [registerInterfaceInfoChanged] action=0xb40000778636c900, slotId=0, mSimCount=2
04-12 20:39:32.195785  1284  1717 I AT      : SEND MSGID=0219 [DATA_GET_PDP_CID_REQ], TXID=0131 [RFXSender_4], DUMP=84195424000000000100190231010000
04-12 20:39:32.196520  1284  1745 I wpfa_iptable_android: poll()done, b = 0,  and executeIptable returns=
04-12 20:39:32.198859  1284  1677 I AT      : RECV MSGID=0004 [SYS_AT_CNF], TXID=012f, DUMP=8419542400000000010204002F0118000000040000000000008107002A2A2A2A2A2A2A0000000000
04-12 20:39:32.199659  1284  1677 I AT      : RECV MSGID=0004 [SYS_AT_CNF], TXID=0130, DUMP=841954240000000002020400300118000000040000000000008107002A2A2A2A2A2A2A0000000000
04-12 20:39:32.199787  1284  1730 I AT      : [1] AT< OK (RIL_CMD2_READER_4, tid:504967621568)
04-12 20:39:32.199845  1284  1730 I AT      : [1] AT> AT+ECCAUSE=1 (RIL_CMD2_READER_4 tid:504967621568)
04-12 20:39:32.199876  1284  1730 I AT      : SEND MSGID=0003 [SYS_AT_REQ], TXID=0132 [RFXSender_16], DUMP=8419542400000000020003003201180000810D002A2A2A2A2A2A2A2A2A2A2A2A2A00000000000000
04-12 20:39:32.200855  1284  1677 I AT      : RECV MSGID=021a [DATA_GET_PDP_CID_CNF], TXID=0131, DUMP=841954240000000001021A0231011800000004000000000000010100000000000101010032000000
04-12 20:39:32.201534  1284  1717 I RmmDcPdnManager: [0][getModemSupportPdnNumber] min_cid:0, max_id:50
04-12 20:39:32.201684  1284  1717 I AT      : [0] AT> AT+EIAREG=1 (RIL_CMD_READER_4 tid:505168112576)
04-12 20:39:32.201712  1284  1717 I AT      : SEND MSGID=0003 [SYS_AT_REQ], TXID=0133 [RFXSender_4], DUMP=8419542400000000010003003301100000810C002A2A2A2A2A2A2A2A2A2A2A2A
04-12 20:39:32.205074  1284  1677 I AT      : RECV MSGID=0004 [SYS_AT_CNF], TXID=0133, DUMP=841954240000000001020400330118000000040000000000008107002A2A2A2A2A2A2A0000000000
04-12 20:39:32.205148  1284  1717 I AT      : [0] AT< OK (RIL_CMD_READER_4, tid:505168112576)
04-12 20:39:32.205195  1284  1717 I AT      : [0] AT> AT+ECCAUSE=1 (RIL_CMD_READER_4 tid:505168112576)
04-12 20:39:32.205208  1284  1717 I AT      : SEND MSGID=0003 [SYS_AT_REQ], TXID=0134 [RFXSender_4], DUMP=8419542400000000010003003401180000810D002A2A2A2A2A2A2A2A2A2A2A2A2A00000000000000
04-12 20:39:32.205696  1284  1677 I AT      : RECV MSGID=0004 [SYS_AT_CNF], TXID=0132, DUMP=841954240000000002020400320118000000040000000000008107002A2A2A2A2A2A2A0000000000
04-12 20:39:32.205836  1284  1730 I AT      : [1] AT< OK (RIL_CMD2_READER_4, tid:504967621568)
04-12 20:39:32.206020  1284  1730 I AT      : SEND MSGID=0421 [NW_GET_IDLE_HINT_REQ], TXID=0135 [RFXSender_16], DUMP=84195424000000000200210435010000
04-12 20:39:32.209444  1284  1677 I AT      : RECV MSGID=0004 [SYS_AT_CNF], TXID=0134, DUMP=841954240000000001020400340118000000040000000000008107002A2A2A2A2A2A2A0000000000
04-12 20:39:32.209513  1284  1717 I AT      : [0] AT< OK (RIL_CMD_READER_4, tid:505168112576)
04-12 20:39:32.209628  1284  1717 I AT      : SEND MSGID=0421 [NW_GET_IDLE_HINT_REQ], TXID=0136 [RFXSender_4], DUMP=84195424000000000100210436010000
04-12 20:39:32.211885  1284  1677 I AT      : RECV MSGID=0422 [NW_GET_IDLE_HINT_CNF], TXID=0135, DUMP=8419542400000000020222043501100000000400000000000001010000000000
04-12 20:39:32.211963  1284  1745 I wpfa_iptable_android: poll()done, b = 0,  and executeIptable returns=
04-12 20:39:32.214010  1284  1730 I AT      : SEND MSGID=041f [NW_SET_IDLE_HINT_REQ], TXID=0137 [RFXSender_16], DUMP=841954240000000002001F0437011800000101000200000001010400000000000201040032000000
04-12 20:39:32.214043  1284  1677 I AT      : RECV MSGID=0002 [SYS_GET_INFO_CNF], TXID=0125, DUMP=8419542400000000010202002501F003000004002A2A2A2A010101002A000000020101002A000000030104002A2A2A2A040104002A2A2A2A050104002A2A2A2A060104002A2A2A2A070104002A2A2A2A080120002A2A2A2A2A2A2A2A2A2A2A2A2A2A2A2A2A2A2A2A2A2A2A2A2A2A2A2A2A2A2A2A00000000090180002A2A2A2A2A2A2A2A2A2A2A2A2A2A2A2A2A2A2A2A2A2A2A2A2A2A2A2A2A2A2A2A2A2A2A2A2A2A2A2A2A2A2A2A2A2A2A2A2A2A2A2A2A2A2A2A2A2A2A2A2A2A2A2A2A2A2A2A2A2A2A2A2A2A2A2A2A2A2A2A2A2A2A2A2A2A2A2A2A2A2A2A2A2A2A2A2A2A2A2A2A2A2A2A2A2A2A2A2A2A2A2A2A2A2A2A2A2A2A2A2A2A2A2A2A2A2A2A000000000A0101002A0000000B0101002A0000000C0101002A0000000D0104002A2A2A2A0E0118002A2A2A2A2A2A2A2A2A2A2A2A2A2A2A2A2A2A2A2A2A2A2A2A000000000F810F002A2A2A2A2A2A2A2A2A2A2A2A2A2A2A0000000000100120002A2A2A2A2A2A2A2A2A2A2A2A2A2A2A2A2A2A2A2A2A2A2A2A2A2A2A2A2A2A2A2A00000000110140002A2A2A2A2A2A2A2A2A2A2A2A2A2A2A2A2A2A2A2A2A2A2A2A2A2A2A2A2A2A2A2A2A2A2A2A2A2A2A2A2A2A2A2A2A2A2A2A2A2A2A2A2A2A2A2A2A2A2A2A2A2A2A2A0000000012011E002A2A2A2A2A2A2A2A2A2A2A2A2A2A2A2A2A2A2A2A2A2A2A2A2A2
04-12 20:39:32.214084  1284  1730 I AT      : SEND MSGID=041f [NW_SET_IDLE_HINT_REQ], TXID=0138 [RFXSender_16], DUMP=841954240000000002001F0438011800000101000200000001010400020000000201040032000000
04-12 20:39:32.214104  1284  1730 I AT      : SEND MSGID=041f [NW_SET_IDLE_HINT_REQ], TXID=0139 [RFXSender_16], DUMP=841954240000000002001F0439011800000101000200000001010400010000000201040096000000
04-12 20:39:32.214127  1284  1730 I AT      : SEND MSGID=041f [NW_SET_IDLE_HINT_REQ], TXID=013a [RFXSender_16], DUMP=841954240000000002001F043A011800000101000200000001010400030000000201040096000000
04-12 20:39:32.214158  1284  1730 I AT      : SEND MSGID=041f [NW_SET_IDLE_HINT_REQ], TXID=013b [RFXSender_16], DUMP=841954240000000002001F043B0108000001010001000000
04-12 20:39:32.214155  1284  1714 I RmmOemHandler: [0] proj: TK_MD, flavor: NLWG_6899
