04-12 20:39:33.495179  1284  1677 I AT      : RECV MSGID=053c [SIM_GET_EUICC_SLOTS_STATUS_CNF], TXID=015d, DUMP=841954240000000001023C055D01E0030000040000000000000101000200000001813A012A2A2A2A2A2A2A2A2A2A2A2A2A2A2A2A2A2A2A2A2A2A2A2A2A2A2A2A2A2A2A2A2A2A2A2A2A2A2A2A2A2A2A2A2A2A2A2A2A2A2A2A2A2A2A2A2A2A2A2A2A2A2A2A2A2A2A2A2A2A2A2A2A2A2A2A2A2A2A2A2A2A2A2A2A2A2A2A2A2A2A2A2A2A2A2A2A2A2A2A2A2A2A2A2A2A2A2A2A2A2A2A2A2A2A2A2A2A2A2A2A2A2A2A2A2A2A2A2A2A2A2A2A2A2A2A2A2A2A2A2A2A2A2A2A2A2A2A2A2A2A2A2A2A2A2A2A2A2A2A2A2A2A2A2A2A2A2A2A2A2A2A2A2A2A2A2A2A2A2A2A2A2A2A2A2A2A2A2A2A2A2A2A2A2A2A2A2A2A2A2A2A2A2A2A2A2A2A2A2A2A2A2A2A2A2A2A2A2A2A2A2A2A2A2A2A2A2A2A2A2A2A2A2A2A2A2A2A2A2A2A2A2A2A2A2A2A2A2A2A2A2A2A2A2A2A2A2A2A2A2A2A2A2A2A2A2A2A2A2A2A2A2A2A2A2A2A2A2A2A2A2A2A2A2A2A2A2A2A2A2A2A2A2A2A2A2A2A2A2A2A2A2A2A2A2A2A2A2A2A2A2A2A2A0000020100000000000000000000FA7F0200FA7F010000000000FB7F010000000000030100000000000000000000F87F0200F87F010001000000F97F010001000000040100000000000000000000F67F0200F67F010000000000F77F010001000000058100002A2A2A2A2A2A2A2A2A2A2A2AF4FF01002A000000F5FF01002A000
04-12 20:39:33.495913  1284  1694 E RadioConfig_service: radioConfigServiceImpl->configIndication is NULL
04-12 20:39:33.967068  1284  1691 E RfxBaseHandler: [0] unregisterToHandleMipcURC error:-1, slotId:0, mipcId:4212
04-12 20:39:33.980205  1284  1692 E RfxBaseHandler: [1] unregisterToHandleMipcURC error:-1, slotId:1, mipcId:4212
04-12 20:39:34.428027  1076  1088 I mipc_lib: SEND MSGID=1409 [MIPC_LOC_LBS_SYNC_LOCATION_EM_CONFIG_REQ], TXID=0004 [binder:1076_2], DUMP=8419542400000000010009140400100000010400010000000101040000000000
04-12 20:39:34.434152  1076  1813 I mipc_lib: RECV MSGID=140a [MIPC_LOC_LBS_SYNC_LOCATION_EM_CONFIG_CNF], TXID=0004, DUMP=841954240000000001020A1404000800000004006A000000
04-12 20:39:34.851815  1281  1292 I mipc_lib: CHECK IF MODEM IS READY STATRT!
04-12 20:39:34.851974  1281  1292 I mipc_lib: MODEM IS READY NOW! OPENCOM /dev/ttyCMIPC9 start
04-12 20:39:34.853448  1281  1292 I mipc_lib: OPENCOM /dev/ttyCMIPC9 end
04-12 20:39:34.854195  1281  1292 E mipc_lib: open libtrm success
04-12 20:39:34.854341  1281  1292 I mipc_lib: SEND MSGID=0305 [INTERNAL_TEST_REQ], TXID=0000 [thermal_core], DUMP=8419542400000000FF00050300000000
04-12 20:39:34.860380  1281  2059 I mipc_lib: RECV MSGID=0306 [INTERNAL_TEST_CNF], TXID=0000, DUMP=8419542400000000FF020603000008000000040000000000
04-12 20:39:34.860480  1281  1292 I mipc_lib: SEND MSGID=0301 [INTERNAL_OPEN_REQ], TXID=0001 [thermal_core], DUMP=8419542400000000FF00010301002800000104000200000001010F002F6465762F747479434D495043390000000000000201010001000000
04-12 20:39:34.861555  1281  2059 I mipc_lib: RECV MSGID=0302 [INTERNAL_OPEN_CNF], TXID=0001, DUMP=8419542400000000FF020203010018000000040000000000000104000000000001010400E0930400
04-12 20:39:34.861887  1281  1292 I mipc_lib: SEND MSGID=000f [SYS_GET_THERMAL_SENSOR_NUM_REQ], TXID=0002 [thermal_core], DUMP=841954240000000001000F0002000000
04-12 20:39:34.862639  1281  2059 I mipc_lib: RECV MSGID=0010 [SYS_GET_THERMAL_SENSOR_NUM_CNF], TXID=0002, DUMP=8419542400000000010210000200100000000400000000000001040004000000
04-12 20:39:34.862719  1281  1292 I mipc_lib: SEND MSGID=0017 [SYS_GET_THERMAL_ACTUATOR_NUM_REQ], TXID=0004 [thermal_core], DUMP=84195424000000000100170004000000
04-12 20:39:34.863523  1281  2059 I mipc_lib: RECV MSGID=0018 [SYS_GET_THERMAL_ACTUATOR_NUM_CNF], TXID=0004, DUMP=8419542400000000010218000400100000000400000000000001040014000000
04-12 20:39:34.863735  1281  1292 I mipc_lib: SEND MSGID=0011 [SYS_GET_THERMAL_SENSOR_INFO_REQ], TXID=0005 [thermal_core], DUMP=841954240000000001001100050008000001040000000000
04-12 20:39:34.865358  1281  2059 I mipc_lib: RECV MSGID=0012 [SYS_GET_THERMAL_SENSOR_INFO_CNF], TXID=0005, DUMP=841954240000000001021200050068000000040000000000000104000000000001010B00534F435F4F6E5F4469650000020101000000000003010100060000000401040038FFFFFF050104000F27000006010400320000000701040001000000080104000F270000090104007E0400000A0104000C000000
04-12 20:39:34.865586  1281  1292 I mipc_lib: SEND MSGID=0011 [SYS_GET_THERMAL_SENSOR_INFO_REQ], TXID=0006 [thermal_core], DUMP=841954240000000001001100060008000001040001000000
04-12 20:39:34.866747  1281  2059 I mipc_lib: RECV MSGID=0012 [SYS_GET_THERMAL_SENSOR_INFO_CNF], TXID=0006, DUMP=841954240000000001021200060068000000040000000000000104000100000001010800534F435F4E54430000000000020101000000000003010100060000000401040038FFFFFF050104000F270000060104001E0000000701040001000000080104000F270000090104007E0400000A01040064000000
04-12 20:39:34.868153  1281  1292 I mipc_lib: SEND MSGID=0011 [SYS_GET_THERMAL_SENSOR_INFO_REQ], TXID=0007 [thermal_core], DUMP=841954240000000001001100070008000001040002000000
04-12 20:39:34.870665  1281  2059 I mipc_lib: RECV MSGID=0012 [SYS_GET_THERMAL_SENSOR_INFO_CNF], TXID=0007, DUMP=841954240000000001021200070070000000040000000000000104000200000001010F0050415F47726F75705F315F4E5443000000000000020101000000000003010100060000000401040038FFFFFF050104000F270000060104001E0000000701040001000000080104000F270000090104007E0400000A01040064000000
04-12 20:39:34.870775  1281  1292 I mipc_lib: SEND MSGID=0011 [SYS_GET_THERMAL_SENSOR_INFO_REQ], TXID=0008 [thermal_core], DUMP=841954240000000001001100080008000001040003000000
04-12 20:39:34.871556  1281  2059 I mipc_lib: RECV MSGID=0012 [SYS_GET_THERMAL_SENSOR_INFO_CNF], TXID=0008, DUMP=841954240000000001021200080070000000040000000000000104000300000001010F0050415F47726F75705F325F4E5443000000000000020101000000000003010100060000000401040038FFFFFF050104000F270000060104001E0000000701040001000000080104000F270000090104007E0400000A01040064000000
04-12 20:39:34.871635  1281  1292 I mipc_lib: SEND MSGID=0065 [SYS_GET_ALL_THERMAL_INFO_REQ], TXID=0009 [thermal_core], DUMP=84195424000000000100650009000000
04-12 20:39:34.873079  1281  2059 I mipc_lib: RECV MSGID=0066 [SYS_GET_ALL_THERMAL_INFO_CNF], TXID=0009, DUMP=8419542400000000010266000900180500000400000000000101010001000000020100000000000000000000FC7F0400FC7F080000000000B101000000000000FD7F0800010000003B01000000000000FE7F0800020000003101000000000000FF7F0800030000002A01000000000000030100000000000000000000E87F1400E87F3400010000000800000000000000554C205468726F74746C650000000000000000000000000000000000000000000000000000000000E97F3400020000001500000000000000545820504F5745522034470000000000000000000000000000000000000000000000000000000000EA7F340003000000FF000000FFFFFF00434320436F6E74726F6C000000000000000000000000000000000000000000000000000000000000EB7F340004000000000000000000000048656164737769746368000000000000000000000000000000000000000000000000000000000000EC7F340005000000000000000000000052415300000000000000000000000000000000000000000000000000000000000000000000000000ED7F3400060000000000000000000000545820504F5745522035472000000000000000000000000000000000000000000000000000000000EE7F340007000000010000000000000
04-12 20:39:35.434825  1076  1088 I mipc_lib: SEND MSGID=1409 [MIPC_LOC_LBS_SYNC_LOCATION_EM_CONFIG_REQ], TXID=0005 [binder:1076_2], DUMP=8419542400000000010009140500100000010400010000000101040000000000
04-12 20:39:35.440890  1076  1813 I mipc_lib: RECV MSGID=140a [MIPC_LOC_LBS_SYNC_LOCATION_EM_CONFIG_CNF], TXID=0005, DUMP=841954240000000001020A1405000800000004006A000000
04-12 20:39:35.480122  1706  1706 D TelephonyRegistry: listen oscl: mHasNotifySubscriptionInfoChangedOccurred==false no callback
04-12 20:39:35.514100  1706  2143 D TelephonyRegistry: listen oscl: mHasNotifySubscriptionInfoChangedOccurred==false no callback
04-12 20:39:35.741424  1706  2162 D TelephonyRegistry: listen oscl: mHasNotifySubscriptionInfoChangedOccurred==false no callback
04-12 20:39:35.849996  1706  1706 D TelephonyRegistry: listen oscl: mHasNotifySubscriptionInfoChangedOccurred==false no callback
04-12 20:39:36.188205  1706  1706 W TelephonyRegistry: Pid 1706 has exceeded half the number of permissible registered listeners. Now at 25
04-12 20:39:36.188355  1706  1706 W TelephonyRegistry: Pid 1706 has exceeded half the number of permissible registered listeners. Now at 26
04-12 20:39:36.427944  1706  1706 W TelephonyRegistry: Pid 1706 has exceeded half the number of permissible registered listeners. Now at 27
04-12 20:39:36.428193  1706  1706 W TelephonyRegistry: Pid 1706 has exceeded half the number of permissible registered listeners. Now at 28
04-12 20:39:36.441308  1076  1088 I mipc_lib: SEND MSGID=1409 [MIPC_LOC_LBS_SYNC_LOCATION_EM_CONFIG_REQ], TXID=0006 [binder:1076_2], DUMP=8419542400000000010009140600100000010400010000000101040000000000
04-12 20:39:36.447356  1076  1813 I mipc_lib: RECV MSGID=140a [MIPC_LOC_LBS_SYNC_LOCATION_EM_CONFIG_CNF], TXID=0006, DUMP=841954240000000001020A1406000800000004006A000000
04-12 20:39:36.604873  1706  2130 W TelephonyRegistry: Pid 1706 has exceeded half the number of permissible registered listeners. Now at 29
04-12 20:39:36.604907  1706  2130 D TelephonyRegistry: listen oscl: mHasNotifySubscriptionInfoChangedOccurred==false no callback
04-12 20:39:36.606776  1706  1706 W TelephonyRegistry: Pid 1706 has exceeded half the number of permissible registered listeners. Now at 30
04-12 20:39:36.606790  1706  1706 D TelephonyRegistry: listen oscl: mHasNotifySubscriptionInfoChangedOccurred==false no callback
04-12 20:39:36.607455  1706  1706 W TelephonyRegistry: Pid 1706 has exceeded half the number of permissible registered listeners. Now at 31
04-12 20:39:36.607614  1706  1706 W TelephonyRegistry: Pid 1706 has exceeded half the number of permissible registered listeners. Now at 32
04-12 20:39:36.607793  1706  1706 W TelephonyRegistry: Pid 1706 has exceeded half the number of permissible registered listeners. Now at 33
04-12 20:39:36.607933  1706  1706 W TelephonyRegistry: Pid 1706 has exceeded half the number of permissible registered listeners. Now at 34
04-12 20:39:36.727005  1706  2131 W TelephonyRegistry: Pid 1706 has exceeded half the number of permissible registered listeners. Now at 35
04-12 20:39:36.727027  1706  2131 D TelephonyRegistry: listen oscl: mHasNotifySubscriptionInfoChangedOccurred==false no callback
04-12 20:39:36.728620  1706  2142 W TelephonyRegistry: Pid 1706 has exceeded half the number of permissible registered listeners. Now at 36
04-12 20:39:36.728723  1706  2142 W TelephonyRegistry: Pid 1706 has exceeded half the number of permissible registered listeners. Now at 37
04-12 20:39:36.729478  1706  2131 W TelephonyRegistry: Pid 1706 has exceeded half the number of permissible registered listeners. Now at 38
04-12 20:39:36.773417  1706  1706 W TelephonyRegistry: Pid 1706 has exceeded half the number of permissible registered listeners. Now at 39
04-12 20:39:36.773533  1706  1706 W TelephonyRegistry: Pid 1706 has exceeded half the number of permissible registered listeners. Now at 40
04-12 20:39:36.773554  1706  1706 D TelephonyRegistry: listen oscl: mHasNotifySubscriptionInfoChangedOccurred==false no callback
04-12 20:39:36.809919  1706  1836 W CarrierConfigManager: Error getting config for subId -1 ICarrierConfigLoader is null
04-12 20:39:36.836639  1706  1706 W TelephonyRegistry: Pid 1706 has exceeded half the number of permissible registered listeners. Now at 41
04-12 20:39:36.836666  1706  1706 D TelephonyRegistry: listen oscl: mHasNotifySubscriptionInfoChangedOccurred==false no callback
04-12 20:39:36.853042  1706  1706 W TelephonyRegistry: Pid 1706 has exceeded half the number of permissible registered listeners. Now at 42
04-12 20:39:36.853083  1706  1706 D TelephonyRegistry: listen oscl: mHasNotifySubscriptionInfoChangedOccurred==false no callback
04-12 20:39:36.871911  1706  1706 D TelephonyRegistry: systemRunning register for intents
04-12 20:39:36.888105  1706  1848 W TelephonyRegistry: Pid 1706 has exceeded half the number of permissible registered listeners. Now at 43
04-12 20:39:36.888138  1706  1848 D TelephonyRegistry: listen oscl: mHasNotifySubscriptionInfoChangedOccurred==false no callback
04-12 20:39:36.991322  2519  2519 W CarrierConfigManager: Error getting config for subId -1 ICarrierConfigLoader is null
04-12 20:39:37.213098  2612  2612 I ImsApp  : ImsApp onCreate begin
04-12 20:39:37.218252  2612  2612 I ImsService: init
04-12 20:39:37.218918  2612  2612 I IMS_RILA: Ims-RIL: init phone = 0
04-12 20:39:37.237090  2612  2612 I IMS_RILA: Ims-RIL: proxy = true [SUB0]
04-12 20:39:37.238129  2612  2612 I IMS_RILA: getRadioServiceProxy: voice mRadioVersion 2.2 [SUB0]
04-12 20:39:37.238479  2612  2612 I IMS_RILA: Ims-RIL: serviceProxy.isAidl = true [SUB0]
04-12 20:39:37.240499  1284  1284 I RIL-Fusion: getRadioState(): (0)radioState=0
04-12 20:39:37.240754  1284  1284 E RILC    : radioStateChanged: radioModemServiceImpl[0].modemIndication == NULL
04-12 20:39:37.240766  1284  1284 I RIL-Fusion: getRadioState(): (0)radioState=0
04-12 20:39:37.240769  1284  1284 E RILC    : imsRadioStateChangedInd: ims radioModemServiceImpl[4].modemIndication == NULL
04-12 20:39:37.240773  1284  1284 E RILC    : radioStateChangedInd: radioModemServiceImpl[8].modemIndication == NULL
04-12 20:39:37.240774  1284  1284 E RILC    : radioStateChanged: radioModemServiceImpl[0].mtkEmIndication == NULL
04-12 20:39:37.240785  1284  1284 I RILC    : onNewCommandConnect, slot 0, client 2
04-12 20:39:37.240879  1284  1327 I RILC    : sendPendedUrcCallback 1 0 2
04-12 20:39:37.240996  2612  2612 I IMS_RILA: getRadioServiceProxy: sim mRadioVersion 2.2 [SUB0]
04-12 20:39:37.241324  2612  2612 I IMS_RILA: Ims-RIL: serviceProxy.isAidl = true [SUB0]
04-12 20:39:37.242403  2612  2612 D RadioModemProxy: AIDL initialized
04-12 20:39:37.242432  2612  2612 I IMS_RILA: getRadioServiceProxy: modem mRadioVersion 2.2 [SUB0]
04-12 20:39:37.242655  1284  1284 I RILC    : notifyModemImsServiceReady, [0]Fire Pending indication UNSOL_RESPONSE_RADIO_STATE_CHANGED(0)
04-12 20:39:37.242676  1284  1284 I RIL-Fusion: getRadioState(): (0)radioState=0
04-12 20:39:37.242747  2612  2612 I IMS_RILA: Ims-RIL: serviceProxy.isAidl = true [SUB0]
04-12 20:39:37.244425  2612  2612 D RadioNetworkProxy: AIDL initialized
04-12 20:39:37.244458  2612  2612 I IMS_RILA: getRadioServiceProxy: nw mRadioVersion 2.2 [SUB0]
04-12 20:39:37.245460  2612  2612 I IMS_RILA: Ims-RIL: serviceProxy.isAidl = true [SUB0]
04-12 20:39:37.247033  2612  2612 D MtkRadioExImsProxy: AIDL version=2, halVersion=4.1
04-12 20:39:37.247131  2612  2612 I IMS_RILA: getMtkRadioExServiceProxy, ims mMtkRadioVersion = 4.1 [SUB0]
04-12 20:39:37.247736  1284  1284 I RILC    : onNewCommandConnect, slot 0, client 3
04-12 20:39:37.247766  1284  1327 I RILC    : sendPendedUrcCallback 1 0 3
04-12 20:39:37.247770  1284  1327 I RILC    : sendPendedUrcs start RIL_SOCKET_1, RIL_UNSOL_IMS_BEARER_INIT, client 3
04-12 20:39:37.248366  1284  1327 I RILC    : sendPendedUrcs end RIL_SOCKET_1, RIL_UNSOL_IMS_BEARER_INIT, client 3
04-12 20:39:37.250801  2612  2612 D MtkRadioExVoiceProxy: AIDL version=1, halVersion=4.0
04-12 20:39:37.250831  2612  2612 I IMS_RILA: getMtkRadioExServiceProxy, voice mMtkRadioVersion = 4.0 [SUB0]
04-12 20:39:37.251928  1284  1719 I AT      : SEND MSGID=050f [SIM_STATUS_REQ], TXID=015e [RFXSender_6], DUMP=841954240000000001000F055E0108000001010001000000
04-12 20:39:37.252503  2612  2612 D MtkRadioExModemProxy: AIDL version=3, halVersion=4.2
04-12 20:39:37.252530  2612  2612 I IMS_RILA: getMtkRadioExServiceProxy modem mMtkRadioVersion = 4.2 [SUB0]
04-12 20:39:37.252811  2612  2612 I IMS_RILA: Ims-RIL: init phone = 1
04-12 20:39:37.253747  2612  2612 I IMS_RILA: Ims-RIL: proxy = true [SUB1]
04-12 20:39:37.255077  2612  2612 I IMS_RILA: getRadioServiceProxy: voice mRadioVersion 2.2 [SUB1]
04-12 20:39:37.255372  2612  2612 I IMS_RILA: Ims-RIL: serviceProxy.isAidl = true [SUB1]
04-12 20:39:37.255526  1284  1284 I RIL-Fusion: getRadioState(): (1)radioState=0
04-12 20:39:37.255540  1284  1284 E RILC    : radioStateChanged: radioModemServiceImpl[1].modemIndication == NULL
04-12 20:39:37.255543  1284  1284 I RIL-Fusion: getRadioState(): (1)radioState=0
04-12 20:39:37.255546  1284  1284 E RILC    : imsRadioStateChangedInd: ims radioModemServiceImpl[5].modemIndication == NULL
04-12 20:39:37.255549  1284  1284 E RILC    : radioStateChangedInd: radioModemServiceImpl[9].modemIndication == NULL
04-12 20:39:37.255550  1284  1284 E RILC    : radioStateChanged: radioModemServiceImpl[1].mtkEmIndication == NULL
04-12 20:39:37.255555  1284  1284 I RILC    : onNewCommandConnect, slot 1, client 2
04-12 20:39:37.255935  2612  2612 I IMS_RILA: getRadioServiceProxy: sim mRadioVersion 2.2 [SUB1]
04-12 20:39:37.256000  2612  2612 I IMS_RILA: Ims-RIL: serviceProxy.isAidl = true [SUB1]
04-12 20:39:37.256484  2612  2612 D RadioModemProxy: AIDL initialized
04-12 20:39:37.256499  2612  2612 I IMS_RILA: getRadioServiceProxy: modem mRadioVersion 2.2 [SUB1]
04-12 20:39:37.256686  2612  2612 I IMS_RILA: Ims-RIL: serviceProxy.isAidl = true [SUB1]
04-12 20:39:37.256938  1284  1284 I RILC    : notifyModemImsServiceReady, [1]Fire Pending indication UNSOL_RESPONSE_RADIO_STATE_CHANGED(1)
04-12 20:39:37.256952  1284  1284 I RIL-Fusion: getRadioState(): (1)radioState=0
04-12 20:39:37.257821  2612  2612 D RadioNetworkProxy: AIDL initialized
04-12 20:39:37.257837  2612  2612 I IMS_RILA: getRadioServiceProxy: nw mRadioVersion 2.2 [SUB1]
04-12 20:39:37.258124  1284  1327 I RILC    : sendPendedUrcCallback 1 1 2
04-12 20:39:37.258393  2612  2612 I IMS_RILA: Ims-RIL: serviceProxy.isAidl = true [SUB1]
04-12 20:39:37.260328  2612  2612 D MtkRadioExImsProxy: AIDL version=2, halVersion=4.1
04-12 20:39:37.260355  2612  2612 I IMS_RILA: getMtkRadioExServiceProxy, ims mMtkRadioVersion = 4.1 [SUB1]
04-12 20:39:37.260561  1284  1327 I RILC    : sendPendedUrcCallback 1 1 3
04-12 20:39:37.260579  1284  1327 I RILC    : sendPendedUrcs start RIL_SOCKET_2, RIL_UNSOL_IMS_BEARER_INIT, client 3
04-12 20:39:37.260603  1284  1327 I RILC    : sendPendedUrcs end RIL_SOCKET_2, RIL_UNSOL_IMS_BEARER_INIT, client 3
04-12 20:39:37.260957  1284  1284 I RILC    : onNewCommandConnect, slot 1, client 3
04-12 20:39:37.261482  1284  1677 I AT      : RECV MSGID=0510 [SIM_STATUS_CNF], TXID=015e, DUMP=8419542400000000010210055E010801000004000300000000010100000000000101010000000000020101000000000003010100000000000401010000000000050101000000000006010100FF00000007010100FF00000008010100FF00000009010100000000000C8115002A2A2A2A2A2A2A2A2A2A2A2A2A2A2A2A2A2A2A2A2A000000000000000D8150002A2A2A2A2A2A2A2A2A2A2A2A2A2A2A2A2A2A2A2A2A2A2A2A2A2A2A2A2A2A2A2A2A2A2A2A2A2A2A2A2A2A2A2A2A2A2A2A2A2A2A2A2A2A2A2A2A2A2A2A2A2A2A2A2A2A2A2A2A2A2A2A2A2A2A2A2A2A2A2A000000000E010100000000000F0101000000000010010100000000001101010000000000120101000000000014010100000000001501010000000000
04-12 20:39:37.262468  2612  2612 D MtkRadioExVoiceProxy: AIDL version=1, halVersion=4.0
04-12 20:39:37.262540  2612  2612 I IMS_RILA: getMtkRadioExServiceProxy, voice mMtkRadioVersion = 4.0 [SUB1]
04-12 20:39:37.263976  2612  2612 D MtkRadioExModemProxy: AIDL version=3, halVersion=4.2
04-12 20:39:37.264000  2612  2612 I IMS_RILA: getMtkRadioExServiceProxy modem mMtkRadioVersion = 4.2 [SUB1]
04-12 20:39:37.264597  2612  2612 D ImsDataTracker: mIsBearerNotify rule set to 1
04-12 20:39:37.267028  2612  2714 D DC-ims[0]: DefaultState: enter
04-12 20:39:37.267156  2612  2714 D DC-ims[0]: InactiveState: refreshNetworkLostListener
04-12 20:39:37.267281  2612  2714 E DC-ims[0]: InactiveState: cb already has been released!!
04-12 20:39:37.267357  2612  2714 D DC-ims[0]: InactiveState: refreshNetworkLostListener, uid = 1001, package name: com.mediatek.ims
04-12 20:39:37.269327  2612  2612 D ImsDataTracker: setImsBearerNotification enable: 1
04-12 20:39:37.270187  1284  1694 I RtmRadioCont: [0] onSimStateChanged 6 -> 1
04-12 20:39:37.270227  1284  1694 I RtmRadioCont: [0] updateRadioState, SIM1 state:1, request:0, current:0
04-12 20:39:37.270235  1284  1694 I RtmRadioCont: [0] updateRadioState, SIM2 state:1, request:0, current:0
04-12 20:39:37.270347  1284  1719 I RmmSimCommReq: [0] handleGetSimStatusResponse, token:9, result:3,state:0,pin:0,appindex:-1,-1,-1, atr:80,, icid:21,, eid:0,(null), mepMode:0
04-12 20:39:37.270839  1284  1694 I RtmImsConfigController: [0] onSimStateChanged, simState = 1
04-12 20:39:37.270967  1284  1694 I RtmImsConfigController: [0] Do not support DYNAMIC IMS SWITCH, return!
04-12 20:39:37.271014  1284  1694 I VT RIL RTM: [0] onSimStateChanged, simState = 1
04-12 20:39:37.271020  1284  1694 I VT RIL RTM: [0] SIM absemt, clear SPB in Mcl
04-12 20:39:37.271170  1284  1726 I VT RIL RMM: [Handle REQ] request = 59028
04-12 20:39:37.271178  1284  1726 I VT RIL RMM: clear SBP flag for slotId: 0
04-12 20:39:37.271580  1284  1694 E RILC    : RIL_onRequestComplete: invalid RIL_Token
04-12 20:39:37.277370  2612  2714 D DC-ims[0]: InactiveState:  enter
04-12 20:39:37.277412  2612  2714 D DC-emergency[0]: DefaultState: enter
04-12 20:39:37.277418  2612  2714 D DC-emergency[0]: InactiveState: refreshNetworkLostListener
04-12 20:39:37.277451  2612  2714 E DC-emergency[0]: InactiveState: cb already has been released!!
04-12 20:39:37.277460  2612  2714 D DC-emergency[0]: InactiveState: refreshNetworkLostListener, uid = 1001, package name: com.mediatek.ims
04-12 20:39:37.277880  1284  1723 I RmmDcImsURCHandler: [0][handleImsBearerNotification] handleImsBearerNotification phone=0 enable=1
04-12 20:39:37.277896  1284  1723 I RmmDcImsURCHandler: [0][checkImsServiceRestartAfterSystemCrash] vendor.ril.zygote.state=
04-12 20:39:37.277900  1284  1723 I RmmDcImsURCHandler: [0][notifyUnsyncImsBearerRequest] imsPdnState=0
04-12 20:39:37.277901  1284  1723 D RmmDcImsURCHandler: [0][notifyUnsyncImsBearerRequest] no ongoing ACTIVATED or DEACTIVATED event
04-12 20:39:37.278519  1284  1732 I AT      : SEND MSGID=050f [SIM_STATUS_REQ], TXID=015f [RFXSender_18], DUMP=841954240000000002000F055F0108000001010001000000
04-12 20:39:37.280078  2612  2612 D ImsDataTracker: setImsBearerNotification enable: 1
04-12 20:39:37.280611  2612  2716 D DC-emergency[1]: DefaultState: enter
04-12 20:39:37.280958  2612  2716 D DC-emergency[1]: InactiveState: refreshNetworkLostListener
04-12 20:39:37.280974  2612  2714 D DC-emergency[0]: InactiveState:  enter
04-12 20:39:37.281012  2612  2716 E DC-emergency[1]: InactiveState: cb already has been released!!
04-12 20:39:37.281031  2612  2716 D DC-emergency[1]: InactiveState: refreshNetworkLostListener, uid = 1001, package name: com.mediatek.ims
04-12 20:39:37.281510  2612  2716 D DC-emergency[1]: InactiveState:  enter
04-12 20:39:37.281544  2612  2716 D DC-ims[1]: DefaultState: enter
04-12 20:39:37.281554  2612  2716 D DC-ims[1]: InactiveState: refreshNetworkLostListener
04-12 20:39:37.281575  2612  2716 E DC-ims[1]: InactiveState: cb already has been released!!
04-12 20:39:37.281588  2612  2716 D DC-ims[1]: InactiveState: refreshNetworkLostListener, uid = 1001, package name: com.mediatek.ims
04-12 20:39:37.282300  2612  2716 D DC-ims[1]: InactiveState:  enter
04-12 20:39:37.285576  1284  1677 I AT      : RECV MSGID=0510 [SIM_STATUS_CNF], TXID=015f, DUMP=8419542400000000020210055F010801000004000300000000010100000000000101010001000000020101000100000003010100000000000401010000000000050101000000000006010100FF00000007010100FF00000008010100FF00000009010100000000000C8115002A2A2A2A2A2A2A2A2A2A2A2A2A2A2A2A2A2A2A2A2A000000000000000D8150002A2A2A2A2A2A2A2A2A2A2A2A2A2A2A2A2A2A2A2A2A2A2A2A2A2A2A2A2A2A2A2A2A2A2A2A2A2A2A2A2A2A2A2A2A2A2A2A2A2A2A2A2A2A2A2A2A2A2A2A2A2A2A2A2A2A2A2A2A2A2A2A2A2A2A2A2A2A2A2A000000000E010100000000000F0101000000000010010100000000001101010000000000120101000000000014010100010000001501010000000000
04-12 20:39:37.286282  1284  1737 I RmmDcImsURCHandler: [1][handleImsBearerNotification] handleImsBearerNotification phone=1 enable=1
04-12 20:39:37.286308  1284  1737 I RmmDcImsURCHandler: [1][checkImsServiceRestartAfterSystemCrash] vendor.ril.zygote.state=
04-12 20:39:37.286312  1284  1737 I RmmDcImsURCHandler: [1][notifyUnsyncImsBearerRequest] imsPdnState=0
04-12 20:39:37.286315  1284  1737 D RmmDcImsURCHandler: [1][notifyUnsyncImsBearerRequest] no ongoing ACTIVATED or DEACTIVATED event
04-12 20:39:37.288932  1706  2265 D TelephonyRegistry: listen oscl: mHasNotifySubscriptionInfoChangedOccurred==false no callback
04-12 20:39:37.289588  2612  2612 D ImsManagerOemPluginBase: default isMergeRcsStateToImsSupport = false
04-12 20:39:37.291346  1284  1732 I RmmSimCommReq: [1] handleGetSimStatusResponse, token:12, result:3,state:0,pin:0,appindex:-1,-1,-1, atr:80,, icid:21,, eid:0,(null), mepMode:0
04-12 20:39:37.291783  1284  1694 I RtmRadioCont: [1] onSimStateChanged 6 -> 1
04-12 20:39:37.291801  1284  1694 I RtmRadioCont: [1] updateRadioState, SIM1 state:1, request:0, current:0
04-12 20:39:37.291804  1284  1694 I RtmRadioCont: [1] updateRadioState, SIM2 state:1, request:0, current:0
04-12 20:39:37.292142  1284  1694 I RtmImsConfigController: [1] onSimStateChanged, simState = 1
04-12 20:39:37.292175  1284  1694 I RtmImsConfigController: [1] Do not support DYNAMIC IMS SWITCH, return!
04-12 20:39:37.292181  1284  1694 I VT RIL RTM: [1] onSimStateChanged, simState = 1
04-12 20:39:37.292183  1284  1694 I VT RIL RTM: [1] SIM absemt, clear SPB in Mcl
04-12 20:39:37.292855  1284  1726 I VT RIL RMM: [Handle REQ] request = 59028
04-12 20:39:37.292865  1284  1726 I VT RIL RMM: clear SBP flag for slotId: 1
04-12 20:39:37.292918  1284  1694 E RILC    : RIL_onRequestComplete: invalid RIL_Token
04-12 20:39:37.294932  2579  2579 I MtkIccProvider: MtkIccProvider URL_MATCHER android.content.UriMatcher@a54f92f
04-12 20:39:37.296542  2612  2612 D ImsConfigEventReceiver[0]: init with phoneId:0, simState = 0, carrier config loaded: false
04-12 20:39:37.299327  2612  2612 D FeatureConnector: [InstanceManager, 0] imsFeatureRemoved: reason=3
04-12 20:39:37.299960  2612  2729 I ImsManager: IM[0] connectionUnavailable, reason: 3
04-12 20:39:37.313484  1706  2568 D TelephonyRegistry: listen oscl: mHasNotifySubscriptionInfoChangedOccurred==false no callback
04-12 20:39:37.316124  2612  2612 D SuppServExt: [0]MtkSuppServExt init done.
04-12 20:39:37.316245  2612  2612 D ImsEventPackageAdapter: ImsEventPackageAdapter()
04-12 20:39:37.316393  2612  2612 D ImsEventPackageAdapter: Use AOSP default ImsExternalCallState.
04-12 20:39:37.316955  2612  2719 D SuppServExt: [0]handleMessage: EVENT_RADIO_OFF(3)
04-12 20:39:37.325784  2612  2612 D ImsConfigEventReceiver[1]: init with phoneId:1, simState = 0, carrier config loaded: false
04-12 20:39:37.327548  2612  2612 D FeatureConnector: [InstanceManager, 1] imsFeatureRemoved: reason=3
04-12 20:39:37.328170  2612  2754 I ImsManager: IM[1] connectionUnavailable, reason: 3
04-12 20:39:37.342031  1706  1940 D TelephonyRegistry: listen oscl: mHasNotifySubscriptionInfoChangedOccurred==false no callback
04-12 20:39:37.342259  2612  2612 D SuppServExt: [1]MtkSuppServExt init done.
04-12 20:39:37.342274  2612  2612 D ImsEventPackageAdapter: ImsEventPackageAdapter()
04-12 20:39:37.342324  2612  2719 D SuppServExt: [1]handleMessage: EVENT_RADIO_OFF(3)
04-12 20:39:37.342970  2612  2612 D ImsEventPackageAdapter: Use AOSP default ImsExternalCallState.
04-12 20:39:37.345792  1284  1716 I AT      : SEND MSGID=0003 [SYS_AT_REQ], TXID=0160 [RFXSender_3], DUMP=8419542400000000010003006001100000810B002A2A2A2A2A2A2A2A2A2A2A00
04-12 20:39:37.348881  1284  1729 I AT      : SEND MSGID=0003 [SYS_AT_REQ], TXID=0161 [RFXSender_15], DUMP=8419542400000000020003006101100000810B002A2A2A2A2A2A2A2A2A2A2A00
04-12 20:39:37.353882  1284  1677 I AT      : RECV MSGID=4a01 [IMS_STATE_IND], TXID=ffff, DUMP=84195424000000000103014AFFFF1800000101000000000001010100000000000201040000000000
04-12 20:39:37.354138  1284  1677 I AT      : RECV MSGID=0004 [SYS_AT_CNF], TXID=0160, DUMP=841954240000000001020400600118000000040000000000008107002A2A2A2A2A2A2A0000000000
04-12 20:39:37.354165  1284  1677 I AT      : RECV MSGID=4a01 [IMS_STATE_IND], TXID=ffff, DUMP=84195424000000000203014AFFFF1800000101000000000001010100000000000201040000000000
04-12 20:39:37.354226  1284  1692 I RmmImsCtlUrcHdl: [1] handleImsRegistrationInfo, +CIREGU:0,0
04-12 20:39:37.354291  1284  1677 I AT      : RECV MSGID=0004 [SYS_AT_CNF], TXID=0161, DUMP=841954240000000002020400610118000000040000000000008107002A2A2A2A2A2A2A0000000000
04-12 20:39:37.354544  1284  1691 I RmmImsCtlUrcHdl: [0] handleImsRegistrationInfo, +CIREGU:0,0
04-12 20:39:37.354667  1284  1694 E RILC    : imsNetworkStateChangedInd: radioNetworkServiceImpl[1]->networkIndication == NULL
04-12 20:39:37.355241  2612  2719 D SuppServExt: [1]handleMessage: EVENT_IMS_REGISTRATION_INFO(1)
04-12 20:39:37.355260  2612  2719 D SuppServExt: [1]EVENT_IMS_REGISTRATION_INFO: 0
04-12 20:39:37.355947  1284  1694 E RILC    : imsNetworkStateChangedInd: radioNetworkServiceImpl[0]->networkIndication == NULL
04-12 20:39:37.356727  2612  2719 D SuppServExt: [0]handleMessage: EVENT_IMS_REGISTRATION_INFO(1)
04-12 20:39:37.356941  2612  2719 D SuppServExt: [0]EVENT_IMS_REGISTRATION_INFO: 0
04-12 20:39:37.359980  2612  2612 D ImsManagerOemPluginBase: default isWfcSupport
04-12 20:39:37.360023  2612  2612 D WfoService: WfoService new MWIService
04-12 20:39:37.360129  2612  2612 D MWIS    : [MwiService] Construct MwiService
04-12 20:39:37.360156  2612  2612 D MWIS    : [MwiService] mSimCount: 2
04-12 20:39:37.364842  2612  2612 E MwiRIL  : mRadioProxyEx getService() done [SUB0]
04-12 20:39:37.364941  2612  2612 E MwiRIL  : mRadioProxyEx getService() done 2 [SUB0]
04-12 20:39:37.372274  1284  1284 I RILC    : onNewCommandConnect, slot 0, client 4
04-12 20:39:37.372305  1284  1327 I RILC    : sendPendedUrcCallback 1 0 4
04-12 20:39:37.372443  1706  2453 D TelephonyRegistry: listen oscl: mHasNotifySubscriptionInfoChangedOccurred==false no callback
04-12 20:39:37.372728  2612  2612 E MwiRIL  : mRadioProxyEx getService() done [SUB1]
04-12 20:39:37.372814  2612  2612 E MwiRIL  : mRadioProxyEx getService() done 2 [SUB1]
04-12 20:39:37.373191  2612  2773 D WifiPdnHandler: initWifiManager.
04-12 20:39:37.374462  1284  1284 I RILC    : onNewCommandConnect, slot 1, client 4
04-12 20:39:37.374531  1284  1327 I RILC    : sendPendedUrcCallback 1 1 4
04-12 20:39:37.379993  1284  1716 I AT      : SEND MSGID=0b06 [WFC_CFG_REQ], TXID=0162 [RFXSender_3], DUMP=84195424000000000100060B620108000001010001000000
04-12 20:39:37.386705  1284  1677 I AT      : RECV MSGID=0b07 [WFC_CFG_CNF], TXID=0162, DUMP=84195424000000000102070B620108000000040000000000
04-12 20:39:37.423438  2612  2773 I WifiPdnHandler: isThinModemSupport:0
04-12 20:39:37.423728  1284  1716 I AT      : SEND MSGID=cb02 [WFC_WIFI_INFO_NTF], TXID=ffff [RFXSender_3], DUMP=8419542400000000010002CBFFFF2000000106002A2A2A2A2A2A000000000000010101002A000000020101002A000000
04-12 20:39:37.426346  1284  1716 I RmmMwi  : [0] EWIFIASC_CONN_STATE:1
04-12 20:39:37.426684  2612  2773 W CarrierConfigManager: Error getting config for subId -1 ICarrierConfigLoader is null
04-12 20:39:37.427221  2612  2773 W CarrierConfigManager: Error getting config for subId -1 ICarrierConfigLoader is null
04-12 20:39:37.446266  2612  2612 I ImsService: Clearing all calls...
04-12 20:39:37.447953  1076  1088 I mipc_lib: SEND MSGID=1409 [MIPC_LOC_LBS_SYNC_LOCATION_EM_CONFIG_REQ], TXID=0007 [binder:1076_2], DUMP=8419542400000000010009140700100000010400010000000101040000000000
04-12 20:39:37.448500  2612  2612 I ImsApp  : ImsApp onCreate end
04-12 20:39:37.453659  2579  2579 W TelephonyComponentFactory: getValidatedPaths: com.mediatek.internal.telephony.MtkTelephonyComponentFactory ,/system_ext/framework/mediatek-telephony-common.jar
04-12 20:39:37.453864  2579  2579 W TelephonyComponentFactory: StructStatVfs: 4097 ,1
04-12 20:39:37.453884  2579  2579 D TelephonyComponentFactory: validated paths: /system_ext/framework/mediatek-telephony-common.jar
04-12 20:39:37.457065  1076  1813 I mipc_lib: RECV MSGID=140a [MIPC_LOC_LBS_SYNC_LOCATION_EM_CONFIG_CNF], TXID=0007, DUMP=841954240000000001020A1407000800000004006A000000
04-12 20:39:37.471780  2579  2579 W TelephonyComponentFactory: getValidatedPaths: com.mediatek.internal.telephony.MtkTelephonyComponentFactory ,/system_ext/framework/mediatek-telephony-common.jar
04-12 20:39:37.471826  2579  2579 W TelephonyComponentFactory: StructStatVfs: 4097 ,1
04-12 20:39:37.471835  2579  2579 D TelephonyComponentFactory: Total components injected: 24
04-12 20:39:37.472280  2579  2579 D TDC     : class = class com.mediatek.internal.telephony.MtkTelephonyDevController
04-12 20:39:37.472346  2579  2579 D TDC     : constructor function = public com.mediatek.internal.telephony.MtkTelephonyDevController()
04-12 20:39:37.472386  2579  2579 D TDC     : updateOrInsert: inserting: Modem { uuid=modem, state=0, rilModel=0, rat={}, maxActiveVoiceCall=1, maxActiveDataCall=1, maxStandby=1 }
04-12 20:39:37.472424  2579  2579 D TDC     : updateOrInsert: inserting: Sim { uuid=sim, modemUuid=modem, state=0 }
04-12 20:39:37.472434  2579  2579 D TDC     : MtkTelephonyDevController constructor
04-12 20:39:37.481888  1284  1733 E VT RIL THD: [VT RIL RECV] Try again (not error). errno = 11
04-12 20:39:37.481915  1284  1733 E VT RIL THD: [VT RIL RECV] Try again (not error). errno = 11
04-12 20:39:37.481918  1284  1733 E VT RIL THD: [VT RIL RECV] Try again (not error). errno = 11
04-12 20:39:37.481921  1284  1733 E VT RIL THD: [VT RIL RECV] Try again (not error). errno = 11
04-12 20:39:37.481923  1284  1733 E VT RIL THD: [VT RIL RECV] Try again (not error). errno = 11
04-12 20:39:37.481926  1284  1733 E VT RIL THD: [VT RIL RECV] Try again (not error). errno = 11
04-12 20:39:37.481928  1284  1733 E VT RIL THD: [VT RIL RECV] Try again (not error). errno = 11
04-12 20:39:37.481930  1284  1733 E VT RIL THD: [VT RIL RECV] Try again (not error). errno = 11
04-12 20:39:37.481933  1284  1733 E VT RIL THD: [VT RIL RECV] Try again (not error). errno = 11
04-12 20:39:37.481935  1284  1733 E VT RIL THD: [VT RIL RECV] Try again (not error). errno = 11
04-12 20:39:37.481938  1284  1733 E VT RIL THD: [VT RIL RECV] Try again (not error). errno = 11
04-12 20:39:37.481940  1284  1733 E VT RIL THD: [VT RIL RECV] Try again (not error). errno = 11
04-12 20:39:37.481942  1284  1733 E VT RIL THD: [VT RIL RECV] Try again (not error). errno = 11
04-12 20:39:37.481945  1284  1733 E VT RIL THD: [VT RIL RECV] Try again (not error). errno = 11
04-12 20:39:37.481947  1284  1733 E VT RIL THD: [VT RIL RECV] Try again (not error). errno = 11
04-12 20:39:37.481951  1284  1733 E VT RIL THD: [VT RIL RECV] Try again (not error). errno = 11
04-12 20:39:37.481953  1284  1733 E VT RIL THD: [VT RIL RECV] Try again (not error). errno = 11
04-12 20:39:37.481955  1284  1733 E VT RIL THD: [VT RIL RECV] Try again (not error). errno = 11
04-12 20:39:37.481957  1284  1733 E VT RIL THD: [VT RIL RECV] Try again (not error). errno = 11
04-12 20:39:37.481960  1284  1733 E VT RIL THD: [VT RIL RECV] Try again (not error). errno = 11
04-12 20:39:37.481963  1284  1733 E VT RIL THD: [VT RIL RECV] Try again (not error). errno = 11
04-12 20:39:37.481966  1284  1733 E VT RIL THD: [VT RIL RECV] Try again (not error). errno = 11
04-12 20:39:37.481968  1284  1733 E VT RIL THD: [VT RIL RECV] Try again (not error). errno = 11
04-12 20:39:37.481971  1284  1733 E VT RIL THD: [VT RIL RECV] Try again (not error). errno = 11
04-12 20:39:37.481973  1284  1733 E VT RIL THD: [VT RIL RECV] Try again (not error). errno = 11
04-12 20:39:37.481975  1284  1733 E VT RIL THD: [VT RIL RECV] Try again (not error). errno = 11
04-12 20:39:37.481978  1284  1733 E VT RIL THD: [VT RIL RECV] Try again (not error). errno = 11
04-12 20:39:37.481981  1284  1733 E VT RIL THD: [VT RIL RECV] Try again (not error). errno = 11
04-12 20:39:37.481984  1284  1733 E VT RIL THD: [VT RIL RECV] Try again (not error). errno = 11
04-12 20:39:37.481986  1284  1733 E VT RIL THD: [VT RIL RECV] Try again (not error). errno = 11
04-12 20:39:37.481988  1284  1733 E VT RIL THD: [VT RIL RECV] Try again (not error). errno = 11
04-12 20:39:37.481991  1284  1733 E VT RIL THD: [VT RIL RECV] Try again (not error). errno = 11
04-12 20:39:37.481993  1284  1733 E VT RIL THD: [VT RIL RECV] Try again (not error). errno = 11
04-12 20:39:37.481996  1284  1733 E VT RIL THD: [VT RIL RECV] Try again (not error). errno = 11
04-12 20:39:37.481998  1284  1733 E VT RIL THD: [VT RIL RECV] Try again (not error). errno = 11
04-12 20:39:37.482000  1284  1733 E VT RIL THD: [VT RIL RECV] Try again (not error). errno = 11
04-12 20:39:37.482003  1284  1733 E VT RIL THD: [VT RIL RECV] Try again (not error). errno = 11
04-12 20:39:37.482005  1284  1733 E VT RIL THD: [VT RIL RECV] Try again (not error). errno = 11
04-12 20:39:37.482007  1284  1733 E VT RIL THD: [VT RIL RECV] Try again (not error). errno = 11
04-12 20:39:37.482009  1284  1733 E VT RIL THD: [VT RIL RECV] Try again (not error). errno = 11
04-12 20:39:37.482012  1284  1733 E VT RIL THD: [VT RIL RECV] Try again (not error). errno = 11
04-12 20:39:37.482014  1284  1733 E VT RIL THD: [VT RIL RECV] Try again (not error). errno = 11
04-12 20:39:37.482016  1284  1733 E VT RIL THD: [VT RIL RECV] Try again (not error). errno = 11
04-12 20:39:37.482018  1284  1733 E VT RIL THD: [VT RIL RECV] Try again (not error). errno = 11
04-12 20:39:37.482020  1284  1733 E VT RIL THD: [VT RIL RECV] Try again (not error). errno = 11
04-12 20:39:37.482023  1284  1733 E VT RIL THD: [VT RIL RECV] Try again (not error). errno = 11
04-12 20:39:37.482025  1284  1733 E VT RIL THD: [VT RIL RECV] Try again (not error). errno = 11
04-12 20:39:37.482027  1284  1733 E VT RIL THD: [VT RIL RECV] Try again (not error). errno = 11
04-12 20:39:37.482030  1284  1733 E VT RIL THD: [VT RIL RECV] Try again (not error). errno = 11
04-12 20:39:37.482032  1284  1733 E VT RIL THD: [VT RIL RECV] Try again (not error). errno = 11
04-12 20:39:37.482034  1284  1733 E VT RIL THD: [VT RIL RECV] Try again (not error). errno = 11
04-12 20:39:37.482036  1284  1733 E VT RIL THD: [VT RIL RECV] Try again (not error). errno = 11
04-12 20:39:37.482038  1284  1733 E VT RIL THD: [VT RIL RECV] Try again (not error). errno = 11
04-12 20:39:37.482041  1284  1733 E VT RIL THD: [VT RIL RECV] Try again (not error). errno = 11
04-12 20:39:37.482043  1284  1733 E VT RIL THD: [VT RIL RECV] Try again (not error). errno = 11
04-12 20:39:37.482046  1284  1733 E VT RIL THD: [VT RIL RECV] Try again (not error). errno = 11
04-12 20:39:37.482048  1284  1733 E VT RIL THD: [VT RIL RECV] Try again (not error). errno = 11
04-12 20:39:37.482096  1284  1733 E VT RIL THD: [VT RIL RECV] Try again (not error). errno = 11
04-12 20:39:37.482099  1284  1733 E VT RIL THD: [VT RIL RECV] Try again (not error). errno = 11
04-12 20:39:37.482101  1284  1733 E VT RIL THD: [VT RIL RECV] Try again (not error). errno = 11
04-12 20:39:37.482104  1284  1733 E VT RIL THD: [VT RIL RECV] Try again (not error). errno = 11
04-12 20:39:37.482106  1284  1733 E VT RIL THD: [VT RIL RECV] Try again (not error). errno = 11
04-12 20:39:37.482108  1284  1733 E VT RIL THD: [VT RIL RECV] Try again (not error). errno = 11
04-12 20:39:37.482111  1284  1733 E VT RIL THD: [VT RIL RECV] Try again (not error). errno = 11
04-12 20:39:37.482113  1284  1733 E VT RIL THD: [VT RIL RECV] Try again (not error). errno = 11
04-12 20:39:37.482116  1284  1733 E VT RIL THD: [VT RIL RECV] Try again (not error). errno = 11
04-12 20:39:37.482118  1284  1733 E VT RIL THD: [VT RIL RECV] Try again (not error). errno = 11
04-12 20:39:37.482120  1284  1733 E VT RIL THD: [VT RIL RECV] Try again (not error). errno = 11
04-12 20:39:37.482122  1284  1733 E VT RIL THD: [VT RIL RECV] Try again (not error). errno = 11
04-12 20:39:37.482125  1284  1733 E VT RIL THD: [VT RIL RECV] Try again (not error). errno = 11
04-12 20:39:37.482127  1284  1733 E VT RIL THD: [VT RIL RECV] Try again (not error). errno = 11
04-12 20:39:37.482129  1284  1733 E VT RIL THD: [VT RIL RECV] Try again (not error). errno = 11
04-12 20:39:37.482131  1284  1733 E VT RIL THD: [VT RIL RECV] Try again (not error). errno = 11
04-12 20:39:37.482134  1284  1733 E VT RIL THD: [VT RIL RECV] Try again (not error). errno = 11
04-12 20:39:37.482136  1284  1733 E VT RIL THD: [VT RIL RECV] Try again (not error). errno = 11
04-12 20:39:37.482138  1284  1733 E VT RIL THD: [VT RIL RECV] Try again (not error). errno = 11
04-12 20:39:37.482140  1284  1733 E VT RIL THD: [VT RIL RECV] Try again (not error). errno = 11
04-12 20:39:37.482143  1284  1733 E VT RIL THD: [VT RIL RECV] Try again (not error). errno = 11
04-12 20:39:37.482145  1284  1733 E VT RIL THD: [VT RIL RECV] Try again (not error). errno = 11
04-12 20:39:37.482147  1284  1733 E VT RIL THD: [VT RIL RECV] Try again (not error). errno = 11
04-12 20:39:37.482150  1284  1733 E VT RIL THD: [VT RIL RECV] Try again (not error). errno = 11
04-12 20:39:37.482152  1284  1733 E VT RIL THD: [VT RIL RECV] Try again (not error). errno = 11
04-12 20:39:37.482154  1284  1733 E VT RIL THD: [VT RIL RECV] Try again (not error). errno = 11
04-12 20:39:37.482157  1284  1733 E VT RIL THD: [VT RIL RECV] Try again (not error). errno = 11
04-12 20:39:37.482159  1284  1733 E VT RIL THD: [VT RIL RECV] Try again (not error). errno = 11
04-12 20:39:37.482162  1284  1733 E VT RIL THD: [VT RIL RECV] Try again (not error). errno = 11
04-12 20:39:37.482164  1284  1733 E VT RIL THD: [VT RIL RECV] Try again (not error). errno = 11
04-12 20:39:37.482167  1284  1733 E VT RIL THD: [VT RIL RECV] Try again (not error). errno = 11
04-12 20:39:37.482169  1284  1733 E VT RIL THD: [VT RIL RECV] Try again (not error). errno = 11
04-12 20:39:37.482171  1284  1733 E VT RIL THD: [VT RIL RECV] Try again (not error). errno = 11
04-12 20:39:37.482173  1284  1733 E VT RIL THD: [VT RIL RECV] Try again (not error). errno = 11
04-12 20:39:37.482175  1284  1733 E VT RIL THD: [VT RIL RECV] Try again (not error). errno = 11
04-12 20:39:37.482179  1284  1733 E VT RIL THD: [VT RIL RECV] Try again (not error). errno = 11
04-12 20:39:37.482181  1284  1733 E VT RIL THD: [VT RIL RECV] Try again (not error). errno = 11
04-12 20:39:37.482183  1284  1733 E VT RIL THD: [VT RIL RECV] Try again (not error). errno = 11
04-12 20:39:37.482185  1284  1733 E VT RIL THD: [VT RIL RECV] Try again (not error). errno = 11
04-12 20:39:37.482188  1284  1733 E VT RIL THD: [VT RIL RECV] Try again (not error). errno = 11
04-12 20:39:37.482190  1284  1733 E VT RIL THD: [VT RIL RECV] Try again (not error). errno = 11
04-12 20:39:37.482192  1284  1733 E VT RIL THD: [VT RIL RECV] Try again (not error). errno = 11
04-12 20:39:37.482194  1284  1733 E VT RIL THD: [VT RIL RECV] Try again (not error). errno = 11
04-12 20:39:37.482196  1284  1733 E VT RIL THD: [VT RIL RECV] Try again (not error). errno = 11
04-12 20:39:37.482199  1284  1733 E VT RIL THD: [VT RIL RECV] Try again (not error). errno = 11
04-12 20:39:37.482201  1284  1733 E VT RIL THD: [VT RIL RECV] Try again (not error). errno = 11
04-12 20:39:37.482203  1284  1733 E VT RIL THD: [VT RIL RECV] Try again (not error). errno = 11
04-12 20:39:37.482205  1284  1733 E VT RIL THD: [VT RIL RECV] Try again (not error). errno = 11
04-12 20:39:37.482207  1284  1733 E VT RIL THD: [VT RIL RECV] Try again (not error). errno = 11
04-12 20:39:37.482209  1284  1733 E VT RIL THD: [VT RIL RECV] Try again (not error). errno = 11
04-12 20:39:37.482212  1284  1733 E VT RIL THD: [VT RIL RECV] Try again (not error). errno = 11
04-12 20:39:37.482214  1284  1733 E VT RIL THD: [VT RIL RECV] Try again (not error). errno = 11
04-12 20:39:37.482216  1284  1733 E VT RIL THD: [VT RIL RECV] Try again (not error). errno = 11
04-12 20:39:37.482219  1284  1733 E VT RIL THD: [VT RIL RECV] Try again (not error). errno = 11
04-12 20:39:37.482221  1284  1733 E VT RIL THD: [VT RIL RECV] Try again (not error). errno = 11
04-12 20:39:37.482223  1284  1733 E VT RIL THD: [VT RIL RECV] Try again (not error). errno = 11
04-12 20:39:37.482225  1284  1733 E VT RIL THD: [VT RIL RECV] Try again (not error). errno = 11
04-12 20:39:37.482227  1284  1733 E VT RIL THD: [VT RIL RECV] Try again (not error). errno = 11
04-12 20:39:37.482229  1284  1733 E VT RIL THD: [VT RIL RECV] Try again (not error). errno = 11
04-12 20:39:37.482232  1284  1733 E VT RIL THD: [VT RIL RECV] Try again (not error). errno = 11
04-12 20:39:37.482235  1284  1733 E VT RIL THD: [VT RIL RECV] Try again (not error). errno = 11
04-12 20:39:37.482238  1284  1733 E VT RIL THD: [VT RIL RECV] Try again (not error). errno = 11
04-12 20:39:37.482240  1284  1733 E VT RIL THD: [VT RIL RECV] Try again (not error). errno = 11
04-12 20:39:37.482242  1284  1733 E VT RIL THD: [VT RIL RECV] Try again (not error). errno = 11
04-12 20:39:37.482245  1284  1733 E VT RIL THD: [VT RIL RECV] Try again (not error). errno = 11
04-12 20:39:37.482247  1284  1733 E VT RIL THD: [VT RIL RECV] Try again (not error). errno = 11
04-12 20:39:37.482249  1284  1733 E VT RIL THD: [VT RIL RECV] Try again (not error). errno = 11
04-12 20:39:37.482251  1284  1733 E VT RIL THD: [VT RIL RECV] Try again (not error). errno = 11
04-12 20:39:37.482254  1284  1733 E VT RIL THD: [VT RIL RECV] Try again (not error). errno = 11
04-12 20:39:37.482256  1284  1733 E VT RIL THD: [VT RIL RECV] Try again (not error). errno = 11
04-12 20:39:37.482258  1284  1733 E VT RIL THD: [VT RIL RECV] Try again (not error). errno = 11
04-12 20:39:37.482260  1284  1733 E VT RIL THD: [VT RIL RECV] Try again (not error). errno = 11
04-12 20:39:37.482262  1284  1733 E VT RIL THD: [VT RIL RECV] Try again (not error). errno = 11
04-12 20:39:37.482264  1284  1733 E VT RIL THD: [VT RIL RECV] Try again (not error). errno = 11
04-12 20:39:37.482267  1284  1733 E VT RIL THD: [VT RIL RECV] Try again (not error). errno = 11
04-12 20:39:37.482269  1284  1733 E VT RIL THD: [VT RIL RECV] Try again (not error). errno = 11
04-12 20:39:37.482271  1284  1733 E VT RIL THD: [VT RIL RECV] Try again (not error). errno = 11
04-12 20:39:37.482273  1284  1733 E VT RIL THD: [VT RIL RECV] Try again (not error). errno = 11
04-12 20:39:37.482275  1284  1733 E VT RIL THD: [VT RIL RECV] Try again (not error). errno = 11
04-12 20:39:37.482277  1284  1733 E VT RIL THD: [VT RIL RECV] Try again (not error). errno = 11
04-12 20:39:37.482279  1284  1733 E VT RIL THD: [VT RIL RECV] Try again (not error). errno = 11
04-12 20:39:37.482281  1284  1733 E VT RIL THD: [VT RIL RECV] Try again (not error). errno = 11
04-12 20:39:37.482283  1284  1733 E VT RIL THD: [VT RIL RECV] Try again (not error). errno = 11
04-12 20:39:37.482286  1284  1733 E VT RIL THD: [VT RIL RECV] Try again (not error). errno = 11
04-12 20:39:37.482288  1284  1733 E VT RIL THD: [VT RIL RECV] Try again (not error). errno = 11
04-12 20:39:37.482290  1284  1733 E VT RIL THD: [VT RIL RECV] Try again (not error). errno = 11
04-12 20:39:37.482297  1284  1733 E VT RIL THD: [VT RIL RECV] Try again (not error). errno = 11
04-12 20:39:37.482300  1284  1733 E VT RIL THD: [VT RIL RECV] Try again (not error). errno = 11
04-12 20:39:37.482302  1284  1733 E VT RIL THD: [VT RIL RECV] Try again (not error). errno = 11
04-12 20:39:37.482304  1284  1733 E VT RIL THD: [VT RIL RECV] Try again (not error). errno = 11
04-12 20:39:37.482307  1284  1733 E VT RIL THD: [VT RIL RECV] Try again (not error). errno = 11
04-12 20:39:37.482309  1284  1733 E VT RIL THD: [VT RIL RECV] Try again (not error). errno = 11
04-12 20:39:37.482311  1284  1733 E VT RIL THD: [VT RIL RECV] Try again (not error). errno = 11
04-12 20:39:37.482313  1284  1733 E VT RIL THD: [VT RIL RECV] Try again (not error). errno = 11
04-12 20:39:37.482315  1284  1733 E VT RIL THD: [VT RIL RECV] Try again (not error). errno = 11
04-12 20:39:37.482317  1284  1733 E VT RIL THD: [VT RIL RECV] Try again (not error). errno = 11
04-12 20:39:37.482319  1284  1733 E VT RIL THD: [VT RIL RECV] Try again (not error). errno = 11
04-12 20:39:37.482322  1284  1733 E VT RIL THD: [VT RIL RECV] Try again (not error). errno = 11
04-12 20:39:37.482324  1284  1733 E VT RIL THD: [VT RIL RECV] Try again (not error). errno = 11
04-12 20:39:37.482326  1284  1733 E VT RIL THD: [VT RIL RECV] Try again (not error). errno = 11
04-12 20:39:37.482328  1284  1733 E VT RIL THD: [VT RIL RECV] Try again (not error). errno = 11
04-12 20:39:37.482330  1284  1733 E VT RIL THD: [VT RIL RECV] Try again (not error). errno = 11
04-12 20:39:37.482332  1284  1733 E VT RIL THD: [VT RIL RECV] Try again (not error). errno = 11
04-12 20:39:37.482334  1284  1733 E VT RIL THD: [VT RIL RECV] Try again (not error). errno = 11
04-12 20:39:37.482336  1284  1733 E VT RIL THD: [VT RIL RECV] Try again (not error). errno = 11
04-12 20:39:37.482339  1284  1733 E VT RIL THD: [VT RIL RECV] Try again (not error). errno = 11
04-12 20:39:37.482341  1284  1733 E VT RIL THD: [VT RIL RECV] Try again (not error). errno = 11
04-12 20:39:37.482343  1284  1733 E VT RIL THD: [VT RIL RECV] Try again (not error). errno = 11
04-12 20:39:37.482345  1284  1733 E VT RIL THD: [VT RIL RECV] Try again (not error). errno = 11
04-12 20:39:37.482347  1284  1733 E VT RIL THD: [VT RIL RECV] Try again (not error). errno = 11
04-12 20:39:37.482349  1284  1733 E VT RIL THD: [VT RIL RECV] Try again (not error). errno = 11
04-12 20:39:37.482351  1284  1733 E VT RIL THD: [VT RIL RECV] Try again (not error). errno = 11
04-12 20:39:37.482353  1284  1733 E VT RIL THD: [VT RIL RECV] Try again (not error). errno = 11
04-12 20:39:37.482356  1284  1733 E VT RIL THD: [VT RIL RECV] Try again (not error). errno = 11
04-12 20:39:37.482359  1284  1733 E VT RIL THD: [VT RIL RECV] Try again (not error). errno = 11
04-12 20:39:37.482361  1284  1733 E VT RIL THD: [VT RIL RECV] Try again (not error). errno = 11
04-12 20:39:37.482363  1284  1733 E VT RIL THD: [VT RIL RECV] Try again (not error). errno = 11
04-12 20:39:37.482365  1284  1733 E VT RIL THD: [VT RIL RECV] Try again (not error). errno = 11
04-12 20:39:37.482368  1284  1733 E VT RIL THD: [VT RIL RECV] Try again (not error). errno = 11
04-12 20:39:37.482370  1284  1733 E VT RIL THD: [VT RIL RECV] Try again (not error). errno = 11
04-12 20:39:37.482372  1284  1733 E VT RIL THD: [VT RIL RECV] Try again (not error). errno = 11
