04-12 20:39:39.101445  2579  3235 D FeatureConnector: [ImsStateCallbackController, 0] imsStatusChanged: status=UNAVAILABLE
04-12 20:39:39.101451  2579  3235 D FeatureConnector: [ImsStateCallbackController, 0] imsStatusChanged: ready didn't change, ignore
04-12 20:39:39.101472  2579  3235 D FeatureConnector: [ImsProvisioningController, 0] imsFeatureCreated: FeatureContainer{imsFeature=android.os.BinderProxy@17cb6bd, imsConfig=android.telephony.ims.aidl.IImsConfig$Stub$Proxy@4f594b2, imsRegistration=android.telephony.ims.aidl.IImsRegistration$Stub$Proxy@38abc03, sipTransport=null, state=UNAVAILABLE, capabilities = capabilities={ EMERGENCY_OVER_MMTEL SIMULTANEOUS_CALLING }}, subId: -1
04-12 20:39:39.101483  2579  3235 D FeatureConnector: [ImsProvisioningController, 0] imsStatusChanged: status=UNAVAILABLE
04-12 20:39:39.101489  2579  3235 D FeatureConnector: [ImsProvisioningController, 0] imsStatusChanged: ready didn't change, ignore
04-12 20:39:39.101798  2579  3308 D ImsProvisioningController: MmTelFeatureListener[0] onMmTelAvailable
04-12 20:39:39.101828  2579  3308 D ImsProvisioningController: RcsFeatureListener[1] connection ready
04-12 20:39:39.101847  2579  3308 D ImsConfig: addConfigCallback: com.android.phone.ImsProvisioningController$ConfigCallback@cc301b9
04-12 20:39:39.101922  2579  3235 D FeatureConnector: [ImsStateCallbackController, 0] imsStatusChanged: status=READY
04-12 20:39:39.101959  2579  3304 D ImsStateCallbackController: [0, RCS] connectionReady -1
04-12 20:39:39.101995  2579  3235 D FeatureConnector: [ImsProvisioningController, 0] imsStatusChanged: status=READY
04-12 20:39:39.102008  2579  3308 D ImsProvisioningController: RcsFeatureListener[1] onRcsAvailable
04-12 20:39:39.102029  2579  3308 D ImsProvisioningController: RcsFeatureListener[0] connection ready
04-12 20:39:39.102037  2579  3308 D ImsConfig: addConfigCallback: com.android.phone.ImsProvisioningController$ConfigCallback@7a449fe
04-12 20:39:39.102212  2579  3308 D ImsProvisioningController: RcsFeatureListener[0] onRcsAvailable
04-12 20:39:39.106736  2612  2612 D ImsConfigEventReceiver[1]: resetWfcModeFlag, reason: ACTION_MTK_MMTEL_READY
04-12 20:39:39.107084  2612  2736 D ImsConfigController[1]: resetWfcModeFlag()
04-12 20:39:39.111429  2612  2612 D ImsConfigEventReceiver[1]: ACTION_MTK_MMTEL_READY, update IMS config with phoneId:1, simState = 0, carrier config loaded: false, defaultSupportVolte: false
04-12 20:39:39.111441  2612  2612 I ImsConfigEventReceiver[1]: defaultSupportVolte =false and mIsCarrierConfigLoaded =false, don't update ims service config.
04-12 20:39:39.111541  2612  2612 I ImsService: updateImsRegstration[0], regstate:3, tech:-1, reason:ImsReasonInfo :: {1000 : CODE_REGISTRATION_ERROR, 0, 0}
04-12 20:39:39.113282  2612  2612 W OperatorUtils: getMccMnc, mccMnc value:
04-12 20:39:39.113373  2612  2612 D MtkMmTelFeature: [0] notifyCapabilitiesStatusChanged MmTel Capabilities - [Voice: false Video: false UT: false SMS: false CALL_COMPOSER: false BUSINESS_COMPOSER_ONLY: false]
04-12 20:39:39.116195  2612  2612 D ImsConfigEventReceiver[0]: resetWfcModeFlag, reason: ACTION_MTK_MMTEL_READY
04-12 20:39:39.116500  2612  2612 D ImsConfigEventReceiver[0]: ACTION_MTK_MMTEL_READY, update IMS config with phoneId:0, simState = 0, carrier config loaded: false, defaultSupportVolte: false
04-12 20:39:39.116510  2612  2612 I ImsConfigEventReceiver[0]: defaultSupportVolte =false and mIsCarrierConfigLoaded =false, don't update ims service config.
04-12 20:39:39.116838  2612  2722 D ImsConfigController[0]: resetWfcModeFlag()
04-12 20:39:39.126579  2579  3442 D MtkRILJ : [0140]> OEM_HOOK_STRINGS strings = AT+EAPC=1,1,10 +EAPC  [PHONE0]
04-12 20:39:39.129376  1284  1694 D RpOemCtlr: [0] onHandleOemHookString, data[0] = AT+EAPC=1,1,10
04-12 20:39:39.129476  1284  1714 I AT      : [0] AT> AT+EAPC=1,1,10 (RIL_CMD_READER_1 tid:505204861888)
04-12 20:39:39.129489  1284  1714 I AT      : SEND MSGID=0003 [SYS_AT_REQ], TXID=01ae [RFXSender_1], DUMP=841954240000000001000300AE01180000810F002A2A2A2A2A2A2A2A2A2A2A2A2A2A2A0000000000
04-12 20:39:39.131304  1284  1677 I AT      : RECV MSGID=0004 [SYS_AT_CNF], TXID=01ae, DUMP=841954240000000001020400AE0118000000040000000000008107002A2A2A2A2A2A2A0000000000
04-12 20:39:39.131361  1284  1714 I AT      : [0] AT< OK (RIL_CMD_READER_1, tid:505204861888)
04-12 20:39:39.131608  2579  2865 I RILJ    : [0140]< OEM_HOOK_STRINGS {} [PHONE0]
04-12 20:39:39.136213  1706  2811 W TelephonyRegistry: Pid 2579 has exceeded half the number of permissible registered listeners. Now at 83
04-12 20:39:39.136237  1706  2811 D TelephonyRegistry: listen oscl: mHasNotifySubscriptionInfoChangedOccurred==false no callback
04-12 20:39:39.147707  2579  2579 D TNP     : onNetworkNeeded: Not applied. [NetworkRequest [ REQUEST id=102, [ Capabilities: INTERNET&NOT_RESTRICTED&TRUSTED&NOT_VCN_MANAGED&NOT_BANDWIDTH_CONSTRAINED Uid: 10146 RequestorUid: 10146 RequestorPkg: com.android.systemui UnderlyingNetworks: Null] ], mPriority=0, state=UNSATISFIED, mAttachedDataNetwork=null, created time=20:39:39.147, evaluation result=null]
04-12 20:39:39.149826  2579  2579 D TNP     : onNetworkNeeded: Not applied. [NetworkRequest [ REQUEST id=105, [ Capabilities: INTERNET&NOT_RESTRICTED&TRUSTED&NOT_VCN_MANAGED&NOT_BANDWIDTH_CONSTRAINED Uid: 10146 RequestorUid: 10146 RequestorPkg: com.android.systemui UnderlyingNetworks: Null] ], mPriority=0, state=UNSATISFIED, mAttachedDataNetwork=null, created time=20:39:39.147, evaluation result=null]
04-12 20:39:39.149999  2579  2579 D TNP     : onNetworkNeeded: Not applied. [NetworkRequest [ REQUEST id=107, [ Capabilities: INTERNET&NOT_RESTRICTED&TRUSTED&NOT_VCN_MANAGED&NOT_BANDWIDTH_CONSTRAINED Uid: 10146 RequestorUid: 10146 RequestorPkg: com.android.systemui UnderlyingNetworks: Null] ], mPriority=0, state=UNSATISFIED, mAttachedDataNetwork=null, created time=20:39:39.149, evaluation result=null]
04-12 20:39:39.153135  2579  2579 D DataService: Data service created
04-12 20:39:39.156359  1706  2265 W TelephonyRegistry: Pid 2579 has exceeded half the number of permissible registered listeners. Now at 84
04-12 20:39:39.161513  2579  2579 D DataService: Data service created
04-12 20:39:39.165129  2579  2579 D DebugService: DebugService DebugService:
04-12 20:39:39.168129  2579  3423 D MtkRILJ : [0141]> OEM_HOOK_STRINGS strings = AT+ESBP=5,"SBP_HIGH_PRIORITY_CELL",1 +ESBP  [PHONE0]
04-12 20:39:39.168435  1284  1694 D RpOemCtlr: [0] onHandleOemHookString, data[0] = AT+ESBP=5,"SBP_HIGH_PRIORITY_CELL",1
04-12 20:39:39.168594  1284  1714 I AT      : [0] AT> AT+ESBP=5,"SBP_HIGH_PRIORITY_CELL",1 (RIL_CMD_READER_1 tid:505204861888)
04-12 20:39:39.168615  1284  1714 I AT      : SEND MSGID=0003 [SYS_AT_REQ], TXID=01af [RFXSender_1], DUMP=841954240000000001000300AF013000008125002A2A2A2A2A2A2A2A2A2A2A2A2A2A2A2A2A2A2A2A2A2A2A2A2A2A2A2A2A2A2A2A2A2A2A2A2A00000000000000
04-12 20:39:39.170844  2579  2579 D UiccSlot: Creating
04-12 20:39:39.170869  2579  2579 D MtkUiccSlot: Creating
04-12 20:39:39.170908  2579  2579 E AnswerToReset: Valid ATR string must at least contains TS and T0.
04-12 20:39:39.171036  2579  2579 D UiccSlot: Creating
04-12 20:39:39.171213  2579  2579 D MtkUiccSlot: Creating
04-12 20:39:39.171228  2579  2579 E AnswerToReset: Valid ATR string must at least contains TS and T0.
04-12 20:39:39.173042  1284  1677 I AT      : RECV MSGID=0004 [SYS_AT_CNF], TXID=01af, DUMP=841954240000000001020400AF0118000000040000000000008107002A2A2A2A2A2A2A0000000000
04-12 20:39:39.173107  1284  1714 I AT      : [0] AT< OK (RIL_CMD_READER_1, tid:505204861888)
04-12 20:39:39.182429  2579  2579 D MTK_SMSVC: [updateNewSmlInfo]- [4, 0, 2, 2, -1, -1, 4, 0]
04-12 20:39:39.182487  2579  2579 D MTK_SMSVC: Broadcasting ACTION_SIM_SLOT_SIM_MOUNT_CHANGE,  [4, 0, 2, 2, -1, -1, 4, 0]
04-12 20:39:39.188009  1706  2811 W TelephonyRegistry: Pid 2579 has exceeded half the number of permissible registered listeners. Now at 85
04-12 20:39:39.188025  2579  3423 D MtkRILJ : [0142]> OEM_HOOK_STRINGS strings = AT+EGREG? +EGREG  [PHONE0]
04-12 20:39:39.188252  1284  1694 D RpOemCtlr: [0] onHandleOemHookString, data[0] = AT+EGREG?
04-12 20:39:39.188324  1706  2810 W TelephonyRegistry: Pid 2579 has exceeded half the number of permissible registered listeners. Now at 86
04-12 20:39:39.188357  1284  1714 I AT      : [0] AT> AT+EGREG? (RIL_CMD_READER_1 tid:505204861888)
04-12 20:39:39.188374  1284  1714 I AT      : SEND MSGID=0003 [SYS_AT_REQ], TXID=01b0 [RFXSender_1], DUMP=841954240000000001000300B001100000810A002A2A2A2A2A2A2A2A2A2A0000
04-12 20:39:39.189000  1706  1796 W TelephonyRegistry: Pid 2579 has exceeded half the number of permissible registered listeners. Now at 87
04-12 20:39:39.189139  2579  2579 D MTK_SMSVC: [updateNewSmlInfo]- [4, 0, 2, 2, -1, -1, 4, 1]
04-12 20:39:39.189239  2579  2579 D MTK_SMSVC: resetSimMountChangeState no  need report 
04-12 20:39:39.189284  1706  1941 W TelephonyRegistry: Pid 2579 has exceeded half the number of permissible registered listeners. Now at 88
04-12 20:39:39.189463  2579  2579 E AnswerToReset: Valid ATR string must at least contains TS and T0.
04-12 20:39:39.189536  2579  2579 D UiccSlot: update: radioState=0 mLastRadioState={0=2}
04-12 20:39:39.190416  2579  2579 D MtkRILJ : [0143]> MTK: RIL_REQUEST_GET_SIM_TYPE_INFO [PHONE1]
04-12 20:39:39.190556  2579  2579 E AnswerToReset: Valid ATR string must at least contains TS and T0.
04-12 20:39:39.190606  2579  2579 D UiccSlot: update: radioState=0 mLastRadioState={0=0}
04-12 20:39:39.190689  2579  2579 D MtkGsmInboundSmsHandler-0: IdleState.processMessage: processing EVENT_RELEASE_WAKELOCK
04-12 20:39:39.190835  1284  1729 I AT      : SEND MSGID=0581 [MIPC_SIM_ESIM_SWITCH_GET_REQ], TXID=01b1 [RFXSender_15], DUMP=841954240000000002008105B1010000
04-12 20:39:39.191256  1284  1677 I AT      : RECV MSGID=0004 [SYS_AT_CNF], TXID=01b0, DUMP=841954240000000001020400B0015000000004000000000000813E002A2A2A2A2A2A2A2A2A2A2A2A2A2A2A2A2A2A2A2A2A2A2A2A2A2A2A2A2A2A2A2A2A2A2A2A2A2A2A2A2A2A2A2A2A2A2A2A2A2A2A2A2A2A2A2A2A2A2A2A2A2A000000000000
04-12 20:39:39.191323  1284  1714 I AT      : [0] AT< +EGREG=*** (RIL_CMD_READER_1, tid:505204861888)
04-12 20:39:39.191338  1284  1714 I AT      : [0] AT< OK (RIL_CMD_READER_1, tid:505204861888)
04-12 20:39:39.192910  1284  1677 I AT      : RECV MSGID=0582 [MIPC_SIM_ESIM_SWITCH_GET_CNF], TXID=01b1, DUMP=841954240000000002028205B1011800000004000000000000010100010000000101010000000000
04-12 20:39:39.193249  2579  2579 D MtkGsmInboundSmsHandler-0: IdleState.processMessage: EVENT_RELEASE_WAKELOCK: mWakeLock released
04-12 20:39:39.193298  2579  2579 D MtkCdmaInboundSmsHandler-0: IdleState.processMessage: processing EVENT_RELEASE_WAKELOCK
04-12 20:39:39.193886  2579  2579 D MtkCdmaInboundSmsHandler-0: IdleState.processMessage: EVENT_RELEASE_WAKELOCK: mWakeLock released
04-12 20:39:39.194136  2579  2579 E AnswerToReset: Valid ATR string must at least contains TS and T0.
04-12 20:39:39.194177  2579  2579 D UiccSlot: update: radioState=1 mLastRadioState={0=2}
04-12 20:39:39.194549  2579  2579 D MtkRILJ : [0144]> MTK: RIL_REQUEST_GET_SIM_TYPE_INFO [PHONE0]
04-12 20:39:39.194671  2579  2579 E AnswerToReset: Valid ATR string must at least contains TS and T0.
04-12 20:39:39.194740  2579  2579 D UiccSlot: update: radioState=1 mLastRadioState={0=1}
04-12 20:39:39.194825  2579  2579 D TelephonyManager: setBasebandVersionForPhone org list is:[TA15152P1]
04-12 20:39:39.194844  2579  2579 D TelephonyManager: setBasebandVersionForPhone final list is:[TA15152P1]
04-12 20:39:39.195135  1284  1716 I AT      : SEND MSGID=0581 [MIPC_SIM_ESIM_SWITCH_GET_REQ], TXID=01b2 [RFXSender_3], DUMP=841954240000000001008105B2010000
04-12 20:39:39.197506  1284  1677 I AT      : RECV MSGID=0582 [MIPC_SIM_ESIM_SWITCH_GET_CNF], TXID=01b2, DUMP=841954240000000001028205B2011800000004000000000000010100010000000101010000000000
04-12 20:39:39.199727  2579  2579 D QualifiedNetworksService: Qualified networks service created
04-12 20:39:39.203432  2579  2579 D NetworkService: network service created
04-12 20:39:39.208204  2579  2579 D MTKSST  : [GsmSST0] handlePollStateResult exception java.lang.IllegalStateException: Service not connected.
04-12 20:39:39.208642  2579  2908 I RILJ    : [0141]< OEM_HOOK_STRINGS {} [PHONE0]
04-12 20:39:39.208754  2579  2603 I RILJ    : [0142]< OEM_HOOK_STRINGS {+EGREG: 0,"000000","00FFFFFFF",0,"00",0,0,0,0,0,0,0} [PHONE0]
04-12 20:39:39.209669  2579  2579 E MTKSST  : [GsmSST0] handlePollStateResult: RIL returned an error where it must succeed: java.lang.IllegalStateException: Service not connected.
04-12 20:39:39.209740  2579  2579 D MTKSST  : [GsmSST0] handlePollStateResult exception java.lang.IllegalStateException: Service not connected.
04-12 20:39:39.209752  2579  2863 I RILJ    : [0143]< MTK: RIL_REQUEST_GET_SIM_TYPE_INFO com.mediatek.internal.telephony.uicc.SimTypeInfoExt@fa6ad17;support: 1, currentType: 0, source:0 [PHONE1]
04-12 20:39:39.209769  2579  2579 E MTKSST  : [GsmSST0] handlePollStateResult: RIL returned an error where it must succeed: java.lang.IllegalStateException: Service not connected.
04-12 20:39:39.209794  2579  2579 D MTKSST  : [GsmSST0] handlePollStateResult exception java.lang.IllegalStateException: Service not connected.
04-12 20:39:39.209813  2579  2579 E MTKSST  : [GsmSST0] handlePollStateResult: RIL returned an error where it must succeed: java.lang.IllegalStateException: Service not connected.
04-12 20:39:39.210136  2579  2865 I RILJ    : [0144]< MTK: RIL_REQUEST_GET_SIM_TYPE_INFO com.mediatek.internal.telephony.uicc.SimTypeInfoExt@1bd0d96;support: 1, currentType: 0, source:0 [PHONE0]
04-12 20:39:39.221038  2579  2579 D NetworkService: network service created
04-12 20:39:39.223679  2579  2579 D IWlanNetworkService: IWlanNetworkService init.
04-12 20:39:39.226415  2579  3481 D IWlanNetworkService: linkToDeath
04-12 20:39:39.226849  2612  2713 D MWIS    : [MwiService] getWfcHandlerInterface
04-12 20:39:39.227593  2579  3481 D IWlanNetworkService: checkAndBindWifiOffloadService: sWifiOffloadService = com.mediatek.wfo.IWifiOffloadService$Stub$Proxy@9e6eaed
04-12 20:39:39.227787  2579  3481 D IWlanNetworkService: create WifiOffloadListenerProxy
04-12 20:39:39.242698  2579  2579 D MTKSST  : [GsmSST0] EVENT_POLL_STATE_NETWORK_SELECTION_MODE
04-12 20:39:39.243446  2579  2579 D MTKSST  : [GsmSST0] EVENT_POLL_STATE_NETWORK_SELECTION_MODE
04-12 20:39:39.244024  2579  2579 D MTKSST  : [GsmSST0] combinePsRegistrationStates: {mVoiceRegState=3(POWER_OFF), mDataRegState=1(OUT_OF_SERVICE), mChannelNumber=-1, duplexMode()=0, mCellBandwidths=[], mOperatorAlphaLong=, mOperatorAlphaShort=, isManualNetworkSelection=false(automatic), getRilVoiceRadioTechnology=0(Unknown), getRilDataRadioTechnology=0(Unknown), mCssIndicator=unsupported, mNetworkId=-1, mSystemId=-1, mCdmaRoamingIndicator=-1, mCdmaDefaultRoamingIndicator=-1, mIsEmergencyOnly=false, isUsingCarrierAggregation=false, mArfcnRsrpBoost=0, mNetworkRegistrationInfos=[NetworkRegistrationInfo{ domain=CS transportType=WWAN registrationState=UNKNOWN networkRegistrationState=UNKNOWN roamingType=NOT_ROAMING accessNetworkTechnology=UNKNOWN rejectCause=0 emergencyEnabled=false availableServices=[] cellIdentity=null voiceSpecificInfo=null dataSpecificInfo=null nrState=NONE rRplmn= isUsingCarrierAggregation=false isNonTerrestrialNetwork=TERRESTRIAL}, NetworkRegistrationInfo{ domain=PS transportType=WWAN registrationState=UNKNOWN networkRegistrationState=UNKNOWN roamingType=NOT_ROAMING accessNetworkTechnology=UNKNOWN rejectCause=0 emergencyEnabled=false availableServices=[] cellIdentity=null voiceSpecificInfo=null dataSpecificInfo=null nrState=NONE rRplmn= isUsingCarrierAggregation=false isNonTerrestrialNetwork=TERRESTRIAL}, NetworkRegistrationInfo{ domain=PS transportType=WLAN registrationState=UNKNOWN networkRegistrationState=UNKNOWN roamingType=NOT_ROAMING accessNetworkTechnology=UNKNOWN rejectCause=0 emergencyEnabled=false availableServices=[] cellIdentity=null voiceSpecificInfo=null dataSpecificInfo=null nrState=NONE rRplmn= isUsingCarrierAggregation=false isNonTerrestrialNetwork=TERRESTRIAL}], mNrFrequencyRange=0, mOperatorAlphaLongRaw=, mOperatorAlphaShortRaw=, mIsDataRoamingFromRegistration=false, mIsIwlanPreferred=false, mIsUsingNonTerrestrialNetwork=false}
04-12 20:39:39.244415  2579  2579 D MTKSST  : [GsmSST0] TDD getNumeric simNumeric = , operatorNumeric = 
04-12 20:39:39.245245  2579  2579 D MTKSST  : [GsmSST0] TDD currentMccEqualsSimMcc simNumeric = , operatorNumeric = 
04-12 20:39:39.246016  2579  2579 E MTKSST  : lookupOperatorName2 getPhone null subid=-1
04-12 20:39:39.246201  2579  2579 D MtkRILJ : lookupOperatorNameMVNO2 plmn name update to TS.25/MVNO: 
04-12 20:39:39.246502  2579  2579 D MtkRILJ : lookupOperatorNameNitz plmn name update to Nitz: 
04-12 20:39:39.247270  2579  2579 E MTKSST  : lookupOperatorName getPhone null subid=-1
04-12 20:39:39.253466  2579  2579 W MtkSpnOverride: test mccmncspn = 20408AH Mobiel, name = AH Mobiel
04-12 20:39:39.253507  2579  2579 W MtkSpnOverride: test mccmncspn = 20408Hi, name = Hi
04-12 20:39:39.253523  2579  2579 W MtkSpnOverride: test mccmncspn = 20408KPN, name = KPN
04-12 20:39:39.253529  2579  2579 W MtkSpnOverride: test mccmncspn = 20408Lebara, name = Lebara
04-12 20:39:39.253533  2579  2579 W MtkSpnOverride: test mccmncspn = 20408Ortel NL, name = Ortel NL
04-12 20:39:39.253538  2579  2579 W MtkSpnOverride: test mccmncspn = 20408Rabo Mobiel, name = Rabo Mobiel
04-12 20:39:39.253542  2579  2579 W MtkSpnOverride: test mccmncspn = 20412Lebara, name = Lebara
04-12 20:39:39.253547  2579  2579 W MtkSpnOverride: test mccmncspn = 20416Tele2 NL, name = Tele2 NL
04-12 20:39:39.253564  2579  2579 W MtkSpnOverride: test mccmncspn = 20416Odido, name = Odido
04-12 20:39:39.253678  2579  2579 W MtkSpnOverride: test mccmncspn = 20404CNT, name = CNT
04-12 20:39:39.253764  2579  2579 W MtkSpnOverride: test mccmncspn = 20601mobicom, name = mobicom
04-12 20:39:39.253867  2579  2579 W MtkSpnOverride: test mccmncspn = 20606LycaMobile, name = LycaMobile
04-12 20:39:39.254032  2579  2579 W MtkSpnOverride: test mccmncspn = 20610LYCAMOBILE, name = LYCAMOBILE
04-12 20:39:39.254351  2579  2579 W MtkSpnOverride: test mccmncspn = 20620Ortel BE, name = Ortel
04-12 20:39:39.254540  2579  2579 W MtkSpnOverride: test mccmncspn = 20801C le mobile, name = NRJ Mobile
04-12 20:39:39.254590  2579  2579 W MtkSpnOverride: test mccmncspn = 20801Carrefour, name = Carrefour
04-12 20:39:39.254599  2579  2579 W MtkSpnOverride: test mccmncspn = 20801M6Mobile, name = M6Mobile
04-12 20:39:39.254604  2579  2579 W MtkSpnOverride: test mccmncspn = 20801NRJ Mobile, name = NRJ Mobile
04-12 20:39:39.254608  2579  2579 W MtkSpnOverride: test mccmncspn = 20801Symacom Mobile, name = Symacom Mobile
04-12 20:39:39.254612  2579  2579 W MtkSpnOverride: test mccmncspn = 20810A MOBILE, name = A MOBILE
04-12 20:39:39.254616  2579  2579 W MtkSpnOverride: test mccmncspn = 20810AfoneMobile, name = Afone
04-12 20:39:39.254620  2579  2579 W MtkSpnOverride: test mccmncspn = 20810Auchan telecom, name = Auchan telecom
04-12 20:39:39.254636  2579  2579 W MtkSpnOverride: test mccmncspn = 20810BUZZ, name = BUZZ
04-12 20:39:39.254643  2579  2579 W MtkSpnOverride: test mccmncspn = 20820B&YOU, name = B&YOU
04-12 20:39:39.254647  2579  2579 W MtkSpnOverride: test mccmncspn = 20810C le mobile, name = NRJ
04-12 20:39:39.254652  2579  2579 W MtkSpnOverride: test mccmncspn = 20810CIC Mobile, name = CIC Mobile
04-12 20:39:39.254656  2579  2579 W MtkSpnOverride: test mccmncspn = 20810Cofidis Mobile, name = Cofidis Mobile
04-12 20:39:39.254659  2579  2579 W MtkSpnOverride: test mccmncspn = 20810Credit Mutuel, name = Credit Mutuel
04-12 20:39:39.254663  2579  2579 W MtkSpnOverride: test mccmncspn = 20810DARTY MOBILE, name = Darty Mobile
04-12 20:39:39.254667  2579  2579 W MtkSpnOverride: test mccmncspn = 20810Joe, name = Joe
04-12 20:39:39.254672  2579  2579 W MtkSpnOverride: test mccmncspn = 20810La Poste Mobile, name = La Poste Mobile
04-12 20:39:39.254676  2579  2579 W MtkSpnOverride: test mccmncspn = 20810LeclercMobile, name = LeclercMobile
04-12 20:39:39.254680  2579  2579 W MtkSpnOverride: test mccmncspn = 20810NRJ Mobile, name = NRJ
04-12 20:39:39.254684  2579  2579 W MtkSpnOverride: test mccmncspn = 20810Prixtel, name = Prixtel
04-12 20:39:39.254687  2579  2579 W MtkSpnOverride: test mccmncspn = 20810Simplicime, name = Simplicime
04-12 20:39:39.254691  2579  2579 W MtkSpnOverride: test mccmncspn = 20820LEBARA, name = Lebara
04-12 20:39:39.254694  2579  2579 W MtkSpnOverride: test mccmncspn = 20820Numericable, name = Numericable
04-12 20:39:39.254698  2579  2579 W MtkSpnOverride: test mccmncspn = 20820Simyo, name = Simyo
04-12 20:39:39.254702  2579  2579 W MtkSpnOverride: test mccmncspn = 20825Lycamobile, name = Lycamobile
04-12 20:39:39.254705  2579  2579 W MtkSpnOverride: test mccmncspn = 20838Lebara, name = Lebara
04-12 20:39:39.254710  2579  2579 W MtkSpnOverride: test mccmncspn = 21405Tuenti, name = Tuenti
04-12 20:39:39.254714  2579  2579 W MtkSpnOverride: test mccmncspn = 21405telecable, name = telecable
04-12 20:39:39.254717  2579  2579 W MtkSpnOverride: test mccmncspn = 22201tiscalimobile, name = Tiscali Mobile
04-12 20:39:39.254721  2579  2579 W MtkSpnOverride: test mccmncspn = 22201COOP, name = Coop
04-12 20:39:39.254724  2579  2579 W MtkSpnOverride: test mccmncspn = 22201Noverca, name = Noverca
04-12 20:39:39.254728  2579  2579 W MtkSpnOverride: test mccmncspn = 22207Noverca, name = Noverca
04-12 20:39:39.254731  2579  2579 W MtkSpnOverride: test mccmncspn = 22210BT Italia, name = BT Italia Mobile
04-12 20:39:39.254736  2579  2579 W MtkSpnOverride: test mccmncspn = 22210ERG, name = ERG Mobile
04-12 20:39:39.254740  2579  2579 W MtkSpnOverride: test mccmncspn = 22210ERG mobile, name = ERG Mobile
04-12 20:39:39.254751  2579  2579 W MtkSpnOverride: test mccmncspn = 22210PosteMobile, name = Poste Mobile
04-12 20:39:39.254754  2579  2579 W MtkSpnOverride: test mccmncspn = 22235Lycamobile, name = LycaMobile
04-12 20:39:39.254759  2579  2579 W MtkSpnOverride: test mccmncspn = 22288VERY, name = VERY
04-12 20:39:39.254763  2579  2579 W MtkSpnOverride: test mccmncspn = 22299FASTWEB, name = Fastweb
04-12 20:39:39.254767  2579  2579 W MtkSpnOverride: test mccmncspn = 22603BENEFITO, name = BENEFITO
04-12 20:39:39.254770  2579  2579 W MtkSpnOverride: test mccmncspn = 231034KA SK, name = 4KA SK
04-12 20:39:39.254774  2579  2579 W MtkSpnOverride: test mccmncspn = 23207HoT, name = HoT
04-12 20:39:39.254777  2579  2579 W MtkSpnOverride: test mccmncspn = 23401Vectone Mobile, name = Vectone
04-12 20:39:39.254781  2579  2579 W MtkSpnOverride: test mccmncspn = 23410TESCO, name = TESCO
04-12 20:39:39.254808  2579  2579 W MtkSpnOverride: test mccmncspn = 23415ASDA Mobile, name = ASDA Mobile
04-12 20:39:39.254818  2579  2579 W MtkSpnOverride: test mccmncspn = 23415BT, name = BT Mobile
04-12 20:39:39.254826  2579  2579 W MtkSpnOverride: test mccmncspn = 23415Lebara, name = Lebara
04-12 20:39:39.254831  2579  2579 W MtkSpnOverride: test mccmncspn = 23420Lebara, name = Lebara
04-12 20:39:39.254835  2579  2579 W MtkSpnOverride: test mccmncspn = 23426GT mobile, name = GT mobile
04-12 20:39:39.254839  2579  2579 W MtkSpnOverride: test mccmncspn = 23426Lycamobile, name = Lycamobile
04-12 20:39:39.254843  2579  2579 W MtkSpnOverride: test mccmncspn = 23430Virgin, name = Virgin
04-12 20:39:39.254846  2579  2579 W MtkSpnOverride: test mccmncspn = 23431Virgin, name = Virgin
04-12 20:39:39.254850  2579  2579 W MtkSpnOverride: test mccmncspn = 23432Virgin, name = Virgin
04-12 20:39:39.254853  2579  2579 W MtkSpnOverride: test mccmncspn = 23433Now mobile, name = Now mobile
04-12 20:39:39.254857  2579  2579 W MtkSpnOverride: test mccmncspn = 24601EZYS, name = ezys
04-12 20:39:39.254867  2579  2579 W MtkSpnOverride: test mccmncspn = 24602labas, name = labas
04-12 20:39:39.254873  2579  2579 W MtkSpnOverride: test mccmncspn = 24603PILDYK, name = PILDYK
04-12 20:39:39.254877  2579  2579 W MtkSpnOverride: test mccmncspn = 24801diil, name = diil
04-12 20:39:39.254881  2579  2579 W MtkSpnOverride: test mccmncspn = 24801Telia, name = Telia
04-12 20:39:39.254885  2579  2579 W MtkSpnOverride: test mccmncspn = 24802ZEN, name = ZEN
04-12 20:39:39.254888  2579  2579 W MtkSpnOverride: test mccmncspn = 25019Alfa, name = Alfa
04-12 20:39:39.254892  2579  2579 W MtkSpnOverride: test mccmncspn = 25020ROSTELECOM, name = ROSTELECOM
04-12 20:39:39.254895  2579  2579 W MtkSpnOverride: test mccmncspn = 25020SberMobile, name = SberMobile
04-12 20:39:39.254898  2579  2579 W MtkSpnOverride: test mccmncspn = 25020TTK, name = TTK
04-12 20:39:39.254901  2579  2579 W MtkSpnOverride: test mccmncspn = 25020t2, name = t2
04-12 20:39:39.254910  2579  2579 W MtkSpnOverride: test mccmncspn = 25020T2, name = T2
04-12 20:39:39.254915  2579  2579 W MtkSpnOverride: test mccmncspn = 26006Mobile Vikings, name = Mobile Vikings
04-12 20:39:39.254919  2579  2579 W MtkSpnOverride: test mccmncspn = 26201congstar, name = Telekom.de
04-12 20:39:39.254923  2579  2579 W MtkSpnOverride: test mccmncspn = 26202mobilcom-debitel, name = mobilcom-debitel
04-12 20:39:39.254927  2579  2579 W MtkSpnOverride: test mccmncspn = 26203blau.de, name = blau.de
04-12 20:39:39.254931  2579  2579 W MtkSpnOverride: test mccmncspn = 26203AY YILDIZ, name = AY YILDIZ
04-12 20:39:39.254934  2579  2579 W MtkSpnOverride: test mccmncspn = 26203simVOICE, name = simVOICE
04-12 20:39:39.254939  2579  2579 W MtkSpnOverride: test mccmncspn = 26203ptt-mobile, name = ptt-mobile
04-12 20:39:39.254943  2579  2579 W MtkSpnOverride: test mccmncspn = 26243LycaMobile, name = LycaMobile
04-12 20:39:39.254946  2579  2579 W MtkSpnOverride: test mccmncspn = 27077Tango, name = TANGO
04-12 20:39:39.254952  2579  2579 W MtkSpnOverride: test mccmncspn = 28603Fenercell, name = Fenercell
04-12 20:39:39.254956  2579  2579 W MtkSpnOverride: test mccmncspn = 28603TEKNOSACELL, name = TEKNOSACELL
04-12 20:39:39.254959  2579  2579 W MtkSpnOverride: test mccmncspn = 29340bob, name = BOB
04-12 20:39:39.254963  2579  2579 W MtkSpnOverride: test mccmncspn = 29340HoT, name = HoT
04-12 20:39:39.254967  2579  2579 W MtkSpnOverride: test mccmncspn = 302220WOM Roaming Int, name = WOM Roaming Int
04-12 20:39:39.254971  2579  2579 W MtkSpnOverride: test mccmncspn = 302220WOM Roaming, name = WOM Roaming
04-12 20:39:39.254975  2579  2579 W MtkSpnOverride: test mccmncspn = 334020OXXO CEL, name = OXXO CEL
04-12 20:39:39.254978  2579  2579 W MtkSpnOverride: test mccmncspn = 334020OUI, name = OUI
04-12 20:39:39.254986  2579  2579 W MtkSpnOverride: test mccmncspn = 334030Flash Mobile, name = Flash Mobile
04-12 20:39:39.254991  2579  2579 W MtkSpnOverride: test mccmncspn = 334030Virgin Mobile, name = Virgin Mobile
04-12 20:39:39.254994  2579  2579 W MtkSpnOverride: test mccmncspn = 334050UNEFON, name = UNEFON
04-12 20:39:39.254998  2579  2579 W MtkSpnOverride: test mccmncspn = 334140Arlonet, name = Arlonet
04-12 20:39:39.255002  2579  2579 W MtkSpnOverride: test mccmncspn = 334140BYPLUS, name = BYPLUS
04-12 20:39:39.255006  2579  2579 W MtkSpnOverride: test mccmncspn = 334140CHAMO-MOVIL, name = CHAMO-MOVIL
04-12 20:39:39.255009  2579  2579 W MtkSpnOverride: test mccmncspn = 334140CFE TEIPT, name = CFE TEIPT
04-12 20:39:39.255013  2579  2579 W MtkSpnOverride: test mccmncspn = 334140FreedomPop, name = FreedomPop
04-12 20:39:39.255049  2579  2579 W MtkSpnOverride: test mccmncspn = 334140Gurucomm, name = Gurucomm
04-12 20:39:39.255056  2579  2579 W MtkSpnOverride: test mccmncspn = 334140Mega4.5 G, name = Mega4.5 G
04-12 20:39:39.255060  2579  2579 W MtkSpnOverride: test mccmncspn = 334140MISTRAL, name = MISTRAL
04-12 20:39:39.255064  2579  2579 W MtkSpnOverride: test mccmncspn = 334140MEXFON, name = MEXFON
04-12 20:39:39.255067  2579  2579 W MtkSpnOverride: test mccmncspn = 334140NETWEY, name = NETWEY
04-12 20:39:39.255071  2579  2579 W MtkSpnOverride: test mccmncspn = 334140NEMI, name = NEMI
04-12 20:39:39.255074  2579  2579 W MtkSpnOverride: test mccmncspn = 334140OUI, name = OUI
04-12 20:39:39.255079  2579  2579 W MtkSpnOverride: test mccmncspn = 334140PagaPhone, name = PagaPhone
04-12 20:39:39.255083  2579  2579 W MtkSpnOverride: test mccmncspn = 334140RETEMEX, name = RETEMEX
04-12 20:39:39.255086  2579  2579 W MtkSpnOverride: test mccmncspn = 334140TURBORED, name = TURBORED
04-12 20:39:39.255089  2579  2579 W MtkSpnOverride: test mccmncspn = 334140izzi, name = izzi
04-12 20:39:39.255095  2579  2579 W MtkSpnOverride: test mccmncspn = 334140IUSATEL, name = IUSATEL
04-12 20:39:39.255099  2579  2579 W MtkSpnOverride: test mccmncspn = 334140INTEN, name = INTEN
04-12 20:39:39.255102  2579  2579 W MtkSpnOverride: test mccmncspn = 334140Ubix, name = Ubix
04-12 20:39:39.255105  2579  2579 W MtkSpnOverride: test mccmncspn = 334140WiMO, name = WiMO
04-12 20:39:39.255110  2579  2579 W MtkSpnOverride: test mccmncspn = 334140YO, name = YO
04-12 20:39:39.255113  2579  2579 W MtkSpnOverride: test mccmncspn = 334140BAIT, name = BAIT
04-12 20:39:39.255117  2579  2579 W MtkSpnOverride: test mccmncspn = 334140PILLO, name = PILLO
04-12 20:39:39.255120  2579  2579 W MtkSpnOverride: test mccmncspn = 334140DIRI, name = DIRI
04-12 20:39:39.255123  2579  2579 W MtkSpnOverride: test mccmncspn = 334140DMI, name = DMI
04-12 20:39:39.255127  2579  2579 W MtkSpnOverride: test mccmncspn = 334140IENTC, name = IENTC
04-12 20:39:39.255132  2579  2579 W MtkSpnOverride: test mccmncspn = 334140inXel, name = inXel
04-12 20:39:39.255196  2579  2579 W MtkSpnOverride: test mccmncspn = 334140NeWWW, name = NeWWW
04-12 20:39:39.255210  2579  2579 W MtkSpnOverride: test mccmncspn = 334140SPACE, name = SPACE
04-12 20:39:39.255216  2579  2579 W MtkSpnOverride: test mccmncspn = 334140TELMOVIL, name = TELMOVIL
04-12 20:39:39.255220  2579  2579 W MtkSpnOverride: test mccmncspn = 334140Redpotencia, name = Redpotencia
04-12 20:39:39.255224  2579  2579 W MtkSpnOverride: test mccmncspn = 334140RedPotencia, name = RedPotencia
04-12 20:39:39.255228  2579  2579 W MtkSpnOverride: test mccmncspn = 334140VALOR, name = VALOR
04-12 20:39:39.255277  2579  2579 W MtkSpnOverride: test mccmncspn = 40177ALTEL 4G, name = ALTEL 4G
04-12 20:39:39.255283  2579  2579 W MtkSpnOverride: test mccmncspn = 40177ALTEL, name = ALTEL
04-12 20:39:39.255286  2579  2579 W MtkSpnOverride: test mccmncspn = 40102Activ, name = Activ
04-12 20:39:39.255296  2579  2579 W MtkSpnOverride: test mccmncspn = 40486VodafoneIdea, name = VodafoneIdea
04-12 20:39:39.257049  2579  2579 W MtkSpnOverride: test mccmncspn = 40449airtel, name = airtel
04-12 20:39:39.257057  2579  2579 W MtkSpnOverride: test mccmncspn = 40444Vi, name = Vi
04-12 20:39:39.257060  2579  2579 W MtkSpnOverride: test mccmncspn = 405799VIL, name = VIL
04-12 20:39:39.257063  2579  2579 W MtkSpnOverride: test mccmncspn = 405852VIL, name = VIL
04-12 20:39:39.257067  2579  2579 W MtkSpnOverride: test mccmncspn = 41003Onic, name = Onic
04-12 20:39:39.257070  2579  2579 W MtkSpnOverride: test mccmncspn = 41405U9, name = U9
04-12 20:39:39.257072  2579  2579 W MtkSpnOverride: test mccmncspn = 41405Ooredoo, name = U9
04-12 20:39:39.257075  2579  2579 W MtkSpnOverride: test mccmncspn = 41866Fastlink, name = Fastlink
04-12 20:39:39.257077  2579  2579 W MtkSpnOverride: test mccmncspn = 42202Renna Mobile, name = Renna Mobile
04-12 20:39:39.257094  2579  2579 W MtkSpnOverride: test mccmncspn = 42402swyp, name = swyp
04-12 20:39:39.257100  2579  2579 W MtkSpnOverride: test mccmncspn = 42402five, name = five
04-12 20:39:39.257103  2579  2579 W MtkSpnOverride: test mccmncspn = 42501012 Mobile, name = 012 Mobile
04-12 20:39:39.257106  2579  2579 W MtkSpnOverride: test mccmncspn = 42901Namaste, name = Namaste
04-12 20:39:39.257109  2579  2579 W MtkSpnOverride: test mccmncspn = 43404OQ, name = OQ
04-12 20:39:39.257111  2579  2579 W MtkSpnOverride: test mccmncspn = 43406PowerTel, name = Perfectum
04-12 20:39:39.257114  2579  2579 W MtkSpnOverride: test mccmncspn = 43407MOBIUZ, name = MOBIUZ
04-12 20:39:39.257117  2579  2579 W MtkSpnOverride: test mccmncspn = 43603Anor, name = Anor
04-12 20:39:39.257120  2579  2579 W MtkSpnOverride: test mccmncspn = 45202VINAPHONE, name = Vinaphone
04-12 20:39:39.257122  2579  2579 W MtkSpnOverride: test mccmncspn = 45209reddi, name = reddi
04-12 20:39:39.257127  2579  2579 W MtkSpnOverride: test mccmncspn = 45209Wintel, name = Wintel
04-12 20:39:39.257130  2579  2579 W MtkSpnOverride: test mccmncspn = 466017-Mobile, name = 7-Mobile
04-12 20:39:39.257134  2579  2579 W MtkSpnOverride: test mccmncspn = 46601統一超商, name = 統一超商
04-12 20:39:39.257137  2579  2579 W MtkSpnOverride: test mccmncspn = 46692家樂福電信, name = 家樂福
04-12 20:39:39.257140  2579  2579 W MtkSpnOverride: test mccmncspn = 20404中国电信, name = 中国电信
04-12 20:39:39.257143  2579  2579 W MtkSpnOverride: test mccmncspn = 45403中国电信, name = 中国电信
04-12 20:39:39.257146  2579  2579 W MtkSpnOverride: test mccmncspn = 46001京东通信, name = 京东通信
04-12 20:39:39.257148  2579  2579 W MtkSpnOverride: test mccmncspn = 46001阿里通信, name = 阿里通信
04-12 20:39:39.257152  2579  2579 W MtkSpnOverride: test mccmncspn = 204048.ta Δ, name = 8.ta
04-12 20:39:39.257155  2579  2579 W MtkSpnOverride: test mccmncspn = 46015中国广电, name = 中国广电
04-12 20:39:39.257158  2579  2579 W MtkSpnOverride: test mccmncspn = 46013中国广电, name = 中国广电
04-12 20:39:39.257303  2579  2579 W MtkSpnOverride: test mccmncspn = 502153UNI5G, name = UNI5G
04-12 20:39:39.257374  2579  2579 W MtkSpnOverride: test mccmncspn = 51011LIVE.ON, name = LIVE.ON
04-12 20:39:39.257540  2579  2579 W MtkSpnOverride: test mccmncspn = 51001ISAT-PEMILUDAMAI, name = Indosat Ooredoo
04-12 20:39:39.257548  2579  2579 W MtkSpnOverride: test mccmncspn = 51502GOMO, name = GOMO
04-12 20:39:39.257551  2579  2579 W MtkSpnOverride: test mccmncspn = 51502TM, name = TM
04-12 20:39:39.258023  2579  2579 W MtkSpnOverride: test mccmncspn = 51503TNT, name = TNT
04-12 20:39:39.258047  2579  2579 W MtkSpnOverride: test mccmncspn = 52000my, name = my
04-12 20:39:39.258087  2579  2579 W MtkSpnOverride: test mccmncspn = 52017K4, name = K4
04-12 20:39:39.258094  2579  2579 W MtkSpnOverride: test mccmncspn = 52017TOTmobile, name = TOTmobile
04-12 20:39:39.258099  2579  2579 W MtkSpnOverride: test mccmncspn = 60204we, name = we
04-12 20:39:39.258104  2579  2579 W MtkSpnOverride: test mccmncspn = 62130MTN-NG, name = MTN NG
04-12 20:39:39.258109  2579  2579 W MtkSpnOverride: test mccmncspn = 62405blue, name = blue
04-12 20:39:39.258116  2579  2579 W MtkSpnOverride: test mccmncspn = 63903Equitel, name = Equitel
04-12 20:39:39.258121  2579  2579 W MtkSpnOverride: test mccmncspn = 64002TIGO, name = Yas
04-12 20:39:39.258128  2579  2579 W MtkSpnOverride: test mccmncspn = 64002Yas, name = Yas
04-12 20:39:39.258133  2579  2579 W MtkSpnOverride: test mccmncspn = 64002YAS, name = Yas
04-12 20:39:39.258148  2579  2579 W MtkSpnOverride: test mccmncspn = 64003Zantel, name = Yas
04-12 20:39:39.258291  2579  2579 W MtkSpnOverride: test mccmncspn = 65501Mr Price Mobile, name = Mr Price Mobile
04-12 20:39:39.258398  2579  2579 W MtkSpnOverride: test mccmncspn = 65507k'nect mobile, name = k'nect mobile
04-12 20:39:39.258506  2579  2579 W MtkSpnOverride: test mccmncspn = 65507Capitec, name = Capitec
04-12 20:39:39.258571  2579  2579 W MtkSpnOverride: test mccmncspn = 65507Virgin Mobile, name = Virgin Mobile
04-12 20:39:39.258634  2579  2579 W MtkSpnOverride: test mccmncspn = 65507FNB, name = FNB
04-12 20:39:39.259164  2579  2579 W MtkSpnOverride: test mccmncspn = 65507ME&YOU, name = ME&YOU
04-12 20:39:39.259174  2579  2579 W MtkSpnOverride: test mccmncspn = 65507MVNX, name = MVNX
04-12 20:39:39.259177  2579  2579 W MtkSpnOverride: test mccmncspn = 65507ADVINNE, name = ADVINNE
04-12 20:39:39.259190  2579  2579 W MtkSpnOverride: test mccmncspn = 65507mrp mobile, name = MRP MOBILE
04-12 20:39:39.259200  2579  2579 W MtkSpnOverride: test mccmncspn = 65507SMART MOBILE, name = SMART MOBILE
04-12 20:39:39.259203  2579  2579 W MtkSpnOverride: test mccmncspn = 65507Boksel, name = Boksel
04-12 20:39:39.259207  2579  2579 W MtkSpnOverride: test mccmncspn = 65507vivamobile, name = vivamobile
04-12 20:39:39.259210  2579  2579 W MtkSpnOverride: test mccmncspn = 65507XMOBILE, name = XMOBILE
04-12 20:39:39.259214  2579  2579 W MtkSpnOverride: test mccmncspn = 65507THE UNLIMITED, name = THE UNLIMITED
04-12 20:39:39.259217  2579  2579 W MtkSpnOverride: test mccmncspn = 65507PSB NETWORK, name = PSB NETWORK
04-12 20:39:39.259220  2579  2579 W MtkSpnOverride: test mccmncspn = 65507Van Schaik Mobile, name = Van Schaik Mobile
04-12 20:39:39.259223  2579  2579 W MtkSpnOverride: test mccmncspn = 65507CALLALL DATA, name = CALLALL DATA
04-12 20:39:39.259225  2579  2579 W MtkSpnOverride: test mccmncspn = 65507OTM DATA, name = OTM DATA
04-12 20:39:39.259228  2579  2579 W MtkSpnOverride: test mccmncspn = 65507SBSA DATA, name = SBSA DATA
04-12 20:39:39.259231  2579  2579 W MtkSpnOverride: test mccmncspn = 65507MVNX-1 DATA, name = MVNX-1 DATA
04-12 20:39:39.259233  2579  2579 W MtkSpnOverride: test mccmncspn = 65507NEXT 360 DATA, name = NEXT 360 DATA
04-12 20:39:39.259236  2579  2579 W MtkSpnOverride: test mccmncspn = 65507TRACE Mobile DATA, name = TRACE Mobile DATA
04-12 20:39:39.259239  2579  2579 W MtkSpnOverride: test mccmncspn = 65507Ignition Mobile DATA, name = Ignition Mobile DATA
04-12 20:39:39.259243  2579  2579 W MtkSpnOverride: test mccmncspn = 65507NC DATA-WEB, name = NC DATA-WEB
04-12 20:39:39.259246  2579  2579 W MtkSpnOverride: test mccmncspn = 65507Sakeng DATA-WEB, name = Sakeng DATA-WEB
04-12 20:39:39.259249  2579  2579 W MtkSpnOverride: test mccmncspn = 65507Pink Mobile DATA-WEB, name = Pink Mobile DATA-WEB
04-12 20:39:39.259251  2579  2579 W MtkSpnOverride: test mccmncspn = 65507IG Mobile DATA-WEB, name = IG Mobile DATA-WEB
04-12 20:39:39.259255  2579  2579 W MtkSpnOverride: test mccmncspn = 65510PnP Mobile, name = PnP Mobile
04-12 20:39:39.259258  2579  2579 W MtkSpnOverride: test mccmncspn = 65510TFGconnect, name = TFGconnect
04-12 20:39:39.259260  2579  2579 W MtkSpnOverride: test mccmncspn = 71204LIBERTY, name = LIBERTY
04-12 20:39:39.259263  2579  2579 W MtkSpnOverride: test mccmncspn = 732103Movil Exito, name = Movil Exito
04-12 20:39:39.259269  2579  2579 W MtkSpnOverride: test mccmncspn = 732111Flash Mobile, name = Flash Mobile
04-12 20:39:39.259272  2579  2579 W MtkSpnOverride: test mccmncspn = 732111Movil Exito, name = Movil Exito
04-12 20:39:39.259275  2579  2579 W MtkSpnOverride: test mccmncspn = 732123Virgin Mobile, name = Virgin Mobile
04-12 20:39:39.259277  2579  2579 W MtkSpnOverride: test mccmncspn = 732360WOM Roaming, name = WOM Roaming Int
04-12 20:39:39.259281  2579  2579 W MtkSpnOverride: test mccmncspn = 732111PILLO, name = PILLO
04-12 20:39:39.259284  2579  2579 W MtkSpnOverride: test mccmncspn = 74000Tuenti, name = Tuenti
04-12 20:39:39.259286  2579  2579 W MtkSpnOverride: test mccmncspn = 74000MaxiPlus, name = MaxiPlus
04-12 20:39:39.259288  2579  2579 W MtkSpnOverride: test mccmncspn = 74000AkiMovil, name = AkiMovil
04-12 20:39:39.259291  2579  2579 W MtkSpnOverride: test mccmncspn = 99999airtel 5G trial, name = Airtel
04-12 20:39:39.259532  2579  2579 W MtkSpnOverride: test imsipattern = 2080120801xxx67xxxxx, name = Virgin
04-12 20:39:39.259546  2579  2579 W MtkSpnOverride: test imsipattern = 2320723207718xxxxxxx, name = HoT
04-12 20:39:39.259550  2579  2579 W MtkSpnOverride: test imsipattern = 232072320776xxxxxxxx, name = HoT
04-12 20:39:39.259553  2579  2579 W MtkSpnOverride: test imsipattern = 2320723207799xxxxxxx, name = HoT
04-12 20:39:39.259556  2579  2579 W MtkSpnOverride: test imsipattern = 4186641866xxx82xxxxx, name = Fastlink
04-12 20:39:39.259558  2579  2579 W MtkSpnOverride: test imsipattern = 4186641866xxx83xxxxx, name = Fastlink
04-12 20:39:39.259561  2579  2579 W MtkSpnOverride: test imsipattern = 4186641866xxx36xxxxx, name = Newroz4G
04-12 20:39:39.259563  2579  2579 W MtkSpnOverride: test imsipattern = 4188241882xxx40xxxxx, name = Tishknet
04-12 20:39:39.259568  2579  2579 W MtkSpnOverride: test imsipattern = 4240342403022, name = Virgin Mobile
04-12 20:39:39.259571  2579  2579 W MtkSpnOverride: test imsipattern = 505015050156, name = Konec
04-12 20:39:39.259684  2579  2579 W MtkSpnOverride: test mccmncpnn = 23207HoT, name = HoT
04-12 20:39:39.259694  2579  2579 W MtkSpnOverride: test mccmncpnn = 26006Mobile Vikings, name = Mobile Vikings
04-12 20:39:39.259701  2579  2579 W MtkSpnOverride: test mccmncpnn = 26203Ortel D, name = Ortel D
04-12 20:39:39.259705  2579  2579 W MtkSpnOverride: test mccmncpnn = 26203MEDIONmobile, name = MEDIONmobile
04-12 20:39:39.259708  2579  2579 W MtkSpnOverride: test mccmncpnn = 26203Willkommen, name = Willkommen
04-12 20:39:39.259711  2579  2579 W MtkSpnOverride: test mccmncpnn = 23430EE, name = EE
04-12 20:39:39.259715  2579  2579 W MtkSpnOverride: test mccmncpnn = 33450AT&T, name = AT&T
04-12 20:39:39.259718  2579  2579 W MtkSpnOverride: test mccmncpnn = 33450AT&T 4G, name = AT&T 4G
04-12 20:39:39.259721  2579  2579 W MtkSpnOverride: test mccmncpnn = 334050AT&T, name = AT&T
04-12 20:39:39.259723  2579  2579 W MtkSpnOverride: test mccmncpnn = 334050AT&T 4G, name = AT&T 4G
04-12 20:39:39.259727  2579  2579 W MtkSpnOverride: test mccmncpnn = null, name = UNI5G
04-12 20:39:39.259731  2579  2579 W MtkSpnOverride: test mccmncpnn = null, name = KOGAN
04-12 20:39:39.259733  2579  2579 W MtkSpnOverride: test mccmncpnn = 52017K4, name = K4
04-12 20:39:39.259736  2579  2579 W MtkSpnOverride: test mccmncpnn = 334050UNEFON, name = UNEFON
04-12 20:39:39.259739  2579  2579 W MtkSpnOverride: test mccmncpnn = 64003Zantel, name = Yas
04-12 20:39:39.259835  2579  2579 W MtkSpnOverride: test mccmncgid1 = 2343040, name = Virgin
04-12 20:39:39.259843  2579  2579 W MtkSpnOverride: test mccmncgid1 = 208104C, name = LA POSTE MOBILE
04-12 20:39:39.259846  2579  2579 W MtkSpnOverride: test mccmncgid1 = 22250F003, name = ILIAD
04-12 20:39:39.259850  2579  2579 W MtkSpnOverride: test mccmncgid1 = 2142244474553, name = Digi.Mobil
04-12 20:39:39.259853  2579  2579 W MtkSpnOverride: test mccmncgid1 = 2320770, name = HoT
04-12 20:39:39.259856  2579  2579 W MtkSpnOverride: test mccmncgid1 = 2320772, name = HoT
04-12 20:39:39.259869  2579  2579 W MtkSpnOverride: test mccmncgid1 = 2320774, name = HoT
04-12 20:39:39.259872  2579  2579 W MtkSpnOverride: test mccmncgid1 = 2320775, name = HoT
04-12 20:39:39.259883  2579  2579 W MtkSpnOverride: test mccmncgid1 = 25020FA3207FFFFFFFFFFFFFF, name = SberMobile
04-12 20:39:39.259886  2579  2579 W MtkSpnOverride: test mccmncgid1 = 26006FFFFFFFFFFFFFFFFFFFF, name = Mobile Vikings
04-12 20:39:39.259939  2579  2579 D MtkRILJ : lookupOperatorNameMVNO plmn name update to TS.25/MVNO: 
04-12 20:39:39.259972  2579  2579 D MTKSST  : [GsmSST0] TDD getNumeric simNumeric = , operatorNumeric = 
04-12 20:39:39.259979  2579  2579 D MTKSST  : [GsmSST0] TDD currentMccEqualsSimMcc simNumeric = , operatorNumeric = 
04-12 20:39:39.260082  2579  2579 E MTKSST  : lookupOperatorName2 getPhone null subid=-1
04-12 20:39:39.260092  2579  2579 D MtkRILJ : lookupOperatorNameMVNO2 plmn name update to TS.25/MVNO: 
04-12 20:39:39.260414  2579  2579 D MtkRILJ : lookupOperatorNameNitz plmn name update to Nitz: 
04-12 20:39:39.261813  2579  2579 E MTKSST  : lookupOperatorName getPhone null subid=-1
04-12 20:39:39.261840  2579  2579 D MtkRILJ : lookupOperatorNameMVNO plmn name update to TS.25/MVNO: 
04-12 20:39:39.261870  2579  2579 D MTKSST  : [GsmSST0] refreshSpn: null, null, fromPollState=true, needPollState=true
04-12 20:39:39.262993  2579  2579 D MTKSST  : [GsmSST0] Could not set ServiceState channel number. CellIdentity null
04-12 20:39:39.263088  2579  2579 D MTKSST  : [GsmSST0] Poll ServiceState done: oldSS={mVoiceRegState=1(OUT_OF_SERVICE), mDataRegState=1(OUT_OF_SERVICE), mChannelNumber=-1, duplexMode()=0, mCellBandwidths=[], mOperatorAlphaLong=null, mOperatorAlphaShort=null, isManualNetworkSelection=false(automatic), getRilVoiceRadioTechnology=0(Unknown), getRilDataRadioTechnology=0(Unknown), mCssIndicator=unsupported, mNetworkId=-1, mSystemId=-1, mCdmaRoamingIndicator=-1, mCdmaDefaultRoamingIndicator=-1, mIsEmergencyOnly=false, isUsingCarrierAggregation=false, mArfcnRsrpBoost=0, mNetworkRegistrationInfos=[NetworkRegistrationInfo{ domain=CS transportType=WWAN registrationState=UNKNOWN networkRegistrationState=UNKNOWN roamingType=NOT_ROAMING accessNetworkTechnology=UNKNOWN rejectCause=0 emergencyEnabled=false availableServices=[] cellIdentity=null voiceSpecificInfo=null dataSpecificInfo=null nrState=NONE rRplmn= isUsingCarrierAggregation=false isNonTerrestrialNetwork=TERRESTRIAL}, NetworkRegistrationInfo{ domain=PS transportType=WWAN registrationState=UNKNOWN networkRegistrationState=UNKNOWN roamingType=NOT_ROAMING accessNetworkTechnology=UNKNOWN rejectCause=0 emergencyEnabled=false availableServices=[] cellIdentity=null voiceSpecificInfo=null dataSpecificInfo=null nrState=NONE rRplmn= isUsingCarrierAggregation=false isNonTerrestrialNetwork=TERRESTRIAL}, NetworkRegistrationInfo{ domain=PS transportType=WLAN registrationState=UNKNOWN networkRegistrationState=UNKNOWN roamingType=NOT_ROAMING accessNetworkTechnology=UNKNOWN rejectCause=0 emergencyEnabled=false availableServices=[] cellIdentity=null voiceSpecificInfo=null dataSpecificInfo=null nrState=NONE rRplmn= isUsingCarrierAggregation=false isNonTerrestrialNetwork=TERRESTRIAL}], mNrFrequencyRange=0, mOperatorAlphaLongRaw=null, mOperatorAlphaShortRaw=null, mIsDataRoamingFromRegistration=false, mIsIwlanPreferred=false, mIsUsingNonTerrestrialNetwork=false}
04-12 20:39:39.263122  2579  2579 D MTKSST  : [GsmSST0] Poll ServiceState done: newSS={mVoiceRegState=3(POWER_OFF), mDataRegState=1(OUT_OF_SERVICE), mChannelNumber=-1, duplexMode()=0, mCellBandwidths=[], mOperatorAlphaLong=null, mOperatorAlphaShort=null, isManualNetworkSelection=false(automatic), getRilVoiceRadioTechnology=0(Unknown), getRilDataRadioTechnology=0(Unknown), mCssIndicator=unsupported, mNetworkId=-1, mSystemId=-1, mCdmaRoamingIndicator=-1, mCdmaDefaultRoamingIndicator=-1, mIsEmergencyOnly=false, isUsingCarrierAggregation=false, mArfcnRsrpBoost=0, mNetworkRegistrationInfos=[NetworkRegistrationInfo{ domain=PS transportType=WLAN registrationState=UNKNOWN networkRegistrationState=UNKNOWN roamingType=NOT_ROAMING accessNetworkTechnology=UNKNOWN rejectCause=0 emergencyEnabled=false availableServices=[] cellIdentity=null voiceSpecificInfo=null dataSpecificInfo=null nrState=NONE rRplmn= isUsingCarrierAggregation=false isNonTerrestrialNetwork=TERRESTRIAL}, NetworkRegistrationInfo{ domain=CS transportType=WWAN registrationState=UNKNOWN networkRegistrationState=UNKNOWN roamingType=NOT_ROAMING accessNetworkTechnology=UNKNOWN rejectCause=0 emergencyEnabled=false availableServices=[] cellIdentity=null voiceSpecificInfo=null dataSpecificInfo=null nrState=NONE rRplmn= isUsingCarrierAggregation=false isNonTerrestrialNetwork=TERRESTRIAL}, NetworkRegistrationInfo{ domain=PS transportType=WWAN registrationState=UNKNOWN networkRegistrationState=UNKNOWN roamingType=NOT_ROAMING accessNetworkTechnology=UNKNOWN rejectCause=0 emergencyEnabled=false availableServices=[] cellIdentity=null voiceSpecificInfo=null dataSpecificInfo=null nrState=NONE rRplmn= isUsingCarrierAggregation=false isNonTerrestrialNetwork=TERRESTRIAL}], mNrFrequencyRange=0, mOperatorAlphaLongRaw=, mOperatorAlphaShortRaw=, mIsDataRoamingFromRegistration=false, mIsIwlanPreferred=false, mIsUsingNonTerrestrialNetwork=false}
04-12 20:39:39.263135  2579  2579 D MTKSST  : [GsmSST0] Poll ServiceState done: oldMaxDataCalls=1 mNewMaxDataCalls=1 oldReasonDataDenied=-1 mNewReasonDataDenied=-1
04-12 20:39:39.263522  2579  2579 D MTKSST  : [GsmSST0] pollStateDone: hasRegistered = false hasDeregistered = false hasDataAttached = {1=false, 2=false} hasDataDetached = {1=false, 2=false} hasDataRegStateChanged = {1=false, 2=false} hasRilVoiceRadioTechnologyChanged = false hasRilDataRadioTechnologyChanged = {1=true, 2=true} hasDataTransportPreferenceChanged = false hasChanged = true hasVoiceRoamingOn = false hasVoiceRoamingOff = false hasDataRoamingOn =false hasDataRoamingOff = false hasLocationChanged = false has4gHandoff = false hasMultiApnSupport = false hasLostMultiApnSupport = false hasCssIndicatorChanged = false hasNrFrequencyRangeChanged = false hasNrStateChanged = false hasAirplaneModeOnlChanged = true
04-12 20:39:39.263650  2579  2579 D MTKSST  : [GsmSST0] updateCarrierDisplayName: satellitePlmn=null
04-12 20:39:39.263687  2579  2579 D MTKSST  : [GsmSST0] updateCarrierDisplayName: rawSpn = 
04-12 20:39:39.263708  2579  2579 D MTKSST  : [GsmSST0] updateSpnDisplay: rule = 2
04-12 20:39:39.263715  2579  2579 D MTKSST  : [GsmSST0] TDD updateSpnDisplay mSS.getOperatorNumeric() = 
04-12 20:39:39.263723  2579  2579 D MTKSST  : [GsmSST0] TDD getNumeric simNumeric = , operatorNumeric = 
04-12 20:39:39.263734  2579  2579 D MTKSST  : [GsmSST0] TDD currentMccEqualsSimMcc simNumeric = , operatorNumeric = 
04-12 20:39:39.264591  2579  2579 D MTKSST  : [GsmSST0] localeOperator  is invalid
