----- timezone:Asia/Shanghai
04-12 20:39:22.072262   528   528 I vold    : Vold 3.0 (the awakening) firing up
04-12 20:39:22.072446   528   528 D vold    : Detected support for: ext4 f2fs vfat
04-12 20:39:22.075192   528   528 D vold    : Initing Transsion Vold
04-12 20:39:22.075802   528   528 I vold    : [libfstab] Using Android DT directory /proc/device-tree/firmware/android/
04-12 20:39:22.077434   528   528 W vold    : [libfstab] Warning: unknown flag: resize
04-12 20:39:22.083943   528   528 D vold    : VoldNativeService::start() completed OK
04-12 20:39:22.088360   528   528 D vold    : VendorVoldNativeService::try_start() completed OK
04-12 20:39:22.329369   528   528 I vold    : Using AIDL version of IBootControl
04-12 20:39:22.339787   602   602 I keystore2: system/security/keystore2/src/keystore2_main.rs:69 - Keystore2 is starting.
04-12 20:39:22.339886   602   602 I keystore2: system/security/keystore2/src/keystore2_main.rs:75 - Setting up sqlite logging for keystore2
04-12 20:39:22.340435   602   627 I keystore2: system/security/keystore2/src/maintenance.rs:316 - start monitoring 'apexd.status' property
04-12 20:39:22.340511   602   627 I keystore2: system/security/keystore2/src/maintenance.rs:321 - property 'apexd.status' is now 'Err(SystemPropertyAbsent)'
04-12 20:39:22.340519   602   627 I keystore2: system/security/keystore2/src/maintenance.rs:326 - await a change to 'apexd.status'...
04-12 20:39:22.340583   602   602 I keystore2: system/security/keystore2/src/keystore2_main.rs:163 - Starting thread pool now.
04-12 20:39:22.340601   602   628 I keystore2: system/security/keystore2/src/globals.rs:490 - monitoring for sys.boot_completed=1
04-12 20:39:22.341856   602   602 I keystore2: system/security/keystore2/src/globals.rs:298 - KeyMint device is current version (Some(300)) for security level: r#TRUSTED_ENVIRONMENT
04-12 20:39:22.341990   602   629 I keystore2: system/security/keystore2/src/shared_secret_negotiation.rs:48 - Shared secret negotiation concluded successfully.
04-12 20:39:22.342502   602   629 I keystore2: system/security/keystore2/src/shared_secret_negotiation.rs:290 - No StrongBox Keymint available, so no RoT transfer
04-12 20:39:22.343298   602   602 I keystore2: system/security/keystore2/src/keystore2_main.rs:218 - Successfully registered Keystore 2.0 service.
04-12 20:39:22.343304   602   602 I keystore2: system/security/keystore2/src/keystore2_main.rs:220 - Joining thread pool now.
04-12 20:39:22.343703   528   528 D vold    : fscrypt_mount_metadata_encrypted: /data encrypt: 0 format: 0 with null block device: /dev/block/by-name/userdata with zoned 0 length: 0
04-12 20:39:22.343827   528   528 D vold    : metadata_key_dir/key: /metadata/vold/metadata_encryption/key
04-12 20:39:22.344922   528   528 D vold    : Key exists, using: /metadata/vold/metadata_encryption/key
04-12 20:39:22.346152   602   602 I keystore2: system/security/keystore2/src/security_level.rs:245 - caller pid=528, uid=0; force = true; key domain=r#BLOB, alias = None
04-12 20:39:22.346923   602   602 I keystore2: system/security/keystore2/src/security_level.rs:343 - upgrade_keyblob_if_required_with start
04-12 20:39:22.347303   602   602 I keystore2: system/security/keystore2/src/enforcements.rs:236 - finalize_create_authorization self.state=NoAuthRequired
04-12 20:39:22.347319   602   602 I keystore2: system/security/keystore2/src/security_level.rs:388 - upgrade_keyblob_if_required_with end; operation_db.create_operation start
04-12 20:39:22.347323   602   602 I keystore2: system/security/keystore2/src/security_level.rs:406 - operation_db.create_operation end
04-12 20:39:22.349689   528   528 D vold    : Mounting metadata-encrypted filesystem:/data
04-12 20:39:22.350286   528   528 I vold    : [libfs_mgr] f2fs_fsck_argv[5] =--no-kernel-check
04-12 20:39:22.350369   528   528 I vold    : [libfs_mgr] Running /system/bin/fsck.f2fs -a -c 10000 --debug-cache /dev/block/dm-79
04-12 20:39:22.460579   528   528 I vold    : [libfs_mgr] __mount(source=/dev/block/mapper/userdata,target=/data,type=f2fs)=0: Success
04-12 20:39:22.460839   528   528 D vold    : Mounted /data
04-12 20:39:22.478760   528   528 I Checkpoint: cp_prepareCheckpoint called
04-12 20:39:22.498961   528   528 I vold    : fscrypt_initialize_systemwide_keys
04-12 20:39:22.503264   528   528 D vold    : Key exists, using: /data/unencrypted/key
04-12 20:39:22.504965   602   602 I keystore2: system/security/keystore2/src/security_level.rs:245 - caller pid=528, uid=0; force = true; key domain=r#BLOB, alias = None
04-12 20:39:22.505047   602   602 I keystore2: system/security/keystore2/src/security_level.rs:343 - upgrade_keyblob_if_required_with start
04-12 20:39:22.506731   602   602 I keystore2: system/security/keystore2/src/enforcements.rs:236 - finalize_create_authorization self.state=NoAuthRequired
04-12 20:39:22.506781   602   602 I keystore2: system/security/keystore2/src/security_level.rs:388 - upgrade_keyblob_if_required_with end; operation_db.create_operation start
04-12 20:39:22.506792   602   602 I keystore2: system/security/keystore2/src/security_level.rs:406 - operation_db.create_operation end
04-12 20:39:22.513539   528   528 D vold    : Installed fscrypt key with ref 59dcb8b08499269c968fd9d859231faa to /data
04-12 20:39:22.516616   528   528 I vold    : Wrote system DE key reference to:/data/unencrypted/ref
04-12 20:39:22.518209   528   528 D vold    : Generating standard storage key
04-12 20:39:22.522243   528   528 D vold    : Installed fscrypt key with ref 6c903f452ae2eff519dc3aaae14a0fbf to /data
04-12 20:39:22.525249   528   528 I vold    : Wrote per boot key reference to:/data/unencrypted/per_boot_ref
04-12 20:39:22.553709   528   528 I incfs   : Initial API level of the device: 36
04-12 20:39:22.553830   528   528 I incfs   : ro.incremental.enable: yes
04-12 20:39:22.553912   528   528 I incfs   : isFsAvailable: true
04-12 20:39:22.553946   528   528 I incfs   : isFsAvailable: true
04-12 20:39:22.554178   528   528 I incfs   : IncFs_Features: v2
04-12 20:39:22.554531   602   602 I keystore2: system/security/keystore2/src/maintenance.rs:635 - earlyBootEnded()
04-12 20:39:22.554877   602   602 I keystore2: system/security/keystore2/src/maintenance.rs:256 - In early_boot_ended.
04-12 20:39:22.555115   602   602 I keystore2: system/security/keystore2/src/maintenance.rs:260 - keystore db inde=26
04-12 20:39:22.555161   602   602 E keystore2: system/security/keystore2/src/database.rs:1053 - ==backup_db start==
04-12 20:39:22.555251   602   602 I keystore2: system/security/keystore2/src/database.rs:1236 - is_backup_support str="1"
04-12 20:39:22.555467   602   602 E keystore2: system/security/keystore2/src/database.rs:1098 - ==backup_db222 end==
04-12 20:39:22.555570   602   602 E keystore2: system/security/keystore2/src/database.rs:1529 -  in make_connection-start
04-12 20:39:22.555632   602   647 E keystore2: system/security/keystore2/src/database.rs:1529 -  in make_connection-start
04-12 20:39:22.556975   602   602 I keystore2: system/security/keystore2/src/globals.rs:85 - Touching Keystore 2.0 database for this first time since boot.
04-12 20:39:22.556993   602   602 I keystore2: system/security/keystore2/src/globals.rs:86 - Calling cleanup leftovers.
04-12 20:39:22.557288   602   602 I keystore2: system/security/keystore2/src/boot_level_keys.rs:57 - ro.keystore.boot_level_key.strategy not set, inferring from installed KM instances
04-12 20:39:22.557311   602   602 I keystore2: system/security/keystore2/src/boot_level_keys.rs:115 - In get_level_zero_key: security_level=r#TRUSTED_ENVIRONMENT, deny_later_strategy=EarlyBootOnly
04-12 20:39:22.561123   602   647 I keystore2: system/security/keystore2/src/gc.rs:147 - skip GC as boot not completed
04-12 20:39:22.561909   602   602 I keystore2: system/security/keystore2/src/super_key.rs:305 - Starting boot level watcher.
04-12 20:39:22.562119   602   648 I keystore2: system/security/keystore2/src/super_key.rs:337 - Read keystore.boot_level value 30
04-12 20:39:22.562192   602   602 I keystore2: system/security/keystore2/src/maintenance.rs:227 - Call to earlyBootEnded succeeded for security level TRUSTED_ENVIRONMENT.
04-12 20:39:22.562215   602   648 I keystore2: system/security/keystore2/src/super_key.rs:337 - Read keystore.boot_level value 30
04-12 20:39:22.562555   602   602 I keystore2: system/security/keystore2/src/maintenance.rs:237 - Call to earlyBootEnded failed for StrongBox as it is not available
04-12 20:39:22.590345   602   627 I keystore2: system/security/keystore2/src/maintenance.rs:328 - await a change to 'apexd.status'...notified
04-12 20:39:22.590369   602   627 I keystore2: system/security/keystore2/src/maintenance.rs:321 - property 'apexd.status' is now 'Ok("")'
04-12 20:39:22.590373   602   627 I keystore2: system/security/keystore2/src/maintenance.rs:326 - await a change to 'apexd.status'...
04-12 20:39:22.701855   602   627 I keystore2: system/security/keystore2/src/maintenance.rs:328 - await a change to 'apexd.status'...notified
04-12 20:39:22.701902   602   627 I keystore2: system/security/keystore2/src/maintenance.rs:321 - property 'apexd.status' is now 'Ok("starting")'
04-12 20:39:22.701907   602   627 I keystore2: system/security/keystore2/src/maintenance.rs:326 - await a change to 'apexd.status'...
04-12 20:39:23.220469   602   627 I keystore2: system/security/keystore2/src/maintenance.rs:328 - await a change to 'apexd.status'...notified
04-12 20:39:23.220493   602   627 I keystore2: system/security/keystore2/src/maintenance.rs:321 - property 'apexd.status' is now 'Ok("activated")'
04-12 20:39:23.223316   602   627 I keystore2: system/security/keystore2/src/maintenance.rs:365 - apex modules += com.android.adbd version 361153600
04-12 20:39:23.223327   602   627 I keystore2: system/security/keystore2/src/maintenance.rs:365 - apex modules += com.android.adservices version 361153320
04-12 20:39:23.223331   602   627 I keystore2: system/security/keystore2/src/maintenance.rs:365 - apex modules += com.android.apex.cts.shim version 1
04-12 20:39:23.223333   602   627 I keystore2: system/security/keystore2/src/maintenance.rs:365 - apex modules += com.android.appsearch version 361421180
04-12 20:39:23.223336   602   627 I keystore2: system/security/keystore2/src/maintenance.rs:365 - apex modules += com.android.art version 361400140
04-12 20:39:23.223338   602   627 I keystore2: system/security/keystore2/src/maintenance.rs:365 - apex modules += com.android.bt version 360499999
04-12 20:39:23.223341   602   627 I keystore2: system/security/keystore2/src/maintenance.rs:365 - apex modules += com.android.cellbroadcast version 361418000
04-12 20:39:23.223343   602   627 I keystore2: system/security/keystore2/src/maintenance.rs:365 - apex modules += com.android.compos version 3
04-12 20:39:23.223346   602   627 I keystore2: system/security/keystore2/src/maintenance.rs:365 - apex modules += com.android.configinfrastructure version 361153320
04-12 20:39:23.223348   602   627 I keystore2: system/security/keystore2/src/maintenance.rs:365 - apex modules += com.android.conscrypt version 361331360
04-12 20:39:23.223350   602   627 I keystore2: system/security/keystore2/src/maintenance.rs:365 - apex modules += com.android.crashrecovery version 361153320
04-12 20:39:23.223356   602   627 I keystore2: system/security/keystore2/src/maintenance.rs:365 - apex modules += com.android.devicelock version 343201000
04-12 20:39:23.223358   602   627 I keystore2: system/security/keystore2/src/maintenance.rs:365 - apex modules += com.android.extservices version 361153323
04-12 20:39:23.223360   602   627 I keystore2: system/security/keystore2/src/maintenance.rs:365 - apex modules += com.android.hardware.cas version 1
04-12 20:39:23.223363   602   627 I keystore2: system/security/keystore2/src/maintenance.rs:365 - apex modules += com.android.healthfitness version 361420700
04-12 20:39:23.223365   602   627 I keystore2: system/security/keystore2/src/maintenance.rs:365 - apex modules += com.android.i18n version 1
04-12 20:39:23.223367   602   627 I keystore2: system/security/keystore2/src/maintenance.rs:365 - apex modules += com.android.ipsec version 361153320
04-12 20:39:23.223370   602   627 I keystore2: system/security/keystore2/src/maintenance.rs:365 - apex modules += com.android.media version 361153320
04-12 20:39:23.223373   602   627 I keystore2: system/security/keystore2/src/maintenance.rs:365 - apex modules += com.android.media.swcodec version 361153320
04-12 20:39:23.223375   602   627 I keystore2: system/security/keystore2/src/maintenance.rs:365 - apex modules += com.android.mediaprovider version 361420620
04-12 20:39:23.223379   602   627 I keystore2: system/security/keystore2/src/maintenance.rs:365 - apex modules += com.android.neuralnetworks version 361153320
04-12 20:39:23.223381   602   627 I keystore2: system/security/keystore2/src/maintenance.rs:365 - apex modules += com.android.nfcservices version 360499999
04-12 20:39:23.223384   602   627 I keystore2: system/security/keystore2/src/maintenance.rs:365 - apex modules += com.android.ondevicepersonalization version 361153320
04-12 20:39:23.223391   602   627 I keystore2: system/security/keystore2/src/maintenance.rs:365 - apex modules += com.android.os.statsd version 361420820
04-12 20:39:23.223395   602   627 I keystore2: system/security/keystore2/src/maintenance.rs:365 - apex modules += com.android.permission version 361420000
04-12 20:39:23.223403   602   627 I keystore2: system/security/keystore2/src/maintenance.rs:365 - apex modules += com.android.profiling version 361153680
04-12 20:39:23.223406   602   627 I keystore2: system/security/keystore2/src/maintenance.rs:365 - apex modules += com.android.resolv version 361418000
04-12 20:39:23.223408   602   627 I keystore2: system/security/keystore2/src/maintenance.rs:365 - apex modules += com.android.rkpd version 361420380
04-12 20:39:23.223411   602   627 I keystore2: system/security/keystore2/src/maintenance.rs:365 - apex modules += com.android.runtime version 1
04-12 20:39:23.223413   602   627 I keystore2: system/security/keystore2/src/maintenance.rs:365 - apex modules += com.android.scheduling version 361153320
04-12 20:39:23.223415   602   627 I keystore2: system/security/keystore2/src/maintenance.rs:365 - apex modules += com.android.sdkext version 361418240
04-12 20:39:23.223417   602   627 I keystore2: system/security/keystore2/src/maintenance.rs:365 - apex modules += com.android.tethering version 361420760
04-12 20:39:23.223419   602   627 I keystore2: system/security/keystore2/src/maintenance.rs:365 - apex modules += com.android.tzdata version 361157000
04-12 20:39:23.223422   602   627 I keystore2: system/security/keystore2/src/maintenance.rs:365 - apex modules += com.android.uprobestats version 361153320
04-12 20:39:23.223424   602   627 I keystore2: system/security/keystore2/src/maintenance.rs:365 - apex modules += com.android.uwb version 361420720
04-12 20:39:23.223426   602   627 I keystore2: system/security/keystore2/src/maintenance.rs:365 - apex modules += com.android.virt version 3
04-12 20:39:23.223428   602   627 I keystore2: system/security/keystore2/src/maintenance.rs:365 - apex modules += com.android.vndk.v31 version 1
04-12 20:39:23.223431   602   627 I keystore2: system/security/keystore2/src/maintenance.rs:365 - apex modules += com.android.vndk.v33 version 1
04-12 20:39:23.223433   602   627 I keystore2: system/security/keystore2/src/maintenance.rs:365 - apex modules += com.android.vndk.v34 version 1
04-12 20:39:23.223435   602   627 I keystore2: system/security/keystore2/src/maintenance.rs:365 - apex modules += com.android.wifi version 361418220
04-12 20:39:23.223438   602   627 I keystore2: system/security/keystore2/src/maintenance.rs:365 - apex modules += com.google.android.widevine version 190250627
04-12 20:39:23.223440   602   627 I keystore2: system/security/keystore2/src/maintenance.rs:365 - apex modules += com.scorpio.sc.core version 1
04-12 20:39:23.223443   602   627 I keystore2: system/security/keystore2/src/maintenance.rs:365 - apex modules += com.transsion.connectivity version 340101005
04-12 20:39:23.223445   602   627 I keystore2: system/security/keystore2/src/maintenance.rs:365 - apex modules += com.transsion.kolun version 10000001
04-12 20:39:23.223448   602   627 I keystore2: system/security/keystore2/src/maintenance.rs:365 - apex modules += com.transsion.mi.os.framework version 340000002
04-12 20:39:23.223450   602   627 I keystore2: system/security/keystore2/src/maintenance.rs:365 - apex modules += com.transsion.phone version 340002300
04-12 20:39:23.223456   602   627 I keystore2: system/security/keystore2/src/maintenance.rs:365 - apex modules += com.transsion.thub.core version 360102001
04-12 20:39:23.223471   602   627 I keystore2: system/security/keystore2/src/maintenance.rs:540 - set_module_info with 47 modules
04-12 20:39:23.223517   602   627 I keystore2: system/security/keystore2/src/maintenance.rs:202 - skipping setAdditionalAttestationInfo for r#TRUSTED_ENVIRONMENT since its keymint version 300 is less than the minimum required version 400
04-12 20:39:23.223523   602   627 I keystore2: system/security/keystore2/src/maintenance.rs:227 - Call to setAdditionalAttestationInfo succeeded for security level TRUSTED_ENVIRONMENT.
04-12 20:39:23.223788   602   627 I keystore2: system/security/keystore2/src/maintenance.rs:237 - Call to setAdditionalAttestationInfo failed for StrongBox as it is not available
04-12 20:39:23.386820   528   528 D vold    : fscrypt_init_user0
04-12 20:39:23.386876   528   528 D vold    : Preparing: /data/misc/vold/user_keys
04-12 20:39:23.390576   528   528 D vold    : Preparing: /data/misc/vold/user_keys/ce
04-12 20:39:23.391082   528   528 D vold    : Preparing: /data/misc/vold/user_keys/de
04-12 20:39:23.393232   602   602 I keystore2: system/security/keystore2/src/security_level.rs:245 - caller pid=528, uid=0; force = true; key domain=r#BLOB, alias = None
04-12 20:39:23.393284   602   602 I keystore2: system/security/keystore2/src/security_level.rs:343 - upgrade_keyblob_if_required_with start
04-12 20:39:23.393626   602   602 I keystore2: system/security/keystore2/src/enforcements.rs:236 - finalize_create_authorization self.state=NoAuthRequired
04-12 20:39:23.393640   602   602 I keystore2: system/security/keystore2/src/security_level.rs:388 - upgrade_keyblob_if_required_with end; operation_db.create_operation start
04-12 20:39:23.393647   602   602 I keystore2: system/security/keystore2/src/security_level.rs:406 - operation_db.create_operation end
04-12 20:39:23.394729   528   528 D vold    : Installed fscrypt key with ref d844fd290b970402a35ef6c5fd2c8d5e to /data
04-12 20:39:23.394761   528   528 D vold    : Installed de key for user 0
04-12 20:39:23.394929   528   528 D vold    : Preparing: /data/data
04-12 20:39:23.395782   528   528 D vold    : Preparing: /data/user/0
04-12 20:39:23.396245   528   528 D vold    : Preparing: /data/media/obb
04-12 20:39:23.396437   528   528 D vold    : Preparing: /data/vendor_de/meta
04-12 20:39:23.396649   528   528 D vold    : fscrypt_prepare_user_storage for volume null, user 0, flags 1
04-12 20:39:23.396673   528   528 D vold    : Preparing: /data/system/users/0
04-12 20:39:23.397002   528   528 D vold    : Preparing: /data/misc/profiles/cur/0
04-12 20:39:23.397403   528   528 D vold    : Preparing: /data/system_de/0
04-12 20:39:23.397595   528   528 I vold    : Verified that /data/system_de/0 has the encryption policy d844fd290b970402a35ef6c5fd2c8d5e v2 modes 1/4 flags 0xa
04-12 20:39:23.397762   528   528 D vold    : Preparing: /data/vendor_de/0
04-12 20:39:23.398179   528   528 I vold    : Verified that /data/vendor_de/0 has the encryption policy d844fd290b970402a35ef6c5fd2c8d5e v2 modes 1/4 flags 0xa
04-12 20:39:23.398391   528   528 D vold    : Preparing: /data/misc_de/0
04-12 20:39:23.398637   528   528 I vold    : Verified that /data/misc_de/0 has the encryption policy d844fd290b970402a35ef6c5fd2c8d5e v2 modes 1/4 flags 0xa
04-12 20:39:23.398777   528   528 D vold    : Preparing: /data/user_de/0
04-12 20:39:23.399015   528   528 I vold    : Verified that /data/user_de/0 has the encryption policy d844fd290b970402a35ef6c5fd2c8d5e v2 modes 1/4 flags 0xa
04-12 20:39:23.399032   528   528 D vold    : /system/bin/vold_prepare_subdirs
04-12 20:39:23.399041   528   528 D vold    :     prepare
04-12 20:39:23.399047   528   528 D vold    :     
04-12 20:39:23.399054   528   528 D vold    :     0
04-12 20:39:23.399060   528   528 D vold    :     1
04-12 20:39:23.400045   528   528 I vold    : Set 15s timeout
04-12 20:39:23.428115   528   528 I vold    : Fgets log from vold's child_pid 806 by using legency start:
04-12 20:39:23.428155   528   528 I vold    : Finish get from pipe
04-12 20:39:23.510849   811   811 I odsign  : Trying to retrieve existing HMAC key...
04-12 20:39:23.511440   811   811 I odsign  : Trying to retrieve existing keystore key...
04-12 20:39:23.513241   602   602 I keystore2: system/security/keystore2/src/security_level.rs:245 - caller pid=811, uid=0; force = false; key domain=r#SELINUX, alias = Some("ondevice-signing-hmac")
04-12 20:39:23.513452   602   602 I keystore2: system/security/keystore2/src/security_level.rs:343 - upgrade_keyblob_if_required_with start
04-12 20:39:23.513909   602   602 I keystore2: system/security/keystore2/src/enforcements.rs:236 - finalize_create_authorization self.state=NoAuthRequired
04-12 20:39:23.513922   602   602 I keystore2: system/security/keystore2/src/security_level.rs:388 - upgrade_keyblob_if_required_with end; operation_db.create_operation start
04-12 20:39:23.513929   602   602 I keystore2: system/security/keystore2/src/security_level.rs:406 - operation_db.create_operation end
04-12 20:39:23.514507   811   811 I odsign  : Verified public key signature.
04-12 20:39:23.514532   811   811 I odsign  : Initialized Keystore key.
04-12 20:39:23.515360   811   811 I odsign  : Found and verified existing public key certificate: /data/misc/odsign/key.cert
04-12 20:39:23.567474   812   812 I odrefresh: ART APEX version 361400140
04-12 20:39:23.645997   812   812 I odrefresh: Boot images on /system OK (arm64)
04-12 20:39:23.739409   812   812 I odrefresh: system_server artifacts on /system OK
04-12 20:39:23.746661   811   811 I odsign  : /data/misc/odsign/odsign.info.signature matches.
04-12 20:39:23.746739   811   811 I odsign  : Loaded /data/misc/odsign/odsign.info
04-12 20:39:23.747185   602   648 I keystore2: system/security/keystore2/src/super_key.rs:342 - keystore.boot_level 1000000000 hits maximum 1000000000, finishing.
04-12 20:39:23.747299   811   811 I odsign  : All root hashes match.
04-12 20:39:23.747325   811   811 I odsign  : odrefresh said artifacts are VALID
04-12 20:39:23.747332   811   811 I odsign  : On-device signing done.
04-12 20:39:30.591941  1188  1188 I gsid    : no DSU: No such file or directory
04-12 20:39:30.900555  1310  1310 I installd: installd firing up
04-12 20:39:30.908612  1330  1330 I wificond: wificond is starting up...
04-12 20:39:30.913947  1330  1330 W HidlServiceManagement: hwservicemanager is not supported on the device.
04-12 20:39:30.913978  1330  1330 I HidlServiceManagement: Trying to get transport of android.system.wifi.keystore@1.0::IKeystore/default without hwservicemanager
04-12 20:39:30.913990  1330  1330 E HidlServiceManagement: Service android.system.wifi.keystore@1.0::IKeystore/default must be in VINTF manifest in order to register/get.
04-12 20:39:30.914005  1330  1330 I wificond: Did not register wifi keystore HIDL HAL service: -2147483648
04-12 20:39:31.306254  1028  1028 D TranDynamicFeatureSwitch: mCurrentVersion = 1.0
04-12 20:39:31.306415  1028  1028 D TranDynamicFeatureSwitch: parse: tranFeatureToggle => TranFeatureToggle{mFeatureName='iconcrop', mFeatureList={com.transsion.hubcore.iconcrop.ITranNonAdaptiveIconExt=com.transsion.hubcore.iconcrop.TranNonAdaptiveIconExtImpl}, mStatus=true}
04-12 20:39:31.306430  1028  1028 D TranDynamicFeatureSwitch: parse: tranFeatureToggle => TranFeatureToggle{mFeatureName='finance', mFeatureList={com.transsion.hubcore.finance.ITranFinanceComponent=com.transsion.hubcore.finance.TranFinanceComponentImpl, com.transsion.hubcore.finance.ITranFinancePJComponent=com.transsion.hubcore.finance.payjoy.TranPJComponentImpl}, mStatus=true}
04-12 20:39:31.321978  1028  1028 D TranClassInfo: instance successfully. com.transsion.hubcore.app.TranActivityOptionsImpl@eec2f14 from com.transsion.hubcore.server.app.ITranActivityOptions
04-12 20:39:31.351589  1028  1028 D TranClassInfo: instance successfully. com.transsion.hubcore.graphics.TranGraphicImpl@cd2ad7b from com.transsion.hubcore.graphics.ITranGraphic
04-12 20:39:31.355549  1028  1028 D TranClassInfo: instance successfully. com.transsion.common.thubutils.TranConfigs@46e23d6 from com.transsion.hubsdk.thubutils.ITranConfigs
04-12 20:39:31.355779  1028  1028 I TranConfigs: getConfigs: file path is : /tranfs/etc/vconfig/typeface/fonts_customization.xml
04-12 20:39:31.355900  1028  1028 I TranConfigs: getConfigs: file path is : /tr_company/etc/vconfig/typeface/fonts_customization.xml
04-12 20:39:31.355937  1028  1028 I TranConfigs: getConfigs: file path is : /tr_carrier/etc/vconfig/typeface/fonts_customization.xml
04-12 20:39:31.355970  1028  1028 I TranConfigs: getConfigs: file path is : /tr_region/etc/vconfig/typeface/fonts_customization.xml
04-12 20:39:31.356224  1028  1028 I TranConfigs: getConfigs: file path is : /tr_product/etc/vconfig/typeface/fonts_customization.xml
04-12 20:39:31.359317  1028  1028 I TranConfigs: getConfigs: file path is : /system_ext/etc/vconfig/typeface/fonts_customization.xml
04-12 20:39:31.359439  1028  1028 E TranConfigs: getConfigs: not found path: typeface/fonts_customization.xml
04-12 20:39:31.431198  1516  1569 I BootAnimation: boot-tranDefaultRotation: -1
04-12 20:39:31.558606  1028  1028 D TranClassInfo: instance successfully. com.transsion.hubcore.app.TranWindowConfigurationImpl@c1531c1 from com.transsion.hubcore.server.app.ITranWindowConfiguration
04-12 20:39:31.561575  1028  1028 D TranClassInfo: instance successfully. com.transsion.display.displaycompatible.core.TranDisplayCompatibleComponentImpl@69d98a7 from com.transsion.hubcore.displaycompatible.ITranDisplayCompatibleComponent
04-12 20:39:31.604324  1028  1028 D TranClassInfo: instance successfully. com.transsion.hubcore.content.res.TranAssetManagerImpl@3c2d5d8 from com.transsion.hubcore.content.res.ITranAssetManager
04-12 20:39:31.769875  1028  1028 D TranClassInfo: instance successfully. com.transsion.hubcore.content.om.TranOverlayConfigImpl@619bc16 from com.transsion.hubcore.content.om.ITranOverlayConfig
04-12 20:39:31.799964  1028  1028 V Configuration: Updating configuration, locales updated from [] to [zh_CN_#Hans]
04-12 20:39:31.800459  1028  1028 D TranClassInfo: instance successfully. com.transsion.hubcore.app.TranActivityThreadImpl@fbaf7f from com.transsion.hubcore.app.ITranActivityThread
04-12 20:39:32.279560  1706  1706 D TranClassInfo: instance successfully. com.transsion.performance.aegean.TranAegeanComponentImpl@bd1b4d1 from com.transsion.hubcore.aegean.ITranAegeanComponent
04-12 20:39:32.279689  1706  1706 D TranDynamicFeatureSwitch: status = true
04-12 20:39:32.283320  1706  1706 I TranFinanceComponentImpl: init version=35.0.2.1
04-12 20:39:32.283459  1706  1706 I TranFinanceMgr: FinancialManager init : mVersion = 1, mSupportFlag = 0
04-12 20:39:32.283820  1706  1706 D TranClassInfo: instance successfully. com.transsion.security.finance.TranFinanceComponentImpl@2ebcd0d from com.transsion.hubcore.finance.ITranFinanceComponent
04-12 20:39:32.285477  1706  1706 W TranClassInfo: instance failed. com.transsion.hubcore.spdopts.trancpufreqtime.implement.TranCpuPowerReporterComponentImpl from com.transsion.hubcore.trancpufreqtime.ITranCpuPowerReporterComponent
04-12 20:39:32.285477  1706  1706 W TranClassInfo: java.lang.ClassNotFoundException: com.transsion.hubcore.spdopts.trancpufreqtime.implement.TranCpuPowerReporterComponentImpl
04-12 20:39:32.285477  1706  1706 W TranClassInfo: 	at java.lang.Class.classForName(Native Method)
04-12 20:39:32.285477  1706  1706 W TranClassInfo: 	at java.lang.Class.forName(Class.java:591)
04-12 20:39:32.285477  1706  1706 W TranClassInfo: 	at com.transsion.hubcore.utils.TranClassInfo.getImpl(TranClassInfo.java:124)
04-12 20:39:32.285477  1706  1706 W TranClassInfo: 	at com.transsion.hubcore.trancpufreqtime.ITranCpuPowerReporterComponent.Instance(ITranCpuPowerReporterComponent.java:25)
04-12 20:39:32.285477  1706  1706 W TranClassInfo: 	at com.transsion.hubcore.server.TranSystemServerImpl.<init>(TranSystemServerImpl.java:93)
04-12 20:39:32.285477  1706  1706 W TranClassInfo: 	at java.lang.reflect.Constructor.newInstance0(Native Method)
04-12 20:39:32.285477  1706  1706 W TranClassInfo: 	at java.lang.reflect.Constructor.newInstance(Constructor.java:343)
04-12 20:39:32.285477  1706  1706 W TranClassInfo: 	at com.transsion.hubcore.utils.TranClassInfo.getImpl(TranClassInfo.java:76)
04-12 20:39:32.285477  1706  1706 W TranClassInfo: 	at com.transsion.hubcore.server.ITranSystemServer.Instance(ITranSystemServer.java:35)
04-12 20:39:32.285477  1706  1706 W TranClassInfo: 	at com.android.server.SystemServer.<init>(SystemServer.java:778)
04-12 20:39:32.285477  1706  1706 W TranClassInfo: 	at com.android.server.SystemServer.main(SystemServer.java:761)
04-12 20:39:32.285477  1706  1706 W TranClassInfo: 	at java.lang.reflect.Method.invoke(Native Method)
04-12 20:39:32.285477  1706  1706 W TranClassInfo: 	at com.android.internal.os.RuntimeInit$MethodAndArgsCaller.run(RuntimeInit.java:629)
04-12 20:39:32.285477  1706  1706 W TranClassInfo: 	at com.android.internal.os.ZygoteInit.main(ZygoteInit.java:1002)
04-12 20:39:32.285477  1706  1706 W TranClassInfo: Caused by: java.lang.ClassNotFoundException: com.transsion.hubcore.spdopts.trancpufreqtime.implement.TranCpuPowerReporterComponentImpl
04-12 20:39:32.285477  1706  1706 W TranClassInfo: 	... 14 more
04-12 20:39:32.285607  1706  1706 D TranClassInfo: using com.transsion.hubcore.trancpufreqtime.ITranCpuPowerReporterComponent$1@1aaae10 instead of [com.transsion.hubcore.spdopts.trancpufreqtime.implement.TranCpuPowerReporterComponentImpl] from com.transsion.hubcore.trancpufreqtime.ITranCpuPowerReporterComponent
04-12 20:39:32.285620  1706  1706 D TranClassInfo: instance successfully. com.transsion.hubcore.server.TranSystemServerImpl@7152d09 from com.transsion.hubcore.server.ITranSystemServer
04-12 20:39:32.286459  1706  1706 D SystemServerTiming: InitBeforeStartServices
04-12 20:39:32.287988  1706  1706 I SystemServer: Entered the Android system server!
04-12 20:39:32.291918  1706  1706 I SystemServerInitThreadPool: Creating instance with 8 threads
04-12 20:39:32.291969  1706  1706 I SystemServer: Reading configuration...
04-12 20:39:32.291995  1706  1706 D SystemServerTiming: ReadingSystemConfig
04-12 20:39:32.292683  1706  1798 D SystemServerTimingAsync: InitThreadPoolExec:ReadingSystemConfig
04-12 20:39:32.292697  1706  1798 D SystemServerInitThreadPool: Started executing ReadingSystemConfig
04-12 20:39:32.293955  1706  1798 I SystemConfig: Reading permissions from /system/etc/sysconfig/com.google.android.mainline.patchlevel.2.xml
04-12 20:39:32.294282  1706  1798 I SystemConfig: Reading permissions from /system/etc/sysconfig/enhanced-confirmation.xml
04-12 20:39:32.294428  1706  1798 I SystemConfig: Reading permissions from /system/etc/sysconfig/framework-sysconfig.xml
04-12 20:39:32.295087  1706  1798 I SystemConfig: Reading permissions from /system/etc/sysconfig/google-hiddenapi-package-allowlist.xml
04-12 20:39:32.295544  1706  1798 I SystemConfig: Reading permissions from /system/etc/sysconfig/hiddenapi-package-whitelist.xml
04-12 20:39:32.295687  1706  1798 I SystemConfig: Reading permissions from /system/etc/sysconfig/initial-package-stopped-states.xml
04-12 20:39:32.296046  1706  1798 I SystemConfig: Reading permissions from /system/etc/sysconfig/package-shareduid-allowlist.xml
04-12 20:39:32.297092  1706  1798 I SystemConfig: Reading permissions from /system/etc/sysconfig/preinstalled-packages-asl-files.xml
04-12 20:39:32.297591  1706  1798 I SystemConfig: Reading permissions from /system/etc/sysconfig/preinstalled-packages-com.google.android.providers.media.module.xml
04-12 20:39:32.297931  1706  1798 I SystemConfig: Reading permissions from /system/etc/sysconfig/preinstalled-packages-platform-handheld-system.xml
04-12 20:39:32.298344  1706  1798 I SystemConfig: Reading permissions from /system/etc/sysconfig/preinstalled-packages-platform.xml
04-12 20:39:32.299192  1706  1798 I SystemConfig: Reading permissions from /system/etc/sysconfig/preinstalled-packages-strict-signature.xml
04-12 20:39:32.299723  1706  1798 I SystemConfig: Reading permissions from /system/etc/permissions/GoogleDocumentsUI_permissions.xml
04-12 20:39:32.300135  1706  1798 D TranClassInfo: instance successfully. com.transsion.hubcore.server.pm.trpartition.TranPartitionManagerImpl@57c8c1f from com.transsion.hubcore.server.pm.trpartition.ITranPartitionManager
04-12 20:39:32.300497  1706  1798 D TranClassInfo: instance successfully. com.transsion.updates.trpartition.TranPartitionManagerComponentImpl@7b34b6c from com.transsion.hubcore.trpartition.ITranPartitionManagerComponent
04-12 20:39:32.301797  1706  1798 I SystemConfig: Reading permissions from /system/etc/permissions/GoogleNetworkStack_permissions.xml
04-12 20:39:32.302211  1706  1798 I SystemConfig: Reading permissions from /system/etc/permissions/android.software.live_wallpaper.xml
04-12 20:39:32.302532  1706  1798 I SystemConfig: Reading permissions from /system/etc/permissions/android.software.webview.xml
04-12 20:39:32.302732  1706  1798 I SystemConfig: Reading permissions from /system/etc/permissions/android.software.window_magnification.xml
04-12 20:39:32.303655  1706  1798 I SystemConfig: Reading permissions from /system/etc/permissions/android.test.base.xml
04-12 20:39:32.303796  1706  1798 I SystemConfig: Reading permissions from /system/etc/permissions/android.test.mock.xml
04-12 20:39:32.303911  1706  1798 I SystemConfig: Reading permissions from /system/etc/permissions/android.test.runner.xml
04-12 20:39:32.304030  1706  1798 I SystemConfig: Reading permissions from /system/etc/permissions/com.android.future.usb.accessory.xml
04-12 20:39:32.304376  1706  1798 I SystemConfig: Reading permissions from /system/etc/permissions/com.android.intentresolver.xml
04-12 20:39:32.304758  1706  1798 I SystemConfig: Reading permissions from /system/etc/permissions/com.android.location.provider.xml
04-12 20:39:32.304968  1706  1798 I SystemConfig: Reading permissions from /system/etc/permissions/com.android.media.remotedisplay.xml
04-12 20:39:32.305097  1706  1798 I SystemConfig: Reading permissions from /system/etc/permissions/com.android.mediadrm.signer.xml
04-12 20:39:32.305407  1706  1798 I SystemConfig: Reading permissions from /system/etc/permissions/com.android.nfc_extras.xml
04-12 20:39:32.305961  1706  1798 I SystemConfig: Reading permissions from /system/etc/permissions/javax.obex.xml
04-12 20:39:32.306128  1706  1798 I SystemConfig: Reading permissions from /system/etc/permissions/org.apache.http.legacy.xml
04-12 20:39:32.306238  1706  1798 I SystemConfig: Reading permissions from /system/etc/permissions/privapp-permissions-google-system.xml
04-12 20:39:32.306586  1706  1798 I SystemConfig: Reading permissions from /system/etc/permissions/privapp-permissions-mediatek.xml
04-12 20:39:32.310965  1706  1798 I SystemConfig: Reading permissions from /system/etc/permissions/privapp-permissions-platform.xml
04-12 20:39:32.315345  1706  1798 I SystemConfig: Reading permissions from /system/etc/permissions/platform.xml
04-12 20:39:32.316849  1706  1798 I AconfigFlags: Using new flag storage
04-12 20:39:32.317698  1706  1798 W SystemConfig: Tag system-user-whitelisted-app is unknown in /system/etc/permissions/platform.xml at START_TAG (empty) <system-user-whitelisted-app package='com.transsion.tranvoicecommand'>@392:77 in java.io.FileReader@db06188
04-12 20:39:32.318177  1706  1798 I SystemConfig: Reading permissions from /vendor/etc/permissions/android.hardware.audio.low_latency.prebuilt.xml
04-12 20:39:32.318291  1706  1798 I SystemConfig: Reading permissions from /vendor/etc/permissions/android.hardware.biometrics.face.xml
04-12 20:39:32.318387  1706  1798 I SystemConfig: Reading permissions from /vendor/etc/permissions/android.hardware.bluetooth.prebuilt.xml
04-12 20:39:32.318479  1706  1798 I SystemConfig: Reading permissions from /vendor/etc/permissions/android.hardware.bluetooth_le.prebuilt.xml
04-12 20:39:32.318570  1706  1798 I SystemConfig: Reading permissions from /vendor/etc/permissions/android.hardware.camera.concurrent.prebuilt.xml
04-12 20:39:32.318669  1706  1798 I SystemConfig: Reading permissions from /vendor/etc/permissions/android.hardware.camera.xml
04-12 20:39:32.318776  1706  1798 I SystemConfig: Reading permissions from /vendor/etc/permissions/android.hardware.faketouch.prebuilt.xml
04-12 20:39:32.318870  1706  1798 I SystemConfig: Reading permissions from /vendor/etc/permissions/android.hardware.hardware_keystore.xml
04-12 20:39:32.318982  1706  1798 I SystemConfig: Reading permissions from /vendor/etc/permissions/android.hardware.keystore.app_attest_key.prebuilt.xml
04-12 20:39:32.319090  1706  1798 I SystemConfig: Reading permissions from /vendor/etc/permissions/android.hardware.location.gps.prebuilt.xml
04-12 20:39:32.319186  1706  1798 I SystemConfig: Reading permissions from /vendor/etc/permissions/android.hardware.microphone.xml
04-12 20:39:32.319491  1706  1798 I SystemConfig: Reading permissions from /vendor/etc/permissions/android.hardware.opengles.aep.prebuilt.xml
04-12 20:39:32.319615  1706  1798 I SystemConfig: Reading permissions from /vendor/etc/permissions/android.hardware.se.omapi.prebuilt.xml
04-12 20:39:32.319731  1706  1798 I SystemConfig: Reading permissions from /vendor/etc/permissions/android.hardware.telephony.gsm.xml
04-12 20:39:32.319867  1706  1798 I SystemConfig: Reading permissions from /vendor/etc/permissions/android.hardware.telephony.ims.prebuilt.xml
04-12 20:39:32.319970  1706  1798 I SystemConfig: Reading permissions from /vendor/etc/permissions/android.hardware.touchscreen.multitouch.distinct.prebuilt.xml
04-12 20:39:32.320079  1706  1798 I SystemConfig: Reading permissions from /vendor/etc/permissions/android.hardware.touchscreen.multitouch.jazzhand.prebuilt.xml
04-12 20:39:32.320184  1706  1798 I SystemConfig: Reading permissions from /vendor/etc/permissions/android.hardware.touchscreen.multitouch.prebuilt.xml
04-12 20:39:32.320492  1706  1798 I SystemConfig: Reading permissions from /vendor/etc/permissions/android.hardware.touchscreen.prebuilt.xml
04-12 20:39:32.320614  1706  1798 I SystemConfig: Reading permissions from /vendor/etc/permissions/android.hardware.usb.accessory.prebuilt.xml
04-12 20:39:32.320719  1706  1798 I SystemConfig: Reading permissions from /vendor/etc/permissions/android.hardware.usb.host.prebuilt.xml
04-12 20:39:32.320829  1706  1798 I SystemConfig: Reading permissions from /vendor/etc/permissions/android.hardware.vulkan.compute-0.prebuilt.xml
04-12 20:39:32.320931  1706  1798 I SystemConfig: Reading permissions from /vendor/etc/permissions/android.hardware.vulkan.level-1.prebuilt.xml
04-12 20:39:32.321041  1706  1798 I SystemConfig: Reading permissions from /vendor/etc/permissions/android.hardware.vulkan.version-1_3.prebuilt.xml
04-12 20:39:32.321144  1706  1798 I SystemConfig: Reading permissions from /vendor/etc/permissions/android.hardware.wifi.direct.prebuilt.xml
04-12 20:39:32.321226  1706  1798 I SystemConfig: Reading permissions from /vendor/etc/permissions/android.hardware.wifi.passpoint.prebuilt.xml
04-12 20:39:32.321326  1706  1798 I SystemConfig: Reading permissions from /vendor/etc/permissions/android.hardware.wifi.prebuilt.xml
04-12 20:39:32.321416  1706  1798 I SystemConfig: Reading permissions from /vendor/etc/permissions/android.software.device_id_attestation.prebuilt.xml
04-12 20:39:32.321513  1706  1798 I SystemConfig: Reading permissions from /vendor/etc/permissions/android.software.ipsec_tunnels.prebuilt.xml
04-12 20:39:32.321622  1706  1798 I SystemConfig: Reading permissions from /vendor/etc/permissions/android.software.midi.prebuilt.xml
04-12 20:39:32.321908  1706  1798 I SystemConfig: Reading permissions from /vendor/etc/permissions/android.software.opengles.deqp.level-2024-03-01.prebuilt.xml
04-12 20:39:32.322021  1706  1798 I SystemConfig: Reading permissions from /vendor/etc/permissions/android.software.verified_boot.prebuilt.xml
04-12 20:39:32.322163  1706  1798 I SystemConfig: Reading permissions from /vendor/etc/permissions/android.software.vulkan.deqp.level-2024-03-01.prebuilt.xml
04-12 20:39:32.322259  1706  1798 I SystemConfig: Reading permissions from /vendor/etc/permissions/com.mediatek.hardware.vow.xml
04-12 20:39:32.322359  1706  1798 I SystemConfig: Reading permissions from /vendor/etc/permissions/com.mediatek.hardware.vow_dsp.xml
04-12 20:39:32.322452  1706  1798 I SystemConfig: Reading permissions from /vendor/etc/permissions/com.transsion.tranfacsdk.permission.xml
04-12 20:39:32.322622  1706  1798 I SystemConfig: Reading permissions from /vendor/etc/permissions/dummy_camera_extensions.xml
04-12 20:39:32.322729  1706  1798 I SystemConfig: Reading permissions from /vendor/etc/permissions/features_com.android.virt.xml
04-12 20:39:32.322913  1706  1798 I SystemConfig: Reading permissions from /odm/etc/permissions/android.hardware.consumerir.xml
04-12 20:39:32.323025  1706  1798 I SystemConfig: Reading permissions from /odm/etc/permissions/android.hardware.fingerprint.xml
04-12 20:39:32.323135  1706  1798 I SystemConfig: Reading permissions from /odm/etc/permissions/android.hardware.nfc.hce.xml
04-12 20:39:32.323241  1706  1798 I SystemConfig: Reading permissions from /odm/etc/permissions/android.hardware.nfc.xml
04-12 20:39:32.323327  1706  1798 I SystemConfig: Reading permissions from /odm/etc/permissions/android.hardware.sensor.accelerometer.prebuilt.xml
04-12 20:39:32.323431  1706  1798 I SystemConfig: Reading permissions from /odm/etc/permissions/android.hardware.sensor.compass.prebuilt.xml
04-12 20:39:32.323525  1706  1798 I SystemConfig: Reading permissions from /odm/etc/permissions/android.hardware.sensor.gyroscope.prebuilt.xml
04-12 20:39:32.323624  1706  1798 I SystemConfig: Reading permissions from /odm/etc/permissions/android.hardware.sensor.heartrate.ecg.prebuilt.xml
04-12 20:39:32.323741  1706  1798 I SystemConfig: Reading permissions from /odm/etc/permissions/android.hardware.sensor.light.prebuilt.xml
04-12 20:39:32.323834  1706  1798 I SystemConfig: Reading permissions from /odm/etc/permissions/android.hardware.sensor.proximity.prebuilt.xml
04-12 20:39:32.323928  1706  1798 I SystemConfig: Reading permissions from /odm/etc/permissions/android.hardware.sensor.stepcounter.prebuilt.xml
04-12 20:39:32.324028  1706  1798 I SystemConfig: Reading permissions from /odm/etc/permissions/android.hardware.sensor.stepdetector.prebuilt.xml
04-12 20:39:32.324128  1706  1798 I SystemConfig: Reading permissions from /odm/etc/permissions/android.hardware.telephony.euicc.xml
04-12 20:39:32.324225  1706  1798 I SystemConfig: Reading permissions from /odm/etc/permissions/com.android.nfc_extras.xml
04-12 20:39:32.324338  1706  1798 I SystemConfig: Reading permissions from /odm/etc/permissions/com.nxp.mifare.xml
04-12 20:39:32.324432  1706  1798 I SystemConfig: Reading permissions from /odm/etc/permissions/handheld_core_hardware.prebuilt.xml
04-12 20:39:32.324779  1706  1798 I SystemConfig: Reading permissions from /odm/etc/permissions/vendor.transsion.hardware.permissions.satellite.xml
04-12 20:39:32.325295  1706  1798 I SystemConfig: Reading permissions from /product/etc/sysconfig/GoogleCellBroadcast_config.xml
04-12 20:39:32.325415  1706  1798 I SystemConfig: Reading permissions from /product/etc/sysconfig/d2d_cable_migration_feature.xml
04-12 20:39:32.325512  1706  1798 I SystemConfig: Reading permissions from /product/etc/sysconfig/google-initial-package-stopped-states.xml
04-12 20:39:32.325632  1706  1798 I SystemConfig: Reading permissions from /product/etc/sysconfig/google-staged-installer-whitelist.xml
04-12 20:39:32.325741  1706  1798 I SystemConfig: Reading permissions from /product/etc/sysconfig/google.xml
04-12 20:39:32.326340  1706  1798 I SystemConfig: Adding association: com.google.android.as <- com.android.bluetooth
04-12 20:39:32.326377  1706  1798 I SystemConfig: Adding association: com.google.android.as <- com.android.bluetooth.services
04-12 20:39:32.326390  1706  1798 I SystemConfig: Adding association: com.google.android.as <- com.android.providers.contacts
04-12 20:39:32.326398  1706  1798 I SystemConfig: Adding association: com.google.android.as <- com.android.providers.media
04-12 20:39:32.326402  1706  1798 I SystemConfig: Adding association: com.google.android.as <- com.android.providers.telephony
04-12 20:39:32.326407  1706  1798 I SystemConfig: Adding association: com.google.android.as <- com.android.systemui
04-12 20:39:32.326413  1706  1798 I SystemConfig: Adding association: com.google.android.as <- com.google.android.bluetooth
04-12 20:39:32.326419  1706  1798 I SystemConfig: Adding association: com.google.android.as <- com.google.android.bluetooth.services
04-12 20:39:32.326423  1706  1798 I SystemConfig: Adding association: com.google.android.as <- com.google.android.providers.media.module
04-12 20:39:32.326428  1706  1798 I SystemConfig: Adding association: com.google.android.as <- com.google.android.as.oss
04-12 20:39:32.326436  1706  1798 I SystemConfig: Adding association: com.google.android.as.oss <- com.google.android.as
04-12 20:39:32.326488  1706  1798 W SystemConfig: Tag automatic-rollback-denylisted-app is unknown in /product/etc/sysconfig/google.xml at START_TAG (empty) <automatic-rollback-denylisted-app package='com.android.vending'>@99:72 in java.io.FileReader@55a2f65
04-12 20:39:32.326508  1706  1798 I SystemConfig: Adding association: com.google.android.as.oss <- com.google.android.odad
04-12 20:39:32.326521  1706  1798 I SystemConfig: Adding association: com.google.android.odad <- com.google.android.as.oss
04-12 20:39:32.326532  1706  1798 I SystemConfig: Adding association: com.google.android.odad <- com.android.providers.telephony
04-12 20:39:32.327343  1706  1798 I SystemConfig: Reading permissions from /product/etc/sysconfig/initial-package-stopped-states-aosp.xml
04-12 20:39:32.327465  1706  1798 I SystemConfig: Reading permissions from /product/etc/sysconfig/launcher_documentsui_icon_disable.xml
04-12 20:39:32.327679  1706  1798 I SystemConfig: Reading permissions from /product/etc/sysconfig/personal_safety.xml
04-12 20:39:32.327791  1706  1798 I SystemConfig: Reading permissions from /product/etc/sysconfig/preinstalled-packages-platform-handheld-product.xml
04-12 20:39:32.327916  1706  1798 I SystemConfig: Reading permissions from /product/etc/sysconfig/preinstalled-packages-platform-overlays.xml
04-12 20:39:32.328563  1706  1798 I SystemConfig: Reading permissions from /product/etc/sysconfig/preinstalled-packages-platform-telephony-product.xml
04-12 20:39:32.328675  1706  1798 I SystemConfig: Reading permissions from /product/etc/sysconfig/sysconfig_googledevicelock.xml
04-12 20:39:32.328801  1706  1798 I SystemConfig: Reading permissions from /product/etc/permissions/com.android.imsserviceentitlement.xml
04-12 20:39:32.328938  1706  1798 I SystemConfig: Reading permissions from /product/etc/permissions/com.transsion.aisupportercore.xml
04-12 20:39:32.329245  1706  1798 I SystemConfig: Reading permissions from /product/etc/permissions/com.transsion.dualapp.xml
04-12 20:39:32.329387  1706  1798 I SystemConfig: Reading permissions from /product/etc/permissions/com.transsion.tranvoicecommand.xml
04-12 20:39:32.329498  1706  1798 I SystemConfig: Non-xml file /product/etc/permissions/pms_sysapp_removable_vendor_list.txt in /product/etc/permissions directory, ignoring
04-12 20:39:32.329559  1706  1798 I SystemConfig: Reading permissions from /product/etc/permissions/privapp-permissions-google-product.xml
04-12 20:39:32.330527  1706  1798 I SystemConfig: Reading permissions from /product/etc/permissions/product-permissions-mediatek.xml
04-12 20:39:32.330725  1706  1798 I SystemConfig: Reading permissions from /product/etc/permissions/split-permissions-google.xml
04-12 20:39:32.330845  1706  1798 I SystemConfig: Reading permissions from /product/etc/permissions/tran_camera_extensions.xml
04-12 20:39:32.331227  1706  1798 I SystemConfig: Reading permissions from /system_ext/etc/sysconfig/android.telephony.satellite.xml
04-12 20:39:32.331540  1706  1798 I SystemConfig: Reading permissions from /system_ext/etc/sysconfig/com.android.phone.config.xml
04-12 20:39:32.331643  1706  1798 I SystemConfig: Reading permissions from /system_ext/etc/sysconfig/com.mediatek.ims.config.xml
04-12 20:39:32.331746  1706  1798 I SystemConfig: Reading permissions from /system_ext/etc/sysconfig/com.transsion.phonemaster_power.xml
04-12 20:39:32.331855  1706  1798 I SystemConfig: Reading permissions from /system_ext/etc/sysconfig/initial-package-stopped-states-DebugLoggerUI.xml
04-12 20:39:32.331949  1706  1798 I SystemConfig: Reading permissions from /system_ext/etc/sysconfig/utralsmall_blacklist.xml
04-12 20:39:32.332176  1706  1798 W SystemConfig: Tag pkg is unknown in /system_ext/etc/sysconfig/utralsmall_blacklist.xml at START_TAG (empty) <pkg name='com.twitter.android' status='1'>@3:48 in java.io.FileReader@1531b7
04-12 20:39:32.332207  1706  1798 W SystemConfig: Tag pkg is unknown in /system_ext/etc/sysconfig/utralsmall_blacklist.xml at START_TAG (empty) <pkg name='com.truecaller' status='1'>@4:43 in java.io.FileReader@1531b7
