04-12 20:39:33.878774  1706  1902 V Configuration: Updating configuration, locales updated from [] to [zh_CN_#Hans]
04-12 20:39:33.879463  1706  1706 D PackageManager: updatedPkg = PackageSetting{bf90b79 com.google.android.googlequicksearchbox/10233}
04-12 20:39:33.879600  1706  1706 W PackageManager: Relax SCAN_REQUIRE_KNOWN requirement for package com.google.android.googlequicksearchbox
04-12 20:39:33.882721  1706  1903 V Configuration: Updating configuration, locales updated from [] to [zh_CN_#Hans]
04-12 20:39:33.882920  1706  1903 W PackageParsing: Unknown element under <manifest>: uses-sdk at /data/app/~~Gcu-t81Rb_hE0FxIWPg3ww==/com.google.android.inputmethod.latin-iZhYWwsxGjb62k0qCjWV7A==/base.apk Binary XML file line #9
04-12 20:39:33.882950  1706  1903 W PackageParsing: Unknown element under <manifest>: module at /data/app/~~Gcu-t81Rb_hE0FxIWPg3ww==/com.google.android.inputmethod.latin-iZhYWwsxGjb62k0qCjWV7A==/base.apk Binary XML file line #11
04-12 20:39:33.883147  1706  1903 V Configuration: Updating configuration, locales updated from [] to [zh_CN_#Hans]
04-12 20:39:33.883295  1706  1903 W PackageParsing: Unknown element under <manifest>: uses-sdk at /data/app/~~Gcu-t81Rb_hE0FxIWPg3ww==/com.google.android.inputmethod.latin-iZhYWwsxGjb62k0qCjWV7A==/base.apk Binary XML file line #0
04-12 20:39:33.883452  1706  1903 V Configuration: Updating configuration, locales updated from [] to [zh_CN_#Hans]
04-12 20:39:33.883548  1706  1903 W PackageParsing: Unknown element under <manifest>: uses-sdk at /data/app/~~Gcu-t81Rb_hE0FxIWPg3ww==/com.google.android.inputmethod.latin-iZhYWwsxGjb62k0qCjWV7A==/base.apk Binary XML file line #9
04-12 20:39:33.883587  1706  1903 W PackageParsing: Unknown element under <manifest>: module at /data/app/~~Gcu-t81Rb_hE0FxIWPg3ww==/com.google.android.inputmethod.latin-iZhYWwsxGjb62k0qCjWV7A==/base.apk Binary XML file line #11
04-12 20:39:33.885119  1706  1706 D PackageManager: updatedPkg = PackageSetting{743ee02 com.google.android.inputmethod.latin/10243}
04-12 20:39:33.885262  1706  1706 W PackageManager: Relax SCAN_REQUIRE_KNOWN requirement for package com.google.android.inputmethod.latin
04-12 20:39:33.888251  1706  1904 V Configuration: Updating configuration, locales updated from [] to [zh_CN_#Hans]
04-12 20:39:33.888767  1706  1902 V Configuration: Updating configuration, locales updated from [] to [zh_CN_#Hans]
04-12 20:39:33.888950  1706  1902 W PackageParsing: Unknown element under <manifest>: uses-sdk at /data/app/~~oIoqzcRTYPyaPDTbM45qow==/com.google.android.apps.wellbeing-iKEJD6xyvjbrHaiwnPQpFg==/base.apk Binary XML file line #0
04-12 20:39:33.889980  1706  1706 D PackageManager: updatedPkg = PackageSetting{bb24040 com.google.android.apps.wellbeing/10230}
04-12 20:39:33.890139  1706  1706 W PackageManager: Relax SCAN_REQUIRE_KNOWN requirement for package com.google.android.apps.wellbeing
04-12 20:39:33.890962  1706  1901 V Configuration: Updating configuration, locales updated from [] to [zh_CN_#Hans]
04-12 20:39:33.893009  1706  1904 V Configuration: Updating configuration, locales updated from [] to [zh_CN_#Hans]
04-12 20:39:33.893208  1706  1904 W PackageParsing: Unknown element under <manifest>: uses-sdk at /data/app/~~XaLoLiepy-mCnXCJYwUKaQ==/com.google.android.apps.youtube.music-439TETkCjuo7p1QuD43NMw==/base.apk Binary XML file line #0
04-12 20:39:33.893364  1706  1904 V Configuration: Updating configuration, locales updated from [] to [zh_CN_#Hans]
04-12 20:39:33.893511  1706  1904 W PackageParsing: Unknown element under <manifest>: uses-sdk at /data/app/~~XaLoLiepy-mCnXCJYwUKaQ==/com.google.android.apps.youtube.music-439TETkCjuo7p1QuD43NMw==/base.apk Binary XML file line #0
04-12 20:39:33.894316  1706  1706 D PackageManager: updatedPkg = PackageSetting{d9f7b6f com.google.android.apps.youtube.music/10258}
04-12 20:39:33.894512  1706  1706 W PackageManager: Relax SCAN_REQUIRE_KNOWN requirement for package com.google.android.apps.youtube.music
04-12 20:39:33.897942  1706  1901 V Configuration: Updating configuration, locales updated from [] to [zh_CN_#Hans]
04-12 20:39:33.898234  1706  1901 W PackageParsing: Unknown element under <manifest>: uses-sdk at /data/app/~~QwDmpm6j12cylbY8eFAuHQ==/com.google.android.apps.safetyhub-JtNYjFD-DpejTxOCSAOibQ==/base.apk Binary XML file line #0
04-12 20:39:33.898402  1706  1901 V Configuration: Updating configuration, locales updated from [] to [zh_CN_#Hans]
04-12 20:39:33.898551  1706  1901 W PackageParsing: Unknown element under <manifest>: uses-sdk at /data/app/~~QwDmpm6j12cylbY8eFAuHQ==/com.google.android.apps.safetyhub-JtNYjFD-DpejTxOCSAOibQ==/base.apk Binary XML file line #0
04-12 20:39:33.899317  1706  1706 D PackageManager: updatedPkg = PackageSetting{60ab877 com.google.android.apps.safetyhub/10227}
04-12 20:39:33.899436  1706  1706 W PackageManager: Relax SCAN_REQUIRE_KNOWN requirement for package com.google.android.apps.safetyhub
04-12 20:39:33.902228  1706  1903 V Configuration: Updating configuration, locales updated from [] to [zh_CN_#Hans]
04-12 20:39:33.908404  1706  1903 V Configuration: Updating configuration, locales updated from [] to [zh_CN_#Hans]
04-12 20:39:33.908652  1706  1903 W PackageParsing: Unknown element under <manifest>: uses-sdk at /data/app/~~t5mrAn8mm_CUF5Lj9jSM2A==/com.google.android.projection.gearhead-zunPOd5C-HIMp7FWDvSMoQ==/base.apk Binary XML file line #0
04-12 20:39:33.908817  1706  1903 V Configuration: Updating configuration, locales updated from [] to [zh_CN_#Hans]
04-12 20:39:33.908949  1706  1903 W PackageParsing: Unknown element under <manifest>: uses-sdk at /data/app/~~t5mrAn8mm_CUF5Lj9jSM2A==/com.google.android.projection.gearhead-zunPOd5C-HIMp7FWDvSMoQ==/base.apk Binary XML file line #0
04-12 20:39:33.909094  1706  1903 V Configuration: Updating configuration, locales updated from [] to [zh_CN_#Hans]
04-12 20:39:33.909237  1706  1903 W PackageParsing: Unknown element under <manifest>: uses-sdk at /data/app/~~t5mrAn8mm_CUF5Lj9jSM2A==/com.google.android.projection.gearhead-zunPOd5C-HIMp7FWDvSMoQ==/base.apk Binary XML file line #0
04-12 20:39:33.910224  1706  1706 D PackageManager: updatedPkg = PackageSetting{6dfa11 com.google.android.projection.gearhead/10212}
04-12 20:39:33.910367  1706  1706 W PackageManager: Relax SCAN_REQUIRE_KNOWN requirement for package com.google.android.projection.gearhead
04-12 20:39:33.913257  1706  1706 I PackageManager: Finished scanning non-system apps. Time: 155 ms, packageCount: 23 , timePerPackage: 6 , cached: 8
04-12 20:39:33.914148  1706  1706 W PackageManager: There should probably be exactly one storage manager; found 2: matches=[ResolveInfo{7864b29 com.google.android.apps.nbu.files/.home.HomeActivity p=100 m=0x108000 userHandle=UserHandle{0}}, ResolveInfo{9caaeae com.android.storagemanager/.deletionhelper.DeletionHelperActivity m=0x108000 userHandle=UserHandle{0}}]
04-12 20:39:33.923072  1706  1706 I PackageManager: Time to scan packages: 0.791 seconds
04-12 20:39:33.936619  1706  1706 W AppIdPermissionPolicy: Ignoring permission android.permission.GLOBAL_SEARCH declared in system package android: already declared in another system package com.transsion.thub.res
04-12 20:39:33.936659  1706  1706 W AppIdPermissionPolicy: Ignoring permission android.permission.GLOBAL_SEARCH_CONTROL declared in system package android: already declared in another system package com.transsion.thub.res
04-12 20:39:33.936668  1706  1706 W AppIdPermissionPolicy: Ignoring permission android.permission.SET_WALLPAPER_COMPONENT declared in system package android: already declared in another system package com.transsion.thub.res
04-12 20:39:33.945059  1706  1706 W AppIdPermissionPolicy: Ignoring permission android.permission.GLOBAL_SEARCH declared in system package com.transsion: already declared in another system package com.transsion.thub.res
04-12 20:39:33.945100  1706  1706 W AppIdPermissionPolicy: Ignoring permission android.permission.GLOBAL_SEARCH_CONTROL declared in system package com.transsion: already declared in another system package com.transsion.thub.res
04-12 20:39:33.945117  1706  1706 W AppIdPermissionPolicy: Ignoring permission android.permission.SET_WALLPAPER_COMPONENT declared in system package com.transsion: already declared in another system package com.transsion.thub.res
04-12 20:39:33.945122  1706  1706 W AppIdPermissionPolicy: Ignoring permission android.permission.ADVANCED_WIDGET_API declared in system package com.transsion: already declared in another system package com.transsion.thub.res
04-12 20:39:33.951596  1706  1706 W AppIdPermissionPolicy: Ignoring permission android.permission.CONTROL_REMOTE_APP_TRANSITION_ANIMATIONS declared in system package com.transsion.kolun.aiservice: already declared in another system package android
04-12 20:39:33.955812  1706  1706 W AppIdPermissionPolicy: Ignoring permission com.transsion.aod.permission.ACCESS_RUNTIME_DATA_PROVIDER declared in system package com.android.systemui: already declared in another system package com.transsion.aod
04-12 20:39:33.959700  1706  1706 W AppIdPermissionPolicy: Ignoring permission os_noticenter.permission.CONFIG_PROVIDER declared in system package com.transsion.ossettingsext: already declared in another system package com.android.settings
04-12 20:39:33.964627  1706  1706 W AppIdPermissionPolicy: Ignoring permission android.permission.GLOBAL_SEARCH declared in system package com.mediatek: already declared in another system package com.transsion.thub.res
04-12 20:39:33.964662  1706  1706 W AppIdPermissionPolicy: Ignoring permission android.permission.GLOBAL_SEARCH_CONTROL declared in system package com.mediatek: already declared in another system package com.transsion.thub.res
04-12 20:39:33.964670  1706  1706 W AppIdPermissionPolicy: Ignoring permission android.permission.SET_WALLPAPER_COMPONENT declared in system package com.mediatek: already declared in another system package com.transsion.thub.res
04-12 20:39:33.964674  1706  1706 W AppIdPermissionPolicy: Ignoring permission android.permission.ADVANCED_WIDGET_API declared in system package com.mediatek: already declared in another system package com.transsion.thub.res
04-12 20:39:33.965398  1706  1706 W AppIdPermissionPolicy: Ignoring permission com.transsion.atomicbrain.permission.PERCEPTION_SUBSCRIPTION_INTERNAL declared in system package com.transsion.aivoiceassistant: already declared in another system package com.transsion.atomicbrain
04-12 20:39:33.965431  1706  1706 W AppIdPermissionPolicy: Ignoring permission com.transsion.permission.atomiccore.safe declared in system package com.transsion.aivoiceassistant: already declared in another system package com.transsion.atomiccore
04-12 20:39:33.973616  1706  1706 W AppIdPermissionPolicy: Ignoring permission com.google.android.c2dm.permission.RECEIVE declared in system package com.google.android.gms: already declared in another system package com.google.android.gsf
04-12 20:39:33.973664  1706  1706 W AppIdPermissionPolicy: Ignoring permission com.google.android.c2dm.permission.SEND declared in system package com.google.android.gms: already declared in another system package com.google.android.gsf
04-12 20:39:33.973671  1706  1706 W AppIdPermissionPolicy: Ignoring permission com.google.android.providers.settings.permission.WRITE_GSETTINGS declared in system package com.google.android.gms: already declared in another system package com.google.android.gsf
04-12 20:39:33.973675  1706  1706 W AppIdPermissionPolicy: Ignoring permission com.google.android.gtalkservice.permission.GTALK_SERVICE declared in system package com.google.android.gms: already declared in another system package com.google.android.gsf
04-12 20:39:33.973679  1706  1706 W AppIdPermissionPolicy: Ignoring permission com.google.android.providers.gsf.permission.READ_GSERVICES declared in system package com.google.android.gms: already declared in another system package com.google.android.gsf
04-12 20:39:33.973688  1706  1706 W AppIdPermissionPolicy: Ignoring permission com.google.android.providers.gsf.permission.WRITE_GSERVICES declared in system package com.google.android.gms: already declared in another system package com.google.android.gsf
04-12 20:39:33.973692  1706  1706 W AppIdPermissionPolicy: Ignoring permission com.android.vending.INTENT_VENDING_ONLY declared in system package com.google.android.gms: already declared in another system package com.google.android.gsf
04-12 20:39:34.012441  1706  1706 V PackageManager: reconcileAppsData for null u0 0x1 migrateAppData=true
04-12 20:39:34.151510  1706  1706 V PackageManager: reconcileAppsData finished 50 packages
04-12 20:39:34.151811  1706  1706 D PackageManagerTiming: write settings
04-12 20:39:34.152013  1706  1938 D SystemServerTimingAsync: InitThreadPoolExec:prepareAppData
04-12 20:39:34.152074  1706  1938 D SystemServerInitThreadPool: Started executing prepareAppData
04-12 20:39:34.183412  1706  1706 D SystemServiceManagerProxy: start com.android.server.pm.PackageInstallerService$Lifecycle@7e4f6bf
04-12 20:39:34.183604  1706  1706 V PackageManager: Ephemeral resolver found; pkg: com.google.android.gms, info:ResolveInfo{665718c com.google.android.gms/.chimera.PersistentBoundBrokerService m=0x108000 userHandle=null}
04-12 20:39:34.183655  1706  1706 D PackageManager: Set ephemeral resolver: ComponentInfo{com.google.android.gms/com.google.android.gms.chimera.PersistentBoundBrokerService}
04-12 20:39:34.184141  1706  1706 D PackageManager: Instant App installer not found with android.intent.action.INSTALL_INSTANT_APP_PACKAGE
04-12 20:39:34.184181  1706  1706 D PackageManager: Clear ephemeral installer activity
04-12 20:39:34.188910  1706  1706 I PackageManager: Fix for b/169414761 is applied
04-12 20:39:34.189747  1706  1853 I createLiteAppInfoLocked: packageInfo is null
04-12 20:39:34.190494  1706  1706 V UserSystemPackageInstaller: Checking that all system packages are whitelisted.
04-12 20:39:34.190916  1706  1706 W UserSystemPackageInstaller: checkWhitelistedSystemPackages(mode=ENFORCE|IMPLICIT_WHITELIST) has 67 warnings:
04-12 20:39:34.190954  1706  1706 W UserSystemPackageInstaller: com.android.theme.color.amethyst is allowlisted but not present.
04-12 20:39:34.190963  1706  1706 W UserSystemPackageInstaller: com.android.theme.icon.pebble is allowlisted but not present.
04-12 20:39:34.190966  1706  1706 W UserSystemPackageInstaller: com.android.internal.systemui.navbar.gestural_wide_back is allowlisted but not present.
04-12 20:39:34.190969  1706  1706 W UserSystemPackageInstaller: com.android.theme.color.sand is allowlisted but not present.
04-12 20:39:34.190972  1706  1706 W UserSystemPackageInstaller: com.android.theme.icon.vessel is allowlisted but not present.
04-12 20:39:34.190974  1706  1706 W UserSystemPackageInstaller: com.android.theme.color.cinnamon is allowlisted but not present.
04-12 20:39:34.190977  1706  1706 W UserSystemPackageInstaller: com.android.theme.icon_pack.victor.settings is allowlisted but not present.
04-12 20:39:34.190979  1706  1706 W UserSystemPackageInstaller: com.android.theme.icon_pack.rounded.systemui is allowlisted but not present.
04-12 20:39:34.190981  1706  1706 W UserSystemPackageInstaller: com.android.theme.icon.taperedrect is allowlisted but not present.
04-12 20:39:34.190983  1706  1706 W UserSystemPackageInstaller: com.android.documentsui is allowlisted but not present.
04-12 20:39:34.190986  1706  1706 W UserSystemPackageInstaller: com.android.quicksearchbox is allowlisted but not present.
04-12 20:39:34.190988  1706  1706 W UserSystemPackageInstaller: com.android.theme.icon_pack.rounded.android is allowlisted but not present.
04-12 20:39:34.190990  1706  1706 W UserSystemPackageInstaller: com.android.internal.systemui.onehanded.gestural is allowlisted but not present.
04-12 20:39:34.190993  1706  1706 W UserSystemPackageInstaller: com.google.android.verifier is allowlisted but not present.
04-12 20:39:34.190995  1706  1706 W UserSystemPackageInstaller: com.android.multiuser is allowlisted but not present.
04-12 20:39:34.190997  1706  1706 W UserSystemPackageInstaller: com.android.theme.icon_pack.victor.systemui is allowlisted but not present.
04-12 20:39:34.191000  1706  1706 W UserSystemPackageInstaller: com.android.theme.icon_pack.circular.themepicker is allowlisted but not present.
04-12 20:39:34.191002  1706  1706 W UserSystemPackageInstaller: com.android.theme.color.tangerine is allowlisted but not present.
04-12 20:39:34.191004  1706  1706 W UserSystemPackageInstaller: com.android.theme.color.aquamarine is allowlisted but not present.
04-12 20:39:34.191007  1706  1706 W UserSystemPackageInstaller: com.android.theme.color.black is allowlisted but not present.
04-12 20:39:34.191010  1706  1706 W UserSystemPackageInstaller: com.android.theme.color.green is allowlisted but not present.
04-12 20:39:34.191012  1706  1706 W UserSystemPackageInstaller: com.android.theme.color.ocean is allowlisted but not present.
04-12 20:39:34.191014  1706  1706 W UserSystemPackageInstaller: com.android.theme.color.space is allowlisted but not present.
04-12 20:39:34.191017  1706  1706 W UserSystemPackageInstaller: com.android.contacts is allowlisted but not present.
04-12 20:39:34.191019  1706  1706 W UserSystemPackageInstaller: com.android.camera2 is allowlisted but not present.
04-12 20:39:34.191021  1706  1706 W UserSystemPackageInstaller: com.android.theme.icon_pack.rounded.launcher is allowlisted but not present.
04-12 20:39:34.191023  1706  1706 W UserSystemPackageInstaller: com.android.theme.icon_pack.kai.settings is allowlisted but not present.
04-12 20:39:34.191025  1706  1706 W UserSystemPackageInstaller: com.android.internal.systemui.navbar.twobutton is allowlisted but not present.
04-12 20:39:34.191028  1706  1706 W UserSystemPackageInstaller: com.android.theme.icon_pack.sam.settings is allowlisted but not present.
04-12 20:39:34.191032  1706  1706 W UserSystemPackageInstaller: com.android.calendar is allowlisted but not present.
04-12 20:39:34.191035  1706  1706 W UserSystemPackageInstaller: com.android.internal.systemui.navbar.gestural_extra_wide_back is allowlisted but not present.
04-12 20:39:34.191037  1706  1706 W UserSystemPackageInstaller: com.android.theme.icon_pack.kai.themepicker is allowlisted but not present.
04-12 20:39:34.191039  1706  1706 W UserSystemPackageInstaller: com.android.theme.icon_pack.victor.launcher is allowlisted but not present.
04-12 20:39:34.191042  1706  1706 W UserSystemPackageInstaller: com.android.theme.icon_pack.filled.settings is allowlisted but not present.
04-12 20:39:34.191044  1706  1706 W UserSystemPackageInstaller: com.android.theme.icon_pack.kai.systemui is allowlisted but not present.
04-12 20:39:34.191049  1706  1706 W UserSystemPackageInstaller: com.android.theme.icon_pack.circular.settings is allowlisted but not present.
04-12 20:39:34.191052  1706  1706 W UserSystemPackageInstaller: com.android.privatespace is allowlisted but not present.
04-12 20:39:34.191055  1706  1706 W UserSystemPackageInstaller: com.android.theme.icon_pack.sam.systemui is allowlisted but not present.
04-12 20:39:34.191057  1706  1706 W UserSystemPackageInstaller: com.android.theme.icon.teardrop is allowlisted but not present.
04-12 20:39:34.191060  1706  1706 W UserSystemPackageInstaller: com.android.theme.icon_pack.rounded.themepicker is allowlisted but not present.
04-12 20:39:34.191062  1706  1706 W UserSystemPackageInstaller: com.android.dialer is allowlisted but not present.
04-12 20:39:34.191065  1706  1706 W UserSystemPackageInstaller: com.android.gallery3d is allowlisted but not present.
04-12 20:39:34.191067  1706  1706 W UserSystemPackageInstaller: com.android.theme.icon_pack.filled.systemui is allowlisted but not present.
04-12 20:39:34.191070  1706  1706 W UserSystemPackageInstaller: com.android.theme.icon_pack.sam.android is allowlisted but not present.
04-12 20:39:34.191072  1706  1706 W UserSystemPackageInstaller: com.android.theme.icon_pack.filled.android is allowlisted but not present.
04-12 20:39:34.191074  1706  1706 W UserSystemPackageInstaller: com.android.theme.icon_pack.circular.systemui is allowlisted but not present.
04-12 20:39:34.191076  1706  1706 W UserSystemPackageInstaller: com.android.inputmethod.latin is allowlisted but not present.
04-12 20:39:34.191079  1706  1706 W UserSystemPackageInstaller: com.android.theme.icon_pack.kai.android is allowlisted but not present.
04-12 20:39:34.191081  1706  1706 W UserSystemPackageInstaller: com.transsion.repaircard is allowlisted but not present.
04-12 20:39:34.191083  1706  1706 W UserSystemPackageInstaller: com.android.theme.icon_pack.kai.launcher is allowlisted but not present.
04-12 20:39:34.191086  1706  1706 W UserSystemPackageInstaller: com.android.theme.icon_pack.sam.launcher is allowlisted but not present.
04-12 20:39:34.191088  1706  1706 W UserSystemPackageInstaller: com.android.theme.icon.squircle is allowlisted but not present.
04-12 20:39:34.191091  1706  1706 W UserSystemPackageInstaller: com.android.theme.icon_pack.victor.android is allowlisted but not present.
04-12 20:39:34.191093  1706  1706 W UserSystemPackageInstaller: com.android.theme.color.palette is allowlisted but not present.
04-12 20:39:34.191095  1706  1706 W UserSystemPackageInstaller: com.android.theme.icon_pack.filled.launcher is allowlisted but not present.
04-12 20:39:34.191097  1706  1706 W UserSystemPackageInstaller: com.android.theme.color.carbon is allowlisted but not present.
04-12 20:39:34.191099  1706  1706 W UserSystemPackageInstaller: com.android.theme.icon_pack.circular.launcher is allowlisted but not present.
04-12 20:39:34.191102  1706  1706 W UserSystemPackageInstaller: com.android.theme.icon_pack.filled.themepicker is allowlisted but not present.
04-12 20:39:34.191104  1706  1706 W UserSystemPackageInstaller: com.android.theme.icon_pack.victor.themepicker is allowlisted but not present.
04-12 20:39:34.191106  1706  1706 W UserSystemPackageInstaller: com.android.theme.color.orchid is allowlisted but not present.
04-12 20:39:34.191108  1706  1706 W UserSystemPackageInstaller: com.android.deskclock is allowlisted but not present.
04-12 20:39:34.191110  1706  1706 W UserSystemPackageInstaller: com.android.theme.color.purple is allowlisted but not present.
04-12 20:39:34.191113  1706  1706 W UserSystemPackageInstaller: com.android.theme.icon_pack.sam.themepicker is allowlisted but not present.
04-12 20:39:34.191115  1706  1706 W UserSystemPackageInstaller: com.android.theme.icon.roundedrect is allowlisted but not present.
04-12 20:39:34.191117  1706  1706 W UserSystemPackageInstaller: com.android.internal.systemui.navbar.gestural_narrow_back is allowlisted but not present.
04-12 20:39:34.191119  1706  1706 W UserSystemPackageInstaller: com.android.theme.icon_pack.rounded.settings is allowlisted but not present.
04-12 20:39:34.191121  1706  1706 W UserSystemPackageInstaller: com.android.theme.icon_pack.circular.android is allowlisted but not present.
04-12 20:39:34.191839  1706  1853 I createLiteAppInfoLocked: packageInfo is null
04-12 20:39:34.192350  1706  1853 I createLiteAppInfoLocked: packageInfo is null
04-12 20:39:34.193584  1706  1853 I createLiteAppInfoLocked: packageInfo is null
04-12 20:39:34.193648  1706  1853 I createLiteAppInfoLocked: packageInfo is null
04-12 20:39:34.193746  1706  1706 I Watchdog: Resuming HandlerChecker: main thread for reason: packagemanagermain. Pause count: 0
04-12 20:39:34.193803  1706  1706 D SystemServerTiming: DexUseManagerLocal
04-12 20:39:34.194378  1706  1853 I createLiteAppInfoLocked: packageInfo is null
04-12 20:39:34.194433  1706  1853 I createLiteAppInfoLocked: packageInfo is null
04-12 20:39:34.194513  1706  1853 I createLiteAppInfoLocked: packageInfo is null
04-12 20:39:34.194771  1706  1853 I createLiteAppInfoLocked: packageInfo is null
04-12 20:39:34.196209  1706  1853 I createLiteAppInfoLocked: packageInfo is null
04-12 20:39:34.198437  1706  1853 I createLiteAppInfoLocked: packageInfo is null
04-12 20:39:34.200103  1706  1853 I createLiteAppInfoLocked: packageInfo is null
04-12 20:39:34.200793  1706  1853 I createLiteAppInfoLocked: packageInfo is null
04-12 20:39:34.200824  1706  1853 I createLiteAppInfoLocked: packageInfo is null
04-12 20:39:34.201186  1706  1853 I createLiteAppInfoLocked: packageInfo is null
04-12 20:39:34.201576  1706  1853 I createLiteAppInfoLocked: packageInfo is null
04-12 20:39:34.201667  1706  1853 I createLiteAppInfoLocked: packageInfo is null
04-12 20:39:34.201804  1706  1853 I createLiteAppInfoLocked: packageInfo is null
04-12 20:39:34.203242  1706  1853 I createLiteAppInfoLocked: packageInfo is null
04-12 20:39:34.203631  1706  1853 I createLiteAppInfoLocked: packageInfo is null
04-12 20:39:34.203814  1706  1853 I createLiteAppInfoLocked: packageInfo is null
04-12 20:39:34.204356  1706  1853 I createLiteAppInfoLocked: packageInfo is null
04-12 20:39:34.204384  1706  1853 I createLiteAppInfoLocked: packageInfo is null
04-12 20:39:34.204692  1706  1853 I createLiteAppInfoLocked: packageInfo is null
04-12 20:39:34.205019  1706  1853 I createLiteAppInfoLocked: packageInfo is null
04-12 20:39:34.205260  1706  1853 I createLiteAppInfoLocked: packageInfo is null
04-12 20:39:34.205427  1706  1853 I createLiteAppInfoLocked: packageInfo is null
04-12 20:39:34.207812  1706  1853 I createLiteAppInfoLocked: packageInfo is null
04-12 20:39:34.208982  1706  1853 I createLiteAppInfoLocked: packageInfo is null
04-12 20:39:34.209278  1706  1853 I createLiteAppInfoLocked: packageInfo is null
04-12 20:39:34.210257  1706  1853 I createLiteAppInfoLocked: packageInfo is null
04-12 20:39:34.210304  1706  1706 D SystemServerTiming: StartOtaDexOptService
04-12 20:39:34.210319  1706  1706 I Watchdog: Pausing HandlerChecker: main thread for reason: moveab. Pause count: 1
04-12 20:39:34.210327  1706  1853 I createLiteAppInfoLocked: packageInfo is null
04-12 20:39:34.210340  1706  1853 I createLiteAppInfoLocked: packageInfo is null
04-12 20:39:34.210530  1706  1853 I createLiteAppInfoLocked: packageInfo is null
04-12 20:39:34.210750  1706  1853 I createLiteAppInfoLocked: packageInfo is null
04-12 20:39:34.210880  1706  1706 D OTADexopt: No upgrade, skipping A/B artifacts check.
04-12 20:39:34.210917  1706  1706 I Watchdog: Resuming HandlerChecker: main thread for reason: moveab. Pause count: 0
04-12 20:39:34.210930  1706  1706 D SystemServerTiming: StartUserManagerService
04-12 20:39:34.210967  1706  1706 I SystemServiceManager: Starting com.android.server.pm.UserManagerService$LifeCycle
04-12 20:39:34.211004  1706  1853 I createLiteAppInfoLocked: packageInfo is null
04-12 20:39:34.211314  1706  1706 D SystemServiceManagerProxy: start com.android.server.pm.UserManagerService$LifeCycle@fe3cb5e
04-12 20:39:34.211339  1706  1706 D SystemServerTiming: InitAttributerCache
04-12 20:39:34.211350  1706  1706 D SystemServerTiming: SetSystemProcess
04-12 20:39:34.211364  1706  1853 I createLiteAppInfoLocked: packageInfo is null
04-12 20:39:34.211461  1706  1853 I createLiteAppInfoLocked: packageInfo is null
04-12 20:39:34.211485  1706  1853 I createLiteAppInfoLocked: packageInfo is null
04-12 20:39:34.211493  1706  1853 I createLiteAppInfoLocked: packageInfo is null
04-12 20:39:34.212547  1706  1873 I PackageParsing: do not custom: com.android.settings.wallpaper.WallpaperSuggestionActivity
04-12 20:39:34.212849  1706  1873 I PackageParsing: do not custom: com.android.settings.TextReadingForSetupWizardActivity
04-12 20:39:34.212998  1706  1853 I PackageParsing: do not custom: com.android.settings.wallpaper.WallpaperSuggestionActivity
04-12 20:39:34.213158  1706  1853 I PackageParsing: do not custom: com.android.settings.TextReadingForSetupWizardActivity
04-12 20:39:34.214492  1706  1940 V LegacyHistoricalRegistry: Interaction before persistence initialized
04-12 20:39:34.215576  1706  1706 D TranClassInfo: instance successfully. com.transsion.hubcore.server.am.TranProcessRecordImpl@8c9792c from com.transsion.hubcore.server.am.ITranProcessRecord
04-12 20:39:34.216801  1706  1853 I createLiteAppInfoLocked: packageInfo is null
04-12 20:39:34.216940  1706  1853 I createLiteAppInfoLocked: packageInfo is null
04-12 20:39:34.217009  1706  1853 I createLiteAppInfoLocked: packageInfo is null
04-12 20:39:34.217027  1706  1853 I createLiteAppInfoLocked: packageInfo is null
04-12 20:39:34.217782  1706  1853 I createLiteAppInfoLocked: packageInfo is null
04-12 20:39:34.217811  1706  1853 I createLiteAppInfoLocked: packageInfo is null
04-12 20:39:34.217818  1706  1853 I createLiteAppInfoLocked: packageInfo is null
04-12 20:39:34.218157  1706  1853 I createLiteAppInfoLocked: packageInfo is null
04-12 20:39:34.220635  1706  1853 I createLiteAppInfoLocked: packageInfo is null
04-12 20:39:34.222287  1706  1706 D TranClassInfo: instance successfully. com.transsion.hubcore.server.am.TranProcessStateRecordImpl@eef0201 from com.transsion.hubcore.server.am.ITranProcessStateRecord
04-12 20:39:34.222637  1706  1706 D TranClassInfo: instance successfully. com.transsion.hubcore.server.am.TranProcessListImpl@c2658a6 from com.transsion.hubcore.server.am.ITranProcessList
04-12 20:39:34.223880  1706  1706 D ActivityManager: StatsPullAtomService not ready yet
04-12 20:39:34.224037  1706  1706 D aegean_Logger: debugValue=000000000
04-12 20:39:34.224140  1706  1706 D aegean_Logger: save debug=000000000
04-12 20:39:34.225119  1706  1706 D os.ActivityManagerServiceLice: make process active system(1706)
04-12 20:39:34.225739  1706  1706 W aegean_AegeanHandler: postFgL handler is null
04-12 20:39:34.226043  1706  1706 D UsfSystemServer/systemSceneHooker: system not ready
04-12 20:39:34.231324  1706  1706 D TranClassInfo: instance successfully. com.transsion.performance.pqe.TranPqeServcieComponentImpl@e226683 from com.transsion.hubcore.pqe.ITranPqeServcieComponent
04-12 20:39:34.237215  1706  1706 D TranClassInfo: instance successfully. com.transsion.power.powerdata.TranPowerDataComponentImpl@c33c000 from com.transsion.hubcore.powerdata.ITranPowerDataComponent
04-12 20:39:34.237240  1706  1706 D TranClassInfo: instance successfully. com.transsion.hubcore.server.wm.TranWindowManagerServiceImpl@688f039 from com.transsion.hubcore.server.wm.ITranWindowManagerService
04-12 20:39:34.238710  1329  1947 I storaged: storaged: Start
04-12 20:39:34.239987  1706  1862 I ActivityManager: Connection with lmkd established
04-12 20:39:34.243566  1706  1706 D TranClassInfo: instance successfully. com.transsion.hubcore.server.am.TranOomAdjusterImpl@39484c4 from com.transsion.hubcore.server.am.ITranOomAdjuster
04-12 20:39:34.243786  1706  1706 D ActivityManager: StatsPullAtomService not ready yet
04-12 20:39:34.245506  1706  1706 D SystemServerTiming: InitWatchdog
04-12 20:39:34.248606  1706  1706 D SystemServerTiming: StartOverlayManagerService
04-12 20:39:34.251280  1706  1706 I OverlayManager: Updating overlays for starting user 0
04-12 20:39:34.505083  1706  1706 D SystemServiceManagerProxy: start com.android.server.om.OverlayManagerService@db3b38e
04-12 20:39:34.505132  1706  1706 D SystemServerTiming: StartResourcesManagerService
04-12 20:39:34.505694  1706  1706 D SystemServiceManagerProxy: start com.android.server.resources.ResourcesManagerService@b6b5bae
04-12 20:39:34.505756  1706  1706 D SystemServerTiming: StartSensorPrivacyService
04-12 20:39:34.506204  1706  1836 V Configuration: Updating configuration, locales updated from [] to [zh_CN_#Hans]
04-12 20:39:34.508715  1706  1836 W ActivityTaskManager: Skip updateConfiguration because mWindowManager isn't set
04-12 20:39:34.510228  1706  1836 W BroadcastLoopers: Found previously unknown looper Thread[android.fg,5,main]
04-12 20:39:34.511389  1706  1706 D SystemServiceManagerProxy: start com.android.server.sensorprivacy.SensorPrivacyService@58df91b
04-12 20:39:34.511446  1706  1706 D SystemServerTiming: StartSensorService
04-12 20:39:34.511461  1706  1706 I SystemServiceManager: Starting com.android.server.sensors.SensorService
04-12 20:39:34.511760  1706  1706 D SystemServiceManagerProxy: start com.android.server.sensors.SensorService@4090bf7
04-12 20:39:34.511808  1706  1706 I MtkSystemServerImpl: startMtkBootstrapServices
04-12 20:39:34.511871  1706  1706 D SystemServerTiming: startCoreServices
04-12 20:39:34.511884  1706  1706 D SystemServerTiming: StartSystemConfigService
04-12 20:39:34.511927  1706  1706 I SystemServiceManager: Starting com.android.server.SystemConfigService
04-12 20:39:34.512128  1706  1958 D SystemServerTimingAsync: InitThreadPoolExec:StartNativeSensorService
04-12 20:39:34.512150  1706  1958 D SystemServerInitThreadPool: Started executing StartNativeSensorService
04-12 20:39:34.512161  1706  1958 D SystemServerTimingAsync: StartNativeSensorService
04-12 20:39:34.512850  1706  1706 D SystemServiceManagerProxy: start com.android.server.SystemConfigService@286e8d0
04-12 20:39:34.512887  1706  1706 D SystemServerTiming: StartBatteryService
04-12 20:39:34.512964  1706  1706 I SystemServiceManager: Starting com.android.server.BatteryService
04-12 20:39:34.513974  1706  1706 D TranClassInfo: instance successfully. com.transsion.hubcore.server.battery.TranBatteryServiceImpl@2f8b001 from com.transsion.hubcore.server.battery.ITranBatteryService
04-12 20:39:34.517698  1706  1706 D TranClassInfo: instance successfully. com.transsion.power.lowbatterynotify.TranLowBatteryNotifyImpl@9ce2600 from com.transsion.hubcore.lowbatterynotify.ITranLowBatteryNotifyComponent
04-12 20:39:34.517920  1706  1706 D TranClassInfo: instance successfully. com.transsion.hubcore.server.trancharge.TranChargeServiceImpl@5a5e39 from com.transsion.hubcore.server.trancharge.ITranChargeService
04-12 20:39:34.518196  1706  1958 V LegacyHistoricalRegistry: Interaction before persistence initialized
04-12 20:39:34.519463  1706  1958 D SystemServerInitThreadPool: Finished executing StartNativeSensorService
04-12 20:39:34.530963  1706  1942 W TranClassInfo: instance failed. com.transsion.hubcore.server.eventtrack.TranAIChargingEventTrackExtImpl from com.transsion.hubcore.server.eventtrack.ITranAIChargingEventTrackExt
04-12 20:39:34.530963  1706  1942 W TranClassInfo: java.lang.ClassNotFoundException: com.transsion.hubcore.server.eventtrack.TranAIChargingEventTrackExtImpl
04-12 20:39:34.530963  1706  1942 W TranClassInfo: 	at java.lang.Class.classForName(Native Method)
04-12 20:39:34.530963  1706  1942 W TranClassInfo: 	at java.lang.Class.forName(Class.java:591)
04-12 20:39:34.530963  1706  1942 W TranClassInfo: 	at com.transsion.hubcore.utils.TranClassInfo.getImpl(TranClassInfo.java:73)
04-12 20:39:34.530963  1706  1942 W TranClassInfo: 	at com.transsion.hubcore.server.eventtrack.ITranAIChargingEventTrackExt.Instance(ITranAIChargingEventTrackExt.java:17)
04-12 20:39:34.530963  1706  1942 W TranClassInfo: 	at com.android.server.BatteryService.processValuesLocked(BatteryService.java:1257)
04-12 20:39:34.530963  1706  1942 W TranClassInfo: 	at com.android.server.BatteryService.update(BatteryService.java:973)
04-12 20:39:34.530963  1706  1942 W TranClassInfo: 	at com.android.server.BatteryService$$ExternalSyntheticLambda10.update(R8$$SyntheticClass:0)
04-12 20:39:34.530963  1706  1942 W TranClassInfo: 	at com.android.server.health.HealthRegCallbackAidl$HalInfoCallback.healthInfoChanged(HealthRegCallbackAidl.java:116)
04-12 20:39:34.530963  1706  1942 W TranClassInfo: 	at android.hardware.health.IHealthInfoCallback$Stub.onTransact(IHealthInfoCallback.java:95)
04-12 20:39:34.530963  1706  1942 W TranClassInfo: 	at android.os.Binder.execTransactInternal(Binder.java:1451)
04-12 20:39:34.530963  1706  1942 W TranClassInfo: 	at android.os.Binder.execTransact(Binder.java:1381)
04-12 20:39:34.530963  1706  1942 W TranClassInfo: Caused by: java.lang.ClassNotFoundException: com.transsion.hubcore.server.eventtrack.TranAIChargingEventTrackExtImpl
04-12 20:39:34.530963  1706  1942 W TranClassInfo: 	... 11 more
04-12 20:39:34.531029  1706  1942 D TranClassInfo: using com.transsion.hubcore.server.eventtrack.ITranAIChargingEventTrackExt$DefaultImpl@50bd1d7 instead of com.transsion.hubcore.server.eventtrack.TranAIChargingEventTrackExtImpl from com.transsion.hubcore.server.eventtrack.ITranAIChargingEventTrackExt
04-12 20:39:34.534627  1706  1942 D TranClassInfo: instance successfully. com.transsion.power.aicharge.TranAIChargeImpl@9b70f30 from com.transsion.hubcore.aicharge.ITranAIChargeComponent
04-12 20:39:34.534834  1706  1942 I TranAIChargingController: mInitialized：false，mReady：false,PlugType:2
04-12 20:39:34.534881  1706  1942 D TranHBMManagerService: mInitialized is false
04-12 20:39:34.535414  1706  1942 W TranClassInfo: instance failed. com.transsion.server.power.battery.TranBatteryComponentImpl from com.transsion.hubcore.battery.ITranBatteryComponent
04-12 20:39:34.535414  1706  1942 W TranClassInfo: java.lang.ClassNotFoundException: com.transsion.server.power.battery.TranBatteryComponentImpl
04-12 20:39:34.535414  1706  1942 W TranClassInfo: 	at java.lang.Class.classForName(Native Method)
04-12 20:39:34.535414  1706  1942 W TranClassInfo: 	at java.lang.Class.forName(Class.java:591)
04-12 20:39:34.535414  1706  1942 W TranClassInfo: 	at com.transsion.hubcore.utils.TranClassInfo.getImpl(TranClassInfo.java:124)
04-12 20:39:34.535414  1706  1942 W TranClassInfo: 	at com.transsion.hubcore.battery.ITranBatteryComponent.Instance(ITranBatteryComponent.java:33)
04-12 20:39:34.535414  1706  1942 W TranClassInfo: 	at com.transsion.hubcore.server.trancharge.TranChargeServiceImpl.sendBatteryChangedIntentLocked(TranChargeServiceImpl.java:71)
04-12 20:39:34.535414  1706  1942 W TranClassInfo: 	at com.android.server.BatteryService.sendBatteryChangedIntentLocked(BatteryService.java:1353)
04-12 20:39:34.535414  1706  1942 W TranClassInfo: 	at com.android.server.BatteryService.processValuesLocked(BatteryService.java:1272)
04-12 20:39:34.535414  1706  1942 W TranClassInfo: 	at com.android.server.BatteryService.update(BatteryService.java:973)
04-12 20:39:34.535414  1706  1942 W TranClassInfo: 	at com.android.server.BatteryService$$ExternalSyntheticLambda10.update(R8$$SyntheticClass:0)
04-12 20:39:34.535414  1706  1942 W TranClassInfo: 	at com.android.server.health.HealthRegCallbackAidl$HalInfoCallback.healthInfoChanged(HealthRegCallbackAidl.java:116)
04-12 20:39:34.535414  1706  1942 W TranClassInfo: 	at android.hardware.health.IHealthInfoCallback$Stub.onTransact(IHealthInfoCallback.java:95)
04-12 20:39:34.535414  1706  1942 W TranClassInfo: 	at android.os.Binder.execTransactInternal(Binder.java:1451)
04-12 20:39:34.535414  1706  1942 W TranClassInfo: 	at android.os.Binder.execTransact(Binder.java:1381)
04-12 20:39:34.535414  1706  1942 W TranClassInfo: Caused by: java.lang.ClassNotFoundException: com.transsion.server.power.battery.TranBatteryComponentImpl
04-12 20:39:34.535414  1706  1942 W TranClassInfo: 	... 13 more
04-12 20:39:34.535465  1706  1942 D TranClassInfo: using com.transsion.hubcore.battery.ITranBatteryComponent$1@f0924cf instead of [com.transsion.server.power.battery.TranBatteryComponentImpl] from com.transsion.hubcore.battery.ITranBatteryComponent
04-12 20:39:34.540022  1706  1706 I HealthServiceWrapperAidl: health: HealthServiceWrapper listening to AIDL HAL
04-12 20:39:34.540103  1706  1706 I BatteryService: health: Waited 0ms and received the update.
04-12 20:39:34.540139  1706  1706 D TranChargeServiceLice: registerTranChargeCallback
04-12 20:39:34.543040  1706  1942 D TranChargeRegCallbackAidl: updateTranChargeInfo:TranChargeInfo:{deviceNodeFunc=batHealthLevel, chargeType=0, chargePower=0, mutilevelControl=0, portableChargerPluging=0, portableChargerLevel=0, batHealthLevel=4, batHealthPrecent=0, batHealthPrecent1=0, batCycle=0, batCycle1=0, realUiSoc=0, wlsMagnFan=0, batMacDate=, batMacDate1=, phoneActiveDate=, phoneActiveDate1=, waterDetName=, waterDetState=0, c2cPdConnect=0, c2cVbusShort=0, c2cState=0, aichgState=0, bypassChgState=0, smartChgState=0, aiBigData=, batNotifyCode=0, wlsReverseState=0, wlsReverseChgRead=0, wlsReverseExit=0, wlsKomState=0, callCmdRead=0, komCmdState=0, multiColorType=0, startDecimalSoc=0, customDischg=0, decimaSoc=0.0, taCtrlStat=0, handheldDetection=0, portName=, portState=0, siPowerOffVbat=0, bootTimeStamp=17316353308, repairResult=0, lastCycleCount=0, intRev1=0, intRev2=0, intRev3=0, stingRev1=, stingRev2=, stingRev3=, wlsChargeSupport=0}
04-12 20:39:34.543659  1706  1942 I TranAIChargingController: mInitialized：false，mReady：false,PlugType:2
04-12 20:39:34.543700  1706  1942 D TranHBMManagerService: mInitialized is false
04-12 20:39:34.543806  1706  1942 I TranChargeServiceLice: updateTranChargeInfo: TranChargeInfo:{deviceNodeFunc=batHealthLevel, chargeType=0, chargePower=0, mutilevelControl=0, portableChargerPluging=0, portableChargerLevel=0, batHealthLevel=4, batHealthPrecent=0, batHealthPrecent1=0, batCycle=0, batCycle1=0, realUiSoc=0, wlsMagnFan=0, batMacDate=, batMacDate1=, phoneActiveDate=, phoneActiveDate1=, waterDetName=, waterDetState=0, c2cPdConnect=0, c2cVbusShort=0, c2cState=0, aichgState=0, bypassChgState=0, smartChgState=0, aiBigData=, batNotifyCode=0, wlsReverseState=0, wlsReverseChgRead=0, wlsReverseExit=0, wlsKomState=0, callCmdRead=0, komCmdState=0, multiColorType=0, startDecimalSoc=0, customDischg=0, decimaSoc=0.0, taCtrlStat=0, handheldDetection=0, portName=, portState=0, siPowerOffVbat=0, bootTimeStamp=17316353308, repairResult=0, lastCycleCount=0, intRev1=0, intRev2=0, intRev3=0, stingRev1=, stingRev2=, stingRev3=, wlsChargeSupport=0} seq: 1
04-12 20:39:34.543857  1706  1706 I TranChargeServiceWrapperAidl: tranCharge: TranChargeServiceWrapper listening to AIDL HAL
04-12 20:39:34.543918  1706  1706 I TranChargeServiceLice: TranCharge: Waited 0ms and received the update.
04-12 20:39:34.544715  1706  1706 D SystemServiceManagerProxy: start com.android.server.BatteryService@7beb565
04-12 20:39:34.544756  1706  1706 D SystemServerTiming: StartUsageService
04-12 20:39:34.544865  1706  1706 I SystemServiceManager: Starting com.android.server.usage.UsageStatsService
04-12 20:39:34.547932  1706  1706 D SystemServiceManagerProxy: start com.android.server.usage.UsageStatsService@d2707b7
04-12 20:39:34.548029  1706  1706 D SystemServerTiming: StartWebViewUpdateService
04-12 20:39:34.548067  1706  1706 I SystemServiceManager: Starting com.android.server.webkit.WebViewUpdateService
04-12 20:39:34.548969  1706  1706 D SystemServiceManagerProxy: start com.android.server.webkit.WebViewUpdateService@d936af
04-12 20:39:34.548988  1706  1706 D SystemServerTiming: StartCachedDeviceStateService
04-12 20:39:34.549013  1706  1706 I SystemServiceManager: Starting com.android.server.CachedDeviceStateService
04-12 20:39:34.549066  1706  1706 D SystemServiceManagerProxy: start com.android.server.CachedDeviceStateService@833559a
04-12 20:39:34.549077  1706  1706 D SystemServerTiming: StartBinderCallsStatsService
04-12 20:39:34.549107  1706  1706 I SystemServiceManager: Starting com.android.server.BinderCallsStatsService$LifeCycle
04-12 20:39:34.549550  1706  1706 D SystemServiceManagerProxy: start com.android.server.BinderCallsStatsService$LifeCycle@25ec5c1
04-12 20:39:34.549570  1706  1706 D SystemServerTiming: StartLooperStatsService
04-12 20:39:34.549602  1706  1706 I SystemServiceManager: Starting com.android.server.LooperStatsService$Lifecycle
04-12 20:39:34.549941  1706  1706 D SystemServiceManagerProxy: start com.android.server.LooperStatsService$Lifecycle@350fcfd
04-12 20:39:34.549959  1706  1706 D SystemServerTiming: StartRollbackManagerService
04-12 20:39:34.550008  1706  1706 I SystemServiceManager: Starting com.android.server.rollback.RollbackManagerService
04-12 20:39:34.554739  1706  1706 I PackageWatchdog: Syncing state, reason: added new observer
04-12 20:39:34.554772  1706  1706 I PackageWatchdog: Not pruning observers, elapsed time: 0ms
04-12 20:39:34.554978  1706  1869 I PackageWatchdog: Saving observer state to file
04-12 20:39:34.558698  1706  1706 D SystemServiceManagerProxy: start com.android.server.rollback.RollbackManagerService@e456db4
04-12 20:39:34.558735  1706  1706 D SystemServerTiming: StartNativeTombstoneManagerService
04-12 20:39:34.558785  1706  1706 I SystemServiceManager: Starting com.android.server.os.NativeTombstoneManagerService
04-12 20:39:34.559249  1706  1706 D SystemServiceManagerProxy: start com.android.server.os.NativeTombstoneManagerService@b8ee823
04-12 20:39:34.559302  1706  1706 D SystemServerTiming: StartBugreportManagerService
04-12 20:39:34.559356  1706  1706 I SystemServiceManager: Starting com.android.server.os.BugreportManagerService
04-12 20:39:34.559991  1706  1706 D SystemServiceManagerProxy: start com.android.server.os.BugreportManagerService@f1d6b68
04-12 20:39:34.560028  1706  1706 D SystemServerTiming: GpuService
04-12 20:39:34.560039  1706  1706 I SystemServiceManager: Starting com.android.server.gpu.GpuService
04-12 20:39:34.560188  1706  1706 D SystemServiceManagerProxy: start com.android.server.gpu.GpuService@a9cecb2
04-12 20:39:34.560205  1706  1706 D SystemServerProxy: onCoreServicesStarted
04-12 20:39:34.561623  1706  1706 I SystemServiceManager: Starting com.transsion.kolun.server.SmartSystemService
04-12 20:39:34.562643  1706  1706 D SystemServiceManagerProxy: start com.transsion.kolun.server.SmartSystemService@9930d5f
04-12 20:39:34.562676  1706  1706 D SystemServerTiming: StartRemoteProvisioningService
04-12 20:39:34.562739  1706  1706 I SystemServiceManager: Starting com.android.server.security.rkp.RemoteProvisioningService
04-12 20:39:34.563120  1706  1706 D SystemServiceManagerProxy: start com.android.server.security.rkp.RemoteProvisioningService@b55b875
04-12 20:39:34.563145  1706  1706 D SystemServerTiming: CpuMonitorService
04-12 20:39:34.563202  1706  1706 I SystemServiceManager: Starting com.android.server.cpu.CpuMonitorService
04-12 20:39:34.567980  1706  1706 D SystemServiceManagerProxy: start com.android.server.cpu.CpuMonitorService@f367e98
04-12 20:39:34.568025  1706  1706 I MtkSystemServerImpl: startMtkCoreServices 
04-12 20:39:34.568035  1706  1706 D SystemServerTiming: startOtherServices
04-12 20:39:34.568348  1706  1706 W TranClassInfo: instance failed. com.transsion.storage.xmlprotect.TranXmlProtectVerifyComponentImpl from com.transsion.hubcore.fileprotect.ITranXmlProtectVerifyComponent
04-12 20:39:34.568348  1706  1706 W TranClassInfo: java.lang.ClassNotFoundException: com.transsion.storage.xmlprotect.TranXmlProtectVerifyComponentImpl
04-12 20:39:34.568348  1706  1706 W TranClassInfo: 	at java.lang.Class.classForName(Native Method)
04-12 20:39:34.568348  1706  1706 W TranClassInfo: 	at java.lang.Class.forName(Class.java:591)
04-12 20:39:34.568348  1706  1706 W TranClassInfo: 	at com.transsion.hubcore.utils.TranClassInfo.getImpl(TranClassInfo.java:124)
04-12 20:39:34.568348  1706  1706 W TranClassInfo: 	at com.transsion.hubcore.fileprotect.ITranXmlProtectVerifyComponent.Instance(ITranXmlProtectVerifyComponent.java:18)
04-12 20:39:34.568348  1706  1706 W TranClassInfo: 	at com.transsion.hubcore.server.TranSystemServerImpl.startDefaultFileBackup(TranSystemServerImpl.java:178)
04-12 20:39:34.568348  1706  1706 W TranClassInfo: 	at com.android.server.SystemServer.startOtherServices(SystemServer.java:1629)
04-12 20:39:34.568348  1706  1706 W TranClassInfo: 	at com.android.server.SystemServer.run(SystemServer.java:1075)
04-12 20:39:34.568348  1706  1706 W TranClassInfo: 	at com.android.server.SystemServer.main(SystemServer.java:761)
04-12 20:39:34.568348  1706  1706 W TranClassInfo: 	at java.lang.reflect.Method.invoke(Native Method)
04-12 20:39:34.568348  1706  1706 W TranClassInfo: 	at com.android.internal.os.RuntimeInit$MethodAndArgsCaller.run(RuntimeInit.java:629)
04-12 20:39:34.568348  1706  1706 W TranClassInfo: 	at com.android.internal.os.ZygoteInit.main(ZygoteInit.java:1002)
04-12 20:39:34.568348  1706  1706 W TranClassInfo: Caused by: java.lang.ClassNotFoundException: com.transsion.storage.xmlprotect.TranXmlProtectVerifyComponentImpl
04-12 20:39:34.568348  1706  1706 W TranClassInfo: 	... 11 more
04-12 20:39:34.568390  1706  1706 D TranClassInfo: using com.transsion.hubcore.fileprotect.ITranXmlProtectVerifyComponent$1@dbb4957 instead of [com.transsion.storage.xmlprotect.TranXmlProtectVerifyComponentImpl] from com.transsion.hubcore.fileprotect.ITranXmlProtectVerifyComponent
04-12 20:39:34.568666  1706  1706 D SystemServerTiming: StartKeyAttestationApplicationIdProviderService
04-12 20:39:34.568722  1706  1998 D SystemServerTimingAsync: InitThreadPoolExec:SecondaryZygotePreload
04-12 20:39:34.568734  1706  1998 D SystemServerInitThreadPool: Started executing SecondaryZygotePreload
04-12 20:39:34.568743  1706  1998 I SystemServer: SecondaryZygotePreload
04-12 20:39:34.568775  1706  1998 D SystemServerTimingAsync: SecondaryZygotePreload
04-12 20:39:34.568787  1706  1998 D SystemServerInitThreadPool: Finished executing SecondaryZygotePreload
04-12 20:39:34.569011  1706  1706 D SystemServerTiming: StartKeyChainSystemService
04-12 20:39:34.569063  1706  1706 I SystemServiceManager: Starting com.android.server.security.KeyChainSystemService
04-12 20:39:34.569245  1706  1706 D SystemServiceManagerProxy: start com.android.server.security.KeyChainSystemService@82006ae
04-12 20:39:34.569282  1706  1706 D SystemServerTiming: StartBinaryTransparencyService
04-12 20:39:34.569346  1706  1706 I SystemServiceManager: Starting com.android.server.BinaryTransparencyService
04-12 20:39:34.569870  1706  1706 I TransparencyService: Started BinaryTransparencyService
04-12 20:39:34.569898  1706  1706 D SystemServiceManagerProxy: start com.android.server.BinaryTransparencyService@31f7fdc
04-12 20:39:34.569911  1706  1706 D SystemServerTiming: StartSchedulingPolicyService
04-12 20:39:34.570209  1706  1999 D SystemServerTimingAsync: InitThreadPoolExec:SchedulingPolicyService.<init>
04-12 20:39:34.570221  1706  1999 D SystemServerInitThreadPool: Started executing SchedulingPolicyService.<init>
