04-12 20:39:33.245009  1706  1706 W PackageManager: System overlay com.sh.smart.caller.overlay targets an SDK below the required SDK level of system overlays (36). This will become an install error in a future release
04-12 20:39:33.245401  1706  1706 W PackageManager: System overlay com.transsion.smartmessage.app.overlay targets an SDK below the required SDK level of system overlays (36). This will become an install error in a future release
04-12 20:39:33.247732  1706  1706 W PackageManager: System overlay com.transsion.camera.overlay.product targets an SDK below the required SDK level of system overlays (36). This will become an install error in a future release
04-12 20:39:33.249463  1706  1706 W PackageManager: System overlay com.google.android.overlay.modules.permissioncontroller targets an SDK below the required SDK level of system overlays (36). This will become an install error in a future release
04-12 20:39:33.249888  1706  1706 W PackageManager: System overlay com.transsion.multiwindow.overlay targets an SDK below the required SDK level of system overlays (36). This will become an install error in a future release
04-12 20:39:33.250354  1706  1706 W PackageManager: System overlay com.transsion.thunderback.overlay targets an SDK below the required SDK level of system overlays (36). This will become an install error in a future release
04-12 20:39:33.251585  1706  1706 W PackageManager: System overlay tech.palm.id.overlay targets an SDK below the required SDK level of system overlays (36). This will become an install error in a future release
04-12 20:39:33.252023  1706  1706 W PackageManager: System overlay com.transsion.rro.framework_res.tr_product.x6877 targets an SDK below the required SDK level of system overlays (36). This will become an install error in a future release
04-12 20:39:33.252459  1706  1706 W PackageManager: System overlay com.transsion.rro.com.transsion.overlaysuw.tr_product.x6877 targets an SDK below the required SDK level of system overlays (36). This will become an install error in a future release
04-12 20:39:33.252886  1706  1706 W PackageManager: System overlay com.transsion.rro.com.transsion.thub.res.tr_product.x6877 targets an SDK below the required SDK level of system overlays (36). This will become an install error in a future release
04-12 20:39:33.253295  1706  1706 W PackageManager: System overlay com.transsion.rro.net.bat.store.tr_product.x6877 targets an SDK below the required SDK level of system overlays (36). This will become an install error in a future release
04-12 20:39:33.253693  1706  1706 W PackageManager: System overlay com.transsion.aod.overlay targets an SDK below the required SDK level of system overlays (36). This will become an install error in a future release
04-12 20:39:33.287586  1706  1706 W PackageManager: Failed to parse /system/framework/arm64: Missing base APK in /system/framework/arm64
04-12 20:39:33.287636  1706  1706 W PackageManager: Failed to parse /system/framework/oat: Missing base APK in /system/framework/oat/arm64
04-12 20:39:33.289924  1706  1903 D PackageCacher: Feature flags for package /system/framework/framework-res.apk: {com.android.window.flags.screen_recording_callbacks=true, android.security.secure_lockdown=false, android.content.pm.quarantined_enabled=false, android.app.enable_tv_implicit_enter_pip_restriction=true, android.app.appfunctions.flags.enable_app_function_manager=true, android.app.ui_rich_ongoing=true, android.media.tv.flags.apply_picture_profiles=true, com.android.internal.telephony.flags.subscription_plan_allow_status_and_end_date=true, android.net.platform.flags.register_nsd_offload_engine=true, android.media.tv.flags.kids_mode_tvdb_sharing=true, android.security.aapm_api=true, android.permission.flags.ranging_permission_enabled=true, com.android.settingslib.flags.settings_catalyst=true, android.permission.flags.enhanced_confirmation_in_call_apis_enabled=true, android.permission.flags.grant_read_blocked_numbers_to_system_ui_intelligence=false, android.media.tv.flags.tif_unbind_inactive_tis=true, android.content.pm.sdk_dependency_installer=true, com.android.art.flags.executable_method_file_offsets=true, android.app.admin.flags.split_create_managed_profile_enabled=true, android.location.flags.population_density_provider=true, android.permission.flags.sensitive_notification_app_protection=true, com.android.tradeinmode.flags.enable_trade_in_mode=true, com.android.update_engine.minor_changes_2025q4=null, android.media.audio.concurrent_audio_record_bypass_permission=false, android.content.pm.uid_based_provider_lookup=true, com.android.hardware.input.manage_key_gestures=true, com.android.internal.camera.flags.camera_hsum_permission=true, android.permission.flags.health_connect_backup_restore_permission_enabled=true, android.os.vibrator.vendor_vibration_effects=true, com.android.settingslib.flags.write_system_preference_permission_enabled=true, android.permission.flags.text_classifier_choice_api_enabled=true, android.media.tv.flags.media_quality_fw=true, android.provider.user_keys=true, android.os.allow_consentless_bugreport_delegated_consent=false, android.permission.flags.fine_power_monitor_permission=false, android.security.subscribe_to_keyguard_locked_state_perm_priv_flag=true, android.security.afl_api=true, android.xr.xr_manifest_entries=null, android.companion.virtualdevice.flags.enable_limited_vdm_role=false, android.provider.new_default_account_api_enabled=true, com.android.hardware.input.key_event_activity_detection=false}
04-12 20:39:33.290484  1706  1903 E AconfigFlags: Failed to load aconfig package com.android.update_engine
04-12 20:39:33.290484  1706  1903 E AconfigFlags: android.os.flagging.AconfigStorageReadException: ERROR_PACKAGE_NOT_FOUND: package com.android.update_engine cannot be found on the device
04-12 20:39:33.290484  1706  1903 E AconfigFlags: 	at android.os.flagging.AconfigPackage.load(AconfigPackage.java:160)
04-12 20:39:33.290484  1706  1903 E AconfigFlags: 	at com.android.internal.pm.pkg.component.AconfigFlags.lambda$getFlagValueFromNewStorage$0(AconfigFlags.java:261)
04-12 20:39:33.290484  1706  1903 E AconfigFlags: 	at com.android.internal.pm.pkg.component.AconfigFlags$$ExternalSyntheticLambda0.apply(D8$$SyntheticClass:0)
04-12 20:39:33.290484  1706  1903 E AconfigFlags: 	at java.util.concurrent.ConcurrentHashMap.computeIfAbsent(ConcurrentHashMap.java:1713)
04-12 20:39:33.290484  1706  1903 E AconfigFlags: 	at com.android.internal.pm.pkg.component.AconfigFlags.getFlagValueFromNewStorage(AconfigFlags.java:259)
04-12 20:39:33.290484  1706  1903 E AconfigFlags: 	at com.android.internal.pm.pkg.component.AconfigFlags.getFlagValue(AconfigFlags.java:225)
04-12 20:39:33.290484  1706  1903 E AconfigFlags: 	at com.android.server.pm.parsing.PackageCacher.getCachedResult(PackageCacher.java:225)
04-12 20:39:33.290484  1706  1903 E AconfigFlags: 	at com.android.internal.pm.parsing.PackageParser2.parsePackage(PackageParser2.java:126)
04-12 20:39:33.290484  1706  1903 E AconfigFlags: 	at com.android.server.pm.ParallelPackageParser.parsePackage(ParallelPackageParser.java:130)
04-12 20:39:33.290484  1706  1903 E AconfigFlags: 	at com.android.server.pm.ParallelPackageParser.lambda$submit$0(ParallelPackageParser.java:108)
04-12 20:39:33.290484  1706  1903 E AconfigFlags: 	at com.android.server.pm.ParallelPackageParser.$r8$lambda$uW6lAW1ixaCdJ_8ZINGbyQGIceg(ParallelPackageParser.java:0)
04-12 20:39:33.290484  1706  1903 E AconfigFlags: 	at com.android.server.pm.ParallelPackageParser$$ExternalSyntheticLambda0.run(R8$$SyntheticClass:0)
04-12 20:39:33.290484  1706  1903 E AconfigFlags: 	at java.util.concurrent.Executors$RunnableAdapter.call(Executors.java:520)
04-12 20:39:33.290484  1706  1903 E AconfigFlags: 	at java.util.concurrent.FutureTask.run(FutureTask.java:317)
04-12 20:39:33.290484  1706  1903 E AconfigFlags: 	at java.util.concurrent.ThreadPoolExecutor.runWorker(ThreadPoolExecutor.java:1154)
04-12 20:39:33.290484  1706  1903 E AconfigFlags: 	at java.util.concurrent.ThreadPoolExecutor$Worker.run(ThreadPoolExecutor.java:652)
04-12 20:39:33.290484  1706  1903 E AconfigFlags: 	at com.android.internal.util.ConcurrentUtils$1$1.run(ConcurrentUtils.java:65)
04-12 20:39:33.290708  1706  1903 E AconfigFlags: Failed to load aconfig package android.xr
04-12 20:39:33.290708  1706  1903 E AconfigFlags: android.os.flagging.AconfigStorageReadException: ERROR_PACKAGE_NOT_FOUND: package android.xr cannot be found on the device
04-12 20:39:33.290708  1706  1903 E AconfigFlags: 	at android.os.flagging.AconfigPackage.load(AconfigPackage.java:160)
04-12 20:39:33.290708  1706  1903 E AconfigFlags: 	at com.android.internal.pm.pkg.component.AconfigFlags.lambda$getFlagValueFromNewStorage$0(AconfigFlags.java:261)
04-12 20:39:33.290708  1706  1903 E AconfigFlags: 	at com.android.internal.pm.pkg.component.AconfigFlags$$ExternalSyntheticLambda0.apply(D8$$SyntheticClass:0)
04-12 20:39:33.290708  1706  1903 E AconfigFlags: 	at java.util.concurrent.ConcurrentHashMap.computeIfAbsent(ConcurrentHashMap.java:1713)
04-12 20:39:33.290708  1706  1903 E AconfigFlags: 	at com.android.internal.pm.pkg.component.AconfigFlags.getFlagValueFromNewStorage(AconfigFlags.java:259)
04-12 20:39:33.290708  1706  1903 E AconfigFlags: 	at com.android.internal.pm.pkg.component.AconfigFlags.getFlagValue(AconfigFlags.java:225)
04-12 20:39:33.290708  1706  1903 E AconfigFlags: 	at com.android.server.pm.parsing.PackageCacher.getCachedResult(PackageCacher.java:225)
04-12 20:39:33.290708  1706  1903 E AconfigFlags: 	at com.android.internal.pm.parsing.PackageParser2.parsePackage(PackageParser2.java:126)
04-12 20:39:33.290708  1706  1903 E AconfigFlags: 	at com.android.server.pm.ParallelPackageParser.parsePackage(ParallelPackageParser.java:130)
04-12 20:39:33.290708  1706  1903 E AconfigFlags: 	at com.android.server.pm.ParallelPackageParser.lambda$submit$0(ParallelPackageParser.java:108)
04-12 20:39:33.290708  1706  1903 E AconfigFlags: 	at com.android.server.pm.ParallelPackageParser.$r8$lambda$uW6lAW1ixaCdJ_8ZINGbyQGIceg(ParallelPackageParser.java:0)
04-12 20:39:33.290708  1706  1903 E AconfigFlags: 	at com.android.server.pm.ParallelPackageParser$$ExternalSyntheticLambda0.run(R8$$SyntheticClass:0)
04-12 20:39:33.290708  1706  1903 E AconfigFlags: 	at java.util.concurrent.Executors$RunnableAdapter.call(Executors.java:520)
04-12 20:39:33.290708  1706  1903 E AconfigFlags: 	at java.util.concurrent.FutureTask.run(FutureTask.java:317)
04-12 20:39:33.290708  1706  1903 E AconfigFlags: 	at java.util.concurrent.ThreadPoolExecutor.runWorker(ThreadPoolExecutor.java:1154)
04-12 20:39:33.290708  1706  1903 E AconfigFlags: 	at java.util.concurrent.ThreadPoolExecutor$Worker.run(ThreadPoolExecutor.java:652)
04-12 20:39:33.290708  1706  1903 E AconfigFlags: 	at com.android.internal.util.ConcurrentUtils$1$1.run(ConcurrentUtils.java:65)
04-12 20:39:33.300115  1706  1706 W PackageManager: Failed to parse /system_ext/framework/oat: Missing base APK in /system_ext/framework/oat/arm64
04-12 20:39:33.313692  1706  1902 D PackageCacher: Feature flags for package /system/priv-app/Shell: {android.security.aapm_api=true, android.permission.flags.replace_body_sensor_permission_enabled=true, android.permission.flags.health_connect_backup_restore_permission_enabled=true, android.permission.flags.text_classifier_choice_api_enabled=true, android.security.protect_device_config_flags=true, android.security.afl_api=true, android.companion.virtualdevice.flags.enable_limited_vdm_role=false}
04-12 20:39:33.356506  1706  1706 W PackageManager: Failed to parse /vendor/app/mcRegistry: Missing base APK in /vendor/app/mcRegistry
04-12 20:39:33.372093  1706  1706 W PackageManager: Provider ComponentInfo{com.transsion.smartmessage/androidx.startup.InitializationProvider} already defined; ignoring
04-12 20:39:33.382406  1706  1904 D PackageCacher: Feature flags for package /system_ext/priv-app/NfcNci: {com.android.nfc.flags.enable_direct_boot_aware=null}
04-12 20:39:33.382616  1706  1904 E AconfigFlags: Failed to load aconfig package com.android.nfc.flags
04-12 20:39:33.382616  1706  1904 E AconfigFlags: android.os.flagging.AconfigStorageReadException: ERROR_PACKAGE_NOT_FOUND: package com.android.nfc.flags cannot be found on the device
04-12 20:39:33.382616  1706  1904 E AconfigFlags: 	at android.os.flagging.AconfigPackage.load(AconfigPackage.java:160)
04-12 20:39:33.382616  1706  1904 E AconfigFlags: 	at com.android.internal.pm.pkg.component.AconfigFlags.lambda$getFlagValueFromNewStorage$0(AconfigFlags.java:261)
04-12 20:39:33.382616  1706  1904 E AconfigFlags: 	at com.android.internal.pm.pkg.component.AconfigFlags$$ExternalSyntheticLambda0.apply(D8$$SyntheticClass:0)
04-12 20:39:33.382616  1706  1904 E AconfigFlags: 	at java.util.concurrent.ConcurrentHashMap.computeIfAbsent(ConcurrentHashMap.java:1745)
04-12 20:39:33.382616  1706  1904 E AconfigFlags: 	at com.android.internal.pm.pkg.component.AconfigFlags.getFlagValueFromNewStorage(AconfigFlags.java:259)
04-12 20:39:33.382616  1706  1904 E AconfigFlags: 	at com.android.internal.pm.pkg.component.AconfigFlags.getFlagValue(AconfigFlags.java:225)
04-12 20:39:33.382616  1706  1904 E AconfigFlags: 	at com.android.server.pm.parsing.PackageCacher.getCachedResult(PackageCacher.java:225)
04-12 20:39:33.382616  1706  1904 E AconfigFlags: 	at com.android.internal.pm.parsing.PackageParser2.parsePackage(PackageParser2.java:126)
04-12 20:39:33.382616  1706  1904 E AconfigFlags: 	at com.android.server.pm.ParallelPackageParser.parsePackage(ParallelPackageParser.java:130)
04-12 20:39:33.382616  1706  1904 E AconfigFlags: 	at com.android.server.pm.ParallelPackageParser.lambda$submit$0(ParallelPackageParser.java:108)
04-12 20:39:33.382616  1706  1904 E AconfigFlags: 	at com.android.server.pm.ParallelPackageParser.$r8$lambda$uW6lAW1ixaCdJ_8ZINGbyQGIceg(ParallelPackageParser.java:0)
04-12 20:39:33.382616  1706  1904 E AconfigFlags: 	at com.android.server.pm.ParallelPackageParser$$ExternalSyntheticLambda0.run(R8$$SyntheticClass:0)
04-12 20:39:33.382616  1706  1904 E AconfigFlags: 	at java.util.concurrent.Executors$RunnableAdapter.call(Executors.java:520)
04-12 20:39:33.382616  1706  1904 E AconfigFlags: 	at java.util.concurrent.FutureTask.run(FutureTask.java:317)
04-12 20:39:33.382616  1706  1904 E AconfigFlags: 	at java.util.concurrent.ThreadPoolExecutor.runWorker(ThreadPoolExecutor.java:1154)
04-12 20:39:33.382616  1706  1904 E AconfigFlags: 	at java.util.concurrent.ThreadPoolExecutor$Worker.run(ThreadPoolExecutor.java:652)
04-12 20:39:33.382616  1706  1904 E AconfigFlags: 	at com.android.internal.util.ConcurrentUtils$1$1.run(ConcurrentUtils.java:65)
04-12 20:39:33.389696  1706  1904 D PackageCacher: Feature flags for package /system_ext/priv-app/TranSystemUI: {com.android.wm.shell.enable_retrievable_bubbles=false}
04-12 20:39:33.393788  1706  1706 D PackageManager: updatedPkg = PackageSetting{ca895c8 com.google.android.mosey/10131}
04-12 20:39:33.400958  1706  1706 I PmsExtIcon: do apply customize icon with com.android.contacts, activityName =com.android.dialer.ContactMainActivity
04-12 20:39:33.401004  1706  1706 I PmsExtIcon: do apply customize icon with com.sh.smart.caller.messageshortcut, activityName =alias.MessageShortcut
04-12 20:39:33.401012  1706  1706 I PmsExtIcon: do apply customize icon with com.sh.smart.caller.dialshortcut, activityName =alias.DialShortcut
04-12 20:39:33.408431  1706  1706 I PackageManager: Replacing default ResolverActivity with custom activity: ComponentInfo{com.transsion.resolver/com.transsion.resolver.ResolverActivity}
04-12 20:39:33.409369  1706  1706 W PackageManager: Provider ComponentInfo{tech.palm.find/androidx.startup.InitializationProvider} already defined; ignoring
04-12 20:39:33.409408  1706  1706 W PackageManager: Skipping provider name tech.palm.find.androidx-startup (in package tech.palm.find): name already used by tech.palm.find
04-12 20:39:33.505321  1706  1706 I PackageManager: Update system package com.theme.icondefaultshape_X702 code path from /tr_product/app/IconDefaultShape_X702 to /tr_product/app/IconDefaultShape_X703; Retain data and using new
04-12 20:39:33.512760  1706  1706 W PackageManager: Skipping provider name com.transsion.mol.cp (in package com.transsion.mol): name already used by com.transsion.mol
04-12 20:39:33.531339  1706  1706 D PackageManager: updatedPkg = PackageSetting{6dfa11 com.google.android.projection.gearhead/10212}
04-12 20:39:33.535743  1706  1706 D PackageManager: updatedPkg = PackageSetting{279c537 com.google.android.apps.nbu.files/10216}
04-12 20:39:33.540843  1706  1706 D PackageManager: updatedPkg = PackageSetting{3fe1269 com.google.android.apps.restore/10226}
04-12 20:39:33.542637  1706  1706 D PackageManager: updatedPkg = PackageSetting{60ab877 com.google.android.apps.safetyhub/10227}
04-12 20:39:33.543264  1706  1897 V Configuration: Updating configuration, locales updated from [] to [zh_CN_#Hans]
04-12 20:39:33.543617  1706  1706 D PackageManager: updatedPkg = PackageSetting{16d45e5 com.google.android.gms/10232}
04-12 20:39:33.545988  1706  1706 D PackageManager: updatedPkg = PackageSetting{905bfc3 com.android.vending/10231}
04-12 20:39:33.546216  1706  1706 D PackageManager: updatedPkg = PackageSetting{bb24040 com.google.android.apps.wellbeing/10230}
04-12 20:39:33.546384  1706  1706 D PackageManager: updatedPkg = PackageSetting{bf90b79 com.google.android.googlequicksearchbox/10233}
04-12 20:39:33.553847  1706  1706 D PackageManager: updatedPkg = PackageSetting{f167284 com.android.chrome/10241}
04-12 20:39:33.554804  1706  1706 D PackageManager: updatedPkg = PackageSetting{45a37fa com.google.android.gm/10246}
04-12 20:39:33.559410  1706  1706 D PackageManager: updatedPkg = PackageSetting{132634d com.google.audio.hearing.visualization.accessibility.scribe/10244}
04-12 20:39:33.559635  1706  1706 D PackageManager: updatedPkg = PackageSetting{743ee02 com.google.android.inputmethod.latin/10243}
04-12 20:39:33.560568  1706  1706 W PackageManager: System overlay com.transsion.trproduct.overlaysuw.resoverlay targets an SDK below the required SDK level of system overlays (36). This will become an install error in a future release
04-12 20:39:33.566011  1706  1706 D PackageManager: updatedPkg = PackageSetting{8b7ddb3 android.autoinstalls.config.transsion.device/10249}
04-12 20:39:33.566235  1706  1706 D PackageManager: updatedPkg = PackageSetting{7481f70 com.google.android.apps.tachyon/10254}
04-12 20:39:33.568804  1706  1706 D PackageManager: updatedPkg = PackageSetting{562bc30 com.google.android.apps.photos/10259}
04-12 20:39:33.569743  1706  1706 W PackageManager: Provider ComponentInfo{com.transsion.magicshow/androidx.core.content.FileProvider} already defined; ignoring
04-12 20:39:33.569776  1706  1706 W PackageManager: Skipping provider name com.transsion.magicshow.fileprovider (in package com.transsion.magicshow): name already used by com.transsion.magicshow
04-12 20:39:33.572148  1706  1706 D PackageManager: updatedPkg = PackageSetting{d9f7b6f com.google.android.apps.youtube.music/10258}
04-12 20:39:33.572340  1706  1706 D PackageManager: updatedPkg = PackageSetting{b5d907c com.google.android.youtube/10260}
04-12 20:39:33.572516  1706  1706 D PackageManager: updatedPkg = PackageSetting{4c47d05 com.google.android.marvin.talkback/10261}
04-12 20:39:33.577815  1706  1706 I ApexManager: Registering com.android.virtualization.terminal as apk-in-apex of com.android.virt
04-12 20:39:33.581372  1706  1706 I ApexManager: Registering com.android.microdroid.empty_payload as apk-in-apex of com.android.virt
04-12 20:39:33.582182  1706  1706 I ApexManager: Registering com.android.virtualmachine.res as apk-in-apex of com.android.virt
04-12 20:39:33.586617  1706  1706 I ApexManager: Registering com.google.android.safetycenter.resources as apk-in-apex of com.android.permission
04-12 20:39:33.587488  1706  1706 I ApexManager: Registering com.google.android.permissioncontroller as apk-in-apex of com.android.permission
04-12 20:39:33.592439  1706  1706 I ApexManager: Registering com.google.android.devicelockcontroller as apk-in-apex of com.android.devicelock
04-12 20:39:33.600797  1706  1706 I ApexManager: Registering com.google.android.cellbroadcastreceiver as apk-in-apex of com.android.cellbroadcast
04-12 20:39:33.601911  1706  1706 I ApexManager: Registering com.google.android.cellbroadcastservice as apk-in-apex of com.android.cellbroadcast
04-12 20:39:33.605744  1706  1706 I ApexManager: Registering com.google.android.ondevicepersonalization.services as apk-in-apex of com.android.ondevicepersonalization
04-12 20:39:33.609331  1706  1706 I ApexManager: Registering com.google.android.federatedcompute as apk-in-apex of com.android.ondevicepersonalization
04-12 20:39:33.615213  1706  1706 I ApexManager: Registering com.google.android.wifi.resources as apk-in-apex of com.android.wifi
04-12 20:39:33.619902  1706  1706 I ApexManager: Registering com.google.android.wifi.dialog as apk-in-apex of com.android.wifi
04-12 20:39:33.621827  1706  1706 I ApexManager: Registering com.google.android.hotspot2.osulogin as apk-in-apex of com.android.wifi
04-12 20:39:33.626105  1706  1706 I ApexManager: Registering com.google.android.server.deviceconfig.resources as apk-in-apex of com.android.configinfrastructure
04-12 20:39:33.630522  1706  1706 I ApexManager: Registering com.android.compos.payload as apk-in-apex of com.android.compos
04-12 20:39:33.636232  1706  1706 I ApexManager: Registering com.google.android.ext.services as apk-in-apex of com.android.extservices
04-12 20:39:33.641711  1706  1706 I ApexManager: Registering com.google.android.providers.media.module as apk-in-apex of com.android.mediaprovider
04-12 20:39:33.642898  1706  1706 I ApexManager: Registering com.google.android.photopicker as apk-in-apex of com.android.mediaprovider
04-12 20:39:33.648752  1706  1706 I ApexManager: Registering com.google.android.rkpdapp as apk-in-apex of com.android.rkpd
04-12 20:39:33.654032  1706  1706 I ApexManager: Registering com.google.android.appsearch.apk as apk-in-apex of com.android.appsearch
04-12 20:39:33.659318  1706  1706 I ApexManager: Registering com.google.android.adservices.api as apk-in-apex of com.android.adservices
04-12 20:39:33.663561  1706  1706 I ApexManager: Registering com.google.android.sdksandbox as apk-in-apex of com.android.adservices
04-12 20:39:33.667900  1706  1706 I ApexManager: Registering com.android.cts.priv.ctsshim as apk-in-apex of com.android.apex.cts.shim
04-12 20:39:33.672971  1706  1706 I ApexManager: Registering com.android.cts.ctsshim as apk-in-apex of com.android.apex.cts.shim
04-12 20:39:33.679978  1706  1706 I ApexManager: Registering com.android.bluetooth as apk-in-apex of com.android.bt
04-12 20:39:33.685711  1706  1706 I ApexManager: Registering com.google.android.connectivity.resources as apk-in-apex of com.android.tethering
04-12 20:39:33.686768  1706  1706 I ApexManager: Registering com.google.android.networkstack.tethering as apk-in-apex of com.android.tethering
04-12 20:39:33.693514  1706  1706 I ApexManager: Registering com.google.android.uwb.resources as apk-in-apex of com.android.uwb
04-12 20:39:33.702596  1706  1706 I ApexManager: Registering com.google.android.healthconnect.controller as apk-in-apex of com.android.healthfitness
04-12 20:39:33.706132  1706  1859 D Freezer/CloudSwitch: mHandleRegCloudRunnable start
04-12 20:39:33.706461  1706  1859 D Freezer/CloudSwitch: regCloudEngine finish
04-12 20:39:33.707003  1706  1706 I ApexManager: Registering com.google.android.health.connect.backuprestore as apk-in-apex of com.android.healthfitness
04-12 20:39:33.715074  1706  1706 D ITranAppManagerComponent: Updating native lib dir for AHAGames in /tr_region/operator/app/AHAGames
04-12 20:39:33.716985  1706  1706 I ITranAppManagerComponent: Skip scanning oobe removed sys package: com.block.juggle
04-12 20:39:33.717073  1706  1706 I ITranAppManagerComponent: Skip scanning oobe removed sys package: com.amazon.mShop.android.shopping
04-12 20:39:33.717103  1706  1706 I ITranAppManagerComponent: Skip scanning oobe removed sys package: com.afmobi.boomplayer
04-12 20:39:33.717582  1706  1706 D ITranAppManagerComponent: Updating native lib dir for FacebookStub in /tr_region/operator/app/FacebookStub
04-12 20:39:33.718833  1706  1706 D ITranAppManagerComponent: Updating native lib dir for CrushBlock in /tr_region/operator/app/CrushBlock
04-12 20:39:33.720276  1706  1706 D ITranAppManagerComponent: Updating native lib dir for FileViewer in /tr_region/operator/app/FileViewer
04-12 20:39:33.721923  1706  1706 D ITranAppManagerComponent: Updating native lib dir for Drive in /tr_region/operator/app/Drive
04-12 20:39:33.724039  1706  1706 D PackageManager: updatedPkg = PackageSetting{48c4e9c com.instagram.android/10297}
04-12 20:39:33.724118  1706  1706 I ITranAppManagerComponent: Don't skip scanning the sys package which disabled before,  but then installed later: com.instagram.android
04-12 20:39:33.724290  1706  1706 D ITranAppManagerComponent: Updating native lib dir for Instagram in /tr_region/operator/app/Instagram
04-12 20:39:33.724828  1706  1706 I ITranAppManagerComponent: Skip scanning oobe removed sys package: com.transtech.geniex
04-12 20:39:33.725067  1706  1706 D ITranAppManagerComponent: Updating native lib dir for HiTranslate in /tr_region/operator/app/HiTranslate
04-12 20:39:33.727600  1706  1706 D ITranAppManagerComponent: Updating native lib dir for Hola in /tr_region/operator/app/Hola
04-12 20:39:33.729448  1706  1706 I ITranAppManagerComponent: Skip scanning oobe removed sys package: com.dada.inputmethod.infinix
04-12 20:39:33.729488  1706  1706 I ITranAppManagerComponent: Skip scanning oobe removed sys package: com.amazon.appmanager
04-12 20:39:33.729507  1706  1706 I ITranAppManagerComponent: Skip scanning oobe removed sys package: com.kwai.video
04-12 20:39:33.729522  1706  1706 I ITranAppManagerComponent: Skip scanning oobe removed sys package: com.transsion.phoenix
04-12 20:39:33.729737  1706  1706 D ITranAppManagerComponent: Updating native lib dir for Roaming in /tr_region/operator/app/Roaming
04-12 20:39:33.731063  1706  1706 I ITranAppManagerComponent: Skip scanning oobe removed sys package: com.shopee.ph
04-12 20:39:33.731116  1706  1706 I ITranAppManagerComponent: Skip scanning oobe removed sys package: com.spotify.music
04-12 20:39:33.731303  1706  1706 D ITranAppManagerComponent: Updating native lib dir for Temu in /tr_region/operator/app/Temu
04-12 20:39:33.732608  1706  1706 I ITranAppManagerComponent: Skip scanning oobe removed sys package: com.kwai.bulldog
04-12 20:39:33.732654  1706  1706 I ITranAppManagerComponent: Skip scanning oobe removed sys package: com.zhiliaoapp.musically.go
04-12 20:39:33.734578  1706  1706 I ITranAppManagerComponent: Skip scanning oobe removed sys package: com.ss.android.ugc.trill
04-12 20:39:33.734854  1706  1706 D ITranAppManagerComponent: Updating native lib dir for Videos in /tr_region/operator/app/Videos
04-12 20:39:33.737213  1706  1706 I ITranAppManagerComponent: Skip scanning oobe removed sys package: com.zhiliaoapp.musically
04-12 20:39:33.737501  1706  1706 D ITranAppManagerComponent: Updating native lib dir for XClub in /tr_region/operator/app/XClub
04-12 20:39:33.739913  1706  1706 D ITranAppManagerComponent: Updating native lib dir for WPSOffice in /tr_region/operator/app/WPSOffice
04-12 20:39:33.745595  1706  1706 W PackageManager: Skipping provider name cn.wps.moffice_eng.scan.provider.fileprovider (in package cn.wps.moffice_eng): name already used by cn.wps.moffice_eng
04-12 20:39:33.745668  1706  1706 W PackageManager: Skipping provider name cn.wps.moffice_eng.fileprovider (in package cn.wps.moffice_eng): name already used by cn.wps.moffice_eng
04-12 20:39:33.747328  1706  1706 D ITranAppManagerComponent: Updating native lib dir for Welife in /tr_region/operator/app/Welife
04-12 20:39:33.749076  1706  1706 I ITranAppManagerComponent: Skip scanning oobe removed sys package: com.infinix.xpark
04-12 20:39:33.758264  1706  1706 I PackageManager: Finished scanning system apps. Time: 626 ms, packageCount: 415 , timePerPackage: 1 , cached: 454
04-12 20:39:33.762218  1706  1706 D PackageManager: updatedPkg = PackageSetting{8b7ddb3 android.autoinstalls.config.transsion.device/10249}
04-12 20:39:33.763536  1706  1706 W PackageManager: Relax SCAN_REQUIRE_KNOWN requirement for package android.autoinstalls.config.transsion.device
04-12 20:39:33.771708  1706  1706 D PackageManager: updatedPkg = PackageSetting{7481f70 com.google.android.apps.tachyon/10254}
04-12 20:39:33.775636  1706  1903 V Configuration: Updating configuration, locales updated from [] to [zh_CN_#Hans]
04-12 20:39:33.776621  1706  1706 W PackageManager: Relax SCAN_REQUIRE_KNOWN requirement for package com.google.android.apps.tachyon
04-12 20:39:33.777245  1706  1902 V Configuration: Updating configuration, locales updated from [] to [zh_CN_#Hans]
04-12 20:39:33.779745  1706  1706 D PackageManager: updatedPkg = PackageSetting{905bfc3 com.android.vending/10231}
04-12 20:39:33.781778  1706  1903 V Configuration: Updating configuration, locales updated from [] to [zh_CN_#Hans]
04-12 20:39:33.782163  1706  1903 W PackageParsing: Unknown element under <manifest>: uses-sdk at /data/app/~~4ZN_5IlWnDbBnPGt7tDKfg==/com.google.audio.hearing.visualization.accessibility.scribe-aAUzCLUeggeeSkJwASmq8A==/base.apk Binary XML file line #0
04-12 20:39:33.782881  1706  1706 W PackageManager: Relax SCAN_REQUIRE_KNOWN requirement for package com.android.vending
04-12 20:39:33.786193  1706  1706 D PackageManager: updatedPkg = PackageSetting{562bc30 com.google.android.apps.photos/10259}
04-12 20:39:33.787776  1706  1904 V Configuration: Updating configuration, locales updated from [] to [zh_CN_#Hans]
04-12 20:39:33.788025  1706  1706 W PackageManager: Relax SCAN_REQUIRE_KNOWN requirement for package com.google.android.apps.photos
04-12 20:39:33.791768  1706  1904 V Configuration: Updating configuration, locales updated from [] to [zh_CN_#Hans]
04-12 20:39:33.791936  1706  1904 W PackageParsing: Unknown element under <manifest>: uses-sdk at /data/app/~~Dka1tdodYIVw-4ZBRnzybg==/com.android.chrome-Fr3KM87YfX_HjjQgGMT0cg==/base.apk Binary XML file line #3
04-12 20:39:33.791973  1706  1904 W PackageParsing: Unknown element under <manifest>: module at /data/app/~~Dka1tdodYIVw-4ZBRnzybg==/com.android.chrome-Fr3KM87YfX_HjjQgGMT0cg==/base.apk Binary XML file line #5
04-12 20:39:33.791984  1706  1904 W PackageParsing: Unknown element under <manifest>: uses-permission at /data/app/~~Dka1tdodYIVw-4ZBRnzybg==/com.android.chrome-Fr3KM87YfX_HjjQgGMT0cg==/base.apk Binary XML file line #9
04-12 20:39:33.791990  1706  1904 W PackageParsing: Unknown element under <manifest>: uses-permission at /data/app/~~Dka1tdodYIVw-4ZBRnzybg==/com.android.chrome-Fr3KM87YfX_HjjQgGMT0cg==/base.apk Binary XML file line #10
04-12 20:39:33.791996  1706  1904 W PackageParsing: Unknown element under <manifest>: uses-permission at /data/app/~~Dka1tdodYIVw-4ZBRnzybg==/com.android.chrome-Fr3KM87YfX_HjjQgGMT0cg==/base.apk Binary XML file line #11
04-12 20:39:33.792006  1706  1904 W PackageParsing: Unknown element under <manifest>: uses-permission at /data/app/~~Dka1tdodYIVw-4ZBRnzybg==/com.android.chrome-Fr3KM87YfX_HjjQgGMT0cg==/base.apk Binary XML file line #12
04-12 20:39:33.792029  1706  1904 W PackageParsing: Unknown element under <manifest>: queries at /data/app/~~Dka1tdodYIVw-4ZBRnzybg==/com.android.chrome-Fr3KM87YfX_HjjQgGMT0cg==/base.apk Binary XML file line #14
04-12 20:39:33.796413  1706  1706 D PackageManager: updatedPkg = PackageSetting{ca895c8 com.google.android.mosey/10131}
04-12 20:39:33.797323  1706  1904 V Configuration: Updating configuration, locales updated from [] to [zh_CN_#Hans]
04-12 20:39:33.797571  1706  1904 W PackageParsing: Unknown element under <manifest>: uses-sdk at /data/app/~~Dka1tdodYIVw-4ZBRnzybg==/com.android.chrome-Fr3KM87YfX_HjjQgGMT0cg==/base.apk Binary XML file line #0
04-12 20:39:33.798193  1706  1904 V Configuration: Updating configuration, locales updated from [] to [zh_CN_#Hans]
04-12 20:39:33.798333  1706  1904 W PackageParsing: Unknown element under <manifest>: uses-sdk at /data/app/~~Dka1tdodYIVw-4ZBRnzybg==/com.android.chrome-Fr3KM87YfX_HjjQgGMT0cg==/base.apk Binary XML file line #3
04-12 20:39:33.798371  1706  1904 W PackageParsing: Unknown element under <manifest>: module at /data/app/~~Dka1tdodYIVw-4ZBRnzybg==/com.android.chrome-Fr3KM87YfX_HjjQgGMT0cg==/base.apk Binary XML file line #5
04-12 20:39:33.798922  1706  1904 V Configuration: Updating configuration, locales updated from [] to [zh_CN_#Hans]
04-12 20:39:33.799057  1706  1904 W PackageParsing: Unknown element under <manifest>: uses-sdk at /data/app/~~Dka1tdodYIVw-4ZBRnzybg==/com.android.chrome-Fr3KM87YfX_HjjQgGMT0cg==/base.apk Binary XML file line #3
04-12 20:39:33.799070  1706  1904 W PackageParsing: Unknown element under <manifest>: module at /data/app/~~Dka1tdodYIVw-4ZBRnzybg==/com.android.chrome-Fr3KM87YfX_HjjQgGMT0cg==/base.apk Binary XML file line #5
04-12 20:39:33.799076  1706  1904 W PackageParsing: Unknown element under <manifest>: uses-permission at /data/app/~~Dka1tdodYIVw-4ZBRnzybg==/com.android.chrome-Fr3KM87YfX_HjjQgGMT0cg==/base.apk Binary XML file line #9
04-12 20:39:33.799552  1706  1904 W PackageParsing: Unknown element under <manifest>: uses-split at /data/app/~~Dka1tdodYIVw-4ZBRnzybg==/com.android.chrome-Fr3KM87YfX_HjjQgGMT0cg==/base.apk Binary XML file line #53
04-12 20:39:33.800038  1706  1904 V Configuration: Updating configuration, locales updated from [] to [zh_CN_#Hans]
04-12 20:39:33.800135  1706  1904 W PackageParsing: Unknown element under <manifest>: uses-sdk at /data/app/~~Dka1tdodYIVw-4ZBRnzybg==/com.android.chrome-Fr3KM87YfX_HjjQgGMT0cg==/base.apk Binary XML file line #3
04-12 20:39:33.800181  1706  1904 W PackageParsing: Unknown element under <manifest>: module at /data/app/~~Dka1tdodYIVw-4ZBRnzybg==/com.android.chrome-Fr3KM87YfX_HjjQgGMT0cg==/base.apk Binary XML file line #5
04-12 20:39:33.800640  1706  1904 V Configuration: Updating configuration, locales updated from [] to [zh_CN_#Hans]
04-12 20:39:33.800763  1706  1904 W PackageParsing: Unknown element under <manifest>: uses-sdk at /data/app/~~Dka1tdodYIVw-4ZBRnzybg==/com.android.chrome-Fr3KM87YfX_HjjQgGMT0cg==/base.apk Binary XML file line #3
04-12 20:39:33.800794  1706  1904 W PackageParsing: Unknown element under <manifest>: module at /data/app/~~Dka1tdodYIVw-4ZBRnzybg==/com.android.chrome-Fr3KM87YfX_HjjQgGMT0cg==/base.apk Binary XML file line #5
04-12 20:39:33.801119  1706  1706 W PackageManager: Relax SCAN_REQUIRE_KNOWN requirement for package com.google.android.mosey
04-12 20:39:33.802428  1706  1902 V Configuration: Updating configuration, locales updated from [] to [zh_CN_#Hans]
04-12 20:39:33.803254  1706  1706 D PackageManager: updatedPkg = PackageSetting{16d45e5 com.google.android.gms/10232}
04-12 20:39:33.808378  1706  1902 V Configuration: Updating configuration, locales updated from [] to [zh_CN_#Hans]
04-12 20:39:33.808649  1706  1902 W PackageParsing: Unknown element under <manifest>: uses-sdk at /data/app/~~XobOV7XbD75exKKJIXDX4Q==/com.google.android.youtube-b5iT_X2GvCMhPlN5wrtWeg==/base.apk Binary XML file line #0
04-12 20:39:33.808825  1706  1902 V Configuration: Updating configuration, locales updated from [] to [zh_CN_#Hans]
04-12 20:39:33.808984  1706  1902 W PackageParsing: Unknown element under <manifest>: uses-sdk at /data/app/~~XobOV7XbD75exKKJIXDX4Q==/com.google.android.youtube-b5iT_X2GvCMhPlN5wrtWeg==/base.apk Binary XML file line #0
04-12 20:39:33.809137  1706  1902 V Configuration: Updating configuration, locales updated from [] to [zh_CN_#Hans]
04-12 20:39:33.809277  1706  1902 W PackageParsing: Unknown element under <manifest>: uses-sdk at /data/app/~~XobOV7XbD75exKKJIXDX4Q==/com.google.android.youtube-b5iT_X2GvCMhPlN5wrtWeg==/base.apk Binary XML file line #0
04-12 20:39:33.811700  1706  1903 V Configuration: Updating configuration, locales updated from [] to [zh_CN_#Hans]
04-12 20:39:33.817354  1706  1706 W PackageManager: Relax SCAN_REQUIRE_KNOWN requirement for package com.google.android.gms
04-12 20:39:33.819241  1706  1903 V Configuration: Updating configuration, locales updated from [] to [zh_CN_#Hans]
04-12 20:39:33.819287  1706  1904 V Configuration: Updating configuration, locales updated from [] to [zh_CN_#Hans]
04-12 20:39:33.823394  1706  1904 V Configuration: Updating configuration, locales updated from [] to [zh_CN_#Hans]
04-12 20:39:33.823656  1706  1904 W PackageParsing: Unknown element under <manifest>: uses-sdk at /data/app/~~1KtTFHOYqdv5nLXrNbI46A==/com.google.android.apps.nbu.files-g7so8vbLSPHkKH3Q5bqjAQ==/base.apk Binary XML file line #0
04-12 20:39:33.823873  1706  1904 V Configuration: Updating configuration, locales updated from [] to [zh_CN_#Hans]
04-12 20:39:33.824063  1706  1904 W PackageParsing: Unknown element under <manifest>: uses-sdk at /data/app/~~1KtTFHOYqdv5nLXrNbI46A==/com.google.android.apps.nbu.files-g7so8vbLSPHkKH3Q5bqjAQ==/base.apk Binary XML file line #0
04-12 20:39:33.824233  1706  1904 V Configuration: Updating configuration, locales updated from [] to [zh_CN_#Hans]
04-12 20:39:33.824380  1706  1904 W PackageParsing: Unknown element under <manifest>: uses-sdk at /data/app/~~1KtTFHOYqdv5nLXrNbI46A==/com.google.android.apps.nbu.files-g7so8vbLSPHkKH3Q5bqjAQ==/base.apk Binary XML file line #0
04-12 20:39:33.830113  1706  1901 V Configuration: Updating configuration, locales updated from [] to [zh_CN_#Hans]
04-12 20:39:33.833935  1706  1706 D PackageManager: updatedPkg = PackageSetting{132634d com.google.audio.hearing.visualization.accessibility.scribe/10244}
04-12 20:39:33.834121  1706  1706 W PackageManager: Relax SCAN_REQUIRE_KNOWN requirement for package com.google.audio.hearing.visualization.accessibility.scribe
04-12 20:39:33.835790  1706  1706 D PackageManager: updatedPkg = PackageSetting{f167284 com.android.chrome/10241}
04-12 20:39:33.835956  1706  1706 W PackageManager: Relax SCAN_REQUIRE_KNOWN requirement for package com.android.chrome
04-12 20:39:33.838265  1706  1902 V Configuration: Updating configuration, locales updated from [] to [zh_CN_#Hans]
04-12 20:39:33.838423  1706  1706 D PackageManager: updatedPkg = PackageSetting{b5d907c com.google.android.youtube/10260}
04-12 20:39:33.838560  1706  1706 W PackageManager: Relax SCAN_REQUIRE_KNOWN requirement for package com.google.android.youtube
04-12 20:39:33.839039  1706  1902 W PackageParsing: Unknown element under <manifest>: supports-gl-texture at /data/app/~~dwL8XYpcQrnMXtHrv34BEw==/com.instagram.android-IwF9igYoirALDjeY8vIyaA==/base.apk Binary XML file line #135
04-12 20:39:33.839167  1706  1902 W PackageParsing: Unknown element under <manifest>: library-uses-horizonos-sdk-supplement at /data/app/~~dwL8XYpcQrnMXtHrv34BEw==/com.instagram.android-IwF9igYoirALDjeY8vIyaA==/base.apk Binary XML file line #151
04-12 20:39:33.839326  1706  1903 V Configuration: Updating configuration, locales updated from [] to [zh_CN_#Hans]
04-12 20:39:33.840690  1706  1706 D PackageManager: updatedPkg = PackageSetting{4c47d05 com.google.android.marvin.talkback/10261}
04-12 20:39:33.840821  1706  1706 W PackageManager: Relax SCAN_REQUIRE_KNOWN requirement for package com.google.android.marvin.talkback
04-12 20:39:33.842575  1706  1706 D PackageManager: updatedPkg = PackageSetting{279c537 com.google.android.apps.nbu.files/10216}
04-12 20:39:33.842739  1706  1706 W PackageManager: Relax SCAN_REQUIRE_KNOWN requirement for package com.google.android.apps.nbu.files
04-12 20:39:33.848191  1706  1903 V Configuration: Updating configuration, locales updated from [] to [zh_CN_#Hans]
04-12 20:39:33.848452  1706  1903 W PackageParsing: Unknown element under <manifest>: uses-sdk at /data/app/~~K-BdNCfqwCOkk3d6CwX05w==/com.google.android.apps.restore-0DTqyJ637OwHnmQIpWNmiA==/base.apk Binary XML file line #0
04-12 20:39:33.849275  1706  1706 D PackageManager: updatedPkg = PackageSetting{3fe1269 com.google.android.apps.restore/10226}
04-12 20:39:33.849652  1706  1706 W PackageManager: Relax SCAN_REQUIRE_KNOWN requirement for package com.google.android.apps.restore
04-12 20:39:33.851559  1706  1901 W PackageParsing: No actions in intent-filter at /data/app/~~RRGjuYQOGGx4RdaSI_zjwg==/com.google.android.googlequicksearchbox-n3-5zTnJZoBTvV0jxdhjkQ==/base.apk Binary XML file line #3133
04-12 20:39:33.851754  1706  1904 V Configuration: Updating configuration, locales updated from [] to [zh_CN_#Hans]
04-12 20:39:33.854779  1706  1904 W PackageParsing: Ignoring duplicate uses-permissions/uses-permissions-sdk-m: android.permission.ACCESS_NETWORK_STATE in package: com.google.android.gm at: Binary XML file line #332
04-12 20:39:33.854886  1706  1902 W PackageParsing: <meta-data> only supports string, integer, float, color, boolean, and resource reference types: meta-data at /data/app/~~dwL8XYpcQrnMXtHrv34BEw==/com.instagram.android-IwF9igYoirALDjeY8vIyaA==/base.apk Binary XML file line #1477
04-12 20:39:33.854911  1706  1904 W PackageParsing: Ignoring duplicate uses-permissions/uses-permissions-sdk-m: android.permission.FOREGROUND_SERVICE in package: com.google.android.gm at: Binary XML file line #335
04-12 20:39:33.854935  1706  1904 W PackageParsing: Ignoring duplicate uses-permissions/uses-permissions-sdk-m: android.permission.FOREGROUND_SERVICE_DATA_SYNC in package: com.google.android.gm at: Binary XML file line #336
04-12 20:39:33.854947  1706  1904 W PackageParsing: Ignoring duplicate uses-permissions/uses-permissions-sdk-m: android.permission.INTERNET in package: com.google.android.gm at: Binary XML file line #337
04-12 20:39:33.854962  1706  1904 W PackageParsing: Ignoring duplicate uses-permissions/uses-permissions-sdk-m: android.permission.RECEIVE_BOOT_COMPLETED in package: com.google.android.gm at: Binary XML file line #338
04-12 20:39:33.854971  1706  1904 W PackageParsing: Ignoring duplicate uses-permissions/uses-permissions-sdk-m: android.permission.VIBRATE in package: com.google.android.gm at: Binary XML file line #339
04-12 20:39:33.854979  1706  1904 W PackageParsing: Ignoring duplicate uses-permissions/uses-permissions-sdk-m: android.permission.WAKE_LOCK in package: com.google.android.gm at: Binary XML file line #340
04-12 20:39:33.854999  1706  1904 W PackageParsing: Ignoring duplicate uses-permissions/uses-permissions-sdk-m: android.permission.WRITE_EXTERNAL_STORAGE in package: com.google.android.gm at: Binary XML file line #342
04-12 20:39:33.855016  1706  1904 W PackageParsing: Ignoring duplicate uses-permissions/uses-permissions-sdk-m: android.permission.POST_NOTIFICATIONS in package: com.google.android.gm at: Binary XML file line #343
04-12 20:39:33.855048  1706  1904 W PackageParsing: Ignoring duplicate uses-permissions/uses-permissions-sdk-m: com.google.android.c2dm.permission.RECEIVE in package: com.google.android.gm at: Binary XML file line #345
04-12 20:39:33.855070  1706  1904 W PackageParsing: Ignoring duplicate uses-permissions/uses-permissions-sdk-m: android.permission.GET_PACKAGE_SIZE in package: com.google.android.gm at: Binary XML file line #346
04-12 20:39:33.855083  1706  1904 W PackageParsing: Ignoring duplicate uses-permissions/uses-permissions-sdk-m: com.google.android.providers.gsf.permission.READ_GSERVICES in package: com.google.android.gm at: Binary XML file line #347
04-12 20:39:33.855123  1706  1904 W PackageParsing: Ignoring duplicate uses-permissions/uses-permissions-sdk-m: com.google.android.providers.gsf.permission.READ_GSERVICES in package: com.google.android.gm at: Binary XML file line #352
04-12 20:39:33.855152  1706  1904 W PackageParsing: Ignoring duplicate uses-permissions/uses-permissions-sdk-m: android.permission.GET_PACKAGE_SIZE in package: com.google.android.gm at: Binary XML file line #353
04-12 20:39:33.855174  1706  1904 W PackageParsing: Ignoring duplicate uses-permissions/uses-permissions-sdk-m: android.permission.ACCESS_NETWORK_STATE in package: com.google.android.gm at: Binary XML file line #355
04-12 20:39:33.855231  1706  1904 W PackageParsing: Ignoring duplicate uses-permissions/uses-permissions-sdk-m: android.permission.CAMERA in package: com.google.android.gm at: Binary XML file line #367
04-12 20:39:33.855263  1706  1904 W PackageParsing: Ignoring duplicate uses-permissions/uses-permissions-sdk-m: android.permission.FOREGROUND_SERVICE in package: com.google.android.gm at: Binary XML file line #382
04-12 20:39:33.855273  1706  1904 W PackageParsing: Ignoring duplicate uses-permissions/uses-permissions-sdk-m: android.permission.INTERNET in package: com.google.android.gm at: Binary XML file line #383
04-12 20:39:33.855292  1706  1904 W PackageParsing: Ignoring duplicate uses-permissions/uses-permissions-sdk-m: android.permission.RECORD_AUDIO in package: com.google.android.gm at: Binary XML file line #385
04-12 20:39:33.855305  1706  1904 W PackageParsing: Ignoring duplicate uses-permissions/uses-permissions-sdk-m: android.permission.WAKE_LOCK in package: com.google.android.gm at: Binary XML file line #386
04-12 20:39:33.855342  1706  1904 W PackageParsing: Ignoring duplicate uses-permissions/uses-permissions-sdk-m: android.permission.POST_NOTIFICATIONS in package: com.google.android.gm at: Binary XML file line #395
04-12 20:39:33.855423  1706  1904 W PackageParsing: Ignoring duplicate uses-permissions/uses-permissions-sdk-m: android.permission.FOREGROUND_SERVICE_DATA_SYNC in package: com.google.android.gm at: Binary XML file line #401
04-12 20:39:33.855464  1706  1904 W PackageParsing: Ignoring duplicate uses-permissions/uses-permissions-sdk-m: com.google.android.gm.DYNAMIC_RECEIVER_NOT_EXPORTED_PERMISSION in package: com.google.android.gm at: Binary XML file line #407
04-12 20:39:33.855475  1706  1904 W PackageParsing: Ignoring duplicate uses-permissions/uses-permissions-sdk-m: android.permission.VIBRATE in package: com.google.android.gm at: Binary XML file line #408
04-12 20:39:33.855482  1706  1904 W PackageParsing: Ignoring duplicate uses-permissions/uses-permissions-sdk-m: android.permission.READ_CONTACTS in package: com.google.android.gm at: Binary XML file line #409
04-12 20:39:33.855496  1706  1904 W PackageParsing: Ignoring duplicate uses-permissions/uses-permissions-sdk-m: com.google.android.hangouts.START_HANGOUT in package: com.google.android.gm at: Binary XML file line #410
04-12 20:39:33.857679  1706  1904 W PackageParsing: No actions in intent-filter at /data/app/~~_tqMN1KFMByvi1_SQQO-JA==/com.google.android.gm-Nn902-iFC1fptXZ1zHZfTA==/base.apk Binary XML file line #962
04-12 20:39:33.857971  1706  1904 W PackageParsing: No actions in intent-filter at /data/app/~~_tqMN1KFMByvi1_SQQO-JA==/com.google.android.gm-Nn902-iFC1fptXZ1zHZfTA==/base.apk Binary XML file line #1018
04-12 20:39:33.860273  1706  1902 W PackageParsing: Unknown element under <application>: enable-feature at /data/app/~~dwL8XYpcQrnMXtHrv34BEw==/com.instagram.android-IwF9igYoirALDjeY8vIyaA==/base.apk Binary XML file line #2252
04-12 20:39:33.863318  1706  1902 V Configuration: Updating configuration, locales updated from [] to [zh_CN_#Hans]
04-12 20:39:33.865894  1706  1706 D PackageManager: updatedPkg = PackageSetting{48c4e9c com.instagram.android/10297}
04-12 20:39:33.866177  1706  1706 W PackageManager: Relax SCAN_REQUIRE_KNOWN requirement for package com.instagram.android
04-12 20:39:33.868290  1706  1904 V Configuration: Updating configuration, locales updated from [] to [zh_CN_#Hans]
04-12 20:39:33.868547  1706  1904 W PackageParsing: Unknown element under <manifest>: uses-sdk at /data/app/~~_tqMN1KFMByvi1_SQQO-JA==/com.google.android.gm-Nn902-iFC1fptXZ1zHZfTA==/base.apk Binary XML file line #0
04-12 20:39:33.868719  1706  1904 V Configuration: Updating configuration, locales updated from [] to [zh_CN_#Hans]
04-12 20:39:33.868878  1706  1904 W PackageParsing: Unknown element under <manifest>: uses-sdk at /data/app/~~_tqMN1KFMByvi1_SQQO-JA==/com.google.android.gm-Nn902-iFC1fptXZ1zHZfTA==/base.apk Binary XML file line #0
04-12 20:39:33.869037  1706  1904 V Configuration: Updating configuration, locales updated from [] to [zh_CN_#Hans]
04-12 20:39:33.869151  1706  1904 W PackageParsing: Unknown element under <manifest>: uses-sdk at /data/app/~~_tqMN1KFMByvi1_SQQO-JA==/com.google.android.gm-Nn902-iFC1fptXZ1zHZfTA==/base.apk Binary XML file line #0
04-12 20:39:33.869891  1706  1901 V Configuration: Updating configuration, locales updated from [] to [zh_CN_#Hans]
04-12 20:39:33.870151  1706  1901 W PackageParsing: Unknown element under <manifest>: uses-sdk at /data/app/~~RRGjuYQOGGx4RdaSI_zjwg==/com.google.android.googlequicksearchbox-n3-5zTnJZoBTvV0jxdhjkQ==/base.apk Binary XML file line #0
04-12 20:39:33.870319  1706  1901 V Configuration: Updating configuration, locales updated from [] to [zh_CN_#Hans]
04-12 20:39:33.870426  1706  1901 W PackageParsing: Unknown element under <manifest>: uses-sdk at /data/app/~~RRGjuYQOGGx4RdaSI_zjwg==/com.google.android.googlequicksearchbox-n3-5zTnJZoBTvV0jxdhjkQ==/base.apk Binary XML file line #9
04-12 20:39:33.870437  1706  1901 W PackageParsing: Unknown element under <manifest>: module at /data/app/~~RRGjuYQOGGx4RdaSI_zjwg==/com.google.android.googlequicksearchbox-n3-5zTnJZoBTvV0jxdhjkQ==/base.apk Binary XML file line #11
04-12 20:39:33.873125  1706  1706 W PackageManager: Skipping provider name com.instagram.android.androidx-startup (in package com.instagram.android): name already used by com.instagram.android
04-12 20:39:33.874262  1706  1903 V Configuration: Updating configuration, locales updated from [] to [zh_CN_#Hans]
04-12 20:39:33.875225  1706  1706 D PackageManager: updatedPkg = PackageSetting{45a37fa com.google.android.gm/10246}
04-12 20:39:33.875417  1706  1706 W PackageManager: Relax SCAN_REQUIRE_KNOWN requirement for package com.google.android.gm
