----- timezone:Asia/Shanghai
04-12 20:40:47.694153  1688  4450 I dvm_lock_sample: [system_server,1,binder:1688_1C,20,ContentProviderHelper.java,207,android.app.ContentProviderHolder com.android.server.am.ContentProviderHelper.getContentProviderImpl(android.app.IApplicationThread, java.lang.String, android.os.IBinder, int, java.lang.String, java.lang.String, boolean, int),,0,null,4]
04-12 20:40:47.756484  1688  3032 I am_uid_running: 10173
04-12 20:40:47.777847  1688  1871 I am_proc_start: [0,5890,10173,com.android.settings.intelligence,content provider,{com.android.settings.intelligence/com.transsion.settings.intelligence.init.InitContentProvider},caller=com.android.settings/1000]
04-12 20:40:47.780095  4390  4390 I viewroot_draw_event: [VRI[SmartPanel_handleView],Not drawing due to not visible. Reason=View.GONE]
04-12 20:40:47.808803  1688  3321 I am_proc_bound: [0,5890,com.android.settings.intelligence]
04-12 20:40:47.818831  1688  4406 I am_uid_active: 10221
04-12 20:40:47.824109  1688  1991 I dvm_lock_sample: [system_server,1,appscheduling.default,19,JobSchedulerService.java,3501,void com.android.server.job.JobSchedulerService$JobHandler.handleMessage(android.os.Message),QuotaController.java,2289,boolean com.android.server.job.controllers.QuotaController$Timer.isActive(),3]
04-12 20:40:47.916083  1688  2926 I service_manager_stats: [100,8,6550]
04-12 20:40:47.937699  1688  2002 I commit_sys_config_file: [settings-2-0,3]
04-12 20:40:47.946727  1688  1870 I am_wtf  : [0,1688,system_server,-1,ActivityManager,Sending non-protected broadcast android.intent.action.UPDATE_CT_LOGS from system uid 1000 pkg android]
04-12 20:40:47.960553  1688  1870 I am_wtf  : [0,1688,system_server,-1,ActivityManager,Sending non-protected broadcast com.transsion.location.action.TRAVEL_MODE_STATISTICS from system uid 1000 pkg android]
04-12 20:40:48.004304  1688  4406 I am_proc_start: [0,5934,1000,com.transsion.tabe,service,{com.transsion.tabe/com.transsion.tabe.services.TabeMainService},caller=system/1000]
04-12 20:40:48.005588  1688  4406 I am_proc_bound: [0,5934,com.transsion.tabe]
04-12 20:40:48.016534  1688  4258 I dvm_lock_sample: [system_server,1,binder:1688_14,31,AlarmManagerService.java,3025,void com.android.server.alarm.AlarmManagerService$4.remove(android.app.PendingIntent, android.app.IAlarmListener),-,4770,void com.android.server.alarm.AlarmManagerService$AlarmThread.run(),6]
04-12 20:40:48.016893  1688  1955 I dvm_lock_sample: [system_server,1,binder:1688_5,106,AlarmManagerService.java,3025,void com.android.server.alarm.AlarmManagerService$4.remove(android.app.PendingIntent, android.app.IAlarmListener),-,4770,void com.android.server.alarm.AlarmManagerService$AlarmThread.run(),21]
04-12 20:40:48.019649  1688  4294 I am_uid_active: 10173
04-12 20:40:48.054624  1688  4450 I dvm_lock_sample: [system_server,0,binder:1688_1C,12,ActivityManagerService.java,15340,void com.android.server.am.ActivityManagerService.serviceDoneExecuting(android.os.IBinder, int, int, int, android.content.Intent),,0,null,2]
04-12 20:40:48.063521  1688  2140 I netstats_mobile_sample: [0,0,0,0,0,0,0,0,1775997648982]
04-12 20:40:48.063592  1688  2140 I netstats_wifi_sample: [112954,36307,220,248,110797,35838,203,244,1775997648982]
04-12 20:40:48.101200  1688  1871 I am_proc_start: [0,5960,1000,com.transsion.succ,service,{com.transsion.succ/com.transsion.succ.services.SuccMainService},caller=system/1000]
04-12 20:40:48.114710  1688  4793 I am_proc_bound: [0,5960,com.transsion.succ]
04-12 20:40:48.128000  5934  5934 I auditd  : type=1400 audit(0.0:657): avc:  denied  { map } for  comm=".transsion.tabe" path="/dev/__properties__/u:object_r:vendor_irtx_prop:s0" dev="tmpfs" ino=614 scontext=u:r:system_app:s0 tcontext=u:object_r:vendor_irtx_prop:s0 tclass=file permissive=0
04-12 20:40:48.128000  5960  5960 I auditd  : type=1400 audit(0.0:658): avc:  denied  { read write } for  comm="re-initialized>" name="ensignal" dev="tmpfs" ino=2080 scontext=u:r:system_app:s0 tcontext=u:object_r:ensignal_device:s0 tclass=chr_file permissive=0
04-12 20:40:48.128000  5934  5934 I auditd  : type=1400 audit(0.0:659): avc:  denied  { read } for  comm=".transsion.tabe" name="u:object_r:qemu_hw_prop:s0" dev="tmpfs" ino=396 scontext=u:r:system_app:s0 tcontext=u:object_r:qemu_hw_prop:s0 tclass=file permissive=0
04-12 20:40:48.136995  1688  1688 I dvm_lock_sample: [system_server,1,main,23,ContentProviderHelper.java,207,android.app.ContentProviderHolder com.android.server.am.ContentProviderHelper.getContentProviderImpl(android.app.IApplicationThread, java.lang.String, android.os.IBinder, int, java.lang.String, java.lang.String, boolean, int),ActivityManagerService.java,15284,int com.android.server.am.ActivityManagerService.bindServiceInstance(android.app.IApplicationThread, android.os.IBinder, android.content.Intent, java.lang.String, android.app.IServiceConnection, long, java.lang.String, boolean, int, java.lang.String, android.app.IApplicationThread, java.lang.String, int),4]
04-12 20:40:48.154791  1688  1821 I commit_sys_config_file: [notification-policy,18]
04-12 20:40:48.177813  5960  5960 I service_manager_slow: [10,particular_feature]
04-12 20:40:48.208000  5960  5960 I auditd  : type=1400 audit(0.0:660): avc:  denied  { map } for  comm=".transsion.succ" path="/dev/__properties__/u:object_r:vendor_irtx_prop:s0" dev="tmpfs" ino=614 scontext=u:r:system_app:s0 tcontext=u:object_r:vendor_irtx_prop:s0 tclass=file permissive=0
04-12 20:40:48.208000  5960  5960 I auditd  : type=1400 audit(0.0:661): avc:  denied  { read } for  comm=".transsion.succ" name="u:object_r:qemu_hw_prop:s0" dev="tmpfs" ino=396 scontext=u:r:system_app:s0 tcontext=u:object_r:qemu_hw_prop:s0 tclass=file permissive=0
04-12 20:40:48.218053  1688  1870 I am_uid_running: 10109
04-12 20:40:48.222511  1688  1954 I dvm_lock_sample: [system_server,1,binder:1688_4,6,ActivityManagerService.java,15319,void com.android.server.am.ActivityManagerService.publishService(android.os.IBinder, android.content.Intent, android.os.IBinder),,0,null,1]
04-12 20:40:48.285238  1688  4286 I am_proc_start: [0,6010,10109,com.android.imsserviceentitlement,broadcast,{com.android.imsserviceentitlement/com.android.imsserviceentitlement.ImsEntitlementReceiver},caller=com.android.phone/1001,action = android.telephony.action.CARRIER_CONFIG_CHANGED]
04-12 20:40:48.287477  1688  4286 I am_proc_bound: [0,6010,com.android.imsserviceentitlement]
04-12 20:40:48.323665  1688  2926 I am_uid_active: 10274
04-12 20:40:48.338707  1688  1871 I am_proc_start: [0,6034,10232,com.google.android.gms.unstable,service,{com.google.android.gms/com.google.android.gms.droidguard.DroidGuardService},caller=com.google.android.gms/10232]
04-12 20:40:48.353800  1688  1954 I am_proc_bound: [0,6034,com.google.android.gms.unstable]
04-12 20:40:48.384293  1688  4793 I dvm_lock_sample: [system_server,1,binder:1688_1F,16,BroadcastController.java,532,android.content.Intent com.android.server.am.BroadcastController.registerReceiverWithFeatureTraced(android.app.IApplicationThread, java.lang.String, java.lang.String, java.lang.String, android.content.IIntentReceiver, android.content.IntentFilter, java.lang.String, int, int),,0,null,3]
04-12 20:40:48.394995  1688  4294 I pm_critical_info: setEnabledSettings callingUid = 10221 callingPid = 5850 packageName = com.android.vending componentName = null callingPackage= com.google.android.partnersetup newState = 1 userId = 0 flags = 1
04-12 20:40:48.397182  1688  4450 I pm_critical_info: setEnabledSettings callingUid = 10221 callingPid = 5850 packageName = com.google.android.apps.maps componentName = null callingPackage= com.google.android.partnersetup newState = 1 userId = 0 flags = 1
04-12 20:40:48.400628  1688  4793 I pm_critical_info: setEnabledSettings callingUid = 10221 callingPid = 5850 packageName = com.google.android.videos componentName = null callingPackage= com.google.android.partnersetup newState = 2 userId = 0 flags = 0
04-12 20:40:48.403411  1688  1801 I pm_critical_info: setEnabledSettings callingUid = 10221 callingPid = 5850 packageName = com.google.android.youtube componentName = null callingPackage= com.google.android.partnersetup newState = 1 userId = 0 flags = 1
04-12 20:40:48.465936  1688  4294 I dvm_lock_sample: [system_server,1,binder:1688_17,21,ActivityManagerService.java,15283,int com.android.server.am.ActivityManagerService.bindServiceInstance(android.app.IApplicationThread, android.os.IBinder, android.content.Intent, java.lang.String, android.app.IServiceConnection, long, java.lang.String, boolean, int, java.lang.String, android.app.IApplicationThread, java.lang.String, int),,0,null,4]
04-12 20:40:48.480380  1688  4294 I am_uid_active: 10109
04-12 20:40:48.490765  2369  5696 I dvm_lock_sample: [com.google.android.gms.persisten,0,highpool[17],10,Parcel.java,5304,android.os.Parcelable$Creator android.os.Parcel.readParcelableCreatorInternal(java.lang.ClassLoader, java.lang.Class),-,5314,android.os.Parcelable$Creator android.os.Parcel.readParcelableCreatorInternal(java.lang.ClassLoader, java.lang.Class),2]
04-12 20:40:48.499307  1688  1871 I am_proc_start: [0,6098,1000,com.transsion.statisticalsales,broadcast,{com.transsion.statisticalsales/com.transsion.statisticalsales.receiver.SimReceiver},caller=com.android.phone/1001,action = android.telephony.action.SIM_CARD_STATE_CHANGED]
04-12 20:40:48.510620  3867  5845 I gms_unknown: 47122
04-12 20:40:48.517922  1688  1801 I am_proc_bound: [0,6098,com.transsion.statisticalsales]
04-12 20:40:48.622985  1688  2224 I sync    : [com.google.android.gms.chromesync,0,3,-1543423057]
04-12 20:40:48.655816  1688  2224 I sync    : [com.google.android.gms.chromesync,1,3,-1543423057]
04-12 20:40:48.663936  1688  1821 I commit_sys_config_file: [jobs,1]
04-12 20:40:48.665005  1688  1821 I commit_sys_config_file: [jobs,1]
04-12 20:40:48.739285  1688  1801 I am_proc_died: [0,6098,com.transsion.statisticalsales,0,11]
04-12 20:40:48.759261  1688  1871 I am_proc_start: [0,6193,1000,com.transsion.statisticalsales,broadcast,{com.transsion.statisticalsales/com.transsion.statisticalsales.receiver.SimReceiver},caller=com.android.phone/1001,action = android.telephony.action.SIM_CARD_STATE_CHANGED]
04-12 20:40:48.792460  1688  2282 I am_proc_bound: [0,6193,com.transsion.statisticalsales]
04-12 20:40:48.797651  4914  6163 I dvm_lock_sample: [com.google.android.googlequickse,0,Measurement Worker,20,MessageQueue.java,1804,void android.os.MessageQueue.removeMessagesLegacy(android.os.Handler, java.lang.Runnable, java.lang.Object),-,1391,boolean android.os.MessageQueue.enqueueMessageLegacy(android.os.Message, long),4]
04-12 20:40:48.807842  1688  2926 I dvm_lock_sample: [system_server,1,binder:1688_F,13,ActivityManagerService.java,15048,android.content.ComponentName com.android.server.am.ActivityManagerService.startService(android.app.IApplicationThread, android.content.Intent, java.lang.String, boolean, java.lang.String, java.lang.String, int, boolean, int, java.lang.String, java.lang.String),,0,null,2]
04-12 20:40:48.883099  1688  1871 I am_proc_start: [0,3886,1000,com.transsion.overlaysuw,broadcast,{com.transsion.overlaysuw/com.transsion.overlaysuw.OtaUpdateReceiver},action = android.intent.action.LOCKED_BOOT_COMPLETED]
04-12 20:40:48.908377  1688  2926 I am_proc_bound: [0,3886,com.transsion.overlaysuw]
04-12 20:40:48.965810  1688  1955 I am_proc_died: [0,6193,com.transsion.statisticalsales,0,11]
04-12 20:40:48.976096  1688  1955 I am_uid_idle: 10160
04-12 20:40:49.016435  1688  1870 I am_uid_running: 10178
04-12 20:40:49.031129  1688  1871 I am_proc_start: [0,5194,10178,com.transsion.deskclock,broadcast,{com.transsion.deskclock/com.transsion.deskclock.AlarmInitReceiver},action = android.intent.action.LOCKED_BOOT_COMPLETED]
04-12 20:40:49.044428  1688  2926 I am_proc_bound: [0,5194,com.transsion.deskclock]
04-12 20:40:49.078609  1688  2224 I sync    : [com.google.android.location.reporting,1,0,-1543423057]
04-12 20:40:49.086514  1688  1870 I am_uid_active: 10194
04-12 20:40:49.090269  1688  1821 I commit_sys_config_file: [notification-policy,3]
04-12 20:40:49.137857  1688  4450 I pm_critical_info: setEnabledSettings callingUid = 10232 callingPid = 3867 packageName = com.google.android.gms.supervision componentName = null callingPackage= com.google.android.gms newState = 2 userId = 0 flags = 0
04-12 20:40:49.158197  1688  2002 I commit_sys_config_file: [settings-1-0,2]
04-12 20:40:49.241647  1688  1954 I dvm_lock_sample: [system_server,1,binder:1688_4,17,ContentProviderHelper.java,207,android.app.ContentProviderHolder com.android.server.am.ContentProviderHelper.getContentProviderImpl(android.app.IApplicationThread, java.lang.String, android.os.IBinder, int, java.lang.String, java.lang.String, boolean, int),,0,null,3]
04-12 20:40:49.261150  1688  4406 I am_uid_active: 10178
04-12 20:40:49.276591  1688  1820 I dvm_lock_sample: [system_server,1,android.ui,13,ActivityManagerService.java,17319,void com.android.server.am.ActivityManagerService.pushTempAllowlist(),,0,null,2]
04-12 20:40:49.280984  1688  2164 I notification_enqueue: [10233,4914,com.google.android.googlequicksearchbox,0,-1543423057::SUMMARY::ct,0,Notification(channel=74 shortcut=null contentView=null vibrate=null sound=null defaults=0 flags=GROUP_SUMMARY color=0x00000000 groupKey=-1543423057::SUMMARY::ct vis=PRIVATE publicVersion=Notification(channel=null shortcut=null contentView=null vibrate=null sound=null defaults=0 flags=0 color=0x00000000 vis=PRIVATE)),0,1]
04-12 20:40:49.281094  1688  4406 I dvm_lock_sample: [system_server,1,binder:1688_1A,10,ActivityManagerService.java,15319,void com.android.server.am.ActivityManagerService.publishService(android.os.IBinder, android.content.Intent, android.os.IBinder),,0,null,2]
04-12 20:40:49.329382  1688  1870 I am_uid_running: 10230
04-12 20:40:49.334179  1688  1871 I am_proc_start: [0,5200,10230,com.google.android.apps.wellbeing,broadcast,{com.google.android.apps.wellbeing/com.google.android.apps.wellbeing.common.receiver.coalescedreceivers.LockedBootCompletedCoalescedBroadcast_Receiver},action = android.intent.action.LOCKED_BOOT_COMPLETED]
04-12 20:40:49.364124  1688  2164 I notification_enqueue: [10233,4914,com.google.android.googlequicksearchbox,0,-1543423057::a:snotification:[0x34ebef72c09aa412,stories.f,NOTIFICATION],0,Notification(channel=74 shortcut=null contentView=null vibrate=null sound=null defaults=0 flags=ONLY_ALERT_ONCE color=0x00000000 groupKey=-1543423057::SUMMARY::ct actions=2 vis=PRIVATE),0,1]
04-12 20:40:49.374162  1688  4793 I am_proc_bound: [0,5200,com.google.android.apps.wellbeing]
04-12 20:40:49.379385  1688  1870 I am_wtf  : [0,1688,system_server,-1,JobScheduler.JobStatus,App com.transsion.deskclock became active but still in NEVER bucket]
04-12 20:40:49.380000  5200  5200 I auditd  : type=1400 audit(0.0:687): avc:  denied  { read write } for  comm="re-initialized>" name="ensignal" dev="tmpfs" ino=2080 scontext=u:r:priv_app:s0:c512,c768 tcontext=u:object_r:ensignal_device:s0 tclass=chr_file permissive=0 app=com.google.android.apps.wellbeing
04-12 20:40:49.380000  5200  5200 I auditd  : type=1400 audit(0.0:688): avc:  denied  { read write } for  comm="re-initialized>" name="ensignal" dev="tmpfs" ino=2080 scontext=u:r:priv_app:s0:c512,c768 tcontext=u:object_r:ensignal_device:s0 tclass=chr_file permissive=0 app=com.google.android.apps.wellbeing
04-12 20:40:49.403240  1688  2729 I am_uid_running: 10256
04-12 20:40:49.462076  1688  1955 I am_proc_start: [0,6412,10256,com.rlk.weathers,service,{com.rlk.weathers/com.transsion.apiinvoke.ipc.connect.CommonRouterApiService},caller=com.transsion.kolun.aiservice/1000]
04-12 20:40:49.465686  1688  1955 I am_proc_bound: [0,6412,com.rlk.weathers]
04-12 20:40:49.472000  6412  6412 I auditd  : type=1400 audit(0.0:689): avc:  denied  { read write } for  comm="re-initialized>" name="ensignal" dev="tmpfs" ino=2080 scontext=u:r:untrusted_app:s0:c0,c257,c512,c768 tcontext=u:object_r:ensignal_device:s0 tclass=chr_file permissive=0 app=com.rlk.weathers
04-12 20:40:49.472000  6412  6412 I auditd  : type=1400 audit(0.0:690): avc:  denied  { read write } for  comm="re-initialized>" name="ensignal" dev="tmpfs" ino=2080 scontext=u:r:untrusted_app:s0:c0,c257,c512,c768 tcontext=u:object_r:ensignal_device:s0 tclass=chr_file permissive=0 app=com.rlk.weathers
04-12 20:40:49.476000  6412  6412 I auditd  : type=1400 audit(0.0:691): avc:  denied  { search } for  comm="binder:6412_2" name="/" dev="sdc87" ino=2 scontext=u:r:untrusted_app:s0:c0,c257,c512,c768 tcontext=u:object_r:tranfs_file:s0 tclass=dir permissive=0 app=com.rlk.weathers
04-12 20:40:49.482994  1688  2164 I sysui_multi_action: [757,199,758,1,759,16,793,229,794,0,795,229,796,0,797,-1543423057::SUMMARY::ct,806,com.google.android.googlequicksearchbox,857,74,858,2,946,-1543423057::SUMMARY::ct,947,1,1500,229,1688,1]
04-12 20:40:49.483033  1688  2164 I notification_alert: [0|com.google.android.googlequicksearchbox|0|-1543423057::SUMMARY::ct|10233,0,0,0,2,0]
04-12 20:40:49.521681  1688  3032 I am_uid_active: 10230
04-12 20:40:49.522908  1688  1870 I am_uid_running: 10102
04-12 20:40:49.540148  1688  2002 I commit_sys_config_file: [settings-0-0,1]
04-12 20:40:49.562371  1688  1821 I commit_sys_config_file: [notification-policy,22]
04-12 20:40:49.569449  1688  1871 I am_proc_start: [0,6377,10102,com.android.traceur,broadcast,{com.android.traceur/com.android.traceur.Receiver},action = android.intent.action.BOOT_COMPLETED]
04-12 20:40:49.571556  1688  2282 I am_proc_bound: [0,6377,com.android.traceur]
04-12 20:40:49.571573  1688  2164 I sysui_multi_action: [757,1501,758,1,793,240,794,0,795,240,796,0,797,-1543423057::a:snotification:[0x34ebef72c09aa412,stories.f,NOTIFICATION],806,com.google.android.googlequicksearchbox,857,74,858,2,946,-1543423057::SUMMARY::ct,947,0,1500,0,1688,1,1745,680407814]
04-12 20:40:49.571596  1688  2164 I sysui_multi_action: [757,804,799,note_interruptive,801,0,802,1]
04-12 20:40:49.573160  1688  2164 I sysui_multi_action: [757,199,758,1,759,16,793,243,794,0,795,243,796,0,797,-1543423057::a:snotification:[0x34ebef72c09aa412,stories.f,NOTIFICATION],806,com.google.android.googlequicksearchbox,857,74,858,2,946,-1543423057::SUMMARY::ct,947,0,1500,3,1688,1,1745,680407814]
04-12 20:40:49.573476  1688  2164 I notification_alert: [0|com.google.android.googlequicksearchbox|0|-1543423057::a:snotification:[0x34ebef72c09aa412,stories.f,NOTIFICATION]|10233,0,0,0,2,0]
04-12 20:40:49.578616  1688  1955 I am_uid_running: 10281
04-12 20:40:49.597806  1688  1870 I am_uid_active: 10256
04-12 20:40:49.644274  1688  1871 I am_proc_start: [0,6480,10281,com.google.android.rkpdapp,service,{com.google.android.rkpdapp/com.android.rkpdapp.service.RemoteProvisioningService},caller=system/1000]
04-12 20:40:49.662171  1688  2282 I dvm_lock_sample: [system_server,1,binder:1688_8,37,ActivityManagerService.java,15283,int com.android.server.am.ActivityManagerService.bindServiceInstance(android.app.IApplicationThread, android.os.IBinder, android.content.Intent, java.lang.String, android.app.IServiceConnection, long, java.lang.String, boolean, int, java.lang.String, android.app.IApplicationThread, java.lang.String, int),,0,null,7]
04-12 20:40:49.673276  1688  2926 I am_proc_bound: [0,6480,com.google.android.rkpdapp]
04-12 20:40:49.705732  1688  2002 I commit_sys_config_file: [settings-1-0,10]
04-12 20:40:49.729096  1688  4294 I am_uid_active: 10102
04-12 20:40:49.733124  1688  4793 I dvm_lock_sample: [system_server,1,binder:1688_1F,5,BroadcastController.java,532,android.content.Intent com.android.server.am.BroadcastController.registerReceiverWithFeatureTraced(android.app.IApplicationThread, java.lang.String, java.lang.String, java.lang.String, android.content.IIntentReceiver, android.content.IntentFilter, java.lang.String, int, int),,0,null,1]
04-12 20:40:49.806177  1688  1871 I am_proc_start: [0,6456,1000,com.autotest.factory_reset_stress,broadcast,{com.autotest.factory_reset_stress/com.autotest.factory_reset_stress.MainReceiver},action = android.intent.action.BOOT_COMPLETED]
04-12 20:40:49.817950  1688  4793 I am_proc_bound: [0,6456,com.autotest.factory_reset_stress]
04-12 20:40:49.828827  1688  1801 I am_uid_active: 10281
04-12 20:40:49.913579  1688  1870 I am_uid_running: 10220
04-12 20:40:49.934731  1688  1871 I am_proc_start: [0,6552,10220,com.google.android.onetimeinitializer,broadcast,{com.google.android.onetimeinitializer/com.google.android.onetimeinitializer.OneTimeInitializerReceiver},action = android.intent.action.BOOT_COMPLETED]
04-12 20:40:49.935536  2369  4888 I dvm_lock_sample: [com.google.android.gms.persisten,0,lowpool[6],119,:com.google.android.gms@261233035@26.12.33 (260400-892550550),11,int faie.b(faeu),-,25,void faie.h(int),23]
04-12 20:40:49.957164  1688  4406 I dvm_lock_sample: [system_server,1,binder:1688_1A,13,ActivityManagerService.java,15283,int com.android.server.am.ActivityManagerService.bindServiceInstance(android.app.IApplicationThread, android.os.IBinder, android.content.Intent, java.lang.String, android.app.IServiceConnection, long, java.lang.String, boolean, int, java.lang.String, android.app.IApplicationThread, java.lang.String, int),,0,null,2]
04-12 20:40:49.974090  1688  4406 I am_uid_running: 99000
04-12 20:40:49.983086  1688  1870 I am_wtf  : [0,1688,system_server,-1,JobScheduler.JobStatus,App com.google.android.apps.wellbeing became active but still in NEVER bucket]
04-12 20:40:49.993720  1688  1870 I am_wtf  : [0,1688,system_server,-1,JobScheduler.JobStatus,App com.google.android.apps.wellbeing became active but still in NEVER bucket]
04-12 20:40:49.998465  1688  1801 I am_proc_bound: [0,6552,com.google.android.onetimeinitializer]
04-12 20:40:50.012685  1688  1870 I am_wtf  : [0,1688,system_server,-1,JobScheduler.JobStatus,App com.google.android.apps.wellbeing became active but still in NEVER bucket]
04-12 20:40:50.015712  1688  1870 I am_wtf  : [0,1688,system_server,-1,JobScheduler.JobStatus,App com.google.android.apps.wellbeing became active but still in NEVER bucket]
04-12 20:40:50.018709  1688  1871 I am_proc_start: [0,6637,99000,com.google.android.webview:sandboxed_process0:org.chromium.content.app.SandboxedProcessService0:0,,{com.google.android.googlequicksearchbox/org.chromium.content.app.SandboxedProcessService0:0}]
04-12 20:40:50.023102  1688  1870 I am_wtf  : [0,1688,system_server,-1,JobScheduler.JobStatus,App com.google.android.apps.wellbeing became active but still in NEVER bucket]
04-12 20:40:50.038057  1688  4294 I am_proc_bound: [0,6637,com.google.android.webview:sandboxed_process0:org.chromium.content.app.SandboxedProcessService0:0]
04-12 20:40:50.059218  6034  6208 I dvm_lock_sample: [com.google.android.gms.unstable,1,binder:6034_4,114,:com.google.android.gms@261233035@26.12.33 (260400-892550550),25,org.chromium.net.ExperimentalCronetEngine com.google.android.gms.common.app.BaseApplicationContext.getRealCronetEngine(),-,64,org.chromium.net.ExperimentalCronetEngine com.google.android.gms.common.app.BaseApplicationContext.getRealCronetEngine(),22]
04-12 20:40:50.059723  1688  2224 I sync    : [com.google.android.gms.reminders,0,0,-1543423057]
04-12 20:40:50.083669  1688  3321 I am_uid_active: 10220
04-12 20:40:50.087620  1688  1870 I am_uid_running: 10133
04-12 20:40:50.096178  1688  1871 I am_proc_start: [0,6615,10133,com.scorpio.securitycom,broadcast,{com.scorpio.securitycom/com.scorpio.receive.StaticReceiver},action = android.intent.action.BOOT_COMPLETED]
04-12 20:40:50.124873  1688  4258 I am_proc_bound: [0,6615,com.scorpio.securitycom]
04-12 20:40:50.156990  2369  5515 I dvm_lock_sample: [com.google.android.gms.persisten,0,highpool[5],36,:com.google.android.gms@261233035@26.12.33 (260400-892550550),3,void birn.execute(java.lang.Runnable),-,12,void birn.execute(java.lang.Runnable),7]
04-12 20:40:50.165988  1688  2224 I sync    : [com.google.android.gms.reminders,1,0,-1543423057]
04-12 20:40:50.209269  1688  2164 I notification_enqueue: [10232,2369,com.google.android.gms,1000,a:GMSCORE_STORE_RENDERER:11be35c183260000:107718207925398475592,0,Notification(channel=com.google.android.gms.notifications::SECURITY_ALERTS shortcut=null contentView=null vibrate=null sound=null tick defaults=0 flags=LOCAL_ONLY color=0x00000000 actions=1 vis=PRIVATE publicVersion=Notification(channel=null shortcut=null contentView=null vibrate=null sound=null defaults=0 flags=0 color=0x00000000 vis=PRIVATE)),0,1]
04-12 20:40:50.210092  1688  1870 I am_wtf  : [0,1688,system_server,-1,JobScheduler.JobStatus,App com.google.android.apps.wellbeing became active but still in NEVER bucket]
04-12 20:40:50.219738  3867  4975 I gms_unknown: [5,0,0]
04-12 20:40:50.225830  3867  4975 I gms_unknown: [CheckinTask:SentRequest,31033]
04-12 20:40:50.275877  1688  4454 I am_uid_active: 10133
04-12 20:40:50.278507  1688  1870 I am_uid_running: 10111
04-12 20:40:50.290321  1688  1871 I am_proc_start: [0,6686,10111,com.transsion.dualapp,broadcast,{com.transsion.dualapp/com.transsion.dualapp.BootReceiver},action = android.intent.action.BOOT_COMPLETED]
04-12 20:40:50.356579  1688  2733 I am_proc_bound: [0,6686,com.transsion.dualapp]
04-12 20:40:50.360933  1688  1821 I commit_sys_config_file: [notification-policy,2]
04-12 20:40:50.375491  1688  3322 I am_uid_running: 10255
04-12 20:40:50.392386  1688  1871 I am_proc_start: [0,6786,10255,com.google.android.webview:webview_service,service,{com.google.android.webview/org.chromium.android_webview.services.ComponentsProviderService},caller=com.google.android.googlequicksearchbox:googleapp/10233]
04-12 20:40:50.411327  1688  1801 I am_proc_bound: [0,6786,com.google.android.webview:webview_service]
04-12 20:40:50.411613  1688  2164 I sysui_multi_action: [757,1501,758,1,793,224,794,0,795,224,796,1000,797,a:GMSCORE_STORE_RENDERER:11be35c183260000:107718207925398475592,806,com.google.android.gms,857,com.google.android.gms.noti-9e60d696,858,3,947,0,1500,0,1688,1,1745,2098068913]
04-12 20:40:50.411627  1688  2164 I sysui_multi_action: [757,804,799,note_interruptive,801,0,802,1]
04-12 20:40:50.412003  1688  2164 I sysui_multi_action: [757,199,758,1,759,32784,793,224,794,0,795,224,796,1000,797,a:GMSCORE_STORE_RENDERER:11be35c183260000:107718207925398475592,806,com.google.android.gms,857,com.google.android.gms.noti-9e60d696,858,3,947,0,1500,0,1688,1,1745,2098068913]
04-12 20:40:50.412016  1688  2164 I notification_alert: [0|com.google.android.gms|1000|a:GMSCORE_STORE_RENDERER:11be35c183260000:107718207925398475592|10232,0,0,0,2,32768]
04-12 20:40:50.420000  6786  6786 I auditd  : type=1400 audit(0.0:714): avc:  denied  { search } for  comm="binder:6786_2" name="/" dev="sdc87" ino=2 scontext=u:r:untrusted_app:s0:c255,c256,c512,c768 tcontext=u:object_r:tranfs_file:s0 tclass=dir permissive=0 app=com.google.android.webview
04-12 20:40:50.452056  1688  3321 I am_uid_running: 10264
04-12 20:40:50.538023  1688  4294 I am_proc_died: [0,6456,com.autotest.factory_reset_stress,905,19]
04-12 20:40:50.546795  1688  1871 I am_proc_start: [0,6822,10264,com.google.android.adservices.api,service,{com.google.android.adservices.api/com.android.adservices.measurement.MeasurementService},caller=com.google.android.googlequicksearchbox:googleapp/10233]
04-12 20:40:50.557155  1688  1954 I dvm_lock_sample: [system_server,1,binder:1688_4,94,ActivityManagerService.java,15319,void com.android.server.am.ActivityManagerService.publishService(android.os.IBinder, android.content.Intent, android.os.IBinder),,0,null,18]
04-12 20:40:50.560450  1688  2733 I am_proc_bound: [0,6822,com.google.android.adservices.api]
04-12 20:40:50.568000  6822  6822 I auditd  : type=1400 audit(0.0:715): avc:  denied  { read write } for  comm="re-initialized>" name="ensignal" dev="tmpfs" ino=2080 scontext=u:r:priv_app:s0:c512,c768 tcontext=u:object_r:ensignal_device:s0 tclass=chr_file permissive=0 app=com.google.android.adservices.api
04-12 20:40:50.568000  6822  6822 I auditd  : type=1400 audit(0.0:716): avc:  denied  { read write } for  comm="re-initialized>" name="ensignal" dev="tmpfs" ino=2080 scontext=u:r:priv_app:s0:c512,c768 tcontext=u:object_r:ensignal_device:s0 tclass=chr_file permissive=0 app=com.google.android.adservices.api
04-12 20:40:50.577971  1688  1870 I dvm_lock_sample: [system_server,1,ActivityManager,48,BroadcastQueueImpl.java,493,void com.android.server.am.BroadcastQueueImpl.updateRunningList(),,0,null,9]
04-12 20:40:50.581945  1688  1870 I am_wtf  : [0,1688,system_server,-1,JobScheduler.JobStatus,App com.google.android.apps.wellbeing became active but still in NEVER bucket]
04-12 20:40:50.624513  1688  4406 I dvm_lock_sample: [system_server,1,binder:1688_1A,37,ActivityManagerService.java,15283,int com.android.server.am.ActivityManagerService.bindServiceInstance(android.app.IApplicationThread, android.os.IBinder, android.content.Intent, java.lang.String, android.app.IServiceConnection, long, java.lang.String, boolean, int, java.lang.String, android.app.IApplicationThread, java.lang.String, int),,0,null,7]
04-12 20:40:50.635737  1688  4454 I am_uid_active: 10111
04-12 20:40:50.628000  1098  1098 I auditd  : type=1400 audit(0.0:717): avc:  denied  { getattr } for  comm="vendor.mediatek" path="/proc/2698" dev="proc" ino=42949 scontext=u:r:mtk_hal_power:s0 tcontext=u:r:platform_app:s0:c512,c768 tclass=dir permissive=0
04-12 20:40:50.628000  1098  1098 I auditd  : type=1400 audit(0.0:718): avc:  denied  { search } for  comm="vendor.mediatek" name="2698" dev="proc" ino=42949 scontext=u:r:mtk_hal_power:s0 tcontext=u:r:platform_app:s0:c512,c768 tclass=dir permissive=0
04-12 20:40:50.662608  1688  4406 I dvm_lock_sample: [system_server,0,binder:1688_1A,15,ActivityManagerService.java,15305,boolean com.android.server.am.ActivityManagerService.unbindService(android.app.IServiceConnection),,0,null,3]
04-12 20:40:50.671432  1688  1871 I am_proc_start: [0,6747,1000,com.transsion.tranfacmode,broadcast,{com.transsion.tranfacmode/com.transsion.tranfacmode.receiver.boot.BootReceiver},action = android.intent.action.BOOT_COMPLETED]
04-12 20:40:50.676778  1688  2002 I commit_sys_config_file: [settings-0-0,7]
04-12 20:40:50.707880  1688  1801 I am_proc_bound: [0,6747,com.transsion.tranfacmode]
04-12 20:40:50.815411  2369  5696 I dvm_lock_sample: [com.google.android.gms.persisten,1,highpool[17],44,:com.google.android.gms@261233035@26.12.33 (260400-892550550),3,void birn.execute(java.lang.Runnable),-,12,void birn.execute(java.lang.Runnable),8]
04-12 20:40:50.831032  2698  2939 I jank_cuj_events_end_request: [14,1775997650830879000,31638192309,31638192309]
04-12 20:40:50.994216  1688  2277 I thermal_changed: [SKIN,3,40.063999,1,0]
04-12 20:40:51.055268  1688  1821 I commit_sys_config_file: [jobs,1]
04-12 20:40:51.071449  3867  4975 I gms_unknown: [CheckinTask:ReceivedResponse,31878]
04-12 20:40:51.076410  1688  2164 I notification_enqueue: [10232,2369,com.google.android.gms,1000,a:GMSCORE_STORE_RENDERER:0b135afdc4360000:107718207925398475592,0,Notification(channel=com.google.android.gms.notifications::SECURITY_ALERTS shortcut=null contentView=null vibrate=null sound=null tick defaults=0 flags=LOCAL_ONLY|SILENT color=0x00000000 actions=1 vis=PRIVATE publicVersion=Notification(channel=null shortcut=null contentView=null vibrate=null sound=null defaults=0 flags=0 color=0x00000000 vis=PRIVATE)),0,1]
04-12 20:40:51.082565  1688  1870 I am_wtf  : [0,1688,system_server,-1,JobScheduler.JobStatus,App com.google.android.apps.wellbeing became active but still in NEVER bucket]
04-12 20:40:51.204549  3867  4975 I gms_unknown: [6,0,0,0,0]
04-12 20:40:51.206556  3867  4975 I gms_unknown: [5,0,0]
04-12 20:40:51.206631  3867  4975 I gms_unknown: 119
04-12 20:40:51.223808  1688  2164 I notification_cancel_all: [1000,1688,com.google.android.gms,0,0,0,20,NULL]
04-12 20:40:51.224667  1688  2164 I notification_cancel_all: [1000,1688,com.google.android.gms,0,0,0,20,NULL]
04-12 20:40:51.225410  3867  4975 I gms_unknown: 24
04-12 20:40:51.225459  3867  4975 I gms_unknown: [CheckinTask:duration,2682]
04-12 20:40:51.230854  1688  2164 I notification_cancel_all: [1000,1688,com.google.android.gms,0,0,0,20,NULL]
04-12 20:40:51.231080  1688  1821 I commit_sys_config_file: [notification-policy,2]
04-12 20:40:51.233147  1688  1816 I am_uid_running: 10144
04-12 20:40:51.248985  1688  2164 I notification_cancel_all: [1000,1688,com.google.android.gms,0,0,0,20,NULL]
04-12 20:40:51.249030  1688  2164 I notification_cancel_all: [1000,1688,com.google.android.gms,0,0,0,20,NULL]
04-12 20:40:51.251006  1688  1871 I am_proc_start: [0,6965,10144,com.transsion.trancare,service,{com.transsion.trancare/com.transsion.trancare.MainService},caller=system/1000]
04-12 20:40:51.259646  1688  1870 I am_wtf  : [0,1688,system_server,-1,JobScheduler.JobStatus,App com.google.android.apps.wellbeing became active but still in NEVER bucket]
04-12 20:40:51.279121  1688  2164 I sysui_multi_action: [757,1501,758,1,793,219,794,0,795,219,796,1000,797,a:GMSCORE_STORE_RENDERER:0b135afdc4360000:107718207925398475592,806,com.google.android.gms,857,com.google.android.gms.noti-9e60d696,858,3,947,0,1500,0,1688,1,1745,2098068913]
04-12 20:40:51.279176  1688  2164 I sysui_multi_action: [757,804,799,note_interruptive,801,0,802,1]
04-12 20:40:51.284681  1688  4399 I am_proc_bound: [0,6965,com.transsion.trancare]
04-12 20:40:51.292252  1688  2164 I notification_autogrouped: 0|com.google.android.gms|1000|a:GMSCORE_STORE_RENDERER:11be35c183260000:107718207925398475592|10232
04-12 20:40:51.292309  1688  2164 I notification_autogrouped: 0|com.google.android.gms|1000|a:GMSCORE_STORE_RENDERER:0b135afdc4360000:107718207925398475592|10232
04-12 20:40:51.292383  1688  2164 I notification_adjusted: [0|com.google.android.gms|1000|a:GMSCORE_STORE_RENDERER:0b135afdc4360000:107718207925398475592|10232,key_group_key,0|com.google.android.gms|g:Aggregate_AlertingSection]
04-12 20:40:51.292752  1688  2164 I sysui_multi_action: [757,199,758,1,759,2064,793,233,794,0,795,233,796,1000,797,a:GMSCORE_STORE_RENDERER:0b135afdc4360000:107718207925398475592,806,com.google.android.gms,857,com.google.android.gms.noti-9e60d696,858,3,946,0|com.google.android.gms|g:-1d40d8e2,947,0,1500,14,1688,1,1745,2098068913]
04-12 20:40:51.292787  1688  2164 I notification_alert: [0|com.google.android.gms|1000|a:GMSCORE_STORE_RENDERER:0b135afdc4360000:107718207925398475592|10232,0,0,0,2,2048]
04-12 20:40:51.300729  1688  2164 I notification_enqueue: [10232,2369,com.google.android.gms,0,0|com.google.android.gms|g:Aggregate_AlertingSection,0,Notification(channel=com.google.android.gms.notifications::SECURITY_ALERTS shortcut=null contentView=null vibrate=null sound=null defaults=0 flags=LOCAL_ONLY|GROUP_SUMMARY|AUTOGROUP_SUMMARY color=0x00000000 groupKey=0|com.google.android.gms|g:Aggregate_AlertingSection vis=PRIVATE),0,0]
04-12 20:40:51.301981  1688  2162 I notification_adjusted: [0|com.google.android.gms|1000|a:GMSCORE_STORE_RENDERER:11be35c183260000:107718207925398475592|10232,key_group_key,0|com.google.android.gms|g:Aggregate_AlertingSection]
04-12 20:40:51.328024  1688  2905 I dvm_lock_sample: [system_server,0,binder:1688_D,6,ActivityManagerService.java,15340,void com.android.server.am.ActivityManagerService.serviceDoneExecuting(android.os.IBinder, int, int, int, android.content.Intent),,0,null,1]
04-12 20:40:51.340347  1688  2277 I am_crash: [6747,0,com.transsion.tranfacmode,549994053,java.lang.IllegalStateException,A migration from 3 to 2 was required but not found. Please provide the necessary Migration path via RoomDatabase.Builder.addMigration(...) or allow for destructive migrations via one of the RoomDatabase.Builder.fallbackToDestructiveMigration* functions.,NULL,150,0]
04-12 20:40:51.356244  1688  2732 I am_uid_active: 10144
04-12 20:40:51.361356  1688  2905 I pm_critical_info: setEnabledSettings callingUid = 10221 callingPid = 5850 packageName = com.android.vending componentName = null callingPackage= com.google.android.partnersetup newState = 1 userId = 0 flags = 1
04-12 20:40:51.362824  1688  2905 I pm_critical_info: setEnabledSettings callingUid = 10221 callingPid = 5850 packageName = com.google.android.apps.maps componentName = null callingPackage= com.google.android.partnersetup newState = 1 userId = 0 flags = 1
04-12 20:40:51.364404  1688  2729 I pm_critical_info: setEnabledSettings callingUid = 10221 callingPid = 5850 packageName = com.google.android.videos componentName = null callingPackage= com.google.android.partnersetup newState = 2 userId = 0 flags = 0
04-12 20:40:51.369331  1688  4258 I pm_critical_info: setEnabledSettings callingUid = 10221 callingPid = 5850 packageName = com.google.android.youtube componentName = null callingPackage= com.google.android.partnersetup newState = 1 userId = 0 flags = 1
04-12 20:40:51.376938  1688  2277 I sysui_multi_action: [757,316,758,4,759,-1]
04-12 20:40:51.414174  1688  1870 I am_uid_running: 10139
04-12 20:40:51.447467  1688  1870 I am_wtf  : [0,1688,system_server,-1,JobScheduler.JobStatus,App com.google.android.apps.wellbeing became active but still in NEVER bucket]
04-12 20:40:51.455444  1688  2905 I am_proc_died: [0,6747,com.transsion.tranfacmode,0,19]
04-12 20:40:51.456672  1688  1871 I am_proc_start: [0,6893,10139,com.sh.smart.caller,broadcast,{com.sh.smart.caller/com.android.dialer.app.calllog.CallLogReceiver},action = android.intent.action.BOOT_COMPLETED]
04-12 20:40:51.470014  1688  4294 I am_proc_bound: [0,6893,com.sh.smart.caller]
04-12 20:40:51.476000  6893  6893 I auditd  : type=1400 audit(0.0:757): avc:  denied  { read write } for  comm="re-initialized>" name="ensignal" dev="tmpfs" ino=2080 scontext=u:r:priv_app:s0:c512,c768 tcontext=u:object_r:ensignal_device:s0 tclass=chr_file permissive=0 app=com.sh.smart.caller
04-12 20:40:51.476000  6893  6893 I auditd  : type=1400 audit(0.0:758): avc:  denied  { read write } for  comm="re-initialized>" name="ensignal" dev="tmpfs" ino=2080 scontext=u:r:priv_app:s0:c512,c768 tcontext=u:object_r:ensignal_device:s0 tclass=chr_file permissive=0 app=com.sh.smart.caller
04-12 20:40:51.503360  1688  2164 I sysui_multi_action: [757,199,758,1,759,1040,793,215,794,0,795,215,796,0,797,0|com.google.android.gms|g:Aggregate_AlertingSection,806,com.google.android.gms,857,com.google.android.gms.noti-9e60d696,858,3,946,0|com.google.android.gms|g:-1d40d8e2,947,1,1500,215,1688,1]
04-12 20:40:51.503474  1688  2164 I notification_alert: [0|com.google.android.gms|0|0|com.google.android.gms|g:Aggregate_AlertingSection|10232|0|com.google.android.gms|g:Aggregate_AlertingSection,0,0,0,2,1024]
04-12 20:40:51.528052  1688  1870 I am_wtf  : [0,1688,system_server,-1,ActivityManager,Sending non-protected broadcast com.transsion.log.ATHENA_STATE_CHANGED from system 1688:system/1000 pkg android]
04-12 20:40:51.533635  1688  1870 I am_wtf  : [0,1688,system_server,-1,JobScheduler.JobStatus,App com.google.android.apps.wellbeing became active but still in NEVER bucket]
04-12 20:40:51.534039  2369  5696 I dvm_lock_sample: [com.google.android.gms.persisten,1,highpool[17],25,:com.google.android.gms@261233035@26.12.33 (260400-892550550),3,void birn.execute(java.lang.Runnable),-,12,void birn.execute(java.lang.Runnable),5]
04-12 20:40:51.570564  1688  4399 I power_sleep_requested: 0
04-12 20:40:51.572468  1688  4292 I sysui_multi_action: [757,127,758,2]
04-12 20:40:51.572514  1688  4292 I notification_panel_hidden: 
04-12 20:40:51.580890  2698  2939 I jank_cuj_events_begin_request: [24,1775997651580246000,32387559078,32387559078,MISSING_CLOCK_ID]
04-12 20:40:51.590445  1688  2224 I sync    : [com.google.android.gms.chromesync,0,3,-1543423057]
04-12 20:40:51.632000  7044  7044 I auditd  : type=1400 audit(0.0:759): avc:  denied  { read } for  comm="aee_dumpstate_v" path="/dev/RT_Monitor" dev="tmpfs" ino=1417 scontext=u:r:dumpstate:s0 tcontext=u:object_r:RT_Monitor_device:s0 tclass=chr_file permissive=0
04-12 20:40:51.673523  1688  4450 I dvm_lock_sample: [system_server,1,binder:1688_1C,48,ActivityManagerService.java,15305,boolean com.android.server.am.ActivityManagerService.unbindService(android.app.IServiceConnection),,0,null,9]
04-12 20:40:51.695773  1688  1901 I sysui_multi_action: [757,1696,758,6,759,0]
04-12 20:40:51.726921  1688  1953 I netstats_mobile_sample: [0,0,0,0,0,0,0,0,1775997652646]
04-12 20:40:51.727070  1688  1953 I netstats_wifi_sample: [968101,333095,1442,1447,920191,330009,1376,1436,1775997652646]
04-12 20:40:51.738372  1688  2002 I commit_sys_config_file: [settings-1-0,14]
04-12 20:40:51.752408  1688  4450 I dvm_lock_sample: [system_server,1,binder:1688_1C,45,BroadcastController.java,532,android.content.Intent com.android.server.am.BroadcastController.registerReceiverWithFeatureTraced(android.app.IApplicationThread, java.lang.String, java.lang.String, java.lang.String, android.content.IIntentReceiver, android.content.IntentFilter, java.lang.String, int, int),,0,null,9]
04-12 20:40:51.778570  1688  2164 I notification_cancel_all: [1000,1688,com.sh.smart.caller,0,0,0,20,NULL]
04-12 20:40:51.778542  1688  2905 I sysui_multi_action: [757,856,758,2,806,com.sh.smart.caller,857,summary_notification,858,4]
04-12 20:40:51.792438  1688  4454 I dvm_lock_sample: [system_server,1,binder:1688_1D,79,ActivityManagerService.java,15319,void com.android.server.am.ActivityManagerService.publishService(android.os.IBinder, android.content.Intent, android.os.IBinder),,0,null,15]
04-12 20:40:51.848364  1688  2905 I sysui_multi_action: [757,856,758,2,806,com.sh.smart.caller,857,DEFAULT_CHANNEL,858,3]
04-12 20:40:51.852035  1688  2164 I notification_cancel_all: [1000,1688,com.sh.smart.caller,0,0,0,20,NULL]
04-12 20:40:51.888267  1688  2224 I sync    : [com.google.android.gms.chromesync,1,3,-1543423057]
04-12 20:40:51.890272  1688  1870 I am_wtf  : [0,1688,system_server,-1,JobScheduler.JobStatus,App com.google.android.apps.wellbeing became active but still in NEVER bucket]
04-12 20:40:51.891661  1688  4406 I sysui_multi_action: [757,856,758,1,806,com.sh.smart.caller,857,summary_notification,858,4]
04-12 20:40:51.900000  6893  6893 I auditd  : type=1400 audit(0.0:760): avc:  denied  { read } for  comm="sh.smart.caller" name="u:object_r:vendor_irtx_prop:s0" dev="tmpfs" ino=614 scontext=u:r:priv_app:s0:c512,c768 tcontext=u:object_r:vendor_irtx_prop:s0 tclass=file permissive=0 app=com.sh.smart.caller
04-12 20:40:51.900000  6893  6893 I auditd  : type=1400 audit(0.0:761): avc:  denied  { read } for  comm="sh.smart.caller" name="u:object_r:qemu_hw_prop:s0" dev="tmpfs" ino=396 scontext=u:r:priv_app:s0:c512,c768 tcontext=u:object_r:qemu_hw_prop:s0 tclass=file permissive=0 app=com.sh.smart.caller
04-12 20:40:51.936353  1688  3321 I dvm_lock_sample: [system_server,1,binder:1688_11,16,ActivityManagerService.java,15048,android.content.ComponentName com.android.server.am.ActivityManagerService.startService(android.app.IApplicationThread, android.content.Intent, java.lang.String, boolean, java.lang.String, java.lang.String, int, boolean, int, java.lang.String, java.lang.String),,0,null,3]
04-12 20:40:52.021451  1688  3321 I am_uid_active: 10139
04-12 20:40:52.037525  1688  1870 I am_uid_running: 10212
04-12 20:40:52.047402  1688  1821 I commit_sys_config_file: [notification-policy,17]
04-12 20:40:52.076007  1688  1871 I am_proc_start: [0,7001,10212,com.google.android.projection.gearhead:shared,broadcast,{com.google.android.projection.gearhead/com.google.android.apps.auto.wireless.bluetooth.WifiBluetoothReceiver},action = android.intent.action.BOOT_COMPLETED]
04-12 20:40:52.084615  2698  2939 I jank_cuj_events_end_request: [24,1775997652083708000,32891020924,32891021155]
04-12 20:40:52.144055  1688  2233 I screen_toggled: 0
04-12 20:40:52.144836  1688  2233 I sysui_multi_action: [757,804,799,screen_timeout,801,30,802,1]
04-12 20:40:52.147989  1688  1820 I dvm_lock_sample: [system_server,1,android.ui,40,ActivityManagerService.java,15048,android.content.ComponentName com.android.server.am.ActivityManagerService.startService(android.app.IApplicationThread, android.content.Intent, java.lang.String, boolean, java.lang.String, java.lang.String, int, boolean, int, java.lang.String, java.lang.String),,0,null,8]
04-12 20:40:52.153800  1688  2233 I sysui_multi_action: [757,1594,758,4,759,-2147483648,1359,12560]
04-12 20:40:52.153864  1688  2233 I sysui_multi_action: [757,198,758,2,759,3,1359,583,1695,2]
04-12 20:40:52.153876  1688  2233 I power_screen_state: [0,3,0,0,583]
04-12 20:40:52.153899  1688  2233 I power_screen_broadcast_send: 1
04-12 20:40:52.155707  1688  2282 I am_proc_bound: [0,7001,com.google.android.projection.gearhead:shared]
04-12 20:40:52.187216  2698  2939 I jank_cuj_events_cancel_request: [5,1775997652187105000,32994417847,32994418078]
04-12 20:40:52.203049  1688  3322 I dvm_lock_sample: [system_server,1,binder:1688_12,74,BroadcastController.java,532,android.content.Intent com.android.server.am.BroadcastController.registerReceiverWithFeatureTraced(android.app.IApplicationThread, java.lang.String, java.lang.String, java.lang.String, android.content.IIntentReceiver, android.content.IntentFilter, java.lang.String, int, int),,0,null,14]
04-12 20:40:52.206118  2698  2698 I viewroot_draw_event: [VRI[NotificationShade],Not drawing due to screen off]
04-12 20:40:52.207972  1688  1953 I dvm_lock_sample: [system_server,0,binder:1688_3,71,ContentProviderHelper.java,985,void com.android.server.am.ContentProviderHelper.removeContentProvider(android.os.IBinder, boolean),,0,null,14]
04-12 20:40:52.221646  1688  4399 I dvm_lock_sample: [system_server,1,binder:1688_18,100,ContentProviderHelper.java,207,android.app.ContentProviderHolder com.android.server.am.ContentProviderHelper.getContentProviderImpl(android.app.IApplicationThread, java.lang.String, android.os.IBinder, int, java.lang.String, java.lang.String, boolean, int),,0,null,20]
04-12 20:40:52.222931  1688  4399 I am_uid_running: 10112
04-12 20:40:52.225597  1688  4450 I dvm_lock_sample: [system_server,1,binder:1688_1C,41,BroadcastController.java,532,android.content.Intent com.android.server.am.BroadcastController.registerReceiverWithFeatureTraced(android.app.IApplicationThread, java.lang.String, java.lang.String, java.lang.String, android.content.IIntentReceiver, android.content.IntentFilter, java.lang.String, int, int),,0,null,8]
04-12 20:40:52.269770  1688  2729 I dvm_lock_sample: [system_server,1,binder:1688_A,34,ActivityManagerService.java,15128,boolean com.android.server.am.ActivityManagerService.stopServiceToken(android.content.ComponentName, android.os.IBinder, int),,0,null,6]
04-12 20:40:52.287361  1688  3322 I dvm_lock_sample: [system_server,1,binder:1688_12,51,BroadcastController.java,759,int com.android.server.am.BroadcastController.broadcastIntentWithFeature(android.app.IApplicationThread, java.lang.String, android.content.Intent, java.lang.String, android.content.IIntentReceiver, int, java.lang.String, android.os.Bundle, java.lang.String[], java.lang.String[], java.lang.String[], int, android.os.Bundle, boolean, boolean, int),,0,null,10]
04-12 20:40:52.288679  1688  1955 I dvm_lock_sample: [system_server,1,binder:1688_5,71,BroadcastController.java,694,void com.android.server.am.BroadcastController.unregisterReceiverTraced(android.content.IIntentReceiver),,0,null,14]
04-12 20:40:52.289246  1688  1870 I dvm_lock_sample: [system_server,1,ActivityManager,67,BroadcastQueueImpl.java,493,void com.android.server.am.BroadcastQueueImpl.updateRunningList(),,0,null,13]
04-12 20:40:52.299316  1688  1871 I am_proc_start: [0,7140,10112,com.transsion.aicore.main,content provider,{com.transsion.aicore.main/com.transsion.aicore.main.provider.MmProvider},caller=com.sh.smart.caller/10139]
04-12 20:40:52.319431  1688  4454 I dvm_lock_sample: [system_server,0,binder:1688_1D,30,ActivityManagerService.java,15340,void com.android.server.am.ActivityManagerService.serviceDoneExecuting(android.os.IBinder, int, int, int, android.content.Intent),,0,null,6]
04-12 20:40:52.328991  1688  4449 I am_proc_bound: [0,7140,com.transsion.aicore.main]
04-12 20:40:52.455724  1688  2926 I sysui_multi_action: [757,856,758,1,806,com.sh.smart.caller,857,DEFAULT_CHANNEL,858,3]
04-12 20:40:52.468008  1688  4406 I am_uid_active: 10212
04-12 20:40:52.496092  1688  2164 I notification_cancel_all: [1000,1688,com.google.android.projection.gearhead,0,0,0,20,NULL]
04-12 20:40:52.496142  1688  2164 I notification_cancel_all: [1000,1688,com.google.android.projection.gearhead,0,0,0,20,NULL]
04-12 20:40:52.496294  1688  2164 I notification_cancel_all: [1000,1688,com.google.android.projection.gearhead,0,0,0,20,NULL]
04-12 20:40:52.525050  1688  1870 I am_uid_running: 10152
04-12 20:40:52.544000  6893  6893 I auditd  : type=1400 audit(0.0:779): avc:  denied  { read } for  comm=4F6E65494420576F726B6572 name="u:object_r:vendor_security_patch_level_prop:s0" dev="tmpfs" ino=888 scontext=u:r:priv_app:s0:c512,c768 tcontext=u:object_r:vendor_security_patch_level_prop:s0 tclass=file permissive=0 app=com.sh.smart.caller
04-12 20:40:52.582300  1688  1688 I battery_saving_stats: [0,1,0,13599,7000,0,13599,7000,0]
04-12 20:40:52.595794  1688  1871 I am_proc_start: [0,7098,10152,com.debug.loggerui,broadcast,{com.debug.loggerui/com.debug.loggerui.framework.LogReceiver},action = android.intent.action.BOOT_COMPLETED]
04-12 20:40:52.627794  1688  5439 I dvm_lock_sample: [system_server,1,Thread-52,25,BroadcastController.java,532,android.content.Intent com.android.server.am.BroadcastController.registerReceiverWithFeatureTraced(android.app.IApplicationThread, java.lang.String, java.lang.String, java.lang.String, android.content.IIntentReceiver, android.content.IntentFilter, java.lang.String, int, int),,0,null,5]
04-12 20:40:52.640501  1688  3322 I am_proc_bound: [0,7098,com.debug.loggerui]
04-12 20:40:52.656000  7098  7098 I auditd  : type=1400 audit(0.0:780): avc:  denied  { read write } for  comm="re-initialized>" name="ensignal" dev="tmpfs" ino=2080 scontext=u:r:platform_app:s0:c512,c768 tcontext=u:object_r:ensignal_device:s0 tclass=chr_file permissive=0 app=com.debug.loggerui
