04-12 20:40:53.672009  7523  7523 I ModuleManager: ModuleManager.<init>():173 ModuleManager is created on process com.google.android.inputmethod.latin
04-12 20:40:53.672313  1688  2442 I PMS-OPEN: intent = Intent { act=android.intent.action.MAIN cat=[android.intent.category.HOME] }, n = 2, final suggPkg = null, openWith = false
04-12 20:40:53.672436  1688  2442 D PMS-OPEN: ResolveInfo{92f3627 com.transsion.launcher3/com.android.launcher3.uioverrides.QuickstepLauncher m=0x108000 userHandle=UserHandle{0}}=0 , vs ResolveInfo{4c420d4 com.android.settings/.FallbackHome p=-1000 m=0x108000 userHandle=UserHandle{0}}=-1000
04-12 20:40:53.672486  1688  2442 E PMS-OPEN: return higher priority, ri = ResolveInfo{92f3627 com.transsion.launcher3/com.android.launcher3.uioverrides.QuickstepLauncher m=0x108000 userHandle=UserHandle{0}}
04-12 20:40:53.673226  5200  6446 I .apps.wellbeing: AssetManager2(0xb400006eff913198) locale list changing from [] to [zh-Hans-CN]
04-12 20:40:53.673384  7523  7523 W ModuleManager: ModuleManager.initModules():290 pdd is forbidden by min_api_level (28) or max_api_level (28): 36
04-12 20:40:53.674478  1688  4286 I PMS-OPEN: intent = Intent { act=android.intent.action.MAIN cat=[android.intent.category.HOME] }, n = 2, final suggPkg = null, openWith = false
04-12 20:40:53.674540  1688  4286 D PMS-OPEN: ResolveInfo{17ac27d com.transsion.launcher3/com.android.launcher3.uioverrides.QuickstepLauncher m=0x108000 userHandle=UserHandle{0}}=0 , vs ResolveInfo{2351572 com.android.settings/.FallbackHome p=-1000 m=0x108000 userHandle=UserHandle{0}}=-1000
04-12 20:40:53.674548  1688  4286 E PMS-OPEN: return higher priority, ri = ResolveInfo{17ac27d com.transsion.launcher3/com.android.launcher3.uioverrides.QuickstepLauncher m=0x108000 userHandle=UserHandle{0}}
04-12 20:40:53.674684  7523  7523 I DeviceModeNotification: DeviceModeNotification.getCurrentDeviceMode():75 device mode is unknown before initializing the notification.
04-12 20:40:53.674852  7523  7523 I DeviceModeNotification: DeviceModeNotification.getCurrentDeviceMode():75 device mode is unknown before initializing the notification.
04-12 20:40:53.675206  1688  2442 I PMS-OPEN: intent = Intent { act=android.intent.action.MAIN cat=[android.intent.category.HOME] }, n = 2, final suggPkg = null, openWith = false
04-12 20:40:53.675237  1688  2442 D PMS-OPEN: ResolveInfo{54f0dc3 com.transsion.launcher3/com.android.launcher3.uioverrides.QuickstepLauncher m=0x108000 userHandle=UserHandle{0}}=0 , vs ResolveInfo{ac7640 com.android.settings/.FallbackHome p=-1000 m=0x108000 userHandle=UserHandle{0}}=-1000
04-12 20:40:53.675243  1688  2442 E PMS-OPEN: return higher priority, ri = ResolveInfo{54f0dc3 com.transsion.launcher3/com.android.launcher3.uioverrides.QuickstepLauncher m=0x108000 userHandle=UserHandle{0}}
04-12 20:40:53.675387  7523  7523 I DeviceModeNotification: DeviceModeNotification.getCurrentDeviceMode():75 device mode is unknown before initializing the notification.
04-12 20:40:53.675520  4914  6635 I cwku    : (REDACTED) The syncToken for corpus %s is %s and the syncRequestReason is %s
04-12 20:40:53.675546  7523  7523 I ModuleManager: ModuleManager.initModules():280 GenAiDelegate is forbidden to run on current process
04-12 20:40:53.675699  5200  6446 I .apps.wellbeing: AssetManager2(0xb400006eff9182d8) locale list changing from [] to [zh-Hans-CN]
04-12 20:40:53.675967  1688  2442 I PMS-OPEN: intent = Intent { act=android.intent.action.MAIN cat=[android.intent.category.HOME] }, n = 2, final suggPkg = null, openWith = false
04-12 20:40:53.676012  1688  2442 D PMS-OPEN: ResolveInfo{af60979 com.transsion.launcher3/com.android.launcher3.uioverrides.QuickstepLauncher m=0x108000 userHandle=UserHandle{0}}=0 , vs ResolveInfo{e3b16be com.android.settings/.FallbackHome p=-1000 m=0x108000 userHandle=UserHandle{0}}=-1000
04-12 20:40:53.676023  1688  2442 E PMS-OPEN: return higher priority, ri = ResolveInfo{af60979 com.transsion.launcher3/com.android.launcher3.uioverrides.QuickstepLauncher m=0x108000 userHandle=UserHandle{0}}
04-12 20:40:53.676189  7523  7523 I ModuleManager: ModuleManager.initModules():304 hsz is forbidden by device ram size 11490 MB
04-12 20:40:53.676648  6893  7069 I Dialer  : DialerApplication - application thread end
04-12 20:40:53.676768  1688  2442 I PMS-OPEN: intent = Intent { act=android.intent.action.MAIN cat=[android.intent.category.HOME] }, n = 2, final suggPkg = null, openWith = false
04-12 20:40:53.676849  1688  2442 D PMS-OPEN: ResolveInfo{50ac31f com.transsion.launcher3/com.android.launcher3.uioverrides.QuickstepLauncher m=0x108000 userHandle=UserHandle{0}}=0 , vs ResolveInfo{602b66c com.android.settings/.FallbackHome p=-1000 m=0x108000 userHandle=UserHandle{0}}=-1000
04-12 20:40:53.676859  1688  2442 E PMS-OPEN: return higher priority, ri = ResolveInfo{50ac31f com.transsion.launcher3/com.android.launcher3.uioverrides.QuickstepLauncher m=0x108000 userHandle=UserHandle{0}}
04-12 20:40:53.677121  5200  6446 I .apps.wellbeing: AssetManager2(0xb400006eff91a218) locale list changing from [] to [zh-Hans-CN]
04-12 20:40:53.677538  1688  2442 I PMS-OPEN: intent = Intent { act=android.intent.action.MAIN cat=[android.intent.category.HOME] }, n = 2, final suggPkg = null, openWith = false
04-12 20:40:53.677582  1688  2442 D PMS-OPEN: ResolveInfo{644c435 com.transsion.launcher3/com.android.launcher3.uioverrides.QuickstepLauncher m=0x108000 userHandle=UserHandle{0}}=0 , vs ResolveInfo{50de0ca com.android.settings/.FallbackHome p=-1000 m=0x108000 userHandle=UserHandle{0}}=-1000
04-12 20:40:53.677595  1688  2442 E PMS-OPEN: return higher priority, ri = ResolveInfo{644c435 com.transsion.launcher3/com.android.launcher3.uioverrides.QuickstepLauncher m=0x108000 userHandle=UserHandle{0}}
04-12 20:40:53.678251  7523  7523 I ModuleManager: ModuleManager.initModules():299 onb is forbidden by manufacturer
04-12 20:40:53.678376  1688  2442 I PMS-OPEN: intent = Intent { act=android.intent.action.MAIN cat=[android.intent.category.HOME] }, n = 2, final suggPkg = null, openWith = false
04-12 20:40:53.678526  1688  2442 D PMS-OPEN: ResolveInfo{7a2723b com.transsion.launcher3/com.android.launcher3.uioverrides.QuickstepLauncher m=0x108000 userHandle=UserHandle{0}}=0 , vs ResolveInfo{39acd58 com.android.settings/.FallbackHome p=-1000 m=0x108000 userHandle=UserHandle{0}}=-1000
04-12 20:40:53.678560  1688  2442 E PMS-OPEN: return higher priority, ri = ResolveInfo{7a2723b com.transsion.launcher3/com.android.launcher3.uioverrides.QuickstepLauncher m=0x108000 userHandle=UserHandle{0}}
04-12 20:40:53.678984  1688  2329 I Process : String at 0: 0x717cdd3601 = TRAN_BG_POLICY
04-12 20:40:53.679281  1688  1955 I PMS-OPEN: intent = Intent { act=android.intent.action.MAIN cat=[android.intent.category.HOME] }, n = 2, final suggPkg = null, openWith = false
04-12 20:40:53.679339  1688  1955 D PMS-OPEN: ResolveInfo{d8a6eb1 com.transsion.launcher3/com.android.launcher3.uioverrides.QuickstepLauncher m=0x108000 userHandle=UserHandle{0}}=0 , vs ResolveInfo{f913f96 com.android.settings/.FallbackHome p=-1000 m=0x108000 userHandle=UserHandle{0}}=-1000
04-12 20:40:53.679349  1688  1955 E PMS-OPEN: return higher priority, ri = ResolveInfo{d8a6eb1 com.transsion.launcher3/com.android.launcher3.uioverrides.QuickstepLauncher m=0x108000 userHandle=UserHandle{0}}
04-12 20:40:53.679798  7523  7523 I DeviceModeNotification: DeviceModeNotification.getCurrentDeviceMode():75 device mode is unknown before initializing the notification.
04-12 20:40:53.680126  7523  7523 I DeviceModeNotification: DeviceModeNotification.getCurrentDeviceMode():75 device mode is unknown before initializing the notification.
04-12 20:40:53.680160  1688  1955 I PMS-OPEN: intent = Intent { act=android.intent.action.MAIN cat=[android.intent.category.HOME] }, n = 2, final suggPkg = null, openWith = false
04-12 20:40:53.680212  1688  1955 D PMS-OPEN: ResolveInfo{63bf717 com.transsion.launcher3/com.android.launcher3.uioverrides.QuickstepLauncher m=0x108000 userHandle=UserHandle{0}}=0 , vs ResolveInfo{f9b6704 com.android.settings/.FallbackHome p=-1000 m=0x108000 userHandle=UserHandle{0}}=-1000
04-12 20:40:53.680257  1688  1955 E PMS-OPEN: return higher priority, ri = ResolveInfo{63bf717 com.transsion.launcher3/com.android.launcher3.uioverrides.QuickstepLauncher m=0x108000 userHandle=UserHandle{0}}
04-12 20:40:53.680550  7523  7523 I ModuleManager: ModuleManager.initModules():280 mak is forbidden to run on current process
04-12 20:40:53.680849  1078  1092 D mtk_lbs_service: mtk_lbs_mipc_config_req_cnf sync fail: cause=0, result=106
04-12 20:40:53.680888  1078  1092 D mtk_lbs_service: [15.15] lbs_mipc_init_thread g_isMipcSupport=0
04-12 20:40:53.680997  7523  7523 I DeviceModeNotification: DeviceModeNotification.getCurrentDeviceMode():75 device mode is unknown before initializing the notification.
04-12 20:40:53.681152  1688  1955 I PMS-OPEN: intent = Intent { act=android.intent.action.MAIN cat=[android.intent.category.HOME] }, n = 2, final suggPkg = null, openWith = false
04-12 20:40:53.681193  1688  1955 D PMS-OPEN: ResolveInfo{fa644ed com.transsion.launcher3/com.android.launcher3.uioverrides.QuickstepLauncher m=0x108000 userHandle=UserHandle{0}}=0 , vs ResolveInfo{f19bf22 com.android.settings/.FallbackHome p=-1000 m=0x108000 userHandle=UserHandle{0}}=-1000
04-12 20:40:53.681203  1688  1955 E PMS-OPEN: return higher priority, ri = ResolveInfo{fa644ed com.transsion.launcher3/com.android.launcher3.uioverrides.QuickstepLauncher m=0x108000 userHandle=UserHandle{0}}
04-12 20:40:53.681315  5200  6446 I .apps.wellbeing: AssetManager2(0xb400006eff918f58) locale list changing from [] to [zh-Hans-CN]
04-12 20:40:53.681423  6965  7020 D KunPengSdk: checkUpload tid config appid is:  1007
04-12 20:40:53.681440  6965  7020 D KunPengSdk: checkUpload tid config appid is:  1006
04-12 20:40:53.681557  7523  7523 I CustomStickerGenerationExtensionProvider: CustomStickerGenerationExtensionProvider.getModuleDef():19 
04-12 20:40:53.681589  7523  7523 I CustomStickerKeyboardProviderModuleProvider: CustomStickerKeyboardProviderModuleProvider.getModuleDef():32 
04-12 20:40:53.681784  7523  7523 I DeviceModeNotification: DeviceModeNotification.getCurrentDeviceMode():75 device mode is unknown before initializing the notification.
04-12 20:40:53.681959  1688  2442 I PMS-OPEN: intent = Intent { act=android.intent.action.MAIN cat=[android.intent.category.HOME] }, n = 2, final suggPkg = null, openWith = false
04-12 20:40:53.682004  1688  2442 D PMS-OPEN: ResolveInfo{c7eedb3 com.transsion.launcher3/com.android.launcher3.uioverrides.QuickstepLauncher m=0x108000 userHandle=UserHandle{0}}=0 , vs ResolveInfo{9e9ef70 com.android.settings/.FallbackHome p=-1000 m=0x108000 userHandle=UserHandle{0}}=-1000
04-12 20:40:53.682042  1688  2442 E PMS-OPEN: return higher priority, ri = ResolveInfo{c7eedb3 com.transsion.launcher3/com.android.launcher3.uioverrides.QuickstepLauncher m=0x108000 userHandle=UserHandle{0}}
04-12 20:40:53.682692  7523  7523 I Module  : FlagPersistModuleProvider$Module.onCreate():108 
04-12 20:40:53.682819   606   606 D TlcKM   : find_spare_operation_slot: allocate op 0x6d46dbf2f3f5535 to slot #0 (1 ops live)
04-12 20:40:53.682859   606   606 D TlcKM   : TEE_Begin exiting with 0
04-12 20:40:53.683055  1688  1955 I PMS-OPEN: intent = Intent { act=android.intent.action.MAIN cat=[android.intent.category.HOME] }, n = 2, final suggPkg = null, openWith = false
04-12 20:40:53.683195  7523  7605 I Module  : FlagHermeticOverrideModuleProvider$Module.onCreate():67 
04-12 20:40:53.683514   606   606 D TlcKM   : TEE_Update
04-12 20:40:53.683528   606   606 D TlcKM   : split_update_chunks
04-12 20:40:53.684004  1688  1955 D PMS-OPEN: ResolveInfo{2f42e9 com.transsion.launcher3/com.android.launcher3.uioverrides.QuickstepLauncher m=0x108000 userHandle=UserHandle{0}}=0 , vs ResolveInfo{3b8ab6e com.android.settings/.FallbackHome p=-1000 m=0x108000 userHandle=UserHandle{0}}=-1000
04-12 20:40:53.684039  1688  1955 E PMS-OPEN: return higher priority, ri = ResolveInfo{2f42e9 com.transsion.launcher3/com.android.launcher3.uioverrides.QuickstepLauncher m=0x108000 userHandle=UserHandle{0}}
04-12 20:40:53.684547  4116  4131 W libnfc_nci: userfaultfd: MOVE ioctl seems unsupported: Connection timed out
04-12 20:40:53.685005  5200  6446 I .apps.wellbeing: AssetManager2(0xb400006eff9137d8) locale list changing from [] to [zh-Hans-CN]
04-12 20:40:53.685099  1688  1955 I PMS-OPEN: intent = Intent { act=android.intent.action.MAIN cat=[android.intent.category.HOME] }, n = 2, final suggPkg = null, openWith = false
04-12 20:40:53.685132  4914  6180 I cwoh    : (REDACTED) Writing metadata key: %s, corpus: %s
04-12 20:40:53.685176  1688  1955 D PMS-OPEN: ResolveInfo{956929c com.transsion.launcher3/com.android.launcher3.uioverrides.QuickstepLauncher m=0x108000 userHandle=UserHandle{0}}=0 , vs ResolveInfo{b3024a5 com.android.settings/.FallbackHome p=-1000 m=0x108000 userHandle=UserHandle{0}}=-1000
04-12 20:40:53.685190  1688  1955 E PMS-OPEN: return higher priority, ri = ResolveInfo{956929c com.transsion.launcher3/com.android.launcher3.uioverrides.QuickstepLauncher m=0x108000 userHandle=UserHandle{0}}
04-12 20:40:53.685282  7523  7523 I DeviceModeNotification: DeviceModeNotification.getCurrentDeviceMode():75 device mode is unknown before initializing the notification.
04-12 20:40:53.685333  4914  6180 I cwoh    : (REDACTED) Writing metadata key: %s, corpus: %s
04-12 20:40:53.687237  1688  4286 I PMS-OPEN: intent = Intent { act=android.intent.action.MAIN cat=[android.intent.category.HOME] }, n = 2, final suggPkg = null, openWith = false
04-12 20:40:53.687533  1688  4286 D PMS-OPEN: ResolveInfo{b48107a com.transsion.launcher3/com.android.launcher3.uioverrides.QuickstepLauncher m=0x108000 userHandle=UserHandle{0}}=0 , vs ResolveInfo{b10602b com.android.settings/.FallbackHome p=-1000 m=0x108000 userHandle=UserHandle{0}}=-1000
04-12 20:40:53.687556  1688  4286 E PMS-OPEN: return higher priority, ri = ResolveInfo{b48107a com.transsion.launcher3/com.android.launcher3.uioverrides.QuickstepLauncher m=0x108000 userHandle=UserHandle{0}}
04-12 20:40:53.687581  5200  6446 I .apps.wellbeing: AssetManager2(0xb400006eff917fb8) locale list changing from [] to [zh-Hans-CN]
04-12 20:40:53.687775   606   606 D TlcKM   : TEE_Update exiting with 0
04-12 20:40:53.688120   606   606 D TlcKM   : TEE_Finish
04-12 20:40:53.688140   606   606 D TlcKM   : split_update_chunks
04-12 20:40:53.688235  4116  4146 I CardEmulationManager: isServiceRegistered: userId(0), service(ComponentInfo{com.google.android.gms/com.google.android.gms.tapandpay.secureelement.service.TpOffHostApduService})
04-12 20:40:53.688866  1325  7459 I MobileLogD: dump /proc/pl_lk
04-12 20:40:53.689182  4116  7192 I CardEmulationManager: isServiceRegistered: serviceFound=false
04-12 20:40:53.689207  4116  7192 I CardEmulationManager: isServiceRegistered: Didn't find passed in service, invalidating cache
04-12 20:40:53.689509  1688  4286 I PMS-OPEN: intent = Intent { act=android.intent.action.MAIN cat=[android.intent.category.HOME] }, n = 2, final suggPkg = null, openWith = false
04-12 20:40:53.689560  1688  4286 D PMS-OPEN: ResolveInfo{f883c88 com.transsion.launcher3/com.android.launcher3.uioverrides.QuickstepLauncher m=0x108000 userHandle=UserHandle{0}}=0 , vs ResolveInfo{8a36621 com.android.settings/.FallbackHome p=-1000 m=0x108000 userHandle=UserHandle{0}}=-1000
04-12 20:40:53.689573  1688  4286 E PMS-OPEN: return higher priority, ri = ResolveInfo{f883c88 com.transsion.launcher3/com.android.launcher3.uioverrides.QuickstepLauncher m=0x108000 userHandle=UserHandle{0}}
04-12 20:40:53.689820  5200  6446 I .apps.wellbeing: AssetManager2(0xb400006eff914a98) locale list changing from [] to [zh-Hans-CN]
04-12 20:40:53.691060  7523  7615 I EmojiSuperpacksManager: EmojiSuperpacksManager.triggerSync():386 triggerSync(2) : isBundled=false, isUserInitiated=false
04-12 20:40:53.691140  7523  7612 I SuperpacksManagerImpl: SuperpacksManagerImpl.initializeInternal():472 initializeInternal()
04-12 20:40:53.691345  7523  7614 I EmojiSuperpacksManager: EmojiSuperpacksManager.triggerSync():386 triggerSync(1) : isBundled=false, isUserInitiated=false
04-12 20:40:53.691819  7523  7614 I EmojiSuperpacksManager: EmojiSuperpacksManager.sync():475 Registering manifest for emoji
04-12 20:40:53.691862  7523  7615 I EmojiSuperpacksManager: EmojiSuperpacksManager.sync():475 Registering manifest for emoji
04-12 20:40:53.692117  5621  5720 D RemoteListenableDelegatingWorker: Cleaning up
04-12 20:40:53.692131  1688  3629 I PMS-OPEN: intent = Intent { act=android.intent.action.MAIN cat=[android.intent.category.HOME] }, n = 2, final suggPkg = null, openWith = false
04-12 20:40:53.692193  1688  3629 D PMS-OPEN: ResolveInfo{baf435d com.transsion.launcher3/com.android.launcher3.uioverrides.QuickstepLauncher m=0x108000 userHandle=UserHandle{0}}=0 , vs ResolveInfo{71434d2 com.android.settings/.FallbackHome p=-1000 m=0x108000 userHandle=UserHandle{0}}=-1000
04-12 20:40:53.692202  1688  3629 E PMS-OPEN: return higher priority, ri = ResolveInfo{baf435d com.transsion.launcher3/com.android.launcher3.uioverrides.QuickstepLauncher m=0x108000 userHandle=UserHandle{0}}
04-12 20:40:53.694815  7523  7523 I DeviceModeModule: DeviceModeModule.calculateAndNotify():197 Window metrics is not available, fallback to app context.
04-12 20:40:53.694945  7523  7523 I DeviceModeModule: DeviceModeModule.calculateAndNotify():225 Device mode 'phone' from display metrics 'DisplayMetrics{density=0.0, width=1208, height=2644, scaledDensity=0.0, xdpi=434.17575, ydpi=427.61926}' or smallestScreenWidthDp: 403
04-12 20:40:53.695299  1688  3629 I PMS-OPEN: intent = Intent { act=android.intent.action.MAIN cat=[android.intent.category.HOME] }, n = 2, final suggPkg = null, openWith = false
04-12 20:40:53.695376  1688  3629 D PMS-OPEN: ResolveInfo{81ea9a3 com.transsion.launcher3/com.android.launcher3.uioverrides.QuickstepLauncher m=0x108000 userHandle=UserHandle{0}}=0 , vs ResolveInfo{3d014a0 com.android.settings/.FallbackHome p=-1000 m=0x108000 userHandle=UserHandle{0}}=-1000
04-12 20:40:53.695390  1688  3629 E PMS-OPEN: return higher priority, ri = ResolveInfo{81ea9a3 com.transsion.launcher3/com.android.launcher3.uioverrides.QuickstepLauncher m=0x108000 userHandle=UserHandle{0}}
04-12 20:40:53.695518  7523  7523 I ShortcutKeyAvailableChecker: ShortcutKeyAvailableChecker.updateShortcutKeysBlocklist():38 ShortcutKeysBlocklist: 
04-12 20:40:53.695576  4116  4131 D libnfc_nci: ART-GC black_dense_end:0x2000000 mid_gen_end:0x2000000 post_compact_end:0x209e000 black_allocations_begin:0x2a3b000 young:0 performed_compaction:1
04-12 20:40:53.695600  7523  7616 I HttpFlagsLoader: HTTP flags log line (API): Using live production flag values from Google
04-12 20:40:53.695651  7523  7523 I PhenotypeModule: PhenotypeModule.onCreate():172 onCreate()
04-12 20:40:53.695912  7523  7523 I PhenotypeModule: PhenotypeModule.maybeFetchAndUpdate():276 maybeFetchAndUpdate: start new task to fetch
04-12 20:40:53.696419  1688  4286 I PMS-OPEN: intent = Intent { act=android.intent.action.MAIN cat=[android.intent.category.HOME] }, n = 2, final suggPkg = null, openWith = false
04-12 20:40:53.696493  1688  4286 D PMS-OPEN: ResolveInfo{9a1b859 com.transsion.launcher3/com.android.launcher3.uioverrides.QuickstepLauncher m=0x108000 userHandle=UserHandle{0}}=0 , vs ResolveInfo{ddccc1e com.android.settings/.FallbackHome p=-1000 m=0x108000 userHandle=UserHandle{0}}=-1000
04-12 20:40:53.696505  1688  4286 E PMS-OPEN: return higher priority, ri = ResolveInfo{9a1b859 com.transsion.launcher3/com.android.launcher3.uioverrides.QuickstepLauncher m=0x108000 userHandle=UserHandle{0}}
04-12 20:40:53.697037  4116  7192 I libnfc_nci: AssetManager2(0xb400006eff8dfed8) locale list changing from [] to [zh-Hans-CN]
04-12 20:40:53.697146  5621  5716 I WM-WorkerWrapper: Worker result SUCCESS for Work [ id=8a80387e-4611-49a2-82c9-356aa97d4cf1, tags={ com.google.apps.tiktok.contrib.work.TikTokListenableWorker,TikTokWorker#com.google.android.libraries.mdi.download.workmanager.tiktok.TikTokPeriodicWorker } ]
04-12 20:40:53.697685  1688  1955 I PMS-OPEN: intent = Intent { act=android.intent.action.MAIN cat=[android.intent.category.HOME] }, n = 2, final suggPkg = null, openWith = false
04-12 20:40:53.697842  1688  1955 D PMS-OPEN: ResolveInfo{8058c2a com.transsion.launcher3/com.android.launcher3.uioverrides.QuickstepLauncher m=0x108000 userHandle=UserHandle{0}}=0 , vs ResolveInfo{d8daa1b com.android.settings/.FallbackHome p=-1000 m=0x108000 userHandle=UserHandle{0}}=-1000
04-12 20:40:53.697857  1688  1955 E PMS-OPEN: return higher priority, ri = ResolveInfo{8058c2a com.transsion.launcher3/com.android.launcher3.uioverrides.QuickstepLauncher m=0x108000 userHandle=UserHandle{0}}
04-12 20:40:53.698077   606   606 D TlcKM   : release_operation_slot: release op slot #0 (handle 0x6d46dbf2f3f5535; 0 ops live)
04-12 20:40:53.698089   606   606 D TlcKM   : TEE_Finish exiting with 0
04-12 20:40:53.698523  7523  7603 I SpeechPackManager: SpeechPackManager.init():177 init()
04-12 20:40:53.698579  7523  7603 I SpeechPackManager: SpeechPackManager.registerManifest():509 registerManifest() : https://dl.google.com/android/voice/gboard/terse/superpacks-manifest-20210519.json
04-12 20:40:53.698925   606   606 D TlcKM   : TEE_Abort
04-12 20:40:53.698939   606   606 E TlcKM   : lookup_operation: op 0x6d46dbf2f3f5535 not found
04-12 20:40:53.698942   606   606 E TlcKM   : lookup_operation(session, operation_handle, &op) == -28
04-12 20:40:53.698944   606   606 D TlcKM   : TEE_Abort exiting with -28
04-12 20:40:53.699055  5621  5621 D WM-Processor: oxj 8a80387e-4611-49a2-82c9-356aa97d4cf1 executed; reschedule = false
04-12 20:40:53.699196  5621  5621 D WM-GreedyScheduler: Stopping tracking for WorkGenerationalId(workSpecId=8a80387e-4611-49a2-82c9-356aa97d4cf1, generation=1)
04-12 20:40:53.700402  1688  4286 I PMS-OPEN: intent = Intent { act=android.intent.action.MAIN cat=[android.intent.category.HOME] }, n = 2, final suggPkg = null, openWith = false
04-12 20:40:53.700470  1688  4286 D PMS-OPEN: ResolveInfo{ad2ccf7 com.transsion.launcher3/com.android.launcher3.uioverrides.QuickstepLauncher m=0x108000 userHandle=UserHandle{0}}=0 , vs ResolveInfo{43eb764 com.android.settings/.FallbackHome p=-1000 m=0x108000 userHandle=UserHandle{0}}=-1000
04-12 20:40:53.700482  1688  4286 E PMS-OPEN: return higher priority, ri = ResolveInfo{ad2ccf7 com.transsion.launcher3/com.android.launcher3.uioverrides.QuickstepLauncher m=0x108000 userHandle=UserHandle{0}}
04-12 20:40:53.701701  7523  7612 I SuperpacksManagerImpl: SuperpacksManagerImpl.initializeInternal():529 Switched background task scheduler: false
04-12 20:40:53.701830  5621  5705 D WM-GreedyScheduler: Cancelling work ID 8a80387e-4611-49a2-82c9-356aa97d4cf1
04-12 20:40:53.701991  1688  4286 I PMS-OPEN: intent = Intent { act=android.intent.action.MAIN cat=[android.intent.category.HOME] }, n = 2, final suggPkg = null, openWith = false
04-12 20:40:53.702063  1688  4286 D PMS-OPEN: ResolveInfo{5ecbdcd com.transsion.launcher3/com.android.launcher3.uioverrides.QuickstepLauncher m=0x108000 userHandle=UserHandle{0}}=0 , vs ResolveInfo{12f7682 com.android.settings/.FallbackHome p=-1000 m=0x108000 userHandle=UserHandle{0}}=-1000
04-12 20:40:53.702078  1688  4286 E PMS-OPEN: return higher priority, ri = ResolveInfo{5ecbdcd com.transsion.launcher3/com.android.launcher3.uioverrides.QuickstepLauncher m=0x108000 userHandle=UserHandle{0}}
04-12 20:40:53.703118  1688  2442 I PMS-OPEN: intent = Intent { act=android.settings.KEYBOARD_VIBRATION_SETTINGS pkg=com.android.settings }, n = 0, final suggPkg = null, openWith = false
04-12 20:40:53.703151  1688  2442 E PMS-OPEN: return null!!! no match
04-12 20:40:53.703215  4116  7192 I libnfc_nci: AssetManager2(0xb400006eff8e2db8) locale list changing from [] to [zh-Hans-CN]
04-12 20:40:53.703421  7523  7596 I BrellaConfigModule: BrellaConfigModule.onCreate():33 set BrellaInit fields for in-app training.
04-12 20:40:53.703428  5621  5705 D WM-SystemJobScheduler: Scheduling work ID 8a80387e-4611-49a2-82c9-356aa97d4cf1Job ID 303
04-12 20:40:53.703519  1688  3322 I PMS-OPEN: intent = Intent { act=android.intent.action.MAIN cat=[android.intent.category.HOME] }, n = 2, final suggPkg = null, openWith = false
04-12 20:40:53.703589  1688  3322 D PMS-OPEN: ResolveInfo{1dd4193 com.transsion.launcher3/com.android.launcher3.uioverrides.QuickstepLauncher m=0x108000 userHandle=UserHandle{0}}=0 , vs ResolveInfo{fe1e5d0 com.android.settings/.FallbackHome p=-1000 m=0x108000 userHandle=UserHandle{0}}=-1000
04-12 20:40:53.703638  1688  3322 E PMS-OPEN: return higher priority, ri = ResolveInfo{1dd4193 com.transsion.launcher3/com.android.launcher3.uioverrides.QuickstepLauncher m=0x108000 userHandle=UserHandle{0}}
04-12 20:40:53.704577  1688  4635 I PMS-OPEN: intent = Intent { act=android.intent.action.MAIN cat=[android.intent.category.HOME] }, n = 2, final suggPkg = null, openWith = false
04-12 20:40:53.704636  1688  4635 D PMS-OPEN: ResolveInfo{61469c9 com.transsion.launcher3/com.android.launcher3.uioverrides.QuickstepLauncher m=0x108000 userHandle=UserHandle{0}}=0 , vs ResolveInfo{96278ce com.android.settings/.FallbackHome p=-1000 m=0x108000 userHandle=UserHandle{0}}=-1000
04-12 20:40:53.704649  1688  4635 E PMS-OPEN: return higher priority, ri = ResolveInfo{61469c9 com.transsion.launcher3/com.android.launcher3.uioverrides.QuickstepLauncher m=0x108000 userHandle=UserHandle{0}}
04-12 20:40:53.704771  4116  7192 I RegisteredServicesCache: invalidateOther : 0
04-12 20:40:53.705708  4116  7192 I RegisteredServicesCache: invalidateOther: current user: 0, is managed profile : false
04-12 20:40:53.705757  4116  7192 I RegisteredServicesCache: invalidateOther: New Services => 
04-12 20:40:53.705768  4116  7192 I RegisteredServicesCache: invalidateOther: Removed Services => 
04-12 20:40:53.706904  4116  7192 I RegisteredAidCache: generateAidCacheLocked: In factory mode: false
04-12 20:40:53.706993  4116  7192 I AidRoutingManager: configureRouting: Added specific AID 0000000000000F
04-12 20:40:53.707048  4116  7192 I AidRoutingManager: configureRouting: Routing table unchanged, not updating
04-12 20:40:53.709642  1688  4258 I PMS-OPEN: intent = Intent { act=android.intent.action.MAIN cat=[android.intent.category.HOME] }, n = 2, final suggPkg = null, openWith = false
04-12 20:40:53.709993  1688  4258 D PMS-OPEN: ResolveInfo{99ae1e7 com.transsion.launcher3/com.android.launcher3.uioverrides.QuickstepLauncher m=0x108000 userHandle=UserHandle{0}}=0 , vs ResolveInfo{770c194 com.android.settings/.FallbackHome p=-1000 m=0x108000 userHandle=UserHandle{0}}=-1000
04-12 20:40:53.710073  1688  4258 E PMS-OPEN: return higher priority, ri = ResolveInfo{99ae1e7 com.transsion.launcher3/com.android.launcher3.uioverrides.QuickstepLauncher m=0x108000 userHandle=UserHandle{0}}
04-12 20:40:53.711227  5200  6446 I .apps.wellbeing: AssetManager2(0xb400006eff91c478) locale list changing from [] to [zh-Hans-CN]
04-12 20:40:53.711766  7523  7523 I ModuleManager: ModuleManager$ModuleInitListener.maybeUnloadModuleOnUnavailable():1454 module pok is unavailable
04-12 20:40:53.711991  7523  7608 I OnDeviceRecognizerModule: OnDeviceRecognizerModule.onCreate():30 onCreate()
04-12 20:40:53.712048  7523  7608 I SpeechPackManager: SpeechPackManager.init():177 init()
04-12 20:40:53.712097  7523  7608 I SpeechPackManager: SpeechPackManager.registerManifest():509 registerManifest() : https://dl.google.com//android/voice/gboard/en_us/ondevice_recognizer/superpacks-manifest-20220414.json
04-12 20:40:53.712452  7523  7523 I InputMethodEntryManager: InputMethodEntryManager.startLoadingInputMethodEntrySettings():755 Start loading input method entry settings: [LanguageTagVariantTuple{languageTag=zh-CN, variant=qwerty}, LanguageTagVariantTuple{languageTag=zz, variant=qwerty}]
04-12 20:40:53.713364  7523  7523 I InputMethodEntryManager: InputMethodEntryManager.updateInputMethodEntrySettingsLoadingTask():885 update loading task with resetImplicitlyEnabledEntries is false
04-12 20:40:53.713473  7523  7523 I PhenotypeModule: PhenotypeModule$2.onDeviceModeChanged():214 onDeviceModeChanged(): phone
04-12 20:40:53.713988  7523  7523 I LatinApp: LatinApp.getWorkManagerConfiguration():138 Customized configuration for Hilt WorkManager
04-12 20:40:53.714904  1032  1032 I zygote  : Priority USAP Pool refill. New USAPs: 1
04-12 20:40:53.716572  7523  7602 I PreferenceMigrator: PreferenceMigrator.doMigration():65 doMigration()
04-12 20:40:53.716652  7523  7602 I ThemePreferenceMigrationUtil: ThemePreferenceMigrationUtil.doMigration():19 doMigration.
04-12 20:40:53.720004  1688  2100 I WindowManager: interceptKeyBeforeQueueing keyCode = 26, down = true, policyFlags = 33554432, isWakeKey = false, isKeyGestureTriggered = false
04-12 20:40:53.720378  7523  7612 I SP      : Registering emoji.2026020320, url: https://www.gstatic.com/android/keyboard/modelpack/emoji/20260203200248/superpacks_manifest.zip, constraints: m:*:*:*, flags: *, requested: 2026020320, current: 2025081522
04-12 20:40:53.720440  1688  2100 I TranSecureCamExt: isCamUnderwaterModeOn
04-12 20:40:53.720572  7523  7612 I SP      : Registering emoji.2026020320, url: https://www.gstatic.com/android/keyboard/modelpack/emoji/20260203200248/superpacks_manifest.zip, constraints: m:*:*:*, flags: *, requested: 2026020320, current: 2025081522
04-12 20:40:53.720769  1688  2100 I TranSecureCamExt: isCamUnderwaterModeOn mCameraMode = val_not_underwater, isCameraAppRunning = false
04-12 20:40:53.720792  1688  2100 I WindowManager: interceptKeyBeforeQueueing: isCamUnderwaterModeOn:false
04-12 20:40:53.720837  1688  2100 D os.KeyguardGestureLiceFactory: volume power down
04-12 20:40:53.720923  1688  2100 D TranPhoneWindowManagerImpl: interceptKeyTq keycode=26down = true
04-12 20:40:53.721109  7523  7614 I SpeechPackManager: SpeechPackManager.registerManifest():516 registerManifest() : Reusing hash 1327534105
04-12 20:40:53.721176  1688  2100 E power_debug: ITranPhoneWindowManager.Instance().makeScreenOnByPower down: true
04-12 20:40:53.721322  1688  2100 E TranPhoneWindowManagerImpl: makeScreenOnByPower mConnectScreenActive: false down: true
04-12 20:40:53.721921  1688  2100 I TranSecureCamExt: handleKeyForCam
04-12 20:40:53.722111  1688  2100 I TranSecureCamExt: handleSecureCam keyCode = 26, down = true, isCameraAppRunning = false, isUnderwater = false, sTrCamUnderwaterSupport = false
04-12 20:40:53.722153  1688  2100 W TranSecureCamExt: handleSecureCam KEYCODE_POWER return because prop is not set.
04-12 20:40:53.722172  1688  2100 I WindowManager: interceptPowerKeyDown: handleKeyForCam interceptByCam:false
04-12 20:40:53.722183  1688  2100 D WindowManager: mTranVoiceAssistantSupport: true
04-12 20:40:53.722241  1688  2100 D WindowManager: interceptPowerKeyDown: isPowerWakeuptrue
04-12 20:40:53.722378  1688  2100 D WindowManager: interceptPowerKeyDown: sendMessageDelayed MSG_POWER_PRESS_WAKE_UP_AIVA
04-12 20:40:53.722397  7523  7618 I SpeechPackManager: SpeechPackManager.registerManifest():516 registerManifest() : Reusing hash 34060213
04-12 20:40:53.722881  1688  2442 I PMS-OPEN: intent = Intent { act=android.intent.action.MAIN cat=[android.intent.category.HOME] }, n = 2, final suggPkg = null, openWith = false
04-12 20:40:53.722970  1688  2442 D PMS-OPEN: ResolveInfo{426b471 com.transsion.launcher3/com.android.launcher3.uioverrides.QuickstepLauncher m=0x108000 userHandle=UserHandle{0}}=0 , vs ResolveInfo{fdb7256 com.android.settings/.FallbackHome p=-1000 m=0x108000 userHandle=UserHandle{0}}=-1000
04-12 20:40:53.722990  1688  2442 E PMS-OPEN: return higher priority, ri = ResolveInfo{426b471 com.transsion.launcher3/com.android.launcher3.uioverrides.QuickstepLauncher m=0x108000 userHandle=UserHandle{0}}
04-12 20:40:53.723543  7567  7567 I ackageinstaller: Using CollectorTypeCMC GC.
04-12 20:40:53.723994  1688  4258 I PMS-OPEN: intent = Intent { act=android.intent.action.MAIN cat=[android.intent.category.HOME] }, n = 2, final suggPkg = null, openWith = false
04-12 20:40:53.724666  1688  4258 D PMS-OPEN: ResolveInfo{e11b7c4 com.transsion.launcher3/com.android.launcher3.uioverrides.QuickstepLauncher m=0x108000 userHandle=UserHandle{0}}=0 , vs ResolveInfo{92126ad com.android.settings/.FallbackHome p=-1000 m=0x108000 userHandle=UserHandle{0}}=-1000
04-12 20:40:53.724854  4116  7192 I RegisteredServicesCache: invalidateCache: New Services => 
04-12 20:40:53.724938  4116  7192 I RegisteredServicesCache: ApduService: ComponentInfo{com.google.android.gms/com.google.android.gms.tapandpay.hce.service.TpHceService}, UID: 10232, description: Google Pay, Static AID Groups: Category: payment, AIDs:325041592E5359532E4444463031, , Dynamic AID Groups: 
04-12 20:40:53.724951  4116  7192 I RegisteredServicesCache: ApduService: ComponentInfo{com.google.android.gms/com.google.android.gms.nearby.mediums.nearfieldcommunication.NfcAdvertisingService}, UID: 10232, description: Nearby, Static AID Groups: Category: other, AIDs:F00000FE2C, , Dynamic AID Groups: 
04-12 20:40:53.724960  4116  7192 I RegisteredServicesCache: ApduService: ComponentInfo{com.google.android.gms/com.google.android.gms.pay.hce.service.PayHceService}, UID: 10232, description: Google 钱包, Static AID Groups: , Dynamic AID Groups: Category: other, AIDs:4F53452E5641532E3031, A000000476D0000111, 
04-12 20:40:53.724984  4116  7192 I RegisteredServicesCache: ApduService: ComponentInfo{com.google.android.gms/com.google.android.gms.dck.service.DckNfcApduService}, UID: 10232, description: Android Digital Car Key (System Service), Static AID Groups: Category: other, AIDs:A000000809434343444B467631, , Dynamic AID Groups: 
04-12 20:40:53.724991  4116  7192 I RegisteredServicesCache: ApduService: ComponentInfo{com.google.android.gms/com.google.android.gms.fido.fido2.ui.hybrid.NfcEmulationService}, UID: 10232, description: Fido NFC Emulation Service, Static AID Groups: Category: other, AIDs:A000000476B00003, , Dynamic AID Groups: 
04-12 20:40:53.724997  4116  7192 I RegisteredServicesCache: ApduService: ComponentInfo{com.transsion.gamespace.app/com.transsion.gamespace.module.shoulderkey.ShoulderKeyHceService}, UID: 10115, description: PrivacyProtection, Static AID Groups: Category: other, AIDs:D2760000850101, , Dynamic AID Groups: 
04-12 20:40:53.725007  4116  7192 I RegisteredServicesCache: ApduService: ComponentInfo{com.transsion.wallet/com.unittest.walletsdkdemo.SampleWalletHceService}, UID: 10137, description: 钱包, Static AID Groups: Category: payment, AIDs:325041592E5359532E4444463031, A0000000041010, A0000000042203, A0000000043060, A0000000049100, A0000000031010, A0000000031020, A000000025010502, A000000333010101, A000000333010102, A000000333010103, 000000000000, , Dynamic AID Groups: 
04-12 20:40:53.725009  4116  7192 I RegisteredServicesCache: invalidateCache: Removed Services => 
04-12 20:40:53.725631  1688  4258 E PMS-OPEN: return higher priority, ri = ResolveInfo{e11b7c4 com.transsion.launcher3/com.android.launcher3.uioverrides.QuickstepLauncher m=0x108000 userHandle=UserHandle{0}}
04-12 20:40:53.726464  7523  7615 W EmojiSuperpacksManager: EmojiSuperpacksManager.triggerSync():428 triggerSync(1) : canceled
04-12 20:40:53.726464  7523  7615 W EmojiSuperpacksManager: java.util.concurrent.CancellationException: Task was cancelled.
04-12 20:40:53.726464  7523  7615 W EmojiSuperpacksManager: 	at uun.i(PG:33)
04-12 20:40:53.726464  7523  7615 W EmojiSuperpacksManager: 	at uuv.r(PG:24)
04-12 20:40:53.726464  7523  7615 W EmojiSuperpacksManager: 	at uun.get(PG:1)
04-12 20:40:53.726464  7523  7615 W EmojiSuperpacksManager: 	at a.n(PG:2)
04-12 20:40:53.726464  7523  7615 W EmojiSuperpacksManager: 	at uwm.run(PG:32)
04-12 20:40:53.726464  7523  7615 W EmojiSuperpacksManager: 	at lqj.run(PG:49)
04-12 20:40:53.726464  7523  7615 W EmojiSuperpacksManager: 	at java.util.concurrent.ThreadPoolExecutor.runWorker(ThreadPoolExecutor.java:1154)
04-12 20:40:53.726464  7523  7615 W EmojiSuperpacksManager: 	at java.util.concurrent.ThreadPoolExecutor$Worker.run(ThreadPoolExecutor.java:652)
04-12 20:40:53.726464  7523  7615 W EmojiSuperpacksManager: 	at java.lang.Thread.run(Thread.java:1564)
04-12 20:40:53.726464  7523  7615 W EmojiSuperpacksManager: 	at lpy.run(PG:8)
04-12 20:40:53.726581  7523  7612 I SuperpacksManagerImpl: SuperpacksManagerImpl$3$1.onFailure():573 emoji.registerManifest() cancelled
04-12 20:40:53.726555  1098  1135 I mtkpower@impl: [setMode] type:7, enabled:1
04-12 20:40:53.726629  1098  1135 I mtkpower@impl: [setMode] Restore All
04-12 20:40:53.726955  7523  7612 I SP      : Requesting download of URL https://www.gstatic.com/android/keyboard/modelpack/emoji/20260203200248/superpacks_manifest.zip to emoji-2026020320.zip.fetched (constraints: m:b:u:l)
04-12 20:40:53.727119  7567  7567 D nativeloader: Load libframework-connectivity-tiramisu-jni.so using APEX ns com_android_tethering for caller /apex/com.android.tethering/javalib/framework-connectivity-t.jar: ok
04-12 20:40:53.728575  1098  1157 I libPowerHal: [perfUserScnRestoreAll] 
04-12 20:40:53.728585  1098  1157 I libPowerHal: [setInteractive] enable: 1
04-12 20:40:53.728581  1295  1295 D uas-service: thread(pid=1872) ux_exact_lockboost is uxtag 0x100440 ref 0x1
04-12 20:40:53.729889  1156  3418 I SurfaceFlinger: setDesiredDisplayModeSpecs: calling_process=system_server
04-12 20:40:53.730060  1156  1156 I SurfaceFlinger: setDesiredDisplayModeSpecs: policy={defaultModeId=1, allowGroupSwitching=false, primaryRanges={physical=[60.00 Hz, 120.00 Hz], render=[60.00 Hz, 120.00 Hz]}, appRequestRanges={physical=[0.00 Hz, 120.00 Hz], render=[0.00 Hz, 120.00 Hz]} idleScreenConfig=nullptr}
04-12 20:40:53.730100  1156  1156 I RefreshRateSelector: Display 4627039422300187648 policy changed
04-12 20:40:53.730100  1156  1156 I RefreshRateSelector: Previous: {defaultModeId=3, allowGroupSwitching=false, primaryRanges={physical=[0.00 Hz, 120.00 Hz], render=[60.00 Hz, 120.00 Hz]}, appRequestRanges={physical=[0.00 Hz, 120.00 Hz], render=[60.00 Hz, 120.00 Hz]} idleScreenConfig=nullptr}
04-12 20:40:53.730100  1156  1156 I RefreshRateSelector: Current:  DisplayManagerPolicy{defaultModeId=1, allowGroupSwitching=false, primaryRanges={physical=[60.00 Hz, 120.00 Hz], render=[60.00 Hz, 120.00 Hz]}, appRequestRanges={physical=[0.00 Hz, 120.00 Hz], render=[0.00 Hz, 120.00 Hz]} idleScreenConfig=nullptr}
04-12 20:40:53.730100  1156  1156 I RefreshRateSelector: 1 mode changes were performed under the previous policy
04-12 20:40:53.730155  1156  1156 D DisplayModeController: setDesiredMode 4627039422300187648 {mode={fps=120.00 Hz, modePtr={id=1, vsyncRate=120.00 Hz, peakRefreshRate=120.00 Hz}}, emitEvent=true, force=false}
04-12 20:40:53.730390  5200  6446 I .apps.wellbeing: AssetManager2(0xb400006eff91e3b8) locale list changing from [] to [zh-Hans-CN]
04-12 20:40:53.730512  1156  1156 D Scheduler: MtkOverrideDuration: update vsync 120
04-12 20:40:53.730522  1156  1156 D Scheduler: MtkOverrideDuration: reset override duration
04-12 20:40:53.730579  1156  1156 I PowerHalWrapper: updateFps(): 120
04-12 20:40:53.730513  2698  3085 D KeyguardViewMediator: onStartedWakingUp, seq = 2, mPowerGestureIntercepted = false
04-12 20:40:53.730679  2698  3085 D KeyguardViewMediator: notifyStartedWakingUp
04-12 20:40:53.730910  1032  1032 D Zygote  : Forked child process 7633
04-12 20:40:53.731118  2698  2698 D KeyguardViewMediator: handleNotifyWakingUp
04-12 20:40:53.731164  2698  2698 D KeyguardViewMediator: KeyguardViewMediator queue processing message: NOTIFY_STARTED_WAKING_UP
04-12 20:40:53.731307  2698  2698 V KeyguardUpdateMonitorLog: KeyguardFingerprintListenModel(timeMillis=1775997653731, userId=0, listening=false, allowOnCurrentOccludingActivity=false, alternateBouncerShowing=false, biometricEnabledForUser=true, biometricPromptShowing=false, bouncerIsOrWillShow=false, canSkipBouncer=false, credentialAttempted=false, deviceInteractive=true, dreaming=false, fingerprintDisabled=false, fingerprintLockedOut=false, goingToSleep=false, keyguardGoingAway=false, keyguardIsVisible=true, keyguardOccluded=false, occludingAppRequestingFp=false, shouldListenForFingerprintAssistant=false, strongerAuthRequired=true, switchingUser=false, systemUser=true, udfps=false, userDoesNotHaveTrust=true, communalShowing=false)
04-12 20:40:53.731511  2698  2698 I DozeLog : Screen on, pulsing=false
04-12 20:40:53.731612  2698  2698 D KeyguardAnimationHelper: resetNotificationPanelView: reason=onStartedWakingUp
04-12 20:40:53.731763  2698  3214 I SysUI(260302)_WallpaperTouchControl: sendToWallpaper scale=1.0
04-12 20:40:53.731894  4116  4146 I CardEmulationManager: isServiceRegistered: end, serviceFound=false
04-12 20:40:53.732335  4116  4116 I NfcService: handleMessage: MSG_PREFERRED_PAYMENT_CHANGED
04-12 20:40:53.732608  4116  4476 I NfcService: sendPreferredPaymentChangedEventAsync: Intent { act=android.nfc.action.PREFERRED_PAYMENT_CHANGED flg=0x20 (has extras) }
04-12 20:40:53.732634  1156  1156 D DisplayModeController: setDesiredMode 4627039422300187648 {mode={fps=60.00 Hz, modePtr={id=3, vsyncRate=60.00 Hz, peakRefreshRate=60.00 Hz}}, emitEvent=true, force=false}
04-12 20:40:53.732786  1156  1156 D Scheduler: MtkOverrideDuration: update vsync 60
04-12 20:40:53.732805  1156  1156 D Scheduler: MtkOverrideDuration: reset override duration
04-12 20:40:53.732858  1156  1156 I PowerHalWrapper: updateFps(): 60
04-12 20:40:53.733156  2369  4748 I TapAndPay: (REDACTED) %s: Dynamic AID registration removed.
04-12 20:40:53.730224  1688  4258 I PMS-OPEN: intent = Intent { act=android.intent.action.MAIN cat=[android.intent.category.HOME] }, n = 2, final suggPkg = null, openWith = false
04-12 20:40:53.734963  2387  2636 E Usf/policyManager: onExecuteResult: Bundle[{policy_index=1, policy_resuest_time=2026-04-12 20:40:53.734, policy_scene_name=add-process-record, policy_start_time=34542, policy_policy_name=hiber, policy_end_time=34542}] tid = 76
04-12 20:40:53.735139  2387  2636 E Usf/policyManager: onExecuteResult: Bundle[{policy_index=1, policy_resuest_time=2026-04-12 20:40:53.735, policy_scene_name=add-process-record, policy_start_time=34542, policy_policy_name=privacy, policy_end_time=34542}] tid = 76
04-12 20:40:53.735204  2369  4748 I NetworkScheduler.Stats: (REDACTED) Task %s/%s finished executing. cause:%s result: %s elapsed_millis: %s uptime_millis: %s exec_start_elapsed_seconds: %s
04-12 20:40:53.735578  1688  3302 D PowerData/TranHardWareFailureDetector: Screen state changed: ON
04-12 20:40:53.735652  1688  3302 D PowerData/TranHardWareFailureDetector: Analyzing idle period: duration=29599960min, drop records: 0
04-12 20:40:53.735667  1688  3302 D PowerData/TranHardWareFailureDetector: Not enough intervals for calculation: 0
04-12 20:40:53.735807  1688  4258 D PMS-OPEN: ResolveInfo{16d7e65 com.transsion.launcher3/com.android.launcher3.uioverrides.QuickstepLauncher m=0x108000 userHandle=UserHandle{0}}=0 , vs ResolveInfo{f3fc73a com.android.settings/.FallbackHome p=-1000 m=0x108000 userHandle=UserHandle{0}}=-1000
04-12 20:40:53.735819  1688  4258 E PMS-OPEN: return higher priority, ri = ResolveInfo{16d7e65 com.transsion.launcher3/com.android.launcher3.uioverrides.QuickstepLauncher m=0x108000 userHandle=UserHandle{0}}
04-12 20:40:53.735933  5200  6446 I .apps.wellbeing: AssetManager2(0xb400006eff91da58) locale list changing from [] to [zh-Hans-CN]
04-12 20:40:53.737345  1688  2201 D TranFingerSensorManager: setScreenState mScreenState=2
04-12 20:40:53.739817  1688  2229 D TranFingerSensorManager: updateFingerViewAlpha alpha = 1000.0
04-12 20:40:53.740042  1688  2229 D TranFingerSensorManager: updateFingerView mInSystemUI =false mFingerView =com.transsion.interaction.fingerprint.fingersensor.TranFloatView{6797bc5 V.ED..... ......ID 0,0-0,0} getParent =null
04-12 20:40:53.741139  5200  6446 I .apps.wellbeing: AssetManager2(0xb400006eff91f038) locale list changing from [] to [zh-Hans-CN]
04-12 20:40:53.741231  1688  1953 I PMS-OPEN: intent = Intent { act=android.intent.action.MAIN cat=[android.intent.category.HOME] }, n = 2, final suggPkg = null, openWith = false
04-12 20:40:53.741575  1688  3322 I PMS-OPEN: intent = Intent { act=android.media.action.STILL_IMAGE_CAMERA pkg=com.transsion.camera }, n = 1, final suggPkg = null, openWith = false
04-12 20:40:53.741681  1688  3322 I PMS-OPEN: return N is 1, r = ResolveInfo{6e83163 com.transsion.camera/.app.CameraActivity m=0x108000 userHandle=UserHandle{0}}
04-12 20:40:53.742421  1688  1953 D PMS-OPEN: ResolveInfo{586151d com.transsion.launcher3/com.android.launcher3.uioverrides.QuickstepLauncher m=0x108000 userHandle=UserHandle{0}}=0 , vs ResolveInfo{5f40392 com.android.settings/.FallbackHome p=-1000 m=0x108000 userHandle=UserHandle{0}}=-1000
04-12 20:40:53.742439  1688  1953 E PMS-OPEN: return higher priority, ri = ResolveInfo{586151d com.transsion.launcher3/com.android.launcher3.uioverrides.QuickstepLauncher m=0x108000 userHandle=UserHandle{0}}
04-12 20:40:53.742958  2698  3085 D SysUI(260302)_KeyguardService: onStartFaceUnlock
04-12 20:40:53.743059  1688  1901 D TranDreamAnimationController: DreamAnimationController evenCode = 9  mCallbacks.size(): 1
04-12 20:40:53.743145  1688  1901 I DreamAnimation: from screenoff to keyguard evencode = 9
04-12 20:40:53.743156  1688  1901 I DreamAnimation:   hookScreenStateFromOffToOn  mState=6
04-12 20:40:53.743167  2698  3085 I SysUI(260302)_KeyguardService: onScreenTurningOn
04-12 20:40:53.743219  1688  1901 D TranLedControllerTOS16: hookCurDisplayState: 2
04-12 20:40:53.743264  2698  3085 I SysUI(260302)_KeyguardService: IKeyguardDrawnCallback#onDrawn
04-12 20:40:53.743276  2698  3203 I SysUI(260302)_IslandViewShareController:  screenPowerState SCREEN_TURNING_ON
04-12 20:40:53.743341  1688  1901 D SensorManager: registerListenerImpl sensor={Sensor name="stk35f62_als", vendor="sensortek", version=1, type=5, maxRange=65535.0, resolution=1.0, power=0.001, minDelay=125000} pid=1688 uid=1000 pkgname=android listener=com.android.server.display.AutomaticBrightnessController$2@b85b9ed
04-12 20:40:53.743350  2698  3203 I SysUI(260302)_IslandPluginManager: onStateChange isFullscreen false userId 0 isExpanded true  state 1 isHeadsUpPinned false   isScreenON false currentVisibleProcess  [com.android.settings]
04-12 20:40:53.743392  2698  3203 I Dy(260302)_IslandPluginService: onStateChange isFullscreen=false,userId=0,isExpanded=true, barState=1,isHeadsUpPinned=false,isScreenON=false,currentVisibleProcess=[com.android.settings]
04-12 20:40:53.743491  2698  3203 I Dy(260302)_StatusDataDispatcher: processList:[com.android.settings], newList=[com.android.settings]
04-12 20:40:53.743500  2698  3203 D Dy(260302)_StatusDataDispatcher: Status changed isFullScreen:false isExpanded:true isState:1 orientation:1 isHeadsUpPinned:false
04-12 20:40:53.743531  1688  1801 D TranPhoneWindowManagerImpl: mKeyguardDelegate.ShowListener.onDrawn. mPreWakeupInProgress = false
04-12 20:40:53.743537  5200  6446 I .apps.wellbeing: AssetManager2(0xb400006eff91bb18) locale list changing from [] to [zh-Hans-CN]
04-12 20:40:53.743672  1058  1058 I OriginChannel: batch: [5,165000000,0]
04-12 20:40:53.743800  1688  1901 I SensorService: 	>>> actuating h/w activate handle=16777221 enabled=1
04-12 20:40:53.743933  1058  1058 I OriginChannel: activate: [5,1]
04-12 20:40:53.743949  2745  4313 D EventModel: eventCode is 9
04-12 20:40:53.743970  2745  4313 I Pictorial2Controller: startAnimation, aod status is SCREENOFF_TO_KEYGUARD, mIsLockScreenWallpaper=true, mWallPaperType=103
04-12 20:40:53.743975  2745  4313 I Pictorial2Controller: playLockAnimation
04-12 20:40:53.744322  2698  2698 D SysUI(260302)_BackActionInteractor: registerBackCallback  isCallbackRegistered=false  onBackInvokedDispatcher:android.window.WindowOnBackInvokedDispatcher@6fd5818  callback:androidx.compose.ui.window.Api33Impl$$ExternalSyntheticLambda0@f814d79
04-12 20:40:53.745127  1688  2277 I PMS-OPEN: intent = Intent { act=android.intent.action.MAIN cat=[android.intent.category.HOME] }, n = 2, final suggPkg = null, openWith = false
04-12 20:40:53.745361  1688  2277 D PMS-OPEN: ResolveInfo{125338c com.transsion.launcher3/com.android.launcher3.uioverrides.QuickstepLauncher m=0x108000 userHandle=UserHandle{0}}=0 , vs ResolveInfo{cd3cad5 com.android.settings/.FallbackHome p=-1000 m=0x108000 userHandle=UserHandle{0}}=-1000
04-12 20:40:53.745370  4914  6180 I cwoh    : (REDACTED) Writing metadata key: %s, corpus: %s
04-12 20:40:53.745598  1688  2277 E PMS-OPEN: return higher priority, ri = ResolveInfo{125338c com.transsion.launcher3/com.android.launcher3.uioverrides.QuickstepLauncher m=0x108000 userHandle=UserHandle{0}}
04-12 20:40:53.745784  1688  1901 I SensorService: enable: connectionUid = 1000; connectionPackage = com.android.server.display.AutomaticBrightnessController; handle = 0x01000005; activate = true
04-12 20:40:53.745781  4914  6180 I cwoh    : (REDACTED) Writing metadata key: %s, corpus: %s
04-12 20:40:53.745823  1688  3302 I PhoneCallSuspendDetector: onScreenStateChanged=2
04-12 20:40:53.745842  1688  3302 I PhoneCallSuspendDetector: 2
04-12 20:40:53.746036  5200  6446 I .apps.wellbeing: AssetManager2(0xb400006eff920618) locale list changing from [] to [zh-Hans-CN]
04-12 20:40:53.746107  7523  7523 I InputMethodEntryManager: InputMethodEntryManager$4.onSuccess():907 Success load entries: [LanguageTagVariantTuple{languageTag=zh-CN, variant=qwerty}, LanguageTagVariantTuple{languageTag=zz, variant=qwerty}], resetImplicitlyEnabledEntries=false, initialized=false
04-12 20:40:53.746175  7523  7523 I InputMethodEntryManager: InputMethodEntryManager.changeEnabledInputMethodEntries():1771 Change enabled input method entries, useSystemLanguage=true, old=, new=zh-CN:qwerty;zz:qwerty
