04-12 20:40:53.877463  7567  7567 V GraphicsEnvironment: com.google.android.packageinstaller is not listed in ANGLE allowlist or settings, returning default
04-12 20:40:53.877465  1042  1042 D android.hardware.bluetooth@aidl-impl: BtHostDebugInfo
04-12 20:40:53.877478  1042  1042 D [BT]    : mtk_bt_op: BT_VND_OP_SET_BTHOST
04-12 20:40:53.877662  2579  2579 E MtkPhoneIntfMgrEx: MainThreadHandler.handleMessage : 3
04-12 20:40:53.877689  2579  2579 D MtkPhoneIntfMgrEx: EVENT_AT_URC_IND(0) AT(prefix): +EGREG
04-12 20:40:53.877874  2690  2862 D TRNS_Plugin_W: EVENT_AT_COMMAND_URC: [0, +EGREG: 0,"00A844","000BB2D03",4,"40",0,0,0,0,0,0,0]
04-12 20:40:53.877951  2690  2862 D UrcEventAnalyzer: [getUrcModuleId] urc: [0, +EGREG: 0,"00A844","000BB2D03",4,"40",0,0,0,0,0,0,0]
04-12 20:40:53.877960  2690  2862 D UrcEventAnalyzer: [getUrcModuleId] atCmd: [+EGREG:0, "00A844", "000BB2D03", 4, "40", 0, 0, 0, 0, 0, 0, 0]
04-12 20:40:53.877965  2690  2862 D UrcEventAnalyzer: Illegal dmf module id.
04-12 20:40:53.878532  1688  2282 I SensorService: enable: connectionUid = 10232; connectionPackage = com.google.ccc.abuse.droidguard.events.b; handle = 0x0100000a; activate = true
04-12 20:40:53.878914  6034  6053 D SensorManager: registerListenerImpl sensor={Sensor name="rot_vec", vendor="mtk", version=1, type=11, maxRange=1.0, resolution=5.9604645E-8, power=0.001, minDelay=5000} pid=6034 uid=10232 pkgname=com.google.android.gms listener=com.google.ccc.abuse.droidguard.events.b@6f1f86b
04-12 20:40:53.879087  7567  7567 I LoadedApk: No resource references to update in package com.transsion.thub.res
04-12 20:40:53.879222  7567  7567 I LoadedApk: No resource references to update in package com.transsion.theme.icon
04-12 20:40:53.879291  5200  6446 I .apps.wellbeing: AssetManager2(0xb400006eff928f98) locale list changing from [] to [zh-Hans-CN]
04-12 20:40:53.879357  7567  7567 I LoadedApk: No resource references to update in package com.transsionui
04-12 20:40:53.880650  5200  6446 I .apps.wellbeing: AssetManager2(0xb400006eff92da98) locale list changing from [] to [zh-Hans-CN]
04-12 20:40:53.881044  1688  4450 I PMS-OPEN: intent = Intent { act=android.intent.action.MAIN cat=[android.intent.category.HOME] }, n = 2, final suggPkg = null, openWith = false
04-12 20:40:53.881095  1688  4450 D PMS-OPEN: ResolveInfo{609a0cc com.transsion.launcher3/com.android.launcher3.uioverrides.QuickstepLauncher m=0x108000 userHandle=UserHandle{0}}=0 , vs ResolveInfo{adfcf15 com.android.settings/.FallbackHome p=-1000 m=0x108000 userHandle=UserHandle{0}}=-1000
04-12 20:40:53.881102  1688  4450 E PMS-OPEN: return higher priority, ri = ResolveInfo{609a0cc com.transsion.launcher3/com.android.launcher3.uioverrides.QuickstepLauncher m=0x108000 userHandle=UserHandle{0}}
04-12 20:40:53.881745  1688  4399 I PMS-OPEN: intent = Intent { act=android.intent.action.MAIN cat=[android.intent.category.HOME] }, n = 2, final suggPkg = null, openWith = false
04-12 20:40:53.881876  1688  4399 D PMS-OPEN: ResolveInfo{1a1c22a com.transsion.launcher3/com.android.launcher3.uioverrides.QuickstepLauncher m=0x108000 userHandle=UserHandle{0}}=0 , vs ResolveInfo{184a81b com.android.settings/.FallbackHome p=-1000 m=0x108000 userHandle=UserHandle{0}}=-1000
04-12 20:40:53.881906  1688  4399 E PMS-OPEN: return higher priority, ri = ResolveInfo{1a1c22a com.transsion.launcher3/com.android.launcher3.uioverrides.QuickstepLauncher m=0x108000 userHandle=UserHandle{0}}
04-12 20:40:53.882628  1688  4450 I PMS-OPEN: intent = Intent { act=android.intent.action.MAIN cat=[android.intent.category.HOME] }, n = 2, final suggPkg = null, openWith = false
04-12 20:40:53.882687  1688  4450 D PMS-OPEN: ResolveInfo{95fdb8 com.transsion.launcher3/com.android.launcher3.uioverrides.QuickstepLauncher m=0x108000 userHandle=UserHandle{0}}=0 , vs ResolveInfo{77b4791 com.android.settings/.FallbackHome p=-1000 m=0x108000 userHandle=UserHandle{0}}=-1000
04-12 20:40:53.882701  1688  4450 E PMS-OPEN: return higher priority, ri = ResolveInfo{95fdb8 com.transsion.launcher3/com.android.launcher3.uioverrides.QuickstepLauncher m=0x108000 userHandle=UserHandle{0}}
04-12 20:40:53.882860  1688  7235 W ApiInvoke1.5.123: ApiPublisherConnection: registerRemoteSubscribeStub success {"pid": "1688","process": "system","packageName": "android","channels": ["system"],"version": "1.5.123"} >> system
04-12 20:40:53.882954  1688  7235 W ApiInvoke1.5.123: ApiPublisherConnection: registerRemoteSubscribeStub currentTimes 1 success true
04-12 20:40:53.883313  1688  4450 I PMS-OPEN: intent = Intent { act=android.intent.action.MAIN cat=[android.intent.category.HOME] }, n = 2, final suggPkg = null, openWith = false
04-12 20:40:53.883343  5200  6446 I .apps.wellbeing: AssetManager2(0xb400006eff92e0d8) locale list changing from [] to [zh-Hans-CN]
04-12 20:40:53.883364  1688  4450 D PMS-OPEN: ResolveInfo{97bcbcd com.transsion.launcher3/com.android.launcher3.uioverrides.QuickstepLauncher m=0x108000 userHandle=UserHandle{0}}=0 , vs ResolveInfo{f5c6c82 com.android.settings/.FallbackHome p=-1000 m=0x108000 userHandle=UserHandle{0}}=-1000
04-12 20:40:53.883374  1688  4450 E PMS-OPEN: return higher priority, ri = ResolveInfo{97bcbcd com.transsion.launcher3/com.android.launcher3.uioverrides.QuickstepLauncher m=0x108000 userHandle=UserHandle{0}}
04-12 20:40:53.883464  1058  1058 I OriginChannel: batch: [11,20000000,0]
04-12 20:40:53.883535  2571  2593 I bt_shim_scanner: [le_scanning_manager.cc(166)] RegisterScanner: in shim layer, UUID=42024336-4432-4cbd-be2e-c4ca9f7381f9
04-12 20:40:53.883678  1688  4795 I SensorService: 	>>> actuating h/w activate handle=16777227 enabled=1
04-12 20:40:53.883751  1058  1058 I OriginChannel: activate: [11,1]
04-12 20:40:53.884323  7523  7604 W JobInfo : Requested important-while-foreground flag for job71 is ignored and takes no effect
04-12 20:40:53.884680  5200  6446 I .apps.wellbeing: AssetManager2(0xb400006eff92b838) locale list changing from [] to [zh-Hans-CN]
04-12 20:40:53.885100  1688  1876 D tranpm/BaseDataManager: mTid 541861000034 insertInfo: upload disabled, info not inserted
04-12 20:40:53.886484  4853  5530 D BluetoothLeScanner: onScannerRegistered() - status=0 scannerId=2 mScannerId=0
04-12 20:40:53.886690  2571  2593 I BtGatt.ScanController: startScan Uid/Pid=1000/4853 packageName=com.transsion.iotservice
04-12 20:40:53.886976  7523  7616 W System  : ClassLoader referenced unknown path: 
04-12 20:40:53.887154  7523  7616 D nativeloader: Configuring clns-10 for other apk . target_sdk_version=37, uses_libraries=, library_path=/data/app/~~MdVePR4_xkAFKkfvfq4aIQ==/com.google.android.gms-WpJNIfWRrgn5vtKGnlcbog==/lib/arm64:/data/app/~~MdVePR4_xkAFKkfvfq4aIQ==/com.google.android.gms-WpJNIfWRrgn5vtKGnlcbog==/base.apk!/lib/arm64-v8a, permitted_path=/data:/mnt/expand:/data/user/0/com.google.android.gms
04-12 20:40:53.887523  1688  4795 I SensorService: enable: connectionUid = 10232; connectionPackage = com.google.ccc.abuse.droidguard.events.b; handle = 0x0100000b; activate = true
04-12 20:40:53.888549  7523  7604 W JobInfo : Requested important-while-foreground flag for job68 is ignored and takes no effect
04-12 20:40:53.889240  5200  6446 I .apps.wellbeing: AssetManager2(0xb400006eff9312d8) locale list changing from [] to [zh-Hans-CN]
04-12 20:40:53.889576  7523  7616 I putmethod.latin: AssetManager2(0xb400006eff8e0518) locale list changing from [] to [zh-Hans-CN]
04-12 20:40:53.890077  7523  7604 W JobInfo : Requested important-while-foreground flag for job75 is ignored and takes no effect
04-12 20:40:53.890470  1688  1796 I system_server: Background young concurrent mark compact GC freed 45MB AllocSpace bytes, 71(1484KB) LOS objects, 41% free, 59MB/102MB, paused 5.189ms,1.613ms total 151.619ms
04-12 20:40:53.891261  3908  3908 D Kolun_AI.BleServiceBinder: [16.02.00.006]onServiceConnected ComponentInfo{com.transsion.iotservice/com.transsion.iotservice.service.GlobaleScanToastControlService}
04-12 20:40:53.891853  5200  6446 I .apps.wellbeing: AssetManager2(0xb400006eff92bb58) locale list changing from [] to [zh-Hans-CN]
04-12 20:40:53.893720  2571  2593 I AppScanStats: BLE_SCAN_STATE_CHANGED[2]reportBleScanStarted=false
04-12 20:40:53.894131  2690  2727 D TranTelephonyProvider: query uri = content://com.transsion.tranradionet.TranTelephonyProvider/commoninfo projection=null selection=tid = ? AND collectTime >= ? AND collectTime <= ? selectionArgs=[431061000019, 2026-04-12 20:40:45, 2026-04-12 20:40:53]
04-12 20:40:53.897116  1688  7235 W ApiInvoke1.5.123: ApiPublisherConnection: registerRemoteSubscribeStub process {"pid": "1688","process": "system","packageName": "android","channels": ["system"],"version": "1.5.123"} hasLocalPublish true
04-12 20:40:53.899134  7523  7616 W putmethod.latin: ClassLoaderContext classpath element checksum mismatch. expected=853215258, found=978703980 (DLC[];PCL[base.apk*853215258]{PCL[/system/framework/org.apache.http.legacy.jar*4247870504]#PCL[/system/framework/com.android.location.provider.jar*1570284764]#PCL[/system/framework/com.android.media.remotedisplay.jar*487574312]#PCL[/system_ext/framework/com.android.extensions.appfunctions.jar*2880224042]#PCL[/system_ext/framework/androidx.window.extensions.jar*225865634]#PCL[/system_ext/framework/androidx.window.sidecar.jar*3674945379]} | DLC[];PCL[/data/app/~~Gcu-t81Rb_hE0FxIWPg3ww==/com.google.android.inputmethod.latin-iZhYWwsxGjb62k0qCjWV7A==/base.apk*978703980]{PCL[/system_ext/framework/androidx.window.extensions.jar*225865634]#PCL[/system_ext/framework/androidx.window.sidecar.jar*3674945379]})
04-12 20:40:53.899125  4116  4476 I NfcService:  handleScreenStateChanged async!
04-12 20:40:53.899708  4116  4116 I NfcService: handleMessage: MSG_APPLY_SCREEN_STATEON_LOCKED
04-12 20:40:53.900001  1688  2169 D AS.AudioService: onReceive action = android.intent.action.SCREEN_ON
04-12 20:40:53.901255  4116  4116 D libnfc_nci: nfcManager_doSetScreenState: state = 4 prevScreenState= 2, discovry_param = 1
04-12 20:40:53.901836  1140  1140 I android.hardware.nfc-service.nxp_vvnd: write
04-12 20:40:53.901904  1140  5657 D NxpTml  : NFCC - Write requested.....
04-12 20:40:53.901907  1140  5657 D NxpTml  : NFCC - Invoking Write.....
04-12 20:40:53.901919  1026  7652 I resolv  : GetAddrInfoHandler::run: {100 100 100 983140 10243 0}
04-12 20:40:53.904203  5200  6446 I .apps.wellbeing: AssetManager2(0xb400006eff92f398) locale list changing from [] to [zh-Hans-CN]
04-12 20:40:53.904789  1026  7653 I resolv  : res_nmkquery: (QUERY, IN, A)
04-12 20:40:53.905178  1140  5657 D NxpTml  : Write errno : 6
04-12 20:40:53.905198  1140  5657 D NxpTml  : NFCC - Error in Write.....
04-12 20:40:53.905201  1140  5657 D NxpTml  : NFCC - Posting Fresh Write message.....
04-12 20:40:53.905210  1140  5657 D NxpTml  : NFCC - Tml Writer Thread Running................
04-12 20:40:53.905223  1140  5659 D NxpHal  : write error status = 0x1ff
04-12 20:40:53.905235  1140  1140 D NxpHal  : write_unlocked failed - NFCC Maybe in Standby Mode - Retry
04-12 20:40:53.905392  7523  7604 W JobInfo : Requested important-while-foreground flag for job69 is ignored and takes no effect
04-12 20:40:53.905826  7523  7616 I putmethod.latin: AssetManager2(0xb400006eff8df258) locale list changing from [] to [zh-Hans-CN]
04-12 20:40:53.906191  2698  3064 D KeyguardTransitionRepository: (Internal) Setting current transition info: TransitionInfo(ownerName=FromAodTransitionInteractor(listen for aod to awake), from=AOD, to=LOCKSCREEN, animated)
04-12 20:40:53.906267  1688  2100 I WindowManager: interceptKeyBeforeQueueing keyCode = 26, down = false, policyFlags = 570425344, isWakeKey = false, isKeyGestureTriggered = false
04-12 20:40:53.906340  1688  2100 D tf/c_TranFactoryModeServiceComponentImpl: keyPassToUser: keyCode=26, keyType=power_type, keyAction=1
04-12 20:40:53.906563  2369  4748 I NetworkScheduler.Stats: (REDACTED) Task %s/%s started execution. cause:%s exec_start_elapsed_seconds: %s
04-12 20:40:53.906604  2690  2986 D ElevatorDetector: Elevator mode event reported: result=0.0
04-12 20:40:53.906883  1688  2100 I TranSecureCamExt: isCamUnderwaterModeOn
04-12 20:40:53.906895  7523  7616 I putmethod.latin: AssetManager2(0xb400006eff8e4398) locale list changing from [] to [zh-Hans-CN]
04-12 20:40:53.906970  1688  2100 I TranSecureCamExt: isCamUnderwaterModeOn mCameraMode = val_not_underwater, isCameraAppRunning = false
04-12 20:40:53.906990  1688  2100 I WindowManager: interceptKeyBeforeQueueing: isCamUnderwaterModeOn:false
04-12 20:40:53.907024  1688  2100 D os.KeyguardGestureLiceFactory: volume power up
04-12 20:40:53.907112  1688  2100 D TranPhoneWindowManagerImpl: interceptKeyTq keycode=26down = false
04-12 20:40:53.907373  1688  1820 I SideFpsEventHandler: notifyPowerPressed
04-12 20:40:53.907412  1688  2100 E power_debug: ITranPhoneWindowManager.Instance().makeScreenOnByPower down: false
04-12 20:40:53.907431  1688  2100 E TranPhoneWindowManagerImpl: makeScreenOnByPower mConnectScreenActive: false down: false
04-12 20:40:53.907452  1688  2100 D WindowManager: removeMessages: MSG_POWER_PRESS_WAKE_UP_AIVA
04-12 20:40:53.907466  1688  2100 I TranSecureCamExt: handleKeyForCam
04-12 20:40:53.907542  1688  2100 I TranSecureCamExt: handleSecureCam keyCode = 26, down = false, isCameraAppRunning = false, isUnderwater = false, sTrCamUnderwaterSupport = false
04-12 20:40:53.907556  1688  2100 W TranSecureCamExt: handleSecureCam KEYCODE_POWER return because prop is not set.
04-12 20:40:53.907568  1688  2100 I WindowManager: interceptPowerKeyUp: handleKeyForCam interceptByCam:false
04-12 20:40:53.909502  5200  6446 I .apps.wellbeing: AssetManager2(0xb400006eff92e718) locale list changing from [] to [zh-Hans-CN]
04-12 20:40:53.909895  7523  7604 W JobInfo : Requested important-while-foreground flag for job74 is ignored and takes no effect
04-12 20:40:53.910057  2579  2579 D TLinkBrush_DATA: [TranSST0] checkOos -- state = 1
04-12 20:40:53.910840  1044  2502 W         : geofence_dev_open: [geofence_dev_open] /dev/aol_geofence failed:Device or resource busy
04-12 20:40:53.910872  1044  2502 E         : scp2gfchal_jni_thread: geofence_dev_open failed, Device or resource busy, retry:15
04-12 20:40:53.910894  7523  7604 W JobInfo : Requested important-while-foreground flag for job80 is ignored and takes no effect
04-12 20:40:53.911151  2690  2727 D TranTelephonyProvider: query uri = content://com.transsion.tranradionet.TranTelephonyProvider/commoninfo projection=null selection=tid = ? AND collectTime >= ? AND collectTime <= ? selectionArgs=[431061000020, 2026-04-12 20:40:45, 2026-04-12 20:40:53]
04-12 20:40:53.912197  1325  7459 E MobileLogD: fread error! No such file or directory(2)
04-12 20:40:53.912286  1325  7459 I MobileLogD: dump cmd:logcat -L
04-12 20:40:53.912728  5200  6446 I .apps.wellbeing: AssetManager2(0xb400006eff92fcf8) locale list changing from [] to [zh-Hans-CN]
04-12 20:40:53.913860  7523  7616 D nativeloader: Configuring clns-11 for other apk . target_sdk_version=36, uses_libraries=ALL, library_path=/data/app/~~MdVePR4_xkAFKkfvfq4aIQ==/com.google.android.gms-WpJNIfWRrgn5vtKGnlcbog==/split_CronetDynamite_installtime.apk!/lib/arm64-v8a, permitted_path=/data:/mnt/expand
04-12 20:40:53.914660  7523  7616 D nativeloader: Extending system_exposed_libraries: libapuwareapusys.mtk.so:libapuwareapusys_v2.mtk.so:libapuwarexrp.mtk.so:libapuwarexrp_v2.mtk.so:libapuwareutils.mtk.so:libapuwareutils_v2.mtk.so:libapuwarehmp.mtk.so:libapuwareaiste.mtk.so:libneuron_graph_delegate.mtk.so:libneuronusdk_adapter.mtk.so:libtflite_mtk.mtk.so:libarmnn_ndk.mtk.so:libcmdl_ndk.mtk.so:libnir_neon_driver_ndk.mtk.so:libmvpu_runtime.mtk.so:libmvpu_runtime_pub.mtk.so:libmvpu_engine_pub.mtk.so:libmvpu_pattern_pub.mtk.so:libmvpuop_mtk_cv.mtk.so:libmvpuop_mtk_nn.mtk.so:libmvpu_runtime_25.mtk.so:libmvpu_runtime_25_pub.mtk.so:libmvpu_engine_25_pub.mtk.so:libmvpu_pattern_25_pub.mtk.so:libmvpuop25_mtk_cv.mtk.so:libmvpuop25_mtk_nn.mtk.so:libmvpu_config.mtk.so:libmvpu_engine_30.mtk.so:libmvpu_pattern_30.mtk.so:libmvpu_cic_ci_compiler_30.mtk.so:libmvpu_runtime_30.mtk.so:libmvpu_clc_30_mvpu_debuginfo.mtk.so:libmvpu_clc_30_mvpu_elf.mtk.so:libmvpu_clc_30_mvpu_utility.mtk.so:libneuronservice_adapter.mtk.so:libneuron_sys_util.mtk.so:libmvpuop30_mtk_nn.mtk.so:libneuron
04-12 20:40:53.914797  7523  7610 I DeviceStatusMonitor: DeviceStatusMonitor.handleBroadcast():138 onReceive() : Action = android.intent.action.SCREEN_ON
04-12 20:40:53.914928  7523  7610 I DeviceStatusMonitor: DeviceStatusMonitor.updateCountryInfo():154 updateCountryInfo(), notifyAnyway = false
04-12 20:40:53.915339  1140  5657 D NxpTml  : NFCC - Write requested.....
04-12 20:40:53.915357  1140  5657 D NxpTml  : NFCC - Invoking Write.....
04-12 20:40:53.915585  1140  5657 I NxpNciX : len =   4 > 20090102
04-12 20:40:53.915605  1140  5657 D NxpTml  : NFCC - Write successful.....
04-12 20:40:53.915608  1140  5657 D NxpTml  : NFCC - Posting Fresh Write message.....
04-12 20:40:53.915616  1140  5657 D NxpTml  : NFCC - Tml Writer Thread Running................
04-12 20:40:53.915627  1140  5659 D NxpHal  : write successful status = 0x0
04-12 20:40:53.916166  1140  5656 D NxpTml  : NFCC - Read successful.....
04-12 20:40:53.916366  1140  5656 I NxpNciR : len =   4 > 40090100
04-12 20:40:53.916383  1140  5656 D NxpTml  : NFCC - Posting read message.....
04-12 20:40:53.916400  1140  5659 D NxpHal  : read successful status = 0x0
04-12 20:40:53.916860  2579  2579 D SatelliteController: registerForSatelliteModemStateChanged: add Listeners for ModemState
04-12 20:40:53.916869  2579  2579 E SatelliteController: registerForSatelliteModemStateChanged: mSatelliteSessionController is not initialized yet
04-12 20:40:53.917372  5200  6446 I .apps.wellbeing: AssetManager2(0xb400006eff92f9d8) locale list changing from [] to [zh-Hans-CN]
04-12 20:40:53.917406  2369  4748 I NetworkScheduler.Stats: (REDACTED) Task %s/%s finished executing. cause:%s result: %s elapsed_millis: %s uptime_millis: %s exec_start_elapsed_seconds: %s
04-12 20:40:53.917472  7523  7608 I DeviceStatusMonitor: DeviceStatusMonitor.handleBroadcast():138 onReceive() : Action = android.net.conn.CONNECTIVITY_CHANGE
04-12 20:40:53.918440  1140  5656 D NxpTml  : NFCC - Read requested.....
04-12 20:40:53.918470  1140  5656 D NxpTml  : NFCC - Invoking Read.....
04-12 20:40:53.919026  4116  4864 D libnfc_nci: nfaDeviceManagementCallback: enter; event=0xB
04-12 20:40:53.919064  4116  4864 D libnfc_nci: nfaDeviceManagementCallback: NFA_DM_SET_POWER_SUB_STATE_EVT; status=0x0
04-12 20:40:53.919327  7523  7608 I DeviceStatusMonitor: DeviceStatusMonitor.notifyIfNetworkChanged():200 notifyIfNetworkChanged: newState = NON_METERED, airplaneModeOn = false, notifyAnyway = false
04-12 20:40:53.920051  7523  7616 D nativeloader: Load /data/app/~~MdVePR4_xkAFKkfvfq4aIQ==/com.google.android.gms-WpJNIfWRrgn5vtKGnlcbog==/split_CronetDynamite_installtime.apk!/lib/arm64-v8a/libcronet.146.0.7680.144.so using isolated ns clns-11 (caller=/data/app/~~MdVePR4_xkAFKkfvfq4aIQ==/com.google.android.gms-WpJNIfWRrgn5vtKGnlcbog==/split_CronetDynamite_installtime.apk!classes2.dex): ok
04-12 20:40:53.920325  1140  1140 I android.hardware.nfc-service.nxp_vvnd: write
04-12 20:40:53.920384  1140  5657 D NxpTml  : NFCC - Write requested.....
04-12 20:40:53.920388  1140  5657 D NxpTml  : NFCC - Invoking Write.....
04-12 20:40:53.920736  1140  5657 I NxpNciX : len =   7 > 20020401020100
04-12 20:40:53.920762  1140  5657 D NxpTml  : NFCC - Write successful.....
04-12 20:40:53.920765  1140  5657 D NxpTml  : NFCC - Posting Fresh Write message.....
04-12 20:40:53.920773  1140  5657 D NxpTml  : NFCC - Tml Writer Thread Running................
04-12 20:40:53.920786  1140  5659 D NxpHal  : write successful status = 0x0
04-12 20:40:53.921682  1140  5656 D NxpTml  : NFCC - Read successful.....
04-12 20:40:53.921722  1140  5656 I NxpNciR : len =   5 > 4002020000
04-12 20:40:53.921729  1140  5656 D NxpTml  : NFCC - Posting read message.....
04-12 20:40:53.921795  1140  5659 D NxpHal  : read successful status = 0x0
04-12 20:40:53.921807  1140  5659 D NxpHal  : phNxpNciHal_print_res_status: response status =STATUS_OK
04-12 20:40:53.922247  5200  6446 I .apps.wellbeing: AssetManager2(0xb400006eff930018) locale list changing from [] to [zh-Hans-CN]
04-12 20:40:53.922294  7523  7654 I HttpFlagsLoader: HTTP flags log line (Impl): Using live production flag values from Google
04-12 20:40:53.924176  1140  5656 D NxpTml  : NFCC - Read requested.....
04-12 20:40:53.924281  1140  5656 D NxpTml  : NFCC - Invoking Read.....
04-12 20:40:53.925131  4116  4864 D libnfc_nci: nfaDeviceManagementCallback: enter; event=0x2
04-12 20:40:53.925166  4116  4864 D libnfc_nci: nfaDeviceManagementCallback: NFA_DM_SET_CONFIG_EVT
04-12 20:40:53.926652  1688  2920 D ConnectivityService: requestNetwork for uid/pid:10243/7523 activeRequest: null callbackRequest: 238 [NetworkRequest [ REQUEST id=239, [ Capabilities: INTERNET&NOT_RESTRICTED&TRUSTED&NOT_VCN_MANAGED&NOT_BANDWIDTH_CONSTRAINED Uid: 10243 RequestorUid: 10243 RequestorPkg: com.google.android.inputmethod.latin UnderlyingNetworks: Null] ]] callback flags: 0 order: 2147483647 isUidTracked: false declaredMethods: AVAIL|LOST|NC|LP
04-12 20:40:53.927480  5200  6446 I .apps.wellbeing: AssetManager2(0xb400006eff930978) locale list changing from [] to [zh-Hans-CN]
04-12 20:40:53.927860  1688  2143 D WifiNetworkFactory: got request NetworkRequest [ REQUEST id=239, [ Capabilities: INTERNET&NOT_RESTRICTED&TRUSTED&NOT_VCN_MANAGED&NOT_BANDWIDTH_CONSTRAINED Uid: 10243 RequestorUid: 10243 RequestorPkg: com.google.android.inputmethod.latin UnderlyingNetworks: Null] ]
04-12 20:40:53.928074  1688  2143 D UntrustedWifiNetworkFactory: got request NetworkRequest [ REQUEST id=239, [ Capabilities: INTERNET&NOT_RESTRICTED&TRUSTED&NOT_VCN_MANAGED&NOT_BANDWIDTH_CONSTRAINED Uid: 10243 RequestorUid: 10243 RequestorPkg: com.google.android.inputmethod.latin UnderlyingNetworks: Null] ]
04-12 20:40:53.928368  1688  2143 D OemPaidWifiNetworkFactory: got request NetworkRequest [ REQUEST id=239, [ Capabilities: INTERNET&NOT_RESTRICTED&TRUSTED&NOT_VCN_MANAGED&NOT_BANDWIDTH_CONSTRAINED Uid: 10243 RequestorUid: 10243 RequestorPkg: com.google.android.inputmethod.latin UnderlyingNetworks: Null] ]
04-12 20:40:53.928637  1688  2143 D MultiInternetWifiNetworkFactory: got request NetworkRequest [ REQUEST id=239, [ Capabilities: INTERNET&NOT_RESTRICTED&TRUSTED&NOT_VCN_MANAGED&NOT_BANDWIDTH_CONSTRAINED Uid: 10243 RequestorUid: 10243 RequestorPkg: com.google.android.inputmethod.latin UnderlyingNetworks: Null] ]
04-12 20:40:53.928820  1688  2153 D ConnectivityService: NetReassign [239 : null → 100] [c 0] [a 0] [i 1]
04-12 20:40:53.929427  7523  7616 I cn_CronetLibraryLoader: Cronet version: 146.0.7680.144, arch: aarch64
04-12 20:40:53.929603  1688  2153 D ConnectivityService: NetReassign [no changes] [c 0] [a 0] [i 0]
04-12 20:40:53.930160  7523  7604 W JobInfo : Requested important-while-foreground flag for job81 is ignored and takes no effect
04-12 20:40:53.931325  2690  2727 D TranTelephonyProvider: query uri = content://com.transsion.tranradionet.TranTelephonyProvider/commoninfo projection=null selection=tid = ? AND collectTime >= ? AND collectTime <= ? selectionArgs=[431061000023, 2026-04-12 20:40:45, 2026-04-12 20:40:53]
04-12 20:40:53.933088  2690  2690 D TranDeviceObserver: onReceive: action = android.intent.action.SCREEN_ON
04-12 20:40:53.935725  7523  7604 W JobInfo : Requested important-while-foreground flag for job82 is ignored and takes no effect
04-12 20:40:53.937366  2387  2632 E Usf/policyManager: onExecuteResult: Bundle[{policy_index=1, policy_resuest_time=2026-04-12 20:40:53.761, policy_scene_name=wakefulness-changed, policy_start_time=34568, policy_policy_name=poweradar-policy, policy_end_time=34744}] tid = 72
04-12 20:40:53.937752  2690  2986 D VehicleModeDetector: Screen state changed: ON
04-12 20:40:53.937970  2690  2986 D VehicleModeDetector: [Screen On Optimization] Not in vehicle state before screen off or sensor unavailable, skip
04-12 20:40:53.938501  7523  7523 I BaseClearcutAdapter: BaseClearcutAdapter.queryAndUpdateUserCheckboxOptIn():273 Checkbox = true
04-12 20:40:53.939595  5200  6446 I .apps.wellbeing: AssetManager2(0xb400006eff92ea38) locale list changing from [] to [zh-Hans-CN]
04-12 20:40:53.941374  2579  3760 D PhoneInterfaceManager: [checkCallMethod] slotIndex: 0, count: 2, simMode: 2
04-12 20:40:53.942240  1084  1084 I android.hardware.thermal-service.mediatek: getTemperaturesWithType TemperatureType: 3
04-12 20:40:53.942499  1084  1084 W         : i=0 tz_data[i].tz_idx[0]=0
04-12 20:40:53.942837  1084  1084 W         : i=1 tz_data[i].tz_idx[0]=0
04-12 20:40:53.943037  1084  1084 W         : i=2 tz_data[i].tz_idx[0]=56
04-12 20:40:53.943085  1084  1084 W         : i=3 tz_data[i].tz_idx[0]=39
04-12 20:40:53.943198  1084  1084 I android.hardware.thermal-service.mediatek: fill_temperatures filterType1 name: SKIN type: SKIN throttlingStatus: LIGHT value: 40.597 ret_temps size 0
04-12 20:40:53.943258  2579  3760 D PhoneInterfaceManager: [checkCallMethod] slotIndex: 1, count: 2, simMode: 2
04-12 20:40:53.943439  1084  1084 W         : i=4 tz_data[i].tz_idx[0]=-1
04-12 20:40:53.943669  1084  1084 W         : i=5 tz_data[i].tz_idx[0]=40
04-12 20:40:53.944184  1084  1084 W         : i=6 tz_data[i].tz_idx[0]=-1
04-12 20:40:53.944277  1084  1084 W         : i=7 tz_data[i].tz_idx[0]=-1
04-12 20:40:53.944340  1084  1084 W         : i=8 tz_data[i].tz_idx[0]=-1
04-12 20:40:53.944408  1084  1084 W         : i=9 tz_data[i].tz_idx[0]=0
04-12 20:40:53.944526  1688  2281 I RemoteProvisionSysSvc: getRegistration(android.hardware.security.keymint.IRemotelyProvisionedComponent/default)
04-12 20:40:53.945456  7523  7604 W JobInfo : Requested important-while-foreground flag for job83 is ignored and takes no effect
04-12 20:40:53.946423  5200  6446 I .apps.wellbeing: AssetManager2(0xb400006eff930338) locale list changing from [] to [zh-Hans-CN]
04-12 20:40:53.947622  2571  3204 I bt_stack: [INFO:le_scanning_manager.cc(278)] ScanFilterEnable in shim layer
04-12 20:40:53.947880  2571  3204 I bt_stack: [INFO:le_scanning_manager.cc(253)] ScanFilterAdd in shim layer
04-12 20:40:53.948147  2571  3204 I BtGatt.JNI: [com_android_bluetooth_gatt.cpp(1642)] gattClientScanFilterParamAddNative: Add Scan Filter, filter_index:10
04-12 20:40:53.948174  2571  3204 I bt_shim_scanner: [le_scanning_manager.cc(214)] ScanFilterParamSetup: in shim layer, clientIf=2
04-12 20:40:53.948233  1084  1084 W         : i=10 tz_data[i].tz_idx[0]=0
04-12 20:40:53.948255  1084  1084 W         : i=11 tz_data[i].tz_idx[0]=-1
04-12 20:40:53.948258  1084  1084 W         : i=12 tz_data[i].tz_idx[0]=-1
04-12 20:40:53.948260  1084  1084 W         : i=13 tz_data[i].tz_idx[0]=0
04-12 20:40:53.949476  5200  6446 I .apps.wellbeing: AssetManager2(0xb400006eff92ce18) locale list changing from [] to [zh-Hans-CN]
04-12 20:40:53.950780  7523  7523 I DeviceModeModule: DeviceModeModule.calculateAndNotify():197 Window metrics is not available, fallback to app context.
04-12 20:40:53.950872  7523  7523 I DeviceModeModule: DeviceModeModule.calculateAndNotify():225 Device mode 'phone' from display metrics 'DisplayMetrics{density=0.0, width=1208, height=2644, scaledDensity=0.0, xdpi=434.17575, ydpi=427.61926}' or smallestScreenWidthDp: 403
04-12 20:40:53.951855  7523  7602 I PhenotypeModule: PhenotypeModule.handlePhenotypeConfigurationUpdatesInternal():564 Latency of updating configurations from phenotype (experiment v4): 7
04-12 20:40:53.951907  7523  7602 I PhenotypeModule: PhenotypeModule.handlePhenotypeConfigurationUpdates():508 Latency of updating configurations from phenotype (ExperimentV4): 7
04-12 20:40:53.954397  7523  7604 W JobInfo : Requested important-while-foreground flag for job84 is ignored and takes no effect
04-12 20:40:53.956556  5200  6446 I .apps.wellbeing: AssetManager2(0xb400006eff92d778) locale list changing from [] to [zh-Hans-CN]
04-12 20:40:53.956740  2698  3014 W BroadcastDispatcherLog: [64] Broadcast received for user 0: Intent { act=android.intent.action.SCREEN_ON flg=0x50200010 }
04-12 20:40:53.957152  2698  3014 I SysUI(260302)_LocalTimeTickHelper: action=android.intent.action.SCREEN_ON
04-12 20:40:53.957452  7523  7602 I PhenotypeModule: PhenotypeModule.handleResult():378 fetchAndUpdate() : Success, hasFlags=true, fetchStatus=omr[reason=ON_CREATE, timestamp=1775997653695, isFullFetch=true, success=true, fetchedFlagsCount=1397, deletedFlagsCount=0, isEmpty=false, isDelta=false, totalTime=259, failureMessage=null, registeredFormFactor=phone, fetchedFormFactor=phone, serverToken=CAMScg1315vyAAQJ3Q8GuhnkDcgXklnLEwUHBwf-BQfCAwefFg-9BgCyAweHAw8zDeUFBMsGVQTQ7t0DBO8EBIUGD70BBAEEuxcEKQQBBN8KBOMEBPkABIgABAEEAQTbBA-qDgSiBgO6BQ7VBgNED2QDDQ0pAw==]
04-12 20:40:53.957518  7523  7602 I PhenotypeModule: PhenotypeModule$1.onSuccess():183 Fetch at onCreate(): true
04-12 20:40:53.958689  2369  5878 I NetworkScheduler.Stats: (REDACTED) Task %s/%s started execution. cause:%s exec_start_elapsed_seconds: %s
04-12 20:40:53.959124  5200  6446 I .apps.wellbeing: AssetManager2(0xb400006eff9315f8) locale list changing from [] to [zh-Hans-CN]
04-12 20:40:53.959513  4914  5096 I cwoh    : (REDACTED) Writing metadata key: %s, corpus: %s
04-12 20:40:53.959697  4914  5096 I cwoh    : (REDACTED) Writing metadata key: %s, corpus: %s
04-12 20:40:53.961952  7523  7604 W JobInfo : Requested important-while-foreground flag for job85 is ignored and takes no effect
04-12 20:40:53.962057  1688  1688 I RegistrationProxy: onServiceConnected: com.android.rkpdapp.service.RemoteProvisioningService
04-12 20:40:53.962915  2369  6190 I NetworkScheduler.Stats: (REDACTED) Task %s/%s finished executing. cause:%s result: %s elapsed_millis: %s uptime_millis: %s exec_start_elapsed_seconds: %s
04-12 20:40:53.963590  5200  6446 I .apps.wellbeing: AssetManager2(0xb400006eff92ddb8) locale list changing from [] to [zh-Hans-CN]
04-12 20:40:53.964037  1688  2281 I RegistrationProxy: IGetRegistrationCallback.onSuccess
04-12 20:40:53.965978  1688  1870 V GrammaticalInflectionUtils: AttributionSource: AttributionSource { uid = 10212, packageName = null, attributionTag = null, token = android.os.Binder@6797003, deviceId = 0, next = null } does not have READ_SYSTEM_GRAMMATICAL_GENDER permission.
04-12 20:40:53.968218  2698  3014 W BroadcastDispatcherLog: [65] Broadcast received for user 0: Intent { act=android.intent.action.TIME_TICK flg=0x50200010 xflg=0x4 }
04-12 20:40:53.968398  7523  7599 W JobInfo : Requested important-while-foreground flag for job86 is ignored and takes no effect
04-12 20:40:53.968423  4914  6179 I cwoh    : (REDACTED) Writing metadata key: %s, corpus: %s
04-12 20:40:53.968584  4914  6179 I cwoh    : (REDACTED) Writing metadata key: %s, corpus: %s
04-12 20:40:53.968868  1032  1032 I zygote  : Priority USAP Pool refill. New USAPs: 1
04-12 20:40:53.969047  2698  3014 W BroadcastDispatcherLog: [66] Broadcast received for user -1: Intent { act=android.intent.action.TIME_TICK flg=0x50200010 xflg=0x4 }
04-12 20:40:53.969438  2698  3331 D SysUI(260302)_Clock: onReceive:mCurrentUserId=0, action=android.intent.action.TIME_TICK
04-12 20:40:53.969475  2698  3331 D BroadcastDispatcherLog: Broadcast 66 (android.intent.action.TIME_TICK) dispatched to com.android.systemui.statusbar.policy.Clock$2@d26b4a0
04-12 20:40:53.969770  2698  3331 D SysUI(260302)_Clock: onReceive:mCurrentUserId=0, action=android.intent.action.TIME_TICK
04-12 20:40:53.969829  2698  3331 D BroadcastDispatcherLog: Broadcast 66 (android.intent.action.TIME_TICK) dispatched to com.android.systemui.statusbar.policy.Clock$2@fc4717b
04-12 20:40:53.969871  2698  3331 D BroadcastDispatcherLog: Broadcast 66 (android.intent.action.TIME_TICK) dispatched to com.android.wifitrackerlib.BaseWifiTracker$1@2b1df69
04-12 20:40:53.969890  2698  3331 D SysUI(260302)_Clock: onReceive:mCurrentUserId=0, action=android.intent.action.TIME_TICK
04-12 20:40:53.969904  2698  3331 D BroadcastDispatcherLog: Broadcast 66 (android.intent.action.TIME_TICK) dispatched to com.android.systemui.statusbar.policy.Clock$2@6d910bb
04-12 20:40:53.971765  5200  6446 I .apps.wellbeing: AssetManager2(0xb400006eff9328b8) locale list changing from [] to [zh-Hans-CN]
04-12 20:40:53.972586  4914  5160 I cwku    : (REDACTED) Starting batch sync for corpora: %s
04-12 20:40:53.973413  1048  1048 I hwcomposer: [HWC] handlePowerModeChange(), spend time: 211265846  
04-12 20:40:53.973573  1422  1632 I [TRAN_HAL][Device]: [handleNetlinkReceivedData] TRAN_HAL netlink thread received msg 3.
04-12 20:40:53.973891  1156  1156 D SurfaceFlinger: Finished setting power mode 2 on physical display 4627039422300187648
04-12 20:40:53.974048  1156  1156 I PowerHalWrapper: updateFps(): 120
04-12 20:40:53.974069  1156  1156 D SurfaceFlinger: finalizeDisplayModeChange: display size = 1
04-12 20:40:53.974072  1156  1156 I PowerHalWrapper: mEnableMultiDisplayMode enable=0 fps=120
04-12 20:40:53.974079  1156  1156 I mtkpower_client: PowerHal_Wrap_EnableMultiDisplayMode, enable:0 fps:120 CurMultiDisplayMode:-1
04-12 20:40:53.974557  1422  1635 E android.hardware.biometrics.fingerprint-service: Received message: 3
04-12 20:40:53.974589  1422  1628 I [TRAN_HAL][EventCenter]: [threadLoop] Get event -999 end
04-12 20:40:53.974598  1422  1628 I [TRAN_HAL][HalBase]: [printTargetCmdId] cmd_id = 31 (TRAN_CMD_GET_MODULE_INFO)
04-12 20:40:53.974627  1156  1156 I BufferQueueProducer: [StatusBar#106](this:0xb4000077ca43bc20,id:-1,api:0,p:-1,c:1156) queueBuffer: fps=0.51 dur=1961.68 max=1961.68 min=1961.68
04-12 20:40:53.974654  1156  1156 I BufferQueueProducer: [NotificationShade#104](this:0xb4000077ca43e9b0,id:-1,api:0,p:-1,c:1156) queueBuffer: fps=4.10 dur=2194.80 max=1862.06 min=16.33
04-12 20:40:53.974707  1156  1156 I BufferQueueProducer: [Wallpaper BBQ wrapper#62](this:0xb4000077ca3cf8c0,id:-1,api:0,p:-1,c:1156) queueBuffer: fps=0.42 dur=2377.85 max=2377.85 min=2377.85
04-12 20:40:53.975044  1156  1156 I PowerHalWrapper: updateFps(): 120
04-12 20:40:53.975139  1688  2173 D AudioSystem: +setParameters(): screen_state=on 
04-12 20:40:53.975189  1048  1048 I hwcomposer: [HWC] (0) displaySetColorModeWithRenderIntent mode:9 intent:0  
04-12 20:40:53.975196  1688  3302 D PowerData/TranRefreshrateDetector: Low -> High 60.0 -> 120.00001 cancel pending sampling
04-12 20:40:53.975341  1148  1148 D DeviceHalAidl: [default] setParameters: parameters: "screen_state=on"
04-12 20:40:53.975507  1048  1048 I hwcomposer: [HWCDisplay] (0 setColorTransform():490), hint:0 ok:1 Transform Ioctl 1  
04-12 20:40:53.975703  1041  1041 D AudioALSAHardware: -setParameters(): screen_state=on
04-12 20:40:53.975900  1048  1048 I hwcomposer: [HWCDisplay] (0 setColorTransformForJob():2102), ccorr_state=0->0 hint=0 force_disable_color=0 linear=0  
04-12 20:40:53.975924  1048  1048 I hwcomposer: [HWCDisplay] (0 updateFps():3881), (type:1, mode:2) fps:18.820160,dur:2709.86,max:1862.32,min:15.13  
04-12 20:40:53.976244  1048  1483 I hwcomposer: [DRMDEV] create blob id of color transform[success] mode=0 f=0 mat=2048    0    0    0   0 2048    0    0   0    0 2048    0   0    0    0 2048  
04-12 20:40:53.976631  1148  1148 D DeviceHalAidl: [r_submix] setParameters: parameters: "screen_state=on"
04-12 20:40:53.976983  1048  1483 E hwcomposer: [DRMDEV] (0) failed to destroy blob(0) of color transform: -2  
04-12 20:40:53.979048  7633  7633 I on.gearhead:car: Using CollectorTypeCMC GC.
04-12 20:40:53.979860  1148  1148 D DeviceHalAidl: [bluetooth] setParameters: parameters: "screen_state=on"
04-12 20:40:53.980040  1148  1148 E TranFlinger: setPareters is is 0
04-12 20:40:53.980516  7523  7599 W JobInfo : Requested important-while-foreground flag for job87 is ignored and takes no effect
04-12 20:40:53.980732  4390  4390 D SmartPanelService: mDisplayListener onDisplayChanged
04-12 20:40:53.981609  4914  6635 I cwoh    : The GellerConfig is not present, returning null.
04-12 20:40:53.981825  4914  6635 I cwoh    : (REDACTED) The GellerConfig is not present, defaulting isUploadEnabled for corpus %s to true.
04-12 20:40:53.982915  1247  1257 I adbd    : jdwp connection from 7633
04-12 20:40:53.983077  2698  2698 I KeyguardTransitionRepository: STARTED transition: TransitionStep(from=AOD, to=LOCKSCREEN, value=0.0, transitionState=STARTED, ownerName=FromAodTransitionInteractor(listen for aod to awake))
04-12 20:40:53.983348  1048  1506 I hwcomposer: [HWCDisplay] (0 updateAppliedConfigState():4574), applied config complete[idx:3, config:1]  
04-12 20:40:53.984040  2698  2698 D DeviceEntryFaceAuthRepositoryLog: Triggering face auth because lockscreen became visible due to wake reason: POWER_BUTTON
04-12 20:40:53.984209  1688  2173 I TranAudioService: setScreenState state = true ischanged = false isScreenLock = true
04-12 20:40:53.984264  1688  2173 I TranAudioService: Screen off setStatus false,
04-12 20:40:53.984276  1688  2173 I TranAudioService: MSG_UPDATE_SMART_MEDIA_ENGINE_STATE engineStatus = 0 mEngineStatus = 0
04-12 20:40:53.984280  1688  2173 I TranAudioService:  updateSmartMediaEngineState status = 0
04-12 20:40:53.984283  1688  2173 I TranAudioService:  updateSmartMediaEngineState status 0 same with mPreviousStatus return
04-12 20:40:53.984280  2698  2698 D DeviceEntryFaceAuthRepositoryLog: Requesting face auth for trigger: Face auth stopped or started due to keyguard visibility changed.
04-12 20:40:53.984305  2698  2698 D DeviceEntryFaceAuthRepositoryLog: Queueing FACE_AUTH_UPDATED_KEYGUARD_VISIBILITY_CHANGED request for face auth, fallbackToDetection: true
04-12 20:40:53.984421  2698  2698 D DeviceEntryFaceAuthRepositoryLog: Waiting to process request: reason: Face auth stopped or started due to keyguard visibility changed., canRunAuth: false, canRunDetect: false, cancelInProgress: false
04-12 20:40:53.984524  4914  6183 I cwku    : (REDACTED) The syncToken for corpus %s is %s and the syncRequestReason is %s
04-12 20:40:53.984613  2698  2698 D LightRevealScrimInteractor::ScrimLogger: listenForStartedKeyguardTransitionStep: TransitionStep(from=AOD, to=LOCKSCREEN, value=0.0, transitionState=STARTED, ownerName=FromAodTransitionInteractor(listen for aod to awake))
04-12 20:40:53.984620  1688  1901 D BufferQueueConsumer: [](id:69800000003,api:0,p:-1,c:1688) connect: controlledByApp=true
04-12 20:40:53.984675  2698  2698 D LightRevealScrimRepository::ScrimLogger: startRevealAmountAnimator, reveal: true
04-12 20:40:53.985830  2698  2698 D BroadcastDispatcherLog: Broadcast 64 (android.intent.action.SCREEN_ON) dispatched to com.android.systemui.wifi.WifiDebuggingActivity$WifiChangeReceiver@c12d6d6
04-12 20:40:53.985863  2698  2698 D KeyguardUpdateMonitorLog: received broadcast android.intent.action.TIME_TICK
04-12 20:40:53.985882  2698  2698 D BroadcastDispatcherLog: Broadcast 65 (android.intent.action.TIME_TICK) dispatched to com.android.keyguard.KeyguardUpdateMonitor$7@e78af91
04-12 20:40:53.986030  1688  1901 D BufferQueueConsumer: [SurfaceTexture-2-1688-1](id:69800000003,api:0,p:-1,c:1688) disconnect
04-12 20:40:53.986087  2698  2698 D os.DateTimeView: create at 2026-04-12T20:40:41.837, duration=12149
04-12 20:40:53.986098  2698  2698 D os.DateTimeView: format type=0
04-12 20:40:53.986142  2698  2698 D os.DateTimeView: updateDateTimeViewText:现在 at 2026-04-12T20:40:53.986 lan:zh for 2026-04-12T20:40:41.837, next update after 2026-04-12T20:41:41.838
04-12 20:40:53.986166  2698  2698 D os.DateTimeView: create at 2026-04-12T20:40:41.837, duration=12149
04-12 20:40:53.986170  2698  2698 D os.DateTimeView: format type=0
04-12 20:40:53.986198  2698  2698 D os.DateTimeView: updateDateTimeViewText:现在 at 2026-04-12T20:40:53.986 lan:zh for 2026-04-12T20:40:41.837, next update after 2026-04-12T20:41:41.838
04-12 20:40:53.986215  2698  2698 D os.DateTimeView: create at 2026-04-12T20:40:41.782, duration=12204
04-12 20:40:53.986218  2698  2698 D os.DateTimeView: format type=0
04-12 20:40:53.986230  2698  2698 D os.DateTimeView: updateDateTimeViewText:现在 at 2026-04-12T20:40:53.986 lan:zh for 2026-04-12T20:40:41.782, next update after 2026-04-12T20:41:41.783
04-12 20:40:53.986249  2698  2698 D os.DateTimeView: create at 2026-04-12T20:40:41.782, duration=12204
04-12 20:40:53.986254  2698  2698 D os.DateTimeView: format type=0
04-12 20:40:53.986267  2698  2698 D os.DateTimeView: updateDateTimeViewText:现在 at 2026-04-12T20:40:53.986 lan:zh for 2026-04-12T20:40:41.782, next update after 2026-04-12T20:41:41.783
04-12 20:40:53.986281  2698  2698 D os.DateTimeView: create at 2026-04-12T20:40:51.288, duration=2698
04-12 20:40:53.986287  2698  2698 D os.DateTimeView: format type=0
04-12 20:40:53.986303  2698  2698 D os.DateTimeView: updateDateTimeViewText:现在 at 2026-04-12T20:40:53.986 lan:zh for 2026-04-12T20:40:51.288, next update after 2026-04-12T20:41:51.289
04-12 20:40:53.986322  2698  2698 D os.DateTimeView: create at 2026-04-12T20:40:51.288, duration=2698
04-12 20:40:53.986326  2698  2698 D os.DateTimeView: format type=0
04-12 20:40:53.986338  2698  2698 D os.DateTimeView: updateDateTimeViewText:现在 at 2026-04-12T20:40:53.986 lan:zh for 2026-04-12T20:40:51.288, next update after 2026-04-12T20:41:51.289
04-12 20:40:53.986359  2698  2698 D os.DateTimeView: create at 2026-04-12T20:19:21, duration=1292986
04-12 20:40:53.986365  2698  2698 D os.DateTimeView: format type=1
04-12 20:40:53.986390  2698  2698 D os.DateTimeView: updateDateTimeViewText:21分钟 at 2026-04-12T20:40:53.986 lan:zh for 2026-04-12T20:19:21, next update after 2026-04-12T20:41:21.001
04-12 20:40:53.986413  2698  2698 D os.DateTimeView: create at 2026-04-12T20:19:21, duration=1292986
04-12 20:40:53.986417  2698  2698 D os.DateTimeView: format type=1
04-12 20:40:53.986436  2698  2698 D os.DateTimeView: updateDateTimeViewText:21分钟 at 2026-04-12T20:40:53.986 lan:zh for 2026-04-12T20:19:21, next update after 2026-04-12T20:41:21.001
04-12 20:40:53.986459  2698  2698 D os.DateTimeView: create at 2026-04-12T20:40:38.982, duration=15004
04-12 20:40:53.986464  2698  2698 D os.DateTimeView: format type=0
04-12 20:40:53.986477  2698  2698 D os.DateTimeView: updateDateTimeViewText:现在 at 2026-04-12T20:40:53.986 lan:zh for 2026-04-12T20:40:38.982, next update after 2026-04-12T20:41:38.983
04-12 20:40:53.986490  2698  2698 D os.DateTimeView: create at 2026-04-12T20:40:38.982, duration=15004
04-12 20:40:53.986493  2698  2698 D os.DateTimeView: format type=0
04-12 20:40:53.986502  2698  2698 D os.DateTimeView: updateDateTimeViewText:现在 at 2026-04-12T20:40:53.986 lan:zh for 2026-04-12T20:40:38.982, next update after 2026-04-12T20:41:38.983
04-12 20:40:53.986511  2698  2698 D os.DateTimeView: create at 2026-04-09T22:24:40.908, duration=252973078
04-12 20:40:53.986515  2698  2698 D os.DateTimeView: format type=3
04-12 20:40:53.986590  2698  2698 D os.DateTimeView: pattern:EEEHH:mm, getLanguage=zh, getCountry=CN
04-12 20:40:53.986709  2698  2698 D os.DateTimeView: updateDateTimeViewText:周四 22:24 at 2026-04-12T20:40:53.986 lan:zh for 2026-04-09T22:24:40.908, next update after 2026-04-16T00:00:00.001
04-12 20:40:53.986738  2698  2698 D os.DateTimeView: create at 2026-04-09T22:24:40.908, duration=252973078
04-12 20:40:53.986746  2698  2698 D os.DateTimeView: format type=3
04-12 20:40:53.986787  2698  2698 D os.DateTimeView: pattern:EEEHH:mm, getLanguage=zh, getCountry=CN
04-12 20:40:53.986843  2698  2698 D os.DateTimeView: updateDateTimeViewText:周四 22:24 at 2026-04-12T20:40:53.986 lan:zh for 2026-04-09T22:24:40.908, next update after 2026-04-16T00:00:00.001
04-12 20:40:53.986944  2698  2698 D SysUI(260302)_TrClockView: updateDataOnTimeChanged
04-12 20:40:53.987747  1688  1901 D SensorManager: unregisterListenerImpl pid=1688 uid=1000 sensor=NULL pkgName=android listener=com.android.server.display.AutomaticBrightnessController$2@b85b9ed
04-12 20:40:53.988351  1688  1901 I SensorService: 	>>> actuating h/w activate handle=16777221 enabled=0
04-12 20:40:53.988490  1058  1058 I OriginChannel: activate: [5,0]
04-12 20:40:53.988900  2698  2698 D SysUI(260302)_ChargePluginController:  isPowerButtonDown:false 
04-12 20:40:53.988970  2698  2698 D KeyguardIndication: updateDeviceEntryIndication animate:false visible:true dozing false
04-12 20:40:53.989193  2698  2698 D KeyguardIndication: updateBatteryIndication powerIndication:正在充电 67% pluggedIn:true
04-12 20:40:53.989246  2698  2698 D KeyguardIndication: updateLockScreenUserLockedMsg userId=0 userStorageUnlocked:true encryptedOrLockdown:true
04-12 20:40:53.989845  7633  7633 D nativeloader: Load libframework-connectivity-tiramisu-jni.so using APEX ns com_android_tethering for caller /apex/com.android.tethering/javalib/framework-connectivity-t.jar: ok
04-12 20:40:53.982791  1032  1032 D Zygote  : Forked child process 7667
04-12 20:40:53.990162  1688  1901 I SensorService: disable: connectionUid = 1000; connectionPackage = com.android.server.display.AutomaticBrightnessController; handle = 0x01000005; activate = false
04-12 20:40:53.990229  1688  1901 D SensorManager: registerListenerImpl sensor={Sensor name="stk35f62_als", vendor="sensortek", version=1, type=5, maxRange=65535.0, resolution=1.0, power=0.001, minDelay=125000} pid=1688 uid=1000 pkgname=android listener=com.android.server.display.AutomaticBrightnessController$2@b85b9ed
04-12 20:40:53.990438  1058  1058 I OriginChannel: batch: [5,250000000,0]
04-12 20:40:53.990542  1688  1901 I SensorService: 	>>> actuating h/w activate handle=16777221 enabled=1
04-12 20:40:53.990583  1058  1058 I OriginChannel: activate: [5,1]
04-12 20:40:53.991839  1688  1901 I SensorService: enable: connectionUid = 1000; connectionPackage = com.android.server.display.AutomaticBrightnessController; handle = 0x01000005; activate = true
04-12 20:40:53.992340  1688  1841 D SensorManager: registerListenerImpl sensor={Sensor name="stk35f62_als", vendor="sensortek", version=1, type=5, maxRange=65535.0, resolution=1.0, power=0.001, minDelay=125000} pid=1688 uid=1000 pkgname=android listener=com.android.server.display.BrightnessTracker$SensorListener@4ca5d0e
04-12 20:40:53.994943  1281  1297 I thermal_core (table_mapping): Trigger 'cpu_table_mapping' @(ap_ntc,40601)
04-12 20:40:53.995239  1281  1297 I thermal_core (table_mapping): Trigger 'cpu_table_mapping' @(ap_ntc,40601)
04-12 20:40:53.995493  1281  1297 I thermal_core (table_mapping): Trigger 'cpu_table_mapping' @(ap_ntc,40601)
04-12 20:40:53.995546  1281  1297 I mtkpower_client: perf_lock_acq, hdl:0, dur:0, num:4, pid:1281, tid:1297
04-12 20:40:53.996213  1281  1297 I mtkpower_client: IMtkPowerService_isDeclared 1
04-12 20:40:53.997011  1281  1297 W         : Thread Pool max thread count is 0. Cannot cache binder as linkToDeath cannot be implemented. serviceName: vendor.mediatek.hardware.mtkpower.IMtkPowerService/default
04-12 20:40:53.997508  1281  1297 I mtkpower_client: load IMtkPowerService successfully
04-12 20:40:53.997934  1281  1297 I mtkpower_client: ret_hdl:10
04-12 20:40:53.997947  1281  1297 I thermal_core (table_mapping): [cpu freq] Cluster 0 freq limit to 1900000, ph_state 10
04-12 20:40:53.997952  1281  1297 I mtkpower_client: perf_lock_acq, hdl:0, dur:0, num:4, pid:1281, tid:1297
04-12 20:40:53.998177  1281  1297 I mtkpower_client: ret_hdl:11
04-12 20:40:53.998187  1281  1297 I thermal_core (table_mapping): [cpu freq] Cluster 1 freq limit to 2600000, ph_state 11
04-12 20:40:53.998191  1281  1297 I mtkpower_client: perf_lock_acq, hdl:0, dur:0, num:4, pid:1281, tid:1297
04-12 20:40:53.999361  1281  1297 I mtkpower_client: ret_hdl:12
04-12 20:40:53.999399  1281  1297 I thermal_core (table_mapping): [cpu freq] Cluster 2 freq limit to 2800000, ph_state 12
04-12 20:40:53.999409  1281  1297 E thermal_core: find_tz_idx_by_name:"Failed to find thermal zone index of mtk-master-charger\n"
04-12 20:40:53.999564  1084  1095 W         : parseMsg: Get from client TYPE=thermal_hal_notify NAME=SKIN
04-12 20:40:53.999583  1084  1095 W         : parseMsg:name.c_str():SKIN
04-12 20:40:53.999586  1084  1095 W         : parseMsg:tz notify:SKIN
04-12 20:40:53.999606  1084  1095 I android.hardware.thermal-service.mediatek: Wait to accept a connection
04-12 20:40:53.999718  1084  1095 I android.hardware.thermal-service.mediatek: Sending notification:  Type: SKIN Name: SKIN CurrentValue: 40.601 ThrottlingStatus: LIGHT
04-12 20:40:53.999805  1084  1095 I android.hardware.thermal-service.mediatek: sendThermalChangedCallback
04-12 20:40:54.000420  1098  1157 I libPowerHal: [perfLockAcq] idx:0 hdl:10 hint:-1 pid:1281 tid:1297 duration:0 lock_user:thermal_core => ret_hdl:10
04-12 20:40:54.000510  1098  1157 I libPowerHal: [setClusterHardFreq] hard userlimit set cpu freq: -1 1900000 -1 2600000 -1 2800000
04-12 20:40:54.000593  1098  1157 I libPowerHal: [recordCPUFreqInfo] set cluster[0] min(-1): -1 max(thermal_core): 1900000 cluster[1] min(-1): -1 max(-1): 2600000 cluster[2] min(-1): -1 max(-1): 2800000
04-12 20:40:54.000601  1098  1157 I libPowerHal: [perfLockAcq] Done for hdl : 10
04-12 20:40:54.000618  1058  1058 I OriginChannel: batch: [5,200000000,0]
04-12 20:40:54.000851  1098  1157 I libPowerHal: [perfLockAcq] idx:1 hdl:11 hint:-1 pid:1281 tid:1297 duration:0 lock_user:thermal_core => ret_hdl:11
04-12 20:40:54.000864  1098  1157 I libPowerHal: [setClusterHardFreq] hard userlimit set cpu freq: -1 1900000 -1 2600000 -1 2800000
04-12 20:40:54.000888  1098  1157 I libPowerHal: [recordCPUFreqInfo] set cluster[0] min(-1): -1 max(thermal_core): 1900000 cluster[1] min(-1): -1 max(-1): 2600000 cluster[2] min(-1): -1 max(-1): 2800000
04-12 20:40:54.000893  1098  1157 I libPowerHal: [perfLockAcq] Done for hdl : 11
04-12 20:40:54.001000  1098  1157 I libPowerHal: [perfLockAcq] idx:2 hdl:12 hint:-1 pid:1281 tid:1297 duration:0 lock_user:thermal_core => ret_hdl:12
04-12 20:40:54.001012  1098  1157 I libPowerHal: [setClusterHardFreq] hard userlimit set cpu freq: -1 1900000 -1 2600000 -1 2800000
