04-12 20:40:53.792824  1688  4454 D PMS-OPEN: ResolveInfo{d6f4a9f com.transsion.launcher3/com.android.launcher3.uioverrides.QuickstepLauncher m=0x108000 userHandle=UserHandle{0}}=0 , vs ResolveInfo{71967ec com.android.settings/.FallbackHome p=-1000 m=0x108000 userHandle=UserHandle{0}}=-1000
04-12 20:40:53.792843  1688  4454 E PMS-OPEN: return higher priority, ri = ResolveInfo{d6f4a9f com.transsion.launcher3/com.android.launcher3.uioverrides.QuickstepLauncher m=0x108000 userHandle=UserHandle{0}}
04-12 20:40:53.792955  1688  2173 I TranAudioService: Screen off setStatus false,
04-12 20:40:53.792991  7523  7523 I MetricsProcessorProviderManager: MetricsProcessorProviderManager.notifyBackendReady():200 MetricsManager backend is ready.
04-12 20:40:53.793007  1688  2173 I TranAudioService: MSG_UPDATE_SMART_MEDIA_ENGINE_STATE engineStatus = 0 mEngineStatus = 0
04-12 20:40:53.793018  1688  2173 I TranAudioService:  updateSmartMediaEngineState status = 0
04-12 20:40:53.793022  1688  2173 I TranAudioService:  updateSmartMediaEngineState status 0 same with mPreviousStatus return
04-12 20:40:53.793043  7523  7523 I MetricsManager: MetricsManager.maybeStopCaching():472 Stop caching metrics.
04-12 20:40:53.793566  1688  1801 I SensorService: 	>>> actuating h/w activate handle=16777319 enabled=1
04-12 20:40:53.793814  5200  6446 I .apps.wellbeing: AssetManager2(0xb400006eff921bf8) locale list changing from [] to [zh-Hans-CN]
04-12 20:40:53.793949  1058  1058 I OriginChannel: activate: [103,1]
04-12 20:40:53.794951  3052  3052 D ViewRootImpl: ViewRootImpl#onActiveControlsChanged, activeControls: android.view.InsetsSourceControl$Array@0
04-12 20:40:53.795382  2579  3290 D SatelliteController: handleCmdUpdateNtnSignalStrengthReporting: ignore request, satellite is disabled
04-12 20:40:53.795968  1688  1801 I SensorService: enable: connectionUid = 1000; connectionPackage = com.transsion.tranradionet.tce.TceSensorManager; handle = 0x01000067; activate = true
04-12 20:40:53.796047  1688  2329 I Process : String at 0: 0x717cdd3601 = TRAN_BG_POLICY
04-12 20:40:53.796065  2690  2986 D TceSensorManager: Registered sensor listener: elevator, samplingPeriodUs=200000
04-12 20:40:53.796080  2690  2986 D TceDetectorManager: Successfully enabled detector with params type=1
04-12 20:40:53.796140  2690  2727 D TceDetectorManager: Tracked detector enable with params: mode=ELEVATOR_MODE, duration=7ms
04-12 20:40:53.796193  2690  2727 D TceDetectorManager: Listener count changed: type=1, count=1
04-12 20:40:53.796232  2690  2727 D TceRegistryManager: Successfully registered callback with params for type: 1
04-12 20:40:53.797152  1688  4454 I PMS-OPEN: intent = Intent { act=android.intent.action.MAIN cat=[android.intent.category.HOME] }, n = 2, final suggPkg = null, openWith = false
04-12 20:40:53.797224  1688  4454 D PMS-OPEN: ResolveInfo{357b5 com.transsion.launcher3/com.android.launcher3.uioverrides.QuickstepLauncher m=0x108000 userHandle=UserHandle{0}}=0 , vs ResolveInfo{123ae4a com.android.settings/.FallbackHome p=-1000 m=0x108000 userHandle=UserHandle{0}}=-1000
04-12 20:40:53.797236  1688  4454 E PMS-OPEN: return higher priority, ri = ResolveInfo{357b5 com.transsion.launcher3/com.android.launcher3.uioverrides.QuickstepLauncher m=0x108000 userHandle=UserHandle{0}}
04-12 20:40:53.797455  2387  2520 I Usf_CpuOpt/TranCpuControlService: no support system idle state!
04-12 20:40:53.797636  2579  3478 I TceManager: Register TCE callback with id: 1775997641319 and pkgName: com.android.phone and result: 0 and newTceTypes: [1] (original tceTypes: [1])
04-12 20:40:53.797670  2579  3478 D TranAIElevatorModeController: Register elevator mode Callback: Success
04-12 20:40:53.797738  5200  6446 I .apps.wellbeing: AssetManager2(0xb400006eff921f18) locale list changing from [] to [zh-Hans-CN]
04-12 20:40:53.797753  2579  3478 D TranMDPowerSavingController: screen is on , start to send AT for platform 1isMDReduceATSend : false
04-12 20:40:53.797770  1688  4454 I PMS-OPEN: intent = Intent { act=android.intent.action.MAIN cat=[android.intent.category.HOME] }, n = 2, final suggPkg = null, openWith = false
04-12 20:40:53.797801  1688  4454 D PMS-OPEN: ResolveInfo{287f1bb com.transsion.launcher3/com.android.launcher3.uioverrides.QuickstepLauncher m=0x108000 userHandle=UserHandle{0}}=0 , vs ResolveInfo{12b16d8 com.android.settings/.FallbackHome p=-1000 m=0x108000 userHandle=UserHandle{0}}=-1000
04-12 20:40:53.797812  1688  4454 E PMS-OPEN: return higher priority, ri = ResolveInfo{287f1bb com.transsion.launcher3/com.android.launcher3.uioverrides.QuickstepLauncher m=0x108000 userHandle=UserHandle{0}}
04-12 20:40:53.797804  7523  7523 I putmethod.latin: AssetManager2(0xb400006eff8eb0f8) locale list changing from [] to [zh-CN]
04-12 20:40:53.797873  2745  2922 I sruty   : ClockFactory(1): update clock(20:40)
04-12 20:40:53.797964  5368  6953 I artd    : GetBestInfo: odex next to the dex file (/data/app/~~MdVePR4_xkAFKkfvfq4aIQ==/com.google.android.gms-WpJNIfWRrgn5vtKGnlcbog==/oat/arm64/base.odex) is kOatUpToDate with filter 'speed-profile' executable 'false'
04-12 20:40:53.798437  1688  4454 I PMS-OPEN: intent = Intent { act=android.intent.action.MAIN cat=[android.intent.category.HOME] }, n = 2, final suggPkg = null, openWith = false
04-12 20:40:53.798749  1688  4454 D PMS-OPEN: ResolveInfo{35eba31 com.transsion.launcher3/com.android.launcher3.uioverrides.QuickstepLauncher m=0x108000 userHandle=UserHandle{0}}=0 , vs ResolveInfo{ef66516 com.android.settings/.FallbackHome p=-1000 m=0x108000 userHandle=UserHandle{0}}=-1000
04-12 20:40:53.798780  1688  4454 E PMS-OPEN: return higher priority, ri = ResolveInfo{35eba31 com.transsion.launcher3/com.android.launcher3.uioverrides.QuickstepLauncher m=0x108000 userHandle=UserHandle{0}}
04-12 20:40:53.798981  2571  2593 I BtGatt.ScanController: startScan Uid/Pid=10232/2369 packageName=com.google.android.gms
04-12 20:40:53.799448  7523  7523 I KeyboardContextProvider: KeyboardContextProvider$KeyboardContextCache.createKeyboardContext():173 createKeyboardContext(): zh-CN, lxt@977651(com.google.android.apps.inputmethod.latin.LatinApp@1b67418), {1.0 ?mcc0mnc [zh_CN] ldltr sw403dp w403dp h881dp 480dpi nrml long hdr widecg port finger -keyb/v/h -nav/h winConfig={ mBounds=Rect(0, 0 - 1208, 2644) mAppBounds=Rect(0, 0 - 1208, 2644) mMaxBounds=Rect(0, 0 - 1208, 2644) mDisplayRotation=ROTATION_0 mWindowingMode=fullscreen mMultiWindowMode=undefined mMultiWindowId=-1 mWindowResiable=-1 mInLargeScreen=-1 mActivityType=undefined mAlwaysOnTop=undefined mRotation=ROTATION_0} s.12 fontWeightAdjustment=0 TranTypefaceConfiguration{userId:0, third:0, os:1 ?italicAdj ?wdthAdj wghtAdj=0} ?ultra}
04-12 20:40:53.799563  5368  5409 I artd    : GetBestInfo: odex next to the dex file (/data/app/~~MdVePR4_xkAFKkfvfq4aIQ==/com.google.android.gms-WpJNIfWRrgn5vtKGnlcbog==/oat/arm64/split_AdsDynamite_installtime.odex) is kOatUpToDate with filter 'speed' executable 'false'
04-12 20:40:53.801145  1688  4454 I PMS-OPEN: intent = Intent { act=android.intent.action.MAIN cat=[android.intent.category.HOME] }, n = 2, final suggPkg = null, openWith = false
04-12 20:40:53.801227  1688  4454 D PMS-OPEN: ResolveInfo{6b9ee97 com.transsion.launcher3/com.android.launcher3.uioverrides.QuickstepLauncher m=0x108000 userHandle=UserHandle{0}}=0 , vs ResolveInfo{3a6c884 com.android.settings/.FallbackHome p=-1000 m=0x108000 userHandle=UserHandle{0}}=-1000
04-12 20:40:53.801240  1688  4454 E PMS-OPEN: return higher priority, ri = ResolveInfo{6b9ee97 com.transsion.launcher3/com.android.launcher3.uioverrides.QuickstepLauncher m=0x108000 userHandle=UserHandle{0}}
04-12 20:40:53.801374  1026  1063 I netd    : tetherGetStats() -> {[]} <1.81ms>
04-12 20:40:53.801959  5368  5409 I artd    : GetBestInfo: odex next to the dex file (/data/app/~~MdVePR4_xkAFKkfvfq4aIQ==/com.google.android.gms-WpJNIfWRrgn5vtKGnlcbog==/oat/arm64/split_CronetDynamite_installtime.odex) is kOatUpToDate with filter 'speed-profile' executable 'false'
04-12 20:40:53.802605  7523  7523 I putmethod.latin: AssetManager2(0xb400006eff8e62d8) locale list changing from [] to [zz]
04-12 20:40:53.802904  7523  7523 I KeyboardContextProvider: KeyboardContextProvider$KeyboardContextCache.createKeyboardContext():173 createKeyboardContext(): zz, lxt@6c3f590(com.google.android.apps.inputmethod.latin.LatinApp@1b67418), {1.0 ?mcc0mnc [zz] ldltr sw403dp w403dp h881dp 480dpi nrml long hdr widecg port finger -keyb/v/h -nav/h winConfig={ mBounds=Rect(0, 0 - 1208, 2644) mAppBounds=Rect(0, 0 - 1208, 2644) mMaxBounds=Rect(0, 0 - 1208, 2644) mDisplayRotation=ROTATION_0 mWindowingMode=fullscreen mMultiWindowMode=undefined mMultiWindowId=-1 mWindowResiable=-1 mInLargeScreen=-1 mActivityType=undefined mAlwaysOnTop=undefined mRotation=ROTATION_0} s.12 fontWeightAdjustment=0 TranTypefaceConfiguration{userId:0, third:0, os:1 ?italicAdj ?wdthAdj wghtAdj=0} ?ultra}
04-12 20:40:53.803126  2571  2593 I AppScanStats: BLE_SCAN_STATE_CHANGED[1]reportBleScanStarted=false
04-12 20:40:53.803643  5368  6953 I artd    : GetBestInfo: odex next to the dex file (/data/app/~~MdVePR4_xkAFKkfvfq4aIQ==/com.google.android.gms-WpJNIfWRrgn5vtKGnlcbog==/oat/arm64/split_DynamiteLoader_installtime.odex) is kOatUpToDate with filter 'speed' executable 'false'
04-12 20:40:53.804338  2369  5362 I NearbyDiscovery: (REDACTED) ApFastPairScanner: Start scanning, mode=%s
04-12 20:40:53.805506  5368  5368 I artd    : GetBestInfo: odex next to the dex file (/data/app/~~MdVePR4_xkAFKkfvfq4aIQ==/com.google.android.gms-WpJNIfWRrgn5vtKGnlcbog==/oat/arm64/split_DynamiteModulesA_installtime.odex) is kOatUpToDate with filter 'speed' executable 'false'
04-12 20:40:53.805523  1688  1801 I PMS-OPEN: intent = Intent { act=android.intent.action.MAIN cat=[android.intent.category.HOME] }, n = 2, final suggPkg = null, openWith = false
04-12 20:40:53.805564  1688  1801 D PMS-OPEN: ResolveInfo{43ca41c com.transsion.launcher3/com.android.launcher3.uioverrides.QuickstepLauncher m=0x108000 userHandle=UserHandle{0}}=0 , vs ResolveInfo{17a9825 com.android.settings/.FallbackHome p=-1000 m=0x108000 userHandle=UserHandle{0}}=-1000
04-12 20:40:53.805577  1688  1801 E PMS-OPEN: return higher priority, ri = ResolveInfo{43ca41c com.transsion.launcher3/com.android.launcher3.uioverrides.QuickstepLauncher m=0x108000 userHandle=UserHandle{0}}
04-12 20:40:53.806341  2698  3014 W BroadcastDispatcherLog: [62] Broadcast received for user 0: Intent { act=android.intent.action.TIME_TICK flg=0x50200010 xflg=0x4 pkg=com.android.systemui }
04-12 20:40:53.807044  1688  1801 I PMS-OPEN: intent = Intent { act=android.intent.action.MAIN cat=[android.intent.category.HOME] }, n = 2, final suggPkg = null, openWith = false
04-12 20:40:53.807135  5368  5409 I artd    : GetBestInfo: odex next to the dex file (/data/app/~~MdVePR4_xkAFKkfvfq4aIQ==/com.google.android.gms-WpJNIfWRrgn5vtKGnlcbog==/oat/arm64/split_DynamiteModulesC_installtime.odex) is kOatUpToDate with filter 'speed' executable 'false'
04-12 20:40:53.807545  1688  1801 D PMS-OPEN: ResolveInfo{7e191a1 com.transsion.launcher3/com.android.launcher3.uioverrides.QuickstepLauncher m=0x108000 userHandle=UserHandle{0}}=0 , vs ResolveInfo{8f03fc6 com.android.settings/.FallbackHome p=-1000 m=0x108000 userHandle=UserHandle{0}}=-1000
04-12 20:40:53.808493  5368  5368 I artd    : GetBestInfo: odex next to the dex file (/data/app/~~MdVePR4_xkAFKkfvfq4aIQ==/com.google.android.gms-WpJNIfWRrgn5vtKGnlcbog==/oat/arm64/split_GoogleCertificates_installtime.odex) is kOatUpToDate with filter 'speed' executable 'false'
04-12 20:40:53.808515  1688  1801 E PMS-OPEN: return higher priority, ri = ResolveInfo{7e191a1 com.transsion.launcher3/com.android.launcher3.uioverrides.QuickstepLauncher m=0x108000 userHandle=UserHandle{0}}
04-12 20:40:53.809700  5200  6446 I .apps.wellbeing: AssetManager2(0xb400006eff91c158) locale list changing from [] to [zh-Hans-CN]
04-12 20:40:53.810689  5368  5368 I artd    : GetBestInfo: odex next to the dex file (/data/app/~~MdVePR4_xkAFKkfvfq4aIQ==/com.google.android.gms-WpJNIfWRrgn5vtKGnlcbog==/oat/arm64/split_MapsDynamite_installtime.odex) is kOatUpToDate with filter 'speed' executable 'false'
04-12 20:40:53.811079  2698  3014 W BroadcastDispatcherLog: [63] Broadcast received for user -1: Intent { act=android.intent.action.TIME_TICK flg=0x50200010 xflg=0x4 pkg=com.android.systemui }
04-12 20:40:53.811619  1688  3322 I PMS-OPEN: intent = Intent { act=android.intent.action.MAIN cat=[android.intent.category.HOME] }, n = 2, final suggPkg = null, openWith = false
04-12 20:40:53.811665  1688  3322 D PMS-OPEN: ResolveInfo{addab87 com.transsion.launcher3/com.android.launcher3.uioverrides.QuickstepLauncher m=0x108000 userHandle=UserHandle{0}}=0 , vs ResolveInfo{c0f5ab4 com.android.settings/.FallbackHome p=-1000 m=0x108000 userHandle=UserHandle{0}}=-1000
04-12 20:40:53.811692  1688  3322 E PMS-OPEN: return higher priority, ri = ResolveInfo{addab87 com.transsion.launcher3/com.android.launcher3.uioverrides.QuickstepLauncher m=0x108000 userHandle=UserHandle{0}}
04-12 20:40:53.811787  2698  2698 D FaceUnlockController: onStartNotifyFaceUnlock  reason:1
04-12 20:40:53.811956  7523  7599 D os.SingleLiceFactory: instance successfully. com.transsion.widget.floatingtoolbar.stable.Lice@b3efe74 from android.view.inputmethod.IRemoteInputConnectionImplLice
04-12 20:40:53.811981  7523  7599 D os.LiceInfo: instance successfully. com.transsion.view.inputmethod.RemoteInputConnectionImplLice@d11df9d from android.view.inputmethod.IRemoteInputConnectionImplLice
04-12 20:40:53.812007  5200  6446 I .apps.wellbeing: AssetManager2(0xb400006eff91b4d8) locale list changing from [] to [zh-Hans-CN]
04-12 20:40:53.812988  5368  5368 I artd    : GetBestInfo: odex next to the dex file (/data/app/~~MdVePR4_xkAFKkfvfq4aIQ==/com.google.android.gms-WpJNIfWRrgn5vtKGnlcbog==/oat/arm64/split_MeasurementDynamite_installtime.odex) is kOatUpToDate with filter 'speed' executable 'false'
04-12 20:40:53.813577  5200  6446 I .apps.wellbeing: AssetManager2(0xb400006eff924ad8) locale list changing from [] to [zh-Hans-CN]
04-12 20:40:53.814383  5368  5368 I artd    : GetBestInfo: odex next to the dex file (/data/app/~~MdVePR4_xkAFKkfvfq4aIQ==/com.google.android.gms-WpJNIfWRrgn5vtKGnlcbog==/oat/arm64/split_all_locale_splits.odex) is kOatUpToDate with filter 'speed' executable 'false'
04-12 20:40:53.814843  5200  6446 I .apps.wellbeing: AssetManager2(0xb400006eff925d98) locale list changing from [] to [zh-Hans-CN]
04-12 20:40:53.815021  2571  3204 I bt_stack: [INFO:le_scanning_manager.cc(278)] ScanFilterEnable in shim layer
04-12 20:40:53.815117  7523  7617 I KeyboardModeUtils: KeyboardModeUtils.getKeyboardBottomOffset():432 inch: 0.000000 ydpi: 427.619263 adjustKeyboardBottomByDisplaySize: false currentDensityDpi: 480 defaultDensityDpi: 480 keyboardBottomToScreenPx: 0 keyboardBottomToNavBarPx: 0 navBarHeight: 0
04-12 20:40:53.815224  1688  2920 I PMS-OPEN: intent = Intent { act=android.intent.action.MAIN cat=[android.intent.category.HOME] }, n = 2, final suggPkg = null, openWith = false
04-12 20:40:53.815263  1688  2920 D PMS-OPEN: ResolveInfo{a09252 com.transsion.launcher3/com.android.launcher3.uioverrides.QuickstepLauncher m=0x108000 userHandle=UserHandle{0}}=0 , vs ResolveInfo{e5f7923 com.android.settings/.FallbackHome p=-1000 m=0x108000 userHandle=UserHandle{0}}=-1000
04-12 20:40:53.815272  1688  2920 E PMS-OPEN: return higher priority, ri = ResolveInfo{a09252 com.transsion.launcher3/com.android.launcher3.uioverrides.QuickstepLauncher m=0x108000 userHandle=UserHandle{0}}
04-12 20:40:53.815354  5368  5368 I artd    : GetBestInfo: /data/app/~~MdVePR4_xkAFKkfvfq4aIQ==/com.google.android.gms-WpJNIfWRrgn5vtKGnlcbog==/split_maps_core_dynamite_ondemand.apk has no usable artifacts
04-12 20:40:53.815690  2571  3204 I bt_stack: [INFO:le_scanning_manager.cc(253)] ScanFilterAdd in shim layer
04-12 20:40:53.815884  2571  3204 I BtGatt.JNI: [com_android_bluetooth_gatt.cpp(1642)] gattClientScanFilterParamAddNative: Add Scan Filter, filter_index:8
04-12 20:40:53.815893  2571  3204 I bt_shim_scanner: [le_scanning_manager.cc(214)] ScanFilterParamSetup: in shim layer, clientIf=1
04-12 20:40:53.815992  2571  3204 I bt_stack: [INFO:le_scanning_manager.cc(253)] ScanFilterAdd in shim layer
04-12 20:40:53.816080  2571  3204 I BtGatt.JNI: [com_android_bluetooth_gatt.cpp(1642)] gattClientScanFilterParamAddNative: Add Scan Filter, filter_index:9
04-12 20:40:53.816077  1688  2920 I PMS-OPEN: intent = Intent { act=android.intent.action.MAIN cat=[android.intent.category.HOME] }, n = 2, final suggPkg = null, openWith = false
04-12 20:40:53.816088  2571  3204 I bt_shim_scanner: [le_scanning_manager.cc(214)] ScanFilterParamSetup: in shim layer, clientIf=1
04-12 20:40:53.816115  1688  2920 D PMS-OPEN: ResolveInfo{9a16e20 com.transsion.launcher3/com.android.launcher3.uioverrides.QuickstepLauncher m=0x108000 userHandle=UserHandle{0}}=0 , vs ResolveInfo{609d3d9 com.android.settings/.FallbackHome p=-1000 m=0x108000 userHandle=UserHandle{0}}=-1000
04-12 20:40:53.816125  1688  2920 E PMS-OPEN: return higher priority, ri = ResolveInfo{9a16e20 com.transsion.launcher3/com.android.launcher3.uioverrides.QuickstepLauncher m=0x108000 userHandle=UserHandle{0}}
04-12 20:40:53.816197  2571  3204 I bt_stack: [INFO:le_scanning_manager.cc(178)] Scan in shim layer started
04-12 20:40:53.816235  2571  3000 I bluetooth: [le_scanning_manager.cc(646)] stop_scan: Scanning already stopped, return!
04-12 20:40:53.816255  2571  3000 I bluetooth: [le_address_manager.cc(536)] GetNextPrivateAddressIntervalRange: nonwake=7m28s, wake=13m23s
04-12 20:40:53.816266  2571  3000 I bluetooth: [le_address_manager.cc(234)] register_client: Scheduled address rotation for first client registered
04-12 20:40:53.816269  2571  3000 I bluetooth: [le_address_manager.cc(237)] register_client: Client registered
04-12 20:40:53.816452  2571  3204 I bt_stack: [INFO:le_scanning_manager.cc(178)] Scan in shim layer stopped
04-12 20:40:53.816521  2571  3000 I bluetooth: [le_address_manager.cc(252)] unregister_client: Client unregistered
04-12 20:40:53.816536  2571  3000 I bluetooth: [le_address_manager.cc(261)] unregister_client: Cancelled address rotation alarm
04-12 20:40:53.816540  2571  3204 W BtGatt.ScanManager: There is no scan radio to stop
04-12 20:40:53.816560  2571  3204 I bt_shim_scanner: [le_scanning_manager.cc(357)] SetScanParameters: in shim layer, scannerId=1
04-12 20:40:53.816568  2571  3204 I bt_stack: [INFO:le_scanning_manager.cc(367)] SetScanParameters scan_phy 1 phy 1
04-12 20:40:53.816598  2571  3204 I bt_stack: [INFO:le_scanning_manager.cc(178)] Scan in shim layer started
04-12 20:40:53.816670  5200  6446 I .apps.wellbeing: AssetManager2(0xb400006eff928638) locale list changing from [] to [zh-Hans-CN]
04-12 20:40:53.816862  5368  5368 I artd    : GetBestInfo: odex next to the dex file (/data/user_de/0/com.google.android.gms/app_chimera/m/0000000f/oat/arm64/dl-MlkitBarcodeUi.optional_261233100400.odex) is kOatUpToDate with filter 'verify' executable 'false'
04-12 20:40:53.817163  5368  5368 I artd    : GetBestInfo: /data/user_de/0/com.google.android.gms/app_chimera/m/00000001/CronetDynamite.apk has no usable artifacts
04-12 20:40:53.817386  5368  5368 I artd    : GetBestInfo: /data/user_de/0/com.google.android.gms/app_chimera/m/00000002/DynamiteLoader.apk has no usable artifacts
04-12 20:40:53.817624  2571  3000 I bluetooth: [le_scanning_manager.cc(646)] stop_scan: Scanning already stopped, return!
04-12 20:40:53.817653  2571  3000 I bluetooth: [le_address_manager.cc(536)] GetNextPrivateAddressIntervalRange: nonwake=8m13s, wake=13m50s
04-12 20:40:53.817669  2571  3000 I bluetooth: [le_address_manager.cc(234)] register_client: Scheduled address rotation for first client registered
04-12 20:40:53.817672  2571  3000 I bluetooth: [le_address_manager.cc(237)] register_client: Client registered
04-12 20:40:53.817818  2698  3331 D SysUI(260302)_Clock: onReceive:mCurrentUserId=0, action=android.intent.action.TIME_TICK
04-12 20:40:53.816000   504   504 W logd.writer: type=1400 audit(0.0:806): avc:  denied  { read } for  name="u:object_r:bluetooth_prop:s0" dev="tmpfs" ino=173 scontext=u:r:logd:s0 tcontext=u:object_r:bluetooth_prop:s0 tclass=file permissive=0
04-12 20:40:53.816000   504   504 W logd.writer: type=1400 audit(0.0:807): avc:  denied  { read } for  name="u:object_r:bluetooth_prop:s0" dev="tmpfs" ino=173 scontext=u:r:logd:s0 tcontext=u:object_r:bluetooth_prop:s0 tclass=file permissive=0
04-12 20:40:53.817873  2698  3331 D BroadcastDispatcherLog: Broadcast 63 (android.intent.action.TIME_TICK) dispatched to com.android.systemui.statusbar.policy.Clock$2@d26b4a0
04-12 20:40:53.817911  2698  3331 D SysUI(260302)_Clock: onReceive:mCurrentUserId=0, action=android.intent.action.TIME_TICK
04-12 20:40:53.817928  2698  3331 D BroadcastDispatcherLog: Broadcast 63 (android.intent.action.TIME_TICK) dispatched to com.android.systemui.statusbar.policy.Clock$2@fc4717b
04-12 20:40:53.818009  2698  3331 D BroadcastDispatcherLog: Broadcast 63 (android.intent.action.TIME_TICK) dispatched to com.android.wifitrackerlib.BaseWifiTracker$1@2b1df69
04-12 20:40:53.818043  2698  3331 D SysUI(260302)_Clock: onReceive:mCurrentUserId=0, action=android.intent.action.TIME_TICK
04-12 20:40:53.818069  2698  3331 D BroadcastDispatcherLog: Broadcast 63 (android.intent.action.TIME_TICK) dispatched to com.android.systemui.statusbar.policy.Clock$2@6d910bb
04-12 20:40:53.818479  1688  1820 D SensorManager: registerListenerImpl sensor={Sensor name="lsm6dsvq_acc", vendor="st", version=1, type=1, maxRange=78.453606, resolution=0.0012, power=0.001, minDelay=2000} pid=1688 uid=1000 pkgname=android listener=com.android.server.wm.WindowOrientationListener$AccelSensorJudge@b49031d
04-12 20:40:53.818624  5368  5368 I artd    : GetBestInfo: odex next to the dex file (/data/user_de/0/com.google.android.gms/app_chimera/m/0000000e/oat/arm64/dl-MlkitOcrCommon.optional_261233100400.odex) is kOatUpToDate with filter 'verify' executable 'false'
04-12 20:40:53.818843  1058  1058 I OriginChannel: batch: [1,66667000,100000000]
04-12 20:40:53.818952  5200  6446 I .apps.wellbeing: AssetManager2(0xb400006eff922b98) locale list changing from [] to [zh-Hans-CN]
04-12 20:40:53.820044  1688  4454 I PMS-OPEN: intent = Intent { act=android.intent.action.MAIN cat=[android.intent.category.HOME] }, n = 2, final suggPkg = null, openWith = false
04-12 20:40:53.820219  5368  5368 I artd    : GetBestInfo: odex next to the dex file (/data/user_de/0/com.google.android.gms/app_chimera/m/00000013/oat/arm64/dl-AdsFdrDynamite.integ_260480602100000.odex) is kOatUpToDate with filter 'verify' executable 'false'
04-12 20:40:53.820413  1058  1058 I OriginChannel: flush: [1]
04-12 20:40:53.820646  5368  5368 I artd    : GetBestInfo: /data/user_de/0/com.google.android.gms/app_chimera/m/00000005/GoogleCertificates.apk has no usable artifacts
04-12 20:40:53.820798  1688  4454 D PMS-OPEN: ResolveInfo{8a6847f com.transsion.launcher3/com.android.launcher3.uioverrides.QuickstepLauncher m=0x108000 userHandle=UserHandle{0}}=0 , vs ResolveInfo{47f4c4c com.android.settings/.FallbackHome p=-1000 m=0x108000 userHandle=UserHandle{0}}=-1000
04-12 20:40:53.820907  1688  4454 E PMS-OPEN: return higher priority, ri = ResolveInfo{8a6847f com.transsion.launcher3/com.android.launcher3.uioverrides.QuickstepLauncher m=0x108000 userHandle=UserHandle{0}}
04-12 20:40:53.821676  2698  2698 D KeyguardUpdateMonitorLog: received broadcast android.intent.action.TIME_TICK
04-12 20:40:53.821728  2698  2698 D BroadcastDispatcherLog: Broadcast 62 (android.intent.action.TIME_TICK) dispatched to com.android.keyguard.KeyguardUpdateMonitor$7@e78af91
04-12 20:40:53.822216  1688  1820 I SensorService: enable: connectionUid = 1000; connectionPackage = com.android.server.wm.WindowOrientationListener; handle = 0x01000001; activate = true
04-12 20:40:53.822323  2698  2698 D SysUI(260302)_TrClockView: updateDataOnTimeChanged
04-12 20:40:53.822729  2698  2698 D os.DateTimeView: create at 2026-04-12T20:40:41.837, duration=11985
04-12 20:40:53.822729  5200  6446 I .apps.wellbeing: AssetManager2(0xb400006eff922558) locale list changing from [] to [zh-Hans-CN]
04-12 20:40:53.822741  2698  2698 D os.DateTimeView: format type=0
04-12 20:40:53.822785  2698  2698 D os.DateTimeView: updateDateTimeViewText:现在 at 2026-04-12T20:40:53.822 lan:zh for 2026-04-12T20:40:41.837, next update after 2026-04-12T20:41:41.838
04-12 20:40:53.822816  2698  2698 D os.DateTimeView: create at 2026-04-12T20:40:41.837, duration=11985
04-12 20:40:53.822822  2698  2698 D os.DateTimeView: format type=0
04-12 20:40:53.822837  2698  2698 D os.DateTimeView: updateDateTimeViewText:现在 at 2026-04-12T20:40:53.822 lan:zh for 2026-04-12T20:40:41.837, next update after 2026-04-12T20:41:41.838
04-12 20:40:53.822856  2698  2698 D os.DateTimeView: create at 2026-04-12T20:40:41.782, duration=12040
04-12 20:40:53.822860  2698  2698 D os.DateTimeView: format type=0
04-12 20:40:53.822875  2698  2698 D os.DateTimeView: updateDateTimeViewText:现在 at 2026-04-12T20:40:53.822 lan:zh for 2026-04-12T20:40:41.782, next update after 2026-04-12T20:41:41.783
04-12 20:40:53.822889  2698  2698 D os.DateTimeView: create at 2026-04-12T20:40:41.782, duration=12040
04-12 20:40:53.822895  2698  2698 D os.DateTimeView: format type=0
04-12 20:40:53.822907  2698  2698 D os.DateTimeView: updateDateTimeViewText:现在 at 2026-04-12T20:40:53.822 lan:zh for 2026-04-12T20:40:41.782, next update after 2026-04-12T20:41:41.783
04-12 20:40:53.822920  2698  2698 D os.DateTimeView: create at 2026-04-12T20:40:51.288, duration=2534
04-12 20:40:53.822925  2698  2698 D os.DateTimeView: format type=0
04-12 20:40:53.822955  2698  2698 D os.DateTimeView: updateDateTimeViewText:现在 at 2026-04-12T20:40:53.822 lan:zh for 2026-04-12T20:40:51.288, next update after 2026-04-12T20:41:51.289
04-12 20:40:53.822971  2698  2698 D os.DateTimeView: create at 2026-04-12T20:40:51.288, duration=2534
04-12 20:40:53.822977  2698  2698 D os.DateTimeView: format type=0
04-12 20:40:53.822992  2698  2698 D os.DateTimeView: updateDateTimeViewText:现在 at 2026-04-12T20:40:53.822 lan:zh for 2026-04-12T20:40:51.288, next update after 2026-04-12T20:41:51.289
04-12 20:40:53.823012  2698  2698 D os.DateTimeView: create at 2026-04-12T20:19:21, duration=1292823
04-12 20:40:53.823017  2698  2698 D os.DateTimeView: format type=1
04-12 20:40:53.823045  2698  2698 D os.DateTimeView: updateDateTimeViewText:21分钟 at 2026-04-12T20:40:53.823 lan:zh for 2026-04-12T20:19:21, next update after 2026-04-12T20:41:21.001
04-12 20:40:53.823066  2698  2698 D os.DateTimeView: create at 2026-04-12T20:19:21, duration=1292823
04-12 20:40:53.823074  2698  2698 D os.DateTimeView: format type=1
04-12 20:40:53.823094  2698  2698 D os.DateTimeView: updateDateTimeViewText:21分钟 at 2026-04-12T20:40:53.823 lan:zh for 2026-04-12T20:19:21, next update after 2026-04-12T20:41:21.001
04-12 20:40:53.823104  7523  7602 I ShortcutsDataManager: ShortcutsDataManager.onContentChanged():72 onContentChanged()
04-12 20:40:53.823113  2698  2698 D os.DateTimeView: create at 2026-04-12T20:40:38.982, duration=14841
04-12 20:40:53.823117  2698  2698 D os.DateTimeView: format type=0
04-12 20:40:53.823131  2698  2698 D os.DateTimeView: updateDateTimeViewText:现在 at 2026-04-12T20:40:53.823 lan:zh for 2026-04-12T20:40:38.982, next update after 2026-04-12T20:41:38.983
04-12 20:40:53.823147  2698  2698 D os.DateTimeView: create at 2026-04-12T20:40:38.982, duration=14841
04-12 20:40:53.823150  2698  2698 D os.DateTimeView: format type=0
04-12 20:40:53.823161  2698  2698 D os.DateTimeView: updateDateTimeViewText:现在 at 2026-04-12T20:40:53.823 lan:zh for 2026-04-12T20:40:38.982, next update after 2026-04-12T20:41:38.983
04-12 20:40:53.823173  2698  2698 D os.DateTimeView: create at 2026-04-09T22:24:40.908, duration=252972915
04-12 20:40:53.823177  2698  2698 D os.DateTimeView: format type=3
04-12 20:40:53.823240  2698  2698 D os.DateTimeView: pattern:EEEHH:mm, getLanguage=zh, getCountry=CN
04-12 20:40:53.823360  2698  2698 D os.DateTimeView: updateDateTimeViewText:周四 22:24 at 2026-04-12T20:40:53.823 lan:zh for 2026-04-09T22:24:40.908, next update after 2026-04-16T00:00:00.001
04-12 20:40:53.823393  2698  2698 D os.DateTimeView: create at 2026-04-09T22:24:40.908, duration=252972915
04-12 20:40:53.823401  2698  2698 D os.DateTimeView: format type=3
04-12 20:40:53.823439  2698  2698 D os.DateTimeView: pattern:EEEHH:mm, getLanguage=zh, getCountry=CN
04-12 20:40:53.823497  2698  2698 D os.DateTimeView: updateDateTimeViewText:周四 22:24 at 2026-04-12T20:40:53.823 lan:zh for 2026-04-09T22:24:40.908, next update after 2026-04-16T00:00:00.001
04-12 20:40:53.823508  5368  5368 I artd    : GetBestInfo: odex next to the dex file (/data/user_de/0/com.google.android.gms/app_chimera/m/0000000b/oat/arm64/dl-PlayCloudSearch.optional_253830100000.odex) is kOatUpToDate with filter 'verify' executable 'false'
04-12 20:40:53.823575  2698  2698 D KeyguardIndication: updateDeviceEntryIndication animate:false visible:true dozing false
04-12 20:40:53.823827  2698  2698 D KeyguardIndication: updateBatteryIndication powerIndication:正在充电 67% pluggedIn:true
04-12 20:40:53.823880  2698  2698 D KeyguardIndication: updateLockScreenUserLockedMsg userId=0 userStorageUnlocked:true encryptedOrLockdown:true
04-12 20:40:53.824272  5368  5368 I artd    : GetBestInfo: /data/user_de/0/com.google.android.gms/app_chimera/m/00000000/AdsDynamite.apk has no usable artifacts
04-12 20:40:53.825926  1688  4286 I system_server: AssetManager2(0xb400006eff8e5978) locale list changing from [] to [zh-Hans-CN]
04-12 20:40:53.826472  5200  6446 I .apps.wellbeing: AssetManager2(0xb400006eff922238) locale list changing from [] to [zh-Hans-CN]
04-12 20:40:53.827263  7523  7602 I ContactsDataManager: ContactsDataManager.onContentChanged():153 onContentChanged()
04-12 20:40:53.827323  7523  7602 I EmailDataManager: EmailDataManager.onContentChanged():101 onContentChanged()
04-12 20:40:53.827958  7523  7617 W ModuleManager: ModuleManager.loadModule():634 Module pte is not available
04-12 20:40:53.827992  5368  5368 W artd    : ClassLoaderContext classpath element mismatch. expected=/tr_region/priv-app/GmsCore/GmsCore.apk, found=/data/app/~~MdVePR4_xkAFKkfvfq4aIQ==/com.google.android.gms-WpJNIfWRrgn5vtKGnlcbog==/base.apk (PCL[];PCL[/tr_region/priv-app/GmsCore/GmsCore.apk*3697408659]{PCL[/system/framework/org.apache.http.legacy.jar*4247870504]#PCL[/system/framework/com.android.media.remotedisplay.jar*487574312]#PCL[/system/framework/com.android.location.provider.jar*1570284764]#PCL[/system_ext/framework/androidx.window.extensions.jar*225865634]#PCL[/system_ext/framework/androidx.window.sidecar.jar*3674945379]} | PCL[];PCL[/data/app/~~MdVePR4_xkAFKkfvfq4aIQ==/com.google.android.gms-WpJNIfWRrgn5vtKGnlcbog==/base.apk*853215258]{PCL[/system/framework/org.apache.http.legacy.jar*4247870504]#PCL[/system/framework/com.android.location.provider.jar*1570284764]#PCL[/system/framework/com.android.media.remotedisplay.jar*487574312]#PCL[/system_ext/framework/com.android.extensions.appfunctions.jar*2880224042]#PCL[/system_ext/framework/androidx.window.extensions.jar*225865634]#PCL[/system_ext/framework/androidx.window.sidecar.jar*3674945379]})
04-12 20:40:53.828019  5368  5368 I artd    : GetBestInfo: odex next to the dex file (/data/user/0/com.google.android.gms/app_dg_cache/C979021594972B0BA2D39F27BF33D93C4B1302BC/oat/arm64/the.odex) is kOatContextOutOfDate with filter 'verify' executable 'false': ClassLoaderContext check failed. Context was PCL[];PCL[/tr_region/priv-app/GmsCore/GmsCore.apk*3697408659]{PCL[/system/framework/org.apache.http.legacy.jar*4247870504]#PCL[/system/framework/com.android.media.remotedisplay.jar*487574312]#PCL[/system/framework/com.android.location.provider.jar*1570284764]#PCL[/system_ext/framework/androidx.window.extensions.jar*225865634]#PCL[/system_ext/framework/androidx.window.sidecar.jar*3674945379]}. The expected context is PCL[];PCL[/data/app/~~MdVePR4_xkAFKkfvfq4aIQ==/com.google.android.gms-WpJNIfWRrgn5vtKGnlcbog==/base.apk*853215258]{PCL[/system/framework/org.apache.http.legacy.jar*4247870504]#PCL[/system/framework/com.android.location.provider.jar*1570284764]#PCL[/system/framework/com.android.media.remotedisplay.jar*487574312]#PCL[/system_ext/framework/com.android.extensions.appfunctions.jar*2880224042]#PCL[/system_ext/framework/androidx.window.extensions.jar*225865634]#PCL[/system_ext/framework/androidx.window.sidecar.jar*3674945379]}
04-12 20:40:53.828100  5368  5368 I artd    : GetBestInfo: vdex next to the dex file (/data/user/0/com.google.android.gms/app_dg_cache/C979021594972B0BA2D39F27BF33D93C4B1302BC/oat/arm64/the.vdex) is kOatUpToDate with filter 'verify' executable 'false'
04-12 20:40:53.828347  1688  4286 I system_server: AssetManager2(0xb400006eff91c158) locale list changing from [] to [zh-Hans-CN]
04-12 20:40:53.829617  5368  5368 I artd    : GetBestInfo: odex next to the dex file (/data/user_de/0/com.google.android.gms/app_chimera/m/00000008/oat/arm64/dl-VisionOcr.optional_253830100000.odex) is kOatUpToDate with filter 'verify' executable 'false'
04-12 20:40:53.829844  1688  4286 I system_server: AssetManager2(0xb400006eff91dd78) locale list changing from [] to [zh-Hans-CN]
04-12 20:40:53.831464  5368  5368 I artd    : GetBestInfo: odex next to the dex file (/data/user_de/0/com.google.android.gms/app_chimera/m/00000012/oat/arm64/dl-Appsearch.optional_261233100400.odex) is kOatUpToDate with filter 'verify' executable 'false'
04-12 20:40:53.833301  5368  5368 I artd    : GetBestInfo: odex next to the dex file (/data/user_de/0/com.google.android.gms/app_chimera/m/00000011/oat/arm64/dl-PlayCloudSearch.optional_261233100000.odex) is kOatUpToDate with filter 'verify' executable 'false'
04-12 20:40:53.834084  1688  1800 I PMS-OPEN: intent = Intent { act=android.intent.action.MAIN cat=[android.intent.category.HOME] }, n = 2, final suggPkg = null, openWith = false
04-12 20:40:53.834132  1688  1800 D PMS-OPEN: ResolveInfo{4a54bc3 com.transsion.launcher3/com.android.launcher3.uioverrides.QuickstepLauncher m=0x108000 userHandle=UserHandle{0}}=0 , vs ResolveInfo{348dc40 com.android.settings/.FallbackHome p=-1000 m=0x108000 userHandle=UserHandle{0}}=-1000
04-12 20:40:53.834139  1688  1800 E PMS-OPEN: return higher priority, ri = ResolveInfo{4a54bc3 com.transsion.launcher3/com.android.launcher3.uioverrides.QuickstepLauncher m=0x108000 userHandle=UserHandle{0}}
04-12 20:40:53.834743  5368  5368 I artd    : GetBestInfo: odex next to the dex file (/data/user_de/0/com.google.android.gms/app_chimera/m/00000017/oat/arm64/dl-MlkitDocscanUi.optional_261233100400.odex) is kOatUpToDate with filter 'verify' executable 'false'
04-12 20:40:53.835859  7523  7604 W JobInfo : Requested important-while-foreground flag for job72 is ignored and takes no effect
04-12 20:40:53.836138  7523  7612 I SP      : Sync for hmmdictionary succeeded in 81 ms: no changes
04-12 20:40:53.836321  7523  7612 I SP      : GC for 'hmmdictionary' (10) with ttl of 0 ms took 0 ms (0/0/0)
04-12 20:40:53.836617  7523  7605 I SuperpacksManagerBase: SuperpacksManagerBase$2.onSyncSuccess():192 sync(): complete {old=[zh_CN_2026010706], new=[zh_CN_2026010706], metadata=false, last batch=true}
04-12 20:40:53.836883  5200  6446 I .apps.wellbeing: AssetManager2(0xb400006eff927378) locale list changing from [] to [zh-Hans-CN]
04-12 20:40:53.837034  5368  5409 I artd    : GetBestInfo: odex next to the dex file (/data/user_de/0/com.google.android.gms/app_chimera/m/00000009/oat/arm64/dl-MlkitOcrCommon.optional_253830100400.odex) is kOatUpToDate with filter 'verify' executable 'false'
04-12 20:40:53.837493  7523  7607 I HmmDataFacilitator: HmmDataFacilitator.setDownloadedPacks():335 Opening pack for language zh_CN
04-12 20:40:53.838167  7523  7646 I DynamicLanguageModelOperation: DynamicLanguageModelOperation.perform():43 perform() : 20 : ewe : Completed
04-12 20:40:53.841993  1026  1063 I netd    : tetherGetStats() -> {[]} <0.50ms>
04-12 20:40:53.842335  1688  2329 I Process : String at 0: 0x717cdd3601 = TRAN_BG_POLICY
04-12 20:40:53.843348  5368  5409 I artd    : GetBestInfo: odex next to the dex file (/data/user_de/0/com.google.android.gms/app_chimera/m/0000000d/oat/arm64/dl-VisionOcr.optional_261233100000.odex) is kOatUpToDate with filter 'verify' executable 'false'
04-12 20:40:53.843695  5368  5368 I artd    : GetBestInfo: /data/user_de/0/com.google.android.gms/app_chimera/m/00000007/MeasurementDynamite.apk has no usable artifacts
04-12 20:40:53.843716  5200  6446 I .apps.wellbeing: AssetManager2(0xb400006eff925a78) locale list changing from [] to [zh-Hans-CN]
04-12 20:40:53.845913  1058  1149 I HfLooper: light value = 15.000000
04-12 20:40:53.846992  5368  5368 I artd    : GetBestInfo: odex next to the dex file (/data/user_de/0/com.google.android.gms/app_chimera/m/0000000a/oat/arm64/dl-TfliteDynamiteDynamite.integ_252130102100400.odex) is kOatUpToDate with filter 'verify' executable 'false'
04-12 20:40:53.850435  1688  2329 I Process : String at 0: 0x717cdd3601 = TRAN_BG_POLICY
04-12 20:40:53.852203  1688  2920 D ConnectivityService: requestNetwork for uid/pid:1000/1688 asUid: 10243 activeRequest: null callbackRequest: 236 [NetworkRequest [ REQUEST id=237, [ Capabilities: INTERNET&NOT_RESTRICTED&TRUSTED&NOT_VCN_MANAGED&NOT_BANDWIDTH_CONSTRAINED Uid: 10243 RequestorUid: 1000 RequestorPkg: android UnderlyingNetworks: Null] ]] callback flags: 0 order: 2147483647 isUidTracked: false declaredMethods: AVAIL|LOST|BLK
04-12 20:40:53.852817  1325  1640 I MobileLogD: TIME_interval: 0 seconds, 7353075 ns, logsize: 10684344
04-12 20:40:53.855830  7523  7604 W JobInfo : Requested important-while-foreground flag for job73 is ignored and takes no effect
04-12 20:40:53.855973  1688  2143 D WifiNetworkFactory: got request NetworkRequest [ REQUEST id=237, [ Capabilities: INTERNET&NOT_RESTRICTED&TRUSTED&NOT_VCN_MANAGED&NOT_BANDWIDTH_CONSTRAINED Uid: 10243 RequestorUid: 1000 RequestorPkg: android UnderlyingNetworks: Null] ]
04-12 20:40:53.856112  1688  2143 D UntrustedWifiNetworkFactory: got request NetworkRequest [ REQUEST id=237, [ Capabilities: INTERNET&NOT_RESTRICTED&TRUSTED&NOT_VCN_MANAGED&NOT_BANDWIDTH_CONSTRAINED Uid: 10243 RequestorUid: 1000 RequestorPkg: android UnderlyingNetworks: Null] ]
04-12 20:40:53.856176  1688  2143 D OemPaidWifiNetworkFactory: got request NetworkRequest [ REQUEST id=237, [ Capabilities: INTERNET&NOT_RESTRICTED&TRUSTED&NOT_VCN_MANAGED&NOT_BANDWIDTH_CONSTRAINED Uid: 10243 RequestorUid: 1000 RequestorPkg: android UnderlyingNetworks: Null] ]
04-12 20:40:53.856192  1688  2143 D MultiInternetWifiNetworkFactory: got request NetworkRequest [ REQUEST id=237, [ Capabilities: INTERNET&NOT_RESTRICTED&TRUSTED&NOT_VCN_MANAGED&NOT_BANDWIDTH_CONSTRAINED Uid: 10243 RequestorUid: 1000 RequestorPkg: android UnderlyingNetworks: Null] ]
04-12 20:40:53.856255  1688  2153 D ConnectivityService: NetReassign [237 : null → 100] [c 0] [a 1] [i 1]
04-12 20:40:53.859331  5200  6446 I .apps.wellbeing: AssetManager2(0xb400006eff9231d8) locale list changing from [] to [zh-Hans-CN]
04-12 20:40:53.860088  1688  2281 D ConnectivityService: Returning UNBLOCKED NetworkInfo to uid=10243
04-12 20:40:53.860665  1688  1800 I PMS-OPEN: intent = Intent { act=android.intent.action.MAIN cat=[android.intent.category.HOME] }, n = 2, final suggPkg = null, openWith = false
04-12 20:40:53.860762  1688  1800 D PMS-OPEN: ResolveInfo{513b522 com.transsion.launcher3/com.android.launcher3.uioverrides.QuickstepLauncher m=0x108000 userHandle=UserHandle{0}}=0 , vs ResolveInfo{4e0abb3 com.android.settings/.FallbackHome p=-1000 m=0x108000 userHandle=UserHandle{0}}=-1000
04-12 20:40:53.860844  1688  1800 E PMS-OPEN: return higher priority, ri = ResolveInfo{513b522 com.transsion.launcher3/com.android.launcher3.uioverrides.QuickstepLauncher m=0x108000 userHandle=UserHandle{0}}
04-12 20:40:53.861227  7523  7604 W JobInfo : Requested important-while-foreground flag for job70 is ignored and takes no effect
04-12 20:40:53.861725  1688  7235 W ApiInvoke1.5.123: ApiInvokeRegister: addStateListenerAndCheck startListen  isAppServiceStart true
04-12 20:40:53.861743  1688  7235 W ApiInvoke1.5.123: ApiInvokeRegister: registerRemoteIpcProxy 
04-12 20:40:53.861805  1688  7235 W ApiInvoke1.5.123: ApiInvokeRegister: registerServiceComponent 
04-12 20:40:53.861805  1688  7235 W ApiInvoke1.5.123:  ChannelEntity{channelName='system', packageName='', className='', channelService=[], autoConnect=true}
04-12 20:40:53.861907  1688  1800 I PMS-OPEN: intent = Intent { act=android.intent.action.MAIN cat=[android.intent.category.HOME] }, n = 2, final suggPkg = null, openWith = false
04-12 20:40:53.861953  1688  1800 D PMS-OPEN: ResolveInfo{e5c016e com.transsion.launcher3/com.android.launcher3.uioverrides.QuickstepLauncher m=0x108000 userHandle=UserHandle{0}}=0 , vs ResolveInfo{eb0500f com.android.settings/.FallbackHome p=-1000 m=0x108000 userHandle=UserHandle{0}}=-1000
04-12 20:40:53.861962  1688  1800 E PMS-OPEN: return higher priority, ri = ResolveInfo{e5c016e com.transsion.launcher3/com.android.launcher3.uioverrides.QuickstepLauncher m=0x108000 userHandle=UserHandle{0}}
04-12 20:40:53.862028  3908  7337 E ApiInvoke3.0.5: OxygenBusServiceImpl: registerService with client system
04-12 20:40:53.862455  3908  7337 W ApiInvoke3.0.5: SubscribeBusServerImpl: putSubscribeChannel: channel= system death map size= 8
04-12 20:40:53.862478  3908  7337 I ApiInvoke3.0.5: SubscribeBusServerImpl: putSubscribeChannel:same binder,not link channel= system
04-12 20:40:53.862489  3908  7337 I ApiInvoke3.0.5: SubscribeBusServerImpl: putSubscribeChannel insert channel to 1688 pidEquals true
04-12 20:40:53.862499  3908  7337 I ApiInvoke3.0.5: SubscribeBusServerImpl: registerSubscribeManager processInfo {"pid": "1688","process": "system","packageName": "android","channels": ["system"],"version": "1.5.123"}:system size 7
04-12 20:40:53.862812  1058  1149 I HfLooper: [1] flush complete
04-12 20:40:53.864901  3908  4284 I ApiInvoke3.0.5: SubscribeBusServerImpl: parseSubscribeHostInfoList infoStr {"host":"AiEngine#BedtimeApi","typeCounts":[{"type":"predict_sleep","subscribeCount":1}]}
04-12 20:40:53.864968  3908  4284 I ApiInvoke3.0.5: SubscribeBusServerImpl: editSubscribeHostInfo editHostInfoByOpt pid1688 channel AiEngine#BedtimeApi matcher predict_sleep subscribeCount 1
04-12 20:40:53.865019  3908  4284 I ApiInvoke3.0.5: SubscribeBusServerImpl: createNotifyRunnable, notifyPublisherChange host=AiEngine#BedtimeApi typeCount SubscribeTypeCount{type='predict_sleep', subscribeCount=0} subscribeMap 6
04-12 20:40:53.865063  3908  4284 I ApiInvoke3.0.5: SubscribeManager: onSubscribeCountChange publisher Publisher{channel='AiEngine', apiName='BedtimeApi', label='predict_sleep'} subscribeCount 8
04-12 20:40:53.866004  1688  1800 I PMS-OPEN: intent = Intent { act=android.intent.action.MAIN cat=[android.intent.category.HOME] }, n = 2, final suggPkg = null, openWith = false
04-12 20:40:53.866048  1688  1800 D PMS-OPEN: ResolveInfo{410d89c com.transsion.launcher3/com.android.launcher3.uioverrides.QuickstepLauncher m=0x108000 userHandle=UserHandle{0}}=0 , vs ResolveInfo{1d3f2a5 com.android.settings/.FallbackHome p=-1000 m=0x108000 userHandle=UserHandle{0}}=-1000
04-12 20:40:53.866060  1688  1800 E PMS-OPEN: return higher priority, ri = ResolveInfo{410d89c com.transsion.launcher3/com.android.launcher3.uioverrides.QuickstepLauncher m=0x108000 userHandle=UserHandle{0}}
04-12 20:40:53.866665  1042  1042 D android.hardware.bluetooth@aidl-impl: BtHostDebugInfo
04-12 20:40:53.866721  1042  1042 D [BT]    : mtk_bt_op: BT_VND_OP_SET_BTHOST
04-12 20:40:53.867049  1688  4399 I PMS-OPEN: intent = Intent { act=android.intent.action.MAIN cat=[android.intent.category.HOME] }, n = 2, final suggPkg = null, openWith = false
04-12 20:40:53.867281  1688  4399 D PMS-OPEN: ResolveInfo{b61421 com.transsion.launcher3/com.android.launcher3.uioverrides.QuickstepLauncher m=0x108000 userHandle=UserHandle{0}}=0 , vs ResolveInfo{a2ed046 com.android.settings/.FallbackHome p=-1000 m=0x108000 userHandle=UserHandle{0}}=-1000
04-12 20:40:53.867360  1688  4399 E PMS-OPEN: return higher priority, ri = ResolveInfo{b61421 com.transsion.launcher3/com.android.launcher3.uioverrides.QuickstepLauncher m=0x108000 userHandle=UserHandle{0}}
04-12 20:40:53.868155  1688  4399 I PMS-OPEN: intent = Intent { act=android.intent.action.MAIN cat=[android.intent.category.HOME] }, n = 2, final suggPkg = null, openWith = false
04-12 20:40:53.868320  1688  4399 D PMS-OPEN: ResolveInfo{5883207 com.transsion.launcher3/com.android.launcher3.uioverrides.QuickstepLauncher m=0x108000 userHandle=UserHandle{0}}=0 , vs ResolveInfo{2a59f34 com.android.settings/.FallbackHome p=-1000 m=0x108000 userHandle=UserHandle{0}}=-1000
04-12 20:40:53.868400  1688  4399 E PMS-OPEN: return higher priority, ri = ResolveInfo{5883207 com.transsion.launcher3/com.android.launcher3.uioverrides.QuickstepLauncher m=0x108000 userHandle=UserHandle{0}}
04-12 20:40:53.868787  5200  6446 I .apps.wellbeing: AssetManager2(0xb400006eff925438) locale list changing from [] to [zh-Hans-CN]
04-12 20:40:53.869256  7567  7567 D nativeloader: Configuring clns-shared-9 for other apk /tr_region/priv-app/GooglePackageInstaller/GooglePackageInstaller.apk. target_sdk_version=36, uses_libraries=, library_path=/tr_region/priv-app/GooglePackageInstaller/lib/arm64:/system/lib64:/system_ext/lib64:/tr_product/lib64, permitted_path=/data:/mnt/expand:/data/user_de/0/com.google.android.packageinstaller:/tr_region/priv-app/GooglePackageInstaller:/system/lib64:/system_ext/lib64:/tr_product/lib64
04-12 20:40:53.869930  4853  4853 W Kolun.KolunScannerManager: IKolunScanner already init
04-12 20:40:53.870069  3908  4835 I Kolun_AI.BleServiceBinder: [16.02.00.006]bind success, mConnectTimes:1 mDieTimes:0,mDisconnectTimes:0
04-12 20:40:53.870602  1042  1042 D android.hardware.bluetooth@aidl-impl: BtHostDebugInfo
04-12 20:40:53.870616  1042  1042 D [BT]    : mtk_bt_op: BT_VND_OP_SET_BTHOST
04-12 20:40:53.871151  4853  4853 I [ScanUseCase]: checkScan isBluetoothEnable:true,isScreenOn:true [MainFlow,useTime:1775997653871,costTime:1270]
04-12 20:40:53.871284  1688  4399 I PMS-OPEN: intent = Intent { act=android.intent.action.MAIN cat=[android.intent.category.HOME] }, n = 2, final suggPkg = null, openWith = false
04-12 20:40:53.871323  1688  4399 D PMS-OPEN: ResolveInfo{d3ed15d com.transsion.launcher3/com.android.launcher3.uioverrides.QuickstepLauncher m=0x108000 userHandle=UserHandle{0}}=0 , vs ResolveInfo{277aad2 com.android.settings/.FallbackHome p=-1000 m=0x108000 userHandle=UserHandle{0}}=-1000
04-12 20:40:53.871332  1688  4399 E PMS-OPEN: return higher priority, ri = ResolveInfo{d3ed15d com.transsion.launcher3/com.android.launcher3.uioverrides.QuickstepLauncher m=0x108000 userHandle=UserHandle{0}}
04-12 20:40:53.871778  3908  7337 D Kolun_AI.BleScanAssistor: [16.02.00.006]getKolunBleScanAssistorVersion() callingPackage:com.transsion.iotservice
04-12 20:40:53.871992  4853  5002 D ScanUseCase: startTwsScan kolunEnable:false
04-12 20:40:53.872438  4853  5002 D ScanUseCase: startTwsScan
04-12 20:40:53.872509  6965  7032 D GSLB_SDK: getBlankDomains size < 0 
04-12 20:40:53.872595  4853  5002 D BluetoothAdapter: isLeEnabled(): ON
04-12 20:40:53.872665  6034  6053 D SensorManager: registerListenerImpl sensor={Sensor name="linear_acc", vendor="mtk", version=1, type=10, maxRange=39.226803, resolution=0.0012, power=0.001, minDelay=5000} pid=6034 uid=10232 pkgname=com.google.android.gms listener=com.google.ccc.abuse.droidguard.events.b@84be1ba
04-12 20:40:53.873258  4853  5002 D BluetoothLeScanner: BT scan called by package: com.transsion.iotservice
04-12 20:40:53.874416  4853  5002 D BluetoothFrameworkTrackPointUtils:   bt_caLL_type: 1  package_name: com.transsion.iotservice
04-12 20:40:53.874428  4853  5002 W BluetoothFrameworkTrackPointUtils: BT_Call_TID: 431060000048 is not enabled
04-12 20:40:53.874623  1058  1058 I OriginChannel: batch: [10,20000000,0]
04-12 20:40:53.874648  1688  2920 I PMS-OPEN: intent = Intent { act=android.intent.action.MAIN cat=[android.intent.category.HOME] }, n = 2, final suggPkg = null, openWith = false
04-12 20:40:53.874696  1688  2920 D PMS-OPEN: ResolveInfo{36be7a3 com.transsion.launcher3/com.android.launcher3.uioverrides.QuickstepLauncher m=0x108000 userHandle=UserHandle{0}}=0 , vs ResolveInfo{977aa0 com.android.settings/.FallbackHome p=-1000 m=0x108000 userHandle=UserHandle{0}}=-1000
04-12 20:40:53.874706  1688  2920 E PMS-OPEN: return higher priority, ri = ResolveInfo{36be7a3 com.transsion.launcher3/com.android.launcher3.uioverrides.QuickstepLauncher m=0x108000 userHandle=UserHandle{0}}
04-12 20:40:53.874754  7567  7567 I ackageinstaller: AssetManager2(0xb400006eff8e1198) locale list changing from [] to [zh-Hans-CN]
04-12 20:40:53.874786  1688  2282 I SensorService: 	>>> actuating h/w activate handle=16777226 enabled=1
04-12 20:40:53.874864  1058  1058 I OriginChannel: activate: [10,1]
04-12 20:40:53.875127  5200  6446 I .apps.wellbeing: AssetManager2(0xb400006eff9292b8) locale list changing from [] to [zh-Hans-CN]
04-12 20:40:53.875680  2571  2593 I BtGatt.ScanController: registerScanner Uid/Pid=1000/4853
04-12 20:40:53.877077  7567  7567 V GraphicsEnvironment: Currently set values for:
04-12 20:40:53.877121  7567  7567 V GraphicsEnvironment:   angle_gl_driver_selection_pkgs=[]
04-12 20:40:53.877129  7567  7567 V GraphicsEnvironment:   angle_gl_driver_selection_values=[]
04-12 20:40:53.877134  7567  7567 V GraphicsEnvironment: com.google.android.packageinstaller is not listed in per-application setting
04-12 20:40:53.877293  2579  3155 D TLinkBrush_DATA: [TranSST0] rsrp +EGREG:0,00A844,000BB2D03,4,40,0,0,0,0,0,0,0
04-12 20:40:53.877436  7567  7567 V GraphicsEnvironment: ANGLE allowlist from config: 
