04-12 20:40:53.520666  1688  2277 E PMS-OPEN: return higher priority, ri = ResolveInfo{6740c86 com.transsion.launcher3/com.android.launcher3.uioverrides.QuickstepLauncher m=0x108000 userHandle=UserHandle{0}}
04-12 20:40:53.521337  1688  2277 I PMS-OPEN: intent = Intent { act=android.intent.action.MAIN cat=[android.intent.category.HOME] }, n = 2, final suggPkg = null, openWith = false
04-12 20:40:53.521380  1688  2277 D PMS-OPEN: ResolveInfo{1c9d574 com.transsion.launcher3/com.android.launcher3.uioverrides.QuickstepLauncher m=0x108000 userHandle=UserHandle{0}}=0 , vs ResolveInfo{db16a9d com.android.settings/.FallbackHome p=-1000 m=0x108000 userHandle=UserHandle{0}}=-1000
04-12 20:40:53.521387  1688  2277 E PMS-OPEN: return higher priority, ri = ResolveInfo{1c9d574 com.transsion.launcher3/com.android.launcher3.uioverrides.QuickstepLauncher m=0x108000 userHandle=UserHandle{0}}
04-12 20:40:53.522019  7441  7441 D ConfigUpdater: UpdateRequestReceiver constructed with Config: com.google.android.configupdater.IntentFirewall.IntentFirewallConfig@6ab97e4, StoredState: com.google.android.configupdater.StoredState@daf544d, DownloadManagerHelper: com.google.android.configupdater.DownloadManagerHelper@fe48b02, FlagHelper: com.google.android.configupdater.GservicesHelper@c35fc13
04-12 20:40:53.522065  7441  7441 D ConfigUpdater: Setting up preferences for StoredState, Downloader, and FlagHelper
04-12 20:40:53.522794  7441  7441 D ConfigUpdater: Setting up DownloadManagerHelper
04-12 20:40:53.522877  7441  7441 D ConfigUpdater: Loaded SharedPreferences: IntentFirewallDownload
04-12 20:40:53.522877  1688  3629 I PMS-OPEN: intent = Intent { act=android.intent.action.MAIN cat=[android.intent.category.HOME] }, n = 2, final suggPkg = null, openWith = false
04-12 20:40:53.522977  1688  3629 D PMS-OPEN: ResolveInfo{8bf1399 com.transsion.launcher3/com.android.launcher3.uioverrides.QuickstepLauncher m=0x108000 userHandle=UserHandle{0}}=0 , vs ResolveInfo{2aa265e com.android.settings/.FallbackHome p=-1000 m=0x108000 userHandle=UserHandle{0}}=-1000
04-12 20:40:53.523025  1688  3629 E PMS-OPEN: return higher priority, ri = ResolveInfo{8bf1399 com.transsion.launcher3/com.android.launcher3.uioverrides.QuickstepLauncher m=0x108000 userHandle=UserHandle{0}}
04-12 20:40:53.523290  7441  7441 D ConfigUpdater: Using Lollipop+ download directory: /data/user/0/com.google.android.configupdater/files/downloads
04-12 20:40:53.523340  7441  7441 D ConfigUpdater: Got DownloadManager service
04-12 20:40:53.523522  7441  7441 D ConfigUpdater: Is wearable device: false
04-12 20:40:53.523575  7441  7441 D ConfigUpdater: Received intent with action: android.intent.action.BOOT_COMPLETED
04-12 20:40:53.524134  7441  7441 D ConfigUpdater: Last update start time: 0, current time: 1775997653524, max delay: 21600000
04-12 20:40:53.524153  1688  3629 I PMS-OPEN: intent = Intent { act=android.intent.action.MAIN cat=[android.intent.category.HOME] }, n = 2, final suggPkg = null, openWith = false
04-12 20:40:53.524427  1688  3629 D PMS-OPEN: ResolveInfo{4d72a3f com.transsion.launcher3/com.android.launcher3.uioverrides.QuickstepLauncher m=0x108000 userHandle=UserHandle{0}}=0 , vs ResolveInfo{a365f0c com.android.settings/.FallbackHome p=-1000 m=0x108000 userHandle=UserHandle{0}}=-1000
04-12 20:40:53.524440  1688  3629 E PMS-OPEN: return higher priority, ri = ResolveInfo{4d72a3f com.transsion.launcher3/com.android.launcher3.uioverrides.QuickstepLauncher m=0x108000 userHandle=UserHandle{0}}
04-12 20:40:53.525309  7441  7441 E ConfigUpdater: ignoring update request
04-12 20:40:53.525281  7545  7545 I arhead:provider: Using CollectorTypeCMC GC.
04-12 20:40:53.525496  1688  1955 I PMS-OPEN: intent = Intent { act=android.intent.action.MAIN cat=[android.intent.category.HOME] }, n = 2, final suggPkg = null, openWith = false
04-12 20:40:53.525627  1688  1955 D PMS-OPEN: ResolveInfo{61e2b5b com.transsion.launcher3/com.android.launcher3.uioverrides.QuickstepLauncher m=0x108000 userHandle=UserHandle{0}}=0 , vs ResolveInfo{f705ff8 com.android.settings/.FallbackHome p=-1000 m=0x108000 userHandle=UserHandle{0}}=-1000
04-12 20:40:53.525844  1688  1955 E PMS-OPEN: return higher priority, ri = ResolveInfo{61e2b5b com.transsion.launcher3/com.android.launcher3.uioverrides.QuickstepLauncher m=0x108000 userHandle=UserHandle{0}}
04-12 20:40:53.527016  1688  2733 I PMS-OPEN: intent = Intent { act=android.intent.action.MAIN cat=[android.intent.category.HOME] }, n = 2, final suggPkg = null, openWith = false
04-12 20:40:53.527171  1688  2733 D PMS-OPEN: ResolveInfo{40a2237 com.transsion.launcher3/com.android.launcher3.uioverrides.QuickstepLauncher m=0x108000 userHandle=UserHandle{0}}=0 , vs ResolveInfo{c4783a4 com.android.settings/.FallbackHome p=-1000 m=0x108000 userHandle=UserHandle{0}}=-1000
04-12 20:40:53.527268  1688  2733 E PMS-OPEN: return higher priority, ri = ResolveInfo{40a2237 com.transsion.launcher3/com.android.launcher3.uioverrides.QuickstepLauncher m=0x108000 userHandle=UserHandle{0}}
04-12 20:40:53.527512  5200  6446 I .apps.wellbeing: AssetManager2(0xb400006eff908bf8) locale list changing from [] to [zh-Hans-CN]
04-12 20:40:53.527215  2387  2635 E Usf/policyManager: onExecuteResult: Bundle[{policy_index=1, policy_resuest_time=2026-04-12 20:40:53.525, policy_scene_name=add-process-record, policy_start_time=34333, policy_policy_name=hiber, policy_end_time=34334}] tid = 75
04-12 20:40:53.528630  1247  1257 I adbd    : jdwp connection from 7545
04-12 20:40:53.529008  1688  3322 I PMS-OPEN: intent = Intent { act=android.intent.action.MAIN cat=[android.intent.category.HOME] }, n = 2, final suggPkg = null, openWith = false
04-12 20:40:53.529093  1688  3322 D PMS-OPEN: ResolveInfo{154aad3 com.transsion.launcher3/com.android.launcher3.uioverrides.QuickstepLauncher m=0x108000 userHandle=UserHandle{0}}=0 , vs ResolveInfo{f4b3610 com.android.settings/.FallbackHome p=-1000 m=0x108000 userHandle=UserHandle{0}}=-1000
04-12 20:40:53.529123  1688  3322 E PMS-OPEN: return higher priority, ri = ResolveInfo{154aad3 com.transsion.launcher3/com.android.launcher3.uioverrides.QuickstepLauncher m=0x108000 userHandle=UserHandle{0}}
04-12 20:40:53.529797  4914  5096 I cwoh    : (REDACTED) Writing metadata key: %s, corpus: %s
04-12 20:40:53.530052  4914  5096 I cwoh    : (REDACTED) Writing metadata key: %s, corpus: %s
04-12 20:40:53.530463  1032  1032 I zygote  : Priority USAP Pool refill. New USAPs: 1
04-12 20:40:53.531192  7545  7545 D nativeloader: Load libframework-connectivity-tiramisu-jni.so using APEX ns com_android_tethering for caller /apex/com.android.tethering/javalib/framework-connectivity-t.jar: ok
04-12 20:40:53.531552  7441  7441 D ConfigUpdater: UpdateRequestReceiver constructed with Config: com.google.android.configupdater.SmsShortCodes.SmsShortCodesConfig@e5fff7c, StoredState: com.google.android.configupdater.StoredState@49fc005, DownloadManagerHelper: com.google.android.configupdater.DownloadManagerHelper@d64785a, FlagHelper: com.google.android.configupdater.GservicesHelper@eda8b
04-12 20:40:53.531571  7441  7441 D ConfigUpdater: Setting up preferences for StoredState, Downloader, and FlagHelper
04-12 20:40:53.531699  7441  7441 D ConfigUpdater: Setting up DownloadManagerHelper
04-12 20:40:53.531730  7441  7441 D ConfigUpdater: Loaded SharedPreferences: SmsShortCodesDownload
04-12 20:40:53.531759  7441  7441 D ConfigUpdater: Using Lollipop+ download directory: /data/user/0/com.google.android.configupdater/files/downloads
04-12 20:40:53.531769  7441  7441 D ConfigUpdater: Got DownloadManager service
04-12 20:40:53.531780  7441  7441 D ConfigUpdater: Is wearable device: false
04-12 20:40:53.531789  7441  7441 D ConfigUpdater: Received intent with action: android.intent.action.BOOT_COMPLETED
04-12 20:40:53.532307  4914  5160 I cwku    : (REDACTED) Starting batch sync for corpora: %s
04-12 20:40:53.532558  5200  6446 I .apps.wellbeing: AssetManager2(0xb400006eff907618) locale list changing from [] to [zh-Hans-CN]
04-12 20:40:53.532839  7441  7441 D ConfigUpdater: Last update start time: 0, current time: 1775997653532, max delay: 21600000
04-12 20:40:53.533304  7441  7441 E ConfigUpdater: ignoring update request
04-12 20:40:53.533844  1688  2442 I PMS-OPEN: intent = Intent { act=android.intent.action.MAIN cat=[android.intent.category.HOME] }, n = 2, final suggPkg = null, openWith = false
04-12 20:40:53.533912  1688  2442 D PMS-OPEN: ResolveInfo{efca14b com.transsion.launcher3/com.android.launcher3.uioverrides.QuickstepLauncher m=0x108000 userHandle=UserHandle{0}}=0 , vs ResolveInfo{5b7b728 com.android.settings/.FallbackHome p=-1000 m=0x108000 userHandle=UserHandle{0}}=-1000
04-12 20:40:53.533928  1688  2442 E PMS-OPEN: return higher priority, ri = ResolveInfo{efca14b com.transsion.launcher3/com.android.launcher3.uioverrides.QuickstepLauncher m=0x108000 userHandle=UserHandle{0}}
04-12 20:40:53.534679  1688  2442 I PMS-OPEN: intent = Intent { act=android.intent.action.MAIN cat=[android.intent.category.HOME] }, n = 2, final suggPkg = null, openWith = false
04-12 20:40:53.534747  1688  2442 D PMS-OPEN: ResolveInfo{9f75c41 com.transsion.launcher3/com.android.launcher3.uioverrides.QuickstepLauncher m=0x108000 userHandle=UserHandle{0}}=0 , vs ResolveInfo{7b445e6 com.android.settings/.FallbackHome p=-1000 m=0x108000 userHandle=UserHandle{0}}=-1000
04-12 20:40:53.534778  1688  2442 E PMS-OPEN: return higher priority, ri = ResolveInfo{9f75c41 com.transsion.launcher3/com.android.launcher3.uioverrides.QuickstepLauncher m=0x108000 userHandle=UserHandle{0}}
04-12 20:40:53.534920  5200  6446 I .apps.wellbeing: AssetManager2(0xb400006eff903478) locale list changing from [] to [zh-Hans-CN]
04-12 20:40:53.535395  1688  2442 I PMS-OPEN: intent = Intent { act=android.intent.action.MAIN cat=[android.intent.category.HOME] }, n = 2, final suggPkg = null, openWith = false
04-12 20:40:53.535450  1688  2442 D PMS-OPEN: ResolveInfo{e1c7b7d com.transsion.launcher3/com.android.launcher3.uioverrides.QuickstepLauncher m=0x108000 userHandle=UserHandle{0}}=0 , vs ResolveInfo{f6eda72 com.android.settings/.FallbackHome p=-1000 m=0x108000 userHandle=UserHandle{0}}=-1000
04-12 20:40:53.535460  1688  2442 E PMS-OPEN: return higher priority, ri = ResolveInfo{e1c7b7d com.transsion.launcher3/com.android.launcher3.uioverrides.QuickstepLauncher m=0x108000 userHandle=UserHandle{0}}
04-12 20:40:53.536578  1688  2281 I PMS-OPEN: intent = Intent { act=android.intent.action.MAIN cat=[android.intent.category.HOME] }, n = 2, final suggPkg = null, openWith = false
04-12 20:40:53.538195  2387  2637 E Usf/policyManager: onExecuteResult: Bundle[{policy_index=1, policy_resuest_time=2026-04-12 20:40:53.527, policy_scene_name=add-process-record, policy_start_time=34334, policy_policy_name=privacy, policy_end_time=34334}] tid = 78
04-12 20:40:53.538340  1688  2281 D PMS-OPEN: ResolveInfo{27a5279 com.transsion.launcher3/com.android.launcher3.uioverrides.QuickstepLauncher m=0x108000 userHandle=UserHandle{0}}=0 , vs ResolveInfo{5cc2bbe com.android.settings/.FallbackHome p=-1000 m=0x108000 userHandle=UserHandle{0}}=-1000
04-12 20:40:53.538381  1688  2281 E PMS-OPEN: return higher priority, ri = ResolveInfo{27a5279 com.transsion.launcher3/com.android.launcher3.uioverrides.QuickstepLauncher m=0x108000 userHandle=UserHandle{0}}
04-12 20:40:53.538776  4914  6180 I cwoh    : The GellerConfig is not present, returning null.
04-12 20:40:53.538849  4914  6180 I cwoh    : (REDACTED) The GellerConfig is not present, defaulting isUploadEnabled for corpus %s to true.
04-12 20:40:53.539443  1688  2281 I PMS-OPEN: intent = Intent { act=android.intent.action.MAIN cat=[android.intent.category.HOME] }, n = 2, final suggPkg = null, openWith = false
04-12 20:40:53.539488  1688  2281 D PMS-OPEN: ResolveInfo{36b41f com.transsion.launcher3/com.android.launcher3.uioverrides.QuickstepLauncher m=0x108000 userHandle=UserHandle{0}}=0 , vs ResolveInfo{126536c com.android.settings/.FallbackHome p=-1000 m=0x108000 userHandle=UserHandle{0}}=-1000
04-12 20:40:53.539499  1688  2281 E PMS-OPEN: return higher priority, ri = ResolveInfo{36b41f com.transsion.launcher3/com.android.launcher3.uioverrides.QuickstepLauncher m=0x108000 userHandle=UserHandle{0}}
04-12 20:40:53.540241  1688  2442 I PMS-OPEN: intent = Intent { act=android.intent.action.MAIN cat=[android.intent.category.HOME] }, n = 2, final suggPkg = null, openWith = false
04-12 20:40:53.540326  1688  2442 D PMS-OPEN: ResolveInfo{c449d35 com.transsion.launcher3/com.android.launcher3.uioverrides.QuickstepLauncher m=0x108000 userHandle=UserHandle{0}}=0 , vs ResolveInfo{d1b45ca com.android.settings/.FallbackHome p=-1000 m=0x108000 userHandle=UserHandle{0}}=-1000
04-12 20:40:53.540339  1688  2442 E PMS-OPEN: return higher priority, ri = ResolveInfo{c449d35 com.transsion.launcher3/com.android.launcher3.uioverrides.QuickstepLauncher m=0x108000 userHandle=UserHandle{0}}
04-12 20:40:53.540509  7523  7523 I putmethod.latin: Using CollectorTypeCMC GC.
04-12 20:40:53.541605  1688  2442 I PMS-OPEN: intent = Intent { act=android.intent.action.MAIN cat=[android.intent.category.HOME] }, n = 2, final suggPkg = null, openWith = false
04-12 20:40:53.541673  1688  2442 D PMS-OPEN: ResolveInfo{81c733b com.transsion.launcher3/com.android.launcher3.uioverrides.QuickstepLauncher m=0x108000 userHandle=UserHandle{0}}=0 , vs ResolveInfo{9db3a58 com.android.settings/.FallbackHome p=-1000 m=0x108000 userHandle=UserHandle{0}}=-1000
04-12 20:40:53.542256  1688  2442 E PMS-OPEN: return higher priority, ri = ResolveInfo{81c733b com.transsion.launcher3/com.android.launcher3.uioverrides.QuickstepLauncher m=0x108000 userHandle=UserHandle{0}}
04-12 20:40:53.542682  1032  1032 D Zygote  : Forked child process 7567
04-12 20:40:53.543020  5200  6446 I .apps.wellbeing: AssetManager2(0xb400006eff906038) locale list changing from [] to [zh-Hans-CN]
04-12 20:40:53.544277  4914  6180 I cwku    : (REDACTED) The syncToken for corpus %s is %s and the syncRequestReason is %s
04-12 20:40:53.544488  1688  1953 I PMS-OPEN: intent = Intent { act=android.intent.action.MAIN cat=[android.intent.category.HOME] }, n = 2, final suggPkg = null, openWith = false
04-12 20:40:53.544527  1688  1953 D PMS-OPEN: ResolveInfo{b8ff496 com.transsion.launcher3/com.android.launcher3.uioverrides.QuickstepLauncher m=0x108000 userHandle=UserHandle{0}}=0 , vs ResolveInfo{ad50817 com.android.settings/.FallbackHome p=-1000 m=0x108000 userHandle=UserHandle{0}}=-1000
04-12 20:40:53.544535  1688  1953 E PMS-OPEN: return higher priority, ri = ResolveInfo{b8ff496 com.transsion.launcher3/com.android.launcher3.uioverrides.QuickstepLauncher m=0x108000 userHandle=UserHandle{0}}
04-12 20:40:53.546786  5200  6446 I .apps.wellbeing: AssetManager2(0xb400006eff909b98) locale list changing from [] to [zh-Hans-CN]
04-12 20:40:53.548355  5200  6446 I .apps.wellbeing: AssetManager2(0xb400006eff908298) locale list changing from [] to [zh-Hans-CN]
04-12 20:40:53.548733  7523  7523 D nativeloader: Load libframework-connectivity-tiramisu-jni.so using APEX ns com_android_tethering for caller /apex/com.android.tethering/javalib/framework-connectivity-t.jar: ok
04-12 20:40:53.549105  1247  1257 I adbd    : jdwp connection from 7523
04-12 20:40:53.549625  7545  7545 D ApplicationLoaders: Returning zygote-cached class loader: /system_ext/framework/androidx.window.extensions.jar
04-12 20:40:53.549639  7545  7545 D ApplicationLoaders: Returning zygote-cached class loader: /system_ext/framework/androidx.window.sidecar.jar
04-12 20:40:53.550984  1688  1955 I PMS-OPEN: intent = Intent { act=android.intent.action.MAIN cat=[android.intent.category.HOME] }, n = 2, final suggPkg = null, openWith = false
04-12 20:40:53.551032  5200  6446 I .apps.wellbeing: AssetManager2(0xb400006eff905098) locale list changing from [] to [zh-Hans-CN]
04-12 20:40:53.551068  1688  1955 D PMS-OPEN: ResolveInfo{71b6f9c com.transsion.launcher3/com.android.launcher3.uioverrides.QuickstepLauncher m=0x108000 userHandle=UserHandle{0}}=0 , vs ResolveInfo{1583da5 com.android.settings/.FallbackHome p=-1000 m=0x108000 userHandle=UserHandle{0}}=-1000
04-12 20:40:53.551088  1688  1955 E PMS-OPEN: return higher priority, ri = ResolveInfo{71b6f9c com.transsion.launcher3/com.android.launcher3.uioverrides.QuickstepLauncher m=0x108000 userHandle=UserHandle{0}}
04-12 20:40:53.552018  1688  2442 I PMS-OPEN: intent = Intent { act=android.intent.action.MAIN cat=[android.intent.category.HOME] }, n = 2, final suggPkg = null, openWith = false
04-12 20:40:53.552079  1688  2442 D PMS-OPEN: ResolveInfo{7f8b57a com.transsion.launcher3/com.android.launcher3.uioverrides.QuickstepLauncher m=0x108000 userHandle=UserHandle{0}}=0 , vs ResolveInfo{28ca12b com.android.settings/.FallbackHome p=-1000 m=0x108000 userHandle=UserHandle{0}}=-1000
04-12 20:40:53.552092  1688  2442 E PMS-OPEN: return higher priority, ri = ResolveInfo{7f8b57a com.transsion.launcher3/com.android.launcher3.uioverrides.QuickstepLauncher m=0x108000 userHandle=UserHandle{0}}
04-12 20:40:53.552830  1688  1955 I PMS-OPEN: intent = Intent { act=android.intent.action.MAIN cat=[android.intent.category.HOME] }, n = 2, final suggPkg = null, openWith = false
04-12 20:40:53.552983  1688  1955 D PMS-OPEN: ResolveInfo{13de988 com.transsion.launcher3/com.android.launcher3.uioverrides.QuickstepLauncher m=0x108000 userHandle=UserHandle{0}}=0 , vs ResolveInfo{bb40f21 com.android.settings/.FallbackHome p=-1000 m=0x108000 userHandle=UserHandle{0}}=-1000
04-12 20:40:53.553011  1688  1955 E PMS-OPEN: return higher priority, ri = ResolveInfo{13de988 com.transsion.launcher3/com.android.launcher3.uioverrides.QuickstepLauncher m=0x108000 userHandle=UserHandle{0}}
04-12 20:40:53.553703  1688  1955 I PMS-OPEN: intent = Intent { act=android.intent.action.MAIN cat=[android.intent.category.HOME] }, n = 2, final suggPkg = null, openWith = false
04-12 20:40:53.553775  1688  1955 D PMS-OPEN: ResolveInfo{cccaf46 com.transsion.launcher3/com.android.launcher3.uioverrides.QuickstepLauncher m=0x108000 userHandle=UserHandle{0}}=0 , vs ResolveInfo{6b22507 com.android.settings/.FallbackHome p=-1000 m=0x108000 userHandle=UserHandle{0}}=-1000
04-12 20:40:53.553788  1688  1955 E PMS-OPEN: return higher priority, ri = ResolveInfo{cccaf46 com.transsion.launcher3/com.android.launcher3.uioverrides.QuickstepLauncher m=0x108000 userHandle=UserHandle{0}}
04-12 20:40:53.553792  5200  6446 I .apps.wellbeing: AssetManager2(0xb400006eff9059f8) locale list changing from [] to [zh-Hans-CN]
04-12 20:40:53.554450  1688  1955 I PMS-OPEN: intent = Intent { act=android.intent.action.MAIN cat=[android.intent.category.HOME] }, n = 2, final suggPkg = null, openWith = false
04-12 20:40:53.554514  1688  1955 D PMS-OPEN: ResolveInfo{b8c1634 com.transsion.launcher3/com.android.launcher3.uioverrides.QuickstepLauncher m=0x108000 userHandle=UserHandle{0}}=0 , vs ResolveInfo{9a17c5d com.android.settings/.FallbackHome p=-1000 m=0x108000 userHandle=UserHandle{0}}=-1000
04-12 20:40:53.554528  1688  1955 E PMS-OPEN: return higher priority, ri = ResolveInfo{b8c1634 com.transsion.launcher3/com.android.launcher3.uioverrides.QuickstepLauncher m=0x108000 userHandle=UserHandle{0}}
04-12 20:40:53.555166  1688  3322 I PMS-OPEN: intent = Intent { act=android.intent.action.MAIN cat=[android.intent.category.HOME] }, n = 2, final suggPkg = null, openWith = false
04-12 20:40:53.555230  1688  3322 D PMS-OPEN: ResolveInfo{a9479d2 com.transsion.launcher3/com.android.launcher3.uioverrides.QuickstepLauncher m=0x108000 userHandle=UserHandle{0}}=0 , vs ResolveInfo{8c20aa3 com.android.settings/.FallbackHome p=-1000 m=0x108000 userHandle=UserHandle{0}}=-1000
04-12 20:40:53.555243  1688  3322 E PMS-OPEN: return higher priority, ri = ResolveInfo{a9479d2 com.transsion.launcher3/com.android.launcher3.uioverrides.QuickstepLauncher m=0x108000 userHandle=UserHandle{0}}
04-12 20:40:53.555952  1688  3322 I PMS-OPEN: intent = Intent { act=android.intent.action.MAIN cat=[android.intent.category.HOME] }, n = 2, final suggPkg = null, openWith = false
04-12 20:40:53.555999  1688  3322 D PMS-OPEN: ResolveInfo{6ee61a0 com.transsion.launcher3/com.android.launcher3.uioverrides.QuickstepLauncher m=0x108000 userHandle=UserHandle{0}}=0 , vs ResolveInfo{6fe8159 com.android.settings/.FallbackHome p=-1000 m=0x108000 userHandle=UserHandle{0}}=-1000
04-12 20:40:53.556005  1688  3322 E PMS-OPEN: return higher priority, ri = ResolveInfo{6ee61a0 com.transsion.launcher3/com.android.launcher3.uioverrides.QuickstepLauncher m=0x108000 userHandle=UserHandle{0}}
04-12 20:40:53.556028  7441  7441 D ConfigUpdater: UpdateRequestReceiver constructed with Config: com.google.android.configupdater.NetworkWatchlist.NetworkWatchlistConfig@f0e9467, StoredState: com.google.android.configupdater.StoredState@916c214, DownloadManagerHelper: com.google.android.configupdater.DownloadManagerHelper@d4aeabd, FlagHelper: com.google.android.configupdater.PhenotypeHelper@799b8b2
04-12 20:40:53.556083  7441  7441 D ConfigUpdater: Setting up preferences for StoredState, Downloader, and FlagHelper
04-12 20:40:53.556175  7441  7441 D ConfigUpdater: Setting up DownloadManagerHelper
04-12 20:40:53.556208  7441  7441 D ConfigUpdater: Loaded SharedPreferences: NetworkWatchlistDownload
04-12 20:40:53.556239  7441  7441 D ConfigUpdater: Using Lollipop+ download directory: /data/user/0/com.google.android.configupdater/files/downloads
04-12 20:40:53.556247  7441  7441 D ConfigUpdater: Got DownloadManager service
04-12 20:40:53.556256  7441  7441 D ConfigUpdater: Is wearable device: false
04-12 20:40:53.556262  7441  7441 D ConfigUpdater: Received intent with action: android.intent.action.BOOT_COMPLETED
04-12 20:40:53.556625  7441  7441 D ConfigUpdater: Last update start time: 0, current time: 1775997653556, max delay: 21600000
04-12 20:40:53.556627  5200  6446 I .apps.wellbeing: AssetManager2(0xb400006eff90dd38) locale list changing from [] to [zh-Hans-CN]
04-12 20:40:53.556682  7441  7441 E ConfigUpdater: ignoring update request
04-12 20:40:53.557021  1688  3322 I PMS-OPEN: intent = Intent { act=android.intent.action.MAIN cat=[android.intent.category.HOME] }, n = 2, final suggPkg = null, openWith = false
04-12 20:40:53.557049  7545  7545 W arhead:provider: Failed to find entry 'classes.dex': Entry not found
04-12 20:40:53.557075  1688  3322 D PMS-OPEN: ResolveInfo{99c611e com.transsion.launcher3/com.android.launcher3.uioverrides.QuickstepLauncher m=0x108000 userHandle=UserHandle{0}}=0 , vs ResolveInfo{860adff com.android.settings/.FallbackHome p=-1000 m=0x108000 userHandle=UserHandle{0}}=-1000
04-12 20:40:53.557084  1688  3322 E PMS-OPEN: return higher priority, ri = ResolveInfo{99c611e com.transsion.launcher3/com.android.launcher3.uioverrides.QuickstepLauncher m=0x108000 userHandle=UserHandle{0}}
04-12 20:40:53.557428  7545  7545 W arhead:provider: Failed to find entry 'classes.dex': Entry not found
04-12 20:40:53.557616  7545  7545 W arhead:provider: Failed to find entry 'classes.dex': Entry not found
04-12 20:40:53.558007  1688  1955 I PMS-OPEN: intent = Intent { act=android.intent.action.MAIN cat=[android.intent.category.HOME] }, n = 2, final suggPkg = null, openWith = false
04-12 20:40:53.558072  1688  1955 D PMS-OPEN: ResolveInfo{11c2b1b com.transsion.launcher3/com.android.launcher3.uioverrides.QuickstepLauncher m=0x108000 userHandle=UserHandle{0}}=0 , vs ResolveInfo{2c4b8 com.android.settings/.FallbackHome p=-1000 m=0x108000 userHandle=UserHandle{0}}=-1000
04-12 20:40:53.558086  1688  1955 E PMS-OPEN: return higher priority, ri = ResolveInfo{11c2b1b com.transsion.launcher3/com.android.launcher3.uioverrides.QuickstepLauncher m=0x108000 userHandle=UserHandle{0}}
04-12 20:40:53.558150  7545  7545 D nativeloader: Configuring clns-9 for other apk /data/app/~~t5mrAn8mm_CUF5Lj9jSM2A==/com.google.android.projection.gearhead-zunPOd5C-HIMp7FWDvSMoQ==/base.apk:/data/app/~~t5mrAn8mm_CUF5Lj9jSM2A==/com.google.android.projection.gearhead-zunPOd5C-HIMp7FWDvSMoQ==/split_config.arm64_v8a.apk:/data/app/~~t5mrAn8mm_CUF5Lj9jSM2A==/com.google.android.projection.gearhead-zunPOd5C-HIMp7FWDvSMoQ==/split_config.xxhdpi.apk:/data/app/~~t5mrAn8mm_CUF5Lj9jSM2A==/com.google.android.projection.gearhead-zunPOd5C-HIMp7FWDvSMoQ==/split_config.zh.apk. target_sdk_version=36, uses_libraries=, library_path=/data/app/~~t5mrAn8mm_CUF5Lj9jSM2A==/com.google.android.projection.gearhead-zunPOd5C-HIMp7FWDvSMoQ==/lib/arm64:/data/app/~~t5mrAn8mm_CUF5Lj9jSM2A==/com.google.android.projection.gearhead-zunPOd5C-HIMp7FWDvSMoQ==/base.apk!/lib/arm64-v8a:/data/app/~~t5mrAn8mm_CUF5Lj9jSM2A==/com.google.android.projection.gearhead-zunPOd5C-HIMp7FWDvSMoQ==/split_config.arm64_v8a.apk!/lib/arm64-v8a:/data/app/~~t5mrAn8mm_CUF5Lj9jSM2A==/com.google.android.projection.gearhe
04-12 20:40:53.560643  5200  6446 I .apps.wellbeing: AssetManager2(0xb400006eff90ecd8) locale list changing from [] to [zh-Hans-CN]
04-12 20:40:53.561016  7545  7545 I arhead:provider: AssetManager2(0xb400006eff8e0518) locale list changing from [] to [zh-Hans-CN]
04-12 20:40:53.561167  3867  3867 D BoundBrokerSvc: onBind: Intent { act=com.google.android.gms.mdisync.service.START dat=chimera-action:/... xflg=0x4 cmp=com.google.android.gms/.chimera.GmsApiService }
04-12 20:40:53.561244  3867  3867 D BoundBrokerSvc: Loading bound service for intent: Intent { act=com.google.android.gms.mdisync.service.START dat=chimera-action:/... xflg=0x4 cmp=com.google.android.gms/.chimera.GmsApiService }
04-12 20:40:53.561320  1688  3322 I PMS-OPEN: intent = Intent { act=android.intent.action.MAIN cat=[android.intent.category.HOME] }, n = 2, final suggPkg = null, openWith = false
04-12 20:40:53.561359  1688  3322 D PMS-OPEN: ResolveInfo{f485df7 com.transsion.launcher3/com.android.launcher3.uioverrides.QuickstepLauncher m=0x108000 userHandle=UserHandle{0}}=0 , vs ResolveInfo{27b7464 com.android.settings/.FallbackHome p=-1000 m=0x108000 userHandle=UserHandle{0}}=-1000
04-12 20:40:53.561365  1688  3322 E PMS-OPEN: return higher priority, ri = ResolveInfo{f485df7 com.transsion.launcher3/com.android.launcher3.uioverrides.QuickstepLauncher m=0x108000 userHandle=UserHandle{0}}
04-12 20:40:53.562092  1688  1955 I PMS-OPEN: intent = Intent { act=android.intent.action.MAIN cat=[android.intent.category.HOME] }, n = 2, final suggPkg = null, openWith = false
04-12 20:40:53.562156  1688  1955 D PMS-OPEN: ResolveInfo{bcafb82 com.transsion.launcher3/com.android.launcher3.uioverrides.QuickstepLauncher m=0x108000 userHandle=UserHandle{0}}=0 , vs ResolveInfo{69ae293 com.android.settings/.FallbackHome p=-1000 m=0x108000 userHandle=UserHandle{0}}=-1000
04-12 20:40:53.562191  1688  1955 E PMS-OPEN: return higher priority, ri = ResolveInfo{bcafb82 com.transsion.launcher3/com.android.launcher3.uioverrides.QuickstepLauncher m=0x108000 userHandle=UserHandle{0}}
04-12 20:40:53.563356  5200  6446 I .apps.wellbeing: AssetManager2(0xb400006eff911bb8) locale list changing from [] to [zh-Hans-CN]
04-12 20:40:53.563388  7545  7545 V GraphicsEnvironment: Currently set values for:
04-12 20:40:53.563402  7545  7545 V GraphicsEnvironment:   angle_gl_driver_selection_pkgs=[]
04-12 20:40:53.563406  7545  7545 V GraphicsEnvironment:   angle_gl_driver_selection_values=[]
04-12 20:40:53.563409  7545  7545 V GraphicsEnvironment: com.google.android.projection.gearhead is not listed in per-application setting
04-12 20:40:53.563418  1688  2277 I PMS-OPEN: intent = Intent { act=android.intent.action.MAIN cat=[android.intent.category.HOME] }, n = 2, final suggPkg = null, openWith = false
04-12 20:40:53.563451  1688  2277 D PMS-OPEN: ResolveInfo{cb572c9 com.transsion.launcher3/com.android.launcher3.uioverrides.QuickstepLauncher m=0x108000 userHandle=UserHandle{0}}=0 , vs ResolveInfo{2b14dce com.android.settings/.FallbackHome p=-1000 m=0x108000 userHandle=UserHandle{0}}=-1000
04-12 20:40:53.563459  1688  2277 E PMS-OPEN: return higher priority, ri = ResolveInfo{cb572c9 com.transsion.launcher3/com.android.launcher3.uioverrides.QuickstepLauncher m=0x108000 userHandle=UserHandle{0}}
04-12 20:40:53.563850  2387  2638 E Usf/policyManager: onExecuteResult: Bundle[{policy_index=1, policy_resuest_time=2026-04-12 20:40:53.563, policy_scene_name=add-process-record, policy_start_time=34371, policy_policy_name=privacy, policy_end_time=34371}] tid = 79
04-12 20:40:53.564012  7545  7545 V GraphicsEnvironment: ANGLE allowlist from config: 
04-12 20:40:53.564024  7545  7545 V GraphicsEnvironment: com.google.android.projection.gearhead is not listed in ANGLE allowlist or settings, returning default
04-12 20:40:53.564449  2387  2639 E Usf/policyManager: onExecuteResult: Bundle[{policy_index=1, policy_resuest_time=2026-04-12 20:40:53.564, policy_scene_name=add-process-record, policy_start_time=34371, policy_policy_name=hiber, policy_end_time=34371}] tid = 80
04-12 20:40:53.564551  1688  3322 I PMS-OPEN: intent = Intent { act=android.intent.action.MAIN cat=[android.intent.category.HOME] }, n = 2, final suggPkg = null, openWith = false
04-12 20:40:53.564593  1688  3322 D PMS-OPEN: ResolveInfo{1197285 com.transsion.launcher3/com.android.launcher3.uioverrides.QuickstepLauncher m=0x108000 userHandle=UserHandle{0}}=0 , vs ResolveInfo{9878da com.android.settings/.FallbackHome p=-1000 m=0x108000 userHandle=UserHandle{0}}=-1000
04-12 20:40:53.564606  1688  3322 E PMS-OPEN: return higher priority, ri = ResolveInfo{1197285 com.transsion.launcher3/com.android.launcher3.uioverrides.QuickstepLauncher m=0x108000 userHandle=UserHandle{0}}
04-12 20:40:53.565528  7545  7545 I LoadedApk: No resource references to update in package com.transsion.thub.res
04-12 20:40:53.565672  1688  1953 I PMS-OPEN: intent = Intent { act=android.intent.action.MAIN cat=[android.intent.category.HOME] }, n = 2, final suggPkg = null, openWith = false
04-12 20:40:53.565690  7545  7545 I LoadedApk: No resource references to update in package com.transsion.theme.icon
04-12 20:40:53.565741  1688  1953 D PMS-OPEN: ResolveInfo{e03b201 com.transsion.launcher3/com.android.launcher3.uioverrides.QuickstepLauncher m=0x108000 userHandle=UserHandle{0}}=0 , vs ResolveInfo{59548a6 com.android.settings/.FallbackHome p=-1000 m=0x108000 userHandle=UserHandle{0}}=-1000
04-12 20:40:53.565757  1688  1953 E PMS-OPEN: return higher priority, ri = ResolveInfo{e03b201 com.transsion.launcher3/com.android.launcher3.uioverrides.QuickstepLauncher m=0x108000 userHandle=UserHandle{0}}
04-12 20:40:53.565836  7545  7545 I LoadedApk: No resource references to update in package com.transsionui
04-12 20:40:53.566485  1688  2277 I PMS-OPEN: intent = Intent { act=android.intent.action.MAIN cat=[android.intent.category.HOME] }, n = 2, final suggPkg = null, openWith = false
04-12 20:40:53.566553  1688  2277 D PMS-OPEN: ResolveInfo{d6be94 com.transsion.launcher3/com.android.launcher3.uioverrides.QuickstepLauncher m=0x108000 userHandle=UserHandle{0}}=0 , vs ResolveInfo{3f86d3d com.android.settings/.FallbackHome p=-1000 m=0x108000 userHandle=UserHandle{0}}=-1000
04-12 20:40:53.566566  1688  2277 E PMS-OPEN: return higher priority, ri = ResolveInfo{d6be94 com.transsion.launcher3/com.android.launcher3.uioverrides.QuickstepLauncher m=0x108000 userHandle=UserHandle{0}}
04-12 20:40:53.567210  1688  2277 I PMS-OPEN: intent = Intent { act=android.intent.action.MAIN cat=[android.intent.category.HOME] }, n = 2, final suggPkg = null, openWith = false
04-12 20:40:53.567246  1688  2277 D PMS-OPEN: ResolveInfo{c3d4932 com.transsion.launcher3/com.android.launcher3.uioverrides.QuickstepLauncher m=0x108000 userHandle=UserHandle{0}}=0 , vs ResolveInfo{1119683 com.android.settings/.FallbackHome p=-1000 m=0x108000 userHandle=UserHandle{0}}=-1000
04-12 20:40:53.567256  1688  2277 E PMS-OPEN: return higher priority, ri = ResolveInfo{c3d4932 com.transsion.launcher3/com.android.launcher3.uioverrides.QuickstepLauncher m=0x108000 userHandle=UserHandle{0}}
04-12 20:40:53.567891  1688  2442 I PMS-OPEN: intent = Intent { act=android.intent.action.MAIN cat=[android.intent.category.HOME] }, n = 2, final suggPkg = null, openWith = false
04-12 20:40:53.567957  1688  2442 D PMS-OPEN: ResolveInfo{cab3000 com.transsion.launcher3/com.android.launcher3.uioverrides.QuickstepLauncher m=0x108000 userHandle=UserHandle{0}}=0 , vs ResolveInfo{d83a039 com.android.settings/.FallbackHome p=-1000 m=0x108000 userHandle=UserHandle{0}}=-1000
04-12 20:40:53.567970  1688  2442 E PMS-OPEN: return higher priority, ri = ResolveInfo{cab3000 com.transsion.launcher3/com.android.launcher3.uioverrides.QuickstepLauncher m=0x108000 userHandle=UserHandle{0}}
04-12 20:40:53.568923  1688  2442 I PMS-OPEN: intent = Intent { act=android.intent.action.MAIN cat=[android.intent.category.HOME] }, n = 2, final suggPkg = null, openWith = false
04-12 20:40:53.568966  1688  2442 D PMS-OPEN: ResolveInfo{f2c67e com.transsion.launcher3/com.android.launcher3.uioverrides.QuickstepLauncher m=0x108000 userHandle=UserHandle{0}}=0 , vs ResolveInfo{34d17df com.android.settings/.FallbackHome p=-1000 m=0x108000 userHandle=UserHandle{0}}=-1000
04-12 20:40:53.568981  1688  2442 E PMS-OPEN: return higher priority, ri = ResolveInfo{f2c67e com.transsion.launcher3/com.android.launcher3.uioverrides.QuickstepLauncher m=0x108000 userHandle=UserHandle{0}}
04-12 20:40:53.564000  7523  7523 W re-initialized>: type=1400 audit(0.0:803): avc:  denied  { read write } for  name="ensignal" dev="tmpfs" ino=2080 scontext=u:r:untrusted_app:s0:c243,c256,c512,c768 tcontext=u:object_r:ensignal_device:s0 tclass=chr_file permissive=0 app=com.google.android.inputmethod.latin
04-12 20:40:53.564000  7523  7523 W re-initialized>: type=1400 audit(0.0:804): avc:  denied  { read write } for  name="ensignal" dev="tmpfs" ino=2080 scontext=u:r:untrusted_app:s0:c243,c256,c512,c768 tcontext=u:object_r:ensignal_device:s0 tclass=chr_file permissive=0 app=com.google.android.inputmethod.latin
04-12 20:40:53.564000  7523  7523 W binder:7523_2: type=1400 audit(0.0:805): avc:  denied  { search } for  name="/" dev="sdc87" ino=2 scontext=u:r:untrusted_app:s0:c243,c256,c512,c768 tcontext=u:object_r:tranfs_file:s0 tclass=dir permissive=0 app=com.google.android.inputmethod.latin
04-12 20:40:53.570825  1688  2281 I PMS-OPEN: intent = Intent { act=android.intent.action.MAIN cat=[android.intent.category.HOME] }, n = 2, final suggPkg = null, openWith = false
04-12 20:40:53.570887  1688  2281 D PMS-OPEN: ResolveInfo{e9552fb com.transsion.launcher3/com.android.launcher3.uioverrides.QuickstepLauncher m=0x108000 userHandle=UserHandle{0}}=0 , vs ResolveInfo{dfeff18 com.android.settings/.FallbackHome p=-1000 m=0x108000 userHandle=UserHandle{0}}=-1000
04-12 20:40:53.570894  1688  2281 E PMS-OPEN: return higher priority, ri = ResolveInfo{e9552fb com.transsion.launcher3/com.android.launcher3.uioverrides.QuickstepLauncher m=0x108000 userHandle=UserHandle{0}}
04-12 20:40:53.571655  1688  2281 I PMS-OPEN: intent = Intent { act=android.intent.action.MAIN cat=[android.intent.category.HOME] }, n = 2, final suggPkg = null, openWith = false
04-12 20:40:53.571755  1688  2281 D PMS-OPEN: ResolveInfo{bdc1d71 com.transsion.launcher3/com.android.launcher3.uioverrides.QuickstepLauncher m=0x108000 userHandle=UserHandle{0}}=0 , vs ResolveInfo{4172756 com.android.settings/.FallbackHome p=-1000 m=0x108000 userHandle=UserHandle{0}}=-1000
04-12 20:40:53.571785  1688  2281 E PMS-OPEN: return higher priority, ri = ResolveInfo{bdc1d71 com.transsion.launcher3/com.android.launcher3.uioverrides.QuickstepLauncher m=0x108000 userHandle=UserHandle{0}}
04-12 20:40:53.572624  7523  7523 D ApplicationLoaders: Returning zygote-cached class loader: /system_ext/framework/androidx.window.extensions.jar
04-12 20:40:53.572649  7523  7523 D ApplicationLoaders: Returning zygote-cached class loader: /system_ext/framework/androidx.window.sidecar.jar
04-12 20:40:53.572664  1688  2442 I PMS-OPEN: intent = Intent { act=android.intent.action.MAIN cat=[android.intent.category.HOME] }, n = 2, final suggPkg = null, openWith = false
04-12 20:40:53.572761  1688  2442 D PMS-OPEN: ResolveInfo{87662e2 com.transsion.launcher3/com.android.launcher3.uioverrides.QuickstepLauncher m=0x108000 userHandle=UserHandle{0}}=0 , vs ResolveInfo{9552673 com.android.settings/.FallbackHome p=-1000 m=0x108000 userHandle=UserHandle{0}}=-1000
04-12 20:40:53.572775  1688  2442 E PMS-OPEN: return higher priority, ri = ResolveInfo{87662e2 com.transsion.launcher3/com.android.launcher3.uioverrides.QuickstepLauncher m=0x108000 userHandle=UserHandle{0}}
04-12 20:40:53.573628  3867  5466 I MdiSyncModule: (REDACTED) Receiving API connection from package '%s'...
04-12 20:40:53.574185  5200  6446 I .apps.wellbeing: AssetManager2(0xb400006eff90c438) locale list changing from [] to [zh-Hans-CN]
04-12 20:40:53.574212  1688  2281 I PMS-OPEN: intent = Intent { act=android.intent.action.MAIN cat=[android.intent.category.HOME] }, n = 2, final suggPkg = null, openWith = false
04-12 20:40:53.574256  1688  2281 D PMS-OPEN: ResolveInfo{aea9930 com.transsion.launcher3/com.android.launcher3.uioverrides.QuickstepLauncher m=0x108000 userHandle=UserHandle{0}}=0 , vs ResolveInfo{bb009a9 com.android.settings/.FallbackHome p=-1000 m=0x108000 userHandle=UserHandle{0}}=-1000
04-12 20:40:53.574267  1688  2281 E PMS-OPEN: return higher priority, ri = ResolveInfo{aea9930 com.transsion.launcher3/com.android.launcher3.uioverrides.QuickstepLauncher m=0x108000 userHandle=UserHandle{0}}
04-12 20:40:53.574603  3867  5466 I MdiSyncModule: API connection successful!
04-12 20:40:53.575789  1688  1953 I PMS-OPEN: intent = Intent { act=android.intent.action.MAIN cat=[android.intent.category.HOME] }, n = 2, final suggPkg = null, openWith = false
04-12 20:40:53.575852  1688  1953 D PMS-OPEN: ResolveInfo{e9bcb2e com.transsion.launcher3/com.android.launcher3.uioverrides.QuickstepLauncher m=0x108000 userHandle=UserHandle{0}}=0 , vs ResolveInfo{3d1b6cf com.android.settings/.FallbackHome p=-1000 m=0x108000 userHandle=UserHandle{0}}=-1000
04-12 20:40:53.575866  1688  1953 E PMS-OPEN: return higher priority, ri = ResolveInfo{e9bcb2e com.transsion.launcher3/com.android.launcher3.uioverrides.QuickstepLauncher m=0x108000 userHandle=UserHandle{0}}
04-12 20:40:53.575983  2369  5878 I NetworkScheduler.Stats: (REDACTED) Task %s/%s started execution. cause:%s exec_start_elapsed_seconds: %s
04-12 20:40:53.577598  1688  1953 I PMS-OPEN: intent = Intent { act=android.intent.action.MAIN cat=[android.intent.category.HOME] }, n = 2, final suggPkg = null, openWith = false
04-12 20:40:53.577694  1688  1953 D PMS-OPEN: ResolveInfo{9d69765 com.transsion.launcher3/com.android.launcher3.uioverrides.QuickstepLauncher m=0x108000 userHandle=UserHandle{0}}=0 , vs ResolveInfo{f9d6c3a com.android.settings/.FallbackHome p=-1000 m=0x108000 userHandle=UserHandle{0}}=-1000
04-12 20:40:53.577708  1688  1953 E PMS-OPEN: return higher priority, ri = ResolveInfo{9d69765 com.transsion.launcher3/com.android.launcher3.uioverrides.QuickstepLauncher m=0x108000 userHandle=UserHandle{0}}
04-12 20:40:53.578264  7545  7545 I CAR.GH  : onCreate
04-12 20:40:53.578358  1688  2281 I PMS-OPEN: intent = Intent { act=android.intent.action.MAIN cat=[android.intent.category.HOME] }, n = 2, final suggPkg = null, openWith = false
04-12 20:40:53.578397  1688  2281 D PMS-OPEN: ResolveInfo{f3c5e48 com.transsion.launcher3/com.android.launcher3.uioverrides.QuickstepLauncher m=0x108000 userHandle=UserHandle{0}}=0 , vs ResolveInfo{51e44e1 com.android.settings/.FallbackHome p=-1000 m=0x108000 userHandle=UserHandle{0}}=-1000
04-12 20:40:53.578409  1688  2281 E PMS-OPEN: return higher priority, ri = ResolveInfo{f3c5e48 com.transsion.launcher3/com.android.launcher3.uioverrides.QuickstepLauncher m=0x108000 userHandle=UserHandle{0}}
04-12 20:40:53.578876  5200  6446 I .apps.wellbeing: AssetManager2(0xb400006eff910f38) locale list changing from [] to [zh-Hans-CN]
04-12 20:40:53.579224  1688  4258 I PMS-OPEN: intent = Intent { act=android.intent.action.MAIN cat=[android.intent.category.HOME] }, n = 2, final suggPkg = null, openWith = false
04-12 20:40:53.579271  1688  4258 D PMS-OPEN: ResolveInfo{de61206 com.transsion.launcher3/com.android.launcher3.uioverrides.QuickstepLauncher m=0x108000 userHandle=UserHandle{0}}=0 , vs ResolveInfo{b17b0c7 com.android.settings/.FallbackHome p=-1000 m=0x108000 userHandle=UserHandle{0}}=-1000
04-12 20:40:53.579283  1688  4258 E PMS-OPEN: return higher priority, ri = ResolveInfo{de61206 com.transsion.launcher3/com.android.launcher3.uioverrides.QuickstepLauncher m=0x108000 userHandle=UserHandle{0}}
04-12 20:40:53.580050  1688  2281 I PMS-OPEN: intent = Intent { act=android.intent.action.MAIN cat=[android.intent.category.HOME] }, n = 2, final suggPkg = null, openWith = false
04-12 20:40:53.580217  1688  2281 D PMS-OPEN: ResolveInfo{a549263 com.transsion.launcher3/com.android.launcher3.uioverrides.QuickstepLauncher m=0x108000 userHandle=UserHandle{0}}=0 , vs ResolveInfo{62eae60 com.android.settings/.FallbackHome p=-1000 m=0x108000 userHandle=UserHandle{0}}=-1000
04-12 20:40:53.580310  1688  2281 E PMS-OPEN: return higher priority, ri = ResolveInfo{a549263 com.transsion.launcher3/com.android.launcher3.uioverrides.QuickstepLauncher m=0x108000 userHandle=UserHandle{0}}
04-12 20:40:53.580476  5200  6446 I .apps.wellbeing: AssetManager2(0xb400006eff90e058) locale list changing from [] to [zh-Hans-CN]
04-12 20:40:53.581148  1688  1953 I PMS-OPEN: intent = Intent { act=android.intent.action.MAIN cat=[android.intent.category.HOME] }, n = 2, final suggPkg = null, openWith = false
04-12 20:40:53.581375  1688  1953 D PMS-OPEN: ResolveInfo{941af19 com.transsion.launcher3/com.android.launcher3.uioverrides.QuickstepLauncher m=0x108000 userHandle=UserHandle{0}}=0 , vs ResolveInfo{aa75bde com.android.settings/.FallbackHome p=-1000 m=0x108000 userHandle=UserHandle{0}}=-1000
04-12 20:40:53.581520  1688  1953 E PMS-OPEN: return higher priority, ri = ResolveInfo{941af19 com.transsion.launcher3/com.android.launcher3.uioverrides.QuickstepLauncher m=0x108000 userHandle=UserHandle{0}}
04-12 20:40:53.582323  1688  3629 I PMS-OPEN: intent = Intent { act=android.intent.action.MAIN cat=[android.intent.category.HOME] }, n = 2, final suggPkg = null, openWith = false
04-12 20:40:53.582367  1688  3629 D PMS-OPEN: ResolveInfo{23523d5 com.transsion.launcher3/com.android.launcher3.uioverrides.QuickstepLauncher m=0x108000 userHandle=UserHandle{0}}=0 , vs ResolveInfo{d4957ea com.android.settings/.FallbackHome p=-1000 m=0x108000 userHandle=UserHandle{0}}=-1000
04-12 20:40:53.582374  1688  3629 E PMS-OPEN: return higher priority, ri = ResolveInfo{23523d5 com.transsion.launcher3/com.android.launcher3.uioverrides.QuickstepLauncher m=0x108000 userHandle=UserHandle{0}}
04-12 20:40:53.583212  1688  3322 I PMS-OPEN: intent = Intent { act=android.intent.action.MAIN cat=[android.intent.category.HOME] }, n = 2, final suggPkg = null, openWith = false
04-12 20:40:53.583279  1688  3322 D PMS-OPEN: ResolveInfo{9ffeadb com.transsion.launcher3/com.android.launcher3.uioverrides.QuickstepLauncher m=0x108000 userHandle=UserHandle{0}}=0 , vs ResolveInfo{be7e978 com.android.settings/.FallbackHome p=-1000 m=0x108000 userHandle=UserHandle{0}}=-1000
04-12 20:40:53.583287  1688  3322 E PMS-OPEN: return higher priority, ri = ResolveInfo{9ffeadb com.transsion.launcher3/com.android.launcher3.uioverrides.QuickstepLauncher m=0x108000 userHandle=UserHandle{0}}
04-12 20:40:53.584063  1688  3629 I PMS-OPEN: intent = Intent { act=android.intent.action.MAIN cat=[android.intent.category.HOME] }, n = 2, final suggPkg = null, openWith = false
04-12 20:40:53.584219  1688  3629 D PMS-OPEN: ResolveInfo{5b12851 com.transsion.launcher3/com.android.launcher3.uioverrides.QuickstepLauncher m=0x108000 userHandle=UserHandle{0}}=0 , vs ResolveInfo{65d08b6 com.android.settings/.FallbackHome p=-1000 m=0x108000 userHandle=UserHandle{0}}=-1000
04-12 20:40:53.584253  1688  3629 E PMS-OPEN: return higher priority, ri = ResolveInfo{5b12851 com.transsion.launcher3/com.android.launcher3.uioverrides.QuickstepLauncher m=0x108000 userHandle=UserHandle{0}}
04-12 20:40:53.584964  7441  7441 D ConfigUpdater: UpdateRequestReceiver constructed with Config: com.google.android.configupdater.ApnDb.ApnDbConfig@fa7eb80, StoredState: com.google.android.configupdater.StoredState@94075b9, DownloadManagerHelper: com.google.android.configupdater.DownloadManagerHelper@a66adfe, FlagHelper: com.google.android.configupdater.GservicesHelper@72fa95f
04-12 20:40:53.585003  7441  7441 D ConfigUpdater: Setting up preferences for StoredState, Downloader, and FlagHelper
04-12 20:40:53.585008  1688  3629 I PMS-OPEN: intent = Intent { act=android.intent.action.MAIN cat=[android.intent.category.HOME] }, n = 2, final suggPkg = null, openWith = false
04-12 20:40:53.585047  1688  3629 D PMS-OPEN: ResolveInfo{10859b7 com.transsion.launcher3/com.android.launcher3.uioverrides.QuickstepLauncher m=0x108000 userHandle=UserHandle{0}}=0 , vs ResolveInfo{66e2524 com.android.settings/.FallbackHome p=-1000 m=0x108000 userHandle=UserHandle{0}}=-1000
04-12 20:40:53.585059  1688  3629 E PMS-OPEN: return higher priority, ri = ResolveInfo{10859b7 com.transsion.launcher3/com.android.launcher3.uioverrides.QuickstepLauncher m=0x108000 userHandle=UserHandle{0}}
04-12 20:40:53.585395  7441  7441 D ConfigUpdater: Setting up DownloadManagerHelper
04-12 20:40:53.585477  7545  7561 V GH.ProjStateSvc: No binder to the car, notifying not projecting
04-12 20:40:53.585491  7441  7441 D ConfigUpdater: Loaded SharedPreferences: ApnDbDownload
04-12 20:40:53.585548  7441  7441 D ConfigUpdater: Using Lollipop+ download directory: /data/user/0/com.google.android.configupdater/files/downloads
04-12 20:40:53.585574  7441  7441 D ConfigUpdater: Got DownloadManager service
04-12 20:40:53.585585  7441  7441 D ConfigUpdater: Is wearable device: false
04-12 20:40:53.585591  7441  7441 D ConfigUpdater: Received intent with action: android.intent.action.BOOT_COMPLETED
04-12 20:40:53.585628  7441  7441 D ConfigUpdater: Last update start time: 0, current time: 1775997653585, max delay: 21600000
04-12 20:40:53.585661  7441  7441 E ConfigUpdater: ignoring update request
04-12 20:40:53.586924  7545  7545 I GH.PrimesMgr: transmitting to prod
04-12 20:40:53.587615  2369  4748 I NetworkScheduler.Stats: (REDACTED) Task %s/%s finished executing. cause:%s result: %s elapsed_millis: %s uptime_millis: %s exec_start_elapsed_seconds: %s
04-12 20:40:53.588160  1325  7459 I MobileLogD: dump /data/misc/mblog/mblog_history
04-12 20:40:53.588303  7545  7545 I CAR.GH  : Process: PROVIDER
04-12 20:40:53.588749  7545  7545 I CAR.GH  : Channel: PROD
04-12 20:40:53.590767  1688  3629 I PMS-OPEN: intent = Intent { act=android.intent.action.MAIN cat=[android.intent.category.HOME] }, n = 2, final suggPkg = null, openWith = false
04-12 20:40:53.590822  1688  3629 D PMS-OPEN: ResolveInfo{8beda53 com.transsion.launcher3/com.android.launcher3.uioverrides.QuickstepLauncher m=0x108000 userHandle=UserHandle{0}}=0 , vs ResolveInfo{efa6f90 com.android.settings/.FallbackHome p=-1000 m=0x108000 userHandle=UserHandle{0}}=-1000
04-12 20:40:53.590830  1688  3629 E PMS-OPEN: return higher priority, ri = ResolveInfo{8beda53 com.transsion.launcher3/com.android.launcher3.uioverrides.QuickstepLauncher m=0x108000 userHandle=UserHandle{0}}
04-12 20:40:53.591653  7441  7441 D ConfigUpdater: UpdateRequestReceiver constructed with Config: com.google.android.configupdater.CarrierProvisioningUrls.CarrierProvisioningUrlsConfig@e69b475, StoredState: com.google.android.configupdater.StoredState@f7bac0a, DownloadManagerHelper: com.google.android.configupdater.DownloadManagerHelper@fcf7c7b, FlagHelper: com.google.android.configupdater.GservicesHelper@567aa98
04-12 20:40:53.591692  7441  7441 D ConfigUpdater: Setting up preferences for StoredState, Downloader, and FlagHelper
04-12 20:40:53.591768  1688  2281 I PMS-OPEN: intent = Intent { act=android.intent.action.MAIN cat=[android.intent.category.HOME] }, n = 2, final suggPkg = null, openWith = false
04-12 20:40:53.591830  1688  2281 D PMS-OPEN: ResolveInfo{7ff9089 com.transsion.launcher3/com.android.launcher3.uioverrides.QuickstepLauncher m=0x108000 userHandle=UserHandle{0}}=0 , vs ResolveInfo{8d0788e com.android.settings/.FallbackHome p=-1000 m=0x108000 userHandle=UserHandle{0}}=-1000
04-12 20:40:53.591848  1688  2281 E PMS-OPEN: return higher priority, ri = ResolveInfo{7ff9089 com.transsion.launcher3/com.android.launcher3.uioverrides.QuickstepLauncher m=0x108000 userHandle=UserHandle{0}}
04-12 20:40:53.591872  7441  7441 D ConfigUpdater: Setting up DownloadManagerHelper
04-12 20:40:53.592050  7441  7441 D ConfigUpdater: Loaded SharedPreferences: CarrierProvisioningUrlsDownload
04-12 20:40:53.592095  7441  7441 D ConfigUpdater: Using Lollipop+ download directory: /data/user/0/com.google.android.configupdater/files/downloads
04-12 20:40:53.592105  7441  7441 D ConfigUpdater: Got DownloadManager service
04-12 20:40:53.592114  7441  7441 D ConfigUpdater: Is wearable device: false
04-12 20:40:53.592120  7441  7441 D ConfigUpdater: Received intent with action: android.intent.action.BOOT_COMPLETED
04-12 20:40:53.592533  7441  7441 D ConfigUpdater: Last update start time: 0, current time: 1775997653592, max delay: 21600000
04-12 20:40:53.592719  7441  7441 E ConfigUpdater: ignoring update request
04-12 20:40:53.593434  1688  2281 I PMS-OPEN: intent = Intent { act=android.intent.action.MAIN cat=[android.intent.category.HOME] }, n = 2, final suggPkg = null, openWith = false
04-12 20:40:53.593581  1688  2281 D PMS-OPEN: ResolveInfo{847ac45 com.transsion.launcher3/com.android.launcher3.uioverrides.QuickstepLauncher m=0x108000 userHandle=UserHandle{0}}=0 , vs ResolveInfo{f5f8f9a com.android.settings/.FallbackHome p=-1000 m=0x108000 userHandle=UserHandle{0}}=-1000
04-12 20:40:53.593718  1688  2281 E PMS-OPEN: return higher priority, ri = ResolveInfo{847ac45 com.transsion.launcher3/com.android.launcher3.uioverrides.QuickstepLauncher m=0x108000 userHandle=UserHandle{0}}
