04-12 20:40:45.207420  2579  3160 D TelephonyCountryDetector: onCapabilitiesChanged: [ Transports: WIFI Capabilities: NOT_METERED&INTERNET&NOT_RESTRICTED&TRUSTED&NOT_VPN&NOT_ROAMING&FOREGROUND&NOT_CONGESTED&NOT_SUSPENDED&NOT_VCN_MANAGED&NOT_BANDWIDTH_CONSTRAINED LinkUpBandwidth>=12000Kbps LinkDnBandwidth>=60000Kbps TransportInfo: <SSID: <unknown ssid>, BSSID: 02:00:00:00:00:00, MAC: 02:00:00:00:00:00, IP: /192.168.1.136, Security type: 2, Supplicant state: COMPLETED, Wi-Fi standard: 11ac, RSSI: -38, Link speed: 780Mbps, Tx Link speed: 780Mbps, Max Supported Tx Link speed: 866Mbps, Rx Link speed: 6Mbps, Max Supported Rx Link speed: 866Mbps, Frequency: 5180MHz, Net ID: -1, Metered hint: false, score: 100, isUsable: true, CarrierMerged: false, SubscriptionId: -1, IsPrimary: 1, Trusted: true, Restricted: false, Ephemeral: false, OEM paid: false, OEM private: false, OSU AP: false, FQDN: <none>, Provider friendly name: <none>, Requesting package name: <none><none>MLO Information: , Is TID-To-Link negotiation supported by the AP: false, AP MLD Address: <none>, AP MLO Link Id: <none>, AP MLO Affiliated links: <none>, Vendor Data: <none>> SignalStrength: -38 AdminUids: [1000] SSID: "David_5" UnderlyingNetworks: Null]
04-12 20:40:45.207512  2579  3160 D TelephonyCountryDetector: isWifiConnected: false
04-12 20:40:45.215108  2579  3291 D TelephonyCountryDetector: handleEventWifiConnectivityStateChanged: false
04-12 20:40:45.215156  2579  3291 D TelephonyCountryDetector: getCurrentNetworkCountryIso: invalid countryIso= for phoneId=1, subId=-1
04-12 20:40:45.215161  2579  3291 D TelephonyCountryDetector: Location update was not requested yet
04-12 20:40:45.219661  2579  2579 D MtkDeviceStateMonitor: [phoneId1]isLowDataExpected mIsScreenOn = true mIsCharging = false mIsTetheringOn = false
04-12 20:40:45.239327  2579  2579 I RILJ    : [0229]> SET_UNSOLICITED_RESPONSE_FILTER 32 [PHONE1]
04-12 20:40:45.239927  1282  1696 I AT      : SEND MSGID=0309 [INTERNAL_UNREGISTER_IND_REQ], TXID=0214 [RFXSender_12], DUMP=841954240000000002000903140208000001020002440000
04-12 20:40:45.242168  2579  2579 D NetworkTypeController: [1] LegacyState: process EVENT_PHYSICAL_CHANNEL_CONFIG_NOTIF_CHANGED
04-12 20:40:45.242206  2579  2579 D NetworkTypeController: [1] DefaultState: process EVENT_PHYSICAL_CHANNEL_CONFIG_NOTIF_CHANGED
04-12 20:40:45.242225  2579  2579 D NetworkTypeController: [1] mIsPhysicalChannelConfigOn changed to: false
04-12 20:40:45.242236  2579  2579 D NetworkTypeController: [1] Reset timers since physical channel config indications are off.
04-12 20:40:45.242295  2579  2579 D MtkNetworkTypeController: [Override]getCurrentOverrideNetworkType: 0
04-12 20:40:45.242319  2579  2579 D DIC-1   : dataNetworkType: 0, voiceNetworkType: 0, resultNetworkType: 0
04-12 20:40:45.242375  2579  2579 D MtkDeviceStateMonitor: [phoneId0]isLowDataExpected mIsScreenOn = true mIsCharging = false mIsTetheringOn = false
04-12 20:40:45.245293  1282  1677 I AT      : RECV MSGID=030a [INTERNAL_UNREGISTER_IND_CNF], TXID=0214, DUMP=841954240000000002020A03140208000000040000000000
04-12 20:40:45.245414  1282  1696 I AT      : SEND MSGID=0309 [INTERNAL_UNREGISTER_IND_REQ], TXID=0215 [RFXSender_12], DUMP=841954240000000002000903150208000001020013440000
04-12 20:40:45.246785  1282  1677 I AT      : RECV MSGID=030a [INTERNAL_UNREGISTER_IND_CNF], TXID=0215, DUMP=841954240000000002020A03150208000000040000000000
04-12 20:40:45.248120  1282  1696 I AT      : SEND MSGID=0309 [INTERNAL_UNREGISTER_IND_REQ], TXID=0216 [RFXSender_12], DUMP=84195424000000000200090316020800000102001E440000
04-12 20:40:45.255968  1282  1677 I AT      : RECV MSGID=030a [INTERNAL_UNREGISTER_IND_CNF], TXID=0216, DUMP=841954240000000002020A03160208000000040000000000
04-12 20:40:45.256044  1282  1696 I AT      : SEND MSGID=0309 [INTERNAL_UNREGISTER_IND_REQ], TXID=0217 [RFXSender_12], DUMP=841954240000000002000903170208000001020017440000
04-12 20:40:45.257101  1282  1677 I AT      : RECV MSGID=030a [INTERNAL_UNREGISTER_IND_CNF], TXID=0217, DUMP=841954240000000002020A03170208000000040000000000
04-12 20:40:45.257304  1282  1696 I AT      : SEND MSGID=0309 [INTERNAL_UNREGISTER_IND_REQ], TXID=0218 [RFXSender_12], DUMP=841954240000000002000903180208000001020018440000
04-12 20:40:45.258333  1282  1677 I AT      : RECV MSGID=030a [INTERNAL_UNREGISTER_IND_CNF], TXID=0218, DUMP=841954240000000002020A03180208000000040000000000
04-12 20:40:45.258407  1282  1696 I AT      : SEND MSGID=0309 [INTERNAL_UNREGISTER_IND_REQ], TXID=0219 [RFXSender_12], DUMP=841954240000000002000903190208000001020009440000
04-12 20:40:45.259508  1282  1677 I AT      : RECV MSGID=030a [INTERNAL_UNREGISTER_IND_CNF], TXID=0219, DUMP=841954240000000002020A03190208000000040000000000
04-12 20:40:45.259613  1282  1696 I AT      : SEND MSGID=047b [NW_SET_NW_IND_REPORT_LEVEL_REQ], TXID=021a [RFXSender_12], DUMP=841954240000000002007B041A02100000010100050000000101010005000000
04-12 20:40:45.261080  1282  1677 I AT      : RECV MSGID=047c [NW_SET_NW_IND_REPORT_LEVEL_CNF], TXID=021a, DUMP=841954240000000002027C041A0208000000040000000000
04-12 20:40:45.261405  1282  1696 I AT      : SEND MSGID=0309 [INTERNAL_UNREGISTER_IND_REQ], TXID=021b [RFXSender_12], DUMP=8419542400000000020009031B0208000001020019440000
04-12 20:40:45.263536  1282  1677 I AT      : RECV MSGID=030a [INTERNAL_UNREGISTER_IND_CNF], TXID=021b, DUMP=841954240000000002020A031B0208000000040000000000
04-12 20:40:45.263641  1282  1696 I AT      : SEND MSGID=0309 [INTERNAL_UNREGISTER_IND_REQ], TXID=021c [RFXSender_12], DUMP=8419542400000000020009031C020800000102001B440000
04-12 20:40:45.266044  1282  1677 I AT      : RECV MSGID=030a [INTERNAL_UNREGISTER_IND_CNF], TXID=021c, DUMP=841954240000000002020A031C0208000000040000000000
04-12 20:40:45.266568  1282  1696 I AT      : SEND MSGID=0309 [INTERNAL_UNREGISTER_IND_REQ], TXID=021d [RFXSender_12], DUMP=8419542400000000020009031D020800000102000D420000
04-12 20:40:45.267308  2579  2951 I RILJ    : [0229]< SET_UNSOLICITED_RESPONSE_FILTER  [PHONE1]
04-12 20:40:45.274164  1282  1677 I AT      : RECV MSGID=030a [INTERNAL_UNREGISTER_IND_CNF], TXID=021d, DUMP=841954240000000002020A031D0208000000040000000000
04-12 20:40:45.290742  2579  2579 E TNP     : onNetworkUnneeded: Unable to get phone. phoneId=-1
04-12 20:40:45.290794  2579  2579 E TNP     : onNetworkUnneeded: Unable to get phone. phoneId=-1
04-12 20:40:45.290811  2579  2579 E TNP     : onNetworkUnneeded: Unable to get phone. phoneId=-1
04-12 20:40:45.290831  2579  2579 E TNP     : onNetworkUnneeded: Unable to get phone. phoneId=-1
04-12 20:40:45.621553  1078  1092 I mipc_lib: SEND MSGID=1409 [MIPC_LOC_LBS_SYNC_LOCATION_EM_CONFIG_REQ], TXID=000d [binder:1078_2], DUMP=8419542400000000010009140D00100000010400010000000101040000000000
04-12 20:40:45.626821  1078  1832 I mipc_lib: RECV MSGID=140a [MIPC_LOC_LBS_SYNC_LOCATION_EM_CONFIG_CNF], TXID=000d, DUMP=841954240000000001020A140D000800000004006A000000
04-12 20:40:45.739722  1688  2138 W TelephonyRegistry: Pid 1688 has exceeded half the number of permissible registered listeners. Now at 49
04-12 20:40:45.739761  1688  2138 D TelephonyRegistry: listen oscl: mHasNotifySubscriptionInfoChangedOccurred==false no callback
04-12 20:40:45.772968  2579  2579 E TNP     : onNetworkUnneeded: Unable to get phone. phoneId=-1
04-12 20:40:45.773539  2579  2579 E TNP     : onNetworkUnneeded: Unable to get phone. phoneId=-1
04-12 20:40:45.774485  2579  2579 E TNP     : onNetworkUnneeded: Unable to get phone. phoneId=-1
04-12 20:40:45.774560  2579  2579 E TNP     : onNetworkUnneeded: Unable to get phone. phoneId=-1
04-12 20:40:45.774592  2579  2579 E TNP     : onNetworkUnneeded: Unable to get phone. phoneId=-1
04-12 20:40:45.774610  2579  2579 E TNP     : onNetworkUnneeded: Unable to get phone. phoneId=-1
04-12 20:40:45.774633  2579  2579 E TNP     : onNetworkUnneeded: Unable to get phone. phoneId=-1
04-12 20:40:45.774649  2579  2579 E TNP     : onNetworkUnneeded: Unable to get phone. phoneId=-1
04-12 20:40:45.774668  2579  2579 E TNP     : onNetworkUnneeded: Unable to get phone. phoneId=-1
04-12 20:40:45.774684  2579  2579 E TNP     : onNetworkUnneeded: Unable to get phone. phoneId=-1
04-12 20:40:45.774698  2579  2579 E TNP     : onNetworkUnneeded: Unable to get phone. phoneId=-1
04-12 20:40:45.778931  2579  3160 D TelephonyCountryDetector: onCapabilitiesChanged: [ Transports: WIFI Capabilities: NOT_METERED&INTERNET&NOT_RESTRICTED&TRUSTED&NOT_VPN&VALIDATED&NOT_ROAMING&FOREGROUND&NOT_CONGESTED&NOT_SUSPENDED&NOT_VCN_MANAGED&NOT_BANDWIDTH_CONSTRAINED LinkUpBandwidth>=12000Kbps LinkDnBandwidth>=60000Kbps TransportInfo: <SSID: <unknown ssid>, BSSID: 02:00:00:00:00:00, MAC: 02:00:00:00:00:00, IP: /192.168.1.136, Security type: 2, Supplicant state: COMPLETED, Wi-Fi standard: 11ac, RSSI: -38, Link speed: 780Mbps, Tx Link speed: 780Mbps, Max Supported Tx Link speed: 866Mbps, Rx Link speed: 6Mbps, Max Supported Rx Link speed: 866Mbps, Frequency: 5180MHz, Net ID: -1, Metered hint: false, score: 100, isUsable: true, CarrierMerged: false, SubscriptionId: -1, IsPrimary: 1, Trusted: true, Restricted: false, Ephemeral: false, OEM paid: false, OEM private: false, OSU AP: false, FQDN: <none>, Provider friendly name: <none>, Requesting package name: <none><none>MLO Information: , Is TID-To-Link negotiation supported by the AP: false, AP MLD Address: <none>, AP MLO Link Id: <none>, AP MLO Affiliated links: <none>, Vendor Data: <none>> SignalStrength: -38 AdminUids: [1000] SSID: "David_5" UnderlyingNetworks: Null]
04-12 20:40:45.778954  2579  3160 D TelephonyCountryDetector: isWifiConnected: true
04-12 20:40:45.779187  2579  2579 E TNP     : onNetworkUnneeded: Unable to get phone. phoneId=-1
04-12 20:40:45.779252  2579  2579 E TNP     : onNetworkUnneeded: Unable to get phone. phoneId=-1
04-12 20:40:45.779268  2579  2579 E TNP     : onNetworkUnneeded: Unable to get phone. phoneId=-1
04-12 20:40:45.779285  2579  2579 E TNP     : onNetworkUnneeded: Unable to get phone. phoneId=-1
04-12 20:40:45.779300  2579  2579 E TNP     : onNetworkUnneeded: Unable to get phone. phoneId=-1
04-12 20:40:45.779313  2579  2579 E TNP     : onNetworkUnneeded: Unable to get phone. phoneId=-1
04-12 20:40:45.779325  2579  2579 E TNP     : onNetworkUnneeded: Unable to get phone. phoneId=-1
04-12 20:40:45.779335  2579  2579 E TNP     : onNetworkUnneeded: Unable to get phone. phoneId=-1
04-12 20:40:45.779346  2579  2579 E TNP     : onNetworkUnneeded: Unable to get phone. phoneId=-1
04-12 20:40:45.779362  2579  2579 E TNP     : onNetworkUnneeded: Unable to get phone. phoneId=-1
04-12 20:40:45.779377  2579  2579 E TNP     : onNetworkUnneeded: Unable to get phone. phoneId=-1
04-12 20:40:45.779390  2579  2579 E TNP     : onNetworkUnneeded: Unable to get phone. phoneId=-1
04-12 20:40:45.779400  2579  2579 E TNP     : onNetworkUnneeded: Unable to get phone. phoneId=-1
04-12 20:40:45.779411  2579  2579 E TNP     : onNetworkUnneeded: Unable to get phone. phoneId=-1
04-12 20:40:45.779421  2579  2579 E TNP     : onNetworkUnneeded: Unable to get phone. phoneId=-1
04-12 20:40:45.779430  2579  2579 E TNP     : onNetworkUnneeded: Unable to get phone. phoneId=-1
04-12 20:40:45.779441  2579  2579 E TNP     : onNetworkUnneeded: Unable to get phone. phoneId=-1
04-12 20:40:45.779449  2579  2579 E TNP     : onNetworkUnneeded: Unable to get phone. phoneId=-1
04-12 20:40:45.779465  2579  2579 E TNP     : onNetworkUnneeded: Unable to get phone. phoneId=-1
04-12 20:40:45.779480  2579  2579 E TNP     : onNetworkUnneeded: Unable to get phone. phoneId=-1
04-12 20:40:45.784726  2579  3291 D TelephonyCountryDetector: handleEventWifiConnectivityStateChanged: true
04-12 20:40:45.784775  2579  3291 D TelephonyCountryDetector: evaluateNotifyWifiConnectivityStateChangedEvent: wifi connectivity state has changed to true
04-12 20:40:45.785905  1282  1712 I RmmMwi  : [0] setWifiAssociated assoc:1, wifi_state:1, wifi_state_support:1
04-12 20:40:45.785960  1282  1712 I AT      : SEND MSGID=cb02 [WFC_WIFI_INFO_NTF], TXID=ffff [RFXSender_3], DUMP=8419542400000000010002CBFFFF7800070102002A2A0000000106002A2A2A2A2A2A000000000000080106002A2A2A2A2A2A000000000000110108002A2A2A2A2A2A2A2A00000000030101002A000000130101002A00000004010F002A2A2A2A2A2A2A2A2A2A2A2A2A2A2A0000000000140101002A000000050106002A2A2A2A2A2A000000000000
04-12 20:40:45.786371  2579  3291 D TelephonyCountryDetector: getCurrentNetworkCountryIso: invalid countryIso= for phoneId=1, subId=-1
04-12 20:40:45.786383  2579  3291 D TelephonyCountryDetector: Location update was not requested yet
04-12 20:40:45.786648  1282  1712 I AT      : SEND MSGID=cb02 [WFC_WIFI_INFO_NTF], TXID=ffff [RFXSender_3], DUMP=8419542400000000010002CBFFFF78000E0110002A2A2A2A2A2A2A2A2A2A2A2A2A2A2A2A000000000F0100002A2A2A2A2A2A2A2A2A2A2A2A000106002A2A2A2A2A2A000000000000100101002A000000090104002A2A2A2A0A0101002A0000000B0104002A2A2A2A0C0110002A2A2A2A2A2A2A2A2A2A2A2A2A2A2A2A00000000FF7F04002A2A2A2A
04-12 20:40:45.786920  1282  1712 I AT      : SEND MSGID=cb00 [WFC_WIFI_SIGNAL_NTF], TXID=ffff [RFXSender_3], DUMP=8419542400000000010000CBFFFF200000010500776C616E000000000000000001010200DAFF00000201020000000000
04-12 20:40:45.787208  1282  1712 I AT      : SEND MSGID=cb00 [WFC_WIFI_SIGNAL_NTF], TXID=ffff [RFXSender_3], DUMP=8419542400000000010000CBFFFF200000010500776C616E000000000000000001010200DAFF00000201020000000000
04-12 20:40:45.790432  2579  3164 D NetworkTypeController: [0] onCapabilitiesChanged: 100
04-12 20:40:45.790448  2579  3164 D NetworkTypeController: [0] satellite constrained data status : false
04-12 20:40:45.790479  2579  3164 D DIC-0   : dataNetworkType: 0, voiceNetworkType: 0, resultNetworkType: 0
04-12 20:40:45.791826  2579  3195 D NetworkTypeController: [1] onCapabilitiesChanged: 100
04-12 20:40:45.791841  2579  3195 D NetworkTypeController: [1] satellite constrained data status : false
04-12 20:40:45.791872  2579  3195 D DIC-1   : dataNetworkType: 0, voiceNetworkType: 0, resultNetworkType: 0
04-12 20:40:45.796946  1282  1677 I AT      : RECV MSGID=4011 [SYS_GEO_LOCATION_IND], TXID=ffff, DUMP=841954240000000001031140FFFF5800008101002A000000010101002A000000028104002A2A2A2A038104002A2A2A2A048102002A2A0000058101002A000000068101002A000000078101002A000000088101002A000000098101002A0000000B8104002A2A2A2A
04-12 20:40:45.797509  1282  1677 I AT      : RECV MSGID=4011 [SYS_GEO_LOCATION_IND], TXID=ffff, DUMP=841954240000000002031140FFFF5800008101002A000000010101002A000000028104002A2A2A2A038104002A2A2A2A048102002A2A0000058101002A000000068101002A000000078101002A000000088101002A000000098101002A0000000B8104002A2A2A2A
04-12 20:40:45.797906  1282  1677 I AT      : RECV MSGID=4215 [DATA_RETRY_TIMER_IND], TXID=ffff, DUMP=841954240000000001031542FFFF100000010100000000000101010001000000
04-12 20:40:45.798637  1282  1677 I AT      : RECV MSGID=4215 [DATA_RETRY_TIMER_IND], TXID=ffff, DUMP=841954240000000002031542FFFF100000010100000000000101010001000000
04-12 20:40:45.800655  2579  3470 I RILJ    : Unsol response received; Sending ack to ril.cpp [PHONE1]
04-12 20:40:45.800760  2579  3470 I RILJ    : [UNSL]< MTK: RIL_UNSOL_MD_DATA_RETRY_COUNT_RESET [PHONE1]
04-12 20:40:45.802731  2579  2579 D MtkDNC  : DNC-1: EVENT_MD_DATA_RETRY_COUNT_RESET
04-12 20:40:45.802757  2579  2579 D DRM-1   : Remove all retry and throttling entries, reason=MODEM_RESTART
04-12 20:40:45.802891  2579  2579 D DNC-1   : Re-evaluating 0 unsatisfied network requests in 0 groups,  due to NEW_REQUEST
04-12 20:40:45.804075  2579  2944 I RILJ    : Unsol response received; Sending ack to ril.cpp [PHONE0]
04-12 20:40:45.804148  2579  2944 I RILJ    : [UNSL]< MTK: RIL_UNSOL_MD_DATA_RETRY_COUNT_RESET [PHONE0]
04-12 20:40:45.808419  2579  2579 D MtkDNC  : DNC-0: EVENT_MD_DATA_RETRY_COUNT_RESET
04-12 20:40:45.808472  2579  2579 D DRM-0   : Remove all retry and throttling entries, reason=MODEM_RESTART
04-12 20:40:45.808577  2579  2579 D DNC-0   : Re-evaluating 0 unsatisfied network requests in 0 groups,  due to NEW_REQUEST
04-12 20:40:45.814903  2644  2775 I ImsLocationHandler: lastKnownLocation = null
04-12 20:40:45.827667  2644  2775 I ImsLocationHandler: proxyAppLocationGranted: false
04-12 20:40:45.829428  2644  2775 I ImsLocationHandler: isEccInProgress: false, redialECC: false
04-12 20:40:45.830014  2644  2775 E ImsLocationHandler: isGetLocationAlways: SIM not ready, use default carrier config
04-12 20:40:45.830213  2644  2775 I ImsLocationHandler: isGetLocationAlways: false
04-12 20:40:45.832502  2644  2775 W ImsLocationHandler: requestLocationFromNetworkLocation failed: is NOT in ECC & non-framework location proxy app is NOT granted
04-12 20:40:45.832541  2644  2775 I ImsLocationHandler: setLocationInfo info=[LocationInfo objId: 95355744, phoneId: 0, transationId: 100, accuracy: 0.0, confidence: 0, vericalAxisAccuracy: 0.0, broadcastFlag: 0, method: Network, city: , state: ***nown, zip: , countryCode: *N, time: 0, mPlmnCountryCode:CN
04-12 20:40:45.833291  1282  1712 I AT      : SEND MSGID=0051 [SYS_SET_GEO_LOCATION_REQ], TXID=021e [RFXSender_3], DUMP=8419542400000000010051001E02A000068101002A0000000E8104002A2A2A2A078108002A2A2A2A2A2A2A2A000000000F8104002A2A2A2A008101002A000000088101002A000000010101002A000000098103002A2A2A00028104002A2A2A2A0A8112002A2A2A2A2A2A2A2A2A2A2A2A2A2A2A2A2A2A0000038104002A2A2A2A0B8104002A2A2A2A048104002A2A2A2A0C8104002A2A2A2A058108002A2A2A2A2A2A2A2A000000000D8104002A2A2A2A
04-12 20:40:45.834442  2644  2775 I ImsLocationHandler: lastKnownLocation = null
04-12 20:40:45.838156  2644  2775 I ImsLocationHandler: proxyAppLocationGranted: false
04-12 20:40:45.838596  2644  2775 I ImsLocationHandler: isEccInProgress: false, redialECC: false
04-12 20:40:45.838703  2644  2775 E ImsLocationHandler: isGetLocationAlways: SIM not ready, use default carrier config
04-12 20:40:45.838893  2644  2775 I ImsLocationHandler: isGetLocationAlways: false
04-12 20:40:45.839332  2644  2775 W ImsLocationHandler: requestLocationFromNetworkLocation failed: is NOT in ECC & non-framework location proxy app is NOT granted
04-12 20:40:45.839379  2644  2775 I ImsLocationHandler: setLocationInfo info=[LocationInfo objId: 181133337, phoneId: 1, transationId: 100, accuracy: 0.0, confidence: 0, vericalAxisAccuracy: 0.0, broadcastFlag: 0, method: Network, city: , state: ***nown, zip: , countryCode: *N, time: 0, mPlmnCountryCode:CN
04-12 20:40:45.841037  1282  1727 I AT      : SEND MSGID=0051 [SYS_SET_GEO_LOCATION_REQ], TXID=021f [RFXSender_15], DUMP=8419542400000000020051001F02A000068101002A0000000E8104002A2A2A2A078108002A2A2A2A2A2A2A2A000000000F8104002A2A2A2A008101002A000000088101002A000000010101002A000000098103002A2A2A00028104002A2A2A2A0A8112002A2A2A2A2A2A2A2A2A2A2A2A2A2A2A2A2A2A0000038104002A2A2A2A0B8104002A2A2A2A048104002A2A2A2A0C8104002A2A2A2A058108002A2A2A2A2A2A2A2A000000000D8104002A2A2A2A
04-12 20:40:45.842712  1282  1677 I AT      : RECV MSGID=0052 [SYS_SET_GEO_LOCATION_CNF], TXID=021e, DUMP=8419542400000000010252001E0208000000040000000000
04-12 20:40:45.846069  1282  1677 I AT      : RECV MSGID=0052 [SYS_SET_GEO_LOCATION_CNF], TXID=021f, DUMP=8419542400000000020252001F0208000000040000000000
04-12 20:40:46.254289  2579  3614 D MtkRILJ : [0232]> OEM_HOOK_STRINGS strings = AT+ESBP=5,"SBP_BLIND_AFR_3G4_FDD",1,1 +ESBP  [PHONE0]
04-12 20:40:46.255271  2579  3614 D MtkRILJ : [0233]> OEM_HOOK_STRINGS strings = AT+ESBP=5,"SBP_BLIND_FR_2G_TDD",1,1 +ESBP  [PHONE0]
04-12 20:40:46.256469  2579  3614 D MtkRILJ : [0234]> OEM_HOOK_STRINGS strings = AT+ESBP=5,"SBP_BLIND_FR_2G_FDD",1,1 +ESBP  [PHONE0]
04-12 20:40:46.258188  1282  1698 D RpOemCtlr: [0] onHandleOemHookString, data[0] = AT+ESBP=5,"SBP_BLIND_AFR_3G4_FDD",1,1
04-12 20:40:46.258378  1282  1698 D RpOemCtlr: [0] onHandleOemHookString, data[0] = AT+ESBP=5,"SBP_BLIND_FR_2G_TDD",1,1
04-12 20:40:46.258398  1282  1698 D RpOemCtlr: [0] onHandleOemHookString, data[0] = AT+ESBP=5,"SBP_BLIND_FR_2G_FDD",1,1
04-12 20:40:46.258857  1282  1710 I AT      : [0] AT> AT+ESBP=5,"SBP_BLIND_AFR_3G4_FDD",1,1 (RIL_CMD_READER_1 tid:486795221952)
04-12 20:40:46.258878  1282  1710 I AT      : SEND MSGID=0003 [SYS_AT_REQ], TXID=0220 [RFXSender_1], DUMP=84195424000000000100030020023000008126002A2A2A2A2A2A2A2A2A2A2A2A2A2A2A2A2A2A2A2A2A2A2A2A2A2A2A2A2A2A2A2A2A2A2A2A2A2A000000000000
04-12 20:40:46.260451  2579  3614 D MtkRILJ : [0235]> OEM_HOOK_STRINGS strings = AT+ESBP=5,"SBP_BLIND_AFR_3G4_FDD",1,1 +ESBP  [PHONE1]
04-12 20:40:46.261109  1282  1698 D RpOemCtlr: [1] onHandleOemHookString, data[0] = AT+ESBP=5,"SBP_BLIND_AFR_3G4_FDD",1,1
04-12 20:40:46.261458  1282  1723 I AT      : [1] AT> AT+ESBP=5,"SBP_BLIND_AFR_3G4_FDD",1,1 (RIL_CMD2_READER_1 tid:486309120960)
04-12 20:40:46.261479  1282  1723 I AT      : SEND MSGID=0003 [SYS_AT_REQ], TXID=0221 [RFXSender_13], DUMP=84195424000000000200030021023000008126002A2A2A2A2A2A2A2A2A2A2A2A2A2A2A2A2A2A2A2A2A2A2A2A2A2A2A2A2A2A2A2A2A2A2A2A2A2A000000000000
04-12 20:40:46.263395  2579  3614 D MtkRILJ : [0236]> OEM_HOOK_STRINGS strings = AT+ESBP=5,"SBP_BLIND_FR_2G_TDD",1,1 +ESBP  [PHONE1]
04-12 20:40:46.263616  1282  1698 D RpOemCtlr: [1] onHandleOemHookString, data[0] = AT+ESBP=5,"SBP_BLIND_FR_2G_TDD",1,1
04-12 20:40:46.267015  1282  1677 I AT      : RECV MSGID=0004 [SYS_AT_CNF], TXID=0220, DUMP=841954240000000001020400200218000000040000000000008107002A2A2A2A2A2A2A0000000000
04-12 20:40:46.267242  1282  1710 I AT      : [0] AT< OK (RIL_CMD_READER_1, tid:486795221952)
04-12 20:40:46.267326  1282  1710 I AT      : [0] AT> AT+ESBP=5,"SBP_BLIND_FR_2G_TDD",1,1 (RIL_CMD_READER_1 tid:486795221952)
04-12 20:40:46.267338  1282  1710 I AT      : SEND MSGID=0003 [SYS_AT_REQ], TXID=0222 [RFXSender_1], DUMP=84195424000000000100030022022800008124002A2A2A2A2A2A2A2A2A2A2A2A2A2A2A2A2A2A2A2A2A2A2A2A2A2A2A2A2A2A2A2A2A2A2A2A
04-12 20:40:46.268029  2579  3614 D MtkRILJ : [0237]> OEM_HOOK_STRINGS strings = AT+ESBP=5,"SBP_BLIND_FR_2G_FDD",1,1 +ESBP  [PHONE1]
04-12 20:40:46.268358  1282  1698 D RpOemCtlr: [1] onHandleOemHookString, data[0] = AT+ESBP=5,"SBP_BLIND_FR_2G_FDD",1,1
04-12 20:40:46.268582  2579  2944 I RILJ    : [0232]< OEM_HOOK_STRINGS {} [PHONE0]
04-12 20:40:46.269715  1282  1677 I AT      : RECV MSGID=0004 [SYS_AT_CNF], TXID=0221, DUMP=841954240000000002020400210218000000040000000000008107002A2A2A2A2A2A2A0000000000
04-12 20:40:46.269775  1282  1723 I AT      : [1] AT< OK (RIL_CMD2_READER_1, tid:486309120960)
04-12 20:40:46.269842  1282  1723 I AT      : [1] AT> AT+ESBP=5,"SBP_BLIND_FR_2G_TDD",1,1 (RIL_CMD2_READER_1 tid:486309120960)
04-12 20:40:46.269854  1282  1723 I AT      : SEND MSGID=0003 [SYS_AT_REQ], TXID=0223 [RFXSender_13], DUMP=84195424000000000200030023022800008124002A2A2A2A2A2A2A2A2A2A2A2A2A2A2A2A2A2A2A2A2A2A2A2A2A2A2A2A2A2A2A2A2A2A2A2A
04-12 20:40:46.270165  2579  2944 I RILJ    : [0235]< OEM_HOOK_STRINGS {} [PHONE1]
04-12 20:40:46.271622  1282  1677 I AT      : RECV MSGID=0004 [SYS_AT_CNF], TXID=0222, DUMP=84195424000000000102040022021800000004000000000000810A002A2A2A2A2A2A2A2A2A2A0000
04-12 20:40:46.272554  1282  1677 I AT      : RECV MSGID=0004 [SYS_AT_CNF], TXID=0223, DUMP=84195424000000000202040023021800000004000000000000810A002A2A2A2A2A2A2A2A2A2A0000
04-12 20:40:46.272616  1282  1723 I AT      : [1] AT< ERROR (RIL_CMD2_READER_1, tid:486309120960)
04-12 20:40:46.272639  1282  1723 E RmmOemHandler: [1] OEM_HOOK_STRINGS fail
04-12 20:40:46.272717  1282  1723 I AT      : [1] AT> AT+ESBP=5,"SBP_BLIND_FR_2G_FDD",1,1 (RIL_CMD2_READER_1 tid:486309120960)
04-12 20:40:46.272730  1282  1723 I AT      : SEND MSGID=0003 [SYS_AT_REQ], TXID=0224 [RFXSender_13], DUMP=84195424000000000200030024022800008124002A2A2A2A2A2A2A2A2A2A2A2A2A2A2A2A2A2A2A2A2A2A2A2A2A2A2A2A2A2A2A2A2A2A2A2A
04-12 20:40:46.272864  1282  1710 I AT      : [0] AT< ERROR (RIL_CMD_READER_1, tid:486795221952)
04-12 20:40:46.272872  1282  1710 E RmmOemHandler: [0] OEM_HOOK_STRINGS fail
04-12 20:40:46.272904  1282  1710 I AT      : [0] AT> AT+ESBP=5,"SBP_BLIND_FR_2G_FDD",1,1 (RIL_CMD_READER_1 tid:486795221952)
04-12 20:40:46.272916  1282  1710 I AT      : SEND MSGID=0003 [SYS_AT_REQ], TXID=0225 [RFXSender_1], DUMP=84195424000000000100030025022800008124002A2A2A2A2A2A2A2A2A2A2A2A2A2A2A2A2A2A2A2A2A2A2A2A2A2A2A2A2A2A2A2A2A2A2A2A
04-12 20:40:46.275056  2579  2944 I RILJ    : [0236]< OEM_HOOK_STRINGS error 2 [PHONE1]
04-12 20:40:46.275103  2579  2944 D RilRequest: [0236]< OEM_HOOK_STRINGS error: com.android.internal.telephony.CommandException: GENERIC_FAILURE ret={} result=null
04-12 20:40:46.275753  2579  3470 I RILJ    : [0233]< OEM_HOOK_STRINGS error 2 [PHONE0]
04-12 20:40:46.275786  2579  3470 D RilRequest: [0233]< OEM_HOOK_STRINGS error: com.android.internal.telephony.CommandException: GENERIC_FAILURE ret={} result=null
04-12 20:40:46.277126  1282  1677 I AT      : RECV MSGID=0004 [SYS_AT_CNF], TXID=0224, DUMP=841954240000000002020400240218000000040000000000008107002A2A2A2A2A2A2A0000000000
04-12 20:40:46.277189  1282  1723 I AT      : [1] AT< OK (RIL_CMD2_READER_1, tid:486309120960)
04-12 20:40:46.277842  2579  3470 I RILJ    : [0237]< OEM_HOOK_STRINGS {} [PHONE1]
04-12 20:40:46.280906  1282  1677 I AT      : RECV MSGID=0004 [SYS_AT_CNF], TXID=0225, DUMP=841954240000000001020400250218000000040000000000008107002A2A2A2A2A2A2A0000000000
04-12 20:40:46.281285  1282  1710 I AT      : [0] AT< OK (RIL_CMD_READER_1, tid:486795221952)
04-12 20:40:46.286801  2579  2944 I RILJ    : [0234]< OEM_HOOK_STRINGS {} [PHONE0]
04-12 20:40:46.336259  1688  1688 W TelephonyRegistry: Pid 1688 has exceeded half the number of permissible registered listeners. Now at 50
04-12 20:40:46.336359  1688  1688 D TelephonyRegistry: listen oscl: mHasNotifySubscriptionInfoChangedOccurred==false no callback
04-12 20:40:46.627329  1078  1092 I mipc_lib: SEND MSGID=1409 [MIPC_LOC_LBS_SYNC_LOCATION_EM_CONFIG_REQ], TXID=000e [binder:1078_2], DUMP=8419542400000000010009140E00100000010400010000000101040000000000
04-12 20:40:46.633644  1078  1832 I mipc_lib: RECV MSGID=140a [MIPC_LOC_LBS_SYNC_LOCATION_EM_CONFIG_CNF], TXID=000e, DUMP=841954240000000001020A140E000800000004006A000000
04-12 20:40:46.769461  2644  2644 D ImsConfigEventReceiver[0]: ICC_ABSENT[0], reset carrier config loaded flag.
04-12 20:40:46.915684  2644  2644 D ImsConfigEventReceiver[1]: ICC_ABSENT[1], reset carrier config loaded flag.
04-12 20:40:46.916424  2644  2644 I ImsLocationHandler: LocationManager.PROVIDERS_CHANGED_ACTION isNlpEnabled: true, location timeout = false
04-12 20:40:47.060239  2579  2579 I TranCAT : BootCompletedReceiver: [onReceive] action = android.intent.action.SIM_STATE_CHANGED
04-12 20:40:47.060306  2579  2579 I TranCAT : BootCompletedReceiver: ACTION_SIM_STATE_CHANGED, simStatus: ABSENT
04-12 20:40:47.060321  2579  2579 I TranCAT : StkAthenaUploader: [handleIccChangeAction] simStatus: ABSENT
04-12 20:40:47.069396  2579  5662 D MtkRILJ : [0238]> OEM_HOOK_STRINGS strings = AT+ESIMS? +ESIMS  [PHONE1]
04-12 20:40:47.070311  1282  1698 D RpOemCtlr: [1] onHandleOemHookString, data[0] = AT+ESIMS?
04-12 20:40:47.070438  1282  1723 I AT      : [1] AT> AT+ESIMS? (RIL_CMD2_READER_1 tid:486309120960)
04-12 20:40:47.070455  1282  1723 I AT      : SEND MSGID=0003 [SYS_AT_REQ], TXID=0226 [RFXSender_13], DUMP=8419542400000000020003002602100000810A002A2A2A2A2A2A2A2A2A2A0000
04-12 20:40:47.072615  2579  2579 D SAT     : [0]onSimAbsent, reset activation state to UNKNOWN
04-12 20:40:47.072632  2579  2579 D SAT     : [0]setVoiceActivationState=0
04-12 20:40:47.075458  2579  2579 D SAT     : [0]setDataActivationState=0
04-12 20:40:47.076507  1282  1677 I AT      : RECV MSGID=0004 [SYS_AT_CNF], TXID=0226, DUMP=841954240000000002020400260220000000040000000000008114002A2A2A2A2A2A2A2A2A2A2A2A2A2A2A2A2A2A2A2A
04-12 20:40:47.076924  2579  2579 D SMSDispatcher: Received broadcast android.intent.action.SIM_STATE_CHANGED
04-12 20:40:47.077388  2579  2579 D SMSDispatcher: Received broadcast android.intent.action.SIM_STATE_CHANGED
04-12 20:40:47.077523  2579  2579 D SMSDispatcher: Received broadcast android.intent.action.SIM_STATE_CHANGED
04-12 20:40:47.077688  2579  2579 D EmergencyNumberTracker: [0][mTranIntentReceiver] intent: Intent { act=android.intent.action.SIM_STATE_CHANGED flg=0x15000010 xflg=0x4 (has extras) }
04-12 20:40:47.079393  1282  1723 I AT      : [1] AT< +ESIMS: 0 (RIL_CMD2_READER_1, tid:486309120960)
04-12 20:40:47.079409  1282  1723 I AT      : [1] AT< OK (RIL_CMD2_READER_1, tid:486309120960)
04-12 20:40:47.079697  2579  2612 I RILJ    : [0238]< OEM_HOOK_STRINGS {+ESIMS: 0} [PHONE1]
04-12 20:40:47.085942  2579  2579 D MtkDPM  : DPM-0: mIntentReceiverEx onReceive: action=android.intent.action.SIM_STATE_CHANGED
04-12 20:40:47.086033  2579  2579 D SAT     : [1]onSimAbsent, reset activation state to UNKNOWN
04-12 20:40:47.086045  2579  2579 D SAT     : [1]setVoiceActivationState=0
04-12 20:40:47.086315  2579  2579 D SAT     : [1]setDataActivationState=0
04-12 20:40:47.086493  2579  2579 D SMSDispatcher: Received broadcast android.intent.action.SIM_STATE_CHANGED
04-12 20:40:47.086531  2579  2579 D SMSDispatcher: Received broadcast android.intent.action.SIM_STATE_CHANGED
04-12 20:40:47.086555  2579  2579 D SMSDispatcher: Received broadcast android.intent.action.SIM_STATE_CHANGED
04-12 20:40:47.086614  2579  2579 D EmergencyNumberTracker: [1][mTranIntentReceiver] intent: Intent { act=android.intent.action.SIM_STATE_CHANGED flg=0x15000010 xflg=0x4 (has extras) }
04-12 20:40:47.087175  2579  2579 D MtkDPM  : DPM-1: mIntentReceiverEx onReceive: action=android.intent.action.SIM_STATE_CHANGED
04-12 20:40:47.087194  2579  2579 D MtkDPM  : DPM-1: unregisterForFdnEnableChanged(), already unregistered, skip unregister
04-12 20:40:47.102552  2579  2612 E SMSVC   : getActiveSubscriptionInfoList: com.transsion.applock does not have enough permission. Returning empty list here.
04-12 20:40:47.107153  2579  2579 I TranCAT : BootCompletedReceiver: [onReceive] action = android.intent.action.BOOT_COMPLETED
04-12 20:40:47.118228  2579  2579 I TranCAT : BootCompletedReceiver: [ACTION_BOOT_COMPLETED]
04-12 20:40:47.121548  2579  2579 I TranCAT : StkAppService: onCreate()+
04-12 20:40:47.122003  2579  2579 I TranCAT : TranUtils: getMpesaCloudParam: key = key_cloud_mpesa_enable , val = true
04-12 20:40:47.122028  2579  2579 I TranCAT : StkAppService: simCount: 2, maxSimCount: 2, isMpesaSuppport: true
04-12 20:40:47.122272  2579  2579 I TranCAT : StkAppService: mIsMxtcMarket = false ,mIsCoclMarket = false
04-12 20:40:47.128611  2579  2579 I TranCAT : StkAppService: Register for phone state change
04-12 20:40:47.142610  2579  2579 I TranCAT : MpesaViewSwitchManager: sMpesaViewSwitch slotId 0 res = false isSafaricomCard = false
04-12 20:40:47.142629  2579  2579 I TranCAT : MpesaViewSwitchManager: sMpesaViewSwitch slotId 1 res = false isSafaricomCard = false
04-12 20:40:47.142783  2579  2579 I TranCAT : StkAppService: onStart sim id: 0, op: 5, *****
04-12 20:40:47.142820  2579  2579 I TranCAT : StkAppService: mStkService is: -1
04-12 20:40:47.148505  2579  2579 I TranCAT : StkAppService: hasSimCard false
04-12 20:40:47.152257  2579  2579 I TranCAT : StkAppInstaller: uninstall stkMain
04-12 20:40:47.152311  2579  2579 I TranCAT : StkAppInstaller: uninstall :255,class: com.android.stk.StkMain
04-12 20:40:47.154401  2579  2579 I TranCAT : StkAppService: onDestroy()
04-12 20:40:47.160069  2579  2579 I TranCAT : StkAppService: unregister for phone state change
04-12 20:40:47.194168  2579  3470 E SMSVC   : getActiveSubscriptionInfoList: com.transsion.atomicbrain does not have enough permission. Returning empty list here.
04-12 20:40:47.460563  1688  1954 D TelephonyRegistry: listen oscl: mHasNotifySubscriptionInfoChangedOccurred==false no callback
04-12 20:40:47.633984  1078  1092 I mipc_lib: SEND MSGID=1409 [MIPC_LOC_LBS_SYNC_LOCATION_EM_CONFIG_REQ], TXID=000f [binder:1078_2], DUMP=8419542400000000010009140F00100000010400010000000101040000000000
04-12 20:40:47.639259  1078  1832 I mipc_lib: RECV MSGID=140a [MIPC_LOC_LBS_SYNC_LOCATION_EM_CONFIG_CNF], TXID=000f, DUMP=841954240000000001020A140F000800000004006A000000
04-12 20:40:47.704684  2579  2579 D SMSVC   : updateSubscriptionByCarrierConfig: phoneId=1, configPackageName=com.android.carrierconfig
04-12 20:40:47.705849  2579  2579 D SMSVC   : updateSubscriptionByCarrierConfig: No subscription is active for phone being updated.
04-12 20:40:47.705882  2579  2579 D SMSVC   : updateSubscriptionByCarrierConfig: phoneId=0, configPackageName=com.android.carrierconfig
04-12 20:40:47.705886  2579  2579 D SMSVC   : updateSubscriptionByCarrierConfig: No subscription is active for phone being updated.
04-12 20:40:47.730134  2579  2579 D EmergencyNumberTracker: [0][mTranIntentReceiver] intent: Intent { act=android.telephony.action.CARRIER_CONFIG_CHANGED flg=0x15000010 xflg=0x4 (has extras) }
04-12 20:40:47.797038  2579  2579 D MtkDPM  : DPM-0: mIntentReceiverEx onReceive: action=android.telephony.action.CARRIER_CONFIG_CHANGED
04-12 20:40:47.797269  2579  2579 D EmergencyNumberTracker: [1][mTranIntentReceiver] intent: Intent { act=android.telephony.action.CARRIER_CONFIG_CHANGED flg=0x15000010 xflg=0x4 (has extras) }
04-12 20:40:47.801865  2579  2579 D MtkDPM  : DPM-1: mIntentReceiverEx onReceive: action=android.telephony.action.CARRIER_CONFIG_CHANGED
04-12 20:40:47.802198  2579  2579 E ImsStateCallbackController: onReceive ACTION_CARRIER_CONFIG_CHANGED invalid subId
04-12 20:40:47.805247  2579  2579 I RILJ    : [0239]> VOICE_RADIO_TECH [PHONE1]
04-12 20:40:47.805675  2579  2579 I GsmCdmaPhone: [1] didn't updateVoNrSettings for add on case, will update by ims.
04-12 20:40:47.806614  2579  2579 I RILJ    : [0240]> GET_RADIO_CAPABILITY [PHONE1]
04-12 20:40:47.806978  2579  2579 D EmergencyNumberTracker: [0][mTranIntentReceiver] intent: Intent { act=android.telephony.action.CARRIER_CONFIG_CHANGED flg=0x15000010 xflg=0x4 (has extras) }
04-12 20:40:47.807258  2579  2612 I RILJ    : [0239]< VOICE_RADIO_TECH {1} [PHONE1]
04-12 20:40:47.807744  2579  2579 D MtkDPM  : DPM-0: mIntentReceiverEx onReceive: action=android.telephony.action.CARRIER_CONFIG_CHANGED
04-12 20:40:47.807841  2579  2579 D EmergencyNumberTracker: [1][mTranIntentReceiver] intent: Intent { act=android.telephony.action.CARRIER_CONFIG_CHANGED flg=0x15000010 xflg=0x4 (has extras) }
04-12 20:40:47.808510  2579  2579 D MtkDPM  : DPM-1: mIntentReceiverEx onReceive: action=android.telephony.action.CARRIER_CONFIG_CHANGED
04-12 20:40:47.809548  2579  3732 I RILJ    : convertHalRadioCapability: session=-1, phase=3, rat=561156, logicModemUuid=modem_sys1_ps1_nr1, status=1, rcRil.raf=1130504 [PHONE1]
04-12 20:40:47.809624  2579  3732 I RILJ    : [0240]< GET_RADIO_CAPABILITY {mPhoneId = 1 mVersion=1 mSession=-1 mPhase=3 mRadioAccessFamily=561156 mLogicModemId=modem_sys1_ps1_nr1 mStatus=1} [PHONE1]
04-12 20:40:47.812015  2579  2579 I RILJ    : [0241]> VOICE_RADIO_TECH [PHONE0]
04-12 20:40:47.812347  2579  2579 I GsmCdmaPhone: [0] didn't updateVoNrSettings for add on case, will update by ims.
04-12 20:40:47.812399  2579  3732 I RILJ    : [0241]< VOICE_RADIO_TECH {1} [PHONE0]
04-12 20:40:47.813665  2579  2579 I RILJ    : [0242]> GET_RADIO_CAPABILITY [PHONE0]
04-12 20:40:47.814147  2579  2579 E ImsStateCallbackController: onReceive ACTION_CARRIER_CONFIG_CHANGED invalid subId
04-12 20:40:47.815465  2579  3732 I RILJ    : convertHalRadioCapability: session=-1, phase=3, rat=561156, logicModemUuid=modem_sys1_ps0_nr1, status=1, rcRil.raf=1130504 [PHONE0]
04-12 20:40:47.815508  2579  3732 I RILJ    : [0242]< GET_RADIO_CAPABILITY {mPhoneId = 0 mVersion=1 mSession=-1 mPhase=3 mRadioAccessFamily=561156 mLogicModemId=modem_sys1_ps0_nr1 mStatus=1} [PHONE0]
04-12 20:40:47.816077  2579  3164 D NetworkTypeController: [0] onCapabilitiesChanged: 100
04-12 20:40:47.816096  2579  3164 D NetworkTypeController: [0] satellite constrained data status : false
04-12 20:40:47.816127  2579  3164 D DIC-0   : dataNetworkType: 0, voiceNetworkType: 0, resultNetworkType: 0
04-12 20:40:47.816267  2579  3160 D TelephonyCountryDetector: onCapabilitiesChanged: [ Transports: WIFI Capabilities: NOT_METERED&INTERNET&NOT_RESTRICTED&TRUSTED&NOT_VPN&VALIDATED&NOT_ROAMING&FOREGROUND&NOT_CONGESTED&NOT_SUSPENDED&NOT_VCN_MANAGED&NOT_BANDWIDTH_CONSTRAINED LinkUpBandwidth>=12000Kbps LinkDnBandwidth>=60000Kbps TransportInfo: <SSID: <unknown ssid>, BSSID: 02:00:00:00:00:00, MAC: 02:00:00:00:00:00, IP: /192.168.1.136, Security type: 2, Supplicant state: COMPLETED, Wi-Fi standard: 11ac, RSSI: -37, Link speed: 780Mbps, Tx Link speed: 780Mbps, Max Supported Tx Link speed: 866Mbps, Rx Link speed: 780Mbps, Max Supported Rx Link speed: 866Mbps, Frequency: 5180MHz, Net ID: -1, Metered hint: false, score: 100, isUsable: true, CarrierMerged: false, SubscriptionId: -1, IsPrimary: 1, Trusted: true, Restricted: false, Ephemeral: false, OEM paid: false, OEM private: false, OSU AP: false, FQDN: <none>, Provider friendly name: <none>, Requesting package name: <none><none>MLO Information: , Is TID-To-Link negotiation supported by the AP: false, AP MLD Address: <none>, AP MLO Link Id: <none>, AP MLO Affiliated links: <none>, Vendor Data: <none>> SignalStrength: -37 AdminUids: [1000] SSID: "David_5" UnderlyingNetworks: Null]
04-12 20:40:47.816280  2579  3160 D TelephonyCountryDetector: isWifiConnected: true
04-12 20:40:47.816620  2579  3291 D TelephonyCountryDetector: handleEventWifiConnectivityStateChanged: true
04-12 20:40:47.816665  2579  3291 D TelephonyCountryDetector: getCurrentNetworkCountryIso: invalid countryIso= for phoneId=1, subId=-1
04-12 20:40:47.816671  2579  3291 D TelephonyCountryDetector: Location update was not requested yet
04-12 20:40:47.818994  2579  3195 D NetworkTypeController: [1] onCapabilitiesChanged: 100
04-12 20:40:47.819030  2579  3195 D NetworkTypeController: [1] satellite constrained data status : false
04-12 20:40:47.819060  2579  3195 D DIC-1   : dataNetworkType: 0, voiceNetworkType: 0, resultNetworkType: 0
04-12 20:40:47.821308  1282  1712 I AT      : SEND MSGID=cb00 [WFC_WIFI_SIGNAL_NTF], TXID=ffff [RFXSender_3], DUMP=8419542400000000010000CBFFFF200000010500776C616E000000000000000001010200DBFF00000201020000000000
04-12 20:40:47.836289  2579  2579 D MtkTelephonyAssist: MtkPhoneAssistBroadcastReceiver: MtkPhoneAssistBroadcastReceiver action = android.intent.action.BOOT_COMPLETED isSystemUser = true
04-12 20:40:48.246462  2644  2644 D SuppServExt: [0]ACTION_CARRIER_CONFIG_CHANGED: not loaded, subId: -1
04-12 20:40:48.246516  2644  2644 D SuppServExt: [1]ACTION_CARRIER_CONFIG_CHANGED: not loaded, subId: -1
04-12 20:40:48.358095  2644  2644 D SuppServExt: [0]ACTION_CARRIER_CONFIG_CHANGED: not loaded, subId: -1
04-12 20:40:48.358297  2644  2644 D SuppServExt: [1]ACTION_CARRIER_CONFIG_CHANGED: not loaded, subId: -1
04-12 20:40:48.639481  1078  1092 I mipc_lib: SEND MSGID=1409 [MIPC_LOC_LBS_SYNC_LOCATION_EM_CONFIG_REQ], TXID=0010 [binder:1078_2], DUMP=8419542400000000010009141000100000010400010000000101040000000000
04-12 20:40:48.644864  1078  1832 I mipc_lib: RECV MSGID=140a [MIPC_LOC_LBS_SYNC_LOCATION_EM_CONFIG_CNF], TXID=0010, DUMP=841954240000000001020A1410000800000004006A000000
04-12 20:40:48.843685  2644  2775 I ImsLocationHandler: proxyAppLocationGranted: false
04-12 20:40:48.844175  2644  2775 I ImsLocationHandler: isEccInProgress: false, redialECC: false
04-12 20:40:48.844194  2644  2775 E ImsLocationHandler: isGetLocationAlways: SIM not ready, use default carrier config
04-12 20:40:48.844204  2644  2775 I ImsLocationHandler: isGetLocationAlways: false
04-12 20:40:48.844583  2644  2775 W ImsLocationHandler: requestLocationFromNetworkLocation failed: is NOT in ECC & non-framework location proxy app is NOT granted
04-12 20:40:48.951238  1282  1677 I AT      : RECV MSGID=4402 [NW_SIGNAL_IND], TXID=ffff, DUMP=841954240000000001030244FFFF30010401040005000000050104000500000006010400000000000701040002000000080104000000000009010100010000000B0110000C00000063000000200000002D000000000000000E013500200000002D000000010000009FFEFFFFF8FFFFFF010000000100000004000000000000000100000000000000000000000000000001000000000000000F01010001000000140100000000000000000000FF7F0100FF7F3500200000002D000000010000009FFEFFFFF8FFFFFF01000000010000000400000000000000010000000000000000000000000000000100000000000000170100000000000000000000FE7F0100FE7F3800200000002D000000010000009FFEFFFFF8FFFFFF01000000010000000400000000000000010000000000000000000000000000000100000000000000
04-12 20:40:48.951390  1282  1692 D RmmNwUrcHdlr: [0] [handleSignalStrength]:sigRegisted[0000], sigUpdated[0X04]
04-12 20:40:48.951922  2579  2579 D MtkSSCtr: [0] old:{level:4, raw:SignalStrength:{mAverageLevel=4mCdma=CellSignalStrengthCdma: cdmaDbm=2147483647 cdmaEcio=2147483647 evdoDbm=2147483647 evdoEcio=2147483647 evdoSnr=2147483647 level=0,mGsm=CellSignalStrengthGsm: rssi=2147483647 ber=2147483647 mTa=2147483647 mLevel=0,mWcdma=CellSignalStrengthWcdma: ss=-87 ber=99 rscp=-85 ecno=-1 level=3,mTdscdma=CellSignalStrengthTdscdma: rssi=2147483647 ber=2147483647 rscp=2147483647 level=0,mLte=CellSignalStrengthLte: rssi=2147483647 rsrp=2147483647 rsrq=2147483647 rssnr=2147483647 cqiTableIndex=2147483647 cqi=2147483647 ta=2147483647 level=0 parametersUseForLevel=1,mNr=CellSignalStrengthNr:{ csiRsrp = 2147483647 csiRsrq = 2147483647 csiCqiTableIndex = 2147483647 csiCqiReport = [] ssRsrp = 2147483647 ssRsrq = 2147483647 ssSinr = 2147483647 level = 0 parametersUseForLevel = 1 timingAdvance = 2147483647 },primary=CellSignalStrengthWcdma}}
04-12 20:40:48.952094  2579  2579 D TranSignalSmooth: [calculateDalayLevel] averageLevel: 4, level: 4
04-12 20:40:48.955219  2579  2579 D MtkSSCtr: [0] new:{level:4, raw:SignalStrength:{mAverageLevel=4mCdma=CellSignalStrengthCdma: cdmaDbm=2147483647 cdmaEcio=2147483647 evdoDbm=2147483647 evdoEcio=2147483647 evdoSnr=2147483647 level=0,mGsm=CellSignalStrengthGsm: rssi=2147483647 ber=2147483647 mTa=2147483647 mLevel=0,mWcdma=CellSignalStrengthWcdma: ss=-89 ber=99 rscp=-88 ecno=-2 level=2,mTdscdma=CellSignalStrengthTdscdma: rssi=2147483647 ber=2147483647 rscp=2147483647 level=0,mLte=CellSignalStrengthLte: rssi=2147483647 rsrp=2147483647 rsrq=2147483647 rssnr=2147483647 cqiTableIndex=2147483647 cqi=2147483647 ta=2147483647 level=0 parametersUseForLevel=1,mNr=CellSignalStrengthNr:{ csiRsrp = 2147483647 csiRsrq = 2147483647 csiCqiTableIndex = 2147483647 csiCqiReport = [] ssRsrp = 2147483647 ssRsrq = 2147483647 ssSinr = 2147483647 level = 0 parametersUseForLevel = 1 timingAdvance = 2147483647 },primary=CellSignalStrengthWcdma}}, 
04-12 20:40:49.645069  1078  1092 I mipc_lib: SEND MSGID=1409 [MIPC_LOC_LBS_SYNC_LOCATION_EM_CONFIG_REQ], TXID=0011 [binder:1078_2], DUMP=8419542400000000010009141100100000010400010000000101040000000000
04-12 20:40:49.651003  1078  1832 I mipc_lib: RECV MSGID=140a [MIPC_LOC_LBS_SYNC_LOCATION_EM_CONFIG_CNF], TXID=0011, DUMP=841954240000000001020A1411000800000004006A000000
04-12 20:40:49.738975  2579  3155 D MtkRILJ : [0243]> OEM_HOOK_STRINGS strings = AT+TRANCELLBAR=4,3   [PHONE0]
04-12 20:40:49.739457  1282  1698 D RpOemCtlr: [0] onHandleOemHookString, data[0] = AT+TRANCELLBAR=4,3
04-12 20:40:49.739566  1282  1710 I AT      : [0] AT> AT+TRANCELLBAR=4,3 (RIL_CMD_READER_1 tid:486795221952)
04-12 20:40:49.739580  1282  1710 I AT      : SEND MSGID=0003 [SYS_AT_REQ], TXID=0227 [RFXSender_1], DUMP=84195424000000000100030027021800008113002A2A2A2A2A2A2A2A2A2A2A2A2A2A2A2A2A2A2A00
04-12 20:40:49.744031  2579  3155 D MtkRILJ : [0244]> OEM_HOOK_STRINGS strings = AT+TRANCELLBAR=5,3   [PHONE0]
04-12 20:40:49.744263  1282  1698 D RpOemCtlr: [0] onHandleOemHookString, data[0] = AT+TRANCELLBAR=5,3
04-12 20:40:49.745909  1282  1677 I AT      : RECV MSGID=0004 [SYS_AT_CNF], TXID=0227, DUMP=841954240000000001020400270218000000040000000000008107002A2A2A2A2A2A2A0000000000
04-12 20:40:49.745972  1282  1710 I AT      : [0] AT< OK (RIL_CMD_READER_1, tid:486795221952)
04-12 20:40:49.746025  1282  1710 I AT      : [0] AT> AT+TRANCELLBAR=5,3 (RIL_CMD_READER_1 tid:486795221952)
04-12 20:40:49.746037  1282  1710 I AT      : SEND MSGID=0003 [SYS_AT_REQ], TXID=0228 [RFXSender_1], DUMP=84195424000000000100030028021800008113002A2A2A2A2A2A2A2A2A2A2A2A2A2A2A2A2A2A2A00
04-12 20:40:49.746614  2579  2612 I RILJ    : [0243]< OEM_HOOK_STRINGS {} [PHONE0]
04-12 20:40:49.748603  1282  1677 I AT      : RECV MSGID=0004 [SYS_AT_CNF], TXID=0228, DUMP=841954240000000001020400280218000000040000000000008107002A2A2A2A2A2A2A0000000000
04-12 20:40:49.749277  1282  1710 I AT      : [0] AT< OK (RIL_CMD_READER_1, tid:486795221952)
04-12 20:40:49.750485  2579  2612 I RILJ    : [0244]< OEM_HOOK_STRINGS {} [PHONE0]
04-12 20:40:49.873101  2579  3185 D MtkRILJ : [0245]> OEM_HOOK_STRINGS strings = AT+TRANCELLBAR=4,3   [PHONE1]
04-12 20:40:49.873403  1282  1698 D RpOemCtlr: [1] onHandleOemHookString, data[0] = AT+TRANCELLBAR=4,3
04-12 20:40:49.873595  1282  1723 I AT      : [1] AT> AT+TRANCELLBAR=4,3 (RIL_CMD2_READER_1 tid:486309120960)
04-12 20:40:49.873613  1282  1723 I AT      : SEND MSGID=0003 [SYS_AT_REQ], TXID=0229 [RFXSender_13], DUMP=84195424000000000200030029021800008113002A2A2A2A2A2A2A2A2A2A2A2A2A2A2A2A2A2A2A00
04-12 20:40:49.875481  2579  3185 D MtkRILJ : [0246]> OEM_HOOK_STRINGS strings = AT+TRANCELLBAR=5,3   [PHONE1]
04-12 20:40:49.876347  1282  1698 D RpOemCtlr: [1] onHandleOemHookString, data[0] = AT+TRANCELLBAR=5,3
04-12 20:40:49.879673  1282  1677 I AT      : RECV MSGID=0004 [SYS_AT_CNF], TXID=0229, DUMP=841954240000000002020400290218000000040000000000008107002A2A2A2A2A2A2A0000000000
04-12 20:40:49.879730  1282  1723 I AT      : [1] AT< OK (RIL_CMD2_READER_1, tid:486309120960)
04-12 20:40:49.879801  1282  1723 I AT      : [1] AT> AT+TRANCELLBAR=5,3 (RIL_CMD2_READER_1 tid:486309120960)
04-12 20:40:49.879813  1282  1723 I AT      : SEND MSGID=0003 [SYS_AT_REQ], TXID=022a [RFXSender_13], DUMP=8419542400000000020003002A021800008113002A2A2A2A2A2A2A2A2A2A2A2A2A2A2A2A2A2A2A00
04-12 20:40:49.880122  2579  2610 I RILJ    : [0245]< OEM_HOOK_STRINGS {} [PHONE1]
04-12 20:40:49.881766  1282  1677 I AT      : RECV MSGID=0004 [SYS_AT_CNF], TXID=022a, DUMP=8419542400000000020204002A0218000000040000000000008107002A2A2A2A2A2A2A0000000000
04-12 20:40:49.881822  1282  1723 I AT      : [1] AT< OK (RIL_CMD2_READER_1, tid:486309120960)
04-12 20:40:49.882634  2579  2610 I RILJ    : [0246]< OEM_HOOK_STRINGS {} [PHONE1]
04-12 20:40:50.092600  2579  2612 E SMSVC   : getActiveSubscriptionInfoList: com.transsion.airtransfer does not have enough permission. Returning empty list here.
04-12 20:40:50.235490  2579  2612 E SMSVC   : getActiveSubscriptionInfoList: com.transsion.iotcard does not have enough permission. Returning empty list here.
04-12 20:40:50.340877  2579  2612 E SMSVC   : getActiveSubscriptionInfoList: com.transsion.screenrecorder does not have enough permission. Returning empty list here.
04-12 20:40:50.651312  1078  1092 I mipc_lib: SEND MSGID=1409 [MIPC_LOC_LBS_SYNC_LOCATION_EM_CONFIG_REQ], TXID=0012 [binder:1078_2], DUMP=8419542400000000010009141200100000010400010000000101040000000000
04-12 20:40:50.656612  1078  1832 I mipc_lib: RECV MSGID=140a [MIPC_LOC_LBS_SYNC_LOCATION_EM_CONFIG_CNF], TXID=0012, DUMP=841954240000000001020A1412000800000004006A000000
04-12 20:40:51.501718  2579  2579 I TranCAT : StkAthenaUploader: [reUploadCacheEvent] enable: false
04-12 20:40:51.656874  1078  1092 I mipc_lib: SEND MSGID=1409 [MIPC_LOC_LBS_SYNC_LOCATION_EM_CONFIG_REQ], TXID=0013 [binder:1078_2], DUMP=8419542400000000010009141300100000010400010000000101040000000000
04-12 20:40:51.662801  1078  1832 I mipc_lib: RECV MSGID=140a [MIPC_LOC_LBS_SYNC_LOCATION_EM_CONFIG_CNF], TXID=0013, DUMP=841954240000000001020A1413000800000004006A000000
04-12 20:40:51.853787  2644  2775 I ImsLocationHandler: proxyAppLocationGranted: false
04-12 20:40:51.859290  2644  2775 I ImsLocationHandler: isEccInProgress: false, redialECC: false
04-12 20:40:51.859313  2644  2775 E ImsLocationHandler: isGetLocationAlways: SIM not ready, use default carrier config
04-12 20:40:51.859323  2644  2775 I ImsLocationHandler: isGetLocationAlways: false
04-12 20:40:51.865929  2644  2775 W ImsLocationHandler: requestLocationFromNetworkLocation failed: is NOT in ECC & non-framework location proxy app is NOT granted
04-12 20:40:52.146617  1455  1472 D TranRadioExt: setUnsolResponseFilter screen off, unregister mipc ind msg...
04-12 20:40:52.146699  1455  1472 I mipc_lib: SEND MSGID=0309 [INTERNAL_UNREGISTER_IND_REQ], TXID=000f [binder:1455_3], DUMP=8419542400000000100009030F0008000001020001400000
04-12 20:40:52.151900  1455  1842 I mipc_lib: RECV MSGID=030a [INTERNAL_UNREGISTER_IND_CNF], TXID=000f, DUMP=841954240000000010020A030F0008000000040000000000
04-12 20:40:52.165264  1455  1472 D TranRadioExt: mipc_msg_unregister_ind_api MIPC_SYS_AT_IND, slotid:0,return:0
04-12 20:40:52.165289  1455  1472 I mipc_lib: SEND MSGID=0309 [INTERNAL_UNREGISTER_IND_REQ], TXID=0010 [binder:1455_3], DUMP=841954240000000010000903100008000001020017420000
04-12 20:40:52.172051  1455  1842 I mipc_lib: RECV MSGID=030a [INTERNAL_UNREGISTER_IND_CNF], TXID=0010, DUMP=841954240000000010020A03100008000000040000000000
04-12 20:40:52.178772  1455  1472 D TranRadioExt: mipc_msg_unregister_ind_api MIPC_DATA_URSP_UE_POLICY_CHG_IND, slotid:0,return:0
04-12 20:40:52.178796  1455  1472 I mipc_lib: SEND MSGID=0309 [INTERNAL_UNREGISTER_IND_REQ], TXID=0011 [binder:1455_3], DUMP=841954240000000010000903110008000001020013420000
04-12 20:40:52.183938  1455  1842 I mipc_lib: RECV MSGID=030a [INTERNAL_UNREGISTER_IND_CNF], TXID=0011, DUMP=841954240000000010020A03110008000000040000000000
04-12 20:40:52.184042  1455  1472 D TranRadioExt: mipc_msg_unregister_ind_api MIPC_DATA_DSDA_STATE_IND, slotid:0,return:0
04-12 20:40:52.184064  1455  1472 I mipc_lib: SEND MSGID=0309 [INTERNAL_UNREGISTER_IND_REQ], TXID=0012 [binder:1455_3], DUMP=841954240000000020000903120008000001020001400000
04-12 20:40:52.185052  1455  1842 I mipc_lib: RECV MSGID=030a [INTERNAL_UNREGISTER_IND_CNF], TXID=0012, DUMP=841954240000000020020A03120008000000040000000000
