04-12 20:40:53.567966  7523  7580 I AppProperties: enter readPropFiles count=0
04-12 20:40:53.567972  7523  7580 I AppProperties: readAllPropFiles directoryPath=/tr_product/etc/vconfig/com.google.android.inputmethod.latin/
04-12 20:40:53.567988  7523  7580 I AppProperties: enter readPropFiles count=0
04-12 20:40:53.567993  7523  7580 I AppProperties: readAllPropFiles directoryPath=/tr_region/etc/vconfig/com.google.android.inputmethod.latin/
04-12 20:40:53.568005  7523  7580 I AppProperties: enter readPropFiles count=0
04-12 20:40:53.568008  7523  7580 I AppProperties: readAllPropFiles directoryPath=/tr_carrier/etc/vconfig/com.google.android.inputmethod.latin/
04-12 20:40:53.568017  7523  7580 I AppProperties: enter readPropFiles count=0
04-12 20:40:53.568020  7523  7580 I AppProperties: readAllPropFiles directoryPath=/tr_company/etc/vconfig/com.google.android.inputmethod.latin/
04-12 20:40:53.568027  7523  7580 I AppProperties: enter readPropFiles count=0
04-12 20:40:53.568030  7523  7580 I AppProperties: readAllPropFiles directoryPath=/tranfs/etc/vconfig/com.google.android.inputmethod.latin/
04-12 20:40:53.568054  7523  7580 I AppProperties: enter readPropFiles count=0
04-12 20:40:53.574319  2387  2457 I Usf_Hiber/appStateMachine: TranAppStateMachine initial
04-12 20:40:53.574811  2387  2452 I Usf_Hiber/appStateMachine: uid:10243 enter DefaultState
04-12 20:40:53.576296  2387  2452 I Usf_Hiber/appStateMachine: uid:10243 enter RunningState
04-12 20:40:53.590113  1688  3322 I START_DEBUG: remove BIND_TIMEOUT finish    ProcessRecord :ProcessRecord{2d5c6a2 7545:com.google.android.projection.gearhead:provider/u0a212}
04-12 20:40:53.613140  1688  2281 V AlarmManager: set(PendingIntent{b024a8f: PendingIntentRecord{6140700 com.google.android.gms/com.google.android.gms.scheduler broadcastIntent}}) : type=3 triggerAtTime=46661 win=9180 tElapsed=46661 maxElapsed=55841 interval=0 flags=0x0
04-12 20:40:53.620590  2387  7048 D TranAlarmAlignManager: alarmAlign system not ready:false,align:null
04-12 20:40:53.629152  1688  2194 I MR2ServiceImpl: Updating composite discovery preference | preference: RouteDiscoveryRequest{ preferredFeatures={}, activeScan=false }, active routers: []
04-12 20:40:53.632281  1688  3322 V AlarmManager: set(PendingIntent{fe790bd: PendingIntentRecord{2e066b2 com.google.android.configupdater broadcastIntent}}) : type=3 triggerAtTime=934438 win=900000 tElapsed=934438 maxElapsed=1834438 interval=0 flags=0x0
04-12 20:40:53.635533  2387  7048 D TranAlarmAlignManager: alarmAlign system not ready:false,align:null
04-12 20:40:53.646504  1688  3322 D ActivityTaskManager: isControllerAMonkey mController = null,mControllerIsAMonkey = false
04-12 20:40:53.681481   599   634 I keystore2: system/security/keystore2/src/security_level.rs:245 - caller pid=6615, uid=10133; force = false; key domain=r#KEY_ID, alias = None
04-12 20:40:53.681747   599   634 I keystore2: system/security/keystore2/src/security_level.rs:343 - upgrade_keyblob_if_required_with start
04-12 20:40:53.683122   599   634 I keystore2: system/security/keystore2/src/enforcements.rs:236 - finalize_create_authorization self.state=NoAuthRequired
04-12 20:40:53.683136   599   634 I keystore2: system/security/keystore2/src/security_level.rs:388 - upgrade_keyblob_if_required_with end; operation_db.create_operation start
04-12 20:40:53.683141   599   634 I keystore2: system/security/keystore2/src/security_level.rs:406 - operation_db.create_operation end
04-12 20:40:53.692968  1688  2442 D UsfSystemServer/appSceneHooker: action is empty in service bind status
04-12 20:40:53.694320  7523  7523 D TranClassInfo: instance successfully. com.transsion.hubcore.view.TranDisplayImpl@c356922 from com.transsion.hubcore.view.ITranDisplay
04-12 20:40:53.704773  1688  4286 I START_DEBUG: remove BIND_TIMEOUT finish    ProcessRecord :ProcessRecord{3d91344 7523:com.google.android.inputmethod.latin/u0a243}
04-12 20:40:53.716059  1688  1871 I ActivityManager: Start proc 7567:com.google.android.packageinstaller/u0a222 for broadcast {com.google.android.packageinstaller/com.android.packageinstaller.common.TemporaryFileManager}
04-12 20:40:53.721267  1688  2100 D PanicKeyDetector: Key down event: keyCode = 26
04-12 20:40:53.721295  1688  2100 D PanicKeyDetector: Key pressed: 26, detected keys: 1
04-12 20:40:53.722788  1688  2100 I TranAlwaysOnDisplayHelper: onWakeUp reason=1
04-12 20:40:53.722842  1688  2100 I TranAlwaysOnDisplayHelper: setNotifyAodHide reason:1
04-12 20:40:53.722868  1688  2100 I TranAlwaysOnDisplayHelper: notify aod hide action , wakeup reason:1
04-12 20:40:53.722942  1688  2100 I DreamController: notifyAodActionWithReason 3 cause:wakeup
04-12 20:40:53.723003  1688  2100 D DozeBrightnessController: enableLightSensor =>false reason:onDreamStop
04-12 20:40:53.723086  1688  2100 I PowerGroup: Waking up power group from Asleep (groupId=0, uid=1000, reason=WAKE_REASON_POWER_BUTTON, details=android.policy:POWER)...
04-12 20:40:53.723111  1688  2100 D TranScreenOnOffTimeoutDetector: onWakeUp()
04-12 20:40:53.723598  1688  2100 D TranScreenOnOffTimeoutDetector: add Event TranScreenOnOffTimeoutEvent{eventNum=1, eventTime=34530}
04-12 20:40:53.723836  1688  2100 D TranClassInfo: instance successfully. com.transsion.hubcore.internal.latency.TranLatencyTrackerImpl@1ca12d7 from com.transsion.hubcore.internal.latency.ITranLatencyTracker
04-12 20:40:53.724408  1688  2100 D WindowManager: onUserActivity: mGestureSleepRunnable remove
04-12 20:40:53.724496  1688  2100 D MagellanHandle: updateRefreshRateForSceneVsyncs what = 26
04-12 20:40:53.724893  1688  2100 V SettingsProvider: name : tran_settings_wakeup_details appId : 1000
04-12 20:40:53.724928  1688  2271 D TranBaseRefreshRatePolicy:  mScreenOnGoingState state = 1
04-12 20:40:53.724965  1688  2271 D RefreshRateSettingsObserver: applyMinRefreshRateChange minRefreshRate = 60.0 refreshRate = 60.0 mCurrentMinRefreshRate = 60.0 mMinRefreshRate = 60.0
04-12 20:40:53.725028  1688  2100 I PowerManagerService: Waking up from Asleep (uid=1000, reason=WAKE_REASON_POWER_BUTTON, details=android.policy:POWER)...
04-12 20:40:53.725948  1688  1901 I AutomaticBrightnessController: set fast adjustment config to true
04-12 20:40:53.726625  1688  1823 D WindowManager: System monitor commitFinishDrawingLocked activity = null canShowWindows = null type = 2019
04-12 20:40:53.726665  1688  1823 D WindowManager: Showing Window{309e991 u0 Taskbar} during animation: policyVis=true isVisible = false mViewVisibility = 0 tok.visibleRequested = false tok.visible= false
04-12 20:40:53.726729  1688  2263 D TranPowerBurriedPointController: ScreenOnTrace: PowerManagerWakeupStart at 1775997653722
04-12 20:40:53.728339  1688  1901 D TranFingerprintServiceExtImpl_mtk: setScreenState displayId =0 state =2
04-12 20:40:53.728494  1688  1901 I TranHBMController[0]: HBM display state is ON
04-12 20:40:53.728816  1688  1823 D WindowManager: System monitor commitFinishDrawingLocked activity = null canShowWindows = null type = 2019
04-12 20:40:53.728849  1688  1871 I START_DEBUG: send START_TIMEOUT message    ProcessRecord :ProcessRecord{d368432 7567:com.google.android.packageinstaller/u0a222}
04-12 20:40:53.728924  1688  1823 D WindowManager: Showing Window{309e991 u0 Taskbar} during animation: policyVis=true isVisible = false mViewVisibility = 0 tok.visibleRequested = false tok.visible= false
04-12 20:40:53.729456  1688  1871 I ActivityManager: ProcessObserver broadcast disabled
04-12 20:40:53.729842  1688  1901 I TranHBMController[0]: updateHbmLightSensorState SystemBrightnessMax=false,OverTime=false,SystemPowerSave=false,LongBattery=false,LongBatterySuper=false,Temperature=true,allowTemp=true,SettingsFeature=true,DisplayPowerOn=true,CloudConfig=true,hdrLayer=false,batteryLevelAllowInspire=true
04-12 20:40:53.729860  1688  1901 I TranHBMController[0]: updateHbmLightSensorState stop. mHbmInspire=false
04-12 20:40:53.729948  1688  2263 I TranPowerBurriedPointController: onScreenStateChanged: displayId = 0, state = 2
04-12 20:40:53.735369  1688  1906 W TranPerf-KswapdLittleCoreFeature: [setAffinity] Tid:91 mask:63
04-12 20:40:53.735442  1688  1901 I DisplayPowerController[0]: Blocking screen on until initial contents have been drawn.
04-12 20:40:53.735725  1688  1906 W TranPerf-KswapdLittleCoreFeature: [setAffinity] Pid:91 mask:63
04-12 20:40:53.736299  1688  2233 I TranAlwaysOnDisplayHelper: Now mIsKeyguardStateWakingUp :true
04-12 20:40:53.737004  1688  2201 I TranFingerprintServiceExtImpl_mtk: updateClientStatus: forceUpdateUiStatus = true
04-12 20:40:53.737165  1688  2201 I TranFingerprintServiceExtImpl_mtk: updateClientStatus mCurrentClient=null mKeyguardClient=false, mClientAuthSuccess = false, mClientStatus = 0
04-12 20:40:53.738865  1688  2314 W BroadcastLoopers: Found previously unknown looper Thread[TranDozeTimeTick,5,main]
04-12 20:40:53.740352  1688  2263 D TranPowerBurriedPointController: ScreenOnTrace: PhoneWindowManagerReleaseLockStart at 1775997653737
04-12 20:40:53.740832  1688  1901 D WindowManager: Remove SleepToken: tag=Display-off, displayId=0
04-12 20:40:53.741202  1688  2201 D TranFingerprintServiceExtImpl_mtk: updateFingerUiStatusChange statusChanged=false, mKeyguardClientVisible=true, mClientAuthSuccess = false, mAodActivateFingerprint = false, mKeyguardClient = false, mScreenState = 2, mIsDozeSuspend = false, mUserClientVisible = true
04-12 20:40:53.742358  1688  2201 I TranFingerprintServiceExtImpl_mtk: updateFingerUiStatusChange mShowStatus=5, mScreenState = 2
04-12 20:40:53.743006  1688  1901 I TranAlwaysOnDisplayHelper: onScreenTurningOn mNeedHideAodWin:true ,screenState:2
04-12 20:40:53.743018  1688  1901 I DisplayPowerController: Window Manager Policy screenTurningOn complete
04-12 20:40:53.743172  1688  1901 D MagellanHandle: updateRefreshRateForSceneVsyncs what = 13
04-12 20:40:53.743227  1688  1901 D TranDisplayPowerControllerImpl: hookCurDisplayState oldState= 1 state: 2
04-12 20:40:53.743252  1688  1901 I DisplayBrightnessStrategySelector: Changing the DisplayBrightnessStrategy from ScreenOffBrightnessStrategy to InvalidBrightnessStrategy for display 0
04-12 20:40:53.745711  1688  3302 D PowerData/TranPowerDataComponentImpl: noteScreenState1 cost ms:5
04-12 20:40:53.746729  1688  1901 D TranBatterySaveBrightnessLimitController: shouldBrightnessLimit mBatterySaveBrightnessConfigInfos BatterySaveBrightnessConfigInfo{id=1, switchData=1, nits=[70, 130], ratios=[0.0, 0.15], rateIns=[0, 15, 15], rateOuts=[0, 15, 15]}
04-12 20:40:53.747266  1688  1901 D thermalLightController: triggerAbandonRatePolicy: Abandon policy set to true
04-12 20:40:53.747286  1688  1901 I thermalLightController: abandonRatePolicy!
04-12 20:40:53.747296  1688  1901 I DisplayPowerController[0]: thermalLight brightnessState: 0.07328184 time: NaN
04-12 20:40:53.747417  1688  1901 I TranOriginHbmController[L]: needsXDRAnimationExit brightness = 0.07328184, sdrBrightness = 0.07328184 mIsTemporaryInspired = false, GetHbmScreenBrightness() = 1.0, GetSdrBrightness = -1.0, mSdrBrightness = -1.0, mCurrentBrightness = 0.0, mForceHbmChangeCallback = false, mRatioChange = false
04-12 20:40:53.750711  1688  2303 I CustomRoleService: Already granted default roles for packages hash 384BD3F7307E9CA1D6F906EC54665AA041CC6A74C9D28A8D82362382CA11CD9A
04-12 20:40:53.751051  1688  2263 D TranPowerBurriedPointController: ScreenOnTrace: PhoneWindowManagerReleaseLockEnd at 1775997653742
04-12 20:40:53.751076  1688  2263 D TranPowerBurriedPointController: ScreenOnTrace: LockScreenDrawStart at 1775997653742
04-12 20:40:53.751192  1688  4635 I UsfSystemServer/appSceneHooker: duplicate service bind status, skip
04-12 20:40:53.752500  2698  3013 W Looper  : Slow delivery took 12212ms SysUiBg app=com.android.systemui main=false h=android.os.Handler c=com.android.systemui.statusbar.notification.NotificationSeen$$ExternalSyntheticLambda0@2aa4deb m=0
04-12 20:40:53.754799  1688  1820 D TranPhoneWindowManagerImpl: sendPowerKeyMessageToTranLog time:1775997653754 state:1
04-12 20:40:53.755156  1688  2233 I AppLockLice: onWakefulnessChanged:true
04-12 20:40:53.755195  1688  2233 D aegean_TranAegeanCompImpl: onWakefulnessChanged=true
04-12 20:40:53.755314  1688  4286 D CoreBackPreview: Window{257f30b u0 NotificationShade}: Setting back callback OnBackInvokedCallbackInfo{mCallback=android.window.IOnBackInvokedCallback$Stub$Proxy@422d3b6, mPriority=0, mIsAnimationCallback=false, mOverrideBehavior=0}
04-12 20:40:53.756763  1688  1953 V SettingsProvider: name : tran_board_temperature appId : 1000
04-12 20:40:53.757936  1688  1901 D DisplayPowerController[0]: animateScreenBrightness: target = 0.07328184, sdrTarget = 0.07328184, rate = 0.0, mShouldUpdateBrightnessSettingLater = false
04-12 20:40:53.758712  1688  1901 I thermalLightController: SCR_ON
04-12 20:40:53.758763  1688  1901 V DisplayPowerController[0]: Brightness [0.07328184] reason changing to: 'manual', previous reason: 'screen_off'.
04-12 20:40:53.758817  1688  1901 I DisplayPowerController[0]: BrightnessEvent: brt=0.07328184 (47.0%), nits= 54.891483, lux=NaN, reason=manual, strat=InvalidBrightnessStrategy, state=ON, stateReason=KEY, policy=BRIGHT, flags=invalid_lux , initBrt=0.0, rcmdBrt=NaN, preBrt=NaN, preLux=NaN, wasShortTermModelActive=false, autoBrightness=true (default), unclampedBrt=0.07328184, hbmMax=1.0, hbmMode=off, thrmMax=1.0, rbcStrength=50, powerFactor=1.0, physDisp=内置屏幕(local:4627039422300187648), logicalId=0, slowChange=false, rampSpeed=0.0
04-12 20:40:53.759832  1688  2351 D aegean_MemoryFusionFileUtils: writeValueToProc /proc/memfusion/zram_wb_switch: 0
04-12 20:40:53.761195  1688  1822 I DisplayDeviceRepository: Display device changed state: "内置屏幕", ON
04-12 20:40:53.761319  1688  1822 I Griffin/DeviceState: virtualDisplayPackageName :{}
04-12 20:40:53.763307  1688  1901 D BrightnessThermalClamper: Thermal status observer already started
04-12 20:40:53.770589  1688  1823 D WindowManager: System monitor commitFinishDrawingLocked activity = null canShowWindows = null type = 2019
04-12 20:40:53.770613  1688  1823 D WindowManager: Showing Window{309e991 u0 Taskbar} during animation: policyVis=true isVisible = false mViewVisibility = 0 tok.visibleRequested = false tok.visible= false
04-12 20:40:53.773407  2698  2911 D ShellSplitScreen: onStartedWakingUp
04-12 20:40:53.774085  1688  1823 I DisplayDevice: [0] Layerstack set to 0 for local:4627039422300187648
04-12 20:40:53.777315  1688  1820 D WindowManager: DeferredDisplayUpdater: partially applying DisplayInfo(1208 x 2644) immediately
04-12 20:40:53.779594  1688  1823 D WindowManager: System monitor commitFinishDrawingLocked activity = null canShowWindows = null type = 2019
04-12 20:40:53.779619  1688  1823 D WindowManager: Showing Window{309e991 u0 Taskbar} during animation: policyVis=true isVisible = false mViewVisibility = 0 tok.visibleRequested = false tok.visible= false
04-12 20:40:53.780237  1688  2263 D TranPowerBurriedPointController: ScreenOnTrace: SetPowerModeStart at 1775997653760
04-12 20:40:53.780282  1688  2263 D TranPowerBurriedPointController: ScreenOnTrace: LockScreenDrawEnd at 1775997653763
04-12 20:40:53.780297  1688  2263 D TranPowerBurriedPointController: ScreenOnTrace: WindowDrawStart at 1775997653764
04-12 20:40:53.784063  1688  2233 D TranAppm/MTKSuitConfig: mMTKGameModeSupport: true
04-12 20:40:53.784119  1688  2233 D TranAppm/MTKModule: pkgName: com.debug.loggerui,pid: 0
04-12 20:40:53.784773  3908  4835 W ContextImpl: Calling a method in the system process without a qualified user: android.app.ContextImpl.bindService:2215 android.content.ContextWrapper.bindService:891 xj.l:154 xj.a:0 wj.run:2 
04-12 20:40:53.792369  2698  3013 W Looper  : Drained
04-12 20:40:53.793156  7523  7523 V Configuration: Updating configuration, locales updated from [zh_CN_#Hans] to [zh_CN]
04-12 20:40:53.793217  1688  2733 D WindowManager: System monitor commitFinishDrawingLocked activity = null canShowWindows = null type = 2019
04-12 20:40:53.793239  1688  2733 D WindowManager: Showing Window{309e991 u0 Taskbar} during animation: policyVis=true isVisible = false mViewVisibility = 0 tok.visibleRequested = false tok.visible= false
04-12 20:40:53.802095  7523  7523 V Configuration: Updating configuration, locales updated from [zh_CN_#Hans] to [zz]
04-12 20:40:53.803441  1688  2194 I MR2ServiceImpl: Updating composite discovery preference | preference: RouteDiscoveryRequest{ preferredFeatures={}, activeScan=false }, active routers: []
04-12 20:40:53.813348  1688  4454 I WindowManager: System monitor finishDrawingWindow w: Window{257f30b u0 NotificationShade}; mDrawState = DRAW_PENDING
04-12 20:40:53.813625  1688  1823 D WindowManager: adjustWallpaperWindows use keyguard: true
04-12 20:40:53.813732  1688  1801 D InputMethodSettings: getSelectedInputMethodStr: com.google.android.inputmethod.latin/com.android.inputmethod.latin.LatinIME
04-12 20:40:53.814405  1688  1823 D WindowManager: System monitor commitFinishDrawingLocked activity = null canShowWindows = null type = 2019
04-12 20:40:53.814433  1688  1823 D WindowManager: Showing Window{309e991 u0 Taskbar} during animation: policyVis=true isVisible = false mViewVisibility = 0 tok.visibleRequested = false tok.visible= false
04-12 20:40:53.814499  1688  1823 D WindowManager: System monitor commitFinishDrawingLocked activity = null canShowWindows = null type = 2040
04-12 20:40:53.814530  1688  1823 I WindowManager:   isAnimating=false  okToAnimate=false  win=Window{257f30b u0 NotificationShade}
04-12 20:40:53.814555  1688  1823 D WindowManager: System monitor performShowLocked: mDrawState = HAS_DRAWN in Window{257f30b u0 NotificationShade}
04-12 20:40:53.815519  1688  1823 D WindowManager: adjustWallpaperWindows use keyguard: true
04-12 20:40:53.816875  1688  1823 D WindowManager: System monitor commitFinishDrawingLocked activity = null canShowWindows = null type = 2019
04-12 20:40:53.816905  1688  1823 D WindowManager: Showing Window{309e991 u0 Taskbar} during animation: policyVis=true isVisible = false mViewVisibility = 0 tok.visibleRequested = false tok.visible= false
04-12 20:40:53.818391  1688  2263 D TranPowerBurriedPointController: ScreenOnTrace: WindowDrawEnd at 1775997653818
04-12 20:40:53.820843  1688  1901 I DisplayPowerController[0]: Unblocked screen on after 90 ms
04-12 20:40:53.821670  1688  1801 D InputMethodSettings: getSelectedInputMethodStr: com.google.android.inputmethod.latin/com.android.inputmethod.latin.LatinIME
04-12 20:40:53.821991  1688  1801 D InputMethodSettings: getSelectedInputMethodStr: com.google.android.inputmethod.latin/com.android.inputmethod.latin.LatinIME
04-12 20:40:53.822028  1688  1801 D InputMethodSettings: getSelectedInputMethodStr: com.google.android.inputmethod.latin/com.android.inputmethod.latin.LatinIME
04-12 20:40:53.822040  1688  1801 D InputMethodSettings: getSelectedInputMethodStr: com.google.android.inputmethod.latin/com.android.inputmethod.latin.LatinIME
04-12 20:40:53.824270  1688  4286 V InputMethodManagerService: --- re-buildInputMethodList reset = false 
04-12 20:40:53.824270  1688  4286 V InputMethodManagerService:  ------ caller=com.android.server.inputmethod.InputMethodManagerService.setAdditionalInputMethodSubtypes:4568 com.android.server.inputmethod.ZeroJankProxy.setAdditionalInputMethodSubtypes:324 com.android.server.inputmethod.IInputMethodManagerImpl.setAdditionalInputMethodSubtypes:418 com.android.internal.view.IInputMethodManager$Stub.onTransact:730 android.os.Binder.execTransactInternal:1446 android.os.Binder.execTransact:1381 <bottom of call stack> <bottom of call stack> <bottom of call stack> <bottom of call stack> 
04-12 20:40:53.824367  1688  4286 D InputMethodSettings: getSelectedInputMethodStr: com.google.android.inputmethod.latin/com.android.inputmethod.latin.LatinIME
04-12 20:40:53.824456  1688  4286 D InputMethodSettings: getDefaultVoiceInputMethodStr: com.google.android.tts/com.google.android.apps.speech.tts.googletts.settings.asr.voiceime.VoiceInputMethodService
04-12 20:40:53.830419  1688  4454 V AlarmManager: set(PendingIntent{d982dc5: PendingIntentRecord{6140700 com.google.android.gms/com.google.android.gms.scheduler broadcastIntent}}) : type=3 triggerAtTime=46661 win=9019 tElapsed=46661 maxElapsed=55680 interval=0 flags=0x0
04-12 20:40:53.845697  1688  4258 V ActivityManager: New death recipient com.android.server.am.ActivityManagerService$AppDeathRecipient@686e11f for thread android.os.BinderProxy@cff7c6c
04-12 20:40:53.852784  1688  2920 E JobScheduler.JobStatus: App com.google.android.inputmethod.latin became active but still in NEVER bucket
04-12 20:40:53.854371  1688  4258 I START_DEBUG: send BINDTIMEOUT    ProcessRecord :ProcessRecord{d368432 7567:com.google.android.packageinstaller/u0a222}
04-12 20:40:53.854775  1688  4258 I START_DEBUG: remove START_TIMEOUT finish    ProcessRecord :ProcessRecord{d368432 7567:com.google.android.packageinstaller/u0a222}
04-12 20:40:53.855029  7567  7632 I ActivityThread:  enable system monitor for package: com.google.android.packageinstaller
04-12 20:40:53.855080  1688  4258 D os.ActivityManagerServiceLice: make process active com.google.android.packageinstaller(7567)
04-12 20:40:53.857230  7567  7632 D TranClassInfo: instance successfully. com.transsion.common.thubutils.AppProperties@cfc7f7f from com.transsion.hubsdk.thubutils.IAppProperties
04-12 20:40:53.857330  7567  7632 I AppProperties: enter initialize com.google.android.packageinstaller
04-12 20:40:53.857440  7567  7632 I AppProperties: readAllPropFiles directoryPath=/system_ext/etc/vconfig/com.google.android.packageinstaller/
04-12 20:40:53.857768  7567  7567 E SystemMonitorUtils:  error to open /dev/ensignal file e=android.system.ErrnoException: open failed: EACCES (Permission denied)
04-12 20:40:53.857828  7567  7567 E SystemMonitorUtils:  error to open /dev/ensignal file e=android.system.ErrnoException: open failed: EACCES (Permission denied)
04-12 20:40:53.858217  7567  7632 I AppProperties: enter readPropFiles count=0
04-12 20:40:53.858257  7567  7632 I AppProperties: readAllPropFiles directoryPath=/tr_product/etc/vconfig/com.google.android.packageinstaller/
04-12 20:40:53.858328  7567  7632 I AppProperties: enter readPropFiles count=0
04-12 20:40:53.858338  7567  7632 I AppProperties: readAllPropFiles directoryPath=/tr_region/etc/vconfig/com.google.android.packageinstaller/
04-12 20:40:53.858371  7567  7632 I AppProperties: enter readPropFiles count=0
04-12 20:40:53.858381  7567  7632 I AppProperties: readAllPropFiles directoryPath=/tr_carrier/etc/vconfig/com.google.android.packageinstaller/
04-12 20:40:53.858402  7567  7632 I AppProperties: enter readPropFiles count=0
04-12 20:40:53.858431  7567  7632 I AppProperties: readAllPropFiles directoryPath=/tr_company/etc/vconfig/com.google.android.packageinstaller/
04-12 20:40:53.858457  7567  7632 I AppProperties: enter readPropFiles count=0
04-12 20:40:53.858463  7567  7632 I AppProperties: readAllPropFiles directoryPath=/tranfs/etc/vconfig/com.google.android.packageinstaller/
04-12 20:40:53.858512  7567  7632 I AppProperties: enter readPropFiles count=0
04-12 20:40:53.860621  1688  4399 E JobScheduler.JobStatus: App com.google.android.inputmethod.latin became active but still in NEVER bucket
04-12 20:40:53.869670  1688  2282 D UsfSystemServer/appSceneHooker: action is empty in service bind status
04-12 20:40:53.877315  1688  2442 E JobScheduler.JobStatus: App com.google.android.inputmethod.latin became active but still in NEVER bucket
04-12 20:40:53.885176  1688  2733 E JobScheduler.JobStatus: App com.google.android.inputmethod.latin became active but still in NEVER bucket
04-12 20:40:53.885956  1688  1841 D Magellan: fallbackReportThrottlingIfNeeded return. 
04-12 20:40:53.887398  1688  4286 W UriGrantsManagerService: For security reasons, the system cannot issue a Uri permission grant to content://com.transsion.tranradionet.TranTelephonyProvider/commoninfo [user 0]; use startActivityAsCaller() instead
04-12 20:40:53.887548  2387  2419 D TranAlarmAlignManager: alarmAlign system not ready:false,align:null
04-12 20:40:53.887948  1688  2920 E JobScheduler.JobStatus: App com.google.android.inputmethod.latin became active but still in NEVER bucket
04-12 20:40:53.889229  1688  2920 E JobScheduler.JobStatus: App com.google.android.inputmethod.latin became active but still in NEVER bucket
04-12 20:40:53.890626  1688  2920 E JobScheduler.JobStatus: App com.google.android.inputmethod.latin became active but still in NEVER bucket
04-12 20:40:53.893977  1688  1801 E JobScheduler.JobStatus: App com.google.android.inputmethod.latin became active but still in NEVER bucket
04-12 20:40:53.899243  1688  3322 I START_DEBUG: remove BIND_TIMEOUT finish    ProcessRecord :ProcessRecord{d368432 7567:com.google.android.packageinstaller/u0a222}
04-12 20:40:53.899401  1688  2277 E JobScheduler.JobStatus: App com.google.android.inputmethod.latin became active but still in NEVER bucket
04-12 20:40:53.907061  1688  2733 W UriGrantsManagerService: For security reasons, the system cannot issue a Uri permission grant to content://com.transsion.tranradionet.TranTelephonyProvider/commoninfo [user 0]; use startActivityAsCaller() instead
04-12 20:40:53.907419  1688  1820 D WindowManager: powerPress: eventTime=34526 interactive=true count=1 mShortPressOnPowerBehavior=1
04-12 20:40:53.907440  1688  1820 V WindowManager: Ignoring short press of power button because the device is not interactive. interactive=true, beganFromNonInteractive=true
04-12 20:40:53.908625  1688  2281 E JobScheduler.JobStatus: App com.google.android.inputmethod.latin became active but still in NEVER bucket
04-12 20:40:53.910386  1688  3629 E JobScheduler.JobStatus: App com.google.android.inputmethod.latin became active but still in NEVER bucket
04-12 20:40:53.911187  1688  3322 E JobScheduler.JobStatus: App com.google.android.inputmethod.latin became active but still in NEVER bucket
04-12 20:40:53.921992   599   634 E keystore2: system/security/keystore2/src/service.rs:171 - get_key_entry error: system/security/keystore2/src/service.rs:166: while trying to load key info.
04-12 20:40:53.921992   599   634 E keystore2: 
04-12 20:40:53.921992   599   634 E keystore2: Caused by:
04-12 20:40:53.921992   599   634 E keystore2:     0: Legacy database is empty.
04-12 20:40:53.921992   599   634 E keystore2:     1: Error::Rc(r#KEY_NOT_FOUND)
04-12 20:40:53.922063   599   634 I keystore2: system/security/keystore2/src/database.rs:1236 - is_backup_support str="1"
04-12 20:40:53.922281   599   634 E keystore2: system/security/keystore2/src/service.rs:171 - get_key_entry error: system/security/keystore2/src/service.rs:166: while trying to load key info.
04-12 20:40:53.922281   599   634 E keystore2: 
04-12 20:40:53.922281   599   634 E keystore2: Caused by:
04-12 20:40:53.922281   599   634 E keystore2:     0: Legacy database is empty.
04-12 20:40:53.922281   599   634 E keystore2:     1: Error::Rc(r#KEY_NOT_FOUND)
04-12 20:40:53.922293   599   634 I keystore2: system/security/keystore2/src/database.rs:1236 - is_backup_support str="1"
04-12 20:40:53.923488  1688  1688 E ScreenIntentReceiver: notifyChange failed
04-12 20:40:53.926373  1688  1954 W UriGrantsManagerService: For security reasons, the system cannot issue a Uri permission grant to content://com.transsion.tranradionet.TranTelephonyProvider/commoninfo [user 0]; use startActivityAsCaller() instead
04-12 20:40:53.930607  1688  4795 E JobScheduler.JobStatus: App com.google.android.inputmethod.latin became active but still in NEVER bucket
04-12 20:40:53.933489  1688  3322 D UsfSystemServer/appSceneHooker: action is empty in service bind status
04-12 20:40:53.935520  1688  1688 I TranAIChargeImpl: onReceive intent=Intent { act=android.intent.action.SCREEN_ON flg=0x50200010 }
04-12 20:40:53.938686  1688  3322 E JobScheduler.JobStatus: App com.google.android.inputmethod.latin became active but still in NEVER bucket
04-12 20:40:53.939642  1688  4286 E tranpm/ProcessDataInstance: hasLaunchIcon: packageName = null
04-12 20:40:53.939656  1688  4286 E tranpm/ProcessDataInstance: hasLaunchIcon: packageName = null
04-12 20:40:53.945473  1688  1955 V AlarmManager: set(PendingIntent{67ee145: PendingIntentRecord{6140700 com.google.android.gms/com.google.android.gms.scheduler broadcastIntent}}) : type=3 triggerAtTime=46661 win=8931 tElapsed=46661 maxElapsed=55592 interval=0 flags=0x0
04-12 20:40:53.945972  1688  2442 E JobScheduler.JobStatus: App com.google.android.inputmethod.latin became active but still in NEVER bucket
04-12 20:40:53.949811  1688  1688 I TranAIChargingController: onReceive intent=Intent { act=android.intent.action.SCREEN_ON flg=0x50200010 }
04-12 20:40:53.955885  2387  7050 D TranAlarmAlignManager: alarmAlign system not ready:false,align:null
04-12 20:40:53.957704  1688  1953 E JobScheduler.JobStatus: App com.google.android.inputmethod.latin became active but still in NEVER bucket
04-12 20:40:53.963386  1688  2282 E JobScheduler.JobStatus: App com.google.android.inputmethod.latin became active but still in NEVER bucket
04-12 20:40:53.971619  1688  3629 E JobScheduler.JobStatus: App com.google.android.inputmethod.latin became active but still in NEVER bucket
04-12 20:40:53.974660  1688  1822 I DisplayDeviceRepository: Display device changed render timings: "内置屏幕", renderFrameRate=120.00001, presentationDeadlineNanos=13300000, appVsyncOffsetNanos=1099999, frameRateOverrides=[]
04-12 20:40:53.974811  1688  1822 I Griffin/DeviceState: virtualDisplayPackageName :{}
04-12 20:40:53.975418  1688  1820 D WindowManager: DeferredDisplayUpdater: partially applying DisplayInfo(1208 x 2644) immediately
04-12 20:40:53.982457  1688  2282 E JobScheduler.JobStatus: App com.google.android.inputmethod.latin became active but still in NEVER bucket
04-12 20:40:53.984039  1688  1820 D WindowManager: System monitor commitFinishDrawingLocked activity = null canShowWindows = null type = 2019
04-12 20:40:53.984079  1688  1820 D WindowManager: Showing Window{309e991 u0 Taskbar} during animation: policyVis=true isVisible = false mViewVisibility = 0 tok.visibleRequested = false tok.visible= false
04-12 20:40:53.987042  1688  1901 D TranPowerStateChangedController: onColorFadeSateChanged: colorFadeState = 0
04-12 20:40:53.987314  1688  1901 D TranBatterySaveBrightnessLimitController: shouldBrightnessLimit mBatterySaveBrightnessConfigInfos BatterySaveBrightnessConfigInfo{id=1, switchData=1, nits=[70, 130], ratios=[0.0, 0.15], rateIns=[0, 15, 15], rateOuts=[0, 15, 15]}
04-12 20:40:53.987392  1688  1901 D thermalLightController: Rate policy is abandoned, skip brightness limit
04-12 20:40:53.987440  1688  1901 I thermalLightController: abandonRatePolicy!
04-12 20:40:53.987452  1688  1901 I DisplayPowerController[0]: thermalLight brightnessState: 0.07328184 time: NaN
04-12 20:40:53.987490  1688  1901 I TranOriginHbmController[L]: needsXDRAnimationExit brightness = 0.07328184, sdrBrightness = 0.07328184 mIsTemporaryInspired = false, GetHbmScreenBrightness() = 1.0, GetSdrBrightness = -1.0, mSdrBrightness = -1.0, mCurrentBrightness = 0.0, mForceHbmChangeCallback = false, mRatioChange = false
04-12 20:40:53.987629  1688  1901 W AutomaticBrightnessController: First light sensor event, lux = 15.0, eventTimeStamp = 34614, now = 34794
04-12 20:40:53.992008  1688  1901 D AutomaticBrightnessController: updateAutoBrightness: mScreenAutoBrightness=0.075968415, newScreenAutoBrightness=0.075968415mAmbientLux=15.0, mScreenDarkeningThreshold= 0.060774732, mScreenBrighteningThreshold=0.08356526, mAmbientLightRingBuffer=[15.0 / 185ms]
04-12 20:40:53.992044  1688  1901 I TranAppBrightnessChangeController: [setTranAppBrightnessOptimizationComplete] = true
04-12 20:40:53.993911  1688  2239 D TranPowerStateChangedController: onSetDisplayPowerMode: mode = 2
04-12 20:40:53.994012  1688  2239 D TranPowerStateChangedController: PowerStateChanged: mode = 2, brightnessState = -1.0
04-12 20:40:53.994035  1688  2239 D WindowManager: onPowerModeAndBrightnessChanged mode: 2
04-12 20:40:53.994099  1688  2239 I TranPMSCoreImpl: onSetDisplayPowerMode mDisplayPowerOn=false, mode=2
04-12 20:40:53.994120  1688  2239 D TranAlwaysOnDisplayHelper: setPowerMode powerMode: 2
04-12 20:40:53.995702  1688  1822 I Griffin/DeviceState: virtualDisplayPackageName :{}
04-12 20:40:53.995785  1688  1953 I ActivityManager: Start proc 7633:com.google.android.projection.gearhead:car/u0a212 for broadcast {com.google.android.projection.gearhead/com.google.android.apps.auto.carservice.frx.FrxReceiver}
04-12 20:40:53.996204  1688  1953 I ActivityManager: ProcessObserver broadcast disabled
04-12 20:40:53.997037  1688  1953 V ActivityManager: New death recipient com.android.server.am.ActivityManagerService$AppDeathRecipient@3f860b4 for thread android.os.BinderProxy@d7034dd
04-12 20:40:53.997786  1688  2258 D TranAppBrightnessChangeController: [handleMessage] msg type: 1005 isCloudEnabled: true
04-12 20:40:54.000255  1688  1953 I START_DEBUG: send BINDTIMEOUT    ProcessRecord :ProcessRecord{1f7cc97 7633:com.google.android.projection.gearhead:car/u0a212}
04-12 20:40:54.000278  1688  1953 I START_DEBUG: remove START_TIMEOUT finish    ProcessRecord :ProcessRecord{1f7cc97 7633:com.google.android.projection.gearhead:car/u0a212}
04-12 20:40:54.000381  1688  1953 D os.ActivityManagerServiceLice: make process active com.google.android.projection.gearhead:car(7633)
04-12 20:40:54.001574  7633  7674 I ActivityThread:  enable system monitor for package: com.google.android.projection.gearhead:car
04-12 20:40:54.002555  1688  1901 D TranBatterySaveBrightnessLimitController: shouldBrightnessLimit mBatterySaveBrightnessConfigInfos BatterySaveBrightnessConfigInfo{id=1, switchData=1, nits=[70, 130], ratios=[0.0, 0.15], rateIns=[0, 15, 15], rateOuts=[0, 15, 15]}
04-12 20:40:54.002717  1688  1901 D thermalLightController: Rate policy is abandoned, skip brightness limit
04-12 20:40:54.002788  1688  1901 I thermalLightController: abandonRatePolicy!
04-12 20:40:54.002808  1688  1901 I DisplayPowerController[0]: thermalLight brightnessState: 0.075968415 time: NaN
04-12 20:40:54.002890  1688  1901 I TranOriginHbmController[L]: needsXDRAnimationExit brightness = 0.075968415, sdrBrightness = 0.075968415 mIsTemporaryInspired = false, GetHbmScreenBrightness() = 1.0, GetSdrBrightness = -1.0, mSdrBrightness = -1.0, mCurrentBrightness = 0.0, mForceHbmChangeCallback = false, mRatioChange = false
04-12 20:40:54.002944  1688  1901 D DisplayPowerController[0]: animateScreenBrightness: target = 0.075968415, sdrTarget = 0.075968415, rate = 0.0, mShouldUpdateBrightnessSettingLater = true
04-12 20:40:54.002964  1688  1901 D DisplayPowerController[0]: animateScreenBrightness: putScreenBrightnessSetting without duration update.
04-12 20:40:54.003060  1688  1901 V SettingsProvider: name : tran_animate_brightness_update appId : 1000
04-12 20:40:54.006087  1688  1901 V DisplayPowerController[0]: Brightness [0.075968415] reason changing to: 'automatic', previous reason: 'manual'.
04-12 20:40:54.006165  1688  1901 I DisplayPowerController[0]: BrightnessEvent: brt=0.075968415 (48.0%), nits= 56.759808, lux=15.0, reason=automatic, strat=InvalidBrightnessStrategy, state=ON, stateReason=KEY, policy=BRIGHT, flags=, initBrt=0.07328184, rcmdBrt=0.075968415, preBrt=NaN, preLux=NaN, wasShortTermModelActive=false, autoBrightness=true (default), unclampedBrt=0.075968415, hbmMax=1.0, hbmMode=off, thrmMax=1.0, rbcStrength=50, powerFactor=1.0, physDisp=内置屏幕(local:4627039422300187648), logicalId=0, slowChange=false, rampSpeed=0.0
04-12 20:40:54.008046  7633  7674 D TranClassInfo: instance successfully. com.transsion.common.thubutils.AppProperties@cfc7f7f from com.transsion.hubsdk.thubutils.IAppProperties
04-12 20:40:54.008149  7633  7674 I AppProperties: enter initialize com.google.android.projection.gearhead
04-12 20:40:54.008255  7633  7674 I AppProperties: readAllPropFiles directoryPath=/system_ext/etc/vconfig/com.google.android.projection.gearhead/
04-12 20:40:54.008306  7633  7674 I AppProperties: enter readPropFiles count=0
04-12 20:40:54.008320  7633  7674 I AppProperties: readAllPropFiles directoryPath=/tr_product/etc/vconfig/com.google.android.projection.gearhead/
04-12 20:40:54.008340  7633  7674 I AppProperties: enter readPropFiles count=0
04-12 20:40:54.008347  7633  7674 I AppProperties: readAllPropFiles directoryPath=/tr_region/etc/vconfig/com.google.android.projection.gearhead/
04-12 20:40:54.008360  7633  7674 I AppProperties: enter readPropFiles count=0
04-12 20:40:54.008365  7633  7674 I AppProperties: readAllPropFiles directoryPath=/tr_carrier/etc/vconfig/com.google.android.projection.gearhead/
04-12 20:40:54.008378  7633  7674 I AppProperties: enter readPropFiles count=0
04-12 20:40:54.008383  7633  7674 I AppProperties: readAllPropFiles directoryPath=/tr_company/etc/vconfig/com.google.android.projection.gearhead/
04-12 20:40:54.008392  7633  7674 I AppProperties: enter readPropFiles count=0
04-12 20:40:54.008396  7633  7674 I AppProperties: readAllPropFiles directoryPath=/tranfs/etc/vconfig/com.google.android.projection.gearhead/
04-12 20:40:54.008421  7633  7674 I AppProperties: enter readPropFiles count=0
04-12 20:40:54.012655  7633  7633 E SystemMonitorUtils:  error to open /dev/ensignal file e=android.system.ErrnoException: open failed: EACCES (Permission denied)
04-12 20:40:54.013933  1688  1688 I Griffin/PMReceiver: receive action:android.intent.action.SCREEN_ON
04-12 20:40:54.014139  1688  2263 I TranPowerBurriedPointController: onAutomaticBrightnessChanged: lux = 15.0, brightness = 0.075968415
04-12 20:40:54.014174  1688  2263 D TranPowerBurriedPointController: ScreenOnTrace: SetPowerModeEnd at 1775997653993
04-12 20:40:54.014767  7633  7633 E SystemMonitorUtils:  error to open /dev/ensignal file e=android.system.ErrnoException: open failed: EACCES (Permission denied)
04-12 20:40:54.016978  1688  2239 D TranPowerStateChangedController: PowerStateChanged: mode = 2, brightnessState = 0.075968415
04-12 20:40:54.017061  1688  2258 D TranAppBrightnessChangeController: [handleMessage] msg type: 1005 isCloudEnabled: true
04-12 20:40:54.017564  1688  2239 D LocalDisplayAdapter: set backlight: 0.07778024, nits = 56.759808, sdrBacklight = 0.07778024, sdrNits = 56.759808
04-12 20:40:54.020452  1688  2239 D TranScreenOnOffTimeoutDetector: add Event TranScreenOnOffTimeoutEvent{eventNum=-1, eventTime=34827}
04-12 20:40:54.020476  1688  2239 D TranScreenOnOffTimeoutDetector: timeOutDetectionForEndOfProcess EveryThing is OK
04-12 20:40:54.020968  1688  1901 D TranBatterySaveBrightnessLimitController: shouldBrightnessLimit mBatterySaveBrightnessConfigInfos BatterySaveBrightnessConfigInfo{id=1, switchData=1, nits=[70, 130], ratios=[0.0, 0.15], rateIns=[0, 15, 15], rateOuts=[0, 15, 15]}
04-12 20:40:54.021051  1688  1901 D thermalLightController: Rate policy is abandoned, skip brightness limit
04-12 20:40:54.021102  1688  1901 I thermalLightController: abandonRatePolicy!
04-12 20:40:54.021114  1688  1901 I DisplayPowerController[0]: thermalLight brightnessState: 0.075968415 time: NaN
04-12 20:40:54.021159  1688  1901 I TranOriginHbmController[L]: needsXDRAnimationExit brightness = 0.075968415, sdrBrightness = 0.075968415 mIsTemporaryInspired = false, GetHbmScreenBrightness() = 1.0, GetSdrBrightness = 0.07778024, mSdrBrightness = 0.07778024, mCurrentBrightness = 0.0, mForceHbmChangeCallback = false, mRatioChange = false
04-12 20:40:54.030763  1688  2733 D ActivityTaskManager: isControllerAMonkey mController = null,mControllerIsAMonkey = false
04-12 20:40:54.037685  1688  2263 D TranPowerBurriedPointController: ScreenOnTrace: ScreenOnOverallEnd at 1775997654020
04-12 20:40:54.037713  1688  2263 D TranPowerBurriedPointController: ScreenOnTrace: Normal screen-on duration: 298ms
04-12 20:40:54.083827  1688  1953 E tranpm/ProcessDataInstance: hasLaunchIcon: packageName = null
04-12 20:40:54.083841  1688  1953 E tranpm/ProcessDataInstance: hasLaunchIcon: packageName = null
04-12 20:40:54.088812  1688  2194 I MR2ServiceImpl: Updating composite discovery preference | preference: RouteDiscoveryRequest{ preferredFeatures={}, activeScan=false }, active routers: []
04-12 20:40:54.095676   599   634 I keystore2: system/security/keystore2/src/database.rs:1236 - is_backup_support str="1"
04-12 20:40:54.096153  1688  2442 I START_DEBUG: remove BIND_TIMEOUT finish    ProcessRecord :ProcessRecord{1f7cc97 7633:com.google.android.projection.gearhead:car/u0a212}
04-12 20:40:54.099721  1688  2281 V AlarmManager: set(PendingIntent{48da6ac: PendingIntentRecord{6140700 com.google.android.gms/com.google.android.gms.scheduler broadcastIntent}}) : type=3 triggerAtTime=46661 win=8815 tElapsed=46661 maxElapsed=55476 interval=0 flags=0x0
04-12 20:40:54.113528  3052  3052 W ContextImpl: Calling a method in the system process without a qualified user: android.app.ContextImpl.sendBroadcast:1288 android.content.ContextWrapper.sendBroadcast:506 android.content.ContextWrapper.sendBroadcast:506 G6.i.run:12 android.os.Handler.handleCallback:995 
04-12 20:40:54.127081  1688  1953 D UsfSystemServer/appSceneHooker: action is empty in service bind status
04-12 20:40:54.128521  1688  4450 D ActivityTaskManager: isControllerAMonkey mController = null,mControllerIsAMonkey = false
04-12 20:40:54.129522  1688  2282 D ActivityTaskManager: isControllerAMonkey mController = null,mControllerIsAMonkey = false
04-12 20:40:54.130307  1688  2282 D ActivityTaskManager: isControllerAMonkey mController = null,mControllerIsAMonkey = false
04-12 20:40:54.137087  2387  2419 D TranAlarmAlignManager: alarmAlign system not ready:false,align:null
04-12 20:40:54.142543  1688  2281 E tranpm/ProcessDataInstance: hasLaunchIcon: packageName = null
04-12 20:40:54.142585  1688  2281 E tranpm/ProcessDataInstance: hasLaunchIcon: packageName = null
04-12 20:40:54.147050  1688  1688 I Griffin/StateProvider: screen state changed:on
04-12 20:40:54.148275  1688  2272 D PowerManagerService: onScreenChanged true
04-12 20:40:54.162666  1688  1688 I Griffin/MemoryMonitorSence: device is mWake= true
04-12 20:40:54.177003  2387  2452 I Usf_Hiber/importantScene: isTrafficActive uid:10179 speed :0
04-12 20:40:54.177428  2387  2452 I Usf_Hiber/hiber: checkExecutingCmp: transPkg.getUid()=10179
04-12 20:40:54.186884  1688  1688 I StandbyHandler/SceneMonitor: screen on
04-12 20:40:54.188112  1688  1871 I ActivityManager: Start proc 7667:com.google.android.setupwizard/u0a229 for broadcast {com.google.android.setupwizard/com.google.android.setupwizard.pairing.PairingBootReceiver}
04-12 20:40:54.188752  1688  1871 I START_DEBUG: send START_TIMEOUT message    ProcessRecord :ProcessRecord{db0275b 7667:com.google.android.setupwizard/u0a229}
04-12 20:40:54.189057  1688  1871 I ActivityManager: ProcessObserver broadcast disabled
04-12 20:40:54.196027  1688  2442 V ActivityManager: New death recipient com.android.server.am.ActivityManagerService$AppDeathRecipient@91e71e6 for thread android.os.BinderProxy@68ec327
04-12 20:40:54.196591  1688  1953 D ActivityTaskManager: isControllerAMonkey mController = null,mControllerIsAMonkey = false
04-12 20:40:54.207271  1688  2442 I START_DEBUG: send BINDTIMEOUT    ProcessRecord :ProcessRecord{db0275b 7667:com.google.android.setupwizard/u0a229}
04-12 20:40:54.207387  1688  2442 I START_DEBUG: remove START_TIMEOUT finish    ProcessRecord :ProcessRecord{db0275b 7667:com.google.android.setupwizard/u0a229}
04-12 20:40:54.207504  1688  2442 D os.ActivityManagerServiceLice: make process active com.google.android.setupwizard(7667)
04-12 20:40:54.209816  7667  7717 I ActivityThread:  enable system monitor for package: com.google.android.setupwizard
04-12 20:40:54.210450  2387  2452 I Usf_Hiber/appStateMachine: uid:10179 enter FrozenState
04-12 20:40:54.213183  7667  7717 D TranClassInfo: instance successfully. com.transsion.common.thubutils.AppProperties@cfc7f7f from com.transsion.hubsdk.thubutils.IAppProperties
04-12 20:40:54.213443  7667  7717 I AppProperties: enter initialize com.google.android.setupwizard
04-12 20:40:54.213712  7667  7717 I AppProperties: readAllPropFiles directoryPath=/system_ext/etc/vconfig/com.google.android.setupwizard/
04-12 20:40:54.214632  7667  7717 I AppProperties: enter readPropFiles count=0
04-12 20:40:54.214739  7667  7717 I AppProperties: readAllPropFiles directoryPath=/tr_product/etc/vconfig/com.google.android.setupwizard/
04-12 20:40:54.214787  7667  7717 I AppProperties: enter readPropFiles count=0
04-12 20:40:54.214807  7667  7717 I AppProperties: readAllPropFiles directoryPath=/tr_region/etc/vconfig/com.google.android.setupwizard/
04-12 20:40:54.214827  7667  7717 I AppProperties: enter readPropFiles count=0
04-12 20:40:54.214833  7667  7717 I AppProperties: readAllPropFiles directoryPath=/tr_carrier/etc/vconfig/com.google.android.setupwizard/
04-12 20:40:54.214843  7667  7717 I AppProperties: enter readPropFiles count=0
04-12 20:40:54.214848  7667  7717 I AppProperties: readAllPropFiles directoryPath=/tr_company/etc/vconfig/com.google.android.setupwizard/
04-12 20:40:54.214856  7667  7717 I AppProperties: enter readPropFiles count=0
04-12 20:40:54.214861  7667  7717 I AppProperties: readAllPropFiles directoryPath=/tranfs/etc/vconfig/com.google.android.setupwizard/
04-12 20:40:54.214889  7667  7717 I AppProperties: enter readPropFiles count=0
04-12 20:40:54.216551  7667  7667 E SystemMonitorUtils:  error to open /dev/ensignal file e=android.system.ErrnoException: open failed: EACCES (Permission denied)
04-12 20:40:54.216638  7667  7667 E SystemMonitorUtils:  error to open /dev/ensignal file e=android.system.ErrnoException: open failed: EACCES (Permission denied)
04-12 20:40:54.218142  2387  2445 E Usf_Hiber/cgroup: read wchan, error:/proc/2376/wchan
04-12 20:40:54.218191  2387  2445 I Usf_Hiber/cgroup: postFreeze: uid=10179, isolateUid=[], packageName=com.transsion.camera, pids=[2376], isolatePids=[], wchan=
04-12 20:40:54.226471  2387  2452 I Usf_Hiber/stateManager: freeze uid: 10179 com.transsion.camera costTime=14ms ,last unfreeze 5s ago
04-12 20:40:54.230492  2387  2457 I Usf_Hiber/cgroup: updateFrozenPids: uid=10179, packageName=com.transsion.camera, pids=[2376], isolatePids=[]
04-12 20:40:54.233528  2387  2457 I Usf_Hiber/hiber: checkExecutingCmp: transPkg.getUid()=10179
04-12 20:40:54.235552  2387  2453 I Usf_Hiber/hiber: msg for start proxy frozen state
04-12 20:40:54.235667  2387  2453 I Usf_Hiber/hiber: idleUids: uid=10179, pkgName=com.transsion.camera
04-12 20:40:54.235684  2387  2453 I Usf_Hiber/proxyManager: p_service: 10179
04-12 20:40:54.235729  2387  2453 I Usf_Hiber/hiber: proxy alarm (uid=10179, pkgName=com.transsion.camera)
04-12 20:40:54.235736  2387  2453 I Usf_Hiber/proxyManager: p_alarm: uid=10179, pkgName=com.transsion.camera
04-12 20:40:54.235777  2387  2453 I Usf_Hiber/proxyManager: p_sensor: uid=10179, pkgName=com.transsion.camera
04-12 20:40:54.235803  2387  2453 I Usf_Usf/binderProxyBridge: p_binder: uid=10179, pkgName=com.transsion.camera
04-12 20:40:54.236725  2387  2457 I Usf_Hiber/hiber: tryProxyWakeLock: transPkg.getUid()=10179
04-12 20:40:54.240581  1688  1901 D TranPowerStateChangedController: onColorFadeSateChanged: colorFadeState = 1
04-12 20:40:54.248071  1688  1901 D TranBatterySaveBrightnessLimitController: shouldBrightnessLimit mBatterySaveBrightnessConfigInfos BatterySaveBrightnessConfigInfo{id=1, switchData=1, nits=[70, 130], ratios=[0.0, 0.15], rateIns=[0, 15, 15], rateOuts=[0, 15, 15]}
04-12 20:40:54.248317  1688  1901 D thermalLightController: Rate policy is abandoned, skip brightness limit
04-12 20:40:54.248513  1688  1901 I thermalLightController: abandonRatePolicy!
04-12 20:40:54.248551  1688  1901 I DisplayPowerController[0]: thermalLight brightnessState: 0.075968415 time: NaN
04-12 20:40:54.248606  1688  1901 I TranOriginHbmController[L]: needsXDRAnimationExit brightness = 0.075968415, sdrBrightness = 0.075968415 mIsTemporaryInspired = false, GetHbmScreenBrightness() = 1.0, GetSdrBrightness = 0.07778024, mSdrBrightness = 0.07778024, mCurrentBrightness = 0.0, mForceHbmChangeCallback = false, mRatioChange = false
04-12 20:40:54.250714  1688  1901 W PowerManagerService: Screen on took 532 ms
04-12 20:40:54.251023  1688  2233 D os.KeyguardGestureLiceFactory: doMethod onFinishedWakingUp
04-12 20:40:54.251337  1688  2263 D TranPowerBurriedPointController: ScreenOnTrace: PowerManagerWakeupEnd at 1775997654250
04-12 20:40:54.253556  1688  2233 D TranFingerprintServiceExtImpl_mtk: notifyScreenState mode=2, isDreamAnimationEnable() = false
04-12 20:40:54.253610  1688  2233 I TranAlwaysOnDisplayHelper: onFinishedWakingUp
04-12 20:40:54.262191  1688  4795 D ActivityManager: Hiber try idle uid[10179] by hiber ,bgTime>0 ? false,isIdled before ? false ,isCurAllowListed ? false ,isProcStateBackground?false
04-12 20:40:54.263208  1688  4795 D Hiber/alarmManagerServiceExtImpl: proxyAlarms leave, uid=10179, packageName=com.transsion.camera
04-12 20:40:54.279150  1688  1688 D os.notification: getTranNotificationRankingList
04-12 20:40:54.293685  1688  1955 V AlarmManager: set(PendingIntent{a9da7e9: PendingIntentRecord{6140700 com.google.android.gms/com.google.android.gms.scheduler broadcastIntent}}) : type=3 triggerAtTime=151999 win=87674 tElapsed=151999 maxElapsed=239673 interval=0 flags=0x0
04-12 20:40:54.304919  2387  2493 I Usf_Hiber/networkDetectorService: The oversea's network was available.
04-12 20:40:54.325962  1688  1688 D NetworkStatusMonitor: updateNetworkStatus, reason is onCapabilitiesChanged
04-12 20:40:54.326426  1688  1953 D UsfSystemServer/appSceneHooker: action is empty in service bind status
04-12 20:40:54.333507  2387  2419 D TranAlarmAlignManager: alarmAlign system not ready:false,align:null
04-12 20:40:54.362564  1688  4286 V AlarmManager: set(PendingIntent{90a271b: PendingIntentRecord{6140700 com.google.android.gms/com.google.android.gms.scheduler broadcastIntent}}) : type=3 triggerAtTime=151999 win=87622 tElapsed=151999 maxElapsed=239621 interval=0 flags=0x0
