----- timezone:Asia/Shanghai
04-12 20:40:52.711216  1688  4449 D UsfSystemServer/appSceneHooker: action is empty in service bind status
04-12 20:40:52.713671  1688  1870 I tranpm/BroadcastPolicy: limitScheduleReceiverColdLockedInBringUp by isBlockBringUp: callingPackage = null, targetPkg = com.transsion.notebook, receiverName = com.transsion.notebook.receiver.CheckRemindBroadcastReceiver action = android.intent.action.BOOT_COMPLETED
04-12 20:40:52.713773  1688  1870 I tranpm/ExemptionPolicy: do nothing
04-12 20:40:52.725379  1688  1871 I ActivityManager: Start proc 7195:com.android.devicediagnostics/u0a77 for broadcast {com.android.devicediagnostics/com.android.devicediagnostics.BootCompleteReceiver}
04-12 20:40:52.726315  1688  1871 I START_DEBUG: send START_TIMEOUT message    ProcessRecord :ProcessRecord{afc7d86 7195:com.android.devicediagnostics/u0a77}
04-12 20:40:52.726353  1688  1871 I ActivityManager: ProcessObserver broadcast disabled
04-12 20:40:52.731158  1688  2185 I AppWidgetServiceImpl: Received broadcast: android.intent.action.PACKAGE_CHANGED on user 0
04-12 20:40:52.731635  1688  2077 D TranPhoneWindowManagerInternal: isAppHide  com.google.android.gms   false
04-12 20:40:52.733094  1688  2203 D ShortcutService: received package broadcast intent: Intent { act=android.intent.action.PACKAGE_CHANGED dat=package: flg=0x45000010 pkg=android (has extras) }
04-12 20:40:52.733183  1688  2203 D ShortcutService: changing package: com.google.android.gms userId=0
04-12 20:40:52.734133  1688  3321 D ActivityTaskManager: isControllerAMonkey mController = null,mControllerIsAMonkey = false
04-12 20:40:52.743303  1688  2185 I AppWidgetServiceImpl: Received broadcast: android.intent.action.PACKAGE_CHANGED on user 0
04-12 20:40:52.745120  1688  2077 D TranPhoneWindowManagerInternal: isAppHide  com.google.android.gms   false
04-12 20:40:52.746523  1688  1688 I TranAppmService: Package event: android.intent.action.PACKAGE_CHANGED for com.google.android.gms
04-12 20:40:52.746547  1688  1688 D TranAppmService: Updating package: com.google.android.gms
04-12 20:40:52.746586  1688  1688 D TranAppmService: com.google.android.gms is a system app, skipping
04-12 20:40:52.747416  1688  1688 I CustomRoleService: Packages changed - re-running initial grants for user 0
04-12 20:40:52.749174  1688  2203 D ShortcutService: received package broadcast intent: Intent { act=android.intent.action.PACKAGE_CHANGED dat=package: flg=0x45000010 (has extras) }
04-12 20:40:52.749215  1688  2203 D ShortcutService: changing package: com.google.android.gms userId=0
04-12 20:40:52.756200  1688  3322 W ActivityManager: Foreground service started from background can not have location/camera/microphone access: service com.debug.loggerui/.framework.DebugLoggerUIService
04-12 20:40:52.758350  1688  3322 I ActivityManager: Background started FGS: Allowed [callingPackage: com.debug.loggerui; callingUid: 10152; uidState: FGS ; uidBFSL: [BFSL]; intent: Intent { xflg=0x4 cmp=com.debug.loggerui/.framework.DebugLoggerUIService }; code:PROC_STATE_FGS; tempAllowListReason:<4d8f92c android.intent.action.BOOT_COMPLETED/u0,reasonCode:BOOT_COMPLETED,duration:20000,callingUid:1000>; allowWiu:-1; targetSdkVersion:36; callerTargetSdkVersion:36; startForegroundCount:0; bindFromPackage:null: isBindService:true]
04-12 20:40:52.758387  1688  1688 I Griffin/StateProvider: Package changed: android.intent.action.PACKAGE_CHANGED, pkg = com.google.android.gms
04-12 20:40:52.759347  1688  2303 I CustomRoleService: Already granted default roles for packages hash 384BD3F7307E9CA1D6F906EC54665AA041CC6A74C9D28A8D82362382CA11CD9A
04-12 20:40:52.763722  1688  4454 V ActivityManager: Death received in com.android.server.am.ActivityManagerService$AppDeathRecipient@26ee068 for thread android.os.BinderProxy@a056c81
04-12 20:40:52.764579  1688  3322 W ForegroundServiceTypeLoggerModule: Foreground service start for UID: 10152 does not have any types
04-12 20:40:52.766310  1688  3322 D TranAppm/MTKSuitConfig: mMTKGameModeSupport: true
04-12 20:40:52.766602  1688  3322 D TranAppm/MTKModule: pkgName: com.debug.loggerui,pid: 0
04-12 20:40:52.773819  1688  2077 D TranPhoneWindowManagerInternal: isAppHide  tech.palm.find   false
04-12 20:40:52.781516  1688  2185 I AppWidgetServiceImpl: Received broadcast: android.intent.action.PACKAGE_CHANGED on user 0
04-12 20:40:52.786387  1688  2733 D ActivityTaskManager: isControllerAMonkey mController = null,mControllerIsAMonkey = false
04-12 20:40:52.803778  1688  2359 I StandbyHandler/TranJobStateMonitor: uid:10231,pkgName:com.android.vending/com.google.android.finsky.scheduler.process.mainimpl.PhoneskyJobServiceMain jobId:9386 finish time:1970-01-01 08:00:33,duration:3110
04-12 20:40:52.805106  1688  2442 V ActivityManager: New death recipient com.android.server.am.ActivityManagerService$AppDeathRecipient@1a5e311 for thread android.os.BinderProxy@ef70c76
04-12 20:40:52.809953  7195  7252 I ActivityThread:  enable system monitor for package: com.android.devicediagnostics
04-12 20:40:52.810158  1688  2442 I START_DEBUG: send BINDTIMEOUT    ProcessRecord :ProcessRecord{afc7d86 7195:com.android.devicediagnostics/u0a77}
04-12 20:40:52.810201  1688  2442 I START_DEBUG: remove START_TIMEOUT finish    ProcessRecord :ProcessRecord{afc7d86 7195:com.android.devicediagnostics/u0a77}
04-12 20:40:52.810265  1688  2442 D os.ActivityManagerServiceLice: make process active com.android.devicediagnostics(7195)
04-12 20:40:52.812479  1688  2203 D ShortcutService: received package broadcast intent: Intent { act=android.intent.action.PACKAGE_CHANGED dat=package: flg=0x45000010 pkg=android (has extras) }
04-12 20:40:52.812500  1688  2203 D ShortcutService: changing package: tech.palm.find userId=0
04-12 20:40:52.814394  7195  7195 E SystemMonitorUtils:  error to open /dev/ensignal file e=android.system.ErrnoException: open failed: EACCES (Permission denied)
04-12 20:40:52.814591  7195  7195 E SystemMonitorUtils:  error to open /dev/ensignal file e=android.system.ErrnoException: open failed: EACCES (Permission denied)
04-12 20:40:52.819377  7195  7252 D TranClassInfo: instance successfully. com.transsion.common.thubutils.AppProperties@87cc795 from com.transsion.hubsdk.thubutils.IAppProperties
04-12 20:40:52.819458  7195  7252 I AppProperties: enter initialize com.android.devicediagnostics
04-12 20:40:52.819546  7195  7252 I AppProperties: readAllPropFiles directoryPath=/system_ext/etc/vconfig/com.android.devicediagnostics/
04-12 20:40:52.819587  7195  7252 I AppProperties: enter readPropFiles count=0
04-12 20:40:52.819592  7195  7252 I AppProperties: readAllPropFiles directoryPath=/tr_product/etc/vconfig/com.android.devicediagnostics/
04-12 20:40:52.819604  7195  7252 I AppProperties: enter readPropFiles count=0
04-12 20:40:52.819608  7195  7252 I AppProperties: readAllPropFiles directoryPath=/tr_region/etc/vconfig/com.android.devicediagnostics/
04-12 20:40:52.819618  7195  7252 I AppProperties: enter readPropFiles count=0
04-12 20:40:52.819621  7195  7252 I AppProperties: readAllPropFiles directoryPath=/tr_carrier/etc/vconfig/com.android.devicediagnostics/
04-12 20:40:52.819629  7195  7252 I AppProperties: enter readPropFiles count=0
04-12 20:40:52.819631  7195  7252 I AppProperties: readAllPropFiles directoryPath=/tr_company/etc/vconfig/com.android.devicediagnostics/
04-12 20:40:52.819638  7195  7252 I AppProperties: enter readPropFiles count=0
04-12 20:40:52.819649  7195  7252 I AppProperties: readAllPropFiles directoryPath=/tranfs/etc/vconfig/com.android.devicediagnostics/
04-12 20:40:52.819680  7195  7252 I AppProperties: enter readPropFiles count=0
04-12 20:40:52.825132  6965  7285 D TranClassInfo: instance successfully. com.transsion.hubcore.hardware.TranSystemSensorManagerImpl@8bbd49c from com.transsion.hubcore.hardware.ITranSystemSensorManager
04-12 20:40:52.827412  6965  7285 D HeartRateOximetryLiceFactory: HeartRateOximetryLice is supported
04-12 20:40:52.827637  6965  7285 D EngineManager: [trustedPrefixes] start ,isPreinstalledPath is true,prefix is com.transsion.,sourceDir is /system_ext/priv-app/Trancare/Trancare.apk,packageName.startsWith(prefix) is true,packageName is com.transsion.trancare
04-12 20:40:52.830728  1688  4454 I ActivityManager: Process com.transsion.audiosmartconnect (pid 5034) has died: fg  RCVR
04-12 20:40:52.831505  1688  4454 D os.ActivityManagerServiceLice: make process inactive com.transsion.audiosmartconnect(5034)
04-12 20:40:52.836399  1688  4454 I START_DEBUG: remove ALL_TIMEOUT cleanup   ProcessRecord :ProcessRecord{4841533 5034:com.transsion.audiosmartconnect/1000}
04-12 20:40:52.844052  1688  1876 D ActivityTaskManager_Recents: Skipping, user setup not complete: Task{7fb2632 #6 type=undefined A=10188:com.transsion.magazineservice.xos nonResizable}
04-12 20:40:52.845025   599  3630 I keystore2: system/security/keystore2/src/security_level.rs:245 - caller pid=6965, uid=10144; force = false; key domain=r#KEY_ID, alias = None
04-12 20:40:52.845191   599  3630 I keystore2: system/security/keystore2/src/security_level.rs:343 - upgrade_keyblob_if_required_with start
04-12 20:40:52.846006   599  3630 I keystore2: system/security/keystore2/src/enforcements.rs:236 - finalize_create_authorization self.state=NoAuthRequired
04-12 20:40:52.846025   599  3630 I keystore2: system/security/keystore2/src/security_level.rs:388 - upgrade_keyblob_if_required_with end; operation_db.create_operation start
04-12 20:40:52.846029   599  3630 I keystore2: system/security/keystore2/src/security_level.rs:406 - operation_db.create_operation end
04-12 20:40:52.851120  1688  1876 I griffin_dfx_process_died: ApplicationExitInfo(timestamp=2026/4/12 20:40 pid=5034 realUid=1000 packageUid=1000 definingUid=1000 user=0 process=com.transsion.audiosmartconnect reason=2 (SIGNALED) subreason=0 (UNKNOWN) status=9 importance=300 pss=0.00 rss=0.00 description=null state=empty trace=null exitInfoExt=TranApplicationExitInfoExt{mRecentid=-1, mIsMainProcess=true, mVmsize=-1, mVmlock=-1, mVmHWM=-1, mVmRss=-1, mRssAnon=-1, mRssFile=-1, mRssShmem=-1, mVmSwap=-1, mWorkingState=12, mSchedGroup=-1, mOomAdj=-1, mHostingType='-1, mAlivetime=-1, mIsHiber=false, mHibertime=-1, mHiberReason='-1, mLruReason='-1}
04-12 20:40:52.854796  1688  2733 D UsfSystemServer/appSceneHooker: action is empty in service bind status
04-12 20:40:52.856676  1688  1688 I TranAppmService: Package event: android.intent.action.PACKAGE_CHANGED for com.google.android.gms
04-12 20:40:52.856930  1688  1688 D TranAppmService: Updating package: com.google.android.gms
04-12 20:40:52.856989  1688  1688 D TranAppmService: com.google.android.gms is a system app, skipping
04-12 20:40:52.860558  1688  1688 I CustomRoleService: Packages changed - re-running initial grants for user 0
04-12 20:40:52.861547  1688  1688 I Griffin/StateProvider: Package changed: android.intent.action.PACKAGE_CHANGED, pkg = com.google.android.gms
04-12 20:40:52.862541  1688  1871 W ActivityManager: Slow operation: 62ms so far, now at startProcess: done updating battery stats
04-12 20:40:52.862695  1688  1871 W ActivityManager: Slow operation: 64ms so far, now at startProcess: building log message
04-12 20:40:52.862704  1688  1871 I ActivityManager: Start proc 7279:com.google.android.permissioncontroller/u0a276 for service {com.google.android.permissioncontroller/com.android.permissioncontroller.permission.service.PermissionControllerServiceImpl}
04-12 20:40:52.862766  1688  4294 D ActivityTaskManager: isControllerAMonkey mController = null,mControllerIsAMonkey = false
04-12 20:40:52.863099  1688  1871 W ActivityManager: Slow operation: 64ms so far, now at startProcess: starting to update pids map
04-12 20:40:52.863225  1688  1871 I START_DEBUG: send START_TIMEOUT message    ProcessRecord :ProcessRecord{363ffbb 7279:com.google.android.permissioncontroller/u0a276}
04-12 20:40:52.863241  1688  1871 I ActivityManager: ProcessObserver broadcast disabled
04-12 20:40:52.864234  1688  1871 W ActivityManager: Slow operation: 65ms so far, now at startProcess: done updating pids map
04-12 20:40:52.872030   599  3630 I keystore2: system/security/keystore2/src/security_level.rs:245 - caller pid=6965, uid=10144; force = false; key domain=r#KEY_ID, alias = None
04-12 20:40:52.872191   599  3630 I keystore2: system/security/keystore2/src/security_level.rs:343 - upgrade_keyblob_if_required_with start
04-12 20:40:52.874146  1688  1688 I TranAppmService: Package event: android.intent.action.PACKAGE_CHANGED for tech.palm.find
04-12 20:40:52.874193  1688  1688 D TranAppmService: Updating package: tech.palm.find
04-12 20:40:52.874236  1688  1688 D TranAppmService: tech.palm.find is a system app, skipping
04-12 20:40:52.874831  1688  1688 I CustomRoleService: Packages changed - re-running initial grants for user 0
04-12 20:40:52.875164  1688  1688 I Griffin/StateProvider: Package changed: android.intent.action.PACKAGE_CHANGED, pkg = tech.palm.find
04-12 20:40:52.876429  1688  3629 V ActivityManager: New death recipient com.android.server.am.ActivityManagerService$AppDeathRecipient@78d98f7 for thread android.os.BinderProxy@1ef9364
04-12 20:40:52.876787  1688  1688 D MBrainLocalService: notifyAppLifeCycle failed
04-12 20:40:52.877554   599  3630 I keystore2: system/security/keystore2/src/enforcements.rs:236 - finalize_create_authorization self.state=NoAuthRequired
04-12 20:40:52.877570   599  3630 I keystore2: system/security/keystore2/src/security_level.rs:388 - upgrade_keyblob_if_required_with end; operation_db.create_operation start
04-12 20:40:52.877574   599  3630 I keystore2: system/security/keystore2/src/security_level.rs:406 - operation_db.create_operation end
04-12 20:40:52.879006  1688  2359 I StandbyHandler/TranJobStateMonitor: uid:10231,pkgName:com.android.vending/com.google.android.finsky.scheduler.process.mainimpl.PhoneskyJobServiceMain jobId:9397 finish time:1970-01-01 08:00:33,duration:3155
04-12 20:40:52.880040  1688  3629 I START_DEBUG: send BINDTIMEOUT    ProcessRecord :ProcessRecord{363ffbb 7279:com.google.android.permissioncontroller/u0a276}
04-12 20:40:52.880069  1688  3629 I START_DEBUG: remove START_TIMEOUT finish    ProcessRecord :ProcessRecord{363ffbb 7279:com.google.android.permissioncontroller/u0a276}
04-12 20:40:52.880151  1688  3629 D os.ActivityManagerServiceLice: make process active com.google.android.permissioncontroller(7279)
04-12 20:40:52.882684  7279  7300 I ActivityThread:  enable system monitor for package: com.google.android.permissioncontroller
04-12 20:40:52.883387  7279  7279 E SystemMonitorUtils:  error to open /dev/ensignal file e=android.system.ErrnoException: open failed: EACCES (Permission denied)
04-12 20:40:52.883418  7279  7279 E SystemMonitorUtils:  error to open /dev/ensignal file e=android.system.ErrnoException: open failed: EACCES (Permission denied)
04-12 20:40:52.886175  1688  1953 D UsfSystemServer/appSceneHooker: action is empty in service bind status
04-12 20:40:52.887072  7279  7300 D TranClassInfo: instance successfully. com.transsion.common.thubutils.AppProperties@42e90aa from com.transsion.hubsdk.thubutils.IAppProperties
04-12 20:40:52.887945  7279  7300 I AppProperties: enter initialize com.google.android.permissioncontroller
04-12 20:40:52.888794  7279  7300 I AppProperties: readAllPropFiles directoryPath=/system_ext/etc/vconfig/com.google.android.permissioncontroller/
04-12 20:40:52.888894  7279  7300 I AppProperties: enter readPropFiles count=0
04-12 20:40:52.888906  7279  7300 I AppProperties: readAllPropFiles directoryPath=/tr_product/etc/vconfig/com.google.android.permissioncontroller/
04-12 20:40:52.888927  7279  7300 I AppProperties: enter readPropFiles count=0
04-12 20:40:52.888968  7279  7300 I AppProperties: readAllPropFiles directoryPath=/tr_region/etc/vconfig/com.google.android.permissioncontroller/
04-12 20:40:52.888990  7279  7300 I AppProperties: enter readPropFiles count=0
04-12 20:40:52.888996  7279  7300 I AppProperties: readAllPropFiles directoryPath=/tr_carrier/etc/vconfig/com.google.android.permissioncontroller/
04-12 20:40:52.889007  7279  7300 I AppProperties: enter readPropFiles count=0
04-12 20:40:52.889012  7279  7300 I AppProperties: readAllPropFiles directoryPath=/tr_company/etc/vconfig/com.google.android.permissioncontroller/
04-12 20:40:52.889022  7279  7300 I AppProperties: enter readPropFiles count=0
04-12 20:40:52.889056  7279  7300 I AppProperties: readAllPropFiles directoryPath=/tranfs/etc/vconfig/com.google.android.permissioncontroller/
04-12 20:40:52.889109  7279  7300 I AppProperties: enter readPropFiles count=0
04-12 20:40:52.896819  1688  2281 D UsfSystemServer/appSceneHooker: action is empty in service bind status
04-12 20:40:52.900603  1688  2733 I START_DEBUG: remove BIND_TIMEOUT finish    ProcessRecord :ProcessRecord{afc7d86 7195:com.android.devicediagnostics/u0a77}
04-12 20:40:52.905382  1688  1841 D HolaSettings: getAppHidden() pkgName=com.transsion.letswitch, userId=0, ps=PackageSetting name=com.transsion.letswitch, mUserState={0=PackageUserState hidden=0, enabledComponents=null, disabledComponents={com.transsion.letswitch.upgrade.UpgradeService}}
04-12 20:40:52.905551  1688  1841 D PhoneCloneServiceFinder: getTargetPackage() userId=0, services=[]
04-12 20:40:52.909557  1688  3629 I TradeInModeService: Not starting trade-in mode, device is setup.
04-12 20:40:52.912064  1688  2194 I MR2ProviderWatcher: Enabling proxy for MediaRoute2ProviderService: ComponentInfo{com.google.android.gms/com.google.android.gms.cast.media.CastMediaRoute2ProviderService_Persistent} (isSelfScan=false, supportsSystemMediaRouting=false, userId=0)
04-12 20:40:52.912763  1688  4635 D TranAppm/MTKSuitConfig: mMTKGameModeSupport: true
04-12 20:40:52.912827  1688  4635 D TranAppm/MTKModule: pkgName: com.debug.loggerui,pid: 0
04-12 20:40:52.916685  1688  1841 D HolaSettings: getAppHidden() pkgName=com.transsion.letswitch, userId=0, ps=PackageSetting name=com.transsion.letswitch, mUserState={0=PackageUserState hidden=0, enabledComponents=null, disabledComponents={com.transsion.letswitch.upgrade.UpgradeService}}
04-12 20:40:52.916732  1688  1841 D PhoneCloneServiceFinder: getTargetPackage() userId=0, services=[]
04-12 20:40:52.918492   599  3630 I keystore2: system/security/keystore2/src/security_level.rs:245 - caller pid=6965, uid=10144; force = false; key domain=r#KEY_ID, alias = None
04-12 20:40:52.918623   599  3630 I keystore2: system/security/keystore2/src/security_level.rs:343 - upgrade_keyblob_if_required_with start
04-12 20:40:52.919026   599  3630 I keystore2: system/security/keystore2/src/enforcements.rs:236 - finalize_create_authorization self.state=NoAuthRequired
04-12 20:40:52.919034   599  3630 I keystore2: system/security/keystore2/src/security_level.rs:388 - upgrade_keyblob_if_required_with end; operation_db.create_operation start
04-12 20:40:52.919038   599  3630 I keystore2: system/security/keystore2/src/security_level.rs:406 - operation_db.create_operation end
04-12 20:40:52.934183  1688  1841 D HolaSettings: getAppHidden() pkgName=com.transsion.letswitch, userId=0, ps=PackageSetting name=com.transsion.letswitch, mUserState={0=PackageUserState hidden=0, enabledComponents=null, disabledComponents={com.transsion.letswitch.upgrade.UpgradeService}}
04-12 20:40:52.934219  1688  1841 D PhoneCloneServiceFinder: getTargetPackage() userId=0, services=[]
04-12 20:40:52.947922  1688  1871 I ActivityManager: Start proc 7237:com.android.managedprovisioning/u0a81 for broadcast {com.android.managedprovisioning/com.android.managedprovisioning.BootReminder}
04-12 20:40:52.952973  1688  1871 I START_DEBUG: send START_TIMEOUT message    ProcessRecord :ProcessRecord{335daa6 7237:com.android.managedprovisioning/u0a81}
04-12 20:40:52.952995  1688  1871 I ActivityManager: ProcessObserver broadcast disabled
04-12 20:40:52.958783  1688  4635 V ActivityManager: New death recipient com.android.server.am.ActivityManagerService$AppDeathRecipient@3b16a0 for thread android.os.BinderProxy@9cd9259
04-12 20:40:52.961770  1688  4635 I START_DEBUG: send BINDTIMEOUT    ProcessRecord :ProcessRecord{335daa6 7237:com.android.managedprovisioning/u0a81}
04-12 20:40:52.961821  1688  4635 I START_DEBUG: remove START_TIMEOUT finish    ProcessRecord :ProcessRecord{335daa6 7237:com.android.managedprovisioning/u0a81}
04-12 20:40:52.961895  1688  4635 D os.ActivityManagerServiceLice: make process active com.android.managedprovisioning(7237)
04-12 20:40:52.964242  7237  7334 I ActivityThread:  enable system monitor for package: com.android.managedprovisioning
04-12 20:40:52.968046  1688  2277 D ActivityTaskManager: isControllerAMonkey mController = null,mControllerIsAMonkey = false
04-12 20:40:52.970853  7237  7237 E SystemMonitorUtils:  error to open /dev/ensignal file e=android.system.ErrnoException: open failed: EACCES (Permission denied)
04-12 20:40:52.970932  7237  7237 E SystemMonitorUtils:  error to open /dev/ensignal file e=android.system.ErrnoException: open failed: EACCES (Permission denied)
04-12 20:40:52.975785  7237  7334 D TranClassInfo: instance successfully. com.transsion.common.thubutils.AppProperties@87cc795 from com.transsion.hubsdk.thubutils.IAppProperties
04-12 20:40:52.975895  7237  7334 I AppProperties: enter initialize com.android.managedprovisioning
04-12 20:40:52.976002  7237  7334 I AppProperties: readAllPropFiles directoryPath=/system_ext/etc/vconfig/com.android.managedprovisioning/
04-12 20:40:52.976059  7237  7334 I AppProperties: enter readPropFiles count=0
04-12 20:40:52.976068  7237  7334 I AppProperties: readAllPropFiles directoryPath=/tr_product/etc/vconfig/com.android.managedprovisioning/
04-12 20:40:52.976090  7237  7334 I AppProperties: enter readPropFiles count=0
04-12 20:40:52.976097  7237  7334 I AppProperties: readAllPropFiles directoryPath=/tr_region/etc/vconfig/com.android.managedprovisioning/
04-12 20:40:52.976113  7237  7334 I AppProperties: enter readPropFiles count=0
04-12 20:40:52.976118  7237  7334 I AppProperties: readAllPropFiles directoryPath=/tr_carrier/etc/vconfig/com.android.managedprovisioning/
04-12 20:40:52.976129  7237  7334 I AppProperties: enter readPropFiles count=0
04-12 20:40:52.976134  7237  7334 I AppProperties: readAllPropFiles directoryPath=/tr_company/etc/vconfig/com.android.managedprovisioning/
04-12 20:40:52.976147  7237  7334 I AppProperties: enter readPropFiles count=0
04-12 20:40:52.976153  7237  7334 I AppProperties: readAllPropFiles directoryPath=/tranfs/etc/vconfig/com.android.managedprovisioning/
04-12 20:40:52.976203  7237  7334 I AppProperties: enter readPropFiles count=0
04-12 20:40:52.983749  1688  2733 I START_DEBUG: remove BIND_TIMEOUT finish    ProcessRecord :ProcessRecord{363ffbb 7279:com.google.android.permissioncontroller/u0a276}
04-12 20:40:52.993528  1688  1823 D WindowManager: System monitor commitFinishDrawingLocked activity = null canShowWindows = null type = 2019
04-12 20:40:52.993776  1688  1823 D WindowManager: Showing Window{309e991 u0 Taskbar} during animation: policyVis=true isVisible = false mViewVisibility = 0 tok.visibleRequested = false tok.visible= false
04-12 20:40:52.997248  6965  7289 W PowerProfile: ambient.on is deprecated! Use ambient.on.display0 instead.
04-12 20:40:52.997301  6965  7289 W PowerProfile: screen.on is deprecated! Use screen.on.display0 instead.
04-12 20:40:52.997315  6965  7289 W PowerProfile: screen.full is deprecated! Use screen.full.display0 instead.
04-12 20:40:52.998304  6965  7289 W ModemPowerProfile: getAverageBatteryDrainMaH called with unexpected key: 0x0, drain:SLEEP,RAT:DEFAULT
04-12 20:40:52.998374  6965  7289 W ModemPowerProfile: getAverageBatteryDrainMaH called with unexpected key: 0x10000000, drain:IDLE,RAT:DEFAULT
04-12 20:40:52.998682  6965  7289 W ModemPowerProfile: getAverageBatteryDrainMaH called with unexpected key: 0x20000000, drain:RX,RAT:DEFAULT
04-12 20:40:52.998725  6965  7289 W ModemPowerProfile: getAverageBatteryDrainMaH called with unexpected key: 0x30000000, drain:TX,level:0,RAT:DEFAULT
04-12 20:40:52.998738  6965  7289 W ModemPowerProfile: getAverageBatteryDrainMaH called with unexpected key: 0x31000000, drain:TX,level:1,RAT:DEFAULT
04-12 20:40:52.998746  6965  7289 W ModemPowerProfile: getAverageBatteryDrainMaH called with unexpected key: 0x32000000, drain:TX,level:2,RAT:DEFAULT
04-12 20:40:52.998756  6965  7289 W ModemPowerProfile: getAverageBatteryDrainMaH called with unexpected key: 0x33000000, drain:TX,level:3,RAT:DEFAULT
04-12 20:40:52.998779  6965  7289 W ModemPowerProfile: getAverageBatteryDrainMaH called with unexpected key: 0x34000000, drain:TX,level:4,RAT:DEFAULT
04-12 20:40:53.023333  1688  4635 I START_DEBUG: remove BIND_TIMEOUT finish    ProcessRecord :ProcessRecord{335daa6 7237:com.android.managedprovisioning/u0a81}
04-12 20:40:53.061249  1688  2733 D ActivityTaskManager_Recents: Skipping, not in visible range taskId: 55
04-12 20:40:53.061363  1688  2733 D ActivityTaskManager_Recents: Skipping, user setup not complete  mTaskId: 6
04-12 20:40:53.074780  1688  1871 I ActivityManager: Start proc 7326:com.android.providers.calendar/u0a82 for broadcast {com.android.providers.calendar/com.android.providers.calendar.CalendarReceiver}
04-12 20:40:53.075029  1688  1871 I START_DEBUG: send START_TIMEOUT message    ProcessRecord :ProcessRecord{ee53ae7 7326:com.android.providers.calendar/u0a82}
04-12 20:40:53.075050  1688  1871 I ActivityManager: ProcessObserver broadcast disabled
04-12 20:40:53.076449  1688  4258 V ActivityManager: New death recipient com.android.server.am.ActivityManagerService$AppDeathRecipient@672b713 for thread android.os.BinderProxy@e51ed50
04-12 20:40:53.078091  1688  4258 I START_DEBUG: send BINDTIMEOUT    ProcessRecord :ProcessRecord{ee53ae7 7326:com.android.providers.calendar/u0a82}
04-12 20:40:53.078277  1688  4258 I START_DEBUG: remove START_TIMEOUT finish    ProcessRecord :ProcessRecord{ee53ae7 7326:com.android.providers.calendar/u0a82}
04-12 20:40:53.078345  1688  4258 D os.ActivityManagerServiceLice: make process active com.android.providers.calendar(7326)
04-12 20:40:53.078865  7326  7376 I ActivityThread:  enable system monitor for package: com.android.providers.calendar
04-12 20:40:53.079436  7326  7326 E SystemMonitorUtils:  error to open /dev/ensignal file e=android.system.ErrnoException: open failed: EACCES (Permission denied)
04-12 20:40:53.079475  7326  7326 E SystemMonitorUtils:  error to open /dev/ensignal file e=android.system.ErrnoException: open failed: EACCES (Permission denied)
04-12 20:40:53.080290  7326  7376 D TranClassInfo: instance successfully. com.transsion.common.thubutils.AppProperties@1952b4c from com.transsion.hubsdk.thubutils.IAppProperties
04-12 20:40:53.080355  7326  7376 I AppProperties: enter initialize com.android.providers.calendar
04-12 20:40:53.080444  7326  7376 I AppProperties: readAllPropFiles directoryPath=/system_ext/etc/vconfig/com.android.providers.calendar/
04-12 20:40:53.080482  7326  7376 I AppProperties: enter readPropFiles count=0
04-12 20:40:53.080488  7326  7376 I AppProperties: readAllPropFiles directoryPath=/tr_product/etc/vconfig/com.android.providers.calendar/
04-12 20:40:53.080500  7326  7376 I AppProperties: enter readPropFiles count=0
04-12 20:40:53.080506  7326  7376 I AppProperties: readAllPropFiles directoryPath=/tr_region/etc/vconfig/com.android.providers.calendar/
04-12 20:40:53.080518  7326  7376 I AppProperties: enter readPropFiles count=0
04-12 20:40:53.080522  7326  7376 I AppProperties: readAllPropFiles directoryPath=/tr_carrier/etc/vconfig/com.android.providers.calendar/
04-12 20:40:53.080530  7326  7376 I AppProperties: enter readPropFiles count=0
04-12 20:40:53.080534  7326  7376 I AppProperties: readAllPropFiles directoryPath=/tr_company/etc/vconfig/com.android.providers.calendar/
04-12 20:40:53.080541  7326  7376 I AppProperties: enter readPropFiles count=0
04-12 20:40:53.080545  7326  7376 I AppProperties: readAllPropFiles directoryPath=/tranfs/etc/vconfig/com.android.providers.calendar/
04-12 20:40:53.080566  7326  7376 I AppProperties: enter readPropFiles count=0
04-12 20:40:53.083383  1688  4294 D ActivityManager: freezer override set to true
04-12 20:40:53.083833  1688  4294 W TranClassInfo: instance failed. com.transsion.resmonitorthub.TranResmonitorServiceComponetImpl from com.transsion.hubcore.server.resmonitor.ITranResmonitorServiceComponet
04-12 20:40:53.083833  1688  4294 W TranClassInfo: java.lang.ClassNotFoundException: com.transsion.resmonitorthub.TranResmonitorServiceComponetImpl
04-12 20:40:53.083833  1688  4294 W TranClassInfo: 	at java.lang.Class.classForName(Native Method)
04-12 20:40:53.083833  1688  4294 W TranClassInfo: 	at java.lang.Class.forName(Class.java:591)
04-12 20:40:53.083833  1688  4294 W TranClassInfo: 	at com.transsion.hubcore.utils.TranClassInfo.getImpl(TranClassInfo.java:124)
04-12 20:40:53.083833  1688  4294 W TranClassInfo: 	at com.transsion.hubcore.server.resmonitor.ITranResmonitorServiceComponet.instance(ITranResmonitorServiceComponet.java:35)
04-12 20:40:53.083833  1688  4294 W TranClassInfo: 	at com.transsion.hubcore.server.am.TranActivityManagerServiceImpl.dumpApplicationMemoryUsage(TranActivityManagerServiceImpl.java:1303)
04-12 20:40:53.083833  1688  4294 W TranClassInfo: 	at com.android.server.am.ActivityManagerService.dumpApplicationMemoryUsage(ActivityManagerService.java:13306)
04-12 20:40:53.083833  1688  4294 W TranClassInfo: 	at com.android.server.am.ActivityManagerService$MemBinder$1.dump(ActivityManagerService.java:2365)
04-12 20:40:53.083833  1688  4294 W TranClassInfo: 	at com.android.server.utils.PriorityDump.dump(PriorityDump.java:182)
04-12 20:40:53.083833  1688  4294 W TranClassInfo: 	at com.android.server.am.ActivityManagerService$MemBinder.dump(ActivityManagerService.java:2381)
04-12 20:40:53.083833  1688  4294 W TranClassInfo: 	at android.os.Binder.doDump(Binder.java:1088)
04-12 20:40:53.083833  1688  4294 W TranClassInfo: 	at android.os.Binder.dump(Binder.java:1078)
04-12 20:40:53.083833  1688  4294 W TranClassInfo: 	at android.os.Binder.onTransact(Binder.java:948)
04-12 20:40:53.083833  1688  4294 W TranClassInfo: 	at android.os.Binder.execTransactInternal(Binder.java:1451)
04-12 20:40:53.083833  1688  4294 W TranClassInfo: 	at android.os.Binder.execTransact(Binder.java:1381)
04-12 20:40:53.083833  1688  4294 W TranClassInfo: Caused by: java.lang.ClassNotFoundException: com.transsion.resmonitorthub.TranResmonitorServiceComponetImpl
04-12 20:40:53.083833  1688  4294 W TranClassInfo: 	... 14 more
04-12 20:40:53.083914  1688  4294 D TranClassInfo: using com.transsion.hubcore.server.resmonitor.ITranResmonitorServiceComponet$1@25e77a4 instead of [com.transsion.resmonitorthub.TranResmonitorServiceComponetImpl] from com.transsion.hubcore.server.resmonitor.ITranResmonitorServiceComponet
04-12 20:40:53.113843  1688  2277 I tranpm/ServicePolicy: limitBindServiceLocked by systemSence - cold: callingPackage = com.android.vending, targetPkg = com.android.vending
04-12 20:40:53.116617  1688  3322 W ActivityManager: Unbind failed: could not find connection for android.os.BinderProxy@bb2763b
04-12 20:40:53.122449  1688  2733 I START_DEBUG: remove BIND_TIMEOUT finish    ProcessRecord :ProcessRecord{ee53ae7 7326:com.android.providers.calendar/u0a82}
04-12 20:40:53.135919  1688  1953 V AlarmManager: set(PendingIntent{3d42da3: PendingIntentRecord{65148a0 com.android.providers.calendar broadcastIntent}}) : type=2 triggerAtTime=21600000 win=16200000 tElapsed=21600000 maxElapsed=37800000 interval=21600000 flags=0x0
04-12 20:40:53.139092  1688  2281 D ActivityTaskManager: isControllerAMonkey mController = null,mControllerIsAMonkey = false
04-12 20:40:53.139755  1688  2733 D ActivityTaskManager: isControllerAMonkey mController = null,mControllerIsAMonkey = false
04-12 20:40:53.140687  1688  1870 I tranpm/BroadcastPolicy: limitScheduleReceiverColdLockedInBringUp by isBlockBringUpClsPkg: callingPackage = null, targetPkg = com.gallery20, receiverName = androidx.work.impl.background.systemalarm.RescheduleReceiver action = android.intent.action.BOOT_COMPLETED
04-12 20:40:53.141688  1688  1870 I tranpm/ExemptionPolicy: do nothing
04-12 20:40:53.150933  2387  7048 D TranAlarmAlignManager: alarmAlign system not ready:false,align:null
04-12 20:40:53.154020  1688  1871 I ActivityManager: Start proc 7365:com.google.android.apps.tachyon/u0a254 for broadcast {com.google.android.apps.tachyon/com.google.android.apps.tachyon.common.applifecycle.BootReceiver}
04-12 20:40:53.155868  1688  2442 V AlarmManager: set(PendingIntent{89ea1cd: PendingIntentRecord{2658a82 com.android.providers.calendar broadcastIntent}}) : type=2 triggerAtTime=36962 win=0 tElapsed=38963 maxElapsed=38963 interval=0 flags=0x5
04-12 20:40:53.156849  1688  1871 I START_DEBUG: send START_TIMEOUT message    ProcessRecord :ProcessRecord{5d202a 7365:com.google.android.apps.tachyon/u0a254}
04-12 20:40:53.159694  1688  2359 I StandbyHandler/TranJobStateMonitor: uid:10230,pkgName:@androidx.work.systemjobscheduler@com.google.android.apps.wellbeing/androidx.work.impl.background.systemjob.SystemJobService jobId:65 finish time:1970-01-01 08:00:33,duration:2070
04-12 20:40:53.173191  1688  1871 I ActivityManager: ProcessObserver broadcast disabled
04-12 20:40:53.185327  1688  1953 D UsfSystemServer/appSceneHooker: action is empty in service bind status
04-12 20:40:53.185820  2387  7050 D TranAlarmAlignManager: alarmAlign system not ready:false,align:null
04-12 20:40:53.195022  1688  4635 V ActivityManager: New death recipient com.android.server.am.ActivityManagerService$AppDeathRecipient@163fe9a for thread android.os.BinderProxy@44283cb
04-12 20:40:53.197131  1688  4635 I START_DEBUG: send BINDTIMEOUT    ProcessRecord :ProcessRecord{5d202a 7365:com.google.android.apps.tachyon/u0a254}
04-12 20:40:53.197159  1688  4635 I START_DEBUG: remove START_TIMEOUT finish    ProcessRecord :ProcessRecord{5d202a 7365:com.google.android.apps.tachyon/u0a254}
04-12 20:40:53.197277  1688  4635 D os.ActivityManagerServiceLice: make process active com.google.android.apps.tachyon(7365)
04-12 20:40:53.200121  2387  2457 I Usf_Hiber/appStateMachine: TranAppStateMachine initial
04-12 20:40:53.200646  2387  2452 I Usf_Hiber/appStateMachine: uid:10254 enter DefaultState
04-12 20:40:53.200912  7365  7453 I ActivityThread:  enable system monitor for package: com.google.android.apps.tachyon
04-12 20:40:53.202824  7365  7453 D TranClassInfo: instance successfully. com.transsion.common.thubutils.AppProperties@cfc7f7f from com.transsion.hubsdk.thubutils.IAppProperties
04-12 20:40:53.202947  7365  7453 I AppProperties: enter initialize com.google.android.apps.tachyon
04-12 20:40:53.203078  7365  7453 I AppProperties: readAllPropFiles directoryPath=/system_ext/etc/vconfig/com.google.android.apps.tachyon/
04-12 20:40:53.203142  7365  7453 I AppProperties: enter readPropFiles count=0
04-12 20:40:53.203163  7365  7453 I AppProperties: readAllPropFiles directoryPath=/tr_product/etc/vconfig/com.google.android.apps.tachyon/
04-12 20:40:53.203185  7365  7453 I AppProperties: enter readPropFiles count=0
04-12 20:40:53.203191  7365  7453 I AppProperties: readAllPropFiles directoryPath=/tr_region/etc/vconfig/com.google.android.apps.tachyon/
04-12 20:40:53.203208  7365  7453 I AppProperties: enter readPropFiles count=0
04-12 20:40:53.203213  7365  7453 I AppProperties: readAllPropFiles directoryPath=/tr_carrier/etc/vconfig/com.google.android.apps.tachyon/
04-12 20:40:53.203224  7365  7453 I AppProperties: enter readPropFiles count=0
04-12 20:40:53.203230  7365  7453 I AppProperties: readAllPropFiles directoryPath=/tr_company/etc/vconfig/com.google.android.apps.tachyon/
04-12 20:40:53.203242  7365  7453 I AppProperties: enter readPropFiles count=0
04-12 20:40:53.203247  7365  7453 I AppProperties: readAllPropFiles directoryPath=/tranfs/etc/vconfig/com.google.android.apps.tachyon/
04-12 20:40:53.203281  7365  7453 I AppProperties: enter readPropFiles count=0
04-12 20:40:53.204503  7365  7365 E SystemMonitorUtils:  error to open /dev/ensignal file e=android.system.ErrnoException: open failed: EACCES (Permission denied)
04-12 20:40:53.204560  7365  7365 E SystemMonitorUtils:  error to open /dev/ensignal file e=android.system.ErrnoException: open failed: EACCES (Permission denied)
04-12 20:40:53.207795   599  3630 I keystore2: system/security/keystore2/src/security_level.rs:245 - caller pid=6412, uid=10256; force = false; key domain=r#KEY_ID, alias = None
04-12 20:40:53.207930   599  3630 I keystore2: system/security/keystore2/src/security_level.rs:343 - upgrade_keyblob_if_required_with start
04-12 20:40:53.200687  2387  2452 I Usf_Hiber/appStateMachine: uid:10254 enter RunningState
04-12 20:40:53.213086   599  3630 I keystore2: system/security/keystore2/src/enforcements.rs:236 - finalize_create_authorization self.state=NoAuthRequired
04-12 20:40:53.213103   599  3630 I keystore2: system/security/keystore2/src/security_level.rs:388 - upgrade_keyblob_if_required_with end; operation_db.create_operation start
04-12 20:40:53.213107   599  3630 I keystore2: system/security/keystore2/src/security_level.rs:406 - operation_db.create_operation end
04-12 20:40:53.257571  1688  2442 I TranAIChargingController: mInitialized：true，mReady：true,PlugType:2
04-12 20:40:53.257650  1688  2442 I TranAIChargingController: mLastBatteryLevel：67，mCurrentBatteryLevel：67
04-12 20:40:53.263280  1688  2277 D UsfSystemServer/appSceneHooker: action is empty in service bind status
04-12 20:40:53.265648  1688  1801 I TranAIChargingController: mInitialized：true，mReady：true,PlugType:2
04-12 20:40:53.266126  1688  1801 I TranAIChargingController: mLastBatteryLevel：67，mCurrentBatteryLevel：67
04-12 20:40:53.352230  1688  1953 D ActivityTaskManager: isControllerAMonkey mController = null,mControllerIsAMonkey = false
04-12 20:40:53.355796  1688  2281 V AlarmManager: set(PendingIntent{8a51969: PendingIntentRecord{6140700 com.google.android.gms/com.google.android.gms.scheduler broadcastIntent}}) : type=3 triggerAtTime=46661 win=9373 tElapsed=46661 maxElapsed=56034 interval=0 flags=0x0
04-12 20:40:53.360625  1688  2442 D UsfSystemServer/appSceneHooker: action is empty in service bind status
04-12 20:40:53.361029  2387  7050 D TranAlarmAlignManager: alarmAlign system not ready:false,align:null
04-12 20:40:53.383417  1688  4635 D ActivityTaskManager: isControllerAMonkey mController = null,mControllerIsAMonkey = false
04-12 20:40:53.406236  1688  3322 D UsfSystemServer/appSceneHooker: action is empty in service bind status
04-12 20:40:53.414105  1688  4635 D ActivityTaskManager: isControllerAMonkey mController = null,mControllerIsAMonkey = false
04-12 20:40:53.415128  7365  7475 D TranClassInfo: instance successfully. com.transsion.hubcore.view.TranDisplayImpl@bf48e9b from com.transsion.hubcore.view.ITranDisplay
04-12 20:40:53.418174  1688  4635 D ActivityTaskManager: isControllerAMonkey mController = null,mControllerIsAMonkey = false
04-12 20:40:53.419461  1688  2733 D ActivityTaskManager: isControllerAMonkey mController = null,mControllerIsAMonkey = false
04-12 20:40:53.420355  1688  1801 D ActivityTaskManager: isControllerAMonkey mController = null,mControllerIsAMonkey = false
04-12 20:40:53.420815  1688  1801 D ActivityTaskManager: isControllerAMonkey mController = null,mControllerIsAMonkey = false
04-12 20:40:53.421158  1688  1801 D ActivityTaskManager: isControllerAMonkey mController = null,mControllerIsAMonkey = false
04-12 20:40:53.421452  1688  1801 D ActivityTaskManager: isControllerAMonkey mController = null,mControllerIsAMonkey = false
04-12 20:40:53.422074  1688  4635 D ActivityTaskManager: isControllerAMonkey mController = null,mControllerIsAMonkey = false
04-12 20:40:53.426590  1688  4635 I START_DEBUG: remove BIND_TIMEOUT finish    ProcessRecord :ProcessRecord{5d202a 7365:com.google.android.apps.tachyon/u0a254}
04-12 20:40:53.442446  1688  1870 D CompatChangeReporter: Compat change id reported: 135754954; UID 10213; state: ENABLED
04-12 20:40:53.446777  1688  2733 V AlarmManager: set(PendingIntent{88c22ce: PendingIntentRecord{6140700 com.google.android.gms/com.google.android.gms.scheduler broadcastIntent}}) : type=3 triggerAtTime=46661 win=9305 tElapsed=46661 maxElapsed=55966 interval=0 flags=0x0
04-12 20:40:53.446848   599   634 I keystore2: system/security/keystore2/src/security_level.rs:245 - caller pid=3735, uid=10142; force = false; key domain=r#KEY_ID, alias = None
04-12 20:40:53.447074   599   634 I keystore2: system/security/keystore2/src/security_level.rs:343 - upgrade_keyblob_if_required_with start
04-12 20:40:53.447655   599   634 I keystore2: system/security/keystore2/src/enforcements.rs:236 - finalize_create_authorization self.state=NoAuthRequired
04-12 20:40:53.447676   599   634 I keystore2: system/security/keystore2/src/security_level.rs:388 - upgrade_keyblob_if_required_with end; operation_db.create_operation start
04-12 20:40:53.447681   599   634 I keystore2: system/security/keystore2/src/security_level.rs:406 - operation_db.create_operation end
04-12 20:40:53.448918  1688  1871 D CompatChangeReporter: Compat change id reported: 143937733; UID 10213; state: ENABLED
04-12 20:40:53.471319  1688  1801 I ActivityManager: Start proc 7441:com.google.android.configupdater/u0a213 for broadcast {com.google.android.configupdater/com.google.android.configupdater.MainReceiver}
04-12 20:40:53.471963  1688  1801 I ActivityManager: ProcessObserver broadcast disabled
04-12 20:40:53.472357  1688  1801 V ActivityManager: New death recipient com.android.server.am.ActivityManagerService$AppDeathRecipient@25a8d92 for thread android.os.BinderProxy@89cf363
04-12 20:40:53.474169  1688  1801 I START_DEBUG: send BINDTIMEOUT    ProcessRecord :ProcessRecord{e693315 7441:com.google.android.configupdater/u0a213}
04-12 20:40:53.474194  1688  1801 I START_DEBUG: remove START_TIMEOUT finish    ProcessRecord :ProcessRecord{e693315 7441:com.google.android.configupdater/u0a213}
04-12 20:40:53.474248  1688  1801 D os.ActivityManagerServiceLice: make process active com.google.android.configupdater(7441)
04-12 20:40:53.475143  7441  7530 I ActivityThread:  enable system monitor for package: com.google.android.configupdater
04-12 20:40:53.475556  7441  7441 E SystemMonitorUtils:  error to open /dev/ensignal file e=android.system.ErrnoException: open failed: EACCES (Permission denied)
04-12 20:40:53.475595  7441  7441 E SystemMonitorUtils:  error to open /dev/ensignal file e=android.system.ErrnoException: open failed: EACCES (Permission denied)
04-12 20:40:53.481727  2387  7048 D TranAlarmAlignManager: alarmAlign system not ready:false,align:null
04-12 20:40:53.493706  7441  7530 D TranClassInfo: instance successfully. com.transsion.common.thubutils.AppProperties@42e90aa from com.transsion.hubsdk.thubutils.IAppProperties
04-12 20:40:53.493830  7441  7530 I AppProperties: enter initialize com.google.android.configupdater
04-12 20:40:53.494264  7441  7530 I AppProperties: readAllPropFiles directoryPath=/system_ext/etc/vconfig/com.google.android.configupdater/
04-12 20:40:53.494344  7441  7530 I AppProperties: enter readPropFiles count=0
04-12 20:40:53.494372  7441  7530 I AppProperties: readAllPropFiles directoryPath=/tr_product/etc/vconfig/com.google.android.configupdater/
04-12 20:40:53.494395  7441  7530 I AppProperties: enter readPropFiles count=0
04-12 20:40:53.494403  7441  7530 I AppProperties: readAllPropFiles directoryPath=/tr_region/etc/vconfig/com.google.android.configupdater/
04-12 20:40:53.494419  7441  7530 I AppProperties: enter readPropFiles count=0
04-12 20:40:53.494426  7441  7530 I AppProperties: readAllPropFiles directoryPath=/tr_carrier/etc/vconfig/com.google.android.configupdater/
04-12 20:40:53.494448  7441  7530 I AppProperties: enter readPropFiles count=0
04-12 20:40:53.494457  7441  7530 I AppProperties: readAllPropFiles directoryPath=/tr_company/etc/vconfig/com.google.android.configupdater/
04-12 20:40:53.494470  7441  7530 I AppProperties: enter readPropFiles count=0
04-12 20:40:53.494475  7441  7530 I AppProperties: readAllPropFiles directoryPath=/tranfs/etc/vconfig/com.google.android.configupdater/
04-12 20:40:53.494505  7441  7530 I AppProperties: enter readPropFiles count=0
04-12 20:40:53.506207  1688  2281 D UsfSystemServer/appSceneHooker: action is empty in service bind status
04-12 20:40:53.507446  1688  1955 I START_DEBUG: remove BIND_TIMEOUT finish    ProcessRecord :ProcessRecord{e693315 7441:com.google.android.configupdater/u0a213}
04-12 20:40:53.516296  1688  2281 V AlarmManager: set(PendingIntent{5d51f1: PendingIntentRecord{6140700 com.google.android.gms/com.google.android.gms.scheduler broadcastIntent}}) : type=3 triggerAtTime=46661 win=9253 tElapsed=46661 maxElapsed=55914 interval=0 flags=0x0
04-12 20:40:53.522018  2387  7048 D TranAlarmAlignManager: alarmAlign system not ready:false,align:null
04-12 20:40:53.524531  1688  1871 I ActivityManager: Start proc 7545:com.google.android.projection.gearhead:provider/u0a212 for content provider {com.google.android.projection.gearhead/com.google.android.apps.auto.components.projectionstate.ProjectionStateProvider}
04-12 20:40:53.524901  1688  1871 I START_DEBUG: send START_TIMEOUT message    ProcessRecord :ProcessRecord{2d5c6a2 7545:com.google.android.projection.gearhead:provider/u0a212}
04-12 20:40:53.524914  1688  1871 I ActivityManager: ProcessObserver broadcast disabled
04-12 20:40:53.535069  1688  4258 V ActivityManager: New death recipient com.android.server.am.ActivityManagerService$AppDeathRecipient@af20727 for thread android.os.BinderProxy@6651dd4
04-12 20:40:53.536511  1688  4258 I START_DEBUG: send BINDTIMEOUT    ProcessRecord :ProcessRecord{2d5c6a2 7545:com.google.android.projection.gearhead:provider/u0a212}
04-12 20:40:53.536557  1688  4258 I START_DEBUG: remove START_TIMEOUT finish    ProcessRecord :ProcessRecord{2d5c6a2 7545:com.google.android.projection.gearhead:provider/u0a212}
04-12 20:40:53.536627  1688  4258 D os.ActivityManagerServiceLice: make process active com.google.android.projection.gearhead:provider(7545)
04-12 20:40:53.540323  7545  7561 I ActivityThread:  enable system monitor for package: com.google.android.projection.gearhead:provider
04-12 20:40:53.540787  7545  7545 E SystemMonitorUtils:  error to open /dev/ensignal file e=android.system.ErrnoException: open failed: EACCES (Permission denied)
04-12 20:40:53.543495  7545  7561 D TranClassInfo: instance successfully. com.transsion.common.thubutils.AppProperties@87cc795 from com.transsion.hubsdk.thubutils.IAppProperties
04-12 20:40:53.543623  7545  7561 I AppProperties: enter initialize com.google.android.projection.gearhead
04-12 20:40:53.543758  7545  7561 I AppProperties: readAllPropFiles directoryPath=/system_ext/etc/vconfig/com.google.android.projection.gearhead/
04-12 20:40:53.543815  7545  7561 I AppProperties: enter readPropFiles count=0
04-12 20:40:53.543826  7545  7561 I AppProperties: readAllPropFiles directoryPath=/tr_product/etc/vconfig/com.google.android.projection.gearhead/
04-12 20:40:53.543842  7545  7561 I AppProperties: enter readPropFiles count=0
04-12 20:40:53.543848  7545  7561 I AppProperties: readAllPropFiles directoryPath=/tr_region/etc/vconfig/com.google.android.projection.gearhead/
04-12 20:40:53.543862  7545  7561 I AppProperties: enter readPropFiles count=0
04-12 20:40:53.543881  7545  7561 I AppProperties: readAllPropFiles directoryPath=/tr_carrier/etc/vconfig/com.google.android.projection.gearhead/
04-12 20:40:53.543896  7545  7561 I AppProperties: enter readPropFiles count=0
04-12 20:40:53.543901  7545  7561 I AppProperties: readAllPropFiles directoryPath=/tr_company/etc/vconfig/com.google.android.projection.gearhead/
04-12 20:40:53.543913  7545  7561 I AppProperties: enter readPropFiles count=0
04-12 20:40:53.543918  7545  7561 I AppProperties: readAllPropFiles directoryPath=/tranfs/etc/vconfig/com.google.android.projection.gearhead/
04-12 20:40:53.543944  7545  7561 I AppProperties: enter readPropFiles count=0
04-12 20:40:53.545754  1688  2277 E tranpm/ProcessDataInstance: hasLaunchIcon: packageName = null
04-12 20:40:53.547040  1688  2277 E tranpm/ProcessDataInstance: hasLaunchIcon: packageName = null
04-12 20:40:53.562377  1688  2442 I ActivityManager: Start proc 7523:com.google.android.inputmethod.latin/u0a243 for broadcast {com.google.android.inputmethod.latin/androidx.work.impl.background.systemalarm.RescheduleReceiver}
04-12 20:40:53.562718  1688  2442 I ActivityManager: ProcessObserver broadcast disabled
04-12 20:40:53.563562  1688  2442 V ActivityManager: New death recipient com.android.server.am.ActivityManagerService$AppDeathRecipient@68714ef for thread android.os.BinderProxy@fbeebfc
04-12 20:40:53.565711  1688  2442 I START_DEBUG: send BINDTIMEOUT    ProcessRecord :ProcessRecord{3d91344 7523:com.google.android.inputmethod.latin/u0a243}
04-12 20:40:53.565749  1688  2442 I START_DEBUG: remove START_TIMEOUT finish    ProcessRecord :ProcessRecord{3d91344 7523:com.google.android.inputmethod.latin/u0a243}
04-12 20:40:53.565816  1688  2442 D os.ActivityManagerServiceLice: make process active com.google.android.inputmethod.latin(7523)
04-12 20:40:53.566324  7523  7580 I ActivityThread:  enable system monitor for package: com.google.android.inputmethod.latin
04-12 20:40:53.567091  7523  7523 E SystemMonitorUtils:  error to open /dev/ensignal file e=android.system.ErrnoException: open failed: EACCES (Permission denied)
04-12 20:40:53.567134  7523  7523 E SystemMonitorUtils:  error to open /dev/ensignal file e=android.system.ErrnoException: open failed: EACCES (Permission denied)
04-12 20:40:53.567772  7523  7580 D TranClassInfo: instance successfully. com.transsion.common.thubutils.AppProperties@1952b4c from com.transsion.hubsdk.thubutils.IAppProperties
04-12 20:40:53.567832  7523  7580 I AppProperties: enter initialize com.google.android.inputmethod.latin
04-12 20:40:53.567921  7523  7580 I AppProperties: readAllPropFiles directoryPath=/system_ext/etc/vconfig/com.google.android.inputmethod.latin/
