04-12 20:40:54.632065  1688  4399 I WindowManager: System monitor finishDrawingWindow w: Window{9f10e2c u0 com.android.settings/com.transsion.settings.usbdialog.UsbMTPChooserActivity}; mDrawState = DRAW_PENDING
04-12 20:40:54.632335  2387  2419 D TranAlarmAlignManager: alarmAlign system not ready:false,align:null
04-12 20:40:54.633357  1688  1823 D WindowManager: System monitor commitFinishDrawingLocked activity = null canShowWindows = null type = 2019
04-12 20:40:54.633427  1688  1823 D WindowManager: Showing Window{309e991 u0 Taskbar} during animation: policyVis=true isVisible = false mViewVisibility = 0 tok.visibleRequested = false tok.visible= false
04-12 20:40:54.633488  1688  1823 D WindowManager: System monitor commitFinishDrawingLocked activity = ActivityRecord{104190138 u0 com.android.settings/com.transsion.settings.usbdialog.UsbMTPChooserActivity t55} canShowWindows = true type = 2
04-12 20:40:54.634071  1688  1823 I WindowManager: shouldSkipFirstWindowDrawn is childwindow this=Window{536cab5 u0 com.android.settings/com.transsion.settings.usbdialog.UsbMTPChooserActivity} mAttrs={(0,0)(1208xwrap) gr=BOTTOM CENTER_VERTICAL sim={adjust=pan forwardNavigation} ty=APPLICATION fmt=TRANSLUCENT wanim=0x7f160294
04-12 20:40:54.634071  1688  1823 I WindowManager:   fl=DIM_BEHIND SPLIT_TOUCH HARDWARE_ACCELERATED
04-12 20:40:54.634071  1688  1823 I WindowManager:   pfl=EDGE_TO_EDGE_ENFORCED INSET_PARENT_FRAME_BY_IME
04-12 20:40:54.634071  1688  1823 I WindowManager:   vsysui=LIGHT_STATUS_BAR
04-12 20:40:54.634071  1688  1823 I WindowManager:   bhv=DEFAULT
04-12 20:40:54.634071  1688  1823 I WindowManager:   fitTypes=STATUS_BARS NAVIGATION_BARS CAPTION_BAR
04-12 20:40:54.634071  1688  1823 I WindowManager:   frameRateBoostOnTouch=true
04-12 20:40:54.634071  1688  1823 I WindowManager:   dvrrWindowFrameRateHint=true}
04-12 20:40:54.634088  1688  1823 D WindowManager: Showing Window{536cab5 u0 com.android.settings/com.transsion.settings.usbdialog.UsbMTPChooserActivity} during animation: policyVis=true isVisible = false mViewVisibility = 0 tok.visibleRequested = true tok.visible= false
04-12 20:40:54.634131  1688  1823 D WindowManager: System monitor commitFinishDrawingLocked activity = ActivityRecord{104190138 u0 com.android.settings/com.transsion.settings.usbdialog.UsbMTPChooserActivity t55} canShowWindows = true type = 1
04-12 20:40:54.634171  1688  1823 D WindowManager: Showing Window{9f10e2c u0 com.android.settings/com.transsion.settings.usbdialog.UsbMTPChooserActivity} during animation: policyVis=true isVisible = false mViewVisibility = 0 tok.visibleRequested = true tok.visible= false
04-12 20:40:54.634210  1688  1823 D WindowManager: System monitor commitFinishDrawingLocked activity = ActivityRecord{143795573 u0 com.transsion.launcher3/com.android.launcher3.uioverrides.QuickstepLauncher t2} canShowWindows = true type = 1
04-12 20:40:54.634244  1688  1823 D WindowManager: Showing Window{ebafc39 u0 com.transsion.launcher3/com.android.launcher3.uioverrides.QuickstepLauncher} during animation: policyVis=true isVisible = false mViewVisibility = 0 tok.visibleRequested = true tok.visible= false
04-12 20:40:54.634454  1688  1823 D BLASTSyncEngine: transition TransitionRecord{5357f4a id=5 type=TO_BACK flags=0x104 c=[
04-12 20:40:54.634454  1688  1823 D BLASTSyncEngine:    ChangeInfo{f06f54c container=DefaultTaskDisplayArea@13581671 flags=0x0}
04-12 20:40:54.634454  1688  1823 D BLASTSyncEngine:    ChangeInfo{97bc995 container=Display{#0 state=ON size=1208x2644 ROTATION_0} flags=0x0}
04-12 20:40:54.634454  1688  1823 D BLASTSyncEngine:    ChangeInfo{f5e6aaa container=WallpaperWindowToken{2f5f3a8 showWhenLocked=true} flags=0x0}
04-12 20:40:54.634454  1688  1823 D BLASTSyncEngine:    ChangeInfo{92f669b container=WallpaperWindowToken{3058094 showWhenLocked=false} flags=0x0}
04-12 20:40:54.634454  1688  1823 D BLASTSyncEngine:    ChangeInfo{1541a38 container=Task{38cb14f #1 type=home} flags=0x0}
04-12 20:40:54.634454  1688  1823 D BLASTSyncEngine:    ChangeInfo{1c6a11 container=ActivityRecord{104190138 u0 com.android.settings/com.transsion.settings.usbdialog.UsbMTPChooserActivity t55} flags=0x0}
04-12 20:40:54.634454  1688  1823 D BLASTSyncEngine:    ChangeInfo{e908776 container=ActivityRecord{143795573 u0 com.transsion.launcher3/com.android.launcher3.uioverrides.QuickstepLauncher t2} flags=0x0}
04-12 20:40:54.634454  1688  1823 D BLASTSyncEngine:    ChangeInfo{813d177 container=Task{dd41fae #2 type=home I=com.transsion.launcher3/com.android.launcher3.uioverrides.QuickstepLauncher} flags=0x0}
04-12 20:40:54.634454  1688  1823 D BLASTSyncEngine:    ChangeInfo{34ca1e4 container=Task{e2ba347 #55 type=standard A=1000:com.android.settings nonResizable} flags=0x0}
04-12 20:40:54.634454  1688  1823 D BLASTSyncEngine: ]
04-12 20:40:54.634454  1688  1823 D BLASTSyncEngine: } isAuthenticateSucceed false isKeyguardGoingAwayQuickly false
04-12 20:40:54.634646  1688  1823 D WindowManager: [SG_DEBUG]Clear [finished]SyncGroup{id=5 name=Transition-TO_BACK} on ActivityRecord{143795573 u0 com.transsion.launcher3/com.android.launcher3.uioverrides.QuickstepLauncher t2}
04-12 20:40:54.634677  1688  1823 D WindowManager: [SG_DEBUG]Clear [finished]SyncGroup{id=5 name=Transition-TO_BACK} on ActivityRecord{104190138 u0 com.android.settings/com.transsion.settings.usbdialog.UsbMTPChooserActivity t55}
04-12 20:40:54.634687  1688  1823 D WindowManager: [SG_DEBUG]Clear [finished]SyncGroup{id=5 name=Transition-TO_BACK} on WallpaperWindowToken{3058094 showWhenLocked=false}
04-12 20:40:54.634698  1688  1823 D WindowManager: [SG_DEBUG]Clear [finished]SyncGroup{id=5 name=Transition-TO_BACK} on WallpaperWindowToken{2f5f3a8 showWhenLocked=true}
04-12 20:40:54.634756  1688  1823 D WindowManager: System monitor commitFinishDrawingLocked activity = ActivityRecord{143795573 u0 com.transsion.launcher3/com.android.launcher3.uioverrides.QuickstepLauncher t2} canShowWindows = true type = 1
04-12 20:40:54.634804  1688  1823 D WindowManager: System monitor performShowLocked: mDrawState = HAS_DRAWN in Window{ebafc39 u0 com.transsion.launcher3/com.android.launcher3.uioverrides.QuickstepLauncher}
04-12 20:40:54.634845  1688  1823 I WindowManager: real show surface com.transsion.launcher3/com.android.launcher3.uioverrides.QuickstepLauncher sc: Surface(name=com.transsion.launcher3/com.android.launcher3.uioverrides.QuickstepLauncher)/@0x1f5a502 win : Window{ebafc39 u0 com.transsion.launcher3/com.android.launcher3.uioverrides.QuickstepLauncher}
04-12 20:40:54.634932  1688  1823 D WindowManager: System monitor commitFinishDrawingLocked activity = ActivityRecord{104190138 u0 com.android.settings/com.transsion.settings.usbdialog.UsbMTPChooserActivity t55} canShowWindows = true type = 2
04-12 20:40:54.635475  1688  1823 I WindowManager: shouldSkipFirstWindowDrawn is childwindow this=Window{536cab5 u0 com.android.settings/com.transsion.settings.usbdialog.UsbMTPChooserActivity} mAttrs={(0,0)(1208xwrap) gr=BOTTOM CENTER_VERTICAL sim={adjust=pan forwardNavigation} ty=APPLICATION fmt=TRANSLUCENT wanim=0x7f160294
04-12 20:40:54.635475  1688  1823 I WindowManager:   fl=DIM_BEHIND SPLIT_TOUCH HARDWARE_ACCELERATED
04-12 20:40:54.635475  1688  1823 I WindowManager:   pfl=EDGE_TO_EDGE_ENFORCED INSET_PARENT_FRAME_BY_IME
04-12 20:40:54.635475  1688  1823 I WindowManager:   vsysui=LIGHT_STATUS_BAR
04-12 20:40:54.635475  1688  1823 I WindowManager:   bhv=DEFAULT
04-12 20:40:54.635475  1688  1823 I WindowManager:   fitTypes=STATUS_BARS NAVIGATION_BARS CAPTION_BAR
04-12 20:40:54.635475  1688  1823 I WindowManager:   frameRateBoostOnTouch=true
04-12 20:40:54.635475  1688  1823 I WindowManager:   dvrrWindowFrameRateHint=true}
04-12 20:40:54.635510  1688  1823 I WindowManager:   isAnimating=false  okToAnimate=true  win=Window{536cab5 u0 com.android.settings/com.transsion.settings.usbdialog.UsbMTPChooserActivity}
04-12 20:40:54.635660  1688  1823 D WindowManager: System monitor performShowLocked: mDrawState = HAS_DRAWN in Window{536cab5 u0 com.android.settings/com.transsion.settings.usbdialog.UsbMTPChooserActivity}
04-12 20:40:54.635699  1688  1823 I WindowManager: real show surface com.android.settings/com.transsion.settings.usbdialog.UsbMTPChooserActivity sc: Surface(name=com.android.settings/com.transsion.settings.usbdialog.UsbMTPChooserActivity)/@0x623f850 win : Window{536cab5 u0 com.android.settings/com.transsion.settings.usbdialog.UsbMTPChooserActivity}
04-12 20:40:54.635716  1688  1823 D WindowManager: System monitor commitFinishDrawingLocked activity = ActivityRecord{104190138 u0 com.android.settings/com.transsion.settings.usbdialog.UsbMTPChooserActivity t55} canShowWindows = true type = 1
04-12 20:40:54.635742  1688  1823 D WindowManager: System monitor performShowLocked: mDrawState = HAS_DRAWN in Window{9f10e2c u0 com.android.settings/com.transsion.settings.usbdialog.UsbMTPChooserActivity}
04-12 20:40:54.635768  1688  1823 I WindowManager: real show surface com.android.settings/com.transsion.settings.usbdialog.UsbMTPChooserActivity sc: Surface(name=com.android.settings/com.transsion.settings.usbdialog.UsbMTPChooserActivity)/@0xd94a49 win : Window{9f10e2c u0 com.android.settings/com.transsion.settings.usbdialog.UsbMTPChooserActivity}
04-12 20:40:54.635823  1688  1823 I Transition: ignoreThunderbackTransition back= true change= false
04-12 20:40:54.636472  1688  1823 D TranCustomizedTransitionAnimController: updateFlagsFromDynamicIslandToWindow pkgName:com.android.settings mStartFromDynamicIsland:false mDynamicIslandPkgName:com.google.android.apps.wellbeing
04-12 20:40:54.636496  1688  1823 I TransitionHelper: updateFlagsFromDynamicIslandToWindow pkgName = com.android.settings flagsArr[0] = 0
04-12 20:40:54.636533  1688  1823 I Transition: ignore FLAG_IS_BEHIND_STARTING_WINDOW when unlock
04-12 20:40:54.636669  1688  1823 D TranCustomizedTransitionAnimController: updateFlagsFromDynamicIslandToWindow pkgName:com.transsion.launcher3 mStartFromDynamicIsland:false mDynamicIslandPkgName:com.google.android.apps.wellbeing
04-12 20:40:54.636681  1688  1823 I TransitionHelper: updateFlagsFromDynamicIslandToWindow pkgName = com.transsion.launcher3 flagsArr[0] = 0
04-12 20:40:54.636785  1688  1823 I Transition: ignore FLAG_IS_BEHIND_STARTING_WINDOW when unlock
04-12 20:40:54.636871  1688  1823 D TranCustomizedTransitionAnimController: updateFlagsFromDynamicIslandToWindow pkgName:null mStartFromDynamicIsland:false mDynamicIslandPkgName:com.google.android.apps.wellbeing
04-12 20:40:54.636882  1688  1823 I TransitionHelper: updateFlagsFromDynamicIslandToWindow pkgName = null flagsArr[0] = 0
04-12 20:40:54.636893  1688  1823 I Transition: ignore FLAG_IS_BEHIND_STARTING_WINDOW when unlock
04-12 20:40:54.636912  1688  1823 D TranCustomizedTransitionAnimController: updateFlagsFromDynamicIslandToWindow pkgName:null mStartFromDynamicIsland:false mDynamicIslandPkgName:com.google.android.apps.wellbeing
04-12 20:40:54.636917  1688  1823 I TransitionHelper: updateFlagsFromDynamicIslandToWindow pkgName = null flagsArr[0] = 0
04-12 20:40:54.636943  1688  1823 I Transition: ignore FLAG_IS_BEHIND_STARTING_WINDOW when unlock
04-12 20:40:54.636959  1688  1823 D TranCustomizedTransitionAnimController: updateFlagsFromDynamicIslandToWindow pkgName:null mStartFromDynamicIsland:false mDynamicIslandPkgName:com.google.android.apps.wellbeing
04-12 20:40:54.636963  1688  1823 I TransitionHelper: updateFlagsFromDynamicIslandToWindow pkgName = null flagsArr[0] = 0
04-12 20:40:54.636966  1688  1823 I Transition: ignore FLAG_IS_BEHIND_STARTING_WINDOW when unlock
04-12 20:40:54.636984  1688  1823 D os.activityembedding: onCalculateTransitionInfo topOpening=null,bottomClosing=null
04-12 20:40:54.637518  1688  1823 D Transition: Calling onTransitionReady mToken = Token{5660667 TransitionRecord{5357f4a id=5 type=TO_BACK flags=0x104 c=[
04-12 20:40:54.637518  1688  1823 D Transition:    ChangeInfo{f06f54c container=DefaultTaskDisplayArea@13581671 flags=0x10}
04-12 20:40:54.637518  1688  1823 D Transition:    ChangeInfo{97bc995 container=Display{#0 state=ON size=1208x2644 ROTATION_0} flags=0x0}
04-12 20:40:54.637518  1688  1823 D Transition:    ChangeInfo{f5e6aaa container=WallpaperWindowToken{2f5f3a8 showWhenLocked=true} flags=0x0}
04-12 20:40:54.637518  1688  1823 D Transition:    ChangeInfo{92f669b container=WallpaperWindowToken{3058094 showWhenLocked=false} flags=0x0}
04-12 20:40:54.637518  1688  1823 D Transition:    ChangeInfo{1541a38 container=Task{38cb14f #1 type=home} flags=0x10}
04-12 20:40:54.637518  1688  1823 D Transition:    ChangeInfo{1c6a11 container=ActivityRecord{104190138 u0 com.android.settings/com.transsion.settings.usbdialog.UsbMTPChooserActivity t55} flags=0x0}
04-12 20:40:54.637518  1688  1823 D Transition:    ChangeInfo{e908776 container=ActivityRecord{143795573 u0 com.transsion.launcher3/com.android.launcher3.uioverrides.QuickstepLauncher t2} flags=0x0}
04-12 20:40:54.637518  1688  1823 D Transition:    ChangeInfo{813d177 container=Task{dd41fae #2 type=home I=com.transsion.launcher3/com.android.launcher3.uioverrides.QuickstepLauncher} flags=0x10}
04-12 20:40:54.637518  1688  1823 D Transition:    ChangeInfo{34ca1e4 container=Task{e2ba347 #55 type=standard A=1000:com.android.settings nonResizable} flags=0x10}
04-12 20:40:54.637518  1688  1823 D Transition: ]
04-12 20:40:54.637518  1688  1823 D Transition: }} info = {id=5 t=TO_BACK f=0x104 trk=0 r=[0@Point(0, 0)] c=[{WCT{RemoteToken{4e8c49d Task{e2ba347 #55 type=standard A=1000:com.android.settings nonResizable}}} m=TO_FRONT f=TRANSLUCENT p=WCT{RemoteToken{d0e4c14 DefaultTaskDisplayArea@13581671}} leash=Surface(name=Task=55)/@0x8daf981 sb=Rect(0, 0 - 1208, 2644) eb=Rect(0, 0 - 1208, 2644) mSimplifyStartAbsBounds=Rect(0, 0 - 0, 0) epz=Point(1208, 2644) d=0 taskParent=-1},{WCT{RemoteToken{5bcacbd Task{38cb14f #1 type=home}}} m=TO_FRONT f=SHOW_WALLPAPER p=WCT{RemoteToken{d0e4c14 DefaultTaskDisplayArea@13581671}} leash=Surface(name=Task=1)/@0xcdb01e0 sb=Rect(0, 0 - 1208, 2644) eb=Rect(0, 0 - 1208, 2644) mSimplifyStartAbsBounds=Rect(0, 0 - 0, 0) epz=Point(1208, 2644) d=0 taskParent=-1},{WCT{RemoteToken{d0e4c14 DefaultTaskDisplayArea@13581671}} m=TO_FRONT f=SHOW_WALLPAPER|FLAG_IS_TASK_DISPLAY_AREA leash=Surface(name=DefaultTaskDisplayArea)/@0x47803e3 sb=Rect(0, 0 - 1208, 2644) eb=Rect(0, 0 - 1208, 2644) mSimplifyStartAbsBounds=Rect(0, 0 - 0, 0) epz=Point(1208, 2644) d=0},{m=TO_FRONT f=IS_WALLPAPER leash=Surface(name=WallpaperWindowToken{3058094 showWhenLocked=false})/@0xf732c8b sb=Rect(0, 0 - 1208, 2644) eb=Rect(0, 0 - 1208, 2644) mSimplifyStartAbsBounds=Rect(0, 0 - 0, 0) epz=Point(1208, 2644) d=0},{m=TO_BACK f=IS_WALLPAPER leash=Surface(name=WallpaperWindowToken{2f5f3a8 showWhenLocked=false})/@0x8d8497c sb=Rect(0, 0 - 1208, 2644) eb=Rect(0, 0 - 1208, 2644) mSimplifyStartAbsBounds=Rect(0, 0 - 0, 0) epz=Point(1208, 2644) d=0}]} transaction = android.view.SurfaceControl$Transaction@52552b2
04-12 20:40:54.637565  1688  1823 D MagellanHandle: updateRefreshRateForSceneVsyncs what = 21
04-12 20:40:54.637654  1688  1823 D TranFingerprintStatistics: No FingerprintAuthTime to update onKeyguardGoingAway
04-12 20:40:54.638576  1688  1823 D BLASTSyncEngine: [DH_DEBUG]remove timeout #5 callback=com.android.server.wm.BLASTSyncEngine$SyncGroup$$ExternalSyntheticLambda2@4d890ec
04-12 20:40:54.638773  1688  1823 D WindowManager: adjustWallpaperWindows use keyguard: false
04-12 20:40:54.638813  1688  1819 V WindowManager: Sent Transition (#5) createdAt=04-12 20:40:54.511 via request=TransitionRequestInfo { type = TO_BACK, triggerTask = null, pipChange = null, remoteTransition = null, displayChange = null, flags = 260, debugId = 5 }
04-12 20:40:54.638851  1688  1819 V WindowManager:     startWCT=WindowContainerTransaction { changes= {} hops= [] errorCallbackToken=null taskFragmentOrganizer=null mInterrupt=false customAnimFlag=0 }
04-12 20:40:54.638886  2698  3181 V WindowManagerShell: onTransitionReady(transaction=7249904796178)
04-12 20:40:54.638970  1688  1819 V WindowManager:     info={id=5 t=TO_BACK f=0x104 trk=0 r=[0@Point(0, 0)] c=[
04-12 20:40:54.638970  1688  1819 V WindowManager:         {WCT{RemoteToken{4e8c49d Task{e2ba347 #55 type=standard A=1000:com.android.settings nonResizable}}} m=TO_FRONT f=TRANSLUCENT p=WCT{RemoteToken{d0e4c14 DefaultTaskDisplayArea@13581671}} leash=Surface(name=Task=55)/@0x8daf981 sb=Rect(0, 0 - 1208, 2644) eb=Rect(0, 0 - 1208, 2644) mSimplifyStartAbsBounds=Rect(0, 0 - 0, 0) epz=Point(1208, 2644) d=0 taskParent=-1},
04-12 20:40:54.638970  1688  1819 V WindowManager:         {WCT{RemoteToken{5bcacbd Task{38cb14f #1 type=home}}} m=TO_FRONT f=SHOW_WALLPAPER p=WCT{RemoteToken{d0e4c14 DefaultTaskDisplayArea@13581671}} leash=Surface(name=Task=1)/@0xcdb01e0 sb=Rect(0, 0 - 1208, 2644) eb=Rect(0, 0 - 1208, 2644) mSimplifyStartAbsBounds=Rect(0, 0 - 0, 0) epz=Point(1208, 2644) d=0 taskParent=-1},
04-12 20:40:54.638970  1688  1819 V WindowManager:         {WCT{RemoteToken{d0e4c14 DefaultTaskDisplayArea@13581671}} m=TO_FRONT f=SHOW_WALLPAPER|FLAG_IS_TASK_DISPLAY_AREA leash=Surface(name=DefaultTaskDisplayArea)/@0x47803e3 sb=Rect(0, 0 - 1208, 2644) eb=Rect(0, 0 - 1208, 2644) mSimplifyStartAbsBounds=Rect(0, 0 - 0, 0) epz=Point(1208, 2644) d=0},
04-12 20:40:54.638970  1688  1819 V WindowManager:         {m=TO_FRONT f=IS_WALLPAPER leash=Surface(name=WallpaperWindowToken{3058094 showWhenLocked=false})/@0xf732c8b sb=Rect(0, 0 - 1208, 2644) eb=Rect(0, 0 - 1208, 2644) mSimplifyStartAbsBounds=Rect(0, 0 - 0, 0) epz=Point(1208, 2644) d=0},
04-12 20:40:54.638970  1688  1819 V WindowManager:         {m=TO_BACK f=IS_WALLPAPER leash=Surface(name=WallpaperWindowToken{2f5f3a8 showWhenLocked=false})/@0x8d8497c sb=Rect(0, 0 - 1208, 2644) eb=Rect(0, 0 - 1208, 2644) mSimplifyStartAbsBounds=Rect(0, 0 - 0, 0) epz=Point(1208, 2644) d=0}
04-12 20:40:54.638970  1688  1819 V WindowManager:     ]}
04-12 20:40:54.639137  2698  2911 V WindowManagerShell: onTransitionReady (#5) android.os.BinderProxy@1c1331e: {id=5 t=TO_BACK f=0x104 trk=0 r=[0@Point(0, 0)] c=[
04-12 20:40:54.639137  2698  2911 V WindowManagerShell:         {m=TO_FRONT f=TRANSLUCENT p=WCT{android.window.IWindowContainerToken$Stub$Proxy@8372d82} leash=Surface(name=Task=55)/@0x73106b8 sb=Rect(0, 0 - 1208, 2644) eb=Rect(0, 0 - 1208, 2644) mSimplifyStartAbsBounds=Rect(0, 0 - 0, 0) epz=Point(1208, 2644) d=0 taskParent=-1},
04-12 20:40:54.639137  2698  2911 V WindowManagerShell:         {m=TO_FRONT f=SHOW_WALLPAPER p=WCT{android.window.IWindowContainerToken$Stub$Proxy@3e82c93} leash=Surface(name=Task=1)/@0xa3c1c91 sb=Rect(0, 0 - 1208, 2644) eb=Rect(0, 0 - 1208, 2644) mSimplifyStartAbsBounds=Rect(0, 0 - 0, 0) epz=Point(1208, 2644) d=0 taskParent=-1},
04-12 20:40:54.639137  2698  2911 V WindowManagerShell:         {m=TO_FRONT f=SHOW_WALLPAPER|FLAG_IS_TASK_DISPLAY_AREA leash=Surface(name=DefaultTaskDisplayArea)/@0x57287f6 sb=Rect(0, 0 - 1208, 2644) eb=Rect(0, 0 - 1208, 2644) mSimplifyStartAbsBounds=Rect(0, 0 - 0, 0) epz=Point(1208, 2644) d=0},
04-12 20:40:54.639137  2698  2911 V WindowManagerShell:         {m=TO_FRONT f=IS_WALLPAPER leash=Surface(name=WallpaperWindowToken{3058094 showWhenLocked=false})/@0x57507f7 sb=Rect(0, 0 - 1208, 2644) eb=Rect(0, 0 - 1208, 2644) mSimplifyStartAbsBounds=Rect(0, 0 - 0, 0) epz=Point(1208, 2644) d=0},
04-12 20:40:54.639137  2698  2911 V WindowManagerShell:         {m=TO_BACK f=IS_WALLPAPER leash=Surface(name=WallpaperWindowToken{2f5f3a8 showWhenLocked=false})/@0xb4bd664 sb=Rect(0, 0 - 1208, 2644) eb=Rect(0, 0 - 1208, 2644) mSimplifyStartAbsBounds=Rect(0, 0 - 0, 0) epz=Point(1208, 2644) d=0}
04-12 20:40:54.639137  2698  2911 V WindowManagerShell:     ]}
04-12 20:40:54.639619  1688  1823 I WindowManager: updateSystemBarAttributes appearance:2, win appearance:0, opaqueAppearance:2, win:Window{257f30b u0 NotificationShade}, appearanceRegions=[AppearanceRegion{ bounds=[0,0][1208,2644]}]
04-12 20:40:54.639737  1688  1823 D WindowManager: System monitor commitFinishDrawingLocked activity = null canShowWindows = null type = 2019
04-12 20:40:54.639758  1688  1823 D WindowManager: Showing Window{309e991 u0 Taskbar} during animation: policyVis=true isVisible = false mViewVisibility = 0 tok.visibleRequested = false tok.visible= false
04-12 20:40:54.640384  2698  2911 D RecentsTransitionHandler_interrupt: isIconLaunchOpenOrClose mode：3
04-12 20:40:54.640411  2698  2911 D RecentsTransitionHandler_interrupt: isOpenOrCloseMode: trueisInterruptedTask: true isSplitMode: false isTranssionLauncher: true
04-12 20:40:54.640420  2698  2911 D RecentsTransitionHandler_interrupt: isIconLaunchRemoteTransitionInterrupted isopenorclose: true   mHasPlayingTransitions: false mFinishHasPlayingTransitions: false
04-12 20:40:54.640425  2698  2911 D RecentsTransitionHandler_interrupt: processReadyQueue mIfTransitionReUseLeash: false  mLeashReUsePendingFinishT: null
04-12 20:40:54.640433  2698  2911 D RecentsTransitionHandler_interrupt: isIconLaunchOpenOrClose mode：3
04-12 20:40:54.640440  2698  2911 D RecentsTransitionHandler_interrupt: isOpenOrCloseMode: trueisInterruptedTask: true isSplitMode: false isTranssionLauncher: true
04-12 20:40:54.640444  2698  2911 D RecentsTransitionHandler_interrupt: isIconLaunchRemoteTransitionInterrupted isopenorclose: true   mHasPlayingTransitions: false mFinishHasPlayingTransitions: false
04-12 20:40:54.640482  2698  2911 V WindowManagerShell: Playing animation for (#5) android.os.BinderProxy@1c1331e@0
04-12 20:40:54.640502  2698  2911 D RecentsTransitionHandler_interrupt: isIconLaunchOpenOrClose mode：3
04-12 20:40:54.640509  2698  2911 D RecentsTransitionHandler_interrupt: isOpenOrCloseMode: trueisInterruptedTask: true isSplitMode: false isTranssionLauncher: true
04-12 20:40:54.640513  2698  2911 D RecentsTransitionHandler_interrupt: isIconLaunchRemoteTransitionInterrupted isopenorclose: true   mHasPlayingTransitions: false mFinishHasPlayingTransitions: false
04-12 20:40:54.640566  2698  2911 V ShellSplitScreen: reduce layer of wallpaper when opening
04-12 20:40:54.640767  2698  2911 V WindowManagerShell: start keyguard going-away transition, info = {id=5 t=TO_BACK f=0x104 trk=0 r=[0@Point(0, 0)] c=[{m=TO_FRONT f=TRANSLUCENT p=WCT{android.window.IWindowContainerToken$Stub$Proxy@8372d82} leash=Surface(name=Task=55)/@0x73106b8 sb=Rect(0, 0 - 1208, 2644) eb=Rect(0, 0 - 1208, 2644) mSimplifyStartAbsBounds=Rect(0, 0 - 0, 0) epz=Point(1208, 2644) d=0 taskParent=-1},{m=TO_FRONT f=SHOW_WALLPAPER p=WCT{android.window.IWindowContainerToken$Stub$Proxy@3e82c93} leash=Surface(name=Task=1)/@0xa3c1c91 sb=Rect(0, 0 - 1208, 2644) eb=Rect(0, 0 - 1208, 2644) mSimplifyStartAbsBounds=Rect(0, 0 - 0, 0) epz=Point(1208, 2644) d=0 taskParent=-1},{m=TO_FRONT f=SHOW_WALLPAPER|FLAG_IS_TASK_DISPLAY_AREA leash=Surface(name=DefaultTaskDisplayArea)/@0x57287f6 sb=Rect(0, 0 - 1208, 2644) eb=Rect(0, 0 - 1208, 2644) mSimplifyStartAbsBounds=Rect(0, 0 - 0, 0) epz=Point(1208, 2644) d=0},{m=TO_FRONT f=IS_WALLPAPER leash=Surface(name=WallpaperWindowToken{3058094 showWhenLocked=false})/@0x57507f7 sb=Rect(0, 0 - 1208, 2644) eb=Rect(0, 0 - 1208, 2644) mSimplifyStartAbsBounds=Rect(0, 0 - 0, 0) epz=Point(1208, 2644) d=0},{m=TO_BACK f=IS_WALLPAPER leash=Surface(name=WallpaperWindowToken{2f5f3a8 showWhenLocked=false})/@0xb4bd664 sb=Rect(0, 0 - 1208, 2644) eb=Rect(0, 0 - 1208, 2644) mSimplifyStartAbsBounds=Rect(0, 0 - 0, 0) epz=Point(1208, 2644) d=0}]}
04-12 20:40:54.641173  2698  2911 D KeyguardService: Starts IRemoteAnimationRunner: info={id=5 t=TO_BACK f=0x104 trk=0 r=[0@Point(0, 0)] c=[{m=TO_FRONT f=TRANSLUCENT p=WCT{android.window.IWindowContainerToken$Stub$Proxy@8372d82} leash=Surface(name=Task=55)/@0x73106b8 sb=Rect(0, 0 - 1208, 2644) eb=Rect(0, 0 - 1208, 2644) mSimplifyStartAbsBounds=Rect(0, 0 - 0, 0) epz=Point(1208, 2644) d=0 taskParent=-1},{m=TO_FRONT f=SHOW_WALLPAPER p=WCT{android.window.IWindowContainerToken$Stub$Proxy@3e82c93} leash=Surface(name=Task=1)/@0xa3c1c91 sb=Rect(0, 0 - 1208, 2644) eb=Rect(0, 0 - 1208, 2644) mSimplifyStartAbsBounds=Rect(0, 0 - 0, 0) epz=Point(1208, 2644) d=0 taskParent=-1},{m=TO_FRONT f=SHOW_WALLPAPER|FLAG_IS_TASK_DISPLAY_AREA leash=Surface(name=DefaultTaskDisplayArea)/@0x57287f6 sb=Rect(0, 0 - 1208, 2644) eb=Rect(0, 0 - 1208, 2644) mSimplifyStartAbsBounds=Rect(0, 0 - 0, 0) epz=Point(1208, 2644) d=0},{m=TO_FRONT f=IS_WALLPAPER leash=Surface(name=WallpaperWindowToken{3058094 showWhenLocked=false})/@0x57507f7 sb=Rect(0, 0 - 1208, 2644) eb=Rect(0, 0 - 1208, 2644) mSimplifyStartAbsBounds=Rect(0, 0 - 0, 0) epz=Point(1208, 2644) d=0},{m=TO_BACK f=IS_WALLPAPER leash=Surface(name=WallpaperWindowToken{2f5f3a8 showWhenLocked=false})/@0xb4bd664 sb=Rect(0, 0 - 1208, 2644) eb=Rect(0, 0 - 1208, 2644) mSimplifyStartAbsBounds=Rect(0, 0 - 0, 0) epz=Point(1208, 2644) d=0}]}
04-12 20:40:54.645886  2698  2911 V WindowManagerShell:  animated by com.android.wm.shell.keyguard.KeyguardTransitionHandler@58c4c01
04-12 20:40:54.648669  2698  2698 D TranClassInfo: instance successfully. com.transsion.hubcore.internal.latency.TranLatencyTrackerImpl@ac1dce7 from com.transsion.hubcore.internal.latency.ITranLatencyTracker
04-12 20:40:54.652200  1688  4286 I BLASTSyncEngine: mSyncId = 5 start T apply
04-12 20:40:54.655201  1688  2282 D CoreBackPreview: Window{257f30b u0 NotificationShade}: Setting back callback null
04-12 20:40:54.656370  2698  2698 D KeyguardService: Finish IRemoteAnimationRunner.
04-12 20:40:54.656587  2698  2911 D RecentsTransitionHandler_interrupt: finish handler: com.android.wm.shell.keyguard.KeyguardTransitionHandler@58c4c01
04-12 20:40:54.656606  2698  2911 D RecentsTransitionHandler_interrupt: onFinish: isLauncherReUseLeash = false
04-12 20:40:54.656677  2698  2911 V WindowManagerShell: Transition animation finished (aborted=false), notifying core (#5) android.os.BinderProxy@1c1331e@0
04-12 20:40:54.656723  2698  2911 D RecentsTransitionHandler_interrupt: checkOrUpdateTransitionState isLauncherReUseLeash: false
04-12 20:40:54.657192  2698  2911 D RecentsTransitionHandler_interrupt: onFinish finish apply
04-12 20:40:54.657569  1688  2282 D WindowOrganizerController: WCT isInterrupt: false
04-12 20:40:54.657808  1688  2282 I AnimBoostThreadLittleCoreFeature: AnimBoostThread = 2827
04-12 20:40:54.658783  1688  2282 D MagellanHandle: updateRefreshRateForSceneVsyncs what = 28
04-12 20:40:54.658955  1688  2282 D MagellanHandle: updateRefreshRateForSceneVsyncs what = 21
04-12 20:40:54.658985  1688  2282 I TransitionController: record.getSyncId() = 5, mAtm.mRootWindowContainer.mRecentSyncId = -1, !inTransition() = true
04-12 20:40:54.659018  1688  2282 I WindowManager:  !wt.isVisibleRequested() = false, getTopRootTask() = Task{e2ba347 #55 type=standard A=1000:com.android.settings nonResizable}
04-12 20:40:54.659321  2698  2911 I UASManager: stopWmShellMainUASBoost flag:1, mMainBoostFlags:0
04-12 20:40:54.659807  2698  2911 I UASManager: stopUASBoost tid =2911 type=ux_exact_wmshell.main
04-12 20:40:54.659855  2698  2911 V WindowManagerShell: Track 0 became idle
04-12 20:40:54.659868  2698  2911 V WindowManagerShell: All active transition animations finished
04-12 20:40:54.660509  1688  4399 I Transition: syncId = 5 finish T apply
04-12 20:40:54.660676  1688  1823 I WindowManager: updateSystemBarAttributes appearance:0, win appearance:0, opaqueAppearance:0, win:Window{257f30b u0 NotificationShade}, appearanceRegions=[AppearanceRegion{ bounds=[0,0][1208,2644]}]
04-12 20:40:54.660851  1688  1823 D WindowManager: System monitor commitFinishDrawingLocked activity = null canShowWindows = null type = 2019
04-12 20:40:54.660872  1688  1823 D WindowManager: Showing Window{309e991 u0 Taskbar} during animation: policyVis=true isVisible = false mViewVisibility = 0 tok.visibleRequested = false tok.visible= false
04-12 20:40:54.666059  1688  1819 V WindowManager: Finish Transition (#5): created at 04-12 20:40:54.511 collect-started=0.112ms request-sent=4.863ms started=19.802ms ready=19.795ms sent=125.746ms commit=14.862ms finished=146.296ms
04-12 20:40:54.666194  2387  5166 I Usf_Hiber/fastState: try fastUnfreeze reason=cpuboost
04-12 20:40:54.666254  2387  5166 I Usf_Hiber/fastState: do fastUnfreeze reason=cpuboost delay=0
04-12 20:40:54.666752   599  3630 I keystore2: system/security/keystore2/src/security_level.rs:245 - caller pid=3052, uid=1000; force = false; key domain=r#KEY_ID, alias = None
04-12 20:40:54.667084   599  3630 I keystore2: system/security/keystore2/src/security_level.rs:343 - upgrade_keyblob_if_required_with start
04-12 20:40:54.668139   599  3630 I keystore2: system/security/keystore2/src/enforcements.rs:236 - finalize_create_authorization self.state=NoAuthRequired
04-12 20:40:54.668155   599  3630 I keystore2: system/security/keystore2/src/security_level.rs:388 - upgrade_keyblob_if_required_with end; operation_db.create_operation start
04-12 20:40:54.668160   599  3630 I keystore2: system/security/keystore2/src/security_level.rs:406 - operation_db.create_operation end
04-12 20:40:54.668462  1688  1822 D TranAppm/MTKSuitConfig: mMTKGameModeSupport: true
04-12 20:40:54.668513  1688  1822 D TranAppm/MTKModule: pkgName: com.debug.loggerui,pid: 0
04-12 20:40:54.680265  1688  4286 I TranPMSCoreImpl: onKeyguardLockChanged isKeyguardLocked=false
04-12 20:40:54.681244  1688  4286 I StatusBarManagerService: disableLocked some feature ,what = 0 ,displayId = 0 ,pkg = com.android.systemui ,net1 = 0 ,net2= 0 ,userId = 0 ,token = android.os.BinderProxy@70347cf ,whichFlag = 1 ,state.disableEquals = false
04-12 20:40:54.683678  1688  1954 D UsfSystemServer/appSceneHooker: action is empty in service bind status
04-12 20:40:54.684508  1688  1820 W Looper  : Slow dispatch took 109ms android.ui app=system_server main=false h=com.android.server.wm.ActivityTaskManagerService$UiHandler c=<recycled PooledLambda@e33cc62> m=0
04-12 20:40:54.690464  2698  2698 D InsetsController: Setting requestedVisibleTypes to -9 (was -11)
04-12 20:40:54.699160  2387  2458 I Usf_Hiber/fastState: fastUnFreeze reason=cpuboost size=13 uids=[10077, 10081, 10109, 10111, 10131, 10138, 10144, 10173, 10187, 10226, 10264, 10274, 10281] about costTime=24ms
04-12 20:40:54.699574  2387  2512 I Usf_HiberBp/fastFreezeProcessor: reason: cpuboost coverage: 0.95 interval: 115
04-12 20:40:54.704127   599   634 I keystore2: system/security/keystore2/src/security_level.rs:245 - caller pid=3052, uid=1000; force = false; key domain=r#KEY_ID, alias = None
04-12 20:40:54.704652  1688  1953 D WindowManager: System monitor commitFinishDrawingLocked activity = null canShowWindows = null type = 2019
04-12 20:40:54.704906  1688  1801 D FingerprintProvider/default: Starting watchdog for fingerprint
04-12 20:40:54.705839  1688  1953 D WindowManager: Showing Window{309e991 u0 Taskbar} during animation: policyVis=true isVisible = false mViewVisibility = 0 tok.visibleRequested = false tok.visible= false
04-12 20:40:54.708211   599   634 I keystore2: system/security/keystore2/src/security_level.rs:343 - upgrade_keyblob_if_required_with start
04-12 20:40:54.709611  1688  2282 I START_DEBUG: remove BIND_TIMEOUT finish    ProcessRecord :ProcessRecord{db0275b 7667:com.google.android.setupwizard/u0a229}
04-12 20:40:54.716235  1688  2920 D TranDisplayPowerControllerMagellanImpl: AuthenticationUnlockScene start
04-12 20:40:54.716268  1688  2920 D MagellanHandle: updateRefreshRateForSceneVsyncs what = 17
04-12 20:40:54.716427  1688  2920 D TPLargeAreaMistouch: keyguardShowing:false send 0 to proc/tp_large_area_mistouch_switch
04-12 20:40:54.716463  1688  2920 D TranDisplayPowerControllerMagellanImpl: AuthenticationUnlockScene start
04-12 20:40:54.716474  1688  2920 D MagellanHandle: updateRefreshRateForSceneVsyncs what = 17
04-12 20:40:54.716533  1688  2920 I TranSCSourceConnectManagerImpl: hookToSourceConnect method: hookKeyguardShowing param: Bundle[{showing=false}]
04-12 20:40:54.716561  1688  2920 I TranKeyguardController: hookSetAuthenticateSucceed mGoingAwayQuicklyWhenNoKeyguard false aodRemoved= false, keyguardShowing false
04-12 20:40:54.716578  1688  2920 I TranKeyguardController: hookSetAuthenticateSucceed reset mKeyguardGoingAwayQuickly to false
04-12 20:40:54.716630  1688  2920 I TranMultiWindowManagerComponentImpl: hookNotifyKeyguardStateV4 
04-12 20:40:54.716874  1688  2920 I TranAlwaysOnDisplayHelper: updateDreamingSleepToken acquire: false displayId: 0 mDreamingSleepTokenAcquirer: com.android.server.dreams.TranAlwaysOnDisplayHelper$SleepTokenAcquirerProxy@be8efba mIsWakingUp=true
04-12 20:40:54.717784  3052  7772 W ContextImpl: Calling a method in the system process without a qualified user: android.app.ContextImpl.bindService:2215 android.content.ContextWrapper.bindService:891 F3.d.z:39 C8.d.run:47 java.lang.Thread.run:1564 
04-12 20:40:54.718156  1688  1801 E BiometricScheduler: Current operation is null,no need to start watchdog
04-12 20:40:54.722199  1688  4286 D SystemServerTiming: getUserSwitchability-0
04-12 20:40:54.722232  1688  4286 D SystemServerTiming: TM.isInCall
04-12 20:40:54.722522  1688  4286 D SystemServerTiming: hasUserRestriction-DISALLOW_USER_SWITCH
04-12 20:40:54.722548  1688  4286 D SystemServerTiming: getInt-ALLOW_USER_SWITCHING_WHEN_SYSTEM_USER_LOCKED
04-12 20:40:54.722587  1688  4286 D SystemServerTiming: isUserUnlocked-USER_SYSTEM
04-12 20:40:54.723460  2387  2635 D TranLowPowerManager: isKeyguardLocked:false displayId:0 keyguardShowing:false aodShowing:false
04-12 20:40:54.723588  2387  2635 D TranPoorNetManager: isKeyguardLocked:false displayId:0 keyguardShowing:false aodShowing:false
04-12 20:40:54.723642  2387  2518 D TranLowPowerManager: Lock state changed: UNLOCKED, mIsLowPower: false
04-12 20:40:54.723738  2387  2526 D TranPoorNetManager: Lock state changed: UNLOCKED, mIsPoorNet: false
04-12 20:40:54.725198  1688  1906 I PreLoadAppResFeature: PreLoadAppResFeature: execute
04-12 20:40:54.726060   599   634 I keystore2: system/security/keystore2/src/enforcements.rs:236 - finalize_create_authorization self.state=NoAuthRequired
04-12 20:40:54.726112   599   634 I keystore2: system/security/keystore2/src/security_level.rs:388 - upgrade_keyblob_if_required_with end; operation_db.create_operation start
04-12 20:40:54.726119   599   634 I keystore2: system/security/keystore2/src/security_level.rs:406 - operation_db.create_operation end
04-12 20:40:54.726151  1688  1823 D WindowManager: System monitor commitFinishDrawingLocked activity = null canShowWindows = null type = 2019
04-12 20:40:54.726182  1688  1823 D WindowManager: Showing Window{309e991 u0 Taskbar} during animation: policyVis=true isVisible = false mViewVisibility = 0 tok.visibleRequested = false tok.visible= false
04-12 20:40:54.727790  1688  1823 D MagellanHandle: updateRefreshRateForSceneVsyncs what = 28
04-12 20:40:54.729745  2698  2911 D DisplayImeController: insetsChanged mOldImeShowing:false, mImeShowing:false, mAnimationDirection:0, newSourceVisible:false, oldFrame:null, newFrame:null , stack=com.android.wm.shell.common.DisplayInsetsController$OnInsetsChangedListener.insetsChanged:2 com.android.wm.shell.common.DisplayInsetsController$PerDisplay.insetsChanged:88 
04-12 20:40:54.731892  1688  1954 I WindowManager: updateSystemBarAttributes appearance:0, win appearance:0, opaqueAppearance:0, win:Window{257f30b u0 NotificationShade}, appearanceRegions=[AppearanceRegion{ bounds=[0,0][1208,2644]}]
04-12 20:40:54.733479  1688  1823 D WindowManager: System monitor commitFinishDrawingLocked activity = null canShowWindows = null type = 2019
04-12 20:40:54.733548  1688  1823 I WindowManager:   isAnimating=false  okToAnimate=true  win=Window{309e991 u0 Taskbar}
04-12 20:40:54.733557  1688  1823 D WindowManager: System monitor performShowLocked: mDrawState = HAS_DRAWN in Window{309e991 u0 Taskbar}
04-12 20:40:54.739227  1688  1823 I WindowManager: real show surface Taskbar sc: Surface(name=Taskbar)/@0x65f9355 win : Window{309e991 u0 Taskbar}
04-12 20:40:54.741325  1688  1871 I ActivityManager: Start proc 7719:com.mediatek.omacp/1000 for broadcast {com.mediatek.omacp/com.mediatek.omacp.message.OmacpReceiver}
04-12 20:40:54.766439  1688  1871 I START_DEBUG: send START_TIMEOUT message    ProcessRecord :ProcessRecord{ad8ce0c 7719:com.mediatek.omacp/1000}
04-12 20:40:54.766530  1688  1871 I ActivityManager: ProcessObserver broadcast disabled
04-12 20:40:54.783399  1688  1822 D TranAppm/MTKSuitConfig: mMTKGameModeSupport: true
04-12 20:40:54.783460  1688  1822 D TranAppm/MTKModule: pkgName: com.debug.loggerui,pid: 0
04-12 20:40:54.803363   599  6556 E keystore2: system/security/keystore2/src/database.rs:1529 -  in make_connection-start
04-12 20:40:54.804448   599  6556 I keystore2: system/security/keystore2/src/security_level.rs:245 - caller pid=3052, uid=1000; force = false; key domain=r#KEY_ID, alias = None
04-12 20:40:54.804483  1688  1954 D WindowManager: currentFocusId -1 newFocusId: 0 currentFocusIsMultiWindow: false newFocusIsMultiWindow: false
04-12 20:40:54.804580  1688  1954 W WindowManager: Changing focus from Window{257f30b u0 NotificationShade} to Window{536cab5 u0 com.android.settings/com.transsion.settings.usbdialog.UsbMTPChooserActivity} displayId=0 Callers=com.android.server.wm.RootWindowContainer.updateFocusedWindowLocked:532 com.android.server.wm.WindowManagerService.updateFocusedWindowLocked:7088 com.android.server.wm.WindowManagerService.relayoutWindow:3044 com.android.server.wm.Session.relayout:292 
04-12 20:40:54.804637  1688  1954 D WindowManager: notifyAppOnFocusChange focusedWindow =com.android.settings/com.transsion.settings.usbdialog.UsbMTPChooserActivity;3052;1000 registeredPid=4002 callback=android.window.IFocusChangeCallback$Stub$Proxy@2bb691a
04-12 20:40:54.805477   599  6556 I keystore2: system/security/keystore2/src/security_level.rs:343 - upgrade_keyblob_if_required_with start
04-12 20:40:54.806429   599  6556 I keystore2: system/security/keystore2/src/enforcements.rs:236 - finalize_create_authorization self.state=NoAuthRequired
04-12 20:40:54.806508   599  6556 I keystore2: system/security/keystore2/src/security_level.rs:388 - upgrade_keyblob_if_required_with end; operation_db.create_operation start
04-12 20:40:54.806521   599  6556 I keystore2: system/security/keystore2/src/security_level.rs:406 - operation_db.create_operation end
04-12 20:40:54.828572  1688  1954 I WindowManager: updateSystemBarAttributes appearance:0, win appearance:0, opaqueAppearance:0, win:Window{536cab5 u0 com.android.settings/com.transsion.settings.usbdialog.UsbMTPChooserActivity}, appearanceRegions=[AppearanceRegion{ bounds=[0,0][1208,2644]}]
04-12 20:40:54.842213  1688  1800 V AlarmManager: set(PendingIntent{fcbde7d: PendingIntentRecord{6140700 com.google.android.gms/com.google.android.gms.scheduler broadcastIntent}}) : type=3 triggerAtTime=151999 win=87262 tElapsed=151999 maxElapsed=239261 interval=0 flags=0x0
04-12 20:40:54.845731  1688  2733 D WindowManager: adjustWallpaperWindows use keyguard: false
04-12 20:40:54.845764  1688  2733 I WindowManager:   isAnimating=false  okToAnimate=true  win=Window{257f30b u0 NotificationShade}
04-12 20:40:54.849716  1688  1841 D OomAdjuster: Not killing cached processes
04-12 20:40:54.850254  1688  2112 V InputMethodManagerService: startInputOrWindowGainedFocusInternalLocked: reason=WINDOW_FOCUS_GAIN client=android.os.BinderProxy@1482dfc inputContext=null editorInfo=android.view.inputmethod.EditorInfo@76b89c3 startInputFlags=VIEW_HAS_FOCUS|INITIAL_CONNECTION softInputMode=STATE_UNSPECIFIED|ADJUST_PAN|IS_FORWARD_NAVIGATION windowFlags=#1800002 unverifiedTargetSdkVersion=36 bindingController=com.android.server.inputmethod.InputMethodBindingController@c954240 imeDispatcher=android.window.ImeOnBackInvokedDispatcher@33ce579 cs=ClientState{36ec2be mUid=1000 mPid=3052 mSelfReportedDisplayId=0} imeRequestedVisible=false
04-12 20:40:54.850360  1688  2112 V ImeVisibilityStateComputer: setWindowStateInner, windowToken=android.os.BinderProxy@9f6c6ec, state=ImeTargetWindowState{ imeToken null imeFocusChanged true hasEditorFocused false requestedImeVisible false imeDisplayId 0 softInputModeState STATE_UNSPECIFIED|ADJUST_PAN|IS_FORWARD_NAVIGATION isStartInputByGainFocus true}
04-12 20:40:54.850398  1688  2112 V ImeVisibilityStateComputer: Unspecified window will hide input
04-12 20:40:54.850813  1688  2112 I input_debug: package: com.android.settings mNeedShowSafeInput: false inputType: 0 methodMap: true isKeyguardShowing: false enable: 0 isSplitScreen: false
04-12 20:40:54.854048  1688  3322 D MagellanHandle: updateRefreshRateForSceneVsyncs what = 27
04-12 20:40:54.858936  1688  1991 I tranpm/ServicePolicy: isBlockHsB1 true
04-12 20:40:54.859128  1688  1991 I tranpm/ServicePolicy: limitBindServiceLocked by hs&job - cold: callingPackage = android, targetPkg = com.google.android.apps.docs
04-12 20:40:54.860019  1688  1823 D WindowManager: adjustWallpaperWindows use keyguard: false
04-12 20:40:54.860117  1688  1991 W ActivityManager: Unbind failed: could not find connection for android.app.LoadedApk$ServiceDispatcher$InnerConnection@16a7304
04-12 20:40:54.860374  1688  1991 E JobScheduler.Concurrency: Error executing JobStatus{14e3264 #u0a296/111007999 com.google.android.apps.docs/com.google.android.libraries.notifications.entrypoints.scheduled.ScheduledTaskService u=0 s=10296 TIME=-17s427ms:-17s427ms NET PERIODIC PERSISTED READY}
04-12 20:40:54.865425  1688  1688 D WindowManager: getTopPackages# topPackages = []
04-12 20:40:54.865645  1688  1688 D TranActivityLifecycleManager: [onForegroundAppchange] componentName is UsbMTPChooserActivity return
04-12 20:40:54.871881  1688  1688 I WindowManager:   isAnimating=false  okToAnimate=true  win=Window{19de71d u0 TranssionWaterMark}
04-12 20:40:54.874239  1688  1688 D WindowManager: setParent old=WindowToken{ce073f4 type=2015 android.view.ViewRootImpl$W@eca61c7},new=null,this window=Window{19de71d u0 TranssionWaterMark},callers=com.android.server.wm.WindowContainer.removeChild:905 com.android.server.wm.WindowContainer.removeImmediately:958 com.android.server.wm.WindowState.removeImmediately:2419 com.android.server.wm.WindowState.removeIfPossible:2639 com.android.server.wm.WindowManagerService.removeClientToken:2464 com.android.server.wm.Session.remove:275 
04-12 20:40:54.874291  1688  1688 D WindowManager: removeImmediately mActivityRecord: null type: 2015
04-12 20:40:54.874945  1688  1688 D WindowManager: setParent old=Leaf:33:33@170094597,new=null,this window=WindowToken{ce073f4 type=2015 android.view.ViewRootImpl$W@eca61c7},callers=com.android.server.wm.WindowContainer.removeChild:905 com.android.server.wm.WindowContainer.removeImmediately:958 com.android.server.wm.WindowToken.setExiting:211 com.android.server.wm.DisplayContent.removeWindowToken:1693 com.android.server.wm.WindowToken.removeImmediately:333 com.android.server.wm.WindowToken.removeIfPossible:246 
04-12 20:40:54.875808  7523  7523 D TranClassInfo: instance successfully. com.transsion.hubcore.app.TranAppImpl@ece5f82 from com.transsion.hubcore.app.ITranApp
04-12 20:40:54.877948  1688  1991 I tranpm/ServicePolicy: isBlockHsB1 true
04-12 20:40:54.878173  1688  1991 I tranpm/ServicePolicy: limitBindServiceLocked by hs&job - cold: callingPackage = android, targetPkg = com.google.android.gm
04-12 20:40:54.878552  1688  1991 W ActivityManager: Unbind failed: could not find connection for android.app.LoadedApk$ServiceDispatcher$InnerConnection@89166cc
04-12 20:40:54.883535  1688  2282 I Telecom-TelecomServiceImpl$1: isInEmergencyCall: false: TSI.iIEC@AE8
04-12 20:40:54.885916  1688  1991 E JobScheduler.Concurrency: Error executing JobStatus{183e8fb #u0a246/1007999 com.google.android.gm/com.google.android.libraries.notifications.entrypoints.scheduled.ScheduledTaskService u=0 s=10246 TIME=-17s453ms:+42m23s338ms NET PERIODIC PERSISTED READY}
04-12 20:40:54.887507   599  7795 E keystore2: system/security/keystore2/src/database.rs:1529 -  in make_connection-start
04-12 20:40:54.888164  7523  7523 D TranClassInfo: instance successfully. com.transsion.hubcore.internal.TranInternalViewImpl@d966685 from com.transsion.hubcore.internal.ITranInternalView
04-12 20:40:54.894152   599  7795 I keystore2: system/security/keystore2/src/security_level.rs:245 - caller pid=3052, uid=1000; force = false; key domain=r#KEY_ID, alias = None
04-12 20:40:54.894898   599  7795 I keystore2: system/security/keystore2/src/security_level.rs:343 - upgrade_keyblob_if_required_with start
04-12 20:40:54.895591  7523  7523 V Configuration: Updating configuration, locales updated from [zh_CN_#Hans] to [zh_CN]
04-12 20:40:54.897137   599  7795 I keystore2: system/security/keystore2/src/enforcements.rs:236 - finalize_create_authorization self.state=NoAuthRequired
04-12 20:40:54.897151   599  7795 I keystore2: system/security/keystore2/src/security_level.rs:388 - upgrade_keyblob_if_required_with end; operation_db.create_operation start
04-12 20:40:54.897156   599  7795 I keystore2: system/security/keystore2/src/security_level.rs:406 - operation_db.create_operation end
04-12 20:40:54.902876  2387  5166 D TranAlarmAlignManager: alarmAlign system not ready:false,align:null
04-12 20:40:54.906409  1688  3032 V ActivityManager: New death recipient com.android.server.am.ActivityManagerService$AppDeathRecipient@27e4c0b for thread android.os.BinderProxy@673eae8
04-12 20:40:54.907631  1688  3032 I START_DEBUG: send BINDTIMEOUT    ProcessRecord :ProcessRecord{ad8ce0c 7719:com.mediatek.omacp/1000}
04-12 20:40:54.907650  1688  3032 I START_DEBUG: remove START_TIMEOUT finish    ProcessRecord :ProcessRecord{ad8ce0c 7719:com.mediatek.omacp/1000}
04-12 20:40:54.907710  1688  3032 D os.ActivityManagerServiceLice: make process active com.mediatek.omacp(7719)
04-12 20:40:54.909513  7719  7797 I ActivityThread:  enable system monitor for package: com.mediatek.omacp
04-12 20:40:54.915761  7719  7797 D TranClassInfo: instance successfully. com.transsion.common.thubutils.AppProperties@cfc7f7f from com.transsion.hubsdk.thubutils.IAppProperties
04-12 20:40:54.915924  7719  7797 I AppProperties: enter initialize com.mediatek.omacp
04-12 20:40:54.916050  7719  7797 I AppProperties: readAllPropFiles directoryPath=/system_ext/etc/vconfig/com.mediatek.omacp/
04-12 20:40:54.916130  7719  7797 I AppProperties: enter readPropFiles count=0
04-12 20:40:54.916139  7719  7797 I AppProperties: readAllPropFiles directoryPath=/tr_product/etc/vconfig/com.mediatek.omacp/
04-12 20:40:54.916159  7719  7797 I AppProperties: enter readPropFiles count=0
04-12 20:40:54.916164  7719  7797 I AppProperties: readAllPropFiles directoryPath=/tr_region/etc/vconfig/com.mediatek.omacp/
04-12 20:40:54.916179  7719  7797 I AppProperties: enter readPropFiles count=0
04-12 20:40:54.916184  7719  7797 I AppProperties: readAllPropFiles directoryPath=/tr_carrier/etc/vconfig/com.mediatek.omacp/
04-12 20:40:54.916194  7719  7797 I AppProperties: enter readPropFiles count=0
04-12 20:40:54.916198  7719  7797 I AppProperties: readAllPropFiles directoryPath=/tr_company/etc/vconfig/com.mediatek.omacp/
04-12 20:40:54.916208  7719  7797 I AppProperties: enter readPropFiles count=0
04-12 20:40:54.916215  7719  7797 I AppProperties: readAllPropFiles directoryPath=/tranfs/etc/vconfig/com.mediatek.omacp/
04-12 20:40:54.916258  7719  7797 I AppProperties: enter readPropFiles count=0
04-12 20:40:54.918772  3052  7750 W ContextImpl: Calling a method in the system process without a qualified user: android.app.ContextImpl.bindService:2215 android.content.ContextWrapper.bindService:891 com.bumptech.glide.e.d:39 com.transsion.sdk.oneid.data.UniqueIdInfo.<init>:489 com.transsion.sdk.oneid.data.GroupFpInfo.<init>:193 
04-12 20:40:54.930435  7719  7719 E SystemMonitorUtils:  error to open /dev/ensignal file e=android.system.ErrnoException: open failed: EACCES (Permission denied)
04-12 20:40:54.930903  7719  7719 E SystemMonitorUtils:  error to open /dev/ensignal file e=android.system.ErrnoException: open failed: EACCES (Permission denied)
04-12 20:40:54.934720  1688  2282 E JobScheduler.JobStatus: App com.google.android.inputmethod.latin became active but still in NEVER bucket
04-12 20:40:54.976460  1688  2733 D FaceProvider/default: Starting watchdog for face
04-12 20:40:54.976490  1688  2733 E BiometricScheduler: Current operation is null,no need to start watchdog
04-12 20:40:54.992901  1688  1870 D BroadcastQueue: Hiber/broadcast restricted queue.uid=10256 action=BroadcastRecord{e880856 android.intent.action.SCREEN_ON/u-1}
04-12 20:40:54.999457  1688  3629 V AlarmManager: set(PendingIntent{5428173: PendingIntentRecord{6140700 com.google.android.gms/com.google.android.gms.scheduler broadcastIntent}}) : type=3 triggerAtTime=151999 win=87144 tElapsed=151999 maxElapsed=239143 interval=0 flags=0x0
04-12 20:40:55.000820  1688  2442 E JobScheduler.JobStatus: App com.google.android.inputmethod.latin became active but still in NEVER bucket
04-12 20:40:55.003597  1688  1801 D ActivityTaskManager: isControllerAMonkey mController = null,mControllerIsAMonkey = false
04-12 20:40:55.034854  1688  4635 I ActivityManager: Background started FGS: Allowed [callingPackage: com.google.android.setupwizard; callingUid: 10229; uidState: RCVR; uidBFSL: n/a; intent: Intent { xflg=0x4 cmp=com.google.android.setupwizard/.notification.SetupNotificationService }; code:BACKGROUND_ACTIVITY_PERMISSION; tempAllowListReason:<4d8f92c android.intent.action.BOOT_COMPLETED/u0,reasonCode:BOOT_COMPLETED,duration:20000,callingUid:1000>; allowWiu:58; targetSdkVersion:36; callerTargetSdkVersion:36; startForegroundCount:0; bindFromPackage:null: isBindService:false]
04-12 20:40:55.035316  2387  5166 D TranAlarmAlignManager: alarmAlign system not ready:false,align:null
04-12 20:40:55.039183  1688  2281 I START_DEBUG: remove BIND_TIMEOUT finish    ProcessRecord :ProcessRecord{ad8ce0c 7719:com.mediatek.omacp/1000}
04-12 20:40:55.042933  1688  1688 W Looper  : Slow dispatch took 134ms main app=system_server main=true h=android.app.ActivityThread$H c=android.app.LoadedApk$ReceiverDispatcher$Args$$ExternalSyntheticLambda0@edd7424 m=0
