04-12 20:40:55.714893   599   599 I keystore2: system/security/keystore2/src/security_level.rs:343 - upgrade_keyblob_if_required_with start
04-12 20:40:55.718290   599   599 I keystore2: system/security/keystore2/src/enforcements.rs:236 - finalize_create_authorization self.state=NoAuthRequired
04-12 20:40:55.718324   599   599 I keystore2: system/security/keystore2/src/security_level.rs:388 - upgrade_keyblob_if_required_with end; operation_db.create_operation start
04-12 20:40:55.718330   599   599 I keystore2: system/security/keystore2/src/security_level.rs:406 - operation_db.create_operation end
04-12 20:40:55.719906  1688  2044 D Griffin/filterReceiveBroadcast: not limit Intent { flg=0x10 xflg=0x4 cmp=com.mediatek.schpwronoff/.SchPwrOnReceiver (has extras) } for resultTo not null
04-12 20:40:55.720222  1688  2044 D AlarmManager: mBroadcastRefCount -> 1
04-12 20:40:55.720879  1688  4635 D Hiber/alarmManagerServiceExtImpl: proxyAlarms leave, uid=10111, packageName=com.transsion.dualapp
04-12 20:40:55.737275  1688  3322 D AlarmManager: alarm set type 7 , package name com.mediatek.schpwronoff
04-12 20:40:55.737319  1688  3322 W AlarmManager: PowerOff alarm set time is wrong! nowTime = 1775997655737 ; triggerAtTime = -150000
04-12 20:40:55.737344  1688  3322 V AlarmManager: set(PendingIntent{cd8e60d: PendingIntentRecord{98019c2 com.mediatek.schpwronoff broadcastIntent}}) : type=0 triggerAtTime=0 win=0 tElapsed=36544 maxElapsed=36544 interval=0 flags=0x9
04-12 20:40:55.748296  1688  2164 I NotificationService: Cannot find enqueued record for key: 0|com.mediatek.omacp|126|null|1000
04-12 20:40:55.755091   599   599 I keystore2: system/security/keystore2/src/security_level.rs:245 - caller pid=7892, uid=1000; force = false; key domain=r#KEY_ID, alias = None
04-12 20:40:55.755326   599   599 I keystore2: system/security/keystore2/src/security_level.rs:343 - upgrade_keyblob_if_required_with start
04-12 20:40:55.756732  7892  7997 W ContextImpl: Calling a method in the system process without a qualified user: android.app.ContextImpl.bindService:2215 android.content.ContextWrapper.bindService:891 v0.a:39 vq$a.run:4 java.lang.Thread.run:1564 
04-12 20:40:55.757490   599   599 I keystore2: system/security/keystore2/src/enforcements.rs:236 - finalize_create_authorization self.state=NoAuthRequired
04-12 20:40:55.757517   599   599 I keystore2: system/security/keystore2/src/security_level.rs:388 - upgrade_keyblob_if_required_with end; operation_db.create_operation start
04-12 20:40:55.757522   599   599 I keystore2: system/security/keystore2/src/security_level.rs:406 - operation_db.create_operation end
04-12 20:40:55.760989  1688  2282 I AppWidgetServiceImpl: getAppWidgetIds() 0
04-12 20:40:55.761240  1688  2282 I AppWidgetServiceImpl: getAppWidgetIds() 0
04-12 20:40:55.763917  1688  4258 V ActivityManager: New death recipient com.android.server.am.ActivityManagerService$AppDeathRecipient@c91a840 for thread android.os.BinderProxy@cc85379
04-12 20:40:55.764796  1688  4258 D CompatChangeReporter: Compat change id reported: 151861875; UID 1000; state: ENABLED
04-12 20:40:55.765689  1688  4258 I START_DEBUG: send BINDTIMEOUT    ProcessRecord :ProcessRecord{20e1d76 7967:com.mediatek.batterywarning/1000}
04-12 20:40:55.765727  1688  4258 I START_DEBUG: remove START_TIMEOUT finish    ProcessRecord :ProcessRecord{20e1d76 7967:com.mediatek.batterywarning/1000}
04-12 20:40:55.765792  1688  4258 D os.ActivityManagerServiceLice: make process active com.mediatek.batterywarning(7967)
04-12 20:40:55.766471  7967  7989 I ActivityThread:  enable system monitor for package: com.mediatek.batterywarning
04-12 20:40:55.767192  7967  7967 E SystemMonitorUtils:  error to open /dev/ensignal file e=android.system.ErrnoException: open failed: EACCES (Permission denied)
04-12 20:40:55.767258  7967  7967 E SystemMonitorUtils:  error to open /dev/ensignal file e=android.system.ErrnoException: open failed: EACCES (Permission denied)
04-12 20:40:55.768107  7967  7989 D TranClassInfo: instance successfully. com.transsion.common.thubutils.AppProperties@1952b4c from com.transsion.hubsdk.thubutils.IAppProperties
04-12 20:40:55.768183  7967  7989 I AppProperties: enter initialize com.mediatek.batterywarning
04-12 20:40:55.768282  7967  7989 I AppProperties: readAllPropFiles directoryPath=/system_ext/etc/vconfig/com.mediatek.batterywarning/
04-12 20:40:55.768313  1688  4286 D UsfSystemServer/appSceneHooker: action is empty in service bind status
04-12 20:40:55.768327  7967  7989 I AppProperties: enter readPropFiles count=0
04-12 20:40:55.768333  7967  7989 I AppProperties: readAllPropFiles directoryPath=/tr_product/etc/vconfig/com.mediatek.batterywarning/
04-12 20:40:55.768346  7967  7989 I AppProperties: enter readPropFiles count=0
04-12 20:40:55.768349  7967  7989 I AppProperties: readAllPropFiles directoryPath=/tr_region/etc/vconfig/com.mediatek.batterywarning/
04-12 20:40:55.768360  7967  7989 I AppProperties: enter readPropFiles count=0
04-12 20:40:55.768363  7967  7989 I AppProperties: readAllPropFiles directoryPath=/tr_carrier/etc/vconfig/com.mediatek.batterywarning/
04-12 20:40:55.768370  7967  7989 I AppProperties: enter readPropFiles count=0
04-12 20:40:55.768374  7967  7989 I AppProperties: readAllPropFiles directoryPath=/tr_company/etc/vconfig/com.mediatek.batterywarning/
04-12 20:40:55.768381  7967  7989 I AppProperties: enter readPropFiles count=0
04-12 20:40:55.768384  7967  7989 I AppProperties: readAllPropFiles directoryPath=/tranfs/etc/vconfig/com.mediatek.batterywarning/
04-12 20:40:55.768420  7967  7989 I AppProperties: enter readPropFiles count=0
04-12 20:40:55.770817  7892  7975 W ContextImpl: Calling a method in the system process without a qualified user: android.app.ContextImpl.bindService:2215 android.content.ContextWrapper.bindService:891 ua2.a:39 com.transsion.sdk.oneid.data.UniqueIdInfo.<init>:426 com.transsion.sdk.oneid.data.GroupFpInfo.<init>:207 
04-12 20:40:55.773202  1688  1801 I UsfSystemServer/appSceneHooker: duplicate service bind status, skip
04-12 20:40:55.781852  1688  2732 I UsfSystemServer/appSceneHooker: duplicate service bind status, skip
04-12 20:40:55.782296  1688  1688 W Looper  : Slow dispatch took 141ms main app=system_server main=true h=android.app.ActivityThread$H c=android.app.LoadedApk$ReceiverDispatcher$Args$$ExternalSyntheticLambda0@a1bf8b1 m=0
04-12 20:40:55.784614  1688  4292 I UsfSystemServer/appSceneHooker: duplicate service bind status, skip
04-12 20:40:55.789668  1688  1954 D UsfSystemServer/appSceneHooker: action is empty in service bind status
04-12 20:40:55.789873  1688  3629 I AlarmManager: remove power off alarm pacakge name com.mediatek.schpwronoff
04-12 20:40:55.790149  1688  1800 V AlarmManager: set(PendingIntent{295649c: PendingIntentRecord{6140700 com.google.android.gms/com.google.android.gms.scheduler broadcastIntent}}) : type=3 triggerAtTime=151999 win=86562 tElapsed=151999 maxElapsed=238561 interval=0 flags=0x0
04-12 20:40:55.790187  2387  2419 D TranAlarmAlignManager: alarmAlign system not ready:false,align:null
04-12 20:40:55.797875  2387  2419 D TranAlarmAlignManager: alarmAlign system not ready:false,align:null
04-12 20:40:55.799358  1688  2044 V AlarmManager: Checking for alarms... rtc=1775997655790, elapsed=36597
04-12 20:40:55.799477  1688  2044 D Hiber/alarmManagerServiceExtImpl: allow exact alarm with permission:Alarm{c5663a3 type 0 origWhen 0 whenElapsed 36596 com.mediatek.schpwronoff}
04-12 20:40:55.799884  1688  2044 V AlarmManager: Triggering alarm #0: Alarm{c5663a3 type 0 origWhen 0 whenElapsed 36596 com.mediatek.schpwronoff}
04-12 20:40:55.800203  1688  2044 V AlarmManager: sending alarm Alarm{c5663a3 type 0 origWhen 0 whenElapsed 36596 com.mediatek.schpwronoff}
04-12 20:40:55.800640  1688  2044 I ActivityManager: checkedOptions.getThunderBackSupport() = false, packageName = com.mediatek.schpwronoff , thunderbackUserId = 0
04-12 20:40:55.800685  1688  2044 I TranCustomizedTransitionAnimController: TranDynamicBarAnimControllerImpl setFromDynamicIslandToWindow pkgName:com.mediatek.schpwronoff
04-12 20:40:55.800778  1688  2044 I TranCustomizedTransitionAnimController: start setFromDynamicIslandToWindow startFromDynamicIsland:false targetPkgName:null
04-12 20:40:55.800852  1688  2044 I TranCustomizedTransitionAnimController: end setFromDynamicIslandToWindow mDynamicIslandPkgName:com.mediatek.schpwronoff mStartFromDynamicIsland:false
04-12 20:40:55.801994  7852  7934 W PowerProfile: ambient.on is deprecated! Use ambient.on.display0 instead.
04-12 20:40:55.802291  7852  7934 W PowerProfile: screen.on is deprecated! Use screen.on.display0 instead.
04-12 20:40:55.802311  7852  7934 W PowerProfile: screen.full is deprecated! Use screen.full.display0 instead.
04-12 20:40:55.802864  7852  7934 W ModemPowerProfile: getAverageBatteryDrainMaH called with unexpected key: 0x0, drain:SLEEP,RAT:DEFAULT
04-12 20:40:55.803112  7852  7934 W ModemPowerProfile: getAverageBatteryDrainMaH called with unexpected key: 0x10000000, drain:IDLE,RAT:DEFAULT
04-12 20:40:55.803155  7852  7934 W ModemPowerProfile: getAverageBatteryDrainMaH called with unexpected key: 0x20000000, drain:RX,RAT:DEFAULT
04-12 20:40:55.803173  7852  7934 W ModemPowerProfile: getAverageBatteryDrainMaH called with unexpected key: 0x30000000, drain:TX,level:0,RAT:DEFAULT
04-12 20:40:55.803182  7852  7934 W ModemPowerProfile: getAverageBatteryDrainMaH called with unexpected key: 0x31000000, drain:TX,level:1,RAT:DEFAULT
04-12 20:40:55.803190  7852  7934 W ModemPowerProfile: getAverageBatteryDrainMaH called with unexpected key: 0x32000000, drain:TX,level:2,RAT:DEFAULT
04-12 20:40:55.803196  7852  7934 W ModemPowerProfile: getAverageBatteryDrainMaH called with unexpected key: 0x33000000, drain:TX,level:3,RAT:DEFAULT
04-12 20:40:55.803203  7852  7934 W ModemPowerProfile: getAverageBatteryDrainMaH called with unexpected key: 0x34000000, drain:TX,level:4,RAT:DEFAULT
04-12 20:40:55.806531  1688  2044 D Griffin/filterReceiveBroadcast: not limit Intent { flg=0x10 xflg=0x4 cmp=com.mediatek.schpwronoff/.SchPwrOnReceiver (has extras) } for resultTo not null
04-12 20:40:55.807143  1688  2732 I START_DEBUG: remove BIND_TIMEOUT finish    ProcessRecord :ProcessRecord{20e1d76 7967:com.mediatek.batterywarning/1000}
04-12 20:40:55.807622  1688  2044 D AlarmManager: mBroadcastRefCount -> 2
04-12 20:40:55.809085  1688  4793 V AlarmManager: set(PendingIntent{4c92ccc: PendingIntentRecord{7166b15 com.google.android.gms/com.google.android.gms.auth_authzen__phone startService}}) : type=3 triggerAtTime=51610 win=11248 tElapsed=51610 maxElapsed=62858 interval=0 flags=0x0
04-12 20:40:55.810990  7892  7937 W ContextImpl: Calling a method in the system process without a qualified user: android.app.ContextImpl.bindService:2215 android.content.ContextWrapper.bindService:891 kt1.b:32 cj1.d:16 com.transsion.audiosmartconnect.popup.application.PopUpApplication$c.invokeSuspend:17 
04-12 20:40:55.813525  7892  7996 W ContextImpl: Calling a method in the system process without a qualified user: android.app.ContextImpl.bindService:2215 android.content.ContextWrapper.bindService:891 m7.ij.g:11 m7.ij.d:103 m7.gy.a:203 
04-12 20:40:55.824782  2387  2419 D TranAlarmAlignManager: alarmAlign system not ready:false,align:null
04-12 20:40:55.839040  1688  4258 V AlarmManager: set(PendingIntent{868d394: PendingIntentRecord{6140700 com.google.android.gms/com.google.android.gms.scheduler broadcastIntent}}) : type=3 triggerAtTime=151999 win=86514 tElapsed=151999 maxElapsed=238513 interval=0 flags=0x0
04-12 20:40:55.850198  2387  5166 D TranAlarmAlignManager: alarmAlign system not ready:false,align:null
04-12 20:40:55.857696  1688  1870 I tranpm/BroadcastPolicy: isBlockHs2 true
04-12 20:40:55.857757  1688  1870 I tranpm/BroadcastPolicy: limitScheduleReceiverColdLocked by idle: callingPackage = com.google.android.providers.media.module, targetPkg = com.google.android.photopicker action = android.intent.action.MAIN
04-12 20:40:55.858480  1688  3629 D ActivityTaskManager: isControllerAMonkey mController = null,mControllerIsAMonkey = false
04-12 20:40:55.859386  1688  1870 I tranpm/BroadcastPolicy: isBlockHs1 false
04-12 20:40:55.859449  1688  1870 I tranpm/BroadcastPolicy: limitScheduleReceiverColdLocked by systemSence - cold: callingPackage = android, targetPkg = com.android.externalstorage
04-12 20:40:55.862965  1688  1870 I tranpm/BroadcastPolicy: isBlockHs1 false
04-12 20:40:55.863012  1688  1870 I tranpm/BroadcastPolicy: limitScheduleReceiverColdLocked by systemSence - cold: callingPackage = android, targetPkg = com.facemoji.lite.transsion
04-12 20:40:55.864217  1688  1870 I tranpm/BroadcastPolicy: isBlockHs1 true
04-12 20:40:55.864258  1688  1870 I tranpm/BroadcastPolicy: limitScheduleReceiverColdLocked by hs: callingPackage = android, targetPkg = com.google.android.apps.photos action = android.intent.action.MEDIA_MOUNTED
04-12 20:40:55.867013  1688  4258 D ActivityTaskManager: isControllerAMonkey mController = null,mControllerIsAMonkey = false
04-12 20:40:55.867063  1688  1870 I tranpm/BroadcastPolicy: isBlockHs1 false
04-12 20:40:55.867116  1688  1870 I tranpm/BroadcastPolicy: limitScheduleReceiverColdLocked by systemSence - cold: callingPackage = android, targetPkg = com.android.externalstorage
04-12 20:40:55.867744  1688  1870 I tranpm/BroadcastPolicy: isBlockHs1 false
04-12 20:40:55.867783  1688  1870 I tranpm/BroadcastPolicy: limitScheduleReceiverColdLocked by systemSence - cold: callingPackage = android, targetPkg = com.facemoji.lite.transsion
04-12 20:40:55.869030  1688  4450 I START_DEBUG: remove BIND_TIMEOUT finish    ProcessRecord :ProcessRecord{599adbe 7892:com.transsion.audiosmartconnect/1000}
04-12 20:40:55.869093  1688  1688 D AlarmManager: mBroadcastRefCount -> 1
04-12 20:40:55.872307  1688  1954 I UsfSystemServer/appSceneHooker: duplicate service bind status, skip
04-12 20:40:55.877364  1688  1870 I tranpm/BroadcastPolicy: isBlockHs1 true
04-12 20:40:55.877430  1688  1870 I tranpm/BroadcastPolicy: limitScheduleReceiverColdLocked by hs: callingPackage = android, targetPkg = com.google.android.apps.photos action = android.intent.action.MEDIA_MOUNTED
04-12 20:40:55.883773  1688  2732 V AlarmManager: set(PendingIntent{f7b50ad: PendingIntentRecord{6140700 com.google.android.gms/com.google.android.gms.scheduler broadcastIntent}}) : type=3 triggerAtTime=151999 win=86481 tElapsed=151999 maxElapsed=238480 interval=0 flags=0x0
04-12 20:40:55.889470  2387  5166 D TranAlarmAlignManager: alarmAlign system not ready:false,align:null
04-12 20:40:55.894264  1688  1871 I ActivityManager: Start proc 8035:com.android.chrome/u0a241 for broadcast {com.android.chrome/com.google.android.apps.chrome.rlz.RevenueStatsConfigurationUpdateReceiver}
04-12 20:40:55.894589  1688  1871 I START_DEBUG: send START_TIMEOUT message    ProcessRecord :ProcessRecord{2523e71 8035:com.android.chrome/u0a241}
04-12 20:40:55.894742  1688  1871 I ActivityManager: ProcessObserver broadcast disabled
04-12 20:40:55.907953  1688  4286 V ActivityManager: New death recipient com.android.server.am.ActivityManagerService$AppDeathRecipient@fa2e865 for thread android.os.BinderProxy@e49e93a
04-12 20:40:55.908069  1688  1688 D AlarmManager: mBroadcastRefCount -> 0
04-12 20:40:55.910057  1688  4286 I START_DEBUG: send BINDTIMEOUT    ProcessRecord :ProcessRecord{2523e71 8035:com.android.chrome/u0a241}
04-12 20:40:55.910082  1688  4286 I START_DEBUG: remove START_TIMEOUT finish    ProcessRecord :ProcessRecord{2523e71 8035:com.android.chrome/u0a241}
04-12 20:40:55.910142  1688  4286 D os.ActivityManagerServiceLice: make process active com.android.chrome(8035)
04-12 20:40:55.915311  2387  2457 I Usf_Hiber/appStateMachine: TranAppStateMachine initial
04-12 20:40:55.915382  2387  2452 I Usf_Hiber/appStateMachine: uid:10241 enter DefaultState
04-12 20:40:55.915541  2387  2452 I Usf_Hiber/appStateMachine: uid:10241 enter RunningState
04-12 20:40:55.916557  1688  2732 W ActivityManager: Receiver with filter android.content.IntentFilter@a5979c7 already registered for pid 7892, callerPackage is com.transsion.audiosmartconnect
04-12 20:40:55.918111  1688  2732 V AlarmManager: set(PendingIntent{21dabf4: PendingIntentRecord{6140700 com.google.android.gms/com.google.android.gms.scheduler broadcastIntent}}) : type=3 triggerAtTime=151999 win=86455 tElapsed=151999 maxElapsed=238454 interval=0 flags=0x0
04-12 20:40:55.920259  8035  8050 D TranClassInfo: instance successfully. com.transsion.common.thubutils.AppProperties@42e90aa from com.transsion.hubsdk.thubutils.IAppProperties
04-12 20:40:55.920378  8035  8050 I AppProperties: enter initialize com.android.chrome
04-12 20:40:55.920471  8035  8050 I AppProperties: readAllPropFiles directoryPath=/system_ext/etc/vconfig/com.android.chrome/
04-12 20:40:55.920527  8035  8050 I AppProperties: enter readPropFiles count=0
04-12 20:40:55.920538  8035  8050 I AppProperties: readAllPropFiles directoryPath=/tr_product/etc/vconfig/com.android.chrome/
04-12 20:40:55.920558  8035  8050 I AppProperties: enter readPropFiles count=0
04-12 20:40:55.920563  8035  8050 I AppProperties: readAllPropFiles directoryPath=/tr_region/etc/vconfig/com.android.chrome/
04-12 20:40:55.920576  8035  8050 I AppProperties: enter readPropFiles count=0
04-12 20:40:55.920581  8035  8050 I AppProperties: readAllPropFiles directoryPath=/tr_carrier/etc/vconfig/com.android.chrome/
04-12 20:40:55.920591  8035  8050 I AppProperties: enter readPropFiles count=0
04-12 20:40:55.920596  8035  8050 I AppProperties: readAllPropFiles directoryPath=/tr_company/etc/vconfig/com.android.chrome/
04-12 20:40:55.920607  8035  8050 I AppProperties: enter readPropFiles count=0
04-12 20:40:55.920613  8035  8050 I AppProperties: readAllPropFiles directoryPath=/tranfs/etc/vconfig/com.android.chrome/
04-12 20:40:55.920686  8035  8050 I AppProperties: enter readPropFiles count=0
04-12 20:40:55.921106  1688  1801 I UsfSystemServer/appSceneHooker: duplicate service bind status, skip
04-12 20:40:55.921552  1688  4286 W ActivityManager: Receiver with filter android.content.IntentFilter@2639360 already registered for pid 7892, callerPackage is com.transsion.audiosmartconnect
04-12 20:40:55.922150  2387  2419 D TranAlarmAlignManager: alarmAlign system not ready:false,align:null
04-12 20:40:55.932657  1688  2282 D UsfSystemServer/appSceneHooker: action is empty in service bind status
04-12 20:40:55.948970  1688  4258 I UsfSystemServer/appSceneHooker: duplicate service bind status, skip
04-12 20:40:55.950828  1688  4450 I UsfSystemServer/appSceneHooker: duplicate service bind status, skip
04-12 20:40:55.953313  1688  4258 V AlarmManager: set(PendingIntent{1b2a98d: PendingIntentRecord{6140700 com.google.android.gms/com.google.android.gms.scheduler broadcastIntent}}) : type=3 triggerAtTime=151999 win=86429 tElapsed=151999 maxElapsed=238428 interval=0 flags=0x0
04-12 20:40:55.953580  2387  5166 D TranAlarmAlignManager: alarmAlign system not ready:false,align:null
04-12 20:40:55.962170  7892  7975 W PowerProfile: ambient.on is deprecated! Use ambient.on.display0 instead.
04-12 20:40:55.962223  7892  7975 W PowerProfile: screen.on is deprecated! Use screen.on.display0 instead.
04-12 20:40:55.962239  7892  7975 W PowerProfile: screen.full is deprecated! Use screen.full.display0 instead.
04-12 20:40:55.962301  7892  7975 W ModemPowerProfile: getAverageBatteryDrainMaH called with unexpected key: 0x0, drain:SLEEP,RAT:DEFAULT
04-12 20:40:55.962354  7892  7975 W ModemPowerProfile: getAverageBatteryDrainMaH called with unexpected key: 0x10000000, drain:IDLE,RAT:DEFAULT
04-12 20:40:55.962395  7892  7975 W ModemPowerProfile: getAverageBatteryDrainMaH called with unexpected key: 0x20000000, drain:RX,RAT:DEFAULT
04-12 20:40:55.962410  7892  7975 W ModemPowerProfile: getAverageBatteryDrainMaH called with unexpected key: 0x30000000, drain:TX,level:0,RAT:DEFAULT
04-12 20:40:55.962420  7892  7975 W ModemPowerProfile: getAverageBatteryDrainMaH called with unexpected key: 0x31000000, drain:TX,level:1,RAT:DEFAULT
04-12 20:40:55.962427  7892  7975 W ModemPowerProfile: getAverageBatteryDrainMaH called with unexpected key: 0x32000000, drain:TX,level:2,RAT:DEFAULT
04-12 20:40:55.962433  7892  7975 W ModemPowerProfile: getAverageBatteryDrainMaH called with unexpected key: 0x33000000, drain:TX,level:3,RAT:DEFAULT
04-12 20:40:55.962439  7892  7975 W ModemPowerProfile: getAverageBatteryDrainMaH called with unexpected key: 0x34000000, drain:TX,level:4,RAT:DEFAULT
04-12 20:40:55.962808  7892  7975 D TranClassInfo: instance successfully. com.transsion.hubcore.view.TranDisplayImpl@bda199d from com.transsion.hubcore.view.ITranDisplay
04-12 20:40:55.981164  1688  4450 I START_DEBUG: remove BIND_TIMEOUT finish    ProcessRecord :ProcessRecord{2523e71 8035:com.android.chrome/u0a241}
04-12 20:40:56.183780  1688  4294 D ActivityManager: freezer override set to false
04-12 20:40:56.203382  1688  4294 I TranWakeGestureListenerExt: getSuitableLiftToWakeSensor: only mTranPickUpSensor available, return it
04-12 20:40:56.245516  1688  4294 D ActivityManager: freezer override set to true
04-12 20:40:56.349951  1688  2044 V AlarmManager: Checking for alarms... rtc=1775997656349, elapsed=37157
04-12 20:40:56.375995  2387  2455 I Usf_Hiber/nativeServiceClient: check sync_binder uid=10111
04-12 20:40:56.518005  1688  4450 D NotificationService: areNotificationsEnabledForPackage pkg=com.google.android.googlequicksearchbox, uid=10233 enabled = true
04-12 20:40:56.518133  1688  3629 D NotificationService: areNotificationsEnabledForPackage pkg=com.google.android.googlequicksearchbox, uid=10233 enabled = true
04-12 20:40:56.518405  1688  3322 D NotificationService: areNotificationsEnabledForPackage pkg=com.google.android.googlequicksearchbox, uid=10233 enabled = true
04-12 20:40:56.518619  1688  4450 D NotificationService: areNotificationsEnabledForPackage pkg=com.google.android.googlequicksearchbox, uid=10233 enabled = true
04-12 20:40:56.519021  1688  4450 D NotificationService: areNotificationsEnabledForPackage pkg=com.google.android.googlequicksearchbox, uid=10233 enabled = true
04-12 20:40:56.519555  1688  3322 D NotificationService: areNotificationsEnabledForPackage pkg=com.google.android.googlequicksearchbox, uid=10233 enabled = true
04-12 20:40:56.520108  1688  3322 D NotificationService: areNotificationsEnabledForPackage pkg=com.google.android.googlequicksearchbox, uid=10233 enabled = true
04-12 20:40:56.520485  1688  3322 D NotificationService: areNotificationsEnabledForPackage pkg=com.google.android.googlequicksearchbox, uid=10233 enabled = true
04-12 20:40:56.521436  1688  3322 D NotificationService: areNotificationsEnabledForPackage pkg=com.google.android.googlequicksearchbox, uid=10233 enabled = true
04-12 20:40:56.521971  1688  4258 D NotificationService: areNotificationsEnabledForPackage pkg=com.google.android.googlequicksearchbox, uid=10233 enabled = true
04-12 20:40:56.522313  1688  4258 D NotificationService: areNotificationsEnabledForPackage pkg=com.google.android.googlequicksearchbox, uid=10233 enabled = true
04-12 20:40:56.522535  1688  4258 D NotificationService: areNotificationsEnabledForPackage pkg=com.google.android.googlequicksearchbox, uid=10233 enabled = true
04-12 20:40:56.523396  1688  3629 D NotificationService: areNotificationsEnabledForPackage pkg=com.google.android.googlequicksearchbox, uid=10233 enabled = true
04-12 20:40:56.523648  1688  4450 D NotificationService: areNotificationsEnabledForPackage pkg=com.google.android.googlequicksearchbox, uid=10233 enabled = true
04-12 20:40:56.523797  1688  4258 D NotificationService: areNotificationsEnabledForPackage pkg=com.google.android.googlequicksearchbox, uid=10233 enabled = true
04-12 20:40:56.524228  1688  3629 D NotificationService: areNotificationsEnabledForPackage pkg=com.google.android.googlequicksearchbox, uid=10233 enabled = true
04-12 20:40:56.524324  1688  4258 D NotificationService: areNotificationsEnabledForPackage pkg=com.google.android.googlequicksearchbox, uid=10233 enabled = true
04-12 20:40:56.524861  1688  4258 D NotificationService: areNotificationsEnabledForPackage pkg=com.google.android.googlequicksearchbox, uid=10233 enabled = true
04-12 20:40:56.525431  1688  3322 D NotificationService: areNotificationsEnabledForPackage pkg=com.google.android.googlequicksearchbox, uid=10233 enabled = true
04-12 20:40:56.526353  1688  3629 D NotificationService: areNotificationsEnabledForPackage pkg=com.google.android.googlequicksearchbox, uid=10233 enabled = true
04-12 20:40:56.526984  1688  3629 D NotificationService: areNotificationsEnabledForPackage pkg=com.google.android.googlequicksearchbox, uid=10233 enabled = true
04-12 20:40:56.629510  1688  4450 D UsfSystemServer/appSceneHooker: action is empty in service bind status
04-12 20:40:56.750648  1688  2269 D thermalLightController: resetRatePolicy: Abandon policy reset to false
04-12 20:40:56.853617  1688  4450 D NotificationService: areNotificationsEnabledForPackage pkg=com.google.android.googlequicksearchbox, uid=10233 enabled = true
04-12 20:40:56.854142  1688  4450 D NotificationService: areNotificationsEnabledForPackage pkg=com.google.android.googlequicksearchbox, uid=10233 enabled = true
04-12 20:40:56.855011  1688  3322 D NotificationService: areNotificationsEnabledForPackage pkg=com.google.android.googlequicksearchbox, uid=10233 enabled = true
04-12 20:40:56.855663  1688  4450 D NotificationService: areNotificationsEnabledForPackage pkg=com.google.android.googlequicksearchbox, uid=10233 enabled = true
04-12 20:40:56.856376  1688  4450 D NotificationService: areNotificationsEnabledForPackage pkg=com.google.android.googlequicksearchbox, uid=10233 enabled = true
04-12 20:40:56.856915  1688  4450 D NotificationService: areNotificationsEnabledForPackage pkg=com.google.android.googlequicksearchbox, uid=10233 enabled = true
04-12 20:40:56.857459  1688  4450 D NotificationService: areNotificationsEnabledForPackage pkg=com.google.android.googlequicksearchbox, uid=10233 enabled = true
04-12 20:40:56.928106  1688  3629 I UsfSystemServer/appSceneHooker: duplicate service bind status, skip
04-12 20:40:56.998204  1688  4450 D NotificationService: areNotificationsEnabledForPackage pkg=com.google.android.googlequicksearchbox, uid=10233 enabled = true
04-12 20:40:56.998665  1688  3322 D NotificationService: areNotificationsEnabledForPackage pkg=com.google.android.googlequicksearchbox, uid=10233 enabled = true
04-12 20:40:56.999454  1688  4450 D NotificationService: areNotificationsEnabledForPackage pkg=com.google.android.googlequicksearchbox, uid=10233 enabled = true
04-12 20:40:57.000337  1688  3629 D NotificationService: areNotificationsEnabledForPackage pkg=com.google.android.googlequicksearchbox, uid=10233 enabled = true
04-12 20:40:57.001335  1688  3629 D NotificationService: areNotificationsEnabledForPackage pkg=com.google.android.googlequicksearchbox, uid=10233 enabled = true
04-12 20:40:57.002020  1688  3629 D NotificationService: areNotificationsEnabledForPackage pkg=com.google.android.googlequicksearchbox, uid=10233 enabled = true
04-12 20:40:57.002454  1688  3629 D NotificationService: areNotificationsEnabledForPackage pkg=com.google.android.googlequicksearchbox, uid=10233 enabled = true
04-12 20:40:57.028937  1688  4258 D NotificationService: areNotificationsEnabledForPackage pkg=com.google.android.googlequicksearchbox, uid=10233 enabled = true
04-12 20:40:57.030654  1688  3322 D NotificationService: areNotificationsEnabledForPackage pkg=com.google.android.googlequicksearchbox, uid=10233 enabled = true
04-12 20:40:57.031440  1688  3322 D NotificationService: areNotificationsEnabledForPackage pkg=com.google.android.googlequicksearchbox, uid=10233 enabled = true
04-12 20:40:57.037532  1688  3629 W ActivityManager: Unable to start service Intent { act=com.google.android.gms.lockbox.service.START xflg=0x4 pkg=com.google.android.gms } U=0: not found
04-12 20:40:57.037853  1688  3629 W ActivityManager: Unbind failed: could not find connection for android.os.BinderProxy@e9eb37d
04-12 20:40:57.041846  1688  3629 D NotificationService: areNotificationsEnabledForPackage pkg=com.google.android.googlequicksearchbox, uid=10233 enabled = true
04-12 20:40:57.042156  1688  3322 D NotificationService: areNotificationsEnabledForPackage pkg=com.google.android.googlequicksearchbox, uid=10233 enabled = true
04-12 20:40:57.042661  1688  3629 D NotificationService: areNotificationsEnabledForPackage pkg=com.google.android.googlequicksearchbox, uid=10233 enabled = true
04-12 20:40:57.043218  1688  3322 D NotificationService: areNotificationsEnabledForPackage pkg=com.google.android.googlequicksearchbox, uid=10233 enabled = true
04-12 20:40:57.051614  1688  4258 V AlarmManager: set(PendingIntent{c9383be: PendingIntentRecord{6140700 com.google.android.gms/com.google.android.gms.scheduler broadcastIntent}}) : type=3 triggerAtTime=151999 win=85605 tElapsed=151999 maxElapsed=237604 interval=0 flags=0x0
04-12 20:40:57.051927  2387  5166 D TranAlarmAlignManager: alarmAlign system not ready:false,align:null
04-12 20:40:57.146375  1688  1688 W TranSecureKeyboardManagerImpl: *** Secure Keyboard Service: recovery
04-12 20:40:57.232120  1688  4258 D UsfSystemServer/TranUsfAppInternal: begin destroyNetworkByUid, mUid: 10179
04-12 20:40:57.318078  1688  4258 I tranpm/ServicePolicy: limitBindServiceLocked by systemSence - cold: callingPackage = com.android.vending, targetPkg = com.android.vending
04-12 20:40:57.319833  1688  4258 W ActivityManager: Unbind failed: could not find connection for android.os.BinderProxy@3d5d535
04-12 20:40:57.489251  1688  1954 D UsfSystemServer/TranUsfAppInternal: begin destroyNetworkByUid, mUid: 10160
04-12 20:40:57.496292  1688  1954 D UsfSystemServer/TranUsfAppInternal: begin destroyNetworkByUid, mUid: 10256
04-12 20:40:57.499951  1688  2143 W ActivityManager: Unable to start service Intent { act=android.wifi.ScorerService xflg=0x4 pkg=com.transsion.overlaysuw } U=0: not found
04-12 20:40:57.500314  1688  2143 W ActivityManager: Unbind failed: could not find connection for android.app.LoadedApk$ServiceDispatcher$InnerConnection@5ca6a01
04-12 20:40:57.500632  1688  2143 W ActivityManager: Unable to start service Intent { act=android.wifi.ScorerService xflg=0x4 pkg=com.transsion.smartpanel } U=0: not found
04-12 20:40:57.501384  1688  2143 W ActivityManager: Unbind failed: could not find connection for android.app.LoadedApk$ServiceDispatcher$InnerConnection@e482ae7
04-12 20:40:57.501692  1688  2143 W ActivityManager: Unable to start service Intent { act=android.wifi.ScorerService xflg=0x4 pkg=com.transsion.usf } U=0: not found
04-12 20:40:57.502044  1688  2143 W ActivityManager: Unbind failed: could not find connection for android.app.LoadedApk$ServiceDispatcher$InnerConnection@d72a53d
04-12 20:40:57.502485  1688  2143 W ActivityManager: Unable to start service Intent { act=android.wifi.ScorerService xflg=0x4 pkg=com.transsion.systemupdate } U=0: not found
04-12 20:40:57.503095  1688  2143 W ActivityManager: Unbind failed: could not find connection for android.app.LoadedApk$ServiceDispatcher$InnerConnection@9e28e83
04-12 20:40:57.503362  1688  2143 W ActivityManager: Unable to start service Intent { act=android.wifi.ScorerService xflg=0x4 pkg=com.transsion.tranengine } U=0: not found
04-12 20:40:57.503695  1688  2143 W ActivityManager: Unbind failed: could not find connection for android.app.LoadedApk$ServiceDispatcher$InnerConnection@695839
04-12 20:40:57.504016  1688  2143 W ActivityManager: Unable to start service Intent { act=android.wifi.ScorerService xflg=0x4 pkg=com.transsion.net.wifi } U=0: not found
04-12 20:40:57.504187  1688  2143 W ActivityManager: Unbind failed: could not find connection for android.app.LoadedApk$ServiceDispatcher$InnerConnection@4358fdf
04-12 20:40:57.504355  1688  2143 W ActivityManager: Unable to start service Intent { act=android.wifi.ScorerService xflg=0x4 pkg=com.autotest.factory_reset_stress } U=0: not found
04-12 20:40:57.504648  1688  2143 W ActivityManager: Unbind failed: could not find connection for android.app.LoadedApk$ServiceDispatcher$InnerConnection@f7e3ef5
04-12 20:40:57.504836  1688  2143 W ActivityManager: Unable to start service Intent { act=android.wifi.ScorerService xflg=0x4 pkg=com.xui.xhide } U=0: not found
04-12 20:40:57.505084  1688  2143 W ActivityManager: Unbind failed: could not find connection for android.app.LoadedApk$ServiceDispatcher$InnerConnection@18d4afb
04-12 20:40:57.505222  1688  2143 W ActivityManager: Unable to start service Intent { act=android.wifi.ScorerService xflg=0x4 pkg=com.silead.factorytest } U=0: not found
04-12 20:40:57.505439  1688  2143 W ActivityManager: Unbind failed: could not find connection for android.app.LoadedApk$ServiceDispatcher$InnerConnection@ec0d571
04-12 20:40:57.505549  1688  1954 D ActivityTaskManager: isControllerAMonkey mController = null,mControllerIsAMonkey = false
04-12 20:40:57.505697  1688  2143 W ActivityManager: Unable to start service Intent { act=android.wifi.ScorerService xflg=0x4 pkg=com.transsion.succ } U=0: not found
04-12 20:40:57.505827  1688  2143 W ActivityManager: Unbind failed: could not find connection for android.app.LoadedApk$ServiceDispatcher$InnerConnection@4db9bd7
04-12 20:40:57.506068  1688  2143 W ActivityManager: Unable to start service Intent { act=android.wifi.ScorerService xflg=0x4 pkg=com.transsion.screencapture } U=0: not found
04-12 20:40:57.506197  1688  2143 W ActivityManager: Unbind failed: could not find connection for android.app.LoadedApk$ServiceDispatcher$InnerConnection@9bc57ad
04-12 20:40:57.506327  1688  1954 D ActivityTaskManager: isControllerAMonkey mController = null,mControllerIsAMonkey = false
04-12 20:40:57.506359  1688  2143 W ActivityManager: Unable to start service Intent { act=android.wifi.ScorerService xflg=0x4 pkg=com.mediatek.batterywarning } U=0: not found
04-12 20:40:57.506660  1688  2143 W ActivityManager: Unbind failed: could not find connection for android.app.LoadedApk$ServiceDispatcher$InnerConnection@4541e73
04-12 20:40:57.506787  1688  2143 W ActivityManager: Unable to start service Intent { act=android.wifi.ScorerService xflg=0x4 pkg=com.transsion.connectx.mirror.source } U=0: not found
04-12 20:40:57.506910  1688  2143 W ActivityManager: Unbind failed: could not find connection for android.app.LoadedApk$ServiceDispatcher$InnerConnection@f73c1a9
04-12 20:40:57.507156  1688  2143 W ActivityManager: Unable to start service Intent { act=android.wifi.ScorerService xflg=0x4 pkg=com.transsion.faceid } U=0: not found
04-12 20:40:57.507251  1688  2143 W ActivityManager: Unbind failed: could not find connection for android.app.LoadedApk$ServiceDispatcher$InnerConnection@bc82ecf
04-12 20:40:57.507396  1688  2143 W ActivityManager: Unable to start service Intent { act=android.wifi.ScorerService xflg=0x4 pkg=com.transsion.letswitch } U=0: not found
04-12 20:40:57.507634  1688  2143 W ActivityManager: Unbind failed: could not find connection for android.app.LoadedApk$ServiceDispatcher$InnerConnection@21dcf65
04-12 20:40:57.507803  1688  2143 W ActivityManager: Unable to start service Intent { act=android.wifi.ScorerService xflg=0x4 pkg=com.android.location.fused } U=0: not found
04-12 20:40:57.508008  1688  2143 W ActivityManager: Unbind failed: could not find connection for android.app.LoadedApk$ServiceDispatcher$InnerConnection@8c2e8eb
04-12 20:40:57.508212  1688  2143 W ActivityManager: Unable to start service Intent { act=android.wifi.ScorerService xflg=0x4 pkg=com.transsion.microintelligence } U=0: not found
04-12 20:40:57.508315  1688  2143 W ActivityManager: Unbind failed: could not find connection for android.app.LoadedApk$ServiceDispatcher$InnerConnection@6a0fce1
04-12 20:40:57.508507  1688  2143 W ActivityManager: Unable to start service Intent { act=android.wifi.ScorerService xflg=0x4 pkg=com.android.DeviceAsWebcam } U=0: not found
04-12 20:40:57.508754  1688  2143 W ActivityManager: Unbind failed: could not find connection for android.app.LoadedApk$ServiceDispatcher$InnerConnection@c6528c7
04-12 20:40:57.508884  1688  2143 W ActivityManager: Unable to start service Intent { act=android.wifi.ScorerService xflg=0x4 pkg=com.android.localtransport } U=0: not found
04-12 20:40:57.509105  1688  2143 W ActivityManager: Unbind failed: could not find connection for android.app.LoadedApk$ServiceDispatcher$InnerConnection@fcf861d
04-12 20:40:57.509261  1688  2143 W ActivityManager: Unable to start service Intent { act=android.wifi.ScorerService xflg=0x4 pkg=com.transsion.sru } U=0: not found
04-12 20:40:57.509499  1688  2143 W ActivityManager: Unbind failed: could not find connection for android.app.LoadedApk$ServiceDispatcher$InnerConnection@f018a63
04-12 20:40:57.509627  1688  2143 W ActivityManager: Unable to start service Intent { act=android.wifi.ScorerService xflg=0x4 pkg=com.transsion.batterylab } U=0: not found
04-12 20:40:57.509824  1688  2143 W ActivityManager: Unbind failed: could not find connection for android.app.LoadedApk$ServiceDispatcher$InnerConnection@1636719
04-12 20:40:57.509962  1688  2143 W ActivityManager: Unable to start service Intent { act=android.wifi.ScorerService xflg=0x4 pkg=com.transsion.multiwindow } U=0: not found
04-12 20:40:57.510200  1688  2143 W ActivityManager: Unbind failed: could not find connection for android.app.LoadedApk$ServiceDispatcher$InnerConnection@17869bf
04-12 20:40:57.510350  1688  2143 W ActivityManager: Unable to start service Intent { act=android.wifi.ScorerService xflg=0x4 pkg=com.transsion.spl } U=0: not found
04-12 20:40:57.510610  1688  2143 W ActivityManager: Unbind failed: could not find connection for android.app.LoadedApk$ServiceDispatcher$InnerConnection@6ba5bd5
04-12 20:40:57.510786  1688  2143 W ActivityManager: Unable to start service Intent { act=android.wifi.ScorerService xflg=0x4 pkg=com.transsion.audiosmartconnect } U=0: not found
04-12 20:40:57.511066  1688  2143 W ActivityManager: Unbind failed: could not find connection for android.app.LoadedApk$ServiceDispatcher$InnerConnection@853e2db
04-12 20:40:57.511215  1688  2143 W ActivityManager: Unable to start service Intent { act=android.wifi.ScorerService xflg=0x4 pkg=com.transsion } U=0: not found
04-12 20:40:57.511313  1688  2143 W ActivityManager: Unbind failed: could not find connection for android.app.LoadedApk$ServiceDispatcher$InnerConnection@951e051
04-12 20:40:57.511471  1688  2143 W ActivityManager: Unable to start service Intent { act=android.wifi.ScorerService xflg=0x4 pkg=com.transsion.ossettingsext } U=0: not found
04-12 20:40:57.511772  1688  2143 W ActivityManager: Unbind failed: could not find connection for android.app.LoadedApk$ServiceDispatcher$InnerConnection@ca3d1b7
04-12 20:40:57.511903  1688  2143 W ActivityManager: Unable to start service Intent { act=android.wifi.ScorerService xflg=0x4 pkg=com.mediatek.simprocessor } U=0: not found
04-12 20:40:57.511994  1688  2143 W ActivityManager: Unbind failed: could not find connection for android.app.LoadedApk$ServiceDispatcher$InnerConnection@303308d
04-12 20:40:57.512230  1688  2143 W ActivityManager: Unable to start service Intent { act=android.wifi.ScorerService xflg=0x4 pkg=com.goodix.fingerprint.setting } U=0: not found
04-12 20:40:57.512361  1688  2143 W ActivityManager: Unbind failed: could not find connection for android.app.LoadedApk$ServiceDispatcher$InnerConnection@e99d253
04-12 20:40:57.512509  1688  2143 W ActivityManager: Unable to start service Intent { act=android.wifi.ScorerService xflg=0x4 pkg=com.transsion.tabe } U=0: not found
04-12 20:40:57.512818  1688  2143 W ActivityManager: Unbind failed: could not find connection for android.app.LoadedApk$ServiceDispatcher$InnerConnection@7ff4889
04-12 20:40:57.513029  1688  2143 W ActivityManager: Unable to start service Intent { act=android.wifi.ScorerService xflg=0x4 pkg=com.transsion.zahooc } U=0: not found
04-12 20:40:57.513328  1688  2143 W ActivityManager: Unbind failed: could not find connection for android.app.LoadedApk$ServiceDispatcher$InnerConnection@5e540af
04-12 20:40:57.513466  1688  2143 W ActivityManager: Unable to start service Intent { act=android.wifi.ScorerService xflg=0x4 pkg=com.transsion.inearmonitor } U=0: not found
04-12 20:40:57.513553  1688  2143 W ActivityManager: Unbind failed: could not find connection for android.app.LoadedApk$ServiceDispatcher$InnerConnection@48ae445
04-12 20:40:57.513847  1688  2143 W ActivityManager: Unable to start service Intent { act=android.wifi.ScorerService xflg=0x4 pkg=com.transsion.kolun.aiservice } U=0: not found
04-12 20:40:57.513966  1688  2143 W ActivityManager: Unbind failed: could not find connection for android.app.LoadedApk$ServiceDispatcher$InnerConnection@bcf38cb
04-12 20:40:57.514140  1688  2143 W ActivityManager: Unable to start service Intent { act=android.wifi.ScorerService xflg=0x4 pkg=com.transsion.phonemanager } U=0: not found
04-12 20:40:57.514410  1688  2143 W ActivityManager: Unbind failed: could not find connection for android.app.LoadedApk$ServiceDispatcher$InnerConnection@a7a7fc1
04-12 20:40:57.514571  1688  2143 W ActivityManager: Unable to start service Intent { act=android.wifi.ScorerService xflg=0x4 pkg=com.transsion.settings.flexbutton } U=0: not found
04-12 20:40:57.514826  1688  2143 W ActivityManager: Unbind failed: could not find connection for android.app.LoadedApk$ServiceDispatcher$InnerConnection@b1696a7
04-12 20:40:57.514983  1688  2143 W ActivityManager: Unable to start service Intent { act=android.wifi.ScorerService xflg=0x4 pkg=com.transsion.iotservice } U=0: not found
04-12 20:40:57.515227  1688  2143 W ActivityManager: Unbind failed: could not find connection for android.app.LoadedApk$ServiceDispatcher$InnerConnection@a6e56fd
04-12 20:40:57.515409  1688  2143 W ActivityManager: Unable to start service Intent { act=android.wifi.ScorerService xflg=0x4 pkg=com.transsion.settings.wifi } U=0: not found
04-12 20:40:57.515693  1688  2143 W ActivityManager: Unbind failed: could not find connection for android.app.LoadedApk$ServiceDispatcher$InnerConnection@18bf643
04-12 20:40:57.515845  1688  2143 W ActivityManager: Unable to start service Intent { act=android.wifi.ScorerService xflg=0x4 pkg=com.transsion.settings.bluetooth } U=0: not found
04-12 20:40:57.515932  1688  2143 W ActivityManager: Unbind failed: could not find connection for android.app.LoadedApk$ServiceDispatcher$InnerConnection@4ce65f9
04-12 20:40:57.516076  1688  2143 W ActivityManager: Unable to start service Intent { act=android.wifi.ScorerService xflg=0x4 pkg=com.transsion.tranfacmode } U=0: not found
04-12 20:40:57.516346  1688  2143 W ActivityManager: Unbind failed: could not find connection for android.app.LoadedApk$ServiceDispatcher$InnerConnection@f6db39f
04-12 20:40:57.516487  1688  2143 W ActivityManager: Unable to start service Intent { act=android.wifi.ScorerService xflg=0x4 pkg=com.android.server.telecom } U=0: not found
04-12 20:40:57.516582  1688  2143 W ActivityManager: Unbind failed: could not find connection for android.app.LoadedApk$ServiceDispatcher$InnerConnection@e8668b5
04-12 20:40:57.516892  1688  2143 W ActivityManager: Unable to start service Intent { act=android.wifi.ScorerService xflg=0x4 pkg=com.transsion.tranradionet } U=0: not found
04-12 20:40:57.517008  1688  2143 W ActivityManager: Unbind failed: could not find connection for android.app.LoadedApk$ServiceDispatcher$InnerConnection@83eabb
04-12 20:40:57.517145  1688  2143 W ActivityManager: Unable to start service Intent { act=android.wifi.ScorerService xflg=0x4 pkg=com.mediatek.omacp } U=0: not found
04-12 20:40:57.517390  1688  2143 W ActivityManager: Unbind failed: could not find connection for android.app.LoadedApk$ServiceDispatcher$InnerConnection@581db31
04-12 20:40:57.517538  1688  2143 W ActivityManager: Unable to start service Intent { act=android.wifi.ScorerService xflg=0x4 pkg=com.transsion.tranvoicecommand } U=0: not found
04-12 20:40:57.517631  1688  2143 W ActivityManager: Unbind failed: could not find connection for android.app.LoadedApk$ServiceDispatcher$InnerConnection@afc7797
04-12 20:40:57.517913  1688  2143 W ActivityManager: Unable to start service Intent { act=android.wifi.ScorerService xflg=0x4 pkg=com.transsion.settings.nfc } U=0: not found
04-12 20:40:57.518029  1688  2143 W ActivityManager: Unbind failed: could not find connection for android.app.LoadedApk$ServiceDispatcher$InnerConnection@e7f96d
04-12 20:40:57.518183  1688  2143 W ActivityManager: Unable to start service Intent { act=android.wifi.ScorerService xflg=0x4 pkg=com.android.inputdevices } U=0: not found
04-12 20:40:57.518468  1688  2143 W ActivityManager: Unbind failed: could not find connection for android.app.LoadedApk$ServiceDispatcher$InnerConnection@6f633
04-12 20:40:57.518612  1688  2143 W ActivityManager: Unable to start service Intent { act=android.wifi.ScorerService xflg=0x4 pkg=com.android.dynsystem } U=0: not found
04-12 20:40:57.518729  1688  2143 W ActivityManager: Unbind failed: could not find connection for android.app.LoadedApk$ServiceDispatcher$InnerConnection@917bf69
04-12 20:40:57.519016  1688  2143 W ActivityManager: Unable to start service Intent { act=android.wifi.ScorerService xflg=0x4 pkg=com.transsion.teop } U=0: not found
04-12 20:40:57.519141  1688  2143 W ActivityManager: Unbind failed: could not find connection for android.app.LoadedApk$ServiceDispatcher$InnerConnection@a30c28f
04-12 20:40:57.519285  1688  2143 W ActivityManager: Unable to start service Intent { act=android.wifi.ScorerService xflg=0x4 pkg=com.transsion.spacesaversdk } U=0: not found
04-12 20:40:57.519382  1688  2143 W ActivityManager: Unbind failed: could not find connection for android.app.LoadedApk$ServiceDispatcher$InnerConnection@363e925
04-12 20:40:57.519735  1688  2143 W ActivityManager: Unable to start service Intent { act=android.wifi.ScorerService xflg=0x4 pkg=com.transsion.statisticalsales } U=0: not found
04-12 20:40:57.519971  1688  2143 W ActivityManager: Unbind failed: could not find connection for android.app.LoadedApk$ServiceDispatcher$InnerConnection@580f8ab
04-12 20:40:57.520091  1688  2143 W ActivityManager: Unable to start service Intent { act=android.wifi.ScorerService xflg=0x4 pkg=com.transsion.mol } U=0: not found
04-12 20:40:57.520167  1688  2143 W ActivityManager: Unbind failed: could not find connection for android.app.LoadedApk$ServiceDispatcher$InnerConnection@d8ef2a1
04-12 20:40:57.520265  1688  2143 W ActivityManager: Unable to start service Intent { act=android.wifi.ScorerService xflg=0x4 pkg=com.transsion.spld } U=0: not found
04-12 20:40:57.520451  1688  2143 W ActivityManager: Unbind failed: could not find connection for android.app.LoadedApk$ServiceDispatcher$InnerConnection@d547487
04-12 20:40:57.520545  1688  2143 W ActivityManager: Unable to start service Intent { act=android.wifi.ScorerService xflg=0x4 pkg=android } U=0: not found
04-12 20:40:57.520632  1688  2143 W ActivityManager: Unbind failed: could not find connection for android.app.LoadedApk$ServiceDispatcher$InnerConnection@50717dd
04-12 20:40:57.520764  1688  2143 W ActivityManager: Unable to start service Intent { act=android.wifi.ScorerService xflg=0x4 pkg=com.mediatek.location.lppe.main } U=0: not found
04-12 20:40:57.520836  1688  2143 W ActivityManager: Unbind failed: could not find connection for android.app.LoadedApk$ServiceDispatcher$InnerConnection@bf9d223
04-12 20:40:57.520940  1688  2143 W ActivityManager: Unable to start service Intent { act=android.wifi.ScorerService xflg=0x4 pkg=com.android.keychain } U=0: not found
04-12 20:40:57.521036  1688  2143 W ActivityManager: Unbind failed: could not find connection for android.app.LoadedApk$ServiceDispatcher$InnerConnection@5e254d9
04-12 20:40:57.521128  1688  2143 W ActivityManager: Unable to start service Intent { act=android.wifi.ScorerService xflg=0x4 pkg=com.transsion.guideservice } U=0: not found
04-12 20:40:57.521329  1688  2143 W ActivityManager: Unbind failed: could not find connection for android.app.LoadedApk$ServiceDispatcher$InnerConnection@80d6d7f
04-12 20:40:57.521458  1688  2143 W ActivityManager: Unable to start service Intent { act=android.wifi.ScorerService xflg=0x4 pkg=com.android.settings } U=0: not found
04-12 20:40:57.521524  1688  2143 W ActivityManager: Unbind failed: could not find connection for android.app.LoadedApk$ServiceDispatcher$InnerConnection@d9a6595
04-12 20:40:57.521613  1688  2143 W ActivityManager: Unable to start service Intent { act=android.wifi.ScorerService xflg=0x4 pkg=com.transsion.thub.res } U=0: not found
04-12 20:40:57.521806  1688  2143 W ActivityManager: Unbind failed: could not find connection for android.app.LoadedApk$ServiceDispatcher$InnerConnection@b95629b
04-12 20:40:57.521895  1688  2143 W ActivityManager: Unable to start service Intent { act=android.wifi.ScorerService xflg=0x4 pkg=com.mediatek } U=0: not found
04-12 20:40:57.521949  1688  2143 W ActivityManager: Unbind failed: could not find connection for android.app.LoadedApk$ServiceDispatcher$InnerConnection@d88c611
04-12 20:40:57.522032  1688  2143 W ActivityManager: Unable to start service Intent { act=android.wifi.ScorerService xflg=0x4 pkg=com.transsion.infinixled } U=0: not found
04-12 20:40:57.522088  1688  2143 W ActivityManager: Unbind failed: could not find connection for android.app.LoadedApk$ServiceDispatcher$InnerConnection@dd8d77
04-12 20:40:57.522185  1688  2143 W ActivityManager: Unable to start service Intent { act=android.wifi.ScorerService xflg=0x4 pkg=com.transsion.aod } U=0: not found
04-12 20:40:57.522365  1688  2143 W ActivityManager: Unbind failed: could not find connection for android.app.LoadedApk$ServiceDispatcher$InnerConnection@922b24d
04-12 20:40:57.522465  1688  2143 W ActivityManager: Unable to start service Intent { act=android.wifi.ScorerService xflg=0x4 pkg=com.geniex.vsimhelper } U=0: not found
