04-12 20:43:51.384000  1875  1875 I auditd  : type=1400 audit(0.0:166): avc:  denied  { read write } for  comm="ip6tables-wrapp" path="/dev/ccci_vts" dev="tmpfs" ino=1763 scontext=u:r:netutils_wrapper:s0 tcontext=u:object_r:ccci_vts_device:s0 tclass=chr_file permissive=0
04-12 20:43:51.384000  1875  1875 I auditd  : type=1400 audit(0.0:167): avc:  denied  { read write } for  comm="ip6tables-wrapp" path="/dev/ccci_wifi_proxy" dev="tmpfs" ino=1762 scontext=u:r:netutils_wrapper:s0 tcontext=u:object_r:ccci_wifi_proxy_device:s0 tclass=chr_file permissive=0
04-12 20:43:51.384000  1875  1875 I auditd  : type=1400 audit(0.0:168): avc:  denied  { read write } for  comm="ip6tables-wrapp" path="/dev/ccci_mdx_sta" dev="tmpfs" ino=1729 scontext=u:r:netutils_wrapper:s0 tcontext=u:object_r:ccci_device:s0 tclass=chr_file permissive=0
04-12 20:43:51.384000  1875  1875 I auditd  : type=1400 audit(0.0:169): avc:  denied  { read write } for  comm="ip6tables-wrapp" path="/dev/ccci_md1_sta" dev="tmpfs" ino=1730 scontext=u:r:netutils_wrapper:s0 tcontext=u:object_r:ccci_device:s0 tclass=chr_file permissive=0
04-12 20:43:51.400000  1876  1876 I auditd  : type=1400 audit(0.0:170): avc:  denied  { read write } for  comm="ip6tables-wrapp" path="/dev/ttyCMIPC1" dev="tmpfs" ino=1773 scontext=u:r:netutils_wrapper:s0 tcontext=u:object_r:gsm0710muxd_device:s0 tclass=chr_file permissive=0
04-12 20:43:51.400000  1876  1876 I auditd  : type=1400 audit(0.0:171): avc:  denied  { read write } for  comm="ip6tables-wrapp" path="/dev/ccci_pin_sta" dev="tmpfs" ino=1731 scontext=u:r:netutils_wrapper:s0 tcontext=u:object_r:ccci_device:s0 tclass=chr_file permissive=0
04-12 20:43:51.400000  1876  1876 I auditd  : type=1400 audit(0.0:172): avc:  denied  { read write } for  comm="ip6tables-wrapp" path="/dev/ccci_vts" dev="tmpfs" ino=1763 scontext=u:r:netutils_wrapper:s0 tcontext=u:object_r:ccci_vts_device:s0 tclass=chr_file permissive=0
04-12 20:43:51.400000  1876  1876 I auditd  : type=1400 audit(0.0:173): avc:  denied  { read write } for  comm="ip6tables-wrapp" path="/dev/ccci_wifi_proxy" dev="tmpfs" ino=1762 scontext=u:r:netutils_wrapper:s0 tcontext=u:object_r:ccci_wifi_proxy_device:s0 tclass=chr_file permissive=0
04-12 20:43:51.400000  1876  1876 I auditd  : type=1400 audit(0.0:174): avc:  denied  { read write } for  comm="ip6tables-wrapp" path="/dev/ccci_mdx_sta" dev="tmpfs" ino=1729 scontext=u:r:netutils_wrapper:s0 tcontext=u:object_r:ccci_device:s0 tclass=chr_file permissive=0
04-12 20:43:51.400000  1876  1876 I auditd  : type=1400 audit(0.0:175): avc:  denied  { read write } for  comm="ip6tables-wrapp" path="/dev/ccci_md1_sta" dev="tmpfs" ino=1730 scontext=u:r:netutils_wrapper:s0 tcontext=u:object_r:ccci_device:s0 tclass=chr_file permissive=0
04-12 20:43:51.416000  1877  1877 I auditd  : type=1400 audit(0.0:176): avc:  denied  { read write } for  comm="iptables-wrappe" path="/dev/ttyCMIPC1" dev="tmpfs" ino=1773 scontext=u:r:netutils_wrapper:s0 tcontext=u:object_r:gsm0710muxd_device:s0 tclass=chr_file permissive=0
04-12 20:43:51.416000  1877  1877 I auditd  : type=1400 audit(0.0:177): avc:  denied  { read write } for  comm="iptables-wrappe" path="/dev/ccci_pin_sta" dev="tmpfs" ino=1731 scontext=u:r:netutils_wrapper:s0 tcontext=u:object_r:ccci_device:s0 tclass=chr_file permissive=0
04-12 20:43:51.416000  1877  1877 I auditd  : type=1400 audit(0.0:178): avc:  denied  { read write } for  comm="iptables-wrappe" path="/dev/ccci_vts" dev="tmpfs" ino=1763 scontext=u:r:netutils_wrapper:s0 tcontext=u:object_r:ccci_vts_device:s0 tclass=chr_file permissive=0
04-12 20:43:51.416000  1877  1877 I auditd  : type=1400 audit(0.0:179): avc:  denied  { read write } for  comm="iptables-wrappe" path="/dev/ccci_wifi_proxy" dev="tmpfs" ino=1762 scontext=u:r:netutils_wrapper:s0 tcontext=u:object_r:ccci_wifi_proxy_device:s0 tclass=chr_file permissive=0
04-12 20:43:51.416000  1877  1877 I auditd  : type=1400 audit(0.0:180): avc:  denied  { read write } for  comm="iptables-wrappe" path="/dev/ccci_mdx_sta" dev="tmpfs" ino=1729 scontext=u:r:netutils_wrapper:s0 tcontext=u:object_r:ccci_device:s0 tclass=chr_file permissive=0
04-12 20:43:51.416000  1877  1877 I auditd  : type=1400 audit(0.0:181): avc:  denied  { read write } for  comm="iptables-wrappe" path="/dev/ccci_md1_sta" dev="tmpfs" ino=1730 scontext=u:r:netutils_wrapper:s0 tcontext=u:object_r:ccci_device:s0 tclass=chr_file permissive=0
04-12 20:43:51.420000  1409  1409 I auditd  : type=1400 audit(0.0:182): avc:  denied  { search } for  comm="camerahalserver" name="tmp" dev="dm-79" ino=102 scontext=u:r:mtk_hal_camera:s0 tcontext=u:object_r:shell_data_file:s0 tclass=dir permissive=0
04-12 20:43:51.420000  1409  1409 I auditd  : type=1400 audit(0.0:183): avc:  denied  { search } for  comm="camerahalserver" name="data" dev="dm-79" ino=251 scontext=u:r:mtk_hal_camera:s0 tcontext=u:object_r:system_data_file:s0:c512,c768 tclass=dir permissive=0
04-12 20:43:51.428000  1409  1409 I auditd  : type=1400 audit(0.0:184): avc:  denied  { search } for  comm="camerahalserver" name="tmp" dev="dm-79" ino=102 scontext=u:r:mtk_hal_camera:s0 tcontext=u:object_r:shell_data_file:s0 tclass=dir permissive=0
04-12 20:43:51.428000  1409  1409 I auditd  : type=1400 audit(0.0:185): avc:  denied  { search } for  comm="camerahalserver" name="data" dev="dm-79" ino=251 scontext=u:r:mtk_hal_camera:s0 tcontext=u:object_r:system_data_file:s0:c512,c768 tclass=dir permissive=0
04-12 20:43:51.432000  1879  1879 I auditd  : type=1400 audit(0.0:186): avc:  denied  { read write } for  comm="iptables-wrappe" path="/dev/ttyCMIPC1" dev="tmpfs" ino=1773 scontext=u:r:netutils_wrapper:s0 tcontext=u:object_r:gsm0710muxd_device:s0 tclass=chr_file permissive=0
04-12 20:43:51.432000  1879  1879 I auditd  : type=1400 audit(0.0:187): avc:  denied  { read write } for  comm="iptables-wrappe" path="/dev/ccci_pin_sta" dev="tmpfs" ino=1731 scontext=u:r:netutils_wrapper:s0 tcontext=u:object_r:ccci_device:s0 tclass=chr_file permissive=0
04-12 20:43:51.432000  1879  1879 I auditd  : type=1400 audit(0.0:188): avc:  denied  { read write } for  comm="iptables-wrappe" path="/dev/ccci_vts" dev="tmpfs" ino=1763 scontext=u:r:netutils_wrapper:s0 tcontext=u:object_r:ccci_vts_device:s0 tclass=chr_file permissive=0
04-12 20:43:51.432000  1879  1879 I auditd  : type=1400 audit(0.0:189): avc:  denied  { read write } for  comm="iptables-wrappe" path="/dev/ccci_wifi_proxy" dev="tmpfs" ino=1762 scontext=u:r:netutils_wrapper:s0 tcontext=u:object_r:ccci_wifi_proxy_device:s0 tclass=chr_file permissive=0
04-12 20:43:51.432000  1879  1879 I auditd  : type=1400 audit(0.0:190): avc:  denied  { read write } for  comm="iptables-wrappe" path="/dev/ccci_mdx_sta" dev="tmpfs" ino=1729 scontext=u:r:netutils_wrapper:s0 tcontext=u:object_r:ccci_device:s0 tclass=chr_file permissive=0
04-12 20:43:51.432000  1879  1879 I auditd  : type=1400 audit(0.0:191): avc:  denied  { read write } for  comm="iptables-wrappe" path="/dev/ccci_md1_sta" dev="tmpfs" ino=1730 scontext=u:r:netutils_wrapper:s0 tcontext=u:object_r:ccci_device:s0 tclass=chr_file permissive=0
04-12 20:43:51.448000  1881  1881 I auditd  : type=1400 audit(0.0:192): avc:  denied  { read write } for  comm="ip6tables-wrapp" path="/dev/ttyCMIPC1" dev="tmpfs" ino=1773 scontext=u:r:netutils_wrapper:s0 tcontext=u:object_r:gsm0710muxd_device:s0 tclass=chr_file permissive=0
04-12 20:43:51.448000  1881  1881 I auditd  : type=1400 audit(0.0:193): avc:  denied  { read write } for  comm="ip6tables-wrapp" path="/dev/ccci_pin_sta" dev="tmpfs" ino=1731 scontext=u:r:netutils_wrapper:s0 tcontext=u:object_r:ccci_device:s0 tclass=chr_file permissive=0
04-12 20:43:51.448000  1881  1881 I auditd  : type=1400 audit(0.0:194): avc:  denied  { read write } for  comm="ip6tables-wrapp" path="/dev/ccci_vts" dev="tmpfs" ino=1763 scontext=u:r:netutils_wrapper:s0 tcontext=u:object_r:ccci_vts_device:s0 tclass=chr_file permissive=0
04-12 20:43:51.448000  1881  1881 I auditd  : type=1400 audit(0.0:195): avc:  denied  { read write } for  comm="ip6tables-wrapp" path="/dev/ccci_wifi_proxy" dev="tmpfs" ino=1762 scontext=u:r:netutils_wrapper:s0 tcontext=u:object_r:ccci_wifi_proxy_device:s0 tclass=chr_file permissive=0
04-12 20:43:51.448000  1881  1881 I auditd  : type=1400 audit(0.0:196): avc:  denied  { read write } for  comm="ip6tables-wrapp" path="/dev/ccci_mdx_sta" dev="tmpfs" ino=1729 scontext=u:r:netutils_wrapper:s0 tcontext=u:object_r:ccci_device:s0 tclass=chr_file permissive=0
04-12 20:43:51.448000  1881  1881 I auditd  : type=1400 audit(0.0:197): avc:  denied  { read write } for  comm="ip6tables-wrapp" path="/dev/ccci_md1_sta" dev="tmpfs" ino=1730 scontext=u:r:netutils_wrapper:s0 tcontext=u:object_r:ccci_device:s0 tclass=chr_file permissive=0
04-12 20:43:51.448000  1409  1409 I auditd  : type=1400 audit(0.0:198): avc:  denied  { search } for  comm="camerahalserver" name="tmp" dev="dm-79" ino=102 scontext=u:r:mtk_hal_camera:s0 tcontext=u:object_r:shell_data_file:s0 tclass=dir permissive=0
04-12 20:43:51.448000  1409  1409 I auditd  : type=1400 audit(0.0:199): avc:  denied  { search } for  comm="camerahalserver" name="data" dev="dm-79" ino=251 scontext=u:r:mtk_hal_camera:s0 tcontext=u:object_r:system_data_file:s0:c512,c768 tclass=dir permissive=0
04-12 20:43:51.460000  1882  1882 I auditd  : type=1400 audit(0.0:200): avc:  denied  { read write } for  comm="ip6tables-wrapp" path="/dev/ttyCMIPC1" dev="tmpfs" ino=1773 scontext=u:r:netutils_wrapper:s0 tcontext=u:object_r:gsm0710muxd_device:s0 tclass=chr_file permissive=0
04-12 20:43:51.460000  1882  1882 I auditd  : type=1400 audit(0.0:201): avc:  denied  { read write } for  comm="ip6tables-wrapp" path="/dev/ccci_pin_sta" dev="tmpfs" ino=1731 scontext=u:r:netutils_wrapper:s0 tcontext=u:object_r:ccci_device:s0 tclass=chr_file permissive=0
04-12 20:43:51.460000  1882  1882 I auditd  : type=1400 audit(0.0:202): avc:  denied  { read write } for  comm="ip6tables-wrapp" path="/dev/ccci_vts" dev="tmpfs" ino=1763 scontext=u:r:netutils_wrapper:s0 tcontext=u:object_r:ccci_vts_device:s0 tclass=chr_file permissive=0
04-12 20:43:51.460000  1882  1882 I auditd  : type=1400 audit(0.0:203): avc:  denied  { read write } for  comm="ip6tables-wrapp" path="/dev/ccci_wifi_proxy" dev="tmpfs" ino=1762 scontext=u:r:netutils_wrapper:s0 tcontext=u:object_r:ccci_wifi_proxy_device:s0 tclass=chr_file permissive=0
04-12 20:43:51.460000  1882  1882 I auditd  : type=1400 audit(0.0:204): avc:  denied  { read write } for  comm="ip6tables-wrapp" path="/dev/ccci_mdx_sta" dev="tmpfs" ino=1729 scontext=u:r:netutils_wrapper:s0 tcontext=u:object_r:ccci_device:s0 tclass=chr_file permissive=0
04-12 20:43:51.460000  1882  1882 I auditd  : type=1400 audit(0.0:205): avc:  denied  { read write } for  comm="ip6tables-wrapp" path="/dev/ccci_md1_sta" dev="tmpfs" ino=1730 scontext=u:r:netutils_wrapper:s0 tcontext=u:object_r:ccci_device:s0 tclass=chr_file permissive=0
04-12 20:43:51.496000  1409  1409 I auditd  : type=1400 audit(0.0:206): avc:  denied  { search } for  comm="camerahalserver" name="tmp" dev="dm-79" ino=102 scontext=u:r:mtk_hal_camera:s0 tcontext=u:object_r:shell_data_file:s0 tclass=dir permissive=0
04-12 20:43:51.496000  1409  1409 I auditd  : type=1400 audit(0.0:207): avc:  denied  { search } for  comm="camerahalserver" name="data" dev="dm-79" ino=251 scontext=u:r:mtk_hal_camera:s0 tcontext=u:object_r:system_data_file:s0:c512,c768 tclass=dir permissive=0
04-12 20:43:51.500000  1409  1409 I auditd  : type=1400 audit(0.0:208): avc:  denied  { search } for  comm="camerahalserver" name="tmp" dev="dm-79" ino=102 scontext=u:r:mtk_hal_camera:s0 tcontext=u:object_r:shell_data_file:s0 tclass=dir permissive=0
04-12 20:43:51.500000  1409  1409 I auditd  : type=1400 audit(0.0:209): avc:  denied  { search } for  comm="camerahalserver" name="data" dev="dm-79" ino=251 scontext=u:r:mtk_hal_camera:s0 tcontext=u:object_r:system_data_file:s0:c512,c768 tclass=dir permissive=0
04-12 20:43:51.520000  1409  1409 I auditd  : type=1400 audit(0.0:210): avc:  denied  { search } for  comm="camerahalserver" name="tmp" dev="dm-79" ino=102 scontext=u:r:mtk_hal_camera:s0 tcontext=u:object_r:shell_data_file:s0 tclass=dir permissive=0
04-12 20:43:51.520000  1409  1409 I auditd  : type=1400 audit(0.0:211): avc:  denied  { search } for  comm="camerahalserver" name="data" dev="dm-79" ino=251 scontext=u:r:mtk_hal_camera:s0 tcontext=u:object_r:system_data_file:s0:c512,c768 tclass=dir permissive=0
04-12 20:43:51.524000  1409  1409 I auditd  : type=1400 audit(0.0:212): avc:  denied  { search } for  comm="camerahalserver" name="tmp" dev="dm-79" ino=102 scontext=u:r:mtk_hal_camera:s0 tcontext=u:object_r:shell_data_file:s0 tclass=dir permissive=0
04-12 20:43:51.524000  1409  1409 I auditd  : type=1400 audit(0.0:213): avc:  denied  { search } for  comm="camerahalserver" name="data" dev="dm-79" ino=251 scontext=u:r:mtk_hal_camera:s0 tcontext=u:object_r:system_data_file:s0:c512,c768 tclass=dir permissive=0
04-12 20:43:51.536000  1409  1409 I auditd  : type=1400 audit(0.0:214): avc:  denied  { search } for  comm="camerahalserver" name="tmp" dev="dm-79" ino=102 scontext=u:r:mtk_hal_camera:s0 tcontext=u:object_r:shell_data_file:s0 tclass=dir permissive=0
04-12 20:43:51.536000  1409  1409 I auditd  : type=1400 audit(0.0:215): avc:  denied  { search } for  comm="camerahalserver" name="data" dev="dm-79" ino=251 scontext=u:r:mtk_hal_camera:s0 tcontext=u:object_r:system_data_file:s0:c512,c768 tclass=dir permissive=0
04-12 20:43:51.544000  1409  1409 I auditd  : type=1400 audit(0.0:216): avc:  denied  { search } for  comm="camerahalserver" name="tmp" dev="dm-79" ino=102 scontext=u:r:mtk_hal_camera:s0 tcontext=u:object_r:shell_data_file:s0 tclass=dir permissive=0
04-12 20:43:51.544000  1409  1409 I auditd  : type=1400 audit(0.0:217): avc:  denied  { search } for  comm="camerahalserver" name="data" dev="dm-79" ino=251 scontext=u:r:mtk_hal_camera:s0 tcontext=u:object_r:system_data_file:s0:c512,c768 tclass=dir permissive=0
04-12 20:43:51.552000  1409  1409 I auditd  : type=1400 audit(0.0:218): avc:  denied  { search } for  comm="camerahalserver" name="tmp" dev="dm-79" ino=102 scontext=u:r:mtk_hal_camera:s0 tcontext=u:object_r:shell_data_file:s0 tclass=dir permissive=0
04-12 20:43:51.552000  1409  1409 I auditd  : type=1400 audit(0.0:219): avc:  denied  { search } for  comm="camerahalserver" name="data" dev="dm-79" ino=251 scontext=u:r:mtk_hal_camera:s0 tcontext=u:object_r:system_data_file:s0:c512,c768 tclass=dir permissive=0
04-12 20:43:51.560000  1409  1409 I auditd  : type=1400 audit(0.0:220): avc:  denied  { search } for  comm="camerahalserver" name="tmp" dev="dm-79" ino=102 scontext=u:r:mtk_hal_camera:s0 tcontext=u:object_r:shell_data_file:s0 tclass=dir permissive=0
04-12 20:43:51.560000  1409  1409 I auditd  : type=1400 audit(0.0:221): avc:  denied  { search } for  comm="camerahalserver" name="data" dev="dm-79" ino=251 scontext=u:r:mtk_hal_camera:s0 tcontext=u:object_r:system_data_file:s0:c512,c768 tclass=dir permissive=0
04-12 20:43:51.608000  1409  1409 I auditd  : type=1400 audit(0.0:222): avc:  denied  { read } for  comm="camerahalserver" name="u:object_r:default_prop:s0" dev="tmpfs" ino=238 scontext=u:r:mtk_hal_camera:s0 tcontext=u:object_r:default_prop:s0 tclass=file permissive=0
04-12 20:43:51.616000  1409  1409 I auditd  : type=1400 audit(0.0:223): avc:  denied  { read } for  comm="camerahalserver" name="u:object_r:default_prop:s0" dev="tmpfs" ino=238 scontext=u:r:mtk_hal_camera:s0 tcontext=u:object_r:default_prop:s0 tclass=file permissive=0
04-12 20:43:51.640000  1409  1409 I auditd  : type=1400 audit(0.0:224): avc:  denied  { read } for  comm="camerahalserver" name="u:object_r:default_prop:s0" dev="tmpfs" ino=238 scontext=u:r:mtk_hal_camera:s0 tcontext=u:object_r:default_prop:s0 tclass=file permissive=0
04-12 20:43:51.668000  1409  1409 I auditd  : type=1400 audit(0.0:225): avc:  denied  { getattr } for  comm="binder:1409_2" path="/dev/cpuset/camhalserver_bgRun/cpus" dev="cgroup" ino=189 scontext=u:r:mtk_hal_camera:s0 tcontext=u:object_r:cgroup:s0 tclass=file permissive=0
04-12 20:43:51.796000  1744  1744 I auditd  : type=1400 audit(0.0:226): avc:  denied  { read } for  comm="system_server" name="u:object_r:vendor_default_prop:s0" dev="tmpfs" ino=607 scontext=u:r:system_server:s0 tcontext=u:object_r:vendor_default_prop:s0 tclass=file permissive=0
04-12 20:43:51.800000  1744  1744 I auditd  : type=1400 audit(0.0:227): avc:  denied  { read } for  comm="system_server" name="u:object_r:vendor_default_prop:s0" dev="tmpfs" ino=607 scontext=u:r:system_server:s0 tcontext=u:object_r:vendor_default_prop:s0 tclass=file permissive=0
04-12 20:43:51.828000  1409  1409 I auditd  : type=1400 audit(0.0:228): avc:  denied  { read } for  comm="binder:1409_2" name="u:object_r:transsion_vendor_prop:s0" dev="tmpfs" ino=588 scontext=u:r:mtk_hal_camera:s0 tcontext=u:object_r:transsion_vendor_prop:s0 tclass=file permissive=0
04-12 20:43:51.828000  1409  1409 I auditd  : type=1400 audit(0.0:229): avc:  denied  { read } for  comm="binder:1409_2" name="u:object_r:transsion_vendor_prop:s0" dev="tmpfs" ino=588 scontext=u:r:mtk_hal_camera:s0 tcontext=u:object_r:transsion_vendor_prop:s0 tclass=file permissive=0
04-12 20:43:51.848000  1744  1744 I auditd  : type=1400 audit(0.0:230): avc:  denied  { read } for  comm="system_server" name="u:object_r:vendor_tr_hbm_support_prop:s0" dev="tmpfs" ino=896 scontext=u:r:system_server:s0 tcontext=u:object_r:vendor_tr_hbm_support_prop:s0 tclass=file permissive=0
04-12 20:43:51.848000  1744  1744 I auditd  : type=1400 audit(0.0:231): avc:  denied  { read } for  comm="system_server" name="u:object_r:vendor_tr_hbm_support_prop:s0" dev="tmpfs" ino=896 scontext=u:r:system_server:s0 tcontext=u:object_r:vendor_tr_hbm_support_prop:s0 tclass=file permissive=0
04-12 20:43:51.848000  1744  1744 I auditd  : type=1400 audit(0.0:232): avc:  denied  { read } for  comm="system_server" name="u:object_r:vendor_tr_hbm_support_prop:s0" dev="tmpfs" ino=896 scontext=u:r:system_server:s0 tcontext=u:object_r:vendor_tr_hbm_support_prop:s0 tclass=file permissive=0
04-12 20:43:51.948000  1409  1409 I auditd  : type=1400 audit(0.0:233): avc:  denied  { read } for  comm="binder:1409_2" name="u:object_r:transsion_vendor_prop:s0" dev="tmpfs" ino=588 scontext=u:r:mtk_hal_camera:s0 tcontext=u:object_r:transsion_vendor_prop:s0 tclass=file permissive=0
04-12 20:43:51.948000  1409  1409 I auditd  : type=1400 audit(0.0:234): avc:  denied  { read } for  comm="binder:1409_2" name="u:object_r:transsion_vendor_prop:s0" dev="tmpfs" ino=588 scontext=u:r:mtk_hal_camera:s0 tcontext=u:object_r:transsion_vendor_prop:s0 tclass=file permissive=0
04-12 20:43:52.060000  1744  1744 I auditd  : type=1400 audit(0.0:235): avc:  denied  { read write } for  comm="android.display" name="ensignal" dev="tmpfs" ino=2080 scontext=u:r:system_server:s0 tcontext=u:object_r:ensignal_device:s0 tclass=chr_file permissive=0
04-12 20:43:52.060000  1744  1744 I auditd  : type=1400 audit(0.0:236): avc:  denied  { read write } for  comm="android.display" name="ensignal" dev="tmpfs" ino=2080 scontext=u:r:system_server:s0 tcontext=u:object_r:ensignal_device:s0 tclass=chr_file permissive=0
04-12 20:43:52.092269  1744  1744 I boot_progress_pms_start: 15884
04-12 20:43:52.180000  1744  1744 I auditd  : type=1400 audit(0.0:237): avc:  denied  { read } for  comm="system_server" name="u:object_r:vendor_mtk_debug_sf_cpupolicy_prop:s0" dev="tmpfs" ino=688 scontext=u:r:system_server:s0 tcontext=u:object_r:vendor_mtk_debug_sf_cpupolicy_prop:s0 tclass=file permissive=0
04-12 20:43:52.306751  1744  1744 I boot_progress_pms_system_scan_start: 16099
04-12 20:43:52.504000  1409  1409 I auditd  : type=1400 audit(0.0:238): avc:  denied  { read } for  comm="binder:1409_2" name="u:object_r:transsion_vendor_prop:s0" dev="tmpfs" ino=588 scontext=u:r:mtk_hal_camera:s0 tcontext=u:object_r:transsion_vendor_prop:s0 tclass=file permissive=0
04-12 20:43:52.504000  1409  1409 I auditd  : type=1400 audit(0.0:239): avc:  denied  { read } for  comm="binder:1409_2" name="u:object_r:transsion_vendor_prop:s0" dev="tmpfs" ino=588 scontext=u:r:mtk_hal_camera:s0 tcontext=u:object_r:transsion_vendor_prop:s0 tclass=file permissive=0
04-12 20:43:52.656000  1409  1409 I auditd  : type=1400 audit(0.0:240): avc:  denied  { read } for  comm="binder:1409_2" name="u:object_r:transsion_vendor_prop:s0" dev="tmpfs" ino=588 scontext=u:r:mtk_hal_camera:s0 tcontext=u:object_r:transsion_vendor_prop:s0 tclass=file permissive=0
04-12 20:43:52.660000  1409  1409 I auditd  : type=1400 audit(0.0:241): avc:  denied  { read } for  comm="binder:1409_2" name="u:object_r:transsion_vendor_prop:s0" dev="tmpfs" ino=588 scontext=u:r:mtk_hal_camera:s0 tcontext=u:object_r:transsion_vendor_prop:s0 tclass=file permissive=0
04-12 20:43:52.668000  1409  1409 I auditd  : type=1400 audit(0.0:242): avc:  denied  { read } for  comm="binder:1409_2" name="u:object_r:transsion_vendor_prop:s0" dev="tmpfs" ino=588 scontext=u:r:mtk_hal_camera:s0 tcontext=u:object_r:transsion_vendor_prop:s0 tclass=file permissive=0
04-12 20:43:52.668000  1409  1409 I auditd  : type=1400 audit(0.0:243): avc:  denied  { read } for  comm="binder:1409_2" name="u:object_r:transsion_vendor_prop:s0" dev="tmpfs" ino=588 scontext=u:r:mtk_hal_camera:s0 tcontext=u:object_r:transsion_vendor_prop:s0 tclass=file permissive=0
04-12 20:43:52.672000  1409  1409 I auditd  : type=1400 audit(0.0:244): avc:  denied  { read } for  comm="binder:1409_2" name="u:object_r:transsion_vendor_prop:s0" dev="tmpfs" ino=588 scontext=u:r:mtk_hal_camera:s0 tcontext=u:object_r:transsion_vendor_prop:s0 tclass=file permissive=0
04-12 20:43:52.676000  1409  1409 I auditd  : type=1400 audit(0.0:245): avc:  denied  { read } for  comm="binder:1409_2" name="u:object_r:transsion_vendor_prop:s0" dev="tmpfs" ino=588 scontext=u:r:mtk_hal_camera:s0 tcontext=u:object_r:transsion_vendor_prop:s0 tclass=file permissive=0
04-12 20:43:52.785344  1744  1744 I pm_critical_info: Don't skip scanning the sys package which disabled before,  but then installed later: com.transsion.carlcare
04-12 20:43:52.796000  1409  1409 I auditd  : type=1400 audit(0.0:246): avc:  denied  { search } for  comm="binder:1409_2" name="/" dev="sdc9" ino=2 scontext=u:r:mtk_hal_camera:s0 tcontext=u:object_r:persist_data_file:s0 tclass=dir permissive=0
04-12 20:43:52.800000  1409  1409 I auditd  : type=1400 audit(0.0:247): avc:  denied  { read } for  comm="binder:1409_2" name="u:object_r:transsion_vendor_prop:s0" dev="tmpfs" ino=588 scontext=u:r:mtk_hal_camera:s0 tcontext=u:object_r:transsion_vendor_prop:s0 tclass=file permissive=0
04-12 20:43:52.960454  1744  1744 I pm_critical_info: Skip scanning oobe removed sys package: com.amazon.mShop.android.shopping
04-12 20:43:52.960490  1744  1744 I pm_critical_info: Skip scanning oobe removed sys package: com.block.juggle
04-12 20:43:52.960527  1744  1744 I pm_critical_info: Skip scanning oobe removed sys package: com.afmobi.boomplayer
04-12 20:43:52.967661  1744  1744 I pm_critical_info: Don't skip scanning the sys package which disabled before,  but then installed later: com.instagram.android
04-12 20:43:52.967997  1744  1744 I pm_critical_info: Skip scanning oobe removed sys package: com.transtech.geniex
04-12 20:43:52.970302  1744  1744 I pm_critical_info: Skip scanning oobe removed sys package: com.amazon.appmanager
04-12 20:43:52.970332  1744  1744 I pm_critical_info: Skip scanning oobe removed sys package: com.dada.inputmethod.infinix
04-12 20:43:52.972086  1744  1744 I pm_critical_info: Skip scanning oobe removed sys package: com.kwai.video
04-12 20:43:52.972114  1744  1744 I pm_critical_info: Skip scanning oobe removed sys package: com.transsion.phoenix
04-12 20:43:52.972131  1744  1744 I pm_critical_info: Skip scanning oobe removed sys package: com.shopee.ph
04-12 20:43:52.976487  1744  1744 I pm_critical_info: Skip scanning oobe removed sys package: com.spotify.music
04-12 20:43:52.976515  1744  1744 I pm_critical_info: Skip scanning oobe removed sys package: com.ss.android.ugc.trill
04-12 20:43:52.976974  1744  1744 I pm_critical_info: Skip scanning oobe removed sys package: com.kwai.bulldog
04-12 20:43:52.977339  1744  1744 I pm_critical_info: Skip scanning oobe removed sys package: com.zhiliaoapp.musically.go
04-12 20:43:52.981239  1744  1744 I pm_critical_info: Skip scanning oobe removed sys package: com.zhiliaoapp.musically
04-12 20:43:52.993001  1744  1744 I pm_critical_info: Skip scanning oobe removed sys package: com.infinix.xpark
04-12 20:43:53.002272  1744  1744 I boot_progress_pms_data_scan_start: 16794
04-12 20:43:53.132379  1744  1744 I boot_progress_pms_scan_end: 16924
04-12 20:43:53.395746  1744  1744 I commit_sys_config_file: [package,25]
04-12 20:43:53.395774  1744  1744 I boot_progress_pms_ready: 17188
04-12 20:43:53.408142  1744  1977 I dvm_lock_sample: [system_server,0,PackageManager,610,InstallPackageHelper.java,506,void com.android.server.pm.InstallPackageHelper.handleUpdateOwnerDenyList(com.android.server.pm.PackageSetting),PackageManagerService.java,2763,void com.android.server.pm.PackageManagerService.<init>(com.android.server.pm.PackageManagerServiceInjector, boolean, java.lang.String, boolean, boolean, int, java.lang.String),100]
04-12 20:43:53.408950  1744  1954 I dvm_lock_sample: [system_server,0,ProcessData_thread,275,PackageManagerService.java,1344,com.android.server.pm.Computer com.android.server.pm.PackageManagerService.snapshotComputer(boolean),-,1370,com.android.server.pm.Computer com.android.server.pm.PackageManagerService.snapshotComputer(boolean),55]
04-12 20:43:53.414433  1744  1972 I commit_sys_config_file: [package-user-0,19]
04-12 20:43:53.471438  1744  1744 I am_uid_running: 1000
04-12 20:43:53.480000  1744  1744 I auditd  : type=1400 audit(0.0:248): avc:  denied  { read } for  comm="system_server" name="u:object_r:vendor_default_prop:s0" dev="tmpfs" ino=607 scontext=u:r:system_server:s0 tcontext=u:object_r:vendor_default_prop:s0 tclass=file permissive=0
04-12 20:43:53.489120  1744  1744 I am_uid_active: 1000
04-12 20:43:53.500186  1744  1744 I service_manager_stats: [100,6,17292]
04-12 20:43:53.684000  1409  1409 I auditd  : type=1400 audit(0.0:249): avc:  denied  { read } for  comm="binder:1409_2" name="u:object_r:camera_config_prop:s0" dev="tmpfs" ino=191 scontext=u:r:mtk_hal_camera:s0 tcontext=u:object_r:camera_config_prop:s0 tclass=file permissive=0
04-12 20:43:53.692000  1409  1409 I auditd  : type=1400 audit(0.0:250): avc:  denied  { read } for  comm="binder:1409_2" name="u:object_r:transsion_vendor_prop:s0" dev="tmpfs" ino=588 scontext=u:r:mtk_hal_camera:s0 tcontext=u:object_r:transsion_vendor_prop:s0 tclass=file permissive=0
04-12 20:43:53.747634  1744  2052 I battery_status: [2,2,1,2,Li-ion]
04-12 20:43:53.748982  1744  2052 I battery_level: [68,3981,339]
04-12 20:43:53.748000  1409  1409 I auditd  : type=1400 audit(0.0:251): avc:  denied  { read } for  comm="binder:1409_2" name="u:object_r:camera_config_prop:s0" dev="tmpfs" ino=191 scontext=u:r:mtk_hal_camera:s0 tcontext=u:object_r:camera_config_prop:s0 tclass=file permissive=0
04-12 20:43:53.758084  1744  1843 I battery_status: [2,2,1,2,Li-ion]
04-12 20:43:53.756000  1409  1409 I auditd  : type=1400 audit(0.0:252): avc:  denied  { read } for  comm="binder:1409_2" name="u:object_r:transsion_vendor_prop:s0" dev="tmpfs" ino=588 scontext=u:r:mtk_hal_camera:s0 tcontext=u:object_r:transsion_vendor_prop:s0 tclass=file permissive=0
04-12 20:43:53.935312  1744  1744 I pm_critical_info: setEnabledSettings callingUid = 1000 callingPid = 1744 packageName = com.android.shell componentName = ComponentInfo{com.android.shell/com.android.shell.BugreportStorageProvider} callingPackage= android newState = 1 userId = 0 flags = 0
04-12 20:43:53.932000  1744  1744 I auditd  : type=1400 audit(0.0:253): avc:  denied  { read } for  comm="system_server" name="u:object_r:vendor_default_prop:s0" dev="tmpfs" ino=607 scontext=u:r:system_server:s0 tcontext=u:object_r:vendor_default_prop:s0 tclass=file permissive=0
04-12 20:43:54.036000  1744  1744 I auditd  : type=1400 audit(0.0:254): avc:  denied  { read } for  comm="android.display" name="u:object_r:vendor_default_prop:s0" dev="tmpfs" ino=607 scontext=u:r:system_server:s0 tcontext=u:object_r:vendor_default_prop:s0 tclass=file permissive=0
04-12 20:43:54.195044   561   561 I auditd  : avc:  denied  { find } for pid=1397 uid=1013 name=media_quality scontext=u:r:mediaserver:s0 tcontext=u:object_r:media_quality_service:s0 tclass=service_manager permissive=0
04-12 20:43:54.195247  1744  1744 I wm_task_created: 1
04-12 20:43:54.196000  1409  1409 I auditd  : type=1400 audit(0.0:255): avc:  denied  { read } for  comm="binder:1409_2" name="u:object_r:camera_config_prop:s0" dev="tmpfs" ino=191 scontext=u:r:mtk_hal_camera:s0 tcontext=u:object_r:camera_config_prop:s0 tclass=file permissive=0
04-12 20:43:54.200000  1208  1208 I auditd  : type=1400 audit(0.0:256): avc:  denied  { read } for  comm="binder:1208_1" name="u:object_r:vendor_default_prop:s0" dev="tmpfs" ino=607 scontext=u:r:audioserver:s0 tcontext=u:object_r:vendor_default_prop:s0 tclass=file permissive=0
04-12 20:43:54.200000  1744  1744 I auditd  : type=1400 audit(0.0:257): avc:  denied  { read } for  comm="android.ui" name="u:object_r:vendor_default_prop:s0" dev="tmpfs" ino=607 scontext=u:r:system_server:s0 tcontext=u:object_r:vendor_default_prop:s0 tclass=file permissive=0
04-12 20:43:54.200000  1744  1744 I auditd  : type=1400 audit(0.0:258): avc:  denied  { read } for  comm="android.ui" name="u:object_r:vendor_default_prop:s0" dev="tmpfs" ino=607 scontext=u:r:system_server:s0 tcontext=u:object_r:vendor_default_prop:s0 tclass=file permissive=0
04-12 20:43:54.204000  1208  1208 I auditd  : type=1400 audit(0.0:259): avc:  denied  { read } for  comm="binder:1208_1" name="u:object_r:vendor_default_prop:s0" dev="tmpfs" ino=607 scontext=u:r:audioserver:s0 tcontext=u:object_r:vendor_default_prop:s0 tclass=file permissive=0
04-12 20:43:54.204000  1208  1208 I auditd  : type=1400 audit(0.0:260): avc:  denied  { read } for  comm="binder:1208_1" name="u:object_r:vendor_default_prop:s0" dev="tmpfs" ino=607 scontext=u:r:audioserver:s0 tcontext=u:object_r:vendor_default_prop:s0 tclass=file permissive=0
04-12 20:43:54.204000  1208  1208 I auditd  : type=1400 audit(0.0:261): avc:  denied  { read } for  comm="binder:1208_1" name="u:object_r:vendor_default_prop:s0" dev="tmpfs" ino=607 scontext=u:r:audioserver:s0 tcontext=u:object_r:vendor_default_prop:s0 tclass=file permissive=0
04-12 20:43:54.204000  1409  1409 I auditd  : type=1400 audit(0.0:262): avc:  denied  { read } for  comm="binder:1409_2" name="u:object_r:transsion_vendor_prop:s0" dev="tmpfs" ino=588 scontext=u:r:mtk_hal_camera:s0 tcontext=u:object_r:transsion_vendor_prop:s0 tclass=file permissive=0
04-12 20:43:54.213702  1744  1906 I sysui_multi_action: [757,1594,758,4,759,0,806,NULL]
04-12 20:43:54.212000  1208  1208 I auditd  : type=1400 audit(0.0:263): avc:  denied  { read } for  comm="AudioOut_D" name="u:object_r:vendor_default_prop:s0" dev="tmpfs" ino=607 scontext=u:r:audioserver:s0 tcontext=u:object_r:vendor_default_prop:s0 tclass=file permissive=0
04-12 20:43:54.219430  1744  1940 I am_wtf  : [0,1744,system_server,-1,SystemServiceRegistry,No service published for: fingerprint]
04-12 20:43:54.220193  1744  1940 I am_wtf  : [0,1744,system_server,-1,SystemServiceRegistry,Manager wrapper not available: fingerprint]
04-12 20:43:54.300940  1744  1744 I pm_critical_info: setEnabledSettings callingUid = 1000 callingPid = 1744 packageName = com.google.android.marvin.talkback componentName = ComponentInfo{com.google.android.marvin.talkback/com.google.android.accessibility.accessibilitymenu.AccessibilityMenuService} callingPackage= android newState = 2 userId = 0 flags = 1
04-12 20:43:54.303695  1744  1744 I configuration_changed: 805330424
04-12 20:43:54.308429  1744  1744 I sysui_multi_action: [757,1659,758,4,759,1,1660,0]
04-12 20:43:54.312000  1744  1744 I auditd  : type=1400 audit(0.0:264): avc:  denied  { read } for  comm="android.bg" name="hwcomposer.mtk_common.so" dev="dm-18" ino=30664064 scontext=u:r:system_server:s0 tcontext=u:object_r:vendor_file:s0 tclass=file permissive=0
04-12 20:43:54.358784  1744  1744 I device_idle: [0,boot]
04-12 20:43:54.358814  1744  1744 I device_idle_light: [0,boot]
04-12 20:43:54.488000  1409  1409 I auditd  : type=1400 audit(0.0:265): avc:  denied  { read } for  comm="binder:1409_2" name="u:object_r:camera_config_prop:s0" dev="tmpfs" ino=191 scontext=u:r:mtk_hal_camera:s0 tcontext=u:object_r:camera_config_prop:s0 tclass=file permissive=0
04-12 20:43:54.496000  1409  1409 I auditd  : type=1400 audit(0.0:266): avc:  denied  { read } for  comm="binder:1409_2" name="u:object_r:transsion_vendor_prop:s0" dev="tmpfs" ino=588 scontext=u:r:mtk_hal_camera:s0 tcontext=u:object_r:transsion_vendor_prop:s0 tclass=file permissive=0
04-12 20:43:54.500000  1409  1409 I auditd  : type=1400 audit(0.0:267): avc:  denied  { read } for  comm="binder:1409_2" name="u:object_r:camera_config_prop:s0" dev="tmpfs" ino=191 scontext=u:r:mtk_hal_camera:s0 tcontext=u:object_r:camera_config_prop:s0 tclass=file permissive=0
04-12 20:43:54.505208  1744  1744 I am_uid_running: 10145
04-12 20:43:54.506762  1744  1744 I am_uid_running: 10269
04-12 20:43:54.504000  1409  1409 I auditd  : type=1400 audit(0.0:268): avc:  denied  { read } for  comm="binder:1409_2" name="u:object_r:transsion_vendor_prop:s0" dev="tmpfs" ino=588 scontext=u:r:mtk_hal_camera:s0 tcontext=u:object_r:transsion_vendor_prop:s0 tclass=file permissive=0
04-12 20:43:54.508000  1409  1409 I auditd  : type=1400 audit(0.0:269): avc:  denied  { read } for  comm="binder:1409_2" name="u:object_r:camera_config_prop:s0" dev="tmpfs" ino=191 scontext=u:r:mtk_hal_camera:s0 tcontext=u:object_r:camera_config_prop:s0 tclass=file permissive=0
04-12 20:43:54.533468  1744  2228 I notification_cancel_all: [1000,1744,android,0,0,0,20,NULL]
04-12 20:43:54.533529  1744  2228 I notification_cancel_all: [1000,1744,android,0,0,0,20,NULL]
04-12 20:43:54.533538  1744  2228 I notification_cancel_all: [1000,1744,android,0,0,0,20,NULL]
04-12 20:43:54.534483  1744  2228 I notification_cancel_all: [1000,1744,android,0,0,0,20,NULL]
04-12 20:43:54.538712  1744  2231 I storage_state: [41217664-9172-527a-b3d5-edabb50a7d69,0,0,210845089792,235929567232]
04-12 20:43:54.544000  1744  1744 I auditd  : type=1400 audit(0.0:270): avc:  denied  { read } for  comm="system_server" name="u:object_r:vendor_default_prop:s0" dev="tmpfs" ino=607 scontext=u:r:system_server:s0 tcontext=u:object_r:vendor_default_prop:s0 tclass=file permissive=0
04-12 20:43:54.589890  1744  1940 I am_wtf  : [0,1744,system_server,-1,PowerManagerService,Tried to acquire wake lock for invalid display: 0]
04-12 20:43:54.633287  1744  2238 I stream_devices_changed: [3,0,2]
04-12 20:43:54.635501  1744  2238 I stream_devices_changed: [0,0,1]
04-12 20:43:54.635721  1744  2238 I stream_devices_changed: [5,0,2]
04-12 20:43:54.635920  1744  2238 I stream_devices_changed: [4,0,2]
04-12 20:43:54.638102  1744  2238 I stream_devices_changed: [2,0,2]
04-12 20:43:54.688000  1744  1744 I auditd  : type=1400 audit(0.0:271): avc:  denied  { read } for  comm="BiometricServic" name="u:object_r:vendor_default_prop:s0" dev="tmpfs" ino=607 scontext=u:r:system_server:s0 tcontext=u:object_r:vendor_default_prop:s0 tclass=file permissive=0
04-12 20:43:54.740063  1744  1905 I commit_sys_config_file: [notification-policy,3]
04-12 20:43:54.756901  1744  2084 I snet_event_log: [35028827,-1,account:Account {name=zxt19950521@gmail.com, type=com.google} provider:subscribedfeeds user:0]
04-12 20:43:54.757082  1744  2084 I snet_event_log: [26513719,-1,Malformed authority]
04-12 20:43:54.788000  1119  1119 I auditd  : type=1400 audit(0.0:272): avc:  denied  { read } for  comm="android.hardwar" name="u:object_r:virtual_face_prop:s0" dev="tmpfs" ino=928 scontext=u:r:hal_face_default:s0 tcontext=u:object_r:virtual_face_prop:s0 tclass=file permissive=0
04-12 20:43:54.788000  1119  1119 I auditd  : type=1400 audit(0.0:273): avc:  denied  { write } for  comm="android.hardwar" name="property_service" dev="tmpfs" ino=948 scontext=u:r:hal_face_default:s0 tcontext=u:object_r:property_socket:s0 tclass=sock_file permissive=0
04-12 20:43:54.792000  1119  1119 I auditd  : type=1400 audit(0.0:274): avc:  denied  { read } for  comm="android.hardwar" name="u:object_r:virtual_face_prop:s0" dev="tmpfs" ino=928 scontext=u:r:hal_face_default:s0 tcontext=u:object_r:virtual_face_prop:s0 tclass=file permissive=0
04-12 20:43:54.792000  1119  1119 I auditd  : type=1400 audit(0.0:275): avc:  denied  { write } for  comm="android.hardwar" name="property_service" dev="tmpfs" ino=948 scontext=u:r:hal_face_default:s0 tcontext=u:object_r:property_socket:s0 tclass=sock_file permissive=0
04-12 20:43:54.792000  1744  1744 I auditd  : type=1400 audit(0.0:276): avc:  denied  { read } for  comm="PowerManagerSer" name="u:object_r:vendor_default_prop:s0" dev="tmpfs" ino=607 scontext=u:r:system_server:s0 tcontext=u:object_r:vendor_default_prop:s0 tclass=file permissive=0
04-12 20:43:54.792000  1744  1744 I auditd  : type=1400 audit(0.0:277): avc:  denied  { read } for  comm="PowerManagerSer" name="u:object_r:vendor_default_prop:s0" dev="tmpfs" ino=607 scontext=u:r:system_server:s0 tcontext=u:object_r:vendor_default_prop:s0 tclass=file permissive=0
04-12 20:43:54.838642  1744  1744 I configuration_changed: 512
04-12 20:43:54.842838  1744  1929 I commit_sys_config_file: [batterystats,3]
04-12 20:43:54.844087  1744  1929 I commit_sys_config_file: [batterystats,1]
04-12 20:43:54.867517  1744  2084 I commit_sys_config_file: [settings-2-0,2]
04-12 20:43:54.892000  1744  1744 I auditd  : type=1400 audit(0.0:278): avc:  denied  { read } for  comm="system_server" name="u:object_r:vendor_default_prop:s0" dev="tmpfs" ino=607 scontext=u:r:system_server:s0 tcontext=u:object_r:vendor_default_prop:s0 tclass=file permissive=0
04-12 20:43:55.040191  1744  1744 I rescue_note: [0,1,18831]
04-12 20:43:55.252000  1744  1744 I auditd  : type=1400 audit(0.0:279): avc:  denied  { read } for  comm="system_server" name="u:object_r:vendor_default_prop:s0" dev="tmpfs" ino=607 scontext=u:r:system_server:s0 tcontext=u:object_r:vendor_default_prop:s0 tclass=file permissive=0
04-12 20:43:55.276802  1744  1941 I am_proc_start: [0,2451,1000,com.transsion.usf,service,{com.transsion.usf/com.transsion.usf.UsfMainService},caller=system/1000]
04-12 20:43:55.298328  1744  2068 I battery_level: [67,3952,339]
04-12 20:43:55.308000  1744  1744 I auditd  : type=1400 audit(0.0:280): avc:  denied  { read } for  comm="system_server" name="u:object_r:vendor_default_prop:s0" dev="tmpfs" ino=607 scontext=u:r:system_server:s0 tcontext=u:object_r:vendor_default_prop:s0 tclass=file permissive=0
04-12 20:43:55.356510  1744  1744 I boot_progress_ams_ready: 19148
04-12 20:43:55.356674  1744  2068 I am_proc_bound: [0,2451,com.transsion.usf]
04-12 20:43:55.356000  2451  2451 I auditd  : type=1400 audit(0.0:281): avc:  denied  { read write } for  comm="re-initialized>" name="ensignal" dev="tmpfs" ino=2080 scontext=u:r:system_app:s0 tcontext=u:object_r:ensignal_device:s0 tclass=chr_file permissive=0
04-12 20:43:55.356000  2451  2451 I auditd  : type=1400 audit(0.0:282): avc:  denied  { read write } for  comm="re-initialized>" name="ensignal" dev="tmpfs" ino=2080 scontext=u:r:system_app:s0 tcontext=u:object_r:ensignal_device:s0 tclass=chr_file permissive=0
04-12 20:43:55.361396  1744  1744 I configuration_changed: 268468480
04-12 20:43:55.380370  1744  1744 I thermal_changed: [CPU,0,76.678001,0,0]
04-12 20:43:55.380394  1744  1744 I thermal_changed: [GPU,1,76.678001,0,0]
04-12 20:43:55.380402  1744  1744 I thermal_changed: [BATTERY,2,33.900002,0,0]
04-12 20:43:55.380409  1744  1744 I thermal_changed: [SKIN,3,39.576000,0,0]
04-12 20:43:55.380415  1744  1744 I thermal_changed: [POWER_AMPLIFIER,5,38.647999,0,0]
04-12 20:43:55.380421  1744  1744 I thermal_changed: [NPU,9,76.609001,0,0]
04-12 20:43:55.380425  1744  1744 I thermal_changed: [TPU,10,76.609001,0,0]
04-12 20:43:55.380430  1744  1744 I thermal_changed: [SOC,13,76.609001,0,0]
04-12 20:43:55.384000  1744  1744 I auditd  : type=1400 audit(0.0:283): avc:  denied  { read } for  comm="system_server" name="u:object_r:vendor_default_prop:s0" dev="tmpfs" ino=607 scontext=u:r:system_server:s0 tcontext=u:object_r:vendor_default_prop:s0 tclass=file permissive=0
04-12 20:43:55.412000  2451  2451 I auditd  : type=1400 audit(0.0:284): avc:  denied  { map } for  comm="m.transsion.usf" path="/dev/__properties__/u:object_r:vendor_irtx_prop:s0" dev="tmpfs" ino=614 scontext=u:r:system_app:s0 tcontext=u:object_r:vendor_irtx_prop:s0 tclass=file permissive=0
04-12 20:43:55.416000  2451  2451 I auditd  : type=1400 audit(0.0:285): avc:  denied  { read } for  comm="m.transsion.usf" name="u:object_r:qemu_hw_prop:s0" dev="tmpfs" ino=396 scontext=u:r:system_app:s0 tcontext=u:object_r:qemu_hw_prop:s0 tclass=file permissive=0
04-12 20:43:55.416000  1744  1744 I auditd  : type=1400 audit(0.0:286): avc:  denied  { read } for  comm="system_server" name="u:object_r:vendor_default_prop:s0" dev="tmpfs" ino=607 scontext=u:r:system_server:s0 tcontext=u:object_r:vendor_default_prop:s0 tclass=file permissive=0
04-12 20:43:55.437805  1744  1906 I configuration_changed: 256
04-12 20:43:55.530502  1744  1744 I configuration_changed: 268435456
04-12 20:43:55.563794  1744  2208 I commit_sys_config_file: [net-policy,1]
04-12 20:43:55.587312  1744  2177 I am_uid_running: 1037
04-12 20:43:55.596788  1744  1941 I am_proc_start: [0,2548,1037,WebViewLoader-arm64-v8a,,]
04-12 20:43:55.604033  1744  2207 I netstats_mobile_sample: [0,0,0,0,0,0,0,0,1775997835603]
04-12 20:43:55.604043  1744  2207 I netstats_wifi_sample: [0,0,0,0,0,0,0,0,1775997835603]
04-12 20:43:55.611710  1744  1843 I am_proc_bound: [0,2548,WebViewLoader-arm64-v8a]
04-12 20:43:55.611826  1744  2207 I netstats_mobile_sample: [0,0,0,0,0,0,0,0,1775997835611]
04-12 20:43:55.611837  1744  2207 I netstats_wifi_sample: [0,0,0,0,0,0,0,0,1775997835611]
04-12 20:43:55.614305  1744  1843 I am_uid_active: 1037
04-12 20:43:55.672986  1744  2488 I am_uid_stopped: 1037
04-12 20:43:55.682270  1744  2488 I am_proc_died: [0,2548,WebViewLoader-arm64-v8a,-700,0]
04-12 20:43:55.682292  1744  2488 I am_low_memory: 2
04-12 20:43:55.706464  1744  1744 I am_uid_running: 1073
04-12 20:43:55.706490  1744  1929 I netstats_mobile_sample: [0,0,0,0,0,0,0,0,1775997835706]
04-12 20:43:55.706520  1744  1929 I netstats_wifi_sample: [0,0,0,0,0,0,0,0,1775997835706]
04-12 20:43:55.716384  1744  1941 I am_proc_start: [0,2605,1073,com.android.networkstack.process,service,{com.google.android.networkstack/com.android.server.NetworkStackService},caller=system/1000]
04-12 20:43:55.717908  1744  1744 I ssm_user_starting: 0
04-12 20:43:55.731870  1744  2183 I am_uid_running: 1002
04-12 20:43:55.733315  1744  1941 I am_proc_start: [0,2613,1000,com.transsion.sru,service,{com.transsion.sru/com.transsion.sru.service.SRUService},caller=system/1000]
04-12 20:43:55.744139  1744  2535 I am_proc_bound: [0,2613,com.transsion.sru]
04-12 20:43:55.747619  1744  1744 I um_user_visibility_changed: [0,1]
04-12 20:43:55.748760  1744  2488 I am_proc_bound: [0,2605,com.android.networkstack.process]
04-12 20:43:55.744000  2613  2613 I auditd  : type=1400 audit(0.0:287): avc:  denied  { read write } for  comm="re-initialized>" name="ensignal" dev="tmpfs" ino=2080 scontext=u:r:system_app:s0 tcontext=u:object_r:ensignal_device:s0 tclass=chr_file permissive=0
04-12 20:43:55.744000  2613  2613 I auditd  : type=1400 audit(0.0:288): avc:  denied  { read write } for  comm="re-initialized>" name="ensignal" dev="tmpfs" ino=2080 scontext=u:r:system_app:s0 tcontext=u:object_r:ensignal_device:s0 tclass=chr_file permissive=0
04-12 20:43:55.748000  2605  2605 I auditd  : type=1400 audit(0.0:289): avc:  denied  { search } for  comm="binder:2605_2" name="/" dev="sdc87" ino=2 scontext=u:r:network_stack:s0 tcontext=u:object_r:tranfs_file:s0 tclass=dir permissive=0
04-12 20:43:55.748000  2605  2605 I auditd  : type=1400 audit(0.0:290): avc:  denied  { read write } for  comm="re-initialized>" name="ensignal" dev="tmpfs" ino=2080 scontext=u:r:network_stack:s0 tcontext=u:object_r:ensignal_device:s0 tclass=chr_file permissive=0
04-12 20:43:55.748000  2605  2605 I auditd  : type=1400 audit(0.0:291): avc:  denied  { read write } for  comm="re-initialized>" name="ensignal" dev="tmpfs" ino=2080 scontext=u:r:network_stack:s0 tcontext=u:object_r:ensignal_device:s0 tclass=chr_file permissive=0
04-12 20:43:55.750250  1744  2488 I am_uid_active: 1073
04-12 20:43:55.753600  1744  1744 I am_uid_running: 1001
04-12 20:43:55.754860  1744  1744 I am_uid_running: 1068
04-12 20:43:55.756065  1744  1744 I am_uid_running: 10146
04-12 20:43:55.775184  1744  1744 I am_uid_running: 10199
04-12 20:43:55.784000  2613  2613 I auditd  : type=1400 audit(0.0:292): avc:  denied  { map } for  comm="m.transsion.sru" path="/dev/__properties__/u:object_r:vendor_irtx_prop:s0" dev="tmpfs" ino=614 scontext=u:r:system_app:s0 tcontext=u:object_r:vendor_irtx_prop:s0 tclass=file permissive=0
04-12 20:43:55.784000  2613  2613 I auditd  : type=1400 audit(0.0:293): avc:  denied  { read } for  comm="m.transsion.sru" name="u:object_r:qemu_hw_prop:s0" dev="tmpfs" ino=396 scontext=u:r:system_app:s0 tcontext=u:object_r:qemu_hw_prop:s0 tclass=file permissive=0
04-12 20:43:55.796411  1744  1744 I wm_task_created: 2
04-12 20:43:55.798415  1744  1744 I wm_task_moved: [2,1,0,1,2147483647]
04-12 20:43:55.800257  1744  1744 I wm_task_moved: [1,1,0,1,0]
04-12 20:43:55.800284  1744  1744 I wm_task_to_front: [0,2,0]
04-12 20:43:55.801728  1744  1744 I wm_create_task: [0,2,1,0]
04-12 20:43:55.801740  1744  1744 I wm_create_activity: [0,88257560,2,com.transsion.launcher3/com.android.launcher3.uioverrides.QuickstepLauncher,android.intent.action.MAIN,NULL,NULL,268435712]
04-12 20:43:55.801794  1744  1744 I wm_task_moved: [1,1,0,1,0]
04-12 20:43:55.801806  1744  1744 I wm_task_moved: [2,1,0,1,2147483647]
04-12 20:43:55.805215  1744  1744 I uc_send_user_broadcast: [0,android.intent.action.USER_STARTED]
04-12 20:43:55.805684  1744  1744 I uc_send_user_broadcast: [0,android.intent.action.USER_STARTING]
04-12 20:43:55.807171  1744  1744 I uc_send_user_broadcast: [0,android.intent.action.USER_FOREGROUND]
04-12 20:43:55.807339  1744  1744 I uc_send_user_broadcast: [0,android.intent.action.USER_SWITCHED]
04-12 20:43:55.808277  1744  1941 I am_proc_start: [0,2644,1002,com.android.bluetooth,service,{com.android.bluetooth/com.android.bluetooth.btservice.AdapterService},caller=system/1000]
04-12 20:43:55.810997  1744  2535 I dvm_lock_sample: [system_server,1,binder:1744_A,30,ActivityManagerService.java,5375,void com.android.server.am.ActivityManagerService.attachApplication(android.app.IApplicationThread, long),,0,null,6]
04-12 20:43:55.811175  1744  2535 I am_proc_bound: [0,2644,com.android.bluetooth]
04-12 20:43:55.812000  2644  2644 I auditd  : type=1400 audit(0.0:294): avc:  denied  { read write } for  comm="re-initialized>" name="ensignal" dev="tmpfs" ino=2080 scontext=u:r:bluetooth:s0 tcontext=u:object_r:ensignal_device:s0 tclass=chr_file permissive=0
04-12 20:43:55.812000  2644  2644 I auditd  : type=1400 audit(0.0:295): avc:  denied  { read write } for  comm="re-initialized>" name="ensignal" dev="tmpfs" ino=2080 scontext=u:r:bluetooth:s0 tcontext=u:object_r:ensignal_device:s0 tclass=chr_file permissive=0
04-12 20:43:55.818781  1744  1906 I am_uid_running: 10148
04-12 20:43:55.822807  1744  2084 I commit_sys_config_file: [settings-0-0,5]
04-12 20:43:55.833859  1744  1941 I am_proc_start: [0,2665,1001,com.android.phone,added application,com.android.phone]
04-12 20:43:55.839510  1744  2068 I am_proc_bound: [0,2665,com.android.phone]
04-12 20:43:55.842146  1744  2068 I am_uid_active: 1001
04-12 20:43:55.840000  2665  2665 I auditd  : type=1400 audit(0.0:296): avc:  denied  { read write } for  comm="re-initialized>" name="ensignal" dev="tmpfs" ino=2080 scontext=u:r:radio:s0 tcontext=u:object_r:ensignal_device:s0 tclass=chr_file permissive=0
04-12 20:43:55.840000  2665  2665 I auditd  : type=1400 audit(0.0:297): avc:  denied  { read write } for  comm="re-initialized>" name="ensignal" dev="tmpfs" ino=2080 scontext=u:r:radio:s0 tcontext=u:object_r:ensignal_device:s0 tclass=chr_file permissive=0
04-12 20:43:55.846724  1744  1941 I am_proc_start: [0,2685,1001,com.mediatek.ims,added application,com.mediatek.ims]
04-12 20:43:55.860240  1744  2068 I am_proc_died: [0,2613,com.transsion.sru,0,6]
04-12 20:43:55.867781  1744  1941 I am_proc_start: [0,2709,1068,com.android.se,added application,com.android.se]
04-12 20:43:55.873594  1744  1843 I am_proc_bound: [0,2685,com.mediatek.ims]
04-12 20:43:55.872000  2685  2685 I auditd  : type=1400 audit(0.0:298): avc:  denied  { read write } for  comm="re-initialized>" name="ensignal" dev="tmpfs" ino=2080 scontext=u:r:radio:s0 tcontext=u:object_r:ensignal_device:s0 tclass=chr_file permissive=0
04-12 20:43:55.872000  2685  2685 I auditd  : type=1400 audit(0.0:299): avc:  denied  { read write } for  comm="re-initialized>" name="ensignal" dev="tmpfs" ino=2080 scontext=u:r:radio:s0 tcontext=u:object_r:ensignal_device:s0 tclass=chr_file permissive=0
04-12 20:43:55.881031  1744  1843 I am_proc_bound: [0,2709,com.android.se]
04-12 20:43:55.885040  1744  1843 I am_uid_active: 1068
04-12 20:43:55.880000  2709  2709 I auditd  : type=1400 audit(0.0:300): avc:  denied  { search } for  comm="binder:2709_2" name="/" dev="sdc87" ino=2 scontext=u:r:secure_element:s0:c44,c260,c512,c768 tcontext=u:object_r:tranfs_file:s0 tclass=dir permissive=0
04-12 20:43:55.880000  2709  2709 I auditd  : type=1400 audit(0.0:301): avc:  denied  { read write } for  comm="re-initialized>" name="ensignal" dev="tmpfs" ino=2080 scontext=u:r:secure_element:s0:c44,c260,c512,c768 tcontext=u:object_r:ensignal_device:s0 tclass=chr_file permissive=0
