04-12 20:43:57.536989  1744  2535 I dvm_lock_sample: [system_server,1,binder:1744_A,29,BroadcastController.java,759,int com.android.server.am.BroadcastController.broadcastIntentWithFeature(android.app.IApplicationThread, java.lang.String, android.content.Intent, java.lang.String, android.content.IIntentReceiver, int, java.lang.String, android.os.Bundle, java.lang.String[], java.lang.String[], java.lang.String[], int, android.os.Bundle, boolean, boolean, int),ProcessList.java,2306,void com.android.server.am.ProcessList.lambda$handleProcessStart$1(com.android.server.am.ProcessRecord, java.lang.String, int[], int, int, int, java.lang.String, java.lang.String, java.lang.String, long),5]
04-12 20:43:57.537680  1744  2925 I am_proc_bound: [0,3405,com.mediatek.simprocessor]
04-12 20:43:57.560339  1744  2488 I sysui_multi_action: [757,127,758,2]
04-12 20:43:57.556000  3405  3405 I auditd  : type=1400 audit(0.0:427): avc:  denied  { read write } for  comm="re-initialized>" name="ensignal" dev="tmpfs" ino=2080 scontext=u:r:system_app:s0 tcontext=u:object_r:ensignal_device:s0 tclass=chr_file permissive=0
04-12 20:43:57.556000  3405  3405 I auditd  : type=1400 audit(0.0:428): avc:  denied  { read write } for  comm="re-initialized>" name="ensignal" dev="tmpfs" ino=2080 scontext=u:r:system_app:s0 tcontext=u:object_r:ensignal_device:s0 tclass=chr_file permissive=0
04-12 20:43:57.564657  1744  2488 I notification_panel_hidden: 
04-12 20:43:57.577080  1744  1907 I wm_wallpaper_surface: [0,0,Window{c046a19 u0 com.transsion.launcher3/com.android.launcher3.uioverrides.QuickstepLauncher}]
04-12 20:43:57.577313  1744  1907 I wm_wallpaper_surface: [0,1,Window{c046a19 u0 com.transsion.launcher3/com.android.launcher3.uioverrides.QuickstepLauncher}]
04-12 20:43:57.579429  1744  2533 I wm_set_keyguard_shown: [0,1,0,0,0,setKeyguardShown]
04-12 20:43:57.589880  2431  2431 I wm_on_top_resumed_lost_called: [88257560,com.android.launcher3.uioverrides.QuickstepLauncher,topStateChangedWhenResumed]
04-12 20:43:57.591026  1744  2533 I wm_pause_activity: [0,88257560,com.transsion.launcher3/com.android.launcher3.uioverrides.QuickstepLauncher,userLeaving=false,sleep]
04-12 20:43:57.593111  2431  2431 I wm_on_paused_called: [88257560,com.android.launcher3.uioverrides.QuickstepLauncher,performPause,1]
04-12 20:43:57.602385  1744  2533 I wm_add_to_stopping: [0,88257560,com.transsion.launcher3/com.android.launcher3.uioverrides.QuickstepLauncher,makeInvisible]
04-12 20:43:57.604552  1744  1903 I sysui_multi_action: [757,803,799,window_time_0,802,6]
04-12 20:43:57.605645  1744  1907 I wm_wallpaper_surface: [0,1,Window{c046a19 u0 com.transsion.launcher3/com.android.launcher3.uioverrides.QuickstepLauncher}]
04-12 20:43:57.629317  2665  2665 I service_manager_stats: [100,84,21421]
04-12 20:43:57.630225  1744  1907 I wm_wallpaper_surface: [0,0,Window{c046a19 u0 com.transsion.launcher3/com.android.launcher3.uioverrides.QuickstepLauncher}]
04-12 20:43:57.632469  1744  1907 I wm_wallpaper_surface: [0,0,Window{c046a19 u0 com.transsion.launcher3/com.android.launcher3.uioverrides.QuickstepLauncher}]
04-12 20:43:57.639253  2431  2431 I viewroot_draw_event: [VRI[QuickstepLauncher],Not drawing due to not visible. Reason=!mAppVisible && !mForceDecorViewVisibility]
04-12 20:43:57.667063  1744  1906 I wm_stop_activity: [0,88257560,com.transsion.launcher3/com.android.launcher3.uioverrides.QuickstepLauncher]
04-12 20:43:57.685458  1744  2084 I commit_sys_config_file: [settings-0-0,2]
04-12 20:43:57.688000  1744  1744 I auditd  : type=1400 audit(0.0:429): avc:  denied  { read } for  comm="system_server" name="u:object_r:vendor_default_prop:s0" dev="tmpfs" ino=607 scontext=u:r:system_server:s0 tcontext=u:object_r:vendor_default_prop:s0 tclass=file permissive=0
04-12 20:43:57.702720  2738  3378 I viewroot_draw_event: [VRI[TrEdgeBackGestureHandler0],Not drawing due to not visible. Reason=View.GONE]
04-12 20:43:57.703606  2431  2431 I wm_on_stop_called: [88257560,com.android.launcher3.uioverrides.QuickstepLauncher,STOP_ACTIVITY_ITEM,29]
04-12 20:43:57.713455  1744  2941 I am_foreground_service_start: [0,com.mediatek.simprocessor/.SimProcessorService,1,PROC_STATE_PERSISTENT,36,36,0,0,0,1,UNKNOWN,1073741824]
04-12 20:43:57.731161  1744  2228 I notification_enqueue: [1000,3405,com.mediatek.simprocessor,404,NULL,0,Notification(channel=simprocessor_channel shortcut=null contentView=null vibrate=null sound=null defaults=0 flags=FOREGROUND_SERVICE|CAN_COLORIZE color=0x00000000 vis=PRIVATE),0,1]
04-12 20:43:57.733265  1744  2228 I sysui_multi_action: [757,1501,758,1,793,4,794,0,795,4,796,404,806,com.mediatek.simprocessor,857,simprocessor_channel,858,2,947,0,1500,0]
04-12 20:43:57.733289  1744  2228 I sysui_multi_action: [757,804,799,note_interruptive,801,0,802,1]
04-12 20:43:57.733566  1744  2903 I am_foreground_service_stop: [0,com.mediatek.simprocessor/.SimProcessorService,1,PROC_STATE_PERSISTENT,36,36,0,0,20,1,STOP_SERVICE,1073741824]
04-12 20:43:57.734109  1744  2228 I sysui_multi_action: [757,199,758,1,759,16,793,5,794,0,795,5,796,404,806,com.mediatek.simprocessor,857,simprocessor_channel,858,2,947,0,1500,1,1688,1]
04-12 20:43:57.734155  1744  2228 I notification_alert: [0|com.mediatek.simprocessor|404|null|1000,0,0,0,2,0]
04-12 20:43:57.737260  1744  2228 I sysui_multi_action: [757,128,758,5,759,8,793,8,794,0,795,8,796,404,806,com.mediatek.simprocessor,857,simprocessor_channel,858,2,947,0,1500,4,1688,1]
04-12 20:43:57.737276  1744  2228 I notification_canceled: [0|com.mediatek.simprocessor|404|null|1000,8,8,8,0,-1,-1,NULL]
04-12 20:43:57.767183  1744  2228 I notification_cancel_all: [1000,1744,com.android.systemui,0,0,0,20,NULL]
04-12 20:43:57.777669  1744  2084 I commit_sys_config_file: [settings-1-0,9]
04-12 20:43:57.821846  1744  2533 I am_uid_active: 10232
04-12 20:43:57.858199  1744  1744 I viewroot_draw_event: [VRI[TranssionWaterMark],reportDrawFinished seqId=0]
04-12 20:43:57.862826  1744  1744 I viewroot_draw_event: [VRI[TranssionWaterMark],reportDrawFinished seqId=0]
04-12 20:43:57.895191  1744  1907 I input_focus: [Focus request 3e9f61b NotificationShade,reason=UpdateInputWindows]
04-12 20:43:57.904308  1744  1907 I wm_wallpaper_surface: [0,1,Window{3e9f61b u0 NotificationShade}]
04-12 20:43:57.907459  2738  2738 I viewroot_draw_event: [VRI[NotificationShade],reportDrawFinished seqId=0]
04-12 20:43:57.916022  2738  2738 I viewroot_draw_event: [VRI[StatusBar],reportDrawFinished seqId=0]
04-12 20:43:57.918038  1744  2488 I am_uid_running: 10125
04-12 20:43:57.946828  1744  1941 I am_proc_start: [0,3519,10125,com.transsion.applock,content provider,{com.transsion.applock/com.transsion.applock.model.AppLockProvider},caller=com.android.systemui/10146]
04-12 20:43:57.959097  1744  2488 I netstats_mobile_sample: [0,0,0,0,0,0,0,0,1775997837959]
04-12 20:43:57.959139  1744  2488 I netstats_wifi_sample: [0,0,0,0,0,0,0,0,1775997837959]
04-12 20:43:57.979174  1744  2533 I am_proc_bound: [0,3519,com.transsion.applock]
04-12 20:43:57.976000  3519  3519 I auditd  : type=1400 audit(0.0:431): avc:  denied  { read write } for  comm="re-initialized>" name="ensignal" dev="tmpfs" ino=2080 scontext=u:r:platform_app:s0:c512,c768 tcontext=u:object_r:ensignal_device:s0 tclass=chr_file permissive=0 app=com.transsion.applock
04-12 20:43:57.976000  3519  3519 I auditd  : type=1400 audit(0.0:432): avc:  denied  { read write } for  comm="re-initialized>" name="ensignal" dev="tmpfs" ino=2080 scontext=u:r:platform_app:s0:c512,c768 tcontext=u:object_r:ensignal_device:s0 tclass=chr_file permissive=0 app=com.transsion.applock
04-12 20:43:58.028468  1744  2084 I commit_sys_config_file: [settings-0-0,2]
04-12 20:43:58.048454  2738  2738 I sysui_multi_action: [757,196,758,1,759,0]
04-12 20:43:58.048466  2738  2738 I sysui_status_bar_state: [1,1,0,0,0,1]
04-12 20:43:58.048942  1744  2488 I sysui_multi_action: [757,127,758,1]
04-12 20:43:58.048965  1744  2488 I sysui_multi_action: [757,804,799,note_load,801,0,802,1]
04-12 20:43:58.049037  1744  2488 I notification_panel_revealed: 0
04-12 20:43:58.080000  2431  2431 I auditd  : type=1400 audit(0.0:433): avc:  denied  { getopt } for  comm="FinalizerDaemon" path="/dev/socket/usap_pool_primary" scontext=u:r:platform_app:s0:c512,c768 tcontext=u:r:zygote:s0 tclass=unix_stream_socket permissive=0 app=com.transsion.launcher3
04-12 20:43:58.144443  2738  2955 I jank_cuj_events_cancel_request: [55,1775997838144337000,21936758077,21936758077]
04-12 20:43:58.150566  1744  1906 I user_activity_timeout_override: 10000
04-12 20:43:58.165868  1744  2903 I dvm_lock_sample: [system_server,1,binder:1744_D,6,ActivityTaskManagerService.java,7480,boolean com.android.server.wm.ActivityTaskManagerService$LocalService.attachApplication(com.android.server.wm.WindowProcessController),WindowAnimator.java,124,void com.android.server.wm.WindowAnimator.lambda$new$1(long),1]
04-12 20:43:58.166587  1744  2903 I am_uid_active: 10125
04-12 20:43:58.176000  3519  3519 I auditd  : type=1400 audit(0.0:434): avc:  denied  { read } for  comm=4F6E65494420576F726B6572 name="u:object_r:vendor_security_patch_level_prop:s0" dev="tmpfs" ino=888 scontext=u:r:platform_app:s0:c512,c768 tcontext=u:object_r:vendor_security_patch_level_prop:s0 tclass=file permissive=0 app=com.transsion.applock
04-12 20:43:58.206390  1744  1941 I am_proc_start: [0,3568,10145,com.transsion.atomicbrain,content provider,{com.transsion.atomicbrain/com.transsion.atomicbrain.SuggestionProvider},caller=com.transsion.launcher3/10148]
04-12 20:43:58.237361  1744  2533 I am_proc_bound: [0,3568,com.transsion.atomicbrain]
04-12 20:43:58.244000  3568  3568 I auditd  : type=1400 audit(0.0:435): avc:  denied  { read write } for  comm="re-initialized>" name="ensignal" dev="tmpfs" ino=2080 scontext=u:r:platform_app:s0:c512,c768 tcontext=u:object_r:ensignal_device:s0 tclass=chr_file permissive=0 app=com.transsion.atomicbrain
04-12 20:43:58.244000  3568  3568 I auditd  : type=1400 audit(0.0:436): avc:  denied  { read write } for  comm="re-initialized>" name="ensignal" dev="tmpfs" ino=2080 scontext=u:r:platform_app:s0:c512,c768 tcontext=u:object_r:ensignal_device:s0 tclass=chr_file permissive=0 app=com.transsion.atomicbrain
04-12 20:43:58.244000  2665  2665 I auditd  : type=1400 audit(0.0:437): avc:  denied  { read } for  comm="m.android.phone" name="u:object_r:vendor_irtx_prop:s0" dev="tmpfs" ino=614 scontext=u:r:radio:s0 tcontext=u:object_r:vendor_irtx_prop:s0 tclass=file permissive=0
04-12 20:43:58.244000  2665  2665 I auditd  : type=1400 audit(0.0:438): avc:  denied  { read } for  comm="m.android.phone" name="u:object_r:qemu_hw_prop:s0" dev="tmpfs" ino=396 scontext=u:r:radio:s0 tcontext=u:object_r:qemu_hw_prop:s0 tclass=file permissive=0
04-12 20:43:58.305076  2738  2738 I viewroot_draw_event: [VRI[StatusBar],reportDrawFinished seqId=0]
04-12 20:43:58.318638  2738  2738 I viewroot_draw_event: [VRI[CustomChargingAnimation],reportDrawFinished seqId=0]
04-12 20:43:58.356808  1744  2084 I commit_sys_config_file: [settings-0-0,5]
04-12 20:43:58.371221  1744  1940 I am_uid_running: 10187
04-12 20:43:58.390098  2738  2738 I viewroot_draw_event: [VRI[NotificationShade],reportDrawFinished seqId=0]
04-12 20:43:58.454280  1744  1941 I am_proc_start: [0,3616,10187,com.google.android.euicc,broadcast,{com.google.android.euicc/com.google.android.euicc.receiver.EuiccGoogleSlotChangeReceiver},caller=com.android.phone/1001,action = android.telephony.action.SIM_SLOT_STATUS_CHANGED]
04-12 20:43:58.471836  1744  3084 I am_proc_bound: [0,3616,com.google.android.euicc]
04-12 20:43:58.481095  2665  2665 I gsm_service_state_change: [1,1,3,1]
04-12 20:43:58.488000  3616  3616 I auditd  : type=1400 audit(0.0:439): avc:  denied  { read write } for  comm="re-initialized>" name="ensignal" dev="tmpfs" ino=2080 scontext=u:r:priv_app:s0:c512,c768 tcontext=u:object_r:ensignal_device:s0 tclass=chr_file permissive=0 app=com.google.android.euicc
04-12 20:43:58.492000  3616  3616 I auditd  : type=1400 audit(0.0:440): avc:  denied  { read write } for  comm="re-initialized>" name="ensignal" dev="tmpfs" ino=2080 scontext=u:r:priv_app:s0:c512,c768 tcontext=u:object_r:ensignal_device:s0 tclass=chr_file permissive=0 app=com.google.android.euicc
04-12 20:43:58.525231  1744  2533 I am_uid_running: 10175
04-12 20:43:58.526341  1744  2488 I service_manager_stats: [453,85,5026]
04-12 20:43:58.529093  2665  3584 I service_manager_slow: [10,audio]
04-12 20:43:58.545291  1744  1941 I am_proc_start: [0,3679,10175,com.transsion.atomiccore,content provider,{com.transsion.atomiccore/com.transsion.atomiccore.external.ExternalProvider},caller=com.transsion.atomicbrain/10145]
04-12 20:43:58.552882  1216  1646 I sf_stop_bootanim: 22345
04-12 20:43:58.556888  1744  1906 I wm_boot_animation_done: 22349
04-12 20:43:58.562513  1744  2178 I input_focus: [Focus entering 3e9f61b NotificationShade,reason=Window became focusable. Previous reason: NO_WINDOW]
04-12 20:43:58.564591  2431  3686 I liblog  : 16
04-12 20:43:58.565738  1744  2903 I am_uid_active: 10145
04-12 20:43:58.574161  2431  2907 I dvm_lock_sample: [com.transsion.launcher3,0,launcher-pool-13,709,SourceFile,-1,int J6.a.c(java.lang.String),-,-1,int J6.a.c(java.lang.String),100]
04-12 20:43:58.596979  1744  1843 I dvm_lock_sample: [system_server,1,binder:1744_1,67,BroadcastController.java,532,android.content.Intent com.android.server.am.BroadcastController.registerReceiverWithFeatureTraced(android.app.IApplicationThread, java.lang.String, java.lang.String, java.lang.String, android.content.IIntentReceiver, android.content.IntentFilter, java.lang.String, int, int),,0,null,13]
04-12 20:43:58.606541  1744  2899 I dvm_lock_sample: [system_server,1,binder:1744_C,67,ActivityManagerService.java,15283,int com.android.server.am.ActivityManagerService.bindServiceInstance(android.app.IApplicationThread, android.os.IBinder, android.content.Intent, java.lang.String, android.app.IServiceConnection, long, java.lang.String, boolean, int, java.lang.String, android.app.IApplicationThread, java.lang.String, int),,0,null,13]
04-12 20:43:58.608718  1744  2533 I am_proc_bound: [0,3679,com.transsion.atomiccore]
04-12 20:43:58.608000  3679  3679 I auditd  : type=1400 audit(0.0:441): avc:  denied  { read write } for  comm="re-initialized>" name="ensignal" dev="tmpfs" ino=2080 scontext=u:r:platform_app:s0:c512,c768 tcontext=u:object_r:ensignal_device:s0 tclass=chr_file permissive=0 app=com.transsion.atomiccore
04-12 20:43:58.608000  3679  3679 I auditd  : type=1400 audit(0.0:442): avc:  denied  { read write } for  comm="re-initialized>" name="ensignal" dev="tmpfs" ino=2080 scontext=u:r:platform_app:s0:c512,c768 tcontext=u:object_r:ensignal_device:s0 tclass=chr_file permissive=0 app=com.transsion.atomiccore
04-12 20:43:58.623103  1744  2903 I dvm_lock_sample: [system_server,0,binder:1744_D,10,ActivityManagerService.java,15340,void com.android.server.am.ActivityManagerService.serviceDoneExecuting(android.os.IBinder, int, int, int, android.content.Intent),,0,null,2]
04-12 20:43:58.624782  1744  1940 I am_wtf  : [0,1744,system_server,-1,ActivityManager,Sending non-protected broadcast com.transsion.atomiccore.action.bind_service.island from system 2738:com.android.systemui/u0a146 pkg com.android.systemui]
04-12 20:43:58.721639  2665  2665 I gsm_service_state_change: [1,1,3,3]
04-12 20:43:58.886265  1744  2084 I commit_sys_config_file: [settings-1-0,31]
04-12 20:43:58.911967  1744  2228 I notification_enqueue: [1000,1744,android,26,NULL,-1,Notification(channel=DEVELOPER_IMPORTANT shortcut=null contentView=null vibrate=null sound=null tick defaults=0 flags=ONGOING_EVENT|CAN_COLORIZE color=0x00000000 vis=PUBLIC),0,1]
04-12 20:43:58.914506  1744  2228 I sysui_multi_action: [757,1501,758,1,793,5,794,0,795,5,796,26,806,android,857,DEVELOPER_IMPORTANT,858,4,947,0,1500,0]
04-12 20:43:58.914541  1744  2228 I sysui_multi_action: [757,804,799,note_interruptive,801,0,802,1]
04-12 20:43:58.915184  1744  2228 I notification_autogrouped: -1|android|32|null|1000
04-12 20:43:58.915222  1744  2228 I notification_autogrouped: -1|android|26|null|1000
04-12 20:43:58.915259  1744  2228 I notification_adjusted: [-1|android|26|null|1000,key_group_key,-1|android|g:Aggregate_AlertingSection]
04-12 20:43:58.915504  1744  2228 I sysui_multi_action: [757,199,758,1,759,32784,793,6,794,0,795,6,796,26,806,android,857,DEVELOPER_IMPORTANT,858,4,946,-1|android|g:Aggregate_Aler-df069087,947,0,1500,1,1688,1]
04-12 20:43:58.915524  1744  2228 I notification_alert: [-1|android|26|null|1000,0,0,0,2,32768]
04-12 20:43:58.916837  1744  2228 I notification_enqueue: [1000,1744,android,0,-1|android|g:Aggregate_AlertingSection,-1,Notification(channel=DEVELOPER_IMPORTANT shortcut=null contentView=null vibrate=null sound=null defaults=0 flags=ONGOING_EVENT|LOCAL_ONLY|GROUP_SUMMARY|AUTOGROUP_SUMMARY color=0x00000000 groupKey=-1|android|g:Aggregate_AlertingSection vis=PUBLIC),0,0]
04-12 20:43:58.917051  1744  2227 I notification_adjusted: [-1|android|32|null|1000,key_group_key,-1|android|g:Aggregate_AlertingSection]
04-12 20:43:58.936000  1744  1744 I auditd  : type=1400 audit(0.0:444): avc:  denied  { read } for  comm="TranPowerDataEv" name="u:object_r:vendor_default_prop:s0" dev="tmpfs" ino=607 scontext=u:r:system_server:s0 tcontext=u:object_r:vendor_default_prop:s0 tclass=file permissive=0
04-12 20:43:58.950835  1744  2228 I sysui_multi_action: [757,199,758,1,759,1040,793,36,794,0,795,36,796,0,797,-1|android|g:Aggregate_AlertingSection,806,android,857,DEVELOPER_IMPORTANT,858,4,946,-1|android|g:Aggregate_Aler-df069087,947,1,1500,36,1688,1]
04-12 20:43:58.950868  1744  2228 I notification_alert: [-1|android|0|-1|android|g:Aggregate_AlertingSection|1000|-1|android|g:Aggregate_AlertingSection,0,0,0,2,1024]
04-12 20:43:58.966456  1744  1940 I am_wtf  : [0,1744,system_server,-1,SystemServiceRegistry,No service published for: uwb]
04-12 20:43:58.966598  1744  1940 I am_wtf  : [0,1744,system_server,-1,SystemServiceRegistry,Manager wrapper not available: uwb]
04-12 20:43:58.966647  1744  1940 I am_wtf  : [0,1744,system_server,-1,SystemServiceRegistry,No service published for: thread_network]
04-12 20:43:58.966688  1744  1940 I am_wtf  : [0,1744,system_server,-1,SystemServiceRegistry,Manager wrapper not available: thread_network]
04-12 20:43:58.980480  1744  2084 I commit_sys_config_file: [settings-0-0,7]
04-12 20:43:58.993320  1744  2084 I commit_sys_config_file: [settings-2-0,2]
04-12 20:43:59.013161  1744  1906 I uc_finish_user_boot: 0
04-12 20:43:59.013224  1744  1906 I am_user_state_changed: [0,1]
04-12 20:43:59.013416  1744  1906 I uc_send_user_broadcast: [0,android.intent.action.LOCKED_BOOT_COMPLETED]
04-12 20:43:59.037219  1744  2921 I thermal_changed: [SKIN,3,40.997002,1,0]
04-12 20:43:59.076886  1744  1906 I uc_finish_user_unlocking: 0
04-12 20:43:59.081978  1744  1941 I am_proc_start: [0,3808,10269,com.google.android.ext.services,on-hold,]
04-12 20:43:59.084847  1744  2921 I am_proc_bound: [0,3808,com.google.android.ext.services]
04-12 20:43:59.097595  1744  2923 I am_uid_active: 10175
04-12 20:43:59.105493  1744  1941 I am_proc_start: [0,2437,1000,com.transsion.overlaysuw,broadcast,{com.transsion.overlaysuw/com.transsion.overlaysuw.OtaUpdateReceiver},action = android.intent.action.LOCKED_BOOT_COMPLETED]
04-12 20:43:59.100000  3808  3808 I auditd  : type=1400 audit(0.0:445): avc:  denied  { read write } for  comm="re-initialized>" name="ensignal" dev="tmpfs" ino=2080 scontext=u:r:priv_app:s0:c512,c768 tcontext=u:object_r:ensignal_device:s0 tclass=chr_file permissive=0 app=com.google.android.ext.services
04-12 20:43:59.112000  3808  3808 I auditd  : type=1400 audit(0.0:446): avc:  denied  { read write } for  comm="re-initialized>" name="ensignal" dev="tmpfs" ino=2080 scontext=u:r:priv_app:s0:c512,c768 tcontext=u:object_r:ensignal_device:s0 tclass=chr_file permissive=0 app=com.google.android.ext.services
04-12 20:43:59.151800  1744  2903 I am_proc_bound: [0,2437,com.transsion.overlaysuw]
04-12 20:43:59.152336  2665  2665 I gsm_service_state_change: [3,1,1,1]
04-12 20:43:59.160000  2437  2437 I auditd  : type=1400 audit(0.0:447): avc:  denied  { read write } for  comm="re-initialized>" name="ensignal" dev="tmpfs" ino=2080 scontext=u:r:system_app:s0 tcontext=u:object_r:ensignal_device:s0 tclass=chr_file permissive=0
04-12 20:43:59.160000  2437  2437 I auditd  : type=1400 audit(0.0:448): avc:  denied  { read write } for  comm="re-initialized>" name="ensignal" dev="tmpfs" ino=2080 scontext=u:r:system_app:s0 tcontext=u:object_r:ensignal_device:s0 tclass=chr_file permissive=0
04-12 20:43:59.164000  3839  3839 I auditd  : type=1400 audit(0.0:449): avc:  denied  { search } for  comm="verify_para" name="tmp" dev="dm-79" ino=102 scontext=u:r:tran_vfy:s0 tcontext=u:object_r:shell_data_file:s0 tclass=dir permissive=0
04-12 20:43:59.195730  2738  2955 I jank_cuj_events_end_request: [14,1775997839181660000,22974080615,22974080846]
04-12 20:43:59.205495  1744  2228 I notification_enqueue: [1000,1744,android,55,NULL,-1,Notification(channel=DEVELOPER shortcut=null contentView=null vibrate=null sound=null tick defaults=0 flags=ONGOING_EVENT|CAN_COLORIZE color=0x00000000 vis=PUBLIC),0,1]
04-12 20:43:59.205973  1744  2228 I sysui_multi_action: [757,1501,758,1,793,105,794,0,795,105,796,55,806,android,857,DEVELOPER,858,2,947,0,1500,0]
04-12 20:43:59.205989  1744  2228 I sysui_multi_action: [757,804,799,note_interruptive,801,0,802,1]
04-12 20:43:59.220916  1744  2228 I sysui_multi_action: [757,199,758,1,759,16,793,120,794,0,795,120,796,55,806,android,857,DEVELOPER,858,2,947,0,1500,15,1688,1]
04-12 20:43:59.220982  1744  2228 I notification_alert: [-1|android|55|null|1000,0,0,0,2,0]
04-12 20:43:59.256198  1744  1940 I am_uid_active: 10187
04-12 20:43:59.264030  1744  3085 I dvm_lock_sample: [system_server,1,binder:1744_13,88,ContentProviderHelper.java,207,android.app.ContentProviderHolder com.android.server.am.ContentProviderHelper.getContentProviderImpl(android.app.IApplicationThread, java.lang.String, android.os.IBinder, int, java.lang.String, java.lang.String, boolean, int),,0,null,17]
04-12 20:43:59.291448  1744  2923 I am_uid_active: 10269
04-12 20:43:59.323786  1744  2533 I dvm_lock_sample: [system_server,0,binder:1744_8,17,BroadcastController.java,1927,void com.android.server.am.BroadcastController.finishReceiver(android.os.IBinder, int, java.lang.String, android.os.Bundle, boolean, int),,0,null,3]
04-12 20:43:59.325290  1744  2084 I commit_sys_config_file: [settings-0-0,4]
04-12 20:43:59.332000  2437  2437 I auditd  : type=1400 audit(0.0:450): avc:  denied  { map } for  comm="sion.overlaysuw" path="/dev/__properties__/u:object_r:vendor_irtx_prop:s0" dev="tmpfs" ino=614 scontext=u:r:system_app:s0 tcontext=u:object_r:vendor_irtx_prop:s0 tclass=file permissive=0
04-12 20:43:59.332000  2437  2437 I auditd  : type=1400 audit(0.0:451): avc:  denied  { read } for  comm="sion.overlaysuw" name="u:object_r:qemu_hw_prop:s0" dev="tmpfs" ino=396 scontext=u:r:system_app:s0 tcontext=u:object_r:qemu_hw_prop:s0 tclass=file permissive=0
04-12 20:43:59.360000   416   416 I auditd  : type=1400 audit(0.0:452): avc:  denied  { create } for  comm="init" name="enable" scontext=u:r:vendor_init:s0 tcontext=u:object_r:debugfs_tracing_instances:s0 tclass=file permissive=0
04-12 20:43:59.372000   416   416 I auditd  : type=1400 audit(0.0:453): avc:  denied  { create } for  comm="init" name="enable" scontext=u:r:vendor_init:s0 tcontext=u:object_r:debugfs_tracing_instances:s0 tclass=file permissive=0
04-12 20:43:59.431006  1744  1904 I dvm_lock_sample: [system_server,1,android.ui,53,ActivityManagerService.java,17319,void com.android.server.am.ActivityManagerService.pushTempAllowlist(),,0,null,10]
04-12 20:43:59.433913  1744  1941 I am_proc_start: [0,3883,10232,com.google.android.gms,service,{com.google.android.gms/com.google.android.gms.chimera.GmsIntentOperationService},caller=com.google.android.gms.persistent/10232]
04-12 20:43:59.443422  1744  1906 I dvm_lock_sample: [system_server,1,android.display,33,ProcessRecord.java,1815,void com.android.server.am.ProcessRecord.setRunningRemoteAnimation(boolean),ActivityManagerService.java,15054,android.content.ComponentName com.android.server.am.ActivityManagerService.startService(android.app.IApplicationThread, android.content.Intent, java.lang.String, boolean, java.lang.String, java.lang.String, int, boolean, int, java.lang.String, java.lang.String),6]
04-12 20:43:59.451102  1744  1843 I am_proc_bound: [0,3883,com.google.android.gms]
04-12 20:43:59.452000  3883  3883 I auditd  : type=1400 audit(0.0:454): avc:  denied  { read write } for  comm="re-initialized>" name="ensignal" dev="tmpfs" ino=2080 scontext=u:r:gmscore_app:s0:c512,c768 tcontext=u:object_r:ensignal_device:s0 tclass=chr_file permissive=0 app=com.google.android.gms
04-12 20:43:59.452000  3883  3883 I auditd  : type=1400 audit(0.0:455): avc:  denied  { read write } for  comm="re-initialized>" name="ensignal" dev="tmpfs" ino=2080 scontext=u:r:gmscore_app:s0:c512,c768 tcontext=u:object_r:ensignal_device:s0 tclass=chr_file permissive=0 app=com.google.android.gms
04-12 20:43:59.452000  3883  3883 I auditd  : type=1400 audit(0.0:456): avc:  denied  { search } for  comm="binder:3883_2" name="/" dev="sdc87" ino=2 scontext=u:r:gmscore_app:s0:c512,c768 tcontext=u:object_r:tranfs_file:s0 tclass=dir permissive=0 app=com.google.android.gms
04-12 20:43:59.461647  1744  1940 I am_uid_running: 10142
04-12 20:43:59.486832  1744  1903 I am_user_state_changed: [0,2]
04-12 20:43:59.494910  1744  1940 I ssm_user_unlocking: 0
04-12 20:43:59.498934  1744  3085 I dvm_lock_sample: [system_server,0,binder:1744_13,13,ActivityManagerService.java,15340,void com.android.server.am.ActivityManagerService.serviceDoneExecuting(android.os.IBinder, int, int, int, android.content.Intent),BroadcastQueueImpl.java,495,void com.android.server.am.BroadcastQueueImpl.updateRunningList(),2]
04-12 20:43:59.513189  1744  1941 I am_proc_start: [0,3903,10142,tech.palm.find,broadcast,{tech.palm.find/tech.palm.find.vsim.auto.VsimAutoOpenReceiver},caller=com.android.phone/1001,action = android.intent.action.SIM_STATE_CHANGED]
04-12 20:43:59.520275  1744  1843 I am_proc_bound: [0,3903,tech.palm.find]
04-12 20:43:59.530706  1744  1940 I am_uid_running: 10179
04-12 20:43:59.532000  3903  3903 I auditd  : type=1400 audit(0.0:457): avc:  denied  { read write } for  comm="re-initialized>" name="ensignal" dev="tmpfs" ino=2080 scontext=u:r:platform_app:s0:c512,c768 tcontext=u:object_r:ensignal_device:s0 tclass=chr_file permissive=0 app=tech.palm.find
04-12 20:43:59.540474  1744  1941 I am_proc_start: [0,3868,10179,com.transsion.camera,service,{com.transsion.camera/com.transsion.camera.persistent.CameraAppService}]
04-12 20:43:59.613924  1744  2196 I am_uid_running: 10271
04-12 20:43:59.619358  1744  1744 I am_uid_running: 10214
04-12 20:43:59.627845  1744  2923 I am_proc_bound: [0,3868,com.transsion.camera]
04-12 20:43:59.648000  3868  3868 I auditd  : type=1400 audit(0.0:459): avc:  denied  { read write } for  comm="re-initialized>" name="ensignal" dev="tmpfs" ino=2080 scontext=u:r:platform_app:s0:c512,c768 tcontext=u:object_r:ensignal_device:s0 tclass=chr_file permissive=0 app=com.transsion.camera
04-12 20:43:59.648000  3868  3868 I auditd  : type=1400 audit(0.0:460): avc:  denied  { read write } for  comm="re-initialized>" name="ensignal" dev="tmpfs" ino=2080 scontext=u:r:platform_app:s0:c512,c768 tcontext=u:object_r:ensignal_device:s0 tclass=chr_file permissive=0 app=com.transsion.camera
04-12 20:43:59.655624  1744  1941 I am_proc_start: [0,3945,10271,com.google.android.providers.media.module,service,{com.google.android.providers.media.module/com.android.providers.media.fuse.ExternalStorageServiceImpl},caller=system/1000]
04-12 20:43:59.661069  1744  1843 I am_proc_bound: [0,3945,com.google.android.providers.media.module]
04-12 20:43:59.668000  3945  3945 I auditd  : type=1400 audit(0.0:461): avc:  denied  { read write } for  comm="re-initialized>" name="ensignal" dev="tmpfs" ino=2080 scontext=u:r:mediaprovider_app:s0:c15,c257,c512,c768 tcontext=u:object_r:ensignal_device:s0 tclass=chr_file permissive=0 app=com.google.android.providers.media.module
04-12 20:43:59.674493  1744  1940 I am_uid_running: 10190
04-12 20:43:59.672000  3945  3945 I auditd  : type=1400 audit(0.0:462): avc:  denied  { read write } for  comm="re-initialized>" name="ensignal" dev="tmpfs" ino=2080 scontext=u:r:mediaprovider_app:s0:c15,c257,c512,c768 tcontext=u:object_r:ensignal_device:s0 tclass=chr_file permissive=0 app=com.google.android.providers.media.module
04-12 20:43:59.680000  3945  3945 I auditd  : type=1400 audit(0.0:463): avc:  denied  { search } for  comm="binder:3945_2" name="/" dev="sdc87" ino=2 scontext=u:r:mediaprovider_app:s0:c15,c257,c512,c768 tcontext=u:object_r:tranfs_file:s0 tclass=dir permissive=0 app=com.google.android.providers.media.module
04-12 20:43:59.688376  1744  1940 I am_uid_running: 10158
04-12 20:43:59.701795  1744  1941 I am_proc_start: [0,3972,10214,com.google.android.as,service,{com.google.android.as/com.google.android.apps.miphone.aiai.app.AiAiContentCaptureService},caller=system/1000]
04-12 20:43:59.726367  1744  1940 I uc_finish_user_unlocked: 0
04-12 20:43:59.726420  1744  1940 I am_user_state_changed: [0,3]
04-12 20:43:59.735868  1744  2084 I commit_sys_config_file: [settings-1-0,24]
04-12 20:43:59.737281  1744  2250 I dvm_lock_sample: [system_server,0,backup,24,BroadcastController.java,532,android.content.Intent com.android.server.am.BroadcastController.registerReceiverWithFeatureTraced(android.app.IApplicationThread, java.lang.String, java.lang.String, java.lang.String, android.content.IIntentReceiver, android.content.IntentFilter, java.lang.String, int, int),,0,null,4]
04-12 20:43:59.737914  1744  2921 I am_proc_bound: [0,3972,com.google.android.as]
04-12 20:43:59.736000  1744  1744 I auditd  : type=1400 audit(0.0:464): avc:  denied  { read } for  comm="pool-95-thread-" name="u:object_r:build_bootimage_prop:s0" dev="tmpfs" ino=184 scontext=u:r:system_server:s0 tcontext=u:object_r:build_bootimage_prop:s0 tclass=file permissive=0
04-12 20:43:59.746182  1744  1903 I wm_task_created: 6
04-12 20:43:59.746398  1744  1903 I wm_task_created: 47
04-12 20:43:59.746503  1744  1903 I wm_task_created: 48
04-12 20:43:59.746591  1744  1903 I wm_task_created: 51
04-12 20:43:59.746619  1744  2899 I dvm_lock_sample: [system_server,1,binder:1744_C,61,ActivityManagerService.java,15283,int com.android.server.am.ActivityManagerService.bindServiceInstance(android.app.IApplicationThread, android.os.IBinder, android.content.Intent, java.lang.String, android.app.IServiceConnection, long, java.lang.String, boolean, int, java.lang.String, android.app.IApplicationThread, java.lang.String, int),,0,null,12]
04-12 20:43:59.746676  1744  1903 I wm_task_created: 18
04-12 20:43:59.746763  1744  1903 I wm_task_created: 50
04-12 20:43:59.746844  1744  1903 I wm_task_created: 54
04-12 20:43:59.746929  1744  1903 I wm_task_created: 56
04-12 20:43:59.747016  1744  1903 I wm_task_created: 58
04-12 20:43:59.747101  1744  1903 I wm_task_created: 59
04-12 20:43:59.747187  1744  1903 I wm_task_created: 60
04-12 20:43:59.748000  3972  3972 I auditd  : type=1400 audit(0.0:465): avc:  denied  { read write } for  comm="re-initialized>" name="ensignal" dev="tmpfs" ino=2080 scontext=u:r:priv_app:s0:c512,c768 tcontext=u:object_r:ensignal_device:s0 tclass=chr_file permissive=0 app=com.google.android.as
04-12 20:43:59.748000  3972  3972 I auditd  : type=1400 audit(0.0:466): avc:  denied  { read write } for  comm="re-initialized>" name="ensignal" dev="tmpfs" ino=2080 scontext=u:r:priv_app:s0:c512,c768 tcontext=u:object_r:ensignal_device:s0 tclass=chr_file permissive=0 app=com.google.android.as
04-12 20:43:59.826133  1744  2526 I dvm_lock_sample: [system_server,1,OSAppOpsService,99,BroadcastController.java,532,android.content.Intent com.android.server.am.BroadcastController.registerReceiverWithFeatureTraced(android.app.IApplicationThread, java.lang.String, java.lang.String, java.lang.String, android.content.IIntentReceiver, android.content.IntentFilter, java.lang.String, int, int),,0,null,19]
04-12 20:43:59.832901  1744  1940 I am_uid_running: 1027
04-12 20:43:59.833236  1744  2250 I dvm_lock_sample: [system_server,0,backup,10,UserBackupManagerService.java,878,void com.android.server.backup.UserBackupManagerService.initPackageTracking(),-,2283,void com.android.server.backup.UserBackupManagerService.dataChangedImpl(java.lang.String, java.util.HashSet),2]
04-12 20:43:59.842523  1744  1941 I am_proc_start: [0,4014,1000,com.transsion.kolun.aiservice,content provider,{com.transsion.kolun.aiservice/com.transsion.kolun.oxygenbus.OxygenBusProvider},caller=com.transsion.multiwindow/1000]
04-12 20:43:59.844898  1744  2535 I am_proc_bound: [0,4014,com.transsion.kolun.aiservice]
04-12 20:43:59.852000  4014  4014 I auditd  : type=1400 audit(0.0:467): avc:  denied  { read write } for  comm="re-initialized>" name="ensignal" dev="tmpfs" ino=2080 scontext=u:r:system_app:s0 tcontext=u:object_r:ensignal_device:s0 tclass=chr_file permissive=0
04-12 20:43:59.852000  4014  4014 I auditd  : type=1400 audit(0.0:468): avc:  denied  { read write } for  comm="re-initialized>" name="ensignal" dev="tmpfs" ino=2080 scontext=u:r:system_app:s0 tcontext=u:object_r:ensignal_device:s0 tclass=chr_file permissive=0
04-12 20:43:59.877969  1744  2923 I am_uid_running: 10138
04-12 20:43:59.916000     1     1 I auditd  : type=1400 audit(0.0:469): avc:  denied  { sys_nice } for  comm="init" capability=23  scontext=u:r:init:s0 tcontext=u:r:init:s0 tclass=capability permissive=0
04-12 20:43:59.927131  1744  1929 I am_uid_running: 10099
04-12 20:43:59.930904  2738  2955 I jank_cuj_events_end_request: [14,1775997839930751000,23723172000,23723172231]
04-12 20:43:59.931125  2738  2955 I jank_cuj_events_end_request: [14,1775997839930792000,23723212846,23723212846]
04-12 20:43:59.931164  2738  2955 I jank_cuj_events_end_request: [14,1775997839930817000,23723238077,23723238077]
04-12 20:43:59.932866  1744  2903 I dvm_lock_sample: [system_server,1,binder:1744_D,181,ActivityManagerService.java,5422,void com.android.server.am.ActivityManagerService.finishAttachApplicationInner(long, int, int),,0,null,36]
04-12 20:43:59.946086  1744  1940 I dvm_lock_sample: [system_server,1,ActivityManager,109,ActivityManagerService.java,15048,android.content.ComponentName com.android.server.am.ActivityManagerService.startService(android.app.IApplicationThread, android.content.Intent, java.lang.String, boolean, java.lang.String, java.lang.String, int, boolean, int, java.lang.String, java.lang.String),,0,null,21]
04-12 20:43:59.947514  1744  3743 I dvm_lock_sample: [system_server,0,TranNfcSharingController,199,BroadcastController.java,532,android.content.Intent com.android.server.am.BroadcastController.registerReceiverWithFeatureTraced(android.app.IApplicationThread, java.lang.String, java.lang.String, java.lang.String, android.content.IIntentReceiver, android.content.IntentFilter, java.lang.String, int, int),,0,null,39]
04-12 20:43:59.949600  1744  1941 I am_proc_start: [0,4048,10190,com.transsion.aivoiceassistant:voiceinteractionservice,service,{com.transsion.aivoiceassistant/com.transsion.ella.aiservice.voiceinteraction.AiVoiceInteractionService},caller=system/1000]
04-12 20:43:59.962354  1744  1940 I uc_send_user_broadcast: [0,android.intent.action.USER_UNLOCKED]
04-12 20:43:59.971054  1744  2941 I am_proc_bound: [0,4048,com.transsion.aivoiceassistant:voiceinteractionservice]
04-12 20:43:59.972000  4048  4048 I auditd  : type=1400 audit(0.0:470): avc:  denied  { read write } for  comm="re-initialized>" name="ensignal" dev="tmpfs" ino=2080 scontext=u:r:platform_app:s0:c512,c768 tcontext=u:object_r:ensignal_device:s0 tclass=chr_file permissive=0 app=com.transsion.aivoiceassistant
04-12 20:43:59.976000  4048  4048 I auditd  : type=1400 audit(0.0:471): avc:  denied  { read write } for  comm="re-initialized>" name="ensignal" dev="tmpfs" ino=2080 scontext=u:r:platform_app:s0:c512,c768 tcontext=u:object_r:ensignal_device:s0 tclass=chr_file permissive=0 app=com.transsion.aivoiceassistant
04-12 20:43:59.992000   416   416 I auditd  : type=1400 audit(0.0:472): avc:  denied  { create } for  comm="init" name="enable" scontext=u:r:vendor_init:s0 tcontext=u:object_r:debugfs_tracing_instances:s0 tclass=file permissive=0
04-12 20:44:00.004069   561   561 I auditd  : avc:  denied  { find } for pid=3903 uid=10142 name=vendor.transsion.hardware.interfaces.trannvram.ITranNvram/default scontext=u:r:platform_app:s0:c512,c768 tcontext=u:object_r:default_android_service:s0 tclass=service_manager permissive=0
04-12 20:44:00.014803  1744  1940 I uc_finish_user_unlocked_completed: 0
04-12 20:44:00.022029  1744  3714 I dvm_lock_sample: [system_server,1,TranWifiThread,59,ContentProviderHelper.java,207,android.app.ContentProviderHolder com.android.server.am.ContentProviderHelper.getContentProviderImpl(android.app.IApplicationThread, java.lang.String, android.os.IBinder, int, java.lang.String, java.lang.String, boolean, int),,0,null,11]
04-12 20:44:00.032000  1475  1475 I auditd  : type=1400 audit(0.0:473): avc:  denied  { search } for  comm="binder:1475_2" name="/" dev="sdc87" ino=2 scontext=u:r:hap:s0 tcontext=u:object_r:tranfs_file:s0 tclass=dir permissive=0
04-12 20:44:00.041904  1744  1968 I dvm_lock_sample: [system_server,1,PowerManagerService,16,PowerManagerService.java,4063,void com.android.server.power.PowerManagerService.handleSandman(int),-,1982,void com.android.server.power.PowerManagerService.acquireWakeLockInternal(android.os.IBinder, int, int, java.lang.String, java.lang.String, android.os.WorkSource, java.lang.String, int, int, android.os.IWakeLockCallback),3]
04-12 20:44:00.048000  2820  2820 I auditd  : type=1400 audit(0.0:474): avc:  denied  { map } for  comm="sion.infinixled" path="/dev/__properties__/u:object_r:vendor_irtx_prop:s0" dev="tmpfs" ino=614 scontext=u:r:system_app:s0 tcontext=u:object_r:vendor_irtx_prop:s0 tclass=file permissive=0
04-12 20:44:00.048000  2820  2820 I auditd  : type=1400 audit(0.0:475): avc:  denied  { read } for  comm="sion.infinixled" name="u:object_r:qemu_hw_prop:s0" dev="tmpfs" ino=396 scontext=u:r:system_app:s0 tcontext=u:object_r:qemu_hw_prop:s0 tclass=file permissive=0
04-12 20:44:00.056000  1475  1475 I auditd  : type=1400 audit(0.0:476): avc:  denied  { search } for  comm="binder:1475_2" name="/" dev="sdc87" ino=2 scontext=u:r:hap:s0 tcontext=u:object_r:tranfs_file:s0 tclass=dir permissive=0
04-12 20:44:00.074064  1744  1941 I am_proc_start: [0,4095,10158,com.hoffnung.mobile.service,service,{com.hoffnung/com.hoffnung.TPMSService},caller=system/1000]
04-12 20:44:00.068000  1475  1475 I auditd  : type=1400 audit(0.0:477): avc:  denied  { search } for  comm="binder:1475_2" name="/" dev="sdc87" ino=2 scontext=u:r:hap:s0 tcontext=u:object_r:tranfs_file:s0 tclass=dir permissive=0
04-12 20:44:00.079895  1744  2903 I dvm_lock_sample: [system_server,1,binder:1744_D,85,ContentProviderHelper.java,207,android.app.ContentProviderHolder com.android.server.am.ContentProviderHelper.getContentProviderImpl(android.app.IApplicationThread, java.lang.String, android.os.IBinder, int, java.lang.String, java.lang.String, boolean, int),,0,null,17]
04-12 20:44:00.084000  1475  1475 I auditd  : type=1400 audit(0.0:478): avc:  denied  { search } for  comm="binder:1475_2" name="/" dev="sdc87" ino=2 scontext=u:r:hap:s0 tcontext=u:object_r:tranfs_file:s0 tclass=dir permissive=0
04-12 20:44:00.148773  1744  2532 I am_proc_bound: [0,4095,com.hoffnung.mobile.service]
04-12 20:44:00.160717  1744  3943 I dvm_lock_sample: [system_server,0,backup-0,102,JobSchedulerService.java,1831,int com.android.server.job.JobSchedulerService.scheduleAsPackage(android.app.job.JobInfo, android.app.job.JobWorkItem, int, java.lang.String, int, java.lang.String, java.lang.String),-,5689,boolean com.android.server.job.JobSchedulerService.isBatteryCharging(),20]
04-12 20:44:00.162121  1744  3085 I dvm_lock_sample: [system_server,1,binder:1744_13,111,ActivityManagerService.java,15283,int com.android.server.am.ActivityManagerService.bindServiceInstance(android.app.IApplicationThread, android.os.IBinder, android.content.Intent, java.lang.String, android.app.IServiceConnection, long, java.lang.String, boolean, int, java.lang.String, android.app.IApplicationThread, java.lang.String, int),,0,null,22]
04-12 20:44:00.160000  4095  4095 I auditd  : type=1400 audit(0.0:479): avc:  denied  { read write } for  comm="re-initialized>" name="ensignal" dev="tmpfs" ino=2080 scontext=u:r:platform_app:s0:c512,c768 tcontext=u:object_r:ensignal_device:s0 tclass=chr_file permissive=0 app=com.hoffnung
04-12 20:44:00.160000  4095  4095 I auditd  : type=1400 audit(0.0:480): avc:  denied  { read write } for  comm="re-initialized>" name="ensignal" dev="tmpfs" ino=2080 scontext=u:r:platform_app:s0:c512,c768 tcontext=u:object_r:ensignal_device:s0 tclass=chr_file permissive=0 app=com.hoffnung
04-12 20:44:00.168467  1744  1846 I dvm_lock_sample: [system_server,1,binder:1744_2,165,JobSchedulerService.java,2093,java.util.List com.android.server.job.JobSchedulerService.getPendingJobsInNamespace(int, java.lang.String),,0,null,33]
04-12 20:44:00.169538  1744  1744 I dvm_lock_sample: [system_server,1,main,168,BroadcastController.java,759,int com.android.server.am.BroadcastController.broadcastIntentWithFeature(android.app.IApplicationThread, java.lang.String, android.content.Intent, java.lang.String, android.content.IIntentReceiver, int, java.lang.String, android.os.Bundle, java.lang.String[], java.lang.String[], java.lang.String[], int, android.os.Bundle, boolean, boolean, int),,0,null,33]
04-12 20:44:00.174584  1744  4104 I dvm_lock_sample: [system_server,1,binder:1744_17,174,ContentProviderHelper.java,207,android.app.ContentProviderHolder com.android.server.am.ContentProviderHelper.getContentProviderImpl(android.app.IApplicationThread, java.lang.String, android.os.IBinder, int, java.lang.String, java.lang.String, boolean, int),,0,null,34]
04-12 20:44:00.195465  1744  2941 I am_proc_start: [0,4126,1027,com.android.nfc,added application,com.android.nfc]
04-12 20:44:00.205158  1744  2941 I am_proc_bound: [0,4126,com.android.nfc]
04-12 20:44:00.206245   561   561 I auditd  : avc:  denied  { find } for pid=4147 uid=1072 name=vendor.transsion.hardware.aegis.IAegisService/default scontext=u:r:gpuservice:s0 tcontext=u:object_r:default_android_service:s0 tclass=service_manager permissive=0
04-12 20:44:00.204000     1     1 I auditd  : type=1107 audit(0.0:481): uid=0 auid=4294967295 ses=4294967295 subj=u:r:init:s0 msg='avc:  denied  { set } for property=persist.vendor.sys.device.manual_gc pid=4155 uid=1000 gid=1000 scontext=u:r:storage_feature_cloudctl:s0 tcontext=u:object_r:vendor_default_prop:s0 tclass=property_service permissive=0'
04-12 20:44:00.216796  1744  2941 I am_uid_active: 1027
04-12 20:44:00.223531  1744  2923 I dvm_lock_sample: [system_server,1,binder:1744_F,98,ActivityManagerService.java,6474,java.lang.String com.android.server.am.ActivityManagerService.getTagForIntentSender(android.content.IIntentSender, java.lang.String),,0,null,19]
04-12 20:44:00.224486  1744  2921 I dvm_lock_sample: [system_server,1,binder:1744_E,88,ContentProviderHelper.java,207,android.app.ContentProviderHolder com.android.server.am.ContentProviderHelper.getContentProviderImpl(android.app.IApplicationThread, java.lang.String, android.os.IBinder, int, java.lang.String, java.lang.String, boolean, int),,0,null,17]
04-12 20:44:00.220000  4126  4126 I auditd  : type=1400 audit(0.0:482): avc:  denied  { read write } for  comm="re-initialized>" name="ensignal" dev="tmpfs" ino=2080 scontext=u:r:nfc:s0 tcontext=u:object_r:ensignal_device:s0 tclass=chr_file permissive=0
04-12 20:44:00.220000  4126  4126 I auditd  : type=1400 audit(0.0:483): avc:  denied  { read write } for  comm="re-initialized>" name="ensignal" dev="tmpfs" ino=2080 scontext=u:r:nfc:s0 tcontext=u:object_r:ensignal_device:s0 tclass=chr_file permissive=0
04-12 20:44:00.258199  1744  1940 I ssm_user_unlocked: 0
04-12 20:44:00.300428  1744  2488 I dvm_lock_sample: [system_server,1,binder:1744_6,8,PackageManagerService.java,1344,com.android.server.pm.Computer com.android.server.pm.PackageManagerService.snapshotComputer(boolean),-,1370,com.android.server.pm.Computer com.android.server.pm.PackageManagerService.snapshotComputer(boolean),1]
04-12 20:44:00.311547  1744  1941 I am_proc_start: [0,4209,1000,com.transsion.tranvoicecommand,added application,com.transsion.tranvoicecommand]
04-12 20:44:00.320081  1744  1940 I am_wtf  : [0,1744,system_server,-1,ActivityManager,Sending non-protected broadcast com.transsion.atomiccore.action.bind_service.island from system 2738:com.android.systemui/u0a146 pkg com.android.systemui]
04-12 20:44:00.327754  4209  4209 I service_manager_slow: [10,activity]
04-12 20:44:00.335984  1744  1940 I am_wtf  : [0,1744,system_server,-1,ActivityManager,Sending non-protected broadcast com.transsion.atomiccore.action.bind_service.island from system 2738:com.android.systemui/u0a146 pkg com.android.systemui]
04-12 20:44:00.336000  4014  4014 I auditd  : type=1400 audit(0.0:484): avc:  denied  { map } for  comm="kolun.aiservice" path="/dev/__properties__/u:object_r:vendor_irtx_prop:s0" dev="tmpfs" ino=614 scontext=u:r:system_app:s0 tcontext=u:object_r:vendor_irtx_prop:s0 tclass=file permissive=0
04-12 20:44:00.340000  4014  4014 I auditd  : type=1400 audit(0.0:485): avc:  denied  { read } for  comm="kolun.aiservice" name="u:object_r:qemu_hw_prop:s0" dev="tmpfs" ino=396 scontext=u:r:system_app:s0 tcontext=u:object_r:qemu_hw_prop:s0 tclass=file permissive=0
04-12 20:44:00.400175  1744  3085 I am_proc_start: [0,4245,10142,tech.palm.find:remote,content provider,{tech.palm.find/tech.palm.find.common.InnerDataProvider},caller=tech.palm.find/10142]
04-12 20:44:00.405699  1744  3085 I am_proc_bound: [0,4245,tech.palm.find:remote]
04-12 20:44:00.442390  4126  4126 I service_manager_slow: [23,thermalservice]
04-12 20:44:00.444265  1744  4097 I am_uid_active: 10271
04-12 20:44:00.498703  1744  2068 I dvm_lock_sample: [system_server,1,binder:1744_5,59,BroadcastController.java,694,void com.android.server.am.BroadcastController.unregisterReceiverTraced(android.content.IIntentReceiver),,0,null,11]
04-12 20:44:00.547520  1744  2532 I dvm_lock_sample: [system_server,1,binder:1744_7,71,ContentProviderHelper.java,207,android.app.ContentProviderHolder com.android.server.am.ContentProviderHelper.getContentProviderImpl(android.app.IApplicationThread, java.lang.String, android.os.IBinder, int, java.lang.String, java.lang.String, boolean, int),,0,null,14]
04-12 20:44:00.560196  1744  2534 I dvm_lock_sample: [system_server,1,binder:1744_9,41,BroadcastController.java,694,void com.android.server.am.BroadcastController.unregisterReceiverTraced(android.content.IIntentReceiver),,0,null,8]
04-12 20:44:00.566879  1744  1941 I dvm_lock_sample: [system_server,1,ActivityManager:procStart,46,ProcessList.java,2304,void com.android.server.am.ProcessList.lambda$handleProcessStart$1(com.android.server.am.ProcessRecord, java.lang.String, int[], int, int, int, java.lang.String, java.lang.String, java.lang.String, long),,0,null,9]
04-12 20:44:00.567333  1744  1941 I am_proc_start: [0,4324,10138,com.android.carrierconfig,service,{com.android.carrierconfig/com.android.carrierconfig.TranDefaultCarrierConfigService},caller=com.android.phone/1001]
04-12 20:44:00.572543  1744  4104 I dvm_lock_sample: [system_server,1,binder:1744_17,241,ActivityManagerService.java,5375,void com.android.server.am.ActivityManagerService.attachApplication(android.app.IApplicationThread, long),,0,null,48]
04-12 20:44:00.572629  1744  4104 I am_proc_bound: [0,4209,com.transsion.tranvoicecommand]
04-12 20:44:00.587506  1744  2535 I am_proc_bound: [0,4324,com.android.carrierconfig]
04-12 20:44:00.658796  1744  1940 I dvm_lock_sample: [system_server,1,ActivityManager,91,BroadcastQueueImpl.java,493,void com.android.server.am.BroadcastQueueImpl.updateRunningList(),,0,null,18]
04-12 20:44:00.670471  1744  1903 I uc_send_user_broadcast: [0,android.intent.action.BOOT_COMPLETED]
04-12 20:44:00.672921  1744  1940 I am_wtf  : [0,1744,system_server,-1,ActivityManager,Sending non-protected broadcast com.transsion.intent.action.APPWIDGET_LOADED from system uid 1000 pkg null]
04-12 20:44:00.689325  1744  1941 I am_proc_start: [0,4369,10099,com.android.printspooler,service,{com.android.printspooler/com.android.printspooler.model.PrintSpoolerService},caller=system/1000]
04-12 20:44:00.696850  1744  4097 I dvm_lock_sample: [system_server,1,binder:1744_14,67,ContentProviderHelper.java,871,void com.android.server.am.ContentProviderHelper.publishContentProviders(android.app.IApplicationThread, java.util.List),,0,null,13]
04-12 20:44:00.718713  1744  2535 I am_proc_bound: [0,4369,com.android.printspooler]
04-12 20:44:00.776085  1744  2903 I dvm_lock_sample: [system_server,1,binder:1744_D,90,ActivityManagerService.java,5422,void com.android.server.am.ActivityManagerService.finishAttachApplicationInner(long, int, int),,0,null,18]
04-12 20:44:00.781571  1744  2903 I am_uid_active: 10190
04-12 20:44:00.828731  1744  4103 I dvm_lock_sample: [system_server,1,binder:1744_16,134,JobSchedulerService.java,2093,java.util.List com.android.server.job.JobSchedulerService.getPendingJobsInNamespace(int, java.lang.String),-,2573,int com.android.server.job.JobSchedulerService.getUidProcState(int),26]
04-12 20:44:00.831436  1744  2068 I am_uid_active: 10099
04-12 20:44:00.836389  1744  1941 I am_proc_start: [0,4426,1000,com.transsion.aod:dreams,service,{com.transsion.aod/com.transsion.aod.dreams.DreamBootupService},caller=com.android.systemui/10146]
