----- timezone:Asia/Shanghai
04-12 20:43:40.976837   561   561 I auditd  : Multiple same specifications for android.hardware.radio.modem.IRadioModem/se1.
04-12 20:43:40.979026   561   561 I auditd  : Multiple same specifications for android.hardware.radio.modem.IRadioModem/se2.
04-12 20:43:40.980351   563   563 I snet_event_log: [121035042,-1,]
04-12 20:43:40.981011   561   561 I auditd  : Multiple same specifications for android.hardware.radio.modem.IRadioModem/se3.
04-12 20:43:40.983039   561   561 I auditd  : Multiple same specifications for android.hardware.radio.modem.IRadioModem/se4.
01-01 08:00:00.100000   556   556 I auditd  : type=2000 audit(0.0:1): state=initialized audit_enabled=0 res=1
04-12 20:43:40.176000   556   556 I auditd  : type=1403 audit(0.0:2): auid=4294967295 ses=4294967295 lsm=selinux res=1
04-12 20:43:40.176000   556   556 I auditd  : type=1404 audit(0.0:3): enforcing=1 old_enforcing=0 auid=4294967295 ses=4294967295 enabled=1 old-enabled=1 lsm=selinux res=1
04-12 20:43:40.220000     1     1 I auditd  : type=1107 audit(0.0:4): uid=0 auid=4294967295 ses=4294967295 subj=u:r:init:s0 msg='avc:  denied  { set } for property=persist.vendor.tms.nfc.log pid=1 uid=0 gid=0 scontext=u:r:vendor_init:s0 tcontext=u:object_r:vendor_tms_nfc_prop:s0 tclass=property_service permissive=0'
04-12 20:43:40.220000     1     1 I auditd  : type=1107 audit(0.0:5): uid=0 auid=4294967295 ses=4294967295 subj=u:r:init:s0 msg='avc:  denied  { set } for property=ro.telephony.sim.count pid=1 uid=0 gid=0 scontext=u:r:vendor_init:s0 tcontext=u:object_r:default_prop:s0 tclass=property_service permissive=0'
04-12 20:43:40.220000     1     1 I auditd  : type=1107 audit(0.0:6): uid=0 auid=4294967295 ses=4294967295 subj=u:r:init:s0 msg='avc:  denied  { set } for property=ro.mtk_key_manager_support pid=1 uid=0 gid=0 scontext=u:r:vendor_init:s0 tcontext=u:object_r:default_prop:s0 tclass=property_service permissive=0'
04-12 20:43:40.220000     1     1 I auditd  : type=1107 audit(0.0:7): uid=0 auid=4294967295 ses=4294967295 subj=u:r:init:s0 msg='avc:  denied  { set } for property=ro.vendor.tran.hbm.thermal-patch pid=1 uid=0 gid=0 scontext=u:r:vendor_init:s0 tcontext=u:object_r:vendor_tr_hbm_support_prop:s0 tclass=property_service permissive=0'
04-12 20:43:40.220000     1     1 I auditd  : type=1107 audit(0.0:8): uid=0 auid=4294967295 ses=4294967295 subj=u:r:init:s0 msg='avc:  denied  { set } for property=ro.vendor.tran.hbm.thermal.temp.trig pid=1 uid=0 gid=0 scontext=u:r:vendor_init:s0 tcontext=u:object_r:vendor_tr_hbm_support_prop:s0 tclass=property_service permissive=0'
04-12 20:43:40.220000     1     1 I auditd  : type=1107 audit(0.0:9): uid=0 auid=4294967295 ses=4294967295 subj=u:r:init:s0 msg='avc:  denied  { set } for property=ro.vendor.tran.hbm.thermal.temp.clr pid=1 uid=0 gid=0 scontext=u:r:vendor_init:s0 tcontext=u:object_r:vendor_tr_hbm_support_prop:s0 tclass=property_service permissive=0'
04-12 20:43:40.248000     1     1 I auditd  : type=1107 audit(0.0:10): uid=0 auid=4294967295 ses=4294967295 subj=u:r:init:s0 msg='avc:  denied  { set } for property=ro.build.date pid=1 uid=0 gid=0 scontext=u:r:vendor_init:s0 tcontext=u:object_r:build_prop:s0 tclass=property_service permissive=0'
04-12 20:43:40.976000   558   558 I auditd  : type=1400 audit(0.0:22): avc:  denied  { write } for  comm="modprobe" scontext=u:r:init_insmod_sh:s0 tcontext=u:r:init_insmod_sh:s0 tclass=key permissive=0
04-12 20:43:40.976000   558   558 I auditd  : type=1400 audit(0.0:23): avc:  denied  { write } for  comm="modprobe" scontext=u:r:init_insmod_sh:s0 tcontext=u:r:init_insmod_sh:s0 tclass=key permissive=0
04-12 20:43:40.994698   561   561 I auditd  : Multiple same specifications for android.hardware.radio.sim.IRadioSim/se1.
04-12 20:43:40.995915   561   561 I auditd  : Multiple same specifications for android.hardware.radio.sim.IRadioSim/se2.
04-12 20:43:40.997180   561   561 I auditd  : Multiple same specifications for android.hardware.radio.sim.IRadioSim/se3.
04-12 20:43:40.998460   561   561 I auditd  : Multiple same specifications for android.hardware.radio.sim.IRadioSim/se4.
04-12 20:43:40.999890   561   561 I auditd  : Multiple same specifications for vendor.mediatek.hardware.mtkradioex.sim.IMtkRadioExSim/slot1.
04-12 20:43:40.999938   561   561 I auditd  : Multiple same specifications for vendor.mediatek.hardware.mtkradioex.sim.IMtkRadioExSim/slot2.
04-12 20:43:40.999957   561   561 I auditd  : Multiple same specifications for vendor.mediatek.hardware.mtkradioex.sim.IMtkRadioExSim/slot3.
04-12 20:43:40.999963   561   561 I auditd  : Multiple same specifications for vendor.mediatek.hardware.mtkradioex.sim.IMtkRadioExSim/slot4.
04-12 20:43:40.999994   561   561 I auditd  : Multiple same specifications for vendor.mediatek.hardware.mtkradioex.data.IMtkRadioExData/slot1.
04-12 20:43:41.000002   561   561 I auditd  : Multiple same specifications for vendor.mediatek.hardware.mtkradioex.data.IMtkRadioExData/slot2.
04-12 20:43:41.000009   561   561 I auditd  : Multiple same specifications for vendor.mediatek.hardware.mtkradioex.data.IMtkRadioExData/slot3.
04-12 20:43:41.000015   561   561 I auditd  : Multiple same specifications for vendor.mediatek.hardware.mtkradioex.data.IMtkRadioExData/slot4.
04-12 20:43:41.000021   561   561 I auditd  : Multiple same specifications for vendor.mediatek.hardware.mtkradioex.ims.IMtkRadioExIms/slot1.
04-12 20:43:41.000027   561   561 I auditd  : Multiple same specifications for vendor.mediatek.hardware.mtkradioex.ims.IMtkRadioExIms/slot2.
04-12 20:43:41.000035   561   561 I auditd  : Multiple same specifications for vendor.mediatek.hardware.mtkradioex.ims.IMtkRadioExIms/slot3.
04-12 20:43:41.000041   561   561 I auditd  : Multiple same specifications for vendor.mediatek.hardware.mtkradioex.ims.IMtkRadioExIms/slot4.
04-12 20:43:41.000047   561   561 I auditd  : Multiple same specifications for vendor.mediatek.hardware.mtkradioex.messaging.IMtkRadioExMessaging/slot1.
04-12 20:43:41.000053   561   561 I auditd  : Multiple same specifications for vendor.mediatek.hardware.mtkradioex.messaging.IMtkRadioExMessaging/slot2.
04-12 20:43:41.000061   561   561 I auditd  : Multiple same specifications for vendor.mediatek.hardware.mtkradioex.messaging.IMtkRadioExMessaging/slot3.
04-12 20:43:41.000068   561   561 I auditd  : Multiple same specifications for vendor.mediatek.hardware.mtkradioex.messaging.IMtkRadioExMessaging/slot4.
04-12 20:43:41.000074   561   561 I auditd  : Multiple same specifications for vendor.mediatek.hardware.mtkradioex.modem.IMtkRadioExModem/slot1.
04-12 20:43:41.000080   561   561 I auditd  : Multiple same specifications for vendor.mediatek.hardware.mtkradioex.modem.IMtkRadioExModem/slot2.
04-12 20:43:41.000086   561   561 I auditd  : Multiple same specifications for vendor.mediatek.hardware.mtkradioex.modem.IMtkRadioExModem/slot3.
04-12 20:43:41.000095   561   561 I auditd  : Multiple same specifications for vendor.mediatek.hardware.mtkradioex.modem.IMtkRadioExModem/slot4.
04-12 20:43:41.000100   561   561 I auditd  : Multiple same specifications for vendor.mediatek.hardware.mtkradioex.network.IMtkRadioExNetwork/slot1.
04-12 20:43:41.000105   561   561 I auditd  : Multiple same specifications for vendor.mediatek.hardware.mtkradioex.network.IMtkRadioExNetwork/slot2.
04-12 20:43:41.000111   561   561 I auditd  : Multiple same specifications for vendor.mediatek.hardware.mtkradioex.network.IMtkRadioExNetwork/slot3.
04-12 20:43:41.000119   561   561 I auditd  : Multiple same specifications for vendor.mediatek.hardware.mtkradioex.network.IMtkRadioExNetwork/slot4.
04-12 20:43:41.000125   561   561 I auditd  : Multiple same specifications for vendor.mediatek.hardware.mtkradioex.voice.IMtkRadioExVoice/slot1.
04-12 20:43:41.000129   561   561 I auditd  : Multiple same specifications for vendor.mediatek.hardware.mtkradioex.voice.IMtkRadioExVoice/slot2.
04-12 20:43:41.000136   561   561 I auditd  : Multiple same specifications for vendor.mediatek.hardware.mtkradioex.voice.IMtkRadioExVoice/slot3.
04-12 20:43:41.000141   561   561 I auditd  : Multiple same specifications for vendor.mediatek.hardware.mtkradioex.voice.IMtkRadioExVoice/slot4.
04-12 20:43:41.000148   561   561 I auditd  : Multiple same specifications for vendor.mediatek.hardware.mtkradioex.rcs.IMtkRadioExRcs/slot1.
04-12 20:43:41.000154   561   561 I auditd  : Multiple same specifications for vendor.mediatek.hardware.mtkradioex.rcs.IMtkRadioExRcs/slot2.
04-12 20:43:41.000160   561   561 I auditd  : Multiple same specifications for vendor.mediatek.hardware.mtkradioex.rcs.IMtkRadioExRcs/slot3.
04-12 20:43:41.000165   561   561 I auditd  : Multiple same specifications for vendor.mediatek.hardware.mtkradioex.rcs.IMtkRadioExRcs/slot4.
04-12 20:43:41.000182   561   561 I auditd  : Multiple same specifications for android.hardware.radio.modem.IRadioModem/imsSlot1.
04-12 20:43:41.000189   561   561 I auditd  : Multiple same specifications for android.hardware.radio.modem.IRadioModem/imsSlot2.
04-12 20:43:41.000194   561   561 I auditd  : Multiple same specifications for android.hardware.radio.modem.IRadioModem/imsSlot3.
04-12 20:43:41.000201   561   561 I auditd  : Multiple same specifications for android.hardware.radio.modem.IRadioModem/imsSlot4.
04-12 20:43:41.000208   561   561 I auditd  : Multiple same specifications for android.hardware.radio.network.IRadioNetwork/imsSlot1.
04-12 20:43:41.000213   561   561 I auditd  : Multiple same specifications for android.hardware.radio.network.IRadioNetwork/imsSlot2.
04-12 20:43:41.000219   561   561 I auditd  : Multiple same specifications for android.hardware.radio.network.IRadioNetwork/imsSlot3.
04-12 20:43:41.000224   561   561 I auditd  : Multiple same specifications for android.hardware.radio.network.IRadioNetwork/imsSlot4.
04-12 20:43:41.000232   561   561 I auditd  : Multiple same specifications for android.hardware.radio.sim.IRadioSim/imsSlot1.
04-12 20:43:41.000239   561   561 I auditd  : Multiple same specifications for android.hardware.radio.sim.IRadioSim/imsSlot2.
04-12 20:43:41.000244   561   561 I auditd  : Multiple same specifications for android.hardware.radio.sim.IRadioSim/imsSlot3.
04-12 20:43:41.000250   561   561 I auditd  : Multiple same specifications for android.hardware.radio.sim.IRadioSim/imsSlot4.
04-12 20:43:41.000258   561   561 I auditd  : Multiple same specifications for android.hardware.radio.voice.IRadioVoice/imsSlot1.
04-12 20:43:41.000265   561   561 I auditd  : Multiple same specifications for android.hardware.radio.voice.IRadioVoice/imsSlot2.
04-12 20:43:41.000269   561   561 I auditd  : Multiple same specifications for android.hardware.radio.voice.IRadioVoice/imsSlot3.
04-12 20:43:41.000275   561   561 I auditd  : Multiple same specifications for android.hardware.radio.voice.IRadioVoice/imsSlot4.
04-12 20:43:41.000699   561   561 I auditd  : Multiple same specifications for kolun.
04-12 20:43:41.000728   561   561 I auditd  : Multiple same specifications for android.frameworks.cameraservice.service.ICameraService/default.
04-12 20:43:41.001178   561   561 I auditd  : SELinux: Loaded service context from:
04-12 20:43:41.001182   561   561 I auditd  : 		/system/etc/selinux/plat_service_contexts
04-12 20:43:41.001184   561   561 I auditd  : 		/system_ext/etc/selinux/system_ext_service_contexts
04-12 20:43:41.001185   561   561 I auditd  : 		/product/etc/selinux/product_service_contexts
04-12 20:43:41.001187   561   561 I auditd  : 		/vendor/etc/selinux/vendor_service_contexts
04-12 20:43:41.144000     1     1 I auditd  : type=1400 audit(0.0:24): avc:  denied  { ioctl } for  comm="init" path="/mnt/vendor/tr_manifest" dev="dm-31" ino=36 ioctlcmd=0x125d scontext=u:r:init:s0 tcontext=u:object_r:system_file:s0 tclass=dir permissive=0
04-12 20:43:41.168000   558   558 I auditd  : type=1400 audit(0.0:25): avc:  denied  { sys_nice } for  comm="modprobe" capability=23  scontext=u:r:init_insmod_sh:s0 tcontext=u:r:init_insmod_sh:s0 tclass=capability permissive=0
04-12 20:43:41.184000   558   558 I auditd  : type=1400 audit(0.0:26): avc:  denied  { sys_nice } for  comm="modprobe" capability=23  scontext=u:r:init_insmod_sh:s0 tcontext=u:r:init_insmod_sh:s0 tclass=capability permissive=0
04-12 20:43:41.184000   558   558 I auditd  : type=1400 audit(0.0:27): avc:  denied  { setsched } for  comm="modprobe" scontext=u:r:init_insmod_sh:s0 tcontext=u:r:kernel:s0 tclass=process permissive=0
04-12 20:43:41.184000   558   558 I auditd  : type=1400 audit(0.0:28): avc:  denied  { sys_nice } for  comm="modprobe" capability=23  scontext=u:r:init_insmod_sh:s0 tcontext=u:r:init_insmod_sh:s0 tclass=capability permissive=0
04-12 20:43:41.184000   558   558 I auditd  : type=1400 audit(0.0:29): avc:  denied  { setsched } for  comm="modprobe" scontext=u:r:init_insmod_sh:s0 tcontext=u:r:kernel:s0 tclass=process permissive=0
04-12 20:43:41.184000   558   558 I auditd  : type=1400 audit(0.0:30): avc:  denied  { sys_nice } for  comm="modprobe" capability=23  scontext=u:r:init_insmod_sh:s0 tcontext=u:r:init_insmod_sh:s0 tclass=capability permissive=0
04-12 20:43:41.184000   558   558 I auditd  : type=1400 audit(0.0:31): avc:  denied  { setsched } for  comm="modprobe" scontext=u:r:init_insmod_sh:s0 tcontext=u:r:kernel:s0 tclass=process permissive=0
04-12 20:43:41.184000   558   558 I auditd  : type=1400 audit(0.0:32): avc:  denied  { sys_nice } for  comm="modprobe" capability=23  scontext=u:r:init_insmod_sh:s0 tcontext=u:r:init_insmod_sh:s0 tclass=capability permissive=0
04-12 20:43:41.184000   558   558 I auditd  : type=1400 audit(0.0:33): avc:  denied  { setsched } for  comm="modprobe" scontext=u:r:init_insmod_sh:s0 tcontext=u:r:kernel:s0 tclass=process permissive=0
04-12 20:43:41.208000   641   641 I auditd  : type=1400 audit(0.0:34): avc:  denied  { read } for  comm="aee_aedv64_v2" name="atag,boot" dev="sysfs" ino=251 scontext=u:r:aee_aedv:s0 tcontext=u:object_r:sysfs_boot_info:s0 tclass=file permissive=0
04-12 20:43:41.208000   640   640 I auditd  : type=1400 audit(0.0:35): avc:  denied  { read } for  comm="aee_aed64_v2" name="atag,boot" dev="sysfs" ino=251 scontext=u:r:crash_dump:s0 tcontext=u:object_r:sysfs_boot_info:s0 tclass=file permissive=0
04-12 20:43:41.381323   648   648 I auditd  : SELinux: Loaded keystore2 context from:
04-12 20:43:41.381330   648   648 I auditd  : 		/system/etc/selinux/plat_keystore2_key_contexts
04-12 20:43:41.381337   648   648 I auditd  : 		/system_ext/etc/selinux/system_ext_keystore2_key_contexts
04-12 20:43:41.381344   648   648 I auditd  : 		/product/etc/selinux/product_keystore2_key_contexts
04-12 20:43:41.381349   648   648 I auditd  : 		/vendor/etc/selinux/vendor_keystore2_key_contexts
04-12 20:43:41.384000   689   689 I auditd  : type=1400 audit(0.0:36): avc:  denied  { search } for  comm="fsck.f2fs" name="/" dev="sdc87" ino=2 scontext=u:r:fsck:s0 tcontext=u:object_r:tranfs_file:s0 tclass=dir permissive=0
04-12 20:43:41.384000   689   689 I auditd  : type=1400 audit(0.0:37): avc:  denied  { write } for  comm="fsck.f2fs" name="kmsg" dev="tmpfs" ino=5 scontext=u:r:fsck:s0 tcontext=u:object_r:kmsg_device:s0 tclass=chr_file permissive=0
04-12 20:43:41.384000   689   689 I auditd  : type=1400 audit(0.0:38): avc:  denied  { write } for  comm="fsck.f2fs" name="/" dev="tmpfs" ino=1 scontext=u:r:fsck:s0 tcontext=u:object_r:device:s0 tclass=dir permissive=0
04-12 20:43:41.384000   689   689 I auditd  : type=1400 audit(0.0:39): avc:  denied  { write } for  comm="fsck.f2fs" name="kmsg" dev="tmpfs" ino=5 scontext=u:r:fsck:s0 tcontext=u:object_r:kmsg_device:s0 tclass=chr_file permissive=0
04-12 20:43:41.384000   689   689 I auditd  : type=1400 audit(0.0:40): avc:  denied  { write } for  comm="fsck.f2fs" name="/" dev="tmpfs" ino=1 scontext=u:r:fsck:s0 tcontext=u:object_r:device:s0 tclass=dir permissive=0
04-12 20:43:41.384000   689   689 I auditd  : type=1400 audit(0.0:41): avc:  denied  { write } for  comm="fsck.f2fs" name="/" dev="tmpfs" ino=1 scontext=u:r:fsck:s0 tcontext=u:object_r:device:s0 tclass=dir permissive=0
04-12 20:43:41.384000   689   689 I auditd  : type=1400 audit(0.0:42): avc:  denied  { write } for  comm="fsck.f2fs" name="kmsg" dev="tmpfs" ino=5 scontext=u:r:fsck:s0 tcontext=u:object_r:kmsg_device:s0 tclass=chr_file permissive=0
04-12 20:43:41.384000   689   689 I auditd  : type=1400 audit(0.0:43): avc:  denied  { write } for  comm="fsck.f2fs" name="/" dev="tmpfs" ino=1 scontext=u:r:fsck:s0 tcontext=u:object_r:device:s0 tclass=dir permissive=0
04-12 20:43:41.384000   689   689 I auditd  : type=1400 audit(0.0:44): avc:  denied  { write } for  comm="fsck.f2fs" name="kmsg" dev="tmpfs" ino=5 scontext=u:r:fsck:s0 tcontext=u:object_r:kmsg_device:s0 tclass=chr_file permissive=0
04-12 20:43:41.384000   689   689 I auditd  : type=1400 audit(0.0:45): avc:  denied  { write } for  comm="fsck.f2fs" name="/" dev="tmpfs" ino=1 scontext=u:r:fsck:s0 tcontext=u:object_r:device:s0 tclass=dir permissive=0
04-12 20:43:41.384000   689   689 I auditd  : type=1400 audit(0.0:46): avc:  denied  { write } for  comm="fsck.f2fs" name="kmsg" dev="tmpfs" ino=5 scontext=u:r:fsck:s0 tcontext=u:object_r:kmsg_device:s0 tclass=chr_file permissive=0
04-12 20:43:41.384000   689   689 I auditd  : type=1400 audit(0.0:47): avc:  denied  { write } for  comm="fsck.f2fs" name="/" dev="tmpfs" ino=1 scontext=u:r:fsck:s0 tcontext=u:object_r:device:s0 tclass=dir permissive=0
04-12 20:43:42.510225   712   712 I auditd  : SELinux: Loaded file context from:
04-12 20:43:42.513701   712   712 I auditd  : 		/system/etc/selinux/plat_file_contexts
04-12 20:43:42.516014   712   712 I auditd  : 		/system_ext/etc/selinux/system_ext_file_contexts
04-12 20:43:42.517672   712   712 I auditd  : 		/product/etc/selinux/product_file_contexts
04-12 20:43:42.519601   712   712 I auditd  : 		/vendor/etc/selinux/vendor_file_contexts
04-12 20:43:43.756000   558   558 I auditd  : type=1400 audit(0.0:48): avc:  denied  { perfmon } for  comm="modprobe" capability=38  scontext=u:r:init_insmod_sh:s0 tcontext=u:r:init_insmod_sh:s0 tclass=capability2 permissive=0
04-12 20:43:43.756000   558   558 I auditd  : type=1400 audit(0.0:49): avc:  denied  { sys_admin } for  comm="modprobe" capability=21  scontext=u:r:init_insmod_sh:s0 tcontext=u:r:init_insmod_sh:s0 tclass=capability permissive=0
04-12 20:43:43.756000   558   558 I auditd  : type=1400 audit(0.0:50): avc:  denied  { perfmon } for  comm="modprobe" capability=38  scontext=u:r:init_insmod_sh:s0 tcontext=u:r:init_insmod_sh:s0 tclass=capability2 permissive=0
04-12 20:43:43.756000   558   558 I auditd  : type=1400 audit(0.0:51): avc:  denied  { sys_admin } for  comm="modprobe" capability=21  scontext=u:r:init_insmod_sh:s0 tcontext=u:r:init_insmod_sh:s0 tclass=capability permissive=0
04-12 20:43:43.756000   558   558 I auditd  : type=1400 audit(0.0:52): avc:  denied  { perfmon } for  comm="modprobe" capability=38  scontext=u:r:init_insmod_sh:s0 tcontext=u:r:init_insmod_sh:s0 tclass=capability2 permissive=0
04-12 20:43:43.756000   558   558 I auditd  : type=1400 audit(0.0:53): avc:  denied  { sys_admin } for  comm="modprobe" capability=21  scontext=u:r:init_insmod_sh:s0 tcontext=u:r:init_insmod_sh:s0 tclass=capability permissive=0
04-12 20:43:43.756000   558   558 I auditd  : type=1400 audit(0.0:54): avc:  denied  { perfmon } for  comm="modprobe" capability=38  scontext=u:r:init_insmod_sh:s0 tcontext=u:r:init_insmod_sh:s0 tclass=capability2 permissive=0
04-12 20:43:43.756000   558   558 I auditd  : type=1400 audit(0.0:55): avc:  denied  { sys_admin } for  comm="modprobe" capability=21  scontext=u:r:init_insmod_sh:s0 tcontext=u:r:init_insmod_sh:s0 tclass=capability permissive=0
04-12 20:43:45.464000   558   558 I auditd  : type=1400 audit(0.0:56): avc:  denied  { sys_nice } for  comm="modprobe" capability=23  scontext=u:r:init_insmod_sh:s0 tcontext=u:r:init_insmod_sh:s0 tclass=capability permissive=0
04-12 20:43:45.464000   558   558 I auditd  : type=1400 audit(0.0:57): avc:  denied  { setsched } for  comm="modprobe" scontext=u:r:init_insmod_sh:s0 tcontext=u:r:kernel:s0 tclass=process permissive=0
04-12 20:43:46.632000  1039  1039 I auditd  : type=1400 audit(0.0:58): avc:  denied  { read } for  comm="modprobe" name="cmdline" dev="proc" ino=4026532084 scontext=u:r:init_insmod_sh:s0 tcontext=u:object_r:proc_cmdline:s0 tclass=file permissive=0
04-12 20:43:48.824000   416   416 I auditd  : type=1400 audit(0.0:59): avc:  denied  { write } for  comm="init" name="watermark_boost_factor" dev="proc" ino=3803 scontext=u:r:vendor_init:s0 tcontext=u:object_r:proc_watermark_boost_factor:s0 tclass=file permissive=0
04-12 20:43:48.912000     1     1 I auditd  : type=1400 audit(0.0:60): avc:  denied  { getattr } for  comm="init" path="/dev/logmuch" dev="tmpfs" ino=2104 scontext=u:r:init:s0 tcontext=u:object_r:runtime_event_log_tags_file:s0 tclass=file permissive=0
04-12 20:43:49.016000   416   416 I auditd  : type=1400 audit(0.0:61): avc:  denied  { write } for  comm="init" name="vendor_de" dev="dm-79" ino=169 scontext=u:r:vendor_init:s0 tcontext=u:object_r:vendor_userdir_file:s0 tclass=dir permissive=0
04-12 20:43:49.448000     1     1 I auditd  : type=1400 audit(0.0:62): avc:  denied  { write } for  comm="init" name="discard_max_bytes" dev="sysfs" ino=92202 scontext=u:r:init:s0 tcontext=u:object_r:sysfs_devices_block:s0 tclass=file permissive=0
04-12 20:43:49.448000     1     1 I auditd  : type=1400 audit(0.0:63): avc:  denied  { setattr } for  comm="init" name="brightness" dev="sysfs" ino=90246 scontext=u:r:init:s0 tcontext=u:object_r:sysfs_backlight_file:s0 tclass=file permissive=0
04-12 20:43:49.484000  1105  1105 I auditd  : type=1400 audit(0.0:64): avc:  denied  { read } for  comm="android.hardwar" name="type" dev="sysfs" ino=152494 scontext=u:r:hal_health_default:s0 tcontext=u:object_r:sysfs:s0 tclass=file permissive=0
04-12 20:43:49.484000  1105  1105 I auditd  : type=1400 audit(0.0:65): avc:  denied  { search } for  comm="android.hardwar" name="tran-auto-test" dev="sysfs" ino=152742 scontext=u:r:hal_health_default:s0 tcontext=u:object_r:sysfs_tran_auto_test:s0 tclass=dir permissive=0
04-12 20:43:49.484000  1105  1105 I auditd  : type=1400 audit(0.0:66): avc:  denied  { search } for  comm="android.hardwar" name="tran-auto-test" dev="sysfs" ino=152742 scontext=u:r:hal_health_default:s0 tcontext=u:object_r:sysfs_tran_auto_test:s0 tclass=dir permissive=0
04-12 20:43:49.484000  1105  1105 I auditd  : type=1400 audit(0.0:67): avc:  denied  { read } for  comm="android.hardwar" name="type" dev="sysfs" ino=151825 scontext=u:r:hal_health_default:s0 tcontext=u:object_r:sysfs:s0 tclass=file permissive=0
04-12 20:43:49.484000  1105  1105 I auditd  : type=1400 audit(0.0:68): avc:  denied  { read } for  comm="android.hardwar" name="type" dev="sysfs" ino=151729 scontext=u:r:hal_health_default:s0 tcontext=u:object_r:sysfs:s0 tclass=file permissive=0
04-12 20:43:49.512000  1119  1119 I auditd  : type=1400 audit(0.0:69): avc:  denied  { read } for  comm="android.hardwar" name="u:object_r:virtual_face_prop:s0" dev="tmpfs" ino=928 scontext=u:r:hal_face_default:s0 tcontext=u:object_r:virtual_face_prop:s0 tclass=file permissive=0
04-12 20:43:49.512000  1119  1119 I auditd  : type=1400 audit(0.0:70): avc:  denied  { write } for  comm="android.hardwar" name="property_service" dev="tmpfs" ino=948 scontext=u:r:hal_face_default:s0 tcontext=u:object_r:property_socket:s0 tclass=sock_file permissive=0
04-12 20:43:49.540000  1148  1148 I auditd  : type=1400 audit(0.0:71): avc:  denied  { read } for  comm="vendor.hardware" name="vndbinder" dev="binder" ino=6 scontext=u:r:tran_tp_binder:s0 tcontext=u:object_r:vndbinder_device:s0 tclass=chr_file permissive=0
04-12 20:43:49.548000  1116  1116 I auditd  : type=1400 audit(0.0:72): avc:  denied  { search } for  comm="android.hardwar" name="android" dev="sysfs" ino=4976 scontext=u:r:hal_sensors_default:s0 tcontext=u:object_r:sysfs_dt_firmware_android:s0 tclass=dir permissive=0
04-12 20:43:49.548000  1116  1116 I auditd  : type=1400 audit(0.0:73): avc:  denied  { search } for  comm="android.hardwar" name="android" dev="sysfs" ino=4976 scontext=u:r:hal_sensors_default:s0 tcontext=u:object_r:sysfs_dt_firmware_android:s0 tclass=dir permissive=0
04-12 20:43:49.548000  1116  1116 I auditd  : type=1400 audit(0.0:74): avc:  denied  { search } for  comm="android.hardwar" name="android" dev="sysfs" ino=4976 scontext=u:r:hal_sensors_default:s0 tcontext=u:object_r:sysfs_dt_firmware_android:s0 tclass=dir permissive=0
04-12 20:43:49.548000  1116  1116 I auditd  : type=1400 audit(0.0:75): avc:  denied  { search } for  comm="android.hardwar" name="android" dev="sysfs" ino=4976 scontext=u:r:hal_sensors_default:s0 tcontext=u:object_r:sysfs_dt_firmware_android:s0 tclass=dir permissive=0
04-12 20:43:49.640000  1215  1215 I auditd  : type=1400 audit(0.0:76): avc:  denied  { read } for  comm="android.hardwar" name="u:object_r:system_audio_config_prop:s0" dev="tmpfs" ino=436 scontext=u:r:audio_vendor_parameter_parser:s0 tcontext=u:object_r:system_audio_config_prop:s0 tclass=file permissive=0
04-12 20:43:49.660000  1231  1231 I auditd  : type=1400 audit(0.0:77): avc:  denied  { read } for  comm="nvram_daemon" name="compatible" dev="sysfs" ino=4982 scontext=u:r:nvram_daemon:s0 tcontext=u:object_r:sysfs_dt_firmware_android:s0 tclass=file permissive=0
04-12 20:43:49.660000  1231  1231 I auditd  : type=1400 audit(0.0:78): avc:  denied  { read } for  comm="nvram_daemon" name="compatible" dev="sysfs" ino=4982 scontext=u:r:nvram_daemon:s0 tcontext=u:object_r:sysfs_dt_firmware_android:s0 tclass=file permissive=0
04-12 20:43:49.660000  1231  1231 I auditd  : type=1400 audit(0.0:79): avc:  denied  { read } for  comm="nvram_daemon" name="compatible" dev="sysfs" ino=4982 scontext=u:r:nvram_daemon:s0 tcontext=u:object_r:sysfs_dt_firmware_android:s0 tclass=file permissive=0
04-12 20:43:49.660000  1231  1231 I auditd  : type=1400 audit(0.0:80): avc:  denied  { read } for  comm="nvram_daemon" name="compatible" dev="sysfs" ino=4982 scontext=u:r:nvram_daemon:s0 tcontext=u:object_r:sysfs_dt_firmware_android:s0 tclass=file permissive=0
04-12 20:43:49.660000   416   416 I auditd  : type=1400 audit(0.0:81): avc:  denied  { write } for  comm="init" name="dirty_writeback_centisecs" dev="proc" ino=29436 scontext=u:r:vendor_init:s0 tcontext=u:object_r:proc:s0 tclass=file permissive=0
04-12 20:43:49.672000  1232  1232 I auditd  : type=1400 audit(0.0:82): avc:  denied  { search } for  comm="mcDriverDaemon" name="/" dev="sdc87" ino=2 scontext=u:r:mobicore:s0 tcontext=u:object_r:tranfs_file:s0 tclass=dir permissive=0
04-12 20:43:49.708000  1216  1216 I auditd  : type=1400 audit(0.0:83): avc:  denied  { read } for  comm="surfaceflinger" name="u:object_r:tran_vpp_prop:s0" dev="tmpfs" ino=586 scontext=u:r:surfaceflinger:s0 tcontext=u:object_r:tran_vpp_prop:s0 tclass=file permissive=0
04-12 20:43:49.708000     1     1 I auditd  : type=1107 audit(0.0:84): uid=0 auid=4294967295 ses=4294967295 subj=u:r:init:s0 msg='avc:  denied  { set } for property=ro.tr_perf.aegean.cg.kernel.support pid=1216 uid=1000 gid=1003 scontext=u:r:surfaceflinger:s0 tcontext=u:object_r:default_prop:s0 tclass=property_service permissive=0'
04-12 20:43:49.735873  1090  1090 I boot_progress_start: 13528
04-12 20:43:49.784000     1     1 I auditd  : type=1400 audit(0.0:85): avc:  denied  { write } for  comm="init" name="error_report_end" dev="tracefs" ino=37308 scontext=u:r:init:s0 tcontext=u:object_r:debugfs_bootreceiver_tracing:s0 tclass=dir permissive=0
04-12 20:43:49.880000     1     1 I auditd  : type=1107 audit(0.0:86): uid=0 auid=4294967295 ses=4294967295 subj=u:r:init:s0 msg='avc:  denied  { set } for property=vendor.pullFWlog pid=1321 uid=2000 gid=1007 scontext=u:r:connsyslogger:s0 tcontext=u:object_r:vendor_default_prop:s0 tclass=property_service permissive=0'
04-12 20:43:49.992000  1340  1340 I auditd  : type=1400 audit(0.0:87): avc:  denied  { read } for  comm="thermal_core" name="brightness" dev="sysfs" ino=90246 scontext=u:r:thermal_core:s0 tcontext=u:object_r:sysfs_backlight_file:s0 tclass=file permissive=0
04-12 20:43:50.040000     1     1 I auditd  : type=1400 audit(0.0:88): avc:  denied  { create } for  comm="init" name="lbs_dbg_ext" scontext=u:r:init:s0 tcontext=u:object_r:socket_device:s0 tclass=sock_file permissive=0
04-12 20:43:50.069269  1090  1090 I snet_event_log: [200284993,-1,]
04-12 20:43:50.076000  1400  1400 I auditd  : type=1400 audit(0.0:89): avc:  denied  { read } for  comm="netdiag" name="u:object_r:vendor_default_prop:s0" dev="tmpfs" ino=607 scontext=u:r:netdiag:s0 tcontext=u:object_r:vendor_default_prop:s0 tclass=file permissive=0
04-12 20:43:50.084000  1157  1157 I auditd  : type=1400 audit(0.0:90): avc:  denied  { search } for  comm="vendor.mediatek" name="android" dev="sysfs" ino=4976 scontext=u:r:mtk_hal_nvramagent:s0 tcontext=u:object_r:sysfs_dt_firmware_android:s0 tclass=dir permissive=0
04-12 20:43:50.084000  1157  1157 I auditd  : type=1400 audit(0.0:91): avc:  denied  { search } for  comm="vendor.mediatek" name="android" dev="sysfs" ino=4976 scontext=u:r:mtk_hal_nvramagent:s0 tcontext=u:object_r:sysfs_dt_firmware_android:s0 tclass=dir permissive=0
04-12 20:43:50.084000  1157  1157 I auditd  : type=1400 audit(0.0:92): avc:  denied  { search } for  comm="vendor.mediatek" name="android" dev="sysfs" ino=4976 scontext=u:r:mtk_hal_nvramagent:s0 tcontext=u:object_r:sysfs_dt_firmware_android:s0 tclass=dir permissive=0
04-12 20:43:50.084000  1415  1415 I auditd  : type=1400 audit(0.0:93): avc:  denied  { search } for  comm="fuelgauged_nvra" name="android" dev="sysfs" ino=4976 scontext=u:r:fuelgauged_nvram:s0 tcontext=u:object_r:sysfs_dt_firmware_android:s0 tclass=dir permissive=0
04-12 20:43:50.084000  1415  1415 I auditd  : type=1400 audit(0.0:94): avc:  denied  { search } for  comm="fuelgauged_nvra" name="android" dev="sysfs" ino=4976 scontext=u:r:fuelgauged_nvram:s0 tcontext=u:object_r:sysfs_dt_firmware_android:s0 tclass=dir permissive=0
04-12 20:43:50.084000  1415  1415 I auditd  : type=1400 audit(0.0:95): avc:  denied  { search } for  comm="fuelgauged_nvra" name="android" dev="sysfs" ino=4976 scontext=u:r:fuelgauged_nvram:s0 tcontext=u:object_r:sysfs_dt_firmware_android:s0 tclass=dir permissive=0
04-12 20:43:50.084000  1415  1415 I auditd  : type=1400 audit(0.0:96): avc:  denied  { search } for  comm="fuelgauged_nvra" name="android" dev="sysfs" ino=4976 scontext=u:r:fuelgauged_nvram:s0 tcontext=u:object_r:sysfs_dt_firmware_android:s0 tclass=dir permissive=0
04-12 20:43:50.088000  1157  1157 I auditd  : type=1400 audit(0.0:97): avc:  denied  { search } for  comm="vendor.mediatek" name="android" dev="sysfs" ino=4976 scontext=u:r:mtk_hal_nvramagent:s0 tcontext=u:object_r:sysfs_dt_firmware_android:s0 tclass=dir permissive=0
04-12 20:43:50.112000  1427  1427 I auditd  : type=1400 audit(0.0:98): avc:  denied  { search } for  comm="mtk_storageprox" name="gsi" dev="sdc16" ino=45 scontext=u:r:tee:s0 tcontext=u:object_r:gsi_metadata_file:s0 tclass=dir permissive=0
04-12 20:43:50.120000  1427  1427 I auditd  : type=1400 audit(0.0:99): avc:  denied  { search } for  comm="mtk_storageprox" name="gsi" dev="sdc16" ino=45 scontext=u:r:tee:s0 tcontext=u:object_r:gsi_metadata_file:s0 tclass=dir permissive=0
04-12 20:43:50.124000  1427  1427 I auditd  : type=1400 audit(0.0:100): avc:  denied  { search } for  comm="mtk_storageprox" name="gsi" dev="sdc16" ino=45 scontext=u:r:tee:s0 tcontext=u:object_r:gsi_metadata_file:s0 tclass=dir permissive=0
04-12 20:43:50.204000  1428  1428 I auditd  : type=1400 audit(0.0:101): avc:  denied  { read } for  comm="binder:1428_2" name="u:object_r:boot_status_prop:s0" dev="tmpfs" ino=174 scontext=u:r:mtk_hal_mmlpq:s0 tcontext=u:object_r:boot_status_prop:s0 tclass=file permissive=0
04-12 20:43:50.220000  1090  1090 I auditd  : type=1400 audit(0.0:102): avc:  denied  { read } for  comm="main" name="u:object_r:vendor_default_prop:s0" dev="tmpfs" ino=607 scontext=u:r:zygote:s0 tcontext=u:object_r:vendor_default_prop:s0 tclass=file permissive=0
04-12 20:43:50.249224  1090  1090 I boot_progress_preload_start: 14041
04-12 20:43:50.368000  1539  1539 I auditd  : type=1400 audit(0.0:103): avc:  denied  { dac_override } for  comm="sh" capability=1  scontext=u:r:mobile_log_d:s0 tcontext=u:r:mobile_log_d:s0 tclass=capability permissive=0
04-12 20:43:50.380000  1540  1540 I auditd  : type=1400 audit(0.0:104): avc:  denied  { dac_override } for  comm="sh" capability=1  scontext=u:r:mobile_log_d:s0 tcontext=u:r:mobile_log_d:s0 tclass=capability permissive=0
04-12 20:43:50.588000  1090  1090 I auditd  : type=1400 audit(0.0:105): avc:  denied  { read } for  comm="main" name="u:object_r:vendor_default_prop:s0" dev="tmpfs" ino=607 scontext=u:r:zygote:s0 tcontext=u:object_r:vendor_default_prop:s0 tclass=file permissive=0
04-12 20:43:50.596000  1090  1090 I auditd  : type=1400 audit(0.0:106): avc:  denied  { read } for  comm="main" name="u:object_r:system_trancare_prop:s0" dev="tmpfs" ino=554 scontext=u:r:zygote:s0 tcontext=u:object_r:system_trancare_prop:s0 tclass=file permissive=0
04-12 20:43:50.608000     1     1 I auditd  : type=1107 audit(0.0:107): uid=0 auid=4294967295 ses=4294967295 subj=u:r:init:s0 msg='avc:  denied  { set } for property=gf.debug.fp_serial pid=1478 uid=1000 gid=1000 scontext=u:r:hal_fingerprint_default:s0 tcontext=u:object_r:default_prop:s0 tclass=property_service permissive=0'
04-12 20:43:50.680000  1630  1630 I auditd  : type=1400 audit(0.0:108): avc:  denied  { read } for  comm="BootAnimation" name="u:object_r:system_aegean_prop:s0" dev="tmpfs" ino=435 scontext=u:r:bootanim:s0 tcontext=u:object_r:system_aegean_prop:s0 tclass=file permissive=0
04-12 20:43:50.708000     1     1 I auditd  : type=1107 audit(0.0:109): uid=0 auid=4294967295 ses=4294967295 subj=u:r:init:s0 msg='avc:  denied  { set } for property=vendor.fingerprint.init.error pid=1478 uid=1000 gid=1000 scontext=u:r:hal_fingerprint_default:s0 tcontext=u:object_r:vendor_default_prop:s0 tclass=property_service permissive=0'
04-12 20:43:50.772000  1710  1710 I auditd  : type=1400 audit(0.0:110): avc:  denied  { read write } for  comm="aee_v2" path="socket:[39643]" dev="sockfs" ino=39643 scontext=u:r:crash_dump:s0 tcontext=u:r:mobile_log_d:s0 tclass=unix_stream_socket permissive=0
04-12 20:43:50.772000  1710  1710 I auditd  : type=1400 audit(0.0:111): avc:  denied  { read } for  comm="aee_v2" path="/proc/kmsg" dev="proc" ino=4026532095 scontext=u:r:crash_dump:s0 tcontext=u:object_r:proc_kmsg:s0 tclass=file permissive=0
04-12 20:43:50.772000  1710  1710 I auditd  : type=1400 audit(0.0:112): avc:  denied  { read } for  comm="aee_v2" path="/proc/atf_log/atf_log" dev="proc" ino=4026535722 scontext=u:r:crash_dump:s0 tcontext=u:object_r:proc_atf_log:s0 tclass=file permissive=0
04-12 20:43:50.772000  1710  1710 I auditd  : type=1400 audit(0.0:113): avc:  denied  { read } for  comm="aee_v2" path="/proc/gz_log" dev="proc" ino=4026535495 scontext=u:r:crash_dump:s0 tcontext=u:object_r:proc_gz_log:s0 tclass=file permissive=0
04-12 20:43:50.772000  1710  1710 I auditd  : type=1400 audit(0.0:114): avc:  denied  { read } for  comm="aee_v2" path="/proc/apusys_logger/seq_logl" dev="proc" ino=4026534207 scontext=u:r:crash_dump:s0 tcontext=u:object_r:proc_apusys_rv_debug:s0 tclass=file permissive=0
04-12 20:43:50.772000  1710  1710 I auditd  : type=1400 audit(0.0:115): avc:  denied  { read } for  comm="aee_v2" path="/proc/dpmaif_debug" dev="proc" ino=4026534936 scontext=u:r:crash_dump:s0 tcontext=u:object_r:proc_dpmaif_debug:s0 tclass=file permissive=0
04-12 20:43:50.772000  1710  1710 I auditd  : type=1400 audit(0.0:116): avc:  denied  { read append } for  comm="aee_v2" path="/data/log_temp/boot_2__normal/main_log_2026_0412_204350.curf" dev="dm-79" ino=27832 scontext=u:r:crash_dump:s0 tcontext=u:object_r:logtemp_data_file:s0 tclass=file permissive=0
04-12 20:43:50.772000  1710  1710 I auditd  : type=1400 audit(0.0:117): avc:  denied  { read append } for  comm="aee_v2" path="/data/log_temp/boot_2__normal/radio_log_2026_0412_204350.curf" dev="dm-79" ino=27845 scontext=u:r:crash_dump:s0 tcontext=u:object_r:logtemp_data_file:s0 tclass=file permissive=0
04-12 20:43:50.772000  1710  1710 I auditd  : type=1400 audit(0.0:118): avc:  denied  { read append } for  comm="aee_v2" path="/data/log_temp/boot_2__normal/events_log_2026_0412_204350.curf" dev="dm-79" ino=27848 scontext=u:r:crash_dump:s0 tcontext=u:object_r:logtemp_data_file:s0 tclass=file permissive=0
04-12 20:43:50.772000  1710  1710 I auditd  : type=1400 audit(0.0:119): avc:  denied  { read append } for  comm="aee_v2" path="/data/log_temp/boot_2__normal/sys_log_2026_0412_204350.curf" dev="dm-79" ino=27855 scontext=u:r:crash_dump:s0 tcontext=u:object_r:logtemp_data_file:s0 tclass=file permissive=0
04-12 20:43:50.772000  1710  1710 I auditd  : type=1400 audit(0.0:120): avc:  denied  { read append } for  comm="aee_v2" path="/data/log_temp/boot_2__normal/crash_log_2026_0412_204350.curf" dev="dm-79" ino=27860 scontext=u:r:crash_dump:s0 tcontext=u:object_r:logtemp_data_file:s0 tclass=file permissive=0
04-12 20:43:50.772000  1710  1710 I auditd  : type=1400 audit(0.0:121): avc:  denied  { read append } for  comm="aee_v2" path="/data/log_temp/boot_2__normal/kernel_log_2026_0412_204350.curf" dev="dm-79" ino=27861 scontext=u:r:crash_dump:s0 tcontext=u:object_r:logtemp_data_file:s0 tclass=file permissive=0
04-12 20:43:50.772000  1710  1710 I auditd  : type=1400 audit(0.0:122): avc:  denied  { read append } for  comm="aee_v2" path="/data/log_temp/boot_2__normal/atf_log_2026_0412_204350.curf" dev="dm-79" ino=27871 scontext=u:r:crash_dump:s0 tcontext=u:object_r:logtemp_data_file:s0 tclass=file permissive=0
04-12 20:43:50.772000  1710  1710 I auditd  : type=1400 audit(0.0:123): avc:  denied  { read append } for  comm="aee_v2" path="/data/log_temp/boot_2__normal/gz_log_2026_0412_204350.curf" dev="dm-79" ino=27894 scontext=u:r:crash_dump:s0 tcontext=u:object_r:logtemp_data_file:s0 tclass=file permissive=0
04-12 20:43:50.772000  1710  1710 I auditd  : type=1400 audit(0.0:124): avc:  denied  { read append } for  comm="aee_v2" path="/data/log_temp/boot_2__normal/bsp_log_2026_0412_204350.curf" dev="dm-79" ino=27898 scontext=u:r:crash_dump:s0 tcontext=u:object_r:logtemp_data_file:s0 tclass=file permissive=0
04-12 20:43:50.772000  1710  1710 I auditd  : type=1400 audit(0.0:125): avc:  denied  { read append } for  comm="aee_v2" path="/data/log_temp/boot_2__normal/scp_log_2026_0412_204350.curf" dev="dm-79" ino=27900 scontext=u:r:crash_dump:s0 tcontext=u:object_r:logtemp_data_file:s0 tclass=file permissive=0
04-12 20:43:50.772000  1710  1710 I auditd  : type=1400 audit(0.0:126): avc:  denied  { read append } for  comm="aee_v2" path="/data/log_temp/boot_2__normal/sspm_log_2026_0412_204350.curf" dev="dm-79" ino=27909 scontext=u:r:crash_dump:s0 tcontext=u:object_r:logtemp_data_file:s0 tclass=file permissive=0
04-12 20:43:50.772000  1710  1710 I auditd  : type=1400 audit(0.0:127): avc:  denied  { read append } for  comm="aee_v2" path="/data/log_temp/boot_2__normal/adsp_0_log_2026_0412_204350.curf" dev="dm-79" ino=27910 scontext=u:r:crash_dump:s0 tcontext=u:object_r:logtemp_data_file:s0 tclass=file permissive=0
04-12 20:43:50.772000  1710  1710 I auditd  : type=1400 audit(0.0:128): avc:  denied  { read append } for  comm="aee_v2" path="/data/log_temp/boot_2__normal/adsp_1_log_2026_0412_204350.curf" dev="dm-79" ino=27912 scontext=u:r:crash_dump:s0 tcontext=u:object_r:logtemp_data_file:s0 tclass=file permissive=0
04-12 20:43:50.772000  1710  1710 I auditd  : type=1400 audit(0.0:129): avc:  denied  { read append } for  comm="aee_v2" path="/data/log_temp/boot_2__normal/mcupm_log_2026_0412_204350.curf" dev="dm-79" ino=27914 scontext=u:r:crash_dump:s0 tcontext=u:object_r:logtemp_data_file:s0 tclass=file permissive=0
04-12 20:43:50.772000  1710  1710 I auditd  : type=1400 audit(0.0:130): avc:  denied  { read append } for  comm="aee_v2" path="/data/log_temp/boot_2__normal/connsys_picus_log_2026_0412_204350.curf" dev="dm-79" ino=27917 scontext=u:r:crash_dump:s0 tcontext=u:object_r:logtemp_data_file:s0 tclass=file permissive=0
04-12 20:43:50.772000  1710  1710 I auditd  : type=1400 audit(0.0:131): avc:  denied  { read append } for  comm="aee_v2" path="/data/log_temp/boot_2__normal/apusys_log_2026_0412_204350.curf" dev="dm-79" ino=27919 scontext=u:r:crash_dump:s0 tcontext=u:object_r:logtemp_data_file:s0 tclass=file permissive=0
04-12 20:43:50.772000  1710  1710 I auditd  : type=1400 audit(0.0:132): avc:  denied  { read append } for  comm="aee_v2" path="/data/log_temp/boot_2__normal/ccci_dpmaif_debug_2026_0412_204350.curf" dev="dm-79" ino=27920 scontext=u:r:crash_dump:s0 tcontext=u:object_r:logtemp_data_file:s0 tclass=file permissive=0
04-12 20:43:50.780000  1710  1710 I auditd  : type=1400 audit(0.0:133): avc:  denied  { read } for  comm="aee_v2" name="atag,boot" dev="sysfs" ino=251 scontext=u:r:crash_dump:s0 tcontext=u:object_r:sysfs_boot_info:s0 tclass=file permissive=0
04-12 20:43:50.852000  1090  1090 I auditd  : type=1400 audit(0.0:134): avc:  denied  { read } for  comm="main" name="u:object_r:system_mtk_mobile_log_prop:s0" dev="tmpfs" ino=511 scontext=u:r:zygote:s0 tcontext=u:object_r:system_mtk_mobile_log_prop:s0 tclass=file permissive=0
04-12 20:43:51.043475  1090  1090 I boot_progress_preload_end: 14835
04-12 20:43:51.088000     1     1 I auditd  : type=1107 audit(0.0:135): uid=0 auid=4294967295 ses=4294967295 subj=u:r:init:s0 msg='avc:  denied  { set } for property=ro.tr_perf.aegean.cg.kernel.support pid=1090 uid=0 gid=0 scontext=u:r:zygote:s0 tcontext=u:object_r:default_prop:s0 tclass=property_service permissive=0'
04-12 20:43:51.308000  1409  1409 I auditd  : type=1400 audit(0.0:136): avc:  denied  { search } for  comm="camerahalserver" name="tmp" dev="dm-79" ino=102 scontext=u:r:mtk_hal_camera:s0 tcontext=u:object_r:shell_data_file:s0 tclass=dir permissive=0
04-12 20:43:51.308000  1409  1409 I auditd  : type=1400 audit(0.0:137): avc:  denied  { search } for  comm="camerahalserver" name="data" dev="dm-79" ino=251 scontext=u:r:mtk_hal_camera:s0 tcontext=u:object_r:system_data_file:s0:c512,c768 tclass=dir permissive=0
04-12 20:43:51.324000  1409  1409 I auditd  : type=1400 audit(0.0:138): avc:  denied  { search } for  comm="camerahalserver" name="tmp" dev="dm-79" ino=102 scontext=u:r:mtk_hal_camera:s0 tcontext=u:object_r:shell_data_file:s0 tclass=dir permissive=0
04-12 20:43:51.324000  1409  1409 I auditd  : type=1400 audit(0.0:139): avc:  denied  { search } for  comm="camerahalserver" name="data" dev="dm-79" ino=251 scontext=u:r:mtk_hal_camera:s0 tcontext=u:object_r:system_data_file:s0:c512,c768 tclass=dir permissive=0
04-12 20:43:51.328000  1409  1409 I auditd  : type=1400 audit(0.0:140): avc:  denied  { search } for  comm="camerahalserver" name="tmp" dev="dm-79" ino=102 scontext=u:r:mtk_hal_camera:s0 tcontext=u:object_r:shell_data_file:s0 tclass=dir permissive=0
04-12 20:43:51.328000  1409  1409 I auditd  : type=1400 audit(0.0:141): avc:  denied  { search } for  comm="camerahalserver" name="data" dev="dm-79" ino=251 scontext=u:r:mtk_hal_camera:s0 tcontext=u:object_r:system_data_file:s0:c512,c768 tclass=dir permissive=0
04-12 20:43:51.336000  1409  1409 I auditd  : type=1400 audit(0.0:142): avc:  denied  { search } for  comm="camerahalserver" name="tmp" dev="dm-79" ino=102 scontext=u:r:mtk_hal_camera:s0 tcontext=u:object_r:shell_data_file:s0 tclass=dir permissive=0
04-12 20:43:51.336000  1409  1409 I auditd  : type=1400 audit(0.0:143): avc:  denied  { search } for  comm="camerahalserver" name="data" dev="dm-79" ino=251 scontext=u:r:mtk_hal_camera:s0 tcontext=u:object_r:system_data_file:s0:c512,c768 tclass=dir permissive=0
04-12 20:43:51.340000  1409  1409 I auditd  : type=1400 audit(0.0:144): avc:  denied  { search } for  comm="camerahalserver" name="tmp" dev="dm-79" ino=102 scontext=u:r:mtk_hal_camera:s0 tcontext=u:object_r:shell_data_file:s0 tclass=dir permissive=0
04-12 20:43:51.340000  1409  1409 I auditd  : type=1400 audit(0.0:145): avc:  denied  { search } for  comm="camerahalserver" name="data" dev="dm-79" ino=251 scontext=u:r:mtk_hal_camera:s0 tcontext=u:object_r:system_data_file:s0:c512,c768 tclass=dir permissive=0
04-12 20:43:51.348000  1744  1744 I auditd  : type=1400 audit(0.0:146): avc:  denied  { read } for  comm="system_server" name="u:object_r:vendor_default_prop:s0" dev="tmpfs" ino=607 scontext=u:r:system_server:s0 tcontext=u:object_r:vendor_default_prop:s0 tclass=file permissive=0
04-12 20:43:51.348000  1861  1861 I auditd  : type=1400 audit(0.0:147): avc:  denied  { read write } for  comm="iptables-wrappe" path="/dev/ttyCMIPC1" dev="tmpfs" ino=1773 scontext=u:r:netutils_wrapper:s0 tcontext=u:object_r:gsm0710muxd_device:s0 tclass=chr_file permissive=0
04-12 20:43:51.348000  1861  1861 I auditd  : type=1400 audit(0.0:148): avc:  denied  { read write } for  comm="iptables-wrappe" path="/dev/ccci_pin_sta" dev="tmpfs" ino=1731 scontext=u:r:netutils_wrapper:s0 tcontext=u:object_r:ccci_device:s0 tclass=chr_file permissive=0
04-12 20:43:51.348000  1861  1861 I auditd  : type=1400 audit(0.0:149): avc:  denied  { read write } for  comm="iptables-wrappe" path="/dev/ccci_vts" dev="tmpfs" ino=1763 scontext=u:r:netutils_wrapper:s0 tcontext=u:object_r:ccci_vts_device:s0 tclass=chr_file permissive=0
04-12 20:43:51.348000  1861  1861 I auditd  : type=1400 audit(0.0:150): avc:  denied  { read write } for  comm="iptables-wrappe" path="/dev/ccci_wifi_proxy" dev="tmpfs" ino=1762 scontext=u:r:netutils_wrapper:s0 tcontext=u:object_r:ccci_wifi_proxy_device:s0 tclass=chr_file permissive=0
04-12 20:43:51.352000  1409  1409 I auditd  : type=1400 audit(0.0:151): avc:  denied  { search } for  comm="camerahalserver" name="tmp" dev="dm-79" ino=102 scontext=u:r:mtk_hal_camera:s0 tcontext=u:object_r:shell_data_file:s0 tclass=dir permissive=0
04-12 20:43:51.352000  1409  1409 I auditd  : type=1400 audit(0.0:152): avc:  denied  { search } for  comm="camerahalserver" name="data" dev="dm-79" ino=251 scontext=u:r:mtk_hal_camera:s0 tcontext=u:object_r:system_data_file:s0:c512,c768 tclass=dir permissive=0
04-12 20:43:51.352000     1     1 I auditd  : type=1400 audit(0.0:153): avc:  denied  { create } for  comm="init" name="vendor.bip_ap" scontext=u:r:init:s0 tcontext=u:object_r:socket_device:s0 tclass=sock_file permissive=0
04-12 20:43:51.352000  1744  1744 I auditd  : type=1400 audit(0.0:154): avc:  denied  { read } for  comm="system_server" name="u:object_r:vendor_default_prop:s0" dev="tmpfs" ino=607 scontext=u:r:system_server:s0 tcontext=u:object_r:vendor_default_prop:s0 tclass=file permissive=0
04-12 20:43:51.352000  1744  1744 I auditd  : type=1400 audit(0.0:155): avc:  denied  { read } for  comm="system_server" name="u:object_r:vendor_default_prop:s0" dev="tmpfs" ino=607 scontext=u:r:system_server:s0 tcontext=u:object_r:vendor_default_prop:s0 tclass=file permissive=0
04-12 20:43:51.365187  1744  1744 I system_server_start: [1,15144,15144]
04-12 20:43:51.365385  1744  1744 I boot_progress_system_run: 15157
04-12 20:43:51.368000  1409  1409 I auditd  : type=1400 audit(0.0:156): avc:  denied  { search } for  comm="camerahalserver" name="tmp" dev="dm-79" ino=102 scontext=u:r:mtk_hal_camera:s0 tcontext=u:object_r:shell_data_file:s0 tclass=dir permissive=0
04-12 20:43:51.368000  1409  1409 I auditd  : type=1400 audit(0.0:157): avc:  denied  { search } for  comm="camerahalserver" name="data" dev="dm-79" ino=251 scontext=u:r:mtk_hal_camera:s0 tcontext=u:object_r:system_data_file:s0:c512,c768 tclass=dir permissive=0
04-12 20:43:51.368000  1871  1871 I auditd  : type=1400 audit(0.0:158): avc:  denied  { read write } for  comm="iptables-wrappe" path="/dev/ttyCMIPC1" dev="tmpfs" ino=1773 scontext=u:r:netutils_wrapper:s0 tcontext=u:object_r:gsm0710muxd_device:s0 tclass=chr_file permissive=0
04-12 20:43:51.368000  1871  1871 I auditd  : type=1400 audit(0.0:159): avc:  denied  { read write } for  comm="iptables-wrappe" path="/dev/ccci_pin_sta" dev="tmpfs" ino=1731 scontext=u:r:netutils_wrapper:s0 tcontext=u:object_r:ccci_device:s0 tclass=chr_file permissive=0
04-12 20:43:51.368000  1871  1871 I auditd  : type=1400 audit(0.0:160): avc:  denied  { read write } for  comm="iptables-wrappe" path="/dev/ccci_vts" dev="tmpfs" ino=1763 scontext=u:r:netutils_wrapper:s0 tcontext=u:object_r:ccci_vts_device:s0 tclass=chr_file permissive=0
04-12 20:43:51.368000  1871  1871 I auditd  : type=1400 audit(0.0:161): avc:  denied  { read write } for  comm="iptables-wrappe" path="/dev/ccci_wifi_proxy" dev="tmpfs" ino=1762 scontext=u:r:netutils_wrapper:s0 tcontext=u:object_r:ccci_wifi_proxy_device:s0 tclass=chr_file permissive=0
04-12 20:43:51.368000  1871  1871 I auditd  : type=1400 audit(0.0:162): avc:  denied  { read write } for  comm="iptables-wrappe" path="/dev/ccci_mdx_sta" dev="tmpfs" ino=1729 scontext=u:r:netutils_wrapper:s0 tcontext=u:object_r:ccci_device:s0 tclass=chr_file permissive=0
04-12 20:43:51.368000  1871  1871 I auditd  : type=1400 audit(0.0:163): avc:  denied  { read write } for  comm="iptables-wrappe" path="/dev/ccci_md1_sta" dev="tmpfs" ino=1730 scontext=u:r:netutils_wrapper:s0 tcontext=u:object_r:ccci_device:s0 tclass=chr_file permissive=0
04-12 20:43:51.384000  1875  1875 I auditd  : type=1400 audit(0.0:164): avc:  denied  { read write } for  comm="ip6tables-wrapp" path="/dev/ttyCMIPC1" dev="tmpfs" ino=1773 scontext=u:r:netutils_wrapper:s0 tcontext=u:object_r:gsm0710muxd_device:s0 tclass=chr_file permissive=0
04-12 20:43:51.384000  1875  1875 I auditd  : type=1400 audit(0.0:165): avc:  denied  { read write } for  comm="ip6tables-wrapp" path="/dev/ccci_pin_sta" dev="tmpfs" ino=1731 scontext=u:r:netutils_wrapper:s0 tcontext=u:object_r:ccci_device:s0 tclass=chr_file permissive=0
