04-12 20:43:55.888000  2709  2709 I auditd  : type=1400 audit(0.0:302): avc:  denied  { read write } for  comm="re-initialized>" name="ensignal" dev="tmpfs" ino=2080 scontext=u:r:secure_element:s0:c44,c260,c512,c768 tcontext=u:object_r:ensignal_device:s0 tclass=chr_file permissive=0
04-12 20:43:55.896345  1744  1941 I am_proc_start: [0,2728,1000,com.transsion.tranradionet,added application,com.transsion.tranradionet]
04-12 20:43:55.921625  1744  1941 I am_proc_start: [0,2738,10146,com.android.systemui,added application,com.android.systemui]
04-12 20:43:55.958088  1744  2535 I am_proc_bound: [0,2738,com.android.systemui]
04-12 20:43:55.974893  1744  2535 I am_uid_active: 10146
04-12 20:43:55.976686  1744  1941 I am_proc_start: [0,2751,10199,com.transsion.livewallpaper.custompictorial,service,{com.transsion.livewallpaper.custompictorial/com.transsion.livewallpaper.pictorial.CustomPictorialWallpaperService},caller=system/1000]
04-12 20:43:55.972000  2738  2738 I auditd  : type=1400 audit(0.0:303): avc:  denied  { read write } for  comm="re-initialized>" name="ensignal" dev="tmpfs" ino=2080 scontext=u:r:platform_app:s0:c512,c768 tcontext=u:object_r:ensignal_device:s0 tclass=chr_file permissive=0 app=com.android.systemui
04-12 20:43:55.976000  2738  2738 I auditd  : type=1400 audit(0.0:304): avc:  denied  { read write } for  comm="re-initialized>" name="ensignal" dev="tmpfs" ino=2080 scontext=u:r:platform_app:s0:c512,c768 tcontext=u:object_r:ensignal_device:s0 tclass=chr_file permissive=0 app=com.android.systemui
04-12 20:43:55.987256  1744  2021 I am_proc_bound: [0,2751,com.transsion.livewallpaper.custompictorial]
04-12 20:43:55.994611  1744  2533 I am_proc_bound: [0,2728,com.transsion.tranradionet]
04-12 20:43:55.992000  2751  2751 I auditd  : type=1400 audit(0.0:305): avc:  denied  { read write } for  comm="re-initialized>" name="ensignal" dev="tmpfs" ino=2080 scontext=u:r:platform_app:s0:c512,c768 tcontext=u:object_r:ensignal_device:s0 tclass=chr_file permissive=0 app=com.transsion.livewallpaper.custompictorial
04-12 20:43:55.996000  2751  2751 I auditd  : type=1400 audit(0.0:306): avc:  denied  { read write } for  comm="re-initialized>" name="ensignal" dev="tmpfs" ino=2080 scontext=u:r:platform_app:s0:c512,c768 tcontext=u:object_r:ensignal_device:s0 tclass=chr_file permissive=0 app=com.transsion.livewallpaper.custompictorial
04-12 20:43:56.004000  2728  2728 I auditd  : type=1400 audit(0.0:307): avc:  denied  { read write } for  comm="re-initialized>" name="ensignal" dev="tmpfs" ino=2080 scontext=u:r:system_app:s0 tcontext=u:object_r:ensignal_device:s0 tclass=chr_file permissive=0
04-12 20:43:56.004000  2728  2728 I auditd  : type=1400 audit(0.0:308): avc:  denied  { read write } for  comm="re-initialized>" name="ensignal" dev="tmpfs" ino=2080 scontext=u:r:system_app:s0 tcontext=u:object_r:ensignal_device:s0 tclass=chr_file permissive=0
04-12 20:43:56.044000  2431  2431 I auditd  : type=1400 audit(0.0:309): avc:  denied  { read write } for  comm="re-initialized>" name="ensignal" dev="tmpfs" ino=2080 scontext=u:r:platform_app:s0:c512,c768 tcontext=u:object_r:ensignal_device:s0 tclass=chr_file permissive=0 app=com.transsion.launcher3
04-12 20:43:56.044000  2431  2431 I auditd  : type=1400 audit(0.0:310): avc:  denied  { read write } for  comm="re-initialized>" name="ensignal" dev="tmpfs" ino=2080 scontext=u:r:platform_app:s0:c512,c768 tcontext=u:object_r:ensignal_device:s0 tclass=chr_file permissive=0 app=com.transsion.launcher3
04-12 20:43:56.010513  1744  1941 I am_proc_start: [0,2431,10148,com.transsion.launcher3,top-activity,{com.transsion.launcher3/com.android.launcher3.uioverrides.QuickstepLauncher}]
04-12 20:43:56.029631  1744  2699 I am_uid_active: 1002
04-12 20:43:56.038331  1744  1843 I am_proc_bound: [0,2431,com.transsion.launcher3]
04-12 20:43:56.041582  1744  1843 I am_uid_active: 10148
04-12 20:43:56.054433  1744  1941 I am_proc_start: [0,2820,1000,com.transsion.infinixled,content provider,{com.transsion.infinixled/com.transsion.infinixled.provider.SharedLedDatabaseProvider},caller=android/1000]
04-12 20:43:56.095987  1744  2699 I am_proc_bound: [0,2820,com.transsion.infinixled]
04-12 20:43:56.096000  2728  2728 I auditd  : type=1400 audit(0.0:311): avc:  denied  { map } for  comm="on.tranradionet" path="/dev/__properties__/u:object_r:vendor_irtx_prop:s0" dev="tmpfs" ino=614 scontext=u:r:system_app:s0 tcontext=u:object_r:vendor_irtx_prop:s0 tclass=file permissive=0
04-12 20:43:56.096000  2728  2728 I auditd  : type=1400 audit(0.0:312): avc:  denied  { read } for  comm="on.tranradionet" name="u:object_r:qemu_hw_prop:s0" dev="tmpfs" ino=396 scontext=u:r:system_app:s0 tcontext=u:object_r:qemu_hw_prop:s0 tclass=file permissive=0
04-12 20:43:56.107922  1744  1941 I am_proc_start: [0,2853,1000,com.transsion.multiwindow,service,{com.transsion.multiwindow/com.transsion.multiwindow.MultiWindowService},caller=system/1000]
04-12 20:43:56.136000  2820  2820 I auditd  : type=1400 audit(0.0:313): avc:  denied  { read write } for  comm="re-initialized>" name="ensignal" dev="tmpfs" ino=2080 scontext=u:r:system_app:s0 tcontext=u:object_r:ensignal_device:s0 tclass=chr_file permissive=0
04-12 20:43:56.125348  1744  2532 I am_uid_active: 10199
04-12 20:43:56.136176  2431  2886 I jank_cuj_events_cancel_request: [-1,1775997836131958000,19924378769,19924379000]
04-12 20:43:56.136000  2820  2820 I auditd  : type=1400 audit(0.0:314): avc:  denied  { read write } for  comm="re-initialized>" name="ensignal" dev="tmpfs" ino=2080 scontext=u:r:system_app:s0 tcontext=u:object_r:ensignal_device:s0 tclass=chr_file permissive=0
04-12 20:43:56.153774  1744  2535 I service_manager_slow: [22,isub]
04-12 20:43:56.160000  2751  2751 I auditd  : type=1400 audit(0.0:315): avc:  denied  { read } for  comm=4F6E65494420576F726B6572 name="u:object_r:vendor_security_patch_level_prop:s0" dev="tmpfs" ino=888 scontext=u:r:platform_app:s0:c512,c768 tcontext=u:object_r:vendor_security_patch_level_prop:s0 tclass=file permissive=0 app=com.transsion.livewallpaper.custompictorial
04-12 20:43:56.189659  1744  2488 I wm_restart_activity: [0,88257560,2,com.transsion.launcher3/com.android.launcher3.uioverrides.QuickstepLauncher]
04-12 20:43:56.190935  1744  2488 I wm_set_resumed_activity: [0,com.transsion.launcher3/com.android.launcher3.uioverrides.QuickstepLauncher,realStartActivityLocked - onActivityStateChanged]
04-12 20:43:56.197580  1744  2903 I am_proc_bound: [0,2853,com.transsion.multiwindow]
04-12 20:43:56.220000  2853  2853 I auditd  : type=1400 audit(0.0:316): avc:  denied  { read write } for  comm="re-initialized>" name="ensignal" dev="tmpfs" ino=2080 scontext=u:r:system_app:s0 tcontext=u:object_r:ensignal_device:s0 tclass=chr_file permissive=0
04-12 20:43:56.220000  2853  2853 I auditd  : type=1400 audit(0.0:317): avc:  denied  { read write } for  comm="re-initialized>" name="ensignal" dev="tmpfs" ino=2080 scontext=u:r:system_app:s0 tcontext=u:object_r:ensignal_device:s0 tclass=chr_file permissive=0
04-12 20:43:56.236256  1744  2183 I pm_critical_info: setEnabledSettings callingUid = 1000 callingPid = 1744 packageName = com.android.bluetooth componentName = ComponentInfo{com.android.bluetooth/com.android.bluetooth.opp.BluetoothOppLauncherActivity} callingPackage= android newState = 1 userId = 0 flags = 1
04-12 20:43:56.237578  1744  2183 I pm_critical_info: setEnabledSettings callingUid = 1000 callingPid = 1744 packageName = com.android.bluetooth componentName = ComponentInfo{com.android.bluetooth/com.android.bluetooth.opp.BluetoothOppBtEnableActivity} callingPackage= android newState = 1 userId = 0 flags = 1
04-12 20:43:56.245446  1744  2183 I pm_critical_info: setEnabledSettings callingUid = 1000 callingPid = 1744 packageName = com.android.bluetooth componentName = ComponentInfo{com.android.bluetooth/com.android.bluetooth.opp.BluetoothOppBtEnablingActivity} callingPackage= android newState = 1 userId = 0 flags = 1
04-12 20:43:56.246838  1744  2183 I pm_critical_info: setEnabledSettings callingUid = 1000 callingPid = 1744 packageName = com.android.bluetooth componentName = ComponentInfo{com.android.bluetooth/com.android.bluetooth.opp.BluetoothOppBtErrorActivity} callingPackage= android newState = 1 userId = 0 flags = 1
04-12 20:43:56.255841  1744  2183 I pm_critical_info: setEnabledSettings callingUid = 1000 callingPid = 1744 packageName = com.android.bluetooth componentName = ComponentInfo{com.android.bluetooth/com.android.bluetooth.opp.BluetoothOppLauncherActivity} callingPackage= android newState = 1 userId = 0 flags = 1
04-12 20:43:56.264596  1744  2183 I pm_critical_info: setEnabledSettings callingUid = 1000 callingPid = 1744 packageName = com.android.bluetooth componentName = ComponentInfo{com.android.bluetooth/com.android.bluetooth.opp.BluetoothOppBtEnableActivity} callingPackage= android newState = 1 userId = 0 flags = 1
04-12 20:43:56.266561  1744  2183 I pm_critical_info: setEnabledSettings callingUid = 1000 callingPid = 1744 packageName = com.android.bluetooth componentName = ComponentInfo{com.android.bluetooth/com.android.bluetooth.opp.BluetoothOppBtEnablingActivity} callingPackage= android newState = 1 userId = 0 flags = 1
04-12 20:43:56.279530  1744  2183 I pm_critical_info: setEnabledSettings callingUid = 1000 callingPid = 1744 packageName = com.android.bluetooth componentName = ComponentInfo{com.android.bluetooth/com.android.bluetooth.opp.BluetoothOppBtErrorActivity} callingPackage= android newState = 1 userId = 0 flags = 1
04-12 20:43:56.280000  2431  2431 I auditd  : type=1400 audit(0.0:318): avc:  denied  { read } for  comm=4F6E65494420576F726B6572 name="u:object_r:vendor_security_patch_level_prop:s0" dev="tmpfs" ino=888 scontext=u:r:platform_app:s0:c512,c768 tcontext=u:object_r:vendor_security_patch_level_prop:s0 tclass=file permissive=0 app=com.transsion.launcher3
04-12 20:43:56.314974  1744  2228 I notification_enqueue: [1000,1744,android,32,NULL,-1,Notification(channel=ALERTS shortcut=null contentView=null vibrate=null sound=null tick defaults=0 flags=ONGOING_EVENT|CAN_COLORIZE color=0x00000000 vis=PUBLIC),0,1]
04-12 20:43:56.338358  1744  2903 I dvm_lock_sample: [system_server,1,binder:1744_D,10,PowerManagerService.java,2210,void com.android.server.power.PowerManagerService.updateWakeLockWorkSourceInternal(android.os.IBinder, android.os.WorkSource, java.lang.String, int),-,1982,void com.android.server.power.PowerManagerService.acquireWakeLockInternal(android.os.IBinder, int, int, java.lang.String, java.lang.String, android.os.WorkSource, java.lang.String, int, int, android.os.IWakeLockCallback),2]
04-12 20:43:56.350274  1744  2228 I sysui_multi_action: [757,1501,758,1,793,62,794,0,795,62,796,32,806,android,857,ALERTS,858,3,947,0,1500,0]
04-12 20:43:56.350302  1744  2228 I sysui_multi_action: [757,804,799,note_interruptive,801,0,802,1]
04-12 20:43:56.344000  2853  2853 I auditd  : type=1400 audit(0.0:320): avc:  denied  { read } for  comm="ion.multiwindow" name="u:object_r:qemu_hw_prop:s0" dev="tmpfs" ino=396 scontext=u:r:system_app:s0 tcontext=u:object_r:qemu_hw_prop:s0 tclass=file permissive=0
04-12 20:43:56.379307  1744  2925 I dvm_lock_sample: [system_server,1,binder:1744_10,24,ContentProviderHelper.java,207,android.app.ContentProviderHolder com.android.server.am.ContentProviderHelper.getContentProviderImpl(android.app.IApplicationThread, java.lang.String, android.os.IBinder, int, java.lang.String, java.lang.String, boolean, int),,0,null,4]
04-12 20:43:56.380429  1744  2207 I netstats_mobile_sample: [0,0,0,0,0,0,0,0,1775997836380]
04-12 20:43:56.380441  1744  2207 I netstats_wifi_sample: [0,0,0,0,0,0,0,0,1775997836380]
04-12 20:43:56.428120  2728  2936 I service_manager_slow: [77,isub]
04-12 20:43:56.433595  1744  2228 I sysui_multi_action: [757,199,758,1,759,32784,793,145,794,0,795,145,796,32,806,android,857,ALERTS,858,3,947,0,1500,83,1688,1]
04-12 20:43:56.433622  1744  2228 I notification_alert: [-1|android|32|null|1000,0,0,0,2,32768]
04-12 20:43:56.452000   556   556 I auditd  : type=1400 audit(0.0:321): avc:  denied  { read } for  comm="logd.writer" name="u:object_r:bluetooth_prop:s0" dev="tmpfs" ino=173 scontext=u:r:logd:s0 tcontext=u:object_r:bluetooth_prop:s0 tclass=file permissive=0
04-12 20:43:56.461293  1744  1929 I pm_critical_info: setEnabledSettings callingUid = 1000 callingPid = 1744 packageName = com.google.android.marvin.talkback componentName = ComponentInfo{com.google.android.marvin.talkback/com.google.android.accessibility.accessibilitymenu.AccessibilityMenuService} callingPackage= android newState = 2 userId = 0 flags = 1
04-12 20:43:56.476000  2685  2685 I auditd  : type=1400 audit(0.0:322): avc:  denied  { read } for  comm="om.mediatek.ims" name="u:object_r:system_trancare_prop:s0" dev="tmpfs" ino=554 scontext=u:r:radio:s0 tcontext=u:object_r:system_trancare_prop:s0 tclass=file permissive=0
04-12 20:43:56.480000  2685  2685 I auditd  : type=1400 audit(0.0:323): avc:  denied  { read } for  comm="om.mediatek.ims" name="u:object_r:vendor_irtx_prop:s0" dev="tmpfs" ino=614 scontext=u:r:radio:s0 tcontext=u:object_r:vendor_irtx_prop:s0 tclass=file permissive=0
04-12 20:43:56.480000  2685  2685 I auditd  : type=1400 audit(0.0:324): avc:  denied  { read } for  comm="om.mediatek.ims" name="u:object_r:qemu_hw_prop:s0" dev="tmpfs" ino=396 scontext=u:r:radio:s0 tcontext=u:object_r:qemu_hw_prop:s0 tclass=file permissive=0
04-12 20:43:56.491984  2685  3014 I service_manager_slow: [11,wifi]
04-12 20:43:56.496156  2685  2685 I service_manager_slow: [12,tran_bootstrap_service_manager]
04-12 20:43:56.492000  2685  2685 I auditd  : type=1400 audit(0.0:325): avc:  denied  { read } for  comm="om.mediatek.ims" name="u:object_r:system_trancare_prop:s0" dev="tmpfs" ino=554 scontext=u:r:radio:s0 tcontext=u:object_r:system_trancare_prop:s0 tclass=file permissive=0
04-12 20:43:56.500000   556   556 I auditd  : type=1400 audit(0.0:326): avc:  denied  { read } for  comm="logd.writer" name="u:object_r:bluetooth_prop:s0" dev="tmpfs" ino=173 scontext=u:r:logd:s0 tcontext=u:object_r:bluetooth_prop:s0 tclass=file permissive=0
04-12 20:43:56.508000   556   556 I auditd  : type=1400 audit(0.0:327): avc:  denied  { read } for  comm="logd.writer" name="u:object_r:bluetooth_prop:s0" dev="tmpfs" ino=173 scontext=u:r:logd:s0 tcontext=u:object_r:bluetooth_prop:s0 tclass=file permissive=0
04-12 20:43:56.512000   556   556 I auditd  : type=1400 audit(0.0:328): avc:  denied  { read } for  comm="logd.writer" name="u:object_r:bluetooth_prop:s0" dev="tmpfs" ino=173 scontext=u:r:logd:s0 tcontext=u:object_r:bluetooth_prop:s0 tclass=file permissive=0
04-12 20:43:56.524000   556   556 I auditd  : type=1400 audit(0.0:329): avc:  denied  { read } for  comm="logd.writer" name="u:object_r:bluetooth_prop:s0" dev="tmpfs" ino=173 scontext=u:r:logd:s0 tcontext=u:object_r:bluetooth_prop:s0 tclass=file permissive=0
04-12 20:43:56.532000   556   556 I auditd  : type=1400 audit(0.0:330): avc:  denied  { read } for  comm="logd.writer" name="u:object_r:bluetooth_prop:s0" dev="tmpfs" ino=173 scontext=u:r:logd:s0 tcontext=u:object_r:bluetooth_prop:s0 tclass=file permissive=0
04-12 20:43:56.532000   556   556 I auditd  : type=1400 audit(0.0:331): avc:  denied  { read } for  comm="logd.writer" name="u:object_r:bluetooth_prop:s0" dev="tmpfs" ino=173 scontext=u:r:logd:s0 tcontext=u:object_r:bluetooth_prop:s0 tclass=file permissive=0
04-12 20:43:56.532000   556   556 I auditd  : type=1400 audit(0.0:332): avc:  denied  { read } for  comm="logd.writer" name="u:object_r:bluetooth_prop:s0" dev="tmpfs" ino=173 scontext=u:r:logd:s0 tcontext=u:object_r:bluetooth_prop:s0 tclass=file permissive=0
04-12 20:43:56.532000   556   556 I auditd  : type=1400 audit(0.0:333): avc:  denied  { read } for  comm="logd.writer" name="u:object_r:bluetooth_prop:s0" dev="tmpfs" ino=173 scontext=u:r:logd:s0 tcontext=u:object_r:bluetooth_prop:s0 tclass=file permissive=0
04-12 20:43:56.532000   556   556 I auditd  : type=1400 audit(0.0:334): avc:  denied  { read } for  comm="logd.writer" name="u:object_r:bluetooth_prop:s0" dev="tmpfs" ino=173 scontext=u:r:logd:s0 tcontext=u:object_r:bluetooth_prop:s0 tclass=file permissive=0
04-12 20:43:56.536000   556   556 I auditd  : type=1400 audit(0.0:335): avc:  denied  { read } for  comm="logd.writer" name="u:object_r:bluetooth_prop:s0" dev="tmpfs" ino=173 scontext=u:r:logd:s0 tcontext=u:object_r:bluetooth_prop:s0 tclass=file permissive=0
04-12 20:43:56.564880  2431  2431 I wm_on_create_called: [88257560,com.android.launcher3.uioverrides.QuickstepLauncher,performCreate,333]
04-12 20:43:56.566916  2431  2431 I wm_on_start_called: [88257560,com.android.launcher3.uioverrides.QuickstepLauncher,handleStartActivity,2]
04-12 20:43:56.568736  2431  2431 I wm_on_resume_called: [88257560,com.android.launcher3.uioverrides.QuickstepLauncher,RESUME_ACTIVITY,1]
04-12 20:43:56.595376  1744  2535 I wm_task_created: 3
04-12 20:43:56.599129  1744  1941 I am_proc_start: [0,3107,1000,com.android.settings,broadcast,{com.android.settings/com.transsion.settings.network.telephony.TranDataSwitchNotification},caller=com.android.phone/1001,action = android.intent.action.ACTION_DEFAULT_DATA_SUBSCRIPTION_CHANGED]
04-12 20:43:56.602060  1744  2488 I wm_task_created: 4
04-12 20:43:56.627221  1744  2488 I wm_task_created: 5
04-12 20:43:56.636114  1744  1846 I am_proc_bound: [0,3107,com.android.settings]
04-12 20:43:56.636777  1744  1907 I input_focus: [Focus request c046a19 com.transsion.launcher3/com.android.launcher3.uioverrides.QuickstepLauncher,reason=UpdateInputWindows]
04-12 20:43:56.637674  1744  1907 I wm_wallpaper_surface: [0,1,Window{c046a19 u0 com.transsion.launcher3/com.android.launcher3.uioverrides.QuickstepLauncher}]
04-12 20:43:56.652000  3107  3107 I auditd  : type=1400 audit(0.0:336): avc:  denied  { read write } for  comm="re-initialized>" name="ensignal" dev="tmpfs" ino=2080 scontext=u:r:system_app:s0 tcontext=u:object_r:ensignal_device:s0 tclass=chr_file permissive=0
04-12 20:43:56.667047  2431  2431 I viewroot_draw_event: [VRI[QuickstepLauncher],reportDrawFinished seqId=0]
04-12 20:43:56.667486  2431  2431 I wm_on_top_resumed_gained_called: [88257560,com.android.launcher3.uioverrides.QuickstepLauncher,topStateChangedWhenResumed]
04-12 20:43:56.652000  3107  3107 I auditd  : type=1400 audit(0.0:337): avc:  denied  { read write } for  comm="re-initialized>" name="ensignal" dev="tmpfs" ino=2080 scontext=u:r:system_app:s0 tcontext=u:object_r:ensignal_device:s0 tclass=chr_file permissive=0
04-12 20:43:56.692000  2728  2728 I auditd  : type=1400 audit(0.0:338): avc:  denied  { watch watch_reads } for  comm="on.tranradionet" path="/system_ext/etc/vconfig/celluar/ussd_balance.json" dev="dm-17" ino=29975961 scontext=u:r:system_app:s0 tcontext=u:object_r:system_file:s0 tclass=file permissive=0
04-12 20:43:56.703561  1744  1903 I sysui_multi_action: [319,0,322,890,325,19,757,761,758,7,759,3,806,com.transsion.launcher3,871,com.android.launcher3.uioverrides.QuickstepLauncher,905,0,945,256,1320,4,1321,23]
04-12 20:43:56.705873  1744  1903 I wm_activity_launch_time: [0,88257560,com.transsion.launcher3/com.android.launcher3.uioverrides.QuickstepLauncher,890]
04-12 20:43:56.711506  1744  1906 I boot_progress_enable_screen: 20503
04-12 20:43:56.716000  2738  2738 I auditd  : type=1400 audit(0.0:339): avc:  denied  { read } for  comm=4F6E65494420576F726B6572 name="u:object_r:vendor_security_patch_level_prop:s0" dev="tmpfs" ino=888 scontext=u:r:platform_app:s0:c512,c768 tcontext=u:object_r:vendor_security_patch_level_prop:s0 tclass=file permissive=0 app=com.android.systemui
04-12 20:43:56.728450  1744  1906 I screen_toggled: 1
04-12 20:43:56.729031  2853  3043 I viewroot_draw_event: [VRI[Tran_Float_Window_BG],Not drawing due to not visible. Reason=View.INVISIBLE]
04-12 20:43:56.768073  1744  1941 I dvm_lock_sample: [system_server,1,ActivityManager:procStart,8,ProcessList.java,2304,void com.android.server.am.ProcessList.lambda$handleProcessStart$1(com.android.server.am.ProcessRecord, java.lang.String, int[], int, int, int, java.lang.String, java.lang.String, java.lang.String, long),,0,null,1]
04-12 20:43:56.768194  1744  1941 I am_proc_start: [0,3172,1000,com.transsion.keyguardgesture,service,{com.transsion.microintelligence/com.transsion.keyguardgesture.service.KeyguardGestureService},caller=system/1000]
04-12 20:43:56.806779  2853  3042 I viewroot_draw_event: [VRI[Tran_Float_Window_BG],Not drawing due to not visible. Reason=View.INVISIBLE]
04-12 20:43:56.818276  1744  3085 I am_proc_bound: [0,3172,com.transsion.keyguardgesture]
04-12 20:43:56.841388  1744  2903 I wm_task_removed: [4,4,0,reParentTask:sanitizeAndApplyHierarchyOp]
04-12 20:43:56.843220  1744  2903 I wm_task_moved: [4,3,0,1,2147483647]
04-12 20:43:56.843266  1744  2903 I wm_task_removed: [5,5,0,reParentTask:sanitizeAndApplyHierarchyOp]
04-12 20:43:56.843454  1744  2903 I wm_task_moved: [5,3,0,1,2147483647]
04-12 20:43:56.820000  3172  3172 I auditd  : type=1400 audit(0.0:341): avc:  denied  { read write } for  comm="re-initialized>" name="ensignal" dev="tmpfs" ino=2080 scontext=u:r:system_app:s0 tcontext=u:object_r:ensignal_device:s0 tclass=chr_file permissive=0
04-12 20:43:56.855713  2738  2917 I viewroot_draw_event: [VRI[ShellDropTarget],Not drawing due to not visible. Reason=View.INVISIBLE]
04-12 20:43:56.876000  3107  3107 I auditd  : type=1400 audit(0.0:342): avc:  denied  { map } for  comm="ndroid.settings" path="/dev/__properties__/u:object_r:vendor_irtx_prop:s0" dev="tmpfs" ino=614 scontext=u:r:system_app:s0 tcontext=u:object_r:vendor_irtx_prop:s0 tclass=file permissive=0
04-12 20:43:56.876000  3107  3107 I auditd  : type=1400 audit(0.0:343): avc:  denied  { read } for  comm="ndroid.settings" name="u:object_r:qemu_hw_prop:s0" dev="tmpfs" ino=396 scontext=u:r:system_app:s0 tcontext=u:object_r:qemu_hw_prop:s0 tclass=file permissive=0
04-12 20:43:56.897019  2853  3042 I viewroot_draw_event: [VRI[Tran_Left_Window],Not drawing due to not visible. Reason=View.GONE]
04-12 20:43:56.903190  2853  3042 I viewroot_draw_event: [VRI[Tran_Right_Window],Not drawing due to not visible. Reason=View.GONE]
04-12 20:43:56.919322  2853  3042 I viewroot_draw_event: [VRI[Tran_Float_Window_Guide],Not drawing due to not visible. Reason=View.INVISIBLE]
04-12 20:43:56.880000  3172  3172 I auditd  : type=1400 audit(0.0:344): avc:  denied  { map } for  comm="keyguardgesture" path="/dev/__properties__/u:object_r:vendor_irtx_prop:s0" dev="tmpfs" ino=614 scontext=u:r:system_app:s0 tcontext=u:object_r:vendor_irtx_prop:s0 tclass=file permissive=0
04-12 20:43:56.880000  3172  3172 I auditd  : type=1400 audit(0.0:345): avc:  denied  { read } for  comm="keyguardgesture" name="u:object_r:qemu_hw_prop:s0" dev="tmpfs" ino=396 scontext=u:r:system_app:s0 tcontext=u:object_r:qemu_hw_prop:s0 tclass=file permissive=0
04-12 20:43:56.912000     1     1 I auditd  : type=1107 audit(0.0:346): uid=0 auid=4294967295 ses=4294967295 subj=u:r:init:s0 msg='avc:  denied  { set } for property=ro.tr_perf.aegean.cg.kernel.support pid=1397 uid=1013 gid=1005 scontext=u:r:mediaserver:s0 tcontext=u:object_r:default_prop:s0 tclass=property_service permissive=0'
04-12 20:43:56.940000  2868  2868 I auditd  : type=1400 audit(0.0:347): avc:  denied  { read } for  comm="tne_dumpstate" name="pl_lk" dev="proc" ino=4026532219 scontext=u:r:dumpstate:s0 tcontext=u:object_r:proc_pl_lk:s0 tclass=file permissive=0
04-12 20:43:56.945790  1744  1940 I am_wtf  : [0,1744,system_server,-1,ActivityManager,Background started FGS: Allowed [callingPackage: android; callingUid: 1000; uidState: PER ; uidBFSL: [BFSL]; intent: Intent { act=init xflg=0x4 cmp=com.transsion.microintelligence/com.transsion.keyguardgesture.service.KeyguardGestureService }; code:PROC_STATE_PERSISTENT; tempAllowListReason:<null>; allowWiu:10; targetSdkVersion:35; callerTargetSdkVersion:36; startForegroundCount:0; bindFromPackage:null: isBindService:false]]
04-12 20:43:56.946752  1744  2903 I am_foreground_service_start: [0,com.transsion.microintelligence/com.transsion.keyguardgesture.service.KeyguardGestureService,1,PROC_STATE_PERSISTENT,35,36,0,0,0,1,UNKNOWN,128]
04-12 20:43:56.944000  2868  2868 I auditd  : type=1400 audit(0.0:348): avc:  denied  { open } for  comm="tne_dumpstate" path="/proc/uid_io/stats" dev="proc" ino=4026531866 scontext=u:r:dumpstate:s0 tcontext=u:object_r:proc_uid_io_stats:s0 tclass=file permissive=0
04-12 20:43:56.955752  1744  2228 I notification_cancel_all: [1000,1744,com.transsion.microintelligence,0,0,0,17,NULL]
04-12 20:43:56.955807  1744  2228 I notification_cancel_all: [1000,1744,com.transsion.microintelligence,0,0,0,17,NULL]
04-12 20:43:56.990958  1744  1940 I am_uid_running: 10274
04-12 20:43:56.996000   556   556 I auditd  : type=1400 audit(0.0:349): avc:  denied  { read } for  comm="logd.writer" name="u:object_r:bluetooth_prop:s0" dev="tmpfs" ino=173 scontext=u:r:logd:s0 tcontext=u:object_r:bluetooth_prop:s0 tclass=file permissive=0
04-12 20:43:56.996000   556   556 I auditd  : type=1400 audit(0.0:350): avc:  denied  { read } for  comm="logd.writer" name="u:object_r:bluetooth_prop:s0" dev="tmpfs" ino=173 scontext=u:r:logd:s0 tcontext=u:object_r:bluetooth_prop:s0 tclass=file permissive=0
04-12 20:43:56.996000   556   556 I auditd  : type=1400 audit(0.0:351): avc:  denied  { read } for  comm="logd.writer" name="u:object_r:bluetooth_prop:s0" dev="tmpfs" ino=173 scontext=u:r:logd:s0 tcontext=u:object_r:bluetooth_prop:s0 tclass=file permissive=0
04-12 20:43:57.009446  1744  1941 I am_proc_start: [0,3249,10274,com.google.android.cellbroadcastreceiver,broadcast,{com.google.android.cellbroadcastreceiver/com.android.cellbroadcastreceiver.CellBroadcastReceiver},caller=com.android.phone/1001,action = android.telephony.action.DEFAULT_SMS_SUBSCRIPTION_CHANGED]
04-12 20:43:57.008000   556   556 I auditd  : type=1400 audit(0.0:352): avc:  denied  { read } for  comm="logd.writer" name="u:object_r:bluetooth_prop:s0" dev="tmpfs" ino=173 scontext=u:r:logd:s0 tcontext=u:object_r:bluetooth_prop:s0 tclass=file permissive=0
04-12 20:43:57.031261  1744  3085 I am_proc_bound: [0,3249,com.google.android.cellbroadcastreceiver]
04-12 20:43:57.040000  3249  3249 I auditd  : type=1400 audit(0.0:353): avc:  denied  { read write } for  comm="re-initialized>" name="ensignal" dev="tmpfs" ino=2080 scontext=u:r:priv_app:s0:c512,c768 tcontext=u:object_r:ensignal_device:s0 tclass=chr_file permissive=0 app=com.google.android.cellbroadcastreceiver
04-12 20:43:57.040000  3249  3249 I auditd  : type=1400 audit(0.0:354): avc:  denied  { read write } for  comm="re-initialized>" name="ensignal" dev="tmpfs" ino=2080 scontext=u:r:priv_app:s0:c512,c768 tcontext=u:object_r:ensignal_device:s0 tclass=chr_file permissive=0 app=com.google.android.cellbroadcastreceiver
04-12 20:43:57.060000   556   556 I auditd  : type=1400 audit(0.0:355): avc:  denied  { read } for  comm="logd.writer" name="u:object_r:bluetooth_prop:s0" dev="tmpfs" ino=173 scontext=u:r:logd:s0 tcontext=u:object_r:bluetooth_prop:s0 tclass=file permissive=0
04-12 20:43:57.064000   556   556 I auditd  : type=1400 audit(0.0:356): avc:  denied  { read } for  comm="logd.writer" name="u:object_r:bluetooth_prop:s0" dev="tmpfs" ino=173 scontext=u:r:logd:s0 tcontext=u:object_r:bluetooth_prop:s0 tclass=file permissive=0
04-12 20:43:57.068000   556   556 I auditd  : type=1400 audit(0.0:357): avc:  denied  { read } for  comm="logd.writer" name="u:object_r:bluetooth_prop:s0" dev="tmpfs" ino=173 scontext=u:r:logd:s0 tcontext=u:object_r:bluetooth_prop:s0 tclass=file permissive=0
04-12 20:43:57.068000   556   556 I auditd  : type=1400 audit(0.0:358): avc:  denied  { read } for  comm="logd.writer" name="u:object_r:bluetooth_prop:s0" dev="tmpfs" ino=173 scontext=u:r:logd:s0 tcontext=u:object_r:bluetooth_prop:s0 tclass=file permissive=0
04-12 20:43:57.068000   556   556 I auditd  : type=1400 audit(0.0:359): avc:  denied  { read } for  comm="logd.writer" name="u:object_r:bluetooth_prop:s0" dev="tmpfs" ino=173 scontext=u:r:logd:s0 tcontext=u:object_r:bluetooth_prop:s0 tclass=file permissive=0
04-12 20:43:57.068000   556   556 I auditd  : type=1400 audit(0.0:360): avc:  denied  { read } for  comm="logd.writer" name="u:object_r:bluetooth_prop:s0" dev="tmpfs" ino=173 scontext=u:r:logd:s0 tcontext=u:object_r:bluetooth_prop:s0 tclass=file permissive=0
04-12 20:43:57.068000   556   556 I auditd  : type=1400 audit(0.0:361): avc:  denied  { read } for  comm="logd.writer" name="u:object_r:bluetooth_prop:s0" dev="tmpfs" ino=173 scontext=u:r:logd:s0 tcontext=u:object_r:bluetooth_prop:s0 tclass=file permissive=0
04-12 20:43:57.068000   556   556 I auditd  : type=1400 audit(0.0:362): avc:  denied  { read } for  comm="logd.writer" name="u:object_r:bluetooth_prop:s0" dev="tmpfs" ino=173 scontext=u:r:logd:s0 tcontext=u:object_r:bluetooth_prop:s0 tclass=file permissive=0
04-12 20:43:57.072000   556   556 I auditd  : type=1400 audit(0.0:363): avc:  denied  { read } for  comm="logd.writer" name="u:object_r:bluetooth_prop:s0" dev="tmpfs" ino=173 scontext=u:r:logd:s0 tcontext=u:object_r:bluetooth_prop:s0 tclass=file permissive=0
04-12 20:43:57.072000   556   556 I auditd  : type=1400 audit(0.0:364): avc:  denied  { read } for  comm="logd.writer" name="u:object_r:bluetooth_prop:s0" dev="tmpfs" ino=173 scontext=u:r:logd:s0 tcontext=u:object_r:bluetooth_prop:s0 tclass=file permissive=0
04-12 20:43:57.072000   556   556 I auditd  : type=1400 audit(0.0:365): avc:  denied  { read } for  comm="logd.writer" name="u:object_r:bluetooth_prop:s0" dev="tmpfs" ino=173 scontext=u:r:logd:s0 tcontext=u:object_r:bluetooth_prop:s0 tclass=file permissive=0
04-12 20:43:57.072000   556   556 I auditd  : type=1400 audit(0.0:366): avc:  denied  { read } for  comm="logd.writer" name="u:object_r:bluetooth_prop:s0" dev="tmpfs" ino=173 scontext=u:r:logd:s0 tcontext=u:object_r:bluetooth_prop:s0 tclass=file permissive=0
04-12 20:43:57.072000   556   556 I auditd  : type=1400 audit(0.0:367): avc:  denied  { read } for  comm="logd.writer" name="u:object_r:bluetooth_prop:s0" dev="tmpfs" ino=173 scontext=u:r:logd:s0 tcontext=u:object_r:bluetooth_prop:s0 tclass=file permissive=0
04-12 20:43:57.095096  1744  2903 I wm_set_requested_orientation: [5,com.transsion.launcher3/com.android.launcher3.uioverrides.QuickstepLauncher]
04-12 20:43:57.100000   556   556 I auditd  : type=1400 audit(0.0:368): avc:  denied  { read } for  comm="logd.writer" name="u:object_r:bluetooth_prop:s0" dev="tmpfs" ino=173 scontext=u:r:logd:s0 tcontext=u:object_r:bluetooth_prop:s0 tclass=file permissive=0
04-12 20:43:57.100000   556   556 I auditd  : type=1400 audit(0.0:369): avc:  denied  { read } for  comm="logd.writer" name="u:object_r:bluetooth_prop:s0" dev="tmpfs" ino=173 scontext=u:r:logd:s0 tcontext=u:object_r:bluetooth_prop:s0 tclass=file permissive=0
04-12 20:43:57.112000  2644  2644 I auditd  : type=1400 audit(0.0:370): avc:  denied  { read } for  comm="droid.bluetooth" name="u:object_r:transsion_vendor_prop:s0" dev="tmpfs" ino=588 scontext=u:r:bluetooth:s0 tcontext=u:object_r:transsion_vendor_prop:s0 tclass=file permissive=0
04-12 20:43:57.112000  2644  2644 I auditd  : type=1400 audit(0.0:371): avc:  denied  { read } for  comm="droid.bluetooth" name="u:object_r:vendor_irtx_prop:s0" dev="tmpfs" ino=614 scontext=u:r:bluetooth:s0 tcontext=u:object_r:vendor_irtx_prop:s0 tclass=file permissive=0
04-12 20:43:57.112000  2644  2644 I auditd  : type=1400 audit(0.0:372): avc:  denied  { read } for  comm="droid.bluetooth" name="u:object_r:qemu_hw_prop:s0" dev="tmpfs" ino=396 scontext=u:r:bluetooth:s0 tcontext=u:object_r:qemu_hw_prop:s0 tclass=file permissive=0
04-12 20:43:57.116000   556   556 I auditd  : type=1400 audit(0.0:373): avc:  denied  { read } for  comm="logd.writer" name="u:object_r:bluetooth_prop:s0" dev="tmpfs" ino=173 scontext=u:r:logd:s0 tcontext=u:object_r:bluetooth_prop:s0 tclass=file permissive=0
04-12 20:43:57.128291  3172  3172 I viewroot_draw_event: [VRI[],Not drawing due to not visible. Reason=View.GONE]
04-12 20:43:57.129389  1744  2228 I notification_cancel_all: [1000,1744,com.transsion.microintelligence,0,0,0,17,NULL]
04-12 20:43:57.129438  1744  2228 I notification_cancel_all: [1000,1744,com.transsion.microintelligence,0,0,0,17,NULL]
04-12 20:43:57.162416  1744  2228 I notification_cancel_all: [1000,1744,com.transsion.microintelligence,0,0,0,17,NULL]
04-12 20:43:57.163003  1744  2228 I notification_cancel_all: [1000,1744,com.transsion.microintelligence,0,0,0,17,NULL]
04-12 20:43:57.164000   556   556 I auditd  : type=1400 audit(0.0:375): avc:  denied  { read } for  comm="logd.writer" name="u:object_r:bluetooth_prop:s0" dev="tmpfs" ino=173 scontext=u:r:logd:s0 tcontext=u:object_r:bluetooth_prop:s0 tclass=file permissive=0
04-12 20:43:57.164000   556   556 I auditd  : type=1400 audit(0.0:376): avc:  denied  { read } for  comm="logd.writer" name="u:object_r:bluetooth_prop:s0" dev="tmpfs" ino=173 scontext=u:r:logd:s0 tcontext=u:object_r:bluetooth_prop:s0 tclass=file permissive=0
04-12 20:43:57.164000   556   556 I auditd  : type=1400 audit(0.0:377): avc:  denied  { read } for  comm="logd.writer" name="u:object_r:bluetooth_prop:s0" dev="tmpfs" ino=173 scontext=u:r:logd:s0 tcontext=u:object_r:bluetooth_prop:s0 tclass=file permissive=0
04-12 20:43:57.168000   556   556 I auditd  : type=1400 audit(0.0:378): avc:  denied  { read } for  comm="logd.writer" name="u:object_r:bluetooth_prop:s0" dev="tmpfs" ino=173 scontext=u:r:logd:s0 tcontext=u:object_r:bluetooth_prop:s0 tclass=file permissive=0
04-12 20:43:57.172000   556   556 I auditd  : type=1400 audit(0.0:379): avc:  denied  { read } for  comm="logd.writer" name="u:object_r:bluetooth_prop:s0" dev="tmpfs" ino=173 scontext=u:r:logd:s0 tcontext=u:object_r:bluetooth_prop:s0 tclass=file permissive=0
04-12 20:43:57.176000   556   556 I auditd  : type=1400 audit(0.0:380): avc:  denied  { read } for  comm="logd.writer" name="u:object_r:bluetooth_prop:s0" dev="tmpfs" ino=173 scontext=u:r:logd:s0 tcontext=u:object_r:bluetooth_prop:s0 tclass=file permissive=0
04-12 20:43:57.176000   556   556 I auditd  : type=1400 audit(0.0:381): avc:  denied  { read } for  comm="logd.writer" name="u:object_r:bluetooth_prop:s0" dev="tmpfs" ino=173 scontext=u:r:logd:s0 tcontext=u:object_r:bluetooth_prop:s0 tclass=file permissive=0
04-12 20:43:57.176000   556   556 I auditd  : type=1400 audit(0.0:382): avc:  denied  { read } for  comm="logd.writer" name="u:object_r:bluetooth_prop:s0" dev="tmpfs" ino=173 scontext=u:r:logd:s0 tcontext=u:object_r:bluetooth_prop:s0 tclass=file permissive=0
04-12 20:43:57.176000   556   556 I auditd  : type=1400 audit(0.0:383): avc:  denied  { read } for  comm="logd.writer" name="u:object_r:bluetooth_prop:s0" dev="tmpfs" ino=173 scontext=u:r:logd:s0 tcontext=u:object_r:bluetooth_prop:s0 tclass=file permissive=0
04-12 20:43:57.176000   556   556 I auditd  : type=1400 audit(0.0:384): avc:  denied  { read } for  comm="logd.writer" name="u:object_r:bluetooth_prop:s0" dev="tmpfs" ino=173 scontext=u:r:logd:s0 tcontext=u:object_r:bluetooth_prop:s0 tclass=file permissive=0
04-12 20:43:57.184000   556   556 I auditd  : type=1400 audit(0.0:385): avc:  denied  { read } for  comm="logd.writer" name="u:object_r:bluetooth_prop:s0" dev="tmpfs" ino=173 scontext=u:r:logd:s0 tcontext=u:object_r:bluetooth_prop:s0 tclass=file permissive=0
04-12 20:43:57.184000   556   556 I auditd  : type=1400 audit(0.0:386): avc:  denied  { read } for  comm="logd.writer" name="u:object_r:bluetooth_prop:s0" dev="tmpfs" ino=173 scontext=u:r:logd:s0 tcontext=u:object_r:bluetooth_prop:s0 tclass=file permissive=0
04-12 20:43:57.184000   556   556 I auditd  : type=1400 audit(0.0:387): avc:  denied  { read } for  comm="logd.writer" name="u:object_r:bluetooth_prop:s0" dev="tmpfs" ino=173 scontext=u:r:logd:s0 tcontext=u:object_r:bluetooth_prop:s0 tclass=file permissive=0
04-12 20:43:57.211199  1744  1905 I commit_sys_config_file: [notification-policy,6]
04-12 20:43:57.216000   556   556 I auditd  : type=1400 audit(0.0:388): avc:  denied  { read } for  comm="logd.writer" name="u:object_r:bluetooth_prop:s0" dev="tmpfs" ino=173 scontext=u:r:logd:s0 tcontext=u:object_r:bluetooth_prop:s0 tclass=file permissive=0
04-12 20:43:57.233416   561   561 I auditd  : avc:  denied  { add } for pid=2665 uid=1001 name=gwsdtest scontext=u:r:radio:s0 tcontext=u:object_r:default_android_service:s0 tclass=service_manager permissive=0
04-12 20:43:57.256000   556   556 I auditd  : type=1400 audit(0.0:389): avc:  denied  { read } for  comm="logd.writer" name="u:object_r:bluetooth_prop:s0" dev="tmpfs" ino=173 scontext=u:r:logd:s0 tcontext=u:object_r:bluetooth_prop:s0 tclass=file permissive=0
04-12 20:43:57.276000   556   556 I auditd  : type=1400 audit(0.0:390): avc:  denied  { read } for  comm="logd.writer" name="u:object_r:bluetooth_prop:s0" dev="tmpfs" ino=173 scontext=u:r:logd:s0 tcontext=u:object_r:bluetooth_prop:s0 tclass=file permissive=0
04-12 20:43:57.276000   556   556 I auditd  : type=1400 audit(0.0:391): avc:  denied  { read } for  comm="logd.writer" name="u:object_r:bluetooth_prop:s0" dev="tmpfs" ino=173 scontext=u:r:logd:s0 tcontext=u:object_r:bluetooth_prop:s0 tclass=file permissive=0
04-12 20:43:57.280000   556   556 I auditd  : type=1400 audit(0.0:392): avc:  denied  { read } for  comm="logd.writer" name="u:object_r:bluetooth_prop:s0" dev="tmpfs" ino=173 scontext=u:r:logd:s0 tcontext=u:object_r:bluetooth_prop:s0 tclass=file permissive=0
04-12 20:43:57.296000   556   556 I auditd  : type=1400 audit(0.0:393): avc:  denied  { read } for  comm="logd.writer" name="u:object_r:bluetooth_prop:s0" dev="tmpfs" ino=173 scontext=u:r:logd:s0 tcontext=u:object_r:bluetooth_prop:s0 tclass=file permissive=0
04-12 20:43:57.296000   556   556 I auditd  : type=1400 audit(0.0:394): avc:  denied  { read } for  comm="logd.writer" name="u:object_r:bluetooth_prop:s0" dev="tmpfs" ino=173 scontext=u:r:logd:s0 tcontext=u:object_r:bluetooth_prop:s0 tclass=file permissive=0
04-12 20:43:57.296000   556   556 I auditd  : type=1400 audit(0.0:395): avc:  denied  { read } for  comm="logd.writer" name="u:object_r:bluetooth_prop:s0" dev="tmpfs" ino=173 scontext=u:r:logd:s0 tcontext=u:object_r:bluetooth_prop:s0 tclass=file permissive=0
04-12 20:43:57.313260  1744  1744 I dvm_lock_sample: [system_server,1,main,92,DeviceIdleJobsController.java,108,void com.android.server.job.controllers.DeviceIdleJobsController$1.onReceive(android.content.Context, android.content.Intent),QuotaController.java,3010,void com.android.server.job.controllers.QuotaController$QcHandler.handleMessage(android.os.Message),18]
04-12 20:43:57.312000   556   556 I auditd  : type=1400 audit(0.0:396): avc:  denied  { read } for  comm="logd.writer" name="u:object_r:bluetooth_prop:s0" dev="tmpfs" ino=173 scontext=u:r:logd:s0 tcontext=u:object_r:bluetooth_prop:s0 tclass=file permissive=0
04-12 20:43:57.320000   556   556 I auditd  : type=1400 audit(0.0:397): avc:  denied  { read } for  comm="logd.writer" name="u:object_r:bluetooth_prop:s0" dev="tmpfs" ino=173 scontext=u:r:logd:s0 tcontext=u:object_r:bluetooth_prop:s0 tclass=file permissive=0
04-12 20:43:57.323147  1744  1940 I am_uid_running: 10232
04-12 20:43:57.320000   556   556 I auditd  : type=1400 audit(0.0:398): avc:  denied  { read } for  comm="logd.writer" name="u:object_r:bluetooth_prop:s0" dev="tmpfs" ino=173 scontext=u:r:logd:s0 tcontext=u:object_r:bluetooth_prop:s0 tclass=file permissive=0
04-12 20:43:57.320000   556   556 I auditd  : type=1400 audit(0.0:399): avc:  denied  { read } for  comm="logd.writer" name="u:object_r:bluetooth_prop:s0" dev="tmpfs" ino=173 scontext=u:r:logd:s0 tcontext=u:object_r:bluetooth_prop:s0 tclass=file permissive=0
04-12 20:43:57.320000   556   556 I auditd  : type=1400 audit(0.0:400): avc:  denied  { read } for  comm="logd.writer" name="u:object_r:bluetooth_prop:s0" dev="tmpfs" ino=173 scontext=u:r:logd:s0 tcontext=u:object_r:bluetooth_prop:s0 tclass=file permissive=0
04-12 20:43:57.349811  1744  1941 I am_proc_start: [0,2434,10232,com.google.android.gms.persistent,broadcast,{com.google.android.gms/com.google.android.gms.chimera.GmsIntentOperationService$PersistentTrustedReceiver},caller=com.android.bluetooth/1002,action = android.bluetooth.headset.profile.action.ACTIVE_DEVICE_CHANGED]
04-12 20:43:57.368000   556   556 I auditd  : type=1400 audit(0.0:401): avc:  denied  { read } for  comm="logd.writer" name="u:object_r:bluetooth_prop:s0" dev="tmpfs" ino=173 scontext=u:r:logd:s0 tcontext=u:object_r:bluetooth_prop:s0 tclass=file permissive=0
04-12 20:43:57.384981  1744  1846 I am_proc_bound: [0,2434,com.google.android.gms.persistent]
04-12 20:43:57.384000  2434  2434 I auditd  : type=1400 audit(0.0:402): avc:  denied  { read write } for  comm="re-initialized>" name="ensignal" dev="tmpfs" ino=2080 scontext=u:r:gmscore_app:s0:c512,c768 tcontext=u:object_r:ensignal_device:s0 tclass=chr_file permissive=0 app=com.google.android.gms
04-12 20:43:57.384000   556   556 I auditd  : type=1400 audit(0.0:403): avc:  denied  { read } for  comm="logd.writer" name="u:object_r:bluetooth_prop:s0" dev="tmpfs" ino=173 scontext=u:r:logd:s0 tcontext=u:object_r:bluetooth_prop:s0 tclass=file permissive=0
04-12 20:43:57.384000  2434  2434 I auditd  : type=1400 audit(0.0:404): avc:  denied  { read write } for  comm="re-initialized>" name="ensignal" dev="tmpfs" ino=2080 scontext=u:r:gmscore_app:s0:c512,c768 tcontext=u:object_r:ensignal_device:s0 tclass=chr_file permissive=0 app=com.google.android.gms
04-12 20:43:57.392000   556   556 I auditd  : type=1400 audit(0.0:405): avc:  denied  { read } for  comm="logd.writer" name="u:object_r:bluetooth_prop:s0" dev="tmpfs" ino=173 scontext=u:r:logd:s0 tcontext=u:object_r:bluetooth_prop:s0 tclass=file permissive=0
04-12 20:43:57.392000  2434  2434 I auditd  : type=1400 audit(0.0:406): avc:  denied  { search } for  comm="binder:2434_2" name="/" dev="sdc87" ino=2 scontext=u:r:gmscore_app:s0:c512,c768 tcontext=u:object_r:tranfs_file:s0 tclass=dir permissive=0 app=com.google.android.gms
04-12 20:43:57.392000   556   556 I auditd  : type=1400 audit(0.0:407): avc:  denied  { read } for  comm="logd.writer" name="u:object_r:bluetooth_prop:s0" dev="tmpfs" ino=173 scontext=u:r:logd:s0 tcontext=u:object_r:bluetooth_prop:s0 tclass=file permissive=0
04-12 20:43:57.408071  2665  2911 I dvm_lock_sample: [com.android.phone,0,DeviceStateHelperThread,1234,PhoneFactory.java,432,com.android.internal.telephony.Phone[] com.android.internal.telephony.PhoneFactory.getPhones(),-,510,com.android.internal.telephony.CommandsInterface[] com.android.internal.telephony.PhoneFactory.getCommandsInterfaces(),100]
04-12 20:43:57.404000   556   556 I auditd  : type=1400 audit(0.0:408): avc:  denied  { read } for  comm="logd.writer" name="u:object_r:bluetooth_prop:s0" dev="tmpfs" ino=173 scontext=u:r:logd:s0 tcontext=u:object_r:bluetooth_prop:s0 tclass=file permissive=0
04-12 20:43:57.404000   556   556 I auditd  : type=1400 audit(0.0:409): avc:  denied  { read } for  comm="logd.writer" name="u:object_r:bluetooth_prop:s0" dev="tmpfs" ino=173 scontext=u:r:logd:s0 tcontext=u:object_r:bluetooth_prop:s0 tclass=file permissive=0
04-12 20:43:57.413689  2665  3061 I dvm_lock_sample: [com.android.phone,0,Thread-2,895,PhoneFactory.java,509,com.android.internal.telephony.CommandsInterface[] com.android.internal.telephony.PhoneFactory.getCommandsInterfaces(),-,510,com.android.internal.telephony.CommandsInterface[] com.android.internal.telephony.PhoneFactory.getCommandsInterfaces(),100]
04-12 20:43:57.440000   556   556 I auditd  : type=1400 audit(0.0:410): avc:  denied  { read } for  comm="logd.writer" name="u:object_r:bluetooth_prop:s0" dev="tmpfs" ino=173 scontext=u:r:logd:s0 tcontext=u:object_r:bluetooth_prop:s0 tclass=file permissive=0
04-12 20:43:57.444000   556   556 I auditd  : type=1400 audit(0.0:411): avc:  denied  { read } for  comm="logd.writer" name="u:object_r:bluetooth_prop:s0" dev="tmpfs" ino=173 scontext=u:r:logd:s0 tcontext=u:object_r:bluetooth_prop:s0 tclass=file permissive=0
04-12 20:43:57.448000   556   556 I auditd  : type=1400 audit(0.0:412): avc:  denied  { read } for  comm="logd.writer" name="u:object_r:bluetooth_prop:s0" dev="tmpfs" ino=173 scontext=u:r:logd:s0 tcontext=u:object_r:bluetooth_prop:s0 tclass=file permissive=0
04-12 20:43:57.448000   556   556 I auditd  : type=1400 audit(0.0:413): avc:  denied  { read } for  comm="logd.writer" name="u:object_r:bluetooth_prop:s0" dev="tmpfs" ino=173 scontext=u:r:logd:s0 tcontext=u:object_r:bluetooth_prop:s0 tclass=file permissive=0
04-12 20:43:57.448000   556   556 I auditd  : type=1400 audit(0.0:414): avc:  denied  { read } for  comm="logd.writer" name="u:object_r:bluetooth_prop:s0" dev="tmpfs" ino=173 scontext=u:r:logd:s0 tcontext=u:object_r:bluetooth_prop:s0 tclass=file permissive=0
04-12 20:43:57.448000   556   556 I auditd  : type=1400 audit(0.0:415): avc:  denied  { read } for  comm="logd.writer" name="u:object_r:bluetooth_prop:s0" dev="tmpfs" ino=173 scontext=u:r:logd:s0 tcontext=u:object_r:bluetooth_prop:s0 tclass=file permissive=0
04-12 20:43:57.448000   556   556 I auditd  : type=1400 audit(0.0:416): avc:  denied  { read } for  comm="logd.writer" name="u:object_r:bluetooth_prop:s0" dev="tmpfs" ino=173 scontext=u:r:logd:s0 tcontext=u:object_r:bluetooth_prop:s0 tclass=file permissive=0
04-12 20:43:57.464524  2644  3392 I service_manager_slow: [12,phone]
04-12 20:43:57.464718  1744  2084 I commit_sys_config_file: [settings-0-0,14]
04-12 20:43:57.466048  1744  1940 I am_wtf  : [0,1744,system_server,-1,ActivityManager,Background started FGS: Allowed [callingPackage: com.android.phone; callingUid: 1001; uidState: PER ; uidBFSL: [BFSL]; intent: Intent { act=com.mediatek.simprocessor.SimProcessorService xflg=0x4 pkg=com.mediatek.simprocessor (has extras) }; code:PROC_STATE_PERSISTENT; tempAllowListReason:<,reasonCode:SYSTEM_ALLOW_LISTED,duration:9223372036854775807,callingUid:-1>; allowWiu:10; targetSdkVersion:36; callerTargetSdkVersion:36; startForegroundCount:0; bindFromPackage:null: isBindService:false]]
04-12 20:43:57.489762  1744  1941 I am_proc_start: [0,3405,1000,com.mediatek.simprocessor,service,{com.mediatek.simprocessor/com.mediatek.simprocessor.SimProcessorService},caller=com.android.phone/1001]
04-12 20:43:57.504000   556   556 I auditd  : type=1400 audit(0.0:417): avc:  denied  { read } for  comm="logd.writer" name="u:object_r:bluetooth_prop:s0" dev="tmpfs" ino=173 scontext=u:r:logd:s0 tcontext=u:object_r:bluetooth_prop:s0 tclass=file permissive=0
04-12 20:43:57.504000   556   556 I auditd  : type=1400 audit(0.0:418): avc:  denied  { read } for  comm="logd.writer" name="u:object_r:bluetooth_prop:s0" dev="tmpfs" ino=173 scontext=u:r:logd:s0 tcontext=u:object_r:bluetooth_prop:s0 tclass=file permissive=0
04-12 20:43:57.504000   556   556 I auditd  : type=1400 audit(0.0:419): avc:  denied  { read } for  comm="logd.writer" name="u:object_r:bluetooth_prop:s0" dev="tmpfs" ino=173 scontext=u:r:logd:s0 tcontext=u:object_r:bluetooth_prop:s0 tclass=file permissive=0
04-12 20:43:57.504000   556   556 I auditd  : type=1400 audit(0.0:420): avc:  denied  { read } for  comm="logd.writer" name="u:object_r:bluetooth_prop:s0" dev="tmpfs" ino=173 scontext=u:r:logd:s0 tcontext=u:object_r:bluetooth_prop:s0 tclass=file permissive=0
04-12 20:43:57.504000   556   556 I auditd  : type=1400 audit(0.0:421): avc:  denied  { read } for  comm="logd.writer" name="u:object_r:bluetooth_prop:s0" dev="tmpfs" ino=173 scontext=u:r:logd:s0 tcontext=u:object_r:bluetooth_prop:s0 tclass=file permissive=0
04-12 20:43:57.504000   556   556 I auditd  : type=1400 audit(0.0:422): avc:  denied  { read } for  comm="logd.writer" name="u:object_r:bluetooth_prop:s0" dev="tmpfs" ino=173 scontext=u:r:logd:s0 tcontext=u:object_r:bluetooth_prop:s0 tclass=file permissive=0
04-12 20:43:57.504000   556   556 I auditd  : type=1400 audit(0.0:423): avc:  denied  { read } for  comm="logd.writer" name="u:object_r:bluetooth_prop:s0" dev="tmpfs" ino=173 scontext=u:r:logd:s0 tcontext=u:object_r:bluetooth_prop:s0 tclass=file permissive=0
04-12 20:43:57.504000   556   556 I auditd  : type=1400 audit(0.0:424): avc:  denied  { read } for  comm="logd.writer" name="u:object_r:bluetooth_prop:s0" dev="tmpfs" ino=173 scontext=u:r:logd:s0 tcontext=u:object_r:bluetooth_prop:s0 tclass=file permissive=0
04-12 20:43:57.504000   556   556 I auditd  : type=1400 audit(0.0:425): avc:  denied  { read } for  comm="logd.writer" name="u:object_r:bluetooth_prop:s0" dev="tmpfs" ino=173 scontext=u:r:logd:s0 tcontext=u:object_r:bluetooth_prop:s0 tclass=file permissive=0
04-12 20:43:57.508000   556   556 I auditd  : type=1400 audit(0.0:426): avc:  denied  { read } for  comm="logd.writer" name="u:object_r:bluetooth_prop:s0" dev="tmpfs" ino=173 scontext=u:r:logd:s0 tcontext=u:object_r:bluetooth_prop:s0 tclass=file permissive=0
04-12 20:43:57.533362  1744  1843 I dvm_lock_sample: [system_server,1,binder:1744_1,37,BroadcastController.java,532,android.content.Intent com.android.server.am.BroadcastController.registerReceiverWithFeatureTraced(android.app.IApplicationThread, java.lang.String, java.lang.String, java.lang.String, android.content.IIntentReceiver, android.content.IntentFilter, java.lang.String, int, int),ProcessList.java,2306,void com.android.server.am.ProcessList.lambda$handleProcessStart$1(com.android.server.am.ProcessRecord, java.lang.String, int[], int, int, int, java.lang.String, java.lang.String, java.lang.String, long),7]
