04-12 20:43:57.081502  1744  1846 W TelephonyRegistry: Pid 2665 has exceeded half the number of permissible registered listeners. Now at 45
04-12 20:43:57.081630  2665  2665 D DIC-1   : register for satellite network callback
04-12 20:43:57.084609  2665  2665 D DIC-1   : Failed to get allowed network types: telephony service is null.
04-12 20:43:57.084862  2665  2665 D DIC-1   : Registered for preferred network type changes using Phone interface
04-12 20:43:57.084895  2665  2665 D DIC-1   : Registered for precise call state changes
04-12 20:43:57.085826  2665  2665 D DIC-1   : Settings observer registered for delay display settings
04-12 20:43:57.085914  2665  2665 D DIC-1   : MtkDisplayInfoController initialized with delay times: NR->LTE=30000ms, LTE->NR=0ms
04-12 20:43:57.085963  2665  2665 D DNC-1   : DataNetworkController created.
04-12 20:43:57.086164  1744  2921 W TelephonyRegistry: Pid 2665 has exceeded half the number of permissible registered listeners. Now at 46
04-12 20:43:57.086559  2665  2665 W CarrierConfigManager: Error getting config for subId -1 ICarrierConfigLoader is null
04-12 20:43:57.086599  2665  2665 W CarrierConfigManager: CarrierConfigLoader is not available.
04-12 20:43:57.087754  2665  2665 W CarrierConfigManager: Error getting config for subId -1 ICarrierConfigLoader is null
04-12 20:43:57.087782  2665  2665 W CarrierConfigManager: CarrierConfigLoader is not available.
04-12 20:43:57.088055  2665  2665 W CarrierConfigManager: Error getting config for subId -1 ICarrierConfigLoader is null
04-12 20:43:57.088437  2665  2665 W CarrierConfigManager: CarrierConfigLoader is not available.
04-12 20:43:57.089943  2665  2665 W CarrierConfigManager: Error getting config for subId -1 ICarrierConfigLoader is null
04-12 20:43:57.089985  2665  2665 W CarrierConfigManager: CarrierConfigLoader is not available.
04-12 20:43:57.094401  1744  2925 W TelephonyRegistry: Pid 2665 has exceeded half the number of permissible registered listeners. Now at 47
04-12 20:43:57.094948  2665  2665 W CarrierConfigManager: Error getting config for subId -1 ICarrierConfigLoader is null
04-12 20:43:57.095008  2665  2665 W CarrierConfigManager: CarrierConfigLoader is not available.
04-12 20:43:57.099015  2665  2665 W CarrierConfigManager: Error getting config for subId -1 ICarrierConfigLoader is null
04-12 20:43:57.099107  2665  2665 W CarrierConfigManager: CarrierConfigLoader is not available.
04-12 20:43:57.101856  2665  2665 W CarrierConfigManager: Error getting config for subId -1 ICarrierConfigLoader is null
04-12 20:43:57.101904  2665  2665 W CarrierConfigManager: CarrierConfigLoader is not available.
04-12 20:43:57.102588  2665  2665 W CarrierConfigManager: Error getting config for subId -1 ICarrierConfigLoader is null
04-12 20:43:57.102618  2665  2665 W CarrierConfigManager: CarrierConfigLoader is not available.
04-12 20:43:57.106404  2665  2665 D DCM-1   : DataConfigManager created.
04-12 20:43:57.114785  2665  2665 W CarrierConfigManager: Error getting config for subId -1 ICarrierConfigLoader is null
04-12 20:43:57.118037  2665  2665 E DCM-1   : updateDataRetryRules: Retry interval should not be less than 0. mRetryIntervalsMillis=[0]
04-12 20:43:57.118365  2665  2665 D MtkDCM  : DCM-1: updateVolteIOTConfig: mVolteIotFirewall false
04-12 20:43:57.118382  2665  2665 D DCM-1   : Carrier config updated. Config is not carrier specific.
04-12 20:43:57.118497  2665  2665 D DSMGR-1 : DataSettingsManager created.
04-12 20:43:57.119288  1744  2925 W TelephonyRegistry: Pid 2665 has exceeded half the number of permissible registered listeners. Now at 49
04-12 20:43:57.119313  1744  2925 D TelephonyRegistry: listen oscl: mHasNotifySubscriptionInfoChangedOccurred==false no callback
04-12 20:43:57.119545  2665  2665 D DSRM-1  : DataStallRecoveryManager created.
04-12 20:43:57.119625  2665  2665 D DSRM-1  : Enabled actions is null
04-12 20:43:57.119632  2665  2665 D DSRM-1  : Duration millis is null
04-12 20:43:57.124727  2665  2665 D CarrierResolver: Creating CarrierResolver[1]
04-12 20:43:57.130014  1744  2021 W TelephonyRegistry: Pid 2665 has exceeded half the number of permissible registered listeners. Now at 50
04-12 20:43:57.131261  2665  3307 W CarrierConfigManager: Error getting config for subId -1 ICarrierConfigLoader is null
04-12 20:43:57.131292  2665  3307 W CarrierConfigManager: CarrierConfigLoader is not available.
04-12 20:43:57.131451  2665  2665 D MTKSST  : [GsmSST1] notifyVoiceRegStateRilRadioTechnologyChanged: vrs=1 rat=0
04-12 20:43:57.137813  1744  2699 W TelephonyRegistry: Pid 2665 has exceeded half the number of permissible registered listeners. Now at 51
04-12 20:43:57.138841  2665  2665 I GsmCdmaPhone: [1] updateTtyMode ttyMode=0
04-12 20:43:57.141490  2665  2665 I RILJ    : [0041]> SET_TTY_MODE ttyMode = 0 [PHONE1]
04-12 20:43:57.143048  2665  2665 I GsmCdmaPhone: [1] updateUiTtyMode ttyMode=0
04-12 20:43:57.143109  2665  2665 D CallManager: registerPhone(GSM Handler (com.mediatek.internal.telephony.MtkGsmCdmaPhone) {9f843d1})
04-12 20:43:57.143689  1342  1838 D RmmCCReqHandler: [1] MIPC_CALL_SET_TTY_MODE_REQ 0
04-12 20:43:57.143788  1342  1838 I AT      : SEND MSGID=093d [CALL_SET_TTY_MODE_REQ], TXID=016b [RFXSender_14], DUMP=841954240000000002003D096B0108000001010000000000
04-12 20:43:57.144419  1744  2925 W TelephonyRegistry: Pid 2665 has exceeded half the number of permissible registered listeners. Now at 52
04-12 20:43:57.145429  1744  2925 D TelephonyRegistry: listen oscl: mHasNotifySubscriptionInfoChangedOccurred==false no callback
04-12 20:43:57.146776  2665  2665 D MtkGsmCdmaPhone: constructor: sub = 1
04-12 20:43:57.146836  2665  2665 D SelfActivationDefault: init
04-12 20:43:57.147755  2665  2665 I RILJ    : [0042]> VOICE_RADIO_TECH [PHONE1]
04-12 20:43:57.148137  2665  2680 I RILJ    : [0042]< VOICE_RADIO_TECH {1} [PHONE1]
04-12 20:43:57.150560  1342  1740 I AT      : RECV MSGID=093e [CALL_SET_TTY_MODE_CNF], TXID=016b, DUMP=841954240000000002023E096B0108000000040000000000
04-12 20:43:57.156755  2665  2680 I RILJ    : [0041]< SET_TTY_MODE  [PHONE1]
04-12 20:43:57.178497  2665  2665 I PhoneFactory: defaultSmsApplication: com.transsion.smartmessage
04-12 20:43:57.188921  2665  2665 D SuppServManager: Create MtkSuppServManager singleton instance, phones.length = 2
04-12 20:43:57.188931  2665  2665 D SuppServManager: Initialize MtkSuppServManager!
04-12 20:43:57.190762  2665  2665 D MtkSuppServHelper: [0]MtkSuppServHelper init done.
04-12 20:43:57.192541  2665  2665 D MtkSuppServHelper: [1]MtkSuppServHelper init done.
04-12 20:43:57.192564  2665  2665 D SmartDataSwitch: SmartDataSwitchAssistant is created
04-12 20:43:57.192572  2665  2665 D SmartDataSwitch: registerEvents
04-12 20:43:57.192575  2665  2665 D SmartDataSwitch: init done
04-12 20:43:57.192582  2665  2665 D SmartDataSwitch: makeSDSA: X sSDSA =Handler (com.mediatek.internal.telephony.datasub.SmartDataSwitchAssistant) {124163c}
04-12 20:43:57.192798  2665  2665 D MtkTelephonyComponentFactory: not found VoData library
04-12 20:43:57.219036  2665  2665 D MtkTelephonyComponentFactory: class = class com.mediatek.gwsd.service.GwsdService
04-12 20:43:57.219197  2665  2665 D GwsdService: getInstance: com.android.phone.PhoneGlobals@98befc5
04-12 20:43:57.219231  2665  2665 D GwsdService: GwsdService constructor
04-12 20:43:57.222376  2665  2665 D GwsdService: phone count2
04-12 20:43:57.223085  2665  2665 D GwsdModeController0: constructor
04-12 20:43:57.223240  2665  3337 D GwsdModeController0: []enter
04-12 20:43:57.223310  2665  3337 D GwsdModeController0: [InacviceState]enter
04-12 20:43:57.224861  2665  2665 D GwsdModeController1: constructor
04-12 20:43:57.224942  2665  3338 D GwsdModeController1: []enter
04-12 20:43:57.224958  2665  3338 D GwsdModeController1: [InacviceState]enter
04-12 20:43:57.234025  2665  2665 E MtkTelephonyComponentFactory: java.lang.reflect.InvocationTargetException
04-12 20:43:57.234025  2665  2665 E MtkTelephonyComponentFactory: 	at java.lang.reflect.Method.invoke(Native Method)
04-12 20:43:57.234025  2665  2665 E MtkTelephonyComponentFactory: 	at com.mediatek.internal.telephony.MtkTelephonyComponentFactory.initGwsdService(MtkTelephonyComponentFactory.java:578)
04-12 20:43:57.234025  2665  2665 E MtkTelephonyComponentFactory: 	at com.android.internal.telephony.PhoneFactory.makeDefaultPhone(PhoneFactory.java:275)
04-12 20:43:57.234025  2665  2665 E MtkTelephonyComponentFactory: 	at com.android.internal.telephony.PhoneFactory.makeDefaultPhones(PhoneFactory.java:121)
04-12 20:43:57.234025  2665  2665 E MtkTelephonyComponentFactory: 	at com.android.phone.PhoneGlobals.onCreate(PhoneGlobals.java:622)
04-12 20:43:57.234025  2665  2665 E MtkTelephonyComponentFactory: 	at com.android.phone.PhoneApp.onCreate(PhoneApp.java:40)
04-12 20:43:57.234025  2665  2665 E MtkTelephonyComponentFactory: 	at android.app.Instrumentation.callApplicationOnCreate(Instrumentation.java:1385)
04-12 20:43:57.234025  2665  2665 E MtkTelephonyComponentFactory: 	at android.app.ActivityThread.handleBindApplication(ActivityThread.java:8069)
04-12 20:43:57.234025  2665  2665 E MtkTelephonyComponentFactory: 	at android.app.ActivityThread.-$$Nest$mhandleBindApplication(Unknown Source:0)
04-12 20:43:57.234025  2665  2665 E MtkTelephonyComponentFactory: 	at android.app.ActivityThread$H.handleMessage(ActivityThread.java:2674)
04-12 20:43:57.234025  2665  2665 E MtkTelephonyComponentFactory: 	at android.os.Handler.dispatchMessage(Handler.java:110)
04-12 20:43:57.234025  2665  2665 E MtkTelephonyComponentFactory: 	at android.os.Looper.loopOnce(Looper.java:327)
04-12 20:43:57.234025  2665  2665 E MtkTelephonyComponentFactory: 	at android.os.Looper.loop(Looper.java:431)
04-12 20:43:57.234025  2665  2665 E MtkTelephonyComponentFactory: 	at android.app.ActivityThread.main(ActivityThread.java:9329)
04-12 20:43:57.234025  2665  2665 E MtkTelephonyComponentFactory: 	at java.lang.reflect.Method.invoke(Native Method)
04-12 20:43:57.234025  2665  2665 E MtkTelephonyComponentFactory: 	at com.android.internal.os.RuntimeInit$MethodAndArgsCaller.run(RuntimeInit.java:629)
04-12 20:43:57.234025  2665  2665 E MtkTelephonyComponentFactory: 	at com.android.internal.os.ZygoteInit.main(ZygoteInit.java:1024)
04-12 20:43:57.234025  2665  2665 E MtkTelephonyComponentFactory: Caused by: java.lang.SecurityException: SELinux denied for service.
04-12 20:43:57.234025  2665  2665 E MtkTelephonyComponentFactory: 	at android.os.Parcel.createExceptionOrNull(Parcel.java:3356)
04-12 20:43:57.234025  2665  2665 E MtkTelephonyComponentFactory: 	at android.os.Parcel.createException(Parcel.java:3340)
04-12 20:43:57.234025  2665  2665 E MtkTelephonyComponentFactory: 	at android.os.Parcel.readException(Parcel.java:3323)
04-12 20:43:57.234025  2665  2665 E MtkTelephonyComponentFactory: 	at android.os.Parcel.readException(Parcel.java:3265)
04-12 20:43:57.234025  2665  2665 E MtkTelephonyComponentFactory: 	at android.os.IServiceManager$Stub$Proxy.addService(IServiceManager.java:582)
04-12 20:43:57.234025  2665  2665 E MtkTelephonyComponentFactory: 	at android.os.ServiceManagerProxy.addService(ServiceManagerNative.java:86)
04-12 20:43:57.234025  2665  2665 E MtkTelephonyComponentFactory: 	at android.os.ServiceManager.addService(ServiceManager.java:253)
04-12 20:43:57.234025  2665  2665 E MtkTelephonyComponentFactory: 	at android.os.ServiceManager.addService(ServiceManager.java:218)
04-12 20:43:57.234025  2665  2665 E MtkTelephonyComponentFactory: 	at com.mediatek.gwsd.service.GwsdService.<init>(GwsdService.java:115)
04-12 20:43:57.234025  2665  2665 E MtkTelephonyComponentFactory: 	at com.mediatek.gwsd.service.GwsdService.getInstance(GwsdService.java:122)
04-12 20:43:57.234025  2665  2665 E MtkTelephonyComponentFactory: 	... 17 more
04-12 20:43:57.234314  2665  2665 D Phone-2147483647: mDoesRilSendMultipleCallRing=true
04-12 20:43:57.234345  2665  2665 D Phone-2147483647: mCallRingDelay=3000
04-12 20:43:57.234361  2665  2665 D TelephonyAdminReceiver: No user manager. Attempting to resolve one.
04-12 20:43:57.251399  1744  1846 W TelephonyRegistry: Pid 2665 has exceeded half the number of permissible registered listeners. Now at 53
04-12 20:43:57.259372  1744  1846 W TelephonyRegistry: Pid 2665 has exceeded half the number of permissible registered listeners. Now at 54
04-12 20:43:57.259945  2665  2665 W CarrierConfigManager: Error getting config for subId -1 ICarrierConfigLoader is null
04-12 20:43:57.259969  2665  2665 E ImsPhoneCallTracker: [0] getCarrierConfigBundle: carrier config is null, skipping.
04-12 20:43:57.260012  2665  2665 E ImsPhoneCallTracker: [0] updateCarrierConfiguration: carrier config is null, skipping.
04-12 20:43:57.260048  2665  2665 E ImsPhoneCallTracker: [0] updateCarrierConfiguration: Empty carrier config.
04-12 20:43:57.261786  2665  2665 D ImsPhoneCallTracker: [0] registerIndicationReceiver
04-12 20:43:57.281137  1744  3085 W TelephonyRegistry: Pid 2665 has exceeded half the number of permissible registered listeners. Now at 55
04-12 20:43:57.281253  1744  3085 D TelephonyRegistry: listen oscl: mHasNotifySubscriptionInfoChangedOccurred==false no callback
04-12 20:43:57.282738  2665  2665 W CarrierConfigManager: Error getting config for subId -1 ICarrierConfigLoader is null
04-12 20:43:57.289330  2665  2665 D CallManager: registerPhone(MtkImsPhone Handler (com.mediatek.internal.telephony.imsphone.MtkImsPhone) {5cc9d58})
04-12 20:43:57.289835  2665  2665 D Phone-2147483647: mDoesRilSendMultipleCallRing=true
04-12 20:43:57.289892  2665  2665 D Phone-2147483647: mCallRingDelay=3000
04-12 20:43:57.289908  2665  2665 D TelephonyAdminReceiver: No user manager. Attempting to resolve one.
04-12 20:43:57.292952  1744  3085 W TelephonyRegistry: Pid 2665 has exceeded half the number of permissible registered listeners. Now at 56
04-12 20:43:57.295092  1744  2903 W TelephonyRegistry: Pid 2665 has exceeded half the number of permissible registered listeners. Now at 57
04-12 20:43:57.295514  1744  1846 D TelephonyRegistry: listen oscl: mHasNotifySubscriptionInfoChangedOccurred==false no callback
04-12 20:43:57.296221  2665  2665 W CarrierConfigManager: Error getting config for subId -1 ICarrierConfigLoader is null
04-12 20:43:57.296266  2665  2665 E ImsPhoneCallTracker: [1] getCarrierConfigBundle: carrier config is null, skipping.
04-12 20:43:57.296277  2665  2665 E ImsPhoneCallTracker: [1] updateCarrierConfiguration: carrier config is null, skipping.
04-12 20:43:57.296282  2665  2665 E ImsPhoneCallTracker: [1] updateCarrierConfiguration: Empty carrier config.
04-12 20:43:57.299185  1744  2925 D TelephonyRegistry: listen oscl: mHasNotifySubscriptionInfoChangedOccurred==false no callback
04-12 20:43:57.299371  2665  2665 D ImsPhoneCallTracker: [1] registerIndicationReceiver
04-12 20:43:57.331979  1744  2068 W TelephonyRegistry: Pid 2665 has exceeded half the number of permissible registered listeners. Now at 58
04-12 20:43:57.332292  1744  2068 D TelephonyRegistry: listen oscl: mHasNotifySubscriptionInfoChangedOccurred==false no callback
04-12 20:43:57.333606  2665  2665 W CarrierConfigManager: Error getting config for subId -1 ICarrierConfigLoader is null
04-12 20:43:57.352064  2665  2665 D CallManager: registerPhone(MtkImsPhone Handler (com.mediatek.internal.telephony.imsphone.MtkImsPhone) {bdf629c})
04-12 20:43:57.352164  2665  2665 D DataHelper: makeMtkDataHelper: phones.length=2
04-12 20:43:57.352622  2665  2665 D DataHelper: registerEvents
04-12 20:43:57.352862  2665  2665 D DataHelper: registerImsEvents, phoneId = 0
04-12 20:43:57.355877  2665  2665 D DataHelper: registerImsEvents, phoneId = 1
04-12 20:43:57.356167  2665  2665 D DataHelper: registered phone change event.
04-12 20:43:57.356200  2665  2665 D DataHelper: makesMtkDataHelper: X sMtkDataHelper =com.mediatek.internal.telephony.data.MtkDataHelper@eab84d2
04-12 20:43:57.358205  2738  2738 W CarrierConfigManager: Error getting config for subId -1 ICarrierConfigLoader is null
04-12 20:43:57.365096  1744  1846 D TelephonyRegistry: listen oscl: mHasNotifySubscriptionInfoChangedOccurred==false no callback
04-12 20:43:57.367204  1744  2488 D TelephonyRegistry: listen oscl: mHasNotifySubscriptionInfoChangedOccurred==false no callback
04-12 20:43:57.367573  2665  2665 D PhoneCfgMgr: getStaticPhoneCapability: isDefault=true, caps=mMaxActiveVoiceSubscriptions=1 mMaxActiveDataSubscriptions=1 mNetworkValidationBeforeSwitchSupported=false mDeviceNrCapability []
04-12 20:43:57.368496  1744  2925 W TelephonyRegistry: Pid 2665 has exceeded half the number of permissible registered listeners. Now at 59
04-12 20:43:57.368535  1744  2925 D TelephonyRegistry: listen oscl: mHasNotifySubscriptionInfoChangedOccurred==false no callback
04-12 20:43:57.368756  2665  2665 D PhoneCfgMgr: getStaticPhoneCapability: isDefault=true, caps=mMaxActiveVoiceSubscriptions=1 mMaxActiveDataSubscriptions=1 mNetworkValidationBeforeSwitchSupported=false mDeviceNrCapability []
04-12 20:43:57.369996  2665  2665 D PhoneSwitcher: register handler to receive IMS registration : 0
04-12 20:43:57.370115  2665  2665 D PhoneSwitcher: register handler to receive IMS registration : 1
04-12 20:43:57.370460  1744  1846 W TelephonyRegistry: Pid 2665 has exceeded half the number of permissible registered listeners. Now at 60
04-12 20:43:57.370502  1744  1846 D TelephonyRegistry: listen oscl: mHasNotifySubscriptionInfoChangedOccurred==false no callback
04-12 20:43:57.370901  2665  2665 D TDC     : getModemCount: 1
04-12 20:43:57.370939  2665  2665 D TDC     : getModem: 0
04-12 20:43:57.370948  2665  2665 D TDC     : getModemCount: 1
04-12 20:43:57.370951  2665  2665 D TDC     : getModem: 0
04-12 20:43:57.382570  2665  2665 D PhoneSwitcher: PhoneSwitcher started
04-12 20:43:57.384542  2665  2665 D MtkProxyController: Constructor - Enter
04-12 20:43:57.386119  2665  2665 D MtkProxyController: Constructor - Exit
04-12 20:43:57.396373  1744  2925 W TelephonyRegistry: Pid 2665 has exceeded half the number of permissible registered listeners. Now at 61
04-12 20:43:57.396402  1744  2925 D TelephonyRegistry: listen oscl: mHasNotifySubscriptionInfoChangedOccurred==false no callback
04-12 20:43:57.404774  2665  2665 D TNP     : registerNetworkOffer: [ Transports: CELLULAR|SATELLITE Capabilities: MMS&SUPL&DUN&FOTA&IMS&CBS&IA&RCS&XCAP&EIMS&INTERNET&NOT_RESTRICTED&TRUSTED&NOT_VPN&MCX&NOT_VCN_MANAGED&ENTERPRISE&VSIM&BIP&MMTEL&PRIORITIZE_LATENCY&PRIORITIZE_BANDWIDTH&NOT_BANDWIDTH_CONSTRAINED Specifier: <android.net.MatchAllNetworkSpecifier@0> EnterpriseId: 1&2&3&4&5 UnderlyingNetworks: Null]
04-12 20:43:57.404815  2665  2665 D MtkTelephonyComponentFactory: Creating CarrierExpress
04-12 20:43:57.413757  2665  3061 D MtkRILJ : registerForVsimIndication called... [PHONE0]
04-12 20:43:57.413781  2665  3061 D MtkRILJ : registerForVsimIndication called... [PHONE1]
04-12 20:43:57.413833  2665  3061 W ExternalSimMgr: getFirstSlotId, invalid slot id: 0
04-12 20:43:57.414459  2665  3385 W ExternalSimMgr: getFirstSlotId, invalid slot id: 0
04-12 20:43:57.414524  2665  3385 W ExternalSimMgr: getFirstSlotId, invalid slot id: 0
04-12 20:43:57.414537  2665  3385 W ExternalSimMgr: getFirstSlotId, invalid slot id: 0
04-12 20:43:57.414548  2665  3385 W ExternalSimMgr: getFirstSlotId, invalid slot id: 0
04-12 20:43:57.414565  2665  3385 I ExternalSimMgr: VsimEvenHandler eventHandlerByType: type[204] start
04-12 20:43:57.414571  2665  3385 W ExternalSimMgr: getFirstSlotId, invalid slot id: 0
04-12 20:43:57.416301  2665  3385 D MtkRILJ : [0043]> MTK: RIL_REQUEST_VSIM_NOTIFICATION, eventId: 204, simTpye: 0 [PHONE0]
04-12 20:43:57.416762  2665  3385 I ExternalSimMgr: VsimEvenHandler eventHandlerByType: type[204] end
04-12 20:43:57.417096  2665  3385 W ExternalSimMgr: getFirstSlotId, invalid slot id: 0
04-12 20:43:57.418241  1342  1805 D RtmVsim : [0] onHandleRequest type=REQUEST, source=GSM, dest=GSM, pId=RFX_MSG_REQUEST_SIM_VSIM_NOTIFICATION(50549), pToken=43, id=RFX_MSG_REQUEST_SIM_VSIM_NOTIFICATION(50549), token=46, slotId=0,             clientId = -1, error = 0, isSentOnCdmaCapabilitySlot = 2, sendToMainProtocol = 0,            m_priority = 1, pTimeStamp = 21210527384
04-12 20:43:57.418634  1342  1834 D RmmVsim : [0] [0]requestVsimNotification, event_id:204, sim_type:0, datalen:12, msg:type = 0, id = RFX_MSG_REQUEST_SIM_VSIM_NOTIFICATION(50549), channel id = 10, slot id = 0, client_id = -1, token = 46, rawUrc = , err = 0, MainProtocol = 0, priority = 1, mclToken = -1
04-12 20:43:57.419008  1342  1834 I RmmVsim : [VSIM] handleVsimDisconnected sim:0, aka:-1, waiting:-1, authOngoing:-1
04-12 20:43:57.419015  1342  1834 I RmmVsim : [VSIM] handleVsimDisconnected sim:1, aka:-1, waiting:-1, authOngoing:-1
04-12 20:43:57.419038  1342  1834 D RmmVsim : [0] [VSIM] requestVsimNotification Done
04-12 20:43:57.419518  1342  1805 D RtmVsim : [0] onHandleResponse RFX_MSG_REQUEST_SIM_VSIM_NOTIFICATION
04-12 20:43:57.420301  2665  2965 I RILJ    : [0043]< MTK: RIL_REQUEST_VSIM_NOTIFICATION 0 [PHONE0]
04-12 20:43:57.432084  2665  2665 D RcsProvisioningMonitor: RcsProvisioningMonitor created.
04-12 20:43:57.435069  2665  2665 D RcsStats: RcsStats created.
04-12 20:43:57.435651  1744  2488 W TelephonyRegistry: Pid 2665 has exceeded half the number of permissible registered listeners. Now at 62
04-12 20:43:57.435688  1744  2488 D TelephonyRegistry: listen oscl: mHasNotifySubscriptionInfoChangedOccurred==false no callback
04-12 20:43:57.438600  2665  2665 D RcsProvisioningMonitor: init.
04-12 20:43:57.441071  2665  3390 W CarrierConfigManager: Error getting config for subId -1 ICarrierConfigLoader is null
04-12 20:43:57.441869  1744  3085 W TelephonyRegistry: Pid 2665 has exceeded half the number of permissible registered listeners. Now at 63
04-12 20:43:57.441909  1744  3085 D TelephonyRegistry: listen oscl: mHasNotifySubscriptionInfoChangedOccurred==false no callback
04-12 20:43:57.442636  2665  3390 W CarrierConfigManager: Error getting config for subId -1 ICarrierConfigLoader is null
04-12 20:43:57.460577  2685  2685 D MtkDynamicImsService: MtkDynamicImsService Bound.
04-12 20:43:57.471511  2665  2665 D SatelliteStats: SatelliteStats created.
04-12 20:43:57.473069  2665  2665 D TelephonyCountryDetector: getCurrentNetworkCountryIso: invalid countryIso= for phoneId=0, subId=-1
04-12 20:43:57.473101  2665  2665 D TelephonyCountryDetector: getCurrentNetworkCountryIso: invalid countryIso= for phoneId=1, subId=-1
04-12 20:43:57.473115  2665  2665 D TelephonyCountryDetector: isWifiNetworkConnected: false
04-12 20:43:57.473121  2665  2665 D TelephonyCountryDetector: Location update was not requested yet
04-12 20:43:57.473126  2665  2665 D TelephonyCountryDetector: registerForWifiConnectivityStateChanged
04-12 20:43:57.578733  1135  1152 I mipc_lib: SEND MSGID=1409 [MIPC_LOC_LBS_SYNC_LOCATION_EM_CONFIG_REQ], TXID=0008 [binder:1135_2], DUMP=8419542400000000010009140800100000010400010000000101040000000000
04-12 20:43:57.584736  1135  1889 I mipc_lib: RECV MSGID=140a [MIPC_LOC_LBS_SYNC_LOCATION_EM_CONFIG_CNF], TXID=0008, DUMP=841954240000000001020A1408000800000004006A000000
04-12 20:43:57.600841  1744  2534 W TelephonyRegistry: Pid 2665 has exceeded half the number of permissible registered listeners. Now at 64
04-12 20:43:57.601745  1744  2699 W TelephonyRegistry: Pid 2665 has exceeded half the number of permissible registered listeners. Now at 65
04-12 20:43:57.601775  1744  2699 D TelephonyRegistry: listen oscl: mHasNotifySubscriptionInfoChangedOccurred==false no callback
04-12 20:43:57.644332  2738  3144 W CarrierConfigManager: Error getting config for subId -1 ICarrierConfigLoader is null
04-12 20:43:57.644572  2738  3143 W CarrierConfigManager: Error getting config for subId -1 ICarrierConfigLoader is null
04-12 20:43:57.647333  2738  3143 W CarrierConfigManager: Error getting config for subId -1 ICarrierConfigLoader is null
04-12 20:43:57.654580  2665  2665 W CarrierConfigManager: Error getting config for subId -1 ICarrierConfigLoader is null
04-12 20:43:57.655930  2738  3143 W CarrierConfigManager: Error getting config for subId -1 ICarrierConfigLoader is null
04-12 20:43:57.657851  2665  2665 W CarrierConfigManager: Error getting config for subId -1 ICarrierConfigLoader is null
04-12 20:43:57.659652  2738  3143 W CarrierConfigManager: Error getting config for subId -1 ICarrierConfigLoader is null
04-12 20:43:57.691330  1744  3084 W TelephonyRegistry: Pid 2665 has exceeded half the number of permissible registered listeners. Now at 66
04-12 20:43:57.694086  1744  2923 W TelephonyRegistry: Pid 2665 has exceeded half the number of permissible registered listeners. Now at 67
04-12 20:43:57.698214  1744  2921 W TelephonyRegistry: Pid 2665 has exceeded half the number of permissible registered listeners. Now at 68
04-12 20:43:57.708509  1744  1846 W TelephonyRegistry: Pid 2665 has exceeded half the number of permissible registered listeners. Now at 69
04-12 20:43:57.724910  2665  2665 D ImsStateCallbackController: ImsStateCallbackController created
04-12 20:43:57.727809  2665  3402 I RILJ    : isSatelliteEnabledForCarrier: SatelliteModemInterface is used. [PHONE0]
04-12 20:43:57.728192  2665  3402 I RILJ    : isSatelliteEnabledForCarrier: SatelliteModemInterface is used. [PHONE1]
04-12 20:43:57.728687  2665  2665 D ImsStateCallbackController: updateFeatures: oldSlots=0, newNumSlots=2
04-12 20:43:57.738511  1744  2921 W TelephonyRegistry: Pid 2665 has exceeded half the number of permissible registered listeners. Now at 70
04-12 20:43:57.738558  1744  2921 D TelephonyRegistry: listen oscl: mHasNotifySubscriptionInfoChangedOccurred==false no callback
04-12 20:43:57.741200  2665  2665 D RcsStats: created Callback
04-12 20:43:57.741215  2665  2665 D RcsStats: UceStatsWriterCallback created.
04-12 20:43:57.741849  2665  3479 D ImsStateCallbackController: onExternalRcsStateChanged slotId=0, state=UNAVAILABLE, reason=NO_IMS_SERVICE_CONFIGURED
04-12 20:43:57.742171  2665  3479 D ImsStateCallbackController: onExternalRcsStateChanged slotId=1, state=UNAVAILABLE, reason=NO_IMS_SERVICE_CONFIGURED
04-12 20:43:57.744810  2665  2665 I ImsProvisioningController: ImsProvisioningController created
04-12 20:43:57.747780  2665  2665 D ImsProvisioningController: ImsProvisioningController
04-12 20:43:57.748029  1744  2903 W TelephonyRegistry: Pid 2665 has exceeded half the number of permissible registered listeners. Now at 71
04-12 20:43:57.748058  1744  2903 D TelephonyRegistry: listen oscl: mHasNotifySubscriptionInfoChangedOccurred==false no callback
04-12 20:43:57.748177  2665  2665 D ImsProvisioningController: MmTelFeatureListener[0] created
04-12 20:43:57.749006  2665  2665 D ImsProvisioningController: RcsFeatureListener[0] created
04-12 20:43:57.749194  2665  2665 D ImsProvisioningController: ProvisioningCallbackManager[0] ProvisioningCallbackManager create
04-12 20:43:57.749205  2665  2665 D ImsProvisioningController: MmTelFeatureListener[1] created
04-12 20:43:57.749343  2665  2665 D ImsProvisioningController: RcsFeatureListener[1] created
04-12 20:43:57.749412  2665  2665 D ImsProvisioningController: ProvisioningCallbackManager[1] ProvisioningCallbackManager create
04-12 20:43:57.766206  1744  2533 W TelephonyRegistry: Pid 2665 has exceeded half the number of permissible registered listeners. Now at 72
04-12 20:43:57.766572  1744  2533 D TelephonyRegistry: listen oscl: mHasNotifySubscriptionInfoChangedOccurred==false no callback
04-12 20:43:57.767372  2665  2665 D CallManager: registerForMmiComplete
04-12 20:43:57.771879  1744  2533 W TelephonyRegistry: Pid 2665 has exceeded half the number of permissible registered listeners. Now at 73
04-12 20:43:57.772447  1744  2925 W TelephonyRegistry: Pid 2665 has exceeded half the number of permissible registered listeners. Now at 74
04-12 20:43:57.785904  2728  3132 E MtkTelephonyManagerEx: registerAtUrcInd onError Indication of all URC is unsupported
04-12 20:43:57.786249  2728  3132 E MtkTelephonyManagerEx: registerAtUrcInd onError Indication of all URC is unsupported
04-12 20:43:57.829675  1744  3084 W TelephonyRegistry: Pid 2665 has exceeded half the number of permissible registered listeners. Now at 75
04-12 20:43:57.829714  1744  3084 D TelephonyRegistry: listen oscl: mHasNotifySubscriptionInfoChangedOccurred==false no callback
04-12 20:43:57.830902  1744  2923 W TelephonyRegistry: Pid 2665 has exceeded half the number of permissible registered listeners. Now at 76
04-12 20:43:57.843394  1526  1536 D TranRadioExt: sendAtCommand at_str: AT+EGMC=1,"sar_scenario_all",65535,65535,65535,65535,65535,65535,65535,65535,65535,65535,65535,65535,65535,65535,65535, slot_id: 0
04-12 20:43:57.843481  1526  1536 I mipc_lib: SEND MSGID=0003 [SYS_AT_REQ], TXID=000a [binder:1526_3], DUMP=8419542400000000010003000A008000008177002A2A2A2A2A2A2A2A2A2A2A2A2A2A2A2A2A2A2A2A2A2A2A2A2A2A2A2A2A2A2A2A2A2A2A2A2A2A2A2A2A2A2A2A2A2A2A2A2A2A2A2A2A2A2A2A2A2A2A2A2A2A2A2A2A2A2A2A2A2A2A2A2A2A2A2A2A2A2A2A2A2A2A2A2A2A2A2A2A2A2A2A2A2A2A2A2A2A2A2A2A2A2A2A2A2A2A2A2A2A2A2A2A2A2A2A2A2A2A0000000000
04-12 20:43:57.851716  1526  1702 I mipc_lib: RECV MSGID=0004 [SYS_AT_CNF], TXID=000a, DUMP=8419542400000000010204000A0018000000040000000000008107002A2A2A2A2A2A2A0000000000
04-12 20:43:57.856567  2665  2665 D MtkCdmaInboundSmsHandler-1: StartupState.enter: entering StartupState
04-12 20:43:57.856576  2665  2665 D MtkGsmInboundSmsHandler-1: StartupState.enter: entering StartupState
04-12 20:43:57.856589  2665  2665 D MtkCdmaInboundSmsHandler-0: StartupState.enter: entering StartupState
04-12 20:43:57.856595  2665  2665 D MtkGsmInboundSmsHandler-0: StartupState.enter: entering StartupState
04-12 20:43:57.858839  2665  2665 D TDC     : handleMessage: received EVENT_HARDWARE_CONFIG_CHANGED
04-12 20:43:57.858981  2665  2665 D TDC     : class = class com.mediatek.internal.telephony.MtkTelephonyDevController
04-12 20:43:57.859050  2665  2665 D TDC     : updateOrInsert: inserting: Modem { uuid=modem_sys1_ps0_nr1, state=0, rilModel=0, rat={}, maxActiveVoiceCall=1, maxActiveDataCall=1, maxStandby=2 }
04-12 20:43:57.859070  2665  2665 D TDC     : updateOrInsert: inserting: Sim { uuid=modem_sys1_ps0_nr1, modemUuid=modem_sys1_ps0_nr1, state=0 }
04-12 20:43:57.859085  2665  2665 D TDC     : handleMessage: received EVENT_HARDWARE_CONFIG_CHANGED
04-12 20:43:57.859097  2665  2665 D TDC     : class = class com.mediatek.internal.telephony.MtkTelephonyDevController
04-12 20:43:57.859112  2665  2665 D TDC     : updateOrInsert: inserting: Modem { uuid=modem_sys1_ps1_nr1, state=0, rilModel=0, rat={}, maxActiveVoiceCall=1, maxActiveDataCall=1, maxStandby=2 }
04-12 20:43:57.859125  2665  2665 D TDC     : updateOrInsert: inserting: Sim { uuid=modem_sys1_ps1_nr1, modemUuid=modem_sys1_ps1_nr1, state=0 }
04-12 20:43:57.859133  2665  2665 D TDC     : handleMessage: received EVENT_HARDWARE_CONFIG_CHANGED
04-12 20:43:57.859139  2665  2665 D TDC     : class = class com.mediatek.internal.telephony.MtkTelephonyDevController
04-12 20:43:57.859148  2665  2665 D TDC     : updateOrInsert: removing: Modem { uuid=modem_sys1_ps1_nr1, state=0, rilModel=0, rat={}, maxActiveVoiceCall=1, maxActiveDataCall=1, maxStandby=2 }
04-12 20:43:57.859154  2665  2665 D TDC     : updateOrInsert: inserting: Modem { uuid=modem_sys1_ps1_nr1, state=0, rilModel=0, rat={}, maxActiveVoiceCall=1, maxActiveDataCall=1, maxStandby=2 }
04-12 20:43:57.859158  2665  2665 D TDC     : updateOrInsert: removing: Sim { uuid=modem_sys1_ps1_nr1, modemUuid=modem_sys1_ps1_nr1, state=0 }
04-12 20:43:57.859161  2665  2665 D TDC     : updateOrInsert: inserting: Sim { uuid=modem_sys1_ps1_nr1, modemUuid=modem_sys1_ps1_nr1, state=0 }
04-12 20:43:57.859624  2665  2665 I RadioManager: sendEvent: EVENT_RADIO_AVAILABLE
04-12 20:43:57.859708  2665  2665 I RadioManager: sendEvent: EVENT_RADIO_AVAILABLE
04-12 20:43:57.860887  2665  3021 I RadioManager: processMessage: EVENT_RADIO_AVAILABLE
04-12 20:43:57.860912  2665  3021 I RadioManager: processMessage: EVENT_RADIO_AVAILABLE
04-12 20:43:57.864509  2665  2665 I RILJ    : [0044]> GET_SIM_STATUS [PHONE0]
04-12 20:43:57.867739  2665  2665 D RadioConfig: [0045]> GET_SLOT_STATUS
04-12 20:43:57.867793  1342  1342 D RadioConfig_service: RadioConfig::getSimSlotsStatus
04-12 20:43:57.869088  1342  1829 I AT      : SEND MSGID=050f [SIM_STATUS_REQ], TXID=016c [RFXSender_6], DUMP=841954240000000001000F056C0108000001010001000000
04-12 20:43:57.869128  1342  1829 I AT      : SEND MSGID=053b [SIM_GET_EUICC_SLOTS_STATUS_REQ], TXID=016d [RFXSender_6], DUMP=841954240000000001003B056D010000
04-12 20:43:57.870410  2665  2665 I RILJ    : [0046]> GET_SIM_STATUS [PHONE1]
04-12 20:43:57.874469  2665  2665 I RILJ    : [0047]> GET_SIM_STATUS [PHONE0]
04-12 20:43:57.875033  2665  2665 D RadioConfig: [0048]> GET_SLOT_STATUS
04-12 20:43:57.876128  1342  1829 I AT      : SEND MSGID=050f [SIM_STATUS_REQ], TXID=016e [RFXSender_6], DUMP=841954240000000001000F056E0108000001010001000000
04-12 20:43:57.876404  1342  1740 I AT      : RECV MSGID=0510 [SIM_STATUS_CNF], TXID=016c, DUMP=8419542400000000010210056C010801000004000300000000010100000000000101010000000000020101000000000003010100000000000401010000000000050101000000000006010100FF00000007010100FF00000008010100FF00000009010100000000000C8115002A2A2A2A2A2A2A2A2A2A2A2A2A2A2A2A2A2A2A2A2A000000000000000D8150002A2A2A2A2A2A2A2A2A2A2A2A2A2A2A2A2A2A2A2A2A2A2A2A2A2A2A2A2A2A2A2A2A2A2A2A2A2A2A2A2A2A2A2A2A2A2A2A2A2A2A2A2A2A2A2A2A2A2A2A2A2A2A2A2A2A2A2A2A2A2A2A2A2A2A2A2A2A2A2A000000000E010100000000000F0101000000000010010100000000001101010000000000120101000000000014010100000000001501010000000000
04-12 20:43:57.876408  1342  1842 I AT      : SEND MSGID=050f [SIM_STATUS_REQ], TXID=016f [RFXSender_18], DUMP=841954240000000002000F056F0108000001010001000000
04-12 20:43:57.876791  1342  1342 D RadioConfig_service: RadioConfig::getSimSlotsStatus
04-12 20:43:57.878786  1342  1740 I AT      : RECV MSGID=053c [SIM_GET_EUICC_SLOTS_STATUS_CNF], TXID=016d, DUMP=841954240000000001023C056D01E0030000040000000000000101000200000001813A012A2A2A2A2A2A2A2A2A2A2A2A2A2A2A2A2A2A2A2A2A2A2A2A2A2A2A2A2A2A2A2A2A2A2A2A2A2A2A2A2A2A2A2A2A2A2A2A2A2A2A2A2A2A2A2A2A2A2A2A2A2A2A2A2A2A2A2A2A2A2A2A2A2A2A2A2A2A2A2A2A2A2A2A2A2A2A2A2A2A2A2A2A2A2A2A2A2A2A2A2A2A2A2A2A2A2A2A2A2A2A2A2A2A2A2A2A2A2A2A2A2A2A2A2A2A2A2A2A2A2A2A2A2A2A2A2A2A2A2A2A2A2A2A2A2A2A2A2A2A2A2A2A2A2A2A2A2A2A2A2A2A2A2A2A2A2A2A2A2A2A2A2A2A2A2A2A2A2A2A2A2A2A2A2A2A2A2A2A2A2A2A2A2A2A2A2A2A2A2A2A2A2A2A2A2A2A2A2A2A2A2A2A2A2A2A2A2A2A2A2A2A2A2A2A2A2A2A2A2A2A2A2A2A2A2A2A2A2A2A2A2A2A2A2A2A2A2A2A2A2A2A2A2A2A2A2A2A2A2A2A2A2A2A2A2A2A2A2A2A2A2A2A2A2A2A2A2A2A2A2A2A2A2A2A2A2A2A2A2A2A2A2A2A2A2A2A2A2A2A2A2A2A2A2A2A2A2A2A2A2A2A2A2A0000020100000000000000000000FA7F0200FA7F010000000000FB7F010000000000030100000000000000000000F87F0200F87F010001000000F97F010001000000040100000000000000000000F67F0200F67F010000000000F77F010001000000058100002A2A2A2A2A2A2A2A2A2A2A2AF4FF01002A000000F5FF01002A000
04-12 20:43:57.878889  1342  1829 I RmmSimCommReq: [0] handleGetSimStatusResponse, token:47, result:3,state:0,pin:0,appindex:-1,-1,-1, atr:80,, icid:21,, eid:0,(null), mepMode:0
04-12 20:43:57.878953  1342  1829 I AT      : SEND MSGID=053b [SIM_GET_EUICC_SLOTS_STATUS_REQ], TXID=0170 [RFXSender_6], DUMP=841954240000000001003B0570010000
04-12 20:43:57.879289  1342  1740 I AT      : RECV MSGID=0510 [SIM_STATUS_CNF], TXID=016f, DUMP=8419542400000000020210056F010801000004000300000000010100000000000101010001000000020101000100000003010100000000000401010000000000050101000000000006010100FF00000007010100FF00000008010100FF00000009010100000000000C8115002A2A2A2A2A2A2A2A2A2A2A2A2A2A2A2A2A2A2A2A2A000000000000000D8150002A2A2A2A2A2A2A2A2A2A2A2A2A2A2A2A2A2A2A2A2A2A2A2A2A2A2A2A2A2A2A2A2A2A2A2A2A2A2A2A2A2A2A2A2A2A2A2A2A2A2A2A2A2A2A2A2A2A2A2A2A2A2A2A2A2A2A2A2A2A2A2A2A2A2A2A2A2A2A2A000000000E010100000000000F0101000000000010010100000000001101010000000000120101000000000014010100010000001501010000000000
04-12 20:43:57.879910  1342  1805 D RadioConfig_service: getSimSlotsStatusResponse: response
04-12 20:43:57.879937  1342  1740 I AT      : RECV MSGID=0510 [SIM_STATUS_CNF], TXID=016e, DUMP=8419542400000000010210056E010801000004000300000000010100000000000101010000000000020101000000000003010100000000000401010000000000050101000000000006010100FF00000007010100FF00000008010100FF00000009010100000000000C8115002A2A2A2A2A2A2A2A2A2A2A2A2A2A2A2A2A2A2A2A2A000000000000000D8150002A2A2A2A2A2A2A2A2A2A2A2A2A2A2A2A2A2A2A2A2A2A2A2A2A2A2A2A2A2A2A2A2A2A2A2A2A2A2A2A2A2A2A2A2A2A2A2A2A2A2A2A2A2A2A2A2A2A2A2A2A2A2A2A2A2A2A2A2A2A2A2A2A2A2A2A2A2A2A2A000000000E010100000000000F0101000000000010010100000000001101010000000000120101000000000014010100000000001501010000000000
04-12 20:43:57.879979  1342  1805 D RadioConfig_service: radioConfigServiceImpl.configResponse != NULL
04-12 20:43:57.881553  1342  1740 I AT      : RECV MSGID=053c [SIM_GET_EUICC_SLOTS_STATUS_CNF], TXID=0170, DUMP=841954240000000001023C057001E0030000040000000000000101000200000001813A012A2A2A2A2A2A2A2A2A2A2A2A2A2A2A2A2A2A2A2A2A2A2A2A2A2A2A2A2A2A2A2A2A2A2A2A2A2A2A2A2A2A2A2A2A2A2A2A2A2A2A2A2A2A2A2A2A2A2A2A2A2A2A2A2A2A2A2A2A2A2A2A2A2A2A2A2A2A2A2A2A2A2A2A2A2A2A2A2A2A2A2A2A2A2A2A2A2A2A2A2A2A2A2A2A2A2A2A2A2A2A2A2A2A2A2A2A2A2A2A2A2A2A2A2A2A2A2A2A2A2A2A2A2A2A2A2A2A2A2A2A2A2A2A2A2A2A2A2A2A2A2A2A2A2A2A2A2A2A2A2A2A2A2A2A2A2A2A2A2A2A2A2A2A2A2A2A2A2A2A2A2A2A2A2A2A2A2A2A2A2A2A2A2A2A2A2A2A2A2A2A2A2A2A2A2A2A2A2A2A2A2A2A2A2A2A2A2A2A2A2A2A2A2A2A2A2A2A2A2A2A2A2A2A2A2A2A2A2A2A2A2A2A2A2A2A2A2A2A2A2A2A2A2A2A2A2A2A2A2A2A2A2A2A2A2A2A2A2A2A2A2A2A2A2A2A2A2A2A2A2A2A2A2A2A2A2A2A2A2A2A2A2A2A2A2A2A2A2A2A2A2A2A2A2A2A2A2A2A2A2A2A2A2A0000020100000000000000000000FA7F0200FA7F010000000000FB7F010000000000030100000000000000000000F87F0200F87F010001000000F97F010001000000040100000000000000000000F67F0200F67F010000000000F77F010001000000058100002A2A2A2A2A2A2A2A2A2A2A2AF4FF01002A000000F5FF01002A000
04-12 20:43:57.881762  1342  1842 I RmmSimCommReq: [1] handleGetSimStatusResponse, token:49, result:3,state:0,pin:0,appindex:-1,-1,-1, atr:80,, icid:21,, eid:0,(null), mepMode:0
04-12 20:43:57.883041  1342  1829 I RmmSimCommReq: [0] handleGetSimStatusResponse, token:50, result:3,state:0,pin:0,appindex:-1,-1,-1, atr:80,, icid:21,, eid:0,(null), mepMode:0
04-12 20:43:57.883513  2665  2965 D RadioConfigResponseAidl: [0045]< GET_SLOT_STATUS [IccSlotStatus {CARDSTATE_ABSENT,atr=,eid=,num_ports=1, IccSimPortInfo-0{iccid=,logicalSlotIndex=0,portActive=true}, SupportedMepMode=NONE}, IccSlotStatus {CARDSTATE_ABSENT,atr=,eid=,num_ports=1, IccSimPortInfo-0{iccid=,logicalSlotIndex=1,portActive=true}, SupportedMepMode=NONE}]
04-12 20:43:57.883715  1342  1805 D RadioConfig_service: getSimSlotsStatusResponse: response
04-12 20:43:57.883726  1342  1805 D RadioConfig_service: radioConfigServiceImpl.configResponse != NULL
04-12 20:43:57.883959  2665  2965 D RadioConfigResponseAidl: [0048]< GET_SLOT_STATUS [IccSlotStatus {CARDSTATE_ABSENT,atr=,eid=,num_ports=1, IccSimPortInfo-0{iccid=,logicalSlotIndex=0,portActive=true}, SupportedMepMode=NONE}, IccSlotStatus {CARDSTATE_ABSENT,atr=,eid=,num_ports=1, IccSimPortInfo-0{iccid=,logicalSlotIndex=1,portActive=true}, SupportedMepMode=NONE}]
04-12 20:43:57.885336  2665  2665 D MTK_SMSVC: triggerUpdateInternalSimMountState slotId 0
04-12 20:43:57.886200  2665  2665 E MtkUiccCtrl: SIM_TYPE info incorrect index
04-12 20:43:57.886333  2665  2966 I RILJ    : responseIccCardStatus: from AIDL: IccCardState {CARDSTATE_ABSENT,PINSTATE_UNKNOWN,num_apps=0,gsm_id=-1,cdma_id=-1,ims_id=-1,atr=,iccid=,eid=,SupportedMepMode=NONE,SlotPortMapping={physicalSlotIndex=1, portIndex=0}} [PHONE1]
04-12 20:43:57.886406  2665  2966 I RILJ    : [0046]< GET_SIM_STATUS IccCardState {CARDSTATE_ABSENT,PINSTATE_UNKNOWN,num_apps=0,gsm_id=-1,cdma_id=-1,ims_id=-1,atr=,iccid=,eid=,SupportedMepMode=NONE,SlotPortMapping={physicalSlotIndex=1, portIndex=0}} [PHONE1]
04-12 20:43:57.887289  2665  2679 I RILJ    : responseIccCardStatus: from AIDL: IccCardState {CARDSTATE_ABSENT,PINSTATE_UNKNOWN,num_apps=0,gsm_id=-1,cdma_id=-1,ims_id=-1,atr=,iccid=,eid=,SupportedMepMode=NONE,SlotPortMapping={physicalSlotIndex=0, portIndex=0}} [PHONE0]
04-12 20:43:57.887460  2665  2679 I RILJ    : [0044]< GET_SIM_STATUS IccCardState {CARDSTATE_ABSENT,PINSTATE_UNKNOWN,num_apps=0,gsm_id=-1,cdma_id=-1,ims_id=-1,atr=,iccid=,eid=,SupportedMepMode=NONE,SlotPortMapping={physicalSlotIndex=0, portIndex=0}} [PHONE0]
04-12 20:43:57.890777  2665  2665 I RILJ    : [0049]> GET_SIM_STATUS [PHONE1]
04-12 20:43:57.891034  2665  2679 I RILJ    : responseIccCardStatus: from AIDL: IccCardState {CARDSTATE_ABSENT,PINSTATE_UNKNOWN,num_apps=0,gsm_id=-1,cdma_id=-1,ims_id=-1,atr=,iccid=,eid=,SupportedMepMode=NONE,SlotPortMapping={physicalSlotIndex=0, portIndex=0}} [PHONE0]
04-12 20:43:57.891167  2665  2679 I RILJ    : [0047]< GET_SIM_STATUS IccCardState {CARDSTATE_ABSENT,PINSTATE_UNKNOWN,num_apps=0,gsm_id=-1,cdma_id=-1,ims_id=-1,atr=,iccid=,eid=,SupportedMepMode=NONE,SlotPortMapping={physicalSlotIndex=0, portIndex=0}} [PHONE0]
04-12 20:43:57.891218  1342  1842 I AT      : SEND MSGID=050f [SIM_STATUS_REQ], TXID=0171 [RFXSender_18], DUMP=841954240000000002000F05710108000001010001000000
04-12 20:43:57.891878  2665  2665 D MTK_SMSVC: triggerUpdateInternalSimMountState slotId 1
04-12 20:43:57.891949  2665  2665 E MtkUiccCtrl: SIM_TYPE info incorrect index
04-12 20:43:57.891983  2665  2665 D SMSVC   : Subscription database has been initialized.
04-12 20:43:57.892009  2665  2665 D SMSVC   : markSubscriptionsInactive: slot 0
04-12 20:43:57.894365  2665  2665 D SMSVC   : markSubscriptionsInactive: current mapping []
04-12 20:43:57.894830  2665  2665 D SMSVC   : markSubscriptionsInactive: slot 1
04-12 20:43:57.894966  2665  2665 D SMSVC   : markSubscriptionsInactive: current mapping []
04-12 20:43:57.895006  2665  2665 D MTK_SMSVC: mIsUpdateAvailable[0] = false
04-12 20:43:57.895014  2665  2665 D MTK_SMSVC: checkIsAvailable result = false
04-12 20:43:57.898119  2665  2665 D MTK_SMSVC: handleMessage : <EVENT_RADIO_AVAILABLE> SIM1
04-12 20:43:57.898158  2665  2665 D MTK_SMSVC: mIsUpdateAvailable[1] = false
04-12 20:43:57.898163  2665  2665 D MTK_SMSVC: checkIsAvailable result = false
04-12 20:43:57.898198  1342  1740 I AT      : RECV MSGID=0510 [SIM_STATUS_CNF], TXID=0171, DUMP=84195424000000000202100571010801000004000300000000010100000000000101010001000000020101000100000003010100000000000401010000000000050101000000000006010100FF00000007010100FF00000008010100FF00000009010100000000000C8115002A2A2A2A2A2A2A2A2A2A2A2A2A2A2A2A2A2A2A2A2A000000000000000D8150002A2A2A2A2A2A2A2A2A2A2A2A2A2A2A2A2A2A2A2A2A2A2A2A2A2A2A2A2A2A2A2A2A2A2A2A2A2A2A2A2A2A2A2A2A2A2A2A2A2A2A2A2A2A2A2A2A2A2A2A2A2A2A2A2A2A2A2A2A2A2A2A2A2A2A2A2A2A2A2A000000000E010100000000000F0101000000000010010100000000001101010000000000120101000000000014010100010000001501010000000000
04-12 20:43:57.898188  2665  2665 D MTK_SMSVC: handleMessage : <EVENT_RADIO_AVAILABLE> SIM2
04-12 20:43:57.899120  2665  2665 D MTK_SMSVC: checkIsAvailable result = true
04-12 20:43:57.899138  2665  2665 D MTK_SMSVC: checkAllIccIdReady +, retry_count = 0
04-12 20:43:57.903479  2665  2665 D MTK_SMSVC: No SIM insert :0
04-12 20:43:57.903640  1342  1842 I RmmSimCommReq: [1] handleGetSimStatusResponse, token:52, result:3,state:0,pin:0,appindex:-1,-1,-1, atr:80,, icid:21,, eid:0,(null), mepMode:0
04-12 20:43:57.905675  2665  2665 D MTK_SMSVC: iccId[0] = N/A
04-12 20:43:57.905798  2665  2665 D MTK_SMSVC: No SIM insert :1
04-12 20:43:57.905808  2665  2665 D MTK_SMSVC: iccId[1] = N/A
04-12 20:43:57.908504  2665  2679 I RILJ    : responseIccCardStatus: from AIDL: IccCardState {CARDSTATE_ABSENT,PINSTATE_UNKNOWN,num_apps=0,gsm_id=-1,cdma_id=-1,ims_id=-1,atr=,iccid=,eid=,SupportedMepMode=NONE,SlotPortMapping={physicalSlotIndex=1, portIndex=0}} [PHONE1]
04-12 20:43:57.908571  2665  2679 I RILJ    : [0049]< GET_SIM_STATUS IccCardState {CARDSTATE_ABSENT,PINSTATE_UNKNOWN,num_apps=0,gsm_id=-1,cdma_id=-1,ims_id=-1,atr=,iccid=,eid=,SupportedMepMode=NONE,SlotPortMapping={physicalSlotIndex=1, portIndex=0}} [PHONE1]
04-12 20:43:57.912558  2665  2665 D MtkGsmCdmaPhone: EVENT_ICC_CHANGED, phone id = 0, result = null
04-12 20:43:57.912677  2665  2665 E GsmCdmaPhone: [0] reapplyUiccAppsEnablementIfNeeded: slot state=null
04-12 20:43:57.912752  2665  2665 E GsmCdmaPhone: [0] reapplyUiccAppsEnablementIfNeeded(), slot is null ,mUiccApplicationsEnabled = null
04-12 20:43:57.916780  2665  2665 D MtkGsmCdmaPhone: isPhoneTypeCdmaLte:false, phoneId: 0 isCdmaWithoutLteCard: false mNewVoiceTech: -1
04-12 20:43:57.916820  2665  2665 D GsmCdmaCallTracker: [0] EVENT_RIL_CONNECTED 0
04-12 20:43:57.916831  2665  2665 D GsmCdmaCallTkr: Receives EVENT_RADIO_OFF_OR_NOT_AVAILABLE
04-12 20:43:57.919646  2665  2665 D GsmCdmaCallTracker: [0] update phone state, old=IDLE new=IDLE
04-12 20:43:57.921170  2665  2665 D MtkGsmSMSDispatcher: Wrong phone id event coming, PhoneId: -1
04-12 20:43:57.921182  2665  2665 D MtkGsmSMSDispatcher: Wrong phone id event coming, PhoneId: -1
04-12 20:43:57.921211  2665  2665 D MtkGsmInboundSmsHandler-0: StartupState.processMessage: processing EVENT_START_ACCEPTING_SMS
04-12 20:43:57.921223  2665  2665 D MtkGsmInboundSmsHandler-0: IdleState.enter: entering IdleState
04-12 20:43:57.921250  2665  2665 D MtkCdmaInboundSmsHandler-0: StartupState.processMessage: processing EVENT_START_ACCEPTING_SMS
04-12 20:43:57.921258  2665  2665 D MtkCdmaInboundSmsHandler-0: IdleState.enter: entering IdleState
04-12 20:43:57.929533  2665  2665 I RILJ    : [0050]> BASEBAND_VERSION [PHONE0]
04-12 20:43:57.931907  1342  1824 I AT      : SEND MSGID=0001 [SYS_GET_INFO_REQ], TXID=0172 [RFXSender_1], DUMP=84195424000000000100010072010000
04-12 20:43:57.932836  2665  2665 I RILJ    : [0051]> DEVICE_IMEI [PHONE0]
04-12 20:43:57.939958  2665  2665 I RILJ    : [0052]> DEVICE_IDENTITY [PHONE0]
04-12 20:43:57.943444  2665  2665 I RILJ    : [0053]> GET_RADIO_CAPABILITY [PHONE0]
04-12 20:43:57.946201  2665  2966 I RILJ    : convertHalRadioCapability: session=-1, phase=3, rat=561156, logicModemUuid=modem_sys1_ps0_nr1, status=1, rcRil.raf=1130504 [PHONE0]
04-12 20:43:57.946260  2665  2966 I RILJ    : [0053]< GET_RADIO_CAPABILITY {mPhoneId = 0 mVersion=1 mSession=-1 mPhase=3 mRadioAccessFamily=561156 mLogicModemId=modem_sys1_ps0_nr1 mStatus=1} [PHONE0]
04-12 20:43:57.946394  2665  2665 I RILJ    : [0054]> GET_UICC_APPLICATIONS_ENABLEMENT [PHONE0]
04-12 20:43:57.947009  1342  1740 I AT      : RECV MSGID=0002 [SYS_GET_INFO_CNF], TXID=0172, DUMP=8419542400000000010202007201F003000004002A2A2A2A010101002A000000020101002A000000030104002A2A2A2A040104002A2A2A2A050104002A2A2A2A060104002A2A2A2A070104002A2A2A2A080120002A2A2A2A2A2A2A2A2A2A2A2A2A2A2A2A2A2A2A2A2A2A2A2A2A2A2A2A2A2A2A2A00000000090180002A2A2A2A2A2A2A2A2A2A2A2A2A2A2A2A2A2A2A2A2A2A2A2A2A2A2A2A2A2A2A2A2A2A2A2A2A2A2A2A2A2A2A2A2A2A2A2A2A2A2A2A2A2A2A2A2A2A2A2A2A2A2A2A2A2A2A2A2A2A2A2A2A2A2A2A2A2A2A2A2A2A2A2A2A2A2A2A2A2A2A2A2A2A2A2A2A2A2A2A2A2A2A2A2A2A2A2A2A2A2A2A2A2A2A2A2A2A2A2A2A2A2A2A2A2A2A2A000000000A0101002A0000000B0101002A0000000C0101002A0000000D0104002A2A2A2A0E0118002A2A2A2A2A2A2A2A2A2A2A2A2A2A2A2A2A2A2A2A2A2A2A2A000000000F810F002A2A2A2A2A2A2A2A2A2A2A2A2A2A2A0000000000100120002A2A2A2A2A2A2A2A2A2A2A2A2A2A2A2A2A2A2A2A2A2A2A2A2A2A2A2A2A2A2A2A00000000110140002A2A2A2A2A2A2A2A2A2A2A2A2A2A2A2A2A2A2A2A2A2A2A2A2A2A2A2A2A2A2A2A2A2A2A2A2A2A2A2A2A2A2A2A2A2A2A2A2A2A2A2A2A2A2A2A2A2A2A2A2A2A2A2A0000000012011E002A2A2A2A2A2A2A2A2A2A2A2A2A2A2A2A2A2A2A2A2A2A2A2A2A2
04-12 20:43:57.948245  1342  1824 I RmmOemHandler: [0] requestBasebandVersion:MOLY.NR17.R2.MP2.RC.MP.V36.16.P1, 2026/03/24 14:47
04-12 20:43:57.948286  1342  1824 I RmmOemHandler: [0] Original Baseband Version: MOLY.NR17.R2.MP2.RC.MP.V36.16.P1
04-12 20:43:57.948406  1342  1824 I RmmOemHandler: [0] Customized Baseband Version: TA15152P1
04-12 20:43:57.948478  1342  1824 I AT      : SEND MSGID=1514 [MIPC_SYS_GET_PRIMARY_IMEI_INFO_REQ], TXID=0173 [RFXSender_1], DUMP=84195424000000000100141573010000
04-12 20:43:57.950397  1342  1805 E RtmCommSimCtrl: [0] handleAreUiccApplicationsEnabled() not support, slot:0, msgslot:0, enable:1
04-12 20:43:57.952147  2665  2679 I RILJ    : [0054]< GET_UICC_APPLICATIONS_ENABLEMENT error 11 [PHONE0]
04-12 20:43:57.952727  2665  2665 I RILJ    : [0055]> SET_NULL_CIPHER_AND_INTEGRITY_ENABLED [PHONE0]
04-12 20:43:57.952951  2665  2679 D RilRequest: [0054]< GET_UICC_APPLICATIONS_ENABLEMENT error: com.android.internal.telephony.CommandException: SIM_ABSENT ret=true result={ when=-21s745ms what=55 target=com.mediatek.internal.telephony.MtkGsmCdmaPhone }
04-12 20:43:57.954872  1342  1740 I AT      : RECV MSGID=1515 [MIPC_SYS_GET_PRIMARY_IMEI_INFO_CNF], TXID=0173, DUMP=8419542400000000010215157301300000000400000000000001010000000000018110002A2A2A2A2A2A2A2A2A2A2A2A2A2A2A2A00000000028102002A2A0000
04-12 20:43:57.956917  2665  2966 I RILJ    : [0050]< BASEBAND_VERSION TA15152P1 [PHONE0]
04-12 20:43:57.957123  2665  2665 D CellularIdentifierDisclosureNotifier: disabled
04-12 20:43:57.958267  2665  2665 I RILJ    : [0056]> SET_CELLULAR_IDENTIFIER_DISCLOSED_ENABLED enable=false [PHONE0]
04-12 20:43:57.958756  2665  2665 D NullCipherNotifier: disabled
04-12 20:43:57.958746  1342  1824 I RmmOemHandler: [0] requestDeviceImei primary imei slot id(0)
04-12 20:43:57.958855  1342  1824 I AT      : SEND MSGID=1161 [NW_SET_ALLOWED_SECURITY_ALGO_CONFIG_REQ], TXID=0174 [RFXSender_1], DUMP=841954240000000001006111740108000001010001000000
04-12 20:43:57.959781  2665  3529 D CellularIdentifierDisclosureNotifier: On disable notifier
04-12 20:43:57.959882  2665  3530 I NullCipherNotifier: On enable notifier. Enable value: false
04-12 20:43:57.961886  2665  2966 I RILJ    : [0051]< DEVICE_IMEI {[****], 1, 78} [PHONE0]
04-12 20:43:57.964155  2665  2665 I RILJ    : [0057]> SET_SECURITY_ALGORITHMS_UPDATED_ENABLED enable=false [PHONE0]
04-12 20:43:57.964303  2665  2665 D MtkGsmCdmaPhone: EVENT_RADIO_OFF_OR_NOT_AVAILABLEreceived.
04-12 20:43:57.964844  2665  2679 I RILJ    : [0057]< SET_SECURITY_ALGORITHMS_UPDATED_ENABLED  [PHONE0]
