04-12 20:43:52.590917  1342  1740 I AT      : RECV MSGID=053c [SIM_GET_EUICC_SLOTS_STATUS_CNF], TXID=015e, DUMP=841954240000000001023C055E01E0030000040000000000000101000200000001813A012A2A2A2A2A2A2A2A2A2A2A2A2A2A2A2A2A2A2A2A2A2A2A2A2A2A2A2A2A2A2A2A2A2A2A2A2A2A2A2A2A2A2A2A2A2A2A2A2A2A2A2A2A2A2A2A2A2A2A2A2A2A2A2A2A2A2A2A2A2A2A2A2A2A2A2A2A2A2A2A2A2A2A2A2A2A2A2A2A2A2A2A2A2A2A2A2A2A2A2A2A2A2A2A2A2A2A2A2A2A2A2A2A2A2A2A2A2A2A2A2A2A2A2A2A2A2A2A2A2A2A2A2A2A2A2A2A2A2A2A2A2A2A2A2A2A2A2A2A2A2A2A2A2A2A2A2A2A2A2A2A2A2A2A2A2A2A2A2A2A2A2A2A2A2A2A2A2A2A2A2A2A2A2A2A2A2A2A2A2A2A2A2A2A2A2A2A2A2A2A2A2A2A2A2A2A2A2A2A2A2A2A2A2A2A2A2A2A2A2A2A2A2A2A2A2A2A2A2A2A2A2A2A2A2A2A2A2A2A2A2A2A2A2A2A2A2A2A2A2A2A2A2A2A2A2A2A2A2A2A2A2A2A2A2A2A2A2A2A2A2A2A2A2A2A2A2A2A2A2A2A2A2A2A2A2A2A2A2A2A2A2A2A2A2A2A2A2A2A2A2A2A2A2A2A2A2A2A2A2A2A2A2A2A0000020100000000000000000000FA7F0200FA7F010000000000FB7F010000000000030100000000000000000000F87F0200F87F010001000000F97F010001000000040100000000000000000000F67F0200F67F010000000000F77F010001000000058100002A2A2A2A2A2A2A2A2A2A2A2AF4FF01002A000000F5FF01002A000
04-12 20:43:52.591820  1342  1805 E RadioConfig_service: radioConfigServiceImpl->configIndication is NULL
04-12 20:43:53.071756  1342  1802 E RfxBaseHandler: [0] unregisterToHandleMipcURC error:-1, slotId:0, mipcId:4212
04-12 20:43:53.077945  1342  1803 E RfxBaseHandler: [1] unregisterToHandleMipcURC error:-1, slotId:1, mipcId:4212
04-12 20:43:53.548793  1135  1152 I mipc_lib: SEND MSGID=1409 [MIPC_LOC_LBS_SYNC_LOCATION_EM_CONFIG_REQ], TXID=0004 [binder:1135_2], DUMP=8419542400000000010009140400100000010400010000000101040000000000
04-12 20:43:53.555057  1135  1889 I mipc_lib: RECV MSGID=140a [MIPC_LOC_LBS_SYNC_LOCATION_EM_CONFIG_CNF], TXID=0004, DUMP=841954240000000001020A1404000800000004006A000000
04-12 20:43:54.011122  1340  1356 I mipc_lib: CHECK IF MODEM IS READY STATRT!
04-12 20:43:54.011270  1340  1356 I mipc_lib: MODEM IS READY NOW! OPENCOM /dev/ttyCMIPC9 start
04-12 20:43:54.012259  1340  1356 I mipc_lib: OPENCOM /dev/ttyCMIPC9 end
04-12 20:43:54.013058  1340  1356 E mipc_lib: open libtrm success
04-12 20:43:54.013227  1340  1356 I mipc_lib: SEND MSGID=0305 [INTERNAL_TEST_REQ], TXID=0000 [thermal_core], DUMP=8419542400000000FF00050300000000
04-12 20:43:54.019355  1340  2117 I mipc_lib: RECV MSGID=0306 [INTERNAL_TEST_CNF], TXID=0000, DUMP=8419542400000000FF020603000008000000040000000000
04-12 20:43:54.019434  1340  1356 I mipc_lib: SEND MSGID=0301 [INTERNAL_OPEN_REQ], TXID=0001 [thermal_core], DUMP=8419542400000000FF00010301002800000104000200000001010F002F6465762F747479434D495043390000000000000201010001000000
04-12 20:43:54.020083  1340  2117 I mipc_lib: RECV MSGID=0302 [INTERNAL_OPEN_CNF], TXID=0001, DUMP=8419542400000000FF020203010018000000040000000000000104000000000001010400E0930400
04-12 20:43:54.020293  1340  1356 I mipc_lib: SEND MSGID=000f [SYS_GET_THERMAL_SENSOR_NUM_REQ], TXID=0002 [thermal_core], DUMP=841954240000000001000F0002000000
04-12 20:43:54.021012  1340  2117 I mipc_lib: RECV MSGID=0010 [SYS_GET_THERMAL_SENSOR_NUM_CNF], TXID=0002, DUMP=8419542400000000010210000200100000000400000000000001040004000000
04-12 20:43:54.021154  1340  1356 I mipc_lib: SEND MSGID=0017 [SYS_GET_THERMAL_ACTUATOR_NUM_REQ], TXID=0004 [thermal_core], DUMP=84195424000000000100170004000000
04-12 20:43:54.021970  1340  2117 I mipc_lib: RECV MSGID=0018 [SYS_GET_THERMAL_ACTUATOR_NUM_CNF], TXID=0004, DUMP=8419542400000000010218000400100000000400000000000001040014000000
04-12 20:43:54.022081  1340  1356 I mipc_lib: SEND MSGID=0011 [SYS_GET_THERMAL_SENSOR_INFO_REQ], TXID=0005 [thermal_core], DUMP=841954240000000001001100050008000001040000000000
04-12 20:43:54.023763  1340  2117 I mipc_lib: RECV MSGID=0012 [SYS_GET_THERMAL_SENSOR_INFO_CNF], TXID=0005, DUMP=841954240000000001021200050068000000040000000000000104000000000001010B00534F435F4F6E5F4469650000020101000000000003010100060000000401040038FFFFFF050104000F27000006010400320000000701040001000000080104000F270000090104007E0400000A0104000C000000
04-12 20:43:54.023836  1340  1356 I mipc_lib: SEND MSGID=0011 [SYS_GET_THERMAL_SENSOR_INFO_REQ], TXID=0006 [thermal_core], DUMP=841954240000000001001100060008000001040001000000
04-12 20:43:54.024591  1340  2117 I mipc_lib: RECV MSGID=0012 [SYS_GET_THERMAL_SENSOR_INFO_CNF], TXID=0006, DUMP=841954240000000001021200060068000000040000000000000104000100000001010800534F435F4E54430000000000020101000000000003010100060000000401040038FFFFFF050104000F270000060104001E0000000701040001000000080104000F270000090104007E0400000A01040064000000
04-12 20:43:54.024673  1340  1356 I mipc_lib: SEND MSGID=0011 [SYS_GET_THERMAL_SENSOR_INFO_REQ], TXID=0007 [thermal_core], DUMP=841954240000000001001100070008000001040002000000
04-12 20:43:54.025441  1340  2117 I mipc_lib: RECV MSGID=0012 [SYS_GET_THERMAL_SENSOR_INFO_CNF], TXID=0007, DUMP=841954240000000001021200070070000000040000000000000104000200000001010F0050415F47726F75705F315F4E5443000000000000020101000000000003010100060000000401040038FFFFFF050104000F270000060104001E0000000701040001000000080104000F270000090104007E0400000A01040064000000
04-12 20:43:54.025506  1340  1356 I mipc_lib: SEND MSGID=0011 [SYS_GET_THERMAL_SENSOR_INFO_REQ], TXID=0008 [thermal_core], DUMP=841954240000000001001100080008000001040003000000
04-12 20:43:54.026300  1340  2117 I mipc_lib: RECV MSGID=0012 [SYS_GET_THERMAL_SENSOR_INFO_CNF], TXID=0008, DUMP=841954240000000001021200080070000000040000000000000104000300000001010F0050415F47726F75705F325F4E5443000000000000020101000000000003010100060000000401040038FFFFFF050104000F270000060104001E0000000701040001000000080104000F270000090104007E0400000A01040064000000
04-12 20:43:54.026372  1340  1356 I mipc_lib: SEND MSGID=0065 [SYS_GET_ALL_THERMAL_INFO_REQ], TXID=0009 [thermal_core], DUMP=84195424000000000100650009000000
04-12 20:43:54.027797  1340  2117 I mipc_lib: RECV MSGID=0066 [SYS_GET_ALL_THERMAL_INFO_CNF], TXID=0009, DUMP=8419542400000000010266000900180500000400000000000101010001000000020100000000000000000000FC7F0400FC7F080000000000FB01000000000000FD7F0800010000008901000000000000FE7F0800020000007F01000000000000FF7F0800030000007801000000000000030100000000000000000000E87F1400E87F3400010000000800000000000000554C205468726F74746C650000000000000000000000000000000000000000000000000000000000E97F3400020000001500000000000000545820504F5745522034470000000000000000000000000000000000000000000000000000000000EA7F340003000000FF000000FFFFFF00434320436F6E74726F6C000000000000000000000000000000000000000000000000000000000000EB7F340004000000000000000000000048656164737769746368000000000000000000000000000000000000000000000000000000000000EC7F340005000000000000000000000052415300000000000000000000000000000000000000000000000000000000000000000000000000ED7F3400060000000000000000000000545820504F5745522035472000000000000000000000000000000000000000000000000000000000EE7F340007000000010000000000000
04-12 20:43:54.421406  1744  1744 D TelephonyRegistry: listen oscl: mHasNotifySubscriptionInfoChangedOccurred==false no callback
04-12 20:43:54.453371  1744  2218 D TelephonyRegistry: listen oscl: mHasNotifySubscriptionInfoChangedOccurred==false no callback
04-12 20:43:54.555420  1135  1152 I mipc_lib: SEND MSGID=1409 [MIPC_LOC_LBS_SYNC_LOCATION_EM_CONFIG_REQ], TXID=0005 [binder:1135_2], DUMP=8419542400000000010009140500100000010400010000000101040000000000
04-12 20:43:54.561352  1135  1889 I mipc_lib: RECV MSGID=140a [MIPC_LOC_LBS_SYNC_LOCATION_EM_CONFIG_CNF], TXID=0005, DUMP=841954240000000001020A1405000800000004006A000000
04-12 20:43:54.640313  1744  2238 D TelephonyRegistry: listen oscl: mHasNotifySubscriptionInfoChangedOccurred==false no callback
04-12 20:43:54.738835  1744  1744 D TelephonyRegistry: listen oscl: mHasNotifySubscriptionInfoChangedOccurred==false no callback
04-12 20:43:55.059818  1744  1744 W TelephonyRegistry: Pid 1744 has exceeded half the number of permissible registered listeners. Now at 25
04-12 20:43:55.059992  1744  1744 W TelephonyRegistry: Pid 1744 has exceeded half the number of permissible registered listeners. Now at 26
04-12 20:43:55.293650  1744  1744 W TelephonyRegistry: Pid 1744 has exceeded half the number of permissible registered listeners. Now at 27
04-12 20:43:55.295504  1744  1744 W TelephonyRegistry: Pid 1744 has exceeded half the number of permissible registered listeners. Now at 28
04-12 20:43:55.459269  1744  2207 W TelephonyRegistry: Pid 1744 has exceeded half the number of permissible registered listeners. Now at 29
04-12 20:43:55.459350  1744  2207 D TelephonyRegistry: listen oscl: mHasNotifySubscriptionInfoChangedOccurred==false no callback
04-12 20:43:55.461230  1744  1744 W TelephonyRegistry: Pid 1744 has exceeded half the number of permissible registered listeners. Now at 30
04-12 20:43:55.461262  1744  1744 D TelephonyRegistry: listen oscl: mHasNotifySubscriptionInfoChangedOccurred==false no callback
04-12 20:43:55.462569  1744  1744 W TelephonyRegistry: Pid 1744 has exceeded half the number of permissible registered listeners. Now at 31
04-12 20:43:55.462872  1744  1744 W TelephonyRegistry: Pid 1744 has exceeded half the number of permissible registered listeners. Now at 32
04-12 20:43:55.463089  1744  1744 W TelephonyRegistry: Pid 1744 has exceeded half the number of permissible registered listeners. Now at 33
04-12 20:43:55.463277  1744  1744 W TelephonyRegistry: Pid 1744 has exceeded half the number of permissible registered listeners. Now at 34
04-12 20:43:55.563337  1135  1152 I mipc_lib: SEND MSGID=1409 [MIPC_LOC_LBS_SYNC_LOCATION_EM_CONFIG_REQ], TXID=0006 [binder:1135_2], DUMP=8419542400000000010009140600100000010400010000000101040000000000
04-12 20:43:55.569369  1135  1889 I mipc_lib: RECV MSGID=140a [MIPC_LOC_LBS_SYNC_LOCATION_EM_CONFIG_CNF], TXID=0006, DUMP=841954240000000001020A1406000800000004006A000000
04-12 20:43:55.605264  1744  2217 W TelephonyRegistry: Pid 1744 has exceeded half the number of permissible registered listeners. Now at 35
04-12 20:43:55.605402  1744  2217 W TelephonyRegistry: Pid 1744 has exceeded half the number of permissible registered listeners. Now at 36
04-12 20:43:55.606854  1744  2208 W TelephonyRegistry: Pid 1744 has exceeded half the number of permissible registered listeners. Now at 37
04-12 20:43:55.606869  1744  2208 D TelephonyRegistry: listen oscl: mHasNotifySubscriptionInfoChangedOccurred==false no callback
04-12 20:43:55.607695  1744  2208 W TelephonyRegistry: Pid 1744 has exceeded half the number of permissible registered listeners. Now at 38
04-12 20:43:55.635361  1744  1744 W TelephonyRegistry: Pid 1744 has exceeded half the number of permissible registered listeners. Now at 39
04-12 20:43:55.635492  1744  1744 W TelephonyRegistry: Pid 1744 has exceeded half the number of permissible registered listeners. Now at 40
04-12 20:43:55.635520  1744  1744 D TelephonyRegistry: listen oscl: mHasNotifySubscriptionInfoChangedOccurred==false no callback
04-12 20:43:55.665125  1744  1903 W CarrierConfigManager: Error getting config for subId -1 ICarrierConfigLoader is null
04-12 20:43:55.687624  1744  1744 W TelephonyRegistry: Pid 1744 has exceeded half the number of permissible registered listeners. Now at 41
04-12 20:43:55.687640  1744  1744 D TelephonyRegistry: listen oscl: mHasNotifySubscriptionInfoChangedOccurred==false no callback
04-12 20:43:55.692738  1744  1744 W TelephonyRegistry: Pid 1744 has exceeded half the number of permissible registered listeners. Now at 42
04-12 20:43:55.692763  1744  1744 D TelephonyRegistry: listen oscl: mHasNotifySubscriptionInfoChangedOccurred==false no callback
04-12 20:43:55.709603  1744  1744 D TelephonyRegistry: systemRunning register for intents
04-12 20:43:55.720464  1744  1929 W TelephonyRegistry: Pid 1744 has exceeded half the number of permissible registered listeners. Now at 43
04-12 20:43:55.720525  1744  1929 D TelephonyRegistry: listen oscl: mHasNotifySubscriptionInfoChangedOccurred==false no callback
04-12 20:43:55.948144  1342  1829 I AT      : SEND MSGID=050f [SIM_STATUS_REQ], TXID=015f [RFXSender_6], DUMP=841954240000000001000F055F0108000001010001000000
04-12 20:43:55.955168  1342  1740 I AT      : RECV MSGID=0510 [SIM_STATUS_CNF], TXID=015f, DUMP=8419542400000000010210055F010801000004000300000000010100000000000101010000000000020101000000000003010100000000000401010000000000050101000000000006010100FF00000007010100FF00000008010100FF00000009010100000000000C8115002A2A2A2A2A2A2A2A2A2A2A2A2A2A2A2A2A2A2A2A2A000000000000000D8150002A2A2A2A2A2A2A2A2A2A2A2A2A2A2A2A2A2A2A2A2A2A2A2A2A2A2A2A2A2A2A2A2A2A2A2A2A2A2A2A2A2A2A2A2A2A2A2A2A2A2A2A2A2A2A2A2A2A2A2A2A2A2A2A2A2A2A2A2A2A2A2A2A2A2A2A2A2A2A2A000000000E010100000000000F0101000000000010010100000000001101010000000000120101000000000014010100000000001501010000000000
04-12 20:43:55.961589  1342  1829 I RmmSimCommReq: [0] handleGetSimStatusResponse, token:9, result:3,state:0,pin:0,appindex:-1,-1,-1, atr:80,, icid:21,, eid:0,(null), mepMode:0
04-12 20:43:55.962561  2665  2665 I MtkIccProvider: MtkIccProvider URL_MATCHER android.content.UriMatcher@c77b7e2
04-12 20:43:55.962859  1342  1805 I RtmRadioCont: [0] onSimStateChanged 6 -> 1
04-12 20:43:55.962883  1342  1805 I RtmRadioCont: [0] updateRadioState, SIM1 state:1, request:0, current:0
04-12 20:43:55.962888  1342  1805 I RtmRadioCont: [0] updateRadioState, SIM2 state:1, request:0, current:0
04-12 20:43:55.963080  1342  1805 I RtmImsConfigController: [0] onSimStateChanged, simState = 1
04-12 20:43:55.963184  1342  1805 I RtmImsConfigController: [0] Do not support DYNAMIC IMS SWITCH, return!
04-12 20:43:55.963194  1342  1805 I VT RIL RTM: [0] onSimStateChanged, simState = 1
04-12 20:43:55.963197  1342  1805 I VT RIL RTM: [0] SIM absemt, clear SPB in Mcl
04-12 20:43:55.963979  1342  1836 I VT RIL RMM: [Handle REQ] request = 59028
04-12 20:43:55.963993  1342  1836 I VT RIL RMM: clear SBP flag for slotId: 0
04-12 20:43:55.964110  1342  1805 E RILC    : RIL_onRequestComplete: invalid RIL_Token
04-12 20:43:55.972900  1342  1842 I AT      : SEND MSGID=050f [SIM_STATUS_REQ], TXID=0160 [RFXSender_18], DUMP=841954240000000002000F05600108000001010001000000
04-12 20:43:55.980746  1342  1740 I AT      : RECV MSGID=0510 [SIM_STATUS_CNF], TXID=0160, DUMP=84195424000000000202100560010801000004000300000000010100000000000101010001000000020101000100000003010100000000000401010000000000050101000000000006010100FF00000007010100FF00000008010100FF00000009010100000000000C8115002A2A2A2A2A2A2A2A2A2A2A2A2A2A2A2A2A2A2A2A2A000000000000000D8150002A2A2A2A2A2A2A2A2A2A2A2A2A2A2A2A2A2A2A2A2A2A2A2A2A2A2A2A2A2A2A2A2A2A2A2A2A2A2A2A2A2A2A2A2A2A2A2A2A2A2A2A2A2A2A2A2A2A2A2A2A2A2A2A2A2A2A2A2A2A2A2A2A2A2A2A2A2A2A2A000000000E010100000000000F0101000000000010010100000000001101010000000000120101000000000014010100010000001501010000000000
04-12 20:43:55.986957  1342  1842 I RmmSimCommReq: [1] handleGetSimStatusResponse, token:11, result:3,state:0,pin:0,appindex:-1,-1,-1, atr:80,, icid:21,, eid:0,(null), mepMode:0
04-12 20:43:55.987397  1342  1805 I RtmRadioCont: [1] onSimStateChanged 6 -> 1
04-12 20:43:55.987444  1342  1805 I RtmRadioCont: [1] updateRadioState, SIM1 state:1, request:0, current:0
04-12 20:43:55.987450  1342  1805 I RtmRadioCont: [1] updateRadioState, SIM2 state:1, request:0, current:0
04-12 20:43:55.987882  1342  1805 I RtmImsConfigController: [1] onSimStateChanged, simState = 1
04-12 20:43:55.987953  1342  1805 I RtmImsConfigController: [1] Do not support DYNAMIC IMS SWITCH, return!
04-12 20:43:55.987964  1342  1805 I VT RIL RTM: [1] onSimStateChanged, simState = 1
04-12 20:43:55.987967  1342  1805 I VT RIL RTM: [1] SIM absemt, clear SPB in Mcl
04-12 20:43:55.988081  1342  1836 I VT RIL RMM: [Handle REQ] request = 59028
04-12 20:43:55.988090  1342  1836 I VT RIL RMM: clear SBP flag for slotId: 1
04-12 20:43:55.988143  1342  1805 E RILC    : RIL_onRequestComplete: invalid RIL_Token
04-12 20:43:56.004382  2685  2685 I ImsApp  : ImsApp onCreate begin
04-12 20:43:56.009813  2685  2685 I ImsService: init
04-12 20:43:56.010517  2685  2685 I IMS_RILA: Ims-RIL: init phone = 0
04-12 20:43:56.030330  2685  2685 I IMS_RILA: Ims-RIL: proxy = true [SUB0]
04-12 20:43:56.031503  2685  2685 I IMS_RILA: getRadioServiceProxy: voice mRadioVersion 2.2 [SUB0]
04-12 20:43:56.032486  1342  1342 I RIL-Fusion: getRadioState(): (0)radioState=0
04-12 20:43:56.032520  1342  1342 E RILC    : radioStateChanged: radioModemServiceImpl[0].modemIndication == NULL
04-12 20:43:56.032524  1342  1342 I RIL-Fusion: getRadioState(): (0)radioState=0
04-12 20:43:56.032528  1342  1342 E RILC    : imsRadioStateChangedInd: ims radioModemServiceImpl[4].modemIndication == NULL
04-12 20:43:56.032577  1342  1342 E RILC    : radioStateChanged: radioModemServiceImpl[0].mtkEmIndication == NULL
04-12 20:43:56.032591  1342  1342 I RILC    : onNewCommandConnect, slot 0, client 2
04-12 20:43:56.032611  1342  1393 I RILC    : sendPendedUrcCallback 1 0 2
04-12 20:43:56.033198  1342  1829 I AT      : SEND MSGID=050f [SIM_STATUS_REQ], TXID=0161 [RFXSender_6], DUMP=841954240000000001000F05610108000001010001000000
04-12 20:43:56.033286  2685  2685 I IMS_RILA: Ims-RIL: serviceProxy.isAidl = true [SUB0]
04-12 20:43:56.039534  2685  2685 I IMS_RILA: getRadioServiceProxy: sim mRadioVersion 2.2 [SUB0]
04-12 20:43:56.039734  2685  2685 I IMS_RILA: Ims-RIL: serviceProxy.isAidl = true [SUB0]
04-12 20:43:56.040155  1342  1740 I AT      : RECV MSGID=0510 [SIM_STATUS_CNF], TXID=0161, DUMP=84195424000000000102100561010801000004000300000000010100000000000101010000000000020101000000000003010100000000000401010000000000050101000000000006010100FF00000007010100FF00000008010100FF00000009010100000000000C8115002A2A2A2A2A2A2A2A2A2A2A2A2A2A2A2A2A2A2A2A2A000000000000000D8150002A2A2A2A2A2A2A2A2A2A2A2A2A2A2A2A2A2A2A2A2A2A2A2A2A2A2A2A2A2A2A2A2A2A2A2A2A2A2A2A2A2A2A2A2A2A2A2A2A2A2A2A2A2A2A2A2A2A2A2A2A2A2A2A2A2A2A2A2A2A2A2A2A2A2A2A2A2A2A2A000000000E010100000000000F0101000000000010010100000000001101010000000000120101000000000014010100000000001501010000000000
04-12 20:43:56.046079  2685  2685 D RadioModemProxy: AIDL initialized
04-12 20:43:56.046113  2685  2685 I IMS_RILA: getRadioServiceProxy: modem mRadioVersion 2.2 [SUB0]
04-12 20:43:56.046333  2685  2685 I IMS_RILA: Ims-RIL: serviceProxy.isAidl = true [SUB0]
04-12 20:43:56.046725  1342  1342 I RILC    : notifyModemImsServiceReady, [0]Fire Pending indication UNSOL_RESPONSE_RADIO_STATE_CHANGED(0)
04-12 20:43:56.046742  1342  1342 I RIL-Fusion: getRadioState(): (0)radioState=0
04-12 20:43:56.049834  1342  1829 I RmmSimCommReq: [0] handleGetSimStatusResponse, token:13, result:3,state:0,pin:0,appindex:-1,-1,-1, atr:80,, icid:21,, eid:0,(null), mepMode:0
04-12 20:43:56.056877  2685  2685 D RadioNetworkProxy: AIDL initialized
04-12 20:43:56.060194  2685  2685 I IMS_RILA: getRadioServiceProxy: nw mRadioVersion 2.2 [SUB0]
04-12 20:43:56.061663  2685  2685 I IMS_RILA: Ims-RIL: serviceProxy.isAidl = true [SUB0]
04-12 20:43:56.090120  1744  2699 D TelephonyRegistry: listen oscl: mHasNotifySubscriptionInfoChangedOccurred==false no callback
04-12 20:43:56.107820  2605  2605 W CarrierConfigManager: Error getting config for subId -1 ICarrierConfigLoader is null
04-12 20:43:56.114410  2685  2685 D MtkRadioExImsProxy: AIDL version=2, halVersion=4.1
04-12 20:43:56.114433  2685  2685 I IMS_RILA: getMtkRadioExServiceProxy, ims mMtkRadioVersion = 4.1 [SUB0]
04-12 20:43:56.115244  1342  1342 I RILC    : onNewCommandConnect, slot 0, client 3
04-12 20:43:56.115288  1342  1393 I RILC    : sendPendedUrcCallback 1 0 3
04-12 20:43:56.115292  1342  1393 I RILC    : sendPendedUrcs start RIL_SOCKET_1, RIL_UNSOL_IMS_BEARER_INIT, client 3
04-12 20:43:56.115499  1342  1393 I RILC    : sendPendedUrcs end RIL_SOCKET_1, RIL_UNSOL_IMS_BEARER_INIT, client 3
04-12 20:43:56.119503  2685  2685 D MtkRadioExVoiceProxy: AIDL version=1, halVersion=4.0
04-12 20:43:56.119539  2685  2685 I IMS_RILA: getMtkRadioExServiceProxy, voice mMtkRadioVersion = 4.0 [SUB0]
04-12 20:43:56.120696  2685  2685 D MtkRadioExModemProxy: AIDL version=3, halVersion=4.2
04-12 20:43:56.120717  2685  2685 I IMS_RILA: getMtkRadioExServiceProxy modem mMtkRadioVersion = 4.2 [SUB0]
04-12 20:43:56.121338  2685  2685 I IMS_RILA: Ims-RIL: init phone = 1
04-12 20:43:56.130893  2685  2685 I IMS_RILA: Ims-RIL: proxy = true [SUB1]
04-12 20:43:56.152965  2665  2665 W TelephonyComponentFactory: getValidatedPaths: com.mediatek.internal.telephony.MtkTelephonyComponentFactory ,/system_ext/framework/mediatek-telephony-common.jar
04-12 20:43:56.153129  2665  2665 W TelephonyComponentFactory: StructStatVfs: 4097 ,1
04-12 20:43:56.153641  2665  2665 D TelephonyComponentFactory: validated paths: /system_ext/framework/mediatek-telephony-common.jar
04-12 20:43:56.157285  2685  2685 I IMS_RILA: getRadioServiceProxy: voice mRadioVersion 2.2 [SUB1]
04-12 20:43:56.157448  2685  2685 I IMS_RILA: Ims-RIL: serviceProxy.isAidl = true [SUB1]
04-12 20:43:56.158296  1342  1342 I RIL-Fusion: getRadioState(): (1)radioState=0
04-12 20:43:56.158325  1342  1342 E RILC    : radioStateChanged: radioModemServiceImpl[1].modemIndication == NULL
04-12 20:43:56.158328  1342  1342 I RIL-Fusion: getRadioState(): (1)radioState=0
04-12 20:43:56.158330  1342  1342 E RILC    : imsRadioStateChangedInd: ims radioModemServiceImpl[5].modemIndication == NULL
04-12 20:43:56.158371  1342  1342 E RILC    : radioStateChanged: radioModemServiceImpl[1].mtkEmIndication == NULL
04-12 20:43:56.158376  1342  1342 I RILC    : onNewCommandConnect, slot 1, client 2
04-12 20:43:56.158392  1342  1393 I RILC    : sendPendedUrcCallback 1 1 2
04-12 20:43:56.158496  2685  2685 I IMS_RILA: getRadioServiceProxy: sim mRadioVersion 2.2 [SUB1]
04-12 20:43:56.158564  2685  2685 I IMS_RILA: Ims-RIL: serviceProxy.isAidl = true [SUB1]
04-12 20:43:56.163201  2665  2665 W TelephonyComponentFactory: getValidatedPaths: com.mediatek.internal.telephony.MtkTelephonyComponentFactory ,/system_ext/framework/mediatek-telephony-common.jar
04-12 20:43:56.163246  2665  2665 W TelephonyComponentFactory: StructStatVfs: 4097 ,1
04-12 20:43:56.163265  2665  2665 D TelephonyComponentFactory: Total components injected: 24
04-12 20:43:56.163639  2665  2665 D TDC     : class = class com.mediatek.internal.telephony.MtkTelephonyDevController
04-12 20:43:56.163665  2665  2665 D TDC     : constructor function = public com.mediatek.internal.telephony.MtkTelephonyDevController()
04-12 20:43:56.163698  2665  2665 D TDC     : updateOrInsert: inserting: Modem { uuid=modem, state=0, rilModel=0, rat={}, maxActiveVoiceCall=1, maxActiveDataCall=1, maxStandby=1 }
04-12 20:43:56.163706  2665  2665 D TDC     : updateOrInsert: inserting: Sim { uuid=sim, modemUuid=modem, state=0 }
04-12 20:43:56.163711  2665  2665 D TDC     : MtkTelephonyDevController constructor
04-12 20:43:56.163877  1342  1842 I AT      : SEND MSGID=050f [SIM_STATUS_REQ], TXID=0162 [RFXSender_18], DUMP=841954240000000002000F05620108000001010001000000
04-12 20:43:56.163968  2685  2685 D RadioModemProxy: AIDL initialized
04-12 20:43:56.163988  2685  2685 I IMS_RILA: getRadioServiceProxy: modem mRadioVersion 2.2 [SUB1]
04-12 20:43:56.164072  2685  2685 I IMS_RILA: Ims-RIL: serviceProxy.isAidl = true [SUB1]
04-12 20:43:56.166030  1342  1342 I RILC    : notifyModemImsServiceReady, [1]Fire Pending indication UNSOL_RESPONSE_RADIO_STATE_CHANGED(1)
04-12 20:43:56.166055  1342  1342 I RIL-Fusion: getRadioState(): (1)radioState=0
04-12 20:43:56.166522  2685  2685 D RadioNetworkProxy: AIDL initialized
04-12 20:43:56.166542  2685  2685 I IMS_RILA: getRadioServiceProxy: nw mRadioVersion 2.2 [SUB1]
04-12 20:43:56.166859  2685  2685 I IMS_RILA: Ims-RIL: serviceProxy.isAidl = true [SUB1]
04-12 20:43:56.170820  1342  1740 I AT      : RECV MSGID=0510 [SIM_STATUS_CNF], TXID=0162, DUMP=84195424000000000202100562010801000004000300000000010100000000000101010001000000020101000100000003010100000000000401010000000000050101000000000006010100FF00000007010100FF00000008010100FF00000009010100000000000C8115002A2A2A2A2A2A2A2A2A2A2A2A2A2A2A2A2A2A2A2A2A000000000000000D8150002A2A2A2A2A2A2A2A2A2A2A2A2A2A2A2A2A2A2A2A2A2A2A2A2A2A2A2A2A2A2A2A2A2A2A2A2A2A2A2A2A2A2A2A2A2A2A2A2A2A2A2A2A2A2A2A2A2A2A2A2A2A2A2A2A2A2A2A2A2A2A2A2A2A2A2A2A2A2A2A000000000E010100000000000F0101000000000010010100000000001101010000000000120101000000000014010100010000001501010000000000
04-12 20:43:56.171077  2685  2685 D MtkRadioExImsProxy: AIDL version=2, halVersion=4.1
04-12 20:43:56.171102  2685  2685 I IMS_RILA: getMtkRadioExServiceProxy, ims mMtkRadioVersion = 4.1 [SUB1]
04-12 20:43:56.176900  1342  1842 I RmmSimCommReq: [1] handleGetSimStatusResponse, token:14, result:3,state:0,pin:0,appindex:-1,-1,-1, atr:80,, icid:21,, eid:0,(null), mepMode:0
04-12 20:43:56.181169  2665  2665 D MetricsCollector: registered
04-12 20:43:56.183575  1342  1342 I RILC    : onNewCommandConnect, slot 1, client 3
04-12 20:43:56.183985  1342  1393 I RILC    : sendPendedUrcCallback 1 1 3
04-12 20:43:56.183991  1342  1393 I RILC    : sendPendedUrcs start RIL_SOCKET_2, RIL_UNSOL_IMS_BEARER_INIT, client 3
04-12 20:43:56.184088  2685  2685 D MtkRadioExVoiceProxy: AIDL version=1, halVersion=4.0
04-12 20:43:56.184120  2685  2685 I IMS_RILA: getMtkRadioExServiceProxy, voice mMtkRadioVersion = 4.0 [SUB1]
04-12 20:43:56.184637  1342  1393 I RILC    : sendPendedUrcs end RIL_SOCKET_2, RIL_UNSOL_IMS_BEARER_INIT, client 3
04-12 20:43:56.187270  2685  2685 D MtkRadioExModemProxy: AIDL version=3, halVersion=4.2
04-12 20:43:56.187295  2685  2685 I IMS_RILA: getMtkRadioExServiceProxy modem mMtkRadioVersion = 4.2 [SUB1]
04-12 20:43:56.188508  2685  2685 D ImsDataTracker: mIsBearerNotify rule set to 1
04-12 20:43:56.190290  2685  2929 D DC-ims[0]: DefaultState: enter
04-12 20:43:56.190344  2685  2929 D DC-ims[0]: InactiveState: refreshNetworkLostListener
04-12 20:43:56.190418  2685  2929 E DC-ims[0]: InactiveState: cb already has been released!!
04-12 20:43:56.190457  2685  2929 D DC-ims[0]: InactiveState: refreshNetworkLostListener, uid = 1001, package name: com.mediatek.ims
04-12 20:43:56.191084  2685  2685 D ImsDataTracker: setImsBearerNotification enable: 1
04-12 20:43:56.190477  2665  2665 D MtkTelephonyComponentFactory: makeDefaultPhoneNotifier mtk
04-12 20:43:56.195931  1342  1833 I RmmDcImsURCHandler: [0][handleImsBearerNotification] handleImsBearerNotification phone=0 enable=1
04-12 20:43:56.195943  1342  1833 I RmmDcImsURCHandler: [0][checkImsServiceRestartAfterSystemCrash] vendor.ril.zygote.state=
04-12 20:43:56.195946  1342  1833 I RmmDcImsURCHandler: [0][notifyUnsyncImsBearerRequest] imsPdnState=0
04-12 20:43:56.195948  1342  1833 D RmmDcImsURCHandler: [0][notifyUnsyncImsBearerRequest] no ongoing ACTIVATED or DEACTIVATED event
04-12 20:43:56.208221  2665  2665 D TranSignalSmooth: [TranSignalSmooth]
04-12 20:43:56.208544  2685  2929 D DC-ims[0]: InactiveState:  enter
04-12 20:43:56.208597  2685  2929 D DC-emergency[0]: DefaultState: enter
04-12 20:43:56.208610  2685  2929 D DC-emergency[0]: InactiveState: refreshNetworkLostListener
04-12 20:43:56.208644  2685  2929 E DC-emergency[0]: InactiveState: cb already has been released!!
04-12 20:43:56.208656  2685  2929 D DC-emergency[0]: InactiveState: refreshNetworkLostListener, uid = 1001, package name: com.mediatek.ims
04-12 20:43:56.212058  2685  2929 D DC-emergency[0]: InactiveState:  enter
04-12 20:43:56.212811  2665  2665 D MtkTelephonyRegistryEx: publish: com.mediatek.internal.telephony.MtkTelephonyRegistryEx@66f2e1c
04-12 20:43:56.213320  2665  2665 I PhoneFactory: Cdma Subscription set to -1
04-12 20:43:56.213382  2665  2665 I PhoneFactory: Network Mode set to 32
04-12 20:43:56.213579  2665  2665 I RILJ    : RIL: init allowedNetworkTypes=906119 cdmaSubscription=-1) [PHONEnull]
04-12 20:43:56.213488  2685  2685 D ImsDataTracker: setImsBearerNotification enable: 1
04-12 20:43:56.216437  1342  1849 I RmmDcImsURCHandler: [1][handleImsBearerNotification] handleImsBearerNotification phone=1 enable=1
04-12 20:43:56.216454  1342  1849 I RmmDcImsURCHandler: [1][checkImsServiceRestartAfterSystemCrash] vendor.ril.zygote.state=
04-12 20:43:56.216459  1342  1849 I RmmDcImsURCHandler: [1][notifyUnsyncImsBearerRequest] imsPdnState=0
04-12 20:43:56.216461  1342  1849 D RmmDcImsURCHandler: [1][notifyUnsyncImsBearerRequest] no ongoing ACTIVATED or DEACTIVATED event
04-12 20:43:56.218011  1744  2925 D TelephonyRegistry: listen oscl: mHasNotifySubscriptionInfoChangedOccurred==false no callback
04-12 20:43:56.218429  2685  2685 D ImsManagerOemPluginBase: default isMergeRcsStateToImsSupport = false
04-12 20:43:56.220651  2685  2934 D DC-emergency[1]: DefaultState: enter
04-12 20:43:56.220693  2685  2934 D DC-emergency[1]: InactiveState: refreshNetworkLostListener
04-12 20:43:56.220717  2685  2934 E DC-emergency[1]: InactiveState: cb already has been released!!
04-12 20:43:56.220727  2685  2934 D DC-emergency[1]: InactiveState: refreshNetworkLostListener, uid = 1001, package name: com.mediatek.ims
04-12 20:43:56.221564  2665  2665 I MtkRILJ : getRadioServiceProxy wait for MtkRIL
04-12 20:43:56.221625  2665  2665 I MtkRILJ : canMakeRequest wait for MtkRIL [PHONE0]
04-12 20:43:56.222326  2685  2934 D DC-emergency[1]: InactiveState:  enter
04-12 20:43:56.222352  2685  2934 D DC-ims[1]: DefaultState: enter
04-12 20:43:56.222360  2685  2934 D DC-ims[1]: InactiveState: refreshNetworkLostListener
04-12 20:43:56.222385  2685  2934 E DC-ims[1]: InactiveState: cb already has been released!!
04-12 20:43:56.222394  2685  2934 D DC-ims[1]: InactiveState: refreshNetworkLostListener, uid = 1001, package name: com.mediatek.ims
04-12 20:43:56.223505  2685  2934 D DC-ims[1]: InactiveState:  enter
04-12 20:43:56.224693  2665  2665 I MtkRILJ : getRadioProxy wait for MtkRIL
04-12 20:43:56.224759  2665  2665 I RILJ    : HAL version of RADIO: 2.0 [PHONE0]
04-12 20:43:56.225292  2665  2665 I MtkRILJ : getRadioServiceProxy wait for MtkRIL
04-12 20:43:56.225316  2665  2665 I RILJ    : HAL version of DATA: -1.-1 [PHONE0]
04-12 20:43:56.226307  2665  2665 I MtkRILJ : getRadioServiceProxy wait for MtkRIL
04-12 20:43:56.226329  2665  2665 I RILJ    : HAL version of MESSAGING: -1.-1 [PHONE0]
04-12 20:43:56.226766  2665  2665 I MtkRILJ : getRadioServiceProxy wait for MtkRIL
04-12 20:43:56.226814  2665  2665 I RILJ    : HAL version of MODEM: -1.-1 [PHONE0]
04-12 20:43:56.227237  2665  2665 I MtkRILJ : getRadioServiceProxy wait for MtkRIL
04-12 20:43:56.227288  2665  2665 I RILJ    : HAL version of NETWORK: -1.-1 [PHONE0]
04-12 20:43:56.227820  2665  2665 I MtkRILJ : getRadioServiceProxy wait for MtkRIL
04-12 20:43:56.227844  2665  2665 I RILJ    : HAL version of SIM: -1.-1 [PHONE0]
04-12 20:43:56.228138  2665  2665 I MtkRILJ : getRadioServiceProxy wait for MtkRIL
04-12 20:43:56.228227  2665  2665 I RILJ    : HAL version of VOICE: -1.-1 [PHONE0]
04-12 20:43:56.228528  2665  2665 I MtkRILJ : getRadioServiceProxy wait for MtkRIL
04-12 20:43:56.228603  2665  2665 I RILJ    : HAL version of IMS: -1.-1 [PHONE0]
04-12 20:43:56.228752  2665  2665 D MtkRILJ : constructor: sub = 0
04-12 20:43:56.231553  2665  2665 D RadioModemProxy: AIDL initialized mHalVersion=2.2
04-12 20:43:56.231619  2665  2665 I RILJ    : Linked to death for service MODEM [PHONE0]
04-12 20:43:56.232682  2665  2665 I RILJ    : [0000]> GET_HARDWARE_CONFIG [PHONE0]
04-12 20:43:56.235632  2665  2665 D RadioDataProxy: AIDL initialized mHalVersion=2.2
04-12 20:43:56.235669  2665  2665 I RILJ    : Linked to death for service DATA [PHONE0]
04-12 20:43:56.236071  1342  1826 D RmmHdcHdr: [0] onHandleRequest: 55016
04-12 20:43:56.236086  1342  1826 D RmmHdcHdr: [0] handleHardwareConfigRequest: m_slot_id:0
04-12 20:43:56.236367  1342  1826 D RmmHdcHdr: [0] sendHardwareConfigUrc: m_slot_id:0
04-12 20:43:56.237612  2665  2680 I RILJ    : [0000]< GET_HARDWARE_CONFIG  [Modem { uuid=modem_sys1_ps0_nr1, state=0, rilModel=0, rat={0, 4, 6, 17}, maxActiveVoiceCall=1, maxActiveDataCall=1, maxStandby=2 }] [Sim { uuid=modem_sys1_ps0_nr1, modemUuid=modem_sys1_ps0_nr1, state=0 }]  [PHONE0]
04-12 20:43:56.240159  2665  2665 D RadioMessagingProxy: AIDL initialized mHalVersion=2.2
04-12 20:43:56.240184  2665  2665 I RILJ    : Linked to death for service MESSAGING [PHONE0]
04-12 20:43:56.243200  2665  2665 D RadioNetworkProxy: AIDL initialized mHalVersion=2.2
04-12 20:43:56.243233  2665  2665 I RILJ    : Linked to death for service NETWORK [PHONE0]
04-12 20:43:56.251363  2665  2665 D RadioSimProxy: AIDL initialized mHalVersion=2.2
04-12 20:43:56.251392  2665  2665 I RILJ    : Linked to death for service SIM [PHONE0]
04-12 20:43:56.253132  2665  2665 D RadioVoiceProxy: AIDL initialized mHalVersion=2.2
04-12 20:43:56.253161  2665  2665 I RILJ    : Linked to death for service VOICE [PHONE0]
04-12 20:43:56.257261  2665  2665 D RadioImsProxy: AIDL initialized mHalVersion=2.1
04-12 20:43:56.257295  2665  2665 I RILJ    : Linked to death for service IMS [PHONE0]
04-12 20:43:56.257730  2665  2665 I MtkRILJ : getMtkRadioExProxy returns null for mRadioVersionMtk greaterOrEqual 4.0.
04-12 20:43:56.258114  1342  1342 I RILC    : set all aosp response done: slotId:0
04-12 20:43:56.258387  1342  1342 I RIL-Fusion: getRadioState(): (0)radioState=0
04-12 20:43:56.258401  1342  1342 I RIL-Fusion: getRadioState(): (0)radioState=0
04-12 20:43:56.258436  1342  1342 E RILC    : radioStateChanged: radioModemServiceImpl[0].mtkEmIndication == NULL
04-12 20:43:56.258446  1342  1342 I RILC    : RIL Daemon version: android reference-ril 1.0
04-12 20:43:56.259243  1342  1393 I RILC    : sendPendedUrcCallback 0 0 0
04-12 20:43:56.259250  1342  1393 I RILC    : sendPendedUrcs start RIL_SOCKET_1, UNSOL_RESPONSE_SIM_STATUS_CHANGED, client 0
04-12 20:43:56.259301  1342  1393 I RILC    : sendPendedUrcs end RIL_SOCKET_1, UNSOL_RESPONSE_SIM_STATUS_CHANGED, client 0
04-12 20:43:56.259305  1342  1393 I RILC    : sendPendedUrcs start RIL_SOCKET_1, UNSOL_RESPONSE_SIM_STATUS_CHANGED, client 0
04-12 20:43:56.259315  1342  1393 I RILC    : sendPendedUrcs end RIL_SOCKET_1, UNSOL_RESPONSE_SIM_STATUS_CHANGED, client 0
04-12 20:43:56.259331  1342  1393 I RILC    : sendPendedUrcs start RIL_SOCKET_1, UNSOL_VOICE_RADIO_TECH_CHANGED, client 0
04-12 20:43:56.259346  1342  1393 I RILC    : sendPendedUrcs end RIL_SOCKET_1, UNSOL_VOICE_RADIO_TECH_CHANGED, client 0
04-12 20:43:56.259348  1342  1393 I RILC    : sendPendedUrcs start RIL_SOCKET_1, UNSOL_RESPONSE_SIM_STATUS_CHANGED, client 0
04-12 20:43:56.259360  1342  1393 I RILC    : sendPendedUrcs end RIL_SOCKET_1, UNSOL_RESPONSE_SIM_STATUS_CHANGED, client 0
04-12 20:43:56.259364  1342  1393 I RILC    : sendPendedUrcs start RIL_SOCKET_1, UNSOL_HARDWARE_CONFIG_CHANGED, client 0
04-12 20:43:56.259378  1342  1393 I RILC    : sendPendedUrcs end RIL_SOCKET_1, UNSOL_HARDWARE_CONFIG_CHANGED, client 0
04-12 20:43:56.259488  1342  1342 I RILC    : onNewCommandConnect, slot 0, client 0
04-12 20:43:56.259569  1342  1805 D RtmCC   : onConnectionStateChanged
04-12 20:43:56.259602  1342  1805 D RtmGsmSmsCtrl: [0] onHidlStateChanged (false, true) (slot 0)
04-12 20:43:56.259622  1342  1805 I RtmCapa : [-1] onRilConnected:RFX_STATUS_CONNECTION_STATE(0==>1)
04-12 20:43:56.264364  2665  2665 D MtkRadioExDataProxy: AIDL version=3, halVersion=4.0
04-12 20:43:56.264974  2665  2665 D MtkRadioExDataProxy: AIDL initialized mHalVersion=4.0
04-12 20:43:56.265266  1342  1829 I AT      : SEND MSGID=050f [SIM_STATUS_REQ], TXID=0163 [RFXSender_6], DUMP=841954240000000001000F05630108000001010001000000
04-12 20:43:56.267809  1342  1740 I AT      : RECV MSGID=0510 [SIM_STATUS_CNF], TXID=0163, DUMP=84195424000000000102100563010801000004000300000000010100000000000101010000000000020101000000000003010100000000000401010000000000050101000000000006010100FF00000007010100FF00000008010100FF00000009010100000000000C8115002A2A2A2A2A2A2A2A2A2A2A2A2A2A2A2A2A2A2A2A2A000000000000000D8150002A2A2A2A2A2A2A2A2A2A2A2A2A2A2A2A2A2A2A2A2A2A2A2A2A2A2A2A2A2A2A2A2A2A2A2A2A2A2A2A2A2A2A2A2A2A2A2A2A2A2A2A2A2A2A2A2A2A2A2A2A2A2A2A2A2A2A2A2A2A2A2A2A2A2A2A2A2A2A2A000000000E010100000000000F0101000000000010010100000000001101010000000000120101000000000014010100000000001501010000000000
04-12 20:43:56.271012  1342  1829 I RmmSimCommReq: [0] handleGetSimStatusResponse, token:20, result:3,state:0,pin:0,appindex:-1,-1,-1, atr:80,, icid:21,, eid:0,(null), mepMode:0
04-12 20:43:56.276179  1342  1829 I AT      : SEND MSGID=050f [SIM_STATUS_REQ], TXID=0164 [RFXSender_6], DUMP=841954240000000001000F05640108000001010001000000
04-12 20:43:56.277749  1342  1740 I AT      : RECV MSGID=0510 [SIM_STATUS_CNF], TXID=0164, DUMP=84195424000000000102100564010801000004000300000000010100000000000101010000000000020101000000000003010100000000000401010000000000050101000000000006010100FF00000007010100FF00000008010100FF00000009010100000000000C8115002A2A2A2A2A2A2A2A2A2A2A2A2A2A2A2A2A2A2A2A2A000000000000000D8150002A2A2A2A2A2A2A2A2A2A2A2A2A2A2A2A2A2A2A2A2A2A2A2A2A2A2A2A2A2A2A2A2A2A2A2A2A2A2A2A2A2A2A2A2A2A2A2A2A2A2A2A2A2A2A2A2A2A2A2A2A2A2A2A2A2A2A2A2A2A2A2A2A2A2A2A2A2A2A2A000000000E010100000000000F0101000000000010010100000000001101010000000000120101000000000014010100000000001501010000000000
04-12 20:43:56.283062  2685  2685 D ImsConfigEventReceiver[0]: init with phoneId:0, simState = 0, carrier config loaded: false
04-12 20:43:56.285192  2665  2665 D MtkRadioExMessagingProxy: AIDL version=1, halVersion=4.0
04-12 20:43:56.285205  2665  2665 D MtkRadioExMessagingProxy: AIDL initialized mHalVersion=4.0
04-12 20:43:56.286994  1342  1829 I RmmSimCommReq: [0] handleGetSimStatusResponse, token:21, result:3,state:0,pin:0,appindex:-1,-1,-1, atr:80,, icid:21,, eid:0,(null), mepMode:0
04-12 20:43:56.295496  2665  2665 D MtkRadioExModemProxy: AIDL version=3, halVersion=4.0
04-12 20:43:56.295509  2665  2665 D MtkRadioExModemProxy: AIDL initialized mHalVersion=4.0
04-12 20:43:56.299186  2665  2665 D MtkRadioExNetworkProxy: AIDL version=1, halVersion=4.0
04-12 20:43:56.299201  2665  2665 D MtkRadioExNetworkProxy: AIDL initialized mHalVersion=4.0
04-12 20:43:56.299802  2665  2928 I RILJ    : Unsol response received; Sending ack to ril.cpp [PHONE0]
04-12 20:43:56.299829  2665  2928 I RILJ    : [UNSL]< UNSOL_VOICE_RADIO_TECH_CHANGED {1} [PHONE0]
04-12 20:43:56.301705  2665  2679 I RILJ    : Unsol response received; Sending ack to ril.cpp [PHONE0]
04-12 20:43:56.302140  2665  2679 I RILJ    : [UNSL]< UNSOL_RESPONSE_SIM_STATUS_CHANGED [PHONE0]
04-12 20:43:56.303237  2665  2680 I RILJ    : Unsol response received; Sending ack to ril.cpp [PHONE0]
04-12 20:43:56.303270  2665  2680 I RILJ    : [UNSL]< UNSOL_RIL_CONNECTED [PHONE0]
04-12 20:43:56.307291  2665  2665 D MtkRadioExSimProxy: AIDL version=2, halVersion=4.0
04-12 20:43:56.307305  2665  2665 D MtkRadioExSimProxy: AIDL initialized mHalVersion=4.0
04-12 20:43:56.308507  2685  2685 D FeatureConnector: [InstanceManager, 0] imsFeatureRemoved: reason=3
04-12 20:43:56.309902  2685  2978 I ImsManager: IM[0] connectionUnavailable, reason: 3
04-12 20:43:56.311934  2665  2665 D MtkRadioExVoiceProxy: AIDL version=1, halVersion=4.0
04-12 20:43:56.311948  2665  2665 D MtkRadioExVoiceProxy: AIDL initialized mHalVersion=4.0
04-12 20:43:56.311971  1744  2699 D TelephonyRegistry: listen oscl: mHasNotifySubscriptionInfoChangedOccurred==false no callback
04-12 20:43:56.312057  2665  2665 D MtkRILJ : getRilOp
04-12 20:43:56.312089  2665  2665 D MtkRILJ : getRilOp return null for there is no HIDL, mRadioVersionMtk: 4.0 [PHONE0]
04-12 20:43:56.312102  2665  2665 I PhoneFactory: Network Mode set to 32
04-12 20:43:56.312134  2685  2685 D SuppServExt: [0]MtkSuppServExt init done.
04-12 20:43:56.312146  2665  2665 I RILJ    : RIL: init allowedNetworkTypes=906119 cdmaSubscription=-1) [PHONEnull]
04-12 20:43:56.312172  2685  2685 D ImsEventPackageAdapter: ImsEventPackageAdapter()
04-12 20:43:56.312285  2685  2685 D ImsEventPackageAdapter: Use AOSP default ImsExternalCallState.
04-12 20:43:56.312624  2685  2954 D SuppServExt: [0]handleMessage: EVENT_RADIO_OFF(3)
04-12 20:43:56.314981  1342  1342 I RILC    : set all MTK response done: slotId:0
04-12 20:43:56.315026  1342  1393 I RILC    : sendPendedUrcCallback 0 0 1
04-12 20:43:56.315031  1342  1393 I RILC    : sendPendedUrcs start RIL_SOCKET_1, RIL_UNSOL_SIM_TYPE_INFO, client 1
04-12 20:43:56.315071  1342  1393 I RILC    : sendPendedUrcs end RIL_SOCKET_1, RIL_UNSOL_SIM_TYPE_INFO, client 1
04-12 20:43:56.315074  1342  1393 I RILC    : sendPendedUrcs start RIL_SOCKET_1, RIL_UNSOL_SIM_SLOT_LOCK_POLICY_NOTIFY, client 1
04-12 20:43:56.315083  1342  1393 I RILC    : sendPendedUrcs end RIL_SOCKET_1, RIL_UNSOL_SIM_SLOT_LOCK_POLICY_NOTIFY, client 1
04-12 20:43:56.315086  1342  1393 I RILC    : sendPendedUrcs start RIL_SOCKET_1, RIL_UNSOL_SIM_POWER_CHANGED, client 1
04-12 20:43:56.315094  1342  1393 I RILC    : sendPendedUrcs end RIL_SOCKET_1, RIL_UNSOL_SIM_POWER_CHANGED, client 1
04-12 20:43:56.315096  1342  1393 I RILC    : sendPendedUrcs start RIL_SOCKET_1, RIL_UNSOL_PLMN_DATA, client 1
04-12 20:43:56.315117  1342  1393 I RILC    : sendPendedUrcs end RIL_SOCKET_1, RIL_UNSOL_PLMN_DATA, client 1
04-12 20:43:56.315119  1342  1393 I RILC    : sendPendedUrcs start RIL_SOCKET_1, RIL_UNSOL_SIM_SLOT_LOCK_POLICY_NOTIFY, client 1
04-12 20:43:56.315126  1342  1393 I RILC    : sendPendedUrcs end RIL_SOCKET_1, RIL_UNSOL_SIM_SLOT_LOCK_POLICY_NOTIFY, client 1
04-12 20:43:56.315129  1342  1393 I RILC    : sendPendedUrcs start RIL_SOCKET_1, RIL_UNSOL_ICCID_CHANGED, client 1
04-12 20:43:56.315136  1342  1393 I RILC    : sendPendedUrcs end RIL_SOCKET_1, RIL_UNSOL_ICCID_CHANGED, client 1
04-12 20:43:56.315577  1342  1342 I RILC    : onNewCommandConnect, slot 0, client 1
04-12 20:43:56.322147  1744  1744 D TelephonyRegistry: notifyCellLocationForSubscriber: subId=2147483647 cellIdentity=null
04-12 20:43:56.322622  1744  1744 D TelephonyRegistry: notifyCellLocationForSubscriber: subId=2147483647 cellIdentity=null
04-12 20:43:56.323140  2665  2679 I RILJ    : Unsol response received; Sending ack to ril.cpp [PHONE0]
04-12 20:43:56.323157  2665  2679 I RILJ    : [UNSL]< UNSOL_RESPONSE_SIM_STATUS_CHANGED [PHONE0]
04-12 20:43:56.323804  2665  2665 I MtkRILJ : getRadioServiceProxy wait for MtkRIL
04-12 20:43:56.323819  2665  2665 I MtkRILJ : canMakeRequest wait for MtkRIL [PHONE1]
04-12 20:43:56.324656  2665  2665 I MtkRILJ : getRadioProxy wait for MtkRIL
04-12 20:43:56.324672  2665  2665 I RILJ    : HAL version of RADIO: 2.0 [PHONE1]
04-12 20:43:56.324793  2665  2665 I MtkRILJ : getRadioServiceProxy wait for MtkRIL
04-12 20:43:56.324801  2665  2665 I RILJ    : HAL version of DATA: -1.-1 [PHONE1]
04-12 20:43:56.324852  2665  2928 I RILJ    : Unsol response received; Sending ack to ril.cpp [PHONE0]
04-12 20:43:56.324946  2665  2928 I RILJ    : [UNSL]< MTK: RIL_UNSOL_SIM_TYPE_INFO_IND [PHONE0]
04-12 20:43:56.324955  2665  2665 I MtkRILJ : getRadioServiceProxy wait for MtkRIL
04-12 20:43:56.324965  2665  2665 I RILJ    : HAL version of MESSAGING: -1.-1 [PHONE1]
04-12 20:43:56.325213  2665  2665 I MtkRILJ : getRadioServiceProxy wait for MtkRIL
04-12 20:43:56.325225  2665  2665 I RILJ    : HAL version of MODEM: -1.-1 [PHONE1]
04-12 20:43:56.325560  2665  2665 I MtkRILJ : getRadioServiceProxy wait for MtkRIL
04-12 20:43:56.325568  2665  2665 I RILJ    : HAL version of NETWORK: -1.-1 [PHONE1]
04-12 20:43:56.325745  2665  2665 I MtkRILJ : getRadioServiceProxy wait for MtkRIL
04-12 20:43:56.325762  2665  2665 I RILJ    : HAL version of SIM: -1.-1 [PHONE1]
04-12 20:43:56.325905  2665  2665 I MtkRILJ : getRadioServiceProxy wait for MtkRIL
04-12 20:43:56.325913  2665  2665 I RILJ    : HAL version of VOICE: -1.-1 [PHONE1]
04-12 20:43:56.326027  2665  2665 I MtkRILJ : getRadioServiceProxy wait for MtkRIL
04-12 20:43:56.326035  2665  2665 I RILJ    : HAL version of IMS: -1.-1 [PHONE1]
04-12 20:43:56.326048  2665  2665 D MtkRILJ : constructor: sub = 1
04-12 20:43:56.326604  2665  2665 D RadioModemProxy: AIDL initialized mHalVersion=2.2
04-12 20:43:56.326629  2665  2665 I RILJ    : Linked to death for service MODEM [PHONE1]
04-12 20:43:56.329005  2665  2928 I RILJ    : Unsol response received; Sending ack to ril.cpp [PHONE0]
04-12 20:43:56.335281  2665  2691 I RILJ    : Unsol response received; Sending ack to ril.cpp [PHONE0]
04-12 20:43:56.335834  2685  2685 D ImsConfigEventReceiver[1]: init with phoneId:1, simState = 0, carrier config loaded: false
04-12 20:43:56.339144  1744  2923 D TelephonyRegistry: listen oscl: mHasNotifySubscriptionInfoChangedOccurred==false no callback
04-12 20:43:56.339306  2665  2665 I RILJ    : [0010]> GET_HARDWARE_CONFIG [PHONE1]
04-12 20:43:56.339992  2665  2691 I RILJ    : Unsol response received; Sending ack to ril.cpp [PHONE0]
04-12 20:43:56.340281  1342  1839 D RmmHdcHdr: [1] onHandleRequest: 55016
04-12 20:43:56.340292  1342  1839 D RmmHdcHdr: [1] handleHardwareConfigRequest: m_slot_id:1
04-12 20:43:56.340324  1342  1839 D RmmHdcHdr: [1] sendHardwareConfigUrc: m_slot_id:1
04-12 20:43:56.340353  2665  2691 I RILJ    : Unsol response received; Sending ack to ril.cpp [PHONE0]
04-12 20:43:56.340840  2665  2691 I RILJ    : [UNSL]< MTK: RIL_UNSOL_ICCID_CHANGED N/A [PHONE0]
04-12 20:43:56.341909  2665  2990 I RILJ    : [0010]< GET_HARDWARE_CONFIG  [Modem { uuid=modem_sys1_ps1_nr1, state=0, rilModel=0, rat={0, 4, 6, 17}, maxActiveVoiceCall=1, maxActiveDataCall=1, maxStandby=2 }] [Sim { uuid=modem_sys1_ps1_nr1, modemUuid=modem_sys1_ps1_nr1, state=0 }]  [PHONE1]
04-12 20:43:56.342164  2665  2665 D RadioDataProxy: AIDL initialized mHalVersion=2.2
04-12 20:43:56.342180  2665  2665 I RILJ    : Linked to death for service DATA [PHONE1]
04-12 20:43:56.343481  2685  2685 D FeatureConnector: [InstanceManager, 1] imsFeatureRemoved: reason=3
04-12 20:43:56.346301  2665  2679 I RILJ    : Unsol response received; Sending ack to ril.cpp [PHONE0]
04-12 20:43:56.346327  2665  2679 I RILJ    : [UNSL]< UNSOL_RESPONSE_SIM_STATUS_CHANGED [PHONE0]
04-12 20:43:56.348063  2665  2971 I RILJ    : Unsol response received; Sending ack to ril.cpp [PHONE0]
04-12 20:43:56.348202  2665  2971 I RILJ    : [UNSL]< MTK: RIL_UNSOL_PLMN_DATA [PHONE0]
04-12 20:43:56.348617  2665  2691 I RILJ    : Unsol response received; Sending ack to ril.cpp [PHONE0]
04-12 20:43:56.349605  2665  2680 I RILJ    : Unsol response received; Sending ack to ril.cpp [PHONE0]
04-12 20:43:56.349648  2665  2680 I RILJ    : [UNSL]< UNSOL_RESPONSE_RADIO_STATE_CHANGED radioStateChanged: 0 [PHONE0]
04-12 20:43:56.350726  2665  2691 I RILJ    : Unsol response received; Sending ack to ril.cpp [PHONE0]
04-12 20:43:56.350784  2665  2691 I RILJ    : [UNSL]< MTK: RIL_UNSOL_ICCID_CHANGED N/A [PHONE0]
04-12 20:43:56.352036  2685  2996 I ImsManager: IM[1] connectionUnavailable, reason: 3
04-12 20:43:56.357608  2665  2665 D RadioMessagingProxy: AIDL initialized mHalVersion=2.2
04-12 20:43:56.357632  2665  2665 I RILJ    : Linked to death for service MESSAGING [PHONE1]
04-12 20:43:56.364665  2665  2665 D RadioNetworkProxy: AIDL initialized mHalVersion=2.2
04-12 20:43:56.364687  2665  2665 I RILJ    : Linked to death for service NETWORK [PHONE1]
04-12 20:43:56.367444  2665  2665 D RadioSimProxy: AIDL initialized mHalVersion=2.2
04-12 20:43:56.367468  2665  2665 I RILJ    : Linked to death for service SIM [PHONE1]
04-12 20:43:56.370239  2665  2680 I RILJ    : Broadcast for RadioStateChanged: state=0 [PHONE0]
04-12 20:43:56.372440  2665  2665 D RadioVoiceProxy: AIDL initialized mHalVersion=2.2
04-12 20:43:56.372466  2665  2665 I RILJ    : Linked to death for service VOICE [PHONE1]
04-12 20:43:56.374024  2665  2665 D RadioImsProxy: AIDL initialized mHalVersion=2.1
04-12 20:43:56.374066  2665  2665 I RILJ    : Linked to death for service IMS [PHONE1]
04-12 20:43:56.374238  1342  1342 I RILC    : set all aosp response done: slotId:1
04-12 20:43:56.374446  1342  1342 I RIL-Fusion: getRadioState(): (1)radioState=0
04-12 20:43:56.374460  1342  1342 I RIL-Fusion: getRadioState(): (1)radioState=0
04-12 20:43:56.374495  1342  1342 E RILC    : radioStateChanged: radioModemServiceImpl[1].mtkEmIndication == NULL
04-12 20:43:56.374505  1342  1342 I RILC    : onNewCommandConnect, slot 1, client 0
04-12 20:43:56.374524  1342  1393 I RILC    : sendPendedUrcCallback 0 1 0
04-12 20:43:56.374528  1342  1393 I RILC    : sendPendedUrcs start RIL_SOCKET_2, UNSOL_HARDWARE_CONFIG_CHANGED, client 0
04-12 20:43:56.374551  1342  1393 I RILC    : sendPendedUrcs end RIL_SOCKET_2, UNSOL_HARDWARE_CONFIG_CHANGED, client 0
04-12 20:43:56.374555  1342  1393 I RILC    : sendPendedUrcs start RIL_SOCKET_2, UNSOL_RESPONSE_SIM_STATUS_CHANGED, client 0
04-12 20:43:56.374593  1342  1393 I RILC    : sendPendedUrcs end RIL_SOCKET_2, UNSOL_RESPONSE_SIM_STATUS_CHANGED, client 0
04-12 20:43:56.374596  1342  1393 I RILC    : sendPendedUrcs start RIL_SOCKET_2, UNSOL_RESPONSE_SIM_STATUS_CHANGED, client 0
04-12 20:43:56.374606  1342  1393 I RILC    : sendPendedUrcs end RIL_SOCKET_2, UNSOL_RESPONSE_SIM_STATUS_CHANGED, client 0
04-12 20:43:56.374609  1342  1393 I RILC    : sendPendedUrcs start RIL_SOCKET_2, UNSOL_RESPONSE_SIM_STATUS_CHANGED, client 0
04-12 20:43:56.374617  1342  1393 I RILC    : sendPendedUrcs end RIL_SOCKET_2, UNSOL_RESPONSE_SIM_STATUS_CHANGED, client 0
04-12 20:43:56.374619  1342  1393 I RILC    : sendPendedUrcs start RIL_SOCKET_2, UNSOL_VOICE_RADIO_TECH_CHANGED, client 0
04-12 20:43:56.374637  1342  1393 I RILC    : sendPendedUrcs end RIL_SOCKET_2, UNSOL_VOICE_RADIO_TECH_CHANGED, client 0
04-12 20:43:56.374640  1342  1393 I RILC    : sendPendedUrcs start RIL_SOCKET_2, UNSOL_HARDWARE_CONFIG_CHANGED, client 0
04-12 20:43:56.374649  1342  1393 I RILC    : sendPendedUrcs end RIL_SOCKET_2, UNSOL_HARDWARE_CONFIG_CHANGED, client 0
04-12 20:43:56.375788  2665  2665 I MtkRILJ : getMtkRadioExProxy returns null for mRadioVersionMtk greaterOrEqual 4.0.
04-12 20:43:56.380764  2665  2665 D MtkRadioExDataProxy: AIDL version=3, halVersion=4.0
04-12 20:43:56.380777  2665  2665 D MtkRadioExDataProxy: AIDL initialized mHalVersion=4.0
04-12 20:43:56.386512  2665  2665 D MtkRadioExMessagingProxy: AIDL version=1, halVersion=4.0
04-12 20:43:56.386529  2665  2665 D MtkRadioExMessagingProxy: AIDL initialized mHalVersion=4.0
