04-12 20:43:57.965083  1342  1740 I AT      : RECV MSGID=1162 [NW_SET_ALLOWED_SECURITY_ALGO_CONFIG_CNF], TXID=0174, DUMP=841954240000000001026211740108000000040000000000
04-12 20:43:57.965236  1342  1824 I AT      : SEND MSGID=1165 [NW_SET_CONFIG_REQ], TXID=0175 [RFXSender_1], DUMP=841954240000000001006511750108000001010000000000
04-12 20:43:57.965296  2665  2966 I RILJ    : [0052]< DEVICE_IDENTITY {[****], 78, , } [PHONE0]
04-12 20:43:57.965410  2665  2665 D ANM-0   : bind to com.android.phone
04-12 20:43:57.965527  2665  2965 I RILJ    : [0055]< SET_NULL_CIPHER_AND_INTEGRITY_ENABLED  [PHONE0]
04-12 20:43:57.966093  1342  1740 I AT      : RECV MSGID=1166 [NW_SET_CONFIG_CNF], TXID=0175, DUMP=84195424000000000102661175011800000004000000000000010100000000000101010000000000
04-12 20:43:57.970576  2665  2665 D SSCtr   : No matching configuration
04-12 20:43:57.975878  2665  2679 I RILJ    : [0056]< SET_CELLULAR_IDENTIFIER_DISCLOSED_ENABLED  [PHONE0]
04-12 20:43:57.981400  2665  2665 I RILJ    : [0058]> SET_SIGNAL_STRENGTH_REPORTING_CRITERIA [PHONE0]
04-12 20:43:57.982055  2665  2665 D SSCtr   : setSignalStrengthReportingCriteria consolidatedSignalThresholdInfos=[SignalThresholdInfo{mRan=1 mSignalMeasurementType=1 mHysteresisMs=3000 mHysteresisDb=2 mThresholds=[] mIsEnabled=false}, SignalThresholdInfo{mRan=2 mSignalMeasurementType=2 mHysteresisMs=3000 mHysteresisDb=2 mThresholds=[] mIsEnabled=false}, SignalThresholdInfo{mRan=3 mSignalMeasurementType=3 mHysteresisMs=3000 mHysteresisDb=2 mThresholds=[] mIsEnabled=false}, SignalThresholdInfo{mRan=4 mSignalMeasurementType=1 mHysteresisMs=3000 mHysteresisDb=2 mThresholds=[] mIsEnabled=false}, SignalThresholdInfo{mRan=3 mSignalMeasurementType=4 mHysteresisMs=3000 mHysteresisDb=2 mThresholds=[] mIsEnabled=false}, SignalThresholdInfo{mRan=3 mSignalMeasurementType=5 mHysteresisMs=3000 mHysteresisDb=2 mThresholds=[] mIsEnabled=false}, SignalThresholdInfo{mRan=6 mSignalMeasurementType=6 mHysteresisMs=3000 mHysteresisDb=2 mThresholds=[] mIsEnabled=false}, SignalThresholdInfo{mRan=6 mSignalMeasurementType=7 mHysteresisMs=3000 mHysteresisDb=2 mThresholds=[] mIsEnabled=false}, SignalThresholdInfo{mRan=6 mSignalMeasurementType=8 mHysteresisMs=3000 mHysteresisDb=2 mThresholds=[] mIsEnabled=false}, SignalThresholdInfo{mRan=2 mSignalMeasurementType=9 mHysteresisMs=3000 mHysteresisDb=2 mThresholds=[] mIsEnabled=false}]
04-12 20:43:57.982557  2665  2665 D SSCtr   : No matching configuration
04-12 20:43:57.982722  2665  2679 I RILJ    : [0058]< SET_SIGNAL_STRENGTH_REPORTING_CRITERIA error 1 [PHONE0]
04-12 20:43:57.982797  2665  2679 D RilRequest: [0058]< SET_SIGNAL_STRENGTH_REPORTING_CRITERIA error: com.android.internal.telephony.CommandException: RADIO_NOT_AVAILABLE ret= result=null
04-12 20:43:57.983464  2665  2665 I RILJ    : [0059]> SET_SIGNAL_STRENGTH_REPORTING_CRITERIA [PHONE0]
04-12 20:43:57.983678  2665  2665 D SSCtr   : setSignalStrengthReportingCriteria consolidatedSignalThresholdInfos=[SignalThresholdInfo{mRan=1 mSignalMeasurementType=1 mHysteresisMs=3000 mHysteresisDb=2 mThresholds=[] mIsEnabled=false}, SignalThresholdInfo{mRan=2 mSignalMeasurementType=2 mHysteresisMs=3000 mHysteresisDb=2 mThresholds=[] mIsEnabled=false}, SignalThresholdInfo{mRan=3 mSignalMeasurementType=3 mHysteresisMs=3000 mHysteresisDb=2 mThresholds=[] mIsEnabled=false}, SignalThresholdInfo{mRan=4 mSignalMeasurementType=1 mHysteresisMs=3000 mHysteresisDb=2 mThresholds=[] mIsEnabled=false}, SignalThresholdInfo{mRan=3 mSignalMeasurementType=4 mHysteresisMs=3000 mHysteresisDb=2 mThresholds=[] mIsEnabled=false}, SignalThresholdInfo{mRan=3 mSignalMeasurementType=5 mHysteresisMs=3000 mHysteresisDb=2 mThresholds=[] mIsEnabled=false}, SignalThresholdInfo{mRan=6 mSignalMeasurementType=6 mHysteresisMs=3000 mHysteresisDb=2 mThresholds=[] mIsEnabled=false}, SignalThresholdInfo{mRan=6 mSignalMeasurementType=7 mHysteresisMs=3000 mHysteresisDb=2 mThresholds=[] mIsEnabled=false}, SignalThresholdInfo{mRan=6 mSignalMeasurementType=8 mHysteresisMs=3000 mHysteresisDb=2 mThresholds=[] mIsEnabled=false}, SignalThresholdInfo{mRan=2 mSignalMeasurementType=9 mHysteresisMs=3000 mHysteresisDb=2 mThresholds=[] mIsEnabled=false}]
04-12 20:43:57.984573  2665  2679 I RILJ    : [0059]< SET_SIGNAL_STRENGTH_REPORTING_CRITERIA error 1 [PHONE0]
04-12 20:43:57.984658  2665  2679 D RilRequest: [0059]< SET_SIGNAL_STRENGTH_REPORTING_CRITERIA error: com.android.internal.telephony.CommandException: RADIO_NOT_AVAILABLE ret= result=null
04-12 20:43:57.984769  2665  2665 D MTKSST  : [GsmSST0] EVENT_ICC_CHANGED: SIM absent
04-12 20:43:57.984778  2665  2665 D MTKSST  : [GsmSST0] cancelAllNotifications: mPrevSubId=-1
04-12 20:43:57.985350  2665  2665 D MTKSST  : [GsmSST0] updateCarrierDisplayName: satellitePlmn=null
04-12 20:43:57.987071  2665  2665 D MTKSST  : [GsmSST0] updateCarrierDisplayName: radio is on but out of service, set plmn='没有服务'
04-12 20:43:57.987100  2665  2665 D MTKSST  : [GsmSST0] updateCarrierDisplayName: rawSpn = 
04-12 20:43:57.987153  2665  2665 D MTKSST  : [GsmSST0] updateSpnDisplay: rule = 2
04-12 20:43:57.987182  2665  2665 D MTKSST  : [GsmSST0] TDD updateSpnDisplay mSS.getOperatorNumeric() = null
04-12 20:43:57.987293  2665  2665 D MTKSST  : [GsmSST0] TDD getNumeric simNumeric = , operatorNumeric = null
04-12 20:43:57.987303  2665  2665 D MTKSST  : [GsmSST0] TDD currentMccEqualsSimMcc simNumeric = , operatorNumeric = null
04-12 20:43:57.987454  2665  2665 D MTKSST  : [GsmSST0] notifyCarrierDisplayNameDataChanged: changed sending intent, rule=2, CarrierDisplayNameData={ spn = null, dataSpn = , showSpn = false, plmn = 没有服务, showPlmn = true, subId=-1
04-12 20:43:57.989581  2665  2665 D NRM-C-0 : Trying to bind com.android.phone for transport WWAN
04-12 20:43:57.998536  2665  2665 D NRM-I-0 : Trying to bind com.android.phone for transport WLAN
04-12 20:43:58.002873  2665  2665 D MTKSST  : [GsmSST0] handle EVENT_RADIO_STATE_CHANGED
04-12 20:43:58.002961  2665  2665 D RatConfig: getActiveRatConfig: Lf/Lt/W/G/N
04-12 20:43:58.003275  2665  2665 D MTKSST  : [GsmSST0] setRadioPowerForReason power:true, mDesiredPowerState:true, forEmergencyCall:false, isSelectedPhoneForEmergencyCall:false, forceApply:false, radioState:0, reason:0
04-12 20:43:58.003836  2665  2665 D MTKSST  : [GsmSST0] setPowerStateToDesired: mDeviceShuttingDown=false, mDesiredPowerState=true, getRadioState=0, mRadioPowerOffReasons=[], IMS reg state=false, pending radio off=false
04-12 20:43:58.004415  2665  2665 D ImsSwitchController: notifyRadioPowerChange, power:true phoneId:0
04-12 20:43:58.004540  2665  2665 D ImsSwitchController: [0] Modem auto registration so that we don't triggerImsService updateRadioState
04-12 20:43:58.006081  2665  2665 I RILJ    : [0060]> RADIO_POWER on = true forEmergencyCall= false preferredForEmergencyCall=false [PHONE0]
04-12 20:43:58.006953  1342  1805 I RtmRadioCont: [0] requestRadioPower, slotId:0, onOff: 1, forEcc 0, preEcc 0
04-12 20:43:58.007053  2665  2665 D MtkRILJ : [0061]> MTK: RIL_REQUEST_SET_VENDOR_SETTING [PHONE0]
04-12 20:43:58.007090  1342  1832 I RmmRadioReq: [0] requestRadioPower, power = 1, mode = 1, forEcc 0, preEcc 0, caller: -1
04-12 20:43:58.007099  1342  1832 I RmmRadioReq: [0] set vote property as 1
04-12 20:43:58.007802  2665  2665 D MTKSST  : [GsmSST0] pollState: modemTriggered=true, mPollingContext=0, RadioState=0, connected=false, support_ap_iwlan=1
04-12 20:43:58.007827  2665  2665 D MTKSST  : [GsmSST0] pollState: modemTriggered=true, radioState=0
04-12 20:43:58.008068  1342  1832 I AT      : SEND MSGID=0403 [NW_SET_RADIO_STATE_REQ], TXID=0176 [RFXSender_8], DUMP=841954240000000001000304760108000001010001000000
04-12 20:43:58.008512  2665  2665 I RILJ    : [0062]> OPERATOR [PHONE0]
04-12 20:43:58.008668  2665  2665 E NRM-C-0 : service not connected. Domain = PS
04-12 20:43:58.008745  2665  2665 E NRM-C-0 : service not connected. Domain = CS
04-12 20:43:58.008763  2665  2665 E NRM-I-0 : service not connected. Domain = PS
04-12 20:43:58.009043  1342  1829 I AT      : SEND MSGID=0407 [NW_GET_REGISTER_STATE_REQ], TXID=0177 [RFXSender_6], DUMP=84195424000000000100070477010000
04-12 20:43:58.009264  2665  2665 I RILJ    : [0063]> QUERY_NETWORK_SELECTION_MODE [PHONE0]
04-12 20:43:58.009417  2665  2665 D MTKSST  : [GsmSST0] handle EVENT_RADIO_STATE_CHANGED
04-12 20:43:58.009593  2665  2966 I RILJ    : [0061]< MTK: RIL_REQUEST_SET_VENDOR_SETTING  [PHONE0]
04-12 20:43:58.009694  2665  2665 D RatConfig: getActiveRatConfig: Lf/Lt/W/G/N
04-12 20:43:58.009849  2665  2665 D MTKSST  : [GsmSST0] setRadioPowerForReason power:true, mDesiredPowerState:true, forEmergencyCall:false, isSelectedPhoneForEmergencyCall:false, forceApply:false, radioState:0, reason:0
04-12 20:43:58.009873  2665  2665 D MTKSST  : [GsmSST0] setPowerStateToDesired: mDeviceShuttingDown=false, mDesiredPowerState=true, getRadioState=0, mRadioPowerOffReasons=[], IMS reg state=false, pending radio off=false
04-12 20:43:58.009929  2665  2665 D ImsSwitchController: notifyRadioPowerChange, power:true phoneId:0
04-12 20:43:58.009949  2665  2665 D ImsSwitchController: [0] Modem auto registration so that we don't triggerImsService updateRadioState
04-12 20:43:58.010229  2665  2665 I RILJ    : [0064]> RADIO_POWER on = true forEmergencyCall= false preferredForEmergencyCall=false [PHONE0]
04-12 20:43:58.010844  2665  2665 D MtkRILJ : [0065]> MTK: RIL_REQUEST_SET_VENDOR_SETTING [PHONE0]
04-12 20:43:58.011646  2665  2665 D MTKSST  : [GsmSST0] pollState: modemTriggered=true, mPollingContext=5, RadioState=0, connected=false, support_ap_iwlan=1
04-12 20:43:58.011662  2665  2665 D MTKSST  : [GsmSST0] pollState: modemTriggered=true, radioState=0
04-12 20:43:58.012009  2665  2665 I RILJ    : [0066]> OPERATOR [PHONE0]
04-12 20:43:58.012075  2665  2665 E NRM-C-0 : service not connected. Domain = PS
04-12 20:43:58.012114  2665  2665 E NRM-C-0 : service not connected. Domain = CS
04-12 20:43:58.012126  2665  2665 E NRM-I-0 : service not connected. Domain = PS
04-12 20:43:58.013119  2665  2665 I RILJ    : [0067]> QUERY_NETWORK_SELECTION_MODE [PHONE0]
04-12 20:43:58.013305  2665  2665 D Phone-0 : [0] SubId-1,get allowed network types user: value = GPRS|EDGE|UMTS|HSDPA|HSUPA|HSPA|LTE|HSPA+|GSM|TD_SCDMA|LTE_CA|NR
04-12 20:43:58.014972  2665  2966 I RILJ    : [0065]< MTK: RIL_REQUEST_SET_VENDOR_SETTING  [PHONE0]
04-12 20:43:58.015821  1342  1740 I AT      : RECV MSGID=0408 [NW_GET_REGISTER_STATE_CNF], TXID=0177, DUMP=8419542400000000010208047701880100000400000000000001260000000000000000000000000000000000000000000000000000000000000000000000000000000000000000000101020000000000020101000000000003010400000000000401280000000000000000000000000000000000000000000000000000000000000000000000000000000000000000000501010000000000060102000000000007010100000000000801280000000000000000000000000000000000000000000000000000000000000000000000000000000000000000000901100000000000000000000000000000000000000000000A0124000000000000000000000000000000000000000000000000000000000000000000000000000B010100000000000C010100000000000D010100000000000E010100000000000F0101000000000010011800000000000000000000000000000000000000000000000000000000001101300000000000000000000000000000000000000000000000000000000000000000000000000000000000000000000000000000000000
04-12 20:43:58.016571  2665  2665 D Phone-0 : [0] SubId-1,get allowed network types carrier: value = GPRS|EDGE|UMTS|HSDPA|HSUPA|HSPA|LTE|HSPA+|GSM|TD_SCDMA|LTE_CA|NR
04-12 20:43:58.016604  2665  2665 I CSST    : isNrSupported:  carrierConfigEnabled: true, AccessFamilySupported: false, isNrNetworkTypeAllowed: true
04-12 20:43:58.016612  2665  2665 I CSST    : PrefNetworkNotification: sendMessage() w/values: ,false,false,-1,false,false
04-12 20:43:58.017028  1342  1829 D RmmNwRTReqHdlr: [0] [requestOperator] plmn is null or empty!
04-12 20:43:58.017577  2665  2665 I CSST    : canceling notifications: 1000
04-12 20:43:58.017594  2665  2665 D Phone-0 : isWifiCallingEnabled =false
04-12 20:43:58.017598  2665  2665 D CSST    : isPhoneRegisteredForWifiCalling: false
04-12 20:43:58.017600  2665  2665 D Phone-0 : isWifiCallingEnabled =false
04-12 20:43:58.017605  2665  2665 I CSST    : EmergencyNetworkNotification: sendMessage() w/values: ,-1,false,false
04-12 20:43:58.017728  2665  2665 I CSST    : canceling notifications: 1001
04-12 20:43:58.017798  2665  2665 D Phone-0 : [0] SubId-1,get allowed network types user: value = GPRS|EDGE|UMTS|HSDPA|HSUPA|HSPA|LTE|HSPA+|GSM|TD_SCDMA|LTE_CA|NR
04-12 20:43:58.017871  1342  1829 I AT      : SEND MSGID=0407 [NW_GET_REGISTER_STATE_REQ], TXID=0178 [RFXSender_6], DUMP=84195424000000000100070478010000
04-12 20:43:58.018083  2665  2665 D Phone-0 : [0] SubId-1,get allowed network types carrier: value = GPRS|EDGE|UMTS|HSDPA|HSUPA|HSPA|LTE|HSPA+|GSM|TD_SCDMA|LTE_CA|NR
04-12 20:43:58.018097  2665  2665 I CSST    : isNrSupported:  carrierConfigEnabled: true, AccessFamilySupported: false, isNrNetworkTypeAllowed: true
04-12 20:43:58.018102  2665  2665 I CSST    : PrefNetworkNotification: sendMessage() w/values: ,false,false,-1,false,false
04-12 20:43:58.018209  2665  2966 I RILJ    : [0062]< OPERATOR {, , } [PHONE0]
04-12 20:43:58.018229  2665  2665 I CSST    : canceling notifications: 1000
04-12 20:43:58.018238  2665  2665 D Phone-0 : isWifiCallingEnabled =false
04-12 20:43:58.018241  2665  2665 D CSST    : isPhoneRegisteredForWifiCalling: false
04-12 20:43:58.018244  2665  2665 D Phone-0 : isWifiCallingEnabled =false
04-12 20:43:58.018247  2665  2665 I CSST    : EmergencyNetworkNotification: sendMessage() w/values: ,-1,false,false
04-12 20:43:58.018345  2665  2665 I CSST    : canceling notifications: 1001
04-12 20:43:58.018370  2665  2665 D EmergencyNumberTracker: [0]updateRadioEmergencyNumberListAndNotify(): receiving []
04-12 20:43:58.018661  2665  2665 I RILJ    : [0068]> SEND_DEVICE_STATE 1:false [PHONE0]
04-12 20:43:58.019022  2665  2665 I RILJ    : [0069]> SEND_DEVICE_STATE 2:true [PHONE0]
04-12 20:43:58.019290  2665  2665 I RILJ    : [0070]> SEND_DEVICE_STATE 0:false [PHONE0]
04-12 20:43:58.019373  1342  1827 I AT      : SEND MSGID=041f [NW_SET_IDLE_HINT_REQ], TXID=0179 [RFXSender_4], DUMP=841954240000000001001F04790108000001010001000000
04-12 20:43:58.019515  2665  2665 I RILJ    : [0071]> SET_UNSOLICITED_RESPONSE_FILTER -1 [PHONE0]
04-12 20:43:58.019931  2665  2966 I RILJ    : [0068]< SEND_DEVICE_STATE error 6 [PHONE0]
04-12 20:43:58.019974  2665  2966 D RilRequest: [0068]< SEND_DEVICE_STATE error: com.android.internal.telephony.CommandException: REQUEST_NOT_SUPPORTED ret= result=null
04-12 20:43:58.020111  2665  2679 I RILJ    : [0069]< SEND_DEVICE_STATE  [PHONE0]
04-12 20:43:58.020411  1342  1802 E RfxBaseHandler: [0] registerToHandleMipcURC error:-3, slotId:0, mipcId:4402
04-12 20:43:58.020439  2665  2665 I RILJ    : [0072]> SET_LINK_CAPACITY_REPORTING_CRITERIA [PHONE0]
04-12 20:43:58.020504  1342  1802 E RfxBaseHandler: [0] registerToHandleMipcURC error:-3, slotId:0, mipcId:4413
04-12 20:43:58.020513  1342  1802 E RfxBaseHandler: [0] registerToHandleMipcURC error:-3, slotId:0, mipcId:441e
04-12 20:43:58.020518  1342  1802 E RfxBaseHandler: [0] registerToHandleMipcURC error:-3, slotId:0, mipcId:4417
04-12 20:43:58.020526  1342  1802 E RfxBaseHandler: [0] registerToHandleMipcURC error:-3, slotId:0, mipcId:4418
04-12 20:43:58.020534  1342  1802 E RfxBaseHandler: [0] registerToHandleMipcURC error:-3, slotId:0, mipcId:4409
04-12 20:43:58.020554  1342  1802 I AT      : SEND MSGID=1151 [NW_GET_CSCON_STATE_REQ], TXID=017a [RFXSender_0], DUMP=8419542400000000010051117A010000
04-12 20:43:58.020867  2665  2665 I RILJ    : [0073]> SET_LINK_CAPACITY_REPORTING_CRITERIA [PHONE0]
04-12 20:43:58.020951  1342  1827 I AT      : SEND MSGID=021d [DATA_SET_LINK_CAPACITY_REPORTING_CRITERIA_REQ], TXID=017b [RFXSender_4], DUMP=841954240000000001001D027B01A800060101000B00000007012C0064000000F4010000E80300008813000010270000204E000050C30000F8240100A0860100400D030020A107000001010002000000080104000100000001010400B80B000002010400320000000301040032000000040101000E0000000501380064000000F4010000E80300008813000010270000204E000050C30000F8240100A0860100400D030020A1070040420F0060E3160080841E0000000000
04-12 20:43:58.021261  2665  2965 I RILJ    : [0070]< SEND_DEVICE_STATE error 6 [PHONE0]
04-12 20:43:58.021769  2665  2665 I RILJ    : [0074]> SET_LINK_CAPACITY_REPORTING_CRITERIA [PHONE0]
04-12 20:43:58.021809  2665  2965 D RilRequest: [0070]< SEND_DEVICE_STATE error: com.android.internal.telephony.CommandException: REQUEST_NOT_SUPPORTED ret= result=null
04-12 20:43:58.022384  2665  2665 I RILJ    : [0075]> SET_LINK_CAPACITY_REPORTING_CRITERIA [PHONE0]
04-12 20:43:58.022604  2665  2665 I RILJ    : [0076]> SET_LINK_CAPACITY_REPORTING_CRITERIA [PHONE0]
04-12 20:43:58.022976  2665  2665 I RILJ    : [0077]> SEND_DEVICE_STATE 1:false [PHONE0]
04-12 20:43:58.023515  2665  2665 I RILJ    : [0078]> SEND_DEVICE_STATE 2:true [PHONE0]
04-12 20:43:58.024013  2665  2665 I RILJ    : [0079]> SEND_DEVICE_STATE 0:false [PHONE0]
04-12 20:43:58.024415  2665  2665 I RILJ    : [0080]> SET_UNSOLICITED_RESPONSE_FILTER -1 [PHONE0]
04-12 20:43:58.024520  1342  1740 I AT      : RECV MSGID=0408 [NW_GET_REGISTER_STATE_CNF], TXID=0178, DUMP=8419542400000000010208047801880100000400000000000001260000000000000000000000000000000000000000000000000000000000000000000000000000000000000000000101020000000000020101000000000003010400000000000401280000000000000000000000000000000000000000000000000000000000000000000000000000000000000000000501010000000000060102000000000007010100000000000801280000000000000000000000000000000000000000000000000000000000000000000000000000000000000000000901100000000000000000000000000000000000000000000A0124000000000000000000000000000000000000000000000000000000000000000000000000000B010100000000000C010100000000000D010100000000000E010100000000000F0101000000000010011800000000000000000000000000000000000000000000000000000000001101300000000000000000000000000000000000000000000000000000000000000000000000000000000000000000000000000000000000
04-12 20:43:58.024573  1342  1740 I AT      : RECV MSGID=0420 [NW_SET_IDLE_HINT_CNF], TXID=0179, DUMP=8419542400000000010220047901100000000400000000000001010001000000
04-12 20:43:58.024592  1342  1740 I AT      : RECV MSGID=1152 [NW_GET_CSCON_STATE_CNF], TXID=017a, DUMP=8419542400000000010252117A011800000004000000000000010400000000000101040000000000
04-12 20:43:58.024647  1342  1740 I AT      : RECV MSGID=021e [DATA_SET_LINK_CAPACITY_REPORTING_CRITERIA_CNF], TXID=017b, DUMP=841954240000000001021E027B0108000000040000000000
04-12 20:43:58.024651  1342  1829 I AT      : SEND MSGID=0407 [NW_GET_REGISTER_STATE_REQ], TXID=017c [RFXSender_6], DUMP=8419542400000000010007047C010000
04-12 20:43:58.024766  1342  1827 I AT      : SEND MSGID=021d [DATA_SET_LINK_CAPACITY_REPORTING_CRITERIA_REQ], TXID=017d [RFXSender_4], DUMP=841954240000000001001D027D01A800060101000B00000007012C0064000000F4010000E80300008813000010270000204E000050C30000F8240100A0860100400D030020A107000001010002000000080104000200000001010400B80B000002010400320000000301040032000000040101000E0000000501380064000000F4010000E80300008813000010270000204E000050C30000F8240100A0860100400D030020A1070040420F0060E3160080841E0000000000
04-12 20:43:58.024968  1342  1802 I AT      : SEND MSGID=047b [NW_SET_NW_IND_REPORT_LEVEL_REQ], TXID=017e [RFXSender_0], DUMP=841954240000000001007B047E01100000010100030000000101010003000000
04-12 20:43:58.025383  2665  2665 I RILJ    : [0081]> SET_LINK_CAPACITY_REPORTING_CRITERIA [PHONE0]
04-12 20:43:58.025833  2665  2965 I RILJ    : [0063]< QUERY_NETWORK_SELECTION_MODE {0} [PHONE0]
04-12 20:43:58.026056  2665  2665 I RILJ    : [0082]> SET_LINK_CAPACITY_REPORTING_CRITERIA [PHONE0]
04-12 20:43:58.026228  2665  2965 I RILJ    : [0072]< SET_LINK_CAPACITY_REPORTING_CRITERIA  [PHONE0]
04-12 20:43:58.026775  2665  2665 I RILJ    : [0083]> SET_LINK_CAPACITY_REPORTING_CRITERIA [PHONE0]
04-12 20:43:58.027363  2665  2665 I RILJ    : [0084]> SET_LINK_CAPACITY_REPORTING_CRITERIA [PHONE0]
04-12 20:43:58.027820  2665  2665 I RILJ    : [0085]> SET_LINK_CAPACITY_REPORTING_CRITERIA [PHONE0]
04-12 20:43:58.027987  2665  2665 D NetworkTypeController: [0] DefaultState: process EVENT_INITIALIZE
04-12 20:43:58.028919  1342  1740 I AT      : RECV MSGID=0408 [NW_GET_REGISTER_STATE_CNF], TXID=017c, DUMP=8419542400000000010208047C01880100000400000000000001260000000000000000000000000000000000000000000000000000000000000000000000000000000000000000000101020000000000020101000000000003010400000000000401280000000000000000000000000000000000000000000000000000000000000000000000000000000000000000000501010000000000060102000000000007010100000000000801280000000000000000000000000000000000000000000000000000000000000000000000000000000000000000000901100000000000000000000000000000000000000000000A0124000000000000000000000000000000000000000000000000000000000000000000000000000B010100000000000C010100000000000D010100000000000E010100000000000F0101000000000010011800000000000000000000000000000000000000000000000000000000001101300000000000000000000000000000000000000000000000000000000000000000000000000000000000000000000000000000000000
04-12 20:43:58.028981  1342  1740 I AT      : RECV MSGID=4403 [NW_PS_IND], TXID=ffff, DUMP=841954240000000001030344FFFF7800000101002A000000010104002A2A2A2A020101002A000000030123002A2A2A2A2A2A2A2A2A2A2A2A2A2A2A2A2A2A2A2A2A2A2A2A2A2A2A2A2A2A2A2A2A2A2A00040101002A0000000C0128002A2A2A2A2A2A2A2A2A2A2A2A2A2A2A2A2A2A2A2A2A2A2A2A2A2A2A2A2A2A2A2A2A2A2A2A2A2A2A2A00000000
04-12 20:43:58.029048  1342  1740 I AT      : RECV MSGID=4408 [NW_CS_IND], TXID=ffff, DUMP=841954240000000001030844FFFF5000008118002A2A2A2A2A2A2A2A2A2A2A2A2A2A2A2A2A2A2A2A2A2A2A2A00000000010101002A000000088120002A2A2A2A2A2A2A2A2A2A2A2A2A2A2A2A2A2A2A2A2A2A2A2A2A2A2A2A2A2A2A2A00000000
04-12 20:43:58.029047  1744  2533 W TelephonyRegistry: Pid 2665 has exceeded half the number of permissible registered listeners. Now at 77
04-12 20:43:58.029129  1342  1740 I AT      : RECV MSGID=047c [NW_SET_NW_IND_REPORT_LEVEL_CNF], TXID=017e, DUMP=841954240000000001027C047E0108000000040000000000
04-12 20:43:58.029259  1342  1802 E RfxBaseHandler: [0] registerToHandleMipcURC error:-3, slotId:0, mipcId:4419
04-12 20:43:58.029279  1342  1802 I AT      : SEND MSGID=04c7 [NW_GET_PHYSICAL_CHANNEL_CONFIGS_REQ], TXID=017f [RFXSender_0], DUMP=84195424000000000100C7047F010000
04-12 20:43:58.029310  2665  2665 D MtkNetworkTypeController: mNrAdvancedPhysicalChannelConfigItemCount = 0
04-12 20:43:58.029391  1342  1740 I AT      : RECV MSGID=021e [DATA_SET_LINK_CAPACITY_REPORTING_CRITERIA_CNF], TXID=017d, DUMP=841954240000000001021E027D0108000000040000000000
04-12 20:43:58.029528  1342  1827 I AT      : SEND MSGID=021d [DATA_SET_LINK_CAPACITY_REPORTING_CRITERIA_REQ], TXID=0180 [RFXSender_4], DUMP=841954240000000001001D028001A800060101000B00000007012C0064000000F4010000E80300008813000010270000204E000050C30000F8240100A0860100400D030020A107000001010002000000080104000300000001010400B80B000002010400320000000301040032000000040101000E0000000501380064000000F4010000E80300008813000010270000204E000050C30000F8240100A0860100400D030020A1070040420F0060E3160080841E0000000000
04-12 20:43:58.029533  2665  2665 D NetworkTypeController: [0] mOverrideTimerRules: {connected={mState=connected, mOverrideType=NR_NSA, mPrimaryTimers={connected_mmwave=2}, mSecondaryTimers={}}, not_restricted_rrc_con={mState=not_restricted_rrc_con, mOverrideType=NR_NSA, mPrimaryTimers={connected_mmwave=2}, mSecondaryTimers={}}, legacy={mState=legacy, mOverrideType=NONE, mPrimaryTimers={connected_mmwave=2}, mSecondaryTimers={}}, not_restricted_rrc_idle={mState=not_restricted_rrc_idle, mOverrideType=NR_NSA, mPrimaryTimers={connected_mmwave=2}, mSecondaryTimers={}}, restricted={mState=restricted, mOverrideType=NONE, mPrimaryTimers={connected_mmwave=2}, mSecondaryTimers={}}, connected_mmwave={mState=connected_mmwave, mOverrideType=NR_ADVANCED, mPrimaryTimers={connected=15, not_restricted_rrc_con=15, not_restricted_rrc_idle=15, connected_mmwave=2, connected_rrc_idle=15}, mSecondaryTimers={}}, connected_rrc_idle={mState=connected_rrc_idle, mOverrideType=NR_NSA, mPrimaryTimers={connected_mmwave=2}, mSecondaryTimers={}}}
04-12 20:43:58.029825  2665  2665 D NetworkTypeController: [0] Physical channel configs updated: not updating PCC fields for empty PCC list indicating RRC idle.
04-12 20:43:58.029874  2665  2665 D NetworkTypeController: [0] DefaultState: process EVENT_UPDATE
04-12 20:43:58.029953  2665  2665 D NetworkTypeController: [0] Entering LegacyState
04-12 20:43:58.029984  2665  2665 D MtkNetworkTypeController: [Override]getCurrentOverrideNetworkType: 0
04-12 20:43:58.030025  2665  2665 D DIC-0   : updateTelephonyDisplayInfo, turboSS alive, skip notify
04-12 20:43:58.030189  1342  1829 D RmmNwRTReqHdlr: [0] [requestOperator] plmn is null or empty!
04-12 20:43:58.030240  1342  1829 I AT      : SEND MSGID=0407 [NW_GET_REGISTER_STATE_REQ], TXID=0181 [RFXSender_6], DUMP=84195424000000000100070481010000
04-12 20:43:58.030356  1342  1740 I AT      : RECV MSGID=04c8 [NW_GET_PHYSICAL_CHANNEL_CONFIGS_CNF], TXID=017f, DUMP=84195424000000000102C8047F0188000000040000000000000100000000000000000000FF7F0100FF7F25000000000001000000000000000000000000000000000000000000000000000000000100000000000000000000010100000000000000000000FE7F0100FE7F28000000000001000000000000000000000000000000000000000000000000000000000000000100000000000000
04-12 20:43:58.030415  1342  1802 D RmmNwHdlr: [0] [queryPhysicalChannelConfigs] count:1, hasChanged: 1 
04-12 20:43:58.030467  2665  2965 I RILJ    : [0073]< SET_LINK_CAPACITY_REPORTING_CRITERIA  [PHONE0]
04-12 20:43:58.030514  1342  1824 D RmmNwReqHdlr: [0] [sendPhysicalChannelConfigs] count:0, Update: 0
04-12 20:43:58.030536  1342  1802 E RfxBaseHandler: [0] registerToHandleMipcURC error:-3, slotId:0, mipcId:441b
04-12 20:43:58.030572  1342  1802 E RfxBaseHandler: [0] registerToHandleMipcURC error:-3, slotId:0, mipcId:420d
04-12 20:43:58.030606  2665  2679 I RILJ    : [0066]< OPERATOR {, , } [PHONE0]
04-12 20:43:58.030674  1342  1802 E RfxBaseHandler: [0] registerToHandleMipcURC error:-3, slotId:0, mipcId:4402
04-12 20:43:58.030727  1342  1802 E RfxBaseHandler: [0] registerToHandleMipcURC error:-3, slotId:0, mipcId:4413
04-12 20:43:58.030733  1342  1802 E RfxBaseHandler: [0] registerToHandleMipcURC error:-3, slotId:0, mipcId:441e
04-12 20:43:58.030736  1342  1802 E RfxBaseHandler: [0] registerToHandleMipcURC error:-3, slotId:0, mipcId:4417
04-12 20:43:58.030743  1342  1802 E RfxBaseHandler: [0] registerToHandleMipcURC error:-3, slotId:0, mipcId:4418
04-12 20:43:58.030749  1342  1802 E RfxBaseHandler: [0] registerToHandleMipcURC error:-3, slotId:0, mipcId:4409
04-12 20:43:58.030768  1342  1802 I AT      : SEND MSGID=1151 [NW_GET_CSCON_STATE_REQ], TXID=0182 [RFXSender_0], DUMP=84195424000000000100511182010000
04-12 20:43:58.030922  2665  2965 I RILJ    : [0071]< SET_UNSOLICITED_RESPONSE_FILTER  [PHONE0]
04-12 20:43:58.031048  1744  2488 W TelephonyRegistry: Pid 2665 has exceeded half the number of permissible registered listeners. Now at 78
04-12 20:43:58.031088  1744  2488 D TelephonyRegistry: listen oscl: mHasNotifySubscriptionInfoChangedOccurred==false no callback
04-12 20:43:58.031950  2665  2665 D DSMGR-0 : mIsDataEnabled=false, prevDataEnabled=false
04-12 20:43:58.031984  2665  2665 D DSMGR-0 : notifyDataEnabledChanged: enabled=false, reason=UNKNOWN, callingPackage=com.android.phone
04-12 20:43:58.035638  1342  1740 I AT      : RECV MSGID=021e [DATA_SET_LINK_CAPACITY_REPORTING_CRITERIA_CNF], TXID=0180, DUMP=841954240000000001021E02800108000000040000000000
04-12 20:43:58.035756  1342  1740 I AT      : RECV MSGID=0408 [NW_GET_REGISTER_STATE_CNF], TXID=0181, DUMP=8419542400000000010208048101880100000400000000000001260000000000000000000000000000000000000000000000000000000000000000000000000000000000000000000101020000000000020101000000000003010400000000000401280000000000000000000000000000000000000000000000000000000000000000000000000000000000000000000501010000000000060102000000000007010100000000000801280000000000000000000000000000000000000000000000000000000000000000000000000000000000000000000901100000000000000000000000000000000000000000000A0124000000000000000000000000000000000000000000000000000000000000000000000000000B010100000000000C010100000000000D010100000000000E010100000000000F0101000000000010011800000000000000000000000000000000000000000000000000000000001101300000000000000000000000000000000000000000000000000000000000000000000000000000000000000000000000000000000000
04-12 20:43:58.035787  1342  1740 I AT      : RECV MSGID=1152 [NW_GET_CSCON_STATE_CNF], TXID=0182, DUMP=84195424000000000102521182011800000004000000000000010400000000000101040000000000
04-12 20:43:58.035808  1342  1740 I AT      : RECV MSGID=4409 [NW_CSCON_IND], TXID=ffff, DUMP=841954240000000001030944FFFF10000001040000FF00FF0101040001000000
04-12 20:43:58.035864  2665  2665 D MtkDPM  : DPM-0: EVENT_PLMN_DATA
04-12 20:43:58.035895  2665  2665 D MtkDPM  : DPM-0: mPlmnMvnoData = PlmnMvnoData(xxx) changed = true
04-12 20:43:58.035921  1342  1802 I AT      : SEND MSGID=047b [NW_SET_NW_IND_REPORT_LEVEL_REQ], TXID=0183 [RFXSender_0], DUMP=841954240000000001007B048301100000010100030000000101010003000000
04-12 20:43:58.036018  1342  1827 I AT      : SEND MSGID=021d [DATA_SET_LINK_CAPACITY_REPORTING_CRITERIA_REQ], TXID=0184 [RFXSender_4], DUMP=841954240000000001001D028401A800060101000B00000007012C0064000000F4010000E80300008813000010270000204E000050C30000F8240100A0860100400D030020A107000001010002000000080104000400000001010400B80B000002010400320000000301040032000000040101000E0000000501380064000000F4010000E80300008813000010270000204E000050C30000F8240100A0860100400D030020A1070040420F0060E3160080841E0000000000
04-12 20:43:58.036330  2665  2966 I RILJ    : [0074]< SET_LINK_CAPACITY_REPORTING_CRITERIA  [PHONE0]
04-12 20:43:58.036455  2665  2966 I RILJ    : [0067]< QUERY_NETWORK_SELECTION_MODE {0} [PHONE0]
04-12 20:43:58.036872  1342  1740 I AT      : RECV MSGID=4403 [NW_PS_IND], TXID=ffff, DUMP=841954240000000001030344FFFF7800000101002A000000010104002A2A2A2A020101002A000000030123002A2A2A2A2A2A2A2A2A2A2A2A2A2A2A2A2A2A2A2A2A2A2A2A2A2A2A2A2A2A2A2A2A2A2A00040101002A0000000C0128002A2A2A2A2A2A2A2A2A2A2A2A2A2A2A2A2A2A2A2A2A2A2A2A2A2A2A2A2A2A2A2A2A2A2A2A2A2A2A2A00000000
04-12 20:43:58.037830  1744  2488 W TelephonyRegistry: Pid 2665 has exceeded half the number of permissible registered listeners. Now at 79
04-12 20:43:58.037902  1744  2488 D TelephonyRegistry: listen oscl: mHasNotifySubscriptionInfoChangedOccurred==false no callback
04-12 20:43:58.038540  2665  2665 D CarrierResolver: handleMessage: 2
04-12 20:43:58.038736  2665  2665 D MtkGsmCdmaPhone: EVENT_ICC_CHANGED, phone id = 1, result = null
04-12 20:43:58.038774  2665  2665 E GsmCdmaPhone: [1] reapplyUiccAppsEnablementIfNeeded: slot state=null
04-12 20:43:58.038793  2665  2665 E GsmCdmaPhone: [1] reapplyUiccAppsEnablementIfNeeded(), slot is null ,mUiccApplicationsEnabled = null
04-12 20:43:58.038869  2665  2665 D MtkGsmCdmaPhone: isPhoneTypeCdmaLte:false, phoneId: 1 isCdmaWithoutLteCard: false mNewVoiceTech: -1
04-12 20:43:58.038887  2665  2665 D GsmCdmaCallTracker: [1] EVENT_RIL_CONNECTED 0
04-12 20:43:58.038898  2665  2665 D GsmCdmaCallTkr: Receives EVENT_RADIO_OFF_OR_NOT_AVAILABLE
04-12 20:43:58.038965  2665  2665 D GsmCdmaCallTracker: [1] update phone state, old=IDLE new=IDLE
04-12 20:43:58.039490  2665  2665 D MtkGsmSMSDispatcher: Wrong phone id event coming, PhoneId: -1
04-12 20:43:58.039502  2665  2665 D MtkGsmSMSDispatcher: Wrong phone id event coming, PhoneId: -1
04-12 20:43:58.039518  2665  2665 D MtkGsmInboundSmsHandler-1: StartupState.processMessage: processing EVENT_START_ACCEPTING_SMS
04-12 20:43:58.039528  2665  2665 D MtkGsmInboundSmsHandler-1: IdleState.enter: entering IdleState
04-12 20:43:58.039553  2665  2665 D MtkCdmaInboundSmsHandler-1: StartupState.processMessage: processing EVENT_START_ACCEPTING_SMS
04-12 20:43:58.039558  2665  2665 D MtkCdmaInboundSmsHandler-1: IdleState.enter: entering IdleState
04-12 20:43:58.039652  1342  1740 I AT      : RECV MSGID=4408 [NW_CS_IND], TXID=ffff, DUMP=841954240000000001030844FFFF5000008118002A2A2A2A2A2A2A2A2A2A2A2A2A2A2A2A2A2A2A2A2A2A2A2A00000000010101002A000000088120002A2A2A2A2A2A2A2A2A2A2A2A2A2A2A2A2A2A2A2A2A2A2A2A2A2A2A2A2A2A2A2A00000000
04-12 20:43:58.039771  1342  1740 I AT      : RECV MSGID=047c [NW_SET_NW_IND_REPORT_LEVEL_CNF], TXID=0183, DUMP=841954240000000001027C04830108000000040000000000
04-12 20:43:58.039840  1342  1802 E RfxBaseHandler: [0] registerToHandleMipcURC error:-3, slotId:0, mipcId:4419
04-12 20:43:58.039859  1342  1802 I AT      : SEND MSGID=04c7 [NW_GET_PHYSICAL_CHANNEL_CONFIGS_REQ], TXID=0185 [RFXSender_0], DUMP=84195424000000000100C70485010000
04-12 20:43:58.039908  1342  1740 I AT      : RECV MSGID=021e [DATA_SET_LINK_CAPACITY_REPORTING_CRITERIA_CNF], TXID=0184, DUMP=841954240000000001021E02840108000000040000000000
04-12 20:43:58.040034  1342  1827 I AT      : SEND MSGID=021d [DATA_SET_LINK_CAPACITY_REPORTING_CRITERIA_REQ], TXID=0186 [RFXSender_4], DUMP=841954240000000001001D028601A800060101000B00000007012C0064000000F4010000E80300008813000010270000204E000050C30000F8240100A0860100400D030020A107000001010002000000080104000600000001010400B80B000002010400320000000301040032000000040101000E0000000501380064000000F4010000E80300008813000010270000204E000050C30000F8240100A0860100400D030020A1070040420F0060E3160080841E0000000000
04-12 20:43:58.040513  1342  1740 I AT      : RECV MSGID=04c8 [NW_GET_PHYSICAL_CHANNEL_CONFIGS_CNF], TXID=0185, DUMP=84195424000000000102C804850188000000040000000000000100000000000000000000FF7F0100FF7F25000000000001000000000000000000000000000000000000000000000000000000000100000000000000000000010100000000000000000000FE7F0100FE7F28000000000001000000000000000000000000000000000000000000000000000000000000000100000000000000
04-12 20:43:58.040638  1342  1802 D RmmNwHdlr: [0] [queryPhysicalChannelConfigs] count:1, hasChanged: 0 
04-12 20:43:58.040681  1342  1802 E RfxBaseHandler: [0] registerToHandleMipcURC error:-3, slotId:0, mipcId:441b
04-12 20:43:58.040720  1342  1802 D RmmNwHdlr: [0] [handlePsInd][handlePsNetworkStateChanged] stat=0, lac=**FF, cid=***FFFF, eAct=0, reject_cause=0, dcnr_restricted=0, endc_sib=0, endc_available=0
04-12 20:43:58.040866  1342  1824 I AT      : SEND MSGID=0407 [NW_GET_REGISTER_STATE_REQ], TXID=0187 [RFXSender_1], DUMP=84195424000000000100070487010000
04-12 20:43:58.040878  1342  1802 I AT      : [0] AT> AT+EGREG? (RIL_URC_READER tid:527935564736)
04-12 20:43:58.040914  1342  1802 I AT      : SEND MSGID=0003 [SYS_AT_REQ], TXID=0188 [RFXSender_0], DUMP=8419542400000000010003008801100000810A002A2A2A2A2A2A2A2A2A2A0000
04-12 20:43:58.041084  2665  2665 I RILJ    : [0086]> BASEBAND_VERSION [PHONE1]
04-12 20:43:58.041348  2665  2679 I RILJ    : [0075]< SET_LINK_CAPACITY_REPORTING_CRITERIA  [PHONE0]
04-12 20:43:58.041436  1342  1837 I AT      : SEND MSGID=0001 [SYS_GET_INFO_REQ], TXID=0189 [RFXSender_13], DUMP=84195424000000000200010089010000
04-12 20:43:58.041496  2665  2679 I RILJ    : [0080]< SET_UNSOLICITED_RESPONSE_FILTER  [PHONE0]
04-12 20:43:58.042095  2665  2665 I RILJ    : [0087]> DEVICE_IMEI [PHONE1]
04-12 20:43:58.042629  1342  1740 I AT      : RECV MSGID=021e [DATA_SET_LINK_CAPACITY_REPORTING_CRITERIA_CNF], TXID=0186, DUMP=841954240000000001021E02860108000000040002000000
04-12 20:43:58.042876  1342  1827 I AT      : SEND MSGID=041f [NW_SET_IDLE_HINT_REQ], TXID=018a [RFXSender_4], DUMP=841954240000000001001F048A0108000001010001000000
04-12 20:43:58.042972  1342  1827 I AT      : SEND MSGID=021d [DATA_SET_LINK_CAPACITY_REPORTING_CRITERIA_REQ], TXID=018b [RFXSender_4], DUMP=841954240000000001001D028B01A800060101000B00000007012C0064000000F4010000E80300008813000010270000204E000050C30000F8240100A0860100400D030020A107000001010002000000080104000600000001010400B80B000002010400320000000301040032000000040101000E0000000501380064000000F4010000E80300008813000010270000204E000050C30000F8240100A0860100400D030020A1070040420F0060E3160080841E0000000000
04-12 20:43:58.043352  2665  2665 I RILJ    : [0088]> DEVICE_IDENTITY [PHONE1]
04-12 20:43:58.043635  1342  1740 I AT      : RECV MSGID=0408 [NW_GET_REGISTER_STATE_CNF], TXID=0187, DUMP=8419542400000000010208048701880100000400000000000001260000000000000000000000000000000000000000000000000000000000000000000000000000000000000000000101020000000000020101000000000003010400000000000401280000000000000000000000000000000000000000000000000000000000000000000000000000000000000000000501010000000000060102000000000007010100000000000801280000000000000000000000000000000000000000000000000000000000000000000000000000000000000000000901100000000000000000000000000000000000000000000A0124000000000000000000000000000000000000000000000000000000000000000000000000000B010100000000000C010100000000000D010100000000000E010100000000000F0101000000000010011800000000000000000000000000000000000000000000000000000000001101300000000000000000000000000000000000000000000000000000000000000000000000000000000000000000000000000000000000
04-12 20:43:58.044343  2665  2665 I RILJ    : [0089]> GET_RADIO_CAPABILITY [PHONE1]
04-12 20:43:58.045382  2665  2679 I RILJ    : [0077]< SEND_DEVICE_STATE error 6 [PHONE0]
04-12 20:43:58.045451  2665  2679 D RilRequest: [0077]< SEND_DEVICE_STATE error: com.android.internal.telephony.CommandException: REQUEST_NOT_SUPPORTED ret= result=null
04-12 20:43:58.045710  2665  3004 I RILJ    : [0078]< SEND_DEVICE_STATE  [PHONE0]
04-12 20:43:58.045824  2665  3004 I RILJ    : [0079]< SEND_DEVICE_STATE error 6 [PHONE0]
04-12 20:43:58.045948  2665  3004 D RilRequest: [0079]< SEND_DEVICE_STATE error: com.android.internal.telephony.CommandException: REQUEST_NOT_SUPPORTED ret= result=null
04-12 20:43:58.046053  2665  2665 I RILJ    : [0090]> GET_UICC_APPLICATIONS_ENABLEMENT [PHONE1]
04-12 20:43:58.046293  1342  1805 E RtmCommSimCtrl: [1] handleAreUiccApplicationsEnabled() not support, slot:1, msgslot:1, enable:1
04-12 20:43:58.046761  2665  2990 I RILJ    : convertHalRadioCapability: session=-1, phase=3, rat=561156, logicModemUuid=modem_sys1_ps1_nr1, status=1, rcRil.raf=1130504 [PHONE1]
04-12 20:43:58.046824  2665  2990 I RILJ    : [0089]< GET_RADIO_CAPABILITY {mPhoneId = 1 mVersion=1 mSession=-1 mPhase=3 mRadioAccessFamily=561156 mLogicModemId=modem_sys1_ps1_nr1 mStatus=1} [PHONE1]
04-12 20:43:58.047420  2665  2966 I RILJ    : [0076]< SET_LINK_CAPACITY_REPORTING_CRITERIA  [PHONE0]
04-12 20:43:58.047501  2665  2966 I RILJ    : [0081]< SET_LINK_CAPACITY_REPORTING_CRITERIA  [PHONE0]
04-12 20:43:58.047534  2665  2966 I RILJ    : [0082]< SET_LINK_CAPACITY_REPORTING_CRITERIA  [PHONE0]
04-12 20:43:58.047565  2665  2966 I RILJ    : [0083]< SET_LINK_CAPACITY_REPORTING_CRITERIA  [PHONE0]
04-12 20:43:58.047675  2665  3388 I RILJ    : [0084]< SET_LINK_CAPACITY_REPORTING_CRITERIA  [PHONE0]
04-12 20:43:58.047823  2665  3004 I RILJ    : [0090]< GET_UICC_APPLICATIONS_ENABLEMENT error 11 [PHONE1]
04-12 20:43:58.047865  2665  3004 D RilRequest: [0090]< GET_UICC_APPLICATIONS_ENABLEMENT error: com.android.internal.telephony.CommandException: SIM_ABSENT ret=true result={ when=-21s840ms what=55 target=com.mediatek.internal.telephony.MtkGsmCdmaPhone }
04-12 20:43:58.048043  2665  3387 I RILJ    : Unsol response received; Sending ack to ril.cpp [PHONE0]
04-12 20:43:58.048063  2665  3387 I RILJ    : [UNSL]< UNSOL_RESPONSE_PS_NETWORK_STATE_CHANGED [PHONE0]
04-12 20:43:58.049056  1342  1740 I AT      : RECV MSGID=0004 [SYS_AT_CNF], TXID=0188, DUMP=84195424000000000102040088015000000004000000000000813E002A2A2A2A2A2A2A2A2A2A2A2A2A2A2A2A2A2A2A2A2A2A2A2A2A2A2A2A2A2A2A2A2A2A2A2A2A2A2A2A2A2A2A2A2A2A2A2A2A2A2A2A2A2A2A2A2A2A2A2A2A2A000000000000
04-12 20:43:58.049107  1342  1740 I AT      : RECV MSGID=021e [DATA_SET_LINK_CAPACITY_REPORTING_CRITERIA_CNF], TXID=018b, DUMP=841954240000000001021E028B0108000000040002000000
04-12 20:43:58.049131  1342  1740 I AT      : RECV MSGID=0420 [NW_SET_IDLE_HINT_CNF], TXID=018a, DUMP=8419542400000000010220048A01100000000400000000000001010001000000
04-12 20:43:58.049139  2665  2665 I RILJ    : [0092]> SET_NULL_CIPHER_AND_INTEGRITY_ENABLED [PHONE1]
04-12 20:43:58.049140  1342  1802 I AT      : [0] AT< +EGREG=*** (RIL_URC_READER, tid:527935564736)
04-12 20:43:58.049160  1342  1802 I AT      : [0] AT< OK (RIL_URC_READER, tid:527935564736)
04-12 20:43:58.049206  1342  1802 D RmmNwHdlr: [0] [handleCsInd][handleCsNetworkStateChanged] stat=0, lac=**FF, cid=***FFFF, eAct=0, css=0, nwk_existence=0, roam_indicator=0, cause_type=0, reject_cause=0
04-12 20:43:58.049232  2665  2665 D CellularIdentifierDisclosureNotifier: disabled
04-12 20:43:58.049282  1342  1802 D RmmNwUrcHdlr: [0] handleConnectionStateReportInd: 0, 255, 0
04-12 20:43:58.049298  1342  1802 D RmmNwHdlr: [0] [handlePsInd][handlePsNetworkStateChanged] stat=0, lac=**FF, cid=***FFFF, eAct=0, reject_cause=0, dcnr_restricted=0, endc_sib=0, endc_available=0
04-12 20:43:58.049320  1342  1802 I AT      : [0] AT> AT+EGREG? (RIL_URC_READER tid:527935564736)
04-12 20:43:58.049332  1342  1802 I AT      : SEND MSGID=0003 [SYS_AT_REQ], TXID=018c [RFXSender_0], DUMP=8419542400000000010003008C01100000810A002A2A2A2A2A2A2A2A2A2A0000
04-12 20:43:58.049758  1342  1805 E RILC    : oemHookRawInd: radioModemServiceImpl[0].mtkEmIndication == NULL
04-12 20:43:58.049826  2665  3529 D CellularIdentifierDisclosureNotifier: On disable notifier
04-12 20:43:58.049929  2665  2665 I RILJ    : [0093]> SET_CELLULAR_IDENTIFIER_DISCLOSED_ENABLED enable=false [PHONE1]
04-12 20:43:58.050029  1342  1824 I AT      : SEND MSGID=0407 [NW_GET_REGISTER_STATE_REQ], TXID=018d [RFXSender_1], DUMP=8419542400000000010007048D010000
04-12 20:43:58.050010  2665  2665 D NullCipherNotifier: disabled
04-12 20:43:58.050499  2665  3530 I NullCipherNotifier: On enable notifier. Enable value: false
04-12 20:43:58.050789  2665  2680 I RILJ    : [0085]< SET_LINK_CAPACITY_REPORTING_CRITERIA  [PHONE0]
04-12 20:43:58.051061  1342  1740 I AT      : RECV MSGID=0004 [SYS_AT_CNF], TXID=018c, DUMP=8419542400000000010204008C015000000004000000000000813E002A2A2A2A2A2A2A2A2A2A2A2A2A2A2A2A2A2A2A2A2A2A2A2A2A2A2A2A2A2A2A2A2A2A2A2A2A2A2A2A2A2A2A2A2A2A2A2A2A2A2A2A2A2A2A2A2A2A2A2A2A2A000000000000
04-12 20:43:58.051738  1342  1802 I AT      : [0] AT< +EGREG=*** (RIL_URC_READER, tid:527935564736)
04-12 20:43:58.051785  1342  1802 I AT      : [0] AT< OK (RIL_URC_READER, tid:527935564736)
04-12 20:43:58.051901  1342  1802 D RmmNwHdlr: [0] [handleCsInd][handleCsNetworkStateChanged] stat=0, lac=**FF, cid=***FFFF, eAct=0, css=0, nwk_existence=0, roam_indicator=0, cause_type=0, reject_cause=0
04-12 20:43:58.052308  1342  1740 I AT      : RECV MSGID=0408 [NW_GET_REGISTER_STATE_CNF], TXID=018d, DUMP=8419542400000000010208048D01880100000400000000000001260000000000000000000000000000000000000000000000000000000000000000000000000000000000000000000101020000000000020101000000000003010400000000000401280000000000000000000000000000000000000000000000000000000000000000000000000000000000000000000501010000000000060102000000000007010100000000000801280000000000000000000000000000000000000000000000000000000000000000000000000000000000000000000901100000000000000000000000000000000000000000000A0124000000000000000000000000000000000000000000000000000000000000000000000000000B010100000000000C010100000000000D010100000000000E010100000000000F0101000000000010011800000000000000000000000000000000000000000000000000000000001101300000000000000000000000000000000000000000000000000000000000000000000000000000000000000000000000000000000000
04-12 20:43:58.052637  1342  1805 E RILC    : oemHookRawInd: radioModemServiceImpl[0].mtkEmIndication == NULL
04-12 20:43:58.052679  2665  2990 I RILJ    : Unsol response received; Sending ack to ril.cpp [PHONE0]
04-12 20:43:58.053027  2665  3387 I RILJ    : Unsol response received; Sending ack to ril.cpp [PHONE0]
04-12 20:43:58.053048  2665  3387 I RILJ    : [UNSL]< UNSOL_RESPONSE_NETWORK_STATE_CHANGED [PHONE0]
04-12 20:43:58.053129  2665  3210 D MTKSST  : [GsmSST0] MtkHandler: EVENT_NETWORK_STATE_CHANGED
04-12 20:43:58.053205  2665  2990 I RILJ    : Unsol response received; Sending ack to ril.cpp [PHONE0]
04-12 20:43:58.053217  2665  2665 I RILJ    : [0095]> SET_SECURITY_ALGORITHMS_UPDATED_ENABLED enable=false [PHONE1]
04-12 20:43:58.053356  2665  2665 D MtkGsmCdmaPhone: EVENT_RADIO_OFF_OR_NOT_AVAILABLEreceived.
04-12 20:43:58.053384  2665  2691 I RILJ    : Unsol response received; Sending ack to ril.cpp [PHONE0]
04-12 20:43:58.053405  2665  2691 I RILJ    : [UNSL]< UNSOL_RESPONSE_CS_NETWORK_STATE_CHANGED [PHONE0]
04-12 20:43:58.056039  2665  2665 D ANM-1   : bind to com.android.phone
04-12 20:43:58.056313  2665  2965 I RILJ    : [0095]< SET_SECURITY_ALGORITHMS_UPDATED_ENABLED  [PHONE1]
04-12 20:43:58.056454  1342  1740 I AT      : RECV MSGID=0002 [SYS_GET_INFO_CNF], TXID=0189, DUMP=8419542400000000020202008901F003000004002A2A2A2A010101002A000000020101002A000000030104002A2A2A2A040104002A2A2A2A050104002A2A2A2A060104002A2A2A2A070104002A2A2A2A080120002A2A2A2A2A2A2A2A2A2A2A2A2A2A2A2A2A2A2A2A2A2A2A2A2A2A2A2A2A2A2A2A00000000090180002A2A2A2A2A2A2A2A2A2A2A2A2A2A2A2A2A2A2A2A2A2A2A2A2A2A2A2A2A2A2A2A2A2A2A2A2A2A2A2A2A2A2A2A2A2A2A2A2A2A2A2A2A2A2A2A2A2A2A2A2A2A2A2A2A2A2A2A2A2A2A2A2A2A2A2A2A2A2A2A2A2A2A2A2A2A2A2A2A2A2A2A2A2A2A2A2A2A2A2A2A2A2A2A2A2A2A2A2A2A2A2A2A2A2A2A2A2A2A2A2A2A2A2A2A2A2A2A000000000A0101002A0000000B0101002A0000000C0101002A0000000D0104002A2A2A2A0E0118002A2A2A2A2A2A2A2A2A2A2A2A2A2A2A2A2A2A2A2A2A2A2A2A000000000F810F002A2A2A2A2A2A2A2A2A2A2A2A2A2A2A0000000000100120002A2A2A2A2A2A2A2A2A2A2A2A2A2A2A2A2A2A2A2A2A2A2A2A2A2A2A2A2A2A2A2A00000000110140002A2A2A2A2A2A2A2A2A2A2A2A2A2A2A2A2A2A2A2A2A2A2A2A2A2A2A2A2A2A2A2A2A2A2A2A2A2A2A2A2A2A2A2A2A2A2A2A2A2A2A2A2A2A2A2A2A2A2A2A2A2A2A2A0000000012011E002A2A2A2A2A2A2A2A2A2A2A2A2A2A2A2A2A2A2A2A2A2A2A2A2A2
04-12 20:43:58.056521  1342  1837 I RmmOemHandler: [1] requestBasebandVersion:MOLY.NR17.R2.MP2.RC.MP.V36.16.P1, 2026/03/24 14:47
04-12 20:43:58.056534  1342  1837 I RmmOemHandler: [1] Original Baseband Version: MOLY.NR17.R2.MP2.RC.MP.V36.16.P1
04-12 20:43:58.056567  1342  1837 I RmmOemHandler: [1] Customized Baseband Version: TA15152P1
04-12 20:43:58.056621  1342  1837 I AT      : SEND MSGID=1514 [MIPC_SYS_GET_PRIMARY_IMEI_INFO_REQ], TXID=018e [RFXSender_13], DUMP=8419542400000000020014158E010000
04-12 20:43:58.056935  2665  2691 I RILJ    : Unsol response received; Sending ack to ril.cpp [PHONE0]
04-12 20:43:58.057012  2665  2691 I RILJ    : [UNSL]< UNSOL_RESPONSE_CS_NETWORK_STATE_CHANGED [PHONE0]
04-12 20:43:58.058164  2665  2965 I RILJ    : [0086]< BASEBAND_VERSION TA15152P1 [PHONE1]
04-12 20:43:58.060089  2665  2665 D SSCtr   : No matching configuration
04-12 20:43:58.061788  2665  2691 I RILJ    : Unsol response received; Sending ack to ril.cpp [PHONE0]
04-12 20:43:58.061813  2665  2691 I RILJ    : [UNSL]< UNSOL_RESPONSE_PS_NETWORK_STATE_CHANGED [PHONE0]
04-12 20:43:58.062968  2665  2665 I RILJ    : [0101]> SET_SIGNAL_STRENGTH_REPORTING_CRITERIA [PHONE1]
04-12 20:43:58.063209  2665  2665 D SSCtr   : setSignalStrengthReportingCriteria consolidatedSignalThresholdInfos=[SignalThresholdInfo{mRan=1 mSignalMeasurementType=1 mHysteresisMs=3000 mHysteresisDb=2 mThresholds=[] mIsEnabled=false}, SignalThresholdInfo{mRan=2 mSignalMeasurementType=2 mHysteresisMs=3000 mHysteresisDb=2 mThresholds=[] mIsEnabled=false}, SignalThresholdInfo{mRan=3 mSignalMeasurementType=3 mHysteresisMs=3000 mHysteresisDb=2 mThresholds=[] mIsEnabled=false}, SignalThresholdInfo{mRan=4 mSignalMeasurementType=1 mHysteresisMs=3000 mHysteresisDb=2 mThresholds=[] mIsEnabled=false}, SignalThresholdInfo{mRan=3 mSignalMeasurementType=4 mHysteresisMs=3000 mHysteresisDb=2 mThresholds=[] mIsEnabled=false}, SignalThresholdInfo{mRan=3 mSignalMeasurementType=5 mHysteresisMs=3000 mHysteresisDb=2 mThresholds=[] mIsEnabled=false}, SignalThresholdInfo{mRan=6 mSignalMeasurementType=6 mHysteresisMs=3000 mHysteresisDb=2 mThresholds=[] mIsEnabled=false}, SignalThresholdInfo{mRan=6 mSignalMeasurementType=7 mHysteresisMs=3000 mHysteresisDb=2 mThresholds=[] mIsEnabled=false}, SignalThresholdInfo{mRan=6 mSignalMeasurementType=8 mHysteresisMs=3000 mHysteresisDb=2 mThresholds=[] mIsEnabled=false}, SignalThresholdInfo{mRan=2 mSignalMeasurementType=9 mHysteresisMs=3000 mHysteresisDb=2 mThresholds=[] mIsEnabled=false}]
04-12 20:43:58.063415  2665  2665 D SSCtr   : No matching configuration
04-12 20:43:58.064525  2665  2691 I RILJ    : [0101]< SET_SIGNAL_STRENGTH_REPORTING_CRITERIA error 1 [PHONE1]
04-12 20:43:58.064595  2665  2691 D RilRequest: [0101]< SET_SIGNAL_STRENGTH_REPORTING_CRITERIA error: com.android.internal.telephony.CommandException: RADIO_NOT_AVAILABLE ret= result=null
04-12 20:43:58.064707  2665  2665 I RILJ    : [0102]> SET_SIGNAL_STRENGTH_REPORTING_CRITERIA [PHONE1]
