----- timezone:Asia/Shanghai
04-12 20:43:49.536283  1135  1152 I mipc_lib: CHECK IF MODEM IS READY STATRT!
04-12 20:43:49.660502  1219  1219 I terservice: [terserver] service not enabled. exit.
04-12 20:43:50.045449  1342  1342 D RilClientQueue: construct head message
04-12 20:43:50.050791  1342  1342 I RilOpProxy: initOpLibrary, init mipc path
04-12 20:43:50.050940  1342  1342 I RilOpProxy: [initOpLibrary] dlopen failed error: dlopen failed: library "libmtkmipc-rilop.so" not found
04-12 20:43:50.051419  1342  1342 I AT      : CHECK IF MODEM IS READY STATRT!
04-12 20:43:50.112191  1366  1431 I mipc_lib: CHECK IF MODEM IS READY STATRT!
04-12 20:43:50.745811  1526  1526 I mipc_lib: CHECK IF MODEM IS READY STATRT!
04-12 20:43:50.745882  1526  1526 I mipc_lib: MODEM IS READY NOW! OPENCOM /dev/ttyCMIPC8 start
04-12 20:43:50.747526  1526  1526 I mipc_lib: OPENCOM /dev/ttyCMIPC8 end
04-12 20:43:50.748207  1526  1526 E mipc_lib: open libtrm success
04-12 20:43:50.748424  1526  1526 I mipc_lib: SEND MSGID=0305 [INTERNAL_TEST_REQ], TXID=0000 [binder:1526_2], DUMP=8419542400000000FF00050300000000
04-12 20:43:50.845604  1526  1702 I mipc_lib: RECV MSGID=0306 [INTERNAL_TEST_CNF], TXID=0000, DUMP=8419542400000000FF020603000008000000040000000000
04-12 20:43:50.845718  1526  1526 I mipc_lib: SEND MSGID=0301 [INTERNAL_OPEN_REQ], TXID=0001 [binder:1526_2], DUMP=8419542400000000FF00010301002800000104000200000001010F002F6465762F747479434D495043380000000000000201010001000000
04-12 20:43:51.051663  1342  1342 I AT      : MODEM IS READY NOW! OPENCOM /dev/ttyCMIPC1 start
04-12 20:43:51.053407  1342  1342 I AT      : OPENCOM /dev/ttyCMIPC1 end
04-12 20:43:51.053916  1342  1342 E AT      : open libtrm success
04-12 20:43:51.054044  1342  1342 I AT      : SEND MSGID=0305 [INTERNAL_TEST_REQ], TXID=0000 [mtkfusionrild], DUMP=8419542400000000FF00050300000000
04-12 20:43:51.054407  1342  1740 I AT      : RECV MSGID=0306 [INTERNAL_TEST_CNF], TXID=0000, DUMP=8419542400000000FF020603000008000000040000000000
04-12 20:43:51.054447  1342  1342 I AT      : SEND MSGID=0301 [INTERNAL_OPEN_REQ], TXID=0001 [mtkfusionrild], DUMP=8419542400000000FF00010301002800000104000200000001010F002F6465762F747479434D495043310000000000000201010001000000
04-12 20:43:51.112680  1366  1431 I mipc_lib: MODEM IS READY NOW! OPENCOM /dev/ttyCMIPC5 start
04-12 20:43:51.114463  1366  1431 I mipc_lib: OPENCOM /dev/ttyCMIPC5 end
04-12 20:43:51.115212  1366  1431 E mipc_lib: open libtrm success
04-12 20:43:51.115408  1366  1431 I mipc_lib: SEND MSGID=0305 [INTERNAL_TEST_REQ], TXID=0000 [mnld], DUMP=8419542400000000FF00050300000000
04-12 20:43:51.116149  1366  1742 I mipc_lib: RECV MSGID=0306 [INTERNAL_TEST_CNF], TXID=0000, DUMP=8419542400000000FF020603000008000000040000000000
04-12 20:43:51.116223  1366  1431 I mipc_lib: SEND MSGID=0301 [INTERNAL_OPEN_REQ], TXID=0001 [mnld], DUMP=8419542400000000FF000103010020000001040002000000010105006D6E6C6400000000000000000201010001000000
04-12 20:43:51.242925  1342  1740 I AT      : RECV MSGID=0302 [INTERNAL_OPEN_CNF], TXID=0001, DUMP=8419542400000000FF020203010018000000040000000000000104000000000001010400E0930400
04-12 20:43:51.243069  1342  1342 I AT      : SEND MSGID=0003 [SYS_AT_REQ], TXID=0002 [mtkfusionrild], DUMP=8419542400000000010003000200180000810D002A2A2A2A2A2A2A2A2A2A2A2A2A00000000000000
04-12 20:43:51.243149  1366  1742 I mipc_lib: RECV MSGID=0302 [INTERNAL_OPEN_CNF], TXID=0001, DUMP=8419542400000000FF020203010018000000040000000000000104000000000001010400E0930400
04-12 20:43:51.243293  1526  1702 I mipc_lib: RECV MSGID=0302 [INTERNAL_OPEN_CNF], TXID=0001, DUMP=8419542400000000FF020203010018000000040000000000000104000000000001010400E0930400
04-12 20:43:51.243527  1366  1431 I trm_lib : libtrm_md_event_register: mon. thread started.
04-12 20:43:51.243578  1366  1431 I mipc_lib: SEND MSGID=008d [SYS_GET_GNSS_COCLOCK_NVDATA_REQ], TXID=0002 [mnld], DUMP=841954240000000001008D0002000000
04-12 20:43:51.243883  1526  1526 I trm_lib : libtrm_md_event_register: mon. thread started.
04-12 20:43:51.243934  1526  1756 D TranRadioExt: mdStatusEventCb: event_type 10
04-12 20:43:51.246983  1342  1740 I AT      : RECV MSGID=0004 [SYS_AT_CNF], TXID=0002, DUMP=841954240000000001020400020018000000040000000000008107002A2A2A2A2A2A2A0000000000
04-12 20:43:51.248024  1366  1742 I mipc_lib: RECV MSGID=008e [SYS_GET_GNSS_COCLOCK_NVDATA_CNF], TXID=0002, DUMP=841954240000000001028E000200200000000400000000000101040052A262BD02010400FBBC95BE03010400FFFFFFFF
04-12 20:43:51.252341  1526  1526 D TranRadioExt: mipc_msg_register_ind MIPC_SYS_AT_IND, slotid:0,return:0
04-12 20:43:51.254363  1526  1526 D TranRadioExt: mipc_msg_register_ind MIPC_DATA_URSP_UE_POLICY_CHG_IND, slotid:0,return:0
04-12 20:43:51.255352  1526  1526 D TranRadioExt: mipc_msg_register_ind MIPC_DATA_DSDA_STATE_IND, slotid:0,return:0
04-12 20:43:51.256197  1342  1342 I RILC    : FUSION RIL getSimCount: 2
04-12 20:43:51.256214  1342  1342 E RILC    : RIL_register: RIL version 15
04-12 20:43:51.256217  1342  1342 I RILC    : s_registerCalled flag set, 1
04-12 20:43:51.256262  1342  1759 I RIL-Fusion: entering mainLoop()
04-12 20:43:51.256424  1342  1342 I RILC    : register service start
04-12 20:43:51.256654  1526  1526 D TranRadioExt: mipc_msg_register_ind MIPC_SYS_AT_IND, slotid:1,return:0
04-12 20:43:51.256704  1342  1759 E RfxOpUtils: [initOpLibrary] return, sDlOpHandler = 0x0
04-12 20:43:51.257436  1526  1526 D TranRadioExt: mipc_msg_register_ind MIPC_DATA_URSP_UE_POLICY_CHG_IND, slotid:1,return:0
04-12 20:43:51.257787  1342  1759 D RfxGwsdUtils: [initHandler] completed
04-12 20:43:51.257864  1342  1759 D RatConfigC: getMaxRat: initial N/Lf/Lt/W/G
04-12 20:43:51.257901  1342  1759 I RfxViaUtils: [initViaHandler] not support C2K
04-12 20:43:51.259492  1526  1526 D TranRadioExt: mipc_msg_register_ind MIPC_DATA_DSDA_STATE_IND, slotid:1,return:0
04-12 20:43:51.259525  1526  1526 D TranRadioExt: isMipcSupport = 1
04-12 20:43:51.269153  1342  1759 D RilClientQueue: construct head message
04-12 20:43:51.269647  1342  1342 D RadioConfig_service: aosp radioConfig addService status: 0
04-12 20:43:51.269651  1342  1342 I RILC    : radioConfig called register radio config Service
04-12 20:43:51.269664  1342  1342 I RILC    : RIL_register_socket: calling registerService
04-12 20:43:51.269668  1342  1342 D RIL_SAP : publicRadioSapAidlService
04-12 20:43:51.269925  1342  1342 D RIL_SAP : aosp sap addservice, slotId:0, status:0
04-12 20:43:51.270328  1342  1342 D RIL_SAP : aosp sap addservice, slotId:1, status:0
04-12 20:43:51.280868  1342  1801 D RfxVersionMgr: init
04-12 20:43:51.281030  1342  1801 E RfxChannelMgr: init urc first
04-12 20:43:51.281163  1342  1801 E RfxChannelMgr: init urc first
04-12 20:43:51.282228  1342  1805 I RfxMainThread: initControllers start
04-12 20:43:51.282357  1342  1805 I RfxOpUtils: [getPreNonSlotOpCtlerList] return, sDlOpHandler == NULL
04-12 20:43:51.282787  1342  1805 D RtmSuppServQueue: Init RtmSuppServQueue's singleton instance!
04-12 20:43:51.282807  1342  1805 D RtmSuppServController: [-1] RtmSuppServController onInit!
04-12 20:43:51.282810  1342  1806 W RefBase : RefBase: Object at 0xb400007cba30ec78 lost last weak reference before it had a strong reference
04-12 20:43:51.282877  1342  1805 D EccNumberSource: [XML][0][XmlEccNumberSource] START
04-12 20:43:51.284020  1342  1803 I AT      : SEND MSGID=030b [INTERNAL_REGISTER_CMD_REQ], TXID=0013 [RFXSender_12], DUMP=8419542400000000FF000B031300080000010200068B0000
04-12 20:43:51.284166  1342  1802 E RfxBaseHandler: [0] registerToHandleMipcCmd error:-3, slotId:0, mipcId:8b06
04-12 20:43:51.284199  1342  1802 D RmmSmlUrc: [0] RmmSmlUrcHandler init
04-12 20:43:51.284274  1342  1802 D RmmSmlUrc: [0] Slot Lock on and reset the properties and key-values: slot 0
04-12 20:43:51.284317  1342  1740 I AT      : RECV MSGID=030c [INTERNAL_REGISTER_CMD_CNF], TXID=0013, DUMP=8419542400000000FF020C03130008000000040000000000
04-12 20:43:51.284371  1342  1803 D RmmSmlUrc: [1] RmmSmlUrcHandler init
04-12 20:43:51.284389  1342  1803 D RmmSmlUrc: [1] Slot Lock on and reset the properties and key-values: slot 1
04-12 20:43:51.284726  1342  1805 D EccNumberSource: [XML][0][XmlEccNumberSource] END
04-12 20:43:51.284960  1342  1805 D EccNumberPreference: [0][update] for PLMN:  GSM only: , GSM prefer: , CDMA prefer: 
04-12 20:43:51.285217  1342  1805 D RpOemCtlr: [0] init()
04-12 20:43:51.285244  1342  1805 D RtmCC   : [0] create ecc controller
04-12 20:43:51.285251  1342  1805 D RtmEcc  : [0] onInit !! (bsp)
04-12 20:43:51.285364  1342  1805 D RfxVersionMgr: waitLooper() begin
04-12 20:43:51.291868  1342  1802 I RmmCatUrcHandler: [0] RmmCatUrcHandler init slotid 0, ch id 0
04-12 20:43:51.292486  1342  1803 I RmmCatUrcHandler: [1] RmmCatUrcHandler init slotid 1, ch id 0
04-12 20:43:51.293114  1342  1802 D RmmCatUrcHandler: [0] RmmCatUrcHandler enable proactive cmd by MIPC_STK_SET_PAC_REQ
04-12 20:43:51.293133  1342  1802 I AT      : SEND MSGID=0801 [STK_SET_PAC_REQ], TXID=0033 [RFXSender_0], DUMP=8419542400000000010001083300280001012000FFFFFFFFFFFFFFFFFFFFFFFFFFFFFFFFFFFFFFFFFFFFFFFFFFFFFFFFFFFFFFFF00000000
04-12 20:43:51.293585  1342  1740 I AT      : RECV MSGID=0802 [STK_SET_PAC_CNF], TXID=0033, DUMP=841954240000000001020208330010010000040000000000000100010004040404040000000000000000000004040404040600000000000000000000060606060606060406000000000000000000000000040000000000000000000006060606060000000000000000000000000000000000000000000000000000000000000000000000000000000000000006060000000000000000000000000000000000000000000000000000000000000000000000000000000000000000000000000000000000000000000000000000000000000000000000000000000000000000000000000000000000000000000000000000000000000000000000000000000000000000000000000000000000000000000000000000000000000000000000000000
04-12 20:43:51.293832  1342  1803 D RmmCatUrcHandler: [1] RmmCatUrcHandler enable proactive cmd by MIPC_STK_SET_PAC_REQ
04-12 20:43:51.293851  1342  1803 I AT      : SEND MSGID=0801 [STK_SET_PAC_REQ], TXID=0036 [RFXSender_12], DUMP=8419542400000000020001083600280001012000FFFFFFFFFFFFFFFFFFFFFFFFFFFFFFFFFFFFFFFFFFFFFFFFFFFFFFFFFFFFFFFF00000000
04-12 20:43:51.294422  1342  1740 I AT      : RECV MSGID=0802 [STK_SET_PAC_CNF], TXID=0036, DUMP=841954240000000002020208360010010000040000000000000100010004040404040000000000000000000004040404040600000000000000000000060606060606060406000000000000000000000000040000000000000000000006060606060000000000000000000000000000000000000000000000000000000000000000000000000000000000000006060000000000000000000000000000000000000000000000000000000000000000000000000000000000000000000000000000000000000000000000000000000000000000000000000000000000000000000000000000000000000000000000000000000000000000000000000000000000000000000000000000000000000000000000000000000000000000000000000000
04-12 20:43:51.299277  1342  1802 I VT RIL URC: [0] RmmVtUrcHandler constructor
04-12 20:43:51.299777  1342  1803 I VT RIL URC: [1] RmmVtUrcHandler constructor
04-12 20:43:51.300498  1342  1802 D RmmNwHdlr: [0] Default nr_display_rule=1, jp_mode_timer1_delay_timer=20, jp_mode_timer2_delay_timer=20
04-12 20:43:51.300524  1342  1802 D RmmNwHdlr: [0] prop nr_display_rule=-1, jp_mode_timer1_delay_timer=-1, jp_mode_timer2_delay_timer=-1
04-12 20:43:51.300528  1342  1802 D RmmNwHdlr: [0] [setNrDisplayRuleToMd] mode:1, timer1:20, timer2:20
04-12 20:43:51.300538  1342  1802 I AT      : SEND MSGID=0495 [NW_SET_CACHE_ENDC_CONNECT_MODE_REQ], TXID=0059 [RFXSender_0], DUMP=841954240000000001009504590008000001010001000000
04-12 20:43:51.300988  1342  1803 D RmmNwHdlr: [1] Default nr_display_rule=1, jp_mode_timer1_delay_timer=20, jp_mode_timer2_delay_timer=20
04-12 20:43:51.301013  1342  1740 I AT      : RECV MSGID=0496 [NW_SET_CACHE_ENDC_CONNECT_MODE_CNF], TXID=0059, DUMP=841954240000000001029604590008000000040000000000
04-12 20:43:51.301028  1342  1803 D RmmNwHdlr: [1] prop nr_display_rule=-1, jp_mode_timer1_delay_timer=-1, jp_mode_timer2_delay_timer=-1
04-12 20:43:51.301035  1342  1803 D RmmNwHdlr: [1] [setNrDisplayRuleToMd] mode:1, timer1:20, timer2:20
04-12 20:43:51.301047  1342  1803 I AT      : SEND MSGID=0495 [NW_SET_CACHE_ENDC_CONNECT_MODE_REQ], TXID=005b [RFXSender_12], DUMP=8419542400000000020095045B0008000001010001000000
04-12 20:43:51.301095  1342  1802 D RmmNwUrcHdlr: [0] RmmNwURCHandler[0] start
04-12 20:43:51.301488  1342  1740 I AT      : RECV MSGID=0496 [NW_SET_CACHE_ENDC_CONNECT_MODE_CNF], TXID=005b, DUMP=8419542400000000020296045B0008000000040000000000
04-12 20:43:51.301552  1342  1803 D RmmNwUrcHdlr: [1] RmmNwURCHandler[1] start
04-12 20:43:51.312885  1342  1802 I RmmDchUrc: [0] [RmmDchUrcHandler] dlopen : module = libwpfa.so, pass.
04-12 20:43:51.313042  1342  1803 I RmmDchUrc: [1] [RmmDchUrcHandler] dlopen : module = libwpfa.so, pass.
04-12 20:43:51.313057  1342  1802 E RmmDchUrc: [0] [RmmDchUrcHandler] dlsym : symbol = setPacketRouteCfg, failed (undefined symbol: setPacketRouteCfg)
04-12 20:43:51.313078  1342  1803 E RmmDchUrc: [1] [RmmDchUrcHandler] dlsym : symbol = setPacketRouteCfg, failed (undefined symbol: setPacketRouteCfg)
04-12 20:43:51.318116  1342  1802 I AT      : SEND MSGID=030b [INTERNAL_REGISTER_CMD_REQ], TXID=00a5 [RFXSender_0], DUMP=8419542400000000FF000B03A50008000001020001860000
04-12 20:43:51.318487  1342  1803 E RfxBaseHandler: [1] registerToHandleMipcCmd error:-3, slotId:1, mipcId:8601
04-12 20:43:51.318534  1342  1803 I AT      : SEND MSGID=030b [INTERNAL_REGISTER_CMD_REQ], TXID=00a7 [RFXSender_12], DUMP=8419542400000000FF000B03A70008000001020003860000
04-12 20:43:51.318646  1342  1740 I AT      : RECV MSGID=030c [INTERNAL_REGISTER_CMD_CNF], TXID=00a5, DUMP=8419542400000000FF020C03A50008000000040000000000
04-12 20:43:51.318736  1342  1802 E RfxBaseHandler: [0] registerToHandleMipcCmd error:-3, slotId:0, mipcId:8603
04-12 20:43:51.319084  1342  1740 I AT      : RECV MSGID=030c [INTERNAL_REGISTER_CMD_CNF], TXID=00a7, DUMP=8419542400000000FF020C03A70008000000040000000000
04-12 20:43:51.323916  1342  1802 D RmmOemUrcHandler: [0] initRFCableStatusReader
04-12 20:43:51.324148  1342  1802 D RmmImsVideoRingtoneUrcHandler: [0] RmmImsVideoRingtoneUrcHandler constructor
04-12 20:43:51.324241  1342  1816 I RmmOemUrcHandler: [0] rfCableStatusReaderLoop - RFCable status working thread
04-12 20:43:51.324300  1342  1816 I RmmOemUrcHandler: [0] [RmmOemUrcHandler] rfCableStatusReaderLoop: fd = 19
04-12 20:43:51.324752  1342  1803 D RmmImsVideoRingtoneUrcHandler: [1] RmmImsVideoRingtoneUrcHandler constructor
04-12 20:43:51.327115  1342  1802 D RmmImsRttCtlUrcHdl: [0] RmmImsRttControlUrcHandler constructor
04-12 20:43:51.327715  1342  1803 D RmmImsRttCtlUrcHdl: [1] RmmImsRttControlUrcHandler constructor
04-12 20:43:51.339177  1342  1802 I AT      : SEND MSGID=030b [INTERNAL_REGISTER_CMD_REQ], TXID=00fc [RFXSender_0], DUMP=8419542400000000FF000B03FC0008000001020001890000
04-12 20:43:51.339699  1342  1740 I AT      : RECV MSGID=030c [INTERNAL_REGISTER_CMD_CNF], TXID=00fc, DUMP=8419542400000000FF020C03FC0008000000040000000000
04-12 20:43:51.340382  1342  1802 I RmmCapa : [0] constructor slot_id = 0, channel_id = 0
04-12 20:43:51.340540  1342  1803 E RfxBaseHandler: [1] registerToHandleMipcCmd error:-3, slotId:1, mipcId:8901
04-12 20:43:51.340933  1342  1803 I RmmCapa : [1] constructor slot_id = 1, channel_id = 0
04-12 20:43:51.341104  1342  1802 E AT      : [0] threadLoop. Urc init done
04-12 20:43:51.341556  1342  1803 E AT      : [1] threadLoop. Urc init done
04-12 20:43:51.341582  1342  1803 E RfxChannelMgr: urcRegisterDone
04-12 20:43:51.341587  1342  1803 E RfxChannelMgr: init other channel
04-12 20:43:51.341876  1342  1824 I AT      : [0] AT> AT+EMDVER? (RIL_CMD_READER_1 tid:528047672256)
04-12 20:43:51.341913  1342  1824 I AT      : SEND MSGID=0003 [SYS_AT_REQ], TXID=0105 [RFXSender_1], DUMP=8419542400000000010003000501100000810B002A2A2A2A2A2A2A2A2A2A2A00
04-12 20:43:51.341984  1342  1825 I VT RIL CMN RMM: [0] [RMM VT REQ HDLR] RmmVtCommonReqHandler create (slot_id = 0)
04-12 20:43:51.342032  1342  1825 D RmmImsVideoRingToneReqHdl: [0] RmmImsVideoRingtoneRequestHandler constructor
04-12 20:43:51.342191  1342  1825 D RmmCCReqHandler: [0] MIPC_CALL_DATA_PREFER_SET_REQ 1
04-12 20:43:51.342213  1342  1825 I AT      : SEND MSGID=0957 [CALL_DATA_PREFER_SET_REQ], TXID=0106 [RFXSender_2], DUMP=8419542400000000010057090601100000010100010000000101010001000000
04-12 20:43:51.342465  1342  1740 I AT      : RECV MSGID=0004 [SYS_AT_CNF], TXID=0105, DUMP=8419542400000000010204000501E00300000400000000000081CD032A2A2A2A2A2A2A2A2A2A2A2A2A2A2A2A2A2A2A2A2A2A2A2A2A2A2A2A2A2A2A2A2A2A2A2A2A2A2A2A2A2A2A2A2A2A2A2A2A2A2A2A2A2A2A2A2A2A2A2A2A2A2A2A2A2A2A2A2A2A2A2A2A2A2A2A2A2A2A2A2A2A2A2A2A2A2A2A2A2A2A2A2A2A2A2A2A2A2A2A2A2A2A2A2A2A2A2A2A2A2A2A2A2A2A2A2A2A2A2A2A2A2A2A2A2A2A2A2A2A2A2A2A2A2A2A2A2A2A2A2A2A2A2A2A2A2A2A2A2A2A2A2A2A2A2A2A2A2A2A2A2A2A2A2A2A2A2A2A2A2A2A2A2A2A2A2A2A2A2A2A2A2A2A2A2A2A2A2A2A2A2A2A2A2A2A2A2A2A2A2A2A2A2A2A2A2A2A2A2A2A2A2A2A2A2A2A2A2A2A2A2A2A2A2A2A2A2A2A2A2A2A2A2A2A2A2A2A2A2A2A2A2A2A2A2A2A2A2A2A2A2A2A2A2A2A2A2A2A2A2A2A2A2A2A2A2A2A2A2A2A2A2A2A2A2A2A2A2A2A2A2A2A2A2A2A2A2A2A2A2A2A2A2A2A2A2A2A2A2A2A2A2A2A2A2A2A2A2A2A2A2A2A2A2A2A2A2A2A2A2A2A2A2A2A2A2A2A2A2A2A2A2A2A2A2A2A2A2A2A2A2A2A2A2A2A2A2A2A2A2A2A2A2A2A2A2A2A2A2A2A2A2A2A2A2A2A2A2A2A2A2A2A2A2A2A2A2A2A2A2A2A2A2A2A2A2A2A2A2A2A2A2A2A2A2A2A2A2A2A2A2A2A2A2A2A2A2A2A2A2A2A2A2A2A2A2A2A2A2A2A2A2A2A2A2A2A2A2A2A2A2A2A2A2A2A2A2A2A2A2A2A2A2A2A2A2A2A2A2A2A2A2A2A2A2A2A2A2A2A2
04-12 20:43:51.342517  1342  1824 I AT      : [0] AT< +EMDVER: "LWCTG one MD","1" (RIL_CMD_READER_1, tid:528047672256)
04-12 20:43:51.342530  1342  1824 I AT      : [0] AT< +EMDVER: "DSS_NO_RESET","1" (RIL_CMD_READER_1, tid:528047672256)
04-12 20:43:51.342528  1342  1834 I RmmVsim : [0] RmmVsimUrcHandler init slot: 0, ch id 10
04-12 20:43:51.342535  1342  1824 I AT      : [0] AT< +EMDVER: "CDMA3G_DUAL_ACTIVATION","1" (RIL_CMD_READER_1, tid:528047672256)
04-12 20:43:51.342539  1342  1824 I AT      : [0] AT< +EMDVER: "REG_REPORT_MODE","5" (RIL_CMD_READER_1, tid:528047672256)
04-12 20:43:51.342542  1342  1824 I AT      : [0] AT< +EMDVER: "IMS_TEST_MODE","1" (RIL_CMD_READER_1, tid:528047672256)
04-12 20:43:51.342545  1342  1824 I AT      : [0] AT< +EMDVER: "POWER_ON_WITHOUT_ESIMS","1" (RIL_CMD_READER_1, tid:528047672256)
04-12 20:43:51.342555  1342  1824 I AT      : [0] AT< +EMDVER: "ECFGRESET Supported","1" (RIL_CMD_READER_1, tid:528047672256)
04-12 20:43:51.342558  1342  1824 I AT      : [0] AT< +EMDVER: "EMCI","1" (RIL_CMD_READER_1, tid:528047672256)
04-12 20:43:51.342561  1342  1824 I AT      : [0] AT< +EMDVER: "IMS SUBMARINE","1" (RIL_CMD_READER_1, tid:528047672256)
04-12 20:43:51.342564  1342  1824 I AT      : [0] AT< +EMDVER: "Full IA Parameter Supported","1" (RIL_CMD_READER_1, tid:528047672256)
04-12 20:43:51.342567  1342  1824 I AT      : [0] AT< +EMDVER: "EDATASIM Supported","1" (RIL_CMD_READER_1, tid:528047672256)
04-12 20:43:51.342569  1342  1824 I AT      : [0] AT< +EMDVER: "MD trigger edallow","1" (RIL_CMD_READER_1, tid:528047672256)
04-12 20:43:51.342572  1342  1824 I AT      : [0] AT< +EMDVER: "IA MD Preferred APN","1" (RIL_CMD_READER_1, tid:528047672256)
04-12 20:43:51.342574  1342  1824 I AT      : [0] AT< +EMDVER: "MD_MultiHoming","1" (RIL_CMD_READER_1, tid:528047672256)
04-12 20:43:51.342577  1342  1824 I AT      : [0] AT< +EMDVER: "5G_SUPPORTED","1" (RIL_CMD_READER_1, tid:528047672256)
04-12 20:43:51.342580  1342  1824 I AT      : [0] AT< +EMDVER: "NA_NO_CXP_REBOOT","1" (RIL_CMD_READER_1, tid:528047672256)
04-12 20:43:51.342582  1342  1824 I AT      : [0] AT< +EMDVER: "GEMINI_NR_PLUS_SUPPORTED","1" (RIL_CMD_READER_1, tid:528047672256)
04-12 20:43:51.342585  1342  1824 I AT      : [0] AT< +EMDVER: "SWITCH_OFF_SIM","1" (RIL_CMD_READER_1, tid:528047672256)
04-12 20:43:51.342588  1342  1824 I AT      : [0] AT< +EMDVER: "IMS over 3gpp","3" (RIL_CMD_READER_1, tid:528047672256)
04-12 20:43:51.342590  1342  1824 I AT      : [0] AT< +EMDVER: "SMB_SIMME_LOCK","1" (RIL_CMD_READER_1, tid:528047672256)
04-12 20:43:51.342593  1342  1824 I AT      : [0] AT< +EMDVER: "STK_CALL_OVER_IMS","1" (RIL_CMD_READER_1, tid:528047672256)
04-12 20:43:51.342596  1342  1824 I AT      : [0] AT< +EMDVER: "GEMINI_DR_DSDA","1" (RIL_CMD_READER_1, tid:528047672256)
04-12 20:43:51.342598  1342  1824 I AT      : [0] AT< +EMDVER: "NA_NO_CXP_REBOOT","1" (RIL_CMD_READER_1, tid:528047672256)
04-12 20:43:51.342601  1342  1824 I AT      : [0] AT< +EMDVER: "EVDO DISABLE","1" (RIL_CMD_READER_1, tid:528047672256)
04-12 20:43:51.342603  1342  1824 I AT      : [0] AT< +EMDVER: "MODE_SWITCH_BY_DATA","1" (RIL_CMD_READER_1, tid:528047672256)
04-12 20:43:51.342605  1342  1824 I AT      : [0] AT< +EMDVER: "EWIFIASC_CONN_STATE","1" (RIL_CMD_READER_1, tid:528047672256)
04-12 20:43:51.342608  1342  1824 I AT      : [0] AT< +EMDVER: "CN_WFC","1" (RIL_CMD_READER_1, tid:528047672256)
04-12 20:43:51.342610  1342  1824 I AT      : [0] AT< +EMDVER: "NULL_ALGOS","1" (RIL_CMD_READER_1, tid:528047672256)
04-12 20:43:51.342612  1342  1824 I AT      : [0] AT< OK (RIL_CMD_READER_1, tid:528047672256)
04-12 20:43:51.342697  1342  1824 I AT      : [0] AT> AT+EINFO=1074 (RIL_CMD_READER_1 tid:528047672256)
04-12 20:43:51.342708  1342  1824 I AT      : SEND MSGID=0003 [SYS_AT_REQ], TXID=0109 [RFXSender_1], DUMP=8419542400000000010003000901180000810E002A2A2A2A2A2A2A2A2A2A2A2A2A2A000000000000
04-12 20:43:51.342713  1342  1829 I RmmNwRTReqHdlr: [0] RmmNwRealTimeRequestHandler[0] start
04-12 20:43:51.342767  1342  1837 I AT      : [1] AT> AT+EINFO=1074 (RIL_CMD2_READER_1 tid:527661591488)
04-12 20:43:51.342782  1342  1837 I AT      : SEND MSGID=0003 [SYS_AT_REQ], TXID=010a [RFXSender_13], DUMP=8419542400000000020003000A01180000810E002A2A2A2A2A2A2A2A2A2A2A2A2A2A000000000000
04-12 20:43:51.342810  1342  1805 D RfxVersionMgr: waitLooper() end
04-12 20:43:51.343255  1342  1832 I AT      : SEND MSGID=0007 [SYS_GET_MAPPING_REQ], TXID=010d [RFXSender_8], DUMP=8419542400000000010007000D010000
04-12 20:43:51.343342  1342  1828 I AT      : [0] AT> AT+COLP=0 (RIL_ATCI_READER tid:527722556352)
04-12 20:43:51.343355  1342  1828 I AT      : SEND MSGID=0003 [SYS_AT_REQ], TXID=010e [RFXSender_5], DUMP=8419542400000000010003000E01100000810A002A2A2A2A2A2A2A2A2A2A0000
04-12 20:43:51.343546  1342  1836 I RmmRcsReq: [0] RmmRcsReqHandler create (slot_id = 0)
04-12 20:43:51.343757  1342  1836 I RmmRcsReq: [0] isRcsUaProxySupport: 0
04-12 20:43:51.343768  1342  1836 I VT RIL RMM: [RMM VT REQ HDLR] RmmVtReqHandler create (slot_id = 0)
04-12 20:43:51.343810  1342  1740 I AT      : RECV MSGID=0958 [CALL_DATA_PREFER_SET_CNF], TXID=0106, DUMP=841954240000000001025809060108000000040000000000
04-12 20:43:51.343842  1342  1842 I RmmNwRTReqHdlr: [1] RmmNwRealTimeRequestHandler[1] start
04-12 20:43:51.344000  1342  1836 I VT RIL RMM: is SUBMARINE Support, IMS SUBMARINE = 1
04-12 20:43:51.344010  1342  1836 I VT RIL RMM: no sender fd, begin to open, real_channel_id:11
04-12 20:43:51.344041  1342  1845 I VT RIL THD: [RIL IMCB THD] Start
04-12 20:43:51.344053  1342  1836 I VT RIL RMM: open dev successfully dev/ccci_vts
04-12 20:43:51.344188  1342  1844 I VT RIL THD: [VT RIL THD] Start
04-12 20:43:51.344246  1342  1844 I VT RIL THD: [VT RIL THD] socket fd: 31
04-12 20:43:51.344253  1342  1844 I VT RIL THD: [VT RIL THD] start readerLooper
04-12 20:43:51.344437  1342  1836 I RfxChannelMgr: init initImsFd, channel_id:11, imsFd:51
04-12 20:43:51.344446  1342  1836 I VT RIL RMM: getinfo,real_channel_id=11, senderFd=51
04-12 20:43:51.344518  1342  1740 I AT      : RECV MSGID=0004 [SYS_AT_CNF], TXID=0109, DUMP=841954240000000001020400090118000000040000000000008107002A2A2A2A2A2A2A0000000000
04-12 20:43:51.344549  1342  1827 I AT      : SEND MSGID=030b [INTERNAL_REGISTER_CMD_REQ], TXID=0110 [RFXSender_4], DUMP=8419542400000000FF000B03100108000001020003830000
04-12 20:43:51.344558  1342  1740 I AT      : RECV MSGID=0004 [SYS_AT_CNF], TXID=010a, DUMP=8419542400000000020204000A0118000000040000000000008107002A2A2A2A2A2A2A0000000000
04-12 20:43:51.344589  1342  1837 I AT      : [1] AT< OK (RIL_CMD2_READER_1, tid:527661591488)
04-12 20:43:51.344604  1342  1837 I AT      : [1] AT> AT+EINFO=1082,401,0 (RIL_CMD2_READER_1 tid:527661591488)
04-12 20:43:51.344612  1342  1837 I AT      : SEND MSGID=0003 [SYS_AT_REQ], TXID=0111 [RFXSender_13], DUMP=84195424000000000200030011011800008114002A2A2A2A2A2A2A2A2A2A2A2A2A2A2A2A2A2A2A2A
04-12 20:43:51.344613  1342  1824 I AT      : [0] AT< OK (RIL_CMD_READER_1, tid:528047672256)
04-12 20:43:51.344631  1342  1824 I AT      : [0] AT> AT+EINFO=1082,401,0 (RIL_CMD_READER_1 tid:528047672256)
04-12 20:43:51.344641  1342  1824 I AT      : SEND MSGID=0003 [SYS_AT_REQ], TXID=0113 [RFXSender_1], DUMP=84195424000000000100030013011800008114002A2A2A2A2A2A2A2A2A2A2A2A2A2A2A2A2A2A2A2A
04-12 20:43:51.344872  1342  1740 I AT      : RECV MSGID=0008 [SYS_GET_MAPPING_CNF], TXID=010d, DUMP=8419542400000000010208000D0140000000040000000000000101000200000001010800000000000100000000000000020100000000000000000000FE7F0200FE7F040000000000FF7F040001000000
04-12 20:43:51.345184  1342  1826 I RmmMwi  : [0] [RmmMobileWifiRequestHandler] dlopen : module = libwpfa.so, pass.
04-12 20:43:51.345259  1342  1841 I AT      : [1] AT> AT+COLP=0 (RIL_ATCI2_READER tid:527555619776)
04-12 20:43:51.345269  1342  1740 I AT      : RECV MSGID=030c [INTERNAL_REGISTER_CMD_CNF], TXID=0110, DUMP=8419542400000000FF020C03100108000000040000000000
04-12 20:43:51.345277  1342  1841 I AT      : SEND MSGID=0003 [SYS_AT_REQ], TXID=0114 [RFXSender_17], DUMP=8419542400000000020003001401100000810A002A2A2A2A2A2A2A2A2A2A0000
04-12 20:43:51.345316  1342  1827 I AT      : SEND MSGID=030b [INTERNAL_REGISTER_CMD_REQ], TXID=0115 [RFXSender_4], DUMP=8419542400000000FF000B03150108000001020005830000
04-12 20:43:51.345440  1342  1833 I RmmDcImsURCHandler: setImsNotifySwitch
04-12 20:43:51.345537  1342  1833 I AT      : SEND MSGID=0003 [SYS_AT_REQ], TXID=0116 [RFXSender_9], DUMP=84195424000000000100030016012000008116002A2A2A2A2A2A2A2A2A2A2A2A2A2A2A2A2A2A2A2A2A2A000000000000
04-12 20:43:51.345536  1342  1832 I RmmCapa : [0] queryMainProtocol, main_sim:1, count:2, len:8
04-12 20:43:51.345540  1342  1839 I RmmMwi  : [1] [RmmMobileWifiRequestHandler] dlopen : module = libwpfa.so, pass.
04-12 20:43:51.345763  1342  1834 D RmmVsim : [0] RmmVsimRequestHandler construct,slot:0, channel:10(10), support:1
04-12 20:43:51.346036  1342  1740 I AT      : RECV MSGID=0004 [SYS_AT_CNF], TXID=010e, DUMP=8419542400000000010204000E0118000000040000000000008107002A2A2A2A2A2A2A0000000000
04-12 20:43:51.346159  1342  1828 I AT      : [0] AT< OK (RIL_ATCI_READER, tid:527722556352)
04-12 20:43:51.346183  1342  1740 I AT      : RECV MSGID=0004 [SYS_AT_CNF], TXID=0111, DUMP=841954240000000002020400110118000000040000000000008107002A2A2A2A2A2A2A0000000000
04-12 20:43:51.345374  1342  1805 I RtmMwi  : [0] [onInit] dlopen: module = libwpfa.so, pass
04-12 20:43:51.346216  1342  1805 I RtmMwi  : [0] init wpfa sNeedInitWpfa:1
04-12 20:43:51.346221  1342  1805 I wpfa    : start
04-12 20:43:51.346234  1342  1805 I WpfaCppUtils: initialRuleContainer!
04-12 20:43:51.346269  1342  1837 I AT      : [1] AT< OK (RIL_CMD2_READER_1, tid:527661591488)
04-12 20:43:51.346293  1342  1837 I AT      : SEND MSGID=0001 [SYS_GET_INFO_REQ], TXID=0117 [RFXSender_13], DUMP=84195424000000000200010017010000
04-12 20:43:51.346368  1342  1805 I WpfaShmAccessController: openShareMemory(), ccci_md: 0, mCcciShareMemoryHandler: 63, pShareMemoryBase: 0x7d97872000, mShareMemoryLength: 65536
04-12 20:43:51.346462  1342  1850 I RmmVsim : [1] RmmVsimUrcHandler init slot: 1, ch id 10
04-12 20:43:51.346529  1342  1826 I RmmSimCommReq: [0] isNormalBootUp = 1, boot_reason = reboot,shell
04-12 20:43:51.346551  1342  1826 I AT      : SEND MSGID=0057 [SYS_SILENT_REBOOT_REQ], TXID=0119 [RFXSender_3], DUMP=841954240000000001005700190108000001010000000000
04-12 20:43:51.346562  1342  1740 I AT      : RECV MSGID=0004 [SYS_AT_CNF], TXID=0113, DUMP=841954240000000001020400130118000000040000000000008107002A2A2A2A2A2A2A0000000000
04-12 20:43:51.346626  1342  1824 I AT      : [0] AT< OK (RIL_CMD_READER_1, tid:528047672256)
04-12 20:43:51.346645  1342  1824 I AT      : SEND MSGID=0001 [SYS_GET_INFO_REQ], TXID=011a [RFXSender_1], DUMP=8419542400000000010001001A010000
04-12 20:43:51.346688  1342  1740 I AT      : RECV MSGID=030c [INTERNAL_REGISTER_CMD_CNF], TXID=0115, DUMP=8419542400000000FF020C03150108000000040000000000
04-12 20:43:51.346697  1342  1834 E RmmVsim : [0] [VSIM] requestSetAkaSim rsim=-1, aka-sim=-1
04-12 20:43:51.346723  1342  1834 I AT      : SEND MSGID=056b [SIM_VSIM_DISABLE_REQ], TXID=011b [RFXSender_10], DUMP=841954240000000001006B051B010000
04-12 20:43:51.346739  1342  1839 D RmmGwsdReqHdl: [1] RmmGwsdRequestHandler constructor
04-12 20:43:51.346776  1342  1839 I AT      : SEND MSGID=030b [INTERNAL_REGISTER_CMD_REQ], TXID=011c [RFXSender_15], DUMP=8419542400000000FF000B031C0108000001020003890000
04-12 20:43:51.346807  1342  1827 I AT      : SEND MSGID=030b [INTERNAL_REGISTER_CMD_REQ], TXID=011d [RFXSender_4], DUMP=8419542400000000FF000B031D0108000001020007830000
04-12 20:43:51.347131  1342  1740 I AT      : RECV MSGID=4a03 [IMS_PDN_IND], TXID=ffff, DUMP=84195424000000000103034AFFFF100000010100010000000301040000000000
04-12 20:43:51.347225  1342  1740 I AT      : RECV MSGID=0004 [SYS_AT_CNF], TXID=0116, DUMP=841954240000000001020400160118000000040000000000008107002A2A2A2A2A2A2A0000000000
04-12 20:43:51.347565  1342  1832 I AT      : SEND MSGID=0431 [NW_GET_BAND_MODE_REQ], TXID=011e [RFXSender_8], DUMP=8419542400000000010031041E0108000001010001000000
04-12 20:43:51.347984  1342  1835 I AT      : [0] threadLoop. RfxReader RIL_CMD_IMS init, channel id = 11, fd = 51
04-12 20:43:51.347989  1342  1851 I AT      : [1] threadLoop. RfxReader RIL_CMD2_IMS init, channel id = 23, fd = -1
04-12 20:43:51.347997  1342  1835 I AT      : [0] Vilte fd initialized done
04-12 20:43:51.348060  1342  1838 I VT RIL CMN RMM: [1] [RMM VT REQ HDLR] RmmVtCommonReqHandler create (slot_id = 1)
04-12 20:43:51.348057  1342  1833 E RmmDcImsURCHandler: [0][handleImsBearerNotify] IMS notification indType=1, aid=0, action = 0, type = 0,apn type=emergency 
04-12 20:43:51.348073  1342  1838 D RmmImsVideoRingToneReqHdl: [1] RmmImsVideoRingtoneRequestHandler constructor
04-12 20:43:51.348115  1342  1838 D RmmCCReqHandler: [1] MIPC_CALL_DATA_PREFER_SET_REQ 1
04-12 20:43:51.348121  1342  1833 I RmmDcImsURCHandler: [0][setLinkMaster] deactivate pdn type is emergency, slotid is 0
04-12 20:43:51.348127  1342  1833 D RmmDcImsURCHandler: [0][setLinkMaster] Property is null, no need to clean property, ret = 11
04-12 20:43:51.348130  1342  1833 D RmmDcImsURCHandler: [0][handleImsBearerNotify] IMS notification phone=0 bearer initial...
04-12 20:43:51.348132  1342  1838 I AT      : SEND MSGID=0957 [CALL_DATA_PREFER_SET_REQ], TXID=0120 [RFXSender_14], DUMP=8419542400000000020057092001100000010100010000000101010001000000
04-12 20:43:51.348198  1342  1852 I RmmRcsReq: [1] RmmRcsReqHandler create (slot_id = 1)
04-12 20:43:51.348207  1342  1852 I RmmRcsReq: [1] isRcsUaProxySupport: 0
04-12 20:43:51.348212  1342  1852 I VT RIL RMM: [RMM VT REQ HDLR] RmmVtReqHandler create (slot_id = 1)
04-12 20:43:51.348223  1342  1740 I AT      : RECV MSGID=0004 [SYS_AT_CNF], TXID=0114, DUMP=841954240000000002020400140118000000040000000000008107002A2A2A2A2A2A2A0000000000
04-12 20:43:51.348226  1342  1852 I VT RIL RMM: is SUBMARINE Support, IMS SUBMARINE = 1
04-12 20:43:51.348229  1342  1852 I VT RIL RMM: submaring, and current not SIM1, just skip because ccci_vts to RIL_CMD_IMS for all SIMs
04-12 20:43:51.348231  1342  1852 I RfxChannelMgr: init initImsFd, channel_id:23, imsFd:-999
04-12 20:43:51.348288  1342  1841 I AT      : [1] AT< OK (RIL_ATCI2_READER, tid:527555619776)
04-12 20:43:51.348450  1342  1740 I AT      : RECV MSGID=0058 [SYS_SILENT_REBOOT_CNF], TXID=0119, DUMP=841954240000000001025800190108000000040000000000
04-12 20:43:51.348653  1342  1740 I AT      : RECV MSGID=056c [SIM_VSIM_DISABLE_CNF], TXID=011b, DUMP=841954240000000001026C051B01100000000400000000000001040000000000
04-12 20:43:51.348927  1342  1740 I AT      : RECV MSGID=030c [INTERNAL_REGISTER_CMD_CNF], TXID=011c, DUMP=8419542400000000FF020C031C0108000000040015000000
04-12 20:43:51.349280  1342  1826 D RmmCatComReqHandler: [0] initMdStatusQueryLoop
04-12 20:43:51.349290  1342  1839 I AT      : SEND MSGID=030b [INTERNAL_REGISTER_CMD_REQ], TXID=0121 [RFXSender_15], DUMP=8419542400000000FF000B03210108000001020005890000
04-12 20:43:51.349415  1342  1826 D RmmGwsdReqHdl: [0] RmmGwsdRequestHandler constructor
04-12 20:43:51.349456  1342  1826 E RfxBaseHandler: [0] registerToHandleMipcCmd error:-3, slotId:0, mipcId:8903
04-12 20:43:51.349462  1342  1826 E RfxBaseHandler: [0] registerToHandleMipcCmd error:-3, slotId:0, mipcId:8905
04-12 20:43:51.349473  1342  1740 I AT      : RECV MSGID=030c [INTERNAL_REGISTER_CMD_CNF], TXID=011d, DUMP=8419542400000000FF020C031D0108000000040000000000
04-12 20:43:51.349482  1342  1826 I AT      : SEND MSGID=0a18 [IMS_ENABLE_DATA_CHANNEL_REQ], TXID=0122 [RFXSender_3], DUMP=84195424000000000100180A220108000001010001000000
04-12 20:43:51.349533  1342  1827 I AT      : SEND MSGID=030b [INTERNAL_REGISTER_CMD_REQ], TXID=0123 [RFXSender_4], DUMP=8419542400000000FF000B032301080000010200028B0000
04-12 20:43:51.350331  1342  1805 I WpfaDriver: -init() ret=0
04-12 20:43:51.350390  1342  1857 I WpfaControlMsgHandler: new Reader/Sender
04-12 20:43:51.350420  1342  1805 I wpfa    : [startLoops] create dl reader thread OK, mReaderPacketThread:527228218304
04-12 20:43:51.350467  1342  1805 I WpfaCppUtils: initialA2MRingBuffer!
04-12 20:43:51.350483  1342  1858 D wpfa    : wpfa_dl starts
04-12 20:43:51.350495  1342  1858 D wpfa    : startinitialIptables
04-12 20:43:51.352300  1342  1805 I wpfa    : [startLoops] create a2m reader thread,ret: 0, mA2mRingBufferReaderThread:527208246208
04-12 20:43:51.352313  1342  1853 I RmmCatComReqHandler: [0] mdStatusQueryLoop: fd = 78
04-12 20:43:51.352313  1342  1740 I AT      : RECV MSGID=030c [INTERNAL_REGISTER_CMD_CNF], TXID=0121, DUMP=8419542400000000FF020C03210108000000040015000000
04-12 20:43:51.352321  1342  1853 I RmmCatComReqHandler: [0] getResetLock result: 0
04-12 20:43:51.352330  1342  1853 I RmmCatComReqHandler: [0] mdStatusQueryLoop: count: 56 modem id: 0, event type: 10, reason: ----
04-12 20:43:51.352408  1342  1740 I AT      : RECV MSGID=0a19 [IMS_ENABLE_DATA_CHANNEL_CNF], TXID=0122, DUMP=84195424000000000102190A220108000000040000000000
04-12 20:43:51.352444  1342  1839 I AT      : SEND MSGID=0a18 [IMS_ENABLE_DATA_CHANNEL_REQ], TXID=0126 [RFXSender_15], DUMP=84195424000000000200180A260108000001010001000000
04-12 20:43:51.352470  1342  1740 I AT      : RECV MSGID=0432 [NW_GET_BAND_MODE_CNF], TXID=011e, DUMP=8419542400000000010232041E01C8000000040000000000000104009A000000010104009B00000002012000DF080908A00300004200000000000000000000000000000000000000000000000000000003018000D5080808A001000042300000000000000000000000000000000000000000000000000000000000000000000000000000000000000000000000000000000000000000000000000000000000000000000000000000000000000000000000000000000000000000000000000000000000000000000000000000000000000000000000000000
04-12 20:43:51.352505  1342  1740 I AT      : RECV MSGID=030c [INTERNAL_REGISTER_CMD_CNF], TXID=0123, DUMP=8419542400000000FF020C03230108000000040000000000
04-12 20:43:51.352513  1342  1826 D RmmSCBMRequest: [0] RmmSCBMRequestHandler: constructor
04-12 20:43:51.352534  1342  1740 I AT      : RECV MSGID=0958 [CALL_DATA_PREFER_SET_CNF], TXID=0120, DUMP=841954240000000002025809200108000000040000000000
04-12 20:43:51.352626  1342  1862 D wpfa    : a2mReaderLoop starting
04-12 20:43:51.352634  1342  1862 I WpfaCppUtils: enter readRingBuffer's while loop
04-12 20:43:51.352886  1342  1850 D RmmVsim : [1] RmmVsimRequestHandler construct,slot:1, channel:10(10), support:1
04-12 20:43:51.353430  1342  1848 I RmmCapa : [1] sendEGRAT: raf=1297934, rat=22, nw_type=15
04-12 20:43:51.353452  1342  1848 I AT      : SEND MSGID=0489 [NW_SET_RADIO_CAPABILITY_REQ], TXID=0127 [RFXSender_20], DUMP=84195424000000000200890427010800000104000F000000
04-12 20:43:51.353535  1342  1850 E RmmVsim : [1] [VSIM] requestSetAkaSim rsim=-1, aka-sim=-1
04-12 20:43:51.353554  1342  1832 I RmmCapa : [0] sendEGRAT: raf=1297934, rat=22, nw_type=15
04-12 20:43:51.353567  1342  1832 I AT      : SEND MSGID=0489 [NW_SET_RADIO_CAPABILITY_REQ], TXID=0128 [RFXSender_8], DUMP=84195424000000000100890428010800000104000F000000
04-12 20:43:51.353567  1342  1850 I AT      : SEND MSGID=056b [SIM_VSIM_DISABLE_REQ], TXID=0129 [RFXSender_22], DUMP=841954240000000002006B0529010000
04-12 20:43:51.353899  1342  1805 D RtmSCBM : [-1] RtmSCBMController: constructor
04-12 20:43:51.353922  1342  1805 D RtmAtciController: [-1] [onInit] enter
04-12 20:43:51.353946  1342  1805 D VT RIL RTM: [0] [RTM VT REQ HDLR] onInit
04-12 20:43:51.353983  1342  1805 D VT RIL RTM: [0] [RTM VT REQ HDLR] send RFX_MSG_EVENT_VT_ENABLE_ANBR, enable
04-12 20:43:51.354000  1342  1805 D RtmPhbSimIo: [0] [onInit]
04-12 20:43:51.354006  1342  1805 D RtmPhbInModem: [0] [onInit]
04-12 20:43:51.354014  1342  1805 D RtmImsRtt: [0] onInit()
04-12 20:43:51.354026  1342  1805 D RtmGwsdCtrl: [0][onInit] enter
04-12 20:43:51.354033  1342  1805 D RtmVsim : [0] onInit, slot:0
04-12 20:43:51.354042  1342  1805 D RtmRcs  : [0][onInit] enter
04-12 20:43:51.354049  1342  1805 D RpElCtlr: [0] init()
04-12 20:43:51.354507  1342  1805 D RtmSuppServController: [-1] RtmSuppServController onInit!
04-12 20:43:51.354629  1342  1805 D EccNumberSource: [XML][1][XmlEccNumberSource] START
04-12 20:43:51.356083  1342  1805 D EccNumberSource: [XML][1][XmlEccNumberSource] END
04-12 20:43:51.356165  1342  1805 D EccNumberPreference: [1][update] for PLMN:  GSM only: , GSM prefer: , CDMA prefer: 
04-12 20:43:51.356267  1342  1740 I AT      : RECV MSGID=0a19 [IMS_ENABLE_DATA_CHANNEL_CNF], TXID=0126, DUMP=84195424000000000202190A260108000000040000000000
04-12 20:43:51.356305  1342  1805 D RpOemCtlr: [1] init()
04-12 20:43:51.356315  1342  1740 I AT      : RECV MSGID=048a [NW_SET_RADIO_CAPABILITY_CNF], TXID=0127, DUMP=841954240000000002028A04270108000000040000000000
04-12 20:43:51.356347  1342  1740 I AT      : RECV MSGID=048a [NW_SET_RADIO_CAPABILITY_CNF], TXID=0128, DUMP=841954240000000001028A04280108000000040000000000
04-12 20:43:51.356354  1342  1805 D RtmCC   : [1] create ecc controller
04-12 20:43:51.356366  1342  1805 D RtmEcc  : [1] onInit !! (bsp)
04-12 20:43:51.356369  1342  1740 I AT      : RECV MSGID=056c [SIM_VSIM_DISABLE_CNF], TXID=0129, DUMP=841954240000000002026C052901100000000400000000000001040000000000
04-12 20:43:51.356370  1342  1839 D RmmSCBMRequest: [1] RmmSCBMRequestHandler: constructor
04-12 20:43:51.356472  1342  1839 D RmmImsProvisioningRequestHandler: [1] RmmImsProvisioningRequestHandler constructor
04-12 20:43:51.356485  1342  1839 D RmmImsMipcRttCtlReqHdl: [1] RmmImsRttControlRequestHandler constructor
04-12 20:43:51.356607  1342  1848 D RmmModemRequestHandler: [1] RmmModemRequestHandler constructor
04-12 20:43:51.356667  1342  1805 I RtmMwi  : [1] [onInit] dlopen: module = libwpfa.so, pass
04-12 20:43:51.356775  1342  1805 D RtmSCBM : [-1] RtmSCBMController: constructor
04-12 20:43:51.356795  1342  1805 D RtmAtciController: [-1] [onInit] enter
04-12 20:43:51.356825  1342  1805 D VT RIL RTM: [1] [RTM VT REQ HDLR] onInit
04-12 20:43:51.356847  1342  1805 D VT RIL RTM: [1] [RTM VT REQ HDLR] send RFX_MSG_EVENT_VT_ENABLE_ANBR, enable
04-12 20:43:51.356852  1342  1805 D RtmPhbSimIo: [1] [onInit]
04-12 20:43:51.357092  1342  1839 I AT      : SEND MSGID=0a00 [IMS_SET_CONFIG_REQ], TXID=012a [RFXSender_15], DUMP=84195424000000000200000A2A0130000001040001000000010115006D746B5F63745F766F6C74655F737570706F727400000000000000000201010032000000
04-12 20:43:51.357251  1342  1832 I trm_lib : libtrm_md_event_register: mon. thread started.
04-12 20:43:51.357286  1342  1832 D RmmModemRequestHandler: [0] RmmModemRequestHandler constructor
04-12 20:43:51.357552  1342  1740 I AT      : RECV MSGID=0002 [SYS_GET_INFO_CNF], TXID=0117, DUMP=8419542400000000020202001701F003000004002A2A2A2A010101002A000000020101002A000000030104002A2A2A2A040104002A2A2A2A050104002A2A2A2A060104002A2A2A2A070104002A2A2A2A080120002A2A2A2A2A2A2A2A2A2A2A2A2A2A2A2A2A2A2A2A2A2A2A2A2A2A2A2A2A2A2A2A00000000090180002A2A2A2A2A2A2A2A2A2A2A2A2A2A2A2A2A2A2A2A2A2A2A2A2A2A2A2A2A2A2A2A2A2A2A2A2A2A2A2A2A2A2A2A2A2A2A2A2A2A2A2A2A2A2A2A2A2A2A2A2A2A2A2A2A2A2A2A2A2A2A2A2A2A2A2A2A2A2A2A2A2A2A2A2A2A2A2A2A2A2A2A2A2A2A2A2A2A2A2A2A2A2A2A2A2A2A2A2A2A2A2A2A2A2A2A2A2A2A2A2A2A2A2A2A2A2A2A000000000A0101002A0000000B0101002A0000000C0101002A0000000D0104002A2A2A2A0E0118002A2A2A2A2A2A2A2A2A2A2A2A2A2A2A2A2A2A2A2A2A2A2A2A000000000F810F002A2A2A2A2A2A2A2A2A2A2A2A2A2A2A0000000000100120002A2A2A2A2A2A2A2A2A2A2A2A2A2A2A2A2A2A2A2A2A2A2A2A2A2A2A2A2A2A2A2A00000000110140002A2A2A2A2A2A2A2A2A2A2A2A2A2A2A2A2A2A2A2A2A2A2A2A2A2A2A2A2A2A2A2A2A2A2A2A2A2A2A2A2A2A2A2A2A2A2A2A2A2A2A2A2A2A2A2A2A2A2A2A2A2A2A2A0000000012011E002A2A2A2A2A2A2A2A2A2A2A2A2A2A2A2A2A2A2A2A2A2A2A2A2A2
04-12 20:43:51.357937  1342  1740 I AT      : RECV MSGID=0002 [SYS_GET_INFO_CNF], TXID=011a, DUMP=8419542400000000010202001A01F003000004002A2A2A2A010101002A000000020101002A000000030104002A2A2A2A040104002A2A2A2A050104002A2A2A2A060104002A2A2A2A070104002A2A2A2A080120002A2A2A2A2A2A2A2A2A2A2A2A2A2A2A2A2A2A2A2A2A2A2A2A2A2A2A2A2A2A2A2A00000000090180002A2A2A2A2A2A2A2A2A2A2A2A2A2A2A2A2A2A2A2A2A2A2A2A2A2A2A2A2A2A2A2A2A2A2A2A2A2A2A2A2A2A2A2A2A2A2A2A2A2A2A2A2A2A2A2A2A2A2A2A2A2A2A2A2A2A2A2A2A2A2A2A2A2A2A2A2A2A2A2A2A2A2A2A2A2A2A2A2A2A2A2A2A2A2A2A2A2A2A2A2A2A2A2A2A2A2A2A2A2A2A2A2A2A2A2A2A2A2A2A2A2A2A2A2A2A2A2A000000000A0101002A0000000B0101002A0000000C0101002A0000000D0104002A2A2A2A0E0118002A2A2A2A2A2A2A2A2A2A2A2A2A2A2A2A2A2A2A2A2A2A2A2A000000000F810F002A2A2A2A2A2A2A2A2A2A2A2A2A2A2A0000000000100120002A2A2A2A2A2A2A2A2A2A2A2A2A2A2A2A2A2A2A2A2A2A2A2A2A2A2A2A2A2A2A2A00000000110140002A2A2A2A2A2A2A2A2A2A2A2A2A2A2A2A2A2A2A2A2A2A2A2A2A2A2A2A2A2A2A2A2A2A2A2A2A2A2A2A2A2A2A2A2A2A2A2A2A2A2A2A2A2A2A2A2A2A2A2A2A2A2A2A0000000012011E002A2A2A2A2A2A2A2A2A2A2A2A2A2A2A2A2A2A2A2A2A2A2A2A2A2
04-12 20:43:51.358018  1342  1824 I RmmOemHandler: [0] proj: TK_MD, flavor: NLWG_6899
04-12 20:43:51.359042  1342  1827 I AT      : SEND MSGID=010b [APN_SET_PROFILE_STATUS_REQ], TXID=012b [RFXSender_4], DUMP=841954240000000001000B012B0108000101010001000000
04-12 20:43:51.359064  1342  1831 I AT      : SEND MSGID=0003 [SYS_AT_REQ], TXID=012c [NA-EventLoop], DUMP=8419542400000000010003002C01100000810B002A2A2A2A2A2A2A2A2A2A2A00
04-12 20:43:51.359134  1342  1840 I NetAgentService: [registerInterfaceInfoChanged] action=0xb400007c3a384860, slotId=1, mSimCount=2
04-12 20:43:51.359159  1342  1840 I AT      : SEND MSGID=0219 [DATA_GET_PDP_CID_REQ], TXID=012d [RFXSender_16], DUMP=8419542400000000020019022D010000
04-12 20:43:51.359258  1342  1740 I AT      : RECV MSGID=0a01 [IMS_SET_CONFIG_CNF], TXID=012a, DUMP=84195424000000000202010A2A0108000000040002000000
04-12 20:43:51.359346  1342  1849 I RmmDcImsURCHandler: setImsNotifySwitch
04-12 20:43:51.359367  1342  1839 I AT      : SEND MSGID=0581 [MIPC_SIM_ESIM_SWITCH_GET_REQ], TXID=012e [RFXSender_15], DUMP=8419542400000000020081052E010000
04-12 20:43:51.359375  1342  1849 I AT      : SEND MSGID=0003 [SYS_AT_REQ], TXID=012f [RFXSender_21], DUMP=8419542400000000020003002F012000008116002A2A2A2A2A2A2A2A2A2A2A2A2A2A2A2A2A2A2A2A2A2A000000000000
04-12 20:43:51.359623  1342  1864 E RmmRadioReq: [0] mdStatusEventCb: event_type: 10
04-12 20:43:51.359853  1342  1740 I AT      : RECV MSGID=0004 [SYS_AT_CNF], TXID=012c, DUMP=8419542400000000010204002C0118000000040000000000008107002A2A2A2A2A2A2A0000000000
04-12 20:43:51.359909  1342  1740 I AT      : RECV MSGID=021a [DATA_GET_PDP_CID_CNF], TXID=012d, DUMP=841954240000000002021A022D011800000004000000000000010100000000000101010032000000
04-12 20:43:51.359964  1342  1840 I RmmDcPdnManager: [1][getModemSupportPdnNumber] min_cid:0, max_id:50
04-12 20:43:51.360074  1342  1840 I AT      : [1] AT> AT+EIAREG=1 (RIL_CMD2_READER_4 tid:527556684736)
04-12 20:43:51.360084  1342  1840 I AT      : SEND MSGID=0003 [SYS_AT_REQ], TXID=0130 [RFXSender_16], DUMP=8419542400000000020003003001100000810C002A2A2A2A2A2A2A2A2A2A2A2A
04-12 20:43:51.360160  1342  1824 I AT      : SEND MSGID=0059 [SYS_MULTI_SIM_CONFIG_REQ], TXID=0131 [RFXSender_1], DUMP=841954240000000001005900310108000101010002000000
04-12 20:43:51.360435  1342  1837 I AT      : SEND MSGID=04cf [NW_GET_NETWORK_SCAN_SUPPORT_STATUS_REQ], TXID=0132 [RFXSender_13], DUMP=84195424000000000200CF0432010000
04-12 20:43:51.360485  1342  1740 I AT      : RECV MSGID=010c [APN_SET_PROFILE_STATUS_CNF], TXID=012b, DUMP=841954240000000001020C012B0108000000040000000000
04-12 20:43:51.360514  1342  1740 I AT      : RECV MSGID=0582 [MIPC_SIM_ESIM_SWITCH_GET_CNF], TXID=012e, DUMP=8419542400000000020282052E011800000004000000000000010100010000000101010000000000
04-12 20:43:51.360528  1342  1827 I NetAgentService: [registerInterfaceInfoChanged] action=0xb400007c3a3840e0, slotId=0, mSimCount=2
04-12 20:43:51.360545  1342  1827 I AT      : SEND MSGID=0219 [DATA_GET_PDP_CID_REQ], TXID=0133 [RFXSender_4], DUMP=84195424000000000100190233010000
04-12 20:43:51.361386  1342  1805 D RtmPhbInModem: [1] [onInit]
04-12 20:43:51.361408  1342  1805 D RtmImsRtt: [1] onInit()
04-12 20:43:51.361432  1342  1805 D RtmGwsdCtrl: [1][onInit] enter
04-12 20:43:51.361442  1342  1805 D RtmVsim : [1] onInit, slot:1
04-12 20:43:51.361458  1342  1805 D RtmRcs  : [1][onInit] enter
04-12 20:43:51.361468  1342  1805 D RpElCtlr: [1] init()
04-12 20:43:51.361523  1342  1805 I RtmCapa : [-1] constructor entered
04-12 20:43:51.361533  1342  1805 I RtmCapa : constructor entered
04-12 20:43:51.361538  1342  1805 I RtmCapa : [-1] constructor entered
04-12 20:43:51.361584  1342  1805 D RpMDCtrl: [-1] Init()
04-12 20:43:51.361611  1342  1805 D RtcRilClientController: [-1] RtcRilClientController init()
04-12 20:43:51.361614  1342  1805 D RtcRilClientController: [-1] init client number: 2
04-12 20:43:51.361619  1342  1805 D RtcRilClientController: [-1] RtcRilClientController CLIENT_TYPE_OEM
04-12 20:43:51.361694  1342  1805 I RilOemClient: Init Oem client
04-12 20:43:51.361700  1342  1805 D RilClientQueue: construct client with client id 1001
04-12 20:43:51.361704  1342  1805 D RtcRilClientController: [-1] RtcRilClientController CLIENT_TYPE_ATCI
04-12 20:43:51.361751  1342  1805 D RilClientQueue: construct client with client id 1006
04-12 20:43:51.361803  1342  1805 W sms-ril : [RtmSmsThread]create
04-12 20:43:51.361808  1342  1805 V sms-ril : [RtmSmsThread]Construct 0x12970367457158231664
04-12 20:43:51.361863  1342  1805 I RfxMainThread: initControllers end
04-12 20:43:51.361867  1342  1805 I RfxMainThread: initControllers process async queue start
04-12 20:43:51.361870  1342  1805 I RfxMainThread: initControllers process async queue end
04-12 20:43:51.361938  1342  1805 D RtmCC   : [0] [onCsPhoneChanged], preCsPhone:0, newCsPhone:0
04-12 20:43:51.361943  1342  1805 D RtmCarrier: [0] [onNwsModeChanged] oldValue: -1, newValue: 1
04-12 20:43:51.361942  1342  1869 D sms-ril : [RtmSmsThread]readyToRun
04-12 20:43:51.361946  1342  1805 D RtmCarrier: [0] [onNwsModeChanged] mccmnc is empty
04-12 20:43:51.361964  1342  1805 D RtmCC   : [1] [onCsPhoneChanged], preCsPhone:0, newCsPhone:0
04-12 20:43:51.361967  1342  1805 D RtmCarrier: [1] [onNwsModeChanged] oldValue: -1, newValue: 1
04-12 20:43:51.361969  1342  1805 D RtmCarrier: [1] [onNwsModeChanged] mccmnc is empty
04-12 20:43:51.362006  1342  1805 I RILC    : isMtkFwkAddonNotExisted(0) 0
04-12 20:43:51.362263  1342  1839 D RmmHdcHdr: [1] onHandleEvent: 52011
04-12 20:43:51.363177  1342  1839 D RmmHdcHdr: [1] sendHardwareConfigUrc: m_slot_id:1
04-12 20:43:51.363744  1342  1867 I RilClient: start listen on fd: 30, socket name: rild-oem
04-12 20:43:51.364010  1342  1740 I AT      : RECV MSGID=4a03 [IMS_PDN_IND], TXID=ffff, DUMP=84195424000000000203034AFFFF100000010100010000000301040000000000
04-12 20:43:51.364071  1342  1740 I AT      : RECV MSGID=0004 [SYS_AT_CNF], TXID=012f, DUMP=8419542400000000020204002F0118000000040000000000008107002A2A2A2A2A2A2A0000000000
04-12 20:43:51.364104  1342  1740 I AT      : RECV MSGID=0004 [SYS_AT_CNF], TXID=0130, DUMP=841954240000000002020400300118000000040000000000008107002A2A2A2A2A2A2A0000000000
04-12 20:43:51.364126  1342  1740 I AT      : RECV MSGID=04d0 [NW_GET_NETWORK_SCAN_SUPPORT_STATUS_CNF], TXID=0132, DUMP=84195424000000000202D004320108000000040000000000
04-12 20:43:51.364146  1342  1740 I AT      : RECV MSGID=021a [DATA_GET_PDP_CID_CNF], TXID=0133, DUMP=841954240000000001021A0233011800000004000000000000010100000000000101010032000000
04-12 20:43:51.364167  1342  1740 I AT      : RECV MSGID=005a [SYS_MULTI_SIM_CONFIG_CNF], TXID=0131, DUMP=841954240000000001025A00310108000000040000000000
04-12 20:43:51.364282  1342  1840 I AT      : [1] AT< OK (RIL_CMD2_READER_4, tid:527556684736)
04-12 20:43:51.364323  1342  1840 I AT      : [1] AT> AT+ECCAUSE=1 (RIL_CMD2_READER_4 tid:527556684736)
04-12 20:43:51.364333  1342  1840 I AT      : SEND MSGID=0003 [SYS_AT_REQ], TXID=0134 [RFXSender_16], DUMP=8419542400000000020003003401180000810D002A2A2A2A2A2A2A2A2A2A2A2A2A00000000000000
04-12 20:43:51.364532  1342  1849 E RmmDcImsURCHandler: [1][handleImsBearerNotify] IMS notification indType=1, aid=0, action = 0, type = 0,apn type=emergency 
04-12 20:43:51.364556  1342  1849 I RmmDcImsURCHandler: [1][setLinkMaster] deactivate pdn type is emergency, slotid is 1
04-12 20:43:51.364559  1342  1849 D RmmDcImsURCHandler: [1][setLinkMaster] Property is null, no need to clean property, ret = 11
04-12 20:43:51.364561  1342  1849 D RmmDcImsURCHandler: [1][handleImsBearerNotify] IMS notification phone=1 bearer initial...
