04-12 20:43:52.431105  1744  1744 W PackageManager: System overlay com.sh.smart.caller.overlay targets an SDK below the required SDK level of system overlays (36). This will become an install error in a future release
04-12 20:43:52.431505  1744  1744 W PackageManager: System overlay com.sh.smart.caller.satellite.overlay targets an SDK below the required SDK level of system overlays (36). This will become an install error in a future release
04-12 20:43:52.432316  1744  1744 W PackageManager: System overlay com.transsion.smartmessage.app.overlay targets an SDK below the required SDK level of system overlays (36). This will become an install error in a future release
04-12 20:43:52.434658  1744  1744 W PackageManager: System overlay com.transsion.camera.overlay.product targets an SDK below the required SDK level of system overlays (36). This will become an install error in a future release
04-12 20:43:52.436448  1744  1744 W PackageManager: System overlay com.transsion.multiwindow.overlay targets an SDK below the required SDK level of system overlays (36). This will become an install error in a future release
04-12 20:43:52.436881  1744  1744 W PackageManager: System overlay com.google.android.overlay.modules.permissioncontroller targets an SDK below the required SDK level of system overlays (36). This will become an install error in a future release
04-12 20:43:52.437714  1744  1744 W PackageManager: System overlay com.transsion.thunderback.overlay targets an SDK below the required SDK level of system overlays (36). This will become an install error in a future release
04-12 20:43:52.438158  1744  1744 W PackageManager: System overlay tech.palm.id.overlay targets an SDK below the required SDK level of system overlays (36). This will become an install error in a future release
04-12 20:43:52.438988  1744  1744 W PackageManager: System overlay com.transsion.rro.framework_res.tr_product.x6877 targets an SDK below the required SDK level of system overlays (36). This will become an install error in a future release
04-12 20:43:52.439392  1744  1744 W PackageManager: System overlay com.transsion.rro.com.transsion.thub.res.tr_product.x6877 targets an SDK below the required SDK level of system overlays (36). This will become an install error in a future release
04-12 20:43:52.439841  1744  1744 W PackageManager: System overlay com.transsion.rro.com.transsion.overlaysuw.tr_product.x6877 targets an SDK below the required SDK level of system overlays (36). This will become an install error in a future release
04-12 20:43:52.440248  1744  1744 W PackageManager: System overlay com.transsion.rro.net.bat.store.tr_product.x6877 targets an SDK below the required SDK level of system overlays (36). This will become an install error in a future release
04-12 20:43:52.440644  1744  1744 W PackageManager: System overlay com.transsion.aod.overlay targets an SDK below the required SDK level of system overlays (36). This will become an install error in a future release
04-12 20:43:52.490315  1744  1744 W PackageManager: Failed to parse /system/framework/arm64: Missing base APK in /system/framework/arm64
04-12 20:43:52.490345  1744  1744 W PackageManager: Failed to parse /system/framework/oat: Missing base APK in /system/framework/oat/arm64
04-12 20:43:52.492665  1744  1986 D PackageCacher: Feature flags for package /system/framework/framework-res.apk: {com.android.window.flags.screen_recording_callbacks=true, android.security.secure_lockdown=false, android.content.pm.quarantined_enabled=false, android.app.enable_tv_implicit_enter_pip_restriction=true, android.app.appfunctions.flags.enable_app_function_manager=true, android.app.ui_rich_ongoing=true, android.media.tv.flags.apply_picture_profiles=true, com.android.internal.telephony.flags.subscription_plan_allow_status_and_end_date=true, android.net.platform.flags.register_nsd_offload_engine=true, android.media.tv.flags.kids_mode_tvdb_sharing=true, android.security.aapm_api=true, android.permission.flags.ranging_permission_enabled=true, com.android.settingslib.flags.settings_catalyst=true, android.permission.flags.enhanced_confirmation_in_call_apis_enabled=true, android.permission.flags.grant_read_blocked_numbers_to_system_ui_intelligence=false, android.media.tv.flags.tif_unbind_inactive_tis=true, android.content.pm.sdk_dependency_installer=true, com.android.art.flags.executable_method_file_offsets=true, android.app.admin.flags.split_create_managed_profile_enabled=true, android.location.flags.population_density_provider=true, android.permission.flags.sensitive_notification_app_protection=true, com.android.tradeinmode.flags.enable_trade_in_mode=true, com.android.update_engine.minor_changes_2025q4=null, android.media.audio.concurrent_audio_record_bypass_permission=false, android.content.pm.uid_based_provider_lookup=true, com.android.hardware.input.manage_key_gestures=true, com.android.internal.camera.flags.camera_hsum_permission=true, android.permission.flags.health_connect_backup_restore_permission_enabled=true, android.os.vibrator.vendor_vibration_effects=true, com.android.settingslib.flags.write_system_preference_permission_enabled=true, android.permission.flags.text_classifier_choice_api_enabled=true, android.media.tv.flags.media_quality_fw=true, android.provider.user_keys=true, android.os.allow_consentless_bugreport_delegated_consent=false, android.permission.flags.fine_power_monitor_permission=false, android.security.subscribe_to_keyguard_locked_state_perm_priv_flag=true, android.security.afl_api=true, android.xr.xr_manifest_entries=null, android.companion.virtualdevice.flags.enable_limited_vdm_role=false, android.provider.new_default_account_api_enabled=true, com.android.hardware.input.key_event_activity_detection=false}
04-12 20:43:52.493180  1744  1986 E AconfigFlags: Failed to load aconfig package com.android.update_engine
04-12 20:43:52.493180  1744  1986 E AconfigFlags: android.os.flagging.AconfigStorageReadException: ERROR_PACKAGE_NOT_FOUND: package com.android.update_engine cannot be found on the device
04-12 20:43:52.493180  1744  1986 E AconfigFlags: 	at android.os.flagging.AconfigPackage.load(AconfigPackage.java:160)
04-12 20:43:52.493180  1744  1986 E AconfigFlags: 	at com.android.internal.pm.pkg.component.AconfigFlags.lambda$getFlagValueFromNewStorage$0(AconfigFlags.java:261)
04-12 20:43:52.493180  1744  1986 E AconfigFlags: 	at com.android.internal.pm.pkg.component.AconfigFlags$$ExternalSyntheticLambda0.apply(D8$$SyntheticClass:0)
04-12 20:43:52.493180  1744  1986 E AconfigFlags: 	at java.util.concurrent.ConcurrentHashMap.computeIfAbsent(ConcurrentHashMap.java:1713)
04-12 20:43:52.493180  1744  1986 E AconfigFlags: 	at com.android.internal.pm.pkg.component.AconfigFlags.getFlagValueFromNewStorage(AconfigFlags.java:259)
04-12 20:43:52.493180  1744  1986 E AconfigFlags: 	at com.android.internal.pm.pkg.component.AconfigFlags.getFlagValue(AconfigFlags.java:225)
04-12 20:43:52.493180  1744  1986 E AconfigFlags: 	at com.android.server.pm.parsing.PackageCacher.getCachedResult(PackageCacher.java:225)
04-12 20:43:52.493180  1744  1986 E AconfigFlags: 	at com.android.internal.pm.parsing.PackageParser2.parsePackage(PackageParser2.java:126)
04-12 20:43:52.493180  1744  1986 E AconfigFlags: 	at com.android.server.pm.ParallelPackageParser.parsePackage(ParallelPackageParser.java:130)
04-12 20:43:52.493180  1744  1986 E AconfigFlags: 	at com.android.server.pm.ParallelPackageParser.lambda$submit$0(ParallelPackageParser.java:108)
04-12 20:43:52.493180  1744  1986 E AconfigFlags: 	at com.android.server.pm.ParallelPackageParser.$r8$lambda$uW6lAW1ixaCdJ_8ZINGbyQGIceg(ParallelPackageParser.java:0)
04-12 20:43:52.493180  1744  1986 E AconfigFlags: 	at com.android.server.pm.ParallelPackageParser$$ExternalSyntheticLambda0.run(R8$$SyntheticClass:0)
04-12 20:43:52.493180  1744  1986 E AconfigFlags: 	at java.util.concurrent.Executors$RunnableAdapter.call(Executors.java:520)
04-12 20:43:52.493180  1744  1986 E AconfigFlags: 	at java.util.concurrent.FutureTask.run(FutureTask.java:317)
04-12 20:43:52.493180  1744  1986 E AconfigFlags: 	at java.util.concurrent.ThreadPoolExecutor.runWorker(ThreadPoolExecutor.java:1154)
04-12 20:43:52.493180  1744  1986 E AconfigFlags: 	at java.util.concurrent.ThreadPoolExecutor$Worker.run(ThreadPoolExecutor.java:652)
04-12 20:43:52.493180  1744  1986 E AconfigFlags: 	at com.android.internal.util.ConcurrentUtils$1$1.run(ConcurrentUtils.java:65)
04-12 20:43:52.493421  1744  1986 E AconfigFlags: Failed to load aconfig package android.xr
04-12 20:43:52.493421  1744  1986 E AconfigFlags: android.os.flagging.AconfigStorageReadException: ERROR_PACKAGE_NOT_FOUND: package android.xr cannot be found on the device
04-12 20:43:52.493421  1744  1986 E AconfigFlags: 	at android.os.flagging.AconfigPackage.load(AconfigPackage.java:160)
04-12 20:43:52.493421  1744  1986 E AconfigFlags: 	at com.android.internal.pm.pkg.component.AconfigFlags.lambda$getFlagValueFromNewStorage$0(AconfigFlags.java:261)
04-12 20:43:52.493421  1744  1986 E AconfigFlags: 	at com.android.internal.pm.pkg.component.AconfigFlags$$ExternalSyntheticLambda0.apply(D8$$SyntheticClass:0)
04-12 20:43:52.493421  1744  1986 E AconfigFlags: 	at java.util.concurrent.ConcurrentHashMap.computeIfAbsent(ConcurrentHashMap.java:1713)
04-12 20:43:52.493421  1744  1986 E AconfigFlags: 	at com.android.internal.pm.pkg.component.AconfigFlags.getFlagValueFromNewStorage(AconfigFlags.java:259)
04-12 20:43:52.493421  1744  1986 E AconfigFlags: 	at com.android.internal.pm.pkg.component.AconfigFlags.getFlagValue(AconfigFlags.java:225)
04-12 20:43:52.493421  1744  1986 E AconfigFlags: 	at com.android.server.pm.parsing.PackageCacher.getCachedResult(PackageCacher.java:225)
04-12 20:43:52.493421  1744  1986 E AconfigFlags: 	at com.android.internal.pm.parsing.PackageParser2.parsePackage(PackageParser2.java:126)
04-12 20:43:52.493421  1744  1986 E AconfigFlags: 	at com.android.server.pm.ParallelPackageParser.parsePackage(ParallelPackageParser.java:130)
04-12 20:43:52.493421  1744  1986 E AconfigFlags: 	at com.android.server.pm.ParallelPackageParser.lambda$submit$0(ParallelPackageParser.java:108)
04-12 20:43:52.493421  1744  1986 E AconfigFlags: 	at com.android.server.pm.ParallelPackageParser.$r8$lambda$uW6lAW1ixaCdJ_8ZINGbyQGIceg(ParallelPackageParser.java:0)
04-12 20:43:52.493421  1744  1986 E AconfigFlags: 	at com.android.server.pm.ParallelPackageParser$$ExternalSyntheticLambda0.run(R8$$SyntheticClass:0)
04-12 20:43:52.493421  1744  1986 E AconfigFlags: 	at java.util.concurrent.Executors$RunnableAdapter.call(Executors.java:520)
04-12 20:43:52.493421  1744  1986 E AconfigFlags: 	at java.util.concurrent.FutureTask.run(FutureTask.java:317)
04-12 20:43:52.493421  1744  1986 E AconfigFlags: 	at java.util.concurrent.ThreadPoolExecutor.runWorker(ThreadPoolExecutor.java:1154)
04-12 20:43:52.493421  1744  1986 E AconfigFlags: 	at java.util.concurrent.ThreadPoolExecutor$Worker.run(ThreadPoolExecutor.java:652)
04-12 20:43:52.493421  1744  1986 E AconfigFlags: 	at com.android.internal.util.ConcurrentUtils$1$1.run(ConcurrentUtils.java:65)
04-12 20:43:52.502699  1744  1744 W PackageManager: Failed to parse /system_ext/framework/oat: Missing base APK in /system_ext/framework/oat/arm64
04-12 20:43:52.530271  1744  1985 D PackageCacher: Feature flags for package /system/priv-app/Shell: {android.security.aapm_api=true, android.permission.flags.replace_body_sensor_permission_enabled=true, android.permission.flags.health_connect_backup_restore_permission_enabled=true, android.permission.flags.text_classifier_choice_api_enabled=true, android.security.protect_device_config_flags=true, android.security.afl_api=true, android.companion.virtualdevice.flags.enable_limited_vdm_role=false}
04-12 20:43:52.575660  1744  1744 W PackageManager: Failed to parse /vendor/app/mcRegistry: Missing base APK in /vendor/app/mcRegistry
04-12 20:43:52.590268  1744  1744 W PackageManager: Provider ComponentInfo{com.transsion.smartmessage/androidx.startup.InitializationProvider} already defined; ignoring
04-12 20:43:52.603974  1744  1986 D PackageCacher: Feature flags for package /system_ext/priv-app/NfcNci: {com.android.nfc.flags.enable_direct_boot_aware=null}
04-12 20:43:52.604185  1744  1986 E AconfigFlags: Failed to load aconfig package com.android.nfc.flags
04-12 20:43:52.604185  1744  1986 E AconfigFlags: android.os.flagging.AconfigStorageReadException: ERROR_PACKAGE_NOT_FOUND: package com.android.nfc.flags cannot be found on the device
04-12 20:43:52.604185  1744  1986 E AconfigFlags: 	at android.os.flagging.AconfigPackage.load(AconfigPackage.java:160)
04-12 20:43:52.604185  1744  1986 E AconfigFlags: 	at com.android.internal.pm.pkg.component.AconfigFlags.lambda$getFlagValueFromNewStorage$0(AconfigFlags.java:261)
04-12 20:43:52.604185  1744  1986 E AconfigFlags: 	at com.android.internal.pm.pkg.component.AconfigFlags$$ExternalSyntheticLambda0.apply(D8$$SyntheticClass:0)
04-12 20:43:52.604185  1744  1986 E AconfigFlags: 	at java.util.concurrent.ConcurrentHashMap.computeIfAbsent(ConcurrentHashMap.java:1745)
04-12 20:43:52.604185  1744  1986 E AconfigFlags: 	at com.android.internal.pm.pkg.component.AconfigFlags.getFlagValueFromNewStorage(AconfigFlags.java:259)
04-12 20:43:52.604185  1744  1986 E AconfigFlags: 	at com.android.internal.pm.pkg.component.AconfigFlags.getFlagValue(AconfigFlags.java:225)
04-12 20:43:52.604185  1744  1986 E AconfigFlags: 	at com.android.server.pm.parsing.PackageCacher.getCachedResult(PackageCacher.java:225)
04-12 20:43:52.604185  1744  1986 E AconfigFlags: 	at com.android.internal.pm.parsing.PackageParser2.parsePackage(PackageParser2.java:126)
04-12 20:43:52.604185  1744  1986 E AconfigFlags: 	at com.android.server.pm.ParallelPackageParser.parsePackage(ParallelPackageParser.java:130)
04-12 20:43:52.604185  1744  1986 E AconfigFlags: 	at com.android.server.pm.ParallelPackageParser.lambda$submit$0(ParallelPackageParser.java:108)
04-12 20:43:52.604185  1744  1986 E AconfigFlags: 	at com.android.server.pm.ParallelPackageParser.$r8$lambda$uW6lAW1ixaCdJ_8ZINGbyQGIceg(ParallelPackageParser.java:0)
04-12 20:43:52.604185  1744  1986 E AconfigFlags: 	at com.android.server.pm.ParallelPackageParser$$ExternalSyntheticLambda0.run(R8$$SyntheticClass:0)
04-12 20:43:52.604185  1744  1986 E AconfigFlags: 	at java.util.concurrent.Executors$RunnableAdapter.call(Executors.java:520)
04-12 20:43:52.604185  1744  1986 E AconfigFlags: 	at java.util.concurrent.FutureTask.run(FutureTask.java:317)
04-12 20:43:52.604185  1744  1986 E AconfigFlags: 	at java.util.concurrent.ThreadPoolExecutor.runWorker(ThreadPoolExecutor.java:1154)
04-12 20:43:52.604185  1744  1986 E AconfigFlags: 	at java.util.concurrent.ThreadPoolExecutor$Worker.run(ThreadPoolExecutor.java:652)
04-12 20:43:52.604185  1744  1986 E AconfigFlags: 	at com.android.internal.util.ConcurrentUtils$1$1.run(ConcurrentUtils.java:65)
04-12 20:43:52.614857  1744  1984 D PackageCacher: Feature flags for package /system_ext/priv-app/TranSystemUI: {com.android.wm.shell.enable_retrievable_bubbles=false}
04-12 20:43:52.617883  1744  1744 D PackageManager: updatedPkg = PackageSetting{4fef0e9 com.google.android.mosey/10131}
04-12 20:43:52.628084  1744  1744 I PmsExtIcon: do apply customize icon with com.android.contacts, activityName =com.android.dialer.ContactMainActivity
04-12 20:43:52.628142  1744  1744 I PmsExtIcon: do apply customize icon with com.sh.smart.caller.messageshortcut, activityName =alias.MessageShortcut
04-12 20:43:52.628156  1744  1744 I PmsExtIcon: do apply customize icon with com.sh.smart.caller.dialshortcut, activityName =alias.DialShortcut
04-12 20:43:52.640000  1744  1744 I PackageManager: Replacing default ResolverActivity with custom activity: ComponentInfo{com.transsion.resolver/com.transsion.resolver.ResolverActivity}
04-12 20:43:52.641700  1744  1744 W PackageManager: Provider ComponentInfo{tech.palm.find/androidx.startup.InitializationProvider} already defined; ignoring
04-12 20:43:52.641745  1744  1744 W PackageManager: Skipping provider name tech.palm.find.androidx-startup (in package tech.palm.find): name already used by tech.palm.find
04-12 20:43:52.767506  1744  1744 W PackageManager: Skipping provider name com.transsion.mol.cp (in package com.transsion.mol): name already used by com.transsion.mol
04-12 20:43:52.782449  1744  1744 D PackageManager: updatedPkg = PackageSetting{645760c com.google.android.projection.gearhead/10212}
04-12 20:43:52.785249  1744  1744 D PackageManager: updatedPkg = PackageSetting{29279f com.transsion.carlcare/10218}
04-12 20:43:52.785321  1744  1744 I ITranAppManagerComponent: Don't skip scanning the sys package which disabled before,  but then installed later: com.transsion.carlcare
04-12 20:43:52.787570  1744  1744 D PackageManager: updatedPkg = PackageSetting{425c64d com.google.android.apps.nbu.files/10216}
04-12 20:43:52.793391  1744  1744 D PackageManager: updatedPkg = PackageSetting{89f0e56 com.google.android.apps.restore/10226}
04-12 20:43:52.795437  1744  1744 D PackageManager: updatedPkg = PackageSetting{6645f92 com.google.android.gms/10232}
04-12 20:43:52.796410  1744  1744 D PackageManager: updatedPkg = PackageSetting{ac75d63 com.google.android.apps.safetyhub/10227}
04-12 20:43:52.796680  1744  1977 V Configuration: Updating configuration, locales updated from [] to [zh_CN_#Hans]
04-12 20:43:52.797453  1744  1744 D PackageManager: updatedPkg = PackageSetting{93fd142 com.android.vending/10231}
04-12 20:43:52.800337  1744  1744 D PackageManager: updatedPkg = PackageSetting{64fbfac com.google.android.apps.wellbeing/10230}
04-12 20:43:52.800520  1744  1744 D PackageManager: updatedPkg = PackageSetting{7633475 com.google.android.googlequicksearchbox/10233}
04-12 20:43:52.806211  1744  1744 D PackageManager: updatedPkg = PackageSetting{f2ba456 com.android.chrome/10241}
04-12 20:43:52.806433  1744  1744 D PackageManager: updatedPkg = PackageSetting{22b5cd7 com.google.android.gm/10246}
04-12 20:43:52.810487  1744  1744 D PackageManager: updatedPkg = PackageSetting{1a729c7 com.google.android.inputmethod.latin/10243}
04-12 20:43:52.812108  1744  1744 D PackageManager: updatedPkg = PackageSetting{d2613db com.google.audio.hearing.visualization.accessibility.scribe/10244}
04-12 20:43:52.816280  1744  1744 W PackageManager: System overlay com.transsion.trproduct.overlaysuw.resoverlay targets an SDK below the required SDK level of system overlays (36). This will become an install error in a future release
04-12 20:43:52.816844  1744  1744 D PackageManager: updatedPkg = PackageSetting{68542c android.autoinstalls.config.transsion.device/10249}
04-12 20:43:52.817038  1744  1744 D PackageManager: updatedPkg = PackageSetting{d21148a com.google.android.apps.tachyon/10254}
04-12 20:43:52.818862  1744  1744 D PackageManager: updatedPkg = PackageSetting{c60f2e5 com.google.android.apps.photos/10259}
04-12 20:43:52.822125  1744  1744 W PackageManager: Provider ComponentInfo{com.transsion.magicshow/androidx.core.content.FileProvider} already defined; ignoring
04-12 20:43:52.822160  1744  1744 W PackageManager: Skipping provider name com.transsion.magicshow.fileprovider (in package com.transsion.magicshow): name already used by com.transsion.magicshow
04-12 20:43:52.824416  1744  1744 D PackageManager: updatedPkg = PackageSetting{44027cb com.google.android.apps.youtube.music/10258}
04-12 20:43:52.824618  1744  1744 D PackageManager: updatedPkg = PackageSetting{d72fba8 com.google.android.youtube/10260}
04-12 20:43:52.825399  1744  1744 D PackageManager: updatedPkg = PackageSetting{a2f97c0 com.google.android.marvin.talkback/10261}
04-12 20:43:52.829654  1744  1744 I ApexManager: Registering com.google.android.ext.services as apk-in-apex of com.android.extservices
04-12 20:43:52.833822  1744  1744 I ApexManager: Registering com.google.android.server.deviceconfig.resources as apk-in-apex of com.android.configinfrastructure
04-12 20:43:52.840371  1744  1744 I ApexManager: Registering com.android.compos.payload as apk-in-apex of com.android.compos
04-12 20:43:52.844905  1744  1940 D Freezer/CloudSwitch: mHandleRegCloudRunnable start
04-12 20:43:52.845180  1744  1940 D Freezer/CloudSwitch: regCloudEngine finish
04-12 20:43:52.846408  1744  1744 I ApexManager: Registering com.google.android.cellbroadcastreceiver as apk-in-apex of com.android.cellbroadcast
04-12 20:43:52.847950  1744  1744 I ApexManager: Registering com.google.android.cellbroadcastservice as apk-in-apex of com.android.cellbroadcast
04-12 20:43:52.852759  1744  1744 I ApexManager: Registering com.google.android.healthconnect.controller as apk-in-apex of com.android.healthfitness
04-12 20:43:52.858451  1744  1744 I ApexManager: Registering com.google.android.health.connect.backuprestore as apk-in-apex of com.android.healthfitness
04-12 20:43:52.863383  1744  1744 I ApexManager: Registering com.android.virtualization.terminal as apk-in-apex of com.android.virt
04-12 20:43:52.866541  1744  1744 I ApexManager: Registering com.android.microdroid.empty_payload as apk-in-apex of com.android.virt
04-12 20:43:52.867211  1744  1744 I ApexManager: Registering com.android.virtualmachine.res as apk-in-apex of com.android.virt
04-12 20:43:52.873230  1744  1744 I ApexManager: Registering com.google.android.providers.media.module as apk-in-apex of com.android.mediaprovider
04-12 20:43:52.874170  1744  1744 I ApexManager: Registering com.google.android.photopicker as apk-in-apex of com.android.mediaprovider
04-12 20:43:52.879866  1744  1744 I ApexManager: Registering com.google.android.wifi.resources as apk-in-apex of com.android.wifi
04-12 20:43:52.884267  1744  1744 I ApexManager: Registering com.google.android.wifi.dialog as apk-in-apex of com.android.wifi
04-12 20:43:52.885035  1744  1744 I ApexManager: Registering com.google.android.hotspot2.osulogin as apk-in-apex of com.android.wifi
04-12 20:43:52.890809  1744  1744 I ApexManager: Registering com.google.android.appsearch.apk as apk-in-apex of com.android.appsearch
04-12 20:43:52.895877  1744  1744 I ApexManager: Registering com.google.android.adservices.api as apk-in-apex of com.android.adservices
04-12 20:43:52.900121  1744  1744 I ApexManager: Registering com.google.android.sdksandbox as apk-in-apex of com.android.adservices
04-12 20:43:52.905877  1744  1744 I ApexManager: Registering com.google.android.safetycenter.resources as apk-in-apex of com.android.permission
04-12 20:43:52.906741  1744  1744 I ApexManager: Registering com.google.android.permissioncontroller as apk-in-apex of com.android.permission
04-12 20:43:52.912836  1744  1744 I ApexManager: Registering com.google.android.ondevicepersonalization.services as apk-in-apex of com.android.ondevicepersonalization
04-12 20:43:52.917152  1744  1744 I ApexManager: Registering com.google.android.federatedcompute as apk-in-apex of com.android.ondevicepersonalization
04-12 20:43:52.922089  1744  1744 I ApexManager: Registering com.android.cts.priv.ctsshim as apk-in-apex of com.android.apex.cts.shim
04-12 20:43:52.927858  1744  1744 I ApexManager: Registering com.android.cts.ctsshim as apk-in-apex of com.android.apex.cts.shim
04-12 20:43:52.932736  1744  1744 I ApexManager: Registering com.google.android.devicelockcontroller as apk-in-apex of com.android.devicelock
04-12 20:43:52.938112  1744  1744 I ApexManager: Registering com.android.bluetooth as apk-in-apex of com.android.bt
04-12 20:43:52.942659  1744  1744 I ApexManager: Registering com.google.android.connectivity.resources as apk-in-apex of com.android.tethering
04-12 20:43:52.943577  1744  1744 I ApexManager: Registering com.google.android.networkstack.tethering as apk-in-apex of com.android.tethering
04-12 20:43:52.947993  1744  1744 I ApexManager: Registering com.google.android.uwb.resources as apk-in-apex of com.android.uwb
04-12 20:43:52.952707  1744  1744 I ApexManager: Registering com.google.android.rkpdapp as apk-in-apex of com.android.rkpd
04-12 20:43:52.958805  1744  1744 D ITranAppManagerComponent: Updating native lib dir for AHAGames in /tr_region/operator/app/AHAGames
04-12 20:43:52.960415  1744  1744 I ITranAppManagerComponent: Skip scanning oobe removed sys package: com.amazon.mShop.android.shopping
04-12 20:43:52.960479  1744  1744 I ITranAppManagerComponent: Skip scanning oobe removed sys package: com.block.juggle
04-12 20:43:52.960511  1744  1744 I ITranAppManagerComponent: Skip scanning oobe removed sys package: com.afmobi.boomplayer
04-12 20:43:52.961865  1744  1744 D ITranAppManagerComponent: Updating native lib dir for FacebookStub in /tr_region/operator/app/FacebookStub
04-12 20:43:52.962840  1744  1744 D ITranAppManagerComponent: Updating native lib dir for CrushBlock in /tr_region/operator/app/CrushBlock
04-12 20:43:52.964159  1744  1744 D ITranAppManagerComponent: Updating native lib dir for FileViewer in /tr_region/operator/app/FileViewer
04-12 20:43:52.965721  1744  1744 D ITranAppManagerComponent: Updating native lib dir for Drive in /tr_region/operator/app/Drive
04-12 20:43:52.967611  1744  1744 D PackageManager: updatedPkg = PackageSetting{2f65bc8 com.instagram.android/10297}
04-12 20:43:52.967653  1744  1744 I ITranAppManagerComponent: Don't skip scanning the sys package which disabled before,  but then installed later: com.instagram.android
04-12 20:43:52.967782  1744  1744 D ITranAppManagerComponent: Updating native lib dir for Instagram in /tr_region/operator/app/Instagram
04-12 20:43:52.967971  1744  1744 I ITranAppManagerComponent: Skip scanning oobe removed sys package: com.transtech.geniex
04-12 20:43:52.968174  1744  1744 D ITranAppManagerComponent: Updating native lib dir for HiTranslate in /tr_region/operator/app/HiTranslate
04-12 20:43:52.970271  1744  1744 I ITranAppManagerComponent: Skip scanning oobe removed sys package: com.amazon.appmanager
04-12 20:43:52.970325  1744  1744 I ITranAppManagerComponent: Skip scanning oobe removed sys package: com.dada.inputmethod.infinix
04-12 20:43:52.970517  1744  1744 D ITranAppManagerComponent: Updating native lib dir for Hola in /tr_region/operator/app/Hola
04-12 20:43:52.972056  1744  1744 I ITranAppManagerComponent: Skip scanning oobe removed sys package: com.kwai.video
04-12 20:43:52.972108  1744  1744 I ITranAppManagerComponent: Skip scanning oobe removed sys package: com.transsion.phoenix
04-12 20:43:52.972128  1744  1744 I ITranAppManagerComponent: Skip scanning oobe removed sys package: com.shopee.ph
04-12 20:43:52.972303  1744  1744 D ITranAppManagerComponent: Updating native lib dir for Roaming in /tr_region/operator/app/Roaming
04-12 20:43:52.974647  1744  1744 D ITranAppManagerComponent: Updating native lib dir for Temu in /tr_region/operator/app/Temu
04-12 20:43:52.976456  1744  1744 I ITranAppManagerComponent: Skip scanning oobe removed sys package: com.spotify.music
04-12 20:43:52.976509  1744  1744 I ITranAppManagerComponent: Skip scanning oobe removed sys package: com.ss.android.ugc.trill
04-12 20:43:52.976943  1744  1744 I ITranAppManagerComponent: Skip scanning oobe removed sys package: com.kwai.bulldog
04-12 20:43:52.977315  1744  1744 I ITranAppManagerComponent: Skip scanning oobe removed sys package: com.zhiliaoapp.musically.go
04-12 20:43:52.979433  1744  1744 D ITranAppManagerComponent: Updating native lib dir for Videos in /tr_region/operator/app/Videos
04-12 20:43:52.981205  1744  1744 I ITranAppManagerComponent: Skip scanning oobe removed sys package: com.zhiliaoapp.musically
04-12 20:43:52.981466  1744  1744 D ITranAppManagerComponent: Updating native lib dir for Welife in /tr_region/operator/app/Welife
04-12 20:43:52.983061  1744  1744 D ITranAppManagerComponent: Updating native lib dir for XClub in /tr_region/operator/app/XClub
04-12 20:43:52.985164  1744  1744 D ITranAppManagerComponent: Updating native lib dir for WPSOffice in /tr_region/operator/app/WPSOffice
04-12 20:43:52.991427  1744  1744 W PackageManager: Skipping provider name cn.wps.moffice_eng.scan.provider.fileprovider (in package cn.wps.moffice_eng): name already used by cn.wps.moffice_eng
04-12 20:43:52.991521  1744  1744 W PackageManager: Skipping provider name cn.wps.moffice_eng.fileprovider (in package cn.wps.moffice_eng): name already used by cn.wps.moffice_eng
04-12 20:43:52.992960  1744  1744 I ITranAppManagerComponent: Skip scanning oobe removed sys package: com.infinix.xpark
04-12 20:43:53.002214  1744  1744 I PackageManager: Finished scanning system apps. Time: 695 ms, packageCount: 414 , timePerPackage: 1 , cached: 454
04-12 20:43:53.005575  1744  1744 D PackageManager: updatedPkg = PackageSetting{68542c android.autoinstalls.config.transsion.device/10249}
04-12 20:43:53.006556  1744  1744 W PackageManager: Relax SCAN_REQUIRE_KNOWN requirement for package android.autoinstalls.config.transsion.device
04-12 20:43:53.007779  1744  1744 D PackageManager: updatedPkg = PackageSetting{d21148a com.google.android.apps.tachyon/10254}
04-12 20:43:53.010811  1744  1744 W PackageManager: Relax SCAN_REQUIRE_KNOWN requirement for package com.google.android.apps.tachyon
04-12 20:43:53.019668  1744  1744 D PackageManager: updatedPkg = PackageSetting{93fd142 com.android.vending/10231}
04-12 20:43:53.023405  1744  1744 W PackageManager: Relax SCAN_REQUIRE_KNOWN requirement for package com.android.vending
04-12 20:43:53.026485  1744  1744 D PackageManager: updatedPkg = PackageSetting{d2613db com.google.audio.hearing.visualization.accessibility.scribe/10244}
04-12 20:43:53.027158  1744  1744 W PackageManager: Relax SCAN_REQUIRE_KNOWN requirement for package com.google.audio.hearing.visualization.accessibility.scribe
04-12 20:43:53.028636  1744  1744 D PackageManager: updatedPkg = PackageSetting{c60f2e5 com.google.android.apps.photos/10259}
04-12 20:43:53.031400  1744  1744 W PackageManager: Relax SCAN_REQUIRE_KNOWN requirement for package com.google.android.apps.photos
04-12 20:43:53.035513  1744  1744 D PackageManager: updatedPkg = PackageSetting{4fef0e9 com.google.android.mosey/10131}
04-12 20:43:53.038848  1744  1744 W PackageManager: Relax SCAN_REQUIRE_KNOWN requirement for package com.google.android.mosey
04-12 20:43:53.039102  1744  1986 V Configuration: Updating configuration, locales updated from [] to [zh_CN_#Hans]
04-12 20:43:53.039908  1744  1986 W PackageParsing: Ignoring duplicate uses-permissions/uses-permissions-sdk-m: android.permission.VIBRATE in package: com.transsion.carlcare at: Binary XML file line #43
04-12 20:43:53.040371  1744  1986 W PackageParsing: Unknown element under <manifest>: meta-data at /data/app/~~MNv-OgTbW3FxPLnwtp-9wA==/com.transsion.carlcare-bKhLWY13ZTpsBdzYYw5g1Q==/base.apk Binary XML file line #111
04-12 20:43:53.040403  1744  1986 W PackageParsing: Unknown element under <manifest>: meta-data at /data/app/~~MNv-OgTbW3FxPLnwtp-9wA==/com.transsion.carlcare-bKhLWY13ZTpsBdzYYw5g1Q==/base.apk Binary XML file line #114
04-12 20:43:53.040411  1744  1986 W PackageParsing: Unknown element under <manifest>: meta-data at /data/app/~~MNv-OgTbW3FxPLnwtp-9wA==/com.transsion.carlcare-bKhLWY13ZTpsBdzYYw5g1Q==/base.apk Binary XML file line #117
04-12 20:43:53.040451  1744  1986 W PackageParsing: Unknown element under <manifest>: meta-data at /data/app/~~MNv-OgTbW3FxPLnwtp-9wA==/com.transsion.carlcare-bKhLWY13ZTpsBdzYYw5g1Q==/base.apk Binary XML file line #125
04-12 20:43:53.040491  1744  1986 W PackageParsing: Unknown element under <manifest>: meta-data at /data/app/~~MNv-OgTbW3FxPLnwtp-9wA==/com.transsion.carlcare-bKhLWY13ZTpsBdzYYw5g1Q==/base.apk Binary XML file line #132
04-12 20:43:53.040723  1744  1986 W PackageParsing: Unknown element under <manifest>: meta-data at /data/app/~~MNv-OgTbW3FxPLnwtp-9wA==/com.transsion.carlcare-bKhLWY13ZTpsBdzYYw5g1Q==/base.apk Binary XML file line #148
04-12 20:43:53.040764  1744  1986 W PackageParsing: Unknown element under <manifest>: meta-data at /data/app/~~MNv-OgTbW3FxPLnwtp-9wA==/com.transsion.carlcare-bKhLWY13ZTpsBdzYYw5g1Q==/base.apk Binary XML file line #153
04-12 20:43:53.040776  1744  1986 W PackageParsing: Unknown element under <manifest>: meta-data at /data/app/~~MNv-OgTbW3FxPLnwtp-9wA==/com.transsion.carlcare-bKhLWY13ZTpsBdzYYw5g1Q==/base.apk Binary XML file line #156
04-12 20:43:53.040788  1744  1986 W PackageParsing: Unknown element under <manifest>: meta-data at /data/app/~~MNv-OgTbW3FxPLnwtp-9wA==/com.transsion.carlcare-bKhLWY13ZTpsBdzYYw5g1Q==/base.apk Binary XML file line #159
04-12 20:43:53.040798  1744  1986 W PackageParsing: Unknown element under <manifest>: meta-data at /data/app/~~MNv-OgTbW3FxPLnwtp-9wA==/com.transsion.carlcare-bKhLWY13ZTpsBdzYYw5g1Q==/base.apk Binary XML file line #162
04-12 20:43:53.042766  1744  1744 D PackageManager: updatedPkg = PackageSetting{f2ba456 com.android.chrome/10241}
04-12 20:43:53.045596  1744  1744 W PackageManager: Relax SCAN_REQUIRE_KNOWN requirement for package com.android.chrome
04-12 20:43:53.050775  1744  1744 D PackageManager: updatedPkg = PackageSetting{a2f97c0 com.google.android.marvin.talkback/10261}
04-12 20:43:53.051264  1744  1744 W PackageManager: Relax SCAN_REQUIRE_KNOWN requirement for package com.google.android.marvin.talkback
04-12 20:43:53.052656  1744  1744 D PackageManager: updatedPkg = PackageSetting{d72fba8 com.google.android.youtube/10260}
04-12 20:43:53.055091  1744  1744 W PackageManager: Relax SCAN_REQUIRE_KNOWN requirement for package com.google.android.youtube
04-12 20:43:53.057040  1744  1744 D PackageManager: updatedPkg = PackageSetting{7633475 com.google.android.googlequicksearchbox/10233}
04-12 20:43:53.059738  1744  1744 W PackageManager: Relax SCAN_REQUIRE_KNOWN requirement for package com.google.android.googlequicksearchbox
04-12 20:43:53.064465  1744  1744 D PackageManager: updatedPkg = PackageSetting{6645f92 com.google.android.gms/10232}
04-12 20:43:53.070376  1744  1744 W PackageManager: Relax SCAN_REQUIRE_KNOWN requirement for package com.google.android.gms
04-12 20:43:53.085276  1744  1744 D PackageManager: updatedPkg = PackageSetting{425c64d com.google.android.apps.nbu.files/10216}
04-12 20:43:53.086027  1744  1744 W PackageManager: Relax SCAN_REQUIRE_KNOWN requirement for package com.google.android.apps.nbu.files
04-12 20:43:53.087753  1744  1744 D PackageManager: updatedPkg = PackageSetting{2f65bc8 com.instagram.android/10297}
04-12 20:43:53.088181  1744  1744 W PackageManager: Relax SCAN_REQUIRE_KNOWN requirement for package com.instagram.android
04-12 20:43:53.092971  1744  1744 W PackageManager: Skipping provider name com.instagram.android.androidx-startup (in package com.instagram.android): name already used by com.instagram.android
04-12 20:43:53.094562  1744  1744 D PackageManager: updatedPkg = PackageSetting{22b5cd7 com.google.android.gm/10246}
04-12 20:43:53.096803  1744  1744 W PackageManager: Relax SCAN_REQUIRE_KNOWN requirement for package com.google.android.gm
04-12 20:43:53.100455  1744  1744 D PackageManager: updatedPkg = PackageSetting{89f0e56 com.google.android.apps.restore/10226}
04-12 20:43:53.101211  1744  1744 W PackageManager: Relax SCAN_REQUIRE_KNOWN requirement for package com.google.android.apps.restore
04-12 20:43:53.102898  1744  1744 D PackageManager: updatedPkg = PackageSetting{1a729c7 com.google.android.inputmethod.latin/10243}
04-12 20:43:53.104414  1744  1744 W PackageManager: Relax SCAN_REQUIRE_KNOWN requirement for package com.google.android.inputmethod.latin
04-12 20:43:53.105793  1744  1744 D PackageManager: updatedPkg = PackageSetting{64fbfac com.google.android.apps.wellbeing/10230}
04-12 20:43:53.108211  1744  1744 W PackageManager: Relax SCAN_REQUIRE_KNOWN requirement for package com.google.android.apps.wellbeing
04-12 20:43:53.110330  1744  1744 D PackageManager: updatedPkg = PackageSetting{44027cb com.google.android.apps.youtube.music/10258}
04-12 20:43:53.110841  1744  1744 W PackageManager: Relax SCAN_REQUIRE_KNOWN requirement for package com.google.android.apps.youtube.music
04-12 20:43:53.112293  1744  1744 D PackageManager: updatedPkg = PackageSetting{ac75d63 com.google.android.apps.safetyhub/10227}
04-12 20:43:53.114385  1744  1744 W PackageManager: Relax SCAN_REQUIRE_KNOWN requirement for package com.google.android.apps.safetyhub
04-12 20:43:53.116216  1744  1744 D PackageManager: updatedPkg = PackageSetting{645760c com.google.android.projection.gearhead/10212}
04-12 20:43:53.117478  1744  1744 W PackageManager: Relax SCAN_REQUIRE_KNOWN requirement for package com.google.android.projection.gearhead
04-12 20:43:53.120168  1744  1744 D PackageManager: updatedPkg = PackageSetting{29279f com.transsion.carlcare/10218}
04-12 20:43:53.120269  1744  1744 W PackageManager: Relax SCAN_REQUIRE_KNOWN requirement for package com.transsion.carlcare
04-12 20:43:53.123538  1744  1744 I PackageManager: Finished scanning non-system apps. Time: 121 ms, packageCount: 24 , timePerPackage: 5 , cached: 23
04-12 20:43:53.124518  1744  1744 W PackageManager: There should probably be exactly one storage manager; found 2: matches=[ResolveInfo{572a590 com.google.android.apps.nbu.files/.home.HomeActivity p=100 m=0x108000 userHandle=UserHandle{0}}, ResolveInfo{da28e89 com.android.storagemanager/.deletionhelper.DeletionHelperActivity m=0x108000 userHandle=UserHandle{0}}]
04-12 20:43:53.133313  1744  1744 I PackageManager: Time to scan packages: 0.826 seconds
04-12 20:43:53.147982  1744  1744 W AppIdPermissionPolicy: Ignoring permission android.permission.GLOBAL_SEARCH declared in system package android: already declared in another system package com.transsion.thub.res
04-12 20:43:53.148016  1744  1744 W AppIdPermissionPolicy: Ignoring permission android.permission.GLOBAL_SEARCH_CONTROL declared in system package android: already declared in another system package com.transsion.thub.res
04-12 20:43:53.148024  1744  1744 W AppIdPermissionPolicy: Ignoring permission android.permission.SET_WALLPAPER_COMPONENT declared in system package android: already declared in another system package com.transsion.thub.res
04-12 20:43:53.156354  1744  1744 W AppIdPermissionPolicy: Ignoring permission android.permission.GLOBAL_SEARCH declared in system package com.transsion: already declared in another system package com.transsion.thub.res
04-12 20:43:53.156399  1744  1744 W AppIdPermissionPolicy: Ignoring permission android.permission.GLOBAL_SEARCH_CONTROL declared in system package com.transsion: already declared in another system package com.transsion.thub.res
04-12 20:43:53.156414  1744  1744 W AppIdPermissionPolicy: Ignoring permission android.permission.SET_WALLPAPER_COMPONENT declared in system package com.transsion: already declared in another system package com.transsion.thub.res
04-12 20:43:53.156418  1744  1744 W AppIdPermissionPolicy: Ignoring permission android.permission.ADVANCED_WIDGET_API declared in system package com.transsion: already declared in another system package com.transsion.thub.res
04-12 20:43:53.162710  1744  1744 W AppIdPermissionPolicy: Ignoring permission android.permission.CONTROL_REMOTE_APP_TRANSITION_ANIMATIONS declared in system package com.transsion.kolun.aiservice: already declared in another system package android
04-12 20:43:53.167065  1744  1744 W AppIdPermissionPolicy: Ignoring permission com.transsion.aod.permission.ACCESS_RUNTIME_DATA_PROVIDER declared in system package com.android.systemui: already declared in another system package com.transsion.aod
04-12 20:43:53.170615  1744  1744 W AppIdPermissionPolicy: Ignoring permission os_noticenter.permission.CONFIG_PROVIDER declared in system package com.transsion.ossettingsext: already declared in another system package com.android.settings
04-12 20:43:53.175821  1744  1744 W AppIdPermissionPolicy: Ignoring permission android.permission.GLOBAL_SEARCH declared in system package com.mediatek: already declared in another system package com.transsion.thub.res
04-12 20:43:53.175868  1744  1744 W AppIdPermissionPolicy: Ignoring permission android.permission.GLOBAL_SEARCH_CONTROL declared in system package com.mediatek: already declared in another system package com.transsion.thub.res
04-12 20:43:53.175875  1744  1744 W AppIdPermissionPolicy: Ignoring permission android.permission.SET_WALLPAPER_COMPONENT declared in system package com.mediatek: already declared in another system package com.transsion.thub.res
04-12 20:43:53.175879  1744  1744 W AppIdPermissionPolicy: Ignoring permission android.permission.ADVANCED_WIDGET_API declared in system package com.mediatek: already declared in another system package com.transsion.thub.res
04-12 20:43:53.176437  1744  1744 W AppIdPermissionPolicy: Ignoring permission com.transsion.atomicbrain.permission.PERCEPTION_SUBSCRIPTION_INTERNAL declared in system package com.transsion.aivoiceassistant: already declared in another system package com.transsion.atomicbrain
04-12 20:43:53.176470  1744  1744 W AppIdPermissionPolicy: Ignoring permission com.transsion.permission.atomiccore.safe declared in system package com.transsion.aivoiceassistant: already declared in another system package com.transsion.atomiccore
04-12 20:43:53.185119  1744  1744 W AppIdPermissionPolicy: Ignoring permission com.google.android.c2dm.permission.RECEIVE declared in system package com.google.android.gms: already declared in another system package com.google.android.gsf
04-12 20:43:53.185161  1744  1744 W AppIdPermissionPolicy: Ignoring permission com.google.android.c2dm.permission.SEND declared in system package com.google.android.gms: already declared in another system package com.google.android.gsf
04-12 20:43:53.185176  1744  1744 W AppIdPermissionPolicy: Ignoring permission com.google.android.providers.settings.permission.WRITE_GSETTINGS declared in system package com.google.android.gms: already declared in another system package com.google.android.gsf
04-12 20:43:53.185180  1744  1744 W AppIdPermissionPolicy: Ignoring permission com.google.android.gtalkservice.permission.GTALK_SERVICE declared in system package com.google.android.gms: already declared in another system package com.google.android.gsf
04-12 20:43:53.185184  1744  1744 W AppIdPermissionPolicy: Ignoring permission com.google.android.providers.gsf.permission.READ_GSERVICES declared in system package com.google.android.gms: already declared in another system package com.google.android.gsf
04-12 20:43:53.185188  1744  1744 W AppIdPermissionPolicy: Ignoring permission com.google.android.providers.gsf.permission.WRITE_GSERVICES declared in system package com.google.android.gms: already declared in another system package com.google.android.gsf
04-12 20:43:53.185193  1744  1744 W AppIdPermissionPolicy: Ignoring permission com.android.vending.INTENT_VENDING_ONLY declared in system package com.google.android.gms: already declared in another system package com.google.android.gsf
04-12 20:43:53.221563  1744  1744 V PackageManager: reconcileAppsData for null u0 0x1 migrateAppData=true
04-12 20:43:53.369367  1744  1744 V PackageManager: reconcileAppsData finished 50 packages
04-12 20:43:53.369662  1744  1744 D PackageManagerTiming: write settings
04-12 20:43:53.370050  1744  2019 D SystemServerTimingAsync: InitThreadPoolExec:prepareAppData
04-12 20:43:53.370096  1744  2019 D SystemServerInitThreadPool: Started executing prepareAppData
04-12 20:43:53.400754  1744  1744 D SystemServiceManagerProxy: start com.android.server.pm.PackageInstallerService$Lifecycle@6bcbe
04-12 20:43:53.400923  1744  1744 V PackageManager: Ephemeral resolver found; pkg: com.google.android.gms, info:ResolveInfo{954711f com.google.android.gms/.chimera.PersistentBoundBrokerService m=0x108000 userHandle=null}
04-12 20:43:53.400954  1744  1744 D PackageManager: Set ephemeral resolver: ComponentInfo{com.google.android.gms/com.google.android.gms.chimera.PersistentBoundBrokerService}
04-12 20:43:53.401427  1744  1744 D PackageManager: Instant App installer not found with android.intent.action.INSTALL_INSTANT_APP_PACKAGE
04-12 20:43:53.401461  1744  1744 D PackageManager: Clear ephemeral installer activity
04-12 20:43:53.407970  1744  1744 I PackageManager: Fix for b/169414761 is applied
04-12 20:43:53.409205  1744  1934 I createLiteAppInfoLocked: packageInfo is null
04-12 20:43:53.409696  1744  1744 V UserSystemPackageInstaller: Checking that all system packages are whitelisted.
04-12 20:43:53.409979  1744  1744 W UserSystemPackageInstaller: checkWhitelistedSystemPackages(mode=ENFORCE|IMPLICIT_WHITELIST) has 67 warnings:
04-12 20:43:53.409992  1744  1744 W UserSystemPackageInstaller: com.android.theme.color.amethyst is allowlisted but not present.
04-12 20:43:53.409995  1744  1744 W UserSystemPackageInstaller: com.android.theme.icon.pebble is allowlisted but not present.
04-12 20:43:53.409997  1744  1744 W UserSystemPackageInstaller: com.android.internal.systemui.navbar.gestural_wide_back is allowlisted but not present.
04-12 20:43:53.410000  1744  1744 W UserSystemPackageInstaller: com.android.theme.color.sand is allowlisted but not present.
04-12 20:43:53.410001  1744  1744 W UserSystemPackageInstaller: com.android.theme.icon.vessel is allowlisted but not present.
04-12 20:43:53.410003  1744  1744 W UserSystemPackageInstaller: com.android.theme.color.cinnamon is allowlisted but not present.
04-12 20:43:53.410005  1744  1744 W UserSystemPackageInstaller: com.android.theme.icon_pack.victor.settings is allowlisted but not present.
04-12 20:43:53.410006  1744  1744 W UserSystemPackageInstaller: com.android.theme.icon_pack.rounded.systemui is allowlisted but not present.
04-12 20:43:53.410008  1744  1744 W UserSystemPackageInstaller: com.android.theme.icon.taperedrect is allowlisted but not present.
04-12 20:43:53.410010  1744  1744 W UserSystemPackageInstaller: com.android.documentsui is allowlisted but not present.
04-12 20:43:53.410012  1744  1744 W UserSystemPackageInstaller: com.android.quicksearchbox is allowlisted but not present.
04-12 20:43:53.410013  1744  1744 W UserSystemPackageInstaller: com.android.theme.icon_pack.rounded.android is allowlisted but not present.
04-12 20:43:53.410015  1744  1744 W UserSystemPackageInstaller: com.android.internal.systemui.onehanded.gestural is allowlisted but not present.
04-12 20:43:53.410017  1744  1744 W UserSystemPackageInstaller: com.google.android.verifier is allowlisted but not present.
04-12 20:43:53.410018  1744  1744 W UserSystemPackageInstaller: com.android.multiuser is allowlisted but not present.
04-12 20:43:53.410020  1744  1744 W UserSystemPackageInstaller: com.android.theme.icon_pack.victor.systemui is allowlisted but not present.
04-12 20:43:53.410022  1744  1744 W UserSystemPackageInstaller: com.android.theme.icon_pack.circular.themepicker is allowlisted but not present.
04-12 20:43:53.410024  1744  1744 W UserSystemPackageInstaller: com.android.theme.color.tangerine is allowlisted but not present.
04-12 20:43:53.410026  1744  1744 W UserSystemPackageInstaller: com.android.theme.color.aquamarine is allowlisted but not present.
04-12 20:43:53.410027  1744  1744 W UserSystemPackageInstaller: com.android.theme.color.black is allowlisted but not present.
04-12 20:43:53.410029  1744  1744 W UserSystemPackageInstaller: com.android.theme.color.green is allowlisted but not present.
04-12 20:43:53.410030  1744  1744 W UserSystemPackageInstaller: com.android.theme.color.ocean is allowlisted but not present.
04-12 20:43:53.410033  1744  1744 W UserSystemPackageInstaller: com.android.theme.color.space is allowlisted but not present.
04-12 20:43:53.410035  1744  1744 W UserSystemPackageInstaller: com.android.contacts is allowlisted but not present.
04-12 20:43:53.410037  1744  1744 W UserSystemPackageInstaller: com.android.camera2 is allowlisted but not present.
04-12 20:43:53.410039  1744  1744 W UserSystemPackageInstaller: com.android.theme.icon_pack.rounded.launcher is allowlisted but not present.
04-12 20:43:53.410041  1744  1744 W UserSystemPackageInstaller: com.android.theme.icon_pack.kai.settings is allowlisted but not present.
04-12 20:43:53.410042  1744  1744 W UserSystemPackageInstaller: com.android.internal.systemui.navbar.twobutton is allowlisted but not present.
04-12 20:43:53.410044  1744  1744 W UserSystemPackageInstaller: com.android.theme.icon_pack.sam.settings is allowlisted but not present.
04-12 20:43:53.410046  1744  1744 W UserSystemPackageInstaller: com.android.calendar is allowlisted but not present.
04-12 20:43:53.410048  1744  1744 W UserSystemPackageInstaller: com.android.internal.systemui.navbar.gestural_extra_wide_back is allowlisted but not present.
04-12 20:43:53.410056  1744  1744 W UserSystemPackageInstaller: com.android.theme.icon_pack.kai.themepicker is allowlisted but not present.
04-12 20:43:53.410058  1744  1744 W UserSystemPackageInstaller: com.android.theme.icon_pack.victor.launcher is allowlisted but not present.
04-12 20:43:53.410059  1744  1744 W UserSystemPackageInstaller: com.android.theme.icon_pack.filled.settings is allowlisted but not present.
04-12 20:43:53.410061  1744  1744 W UserSystemPackageInstaller: com.android.theme.icon_pack.kai.systemui is allowlisted but not present.
04-12 20:43:53.410062  1744  1744 W UserSystemPackageInstaller: com.android.theme.icon_pack.circular.settings is allowlisted but not present.
04-12 20:43:53.410063  1744  1744 W UserSystemPackageInstaller: com.android.privatespace is allowlisted but not present.
04-12 20:43:53.410065  1744  1744 W UserSystemPackageInstaller: com.android.theme.icon_pack.sam.systemui is allowlisted but not present.
04-12 20:43:53.410066  1744  1744 W UserSystemPackageInstaller: com.android.theme.icon.teardrop is allowlisted but not present.
04-12 20:43:53.410068  1744  1744 W UserSystemPackageInstaller: com.android.theme.icon_pack.rounded.themepicker is allowlisted but not present.
04-12 20:43:53.410069  1744  1744 W UserSystemPackageInstaller: com.android.dialer is allowlisted but not present.
04-12 20:43:53.410071  1744  1744 W UserSystemPackageInstaller: com.android.gallery3d is allowlisted but not present.
