----- timezone:Asia/Shanghai
04-12 20:43:41.048686   583   583 I vold    : Vold 3.0 (the awakening) firing up
04-12 20:43:41.050742   583   583 D vold    : Detected support for: ext4 f2fs vfat
04-12 20:43:41.054291   583   583 D vold    : Initing Transsion Vold
04-12 20:43:41.054481   583   583 I vold    : [libfstab] Using Android DT directory /proc/device-tree/firmware/android/
04-12 20:43:41.058104   583   583 W vold    : [libfstab] Warning: unknown flag: resize
04-12 20:43:41.064027   583   583 D vold    : VoldNativeService::start() completed OK
04-12 20:43:41.067860   583   583 D vold    : VendorVoldNativeService::try_start() completed OK
04-12 20:43:41.263369   583   583 I vold    : Using AIDL version of IBootControl
04-12 20:43:41.274594   648   648 I keystore2: system/security/keystore2/src/keystore2_main.rs:69 - Keystore2 is starting.
04-12 20:43:41.274682   648   648 I keystore2: system/security/keystore2/src/keystore2_main.rs:75 - Setting up sqlite logging for keystore2
04-12 20:43:41.275221   648   674 I keystore2: system/security/keystore2/src/maintenance.rs:316 - start monitoring 'apexd.status' property
04-12 20:43:41.275268   648   648 I keystore2: system/security/keystore2/src/keystore2_main.rs:163 - Starting thread pool now.
04-12 20:43:41.275386   648   674 I keystore2: system/security/keystore2/src/maintenance.rs:321 - property 'apexd.status' is now 'Err(SystemPropertyAbsent)'
04-12 20:43:41.275393   648   674 I keystore2: system/security/keystore2/src/maintenance.rs:326 - await a change to 'apexd.status'...
04-12 20:43:41.275430   648   675 I keystore2: system/security/keystore2/src/globals.rs:490 - monitoring for sys.boot_completed=1
04-12 20:43:41.279090   583   583 D vold    : fscrypt_mount_metadata_encrypted: /data encrypt: 0 format: 0 with null block device: /dev/block/by-name/userdata with zoned 0 length: 0
04-12 20:43:41.279212   583   583 D vold    : metadata_key_dir/key: /metadata/vold/metadata_encryption/key
04-12 20:43:41.281051   583   583 D vold    : Key exists, using: /metadata/vold/metadata_encryption/key
04-12 20:43:41.377063   648   648 I keystore2: system/security/keystore2/src/globals.rs:298 - KeyMint device is current version (Some(300)) for security level: r#TRUSTED_ENVIRONMENT
04-12 20:43:41.377432   648   676 I keystore2: system/security/keystore2/src/shared_secret_negotiation.rs:48 - Shared secret negotiation concluded successfully.
04-12 20:43:41.378112   648   676 I keystore2: system/security/keystore2/src/shared_secret_negotiation.rs:290 - No StrongBox Keymint available, so no RoT transfer
04-12 20:43:41.379262   648   648 I keystore2: system/security/keystore2/src/keystore2_main.rs:218 - Successfully registered Keystore 2.0 service.
04-12 20:43:41.379279   648   648 I keystore2: system/security/keystore2/src/keystore2_main.rs:220 - Joining thread pool now.
04-12 20:43:41.380560   648   648 I keystore2: system/security/keystore2/src/security_level.rs:245 - caller pid=583, uid=0; force = true; key domain=r#BLOB, alias = None
04-12 20:43:41.381674   648   648 I keystore2: system/security/keystore2/src/security_level.rs:343 - upgrade_keyblob_if_required_with start
04-12 20:43:41.382135   648   648 I keystore2: system/security/keystore2/src/enforcements.rs:236 - finalize_create_authorization self.state=NoAuthRequired
04-12 20:43:41.382151   648   648 I keystore2: system/security/keystore2/src/security_level.rs:388 - upgrade_keyblob_if_required_with end; operation_db.create_operation start
04-12 20:43:41.382157   648   648 I keystore2: system/security/keystore2/src/security_level.rs:406 - operation_db.create_operation end
04-12 20:43:41.383282   583   583 D vold    : Mounting metadata-encrypted filesystem:/data
04-12 20:43:41.383934   583   583 I vold    : [libfs_mgr] f2fs_fsck_argv[5] =--no-kernel-check
04-12 20:43:41.384028   583   583 I vold    : [libfs_mgr] Running /system/bin/fsck.f2fs -a -c 10000 --debug-cache /dev/block/dm-79
04-12 20:43:41.498669   583   583 I vold    : [libfs_mgr] __mount(source=/dev/block/mapper/userdata,target=/data,type=f2fs)=0: Success
04-12 20:43:41.498947   583   583 D vold    : Mounted /data
04-12 20:43:41.519913   583   583 I Checkpoint: cp_prepareCheckpoint called
04-12 20:43:41.541880   583   583 I vold    : fscrypt_initialize_systemwide_keys
04-12 20:43:41.545130   583   583 D vold    : Key exists, using: /data/unencrypted/key
04-12 20:43:41.546641   648   648 I keystore2: system/security/keystore2/src/security_level.rs:245 - caller pid=583, uid=0; force = true; key domain=r#BLOB, alias = None
04-12 20:43:41.546673   648   648 I keystore2: system/security/keystore2/src/security_level.rs:343 - upgrade_keyblob_if_required_with start
04-12 20:43:41.546963   648   648 I keystore2: system/security/keystore2/src/enforcements.rs:236 - finalize_create_authorization self.state=NoAuthRequired
04-12 20:43:41.546978   648   648 I keystore2: system/security/keystore2/src/security_level.rs:388 - upgrade_keyblob_if_required_with end; operation_db.create_operation start
04-12 20:43:41.546983   648   648 I keystore2: system/security/keystore2/src/security_level.rs:406 - operation_db.create_operation end
04-12 20:43:41.550460   583   583 D vold    : Installed fscrypt key with ref 59dcb8b08499269c968fd9d859231faa to /data
04-12 20:43:41.553299   583   583 I vold    : Wrote system DE key reference to:/data/unencrypted/ref
04-12 20:43:41.554545   583   583 D vold    : Generating standard storage key
04-12 20:43:41.557673   583   583 D vold    : Installed fscrypt key with ref 705e698a953622fa49c6dc028b10e2c2 to /data
04-12 20:43:41.559530   583   583 I vold    : Wrote per boot key reference to:/data/unencrypted/per_boot_ref
04-12 20:43:41.586893   583   583 I incfs   : Initial API level of the device: 36
04-12 20:43:41.587009   583   583 I incfs   : ro.incremental.enable: yes
04-12 20:43:41.587076   583   583 I incfs   : isFsAvailable: true
04-12 20:43:41.587106   583   583 I incfs   : isFsAvailable: true
04-12 20:43:41.587403   583   583 I incfs   : IncFs_Features: v2
04-12 20:43:41.587788   648   648 I keystore2: system/security/keystore2/src/maintenance.rs:635 - earlyBootEnded()
04-12 20:43:41.588101   648   648 I keystore2: system/security/keystore2/src/maintenance.rs:256 - In early_boot_ended.
04-12 20:43:41.588307   648   648 I keystore2: system/security/keystore2/src/maintenance.rs:260 - keystore db inde=26
04-12 20:43:41.588347   648   648 E keystore2: system/security/keystore2/src/database.rs:1053 - ==backup_db start==
04-12 20:43:41.588423   648   648 I keystore2: system/security/keystore2/src/database.rs:1236 - is_backup_support str="1"
04-12 20:43:41.588601   648   648 E keystore2: system/security/keystore2/src/database.rs:1098 - ==backup_db222 end==
04-12 20:43:41.588732   648   648 E keystore2: system/security/keystore2/src/database.rs:1529 -  in make_connection-start
04-12 20:43:41.588808   648   702 E keystore2: system/security/keystore2/src/database.rs:1529 -  in make_connection-start
04-12 20:43:41.590152   648   648 I keystore2: system/security/keystore2/src/globals.rs:85 - Touching Keystore 2.0 database for this first time since boot.
04-12 20:43:41.590171   648   648 I keystore2: system/security/keystore2/src/globals.rs:86 - Calling cleanup leftovers.
04-12 20:43:41.590440   648   648 I keystore2: system/security/keystore2/src/boot_level_keys.rs:57 - ro.keystore.boot_level_key.strategy not set, inferring from installed KM instances
04-12 20:43:41.590462   648   648 I keystore2: system/security/keystore2/src/boot_level_keys.rs:115 - In get_level_zero_key: security_level=r#TRUSTED_ENVIRONMENT, deny_later_strategy=EarlyBootOnly
04-12 20:43:41.594356   648   702 I keystore2: system/security/keystore2/src/gc.rs:147 - skip GC as boot not completed
04-12 20:43:41.595300   648   648 I keystore2: system/security/keystore2/src/super_key.rs:305 - Starting boot level watcher.
04-12 20:43:41.595484   648   648 I keystore2: system/security/keystore2/src/maintenance.rs:227 - Call to earlyBootEnded succeeded for security level TRUSTED_ENVIRONMENT.
04-12 20:43:41.595540   648   704 I keystore2: system/security/keystore2/src/super_key.rs:337 - Read keystore.boot_level value 30
04-12 20:43:41.595677   648   704 I keystore2: system/security/keystore2/src/super_key.rs:337 - Read keystore.boot_level value 30
04-12 20:43:41.595869   648   648 I keystore2: system/security/keystore2/src/maintenance.rs:237 - Call to earlyBootEnded failed for StrongBox as it is not available
04-12 20:43:41.629392   648   674 I keystore2: system/security/keystore2/src/maintenance.rs:328 - await a change to 'apexd.status'...notified
04-12 20:43:41.629421   648   674 I keystore2: system/security/keystore2/src/maintenance.rs:321 - property 'apexd.status' is now 'Ok("")'
04-12 20:43:41.629428   648   674 I keystore2: system/security/keystore2/src/maintenance.rs:326 - await a change to 'apexd.status'...
04-12 20:43:41.679909   648   674 I keystore2: system/security/keystore2/src/maintenance.rs:328 - await a change to 'apexd.status'...notified
04-12 20:43:41.679956   648   674 I keystore2: system/security/keystore2/src/maintenance.rs:321 - property 'apexd.status' is now 'Ok("starting")'
04-12 20:43:41.679961   648   674 I keystore2: system/security/keystore2/src/maintenance.rs:326 - await a change to 'apexd.status'...
04-12 20:43:42.523821   648   674 I keystore2: system/security/keystore2/src/maintenance.rs:328 - await a change to 'apexd.status'...notified
04-12 20:43:42.523848   648   674 I keystore2: system/security/keystore2/src/maintenance.rs:321 - property 'apexd.status' is now 'Ok("activated")'
04-12 20:43:42.528884   648   674 I keystore2: system/security/keystore2/src/maintenance.rs:365 - apex modules += com.android.adbd version 361153600
04-12 20:43:42.528899   648   674 I keystore2: system/security/keystore2/src/maintenance.rs:365 - apex modules += com.android.adservices version 361153320
04-12 20:43:42.528904   648   674 I keystore2: system/security/keystore2/src/maintenance.rs:365 - apex modules += com.android.apex.cts.shim version 1
04-12 20:43:42.528908   648   674 I keystore2: system/security/keystore2/src/maintenance.rs:365 - apex modules += com.android.appsearch version 361421180
04-12 20:43:42.528912   648   674 I keystore2: system/security/keystore2/src/maintenance.rs:365 - apex modules += com.android.art version 361400140
04-12 20:43:42.528916   648   674 I keystore2: system/security/keystore2/src/maintenance.rs:365 - apex modules += com.android.bt version 360499999
04-12 20:43:42.528919   648   674 I keystore2: system/security/keystore2/src/maintenance.rs:365 - apex modules += com.android.cellbroadcast version 361418000
04-12 20:43:42.528923   648   674 I keystore2: system/security/keystore2/src/maintenance.rs:365 - apex modules += com.android.compos version 3
04-12 20:43:42.528926   648   674 I keystore2: system/security/keystore2/src/maintenance.rs:365 - apex modules += com.android.configinfrastructure version 361153320
04-12 20:43:42.528930   648   674 I keystore2: system/security/keystore2/src/maintenance.rs:365 - apex modules += com.android.conscrypt version 361331360
04-12 20:43:42.528934   648   674 I keystore2: system/security/keystore2/src/maintenance.rs:365 - apex modules += com.android.crashrecovery version 361153320
04-12 20:43:42.528937   648   674 I keystore2: system/security/keystore2/src/maintenance.rs:365 - apex modules += com.android.devicelock version 343201000
04-12 20:43:42.528940   648   674 I keystore2: system/security/keystore2/src/maintenance.rs:365 - apex modules += com.android.extservices version 361153323
04-12 20:43:42.528944   648   674 I keystore2: system/security/keystore2/src/maintenance.rs:365 - apex modules += com.android.hardware.cas version 1
04-12 20:43:42.528947   648   674 I keystore2: system/security/keystore2/src/maintenance.rs:365 - apex modules += com.android.healthfitness version 361420700
04-12 20:43:42.528952   648   674 I keystore2: system/security/keystore2/src/maintenance.rs:365 - apex modules += com.android.i18n version 1
04-12 20:43:42.528959   648   674 I keystore2: system/security/keystore2/src/maintenance.rs:365 - apex modules += com.android.ipsec version 361153320
04-12 20:43:42.528962   648   674 I keystore2: system/security/keystore2/src/maintenance.rs:365 - apex modules += com.android.media version 361153320
04-12 20:43:42.528965   648   674 I keystore2: system/security/keystore2/src/maintenance.rs:365 - apex modules += com.android.media.swcodec version 361153320
04-12 20:43:42.528969   648   674 I keystore2: system/security/keystore2/src/maintenance.rs:365 - apex modules += com.android.mediaprovider version 361420620
04-12 20:43:42.528972   648   674 I keystore2: system/security/keystore2/src/maintenance.rs:365 - apex modules += com.android.neuralnetworks version 361153320
04-12 20:43:42.528976   648   674 I keystore2: system/security/keystore2/src/maintenance.rs:365 - apex modules += com.android.nfcservices version 360499999
04-12 20:43:42.528979   648   674 I keystore2: system/security/keystore2/src/maintenance.rs:365 - apex modules += com.android.ondevicepersonalization version 361153320
04-12 20:43:42.528988   648   674 I keystore2: system/security/keystore2/src/maintenance.rs:365 - apex modules += com.android.os.statsd version 361420820
04-12 20:43:42.528991   648   674 I keystore2: system/security/keystore2/src/maintenance.rs:365 - apex modules += com.android.permission version 361420000
04-12 20:43:42.528994   648   674 I keystore2: system/security/keystore2/src/maintenance.rs:365 - apex modules += com.android.profiling version 361153680
04-12 20:43:42.528998   648   674 I keystore2: system/security/keystore2/src/maintenance.rs:365 - apex modules += com.android.resolv version 361418000
04-12 20:43:42.529001   648   674 I keystore2: system/security/keystore2/src/maintenance.rs:365 - apex modules += com.android.rkpd version 361420380
04-12 20:43:42.529005   648   674 I keystore2: system/security/keystore2/src/maintenance.rs:365 - apex modules += com.android.runtime version 1
04-12 20:43:42.529008   648   674 I keystore2: system/security/keystore2/src/maintenance.rs:365 - apex modules += com.android.scheduling version 361153320
04-12 20:43:42.529011   648   674 I keystore2: system/security/keystore2/src/maintenance.rs:365 - apex modules += com.android.sdkext version 361418240
04-12 20:43:42.529015   648   674 I keystore2: system/security/keystore2/src/maintenance.rs:365 - apex modules += com.android.tethering version 361420760
04-12 20:43:42.529018   648   674 I keystore2: system/security/keystore2/src/maintenance.rs:365 - apex modules += com.android.tzdata version 361157000
04-12 20:43:42.529021   648   674 I keystore2: system/security/keystore2/src/maintenance.rs:365 - apex modules += com.android.uprobestats version 361153320
04-12 20:43:42.529024   648   674 I keystore2: system/security/keystore2/src/maintenance.rs:365 - apex modules += com.android.uwb version 361420720
04-12 20:43:42.529028   648   674 I keystore2: system/security/keystore2/src/maintenance.rs:365 - apex modules += com.android.virt version 3
04-12 20:43:42.529031   648   674 I keystore2: system/security/keystore2/src/maintenance.rs:365 - apex modules += com.android.vndk.v31 version 1
04-12 20:43:42.529035   648   674 I keystore2: system/security/keystore2/src/maintenance.rs:365 - apex modules += com.android.vndk.v33 version 1
04-12 20:43:42.529038   648   674 I keystore2: system/security/keystore2/src/maintenance.rs:365 - apex modules += com.android.vndk.v34 version 1
04-12 20:43:42.529041   648   674 I keystore2: system/security/keystore2/src/maintenance.rs:365 - apex modules += com.android.wifi version 361418220
04-12 20:43:42.529044   648   674 I keystore2: system/security/keystore2/src/maintenance.rs:365 - apex modules += com.google.android.widevine version 190250627
04-12 20:43:42.529052   648   674 I keystore2: system/security/keystore2/src/maintenance.rs:365 - apex modules += com.scorpio.sc.core version 1
04-12 20:43:42.529056   648   674 I keystore2: system/security/keystore2/src/maintenance.rs:365 - apex modules += com.transsion.connectivity version 340101005
04-12 20:43:42.529059   648   674 I keystore2: system/security/keystore2/src/maintenance.rs:365 - apex modules += com.transsion.kolun version 10000001
04-12 20:43:42.529062   648   674 I keystore2: system/security/keystore2/src/maintenance.rs:365 - apex modules += com.transsion.mi.os.framework version 340000002
04-12 20:43:42.529065   648   674 I keystore2: system/security/keystore2/src/maintenance.rs:365 - apex modules += com.transsion.phone version 340002300
04-12 20:43:42.529069   648   674 I keystore2: system/security/keystore2/src/maintenance.rs:365 - apex modules += com.transsion.thub.core version 360102001
04-12 20:43:42.529085   648   674 I keystore2: system/security/keystore2/src/maintenance.rs:540 - set_module_info with 47 modules
04-12 20:43:42.529139   648   674 I keystore2: system/security/keystore2/src/maintenance.rs:202 - skipping setAdditionalAttestationInfo for r#TRUSTED_ENVIRONMENT since its keymint version 300 is less than the minimum required version 400
04-12 20:43:42.529146   648   674 I keystore2: system/security/keystore2/src/maintenance.rs:227 - Call to setAdditionalAttestationInfo succeeded for security level TRUSTED_ENVIRONMENT.
04-12 20:43:42.529466   648   674 I keystore2: system/security/keystore2/src/maintenance.rs:237 - Call to setAdditionalAttestationInfo failed for StrongBox as it is not available
04-12 20:43:42.697353   583   583 D vold    : fscrypt_init_user0
04-12 20:43:42.697388   583   583 D vold    : Preparing: /data/misc/vold/user_keys
04-12 20:43:42.700481   583   583 D vold    : Preparing: /data/misc/vold/user_keys/ce
04-12 20:43:42.700915   583   583 D vold    : Preparing: /data/misc/vold/user_keys/de
04-12 20:43:42.703021   648   648 I keystore2: system/security/keystore2/src/security_level.rs:245 - caller pid=583, uid=0; force = true; key domain=r#BLOB, alias = None
04-12 20:43:42.703069   648   648 I keystore2: system/security/keystore2/src/security_level.rs:343 - upgrade_keyblob_if_required_with start
04-12 20:43:42.703374   648   648 I keystore2: system/security/keystore2/src/enforcements.rs:236 - finalize_create_authorization self.state=NoAuthRequired
04-12 20:43:42.703389   648   648 I keystore2: system/security/keystore2/src/security_level.rs:388 - upgrade_keyblob_if_required_with end; operation_db.create_operation start
04-12 20:43:42.703395   648   648 I keystore2: system/security/keystore2/src/security_level.rs:406 - operation_db.create_operation end
04-12 20:43:42.704376   583   583 D vold    : Installed fscrypt key with ref d844fd290b970402a35ef6c5fd2c8d5e to /data
04-12 20:43:42.704408   583   583 D vold    : Installed de key for user 0
04-12 20:43:42.704579   583   583 D vold    : Preparing: /data/data
04-12 20:43:42.705238   583   583 D vold    : Preparing: /data/user/0
04-12 20:43:42.705546   583   583 D vold    : Preparing: /data/media/obb
04-12 20:43:42.705719   583   583 D vold    : Preparing: /data/vendor_de/meta
04-12 20:43:42.705921   583   583 D vold    : fscrypt_prepare_user_storage for volume null, user 0, flags 1
04-12 20:43:42.705946   583   583 D vold    : Preparing: /data/system/users/0
04-12 20:43:42.706273   583   583 D vold    : Preparing: /data/misc/profiles/cur/0
04-12 20:43:42.706691   583   583 D vold    : Preparing: /data/system_de/0
04-12 20:43:42.706831   583   583 I vold    : Verified that /data/system_de/0 has the encryption policy d844fd290b970402a35ef6c5fd2c8d5e v2 modes 1/4 flags 0xa
04-12 20:43:42.706964   583   583 D vold    : Preparing: /data/vendor_de/0
04-12 20:43:42.707085   583   583 I vold    : Verified that /data/vendor_de/0 has the encryption policy d844fd290b970402a35ef6c5fd2c8d5e v2 modes 1/4 flags 0xa
04-12 20:43:42.707216   583   583 D vold    : Preparing: /data/misc_de/0
04-12 20:43:42.707344   583   583 I vold    : Verified that /data/misc_de/0 has the encryption policy d844fd290b970402a35ef6c5fd2c8d5e v2 modes 1/4 flags 0xa
04-12 20:43:42.707470   583   583 D vold    : Preparing: /data/user_de/0
04-12 20:43:42.707621   583   583 I vold    : Verified that /data/user_de/0 has the encryption policy d844fd290b970402a35ef6c5fd2c8d5e v2 modes 1/4 flags 0xa
04-12 20:43:42.707635   583   583 D vold    : /system/bin/vold_prepare_subdirs
04-12 20:43:42.707642   583   583 D vold    :     prepare
04-12 20:43:42.707645   583   583 D vold    :     
04-12 20:43:42.707649   583   583 D vold    :     0
04-12 20:43:42.707652   583   583 D vold    :     1
04-12 20:43:42.708355   583   583 I vold    : Set 15s timeout
04-12 20:43:42.729489   583   583 I vold    : Fgets log from vold's child_pid 893 by using legency start:
04-12 20:43:42.729548   583   583 I vold    : Finish get from pipe
04-12 20:43:42.798598   908   908 I odsign  : Trying to retrieve existing HMAC key...
04-12 20:43:42.799047   908   908 I odsign  : Trying to retrieve existing keystore key...
04-12 20:43:42.799844   648   648 I keystore2: system/security/keystore2/src/security_level.rs:245 - caller pid=908, uid=0; force = false; key domain=r#SELINUX, alias = Some("ondevice-signing-hmac")
04-12 20:43:42.799998   648   648 I keystore2: system/security/keystore2/src/security_level.rs:343 - upgrade_keyblob_if_required_with start
04-12 20:43:42.801009   648   648 I keystore2: system/security/keystore2/src/enforcements.rs:236 - finalize_create_authorization self.state=NoAuthRequired
04-12 20:43:42.801030   648   648 I keystore2: system/security/keystore2/src/security_level.rs:388 - upgrade_keyblob_if_required_with end; operation_db.create_operation start
04-12 20:43:42.801035   648   648 I keystore2: system/security/keystore2/src/security_level.rs:406 - operation_db.create_operation end
04-12 20:43:42.804291   908   908 I odsign  : Verified public key signature.
04-12 20:43:42.804307   908   908 I odsign  : Initialized Keystore key.
04-12 20:43:42.805989   908   908 I odsign  : Found and verified existing public key certificate: /data/misc/odsign/key.cert
04-12 20:43:42.849436   909   909 I odrefresh: ART APEX version 361400140
04-12 20:43:42.925741   909   909 I odrefresh: Boot images on /system OK (arm64)
04-12 20:43:43.012666   909   909 I odrefresh: system_server artifacts on /system OK
04-12 20:43:43.020994   908   908 I odsign  : /data/misc/odsign/odsign.info.signature matches.
04-12 20:43:43.021090   908   908 I odsign  : Loaded /data/misc/odsign/odsign.info
04-12 20:43:43.021797   908   908 I odsign  : All root hashes match.
04-12 20:43:43.021814   908   908 I odsign  : odrefresh said artifacts are VALID
04-12 20:43:43.021819   908   908 I odsign  : On-device signing done.
04-12 20:43:43.021857   648   704 I keystore2: system/security/keystore2/src/super_key.rs:342 - keystore.boot_level 1000000000 hits maximum 1000000000, finishing.
04-12 20:43:49.713192  1247  1247 I gsid    : no DSU: No such file or directory
04-12 20:43:50.038210  1382  1382 I installd: installd firing up
04-12 20:43:50.057967  1388  1388 I wificond: wificond is starting up...
04-12 20:43:50.061723  1388  1388 W HidlServiceManagement: hwservicemanager is not supported on the device.
04-12 20:43:50.061737  1388  1388 I HidlServiceManagement: Trying to get transport of android.system.wifi.keystore@1.0::IKeystore/default without hwservicemanager
04-12 20:43:50.061741  1388  1388 E HidlServiceManagement: Service android.system.wifi.keystore@1.0::IKeystore/default must be in VINTF manifest in order to register/get.
04-12 20:43:50.061748  1388  1388 I wificond: Did not register wifi keystore HIDL HAL service: -2147483648
04-12 20:43:50.378808  1090  1090 D TranDynamicFeatureSwitch: mCurrentVersion = 1.0
04-12 20:43:50.378935  1090  1090 D TranDynamicFeatureSwitch: parse: tranFeatureToggle => TranFeatureToggle{mFeatureName='iconcrop', mFeatureList={com.transsion.hubcore.iconcrop.ITranNonAdaptiveIconExt=com.transsion.hubcore.iconcrop.TranNonAdaptiveIconExtImpl}, mStatus=true}
04-12 20:43:50.378944  1090  1090 D TranDynamicFeatureSwitch: parse: tranFeatureToggle => TranFeatureToggle{mFeatureName='finance', mFeatureList={com.transsion.hubcore.finance.ITranFinanceComponent=com.transsion.hubcore.finance.TranFinanceComponentImpl, com.transsion.hubcore.finance.ITranFinancePJComponent=com.transsion.hubcore.finance.payjoy.TranPJComponentImpl}, mStatus=true}
04-12 20:43:50.384013  1090  1090 D TranClassInfo: instance successfully. com.transsion.hubcore.app.TranActivityOptionsImpl@fa4742b from com.transsion.hubcore.server.app.ITranActivityOptions
04-12 20:43:50.412248  1090  1090 D TranClassInfo: instance successfully. com.transsion.hubcore.graphics.TranGraphicImpl@adf701e from com.transsion.hubcore.graphics.ITranGraphic
04-12 20:43:50.416270  1090  1090 D TranClassInfo: instance successfully. com.transsion.common.thubutils.TranConfigs@bfa7515 from com.transsion.hubsdk.thubutils.ITranConfigs
04-12 20:43:50.416500  1090  1090 I TranConfigs: getConfigs: file path is : /tranfs/etc/vconfig/typeface/fonts_customization.xml
04-12 20:43:50.416611  1090  1090 I TranConfigs: getConfigs: file path is : /tr_company/etc/vconfig/typeface/fonts_customization.xml
04-12 20:43:50.416637  1090  1090 I TranConfigs: getConfigs: file path is : /tr_carrier/etc/vconfig/typeface/fonts_customization.xml
04-12 20:43:50.416667  1090  1090 I TranConfigs: getConfigs: file path is : /tr_region/etc/vconfig/typeface/fonts_customization.xml
04-12 20:43:50.417041  1090  1090 I TranConfigs: getConfigs: file path is : /tr_product/etc/vconfig/typeface/fonts_customization.xml
04-12 20:43:50.417393  1090  1090 I TranConfigs: getConfigs: file path is : /system_ext/etc/vconfig/typeface/fonts_customization.xml
04-12 20:43:50.417476  1090  1090 E TranConfigs: getConfigs: not found path: typeface/fonts_customization.xml
04-12 20:43:50.586396  1090  1090 D TranClassInfo: instance successfully. com.transsion.hubcore.app.TranWindowConfigurationImpl@19210dc from com.transsion.hubcore.server.app.ITranWindowConfiguration
04-12 20:43:50.590016  1090  1090 D TranClassInfo: instance successfully. com.transsion.display.displaycompatible.core.TranDisplayCompatibleComponentImpl@a2158ba from com.transsion.hubcore.displaycompatible.ITranDisplayCompatibleComponent
04-12 20:43:50.634739  1090  1090 D TranClassInfo: instance successfully. com.transsion.hubcore.content.res.TranAssetManagerImpl@6281c3f from com.transsion.hubcore.content.res.ITranAssetManager
04-12 20:43:50.684387  1630  1659 I BootAnimation: boot-tranDefaultRotation: -1
04-12 20:43:50.828996  1090  1090 D TranClassInfo: instance successfully. com.transsion.hubcore.content.om.TranOverlayConfigImpl@92b9255 from com.transsion.hubcore.content.om.ITranOverlayConfig
04-12 20:43:50.857212  1090  1090 V Configuration: Updating configuration, locales updated from [] to [zh_CN_#Hans]
04-12 20:43:50.857694  1090  1090 D TranClassInfo: instance successfully. com.transsion.hubcore.app.TranActivityThreadImpl@a35b472 from com.transsion.hubcore.app.ITranActivityThread
04-12 20:43:51.353510  1744  1744 D TranClassInfo: instance successfully. com.transsion.performance.aegean.TranAegeanComponentImpl@40cb92c from com.transsion.hubcore.aegean.ITranAegeanComponent
04-12 20:43:51.353644  1744  1744 D TranDynamicFeatureSwitch: status = true
04-12 20:43:51.357485  1744  1744 I TranFinanceComponentImpl: init version=35.0.2.1
04-12 20:43:51.357633  1744  1744 I TranFinanceMgr: FinancialManager init : mVersion = 1, mSupportFlag = 0
04-12 20:43:51.358005  1744  1744 D TranClassInfo: instance successfully. com.transsion.security.finance.TranFinanceComponentImpl@a223c18 from com.transsion.hubcore.finance.ITranFinanceComponent
04-12 20:43:51.361022  1744  1744 W TranClassInfo: instance failed. com.transsion.hubcore.spdopts.trancpufreqtime.implement.TranCpuPowerReporterComponentImpl from com.transsion.hubcore.trancpufreqtime.ITranCpuPowerReporterComponent
04-12 20:43:51.361022  1744  1744 W TranClassInfo: java.lang.ClassNotFoundException: com.transsion.hubcore.spdopts.trancpufreqtime.implement.TranCpuPowerReporterComponentImpl
04-12 20:43:51.361022  1744  1744 W TranClassInfo: 	at java.lang.Class.classForName(Native Method)
04-12 20:43:51.361022  1744  1744 W TranClassInfo: 	at java.lang.Class.forName(Class.java:591)
04-12 20:43:51.361022  1744  1744 W TranClassInfo: 	at com.transsion.hubcore.utils.TranClassInfo.getImpl(TranClassInfo.java:124)
04-12 20:43:51.361022  1744  1744 W TranClassInfo: 	at com.transsion.hubcore.trancpufreqtime.ITranCpuPowerReporterComponent.Instance(ITranCpuPowerReporterComponent.java:25)
04-12 20:43:51.361022  1744  1744 W TranClassInfo: 	at com.transsion.hubcore.server.TranSystemServerImpl.<init>(TranSystemServerImpl.java:93)
04-12 20:43:51.361022  1744  1744 W TranClassInfo: 	at java.lang.reflect.Constructor.newInstance0(Native Method)
04-12 20:43:51.361022  1744  1744 W TranClassInfo: 	at java.lang.reflect.Constructor.newInstance(Constructor.java:343)
04-12 20:43:51.361022  1744  1744 W TranClassInfo: 	at com.transsion.hubcore.utils.TranClassInfo.getImpl(TranClassInfo.java:76)
04-12 20:43:51.361022  1744  1744 W TranClassInfo: 	at com.transsion.hubcore.server.ITranSystemServer.Instance(ITranSystemServer.java:35)
04-12 20:43:51.361022  1744  1744 W TranClassInfo: 	at com.android.server.SystemServer.<init>(SystemServer.java:778)
04-12 20:43:51.361022  1744  1744 W TranClassInfo: 	at com.android.server.SystemServer.main(SystemServer.java:761)
04-12 20:43:51.361022  1744  1744 W TranClassInfo: 	at java.lang.reflect.Method.invoke(Native Method)
04-12 20:43:51.361022  1744  1744 W TranClassInfo: 	at com.android.internal.os.RuntimeInit$MethodAndArgsCaller.run(RuntimeInit.java:629)
04-12 20:43:51.361022  1744  1744 W TranClassInfo: 	at com.android.internal.os.ZygoteInit.main(ZygoteInit.java:1002)
04-12 20:43:51.361022  1744  1744 W TranClassInfo: Caused by: java.lang.ClassNotFoundException: com.transsion.hubcore.spdopts.trancpufreqtime.implement.TranCpuPowerReporterComponentImpl
04-12 20:43:51.361022  1744  1744 W TranClassInfo: 	... 14 more
04-12 20:43:51.361157  1744  1744 D TranClassInfo: using com.transsion.hubcore.trancpufreqtime.ITranCpuPowerReporterComponent$1@d1244d7 instead of [com.transsion.hubcore.spdopts.trancpufreqtime.implement.TranCpuPowerReporterComponentImpl] from com.transsion.hubcore.trancpufreqtime.ITranCpuPowerReporterComponent
04-12 20:43:51.361180  1744  1744 D TranClassInfo: instance successfully. com.transsion.hubcore.server.TranSystemServerImpl@70b01c4 from com.transsion.hubcore.server.ITranSystemServer
04-12 20:43:51.363423  1744  1744 D SystemServerTiming: InitBeforeStartServices
04-12 20:43:51.365377  1744  1744 I SystemServer: Entered the Android system server!
04-12 20:43:51.366784  1744  1744 I SystemServerInitThreadPool: Creating instance with 8 threads
04-12 20:43:51.366856  1744  1744 I SystemServer: Reading configuration...
04-12 20:43:51.366865  1744  1744 D SystemServerTiming: ReadingSystemConfig
04-12 20:43:51.367682  1744  1870 D SystemServerTimingAsync: InitThreadPoolExec:ReadingSystemConfig
04-12 20:43:51.367736  1744  1870 D SystemServerInitThreadPool: Started executing ReadingSystemConfig
04-12 20:43:51.368485  1744  1870 I SystemConfig: Reading permissions from /system/etc/sysconfig/com.google.android.mainline.patchlevel.2.xml
04-12 20:43:51.368728  1744  1870 I SystemConfig: Reading permissions from /system/etc/sysconfig/enhanced-confirmation.xml
04-12 20:43:51.368913  1744  1870 I SystemConfig: Reading permissions from /system/etc/sysconfig/framework-sysconfig.xml
04-12 20:43:51.369474  1744  1870 I SystemConfig: Reading permissions from /system/etc/sysconfig/google-hiddenapi-package-allowlist.xml
04-12 20:43:51.370116  1744  1870 I SystemConfig: Reading permissions from /system/etc/sysconfig/hiddenapi-package-whitelist.xml
04-12 20:43:51.370344  1744  1870 I SystemConfig: Reading permissions from /system/etc/sysconfig/initial-package-stopped-states.xml
04-12 20:43:51.371377  1744  1870 I SystemConfig: Reading permissions from /system/etc/sysconfig/package-shareduid-allowlist.xml
04-12 20:43:51.372075  1744  1870 I SystemConfig: Reading permissions from /system/etc/sysconfig/preinstalled-packages-asl-files.xml
04-12 20:43:51.372370  1744  1870 I SystemConfig: Reading permissions from /system/etc/sysconfig/preinstalled-packages-com.google.android.providers.media.module.xml
04-12 20:43:51.372740  1744  1870 I SystemConfig: Reading permissions from /system/etc/sysconfig/preinstalled-packages-platform-handheld-system.xml
04-12 20:43:51.373133  1744  1870 I SystemConfig: Reading permissions from /system/etc/sysconfig/preinstalled-packages-platform.xml
04-12 20:43:51.373903  1744  1870 I SystemConfig: Reading permissions from /system/etc/sysconfig/preinstalled-packages-strict-signature.xml
04-12 20:43:51.374503  1744  1870 I SystemConfig: Reading permissions from /system/etc/permissions/GoogleDocumentsUI_permissions.xml
04-12 20:43:51.374849  1744  1870 D TranClassInfo: instance successfully. com.transsion.hubcore.server.pm.trpartition.TranPartitionManagerImpl@b41dd92 from com.transsion.hubcore.server.pm.trpartition.ITranPartitionManager
04-12 20:43:51.375196  1744  1870 D TranClassInfo: instance successfully. com.transsion.updates.trpartition.TranPartitionManagerComponentImpl@d7a0363 from com.transsion.hubcore.trpartition.ITranPartitionManagerComponent
04-12 20:43:51.376419  1744  1870 I SystemConfig: Reading permissions from /system/etc/permissions/GoogleNetworkStack_permissions.xml
04-12 20:43:51.376970  1744  1870 I SystemConfig: Reading permissions from /system/etc/permissions/android.software.live_wallpaper.xml
04-12 20:43:51.377811  1744  1870 I SystemConfig: Reading permissions from /system/etc/permissions/android.software.webview.xml
04-12 20:43:51.377989  1744  1870 I SystemConfig: Reading permissions from /system/etc/permissions/android.software.window_magnification.xml
04-12 20:43:51.378353  1744  1870 I SystemConfig: Reading permissions from /system/etc/permissions/android.test.base.xml
04-12 20:43:51.378593  1744  1870 I SystemConfig: Reading permissions from /system/etc/permissions/android.test.mock.xml
04-12 20:43:51.378733  1744  1870 I SystemConfig: Reading permissions from /system/etc/permissions/android.test.runner.xml
04-12 20:43:51.378859  1744  1870 I SystemConfig: Reading permissions from /system/etc/permissions/com.android.future.usb.accessory.xml
04-12 20:43:51.379202  1744  1870 I SystemConfig: Reading permissions from /system/etc/permissions/com.android.intentresolver.xml
04-12 20:43:51.379542  1744  1870 I SystemConfig: Reading permissions from /system/etc/permissions/com.android.location.provider.xml
04-12 20:43:51.379713  1744  1870 I SystemConfig: Reading permissions from /system/etc/permissions/com.android.media.remotedisplay.xml
04-12 20:43:51.379830  1744  1870 I SystemConfig: Reading permissions from /system/etc/permissions/com.android.mediadrm.signer.xml
04-12 20:43:51.380212  1744  1870 I SystemConfig: Reading permissions from /system/etc/permissions/com.android.nfc_extras.xml
04-12 20:43:51.380905  1744  1870 I SystemConfig: Reading permissions from /system/etc/permissions/javax.obex.xml
04-12 20:43:51.381034  1744  1870 I SystemConfig: Reading permissions from /system/etc/permissions/org.apache.http.legacy.xml
04-12 20:43:51.381156  1744  1870 I SystemConfig: Reading permissions from /system/etc/permissions/privapp-permissions-google-system.xml
04-12 20:43:51.381522  1744  1870 I SystemConfig: Reading permissions from /system/etc/permissions/privapp-permissions-mediatek.xml
04-12 20:43:51.385828  1744  1870 I SystemConfig: Reading permissions from /system/etc/permissions/privapp-permissions-platform.xml
04-12 20:43:51.390617  1744  1870 I SystemConfig: Reading permissions from /system/etc/permissions/platform.xml
04-12 20:43:51.391903  1744  1870 I AconfigFlags: Using new flag storage
04-12 20:43:51.392765  1744  1870 W SystemConfig: Tag system-user-whitelisted-app is unknown in /system/etc/permissions/platform.xml at START_TAG (empty) <system-user-whitelisted-app package='com.transsion.tranvoicecommand'>@392:77 in java.io.FileReader@e4089af
04-12 20:43:51.393172  1744  1870 I SystemConfig: Reading permissions from /vendor/etc/permissions/android.hardware.audio.low_latency.prebuilt.xml
04-12 20:43:51.393297  1744  1870 I SystemConfig: Reading permissions from /vendor/etc/permissions/android.hardware.biometrics.face.xml
04-12 20:43:51.393409  1744  1870 I SystemConfig: Reading permissions from /vendor/etc/permissions/android.hardware.bluetooth.prebuilt.xml
04-12 20:43:51.393515  1744  1870 I SystemConfig: Reading permissions from /vendor/etc/permissions/android.hardware.bluetooth_le.prebuilt.xml
04-12 20:43:51.393628  1744  1870 I SystemConfig: Reading permissions from /vendor/etc/permissions/android.hardware.camera.concurrent.prebuilt.xml
04-12 20:43:51.393736  1744  1870 I SystemConfig: Reading permissions from /vendor/etc/permissions/android.hardware.camera.xml
04-12 20:43:51.393859  1744  1870 I SystemConfig: Reading permissions from /vendor/etc/permissions/android.hardware.faketouch.prebuilt.xml
04-12 20:43:51.393970  1744  1870 I SystemConfig: Reading permissions from /vendor/etc/permissions/android.hardware.hardware_keystore.xml
04-12 20:43:51.394080  1744  1870 I SystemConfig: Reading permissions from /vendor/etc/permissions/android.hardware.keystore.app_attest_key.prebuilt.xml
04-12 20:43:51.394196  1744  1870 I SystemConfig: Reading permissions from /vendor/etc/permissions/android.hardware.location.gps.prebuilt.xml
04-12 20:43:51.394299  1744  1870 I SystemConfig: Reading permissions from /vendor/etc/permissions/android.hardware.microphone.xml
04-12 20:43:51.394649  1744  1870 I SystemConfig: Reading permissions from /vendor/etc/permissions/android.hardware.opengles.aep.prebuilt.xml
04-12 20:43:51.394834  1744  1870 I SystemConfig: Reading permissions from /vendor/etc/permissions/android.hardware.se.omapi.prebuilt.xml
04-12 20:43:51.395011  1744  1870 I SystemConfig: Reading permissions from /vendor/etc/permissions/android.hardware.telephony.gsm.xml
04-12 20:43:51.395191  1744  1870 I SystemConfig: Reading permissions from /vendor/etc/permissions/android.hardware.telephony.ims.prebuilt.xml
04-12 20:43:51.395419  1744  1870 I SystemConfig: Reading permissions from /vendor/etc/permissions/android.hardware.touchscreen.multitouch.distinct.prebuilt.xml
04-12 20:43:51.396351  1744  1870 I SystemConfig: Reading permissions from /vendor/etc/permissions/android.hardware.touchscreen.multitouch.jazzhand.prebuilt.xml
04-12 20:43:51.396552  1744  1870 I SystemConfig: Reading permissions from /vendor/etc/permissions/android.hardware.touchscreen.multitouch.prebuilt.xml
04-12 20:43:51.396986  1744  1870 I SystemConfig: Reading permissions from /vendor/etc/permissions/android.hardware.touchscreen.prebuilt.xml
04-12 20:43:51.397119  1744  1870 I SystemConfig: Reading permissions from /vendor/etc/permissions/android.hardware.usb.accessory.prebuilt.xml
04-12 20:43:51.397240  1744  1870 I SystemConfig: Reading permissions from /vendor/etc/permissions/android.hardware.usb.host.prebuilt.xml
04-12 20:43:51.397360  1744  1870 I SystemConfig: Reading permissions from /vendor/etc/permissions/android.hardware.vulkan.compute-0.prebuilt.xml
04-12 20:43:51.397478  1744  1870 I SystemConfig: Reading permissions from /vendor/etc/permissions/android.hardware.vulkan.level-1.prebuilt.xml
04-12 20:43:51.397593  1744  1870 I SystemConfig: Reading permissions from /vendor/etc/permissions/android.hardware.vulkan.version-1_3.prebuilt.xml
04-12 20:43:51.397709  1744  1870 I SystemConfig: Reading permissions from /vendor/etc/permissions/android.hardware.wifi.direct.prebuilt.xml
04-12 20:43:51.397824  1744  1870 I SystemConfig: Reading permissions from /vendor/etc/permissions/android.hardware.wifi.passpoint.prebuilt.xml
04-12 20:43:51.397944  1744  1870 I SystemConfig: Reading permissions from /vendor/etc/permissions/android.hardware.wifi.prebuilt.xml
04-12 20:43:51.398057  1744  1870 I SystemConfig: Reading permissions from /vendor/etc/permissions/android.software.device_id_attestation.prebuilt.xml
04-12 20:43:51.398173  1744  1870 I SystemConfig: Reading permissions from /vendor/etc/permissions/android.software.ipsec_tunnels.prebuilt.xml
04-12 20:43:51.398287  1744  1870 I SystemConfig: Reading permissions from /vendor/etc/permissions/android.software.midi.prebuilt.xml
04-12 20:43:51.398908  1744  1870 I SystemConfig: Reading permissions from /vendor/etc/permissions/android.software.opengles.deqp.level-2024-03-01.prebuilt.xml
04-12 20:43:51.399025  1744  1870 I SystemConfig: Reading permissions from /vendor/etc/permissions/android.software.verified_boot.prebuilt.xml
04-12 20:43:51.399119  1744  1870 I SystemConfig: Reading permissions from /vendor/etc/permissions/android.software.vulkan.deqp.level-2024-03-01.prebuilt.xml
04-12 20:43:51.399224  1744  1870 I SystemConfig: Reading permissions from /vendor/etc/permissions/com.mediatek.hardware.vow.xml
04-12 20:43:51.399337  1744  1870 I SystemConfig: Reading permissions from /vendor/etc/permissions/com.mediatek.hardware.vow_dsp.xml
04-12 20:43:51.399444  1744  1870 I SystemConfig: Reading permissions from /vendor/etc/permissions/com.transsion.tranfacsdk.permission.xml
04-12 20:43:51.399661  1744  1870 I SystemConfig: Reading permissions from /vendor/etc/permissions/dummy_camera_extensions.xml
04-12 20:43:51.399782  1744  1870 I SystemConfig: Reading permissions from /vendor/etc/permissions/features_com.android.virt.xml
04-12 20:43:51.399984  1744  1870 I SystemConfig: Reading permissions from /odm/etc/permissions/android.hardware.consumerir.xml
04-12 20:43:51.400101  1744  1870 I SystemConfig: Reading permissions from /odm/etc/permissions/android.hardware.fingerprint.xml
04-12 20:43:51.400210  1744  1870 I SystemConfig: Reading permissions from /odm/etc/permissions/android.hardware.nfc.hce.xml
04-12 20:43:51.400312  1744  1870 I SystemConfig: Reading permissions from /odm/etc/permissions/android.hardware.nfc.xml
04-12 20:43:51.400413  1744  1870 I SystemConfig: Reading permissions from /odm/etc/permissions/android.hardware.sensor.accelerometer.prebuilt.xml
04-12 20:43:51.400519  1744  1870 I SystemConfig: Reading permissions from /odm/etc/permissions/android.hardware.sensor.compass.prebuilt.xml
04-12 20:43:51.400620  1744  1870 I SystemConfig: Reading permissions from /odm/etc/permissions/android.hardware.sensor.gyroscope.prebuilt.xml
04-12 20:43:51.400727  1744  1870 I SystemConfig: Reading permissions from /odm/etc/permissions/android.hardware.sensor.heartrate.ecg.prebuilt.xml
04-12 20:43:51.400829  1744  1870 I SystemConfig: Reading permissions from /odm/etc/permissions/android.hardware.sensor.light.prebuilt.xml
04-12 20:43:51.400932  1744  1870 I SystemConfig: Reading permissions from /odm/etc/permissions/android.hardware.sensor.proximity.prebuilt.xml
04-12 20:43:51.401039  1744  1870 I SystemConfig: Reading permissions from /odm/etc/permissions/android.hardware.sensor.stepcounter.prebuilt.xml
04-12 20:43:51.401145  1744  1870 I SystemConfig: Reading permissions from /odm/etc/permissions/android.hardware.sensor.stepdetector.prebuilt.xml
04-12 20:43:51.401260  1744  1870 I SystemConfig: Reading permissions from /odm/etc/permissions/android.hardware.telephony.euicc.xml
04-12 20:43:51.401369  1744  1870 I SystemConfig: Reading permissions from /odm/etc/permissions/com.android.nfc_extras.xml
04-12 20:43:51.401486  1744  1870 I SystemConfig: Reading permissions from /odm/etc/permissions/com.nxp.mifare.xml
04-12 20:43:51.401592  1744  1870 I SystemConfig: Reading permissions from /odm/etc/permissions/handheld_core_hardware.prebuilt.xml
04-12 20:43:51.402041  1744  1870 I SystemConfig: Reading permissions from /odm/etc/permissions/vendor.transsion.hardware.permissions.satellite.xml
04-12 20:43:51.402620  1744  1870 I SystemConfig: Reading permissions from /product/etc/sysconfig/GoogleCellBroadcast_config.xml
04-12 20:43:51.402762  1744  1870 I SystemConfig: Reading permissions from /product/etc/sysconfig/d2d_cable_migration_feature.xml
04-12 20:43:51.402870  1744  1870 I SystemConfig: Reading permissions from /product/etc/sysconfig/google-initial-package-stopped-states.xml
04-12 20:43:51.402997  1744  1870 I SystemConfig: Reading permissions from /product/etc/sysconfig/google-staged-installer-whitelist.xml
04-12 20:43:51.403120  1744  1870 I SystemConfig: Reading permissions from /product/etc/sysconfig/google.xml
04-12 20:43:51.404304  1744  1870 I SystemConfig: Adding association: com.google.android.as <- com.android.bluetooth
04-12 20:43:51.404351  1744  1870 I SystemConfig: Adding association: com.google.android.as <- com.android.bluetooth.services
04-12 20:43:51.404376  1744  1870 I SystemConfig: Adding association: com.google.android.as <- com.android.providers.contacts
04-12 20:43:51.404410  1744  1870 I SystemConfig: Adding association: com.google.android.as <- com.android.providers.media
04-12 20:43:51.404420  1744  1870 I SystemConfig: Adding association: com.google.android.as <- com.android.providers.telephony
04-12 20:43:51.404428  1744  1870 I SystemConfig: Adding association: com.google.android.as <- com.android.systemui
04-12 20:43:51.404436  1744  1870 I SystemConfig: Adding association: com.google.android.as <- com.google.android.bluetooth
04-12 20:43:51.404469  1744  1870 I SystemConfig: Adding association: com.google.android.as <- com.google.android.bluetooth.services
04-12 20:43:51.404480  1744  1870 I SystemConfig: Adding association: com.google.android.as <- com.google.android.providers.media.module
04-12 20:43:51.404490  1744  1870 I SystemConfig: Adding association: com.google.android.as <- com.google.android.as.oss
04-12 20:43:51.404505  1744  1870 I SystemConfig: Adding association: com.google.android.as.oss <- com.google.android.as
04-12 20:43:51.404568  1744  1870 W SystemConfig: Tag automatic-rollback-denylisted-app is unknown in /product/etc/sysconfig/google.xml at START_TAG (empty) <automatic-rollback-denylisted-app package='com.android.vending'>@99:72 in java.io.FileReader@3f78950
04-12 20:43:51.404589  1744  1870 I SystemConfig: Adding association: com.google.android.as.oss <- com.google.android.odad
04-12 20:43:51.404605  1744  1870 I SystemConfig: Adding association: com.google.android.odad <- com.google.android.as.oss
04-12 20:43:51.404615  1744  1870 I SystemConfig: Adding association: com.google.android.odad <- com.android.providers.telephony
04-12 20:43:51.405017  1744  1870 I SystemConfig: Reading permissions from /product/etc/sysconfig/initial-package-stopped-states-aosp.xml
04-12 20:43:51.405157  1744  1870 I SystemConfig: Reading permissions from /product/etc/sysconfig/launcher_documentsui_icon_disable.xml
04-12 20:43:51.405369  1744  1870 I SystemConfig: Reading permissions from /product/etc/sysconfig/personal_safety.xml
04-12 20:43:51.405481  1744  1870 I SystemConfig: Reading permissions from /product/etc/sysconfig/preinstalled-packages-platform-handheld-product.xml
04-12 20:43:51.405625  1744  1870 I SystemConfig: Reading permissions from /product/etc/sysconfig/preinstalled-packages-platform-overlays.xml
04-12 20:43:51.406380  1744  1870 I SystemConfig: Reading permissions from /product/etc/sysconfig/preinstalled-packages-platform-telephony-product.xml
04-12 20:43:51.406509  1744  1870 I SystemConfig: Reading permissions from /product/etc/sysconfig/sysconfig_googledevicelock.xml
04-12 20:43:51.406660  1744  1870 I SystemConfig: Reading permissions from /product/etc/permissions/com.android.imsserviceentitlement.xml
04-12 20:43:51.406806  1744  1870 I SystemConfig: Reading permissions from /product/etc/permissions/com.transsion.aisupportercore.xml
04-12 20:43:51.407156  1744  1870 I SystemConfig: Reading permissions from /product/etc/permissions/com.transsion.dualapp.xml
04-12 20:43:51.407389  1744  1870 I SystemConfig: Reading permissions from /product/etc/permissions/com.transsion.tranvoicecommand.xml
04-12 20:43:51.407608  1744  1870 I SystemConfig: Non-xml file /product/etc/permissions/pms_sysapp_removable_vendor_list.txt in /product/etc/permissions directory, ignoring
04-12 20:43:51.407700  1744  1870 I SystemConfig: Reading permissions from /product/etc/permissions/privapp-permissions-google-product.xml
04-12 20:43:51.409062  1744  1870 I SystemConfig: Reading permissions from /product/etc/permissions/product-permissions-mediatek.xml
04-12 20:43:51.409262  1744  1870 I SystemConfig: Reading permissions from /product/etc/permissions/split-permissions-google.xml
04-12 20:43:51.409397  1744  1870 I SystemConfig: Reading permissions from /product/etc/permissions/tran_camera_extensions.xml
04-12 20:43:51.410219  1744  1870 I SystemConfig: Reading permissions from /system_ext/etc/sysconfig/android.telephony.satellite.xml
04-12 20:43:51.410991  1744  1870 I SystemConfig: Reading permissions from /system_ext/etc/sysconfig/com.android.phone.config.xml
04-12 20:43:51.411145  1744  1870 I SystemConfig: Reading permissions from /system_ext/etc/sysconfig/com.mediatek.ims.config.xml
04-12 20:43:51.411323  1744  1870 I SystemConfig: Reading permissions from /system_ext/etc/sysconfig/com.transsion.phonemaster_power.xml
04-12 20:43:51.411436  1744  1870 I SystemConfig: Reading permissions from /system_ext/etc/sysconfig/initial-package-stopped-states-DebugLoggerUI.xml
04-12 20:43:51.411543  1744  1870 I SystemConfig: Reading permissions from /system_ext/etc/sysconfig/utralsmall_blacklist.xml
04-12 20:43:51.411828  1744  1870 W SystemConfig: Tag pkg is unknown in /system_ext/etc/sysconfig/utralsmall_blacklist.xml at START_TAG (empty) <pkg name='com.twitter.android' status='1'>@3:48 in java.io.FileReader@b03cf0a
04-12 20:43:51.411859  1744  1870 W SystemConfig: Tag pkg is unknown in /system_ext/etc/sysconfig/utralsmall_blacklist.xml at START_TAG (empty) <pkg name='com.truecaller' status='1'>@4:43 in java.io.FileReader@b03cf0a
