04-12 20:43:53.410073  1744  1744 W UserSystemPackageInstaller: com.android.theme.icon_pack.filled.systemui is allowlisted but not present.
04-12 20:43:53.410074  1744  1744 W UserSystemPackageInstaller: com.android.theme.icon_pack.sam.android is allowlisted but not present.
04-12 20:43:53.410076  1744  1744 W UserSystemPackageInstaller: com.android.theme.icon_pack.filled.android is allowlisted but not present.
04-12 20:43:53.410077  1744  1744 W UserSystemPackageInstaller: com.android.theme.icon_pack.circular.systemui is allowlisted but not present.
04-12 20:43:53.410078  1744  1744 W UserSystemPackageInstaller: com.android.inputmethod.latin is allowlisted but not present.
04-12 20:43:53.410080  1744  1744 W UserSystemPackageInstaller: com.android.theme.icon_pack.kai.android is allowlisted but not present.
04-12 20:43:53.410081  1744  1744 W UserSystemPackageInstaller: com.transsion.repaircard is allowlisted but not present.
04-12 20:43:53.410083  1744  1744 W UserSystemPackageInstaller: com.android.theme.icon_pack.kai.launcher is allowlisted but not present.
04-12 20:43:53.410084  1744  1744 W UserSystemPackageInstaller: com.android.theme.icon_pack.sam.launcher is allowlisted but not present.
04-12 20:43:53.410086  1744  1744 W UserSystemPackageInstaller: com.android.theme.icon.squircle is allowlisted but not present.
04-12 20:43:53.410087  1744  1744 W UserSystemPackageInstaller: com.android.theme.icon_pack.victor.android is allowlisted but not present.
04-12 20:43:53.410088  1744  1744 W UserSystemPackageInstaller: com.android.theme.color.palette is allowlisted but not present.
04-12 20:43:53.410090  1744  1744 W UserSystemPackageInstaller: com.android.theme.icon_pack.filled.launcher is allowlisted but not present.
04-12 20:43:53.410091  1744  1744 W UserSystemPackageInstaller: com.android.theme.color.carbon is allowlisted but not present.
04-12 20:43:53.410093  1744  1744 W UserSystemPackageInstaller: com.android.theme.icon_pack.circular.launcher is allowlisted but not present.
04-12 20:43:53.410094  1744  1744 W UserSystemPackageInstaller: com.android.theme.icon_pack.filled.themepicker is allowlisted but not present.
04-12 20:43:53.410096  1744  1744 W UserSystemPackageInstaller: com.android.theme.icon_pack.victor.themepicker is allowlisted but not present.
04-12 20:43:53.410097  1744  1744 W UserSystemPackageInstaller: com.android.theme.color.orchid is allowlisted but not present.
04-12 20:43:53.410099  1744  1744 W UserSystemPackageInstaller: com.android.deskclock is allowlisted but not present.
04-12 20:43:53.410100  1744  1744 W UserSystemPackageInstaller: com.android.theme.color.purple is allowlisted but not present.
04-12 20:43:53.410101  1744  1744 W UserSystemPackageInstaller: com.android.theme.icon_pack.sam.themepicker is allowlisted but not present.
04-12 20:43:53.410104  1744  1744 W UserSystemPackageInstaller: com.android.theme.icon.roundedrect is allowlisted but not present.
04-12 20:43:53.410105  1744  1744 W UserSystemPackageInstaller: com.android.internal.systemui.navbar.gestural_narrow_back is allowlisted but not present.
04-12 20:43:53.410107  1744  1744 W UserSystemPackageInstaller: com.android.theme.icon_pack.rounded.settings is allowlisted but not present.
04-12 20:43:53.410108  1744  1744 W UserSystemPackageInstaller: com.android.theme.icon_pack.circular.android is allowlisted but not present.
04-12 20:43:53.412234  1744  1744 I Watchdog: Resuming HandlerChecker: main thread for reason: packagemanagermain. Pause count: 0
04-12 20:43:53.412271  1744  1744 D SystemServerTiming: DexUseManagerLocal
04-12 20:43:53.412652  1744  1934 I createLiteAppInfoLocked: packageInfo is null
04-12 20:43:53.413205  1744  1934 I createLiteAppInfoLocked: packageInfo is null
04-12 20:43:53.415046  1744  1934 I createLiteAppInfoLocked: packageInfo is null
04-12 20:43:53.415153  1744  1934 I createLiteAppInfoLocked: packageInfo is null
04-12 20:43:53.416198  1744  1934 I createLiteAppInfoLocked: packageInfo is null
04-12 20:43:53.416276  1744  1934 I createLiteAppInfoLocked: packageInfo is null
04-12 20:43:53.416404  1744  1934 I createLiteAppInfoLocked: packageInfo is null
04-12 20:43:53.420484  1744  1934 I createLiteAppInfoLocked: packageInfo is null
04-12 20:43:53.422223  1744  1934 I createLiteAppInfoLocked: packageInfo is null
04-12 20:43:53.435648  1744  1934 I createLiteAppInfoLocked: packageInfo is null
04-12 20:43:53.436307  1744  1744 D SystemServerTiming: StartOtaDexOptService
04-12 20:43:53.436381  1744  1744 I Watchdog: Pausing HandlerChecker: main thread for reason: moveab. Pause count: 1
04-12 20:43:53.437549  1744  1744 D OTADexopt: No upgrade, skipping A/B artifacts check.
04-12 20:43:53.437719  1744  1744 I Watchdog: Resuming HandlerChecker: main thread for reason: moveab. Pause count: 0
04-12 20:43:53.437739  1744  1744 D SystemServerTiming: StartUserManagerService
04-12 20:43:53.437813  1744  1744 I SystemServiceManager: Starting com.android.server.pm.UserManagerService$LifeCycle
04-12 20:43:53.438366  1744  1744 D SystemServiceManagerProxy: start com.android.server.pm.UserManagerService$LifeCycle@2fa5447
04-12 20:43:53.438421  1744  1744 D SystemServerTiming: InitAttributerCache
04-12 20:43:53.438436  1744  1744 D SystemServerTiming: SetSystemProcess
04-12 20:43:53.441461  1744  1843 V LegacyHistoricalRegistry: Interaction before persistence initialized
04-12 20:43:53.443366  1744  1934 I createLiteAppInfoLocked: packageInfo is null
04-12 20:43:53.444183  1744  1934 I createLiteAppInfoLocked: packageInfo is null
04-12 20:43:53.444211  1744  1934 I createLiteAppInfoLocked: packageInfo is null
04-12 20:43:53.444595  1744  1934 I createLiteAppInfoLocked: packageInfo is null
04-12 20:43:53.444953  1744  1744 D TranClassInfo: instance successfully. com.transsion.hubcore.server.am.TranProcessRecordImpl@7028585 from com.transsion.hubcore.server.am.ITranProcessRecord
04-12 20:43:53.445025  1744  1934 I createLiteAppInfoLocked: packageInfo is null
04-12 20:43:53.445114  1744  1934 I createLiteAppInfoLocked: packageInfo is null
04-12 20:43:53.445385  1744  1934 I createLiteAppInfoLocked: packageInfo is null
04-12 20:43:53.446910  1744  1934 I createLiteAppInfoLocked: packageInfo is null
04-12 20:43:53.447717  1744  1934 I createLiteAppInfoLocked: packageInfo is null
04-12 20:43:53.447975  1744  1934 I createLiteAppInfoLocked: packageInfo is null
04-12 20:43:53.448991  1744  1934 I createLiteAppInfoLocked: packageInfo is null
04-12 20:43:53.449053  1744  1934 I createLiteAppInfoLocked: packageInfo is null
04-12 20:43:53.449491  1744  1934 I createLiteAppInfoLocked: packageInfo is null
04-12 20:43:53.449911  1744  1934 I createLiteAppInfoLocked: packageInfo is null
04-12 20:43:53.450245  1744  1934 I createLiteAppInfoLocked: packageInfo is null
04-12 20:43:53.450504  1744  1934 I createLiteAppInfoLocked: packageInfo is null
04-12 20:43:53.454291  1744  1934 I createLiteAppInfoLocked: packageInfo is null
04-12 20:43:53.455868  1744  1934 I createLiteAppInfoLocked: packageInfo is null
04-12 20:43:53.456249  1744  1934 I createLiteAppInfoLocked: packageInfo is null
04-12 20:43:53.457480  1744  1934 I createLiteAppInfoLocked: packageInfo is null
04-12 20:43:53.457573  1744  1934 I createLiteAppInfoLocked: packageInfo is null
04-12 20:43:53.457607  1744  1934 I createLiteAppInfoLocked: packageInfo is null
04-12 20:43:53.457839  1744  1934 I createLiteAppInfoLocked: packageInfo is null
04-12 20:43:53.458146  1744  1934 I createLiteAppInfoLocked: packageInfo is null
04-12 20:43:53.458476  1744  1934 I createLiteAppInfoLocked: packageInfo is null
04-12 20:43:53.459004  1744  1954 I PackageParsing: do not custom: com.android.settings.wallpaper.WallpaperSuggestionActivity
04-12 20:43:53.459048  1744  1934 I createLiteAppInfoLocked: packageInfo is null
04-12 20:43:53.459146  1744  1954 I PackageParsing: do not custom: com.android.settings.TextReadingForSetupWizardActivity
04-12 20:43:53.459194  1744  1934 I createLiteAppInfoLocked: packageInfo is null
04-12 20:43:53.459215  1744  1934 I createLiteAppInfoLocked: packageInfo is null
04-12 20:43:53.459224  1744  1934 I createLiteAppInfoLocked: packageInfo is null
04-12 20:43:53.461407  1744  1934 I PackageParsing: do not custom: com.android.settings.wallpaper.WallpaperSuggestionActivity
04-12 20:43:53.461623  1744  1934 I PackageParsing: do not custom: com.android.settings.TextReadingForSetupWizardActivity
04-12 20:43:53.464302  1744  1934 I createLiteAppInfoLocked: packageInfo is null
04-12 20:43:53.464433  1744  1934 I createLiteAppInfoLocked: packageInfo is null
04-12 20:43:53.464505  1744  1934 I createLiteAppInfoLocked: packageInfo is null
04-12 20:43:53.464536  1744  1934 I createLiteAppInfoLocked: packageInfo is null
04-12 20:43:53.465317  1744  1934 I createLiteAppInfoLocked: packageInfo is null
04-12 20:43:53.465346  1744  1934 I createLiteAppInfoLocked: packageInfo is null
04-12 20:43:53.465354  1744  1934 I createLiteAppInfoLocked: packageInfo is null
04-12 20:43:53.465641  1744  1934 I createLiteAppInfoLocked: packageInfo is null
04-12 20:43:53.467976  1744  1934 I createLiteAppInfoLocked: packageInfo is null
04-12 20:43:53.470061  1744  1744 D TranClassInfo: instance successfully. com.transsion.hubcore.server.am.TranProcessStateRecordImpl@48c1cc8 from com.transsion.hubcore.server.am.ITranProcessStateRecord
04-12 20:43:53.470396  1744  1744 D TranClassInfo: instance successfully. com.transsion.hubcore.server.am.TranProcessListImpl@b1d6161 from com.transsion.hubcore.server.am.ITranProcessList
04-12 20:43:53.471686  1744  1744 D ActivityManager: StatsPullAtomService not ready yet
04-12 20:43:53.471861  1744  1744 D aegean_Logger: debugValue=000000000
04-12 20:43:53.471954  1744  1744 D aegean_Logger: save debug=000000000
04-12 20:43:53.473050  1744  1744 D os.ActivityManagerServiceLice: make process active system(1744)
04-12 20:43:53.473652  1744  1744 W aegean_AegeanHandler: postFgL handler is null
04-12 20:43:53.473995  1744  1744 D UsfSystemServer/systemSceneHooker: system not ready
04-12 20:43:53.479114  1744  1744 D TranClassInfo: instance successfully. com.transsion.performance.pqe.TranPqeServcieComponentImpl@f1312 from com.transsion.hubcore.pqe.ITranPqeServcieComponent
04-12 20:43:53.485225  1744  1744 D TranClassInfo: instance successfully. com.transsion.power.powerdata.TranPowerDataComponentImpl@26cae3 from com.transsion.hubcore.powerdata.ITranPowerDataComponent
04-12 20:43:53.485251  1744  1744 D TranClassInfo: instance successfully. com.transsion.hubcore.server.wm.TranWindowManagerServiceImpl@e7bce0 from com.transsion.hubcore.server.wm.ITranWindowManagerService
04-12 20:43:53.488038  1744  1943 I ActivityManager: Connection with lmkd established
04-12 20:43:53.489305  1744  1744 D TranClassInfo: instance successfully. com.transsion.hubcore.server.am.TranOomAdjusterImpl@a5d2a37 from com.transsion.hubcore.server.am.ITranOomAdjuster
04-12 20:43:53.489508  1744  1744 D ActivityManager: StatsPullAtomService not ready yet
04-12 20:43:53.491173  1744  1744 D SystemServerTiming: InitWatchdog
04-12 20:43:53.494929  1744  1744 D SystemServerTiming: StartOverlayManagerService
04-12 20:43:53.498854  1744  1744 I OverlayManager: Updating overlays for starting user 0
04-12 20:43:53.503952  1386  2026 I storaged: storaged: Start
04-12 20:43:53.725464  1744  1744 D SystemServiceManagerProxy: start com.android.server.om.OverlayManagerService@3ce0ae9
04-12 20:43:53.725512  1744  1744 D SystemServerTiming: StartResourcesManagerService
04-12 20:43:53.725987  1744  1744 D SystemServiceManagerProxy: start com.android.server.resources.ResourcesManagerService@3584f89
04-12 20:43:53.726038  1744  1744 D SystemServerTiming: StartSensorPrivacyService
04-12 20:43:53.726541  1744  1903 V Configuration: Updating configuration, locales updated from [] to [zh_CN_#Hans]
04-12 20:43:53.728793  1744  1903 W ActivityTaskManager: Skip updateConfiguration because mWindowManager isn't set
04-12 20:43:53.730195  1744  1903 W BroadcastLoopers: Found previously unknown looper Thread[android.fg,5,main]
04-12 20:43:53.731031  1744  1744 D SystemServiceManagerProxy: start com.android.server.sensorprivacy.SensorPrivacyService@1a159a1
04-12 20:43:53.731249  1744  1744 D SystemServerTiming: StartSensorService
04-12 20:43:53.731273  1744  1744 I SystemServiceManager: Starting com.android.server.sensors.SensorService
04-12 20:43:53.731512  1744  1744 D SystemServiceManagerProxy: start com.android.server.sensors.SensorService@558eedd
04-12 20:43:53.731550  1744  1744 I MtkSystemServerImpl: startMtkBootstrapServices
04-12 20:43:53.731664  1744  1744 D SystemServerTiming: startCoreServices
04-12 20:43:53.731696  1744  1744 D SystemServerTiming: StartSystemConfigService
04-12 20:43:53.731729  1744  1744 I SystemServiceManager: Starting com.android.server.SystemConfigService
04-12 20:43:53.731844  1744  2051 D SystemServerTimingAsync: InitThreadPoolExec:StartNativeSensorService
04-12 20:43:53.731886  1744  2051 D SystemServerInitThreadPool: Started executing StartNativeSensorService
04-12 20:43:53.731900  1744  2051 D SystemServerTimingAsync: StartNativeSensorService
04-12 20:43:53.732284  1744  1744 D SystemServiceManagerProxy: start com.android.server.SystemConfigService@efa9bd9
04-12 20:43:53.732814  1744  1744 D SystemServerTiming: StartBatteryService
04-12 20:43:53.732920  1744  1744 I SystemServiceManager: Starting com.android.server.BatteryService
04-12 20:43:53.734079  1744  1744 D TranClassInfo: instance successfully. com.transsion.hubcore.server.battery.TranBatteryServiceImpl@cfb40e4 from com.transsion.hubcore.server.battery.ITranBatteryService
04-12 20:43:53.736816  1744  1744 D TranClassInfo: instance successfully. com.transsion.power.lowbatterynotify.TranLowBatteryNotifyImpl@b2d2d49 from com.transsion.hubcore.lowbatterynotify.ITranLowBatteryNotifyComponent
04-12 20:43:53.737065  1744  1744 D TranClassInfo: instance successfully. com.transsion.hubcore.server.trancharge.TranChargeServiceImpl@57eb64e from com.transsion.hubcore.server.trancharge.ITranChargeService
04-12 20:43:53.737845  1744  2051 V LegacyHistoricalRegistry: Interaction before persistence initialized
04-12 20:43:53.739095  1744  2051 D SystemServerInitThreadPool: Finished executing StartNativeSensorService
04-12 20:43:53.739158  1744  2019 W PackageManager: Skipping preparing app data for com.google.android.devicelock
04-12 20:43:53.739283  1744  2019 W PackageManager: Skipping preparing app data for com.google.android.tzdata6
04-12 20:43:53.739363  1744  2019 W PackageManager: Skipping preparing app data for com.google.android.ondevicepersonalization
04-12 20:43:53.739539  1744  2019 W PackageManager: Skipping preparing app data for com.transsion.mi.os.framework
04-12 20:43:53.739570  1744  2019 W PackageManager: Skipping preparing app data for com.google.android.media.swcodec
04-12 20:43:53.739740  1744  2019 W PackageManager: Skipping preparing app data for com.google.android.os.statsd
04-12 20:43:53.739773  1744  2019 W PackageManager: Skipping preparing app data for com.google.android.widevine.nonupdatable
04-12 20:43:53.739860  1744  2019 W PackageManager: Skipping preparing app data for com.transsion.connectivity
04-12 20:43:53.740002  1744  2019 W PackageManager: Skipping preparing app data for com.google.android.extservices
04-12 20:43:53.740061  1744  2019 W PackageManager: Skipping preparing app data for com.google.android.sdksandbox
04-12 20:43:53.740192  1744  2019 W PackageManager: Skipping preparing app data for com.google.android.healthfitness
04-12 20:43:53.740298  1744  2019 W PackageManager: Skipping preparing app data for com.scorpio.sc.core
04-12 20:43:53.740352  1744  2019 W PackageManager: Skipping preparing app data for com.google.android.ipsec
04-12 20:43:53.740369  1744  2019 W PackageManager: Skipping preparing app data for com.google.android.media
04-12 20:43:53.740437  1744  2019 W PackageManager: Skipping preparing app data for com.android.bt
04-12 20:43:53.740483  1744  2019 W PackageManager: Skipping preparing app data for com.google.android.uprobestats
04-12 20:43:53.740501  1744  2019 W PackageManager: Skipping preparing app data for com.android.i18n
04-12 20:43:53.740524  1744  2019 W PackageManager: Skipping preparing app data for com.android.virt
04-12 20:43:53.740624  1744  2019 W PackageManager: Skipping preparing app data for com.google.android.appsearch
04-12 20:43:53.740669  1744  2019 W PackageManager: Skipping preparing app data for com.google.android.configinfrastructure
04-12 20:43:53.740708  1744  2019 W PackageManager: Skipping preparing app data for com.android.runtime
04-12 20:43:53.740751  1744  2019 W PackageManager: Skipping preparing app data for com.google.android.cellbroadcast
04-12 20:43:53.740767  1744  2019 W PackageManager: Skipping preparing app data for com.android.apex.cts.shim
04-12 20:43:53.740787  1744  2019 W PackageManager: Skipping preparing app data for com.android.compos
04-12 20:43:53.740808  1744  2019 W PackageManager: Skipping preparing app data for com.google.android.resolv
04-12 20:43:53.740852  1744  2019 W PackageManager: Skipping preparing app data for com.google.android.sdkext
04-12 20:43:53.740918  1744  2019 W PackageManager: Skipping preparing app data for com.google.android.art
04-12 20:43:53.740950  1744  2019 W PackageManager: Skipping preparing app data for com.google.android.uwb
04-12 20:43:53.741073  1744  2019 W PackageManager: Skipping preparing app data for com.android.hardware.cas
04-12 20:43:53.741202  1744  2019 W PackageManager: Skipping preparing app data for com.google.android.adservices
04-12 20:43:53.741288  1744  2019 W PackageManager: Skipping preparing app data for com.google.android.crashrecovery
04-12 20:43:53.741316  1744  2019 W PackageManager: Skipping preparing app data for com.transsion.kolun
04-12 20:43:53.741324  1744  2019 W PackageManager: Skipping preparing app data for com.transsion.phone
04-12 20:43:53.741345  1744  2019 W PackageManager: Skipping preparing app data for com.google.android.scheduling
04-12 20:43:53.741392  1744  2019 W PackageManager: Skipping preparing app data for com.google.android.mediaprovider
04-12 20:43:53.741433  1744  2019 W PackageManager: Skipping preparing app data for com.google.android.permission
04-12 20:43:53.741479  1744  2019 W PackageManager: Skipping preparing app data for com.google.android.profiling
04-12 20:43:53.741513  1744  2019 W PackageManager: Skipping preparing app data for com.android.vndk.v31
04-12 20:43:53.741525  1744  2019 W PackageManager: Skipping preparing app data for com.android.vndk.v33
04-12 20:43:53.741535  1744  2019 W PackageManager: Skipping preparing app data for com.android.vndk.v34
04-12 20:43:53.741643  1744  2019 W PackageManager: Skipping preparing app data for com.transsion.thub.core
04-12 20:43:53.741679  1744  2019 W PackageManager: Skipping preparing app data for com.google.android.neuralnetworks
04-12 20:43:53.741697  1744  2019 W PackageManager: Skipping preparing app data for com.google.android.tethering
04-12 20:43:53.741738  1744  2019 W PackageManager: Skipping preparing app data for com.google.android.adbd
04-12 20:43:53.741750  1744  2019 W PackageManager: Skipping preparing app data for com.google.android.rkpd
04-12 20:43:53.741757  1744  2019 W PackageManager: Skipping preparing app data for com.google.android.wifi
04-12 20:43:53.741782  1744  2019 W PackageManager: Skipping preparing app data for com.google.android.conscrypt
04-12 20:43:53.741921  1744  2019 W PackageManager: Skipping preparing app data for com.android.nfcservices
04-12 20:43:53.749440  1744  2052 W TranClassInfo: instance failed. com.transsion.hubcore.server.eventtrack.TranAIChargingEventTrackExtImpl from com.transsion.hubcore.server.eventtrack.ITranAIChargingEventTrackExt
04-12 20:43:53.749440  1744  2052 W TranClassInfo: java.lang.ClassNotFoundException: com.transsion.hubcore.server.eventtrack.TranAIChargingEventTrackExtImpl
04-12 20:43:53.749440  1744  2052 W TranClassInfo: 	at java.lang.Class.classForName(Native Method)
04-12 20:43:53.749440  1744  2052 W TranClassInfo: 	at java.lang.Class.forName(Class.java:591)
04-12 20:43:53.749440  1744  2052 W TranClassInfo: 	at com.transsion.hubcore.utils.TranClassInfo.getImpl(TranClassInfo.java:73)
04-12 20:43:53.749440  1744  2052 W TranClassInfo: 	at com.transsion.hubcore.server.eventtrack.ITranAIChargingEventTrackExt.Instance(ITranAIChargingEventTrackExt.java:17)
04-12 20:43:53.749440  1744  2052 W TranClassInfo: 	at com.android.server.BatteryService.processValuesLocked(BatteryService.java:1257)
04-12 20:43:53.749440  1744  2052 W TranClassInfo: 	at com.android.server.BatteryService.update(BatteryService.java:973)
04-12 20:43:53.749440  1744  2052 W TranClassInfo: 	at com.android.server.BatteryService$$ExternalSyntheticLambda10.update(R8$$SyntheticClass:0)
04-12 20:43:53.749440  1744  2052 W TranClassInfo: 	at com.android.server.health.HealthRegCallbackAidl$HalInfoCallback.healthInfoChanged(HealthRegCallbackAidl.java:116)
04-12 20:43:53.749440  1744  2052 W TranClassInfo: 	at android.hardware.health.IHealthInfoCallback$Stub.onTransact(IHealthInfoCallback.java:95)
04-12 20:43:53.749440  1744  2052 W TranClassInfo: 	at android.os.Binder.execTransactInternal(Binder.java:1451)
04-12 20:43:53.749440  1744  2052 W TranClassInfo: 	at android.os.Binder.execTransact(Binder.java:1381)
04-12 20:43:53.749440  1744  2052 W TranClassInfo: Caused by: java.lang.ClassNotFoundException: com.transsion.hubcore.server.eventtrack.TranAIChargingEventTrackExtImpl
04-12 20:43:53.749440  1744  2052 W TranClassInfo: 	... 11 more
04-12 20:43:53.749505  1744  2052 D TranClassInfo: using com.transsion.hubcore.server.eventtrack.ITranAIChargingEventTrackExt$DefaultImpl@b22ab14 instead of com.transsion.hubcore.server.eventtrack.TranAIChargingEventTrackExtImpl from com.transsion.hubcore.server.eventtrack.ITranAIChargingEventTrackExt
04-12 20:43:53.754384  1744  1744 I HealthServiceWrapperAidl: health: HealthServiceWrapper listening to AIDL HAL
04-12 20:43:53.754436  1744  1744 I BatteryService: health: Waited 0ms and received the update.
04-12 20:43:53.754465  1744  1744 D TranChargeServiceLice: registerTranChargeCallback
04-12 20:43:53.756113  1744  2052 D TranClassInfo: instance successfully. com.transsion.power.aicharge.TranAIChargeImpl@89efab9 from com.transsion.hubcore.aicharge.ITranAIChargeComponent
04-12 20:43:53.756394  1744  2052 I TranAIChargingController: mInitialized：false，mReady：false,PlugType:2
04-12 20:43:53.756427  1744  2052 D TranHBMManagerService: mInitialized is false
04-12 20:43:53.756873  1744  2052 W TranClassInfo: instance failed. com.transsion.server.power.battery.TranBatteryComponentImpl from com.transsion.hubcore.battery.ITranBatteryComponent
04-12 20:43:53.756873  1744  2052 W TranClassInfo: java.lang.ClassNotFoundException: com.transsion.server.power.battery.TranBatteryComponentImpl
04-12 20:43:53.756873  1744  2052 W TranClassInfo: 	at java.lang.Class.classForName(Native Method)
04-12 20:43:53.756873  1744  2052 W TranClassInfo: 	at java.lang.Class.forName(Class.java:591)
04-12 20:43:53.756873  1744  2052 W TranClassInfo: 	at com.transsion.hubcore.utils.TranClassInfo.getImpl(TranClassInfo.java:124)
04-12 20:43:53.756873  1744  2052 W TranClassInfo: 	at com.transsion.hubcore.battery.ITranBatteryComponent.Instance(ITranBatteryComponent.java:33)
04-12 20:43:53.756873  1744  2052 W TranClassInfo: 	at com.transsion.hubcore.server.trancharge.TranChargeServiceImpl.sendBatteryChangedIntentLocked(TranChargeServiceImpl.java:71)
04-12 20:43:53.756873  1744  2052 W TranClassInfo: 	at com.android.server.BatteryService.sendBatteryChangedIntentLocked(BatteryService.java:1353)
04-12 20:43:53.756873  1744  2052 W TranClassInfo: 	at com.android.server.BatteryService.processValuesLocked(BatteryService.java:1272)
04-12 20:43:53.756873  1744  2052 W TranClassInfo: 	at com.android.server.BatteryService.update(BatteryService.java:973)
04-12 20:43:53.756873  1744  2052 W TranClassInfo: 	at com.android.server.BatteryService$$ExternalSyntheticLambda10.update(R8$$SyntheticClass:0)
04-12 20:43:53.756873  1744  2052 W TranClassInfo: 	at com.android.server.health.HealthRegCallbackAidl$HalInfoCallback.healthInfoChanged(HealthRegCallbackAidl.java:116)
04-12 20:43:53.756873  1744  2052 W TranClassInfo: 	at android.hardware.health.IHealthInfoCallback$Stub.onTransact(IHealthInfoCallback.java:95)
04-12 20:43:53.756873  1744  2052 W TranClassInfo: 	at android.os.Binder.execTransactInternal(Binder.java:1451)
04-12 20:43:53.756873  1744  2052 W TranClassInfo: 	at android.os.Binder.execTransact(Binder.java:1381)
04-12 20:43:53.756873  1744  2052 W TranClassInfo: Caused by: java.lang.ClassNotFoundException: com.transsion.server.power.battery.TranBatteryComponentImpl
04-12 20:43:53.756873  1744  2052 W TranClassInfo: 	... 13 more
04-12 20:43:53.756932  1744  2052 D TranClassInfo: using com.transsion.hubcore.battery.ITranBatteryComponent$1@be048ac instead of [com.transsion.server.power.battery.TranBatteryComponentImpl] from com.transsion.hubcore.battery.ITranBatteryComponent
04-12 20:43:53.757418  1744  1843 D TranChargeRegCallbackAidl: updateTranChargeInfo:TranChargeInfo:{deviceNodeFunc=batHealthLevel, chargeType=0, chargePower=0, mutilevelControl=0, portableChargerPluging=0, portableChargerLevel=0, batHealthLevel=4, batHealthPrecent=0, batHealthPrecent1=0, batCycle=0, batCycle1=0, realUiSoc=0, wlsMagnFan=0, batMacDate=, batMacDate1=, phoneActiveDate=, phoneActiveDate1=, waterDetName=, waterDetState=0, c2cPdConnect=0, c2cVbusShort=0, c2cState=0, aichgState=0, bypassChgState=0, smartChgState=0, aiBigData=, batNotifyCode=0, wlsReverseState=0, wlsReverseChgRead=0, wlsReverseExit=0, wlsKomState=0, callCmdRead=0, komCmdState=0, multiColorType=0, startDecimalSoc=0, customDischg=0, decimaSoc=0.0, taCtrlStat=0, handheldDetection=0, portName=, portState=0, siPowerOffVbat=0, bootTimeStamp=17549200307, repairResult=0, lastCycleCount=0, intRev1=0, intRev2=0, intRev3=0, stingRev1=, stingRev2=, stingRev3=, wlsChargeSupport=0}
04-12 20:43:53.758461  1744  1744 I TranChargeServiceWrapperAidl: tranCharge: TranChargeServiceWrapper listening to AIDL HAL
04-12 20:43:53.759353  1744  1843 I TranAIChargingController: mInitialized：false，mReady：false,PlugType:2
04-12 20:43:53.759398  1744  1843 D TranHBMManagerService: mInitialized is false
04-12 20:43:53.759519  1744  1843 I TranChargeServiceLice: updateTranChargeInfo: TranChargeInfo:{deviceNodeFunc=batHealthLevel, chargeType=0, chargePower=0, mutilevelControl=0, portableChargerPluging=0, portableChargerLevel=0, batHealthLevel=4, batHealthPrecent=0, batHealthPrecent1=0, batCycle=0, batCycle1=0, realUiSoc=0, wlsMagnFan=0, batMacDate=, batMacDate1=, phoneActiveDate=, phoneActiveDate1=, waterDetName=, waterDetState=0, c2cPdConnect=0, c2cVbusShort=0, c2cState=0, aichgState=0, bypassChgState=0, smartChgState=0, aiBigData=, batNotifyCode=0, wlsReverseState=0, wlsReverseChgRead=0, wlsReverseExit=0, wlsKomState=0, callCmdRead=0, komCmdState=0, multiColorType=0, startDecimalSoc=0, customDischg=0, decimaSoc=0.0, taCtrlStat=0, handheldDetection=0, portName=, portState=0, siPowerOffVbat=0, bootTimeStamp=17549200307, repairResult=0, lastCycleCount=0, intRev1=0, intRev2=0, intRev3=0, stingRev1=, stingRev2=, stingRev3=, wlsChargeSupport=0} seq: 1
04-12 20:43:53.759622  1744  1744 I TranChargeServiceLice: TranCharge: Waited 2ms and received the update.
04-12 20:43:53.760461  1744  1744 D SystemServiceManagerProxy: start com.android.server.BatteryService@3695d0a
04-12 20:43:53.760525  1744  1744 D SystemServerTiming: StartUsageService
04-12 20:43:53.760662  1744  1744 I SystemServiceManager: Starting com.android.server.usage.UsageStatsService
04-12 20:43:53.768353  1744  1744 D SystemServiceManagerProxy: start com.android.server.usage.UsageStatsService@f994374
04-12 20:43:53.768646  1744  1744 D SystemServerTiming: StartWebViewUpdateService
04-12 20:43:53.768728  1744  1744 I SystemServiceManager: Starting com.android.server.webkit.WebViewUpdateService
04-12 20:43:53.769958  1744  1744 D SystemServiceManagerProxy: start com.android.server.webkit.WebViewUpdateService@8c58d0c
04-12 20:43:53.770001  1744  1744 D SystemServerTiming: StartCachedDeviceStateService
04-12 20:43:53.770092  1744  1744 I SystemServiceManager: Starting com.android.server.CachedDeviceStateService
04-12 20:43:53.770202  1744  1744 D SystemServiceManagerProxy: start com.android.server.CachedDeviceStateService@d21b15b
04-12 20:43:53.770228  1744  1744 D SystemServerTiming: StartBinderCallsStatsService
04-12 20:43:53.770260  1744  1744 I SystemServiceManager: Starting com.android.server.BinderCallsStatsService$LifeCycle
04-12 20:43:53.771037  1744  1744 D SystemServiceManagerProxy: start com.android.server.BinderCallsStatsService$LifeCycle@7846136
04-12 20:43:53.771074  1744  1744 D SystemServerTiming: StartLooperStatsService
04-12 20:43:53.771110  1744  1744 I SystemServiceManager: Starting com.android.server.LooperStatsService$Lifecycle
04-12 20:43:53.771529  1744  1744 D SystemServiceManagerProxy: start com.android.server.LooperStatsService$Lifecycle@dad5ac2
04-12 20:43:53.771564  1744  1744 D SystemServerTiming: StartRollbackManagerService
04-12 20:43:53.771648  1744  1744 I SystemServiceManager: Starting com.android.server.rollback.RollbackManagerService
04-12 20:43:53.774653  1744  1744 I PackageWatchdog: Syncing state, reason: added new observer
04-12 20:43:53.774687  1744  1744 I PackageWatchdog: Not pruning observers, elapsed time: 0ms
04-12 20:43:53.774818  1744  1950 I PackageWatchdog: Saving observer state to file
04-12 20:43:53.778044  1744  1744 D SystemServiceManagerProxy: start com.android.server.rollback.RollbackManagerService@80293ed
04-12 20:43:53.778080  1744  1744 D SystemServerTiming: StartNativeTombstoneManagerService
04-12 20:43:53.778118  1744  1744 I SystemServiceManager: Starting com.android.server.os.NativeTombstoneManagerService
04-12 20:43:53.785411  1744  1744 D SystemServiceManagerProxy: start com.android.server.os.NativeTombstoneManagerService@a15b11b
04-12 20:43:53.785464  1744  1744 D SystemServerTiming: StartBugreportManagerService
04-12 20:43:53.785500  1744  1744 I SystemServiceManager: Starting com.android.server.os.BugreportManagerService
04-12 20:43:53.786121  1744  1744 D SystemServiceManagerProxy: start com.android.server.os.BugreportManagerService@c61f891
04-12 20:43:53.786148  1744  1744 D SystemServerTiming: GpuService
04-12 20:43:53.786160  1744  1744 I SystemServiceManager: Starting com.android.server.gpu.GpuService
04-12 20:43:53.786425  1744  1744 D SystemServiceManagerProxy: start com.android.server.gpu.GpuService@87f2893
04-12 20:43:53.786455  1744  1744 D SystemServerProxy: onCoreServicesStarted
04-12 20:43:53.788397  1744  1744 I SystemServiceManager: Starting com.transsion.kolun.server.SmartSystemService
04-12 20:43:53.789116  1744  1744 D SystemServiceManagerProxy: start com.transsion.kolun.server.SmartSystemService@cd399fc
04-12 20:43:53.789146  1744  1744 D SystemServerTiming: StartRemoteProvisioningService
04-12 20:43:53.789182  1744  1744 I SystemServiceManager: Starting com.android.server.security.rkp.RemoteProvisioningService
04-12 20:43:53.789575  1744  1744 D SystemServiceManagerProxy: start com.android.server.security.rkp.RemoteProvisioningService@abfd6da
04-12 20:43:53.789621  1744  1744 D SystemServerTiming: CpuMonitorService
04-12 20:43:53.789674  1744  1744 I SystemServiceManager: Starting com.android.server.cpu.CpuMonitorService
04-12 20:43:53.794612  1744  1744 D SystemServiceManagerProxy: start com.android.server.cpu.CpuMonitorService@ae12801
04-12 20:43:53.794662  1744  1744 I MtkSystemServerImpl: startMtkCoreServices 
04-12 20:43:53.794672  1744  1744 D SystemServerTiming: startOtherServices
04-12 20:43:53.794951  1744  1744 W TranClassInfo: instance failed. com.transsion.storage.xmlprotect.TranXmlProtectVerifyComponentImpl from com.transsion.hubcore.fileprotect.ITranXmlProtectVerifyComponent
04-12 20:43:53.794951  1744  1744 W TranClassInfo: java.lang.ClassNotFoundException: com.transsion.storage.xmlprotect.TranXmlProtectVerifyComponentImpl
04-12 20:43:53.794951  1744  1744 W TranClassInfo: 	at java.lang.Class.classForName(Native Method)
04-12 20:43:53.794951  1744  1744 W TranClassInfo: 	at java.lang.Class.forName(Class.java:591)
04-12 20:43:53.794951  1744  1744 W TranClassInfo: 	at com.transsion.hubcore.utils.TranClassInfo.getImpl(TranClassInfo.java:124)
04-12 20:43:53.794951  1744  1744 W TranClassInfo: 	at com.transsion.hubcore.fileprotect.ITranXmlProtectVerifyComponent.Instance(ITranXmlProtectVerifyComponent.java:18)
04-12 20:43:53.794951  1744  1744 W TranClassInfo: 	at com.transsion.hubcore.server.TranSystemServerImpl.startDefaultFileBackup(TranSystemServerImpl.java:178)
04-12 20:43:53.794951  1744  1744 W TranClassInfo: 	at com.android.server.SystemServer.startOtherServices(SystemServer.java:1629)
04-12 20:43:53.794951  1744  1744 W TranClassInfo: 	at com.android.server.SystemServer.run(SystemServer.java:1075)
04-12 20:43:53.794951  1744  1744 W TranClassInfo: 	at com.android.server.SystemServer.main(SystemServer.java:761)
04-12 20:43:53.794951  1744  1744 W TranClassInfo: 	at java.lang.reflect.Method.invoke(Native Method)
04-12 20:43:53.794951  1744  1744 W TranClassInfo: 	at com.android.internal.os.RuntimeInit$MethodAndArgsCaller.run(RuntimeInit.java:629)
04-12 20:43:53.794951  1744  1744 W TranClassInfo: 	at com.android.internal.os.ZygoteInit.main(ZygoteInit.java:1002)
04-12 20:43:53.794951  1744  1744 W TranClassInfo: Caused by: java.lang.ClassNotFoundException: com.transsion.storage.xmlprotect.TranXmlProtectVerifyComponentImpl
04-12 20:43:53.794951  1744  1744 W TranClassInfo: 	... 11 more
04-12 20:43:53.794995  1744  1744 D TranClassInfo: using com.transsion.hubcore.fileprotect.ITranXmlProtectVerifyComponent$1@a132c94 instead of [com.transsion.storage.xmlprotect.TranXmlProtectVerifyComponentImpl] from com.transsion.hubcore.fileprotect.ITranXmlProtectVerifyComponent
04-12 20:43:53.795221  1744  1744 D SystemServerTiming: StartKeyAttestationApplicationIdProviderService
04-12 20:43:53.795389  1744  2081 D SystemServerTimingAsync: InitThreadPoolExec:SecondaryZygotePreload
04-12 20:43:53.795418  1744  2081 D SystemServerInitThreadPool: Started executing SecondaryZygotePreload
04-12 20:43:53.795428  1744  2081 I SystemServer: SecondaryZygotePreload
04-12 20:43:53.795436  1744  2081 D SystemServerTimingAsync: SecondaryZygotePreload
04-12 20:43:53.795450  1744  2081 D SystemServerInitThreadPool: Finished executing SecondaryZygotePreload
04-12 20:43:53.795765  1744  1744 D SystemServerTiming: StartKeyChainSystemService
04-12 20:43:53.795830  1744  1744 I SystemServiceManager: Starting com.android.server.security.KeyChainSystemService
04-12 20:43:53.795997  1744  1744 D SystemServiceManagerProxy: start com.android.server.security.KeyChainSystemService@f253ddf
04-12 20:43:53.796012  1744  1744 D SystemServerTiming: StartBinaryTransparencyService
04-12 20:43:53.796066  1744  1744 I SystemServiceManager: Starting com.android.server.BinaryTransparencyService
04-12 20:43:53.796496  1744  1744 I TransparencyService: Started BinaryTransparencyService
04-12 20:43:53.796529  1744  1744 D SystemServiceManagerProxy: start com.android.server.BinaryTransparencyService@6789cf5
04-12 20:43:53.796543  1744  1744 D SystemServerTiming: StartSchedulingPolicyService
04-12 20:43:53.796951  1744  2082 D SystemServerTimingAsync: InitThreadPoolExec:SchedulingPolicyService.<init>
04-12 20:43:53.796977  1744  2082 D SystemServerInitThreadPool: Started executing SchedulingPolicyService.<init>
04-12 20:43:53.797003  1744  1744 D SystemServerTiming: StartTelecomLoaderService
04-12 20:43:53.797092  1744  1744 I SystemServiceManager: Starting com.android.server.telecom.TelecomLoaderService
04-12 20:43:53.797284  1744  1744 D SystemServiceManagerProxy: start com.android.server.telecom.TelecomLoaderService@1300d18
04-12 20:43:53.797308  1744  1744 D SystemServerTiming: StartTelephonyRegistry
04-12 20:43:53.798378  1744  1744 D SystemServerTiming: StartEntropyMixer
04-12 20:43:53.798753  1744  1744 I EntropyMixer: Loaded existing seed file
04-12 20:43:53.800048  1744  1744 I EntropyMixer: Updated seed file
04-12 20:43:53.800236  1744  1744 D SystemServerTiming: StartAccountManagerService
04-12 20:43:53.800289  1744  1744 I SystemServiceManager: Starting com.android.server.accounts.AccountManagerService$Lifecycle
04-12 20:43:53.802181  1744  1744 D SystemServiceManagerProxy: start com.android.server.accounts.AccountManagerService$Lifecycle@61fc245
04-12 20:43:53.802213  1744  1744 D SystemServerTiming: StartContentService
04-12 20:43:53.802246  1744  1744 I SystemServiceManager: Starting com.android.server.content.ContentService$Lifecycle
04-12 20:43:53.803095  1744  1744 D SystemServiceManagerProxy: start com.android.server.content.ContentService$Lifecycle@8918d54
04-12 20:43:53.803121  1744  1744 D SystemServerTiming: InstallSystemProviders
04-12 20:43:53.803935  1744  1744 D TranClassInfo: instance successfully. com.transsion.hubcore.server.am.TranContentProviderRecordImpl@200f4fd from com.transsion.hubcore.server.am.ITranContentProviderRecord
04-12 20:43:53.805817  1744  1744 V Configuration: Updating configuration, locales updated from [] to [zh_CN_#Hans]
04-12 20:43:53.811449  1744  2082 D SystemServerInitThreadPool: Finished executing SchedulingPolicyService.<init>
04-12 20:43:53.892605  1744  1744 I SettingsState: 0 flag override requests created
04-12 20:43:53.909920  1744  1744 V Configuration: Updating configuration, locales updated from [] to [zh_CN_#Hans]
04-12 20:43:53.935243  1744  1744 D ActivityTaskManager: isControllerAMonkey mController = null,mControllerIsAMonkey = false
04-12 20:43:53.935296  1744  1744 I PackageManager: setEnabledSettings callingUid = 1000 callingPid = 1744 packageName = com.android.shell componentName = ComponentInfo{com.android.shell/com.android.shell.BugreportStorageProvider} callingPackage= android newState = 1 userId = 0 flags = 0
04-12 20:43:53.942166  1744  1744 D ActivityManager: Freezer timeout set to 10000
04-12 20:43:53.942211  1744  1744 D ActivityManager: Freezer exemption set to false
04-12 20:43:53.942227  1744  1744 D Freezer/CloudSwitch: mUseFreezer= true mFreezerCloudSwitch= true mSkipRepeat= false
04-12 20:43:53.942352  1744  1940 D ActivityManager: Freezer enabled
04-12 20:43:53.942420  1744  1940 D ActivityManager: freezer override set to false
04-12 20:43:53.943882  1744  1744 I SystemServiceManager: Starting com.android.server.deviceconfig.DeviceConfigInit$Lifecycle
04-12 20:43:53.944175  1744  1744 I DeviceConfig: Bootstrap values not found
04-12 20:43:53.944695  1744  1744 D SystemServiceManagerProxy: start com.android.server.deviceconfig.DeviceConfigInit$Lifecycle@9b51c19
04-12 20:43:53.944747  1744  1744 D SystemServerTiming: StartDropBoxManager
04-12 20:43:53.944792  1744  1744 I SystemServiceManager: Starting com.android.server.DropBoxManagerService
04-12 20:43:53.945411  1744  1744 D SystemServiceManagerProxy: start com.android.server.DropBoxManagerService@ce8618c
04-12 20:43:53.945428  1744  1744 D SystemServerTiming: StartEnhancedConfirmationService
04-12 20:43:53.945479  1744  1744 I SystemServiceManager: Starting com.android.ecm.EnhancedConfirmationService
04-12 20:43:53.946579  1744  1744 D SystemServiceManagerProxy: start com.android.ecm.EnhancedConfirmationService@4fefdb
04-12 20:43:53.946599  1744  1744 D SystemServerTiming: StartHintManager
04-12 20:43:53.946653  1744  1744 I SystemServiceManager: Starting com.android.server.power.hint.HintManagerService
04-12 20:43:53.949043  1744  1744 D SystemServiceManagerProxy: start com.android.server.power.hint.HintManagerService@9853551
04-12 20:43:53.949071  1744  1744 D SystemServerTiming: StartRoleManagerService
04-12 20:43:53.949764  1744  1744 I SystemServiceManager: Starting com.android.role.RoleService
04-12 20:43:53.951892  1744  1744 D SystemServiceManagerProxy: start com.android.role.RoleService@977b3a7
04-12 20:43:53.951933  1744  1744 D SystemServerTiming: StartSupervisionService
04-12 20:43:53.951983  1744  1744 I SystemServiceManager: Starting com.android.server.supervision.SupervisionService$Lifecycle
04-12 20:43:53.952970  1744  1744 D SystemServiceManagerProxy: start com.android.server.supervision.SupervisionService$Lifecycle@91fd0f2
04-12 20:43:53.953016  1744  1744 D SystemServerTiming: StartVibratorManagerService
04-12 20:43:53.953070  1744  1744 I SystemServiceManager: Starting com.android.server.vibrator.VibratorManagerService$Lifecycle
04-12 20:43:53.954236  1744  1744 D TranClassInfo: instance successfully. com.transsion.hubcore.server.vibrator.TranVibratorManagerServiceImpl@161e343 from com.transsion.hubcore.server.vibrator.ITranVibratorManagerService
04-12 20:43:53.958836  1744  1744 D TranClassInfo: instance successfully. com.transsion.display.vibration.server.TranVibrationComponentImpl@2be5dc0 from com.transsion.hubcore.server.vibration.ITranVibrationComponent
04-12 20:43:53.959820  1744  1744 E TranCloudDataUtil: vibrate_config.json not found at: /tranfs/CloudEngine/1008000054/vibrate_config.json
04-12 20:43:53.964890  1744  1744 D VibratorController: controller off in lock
04-12 20:43:53.966918  1744  1744 D SystemServiceManagerProxy: start com.android.server.vibrator.VibratorManagerService$Lifecycle@db77eee
04-12 20:43:53.966950  1744  1744 D SystemServerTiming: StartDynamicSystemService
04-12 20:43:53.967286  1744  1744 D SystemServerTiming: StartConsumerIrService
04-12 20:43:53.968208  1744  1744 D SystemServerTiming: StartAlarmManagerService
04-12 20:43:53.968247  1744  1744 I MtkSystemServerImpl: startMtkAlarmManagerService
04-12 20:43:53.968556  1744  1744 I SystemServiceManager: Starting com.mediatek.server.MtkAlarmManagerService
04-12 20:43:54.013727  1744  1929 W UserWakeupStore: User wakeup file not available: /data/system/alarms/usersWithAlarmClocks.xml
04-12 20:43:54.015341  1744  1744 D SystemServiceManagerProxy: start com.mediatek.server.MtkAlarmManagerService@b991b11
04-12 20:43:54.015462  1744  1744 D SystemServerTiming: StartInputManagerService
04-12 20:43:54.015510  1744  1744 I SystemServiceManager: Starting com.android.server.input.InputManagerService$Lifecycle
04-12 20:43:54.023726  1744  1744 I InputManager: Initializing input manager, mUseDevInputEventForAudioJack=true
04-12 20:43:54.024399  1744  1744 D TranClassInfo: instance successfully. com.transsion.hubcore.server.input.TranInputManagerServiceImpl@7d93713 from com.transsion.hubcore.server.input.ITranInputManagerService
04-12 20:43:54.026653  1744  1744 D TranClassInfo: instance successfully. com.transsion.stability.screenfreezedetect.TranScreenFreezeDetectImpl@1f66d50 from com.transsion.hubcore.screenfreeze.ITranScreenFreezeDetectComponent
04-12 20:43:54.027147  1744  1744 D InputMonitorForTNE: initCloudEngine mCloudEngine = true
04-12 20:43:54.028066  1744  1744 D SystemServiceManagerProxy: start com.android.server.input.InputManagerService$Lifecycle@296316f
04-12 20:43:54.028106  1744  1744 D SystemServerTiming: DeviceStateManagerService
04-12 20:43:54.028186  1744  1744 I SystemServiceManager: Starting com.android.server.devicestate.DeviceStateManagerService
04-12 20:43:54.028873  1744  1744 D TranClassInfo: instance successfully. com.transsion.hubcore.server.policy.TranDeviceStateProviderImplImpl@7dd0e7c from com.transsion.hubcore.server.policy.ITranDeviceStateProviderImpl
04-12 20:43:54.029446  1744  1744 D TranClassInfo: instance successfully. com.transsion.hubcore.hardware.TranSystemSensorManagerImpl@f7e758b from com.transsion.hubcore.hardware.ITranSystemSensorManager
04-12 20:43:54.029596  1744  1744 D HeartRateOximetryLiceFactory: HeartRateOximetryLice is supported
04-12 20:43:54.029743  1744  1744 D EngineManager: Core system process UID rule matched! Trust granted.
04-12 20:43:54.030484  1744  1744 E DeviceStateManagerService: Cannot notify device state info change before the initial state has been committed.
04-12 20:43:54.030671  1744  1744 I DeviceStateManagerService: Cannot notify device state info change when pending state is present.
04-12 20:43:54.032384  1744  1744 D SystemServiceManagerProxy: start com.android.server.devicestate.DeviceStateManagerService@33f24fe
04-12 20:43:54.032417  1744  1744 D SystemServerTiming: StartCameraServiceProxy
04-12 20:43:54.032467  1744  1744 I SystemServiceManager: Starting com.android.server.camera.CameraServiceProxy
04-12 20:43:54.036567  1744  1744 D TranClassInfo: instance successfully. com.transsion.camera.camserver.Implement.TranCamServerComponentImpl@1d9d775 from com.transsion.hubcore.camserver.ITranCamServerComponent
04-12 20:43:54.036579  1744  1744 D TranClassInfo: instance successfully. com.transsion.hubcore.server.camera.TranCameraServiceProxyImpl@2e4930a from com.transsion.hubcore.server.camera.ITranCameraServiceProxy
04-12 20:43:54.037058  1744  1744 D SystemServiceManagerProxy: start com.android.server.camera.CameraServiceProxy@b028744
04-12 20:43:54.037101  1744  1744 D SystemServerTiming: StartWindowManagerService
04-12 20:43:54.037114  1744  1744 I SystemServiceManager: Starting phase 200
04-12 20:43:54.037119  1744  1744 D SystemServerTiming: OnBootPhase_200
04-12 20:43:54.037125  1744  1744 D SystemServerTiming: OnBootPhase_200_com.transsion.hubcore.server.TranBootstrapServiceManagerService
04-12 20:43:54.037146  1744  1744 D SystemServerTiming: OnBootPhase_200_com.android.server.security.FileIntegrityService
04-12 20:43:54.037155  1744  1744 D SystemServerTiming: OnBootPhase_200_com.android.server.pm.Installer
04-12 20:43:54.037160  1744  1744 D SystemServerTiming: OnBootPhase_200_com.android.server.os.DeviceIdentifiersPolicyService
04-12 20:43:54.037164  1744  1744 D SystemServerTiming: OnBootPhase_200_com.android.server.flags.FeatureFlagsService
04-12 20:43:54.037169  1744  1744 D SystemServerTiming: OnBootPhase_200_com.android.server.uri.UriGrantsManagerService$Lifecycle
04-12 20:43:54.037174  1744  1744 D SystemServerTiming: OnBootPhase_200_com.android.server.powerstats.PowerStatsService
04-12 20:43:54.037178  1744  1744 D SystemServerTiming: OnBootPhase_200_com.android.server.permission.access.AccessCheckingService
04-12 20:43:54.037182  1744  1744 D SystemServerTiming: OnBootPhase_200_com.android.server.wm.ActivityTaskManagerService$Lifecycle
04-12 20:43:54.037206  1744  1744 D SystemServerTiming: OnBootPhase_200_com.android.server.am.ActivityManagerService$Lifecycle
04-12 20:43:54.037212  1744  1744 D SystemServerTiming: OnBootPhase_200_com.android.server.pm.DataLoaderManagerService
04-12 20:43:54.037216  1744  1744 D SystemServerTiming: OnBootPhase_200_com.android.server.power.PowerManagerService
04-12 20:43:54.037220  1744  1744 D SystemServerTiming: OnBootPhase_200_com.android.server.power.ThermalManagerService
04-12 20:43:54.037225  1744  1744 D SystemServerTiming: OnBootPhase_200_com.android.server.recoverysystem.RecoverySystemService$Lifecycle
04-12 20:43:54.037229  1744  1744 D SystemServerTiming: OnBootPhase_200_com.android.server.lights.LightsService
04-12 20:43:54.037233  1744  1744 D SystemServerTiming: OnBootPhase_200_com.android.server.display.DisplayManagerService
04-12 20:43:54.037240  1744  1744 D SystemServerTiming: OnBootPhase_200_com.transsion.hubcore.server.TranServiceManagerService
04-12 20:43:54.037296  1744  1744 D SystemServerTiming: OnBootPhase_200_com.android.server.pm.verify.domain.DomainVerificationService
04-12 20:43:54.037325  1744  1744 D SystemServerTiming: OnBootPhase_200_com.android.server.pm.PackageInstallerService$Lifecycle
04-12 20:43:54.037334  1744  1744 D SystemServerTiming: OnBootPhase_200_com.android.server.pm.UserManagerService$LifeCycle
04-12 20:43:54.037343  1744  1744 D SystemServerTiming: OnBootPhase_200_com.android.server.om.OverlayManagerService
04-12 20:43:54.037346  1744  1744 D SystemServerTiming: OnBootPhase_200_com.android.server.resources.ResourcesManagerService
04-12 20:43:54.037350  1744  1744 D SystemServerTiming: OnBootPhase_200_com.android.server.sensorprivacy.SensorPrivacyService
04-12 20:43:54.037355  1744  1744 D SystemServerTiming: OnBootPhase_200_com.android.server.sensors.SensorService
04-12 20:43:54.037380  1744  1744 D SystemServerTiming: OnBootPhase_200_com.android.server.SystemConfigService
04-12 20:43:54.037401  1744  1744 D SystemServerTiming: OnBootPhase_200_com.android.server.BatteryService
04-12 20:43:54.037411  1744  1744 D SystemServerTiming: OnBootPhase_200_com.android.server.usage.UsageStatsService
04-12 20:43:54.037428  1744  1744 D SystemServerTiming: OnBootPhase_200_com.android.server.webkit.WebViewUpdateService
04-12 20:43:54.037462  1744  1744 D SystemServerTiming: OnBootPhase_200_com.android.server.CachedDeviceStateService
04-12 20:43:54.037523  1744  1744 D SystemServerTiming: OnBootPhase_200_com.android.server.BinderCallsStatsService$LifeCycle
04-12 20:43:54.037535  1744  1744 D SystemServerTiming: OnBootPhase_200_com.android.server.LooperStatsService$Lifecycle
04-12 20:43:54.037539  1744  1744 D SystemServerTiming: OnBootPhase_200_com.android.server.rollback.RollbackManagerService
04-12 20:43:54.037542  1744  1744 D SystemServerTiming: OnBootPhase_200_com.android.server.os.NativeTombstoneManagerService
04-12 20:43:54.037546  1744  1744 D SystemServerTiming: OnBootPhase_200_com.android.server.os.BugreportManagerService
04-12 20:43:54.037552  1744  1744 D SystemServerTiming: OnBootPhase_200_com.android.server.gpu.GpuService
04-12 20:43:54.037556  1744  1744 D SystemServerTiming: OnBootPhase_200_com.transsion.kolun.server.SmartSystemService
04-12 20:43:54.037569  1744  1744 D SystemServerTiming: OnBootPhase_200_com.android.server.security.rkp.RemoteProvisioningService
04-12 20:43:54.037576  1744  1744 D SystemServerTiming: OnBootPhase_200_com.android.server.cpu.CpuMonitorService
