04-12 20:44:19.947557  1744  2228 I notification_enqueue: [10231,7680,com.android.vending,-56862258,NULL,0,Notification(channel=maintenance-v2 shortcut=null contentView=null vibrate=null sound=null defaults=0 flags=ONGOING_EVENT|ONLY_ALERT_ONCE|FOREGROUND_SERVICE color=0xff01875f actions=2 vis=SECRET),1,1]
04-12 20:44:19.948544  1744  2228 I notification_cancel_all: [1000,1744,com.android.vending,0,0,0,20,NULL]
04-12 20:44:19.948788  1744  2228 I notification_cancel_all: [1000,1744,com.android.vending,0,0,0,20,NULL]
04-12 20:44:19.948988  1744  2228 I notification_cancel_all: [1000,1744,com.android.vending,0,0,0,20,NULL]
04-12 20:44:19.949203  1744  2228 I notification_cancel_all: [1000,1744,com.android.vending,0,0,0,20,NULL]
04-12 20:44:19.949429  1744  2228 I notification_cancel_all: [1000,1744,com.android.vending,0,0,0,20,NULL]
04-12 20:44:19.956278  1744  2228 I notification_enqueue: [10231,7680,com.android.vending,-56862258,NULL,0,Notification(channel=maintenance-v2 shortcut=null contentView=null vibrate=null sound=null defaults=0 flags=ONGOING_EVENT|ONLY_ALERT_ONCE|FOREGROUND_SERVICE color=0xff01875f actions=2 vis=SECRET),1,1]
04-12 20:44:20.016368  1744  2228 I notification_cancel_all: [1000,1744,com.android.vending,0,0,0,20,NULL]
04-12 20:44:20.017294  1744  2228 I notification_cancel_all: [1000,1744,com.android.vending,0,0,0,20,NULL]
04-12 20:44:20.017753  1744  2228 I notification_cancel_all: [1000,1744,com.android.vending,0,0,0,20,NULL]
04-12 20:44:20.017987  1744  2228 I notification_cancel_all: [1000,1744,com.android.vending,0,0,0,20,NULL]
04-12 20:44:20.018237  1744  2228 I notification_cancel_all: [1000,1744,com.android.vending,0,0,0,20,NULL]
04-12 20:44:20.023918  1744  2228 I notification_cancel_all: [1000,1744,com.android.vending,0,0,0,20,NULL]
04-12 20:44:20.024268  1744  2228 I notification_cancel_all: [1000,1744,com.android.vending,0,0,0,20,NULL]
04-12 20:44:20.024300  1744  2228 I notification_cancel_all: [1000,1744,com.android.vending,0,0,0,20,NULL]
04-12 20:44:20.024417  1744  2228 I notification_cancel_all: [1000,1744,com.android.vending,0,0,0,20,NULL]
04-12 20:44:20.024589  1744  2228 I notification_cancel_all: [1000,1744,com.android.vending,0,0,0,20,NULL]
04-12 20:44:20.031698  1744  2228 I notification_cancel_all: [1000,1744,com.android.vending,0,0,0,20,NULL]
04-12 20:44:20.031761  1744  2228 I notification_cancel_all: [1000,1744,com.android.vending,0,0,0,20,NULL]
04-12 20:44:20.031947  1744  2228 I notification_cancel_all: [1000,1744,com.android.vending,0,0,0,20,NULL]
04-12 20:44:20.032048  1744  2228 I notification_cancel_all: [1000,1744,com.android.vending,0,0,0,20,NULL]
04-12 20:44:20.032119  1744  2228 I notification_cancel_all: [1000,1744,com.android.vending,0,0,0,20,NULL]
04-12 20:44:20.038447  1744  2228 I notification_cancel_all: [1000,1744,com.android.vending,0,0,0,20,NULL]
04-12 20:44:20.038624  1744  2228 I notification_cancel_all: [1000,1744,com.android.vending,0,0,0,20,NULL]
04-12 20:44:20.038929  1744  2228 I notification_cancel_all: [1000,1744,com.android.vending,0,0,0,20,NULL]
04-12 20:44:20.039135  1744  2228 I notification_cancel_all: [1000,1744,com.android.vending,0,0,0,20,NULL]
04-12 20:44:20.039410  1744  2228 I notification_cancel_all: [1000,1744,com.android.vending,0,0,0,20,NULL]
04-12 20:44:20.044144  1744  2228 I notification_cancel_all: [1000,1744,com.android.vending,0,0,0,20,NULL]
04-12 20:44:20.044293  1744  2228 I notification_cancel_all: [1000,1744,com.android.vending,0,0,0,20,NULL]
04-12 20:44:20.044427  1744  2228 I notification_cancel_all: [1000,1744,com.android.vending,0,0,0,20,NULL]
04-12 20:44:20.044495  1744  2228 I notification_cancel_all: [1000,1744,com.android.vending,0,0,0,20,NULL]
04-12 20:44:20.045422  1744  2228 I notification_cancel_all: [1000,1744,com.android.vending,0,0,0,20,NULL]
04-12 20:44:20.050430  1744  2228 I notification_cancel_all: [1000,1744,com.android.vending,0,0,0,20,NULL]
04-12 20:44:20.050712  1744  2228 I notification_cancel_all: [1000,1744,com.android.vending,0,0,0,20,NULL]
04-12 20:44:20.051009  1744  2228 I notification_cancel_all: [1000,1744,com.android.vending,0,0,0,20,NULL]
04-12 20:44:20.051283  1744  2228 I notification_cancel_all: [1000,1744,com.android.vending,0,0,0,20,NULL]
04-12 20:44:20.051574  1744  2228 I notification_cancel_all: [1000,1744,com.android.vending,0,0,0,20,NULL]
04-12 20:44:20.112000  8102  8102 I auditd  : type=1400 audit(0.0:939): avc:  denied  { search } for  comm="cat" name="ppb" dev="proc" ino=4026534133 scontext=u:r:dumpstate:s0 tcontext=u:object_r:proc_ppb:s0 tclass=dir permissive=0
04-12 20:44:20.128000  8104  8104 I auditd  : type=1400 audit(0.0:940): avc:  denied  { read } for  comm="cat" name="trace_slbc" dev="proc" ino=4026535494 scontext=u:r:dumpstate:s0 tcontext=u:object_r:proc:s0 tclass=file permissive=0
04-12 20:44:20.136000  8105  8105 I auditd  : type=1400 audit(0.0:941): avc:  denied  { read } for  comm="cat" name="dbg_slbc" dev="proc" ino=4026535493 scontext=u:r:dumpstate:s0 tcontext=u:object_r:proc_dbg_slbc:s0 tclass=file permissive=0
04-12 20:44:20.148860  1744  2228 I sysui_multi_action: [757,199,758,1,759,16,793,5981,794,0,795,205,796,-56862258,806,com.android.vending,857,maintenance-v2,858,2,947,0,1500,205,1688,4,1689,2,1690,1]
04-12 20:44:20.148924  1744  2228 I notification_alert: [0|com.android.vending|-56862258|null|10231,0,0,0,2,0]
04-12 20:44:20.158279  1744  2228 I sysui_multi_action: [757,199,758,1,759,16,793,5991,794,0,795,205,796,-56862258,806,com.android.vending,857,maintenance-v2,858,2,947,0,1500,205,1688,4,1689,2,1690,1]
04-12 20:44:20.158341  1744  2228 I notification_alert: [0|com.android.vending|-56862258|null|10231,0,0,0,2,0]
04-12 20:44:20.186938  1744  2228 I notification_cancel_all: [1000,1744,com.android.vending,0,0,0,20,NULL]
04-12 20:44:20.187239  1744  2228 I notification_cancel_all: [1000,1744,com.android.vending,0,0,0,20,NULL]
04-12 20:44:20.187435  1744  2228 I notification_cancel_all: [1000,1744,com.android.vending,0,0,0,20,NULL]
04-12 20:44:20.187784  1744  2228 I notification_cancel_all: [1000,1744,com.android.vending,0,0,0,20,NULL]
04-12 20:44:20.187971  1744  1905 I commit_sys_config_file: [notification-policy,5]
04-12 20:44:20.188666  1744  2228 I notification_cancel_all: [1000,1744,com.android.vending,0,0,0,20,NULL]
04-12 20:44:20.184000  6775  6775 I auditd  : type=1400 audit(0.0:942): avc:  denied  { read } for  comm="aee_aed64_v2" name="bootconfig" dev="proc" ino=4026532099 scontext=u:r:crash_dump:s0 tcontext=u:object_r:proc_bootconfig:s0 tclass=file permissive=0
04-12 20:44:20.184000  6775  6775 I auditd  : type=1400 audit(0.0:943): avc:  denied  { read } for  comm="aee_aed64_v2" name="cmdline" dev="proc" ino=4026532084 scontext=u:r:crash_dump:s0 tcontext=u:object_r:proc_cmdline:s0 tclass=file permissive=0
04-12 20:44:20.198333  1744  2228 I notification_enqueue: [10231,7680,com.android.vending,-56862258,NULL,0,Notification(channel=maintenance-v2 shortcut=null contentView=null vibrate=null sound=null defaults=0 flags=ONGOING_EVENT|ONLY_ALERT_ONCE|FOREGROUND_SERVICE color=0xff01875f actions=2 vis=SECRET),1,1]
04-12 20:44:20.292000  6859  6859 I auditd  : type=1400 audit(0.0:944): avc:  denied  { getopt } for  comm="FinalizerDaemon" path="/dev/socket/usap_pool_primary" scontext=u:r:platform_app:s0:c512,c768 tcontext=u:r:zygote:s0 tclass=unix_stream_socket permissive=0 app=com.debug.loggerui
04-12 20:44:20.402095  1744  2228 I sysui_multi_action: [757,199,758,1,759,16,793,6235,794,0,795,208,796,-56862258,806,com.android.vending,857,maintenance-v2,858,2,947,0,1500,208,1688,4,1689,2,1690,1]
04-12 20:44:20.402170  1744  2228 I notification_alert: [0|com.android.vending|-56862258|null|10231,0,0,0,2,0]
04-12 20:44:20.442218  1744  1905 I commit_sys_config_file: [notification-policy,3]
04-12 20:44:20.543044  1744  2228 I notification_cancel_all: [1000,1744,com.android.vending,0,0,0,20,NULL]
04-12 20:44:20.543473  1744  2228 I notification_cancel_all: [1000,1744,com.android.vending,0,0,0,20,NULL]
04-12 20:44:20.543858  1744  2228 I notification_cancel_all: [1000,1744,com.android.vending,0,0,0,20,NULL]
04-12 20:44:20.544009  1744  2228 I notification_cancel_all: [1000,1744,com.android.vending,0,0,0,20,NULL]
04-12 20:44:20.544337  1744  2228 I notification_cancel_all: [1000,1744,com.android.vending,0,0,0,20,NULL]
04-12 20:44:20.552904  1744  2228 I notification_enqueue: [10231,7680,com.android.vending,-56862258,NULL,0,Notification(channel=maintenance-v2 shortcut=null contentView=null vibrate=null sound=null defaults=0 flags=ONGOING_EVENT|ONLY_ALERT_ONCE|FOREGROUND_SERVICE color=0xff01875f actions=2 vis=SECRET),1,1]
04-12 20:44:20.553354  1744  2228 I notification_cancel_all: [1000,1744,com.android.vending,0,0,0,20,NULL]
04-12 20:44:20.553482  1744  2228 I notification_cancel_all: [1000,1744,com.android.vending,0,0,0,20,NULL]
04-12 20:44:20.553696  1744  2228 I notification_cancel_all: [1000,1744,com.android.vending,0,0,0,20,NULL]
04-12 20:44:20.553941  1744  2228 I notification_cancel_all: [1000,1744,com.android.vending,0,0,0,20,NULL]
04-12 20:44:20.554209  1744  2228 I notification_cancel_all: [1000,1744,com.android.vending,0,0,0,20,NULL]
04-12 20:44:20.573750  1744  2228 I notification_cancel_all: [1000,1744,com.android.vending,0,0,0,20,NULL]
04-12 20:44:20.573978  1744  2228 I notification_cancel_all: [1000,1744,com.android.vending,0,0,0,20,NULL]
04-12 20:44:20.574167  1744  2228 I notification_cancel_all: [1000,1744,com.android.vending,0,0,0,20,NULL]
04-12 20:44:20.574313  1744  2228 I notification_cancel_all: [1000,1744,com.android.vending,0,0,0,20,NULL]
04-12 20:44:20.574897  1744  2228 I notification_cancel_all: [1000,1744,com.android.vending,0,0,0,20,NULL]
04-12 20:44:20.580492  1744  2228 I notification_cancel_all: [1000,1744,com.android.vending,0,0,0,20,NULL]
04-12 20:44:20.580659  1744  2228 I notification_cancel_all: [1000,1744,com.android.vending,0,0,0,20,NULL]
04-12 20:44:20.580795  1744  2228 I notification_cancel_all: [1000,1744,com.android.vending,0,0,0,20,NULL]
04-12 20:44:20.580941  1744  2228 I notification_cancel_all: [1000,1744,com.android.vending,0,0,0,20,NULL]
04-12 20:44:20.581061  1744  2228 I notification_cancel_all: [1000,1744,com.android.vending,0,0,0,20,NULL]
04-12 20:44:20.756529  1744  2228 I sysui_multi_action: [757,199,758,1,759,16,793,6589,794,0,795,208,796,-56862258,806,com.android.vending,857,maintenance-v2,858,2,947,0,1500,208,1688,4,1689,2,1690,1]
04-12 20:44:20.756670  1744  2228 I notification_alert: [0|com.android.vending|-56862258|null|10231,0,0,0,2,0]
04-12 20:44:20.772000  7792  7792 I auditd  : type=1400 audit(0.0:945): avc:  denied  { read } for  comm="Athena-Worker" name="rid" dev="proc" ino=4026533863 scontext=u:r:priv_app:s0:c512,c768 tcontext=u:object_r:proc_rid:s0 tclass=file permissive=0 app=com.transsion.globalsearch
04-12 20:44:20.776000  7792  7792 I auditd  : type=1400 audit(0.0:946): avc:  denied  { read } for  comm="Athena-Worker" name="u:object_r:serialno_prop:s0" dev="tmpfs" ino=413 scontext=u:r:priv_app:s0:c512,c768 tcontext=u:object_r:serialno_prop:s0 tclass=file permissive=0 app=com.transsion.globalsearch
04-12 20:44:20.800160  1744  1905 I commit_sys_config_file: [notification-policy,4]
04-12 20:44:20.909376  1744  2084 I commit_sys_config_file: [settings-0-0,1]
04-12 20:44:21.045439  1744  2207 I netstats_mobile_sample: [0,0,0,0,0,0,0,0,1775997862133]
04-12 20:44:21.045585  1744  2207 I netstats_wifi_sample: [11676873,647127,10189,3005,11628025,640375,10083,2967,1775997862133]
04-12 20:44:21.231643  1744  2228 I notification_cancel_all: [1000,1744,com.android.vending,0,0,0,20,NULL]
04-12 20:44:21.231912  1744  2228 I notification_cancel_all: [1000,1744,com.android.vending,0,0,0,20,NULL]
04-12 20:44:21.232115  1744  2228 I notification_cancel_all: [1000,1744,com.android.vending,0,0,0,20,NULL]
04-12 20:44:21.233074  1744  2228 I notification_cancel_all: [1000,1744,com.android.vending,0,0,0,20,NULL]
04-12 20:44:21.233248  1744  2228 I notification_cancel_all: [1000,1744,com.android.vending,0,0,0,20,NULL]
04-12 20:44:21.241920  1744  2228 I notification_enqueue: [10231,7680,com.android.vending,-56862258,NULL,0,Notification(channel=maintenance-v2 shortcut=null contentView=null vibrate=null sound=null defaults=0 flags=ONGOING_EVENT|ONLY_ALERT_ONCE|FOREGROUND_SERVICE color=0xff01875f actions=2 vis=SECRET),1,1]
04-12 20:44:21.242380  1744  2228 I notification_cancel_all: [1000,1744,com.android.vending,0,0,0,20,NULL]
04-12 20:44:21.242662  1744  2228 I notification_cancel_all: [1000,1744,com.android.vending,0,0,0,20,NULL]
04-12 20:44:21.242870  1744  2228 I notification_cancel_all: [1000,1744,com.android.vending,0,0,0,20,NULL]
04-12 20:44:21.243454  1744  2228 I notification_cancel_all: [1000,1744,com.android.vending,0,0,0,20,NULL]
04-12 20:44:21.243687  1744  2228 I notification_cancel_all: [1000,1744,com.android.vending,0,0,0,20,NULL]
04-12 20:44:21.252195  1744  2228 I notification_enqueue: [10231,7680,com.android.vending,-56862258,NULL,0,Notification(channel=maintenance-v2 shortcut=null contentView=null vibrate=null sound=null defaults=0 flags=ONGOING_EVENT|ONLY_ALERT_ONCE|FOREGROUND_SERVICE color=0xff01875f actions=2 vis=SECRET),1,1]
04-12 20:44:21.252733  1744  2228 I notification_cancel_all: [1000,1744,com.android.vending,0,0,0,20,NULL]
04-12 20:44:21.253003  1744  2228 I notification_cancel_all: [1000,1744,com.android.vending,0,0,0,20,NULL]
04-12 20:44:21.253229  1744  2228 I notification_cancel_all: [1000,1744,com.android.vending,0,0,0,20,NULL]
04-12 20:44:21.253361  1744  2228 I notification_cancel_all: [1000,1744,com.android.vending,0,0,0,20,NULL]
04-12 20:44:21.253465  1744  2228 I notification_cancel_all: [1000,1744,com.android.vending,0,0,0,20,NULL]
04-12 20:44:21.258697  1744  2228 I notification_cancel_all: [1000,1744,com.android.vending,0,0,0,20,NULL]
04-12 20:44:21.258955  1744  2228 I notification_cancel_all: [1000,1744,com.android.vending,0,0,0,20,NULL]
04-12 20:44:21.259173  1744  2228 I notification_cancel_all: [1000,1744,com.android.vending,0,0,0,20,NULL]
04-12 20:44:21.259378  1744  2228 I notification_cancel_all: [1000,1744,com.android.vending,0,0,0,20,NULL]
04-12 20:44:21.259427  1744  2228 I notification_cancel_all: [1000,1744,com.android.vending,0,0,0,20,NULL]
04-12 20:44:21.267381  1744  2228 I notification_enqueue: [10229,7451,com.google.android.setupwizard,9,NULL,0,Notification(channel=suw_consolidate_foreground_notification shortcut=null contentView=null vibrate=null sound=null defaults=0 flags=ONGOING_EVENT|ONLY_ALERT_ONCE|FOREGROUND_SERVICE|CAN_COLORIZE|SILENT color=0xff506352 vis=PUBLIC),0,1]
04-12 20:44:21.302848  1744  2228 I notification_cancel_all: [1000,1744,com.android.vending,0,0,0,20,NULL]
04-12 20:44:21.304352  1744  2228 I notification_cancel_all: [1000,1744,com.android.vending,0,0,0,20,NULL]
04-12 20:44:21.305062  1744  2228 I notification_cancel_all: [1000,1744,com.android.vending,0,0,0,20,NULL]
04-12 20:44:21.305928  1744  2228 I notification_cancel_all: [1000,1744,com.android.vending,0,0,0,20,NULL]
04-12 20:44:21.306343  1744  2228 I notification_cancel_all: [1000,1744,com.android.vending,0,0,0,20,NULL]
04-12 20:44:21.317931  1744  2228 I notification_enqueue: [10231,7680,com.android.vending,-56862258,NULL,0,Notification(channel=maintenance-v2 shortcut=null contentView=null vibrate=null sound=null defaults=0 flags=ONGOING_EVENT|ONLY_ALERT_ONCE|FOREGROUND_SERVICE color=0xff01875f actions=2 vis=SECRET),1,1]
04-12 20:44:21.318569  1744  2228 I notification_cancel_all: [1000,1744,com.android.vending,0,0,0,20,NULL]
04-12 20:44:21.318826  1744  2228 I notification_cancel_all: [1000,1744,com.android.vending,0,0,0,20,NULL]
04-12 20:44:21.319007  1744  2228 I notification_cancel_all: [1000,1744,com.android.vending,0,0,0,20,NULL]
04-12 20:44:21.319252  1744  2228 I notification_cancel_all: [1000,1744,com.android.vending,0,0,0,20,NULL]
04-12 20:44:21.319418  1744  2228 I notification_cancel_all: [1000,1744,com.android.vending,0,0,0,20,NULL]
04-12 20:44:21.334167  1744  2228 I notification_cancel_all: [1000,1744,com.android.vending,0,0,0,20,NULL]
04-12 20:44:21.334379  1744  2228 I notification_cancel_all: [1000,1744,com.android.vending,0,0,0,20,NULL]
04-12 20:44:21.335455  1744  2228 I notification_cancel_all: [1000,1744,com.android.vending,0,0,0,20,NULL]
04-12 20:44:21.335611  1744  2228 I notification_cancel_all: [1000,1744,com.android.vending,0,0,0,20,NULL]
04-12 20:44:21.335825  1744  2228 I notification_cancel_all: [1000,1744,com.android.vending,0,0,0,20,NULL]
04-12 20:44:21.344898  1744  2228 I notification_cancel_all: [1000,1744,com.android.vending,0,0,0,20,NULL]
04-12 20:44:21.345061  1744  2228 I notification_cancel_all: [1000,1744,com.android.vending,0,0,0,20,NULL]
04-12 20:44:21.345196  1744  2228 I notification_cancel_all: [1000,1744,com.android.vending,0,0,0,20,NULL]
04-12 20:44:21.345308  1744  2228 I notification_cancel_all: [1000,1744,com.android.vending,0,0,0,20,NULL]
04-12 20:44:21.345435  1744  2228 I notification_cancel_all: [1000,1744,com.android.vending,0,0,0,20,NULL]
04-12 20:44:21.443870  1744  2228 I sysui_multi_action: [757,199,758,1,759,16,793,7276,794,0,795,206,796,-56862258,806,com.android.vending,857,maintenance-v2,858,2,947,0,1500,206,1688,4,1689,2,1690,1]
04-12 20:44:21.443950  1744  2228 I notification_alert: [0|com.android.vending|-56862258|null|10231,0,0,0,2,0]
04-12 20:44:21.454258  1744  2228 I sysui_multi_action: [757,199,758,1,759,16,793,7287,794,0,795,207,796,-56862258,806,com.android.vending,857,maintenance-v2,858,2,947,0,1500,207,1688,4,1689,2,1690,1]
04-12 20:44:21.454331  1744  2228 I notification_alert: [0|com.android.vending|-56862258|null|10231,0,0,0,2,0]
04-12 20:44:21.468756  1744  2228 I sysui_multi_action: [757,1501,758,1,793,203,794,0,795,203,796,9,806,com.google.android.setupwizard,857,suw_consolidate_foreground_-e437bac7,858,3,947,0,1500,0,1688,1,1745,2098068913]
04-12 20:44:21.468805  1744  2228 I sysui_multi_action: [757,804,799,note_interruptive,801,0,802,1]
04-12 20:44:21.469263  1744  2228 I sysui_multi_action: [757,199,758,1,759,32,793,204,794,0,795,204,796,9,806,com.google.android.setupwizard,857,suw_consolidate_foreground_-e437bac7,858,3,947,0,1500,1,1688,1,1745,2098068913]
04-12 20:44:21.469289  1744  2228 I notification_alert: [0|com.google.android.setupwizard|9|null|10229,0,0,0,0,32]
04-12 20:44:21.488351  1744  1905 I commit_sys_config_file: [notification-policy,4]
04-12 20:44:21.519863  1744  2228 I sysui_multi_action: [757,199,758,1,759,16,793,7352,794,0,795,206,796,-56862258,806,com.android.vending,857,maintenance-v2,858,2,947,0,1500,206,1688,4,1689,2,1690,1]
04-12 20:44:21.519927  1744  2228 I notification_alert: [0|com.android.vending|-56862258|null|10231,0,0,0,2,0]
04-12 20:44:21.628405  1744  2228 I notification_cancel_all: [1000,1744,com.android.vending,0,0,0,20,NULL]
04-12 20:44:21.628684  1744  2228 I notification_cancel_all: [1000,1744,com.android.vending,0,0,0,20,NULL]
04-12 20:44:21.628902  1744  2228 I notification_cancel_all: [1000,1744,com.android.vending,0,0,0,20,NULL]
04-12 20:44:21.629675  1744  2228 I notification_cancel_all: [1000,1744,com.android.vending,0,0,0,20,NULL]
04-12 20:44:21.629852  1744  2228 I notification_cancel_all: [1000,1744,com.android.vending,0,0,0,20,NULL]
04-12 20:44:21.640152  1744  2228 I notification_enqueue: [10231,7680,com.android.vending,-56862258,NULL,0,Notification(channel=maintenance-v2 shortcut=null contentView=null vibrate=null sound=null defaults=0 flags=ONGOING_EVENT|ONLY_ALERT_ONCE|FOREGROUND_SERVICE color=0xff01875f actions=2 vis=SECRET),1,1]
04-12 20:44:21.640872  1744  2228 I notification_cancel_all: [1000,1744,com.android.vending,0,0,0,20,NULL]
04-12 20:44:21.641121  1744  2228 I notification_cancel_all: [1000,1744,com.android.vending,0,0,0,20,NULL]
04-12 20:44:21.641345  1744  2228 I notification_cancel_all: [1000,1744,com.android.vending,0,0,0,20,NULL]
04-12 20:44:21.641585  1744  2228 I notification_cancel_all: [1000,1744,com.android.vending,0,0,0,20,NULL]
04-12 20:44:21.641783  1744  2228 I notification_cancel_all: [1000,1744,com.android.vending,0,0,0,20,NULL]
04-12 20:44:21.650524  1744  2228 I notification_cancel_all: [1000,1744,com.android.vending,0,0,0,20,NULL]
04-12 20:44:21.650698  1744  2228 I notification_cancel_all: [1000,1744,com.android.vending,0,0,0,20,NULL]
04-12 20:44:21.650932  1744  2228 I notification_cancel_all: [1000,1744,com.android.vending,0,0,0,20,NULL]
04-12 20:44:21.651148  1744  2228 I notification_cancel_all: [1000,1744,com.android.vending,0,0,0,20,NULL]
04-12 20:44:21.651261  1744  2228 I notification_cancel_all: [1000,1744,com.android.vending,0,0,0,20,NULL]
04-12 20:44:21.657639  1744  2228 I notification_cancel_all: [1000,1744,com.android.vending,0,0,0,20,NULL]
04-12 20:44:21.657863  1744  2228 I notification_cancel_all: [1000,1744,com.android.vending,0,0,0,20,NULL]
04-12 20:44:21.658120  1744  2228 I notification_cancel_all: [1000,1744,com.android.vending,0,0,0,20,NULL]
04-12 20:44:21.658235  1744  2228 I notification_cancel_all: [1000,1744,com.android.vending,0,0,0,20,NULL]
04-12 20:44:21.658364  1744  2228 I notification_cancel_all: [1000,1744,com.android.vending,0,0,0,20,NULL]
04-12 20:44:21.843469  1744  2228 I sysui_multi_action: [757,199,758,1,759,16,793,7676,794,0,795,208,796,-56862258,806,com.android.vending,857,maintenance-v2,858,2,947,0,1500,208,1688,4,1689,2,1690,1]
04-12 20:44:21.843548  1744  2228 I notification_alert: [0|com.android.vending|-56862258|null|10231,0,0,0,2,0]
04-12 20:44:21.884352  1744  1905 I commit_sys_config_file: [notification-policy,4]
04-12 20:44:21.922918  1744  2228 I notification_cancel_all: [1000,1744,com.android.vending,0,0,0,20,NULL]
04-12 20:44:21.923178  1744  2228 I notification_cancel_all: [1000,1744,com.android.vending,0,0,0,20,NULL]
04-12 20:44:21.923396  1744  2228 I notification_cancel_all: [1000,1744,com.android.vending,0,0,0,20,NULL]
04-12 20:44:21.923706  1744  2228 I notification_cancel_all: [1000,1744,com.android.vending,0,0,0,20,NULL]
04-12 20:44:21.923916  1744  2228 I notification_cancel_all: [1000,1744,com.android.vending,0,0,0,20,NULL]
04-12 20:44:21.933353  1744  2228 I notification_enqueue: [10231,7680,com.android.vending,-56862258,NULL,0,Notification(channel=maintenance-v2 shortcut=null contentView=null vibrate=null sound=null defaults=0 flags=ONGOING_EVENT|ONLY_ALERT_ONCE|FOREGROUND_SERVICE color=0xff01875f actions=2 vis=SECRET),1,1]
04-12 20:44:21.933825  1744  2228 I notification_cancel_all: [1000,1744,com.android.vending,0,0,0,20,NULL]
04-12 20:44:21.933848  1744  2228 I notification_cancel_all: [1000,1744,com.android.vending,0,0,0,20,NULL]
04-12 20:44:21.934079  1744  2228 I notification_cancel_all: [1000,1744,com.android.vending,0,0,0,20,NULL]
04-12 20:44:21.934390  1744  2228 I notification_cancel_all: [1000,1744,com.android.vending,0,0,0,20,NULL]
04-12 20:44:21.934428  1744  2228 I notification_cancel_all: [1000,1744,com.android.vending,0,0,0,20,NULL]
04-12 20:44:22.137035  1744  2228 I sysui_multi_action: [757,199,758,1,759,16,793,7969,794,0,795,207,796,-56862258,806,com.android.vending,857,maintenance-v2,858,2,947,0,1500,207,1688,4,1689,2,1690,1]
04-12 20:44:22.137165  1744  2228 I notification_alert: [0|com.android.vending|-56862258|null|10231,0,0,0,2,0]
04-12 20:44:22.168866  1744  2084 I commit_sys_config_file: [settings-0-0,4]
04-12 20:44:22.177511  1744  1905 I commit_sys_config_file: [notification-policy,2]
04-12 20:44:22.185412  1744  2228 I notification_cancel_all: [1000,1744,com.android.vending,0,0,0,20,NULL]
04-12 20:44:22.186505  1744  2228 I notification_cancel_all: [1000,1744,com.android.vending,0,0,0,20,NULL]
04-12 20:44:22.186836  1744  2228 I notification_cancel_all: [1000,1744,com.android.vending,0,0,0,20,NULL]
04-12 20:44:22.186996  1744  2228 I notification_cancel_all: [1000,1744,com.android.vending,0,0,0,20,NULL]
04-12 20:44:22.187309  1744  2228 I notification_cancel_all: [1000,1744,com.android.vending,0,0,0,20,NULL]
04-12 20:44:22.197580  1744  2228 I notification_enqueue: [10231,7680,com.android.vending,-56862258,NULL,0,Notification(channel=maintenance-v2 shortcut=null contentView=null vibrate=null sound=null defaults=0 flags=ONGOING_EVENT|ONLY_ALERT_ONCE|FOREGROUND_SERVICE color=0xff01875f actions=2 vis=SECRET),1,1]
04-12 20:44:22.204338  1744  2228 I notification_cancel_all: [1000,1744,com.android.vending,0,0,0,20,NULL]
04-12 20:44:22.204545  1744  2228 I notification_cancel_all: [1000,1744,com.android.vending,0,0,0,20,NULL]
04-12 20:44:22.204813  1744  2228 I notification_cancel_all: [1000,1744,com.android.vending,0,0,0,20,NULL]
04-12 20:44:22.205065  1744  2228 I notification_cancel_all: [1000,1744,com.android.vending,0,0,0,20,NULL]
04-12 20:44:22.205284  1744  2228 I notification_cancel_all: [1000,1744,com.android.vending,0,0,0,20,NULL]
04-12 20:44:22.211962  1744  2228 I notification_cancel_all: [1000,1744,com.android.vending,0,0,0,20,NULL]
04-12 20:44:22.212157  1744  2228 I notification_cancel_all: [1000,1744,com.android.vending,0,0,0,20,NULL]
04-12 20:44:22.212320  1744  2228 I notification_cancel_all: [1000,1744,com.android.vending,0,0,0,20,NULL]
04-12 20:44:22.212445  1744  2228 I notification_cancel_all: [1000,1744,com.android.vending,0,0,0,20,NULL]
04-12 20:44:22.212570  1744  2228 I notification_cancel_all: [1000,1744,com.android.vending,0,0,0,20,NULL]
04-12 20:44:22.273470  1744  2228 I notification_cancel_all: [1000,1744,com.android.vending,0,0,0,20,NULL]
04-12 20:44:22.274348  1744  2228 I notification_cancel_all: [1000,1744,com.android.vending,0,0,0,20,NULL]
04-12 20:44:22.274545  1744  2228 I notification_cancel_all: [1000,1744,com.android.vending,0,0,0,20,NULL]
04-12 20:44:22.274757  1744  2228 I notification_cancel_all: [1000,1744,com.android.vending,0,0,0,20,NULL]
04-12 20:44:22.274925  1744  2228 I notification_cancel_all: [1000,1744,com.android.vending,0,0,0,20,NULL]
04-12 20:44:22.284123  1744  2228 I notification_enqueue: [10231,7680,com.android.vending,-56862258,NULL,0,Notification(channel=maintenance-v2 shortcut=null contentView=null vibrate=null sound=null defaults=0 flags=ONGOING_EVENT|ONLY_ALERT_ONCE|FOREGROUND_SERVICE color=0xff01875f actions=2 vis=SECRET),1,1]
04-12 20:44:22.288562  1744  2228 I notification_cancel_all: [1000,1744,com.android.vending,0,0,0,20,NULL]
04-12 20:44:22.288775  1744  2228 I notification_cancel_all: [1000,1744,com.android.vending,0,0,0,20,NULL]
04-12 20:44:22.288984  1744  2228 I notification_cancel_all: [1000,1744,com.android.vending,0,0,0,20,NULL]
04-12 20:44:22.289102  1744  2228 I notification_cancel_all: [1000,1744,com.android.vending,0,0,0,20,NULL]
04-12 20:44:22.289504  1744  2228 I notification_cancel_all: [1000,1744,com.android.vending,0,0,0,20,NULL]
04-12 20:44:22.296605  1744  2228 I notification_cancel_all: [1000,1744,com.android.vending,0,0,0,20,NULL]
04-12 20:44:22.296802  1744  2228 I notification_cancel_all: [1000,1744,com.android.vending,0,0,0,20,NULL]
04-12 20:44:22.296975  1744  2228 I notification_cancel_all: [1000,1744,com.android.vending,0,0,0,20,NULL]
04-12 20:44:22.297089  1744  2228 I notification_cancel_all: [1000,1744,com.android.vending,0,0,0,20,NULL]
04-12 20:44:22.297229  1744  2228 I notification_cancel_all: [1000,1744,com.android.vending,0,0,0,20,NULL]
04-12 20:44:22.302401  1744  2228 I notification_cancel_all: [1000,1744,com.android.vending,0,0,0,20,NULL]
04-12 20:44:22.302644  1744  2228 I notification_cancel_all: [1000,1744,com.android.vending,0,0,0,20,NULL]
04-12 20:44:22.302857  1744  2228 I notification_cancel_all: [1000,1744,com.android.vending,0,0,0,20,NULL]
04-12 20:44:22.303083  1744  2228 I notification_cancel_all: [1000,1744,com.android.vending,0,0,0,20,NULL]
04-12 20:44:22.303201  1744  2228 I notification_cancel_all: [1000,1744,com.android.vending,0,0,0,20,NULL]
04-12 20:44:22.399807  1744  2228 I sysui_multi_action: [757,199,758,1,759,16,793,8232,794,0,795,207,796,-56862258,806,com.android.vending,857,maintenance-v2,858,2,947,0,1500,207,1688,4,1689,2,1690,1]
04-12 20:44:22.399899  1744  2228 I notification_alert: [0|com.android.vending|-56862258|null|10231,0,0,0,2,0]
04-12 20:44:22.440330  1744  1905 I commit_sys_config_file: [notification-policy,1]
04-12 20:44:22.484959  1744  2228 I sysui_multi_action: [757,199,758,1,759,16,793,8317,794,0,795,205,796,-56862258,806,com.android.vending,857,maintenance-v2,858,2,947,0,1500,205,1688,4,1689,2,1690,1]
04-12 20:44:22.485011  1744  2228 I notification_alert: [0|com.android.vending|-56862258|null|10231,0,0,0,2,0]
04-12 20:44:22.901071  1744  2228 I notification_cancel_all: [1000,1744,com.android.vending,0,0,0,20,NULL]
04-12 20:44:22.901320  1744  2228 I notification_cancel_all: [1000,1744,com.android.vending,0,0,0,20,NULL]
04-12 20:44:22.901575  1744  2228 I notification_cancel_all: [1000,1744,com.android.vending,0,0,0,20,NULL]
04-12 20:44:22.901749  1744  2228 I notification_cancel_all: [1000,1744,com.android.vending,0,0,0,20,NULL]
04-12 20:44:22.902079  1744  2228 I notification_cancel_all: [1000,1744,com.android.vending,0,0,0,20,NULL]
04-12 20:44:22.912685  1744  2228 I notification_enqueue: [10231,7680,com.android.vending,-56862258,NULL,0,Notification(channel=maintenance-v2 shortcut=null contentView=null vibrate=null sound=null defaults=0 flags=ONGOING_EVENT|ONLY_ALERT_ONCE|FOREGROUND_SERVICE color=0xff01875f actions=2 vis=SECRET),1,1]
04-12 20:44:22.913329  1744  2228 I notification_cancel_all: [1000,1744,com.android.vending,0,0,0,20,NULL]
04-12 20:44:22.913369  1744  2228 I notification_cancel_all: [1000,1744,com.android.vending,0,0,0,20,NULL]
04-12 20:44:22.914055  1744  2228 I notification_cancel_all: [1000,1744,com.android.vending,0,0,0,20,NULL]
04-12 20:44:22.914266  1744  2228 I notification_cancel_all: [1000,1744,com.android.vending,0,0,0,20,NULL]
04-12 20:44:22.914470  1744  2228 I notification_cancel_all: [1000,1744,com.android.vending,0,0,0,20,NULL]
04-12 20:44:22.923562  1744  2228 I notification_enqueue: [10231,7680,com.android.vending,-56862258,NULL,0,Notification(channel=maintenance-v2 shortcut=null contentView=null vibrate=null sound=null defaults=0 flags=ONGOING_EVENT|ONLY_ALERT_ONCE|FOREGROUND_SERVICE color=0xff01875f actions=2 vis=SECRET),1,1]
04-12 20:44:22.924260  1744  2228 I notification_cancel_all: [1000,1744,com.android.vending,0,0,0,20,NULL]
04-12 20:44:22.924281  1744  2228 I notification_cancel_all: [1000,1744,com.android.vending,0,0,0,20,NULL]
04-12 20:44:22.924892  1744  2228 I notification_cancel_all: [1000,1744,com.android.vending,0,0,0,20,NULL]
04-12 20:44:22.925065  1744  2228 I notification_cancel_all: [1000,1744,com.android.vending,0,0,0,20,NULL]
04-12 20:44:22.925241  1744  2228 I notification_cancel_all: [1000,1744,com.android.vending,0,0,0,20,NULL]
04-12 20:44:22.936484  1744  2228 I notification_cancel_all: [1000,1744,com.android.vending,0,0,0,20,NULL]
04-12 20:44:22.936686  1744  2228 I notification_cancel_all: [1000,1744,com.android.vending,0,0,0,20,NULL]
04-12 20:44:22.937202  1744  2228 I notification_cancel_all: [1000,1744,com.android.vending,0,0,0,20,NULL]
04-12 20:44:22.937320  1744  2228 I notification_cancel_all: [1000,1744,com.android.vending,0,0,0,20,NULL]
04-12 20:44:22.937724  1744  2228 I notification_cancel_all: [1000,1744,com.android.vending,0,0,0,20,NULL]
04-12 20:44:23.117099  1744  2228 I sysui_multi_action: [757,199,758,1,759,16,793,8950,794,0,795,209,796,-56862258,806,com.android.vending,857,maintenance-v2,858,2,947,0,1500,209,1688,4,1689,2,1690,1]
04-12 20:44:23.117283  1744  2228 I notification_alert: [0|com.android.vending|-56862258|null|10231,0,0,0,2,0]
04-12 20:44:23.125068  1744  2228 I sysui_multi_action: [757,199,758,1,759,16,793,8958,794,0,795,206,796,-56862258,806,com.android.vending,857,maintenance-v2,858,2,947,0,1500,206,1688,4,1689,2,1690,1]
04-12 20:44:23.125185  1744  2228 I notification_alert: [0|com.android.vending|-56862258|null|10231,0,0,0,2,0]
04-12 20:44:23.156666  1744  1905 I commit_sys_config_file: [notification-policy,4]
04-12 20:44:23.156700  1744  2207 I netstats_mobile_sample: [0,0,0,0,0,0,0,0,1775997864245]
04-12 20:44:23.156801  1744  2207 I netstats_wifi_sample: [15579928,702337,13313,3482,15528456,694202,13204,3441,1775997864245]
04-12 20:44:23.234876  1744  2228 I notification_cancel_all: [1000,1744,com.android.vending,0,0,0,20,NULL]
04-12 20:44:23.236307  1744  2228 I notification_cancel_all: [1000,1744,com.android.vending,0,0,0,20,NULL]
04-12 20:44:23.236501  1744  2228 I notification_cancel_all: [1000,1744,com.android.vending,0,0,0,20,NULL]
04-12 20:44:23.236808  1744  2228 I notification_cancel_all: [1000,1744,com.android.vending,0,0,0,20,NULL]
04-12 20:44:23.237018  1744  2228 I notification_cancel_all: [1000,1744,com.android.vending,0,0,0,20,NULL]
04-12 20:44:23.244453  1744  2228 I notification_enqueue: [10231,7680,com.android.vending,-56862258,NULL,0,Notification(channel=maintenance-v2 shortcut=null contentView=null vibrate=null sound=null defaults=0 flags=ONGOING_EVENT|ONLY_ALERT_ONCE|FOREGROUND_SERVICE color=0xff01875f actions=2 vis=SECRET),1,1]
04-12 20:44:23.244903  1744  2228 I notification_cancel_all: [1000,1744,com.android.vending,0,0,0,20,NULL]
04-12 20:44:23.244922  1744  2228 I notification_cancel_all: [1000,1744,com.android.vending,0,0,0,20,NULL]
04-12 20:44:23.244932  1744  2228 I notification_cancel_all: [1000,1744,com.android.vending,0,0,0,20,NULL]
04-12 20:44:23.245121  1744  2228 I notification_cancel_all: [1000,1744,com.android.vending,0,0,0,20,NULL]
04-12 20:44:23.245903  1744  2228 I notification_cancel_all: [1000,1744,com.android.vending,0,0,0,20,NULL]
04-12 20:44:23.308052  1744  2228 I notification_cancel_all: [1000,1744,com.android.vending,0,0,0,20,NULL]
04-12 20:44:23.308430  1744  2228 I notification_cancel_all: [1000,1744,com.android.vending,0,0,0,20,NULL]
04-12 20:44:23.308684  1744  2228 I notification_cancel_all: [1000,1744,com.android.vending,0,0,0,20,NULL]
04-12 20:44:23.308956  1744  2228 I notification_cancel_all: [1000,1744,com.android.vending,0,0,0,20,NULL]
04-12 20:44:23.309195  1744  2228 I notification_cancel_all: [1000,1744,com.android.vending,0,0,0,20,NULL]
04-12 20:44:23.317547  1744  2228 I notification_enqueue: [10231,7680,com.android.vending,-56862258,NULL,0,Notification(channel=maintenance-v2 shortcut=null contentView=null vibrate=null sound=null defaults=0 flags=ONGOING_EVENT|ONLY_ALERT_ONCE|FOREGROUND_SERVICE color=0xff01875f actions=2 vis=SECRET),1,1]
04-12 20:44:23.318730  1744  2228 I notification_cancel_all: [1000,1744,com.android.vending,0,0,0,20,NULL]
04-12 20:44:23.318976  1744  2228 I notification_cancel_all: [1000,1744,com.android.vending,0,0,0,20,NULL]
04-12 20:44:23.319138  1744  2228 I notification_cancel_all: [1000,1744,com.android.vending,0,0,0,20,NULL]
04-12 20:44:23.319906  1744  2228 I notification_cancel_all: [1000,1744,com.android.vending,0,0,0,20,NULL]
04-12 20:44:23.320216  1744  2228 I notification_cancel_all: [1000,1744,com.android.vending,0,0,0,20,NULL]
04-12 20:44:23.448084  1744  2228 I sysui_multi_action: [757,199,758,1,759,16,793,9281,794,0,795,208,796,-56862258,806,com.android.vending,857,maintenance-v2,858,2,947,0,1500,208,1688,4,1689,2,1690,1]
04-12 20:44:23.448227  1744  2228 I notification_alert: [0|com.android.vending|-56862258|null|10231,0,0,0,2,0]
04-12 20:44:23.491893  1744  1905 I commit_sys_config_file: [notification-policy,4]
04-12 20:44:23.519992  1744  2228 I sysui_multi_action: [757,199,758,1,759,16,793,9352,794,0,795,206,796,-56862258,806,com.android.vending,857,maintenance-v2,858,2,947,0,1500,206,1688,4,1689,2,1690,1]
04-12 20:44:23.520079  1744  2228 I notification_alert: [0|com.android.vending|-56862258|null|10231,0,0,0,2,0]
04-12 20:44:24.186450  1744  2228 I notification_cancel_all: [1000,1744,com.android.vending,0,0,0,20,NULL]
04-12 20:44:24.186796  1744  2228 I notification_cancel_all: [1000,1744,com.android.vending,0,0,0,20,NULL]
04-12 20:44:24.187507  1744  2228 I notification_cancel_all: [1000,1744,com.android.vending,0,0,0,20,NULL]
04-12 20:44:24.187936  1744  2228 I notification_cancel_all: [1000,1744,com.android.vending,0,0,0,20,NULL]
04-12 20:44:24.188418  1744  2228 I notification_cancel_all: [1000,1744,com.android.vending,0,0,0,20,NULL]
04-12 20:44:24.197308  1744  2228 I notification_enqueue: [10231,7680,com.android.vending,-56862258,NULL,0,Notification(channel=maintenance-v2 shortcut=null contentView=null vibrate=null sound=null defaults=0 flags=ONGOING_EVENT|ONLY_ALERT_ONCE|FOREGROUND_SERVICE color=0xff01875f actions=2 vis=SECRET),1,1]
04-12 20:44:24.400219  1744  2228 I sysui_multi_action: [757,199,758,1,759,16,793,10233,794,0,795,208,796,-56862258,806,com.android.vending,857,maintenance-v2,858,2,947,0,1500,208,1688,4,1689,2,1690,1]
04-12 20:44:24.400381  1744  2228 I notification_alert: [0|com.android.vending|-56862258|null|10231,0,0,0,2,0]
04-12 20:44:24.444768  1744  1905 I commit_sys_config_file: [notification-policy,5]
04-12 20:44:25.225434  1744  2207 I netstats_mobile_sample: [0,0,0,0,0,0,0,0,1775997866313]
04-12 20:44:25.225570  1744  2207 I netstats_wifi_sample: [19674107,724200,16522,3827,19620043,716126,16410,3787,1775997866313]
04-12 20:44:26.189584  1744  2228 I notification_cancel_all: [1000,1744,com.android.vending,0,0,0,20,NULL]
04-12 20:44:26.189886  1744  2228 I notification_cancel_all: [1000,1744,com.android.vending,0,0,0,20,NULL]
04-12 20:44:26.190084  1744  2228 I notification_cancel_all: [1000,1744,com.android.vending,0,0,0,20,NULL]
04-12 20:44:26.190308  1744  2228 I notification_cancel_all: [1000,1744,com.android.vending,0,0,0,20,NULL]
04-12 20:44:26.190593  1744  2228 I notification_cancel_all: [1000,1744,com.android.vending,0,0,0,20,NULL]
04-12 20:44:26.200094  1744  2228 I notification_enqueue: [10231,7680,com.android.vending,-56862258,NULL,0,Notification(channel=maintenance-v2 shortcut=null contentView=null vibrate=null sound=null defaults=0 flags=ONGOING_EVENT|ONLY_ALERT_ONCE|FOREGROUND_SERVICE color=0xff01875f actions=2 vis=SECRET),1,1]
04-12 20:44:26.402497  1744  2228 I sysui_multi_action: [757,199,758,1,759,16,793,12235,794,0,795,207,796,-56862258,806,com.android.vending,857,maintenance-v2,858,2,947,0,1500,207,1688,4,1689,2,1690,1]
04-12 20:44:26.402649  1744  2228 I notification_alert: [0|com.android.vending|-56862258|null|10231,0,0,0,2,0]
04-12 20:44:26.445635  1744  1905 I commit_sys_config_file: [notification-policy,4]
04-12 20:44:26.932000  4598  4598 I auditd  : type=1400 audit(0.0:948): avc:  denied  { read } for  comm="chbox:googleapp" name="u:object_r:system_trancare_prop:s0" dev="tmpfs" ino=554 scontext=u:r:priv_app:s0:c512,c768 tcontext=u:object_r:system_trancare_prop:s0 tclass=file permissive=0 app=com.google.android.googlequicksearchbox
04-12 20:44:26.936000  5451  5451 I auditd  : type=1400 audit(0.0:949): avc:  denied  { read } for  comm="earchbox:search" name="u:object_r:system_trancare_prop:s0" dev="tmpfs" ino=554 scontext=u:r:priv_app:s0:c512,c768 tcontext=u:object_r:system_trancare_prop:s0 tclass=file permissive=0 app=com.google.android.googlequicksearchbox
04-12 20:44:26.936000  4598  4598 I auditd  : type=1400 audit(0.0:950): avc:  denied  { read } for  comm="chbox:googleapp" name="u:object_r:vendor_irtx_prop:s0" dev="tmpfs" ino=614 scontext=u:r:priv_app:s0:c512,c768 tcontext=u:object_r:vendor_irtx_prop:s0 tclass=file permissive=0 app=com.google.android.googlequicksearchbox
04-12 20:44:26.936000  4598  4598 I auditd  : type=1400 audit(0.0:951): avc:  denied  { read } for  comm="chbox:googleapp" name="u:object_r:qemu_hw_prop:s0" dev="tmpfs" ino=396 scontext=u:r:priv_app:s0:c512,c768 tcontext=u:object_r:qemu_hw_prop:s0 tclass=file permissive=0 app=com.google.android.googlequicksearchbox
04-12 20:44:26.936000  5451  5451 I auditd  : type=1400 audit(0.0:952): avc:  denied  { read } for  comm="earchbox:search" name="u:object_r:vendor_irtx_prop:s0" dev="tmpfs" ino=614 scontext=u:r:priv_app:s0:c512,c768 tcontext=u:object_r:vendor_irtx_prop:s0 tclass=file permissive=0 app=com.google.android.googlequicksearchbox
04-12 20:44:27.309779  1744  2207 I netstats_mobile_sample: [0,0,0,0,0,0,0,0,1775997868398]
04-12 20:44:27.310056  1744  2207 I netstats_wifi_sample: [23760706,744913,19731,4164,23706538,736778,19617,4123,1775997868398]
04-12 20:44:27.427414  1744  1744 I dvm_lock_sample: [system_server,1,main,5,DeviceIdleController.java,3340,int[] com.android.server.DeviceIdleController.getAppIdTempWhitelistInternal(),-,3537,void com.android.server.DeviceIdleController.checkTempAppWhitelistTimeout(int),1]
04-12 20:44:28.060000  6673  6673 I auditd  : type=1400 audit(0.0:957): avc:  denied  { getopt } for  comm="FinalizerDaemon" path="/dev/socket/usap_pool_primary" scontext=u:r:priv_app:s0:c512,c768 tcontext=u:r:zygote:s0 tclass=unix_stream_socket permissive=0 app=com.sh.smart.caller
04-12 20:44:28.187077  1744  2228 I notification_cancel_all: [1000,1744,com.android.vending,0,0,0,20,NULL]
04-12 20:44:28.187439  1744  2228 I notification_cancel_all: [1000,1744,com.android.vending,0,0,0,20,NULL]
04-12 20:44:28.187822  1744  2228 I notification_cancel_all: [1000,1744,com.android.vending,0,0,0,20,NULL]
04-12 20:44:28.188476  1744  2228 I notification_cancel_all: [1000,1744,com.android.vending,0,0,0,20,NULL]
04-12 20:44:28.188664  1744  2228 I notification_cancel_all: [1000,1744,com.android.vending,0,0,0,20,NULL]
04-12 20:44:28.196837  1744  2228 I notification_enqueue: [10231,7680,com.android.vending,-56862258,NULL,0,Notification(channel=maintenance-v2 shortcut=null contentView=null vibrate=null sound=null defaults=0 flags=ONGOING_EVENT|ONLY_ALERT_ONCE|FOREGROUND_SERVICE color=0xff01875f actions=2 vis=SECRET),1,1]
04-12 20:44:28.399343  1744  2228 I sysui_multi_action: [757,199,758,1,759,16,793,14232,794,0,795,207,796,-56862258,806,com.android.vending,857,maintenance-v2,858,2,947,0,1500,207,1688,4,1689,2,1690,1]
04-12 20:44:28.399428  1744  2228 I notification_alert: [0|com.android.vending|-56862258|null|10231,0,0,0,2,0]
04-12 20:44:28.424000  6464  6464 I auditd  : type=1400 audit(0.0:958): avc:  denied  { getopt } for  comm="FinalizerDaemon" path="/dev/socket/usap_pool_primary" scontext=u:r:priv_app:s0:c512,c768 tcontext=u:r:zygote:s0 tclass=unix_stream_socket permissive=0 app=com.google.android.onetimeinitializer
04-12 20:44:28.442951  1744  1905 I commit_sys_config_file: [notification-policy,3]
04-12 20:44:29.374144  1744  2207 I netstats_mobile_sample: [0,0,0,0,0,0,0,0,1775997870462]
04-12 20:44:29.374273  1744  2207 I netstats_wifi_sample: [27852862,766676,22933,4489,27799972,758480,22820,4447,1775997870462]
04-12 20:44:29.874015  1744  2267 I sysui_multi_action: [757,1717,758,1,759,0]
04-12 20:44:29.874078  1744  2267 I sysui_multi_action: [757,1717,758,2,759,3]
04-12 20:44:29.874085  1744  2267 I sysui_multi_action: [757,1717,758,3,759,2]
04-12 20:44:30.158660  1744  2535 I am_uid_stopped: 10194
04-12 20:44:30.162702  1744  2535 I am_proc_died: [0,4841,com.transsion.airtransfer,905,19]
04-12 20:44:30.188020  1744  2228 I notification_cancel_all: [1000,1744,com.android.vending,0,0,0,20,NULL]
04-12 20:44:30.188362  1744  2228 I notification_cancel_all: [1000,1744,com.android.vending,0,0,0,20,NULL]
04-12 20:44:30.189005  1744  2228 I notification_cancel_all: [1000,1744,com.android.vending,0,0,0,20,NULL]
04-12 20:44:30.189392  1744  2228 I notification_cancel_all: [1000,1744,com.android.vending,0,0,0,20,NULL]
04-12 20:44:30.189462  1744  2228 I notification_cancel_all: [1000,1744,com.android.vending,0,0,0,20,NULL]
04-12 20:44:30.202396  1744  2228 I notification_enqueue: [10231,7680,com.android.vending,-56862258,NULL,0,Notification(channel=maintenance-v2 shortcut=null contentView=null vibrate=null sound=null defaults=0 flags=ONGOING_EVENT|ONLY_ALERT_ONCE|FOREGROUND_SERVICE color=0xff01875f actions=2 vis=SECRET),1,1]
04-12 20:44:30.406221  1744  2228 I sysui_multi_action: [757,199,758,1,759,16,793,16239,794,0,795,211,796,-56862258,806,com.android.vending,857,maintenance-v2,858,2,947,0,1500,211,1688,4,1689,2,1690,1]
04-12 20:44:30.406467  1744  2228 I notification_alert: [0|com.android.vending|-56862258|null|10231,0,0,0,2,0]
04-12 20:44:30.444333  1744  1905 I commit_sys_config_file: [notification-policy,4]
04-12 20:44:30.876000  7304  7304 I auditd  : type=1400 audit(0.0:959): avc:  denied  { getopt } for  comm="FinalizerDaemon" path="/dev/socket/usap_pool_primary" scontext=u:r:untrusted_app:s0:c243,c256,c512,c768 tcontext=u:r:zygote:s0 tclass=unix_stream_socket permissive=0 app=com.google.android.inputmethod.latin
04-12 20:44:30.957063  1744  1941 I am_proc_start: [0,8250,10190,com.transsion.aivoiceassistant,service,{com.transsion.aivoiceassistant/com.google.android.datatransport.runtime.scheduling.jobscheduling.JobInfoSchedulerService},trigger = job,caller=system/1000]
04-12 20:44:30.980038  1744  3085 I am_proc_bound: [0,8250,com.transsion.aivoiceassistant]
04-12 20:44:30.980000  8250  8250 I auditd  : type=1400 audit(0.0:960): avc:  denied  { read write } for  comm="re-initialized>" name="ensignal" dev="tmpfs" ino=2080 scontext=u:r:platform_app:s0:c512,c768 tcontext=u:object_r:ensignal_device:s0 tclass=chr_file permissive=0 app=com.transsion.aivoiceassistant
04-12 20:44:30.980000  8250  8250 I auditd  : type=1400 audit(0.0:961): avc:  denied  { read write } for  comm="re-initialized>" name="ensignal" dev="tmpfs" ino=2080 scontext=u:r:platform_app:s0:c512,c768 tcontext=u:object_r:ensignal_device:s0 tclass=chr_file permissive=0 app=com.transsion.aivoiceassistant
04-12 20:44:30.984000  6786  6786 I auditd  : type=1400 audit(0.0:962): avc:  denied  { getopt } for  comm="FinalizerDaemon" path="/dev/socket/usap_pool_primary" scontext=u:r:priv_app:s0:c512,c768 tcontext=u:r:zygote:s0 tclass=unix_stream_socket permissive=0 app=com.google.android.projection.gearhead
04-12 20:44:30.984000  7426  7426 I auditd  : type=1400 audit(0.0:963): avc:  denied  { getopt } for  comm="FinalizerDaemon" path="/dev/socket/usap_pool_primary" scontext=u:r:priv_app:s0:c512,c768 tcontext=u:r:zygote:s0 tclass=unix_stream_socket permissive=0 app=com.google.android.projection.gearhead
04-12 20:44:31.020000  6183  6183 I auditd  : type=1400 audit(0.0:964): avc:  denied  { read } for  comm="binder:6183_5" name="u:object_r:system_adbd_prop:s0" dev="tmpfs" ino=434 scontext=u:r:gmscore_app:s0:c512,c768 tcontext=u:object_r:system_adbd_prop:s0 tclass=file permissive=0 app=com.google.android.gms
04-12 20:44:31.024000  6183  6183 I auditd  : type=1400 audit(0.0:965): avc:  denied  { read } for  comm="binder:6183_5" name="u:object_r:adbd_prop:s0" dev="tmpfs" ino=153 scontext=u:r:gmscore_app:s0:c512,c768 tcontext=u:object_r:adbd_prop:s0 tclass=file permissive=0 app=com.google.android.gms
04-12 20:44:31.140388  3883  8247 I gms_unknown: [5,0,0]
04-12 20:44:31.140887  3883  8247 I gms_unknown: [CheckinTask:SentRequest,54933]
04-12 20:44:31.320000  8250  8250 I auditd  : type=1400 audit(0.0:966): avc:  denied  { read } for  comm=4F6E65494420576F726B6572 name="u:object_r:vendor_security_patch_level_prop:s0" dev="tmpfs" ino=888 scontext=u:r:platform_app:s0:c512,c768 tcontext=u:object_r:vendor_security_patch_level_prop:s0 tclass=file permissive=0 app=com.transsion.aivoiceassistant
04-12 20:44:31.416148  1744  2084 I commit_sys_config_file: [settings-0-0,3]
04-12 20:44:31.437836  1744  2207 I netstats_mobile_sample: [0,0,0,0,0,0,0,0,1775997872526]
04-12 20:44:31.438002  1744  2207 I netstats_wifi_sample: [31936935,801391,26170,4894,31886122,791995,26053,4852,1775997872526]
04-12 20:44:31.867872  3883  8247 I gms_unknown: [CheckinTask:ReceivedResponse,55660]
04-12 20:44:31.908551  1744  4486 I am_uid_idle: 10160
04-12 20:44:31.921145  3883  8247 I gms_unknown: [6,0,0,0,0]
04-12 20:44:31.921243  3883  8247 I gms_unknown: [5,0,0]
04-12 20:44:31.921284  3883  8247 I gms_unknown: 119
04-12 20:44:31.933796  3883  8247 I gms_unknown: 24
04-12 20:44:31.933828  3883  8247 I gms_unknown: [CheckinTask:duration,992]
04-12 20:44:31.970827  2434  6292 I service_manager_stats: [200,139,55763]
04-12 20:44:32.015833  1744  2294 I sync    : [com.google.android.gms.chromesync,0,3,-1543423057]
04-12 20:44:32.057500  1744  2294 I sync    : [com.google.android.gms.chromesync,1,3,-1543423057]
04-12 20:44:32.065973  1744  4097 I pm_critical_info: setEnabledSettings callingUid = 10221 callingPid = 5946 packageName = com.android.vending componentName = null callingPackage= com.google.android.partnersetup newState = 1 userId = 0 flags = 1
04-12 20:44:32.067139  1744  3085 I pm_critical_info: setEnabledSettings callingUid = 10221 callingPid = 5946 packageName = com.google.android.apps.maps componentName = null callingPackage= com.google.android.partnersetup newState = 1 userId = 0 flags = 1
04-12 20:44:32.068033  1744  3085 I pm_critical_info: setEnabledSettings callingUid = 10221 callingPid = 5946 packageName = com.google.android.videos componentName = null callingPackage= com.google.android.partnersetup newState = 2 userId = 0 flags = 0
04-12 20:44:32.068829  1744  3085 I pm_critical_info: setEnabledSettings callingUid = 10221 callingPid = 5946 packageName = com.google.android.youtube componentName = null callingPackage= com.google.android.partnersetup newState = 1 userId = 0 flags = 1
04-12 20:44:32.188900  1744  2228 I notification_cancel_all: [1000,1744,com.android.vending,0,0,0,20,NULL]
04-12 20:44:32.189714  1744  2228 I notification_cancel_all: [1000,1744,com.android.vending,0,0,0,20,NULL]
04-12 20:44:32.190306  1744  2228 I notification_cancel_all: [1000,1744,com.android.vending,0,0,0,20,NULL]
04-12 20:44:32.190675  1744  2228 I notification_cancel_all: [1000,1744,com.android.vending,0,0,0,20,NULL]
04-12 20:44:32.191771  1744  2228 I notification_cancel_all: [1000,1744,com.android.vending,0,0,0,20,NULL]
