04-12 20:44:10.360000  6183  6183 I auditd  : type=1400 audit(0.0:791): avc:  denied  { read } for  comm="binder:6183_3" name="u:object_r:system_adbd_prop:s0" dev="tmpfs" ino=434 scontext=u:r:gmscore_app:s0:c512,c768 tcontext=u:object_r:system_adbd_prop:s0 tclass=file permissive=0 app=com.google.android.gms
04-12 20:44:10.360000  6183  6183 I auditd  : type=1400 audit(0.0:792): avc:  denied  { read } for  comm="binder:6183_3" name="u:object_r:adbd_prop:s0" dev="tmpfs" ino=153 scontext=u:r:gmscore_app:s0:c512,c768 tcontext=u:object_r:adbd_prop:s0 tclass=file permissive=0 app=com.google.android.gms
04-12 20:44:10.427982  1744  4103 I am_uid_active: 10254
04-12 20:44:10.430860  1744  4454 I dvm_lock_sample: [system_server,1,binder:1744_1A,22,ContentProviderHelper.java,207,android.app.ContentProviderHolder com.android.server.am.ContentProviderHelper.getContentProviderImpl(android.app.IApplicationThread, java.lang.String, android.os.IBinder, int, java.lang.String, java.lang.String, boolean, int),,0,null,4]
04-12 20:44:10.433021  1744  3085 I dvm_lock_sample: [system_server,1,binder:1744_13,32,BroadcastController.java,532,android.content.Intent com.android.server.am.BroadcastController.registerReceiverWithFeatureTraced(android.app.IApplicationThread, java.lang.String, java.lang.String, java.lang.String, android.content.IIntentReceiver, android.content.IntentFilter, java.lang.String, int, int),,0,null,6]
04-12 20:44:10.443887  1744  1940 I am_uid_running: 10213
04-12 20:44:10.448143  1744  1929 I dvm_lock_sample: [system_server,1,android.bg,32,ContentProviderHelper.java,1677,void com.android.server.am.ContentProviderHelper.handleProviderRemoval(com.android.server.am.ContentProviderConnection, boolean, boolean),,0,null,6]
04-12 20:44:10.503246  1744  1846 I am_proc_start: [0,7147,10213,com.google.android.configupdater,broadcast,{com.google.android.configupdater/com.google.android.configupdater.MainReceiver},action = android.intent.action.BOOT_COMPLETED]
04-12 20:44:10.505941  1744  1846 I am_proc_bound: [0,7147,com.google.android.configupdater]
04-12 20:44:10.569171  1744  2923 I am_uid_active: 10213
04-12 20:44:10.594606  1744  1940 I am_uid_running: 10243
04-12 20:44:10.608588  1744  1941 I am_proc_start: [0,7326,10212,com.google.android.projection.gearhead:provider,content provider,{com.google.android.projection.gearhead/com.google.android.apps.auto.components.projectionstate.ProjectionStateProvider},caller=com.google.android.apps.tachyon/10254]
04-12 20:44:10.639956  1744  1941 I am_proc_start: [0,7304,10243,com.google.android.inputmethod.latin,broadcast,{com.google.android.inputmethod.latin/androidx.work.impl.background.systemalarm.RescheduleReceiver},action = android.intent.action.BOOT_COMPLETED]
04-12 20:44:10.647572  1744  2533 I am_proc_bound: [0,7326,com.google.android.projection.gearhead:provider]
04-12 20:44:10.652253  1744  4104 I am_proc_bound: [0,7304,com.google.android.inputmethod.latin]
04-12 20:44:10.687350  1744  1905 I commit_sys_config_file: [jobs,1]
04-12 20:44:10.702046  1744  4454 I dvm_lock_sample: [system_server,1,binder:1744_1A,11,ActivityManagerService.java,15319,void com.android.server.am.ActivityManagerService.publishService(android.os.IBinder, android.content.Intent, android.os.IBinder),,0,null,2]
04-12 20:44:10.835128  1744  4486 I am_uid_active: 10243
04-12 20:44:10.849889  1744  1940 I am_uid_running: 10222
04-12 20:44:10.867294  1744  1941 I am_proc_start: [0,7355,10222,com.google.android.packageinstaller,broadcast,{com.google.android.packageinstaller/com.android.packageinstaller.common.TemporaryFileManager},action = android.intent.action.BOOT_COMPLETED]
04-12 20:44:10.877129  1744  4454 I am_proc_bound: [0,7355,com.google.android.packageinstaller]
04-12 20:44:10.888129  1744  1940 I am_wtf  : [0,1744,system_server,-1,JobScheduler.JobStatus,App com.google.android.inputmethod.latin became active but still in NEVER bucket]
04-12 20:44:10.888675  1744  1940 I am_wtf  : [0,1744,system_server,-1,JobScheduler.JobStatus,App com.google.android.inputmethod.latin became active but still in NEVER bucket]
04-12 20:44:10.888756  1744  1940 I am_wtf  : [0,1744,system_server,-1,JobScheduler.JobStatus,App com.google.android.inputmethod.latin became active but still in NEVER bucket]
04-12 20:44:10.888914  1744  1940 I am_wtf  : [0,1744,system_server,-1,JobScheduler.JobStatus,App com.google.android.inputmethod.latin became active but still in NEVER bucket]
04-12 20:44:10.889045  1744  1940 I am_wtf  : [0,1744,system_server,-1,JobScheduler.JobStatus,App com.google.android.inputmethod.latin became active but still in NEVER bucket]
04-12 20:44:10.892552  1744  1940 I am_wtf  : [0,1744,system_server,-1,JobScheduler.JobStatus,App com.google.android.inputmethod.latin became active but still in NEVER bucket]
04-12 20:44:10.896357  1744  1940 I am_wtf  : [0,1744,system_server,-1,JobScheduler.JobStatus,App com.google.android.inputmethod.latin became active but still in NEVER bucket]
04-12 20:44:10.897611  1744  1940 I am_wtf  : [0,1744,system_server,-1,JobScheduler.JobStatus,App com.google.android.inputmethod.latin became active but still in NEVER bucket]
04-12 20:44:10.898817  1744  1940 I am_wtf  : [0,1744,system_server,-1,JobScheduler.JobStatus,App com.google.android.inputmethod.latin became active but still in NEVER bucket]
04-12 20:44:10.899839  1744  1940 I am_wtf  : [0,1744,system_server,-1,JobScheduler.JobStatus,App com.google.android.inputmethod.latin became active but still in NEVER bucket]
04-12 20:44:10.900600  1744  1940 I am_wtf  : [0,1744,system_server,-1,JobScheduler.JobStatus,App com.google.android.inputmethod.latin became active but still in NEVER bucket]
04-12 20:44:10.903841  1744  4103 I am_uid_active: 10222
04-12 20:44:10.904453  1744  1940 I am_wtf  : [0,1744,system_server,-1,JobScheduler.JobStatus,App com.google.android.inputmethod.latin became active but still in NEVER bucket]
04-12 20:44:10.918583  1744  1941 I am_proc_start: [0,7426,10212,com.google.android.projection.gearhead:car,broadcast,{com.google.android.projection.gearhead/com.google.android.apps.auto.carservice.frx.FrxReceiver},action = android.intent.action.BOOT_COMPLETED]
04-12 20:44:10.934374  1744  4454 I am_proc_bound: [0,7426,com.google.android.projection.gearhead:car]
04-12 20:44:10.954793  1744  1940 I am_wtf  : [0,1744,system_server,-1,JobScheduler.JobStatus,App com.google.android.inputmethod.latin became active but still in NEVER bucket]
04-12 20:44:10.977166  1744  2497 I commit_sys_config_file: [input-subtypes,2]
04-12 20:44:11.002629  1744  1940 I am_wtf  : [0,1744,system_server,-1,JobScheduler.JobStatus,App com.google.android.inputmethod.latin became active but still in NEVER bucket]
04-12 20:44:11.014331  1744  1940 I am_wtf  : [0,1744,system_server,-1,JobScheduler.JobStatus,App com.google.android.inputmethod.latin became active but still in NEVER bucket]
04-12 20:44:11.022812  1744  1940 I am_uid_running: 10229
04-12 20:44:11.032249  1744  1940 I am_wtf  : [0,1744,system_server,-1,JobScheduler.JobStatus,App com.google.android.inputmethod.latin became active but still in NEVER bucket]
04-12 20:44:11.051984  1744  1940 I am_wtf  : [0,1744,system_server,-1,JobScheduler.JobStatus,App com.google.android.inputmethod.latin became active but still in NEVER bucket]
04-12 20:44:11.052444  1744  1941 I am_proc_start: [0,7451,10229,com.google.android.setupwizard,broadcast,{com.google.android.setupwizard/com.google.android.setupwizard.pairing.PairingBootReceiver},action = android.intent.action.BOOT_COMPLETED]
04-12 20:44:11.054842  1744  2925 I am_proc_bound: [0,7451,com.google.android.setupwizard]
04-12 20:44:11.063014  1744  1940 I am_wtf  : [0,1744,system_server,-1,JobScheduler.JobStatus,App com.google.android.inputmethod.latin became active but still in NEVER bucket]
04-12 20:44:11.068775  1744  1940 I am_wtf  : [0,1744,system_server,-1,JobScheduler.JobStatus,App com.google.android.inputmethod.latin became active but still in NEVER bucket]
04-12 20:44:11.197717  1744  2923 I am_uid_active: 10229
04-12 20:44:11.203411  1744  1941 I am_proc_start: [0,7496,1000,com.mediatek.omacp,broadcast,{com.mediatek.omacp/com.mediatek.omacp.message.OmacpReceiver},action = android.intent.action.BOOT_COMPLETED]
04-12 20:44:11.229245  1744  2925 I am_proc_bound: [0,7496,com.mediatek.omacp]
04-12 20:44:11.228000  7496  7496 I auditd  : type=1400 audit(0.0:814): avc:  denied  { read write } for  comm="re-initialized>" name="ensignal" dev="tmpfs" ino=2080 scontext=u:r:system_app:s0 tcontext=u:object_r:ensignal_device:s0 tclass=chr_file permissive=0
04-12 20:44:11.255254  1744  2923 I am_foreground_service_start: [0,com.google.android.setupwizard/.notification.SetupNotificationService,1,BACKGROUND_ACTIVITY_PERMISSION,36,36,0,0,0,1,UNKNOWN,1073741824]
04-12 20:44:11.280335  1744  1941 I am_proc_start: [0,7519,1000,com.mediatek.schpwronoff,broadcast,{com.mediatek.schpwronoff/com.mediatek.schpwronoff.AlarmInitReceiver},action = android.intent.action.BOOT_COMPLETED]
04-12 20:44:11.300836  1744  2925 I am_proc_bound: [0,7519,com.mediatek.schpwronoff]
04-12 20:44:11.296000  7519  7519 I auditd  : type=1400 audit(0.0:815): avc:  denied  { read write } for  comm="re-initialized>" name="ensignal" dev="tmpfs" ino=2080 scontext=u:r:system_app:s0 tcontext=u:object_r:ensignal_device:s0 tclass=chr_file permissive=0
04-12 20:44:11.300000  7519  7519 I auditd  : type=1400 audit(0.0:816): avc:  denied  { read write } for  comm="re-initialized>" name="ensignal" dev="tmpfs" ino=2080 scontext=u:r:system_app:s0 tcontext=u:object_r:ensignal_device:s0 tclass=chr_file permissive=0
04-12 20:44:11.306296  1744  2021 I am_foreground_service_start: [0,com.mediatek.omacp/.message.OmacpReceiverService,1,PROC_STATE_PERSISTENT,36,36,0,0,0,1,UNKNOWN,1]
04-12 20:44:11.309381  1744  2228 I notification_enqueue: [1000,7496,com.mediatek.omacp,126,NULL,0,Notification(channel=omacp_notification_channel shortcut=null contentView=null vibrate=null sound=null defaults=0 flags=FOREGROUND_SERVICE|CAN_COLORIZE|SILENT color=0x00000000 vis=PRIVATE),0,1]
04-12 20:44:11.315686  1744  2021 I am_foreground_service_stop: [0,com.mediatek.omacp/.message.OmacpReceiverService,1,PROC_STATE_PERSISTENT,36,36,0,0,10,1,STOP_SERVICE,1]
04-12 20:44:11.336000  7519  7519 I auditd  : type=1400 audit(0.0:817): avc:  denied  { map } for  comm="IntentService[A" path="/dev/__properties__/u:object_r:vendor_irtx_prop:s0" dev="tmpfs" ino=614 scontext=u:r:system_app:s0 tcontext=u:object_r:vendor_irtx_prop:s0 tclass=file permissive=0
04-12 20:44:11.336000  7519  7519 I auditd  : type=1400 audit(0.0:818): avc:  denied  { read } for  comm="IntentService[A" name="u:object_r:qemu_hw_prop:s0" dev="tmpfs" ino=396 scontext=u:r:system_app:s0 tcontext=u:object_r:qemu_hw_prop:s0 tclass=file permissive=0
04-12 20:44:11.361485  1744  2228 I sysui_multi_action: [757,128,758,5,759,8,793,54,794,0,795,54,796,126,806,com.mediatek.omacp,857,omacp_notification_channel,858,3,947,0,1500,54,1688,1]
04-12 20:44:11.361630  1744  2228 I notification_canceled: [0|com.mediatek.omacp|126|null|1000,8,54,54,0,-1,-1,NULL]
04-12 20:44:11.385133  1744  1940 I am_uid_running: 10241
04-12 20:44:11.402974  1744  1941 I am_proc_start: [0,7569,10241,com.android.chrome,broadcast,{com.android.chrome/com.google.android.apps.chrome.rlz.RevenueStatsConfigurationUpdateReceiver},caller=com.google.android.partnersetup/10221,action = com.google.android.partnersetup.action.CONFIGURATION_UPDATE]
04-12 20:44:11.416869  1744  2021 I am_proc_bound: [0,7569,com.android.chrome]
04-12 20:44:12.456823  1744  2941 I am_meminfo: [3579109376,1588445184,20480,1039196160,1087520768]
04-12 20:44:12.578828  1744  2923 I am_uid_idle: 10160
04-12 20:44:13.064000  6528  6528 I auditd  : type=1400 audit(0.0:887): avc:  denied  { read } for  comm="Athena-Worker" name="rid" dev="proc" ino=4026533863 scontext=u:r:priv_app:s0:c512,c768 tcontext=u:object_r:proc_rid:s0 tclass=file permissive=0 app=com.scorpio.securitycom
04-12 20:44:13.306380  1744  1972 I commit_sys_config_file: [package-user-0,13]
04-12 20:44:13.821494  1744  1941 I am_proc_start: [0,7680,10231,com.android.vending:background,service,{com.android.vending/com.google.frameworks.client.data.android.server.play.BackgroundProcessEndpointService},caller=com.android.vending/10231]
04-12 20:44:13.837156  1744  2923 I am_proc_bound: [0,7680,com.android.vending:background]
04-12 20:44:13.836000  7680  7680 I auditd  : type=1400 audit(0.0:888): avc:  denied  { read write } for  comm="re-initialized>" name="ensignal" dev="tmpfs" ino=2080 scontext=u:r:priv_app:s0:c512,c768 tcontext=u:object_r:ensignal_device:s0 tclass=chr_file permissive=0 app=com.android.vending
04-12 20:44:13.836000  7680  7680 I auditd  : type=1400 audit(0.0:889): avc:  denied  { read write } for  comm="re-initialized>" name="ensignal" dev="tmpfs" ino=2080 scontext=u:r:priv_app:s0:c512,c768 tcontext=u:object_r:ensignal_device:s0 tclass=chr_file permissive=0 app=com.android.vending
04-12 20:44:14.060153  1744  2228 I notification_cancel_all: [1000,1744,com.android.vending,0,0,0,20,NULL]
04-12 20:44:14.060311  1744  2228 I notification_cancel_all: [1000,1744,com.android.vending,0,0,0,20,NULL]
04-12 20:44:14.060619  1744  2228 I notification_cancel_all: [1000,1744,com.android.vending,0,0,0,20,NULL]
04-12 20:44:14.060947  1744  2228 I notification_cancel_all: [1000,1744,com.android.vending,0,0,0,20,NULL]
04-12 20:44:14.061213  1744  2228 I notification_cancel_all: [1000,1744,com.android.vending,0,0,0,20,NULL]
04-12 20:44:14.074553  1744  2228 I notification_cancel_all: [1000,1744,com.android.vending,0,0,0,20,NULL]
04-12 20:44:14.074761  1744  2228 I notification_cancel_all: [1000,1744,com.android.vending,0,0,0,20,NULL]
04-12 20:44:14.074996  1744  2228 I notification_cancel_all: [1000,1744,com.android.vending,0,0,0,20,NULL]
04-12 20:44:14.075317  1744  2228 I notification_cancel_all: [1000,1744,com.android.vending,0,0,0,20,NULL]
04-12 20:44:14.075847  1744  2228 I notification_cancel_all: [1000,1744,com.android.vending,0,0,0,20,NULL]
04-12 20:44:14.103963  1744  2228 I notification_cancel_all: [1000,1744,com.android.vending,0,0,0,20,NULL]
04-12 20:44:14.104077  1744  2228 I notification_cancel_all: [1000,1744,com.android.vending,0,0,0,20,NULL]
04-12 20:44:14.104440  1744  2228 I notification_cancel_all: [1000,1744,com.android.vending,0,0,0,20,NULL]
04-12 20:44:14.104468  1744  2228 I notification_cancel_all: [1000,1744,com.android.vending,0,0,0,20,NULL]
04-12 20:44:14.104482  1744  2228 I notification_cancel_all: [1000,1744,com.android.vending,0,0,0,20,NULL]
04-12 20:44:14.107539  1744  2923 I am_foreground_service_start: [0,com.android.vending/com.google.android.finsky.downloadservice.DownloadService,1,BACKGROUND_ACTIVITY_PERMISSION,36,36,0,0,0,1,UNKNOWN,1024]
04-12 20:44:14.109395  1744  2228 I notification_enqueue: [10231,7680,com.android.vending,-56862258,NULL,0,Notification(channel=maintenance-v2 shortcut=null contentView=null vibrate=null sound=null defaults=0 flags=ONGOING_EVENT|ONLY_ALERT_ONCE color=0xff01875f actions=2 vis=SECRET),0,1]
04-12 20:44:14.111345  1744  2228 I notification_cancel_all: [1000,1744,com.android.vending,0,0,0,20,NULL]
04-12 20:44:14.111374  1744  2228 I notification_cancel_all: [1000,1744,com.android.vending,0,0,0,20,NULL]
04-12 20:44:14.111416  1744  2228 I notification_cancel_all: [1000,1744,com.android.vending,0,0,0,20,NULL]
04-12 20:44:14.111954  1744  2228 I notification_cancel_all: [1000,1744,com.android.vending,0,0,0,20,NULL]
04-12 20:44:14.111972  1744  2228 I notification_cancel_all: [1000,1744,com.android.vending,0,0,0,20,NULL]
04-12 20:44:14.119528  1744  2228 I notification_enqueue: [10231,7680,com.android.vending,-56862258,NULL,0,Notification(channel=maintenance-v2 shortcut=null contentView=null vibrate=null sound=null defaults=0 flags=ONGOING_EVENT|ONLY_ALERT_ONCE|FOREGROUND_SERVICE color=0xff01875f actions=2 vis=SECRET),0,1]
04-12 20:44:14.124137  1744  2228 I notification_enqueue: [10231,7680,com.android.vending,-56862258,NULL,0,Notification(channel=maintenance-v2 shortcut=null contentView=null vibrate=null sound=null defaults=0 flags=ONGOING_EVENT|ONLY_ALERT_ONCE|FOREGROUND_SERVICE color=0xff01875f actions=2 vis=SECRET),0,1]
04-12 20:44:14.125336  1744  2228 I notification_cancel_all: [1000,1744,com.android.vending,0,0,0,20,NULL]
04-12 20:44:14.125367  1744  2228 I notification_cancel_all: [1000,1744,com.android.vending,0,0,0,20,NULL]
04-12 20:44:14.125381  1744  2228 I notification_cancel_all: [1000,1744,com.android.vending,0,0,0,20,NULL]
04-12 20:44:14.125390  1744  2228 I notification_cancel_all: [1000,1744,com.android.vending,0,0,0,20,NULL]
04-12 20:44:14.125399  1744  2228 I notification_cancel_all: [1000,1744,com.android.vending,0,0,0,20,NULL]
04-12 20:44:14.136594  1744  2228 I notification_enqueue: [10231,7680,com.android.vending,-56862258,NULL,0,Notification(channel=maintenance-v2 shortcut=null contentView=null vibrate=null sound=null defaults=0 flags=ONGOING_EVENT|ONLY_ALERT_ONCE|FOREGROUND_SERVICE color=0xff01875f actions=2 vis=SECRET),0,1]
04-12 20:44:14.137241  1744  2228 I notification_cancel_all: [1000,1744,com.android.vending,0,0,0,20,NULL]
04-12 20:44:14.137292  1744  2228 I notification_cancel_all: [1000,1744,com.android.vending,0,0,0,20,NULL]
04-12 20:44:14.137311  1744  2228 I notification_cancel_all: [1000,1744,com.android.vending,0,0,0,20,NULL]
04-12 20:44:14.137328  1744  2228 I notification_cancel_all: [1000,1744,com.android.vending,0,0,0,20,NULL]
04-12 20:44:14.137353  1744  2228 I notification_cancel_all: [1000,1744,com.android.vending,0,0,0,20,NULL]
04-12 20:44:14.147050  1744  2228 I notification_enqueue: [10231,7680,com.android.vending,-56862258,NULL,0,Notification(channel=maintenance-v2 shortcut=null contentView=null vibrate=null sound=null defaults=0 flags=ONGOING_EVENT|ONLY_ALERT_ONCE|FOREGROUND_SERVICE color=0xff01875f actions=2 vis=SECRET),0,1]
04-12 20:44:14.151574  1744  2228 I notification_cancel_all: [1000,1744,com.android.vending,0,0,0,20,NULL]
04-12 20:44:14.151810  1744  2228 I notification_cancel_all: [1000,1744,com.android.vending,0,0,0,20,NULL]
04-12 20:44:14.151992  1744  2228 I notification_cancel_all: [1000,1744,com.android.vending,0,0,0,20,NULL]
04-12 20:44:14.152471  1744  2228 I notification_cancel_all: [1000,1744,com.android.vending,0,0,0,20,NULL]
04-12 20:44:14.152741  1744  2228 I notification_cancel_all: [1000,1744,com.android.vending,0,0,0,20,NULL]
04-12 20:44:14.161919  1744  2228 I notification_enqueue: [10231,7680,com.android.vending,-56862258,NULL,0,Notification(channel=maintenance-v2 shortcut=null contentView=null vibrate=null sound=null defaults=0 flags=ONGOING_EVENT|ONLY_ALERT_ONCE|FOREGROUND_SERVICE color=0xff01875f actions=2 vis=SECRET),0,1]
04-12 20:44:14.162466  1744  2228 I notification_cancel_all: [1000,1744,com.android.vending,0,0,0,20,NULL]
04-12 20:44:14.162509  1744  2228 I notification_cancel_all: [1000,1744,com.android.vending,0,0,0,20,NULL]
04-12 20:44:14.162536  1744  2228 I notification_cancel_all: [1000,1744,com.android.vending,0,0,0,20,NULL]
04-12 20:44:14.162563  1744  2228 I notification_cancel_all: [1000,1744,com.android.vending,0,0,0,20,NULL]
04-12 20:44:14.162585  1744  2228 I notification_cancel_all: [1000,1744,com.android.vending,0,0,0,20,NULL]
04-12 20:44:14.172934  1744  2228 I notification_enqueue: [10231,7680,com.android.vending,-56862258,NULL,0,Notification(channel=maintenance-v2 shortcut=null contentView=null vibrate=null sound=null defaults=0 flags=ONGOING_EVENT|ONLY_ALERT_ONCE|FOREGROUND_SERVICE color=0xff01875f actions=2 vis=SECRET),0,1]
04-12 20:44:14.174256  1744  2228 I notification_cancel_all: [1000,1744,com.android.vending,0,0,0,20,NULL]
04-12 20:44:14.174481  1744  2228 I notification_cancel_all: [1000,1744,com.android.vending,0,0,0,20,NULL]
04-12 20:44:14.174527  1744  2228 I notification_cancel_all: [1000,1744,com.android.vending,0,0,0,20,NULL]
04-12 20:44:14.174761  1744  2228 I notification_cancel_all: [1000,1744,com.android.vending,0,0,0,20,NULL]
04-12 20:44:14.174833  1744  2228 I notification_cancel_all: [1000,1744,com.android.vending,0,0,0,20,NULL]
04-12 20:44:14.183829  1744  2228 I notification_enqueue: [10231,7680,com.android.vending,-56862258,NULL,0,Notification(channel=maintenance-v2 shortcut=null contentView=null vibrate=null sound=null defaults=0 flags=ONGOING_EVENT|ONLY_ALERT_ONCE|FOREGROUND_SERVICE color=0xff01875f actions=2 vis=SECRET),0,1]
04-12 20:44:14.184508  1744  2228 I notification_cancel_all: [1000,1744,com.android.vending,0,0,0,20,NULL]
04-12 20:44:14.184561  1744  2228 I notification_cancel_all: [1000,1744,com.android.vending,0,0,0,20,NULL]
04-12 20:44:14.184739  1744  2228 I notification_cancel_all: [1000,1744,com.android.vending,0,0,0,20,NULL]
04-12 20:44:14.184953  1744  2228 I notification_cancel_all: [1000,1744,com.android.vending,0,0,0,20,NULL]
04-12 20:44:14.185088  1744  2228 I notification_cancel_all: [1000,1744,com.android.vending,0,0,0,20,NULL]
04-12 20:44:14.194865  1744  2228 I notification_enqueue: [10231,7680,com.android.vending,-56862258,NULL,0,Notification(channel=maintenance-v2 shortcut=null contentView=null vibrate=null sound=null defaults=0 flags=ONGOING_EVENT|ONLY_ALERT_ONCE|FOREGROUND_SERVICE color=0xff01875f actions=2 vis=SECRET),0,1]
04-12 20:44:14.195544  1744  2228 I notification_cancel_all: [1000,1744,com.android.vending,0,0,0,20,NULL]
04-12 20:44:14.195651  1744  2228 I notification_cancel_all: [1000,1744,com.android.vending,0,0,0,20,NULL]
04-12 20:44:14.195682  1744  2228 I notification_cancel_all: [1000,1744,com.android.vending,0,0,0,20,NULL]
04-12 20:44:14.195704  1744  2228 I notification_cancel_all: [1000,1744,com.android.vending,0,0,0,20,NULL]
04-12 20:44:14.195722  1744  2228 I notification_cancel_all: [1000,1744,com.android.vending,0,0,0,20,NULL]
04-12 20:44:14.206110  1744  2228 I notification_enqueue: [10231,7680,com.android.vending,-56862258,NULL,0,Notification(channel=maintenance-v2 shortcut=null contentView=null vibrate=null sound=null defaults=0 flags=ONGOING_EVENT|ONLY_ALERT_ONCE|FOREGROUND_SERVICE color=0xff01875f actions=2 vis=SECRET),0,1]
04-12 20:44:14.206782  1744  2228 I notification_cancel_all: [1000,1744,com.android.vending,0,0,0,20,NULL]
04-12 20:44:14.206839  1744  2228 I notification_cancel_all: [1000,1744,com.android.vending,0,0,0,20,NULL]
04-12 20:44:14.207228  1744  2228 I notification_cancel_all: [1000,1744,com.android.vending,0,0,0,20,NULL]
04-12 20:44:14.207449  1744  2228 I notification_cancel_all: [1000,1744,com.android.vending,0,0,0,20,NULL]
04-12 20:44:14.207640  1744  2228 I notification_cancel_all: [1000,1744,com.android.vending,0,0,0,20,NULL]
04-12 20:44:14.215561  1744  2228 I notification_enqueue: [10231,7680,com.android.vending,-56862258,NULL,0,Notification(channel=maintenance-v2 shortcut=null contentView=null vibrate=null sound=null defaults=0 flags=ONGOING_EVENT|ONLY_ALERT_ONCE|FOREGROUND_SERVICE color=0xff01875f actions=2 vis=SECRET),0,1]
04-12 20:44:14.216895  1744  2228 I notification_cancel_all: [1000,1744,com.android.vending,0,0,0,20,NULL]
04-12 20:44:14.216952  1744  2228 I notification_cancel_all: [1000,1744,com.android.vending,0,0,0,20,NULL]
04-12 20:44:14.217019  1744  2228 I notification_cancel_all: [1000,1744,com.android.vending,0,0,0,20,NULL]
04-12 20:44:14.217044  1744  2228 I notification_cancel_all: [1000,1744,com.android.vending,0,0,0,20,NULL]
04-12 20:44:14.217061  1744  2228 I notification_cancel_all: [1000,1744,com.android.vending,0,0,0,20,NULL]
04-12 20:44:14.227198  1744  2228 I notification_enqueue: [10231,7680,com.android.vending,-56862258,NULL,0,Notification(channel=maintenance-v2 shortcut=null contentView=null vibrate=null sound=null defaults=0 flags=ONGOING_EVENT|ONLY_ALERT_ONCE|FOREGROUND_SERVICE color=0xff01875f actions=2 vis=SECRET),0,1]
04-12 20:44:14.228036  1744  2228 I notification_cancel_all: [1000,1744,com.android.vending,0,0,0,20,NULL]
04-12 20:44:14.228140  1744  2228 I notification_cancel_all: [1000,1744,com.android.vending,0,0,0,20,NULL]
04-12 20:44:14.228255  1744  2228 I notification_cancel_all: [1000,1744,com.android.vending,0,0,0,20,NULL]
04-12 20:44:14.228384  1744  2228 I notification_cancel_all: [1000,1744,com.android.vending,0,0,0,20,NULL]
04-12 20:44:14.228423  1744  2228 I notification_cancel_all: [1000,1744,com.android.vending,0,0,0,20,NULL]
04-12 20:44:14.236549  1744  2228 I notification_enqueue: [10231,7680,com.android.vending,-56862258,NULL,0,Notification(channel=maintenance-v2 shortcut=null contentView=null vibrate=null sound=null defaults=0 flags=ONGOING_EVENT|ONLY_ALERT_ONCE|FOREGROUND_SERVICE color=0xff01875f actions=2 vis=SECRET),0,1]
04-12 20:44:14.237613  1744  2228 I notification_cancel_all: [1000,1744,com.android.vending,0,0,0,20,NULL]
04-12 20:44:14.237896  1744  2228 I notification_cancel_all: [1000,1744,com.android.vending,0,0,0,20,NULL]
04-12 20:44:14.238061  1744  2228 I notification_cancel_all: [1000,1744,com.android.vending,0,0,0,20,NULL]
04-12 20:44:14.238354  1744  2228 I notification_cancel_all: [1000,1744,com.android.vending,0,0,0,20,NULL]
04-12 20:44:14.238772  1744  2228 I notification_cancel_all: [1000,1744,com.android.vending,0,0,0,20,NULL]
04-12 20:44:14.250214  1744  2228 I notification_enqueue: [10231,7680,com.android.vending,-56862258,NULL,0,Notification(channel=maintenance-v2 shortcut=null contentView=null vibrate=null sound=null defaults=0 flags=ONGOING_EVENT|ONLY_ALERT_ONCE|FOREGROUND_SERVICE color=0xff01875f actions=2 vis=SECRET),0,1]
04-12 20:44:14.250874  1744  2228 I notification_cancel_all: [1000,1744,com.android.vending,0,0,0,20,NULL]
04-12 20:44:14.250936  1744  2228 I notification_cancel_all: [1000,1744,com.android.vending,0,0,0,20,NULL]
04-12 20:44:14.251028  1744  2228 I notification_cancel_all: [1000,1744,com.android.vending,0,0,0,20,NULL]
04-12 20:44:14.251066  1744  2228 I notification_cancel_all: [1000,1744,com.android.vending,0,0,0,20,NULL]
04-12 20:44:14.251092  1744  2228 I notification_cancel_all: [1000,1744,com.android.vending,0,0,0,20,NULL]
04-12 20:44:14.260802  1744  2228 I notification_enqueue: [10231,7680,com.android.vending,-56862258,NULL,0,Notification(channel=maintenance-v2 shortcut=null contentView=null vibrate=null sound=null defaults=0 flags=ONGOING_EVENT|ONLY_ALERT_ONCE|FOREGROUND_SERVICE color=0xff01875f actions=2 vis=SECRET),0,1]
04-12 20:44:14.261481  1744  2228 I notification_cancel_all: [1000,1744,com.android.vending,0,0,0,20,NULL]
04-12 20:44:14.261549  1744  2228 I notification_cancel_all: [1000,1744,com.android.vending,0,0,0,20,NULL]
04-12 20:44:14.261699  1744  2228 I notification_cancel_all: [1000,1744,com.android.vending,0,0,0,20,NULL]
04-12 20:44:14.261749  1744  2228 I notification_cancel_all: [1000,1744,com.android.vending,0,0,0,20,NULL]
04-12 20:44:14.261778  1744  2228 I notification_cancel_all: [1000,1744,com.android.vending,0,0,0,20,NULL]
04-12 20:44:14.271142  1744  2228 I notification_enqueue: [10231,7680,com.android.vending,-56862258,NULL,0,Notification(channel=maintenance-v2 shortcut=null contentView=null vibrate=null sound=null defaults=0 flags=ONGOING_EVENT|ONLY_ALERT_ONCE|FOREGROUND_SERVICE color=0xff01875f actions=2 vis=SECRET),0,1]
04-12 20:44:14.271858  1744  2228 I notification_cancel_all: [1000,1744,com.android.vending,0,0,0,20,NULL]
04-12 20:44:14.271929  1744  2228 I notification_cancel_all: [1000,1744,com.android.vending,0,0,0,20,NULL]
04-12 20:44:14.272077  1744  2228 I notification_cancel_all: [1000,1744,com.android.vending,0,0,0,20,NULL]
04-12 20:44:14.272195  1744  2228 I notification_cancel_all: [1000,1744,com.android.vending,0,0,0,20,NULL]
04-12 20:44:14.272307  1744  2228 I notification_cancel_all: [1000,1744,com.android.vending,0,0,0,20,NULL]
04-12 20:44:14.284435  1744  2228 I notification_enqueue: [10231,7680,com.android.vending,-56862258,NULL,0,Notification(channel=maintenance-v2 shortcut=null contentView=null vibrate=null sound=null defaults=0 flags=ONGOING_EVENT|ONLY_ALERT_ONCE|FOREGROUND_SERVICE color=0xff01875f actions=2 vis=SECRET),0,1]
04-12 20:44:14.285397  1744  2228 I notification_cancel_all: [1000,1744,com.android.vending,0,0,0,20,NULL]
04-12 20:44:14.285798  1744  2228 I notification_cancel_all: [1000,1744,com.android.vending,0,0,0,20,NULL]
04-12 20:44:14.285860  1744  2228 I notification_cancel_all: [1000,1744,com.android.vending,0,0,0,20,NULL]
04-12 20:44:14.285904  1744  2228 I notification_cancel_all: [1000,1744,com.android.vending,0,0,0,20,NULL]
04-12 20:44:14.285940  1744  2228 I notification_cancel_all: [1000,1744,com.android.vending,0,0,0,20,NULL]
04-12 20:44:14.294328  1744  2228 I notification_enqueue: [10231,7680,com.android.vending,-56862258,NULL,0,Notification(channel=maintenance-v2 shortcut=null contentView=null vibrate=null sound=null defaults=0 flags=ONGOING_EVENT|ONLY_ALERT_ONCE|FOREGROUND_SERVICE color=0xff01875f actions=2 vis=SECRET),0,1]
04-12 20:44:14.294980  1744  2228 I notification_cancel_all: [1000,1744,com.android.vending,0,0,0,20,NULL]
04-12 20:44:14.295045  1744  2228 I notification_cancel_all: [1000,1744,com.android.vending,0,0,0,20,NULL]
04-12 20:44:14.295072  1744  2228 I notification_cancel_all: [1000,1744,com.android.vending,0,0,0,20,NULL]
04-12 20:44:14.295093  1744  2228 I notification_cancel_all: [1000,1744,com.android.vending,0,0,0,20,NULL]
04-12 20:44:14.295215  1744  2228 I notification_cancel_all: [1000,1744,com.android.vending,0,0,0,20,NULL]
04-12 20:44:14.305230  1744  2228 I notification_enqueue: [10231,7680,com.android.vending,-56862258,NULL,0,Notification(channel=maintenance-v2 shortcut=null contentView=null vibrate=null sound=null defaults=0 flags=ONGOING_EVENT|ONLY_ALERT_ONCE|FOREGROUND_SERVICE color=0xff01875f actions=2 vis=SECRET),0,1]
04-12 20:44:14.306627  1744  2228 I notification_cancel_all: [1000,1744,com.android.vending,0,0,0,20,NULL]
04-12 20:44:14.306872  1744  2228 I notification_cancel_all: [1000,1744,com.android.vending,0,0,0,20,NULL]
04-12 20:44:14.307128  1744  2228 I notification_cancel_all: [1000,1744,com.android.vending,0,0,0,20,NULL]
04-12 20:44:14.307420  1744  2228 I notification_cancel_all: [1000,1744,com.android.vending,0,0,0,20,NULL]
04-12 20:44:14.307676  1744  2228 I notification_cancel_all: [1000,1744,com.android.vending,0,0,0,20,NULL]
04-12 20:44:14.311296  1744  2228 I sysui_multi_action: [757,1501,758,1,793,208,794,0,795,208,796,-56862258,806,com.android.vending,857,maintenance-v2,858,2,947,0,1500,0,1688,1]
04-12 20:44:14.311437  1744  2228 I sysui_multi_action: [757,804,799,note_interruptive,801,0,802,1]
04-12 20:44:14.311852  1744  2228 I sysui_multi_action: [757,199,758,1,759,16,793,208,794,0,795,208,796,-56862258,806,com.android.vending,857,maintenance-v2,858,1,947,0,1500,0,1688,1]
04-12 20:44:14.311895  1744  2228 I notification_alert: [0|com.android.vending|-56862258|null|10231,0,0,0,2,0]
04-12 20:44:14.314836  1744  1905 I commit_sys_config_file: [notification-policy,3]
04-12 20:44:14.322412  1744  2228 I notification_enqueue: [10231,7680,com.android.vending,-56862258,NULL,0,Notification(channel=maintenance-v2 shortcut=null contentView=null vibrate=null sound=null defaults=0 flags=ONGOING_EVENT|ONLY_ALERT_ONCE|FOREGROUND_SERVICE color=0xff01875f actions=2 vis=SECRET),1,1]
04-12 20:44:14.324484  1744  2228 I sysui_multi_action: [757,199,758,1,759,16,793,214,794,0,795,214,796,-56862258,806,com.android.vending,857,maintenance-v2,858,2,947,0,1500,214,1688,4,1689,1,1690,1]
04-12 20:44:14.324534  1744  2228 I notification_alert: [0|com.android.vending|-56862258|null|10231,0,0,0,2,0]
04-12 20:44:14.325201  1744  2228 I notification_cancel_all: [1000,1744,com.android.vending,0,0,0,20,NULL]
04-12 20:44:14.325264  1744  2228 I notification_cancel_all: [1000,1744,com.android.vending,0,0,0,20,NULL]
04-12 20:44:14.325296  1744  2228 I notification_cancel_all: [1000,1744,com.android.vending,0,0,0,20,NULL]
04-12 20:44:14.325320  1744  2228 I notification_cancel_all: [1000,1744,com.android.vending,0,0,0,20,NULL]
04-12 20:44:14.325344  1744  2228 I notification_cancel_all: [1000,1744,com.android.vending,0,0,0,20,NULL]
04-12 20:44:14.328058  1744  2228 I sysui_multi_action: [757,199,758,1,759,16,793,209,794,0,795,209,796,-56862258,806,com.android.vending,857,maintenance-v2,858,2,947,0,1500,209,1688,4,1689,2,1690,1]
04-12 20:44:14.328100  1744  2228 I notification_alert: [0|com.android.vending|-56862258|null|10231,0,0,0,2,0]
04-12 20:44:14.336390  1744  2228 I notification_enqueue: [10231,7680,com.android.vending,-56862258,NULL,0,Notification(channel=maintenance-v2 shortcut=null contentView=null vibrate=null sound=null defaults=0 flags=ONGOING_EVENT|ONLY_ALERT_ONCE|FOREGROUND_SERVICE color=0xff01875f actions=2 vis=SECRET),1,1]
04-12 20:44:14.336760  1744  2228 I notification_cancel_all: [1000,1744,com.android.vending,0,0,0,20,NULL]
04-12 20:44:14.336799  1744  2228 I notification_cancel_all: [1000,1744,com.android.vending,0,0,0,20,NULL]
04-12 20:44:14.336817  1744  2228 I notification_cancel_all: [1000,1744,com.android.vending,0,0,0,20,NULL]
04-12 20:44:14.336835  1744  2228 I notification_cancel_all: [1000,1744,com.android.vending,0,0,0,20,NULL]
04-12 20:44:14.337672  1744  2228 I notification_cancel_all: [1000,1744,com.android.vending,0,0,0,20,NULL]
04-12 20:44:14.344305  1744  2228 I sysui_multi_action: [757,199,758,1,759,16,793,215,794,0,795,215,796,-56862258,806,com.android.vending,857,maintenance-v2,858,2,947,0,1500,215,1688,4,1689,2,1690,1]
04-12 20:44:14.344371  1744  2228 I notification_alert: [0|com.android.vending|-56862258|null|10231,0,0,0,2,0]
04-12 20:44:14.346422  1744  2228 I notification_enqueue: [10231,7680,com.android.vending,-56862258,NULL,0,Notification(channel=maintenance-v2 shortcut=null contentView=null vibrate=null sound=null defaults=0 flags=ONGOING_EVENT|ONLY_ALERT_ONCE|FOREGROUND_SERVICE color=0xff01875f actions=2 vis=SECRET),1,1]
04-12 20:44:14.346904  1744  2228 I notification_cancel_all: [1000,1744,com.android.vending,0,0,0,20,NULL]
04-12 20:44:14.346947  1744  2228 I notification_cancel_all: [1000,1744,com.android.vending,0,0,0,20,NULL]
04-12 20:44:14.346971  1744  2228 I notification_cancel_all: [1000,1744,com.android.vending,0,0,0,20,NULL]
04-12 20:44:14.346984  1744  2228 I notification_cancel_all: [1000,1744,com.android.vending,0,0,0,20,NULL]
04-12 20:44:14.346996  1744  2228 I notification_cancel_all: [1000,1744,com.android.vending,0,0,0,20,NULL]
04-12 20:44:14.351283  1744  2228 I sysui_multi_action: [757,199,758,1,759,16,793,209,794,0,795,209,796,-56862258,806,com.android.vending,857,maintenance-v2,858,2,947,0,1500,209,1688,4,1689,2,1690,1]
04-12 20:44:14.351324  1744  2228 I notification_alert: [0|com.android.vending|-56862258|null|10231,0,0,0,2,0]
04-12 20:44:14.352741  1744  2228 I notification_enqueue: [10231,7680,com.android.vending,-56862258,NULL,0,Notification(channel=maintenance-v2 shortcut=null contentView=null vibrate=null sound=null defaults=0 flags=ONGOING_EVENT|ONLY_ALERT_ONCE|FOREGROUND_SERVICE color=0xff01875f actions=2 vis=SECRET),1,1]
04-12 20:44:14.354920  1744  2228 I notification_cancel_all: [1000,1744,com.android.vending,0,0,0,20,NULL]
04-12 20:44:14.355371  1744  2228 I notification_cancel_all: [1000,1744,com.android.vending,0,0,0,20,NULL]
04-12 20:44:14.355699  1744  2228 I notification_cancel_all: [1000,1744,com.android.vending,0,0,0,20,NULL]
04-12 20:44:14.356338  1744  2228 I notification_cancel_all: [1000,1744,com.android.vending,0,0,0,20,NULL]
04-12 20:44:14.356614  1744  2228 I notification_cancel_all: [1000,1744,com.android.vending,0,0,0,20,NULL]
04-12 20:44:14.362416  1744  2228 I sysui_multi_action: [757,199,758,1,759,16,793,205,794,0,795,205,796,-56862258,806,com.android.vending,857,maintenance-v2,858,2,947,0,1500,205,1688,4,1689,2,1690,1]
04-12 20:44:14.362449  1744  2228 I notification_alert: [0|com.android.vending|-56862258|null|10231,0,0,0,2,0]
04-12 20:44:14.367094  1744  2228 I notification_enqueue: [10231,7680,com.android.vending,-56862258,NULL,0,Notification(channel=maintenance-v2 shortcut=null contentView=null vibrate=null sound=null defaults=0 flags=ONGOING_EVENT|ONLY_ALERT_ONCE|FOREGROUND_SERVICE color=0xff01875f actions=2 vis=SECRET),1,1]
04-12 20:44:14.367496  1744  2228 I notification_cancel_all: [1000,1744,com.android.vending,0,0,0,20,NULL]
04-12 20:44:14.367535  1744  2228 I notification_cancel_all: [1000,1744,com.android.vending,0,0,0,20,NULL]
04-12 20:44:14.367549  1744  2228 I notification_cancel_all: [1000,1744,com.android.vending,0,0,0,20,NULL]
04-12 20:44:14.367569  1744  2228 I notification_cancel_all: [1000,1744,com.android.vending,0,0,0,20,NULL]
04-12 20:44:14.367967  1744  2228 I notification_cancel_all: [1000,1744,com.android.vending,0,0,0,20,NULL]
04-12 20:44:14.374620  1744  2228 I sysui_multi_action: [757,199,758,1,759,16,793,207,794,0,795,207,796,-56862258,806,com.android.vending,857,maintenance-v2,858,2,947,0,1500,207,1688,4,1689,2,1690,1]
04-12 20:44:14.374644  1744  2228 I notification_alert: [0|com.android.vending|-56862258|null|10231,0,0,0,2,0]
04-12 20:44:14.379235  1744  2228 I notification_enqueue: [10231,7680,com.android.vending,-56862258,NULL,0,Notification(channel=maintenance-v2 shortcut=null contentView=null vibrate=null sound=null defaults=0 flags=ONGOING_EVENT|ONLY_ALERT_ONCE|FOREGROUND_SERVICE color=0xff01875f actions=2 vis=SECRET),1,1]
04-12 20:44:14.379609  1744  2228 I notification_cancel_all: [1000,1744,com.android.vending,0,0,0,20,NULL]
04-12 20:44:14.379655  1744  2228 I notification_cancel_all: [1000,1744,com.android.vending,0,0,0,20,NULL]
04-12 20:44:14.379676  1744  2228 I notification_cancel_all: [1000,1744,com.android.vending,0,0,0,20,NULL]
04-12 20:44:14.379702  1744  2228 I notification_cancel_all: [1000,1744,com.android.vending,0,0,0,20,NULL]
04-12 20:44:14.379731  1744  2228 I notification_cancel_all: [1000,1744,com.android.vending,0,0,0,20,NULL]
04-12 20:44:14.384280  1744  2228 I sysui_multi_action: [757,199,758,1,759,16,793,205,794,0,795,205,796,-56862258,806,com.android.vending,857,maintenance-v2,858,2,947,0,1500,205,1688,4,1689,2,1690,1]
04-12 20:44:14.384305  1744  2228 I notification_alert: [0|com.android.vending|-56862258|null|10231,0,0,0,2,0]
04-12 20:44:14.387659  1744  2228 I notification_cancel_all: [1000,1744,com.android.vending,0,0,0,20,NULL]
04-12 20:44:14.388180  1744  2228 I notification_cancel_all: [1000,1744,com.android.vending,0,0,0,20,NULL]
04-12 20:44:14.388215  1744  2228 I notification_cancel_all: [1000,1744,com.android.vending,0,0,0,20,NULL]
04-12 20:44:14.388226  1744  2228 I notification_cancel_all: [1000,1744,com.android.vending,0,0,0,20,NULL]
04-12 20:44:14.388238  1744  2228 I notification_cancel_all: [1000,1744,com.android.vending,0,0,0,20,NULL]
04-12 20:44:14.391297  1744  2228 I notification_cancel_all: [1000,1744,com.android.vending,0,0,0,20,NULL]
04-12 20:44:14.391453  1744  2228 I notification_cancel_all: [1000,1744,com.android.vending,0,0,0,20,NULL]
04-12 20:44:14.391601  1744  2228 I notification_cancel_all: [1000,1744,com.android.vending,0,0,0,20,NULL]
04-12 20:44:14.391927  1744  2228 I notification_cancel_all: [1000,1744,com.android.vending,0,0,0,20,NULL]
04-12 20:44:14.392423  1744  2228 I notification_cancel_all: [1000,1744,com.android.vending,0,0,0,20,NULL]
04-12 20:44:14.396116  1744  2228 I sysui_multi_action: [757,199,758,1,759,16,793,207,794,0,795,207,796,-56862258,806,com.android.vending,857,maintenance-v2,858,2,947,0,1500,207,1688,4,1689,1,1690,1]
04-12 20:44:14.396272  1744  2228 I notification_alert: [0|com.android.vending|-56862258|null|10231,0,0,0,2,0]
04-12 20:44:14.400256  1744  2228 I notification_cancel_all: [1000,1744,com.android.vending,0,0,0,20,NULL]
04-12 20:44:14.400366  1744  2228 I notification_cancel_all: [1000,1744,com.android.vending,0,0,0,20,NULL]
04-12 20:44:14.400445  1744  2228 I notification_cancel_all: [1000,1744,com.android.vending,0,0,0,20,NULL]
04-12 20:44:14.400479  1744  2228 I notification_cancel_all: [1000,1744,com.android.vending,0,0,0,20,NULL]
04-12 20:44:14.400496  1744  2228 I notification_cancel_all: [1000,1744,com.android.vending,0,0,0,20,NULL]
04-12 20:44:14.408381  1744  2228 I sysui_multi_action: [757,199,758,1,759,16,793,207,794,0,795,207,796,-56862258,806,com.android.vending,857,maintenance-v2,858,2,947,0,1500,207,1688,4,1689,2,1690,1]
04-12 20:44:14.408474  1744  2228 I notification_alert: [0|com.android.vending|-56862258|null|10231,0,0,0,2,0]
04-12 20:44:14.409360  1744  2228 I notification_cancel_all: [1000,1744,com.android.vending,0,0,0,20,NULL]
04-12 20:44:14.409476  1744  2228 I notification_cancel_all: [1000,1744,com.android.vending,0,0,0,20,NULL]
04-12 20:44:14.409599  1744  2228 I notification_cancel_all: [1000,1744,com.android.vending,0,0,0,20,NULL]
04-12 20:44:14.412574  1744  2228 I notification_cancel_all: [1000,1744,com.android.vending,0,0,0,20,NULL]
04-12 20:44:14.412876  1744  2228 I notification_cancel_all: [1000,1744,com.android.vending,0,0,0,20,NULL]
04-12 20:44:14.417604  1744  2228 I sysui_multi_action: [757,199,758,1,759,16,793,206,794,0,795,206,796,-56862258,806,com.android.vending,857,maintenance-v2,858,2,947,0,1500,206,1688,4,1689,2,1690,1]
04-12 20:44:14.417678  1744  2228 I notification_alert: [0|com.android.vending|-56862258|null|10231,0,0,0,2,0]
04-12 20:44:14.420815  1744  2228 I notification_cancel_all: [1000,1744,com.android.vending,0,0,0,20,NULL]
04-12 20:44:14.420881  1744  2228 I notification_cancel_all: [1000,1744,com.android.vending,0,0,0,20,NULL]
04-12 20:44:14.420897  1744  2228 I notification_cancel_all: [1000,1744,com.android.vending,0,0,0,20,NULL]
04-12 20:44:14.420911  1744  2228 I notification_cancel_all: [1000,1744,com.android.vending,0,0,0,20,NULL]
04-12 20:44:14.420922  1744  2228 I notification_cancel_all: [1000,1744,com.android.vending,0,0,0,20,NULL]
04-12 20:44:14.426957  1744  2228 I notification_cancel_all: [1000,1744,com.android.vending,0,0,0,20,NULL]
04-12 20:44:14.427175  1744  2228 I notification_cancel_all: [1000,1744,com.android.vending,0,0,0,20,NULL]
04-12 20:44:14.427348  1744  2228 I notification_cancel_all: [1000,1744,com.android.vending,0,0,0,20,NULL]
04-12 20:44:14.427522  1744  2228 I notification_cancel_all: [1000,1744,com.android.vending,0,0,0,20,NULL]
04-12 20:44:14.428323  1744  2228 I sysui_multi_action: [757,199,758,1,759,16,793,206,794,0,795,206,796,-56862258,806,com.android.vending,857,maintenance-v2,858,2,947,0,1500,206,1688,4,1689,2,1690,1]
04-12 20:44:14.428415  1744  2228 I notification_alert: [0|com.android.vending|-56862258|null|10231,0,0,0,2,0]
04-12 20:44:14.429312  1744  2228 I notification_cancel_all: [1000,1744,com.android.vending,0,0,0,20,NULL]
04-12 20:44:14.436174  1744  2228 I notification_cancel_all: [1000,1744,com.android.vending,0,0,0,20,NULL]
04-12 20:44:14.436622  1744  2228 I notification_cancel_all: [1000,1744,com.android.vending,0,0,0,20,NULL]
04-12 20:44:14.437207  1744  2228 I sysui_multi_action: [757,199,758,1,759,16,793,205,794,0,795,205,796,-56862258,806,com.android.vending,857,maintenance-v2,858,2,947,0,1500,205,1688,4,1689,2,1690,1]
04-12 20:44:14.437235  1744  2228 I notification_alert: [0|com.android.vending|-56862258|null|10231,0,0,0,2,0]
04-12 20:44:14.437994  1744  2228 I notification_cancel_all: [1000,1744,com.android.vending,0,0,0,20,NULL]
04-12 20:44:14.438020  1744  2228 I notification_cancel_all: [1000,1744,com.android.vending,0,0,0,20,NULL]
04-12 20:44:14.438044  1744  2228 I notification_cancel_all: [1000,1744,com.android.vending,0,0,0,20,NULL]
04-12 20:44:14.445094  1744  2228 I notification_cancel_all: [1000,1744,com.android.vending,0,0,0,20,NULL]
04-12 20:44:14.445181  1744  2228 I notification_cancel_all: [1000,1744,com.android.vending,0,0,0,20,NULL]
04-12 20:44:14.445196  1744  2228 I notification_cancel_all: [1000,1744,com.android.vending,0,0,0,20,NULL]
04-12 20:44:14.446121  1744  2228 I notification_cancel_all: [1000,1744,com.android.vending,0,0,0,20,NULL]
04-12 20:44:14.446340  1744  2228 I notification_cancel_all: [1000,1744,com.android.vending,0,0,0,20,NULL]
04-12 20:44:14.452079  1744  2228 I sysui_multi_action: [757,199,758,1,759,16,793,207,794,0,795,207,796,-56862258,806,com.android.vending,857,maintenance-v2,858,2,947,0,1500,207,1688,4,1689,2,1690,1]
04-12 20:44:14.452148  1744  2228 I notification_alert: [0|com.android.vending|-56862258|null|10231,0,0,0,2,0]
04-12 20:44:14.452945  1744  2228 I notification_cancel_all: [1000,1744,com.android.vending,0,0,0,20,NULL]
04-12 20:44:14.452979  1744  2228 I notification_cancel_all: [1000,1744,com.android.vending,0,0,0,20,NULL]
04-12 20:44:14.455812  1744  2228 I notification_cancel_all: [1000,1744,com.android.vending,0,0,0,20,NULL]
04-12 20:44:14.457313  1744  2228 I notification_cancel_all: [1000,1744,com.android.vending,0,0,0,20,NULL]
04-12 20:44:14.457334  1744  2228 I notification_cancel_all: [1000,1744,com.android.vending,0,0,0,20,NULL]
04-12 20:44:14.459209  1744  2228 I notification_cancel_all: [1000,1744,com.android.vending,0,0,0,20,NULL]
04-12 20:44:14.459518  1744  2228 I notification_cancel_all: [1000,1744,com.android.vending,0,0,0,20,NULL]
04-12 20:44:14.459830  1744  2228 I notification_cancel_all: [1000,1744,com.android.vending,0,0,0,20,NULL]
04-12 20:44:14.460082  1744  2228 I notification_cancel_all: [1000,1744,com.android.vending,0,0,0,20,NULL]
04-12 20:44:14.461968  1744  2228 I sysui_multi_action: [757,199,758,1,759,16,793,206,794,0,795,206,796,-56862258,806,com.android.vending,857,maintenance-v2,858,2,947,0,1500,206,1688,4,1689,2,1690,1]
04-12 20:44:14.462033  1744  2228 I notification_alert: [0|com.android.vending|-56862258|null|10231,0,0,0,2,0]
04-12 20:44:14.462796  1744  2228 I notification_cancel_all: [1000,1744,com.android.vending,0,0,0,20,NULL]
04-12 20:44:14.470090  1744  2228 I notification_cancel_all: [1000,1744,com.android.vending,0,0,0,20,NULL]
04-12 20:44:14.470552  1744  2228 I notification_cancel_all: [1000,1744,com.android.vending,0,0,0,20,NULL]
04-12 20:44:14.470892  1744  2228 I notification_cancel_all: [1000,1744,com.android.vending,0,0,0,20,NULL]
04-12 20:44:14.471192  1744  2228 I notification_cancel_all: [1000,1744,com.android.vending,0,0,0,20,NULL]
04-12 20:44:14.472377  1744  2228 I sysui_multi_action: [757,199,758,1,759,16,793,206,794,0,795,206,796,-56862258,806,com.android.vending,857,maintenance-v2,858,2,947,0,1500,206,1688,4,1689,2,1690,1]
04-12 20:44:14.472459  1744  2228 I notification_alert: [0|com.android.vending|-56862258|null|10231,0,0,0,2,0]
04-12 20:44:14.473237  1744  2228 I notification_cancel_all: [1000,1744,com.android.vending,0,0,0,20,NULL]
04-12 20:44:14.477749  1744  2228 I notification_cancel_all: [1000,1744,com.android.vending,0,0,0,20,NULL]
04-12 20:44:14.477969  1744  2228 I notification_cancel_all: [1000,1744,com.android.vending,0,0,0,20,NULL]
04-12 20:44:14.478166  1744  2228 I notification_cancel_all: [1000,1744,com.android.vending,0,0,0,20,NULL]
04-12 20:44:14.478355  1744  2228 I notification_cancel_all: [1000,1744,com.android.vending,0,0,0,20,NULL]
04-12 20:44:14.478543  1744  2228 I notification_cancel_all: [1000,1744,com.android.vending,0,0,0,20,NULL]
04-12 20:44:14.484331  1744  2228 I notification_cancel_all: [1000,1744,com.android.vending,0,0,0,20,NULL]
04-12 20:44:14.484734  1744  2228 I notification_cancel_all: [1000,1744,com.android.vending,0,0,0,20,NULL]
04-12 20:44:14.485428  1744  2228 I sysui_multi_action: [757,199,758,1,759,16,793,209,794,0,795,209,796,-56862258,806,com.android.vending,857,maintenance-v2,858,2,947,0,1500,209,1688,4,1689,2,1690,1]
04-12 20:44:14.485526  1744  2228 I notification_alert: [0|com.android.vending|-56862258|null|10231,0,0,0,2,0]
04-12 20:44:14.486519  1744  2228 I notification_cancel_all: [1000,1744,com.android.vending,0,0,0,20,NULL]
04-12 20:44:14.486550  1744  2228 I notification_cancel_all: [1000,1744,com.android.vending,0,0,0,20,NULL]
04-12 20:44:14.486607  1744  2228 I notification_cancel_all: [1000,1744,com.android.vending,0,0,0,20,NULL]
04-12 20:44:14.494305  1744  2228 I notification_cancel_all: [1000,1744,com.android.vending,0,0,0,20,NULL]
04-12 20:44:14.494557  1744  2228 I notification_cancel_all: [1000,1744,com.android.vending,0,0,0,20,NULL]
04-12 20:44:14.495327  1744  2228 I sysui_multi_action: [757,199,758,1,759,16,793,206,794,0,795,206,796,-56862258,806,com.android.vending,857,maintenance-v2,858,2,947,0,1500,206,1688,4,1689,2,1690,1]
04-12 20:44:14.495410  1744  2228 I notification_alert: [0|com.android.vending|-56862258|null|10231,0,0,0,2,0]
04-12 20:44:14.496806  1744  2228 I notification_cancel_all: [1000,1744,com.android.vending,0,0,0,20,NULL]
04-12 20:44:14.496851  1744  2228 I notification_cancel_all: [1000,1744,com.android.vending,0,0,0,20,NULL]
04-12 20:44:14.496869  1744  2228 I notification_cancel_all: [1000,1744,com.android.vending,0,0,0,20,NULL]
04-12 20:44:14.502456  1744  2228 I notification_cancel_all: [1000,1744,com.android.vending,0,0,0,20,NULL]
04-12 20:44:14.502808  1744  2228 I notification_cancel_all: [1000,1744,com.android.vending,0,0,0,20,NULL]
04-12 20:44:14.503243  1744  2228 I notification_cancel_all: [1000,1744,com.android.vending,0,0,0,20,NULL]
04-12 20:44:14.503446  1744  2228 I notification_cancel_all: [1000,1744,com.android.vending,0,0,0,20,NULL]
04-12 20:44:14.503898  1744  2228 I notification_cancel_all: [1000,1744,com.android.vending,0,0,0,20,NULL]
04-12 20:44:14.506679  1744  2228 I sysui_multi_action: [757,199,758,1,759,16,793,206,794,0,795,206,796,-56862258,806,com.android.vending,857,maintenance-v2,858,2,947,0,1500,206,1688,4,1689,1,1690,1]
04-12 20:44:14.506772  1744  2228 I notification_alert: [0|com.android.vending|-56862258|null|10231,0,0,0,2,0]
04-12 20:44:14.510467  1744  2228 I notification_cancel_all: [1000,1744,com.android.vending,0,0,0,20,NULL]
04-12 20:44:14.510581  1744  2228 I notification_cancel_all: [1000,1744,com.android.vending,0,0,0,20,NULL]
04-12 20:44:14.510662  1744  2228 I notification_cancel_all: [1000,1744,com.android.vending,0,0,0,20,NULL]
