----- timezone:Asia/Shanghai
04-12 20:44:05.308932  1744  2699 I dvm_lock_sample: [system_server,1,binder:1744_B,15,ActivityManagerService.java,15048,android.content.ComponentName com.android.server.am.ActivityManagerService.startService(android.app.IApplicationThread, android.content.Intent, java.lang.String, boolean, java.lang.String, java.lang.String, int, boolean, int, java.lang.String, java.lang.String),,0,null,3]
04-12 20:44:05.317978  1744  4486 I am_uid_active: 10075
04-12 20:44:05.320073  1744  3743 I service_manager_stats: [100,10,6794]
04-12 20:44:05.325180  1744  4098 I am_uid_active: 10221
04-12 20:44:05.328435  1744  1940 I am_uid_running: 10178
04-12 20:44:05.335969  1744  1941 I am_proc_start: [0,3921,10178,com.transsion.deskclock,broadcast,{com.transsion.deskclock/com.transsion.deskclock.AlarmInitReceiver},action = android.intent.action.LOCKED_BOOT_COMPLETED]
04-12 20:44:05.365231  1744  1968 I dvm_lock_sample: [system_server,1,PowerManagerService,7,PowerManagerService.java,4063,void com.android.server.power.PowerManagerService.handleSandman(int),-,2140,void com.android.server.power.PowerManagerService.releaseWakeLockInternal(android.os.IBinder, int),1]
04-12 20:44:05.374561  1744  4460 I am_proc_bound: [0,3921,com.transsion.deskclock]
04-12 20:44:05.397840  1744  1940 I am_wtf  : [0,1744,system_server,-1,ActivityManager,Sending non-protected broadcast android.intent.action.UPDATE_CT_LOGS from system uid 1000 pkg android]
04-12 20:44:05.403610  1744  1940 I am_wtf  : [0,1744,system_server,-1,ActivityManager,Sending non-protected broadcast com.transsion.location.action.TRAVEL_MODE_STATISTICS from system uid 1000 pkg android]
04-12 20:44:05.444370  1744  2903 I dvm_lock_sample: [system_server,1,binder:1744_D,18,BroadcastController.java,759,int com.android.server.am.BroadcastController.broadcastIntentWithFeature(android.app.IApplicationThread, java.lang.String, android.content.Intent, java.lang.String, android.content.IIntentReceiver, int, java.lang.String, android.os.Bundle, java.lang.String[], java.lang.String[], java.lang.String[], int, android.os.Bundle, boolean, boolean, int),,0,null,3]
04-12 20:44:05.468637  1744  2294 I sync    : [com.google.android.location.reporting,1,0,-1543423057]
04-12 20:44:05.540998  1744  2207 I netstats_mobile_sample: [0,0,0,0,0,0,0,0,1775997846629]
04-12 20:44:05.543196  1744  2207 I netstats_wifi_sample: [140010,46495,304,345,135293,46215,264,341,1775997846629]
04-12 20:44:05.592989  1744  2068 I am_uid_active: 10178
04-12 20:44:05.609564  1744  1940 I am_uid_running: 10230
04-12 20:44:05.632813  1744  1941 I am_proc_start: [0,5162,10230,com.google.android.apps.wellbeing,broadcast,{com.google.android.apps.wellbeing/com.google.android.apps.wellbeing.common.receiver.coalescedreceivers.LockedBootCompletedCoalescedBroadcast_Receiver},action = android.intent.action.LOCKED_BOOT_COMPLETED]
04-12 20:44:05.648216  1744  4460 I am_proc_bound: [0,5162,com.google.android.apps.wellbeing]
04-12 20:44:05.676930  1744  2941 I dvm_lock_sample: [system_server,1,binder:1744_11,5,ActivityManagerService.java,15283,int com.android.server.am.ActivityManagerService.bindServiceInstance(android.app.IApplicationThread, android.os.IBinder, android.content.Intent, java.lang.String, android.app.IServiceConnection, long, java.lang.String, boolean, int, java.lang.String, android.app.IApplicationThread, java.lang.String, int),,0,null,1]
04-12 20:44:05.740854  1744  4103 I am_uid_running: 10256
04-12 20:44:05.752695  1744  4455 I pm_critical_info: setEnabledSettings callingUid = 10221 callingPid = 5946 packageName = com.android.vending componentName = null callingPackage= com.google.android.partnersetup newState = 1 userId = 0 flags = 1
04-12 20:44:05.756693  1744  1941 I am_proc_start: [0,6154,10256,com.rlk.weathers,service,{com.rlk.weathers/com.transsion.apiinvoke.ipc.connect.CommonRouterApiService},caller=com.transsion.kolun.aiservice/1000]
04-12 20:44:05.763805  1744  2941 I pm_critical_info: setEnabledSettings callingUid = 10221 callingPid = 5946 packageName = com.google.android.apps.maps componentName = null callingPackage= com.google.android.partnersetup newState = 1 userId = 0 flags = 1
04-12 20:44:05.768439  1744  1940 I am_wtf  : [0,1744,system_server,-1,JobScheduler.JobStatus,App com.transsion.deskclock became active but still in NEVER bucket]
04-12 20:44:05.774711  1744  4103 I pm_critical_info: setEnabledSettings callingUid = 10221 callingPid = 5946 packageName = com.google.android.videos componentName = null callingPackage= com.google.android.partnersetup newState = 2 userId = 0 flags = 0
04-12 20:44:05.780807  1744  2941 I pm_critical_info: setEnabledSettings callingUid = 10221 callingPid = 5946 packageName = com.google.android.youtube componentName = null callingPackage= com.google.android.partnersetup newState = 1 userId = 0 flags = 1
04-12 20:44:05.798189  1744  1941 I am_proc_start: [0,6183,10232,com.google.android.gms.unstable,service,{com.google.android.gms/com.google.android.gms.droidguard.DroidGuardService},caller=com.google.android.gms/10232]
04-12 20:44:05.803187  1744  4460 I am_uid_active: 10230
04-12 20:44:05.813792  1744  4486 I am_proc_bound: [0,6154,com.rlk.weathers]
04-12 20:44:05.819973  1744  2699 I am_proc_bound: [0,6183,com.google.android.gms.unstable]
04-12 20:44:05.859663  1744  1941 I am_proc_start: [0,6217,1000,com.transsion.statisticalsales,broadcast,{com.transsion.statisticalsales/com.transsion.statisticalsales.receiver.SimReceiver},caller=com.android.phone/1001,action = android.telephony.action.SIM_CARD_STATE_CHANGED]
04-12 20:44:05.864209  1744  2084 I commit_sys_config_file: [settings-1-0,1]
04-12 20:44:05.898352  1744  2084 I commit_sys_config_file: [settings-0-0,3]
04-12 20:44:05.904200  1744  4460 I am_proc_bound: [0,6217,com.transsion.statisticalsales]
04-12 20:44:05.910968  1744  1905 I commit_sys_config_file: [notification-policy,2]
04-12 20:44:05.940000  6154  6154 I auditd  : type=1400 audit(0.0:674): avc:  denied  { read } for  comm="pool-4-thread-1" name="u:object_r:qemu_hw_prop:s0" dev="tmpfs" ino=396 scontext=u:r:untrusted_app:s0:c0,c257,c512,c768 tcontext=u:object_r:qemu_hw_prop:s0 tclass=file permissive=0 app=com.rlk.weathers
04-12 20:44:05.948440  1744  4103 I am_uid_active: 10256
04-12 20:44:05.977773  3883  4308 I gms_unknown: 47122
04-12 20:44:06.000000  3921  3921 I auditd  : type=1400 audit(0.0:675): avc:  denied  { read } for  comm=4F6E65494420576F726B6572 name="u:object_r:vendor_security_patch_level_prop:s0" dev="tmpfs" ino=888 scontext=u:r:platform_app:s0:c512,c768 tcontext=u:object_r:vendor_security_patch_level_prop:s0 tclass=file permissive=0 app=com.transsion.deskclock
04-12 20:44:06.000000  6217  6217 I auditd  : type=1400 audit(0.0:676): avc:  denied  { map } for  comm="tatisticalsales" path="/dev/__properties__/u:object_r:vendor_irtx_prop:s0" dev="tmpfs" ino=614 scontext=u:r:system_app:s0 tcontext=u:object_r:vendor_irtx_prop:s0 tclass=file permissive=0
04-12 20:44:06.000000  6217  6217 I auditd  : type=1400 audit(0.0:677): avc:  denied  { read } for  comm="tatisticalsales" name="u:object_r:qemu_hw_prop:s0" dev="tmpfs" ino=396 scontext=u:r:system_app:s0 tcontext=u:object_r:qemu_hw_prop:s0 tclass=file permissive=0
04-12 20:44:06.080404  1744  1940 I am_wtf  : [0,1744,system_server,-1,JobScheduler.JobStatus,App com.google.android.apps.wellbeing became active but still in NEVER bucket]
04-12 20:44:06.082923  1744  1940 I am_wtf  : [0,1744,system_server,-1,JobScheduler.JobStatus,App com.google.android.apps.wellbeing became active but still in NEVER bucket]
04-12 20:44:06.086492  2434  3507 I dvm_lock_sample: [com.google.android.gms.persisten,0,lowpool[3],59,:com.google.android.gms@261233035@26.12.33 (260400-892550550),3,void birn.execute(java.lang.Runnable),-,12,void birn.execute(java.lang.Runnable),11]
04-12 20:44:06.094156  1744  1940 I am_wtf  : [0,1744,system_server,-1,JobScheduler.JobStatus,App com.google.android.apps.wellbeing became active but still in NEVER bucket]
04-12 20:44:06.108000   556   556 I auditd  : type=1400 audit(0.0:678): avc:  denied  { read } for  comm="logd.logmuch" name="u:object_r:system_mtk_persist_aee_prop:s0" dev="tmpfs" ino=515 scontext=u:r:logd:s0 tcontext=u:object_r:system_mtk_persist_aee_prop:s0 tclass=file permissive=0
04-12 20:44:06.114395  1744  4103 I am_proc_died: [0,6217,com.transsion.statisticalsales,0,11]
04-12 20:44:06.118473  1744  1940 I am_wtf  : [0,1744,system_server,-1,JobScheduler.JobStatus,App com.google.android.apps.wellbeing became active but still in NEVER bucket]
04-12 20:44:06.122684  1744  1940 I am_wtf  : [0,1744,system_server,-1,JobScheduler.JobStatus,App com.google.android.apps.wellbeing became active but still in NEVER bucket]
04-12 20:44:06.128078  1744  2294 I sync    : [com.google.android.gms.chromesync,0,3,-1543423057]
04-12 20:44:06.160972  1744  1941 I am_proc_start: [0,6331,1000,com.transsion.statisticalsales,broadcast,{com.transsion.statisticalsales/com.transsion.statisticalsales.receiver.SimReceiver},caller=com.android.phone/1001,action = android.telephony.action.SIM_CARD_STATE_CHANGED]
04-12 20:44:06.186254  1744  1940 I am_wtf  : [0,1744,system_server,-1,JobScheduler.JobStatus,App com.google.android.apps.wellbeing became active but still in NEVER bucket]
04-12 20:44:06.187802  1744  4410 I am_proc_bound: [0,6331,com.transsion.statisticalsales]
04-12 20:44:06.272533  1744  2294 I sync    : [com.google.android.gms.chromesync,1,3,-1543423057]
04-12 20:44:06.279476  2434  5809 I dvm_lock_sample: [com.google.android.gms.persisten,0,highpool[8],23,:com.google.android.gms@261233035@26.12.33 (260400-892550550),3,void birn.execute(java.lang.Runnable),-,12,void birn.execute(java.lang.Runnable),4]
04-12 20:44:06.285891  1744  1940 I am_wtf  : [0,1744,system_server,-1,JobScheduler.JobStatus,App com.google.android.apps.wellbeing became active but still in NEVER bucket]
04-12 20:44:06.370929  1744  2052 I am_proc_died: [0,6331,com.transsion.statisticalsales,0,11]
04-12 20:44:06.380379  1744  1941 I am_proc_start: [0,6377,1000,com.mediatek.batterywarning,broadcast,{com.mediatek.batterywarning/com.mediatek.batterywarning.BatteryWarningReceiver},action = mediatek.intent.action.BATTERY_NORMAL]
04-12 20:44:06.388866  1744  2084 I commit_sys_config_file: [settings-1-0,7]
04-12 20:44:06.422392  1744  4486 I am_proc_bound: [0,6377,com.mediatek.batterywarning]
04-12 20:44:06.427365  1744  4410 I pm_critical_info: setEnabledSettings callingUid = 10232 callingPid = 3883 packageName = com.google.android.gms.supervision componentName = null callingPackage= com.google.android.gms newState = 2 userId = 0 flags = 0
04-12 20:44:06.463378  1744  1905 I commit_sys_config_file: [notification-policy,4]
04-12 20:44:06.520894  1744  1940 I am_uid_running: 10102
04-12 20:44:06.525815  1744  1941 I am_proc_start: [0,5167,10102,com.android.traceur,broadcast,{com.android.traceur/com.android.traceur.Receiver},action = android.intent.action.BOOT_COMPLETED]
04-12 20:44:06.540447  1744  4455 I am_proc_bound: [0,5167,com.android.traceur]
04-12 20:44:06.600587  1744  2903 I am_uid_active: 10102
04-12 20:44:06.604217  2434  5809 I dvm_lock_sample: [com.google.android.gms.persisten,0,highpool[8],48,:com.google.android.gms@261233035@26.12.33 (260400-892550550),5,android.database.sqlite.SQLiteDatabase exsf.l(),-,323,android.database.sqlite.SQLiteDatabase exsf.l(),9]
04-12 20:44:06.629270  1744  1940 I am_wtf  : [0,1744,system_server,-1,JobScheduler.JobStatus,App com.google.android.apps.wellbeing became active but still in NEVER bucket]
04-12 20:44:06.663792  1744  1941 I am_proc_start: [0,6438,1000,com.autotest.factory_reset_stress,broadcast,{com.autotest.factory_reset_stress/com.autotest.factory_reset_stress.MainReceiver},action = android.intent.action.BOOT_COMPLETED]
04-12 20:44:06.690233  1744  2534 I dvm_lock_sample: [system_server,1,binder:1744_9,46,ActivityManagerService.java,15048,android.content.ComponentName com.android.server.am.ActivityManagerService.startService(android.app.IApplicationThread, android.content.Intent, java.lang.String, boolean, java.lang.String, java.lang.String, int, boolean, int, java.lang.String, java.lang.String),,0,null,9]
04-12 20:44:06.695125  1744  2535 I am_proc_bound: [0,6438,com.autotest.factory_reset_stress]
04-12 20:44:06.710598  1744  4410 I dvm_lock_sample: [system_server,1,binder:1744_18,37,ContentProviderHelper.java,207,android.app.ContentProviderHolder com.android.server.am.ContentProviderHelper.getContentProviderImpl(android.app.IApplicationThread, java.lang.String, android.os.IBinder, int, java.lang.String, java.lang.String, boolean, int),,0,null,7]
04-12 20:44:06.727172  2434  6295 I dvm_lock_sample: [com.google.android.gms.persisten,0,lowpool[22],17,:com.google.android.gms@261233035@26.12.33 (260400-892550550),3,void birn.execute(java.lang.Runnable),-,12,void birn.execute(java.lang.Runnable),3]
04-12 20:44:06.795068  1744  1940 I am_wtf  : [0,1744,system_server,-1,JobScheduler.JobStatus,App com.google.android.apps.wellbeing became active but still in NEVER bucket]
04-12 20:44:06.851280  1744  1940 I am_uid_running: 10220
04-12 20:44:06.865380  1744  2084 I commit_sys_config_file: [settings-0-0,2]
04-12 20:44:06.878334  1744  1905 I commit_sys_config_file: [notification-policy,3]
04-12 20:44:06.882645  1744  1941 I am_proc_start: [0,6464,10220,com.google.android.onetimeinitializer,broadcast,{com.google.android.onetimeinitializer/com.google.android.onetimeinitializer.OneTimeInitializerReceiver},action = android.intent.action.BOOT_COMPLETED]
04-12 20:44:06.892080  1744  4486 I dvm_lock_sample: [system_server,1,binder:1744_1E,11,ActivityManagerService.java,5375,void com.android.server.am.ActivityManagerService.attachApplication(android.app.IApplicationThread, long),-,15284,int com.android.server.am.ActivityManagerService.bindServiceInstance(android.app.IApplicationThread, android.os.IBinder, android.content.Intent, java.lang.String, android.app.IServiceConnection, long, java.lang.String, boolean, int, java.lang.String, android.app.IApplicationThread, java.lang.String, int),2]
04-12 20:44:06.892544  1744  4486 I am_proc_bound: [0,6464,com.google.android.onetimeinitializer]
04-12 20:44:06.932135  1744  1744 I dvm_lock_sample: [system_server,0,main,12,ActivityManagerService.java,15305,boolean com.android.server.am.ActivityManagerService.unbindService(android.app.IServiceConnection),BroadcastQueueImpl.java,495,void com.android.server.am.BroadcastQueueImpl.updateRunningList(),2]
04-12 20:44:06.947045  1744  2533 I am_uid_active: 10220
04-12 20:44:06.948631  1744  1940 I am_uid_running: 10133
04-12 20:44:06.965276  1744  1941 I am_proc_start: [0,6528,10133,com.scorpio.securitycom,broadcast,{com.scorpio.securitycom/com.scorpio.receive.StaticReceiver},action = android.intent.action.BOOT_COMPLETED]
04-12 20:44:06.966702  1744  1940 I am_wtf  : [0,1744,system_server,-1,JobScheduler.JobStatus,App com.google.android.apps.wellbeing became active but still in NEVER bucket]
04-12 20:44:06.970397  1744  4486 I am_proc_bound: [0,6528,com.scorpio.securitycom]
04-12 20:44:06.984000  6528  6528 I auditd  : type=1400 audit(0.0:701): avc:  denied  { read write } for  comm="re-initialized>" name="ensignal" dev="tmpfs" ino=2080 scontext=u:r:priv_app:s0:c512,c768 tcontext=u:object_r:ensignal_device:s0 tclass=chr_file permissive=0 app=com.scorpio.securitycom
04-12 20:44:06.984000  6528  6528 I auditd  : type=1400 audit(0.0:702): avc:  denied  { read write } for  comm="re-initialized>" name="ensignal" dev="tmpfs" ino=2080 scontext=u:r:priv_app:s0:c512,c768 tcontext=u:object_r:ensignal_device:s0 tclass=chr_file permissive=0 app=com.scorpio.securitycom
04-12 20:44:07.011448  1744  2535 I am_uid_idle: 10160
04-12 20:44:07.035247  1744  2533 I am_uid_running: 10281
04-12 20:44:07.062054  1744  1941 I am_proc_start: [0,6578,10281,com.google.android.rkpdapp,service,{com.google.android.rkpdapp/com.android.rkpdapp.service.RemoteProvisioningService},caller=system/1000]
04-12 20:44:07.065111  1744  1940 I am_wtf  : [0,1744,system_server,-1,JobScheduler.JobStatus,App com.google.android.apps.wellbeing became active but still in NEVER bucket]
04-12 20:44:07.074421  1744  3084 I am_proc_bound: [0,6578,com.google.android.rkpdapp]
04-12 20:44:07.072000  6578  6578 I auditd  : type=1400 audit(0.0:703): avc:  denied  { search } for  comm="binder:6578_1" name="/" dev="sdc87" ino=2 scontext=u:r:rkpdapp:s0:c25,c257,c512,c768 tcontext=u:object_r:tranfs_file:s0 tclass=dir permissive=0 app=com.google.android.rkpdapp
04-12 20:44:07.072000  6578  6578 I auditd  : type=1400 audit(0.0:704): avc:  denied  { read write } for  comm="re-initialized>" name="ensignal" dev="tmpfs" ino=2080 scontext=u:r:rkpdapp:s0:c25,c257,c512,c768 tcontext=u:object_r:ensignal_device:s0 tclass=chr_file permissive=0 app=com.google.android.rkpdapp
04-12 20:44:07.072000  6578  6578 I auditd  : type=1400 audit(0.0:705): avc:  denied  { read write } for  comm="re-initialized>" name="ensignal" dev="tmpfs" ino=2080 scontext=u:r:rkpdapp:s0:c25,c257,c512,c768 tcontext=u:object_r:ensignal_device:s0 tclass=chr_file permissive=0 app=com.google.android.rkpdapp
04-12 20:44:07.131298  1744  4098 I am_uid_active: 10133
04-12 20:44:07.134535  1744  1940 I am_wtf  : [0,1744,system_server,-1,JobScheduler.JobStatus,App com.google.android.apps.wellbeing became active but still in NEVER bucket]
04-12 20:44:07.191401  1744  2941 I am_uid_active: 10281
04-12 20:44:07.208297  1744  4486 I dvm_lock_sample: [system_server,0,binder:1744_1E,6,PowerManagerService.java,4858,void com.android.server.power.PowerManagerService.startUidChangesInternal(),BatterySaverPolicy.java,967,android.os.PowerSaveState com.android.server.power.batterysaver.BatterySaverPolicy.getBatterySaverPolicy(int),1]
04-12 20:44:07.212660  1744  1940 I am_wtf  : [0,1744,system_server,-1,JobScheduler.JobStatus,App com.google.android.apps.wellbeing became active but still in NEVER bucket]
04-12 20:44:07.214148  1744  2294 I sync    : [com.google.android.gms.reminders,0,0,-1543423057]
04-12 20:44:07.258484  1744  1940 I am_uid_running: 10111
04-12 20:44:07.266215  1744  1941 I am_proc_start: [0,6550,10111,com.transsion.dualapp,broadcast,{com.transsion.dualapp/com.transsion.dualapp.BootReceiver},action = android.intent.action.BOOT_COMPLETED]
04-12 20:44:07.284309  1744  4455 I dvm_lock_sample: [system_server,0,binder:1744_1B,26,BroadcastController.java,1927,void com.android.server.am.BroadcastController.finishReceiver(android.os.IBinder, int, java.lang.String, android.os.Bundle, boolean, int),,0,null,5]
04-12 20:44:07.292561  1744  4488 I am_proc_bound: [0,6550,com.transsion.dualapp]
04-12 20:44:07.315233  1744  2488 I dvm_lock_sample: [system_server,1,binder:1744_6,48,BroadcastController.java,759,int com.android.server.am.BroadcastController.broadcastIntentWithFeature(android.app.IApplicationThread, java.lang.String, android.content.Intent, java.lang.String, android.content.IIntentReceiver, int, java.lang.String, android.os.Bundle, java.lang.String[], java.lang.String[], java.lang.String[], int, android.os.Bundle, boolean, boolean, int),,0,null,9]
04-12 20:44:07.321092  1744  4103 I dvm_lock_sample: [system_server,0,binder:1744_16,22,ActivityManagerService.java,1700,void com.android.server.am.ActivityManagerService$AppDeathRecipient.binderDied(),,0,null,4]
04-12 20:44:07.327314  1744  4103 I am_proc_died: [0,6438,com.autotest.factory_reset_stress,905,19]
04-12 20:44:07.331353  1744  2294 I sync    : [com.google.android.gms.reminders,1,0,-1543423057]
04-12 20:44:07.340120  1744  4410 I dvm_lock_sample: [system_server,0,binder:1744_18,24,BroadcastController.java,1927,void com.android.server.am.BroadcastController.finishReceiver(android.os.IBinder, int, java.lang.String, android.os.Bundle, boolean, int),,0,null,4]
04-12 20:44:07.349973  1744  4455 I dvm_lock_sample: [system_server,1,binder:1744_1B,18,AlarmManagerService.java,2316,void com.android.server.alarm.AlarmManagerService.setImpl(int, long, long, long, android.app.PendingIntent, android.app.IAlarmListener, java.lang.String, int, android.os.WorkSource, android.app.AlarmManager$AlarmClockInfo, int, java.lang.String, android.os.Bundle, int),-,2344,void com.android.server.alarm.AlarmManagerService.setImpl(int, long, long, long, android.app.PendingIntent, android.app.IAlarmListener, java.lang.String, int, android.os.WorkSource, android.app.AlarmManager$AlarmClockInfo, int, java.lang.String, android.os.Bundle, int),3]
04-12 20:44:07.403334  1744  1940 I am_uid_active: 10194
04-12 20:44:07.408469  1744  2535 I am_uid_active: 10111
04-12 20:44:07.432017  1744  1941 I am_proc_start: [0,6630,1000,com.transsion.tranfacmode,broadcast,{com.transsion.tranfacmode/com.transsion.tranfacmode.receiver.boot.BootReceiver},action = android.intent.action.BOOT_COMPLETED]
04-12 20:44:07.471911  1744  1905 I commit_sys_config_file: [jobs,7]
04-12 20:44:07.475908  1744  1905 I commit_sys_config_file: [jobs,4]
04-12 20:44:07.486649  1744  3084 I am_proc_bound: [0,6630,com.transsion.tranfacmode]
04-12 20:44:07.489761  3883  4503 I gms_unknown: [5,0,0]
04-12 20:44:07.491020  3883  4503 I gms_unknown: [CheckinTask:SentRequest,31283]
04-12 20:44:07.512886  1744  4103 I dvm_lock_sample: [system_server,1,binder:1744_16,16,ActivityManagerService.java,15128,boolean com.android.server.am.ActivityManagerService.stopServiceToken(android.content.ComponentName, android.os.IBinder, int),,0,null,3]
04-12 20:44:07.685513  2434  2434 I dvm_lock_sample: [com.google.android.gms.persisten,1,main,6,MessageQueue.java,918,android.os.Message android.os.MessageQueue.nextLegacy(),-,1391,boolean android.os.MessageQueue.enqueueMessageLegacy(android.os.Message, long),1]
04-12 20:44:07.711760  1744  2228 I notification_enqueue: [10232,2434,com.google.android.gms,1000,a:GMSCORE_STORE_RENDERER:11be35c183260000:107718207925398475592,0,Notification(channel=com.google.android.gms.notifications::SECURITY_ALERTS shortcut=null contentView=null vibrate=null sound=null tick defaults=0 flags=LOCAL_ONLY color=0x00000000 actions=1 vis=PRIVATE publicVersion=Notification(channel=null shortcut=null contentView=null vibrate=null sound=null defaults=0 flags=0 color=0x00000000 vis=PRIVATE)),0,1]
04-12 20:44:07.743221  1744  2228 I notification_cancel_all: [1000,1744,com.google.android.gms,0,0,0,20,NULL]
04-12 20:44:07.757637  1744  2052 I dvm_lock_sample: [system_server,1,binder:1744_4,10,ActivityManagerService.java,6474,java.lang.String com.android.server.am.ActivityManagerService.getTagForIntentSender(android.content.IIntentSender, java.lang.String),,0,null,2]
04-12 20:44:07.763807  1744  2228 I notification_cancel_all: [1000,1744,com.google.android.gms,0,0,0,20,NULL]
04-12 20:44:07.767402  1744  2228 I notification_cancel_all: [1000,1744,com.google.android.gms,0,0,0,20,NULL]
04-12 20:44:07.767770  1744  2228 I notification_cancel_all: [1000,1744,com.google.android.gms,0,0,0,20,NULL]
04-12 20:44:07.768393  1744  2228 I notification_cancel_all: [1000,1744,com.google.android.gms,0,0,0,20,NULL]
04-12 20:44:07.871965  1744  2084 I commit_sys_config_file: [settings-1-0,1]
04-12 20:44:07.914455  1744  2228 I sysui_multi_action: [757,1501,758,1,793,224,794,0,795,224,796,1000,797,a:GMSCORE_STORE_RENDERER:11be35c183260000:107718207925398475592,806,com.google.android.gms,857,com.google.android.gms.noti-9e60d696,858,3,947,0,1500,0,1688,1,1745,2098068913]
04-12 20:44:07.914475  1744  2228 I sysui_multi_action: [757,804,799,note_interruptive,801,0,802,1]
04-12 20:44:07.929239  1744  2228 I sysui_multi_action: [757,199,758,1,759,32784,793,239,794,0,795,239,796,1000,797,a:GMSCORE_STORE_RENDERER:11be35c183260000:107718207925398475592,806,com.google.android.gms,857,com.google.android.gms.noti-9e60d696,858,3,947,0,1500,15,1688,1,1745,2098068913]
04-12 20:44:07.929246  1744  1905 I commit_sys_config_file: [notification-policy,7]
04-12 20:44:07.929297  1744  2228 I notification_alert: [0|com.google.android.gms|1000|a:GMSCORE_STORE_RENDERER:11be35c183260000:107718207925398475592|10232,0,0,0,2,32768]
04-12 20:44:08.032000  4892  4892 I auditd  : type=1400 audit(0.0:715): avc:  denied  { read } for  comm="Athena-Worker" name="u:object_r:serialno_prop:s0" dev="tmpfs" ino=413 scontext=u:r:platform_app:s0:c512,c768 tcontext=u:object_r:serialno_prop:s0 tclass=file permissive=0 app=com.transsion.screenrecorder
04-12 20:44:08.078952  3883  4503 I gms_unknown: [CheckinTask:ReceivedResponse,31871]
04-12 20:44:08.080000  1153  1153 I auditd  : type=1400 audit(0.0:716): avc:  denied  { getattr } for  comm="vendor.mediatek" path="/proc/2738" dev="proc" ino=52628 scontext=u:r:mtk_hal_power:s0 tcontext=u:r:platform_app:s0:c512,c768 tclass=dir permissive=0
04-12 20:44:08.080000  1153  1153 I auditd  : type=1400 audit(0.0:717): avc:  denied  { search } for  comm="vendor.mediatek" name="2738" dev="proc" ino=52628 scontext=u:r:mtk_hal_power:s0 tcontext=u:r:platform_app:s0:c512,c768 tclass=dir permissive=0
04-12 20:44:08.084000  1153  1153 I auditd  : type=1400 audit(0.0:718): avc:  denied  { search } for  comm="mtkPowerMsgHdl" name="2738" dev="proc" ino=52628 scontext=u:r:mtk_hal_power:s0 tcontext=u:r:platform_app:s0:c512,c768 tclass=dir permissive=0
04-12 20:44:08.084000  1153  1153 I auditd  : type=1400 audit(0.0:719): avc:  denied  { search } for  comm="mtkPowerMsgHdl" name="2738" dev="proc" ino=52628 scontext=u:r:mtk_hal_power:s0 tcontext=u:r:platform_app:s0:c512,c768 tclass=dir permissive=0
04-12 20:44:08.135398  1744  4460 I am_crash: [6630,0,com.transsion.tranfacmode,549994053,java.lang.IllegalStateException,A migration from 3 to 2 was required but not found. Please provide the necessary Migration path via RoomDatabase.Builder.addMigration(...) or allow for destructive migrations via one of the RoomDatabase.Builder.fallbackToDestructiveMigration* functions.,NULL,150,0]
04-12 20:44:08.164040  1744  4460 I sysui_multi_action: [757,316,758,4,759,-1]
04-12 20:44:08.164222  1744  1940 I am_uid_running: 10139
04-12 20:44:08.226447  1744  1941 I am_proc_start: [0,6673,10139,com.sh.smart.caller,broadcast,{com.sh.smart.caller/com.android.dialer.app.calllog.CallLogReceiver},action = android.intent.action.BOOT_COMPLETED]
04-12 20:44:08.249364  1744  4103 I am_proc_died: [0,6630,com.transsion.tranfacmode,0,19]
04-12 20:44:08.259997  3883  4503 I gms_unknown: [6,0,0,0,0]
04-12 20:44:08.260094  3883  4503 I gms_unknown: [5,0,0]
04-12 20:44:08.260145  3883  4503 I gms_unknown: 119
04-12 20:44:08.263739  1744  1929 I service_manager_slow: [10,platform_compat]
04-12 20:44:08.277785  1744  2084 I commit_sys_config_file: [settings-0-0,3]
04-12 20:44:08.283504  2738  2955 I jank_cuj_events_end_request: [14,1775997848283393000,32075814154,32075814385]
04-12 20:44:08.287352  1744  4454 I am_proc_bound: [0,6673,com.sh.smart.caller]
04-12 20:44:08.316306  1744  2535 I dvm_lock_sample: [system_server,1,binder:1744_A,48,ActivityManagerService.java,6474,java.lang.String com.android.server.am.ActivityManagerService.getTagForIntentSender(android.content.IIntentSender, java.lang.String),,0,null,9]
04-12 20:44:08.323221  3883  4503 I gms_unknown: 24
04-12 20:44:08.323242  3883  4503 I gms_unknown: [CheckinTask:duration,2316]
04-12 20:44:08.398438  1744  1900 I am_uid_running: 10144
04-12 20:44:08.449934  1744  1941 I am_proc_start: [0,6812,10144,com.transsion.trancare,service,{com.transsion.trancare/com.transsion.trancare.MainService},caller=system/1000]
04-12 20:44:08.454653  1744  4410 I am_proc_bound: [0,6812,com.transsion.trancare]
04-12 20:44:08.511834  1744  2228 I notification_cancel_all: [1000,1744,com.sh.smart.caller,0,0,0,20,NULL]
04-12 20:44:08.511851  1744  2488 I sysui_multi_action: [757,856,758,2,806,com.sh.smart.caller,857,summary_notification,858,4]
04-12 20:44:08.512273  1744  2488 I sysui_multi_action: [757,856,758,2,806,com.sh.smart.caller,857,DEFAULT_CHANNEL,858,3]
04-12 20:44:08.512311  1744  2228 I notification_cancel_all: [1000,1744,com.sh.smart.caller,0,0,0,20,NULL]
04-12 20:44:08.553316  1744  2488 I sysui_multi_action: [757,856,758,1,806,com.sh.smart.caller,857,summary_notification,858,4]
04-12 20:44:08.568106  1744  2228 I notification_enqueue: [10232,2434,com.google.android.gms,1000,a:GMSCORE_STORE_RENDERER:0b135afdc4360000:107718207925398475592,0,Notification(channel=com.google.android.gms.notifications::SECURITY_ALERTS shortcut=null contentView=null vibrate=null sound=null tick defaults=0 flags=LOCAL_ONLY|SILENT color=0x00000000 actions=1 vis=PRIVATE publicVersion=Notification(channel=null shortcut=null contentView=null vibrate=null sound=null defaults=0 flags=0 color=0x00000000 vis=PRIVATE)),0,1]
04-12 20:44:08.600957  6183  6317 I service_manager_slow: [68,audio]
04-12 20:44:08.611770  1744  2228 I dvm_lock_sample: [system_server,0,notification,19,NotificationManagerService.java,9903,boolean com.android.server.notification.NotificationManagerService$EnqueueNotificationRunnable.enqueueNotification(),-,5581,android.content.pm.ParceledListSlice com.android.server.notification.NotificationManagerService$12.getAppActiveNotifications(java.lang.String, int),3]
04-12 20:44:08.637865  1744  2052 I pm_critical_info: setEnabledSettings callingUid = 10221 callingPid = 5946 packageName = com.android.vending componentName = null callingPackage= com.google.android.partnersetup newState = 1 userId = 0 flags = 1
04-12 20:44:08.650775  1744  1968 I power_sleep_requested: 0
04-12 20:44:08.651217  1744  4455 I am_uid_active: 10144
04-12 20:44:08.667543  1744  4488 I am_uid_active: 10139
04-12 20:44:08.668485  2738  2955 I jank_cuj_events_begin_request: [24,1775997848667221000,32459642077,32459642077,MISSING_CLOCK_ID]
04-12 20:44:08.674081  1744  4103 I sysui_multi_action: [757,127,758,2]
04-12 20:44:08.674145  1744  4103 I notification_panel_hidden: 
04-12 20:44:08.676720  1744  1940 I am_uid_running: 10212
04-12 20:44:08.708159  1744  1905 I commit_sys_config_file: [notification-policy,2]
04-12 20:44:08.709234  1744  2699 I dvm_lock_sample: [system_server,1,binder:1744_B,105,BroadcastController.java,532,android.content.Intent com.android.server.am.BroadcastController.registerReceiverWithFeatureTraced(android.app.IApplicationThread, java.lang.String, java.lang.String, java.lang.String, android.content.IIntentReceiver, android.content.IntentFilter, java.lang.String, int, int),,0,null,21]
04-12 20:44:08.711294  1744  2052 I pm_critical_info: setEnabledSettings callingUid = 10221 callingPid = 5946 packageName = com.google.android.apps.maps componentName = null callingPackage= com.google.android.partnersetup newState = 1 userId = 0 flags = 1
04-12 20:44:08.728253  1744  2052 I pm_critical_info: setEnabledSettings callingUid = 10221 callingPid = 5946 packageName = com.google.android.videos componentName = null callingPackage= com.google.android.partnersetup newState = 2 userId = 0 flags = 0
04-12 20:44:08.730513  1744  2923 I pm_critical_info: setEnabledSettings callingUid = 10221 callingPid = 5946 packageName = com.google.android.youtube componentName = null callingPackage= com.google.android.partnersetup newState = 1 userId = 0 flags = 1
04-12 20:44:08.781811  1744  4098 I dvm_lock_sample: [system_server,1,binder:1744_15,121,ActivityManagerService.java,15048,android.content.ComponentName com.android.server.am.ActivityManagerService.startService(android.app.IApplicationThread, android.content.Intent, java.lang.String, boolean, java.lang.String, java.lang.String, int, boolean, int, java.lang.String, java.lang.String),,0,null,24]
04-12 20:44:08.803476  1744  1968 I sysui_multi_action: [757,1696,758,6,759,0]
04-12 20:44:08.805795  1744  2533 I am_uid_running: 10112
04-12 20:44:08.819575  1744  4460 I am_proc_start: [0,6786,10212,com.google.android.projection.gearhead:shared,broadcast,{com.google.android.projection.gearhead/com.google.android.apps.auto.wireless.bluetooth.WifiBluetoothReceiver},action = android.intent.action.BOOT_COMPLETED]
04-12 20:44:08.831059  1744  4460 I am_proc_bound: [0,6786,com.google.android.projection.gearhead:shared]
04-12 20:44:08.846565  1744  1940 I dvm_lock_sample: [system_server,1,ActivityManager,131,BroadcastQueueImpl.java,354,boolean com.android.server.am.BroadcastQueueImpl.lambda$new$0(android.os.Message),,0,null,26]
04-12 20:44:08.867154  1744  2488 I netstats_mobile_sample: [0,0,0,0,0,0,0,0,1775997849955]
04-12 20:44:08.867299  1744  2488 I netstats_wifi_sample: [558091,225152,898,963,515105,224872,815,959,1775997849955]
04-12 20:44:08.929636  1744  2228 I sysui_multi_action: [757,1501,758,1,793,400,794,0,795,400,796,1000,797,a:GMSCORE_STORE_RENDERER:0b135afdc4360000:107718207925398475592,806,com.google.android.gms,857,com.google.android.gms.noti-9e60d696,858,3,947,0,1500,0,1688,1,1745,2098068913]
04-12 20:44:08.929716  1744  2228 I sysui_multi_action: [757,804,799,note_interruptive,801,0,802,1]
04-12 20:44:08.964741  1744  2535 I dvm_lock_sample: [system_server,1,binder:1744_A,222,ActivityManagerService.java,15305,boolean com.android.server.am.ActivityManagerService.unbindService(android.app.IServiceConnection),,0,null,44]
04-12 20:44:09.025193  1744  2534 I dvm_lock_sample: [system_server,1,binder:1744_9,193,ActivityManagerService.java,15048,android.content.ComponentName com.android.server.am.ActivityManagerService.startService(android.app.IApplicationThread, android.content.Intent, java.lang.String, boolean, java.lang.String, java.lang.String, int, boolean, int, java.lang.String, java.lang.String),,0,null,38]
04-12 20:44:09.027796  1744  4460 I dvm_lock_sample: [system_server,1,binder:1744_1C,179,ContentProviderHelper.java,207,android.app.ContentProviderHolder com.android.server.am.ContentProviderHelper.getContentProviderImpl(android.app.IApplicationThread, java.lang.String, android.os.IBinder, int, java.lang.String, java.lang.String, boolean, int),,0,null,35]
04-12 20:44:09.033931  1744  1941 I am_proc_start: [0,6909,10112,com.transsion.aicore.main,content provider,{com.transsion.aicore.main/com.transsion.aicore.main.provider.MmProvider},caller=com.sh.smart.caller/10139]
04-12 20:44:09.037887  1744  4455 I dvm_lock_sample: [system_server,1,binder:1744_1B,281,BroadcastController.java,759,int com.android.server.am.BroadcastController.broadcastIntentWithFeature(android.app.IApplicationThread, java.lang.String, android.content.Intent, java.lang.String, android.content.IIntentReceiver, int, java.lang.String, android.os.Bundle, java.lang.String[], java.lang.String[], java.lang.String[], int, android.os.Bundle, boolean, boolean, int),,0,null,56]
04-12 20:44:09.039350  1744  1929 I dvm_lock_sample: [system_server,1,android.bg,30,ContentProviderHelper.java,1677,void com.android.server.am.ContentProviderHelper.handleProviderRemoval(com.android.server.am.ContentProviderConnection, boolean, boolean),,0,null,6]
04-12 20:44:09.041989  1744  4410 I am_proc_bound: [0,6909,com.transsion.aicore.main]
04-12 20:44:09.043031  1744  2228 I notification_autogrouped: 0|com.google.android.gms|1000|a:GMSCORE_STORE_RENDERER:11be35c183260000:107718207925398475592|10232
04-12 20:44:09.043067  1744  2228 I notification_autogrouped: 0|com.google.android.gms|1000|a:GMSCORE_STORE_RENDERER:0b135afdc4360000:107718207925398475592|10232
04-12 20:44:09.043120  1744  2228 I notification_adjusted: [0|com.google.android.gms|1000|a:GMSCORE_STORE_RENDERER:0b135afdc4360000:107718207925398475592|10232,key_group_key,0|com.google.android.gms|g:Aggregate_AlertingSection]
04-12 20:44:09.043536  1744  2228 I sysui_multi_action: [757,199,758,1,759,2064,793,514,794,0,795,514,796,1000,797,a:GMSCORE_STORE_RENDERER:0b135afdc4360000:107718207925398475592,806,com.google.android.gms,857,com.google.android.gms.noti-9e60d696,858,3,946,0|com.google.android.gms|g:-1d40d8e2,947,0,1500,114,1688,1,1745,2098068913]
04-12 20:44:09.043729  1744  2228 I notification_alert: [0|com.google.android.gms|1000|a:GMSCORE_STORE_RENDERER:0b135afdc4360000:107718207925398475592|10232,0,0,0,2,2048]
04-12 20:44:09.044000  6909  6909 I auditd  : type=1400 audit(0.0:765): avc:  denied  { read write } for  comm="re-initialized>" name="ensignal" dev="tmpfs" ino=2080 scontext=u:r:platform_app:s0:c512,c768 tcontext=u:object_r:ensignal_device:s0 tclass=chr_file permissive=0 app=com.transsion.aicore.main
04-12 20:44:09.049501  1744  2227 I dvm_lock_sample: [system_server,0,ranker,98,NotificationManagerService.java,10888,void com.android.server.notification.NotificationManagerService.handleRankingReconsideration(android.os.Message),ManagedServices.java,238,java.util.List com.android.server.notification.ManagedServices.getServices(),19]
04-12 20:44:09.049774  1744  2227 I notification_adjusted: [0|com.google.android.gms|1000|a:GMSCORE_STORE_RENDERER:11be35c183260000:107718207925398475592|10232,key_group_key,0|com.google.android.gms|g:Aggregate_AlertingSection]
04-12 20:44:09.050256  1744  2228 I notification_enqueue: [10232,2434,com.google.android.gms,0,0|com.google.android.gms|g:Aggregate_AlertingSection,0,Notification(channel=com.google.android.gms.notifications::SECURITY_ALERTS shortcut=null contentView=null vibrate=null sound=null defaults=0 flags=LOCAL_ONLY|GROUP_SUMMARY|AUTOGROUP_SUMMARY color=0x00000000 groupKey=0|com.google.android.gms|g:Aggregate_AlertingSection vis=PRIVATE),0,0]
04-12 20:44:09.044000  6909  6909 I auditd  : type=1400 audit(0.0:766): avc:  denied  { read write } for  comm="re-initialized>" name="ensignal" dev="tmpfs" ino=2080 scontext=u:r:platform_app:s0:c512,c768 tcontext=u:object_r:ensignal_device:s0 tclass=chr_file permissive=0 app=com.transsion.aicore.main
04-12 20:44:09.054439  1744  1940 I dvm_lock_sample: [system_server,1,ActivityManager,205,BroadcastQueueImpl.java,354,boolean com.android.server.am.BroadcastQueueImpl.lambda$new$0(android.os.Message),,0,null,41]
04-12 20:44:09.059913  1744  2084 I dvm_lock_sample: [system_server,1,SettingsProvider,310,JobSchedulerService.java,2233,android.app.job.JobInfo com.android.server.job.JobSchedulerService.getPendingJob(int, java.lang.String, int),,0,null,62]
04-12 20:44:09.060106  1744  2070 I dvm_lock_sample: [system_server,1,appscheduling.default,269,BackgroundJobsController.java,426,void com.android.server.job.controllers.BackgroundJobsController$2.updateAllJobs(),,0,null,53]
04-12 20:44:09.062157  1744  2084 I commit_sys_config_file: [settings-1-0,2]
04-12 20:44:09.068138  1744  4488 I dvm_lock_sample: [system_server,1,binder:1744_20,29,ActivityManagerService.java,15283,int com.android.server.am.ActivityManagerService.bindServiceInstance(android.app.IApplicationThread, android.os.IBinder, android.content.Intent, java.lang.String, android.app.IServiceConnection, long, java.lang.String, boolean, int, java.lang.String, android.app.IApplicationThread, java.lang.String, int),,0,null,5]
04-12 20:44:09.103847  1744  2488 I sysui_multi_action: [757,856,758,1,806,com.sh.smart.caller,857,DEFAULT_CHANNEL,858,3]
04-12 20:44:09.116006  1744  2294 I sync    : [com.google.android.gms.chromesync,0,3,-1543423057]
04-12 20:44:09.183538  2738  2955 I jank_cuj_events_end_request: [24,1775997849183477000,32975898385,32975898385]
04-12 20:44:09.196175  1744  1929 I dvm_lock_sample: [system_server,1,android.bg,36,ContentProviderHelper.java,1677,void com.android.server.am.ContentProviderHelper.handleProviderRemoval(com.android.server.am.ContentProviderConnection, boolean, boolean),,0,null,7]
04-12 20:44:09.212764  1744  2295 I screen_toggled: 0
04-12 20:44:09.212793  1744  2295 I sysui_multi_action: [757,804,799,screen_timeout,801,30,802,1]
04-12 20:44:09.213469  1744  2295 I sysui_multi_action: [757,1594,758,4,759,-2147483648,1359,12484]
04-12 20:44:09.213525  1744  2295 I sysui_multi_action: [757,198,758,2,759,3,1359,574,1695,2]
04-12 20:44:09.213538  1744  2295 I power_screen_state: [0,3,0,0,574]
04-12 20:44:09.215331  1744  2295 I power_screen_broadcast_send: 1
04-12 20:44:09.216538  2738  2955 I jank_cuj_events_cancel_request: [5,1775997849215335000,33007756308,33007756308]
04-12 20:44:09.237279  2738  2738 I viewroot_draw_event: [VRI[NotificationShade],Not drawing due to screen off]
04-12 20:44:09.238389  1744  4455 I dvm_lock_sample: [system_server,1,binder:1744_1B,66,ActivityManagerService.java,19383,boolean com.android.server.am.ActivityManagerService$LocalService.hasForegroundServiceNotification(java.lang.String, int, java.lang.String),,0,null,13]
04-12 20:44:09.241898  1744  2228 I notification_cancel_all: [1000,1744,com.google.android.projection.gearhead,0,0,0,20,NULL]
04-12 20:44:09.242350  1744  2488 I dvm_lock_sample: [system_server,1,binder:1744_6,71,ActivityManagerService.java,5422,void com.android.server.am.ActivityManagerService.finishAttachApplicationInner(long, int, int),,0,null,14]
04-12 20:44:09.236000   556   556 I auditd  : type=1400 audit(0.0:767): avc:  denied  { read } for  comm="logd.writer" name="u:object_r:bluetooth_prop:s0" dev="tmpfs" ino=173 scontext=u:r:logd:s0 tcontext=u:object_r:bluetooth_prop:s0 tclass=file permissive=0
04-12 20:44:09.240000   556   556 I auditd  : type=1400 audit(0.0:768): avc:  denied  { read } for  comm="logd.writer" name="u:object_r:bluetooth_prop:s0" dev="tmpfs" ino=173 scontext=u:r:logd:s0 tcontext=u:object_r:bluetooth_prop:s0 tclass=file permissive=0
04-12 20:44:09.244988  1744  2228 I notification_cancel_all: [1000,1744,com.google.android.projection.gearhead,0,0,0,20,NULL]
04-12 20:44:09.240000   556   556 I auditd  : type=1400 audit(0.0:769): avc:  denied  { read } for  comm="logd.writer" name="u:object_r:bluetooth_prop:s0" dev="tmpfs" ino=173 scontext=u:r:logd:s0 tcontext=u:object_r:bluetooth_prop:s0 tclass=file permissive=0
04-12 20:44:09.253997  1744  2488 I am_uid_active: 10212
04-12 20:44:09.256113  1744  4454 I dvm_lock_sample: [system_server,1,binder:1744_1A,97,ContentProviderHelper.java,207,android.app.ContentProviderHolder com.android.server.am.ContentProviderHelper.getContentProviderImpl(android.app.IApplicationThread, java.lang.String, android.os.IBinder, int, java.lang.String, java.lang.String, boolean, int),,0,null,19]
04-12 20:44:09.265763  1744  2228 I sysui_multi_action: [757,199,758,1,759,1040,793,224,794,0,795,224,796,0,797,0|com.google.android.gms|g:Aggregate_AlertingSection,806,com.google.android.gms,857,com.google.android.gms.noti-9e60d696,858,3,946,0|com.google.android.gms|g:-1d40d8e2,947,1,1500,224,1688,1]
04-12 20:44:09.265790  1744  2228 I notification_alert: [0|com.google.android.gms|0|0|com.google.android.gms|g:Aggregate_AlertingSection|10232|0|com.google.android.gms|g:Aggregate_AlertingSection,0,0,0,2,1024]
04-12 20:44:09.294782  1744  2228 I notification_cancel_all: [1000,1744,com.google.android.projection.gearhead,0,0,0,20,NULL]
04-12 20:44:09.308166  1744  1929 I dvm_lock_sample: [system_server,1,android.bg,36,ContentProviderHelper.java,1677,void com.android.server.am.ContentProviderHelper.handleProviderRemoval(com.android.server.am.ContentProviderConnection, boolean, boolean),,0,null,7]
04-12 20:44:09.309476  1744  1940 I am_wtf  : [0,1744,system_server,-1,ActivityManager,Sending non-protected broadcast com.transsion.log.ATHENA_STATE_CHANGED from system 1744:system/1000 pkg android]
04-12 20:44:09.341089  2738  2738 I viewroot_draw_event: [VRI[StatusBar],Not drawing due to screen off]
04-12 20:44:09.376464  1744  1905 I commit_sys_config_file: [notification-policy,9]
04-12 20:44:09.379358  1744  2294 I sync    : [com.google.android.gms.chromesync,1,3,-1543423057]
04-12 20:44:09.395869  1744  1744 I battery_saving_stats: [0,1,0,13105,7000,0,13105,7000,0]
04-12 20:44:09.435333  1744  1940 I am_uid_running: 10152
04-12 20:44:09.442483  1744  1941 I am_proc_start: [0,6859,10152,com.debug.loggerui,broadcast,{com.debug.loggerui/com.debug.loggerui.framework.LogReceiver},action = android.intent.action.BOOT_COMPLETED]
04-12 20:44:09.485622  1744  2532 I am_proc_bound: [0,6859,com.debug.loggerui]
04-12 20:44:09.566565  1744  4461 I am_uid_active: 10152
04-12 20:44:09.569196  1744  1940 I am_uid_running: 10077
04-12 20:44:09.587132  1744  1941 I am_proc_start: [0,6994,10077,com.android.devicediagnostics,broadcast,{com.android.devicediagnostics/com.android.devicediagnostics.BootCompleteReceiver},action = android.intent.action.BOOT_COMPLETED]
04-12 20:44:09.619479  1744  2925 I am_proc_bound: [0,6994,com.android.devicediagnostics]
04-12 20:44:09.621871  1744  2532 I dvm_lock_sample: [system_server,1,binder:1744_7,5,BroadcastController.java,532,android.content.Intent com.android.server.am.BroadcastController.registerReceiverWithFeatureTraced(android.app.IApplicationThread, java.lang.String, java.lang.String, java.lang.String, android.content.IIntentReceiver, android.content.IntentFilter, java.lang.String, int, int),,0,null,1]
04-12 20:44:09.656127  1744  2535 I am_foreground_service_start: [0,com.debug.loggerui/.framework.DebugLoggerUIService,0,BACKGROUND_FGS_PERMISSION,36,36,0,0,0,1,UNKNOWN,1073741824]
04-12 20:44:09.720371  1744  4461 I am_uid_active: 10077
04-12 20:44:09.729257  1744  1940 I am_uid_running: 10081
04-12 20:44:09.741304  1744  1941 I am_proc_start: [0,7030,10081,com.android.managedprovisioning,broadcast,{com.android.managedprovisioning/com.android.managedprovisioning.BootReminder},action = android.intent.action.BOOT_COMPLETED]
04-12 20:44:09.744519  1744  1903 I power_screen_broadcast_done: [0,529,1]
04-12 20:44:09.761942  1744  2084 I commit_sys_config_file: [settings-0-0,2]
04-12 20:44:09.762593  1744  3085 I am_proc_bound: [0,7030,com.android.managedprovisioning]
04-12 20:44:09.819890  1744  4460 I am_uid_active: 10081
04-12 20:44:09.821616  1744  1940 I am_uid_running: 10082
04-12 20:44:09.831859  1744  1941 I am_proc_start: [0,7092,10082,com.android.providers.calendar,broadcast,{com.android.providers.calendar/com.android.providers.calendar.CalendarReceiver},action = android.intent.action.BOOT_COMPLETED]
04-12 20:44:09.860511  1744  4103 I am_proc_bound: [0,7092,com.android.providers.calendar]
04-12 20:44:09.901354  1744  4103 I am_uid_active: 10082
04-12 20:44:09.904521  1744  1940 I am_uid_running: 10254
04-12 20:44:09.911015  1744  1941 I am_proc_start: [0,7109,10254,com.google.android.apps.tachyon,broadcast,{com.google.android.apps.tachyon/com.google.android.apps.tachyon.common.applifecycle.BootReceiver},action = android.intent.action.BOOT_COMPLETED]
04-12 20:44:09.944726  1744  4460 I am_proc_bound: [0,7109,com.google.android.apps.tachyon]
04-12 20:44:10.045291  1744  2941 I dvm_lock_sample: [system_server,0,binder:1744_11,24,CachedAppOptimizer.java,935,boolean com.android.server.am.CachedAppOptimizer.enableFreezer(boolean),,0,null,4]
04-12 20:44:10.053123  1744  2362 I am_uid_running: 10276
04-12 20:44:10.120169  1744  1941 I am_proc_start: [0,7167,10276,com.google.android.permissioncontroller,service,{com.google.android.permissioncontroller/com.android.permissioncontroller.permission.service.PermissionControllerServiceImpl},caller=system/1000]
04-12 20:44:10.123815  1744  4461 I dvm_lock_sample: [system_server,1,binder:1744_1D,48,ContentProviderHelper.java,871,void com.android.server.am.ContentProviderHelper.publishContentProviders(android.app.IApplicationThread, java.util.List),,0,null,9]
04-12 20:44:10.124625  1744  3085 I dvm_lock_sample: [system_server,0,binder:1744_13,68,ActivityManagerService.java,15340,void com.android.server.am.ActivityManagerService.serviceDoneExecuting(android.os.IBinder, int, int, int, android.content.Intent),,0,null,13]
04-12 20:44:10.134655  1744  4103 I am_proc_bound: [0,7167,com.google.android.permissioncontroller]
04-12 20:44:10.138253  1744  1905 I commit_sys_config_file: [notification-policy,30]
04-12 20:44:10.140000  7167  7167 I auditd  : type=1400 audit(0.0:788): avc:  denied  { read write } for  comm="re-initialized>" name="ensignal" dev="tmpfs" ino=2080 scontext=u:r:permissioncontroller_app:s0:c20,c257,c512,c768 tcontext=u:object_r:ensignal_device:s0 tclass=chr_file permissive=0 app=com.google.android.permissioncontroller
04-12 20:44:10.140000  7167  7167 I auditd  : type=1400 audit(0.0:789): avc:  denied  { search } for  comm="binder:7167_2" name="/" dev="sdc87" ino=2 scontext=u:r:permissioncontroller_app:s0:c20,c257,c512,c768 tcontext=u:object_r:tranfs_file:s0 tclass=dir permissive=0 app=com.google.android.permissioncontroller
04-12 20:44:10.140000  7167  7167 I auditd  : type=1400 audit(0.0:790): avc:  denied  { read write } for  comm="re-initialized>" name="ensignal" dev="tmpfs" ino=2080 scontext=u:r:permissioncontroller_app:s0:c20,c257,c512,c768 tcontext=u:object_r:ensignal_device:s0 tclass=chr_file permissive=0 app=com.google.android.permissioncontroller
04-12 20:44:10.147102  1744  2699 I dvm_lock_sample: [system_server,1,binder:1744_B,13,BroadcastController.java,759,int com.android.server.am.BroadcastController.broadcastIntentWithFeature(android.app.IApplicationThread, java.lang.String, android.content.Intent, java.lang.String, android.content.IIntentReceiver, int, java.lang.String, android.os.Bundle, java.lang.String[], java.lang.String[], java.lang.String[], int, android.os.Bundle, boolean, boolean, int),ActivityManagerService.java,5381,void com.android.server.am.ActivityManagerService.attachApplication(android.app.IApplicationThread, long),2]
04-12 20:44:10.168180  1744  1940 I am_uid_active: 10276
04-12 20:44:10.201767  1744  4454 I dvm_lock_sample: [system_server,1,binder:1744_1A,31,ActivityManagerService.java,6474,java.lang.String com.android.server.am.ActivityManagerService.getTagForIntentSender(android.content.IIntentSender, java.lang.String),BroadcastQueueImpl.java,495,void com.android.server.am.BroadcastQueueImpl.updateRunningList(),6]
04-12 20:44:10.252764  1744  1929 I dvm_lock_sample: [system_server,1,android.bg,77,ResourcesManager.java,1225,android.content.res.Resources android.app.ResourcesManager.createResources(android.content.res.ResourcesKey, java.lang.ClassLoader, android.app.ResourcesManager$ApkAssetsSupplier),,0,null,15]
