04-12 20:44:32.205801  1744  2228 I notification_enqueue: [10231,7680,com.android.vending,-56862258,NULL,0,Notification(channel=maintenance-v2 shortcut=null contentView=null vibrate=null sound=null defaults=0 flags=ONGOING_EVENT|ONLY_ALERT_ONCE|FOREGROUND_SERVICE color=0xff01875f actions=2 vis=SECRET),1,1]
04-12 20:44:32.208000  7147  7147 I auditd  : type=1400 audit(0.0:970): avc:  denied  { getopt } for  comm="FinalizerDaemon" path="/dev/socket/usap_pool_primary" scontext=u:r:priv_app:s0:c512,c768 tcontext=u:r:zygote:s0 tclass=unix_stream_socket permissive=0 app=com.google.android.configupdater
04-12 20:44:32.409484  1744  2228 I sysui_multi_action: [757,199,758,1,759,16,793,18242,794,0,795,209,796,-56862258,806,com.android.vending,857,maintenance-v2,858,2,947,0,1500,209,1688,4,1689,2,1690,1]
04-12 20:44:32.409724  1744  2228 I notification_alert: [0|com.android.vending|-56862258|null|10231,0,0,0,2,0]
04-12 20:44:32.445980  1744  1905 I commit_sys_config_file: [notification-policy,4]
04-12 20:44:33.040000  7519  7519 I auditd  : type=1400 audit(0.0:971): avc:  denied  { getopt } for  comm="FinalizerDaemon" path="/dev/socket/usap_pool_primary" scontext=u:r:system_app:s0 tcontext=u:r:zygote:s0 tclass=unix_stream_socket permissive=0
04-12 20:44:33.456000  7092  7092 I auditd  : type=1400 audit(0.0:972): avc:  denied  { getopt } for  comm="FinalizerDaemon" path="/dev/socket/usap_pool_primary" scontext=u:r:priv_app:s0:c512,c768 tcontext=u:r:zygote:s0 tclass=unix_stream_socket permissive=0 app=com.android.providers.calendar
04-12 20:44:33.500794  1744  2207 I netstats_mobile_sample: [0,0,0,0,0,0,0,0,1775997874589]
04-12 20:44:33.501447  1744  2207 I netstats_wifi_sample: [35928510,852167,29346,5320,35868291,842710,29216,5277,1775997874589]
04-12 20:44:34.009003  1744  1905 I commit_sys_config_file: [jobs,3]
04-12 20:44:34.039917  1744  2228 I notification_enqueue: [10233,4598,com.google.android.googlequicksearchbox,0,-1543423057::SUMMARY::ct,0,Notification(channel=74 shortcut=null contentView=null vibrate=null sound=null defaults=0 flags=GROUP_SUMMARY color=0x00000000 groupKey=-1543423057::SUMMARY::ct vis=PRIVATE publicVersion=Notification(channel=null shortcut=null contentView=null vibrate=null sound=null defaults=0 flags=0 color=0x00000000 vis=PRIVATE)),0,1]
04-12 20:44:34.056484  1744  2228 I notification_enqueue: [10233,4598,com.google.android.googlequicksearchbox,0,-1543423057::a:snotification:[0x34ebef72c09aa412,stories.f,NOTIFICATION],0,Notification(channel=74 shortcut=null contentView=null vibrate=null sound=null defaults=0 flags=ONLY_ALERT_ONCE color=0x00000000 groupKey=-1543423057::SUMMARY::ct actions=2 vis=PRIVATE),0,1]
04-12 20:44:34.190196  1744  2228 I notification_cancel_all: [1000,1744,com.android.vending,0,0,0,20,NULL]
04-12 20:44:34.190588  1744  2228 I notification_cancel_all: [1000,1744,com.android.vending,0,0,0,20,NULL]
04-12 20:44:34.190652  1744  2228 I notification_cancel_all: [1000,1744,com.android.vending,0,0,0,20,NULL]
04-12 20:44:34.190908  1744  2228 I notification_cancel_all: [1000,1744,com.android.vending,0,0,0,20,NULL]
04-12 20:44:34.190940  1744  2228 I notification_cancel_all: [1000,1744,com.android.vending,0,0,0,20,NULL]
04-12 20:44:34.201783  1744  2228 I notification_enqueue: [10231,7680,com.android.vending,-56862258,NULL,0,Notification(channel=maintenance-v2 shortcut=null contentView=null vibrate=null sound=null defaults=0 flags=ONGOING_EVENT|ONLY_ALERT_ONCE|FOREGROUND_SERVICE color=0xff01875f actions=2 vis=SECRET),1,1]
04-12 20:44:34.211873  1744  2925 I am_uid_running: 99000
04-12 20:44:34.233084  1744  1941 I am_proc_start: [0,8443,99000,com.google.android.webview:sandboxed_process0:org.chromium.content.app.SandboxedProcessService0:0,,{com.google.android.googlequicksearchbox/org.chromium.content.app.SandboxedProcessService0:0}]
04-12 20:44:34.241918  1744  2228 I sysui_multi_action: [757,199,758,1,759,16,793,213,794,0,795,213,796,0,797,-1543423057::SUMMARY::ct,806,com.google.android.googlequicksearchbox,857,74,858,2,946,-1543423057::SUMMARY::ct,947,1,1500,213,1688,1]
04-12 20:44:34.242082  1744  2228 I notification_alert: [0|com.google.android.googlequicksearchbox|0|-1543423057::SUMMARY::ct|10233,0,0,0,2,0]
04-12 20:44:34.243864  1744  4103 I am_proc_bound: [0,8443,com.google.android.webview:sandboxed_process0:org.chromium.content.app.SandboxedProcessService0:0]
04-12 20:44:34.244000  8443  8443 I auditd  : type=1400 audit(0.0:973): avc:  denied  { search } for  comm="binder:8443_2" name="/" dev="sdc87" ino=2 scontext=u:r:isolated_app:s0:c512,c768 tcontext=u:object_r:tranfs_file:s0 tclass=dir permissive=0
04-12 20:44:34.258475  1744  2228 I sysui_multi_action: [757,1501,758,1,793,210,794,0,795,210,796,0,797,-1543423057::a:snotification:[0x34ebef72c09aa412,stories.f,NOTIFICATION],806,com.google.android.googlequicksearchbox,857,74,858,2,946,-1543423057::SUMMARY::ct,947,0,1500,0,1688,1,1745,680407814]
04-12 20:44:34.258514  1744  2228 I sysui_multi_action: [757,804,799,note_interruptive,801,0,802,1]
04-12 20:44:34.258796  1744  2228 I sysui_multi_action: [757,199,758,1,759,16,793,210,794,0,795,210,796,0,797,-1543423057::a:snotification:[0x34ebef72c09aa412,stories.f,NOTIFICATION],806,com.google.android.googlequicksearchbox,857,74,858,2,946,-1543423057::SUMMARY::ct,947,0,1500,0,1688,1,1745,680407814]
04-12 20:44:34.258838  1744  2228 I notification_alert: [0|com.google.android.googlequicksearchbox|0|-1543423057::a:snotification:[0x34ebef72c09aa412,stories.f,NOTIFICATION]|10233,0,0,0,2,0]
04-12 20:44:34.273889  1744  2093 I am_freeze: [3249,com.google.android.cellbroadcastreceiver]
04-12 20:44:34.365493  1744  2925 I am_uid_running: 10255
04-12 20:44:34.377124  1744  3085 I am_uid_running: 10264
04-12 20:44:34.381895  1744  1941 I am_proc_start: [0,8476,10255,com.google.android.webview:webview_service,service,{com.google.android.webview/org.chromium.android_webview.services.ComponentsProviderService},caller=com.google.android.googlequicksearchbox:googleapp/10233]
04-12 20:44:34.393946  1744  1941 I am_proc_start: [0,8495,10264,com.google.android.adservices.api,service,{com.google.android.adservices.api/com.android.adservices.measurement.MeasurementService},caller=com.google.android.googlequicksearchbox:googleapp/10233]
04-12 20:44:34.397654  1744  4103 I am_proc_bound: [0,8476,com.google.android.webview:webview_service]
04-12 20:44:34.403280  1744  2228 I sysui_multi_action: [757,199,758,1,759,16,793,20236,794,0,795,209,796,-56862258,806,com.android.vending,857,maintenance-v2,858,2,947,0,1500,209,1688,4,1689,2,1690,1]
04-12 20:44:34.403443  1744  2228 I notification_alert: [0|com.android.vending|-56862258|null|10231,0,0,0,2,0]
04-12 20:44:34.400000  8476  8476 I auditd  : type=1400 audit(0.0:974): avc:  denied  { search } for  comm="binder:8476_2" name="/" dev="sdc87" ino=2 scontext=u:r:untrusted_app:s0:c255,c256,c512,c768 tcontext=u:object_r:tranfs_file:s0 tclass=dir permissive=0 app=com.google.android.webview
04-12 20:44:34.414239  1744  2068 I am_proc_bound: [0,8495,com.google.android.adservices.api]
04-12 20:44:34.412000  8495  8495 I auditd  : type=1400 audit(0.0:975): avc:  denied  { read write } for  comm="re-initialized>" name="ensignal" dev="tmpfs" ino=2080 scontext=u:r:priv_app:s0:c512,c768 tcontext=u:object_r:ensignal_device:s0 tclass=chr_file permissive=0 app=com.google.android.adservices.api
04-12 20:44:34.412000  8495  8495 I auditd  : type=1400 audit(0.0:976): avc:  denied  { read write } for  comm="re-initialized>" name="ensignal" dev="tmpfs" ino=2080 scontext=u:r:priv_app:s0:c512,c768 tcontext=u:object_r:ensignal_device:s0 tclass=chr_file permissive=0 app=com.google.android.adservices.api
04-12 20:44:34.446801  1744  1905 I commit_sys_config_file: [notification-policy,6]
04-12 20:44:34.492000  7355  7355 I auditd  : type=1400 audit(0.0:977): avc:  denied  { getopt } for  comm="FinalizerDaemon" path="/dev/socket/usap_pool_primary" scontext=u:r:priv_app:s0:c512,c768 tcontext=u:r:zygote:s0 tclass=unix_stream_socket permissive=0 app=com.google.android.packageinstaller
04-12 20:44:34.717106  1744  1940 I am_wtf  : [0,1744,system_server,-1,ActivityManager,Sending non-protected broadcast com.transsion.log.ATHENA_STATE_CHANGED from system 1744:system/1000 pkg android]
04-12 20:44:34.890205   561   561 I auditd  : avc:  denied  { find } for pid=1744 uid=1000 name=vendor.transsion.hardware.aegis.IAegisService/default scontext=u:r:system_server:s0 tcontext=u:object_r:default_android_service:s0 tclass=service_manager permissive=0
04-12 20:44:34.892028   561   561 I auditd  : avc:  denied  { find } for pid=1744 uid=1000 name=vendor.transsion.hardware.aegis.IAegisService/default scontext=u:r:system_server:s0 tcontext=u:object_r:default_android_service:s0 tclass=service_manager permissive=0
04-12 20:44:34.988000  3921  3921 I auditd  : type=1400 audit(0.0:978): avc:  denied  { getopt } for  comm="FinalizerDaemon" path="/dev/socket/usap_pool_primary" scontext=u:r:platform_app:s0:c512,c768 tcontext=u:r:zygote:s0 tclass=unix_stream_socket permissive=0 app=com.transsion.deskclock
04-12 20:44:35.578237  1744  2207 I netstats_mobile_sample: [0,0,0,0,0,0,0,0,1775997876666]
04-12 20:44:35.578549  1744  2207 I netstats_wifi_sample: [40035805,887779,32576,5684,39976864,878322,32447,5641,1775997876666]
04-12 20:44:36.080466  1744  2228 I notification_cancel_all: [1000,1744,com.android.vending,0,0,0,20,NULL]
04-12 20:44:36.080905  1744  2228 I notification_cancel_all: [1000,1744,com.android.vending,0,0,0,20,NULL]
04-12 20:44:36.081328  1744  2228 I notification_cancel_all: [1000,1744,com.android.vending,0,0,0,20,NULL]
04-12 20:44:36.081600  1744  2228 I notification_cancel_all: [1000,1744,com.android.vending,0,0,0,20,NULL]
04-12 20:44:36.081955  1744  2228 I notification_cancel_all: [1000,1744,com.android.vending,0,0,0,20,NULL]
04-12 20:44:36.098472  1744  2228 I notification_enqueue: [10231,7680,com.android.vending,-56862258,NULL,0,Notification(channel=maintenance-v2 shortcut=null contentView=null vibrate=null sound=null defaults=0 flags=ONGOING_EVENT|ONLY_ALERT_ONCE|FOREGROUND_SERVICE color=0xff01875f actions=2 vis=SECRET),1,1]
04-12 20:44:36.099445  1744  2228 I notification_cancel_all: [1000,1744,com.android.vending,0,0,0,20,NULL]
04-12 20:44:36.099486  1744  2228 I notification_cancel_all: [1000,1744,com.android.vending,0,0,0,20,NULL]
04-12 20:44:36.100037  1744  2228 I notification_cancel_all: [1000,1744,com.android.vending,0,0,0,20,NULL]
04-12 20:44:36.100901  1744  2228 I notification_cancel_all: [1000,1744,com.android.vending,0,0,0,20,NULL]
04-12 20:44:36.101213  1744  2228 I notification_cancel_all: [1000,1744,com.android.vending,0,0,0,20,NULL]
04-12 20:44:36.110358  1744  2228 I notification_enqueue: [10231,7680,com.android.vending,-56862258,NULL,0,Notification(channel=maintenance-v2 shortcut=null contentView=null vibrate=null sound=null defaults=0 flags=ONGOING_EVENT|ONLY_ALERT_ONCE|FOREGROUND_SERVICE color=0xff01875f vis=SECRET),1,1]
04-12 20:44:36.301587  1744  2228 I sysui_multi_action: [757,199,758,1,759,16,793,22134,794,0,795,215,796,-56862258,806,com.android.vending,857,maintenance-v2,858,2,947,0,1500,215,1688,4,1689,2,1690,1]
04-12 20:44:36.301739  1744  2228 I notification_alert: [0|com.android.vending|-56862258|null|10231,0,0,0,2,0]
04-12 20:44:36.312836  1744  2228 I sysui_multi_action: [757,199,758,1,759,16,793,22145,794,0,795,207,796,-56862258,806,com.android.vending,857,maintenance-v2,858,2,947,0,1500,207,1688,4,1689,2,1690,1]
04-12 20:44:36.312934  1744  2228 I notification_alert: [0|com.android.vending|-56862258|null|10231,0,0,0,2,0]
04-12 20:44:36.337357  1744  1905 I commit_sys_config_file: [notification-policy,5]
04-12 20:44:36.962144  1744  2093 I am_freeze: [6464,com.google.android.onetimeinitializer]
04-12 20:44:37.576771  1744  2093 I am_freeze: [5144,com.google.android.tts]
04-12 20:44:37.628694  1744  2093 I am_freeze: [5162,com.google.android.apps.wellbeing]
04-12 20:44:37.924876  1744  2207 I netstats_mobile_sample: [0,0,0,0,0,0,0,0,1775997879013]
04-12 20:44:37.925658  1744  2207 I netstats_wifi_sample: [43361339,907010,35193,5968,43312622,896234,35072,5918,1775997879013]
04-12 20:44:38.112638  1744  4103 I am_foreground_service_stop: [0,com.android.vending/com.google.android.finsky.downloadservice.DownloadService,1,BACKGROUND_ACTIVITY_PERMISSION,36,36,1,1,24005,1,STOP_FOREGROUND,1024]
04-12 20:44:38.122154  1744  2228 I sysui_multi_action: [757,128,758,5,759,8,793,23955,794,0,795,2017,796,-56862258,806,com.android.vending,857,maintenance-v2,858,2,947,0,1500,2017,1688,4,1689,2,1690,1]
04-12 20:44:38.122183  1744  2228 I notification_canceled: [0|com.android.vending|-56862258|null|10231,8,23955,2017,0,-1,-1,NULL]
04-12 20:44:39.101025  1744  4103 I thermal_changed: [SKIN,3,39.803001,0,1]
04-12 20:44:39.124649  1744  2294 I sync    : [com.google.android.location.reporting,0,0,-1543423057]
04-12 20:44:40.061611  1744  2294 I sync    : [com.google.android.location.reporting,1,0,-1543423057]
04-12 20:44:40.635237  1744  2093 I am_freeze: [7167,com.google.android.permissioncontroller]
04-12 20:44:40.795111  1744  2093 I am_freeze: [7147,com.google.android.configupdater]
04-12 20:44:40.909021  1744  2093 I am_freeze: [7355,com.google.android.packageinstaller]
04-12 20:44:41.058452  1744  2093 I am_freeze: [7426,com.google.android.projection.gearhead:car]
04-12 20:44:41.061597  1744  2093 I am_freeze: [6786,com.google.android.projection.gearhead:shared]
04-12 20:44:41.927504  1744  2093 I am_unfreeze: [7147,com.google.android.configupdater,6]
04-12 20:44:42.069581  1744  1905 I commit_sys_config_file: [jobs,10]
04-12 20:44:42.146009  1744  2093 I am_freeze: [5946,com.google.android.partnersetup]
04-12 20:44:42.908000  7030  7030 I auditd  : type=1400 audit(0.0:979): avc:  denied  { getopt } for  comm="FinalizerDaemon" path="/dev/socket/usap_pool_primary" scontext=u:r:platform_app:s0:c512,c768 tcontext=u:r:zygote:s0 tclass=unix_stream_socket permissive=0 app=com.android.managedprovisioning
04-12 20:44:43.276482  1744  2093 I am_unfreeze: [7167,com.google.android.permissioncontroller,6]
04-12 20:44:43.280466  1744  1940 I am_wtf  : [0,1744,system_server,-1,CustomRoleParser,mimeType in <data> is not supported when setting a preferred activity]
04-12 20:44:43.280561  1744  1940 I am_wtf  : [0,1744,system_server,-1,CustomRoleParser,mimeType in <data> is not supported when setting a preferred activity]
04-12 20:44:43.280642  1744  1940 I am_wtf  : [0,1744,system_server,-1,CustomRoleParser,mimeType in <data> is not supported when setting a preferred activity]
04-12 20:44:43.280683  1744  1940 I am_wtf  : [0,1744,system_server,-1,CustomRoleParser,mimeType in <data> is not supported when setting a preferred activity]
04-12 20:44:43.280725  1744  1940 I am_wtf  : [0,1744,system_server,-1,CustomRoleParser,mimeType in <data> is not supported when setting a preferred activity]
04-12 20:44:43.280765  1744  1940 I am_wtf  : [0,1744,system_server,-1,CustomRoleParser,mimeType in <data> is not supported when setting a preferred activity]
04-12 20:44:43.280807  1744  1940 I am_wtf  : [0,1744,system_server,-1,CustomRoleParser,mimeType in <data> is not supported when setting a preferred activity]
04-12 20:44:43.280848  1744  1940 I am_wtf  : [0,1744,system_server,-1,CustomRoleParser,mimeType in <data> is not supported when setting a preferred activity]
04-12 20:44:43.280887  1744  1940 I am_wtf  : [0,1744,system_server,-1,CustomRoleParser,mimeType in <data> is not supported when setting a preferred activity]
04-12 20:44:43.280925  1744  1940 I am_wtf  : [0,1744,system_server,-1,CustomRoleParser,mimeType in <data> is not supported when setting a preferred activity]
04-12 20:44:43.280963  1744  1940 I am_wtf  : [0,1744,system_server,-1,CustomRoleParser,mimeType in <data> is not supported when setting a preferred activity]
04-12 20:44:43.281026  1744  1940 I am_wtf  : [0,1744,system_server,-1,CustomRoleParser,mimeType in <data> is not supported when setting a preferred activity]
04-12 20:44:43.281071  1744  1940 I am_wtf  : [0,1744,system_server,-1,CustomRoleParser,mimeType in <data> is not supported when setting a preferred activity]
04-12 20:44:43.281348  1744  1940 I am_wtf  : [0,1744,system_server,-1,CustomRoleParser,mimeType in <data> is not supported when setting a preferred activity]
04-12 20:44:43.281513  1744  1940 I am_wtf  : [0,1744,system_server,-1,CustomRoleParser,mimeType in <data> is not supported when setting a preferred activity]
04-12 20:44:43.281654  1744  1940 I am_wtf  : [0,1744,system_server,-1,CustomRoleParser,mimeType in <data> is not supported when setting a preferred activity]
04-12 20:44:43.283692  1744  1940 I am_wtf  : [0,1744,system_server,-1,CustomRoleParser,mimeType in <data> is not supported when setting a preferred activity]
04-12 20:44:43.283762  1744  1940 I am_wtf  : [0,1744,system_server,-1,CustomRoleParser,mimeType in <data> is not supported when setting a preferred activity]
04-12 20:44:43.283826  1744  1940 I am_wtf  : [0,1744,system_server,-1,CustomRoleParser,mimeType in <data> is not supported when setting a preferred activity]
04-12 20:44:43.283868  1744  1940 I am_wtf  : [0,1744,system_server,-1,CustomRoleParser,mimeType in <data> is not supported when setting a preferred activity]
04-12 20:44:43.283907  1744  1940 I am_wtf  : [0,1744,system_server,-1,CustomRoleParser,mimeType in <data> is not supported when setting a preferred activity]
04-12 20:44:43.283945  1744  1940 I am_wtf  : [0,1744,system_server,-1,CustomRoleParser,mimeType in <data> is not supported when setting a preferred activity]
04-12 20:44:43.283984  1744  1940 I am_wtf  : [0,1744,system_server,-1,CustomRoleParser,mimeType in <data> is not supported when setting a preferred activity]
04-12 20:44:43.284020  1744  1940 I am_wtf  : [0,1744,system_server,-1,CustomRoleParser,mimeType in <data> is not supported when setting a preferred activity]
04-12 20:44:43.284055  1744  1940 I am_wtf  : [0,1744,system_server,-1,CustomRoleParser,mimeType in <data> is not supported when setting a preferred activity]
04-12 20:44:43.284090  1744  1940 I am_wtf  : [0,1744,system_server,-1,CustomRoleParser,mimeType in <data> is not supported when setting a preferred activity]
04-12 20:44:43.284125  1744  1940 I am_wtf  : [0,1744,system_server,-1,CustomRoleParser,mimeType in <data> is not supported when setting a preferred activity]
04-12 20:44:43.284160  1744  1940 I am_wtf  : [0,1744,system_server,-1,CustomRoleParser,mimeType in <data> is not supported when setting a preferred activity]
04-12 20:44:43.284195  1744  1940 I am_wtf  : [0,1744,system_server,-1,CustomRoleParser,mimeType in <data> is not supported when setting a preferred activity]
04-12 20:44:43.284231  1744  1940 I am_wtf  : [0,1744,system_server,-1,CustomRoleParser,mimeType in <data> is not supported when setting a preferred activity]
04-12 20:44:43.284267  1744  1940 I am_wtf  : [0,1744,system_server,-1,CustomRoleParser,mimeType in <data> is not supported when setting a preferred activity]
04-12 20:44:43.284301  1744  1940 I am_wtf  : [0,1744,system_server,-1,CustomRoleParser,mimeType in <data> is not supported when setting a preferred activity]
04-12 20:44:43.284540  1744  1940 I am_wtf  : [0,1744,system_server,-1,CustomRoleParser,mimeType in <data> is not supported when setting a preferred activity]
04-12 20:44:43.284650  1744  1940 I am_wtf  : [0,1744,system_server,-1,CustomRoleParser,mimeType in <data> is not supported when setting a preferred activity]
04-12 20:44:43.284706  1744  1940 I am_wtf  : [0,1744,system_server,-1,CustomRoleParser,mimeType in <data> is not supported when setting a preferred activity]
04-12 20:44:43.284757  1744  1940 I am_wtf  : [0,1744,system_server,-1,CustomRoleParser,mimeType in <data> is not supported when setting a preferred activity]
04-12 20:44:43.284794  1744  1940 I am_wtf  : [0,1744,system_server,-1,CustomRoleParser,mimeType in <data> is not supported when setting a preferred activity]
04-12 20:44:43.284843  1744  1940 I am_wtf  : [0,1744,system_server,-1,CustomRoleParser,mimeType in <data> is not supported when setting a preferred activity]
04-12 20:44:43.284891  1744  1940 I am_wtf  : [0,1744,system_server,-1,CustomRoleParser,mimeType in <data> is not supported when setting a preferred activity]
04-12 20:44:43.284928  1744  1940 I am_wtf  : [0,1744,system_server,-1,CustomRoleParser,mimeType in <data> is not supported when setting a preferred activity]
04-12 20:44:43.284965  1744  1940 I am_wtf  : [0,1744,system_server,-1,CustomRoleParser,mimeType in <data> is not supported when setting a preferred activity]
04-12 20:44:43.284999  1744  1940 I am_wtf  : [0,1744,system_server,-1,CustomRoleParser,mimeType in <data> is not supported when setting a preferred activity]
04-12 20:44:43.285038  1744  1940 I am_wtf  : [0,1744,system_server,-1,CustomRoleParser,mimeType in <data> is not supported when setting a preferred activity]
04-12 20:44:43.285088  1744  1940 I am_wtf  : [0,1744,system_server,-1,CustomRoleParser,mimeType in <data> is not supported when setting a preferred activity]
04-12 20:44:43.285127  1744  1940 I am_wtf  : [0,1744,system_server,-1,CustomRoleParser,mimeType in <data> is not supported when setting a preferred activity]
04-12 20:44:43.285164  1744  1940 I am_wtf  : [0,1744,system_server,-1,CustomRoleParser,mimeType in <data> is not supported when setting a preferred activity]
04-12 20:44:43.285198  1744  1940 I am_wtf  : [0,1744,system_server,-1,CustomRoleParser,mimeType in <data> is not supported when setting a preferred activity]
04-12 20:44:43.285233  1744  1940 I am_wtf  : [0,1744,system_server,-1,CustomRoleParser,mimeType in <data> is not supported when setting a preferred activity]
04-12 20:44:43.285268  1744  1940 I am_wtf  : [0,1744,system_server,-1,CustomRoleParser,mimeType in <data> is not supported when setting a preferred activity]
04-12 20:44:43.311790  1744  1972 I commit_sys_config_file: [package-user-0,7]
04-12 20:44:43.959996  1744  2093 I am_freeze: [5451,com.google.android.googlequicksearchbox:search]
04-12 20:44:44.083100  1744  2093 I am_freeze: [4598,com.google.android.googlequicksearchbox:googleapp]
04-12 20:44:44.264787  1744  2093 I am_freeze: [8443,com.google.android.webview:sandboxed_process0:org.chromium.content.app.SandboxedProcessService0:0]
04-12 20:44:44.470529  1744  2093 I am_freeze: [8476,com.google.android.webview:webview_service]
04-12 20:44:44.904000  7451  7451 I auditd  : type=1400 audit(0.0:980): avc:  denied  { getopt } for  comm="FinalizerDaemon" path="/dev/socket/usap_pool_primary" scontext=u:r:priv_app:s0:c512,c768 tcontext=u:r:zygote:s0 tclass=unix_stream_socket permissive=0 app=com.google.android.setupwizard
04-12 20:44:46.103341  1744  2093 I am_freeze: [6183,com.google.android.gms.unstable]
04-12 20:44:46.276000  6994  6994 I auditd  : type=1400 audit(0.0:981): avc:  denied  { getopt } for  comm="FinalizerDaemon" path="/dev/socket/usap_pool_primary" scontext=u:r:platform_app:s0:c512,c768 tcontext=u:r:zygote:s0 tclass=unix_stream_socket permissive=0 app=com.android.devicediagnostics
