----- timezone:Asia/Shanghai
04-12 20:44:01.934192  2665  2665 D DPM-1   : Data profiles changed.
04-12 20:44:01.934350  2665  2665 D DPM-1   : getPreferredDataProfileSetId: cursor is null
04-12 20:44:01.934370  2665  2665 D MtkDPM  : DPM-1: mtkGetOperatorNumeric: phone type = 0 [1:GSM,2:CDMA], operator from phone = , operator from RIL = 
04-12 20:44:01.934378  2665  2665 D DPM-1   : updateDataProfilesAtModem: set 1 data profiles.
04-12 20:44:01.934383  2665  2665 D DPM-1   : updateDataProfilesAtModem: invoke RIL interface directly.
04-12 20:44:01.936148  2665  2665 I RILJ    : [0213]> SET_DATA_PROFILE with data profiles :  [PHONE1]
04-12 20:44:01.936219  2665  2665 I RILJ    : [DataProfile=[ApnSetting] DEFAULT EIMS, 0, null, , null, null, null, null, null, 0, emergency, IPV4V6, IPV4V6, true, 0, false, 0, 0, 0, 0, 0, null, null, false, UNKNOWN, UNKNOWN, -1, -1, -1, false, 3, 961, false, UNEDITED, TrafficDescriptor={mDnn=, null}, preferred=false] [PHONE1]
04-12 20:44:01.936756  1342  1840 I AT      : SEND MSGID=0113 [APN_ADD_PROFILE_LIST_REQ], TXID=0208 [RFXSender_16], DUMP=841954240000000002001301080268010001010001000000018100002A2A2A2A2A2A2A2A2A2A2A2A030100000000000000000000FE7F0100FE7F1800010000000100000000000000000000000F0000000000000000000000FFFF1C012A2A2A2A2A2A2A2A2A2A2A2A2A2A2A2A2A2A2A2A2A2A2A2A2A2A2A2A2A2A2A2A2A2A2A2A2A2A2A2A2A2A2A2A2A2A2A2A2A2A2A2A2A2A2A2A2A2A2A2A2A2A2A2A2A2A2A2A2A2A2A2A2A2A2A2A2A2A2A2A2A2A2A2A2A2A2A2A2A2A2A2A2A2A2A2A2A2A2A2A2A2A2A2A2A2A2A2A2A2A2A2A2A2A2A2A2A2A2A2A2A2A2A2A2A2A2A2A2A2A2A2A2A2A2A2A2A2A2A2A2A2A2A2A2A2A2A2A2A2A2A2A2A2A2A2A2A2A2A2A2A2A2A2A2A2A2A2A2A2A2A2A2A2A2A2A2A2A2A2A2A2A2A2A2A2A2A2A2A2A2A2A2A2A2A2A2A2A2A2A2A2A2A2A2A2A2A2A2A2A2A2A2A2A2A2A2A2A2A2A2A2A2A2A2A2A2A2A2A2A2A2A2A2A2A2A2A2A2A2A2A2A2A2A2A2A2A2A2A2A2A2A2A2A2A2A2A2A2A2A2A2A2A2A2A2A2A2A2A2A2A2A2A2A2A2A2A2A2A2A2A2A2A2A
04-12 20:44:01.937162  2665  2665 D DPM-1   : Initial attach data profile updated as null or forceUpdateIa= true
04-12 20:44:01.937303  2665  2665 D GwsdService: handleMessage: MSG_NOTIFY_SYSTEM_STATE_DSDA_CHANGED from system
04-12 20:44:01.937338  2665  2665 D GwsdService: mDsdaMode: 400
04-12 20:44:01.937354  2665  2665 D GwsdService: default data phoneId: -1
04-12 20:44:01.937369  2665  2665 D GwsdModeController0: [InacviceState]setUserSelectionMode: action = false
04-12 20:44:01.937411  2665  2665 D GwsdModeController1: [InacviceState]setUserSelectionMode: action = false
04-12 20:44:01.937477  2665  2665 D GwsdService: handleMessage: MSG_NOTIFY_SYSTEM_STATE_DSDA_CHANGED from system
04-12 20:44:01.937482  2665  2665 D GwsdService: mDsdaMode: 400
04-12 20:44:01.937487  2665  2665 D GwsdService: default data phoneId: -1
04-12 20:44:01.937492  2665  2665 D GwsdModeController0: [InacviceState]setUserSelectionMode: action = false
04-12 20:44:01.937498  2665  2665 D GwsdModeController1: [InacviceState]setUserSelectionMode: action = false
04-12 20:44:01.937515  2665  2665 D DRM-0   : Remove all retry and throttling entries, reason=DATA_PROFILES_CHANGED
04-12 20:44:01.937557  2665  2665 D DRM-1   : Remove all retry and throttling entries, reason=DATA_PROFILES_CHANGED
04-12 20:44:01.937582  2665  2665 D DNC-0   : onReevaluateExistingDataNetworks: No existing data networks to re-evaluate.
04-12 20:44:01.937621  2665  2665 D DNC-0   : Re-evaluating 0 unsatisfied network requests in 0 groups,  due to DATA_PROFILES_CHANGED
04-12 20:44:01.937628  2665  2665 D DNC-1   : onReevaluateExistingDataNetworks: No existing data networks to re-evaluate.
04-12 20:44:01.937640  2665  2665 D DNC-1   : Re-evaluating 0 unsatisfied network requests in 0 groups,  due to DATA_PROFILES_CHANGED
04-12 20:44:01.937814  2665  3337 D GwsdModeController0: [InacviceState]msg=EVENT_SET_NORMAL_MODE
04-12 20:44:01.937848  2665  3337 D GwsdModeController0: [InacviceState]msg=EVENT_SET_NORMAL_MODE
04-12 20:44:01.937913  2665  3338 D GwsdModeController1: [InacviceState]msg=EVENT_SET_NORMAL_MODE
04-12 20:44:01.937924  2665  3338 D GwsdModeController1: [InacviceState]msg=EVENT_SET_NORMAL_MODE
04-12 20:44:01.949319  1342  1740 I AT      : RECV MSGID=0114 [APN_ADD_PROFILE_LIST_CNF], TXID=0208, DUMP=8419542400000000020214010802700100000400000000000001010001000000018100002A2A2A2A2A2A2A2A2A2A2A2AFFFF1C012A2A2A2A2A2A2A2A2A2A2A2A2A2A2A2A2A2A2A2A2A2A2A2A2A2A2A2A2A2A2A2A2A2A2A2A2A2A2A2A2A2A2A2A2A2A2A2A2A2A2A2A2A2A2A2A2A2A2A2A2A2A2A2A2A2A2A2A2A2A2A2A2A2A2A2A2A2A2A2A2A2A2A2A2A2A2A2A2A2A2A2A2A2A2A2A2A2A2A2A2A2A2A2A2A2A2A2A2A2A2A2A2A2A2A2A2A2A2A2A2A2A2A2A2A2A2A2A2A2A2A2A2A2A2A2A2A2A2A2A2A2A2A2A2A2A2A2A2A2A2A2A2A2A2A2A2A2A2A2A2A2A2A2A2A2A2A2A2A2A2A2A2A2A2A2A2A2A2A2A2A2A2A2A2A2A2A2A2A2A2A2A2A2A2A2A2A2A2A2A2A2A2A2A2A2A2A2A2A2A2A2A2A2A2A2A2A2A2A2A2A2A2A2A2A2A2A2A2A2A2A2A2A2A2A2A2A2A2A2A2A2A2A2A2A2A2A2A2A2A2A2A2A2A2A2A2A2A2A2A2A2A2A2A2A2A2A2A2A2A2A2A2A2A2A2A2A2A2A2A2A2A2A2A020100000000000000000000FE7F0100FE7F1800010000000100000000000000000000000F0000000000000000000000
04-12 20:44:01.951391  2665  2966 I RILJ    : [0213]< SET_DATA_PROFILE  [PHONE1]
04-12 20:44:02.117922  2665  2665 D SmsBroadcastUndelivered: Received broadcast android.intent.action.USER_UNLOCKED
04-12 20:44:02.125156  2665  2665 D SmsDispatchersController: Received broadcast android.intent.action.USER_UNLOCKED
04-12 20:44:02.126384  2665  5021 D MtkSmsBroadcastUndelivered: scanning raw table for undelivered messages
04-12 20:44:02.134080  2665  2665 D SmsDispatchersController: Received broadcast android.intent.action.USER_UNLOCKED
04-12 20:44:02.167937  2665  5021 D MtkSmsBroadcastUndelivered: finished scanning raw table in 41 ms
04-12 20:44:02.167949  2665  5021 D MtkSmsBroadcastUndelivered: scanning raw table for undelivered messages
04-12 20:44:02.174292  2665  5021 D MtkSmsBroadcastUndelivered: finished scanning raw table in 6 ms
04-12 20:44:02.192698  2665  2665 D DNC-0   : onSimStateChanged: state=ABSENT
04-12 20:44:02.192708  2665  2665 D DNC-0   : onSimAbsent
04-12 20:44:02.192882  2665  2665 D MtkTelephonyAssist: MtkPhoneAssistBroadcastReceiver: MtkPhoneAssistBroadcastReceiver action = android.telephony.action.SIM_CARD_STATE_CHANGED isSystemUser = true
04-12 20:44:02.199739  2665  2691 E SMSVC   : getActiveSubscriptionInfoList: com.transsion.launcher3 does not have enough permission. Returning empty list here.
04-12 20:44:02.205260  2665  3388 E SMSVC   : getActiveSubscriptionInfoList: com.transsion.livewallpaper.custompictorial does not have enough permission. Returning empty list here.
04-12 20:44:02.219420  2665  2665 I RILJ    : [0214]> VOICE_RADIO_TECH [PHONE0]
04-12 20:44:02.223042  2665  3388 I RILJ    : [0214]< VOICE_RADIO_TECH {1} [PHONE0]
04-12 20:44:02.225462  2665  2665 I GsmCdmaPhone: [0] didn't updateVoNrSettings for add on case, will update by ims.
04-12 20:44:02.227716  2665  2665 I RILJ    : [0215]> GET_RADIO_CAPABILITY [PHONE0]
04-12 20:44:02.228239  2665  2665 D DNC-0   : onReevaluateExistingDataNetworks: No existing data networks to re-evaluate.
04-12 20:44:02.229085  2665  3388 I RILJ    : convertHalRadioCapability: session=-1, phase=3, rat=561156, logicModemUuid=modem_sys1_ps0_nr1, status=1, rcRil.raf=1130504 [PHONE0]
04-12 20:44:02.229185  2665  3388 I RILJ    : [0215]< GET_RADIO_CAPABILITY {mPhoneId = 0 mVersion=1 mSession=-1 mPhase=3 mRadioAccessFamily=561156 mLogicModemId=modem_sys1_ps0_nr1 mStatus=1} [PHONE0]
04-12 20:44:02.441070  2685  2930 I ImsLocationHandler: NetworkCallback.onAvailable()
04-12 20:44:02.446248  2665  3225 D NetworkTypeController: [0] On Available: 100
04-12 20:44:02.447350  2665  3225 D NetworkTypeController: [0] satellite constrained data status : false
04-12 20:44:02.448430  2665  3225 D DIC-0   : dataNetworkType: 0, voiceNetworkType: 0, resultNetworkType: 0
04-12 20:44:02.448504  2665  3225 D NetworkTypeController: [0] onCapabilitiesChanged: 100
04-12 20:44:02.448517  2665  3225 D NetworkTypeController: [0] satellite constrained data status : false
04-12 20:44:02.448546  2665  3225 D DIC-0   : dataNetworkType: 0, voiceNetworkType: 0, resultNetworkType: 0
04-12 20:44:02.450286  2685  3014 I ImsLocationHandler: lastKnownLocation = null
04-12 20:44:02.451882  2685  3014 I ImsLocationHandler: proxyAppLocationGranted: false
04-12 20:44:02.454786  2685  3014 I ImsLocationHandler: isEccInProgress: false, redialECC: false
04-12 20:44:02.454848  2685  3014 E ImsLocationHandler: isGetLocationAlways: SIM not ready, use default carrier config
04-12 20:44:02.454879  2685  3014 I ImsLocationHandler: isGetLocationAlways: false
04-12 20:44:02.457588  2685  3014 W ImsLocationHandler: requestLocationFromNetworkLocation failed: is NOT in ECC & non-framework location proxy app is NOT granted
04-12 20:44:02.457637  2685  3014 I ImsLocationHandler: setLocationInfo info=[LocationInfo objId: 196817678, phoneId: 0, transationId: 0, accuracy: 0.0, confidence: 68, vericalAxisAccuracy: 0.0, broadcastFlag: 1, method: Network, city: , state: ***nown, zip: , countryCode: *N, time: 0, mPlmnCountryCode:CN
04-12 20:44:02.458811  2685  3014 E ImsLocationHandler: getIntCarrierConfig: SIM not ready, use default carrier config
04-12 20:44:02.459568  1342  1826 I AT      : SEND MSGID=0051 [SYS_SET_GEO_LOCATION_REQ], TXID=0209 [RFXSender_3], DUMP=8419542400000000010051000902A000068101002A0000000E8104002A2A2A2A078108002A2A2A2A2A2A2A2A000000000F8104002A2A2A2A008101002A000000088101002A000000010101002A000000098103002A2A2A00028104002A2A2A2A0A8112002A2A2A2A2A2A2A2A2A2A2A2A2A2A2A2A2A2A0000038104002A2A2A2A0B8104002A2A2A2A048104002A2A2A2A0C8104002A2A2A2A058108002A2A2A2A2A2A2A2A000000000D8104002A2A2A2A
04-12 20:44:02.462361  2665  3281 D NetworkTypeController: [1] On Available: 100
04-12 20:44:02.462862  2665  3281 D NetworkTypeController: [1] satellite constrained data status : false
04-12 20:44:02.463059  2665  3281 D DIC-1   : dataNetworkType: 0, voiceNetworkType: 0, resultNetworkType: 0
04-12 20:44:02.463199  2665  3281 D NetworkTypeController: [1] onCapabilitiesChanged: 100
04-12 20:44:02.463231  2665  3281 D NetworkTypeController: [1] satellite constrained data status : false
04-12 20:44:02.463253  2665  3281 D DIC-1   : dataNetworkType: 0, voiceNetworkType: 0, resultNetworkType: 0
04-12 20:44:02.468131  1342  1740 I AT      : RECV MSGID=0052 [SYS_SET_GEO_LOCATION_CNF], TXID=0209, DUMP=841954240000000001025200090208000000040000000000
04-12 20:44:02.472541  2665  3223 D TelephonyCountryDetector: onCapabilitiesChanged: [ Transports: WIFI Capabilities: NOT_METERED&INTERNET&NOT_RESTRICTED&TRUSTED&NOT_VPN&NOT_ROAMING&FOREGROUND&NOT_CONGESTED&NOT_SUSPENDED&NOT_VCN_MANAGED&NOT_BANDWIDTH_CONSTRAINED LinkUpBandwidth>=12000Kbps LinkDnBandwidth>=60000Kbps TransportInfo: <SSID: <unknown ssid>, BSSID: 02:00:00:00:00:00, MAC: 02:00:00:00:00:00, IP: /192.168.1.136, Security type: 2, Supplicant state: COMPLETED, Wi-Fi standard: 11ac, RSSI: -38, Link speed: 780Mbps, Tx Link speed: 780Mbps, Max Supported Tx Link speed: 866Mbps, Rx Link speed: 6Mbps, Max Supported Rx Link speed: 866Mbps, Frequency: 5180MHz, Net ID: -1, Metered hint: false, score: 100, isUsable: true, CarrierMerged: false, SubscriptionId: -1, IsPrimary: 1, Trusted: true, Restricted: false, Ephemeral: false, OEM paid: false, OEM private: false, OSU AP: false, FQDN: <none>, Provider friendly name: <none>, Requesting package name: <none><none>MLO Information: , Is TID-To-Link negotiation supported by the AP: false, AP MLD Address: <none>, AP MLO Link Id: <none>, AP MLO Affiliated links: <none>, Vendor Data: <none>> SignalStrength: -38 AdminUids: [1000] SSID: "David_5" UnderlyingNetworks: Null]
04-12 20:44:02.472570  2665  3223 D TelephonyCountryDetector: isWifiConnected: false
04-12 20:44:02.473484  2665  3403 D TelephonyCountryDetector: handleEventWifiConnectivityStateChanged: false
04-12 20:44:02.473544  2665  3403 D TelephonyCountryDetector: getCurrentNetworkCountryIso: invalid countryIso= for phoneId=1, subId=-1
04-12 20:44:02.473551  2665  3403 D TelephonyCountryDetector: Location update was not requested yet
04-12 20:44:02.475720  2665  2665 D MtkDeviceStateMonitor: [phoneId0]isLowDataExpected mIsScreenOn = true mIsCharging = false mIsTetheringOn = false
04-12 20:44:02.483288  2665  2665 D MtkDeviceStateMonitor: [phoneId1]isLowDataExpected mIsScreenOn = true mIsCharging = false mIsTetheringOn = false
04-12 20:44:02.484388  2665  2665 I RILJ    : [0216]> SET_UNSOLICITED_RESPONSE_FILTER 32 [PHONE1]
04-12 20:44:02.484546  2665  2665 D NetworkTypeController: [1] LegacyState: process EVENT_PHYSICAL_CHANNEL_CONFIG_NOTIF_CHANGED
04-12 20:44:02.484570  2665  2665 D NetworkTypeController: [1] DefaultState: process EVENT_PHYSICAL_CHANNEL_CONFIG_NOTIF_CHANGED
04-12 20:44:02.484580  2665  2665 D NetworkTypeController: [1] mIsPhysicalChannelConfigOn changed to: false
04-12 20:44:02.484586  2665  2665 D NetworkTypeController: [1] Reset timers since physical channel config indications are off.
04-12 20:44:02.484630  2665  2665 D MtkNetworkTypeController: [Override]getCurrentOverrideNetworkType: 0
04-12 20:44:02.484652  2665  2665 D DIC-1   : dataNetworkType: 0, voiceNetworkType: 0, resultNetworkType: 0
04-12 20:44:02.486315  1342  1803 I AT      : SEND MSGID=0309 [INTERNAL_UNREGISTER_IND_REQ], TXID=020a [RFXSender_12], DUMP=8419542400000000020009030A0208000001020002440000
04-12 20:44:02.491639  1342  1740 I AT      : RECV MSGID=030a [INTERNAL_UNREGISTER_IND_CNF], TXID=020a, DUMP=841954240000000002020A030A0208000000040000000000
04-12 20:44:02.492023  1342  1803 I AT      : SEND MSGID=0309 [INTERNAL_UNREGISTER_IND_REQ], TXID=020b [RFXSender_12], DUMP=8419542400000000020009030B0208000001020013440000
04-12 20:44:02.493767  1342  1740 I AT      : RECV MSGID=030a [INTERNAL_UNREGISTER_IND_CNF], TXID=020b, DUMP=841954240000000002020A030B0208000000040000000000
04-12 20:44:02.494316  1342  1803 I AT      : SEND MSGID=0309 [INTERNAL_UNREGISTER_IND_REQ], TXID=020c [RFXSender_12], DUMP=8419542400000000020009030C020800000102001E440000
04-12 20:44:02.496572  1342  1740 I AT      : RECV MSGID=030a [INTERNAL_UNREGISTER_IND_CNF], TXID=020c, DUMP=841954240000000002020A030C0208000000040000000000
04-12 20:44:02.496645  1342  1803 I AT      : SEND MSGID=0309 [INTERNAL_UNREGISTER_IND_REQ], TXID=020d [RFXSender_12], DUMP=8419542400000000020009030D0208000001020017440000
04-12 20:44:02.498091  1342  1740 I AT      : RECV MSGID=030a [INTERNAL_UNREGISTER_IND_CNF], TXID=020d, DUMP=841954240000000002020A030D0208000000040000000000
04-12 20:44:02.498558  1342  1803 I AT      : SEND MSGID=0309 [INTERNAL_UNREGISTER_IND_REQ], TXID=020e [RFXSender_12], DUMP=8419542400000000020009030E0208000001020018440000
04-12 20:44:02.500434  1342  1740 I AT      : RECV MSGID=030a [INTERNAL_UNREGISTER_IND_CNF], TXID=020e, DUMP=841954240000000002020A030E0208000000040000000000
04-12 20:44:02.500538  1342  1803 I AT      : SEND MSGID=0309 [INTERNAL_UNREGISTER_IND_REQ], TXID=020f [RFXSender_12], DUMP=8419542400000000020009030F0208000001020009440000
04-12 20:44:02.501597  1342  1740 I AT      : RECV MSGID=030a [INTERNAL_UNREGISTER_IND_CNF], TXID=020f, DUMP=841954240000000002020A030F0208000000040000000000
04-12 20:44:02.501896  2665  2665 E TNP     : onNetworkUnneeded: Unable to get phone. phoneId=-1
04-12 20:44:02.502400  2665  2665 E TNP     : onNetworkUnneeded: Unable to get phone. phoneId=-1
04-12 20:44:02.502480  2665  2665 E TNP     : onNetworkUnneeded: Unable to get phone. phoneId=-1
04-12 20:44:02.502695  1342  1803 I AT      : SEND MSGID=047b [NW_SET_NW_IND_REPORT_LEVEL_REQ], TXID=0210 [RFXSender_12], DUMP=841954240000000002007B041002100000010100050000000101010005000000
04-12 20:44:02.510864  1342  1740 I AT      : RECV MSGID=047c [NW_SET_NW_IND_REPORT_LEVEL_CNF], TXID=0210, DUMP=841954240000000002027C04100208000000040000000000
04-12 20:44:02.510975  1342  1803 I AT      : SEND MSGID=0309 [INTERNAL_UNREGISTER_IND_REQ], TXID=0211 [RFXSender_12], DUMP=841954240000000002000903110208000001020019440000
04-12 20:44:02.511909  1342  1740 I AT      : RECV MSGID=030a [INTERNAL_UNREGISTER_IND_CNF], TXID=0211, DUMP=841954240000000002020A03110208000000040000000000
04-12 20:44:02.511993  1342  1803 I AT      : SEND MSGID=0309 [INTERNAL_UNREGISTER_IND_REQ], TXID=0212 [RFXSender_12], DUMP=84195424000000000200090312020800000102001B440000
04-12 20:44:02.513214  1342  1740 I AT      : RECV MSGID=030a [INTERNAL_UNREGISTER_IND_CNF], TXID=0212, DUMP=841954240000000002020A03120208000000040000000000
04-12 20:44:02.513576  2665  3802 I RILJ    : [0216]< SET_UNSOLICITED_RESPONSE_FILTER  [PHONE1]
04-12 20:44:02.513705  1342  1803 I AT      : SEND MSGID=0309 [INTERNAL_UNREGISTER_IND_REQ], TXID=0213 [RFXSender_12], DUMP=84195424000000000200090313020800000102000D420000
04-12 20:44:02.515715  1342  1740 I AT      : RECV MSGID=030a [INTERNAL_UNREGISTER_IND_CNF], TXID=0213, DUMP=841954240000000002020A03130208000000040000000000
04-12 20:44:02.609085  1135  1152 I mipc_lib: SEND MSGID=1409 [MIPC_LOC_LBS_SYNC_LOCATION_EM_CONFIG_REQ], TXID=000d [binder:1135_2], DUMP=8419542400000000010009140D00100000010400010000000101040000000000
04-12 20:44:02.615678  1135  1889 I mipc_lib: RECV MSGID=140a [MIPC_LOC_LBS_SYNC_LOCATION_EM_CONFIG_CNF], TXID=000d, DUMP=841954240000000001020A140D000800000004006A000000
04-12 20:44:02.668118  2665  2665 D EmergencyNumberTracker: [0][mTranIntentReceiver] intent: Intent { act=android.telephony.action.CARRIER_CONFIG_CHANGED flg=0x15000010 xflg=0x4 (has extras) }
04-12 20:44:02.673958  2665  2665 D MtkDPM  : DPM-0: mIntentReceiverEx onReceive: action=android.telephony.action.CARRIER_CONFIG_CHANGED
04-12 20:44:02.675036  2665  2665 D EmergencyNumberTracker: [1][mTranIntentReceiver] intent: Intent { act=android.telephony.action.CARRIER_CONFIG_CHANGED flg=0x15000010 xflg=0x4 (has extras) }
04-12 20:44:02.678494  1744  1929 W TelephonyRegistry: Pid 1744 has exceeded half the number of permissible registered listeners. Now at 48
04-12 20:44:02.678513  2665  2665 D MtkDPM  : DPM-1: mIntentReceiverEx onReceive: action=android.telephony.action.CARRIER_CONFIG_CHANGED
04-12 20:44:02.688467  2665  2665 E ImsStateCallbackController: onReceive ACTION_CARRIER_CONFIG_CHANGED invalid subId
04-12 20:44:02.689201  2665  2665 D PinStorage: SIM card/application changed[1]: ABSENT
04-12 20:44:02.776234  2665  2665 D AnkitSimAbsent: Sim is Absent
04-12 20:44:02.776377  2665  2665 D EmergencyNumberTracker: [0][mTranIntentReceiver] intent: Intent { act=android.telephony.action.CARRIER_CONFIG_CHANGED flg=0x15000010 xflg=0x4 (has extras) }
04-12 20:44:02.777052  2665  2665 D MtkDPM  : DPM-0: mIntentReceiverEx onReceive: action=android.telephony.action.CARRIER_CONFIG_CHANGED
04-12 20:44:02.777121  2665  2665 D EmergencyNumberTracker: [1][mTranIntentReceiver] intent: Intent { act=android.telephony.action.CARRIER_CONFIG_CHANGED flg=0x15000010 xflg=0x4 (has extras) }
04-12 20:44:02.778619  2665  2665 D MtkDPM  : DPM-1: mIntentReceiverEx onReceive: action=android.telephony.action.CARRIER_CONFIG_CHANGED
04-12 20:44:02.778818  2665  2665 D AnkitSimAbsent: Sim is Absent
04-12 20:44:02.779109  2665  2665 E ImsStateCallbackController: onReceive ACTION_CARRIER_CONFIG_CHANGED invalid subId
04-12 20:44:02.786772  2665  2665 I RILJ    : [0217]> VOICE_RADIO_TECH [PHONE1]
04-12 20:44:02.787266  2665  2665 I GsmCdmaPhone: [1] didn't updateVoNrSettings for add on case, will update by ims.
04-12 20:44:02.787994  2665  3803 I RILJ    : [0217]< VOICE_RADIO_TECH {1} [PHONE1]
04-12 20:44:02.788732  2665  2665 I RILJ    : [0218]> GET_RADIO_CAPABILITY [PHONE1]
04-12 20:44:02.789311  2665  2665 D LocaleTracker-1: updateLocale: countryIso = , countryIsoDebugInfo = radio off
04-12 20:44:02.789328  2665  2665 D LocaleTracker-1: updateLocale: timeZoneCountryIso = , timeZoneCountryIsoDebugInfo = radio off
04-12 20:44:02.789341  2665  2665 D NitzStateMachineImpl: handleCountryUnavailable: mLatestNitzSignal=null
04-12 20:44:02.789371  2665  2665 D NitzStateMachineImpl: doTimeZoneDetection: countryIsoCode=null, nitzSignal=null, suggestion=TelephonyTimeZoneSuggestion{mSlotIndex=1, mZoneId='null', mMatchType=0, mQuality=0, mDebugInfo=[getTimeZoneSuggestion: nitzSignal=null, countryIsoCode=null, Detection reason=handleCountryUnavailable]}, reason=handleCountryUnavailable
04-12 20:44:02.789393  2665  2665 D CarrierPrivilegesTracker: handleSimStateChanged: slotId=1 simState=1
04-12 20:44:02.789401  2665  2665 D CarrierPrivilegesTracker: handleSimStateChanged: Ignore SIM gone event while UiccRules is empty or waiting to be emptied.
04-12 20:44:02.792294  2665  2665 D TNP     : onNetworkNeeded: Not applied. [NetworkRequest [ REQUEST id=156, [ Capabilities: INTERNET&NOT_RESTRICTED&TRUSTED&NOT_VCN_MANAGED&NOT_BANDWIDTH_CONSTRAINED Uid: 10233 RequestorUid: 1000 RequestorPkg: android UnderlyingNetworks: Null] ], mPriority=0, state=UNSATISFIED, mAttachedDataNetwork=null, created time=20:44:02.792, evaluation result=null]
04-12 20:44:02.792814  2665  3803 I RILJ    : convertHalRadioCapability: session=-1, phase=3, rat=561156, logicModemUuid=modem_sys1_ps1_nr1, status=1, rcRil.raf=1130504 [PHONE1]
04-12 20:44:02.792918  2665  3803 I RILJ    : [0218]< GET_RADIO_CAPABILITY {mPhoneId = 1 mVersion=1 mSession=-1 mPhase=3 mRadioAccessFamily=561156 mLogicModemId=modem_sys1_ps1_nr1 mStatus=1} [PHONE1]
04-12 20:44:02.901839  2665  2665 E TNP     : onNetworkUnneeded: Unable to get phone. phoneId=-1
04-12 20:44:02.904167  2665  2665 E TNP     : onNetworkUnneeded: Unable to get phone. phoneId=-1
04-12 20:44:02.904197  2665  2665 E TNP     : onNetworkUnneeded: Unable to get phone. phoneId=-1
04-12 20:44:02.904209  2665  2665 E TNP     : onNetworkUnneeded: Unable to get phone. phoneId=-1
04-12 20:44:02.904221  2665  2665 E TNP     : onNetworkUnneeded: Unable to get phone. phoneId=-1
04-12 20:44:02.904241  2665  2665 E TNP     : onNetworkUnneeded: Unable to get phone. phoneId=-1
04-12 20:44:02.904257  2665  2665 E TNP     : onNetworkUnneeded: Unable to get phone. phoneId=-1
04-12 20:44:02.904270  2665  2665 E TNP     : onNetworkUnneeded: Unable to get phone. phoneId=-1
04-12 20:44:02.904281  2665  2665 E TNP     : onNetworkUnneeded: Unable to get phone. phoneId=-1
04-12 20:44:02.904297  2665  2665 E TNP     : onNetworkUnneeded: Unable to get phone. phoneId=-1
04-12 20:44:02.904311  2665  2665 E TNP     : onNetworkUnneeded: Unable to get phone. phoneId=-1
04-12 20:44:02.904345  2665  2665 E TNP     : onNetworkUnneeded: Unable to get phone. phoneId=-1
04-12 20:44:02.904365  2665  2665 E TNP     : onNetworkUnneeded: Unable to get phone. phoneId=-1
04-12 20:44:02.904377  2665  2665 E TNP     : onNetworkUnneeded: Unable to get phone. phoneId=-1
04-12 20:44:02.904389  2665  2665 E TNP     : onNetworkUnneeded: Unable to get phone. phoneId=-1
04-12 20:44:02.904402  2665  2665 E TNP     : onNetworkUnneeded: Unable to get phone. phoneId=-1
04-12 20:44:02.904415  2665  2665 E TNP     : onNetworkUnneeded: Unable to get phone. phoneId=-1
04-12 20:44:02.904429  2665  2665 E TNP     : onNetworkUnneeded: Unable to get phone. phoneId=-1
04-12 20:44:02.904440  2665  2665 E TNP     : onNetworkUnneeded: Unable to get phone. phoneId=-1
04-12 20:44:02.904452  2665  2665 E TNP     : onNetworkUnneeded: Unable to get phone. phoneId=-1
04-12 20:44:02.904468  2665  2665 E TNP     : onNetworkUnneeded: Unable to get phone. phoneId=-1
04-12 20:44:02.904478  2665  2665 E TNP     : onNetworkUnneeded: Unable to get phone. phoneId=-1
04-12 20:44:02.904488  2665  2665 E TNP     : onNetworkUnneeded: Unable to get phone. phoneId=-1
04-12 20:44:02.904500  2665  2665 E TNP     : onNetworkUnneeded: Unable to get phone. phoneId=-1
04-12 20:44:02.904510  2665  2665 E TNP     : onNetworkUnneeded: Unable to get phone. phoneId=-1
04-12 20:44:02.904521  2665  2665 E TNP     : onNetworkUnneeded: Unable to get phone. phoneId=-1
04-12 20:44:02.905886  2665  2665 E TNP     : onNetworkUnneeded: Unable to get phone. phoneId=-1
04-12 20:44:02.905915  2665  2665 E TNP     : onNetworkUnneeded: Unable to get phone. phoneId=-1
04-12 20:44:02.905932  2665  2665 E TNP     : onNetworkUnneeded: Unable to get phone. phoneId=-1
04-12 20:44:02.905944  2665  2665 E TNP     : onNetworkUnneeded: Unable to get phone. phoneId=-1
04-12 20:44:02.905955  2665  2665 E TNP     : onNetworkUnneeded: Unable to get phone. phoneId=-1
04-12 20:44:02.905969  2665  2665 E TNP     : onNetworkUnneeded: Unable to get phone. phoneId=-1
04-12 20:44:02.925243  2665  3281 D NetworkTypeController: [1] onCapabilitiesChanged: 100
04-12 20:44:02.925261  2665  3281 D NetworkTypeController: [1] satellite constrained data status : false
04-12 20:44:02.925309  2665  3281 D DIC-1   : dataNetworkType: 0, voiceNetworkType: 0, resultNetworkType: 0
04-12 20:44:02.925674  2665  3225 D NetworkTypeController: [0] onCapabilitiesChanged: 100
04-12 20:44:02.925690  2665  3225 D NetworkTypeController: [0] satellite constrained data status : false
04-12 20:44:02.925710  2665  3225 D DIC-0   : dataNetworkType: 0, voiceNetworkType: 0, resultNetworkType: 0
04-12 20:44:02.929467  2665  3223 D TelephonyCountryDetector: onCapabilitiesChanged: [ Transports: WIFI Capabilities: NOT_METERED&INTERNET&NOT_RESTRICTED&TRUSTED&NOT_VPN&VALIDATED&NOT_ROAMING&FOREGROUND&NOT_CONGESTED&NOT_SUSPENDED&NOT_VCN_MANAGED&NOT_BANDWIDTH_CONSTRAINED LinkUpBandwidth>=12000Kbps LinkDnBandwidth>=60000Kbps TransportInfo: <SSID: <unknown ssid>, BSSID: 02:00:00:00:00:00, MAC: 02:00:00:00:00:00, IP: /192.168.1.136, Security type: 2, Supplicant state: COMPLETED, Wi-Fi standard: 11ac, RSSI: -38, Link speed: 780Mbps, Tx Link speed: 780Mbps, Max Supported Tx Link speed: 866Mbps, Rx Link speed: 6Mbps, Max Supported Rx Link speed: 866Mbps, Frequency: 5180MHz, Net ID: -1, Metered hint: false, score: 100, isUsable: true, CarrierMerged: false, SubscriptionId: -1, IsPrimary: 1, Trusted: true, Restricted: false, Ephemeral: false, OEM paid: false, OEM private: false, OSU AP: false, FQDN: <none>, Provider friendly name: <none>, Requesting package name: <none><none>MLO Information: , Is TID-To-Link negotiation supported by the AP: false, AP MLD Address: <none>, AP MLO Link Id: <none>, AP MLO Affiliated links: <none>, Vendor Data: <none>> SignalStrength: -38 AdminUids: [1000] SSID: "David_5" UnderlyingNetworks: Null]
04-12 20:44:02.929497  2665  3223 D TelephonyCountryDetector: isWifiConnected: true
04-12 20:44:02.933202  1342  1826 I RmmMwi  : [0] setWifiAssociated assoc:1, wifi_state:1, wifi_state_support:1
04-12 20:44:02.933259  1342  1826 I AT      : SEND MSGID=cb02 [WFC_WIFI_INFO_NTF], TXID=ffff [RFXSender_3], DUMP=8419542400000000010002CBFFFF7800070102002A2A0000000106002A2A2A2A2A2A000000000000080106002A2A2A2A2A2A000000000000110108002A2A2A2A2A2A2A2A00000000030101002A000000130101002A00000004010F002A2A2A2A2A2A2A2A2A2A2A2A2A2A2A0000000000140101002A000000050106002A2A2A2A2A2A000000000000
04-12 20:44:02.933773  2665  3403 D TelephonyCountryDetector: handleEventWifiConnectivityStateChanged: true
04-12 20:44:02.933812  2665  3403 D TelephonyCountryDetector: evaluateNotifyWifiConnectivityStateChangedEvent: wifi connectivity state has changed to true
04-12 20:44:02.933845  2665  3403 D TelephonyCountryDetector: getCurrentNetworkCountryIso: invalid countryIso= for phoneId=1, subId=-1
04-12 20:44:02.933849  2665  3403 D TelephonyCountryDetector: Location update was not requested yet
04-12 20:44:02.938202  1342  1826 I AT      : SEND MSGID=cb02 [WFC_WIFI_INFO_NTF], TXID=ffff [RFXSender_3], DUMP=8419542400000000010002CBFFFF78000E0110002A2A2A2A2A2A2A2A2A2A2A2A2A2A2A2A000000000F0100002A2A2A2A2A2A2A2A2A2A2A2A000106002A2A2A2A2A2A000000000000100101002A000000090104002A2A2A2A0A0101002A0000000B0104002A2A2A2A0C0110002A2A2A2A2A2A2A2A2A2A2A2A2A2A2A2A00000000FF7F04002A2A2A2A
04-12 20:44:02.938257  1342  1826 I AT      : SEND MSGID=cb00 [WFC_WIFI_SIGNAL_NTF], TXID=ffff [RFXSender_3], DUMP=8419542400000000010000CBFFFF200000010500776C616E000000000000000001010200DAFF00000201020000000000
04-12 20:44:02.941923  2665  2665 D DataHelper: mDsdaMode=400 changed=false
04-12 20:44:02.942756  1342  1740 I AT      : RECV MSGID=4011 [SYS_GEO_LOCATION_IND], TXID=ffff, DUMP=841954240000000001031140FFFF5800008101002A000000010101002A000000028104002A2A2A2A038104002A2A2A2A048102002A2A0000058101002A000000068101002A000000078101002A000000088101002A000000098101002A0000000B8104002A2A2A2A
04-12 20:44:02.943552  1342  1740 I AT      : RECV MSGID=4011 [SYS_GEO_LOCATION_IND], TXID=ffff, DUMP=841954240000000002031140FFFF5800008101002A000000010101002A000000028104002A2A2A2A038104002A2A2A2A048102002A2A0000058101002A000000068101002A000000078101002A000000088101002A000000098101002A0000000B8104002A2A2A2A
04-12 20:44:02.944439  1342  1740 I AT      : RECV MSGID=4215 [DATA_RETRY_TIMER_IND], TXID=ffff, DUMP=841954240000000001031542FFFF100000010100000000000101010001000000
04-12 20:44:02.945763  1342  1740 I AT      : RECV MSGID=4215 [DATA_RETRY_TIMER_IND], TXID=ffff, DUMP=841954240000000002031542FFFF100000010100000000000101010001000000
04-12 20:44:02.950615  1342  1826 I AT      : SEND MSGID=cb00 [WFC_WIFI_SIGNAL_NTF], TXID=ffff [RFXSender_3], DUMP=8419542400000000010000CBFFFF200000010500776C616E000000000000000001010200DAFF00000201020000000000
04-12 20:44:02.951200  2665  2965 I RILJ    : Unsol response received; Sending ack to ril.cpp [PHONE1]
04-12 20:44:02.951261  2665  2965 I RILJ    : [UNSL]< MTK: RIL_UNSOL_MD_DATA_RETRY_COUNT_RESET [PHONE1]
04-12 20:44:02.951360  2665  2665 D MtkDNC  : DNC-1: EVENT_MD_DATA_RETRY_COUNT_RESET
04-12 20:44:02.951381  2665  2665 D DRM-1   : Remove all retry and throttling entries, reason=MODEM_RESTART
04-12 20:44:02.951497  2665  2665 D DNC-1   : Re-evaluating 0 unsatisfied network requests in 0 groups,  due to NEW_REQUEST
04-12 20:44:02.954097  2665  2965 I RILJ    : Unsol response received; Sending ack to ril.cpp [PHONE0]
04-12 20:44:02.954146  2665  2965 I RILJ    : [UNSL]< MTK: RIL_UNSOL_MD_DATA_RETRY_COUNT_RESET [PHONE0]
04-12 20:44:02.954209  2665  2665 D MtkDNC  : DNC-0: EVENT_MD_DATA_RETRY_COUNT_RESET
04-12 20:44:02.954222  2665  2665 D DRM-0   : Remove all retry and throttling entries, reason=MODEM_RESTART
04-12 20:44:02.954304  2665  2665 D DNC-0   : Re-evaluating 0 unsatisfied network requests in 0 groups,  due to NEW_REQUEST
04-12 20:44:02.974941  2685  3014 I ImsLocationHandler: lastKnownLocation = null
04-12 20:44:02.978076  2685  3014 I ImsLocationHandler: proxyAppLocationGranted: false
04-12 20:44:02.981880  2685  3014 I ImsLocationHandler: isEccInProgress: false, redialECC: false
04-12 20:44:02.981935  2685  3014 E ImsLocationHandler: isGetLocationAlways: SIM not ready, use default carrier config
04-12 20:44:02.981972  2685  3014 I ImsLocationHandler: isGetLocationAlways: false
04-12 20:44:02.982725  2685  3014 W ImsLocationHandler: requestLocationFromNetworkLocation failed: is NOT in ECC & non-framework location proxy app is NOT granted
04-12 20:44:02.982776  2685  3014 I ImsLocationHandler: setLocationInfo info=[LocationInfo objId: 51851567, phoneId: 1, transationId: 100, accuracy: 0.0, confidence: 0, vericalAxisAccuracy: 0.0, broadcastFlag: 0, method: Network, city: , state: ***nown, zip: , countryCode: *N, time: 0, mPlmnCountryCode:CN
04-12 20:44:02.985103  1342  1839 I AT      : SEND MSGID=0051 [SYS_SET_GEO_LOCATION_REQ], TXID=0214 [RFXSender_15], DUMP=8419542400000000020051001402A000068101002A0000000E8104002A2A2A2A078108002A2A2A2A2A2A2A2A000000000F8104002A2A2A2A008101002A000000088101002A000000010101002A000000098103002A2A2A00028104002A2A2A2A0A8112002A2A2A2A2A2A2A2A2A2A2A2A2A2A2A2A2A2A0000038104002A2A2A2A0B8104002A2A2A2A048104002A2A2A2A0C8104002A2A2A2A058108002A2A2A2A2A2A2A2A000000000D8104002A2A2A2A
04-12 20:44:02.985306  2685  3014 I ImsLocationHandler: lastKnownLocation = null
04-12 20:44:02.986320  2685  3014 I ImsLocationHandler: proxyAppLocationGranted: false
04-12 20:44:02.986859  2685  3014 I ImsLocationHandler: isEccInProgress: false, redialECC: false
04-12 20:44:02.986880  2685  3014 E ImsLocationHandler: isGetLocationAlways: SIM not ready, use default carrier config
04-12 20:44:02.986897  2685  3014 I ImsLocationHandler: isGetLocationAlways: false
04-12 20:44:02.987201  2685  3014 W ImsLocationHandler: requestLocationFromNetworkLocation failed: is NOT in ECC & non-framework location proxy app is NOT granted
04-12 20:44:02.987328  2685  3014 I ImsLocationHandler: setLocationInfo info=[LocationInfo objId: 188117820, phoneId: 0, transationId: 100, accuracy: 0.0, confidence: 0, vericalAxisAccuracy: 0.0, broadcastFlag: 0, method: Network, city: , state: ***nown, zip: , countryCode: *N, time: 0, mPlmnCountryCode:CN
04-12 20:44:02.990167  1342  1826 I AT      : SEND MSGID=0051 [SYS_SET_GEO_LOCATION_REQ], TXID=0215 [RFXSender_3], DUMP=8419542400000000010051001502A000068101002A0000000E8104002A2A2A2A078108002A2A2A2A2A2A2A2A000000000F8104002A2A2A2A008101002A000000088101002A000000010101002A000000098103002A2A2A00028104002A2A2A2A0A8112002A2A2A2A2A2A2A2A2A2A2A2A2A2A2A2A2A2A0000038104002A2A2A2A0B8104002A2A2A2A048104002A2A2A2A0C8104002A2A2A2A058108002A2A2A2A2A2A2A2A000000000D8104002A2A2A2A
04-12 20:44:02.996351  1342  1740 I AT      : RECV MSGID=0052 [SYS_SET_GEO_LOCATION_CNF], TXID=0214, DUMP=841954240000000002025200140208000000040000000000
04-12 20:44:02.996617  1342  1740 I AT      : RECV MSGID=0052 [SYS_SET_GEO_LOCATION_CNF], TXID=0215, DUMP=841954240000000001025200150208000000040000000000
04-12 20:44:03.103939  2665  2665 I TranCAT : BootCompletedReceiver: [onReceive] action = android.intent.action.SIM_STATE_CHANGED
04-12 20:44:03.103970  2665  2665 I TranCAT : BootCompletedReceiver: ACTION_SIM_STATE_CHANGED, simStatus: ABSENT
04-12 20:44:03.103980  2665  2665 I TranCAT : StkAthenaUploader: [handleIccChangeAction] simStatus: ABSENT
04-12 20:44:03.119440  2665  2665 D MTKSST  : [GsmSST0] SST.requestAllCellInfo(): return last, back to back calls
04-12 20:44:03.123568  2665  5286 D MtkRILJ : [0221]> OEM_HOOK_STRINGS strings = AT+ESIMS? +ESIMS  [PHONE0]
04-12 20:44:03.124088  1342  1805 D RpOemCtlr: [0] onHandleOemHookString, data[0] = AT+ESIMS?
04-12 20:44:03.124392  1342  1824 I AT      : [0] AT> AT+ESIMS? (RIL_CMD_READER_1 tid:528047672256)
04-12 20:44:03.124432  1342  1824 I AT      : SEND MSGID=0003 [SYS_AT_REQ], TXID=0216 [RFXSender_1], DUMP=8419542400000000010003001602100000810A002A2A2A2A2A2A2A2A2A2A0000
04-12 20:44:03.130921  1342  1740 I AT      : RECV MSGID=0004 [SYS_AT_CNF], TXID=0216, DUMP=841954240000000001020400160220000000040000000000008114002A2A2A2A2A2A2A2A2A2A2A2A2A2A2A2A2A2A2A2A
04-12 20:44:03.131018  1342  1824 I AT      : [0] AT< +ESIMS: 0 (RIL_CMD_READER_1, tid:528047672256)
04-12 20:44:03.131031  1342  1824 I AT      : [0] AT< OK (RIL_CMD_READER_1, tid:528047672256)
04-12 20:44:03.131484  2665  2965 I RILJ    : [0221]< OEM_HOOK_STRINGS {+ESIMS: 0} [PHONE0]
04-12 20:44:03.132973  2665  2665 D DNC-1   : onSimStateChanged: state=ABSENT
04-12 20:44:03.132997  2665  2665 D DNC-1   : onSimAbsent
04-12 20:44:03.133013  2665  2665 D DNC-1   : onReevaluateExistingDataNetworks: No existing data networks to re-evaluate.
04-12 20:44:03.133386  2665  2665 D SAT     : [0]onSimAbsent, reset activation state to UNKNOWN
04-12 20:44:03.133397  2665  2665 D SAT     : [0]setVoiceActivationState=0
04-12 20:44:03.133817  2665  2665 D SAT     : [0]setDataActivationState=0
04-12 20:44:03.134021  2665  2665 D SMSDispatcher: Received broadcast android.intent.action.SIM_STATE_CHANGED
04-12 20:44:03.134081  2665  2665 D SMSDispatcher: Received broadcast android.intent.action.SIM_STATE_CHANGED
04-12 20:44:03.134203  2665  2665 D MtkTelephonyAssist: MtkPhoneAssistBroadcastReceiver: MtkPhoneAssistBroadcastReceiver action = android.telephony.action.SIM_CARD_STATE_CHANGED isSystemUser = true
04-12 20:44:03.141177  2665  2665 D SMSDispatcher: Received broadcast android.intent.action.SIM_STATE_CHANGED
04-12 20:44:03.141324  2665  2665 D EmergencyNumberTracker: [0][mTranIntentReceiver] intent: Intent { act=android.intent.action.SIM_STATE_CHANGED flg=0x15000010 xflg=0x4 (has extras) }
04-12 20:44:03.147852  2665  2665 D MtkDPM  : DPM-0: mIntentReceiverEx onReceive: action=android.intent.action.SIM_STATE_CHANGED
04-12 20:44:03.147975  2665  2665 D MtkDPM  : DPM-0: unregisterForFdnEnableChanged(), already unregistered, skip unregister
04-12 20:44:03.148228  2665  2665 D SAT     : [1]onSimAbsent, reset activation state to UNKNOWN
04-12 20:44:03.148266  2665  2665 D SAT     : [1]setVoiceActivationState=0
04-12 20:44:03.149884  2665  2665 D SAT     : [1]setDataActivationState=0
04-12 20:44:03.150726  2665  2665 D SMSDispatcher: Received broadcast android.intent.action.SIM_STATE_CHANGED
04-12 20:44:03.150866  2665  2665 D GwsdSystemStateMonitor: Receive: android.intent.action.SERVICE_STATE
04-12 20:44:03.151390  2665  2665 D GwsdSystemStateMonitor: phoneId:0 state:{mVoiceRegState=1(OUT_OF_SERVICE), mDataRegState=1(OUT_OF_SERVICE), mChannelNumber=-1, duplexMode()=0, mCellBandwidths=[], mOperatorAlphaLong=null, mOperatorAlphaShort=null, isManualNetworkSelection=false(automatic), getRilVoiceRadioTechnology=0(Unknown), getRilDataRadioTechnology=0(Unknown), mCssIndicator=unsupported, mNetworkId=-1, mSystemId=-1, mCdmaRoamingIndicator=-1, mCdmaDefaultRoamingIndicator=-1, mIsEmergencyOnly=true, isUsingCarrierAggregation=false, mArfcnRsrpBoost=0, mNetworkRegistrationInfos=[NetworkRegistrationInfo{ domain=PS transportType=WLAN registrationState=NOT_REG_OR_SEARCHING networkRegistrationState=NOT_REG_OR_SEARCHING roamingType=NOT_ROAMING accessNetworkTechnology=UNKNOWN rejectCause=0 emergencyEnabled=false availableServices=[] cellIdentity=null voiceSpecificInfo=null dataSpecificInfo=android.telephony.DataSpecificRegistrationInfo :{ maxDataCalls = 0 isDcNrRestricted = false isNrAvailable = false isEnDcAvailable = false mLteAttachResultType = 0 mLteAttachExtraInfo = 0 LteVopsSupportInfo :  mVopsSupport = 1 mEmcBearerSupport = 1 } nrState=NONE rRplmn=null isUsingCarrierAggregation=false isNonTerrestrialNetwork=TERRESTRIAL}, NetworkRegistrationInfo{ domain=CS transportType=WWAN registrationState=NOT_REG_OR_SEARCHING networkRegistrationState=NOT_REG_OR_SEARCHING roamingType=NOT_ROAMING accessNetworkTechnology=UNKNOWN rejectCause=0 emergencyEnabled=true availableServices=[EMERGENCY] cellIdentity=null voiceSpecificInfo=VoiceSpecificRegistrationInfo { mCssSupported=false mRoamingIndicator=0 mSystemIsInPrl=0 mDefaultRoamingIndicator=0} dataSpecificInfo=null nrState=NONE rRplmn= isUsingCarrierAggregation=false isNonTerrestrialNetwork=TERRESTRIAL}, NetworkRegistrationInfo{ domain=PS transportType=WWAN registrationState=NOT_REG_OR_SEARCHING networkRegistrationState=NOT_REG_OR_SEARCHING roamingType=NOT_ROAMING accessNetworkTechnology=UNKNOWN rejectCause=0 emergencyEnabled=false availableServices=[] cellIdentity=null voiceSpecificInfo=null dataSpecificInfo=android.telephony.DataSpecificRegistrationInfo :{ maxDataCalls = 16 isDcNrRestricted = false isNrAvailable = false isEnDcAvailable = false mLteAttachResultType = 0 mLteAttachExtraInfo = 0 null } nrState=NONE rRplmn= isUsingCarrierAggregation=false isNonTerrestrialNetwork=TERRESTRIAL}], mNrFrequencyRange=0, mOperatorAlphaLongRaw=, mOperatorAlphaShortRaw=, mIsDataRoamingFromRegistration=false, mIsIwlanPreferred=false, mIsUsingNonTerrestrialNetwork=false}
04-12 20:44:03.151489  2665  2665 D SMSDispatcher: Received broadcast android.intent.action.SIM_STATE_CHANGED
04-12 20:44:03.151557  2665  2665 D SMSDispatcher: Received broadcast android.intent.action.SIM_STATE_CHANGED
04-12 20:44:03.151732  2665  2665 D GwsdSystemStateMonitor: Receive: android.intent.action.SERVICE_STATE
04-12 20:44:03.153250  2665  2665 D GwsdSystemStateMonitor: phoneId:0 state:{mVoiceRegState=1(OUT_OF_SERVICE), mDataRegState=1(OUT_OF_SERVICE), mChannelNumber=-1, duplexMode()=0, mCellBandwidths=[], mOperatorAlphaLong=null, mOperatorAlphaShort=null, isManualNetworkSelection=false(automatic), getRilVoiceRadioTechnology=0(Unknown), getRilDataRadioTechnology=0(Unknown), mCssIndicator=unsupported, mNetworkId=-1, mSystemId=-1, mCdmaRoamingIndicator=-1, mCdmaDefaultRoamingIndicator=-1, mIsEmergencyOnly=true, isUsingCarrierAggregation=false, mArfcnRsrpBoost=0, mNetworkRegistrationInfos=[NetworkRegistrationInfo{ domain=PS transportType=WLAN registrationState=NOT_REG_OR_SEARCHING networkRegistrationState=NOT_REG_OR_SEARCHING roamingType=NOT_ROAMING accessNetworkTechnology=UNKNOWN rejectCause=0 emergencyEnabled=false availableServices=[] cellIdentity=null voiceSpecificInfo=null dataSpecificInfo=android.telephony.DataSpecificRegistrationInfo :{ maxDataCalls = 0 isDcNrRestricted = false isNrAvailable = false isEnDcAvailable = false mLteAttachResultType = 0 mLteAttachExtraInfo = 0 LteVopsSupportInfo :  mVopsSupport = 1 mEmcBearerSupport = 1 } nrState=NONE rRplmn=null isUsingCarrierAggregation=false isNonTerrestrialNetwork=TERRESTRIAL}, NetworkRegistrationInfo{ domain=CS transportType=WWAN registrationState=NOT_REG_OR_SEARCHING networkRegistrationState=NOT_REG_OR_SEARCHING roamingType=NOT_ROAMING accessNetworkTechnology=UNKNOWN rejectCause=0 emergencyEnabled=true availableServices=[EMERGENCY] cellIdentity=null voiceSpecificInfo=VoiceSpecificRegistrationInfo { mCssSupported=false mRoamingIndicator=0 mSystemIsInPrl=0 mDefaultRoamingIndicator=0} dataSpecificInfo=null nrState=NONE rRplmn= isUsingCarrierAggregation=false isNonTerrestrialNetwork=TERRESTRIAL}, NetworkRegistrationInfo{ domain=PS transportType=WWAN registrationState=NOT_REG_OR_SEARCHING networkRegistrationState=NOT_REG_OR_SEARCHING roamingType=NOT_ROAMING accessNetworkTechnology=UNKNOWN rejectCause=0 emergencyEnabled=false availableServices=[] cellIdentity=null voiceSpecificInfo=null dataSpecificInfo=android.telephony.DataSpecificRegistrationInfo :{ maxDataCalls = 16 isDcNrRestricted = false isNrAvailable = false isEnDcAvailable = false mLteAttachResultType = 0 mLteAttachExtraInfo = 0 null } nrState=NONE rRplmn= isUsingCarrierAggregation=false isNonTerrestrialNetwork=TERRESTRIAL}], mNrFrequencyRange=0, mOperatorAlphaLongRaw=, mOperatorAlphaShortRaw=, mIsDataRoamingFromRegistration=false, mIsIwlanPreferred=false, mIsUsingNonTerrestrialNetwork=false}
04-12 20:44:03.153400  2665  2665 D EmergencyNumberTracker: [1][mTranIntentReceiver] intent: Intent { act=android.intent.action.SIM_STATE_CHANGED flg=0x15000010 xflg=0x4 (has extras) }
04-12 20:44:03.156086  2665  2665 D MtkDPM  : DPM-1: mIntentReceiverEx onReceive: action=android.intent.action.SIM_STATE_CHANGED
04-12 20:44:03.157273  2665  2665 D GwsdService: handleMessage: MSG_NOTIFY_SYSTEM_STATE_NETWORK_SERVICE_CHANGED from system
04-12 20:44:03.157291  2665  2665 D GwsdService: old voiceReg:3, new voiceReg:1, old dataReg:1, new dataReg:1 on phone0
04-12 20:44:03.157310  2665  2665 D GwsdModeController0: [InacviceState]reset
04-12 20:44:03.157451  2665  3337 D GwsdModeController0: [InacviceState]msg=EVENT_RESET
04-12 20:44:03.157692  2665  3337 D GwsdModeController0: [InacviceState]no action
04-12 20:44:03.157721  2665  3337 D GwsdModeController0: [InacviceState]msg=EVENT_RESET
04-12 20:44:03.157848  2665  2665 D GwsdService: handleMessage: MSG_NOTIFY_SYSTEM_STATE_NETWORK_SERVICE_CHANGED from system
04-12 20:44:03.348045  1744  2206 W TelephonyRegistry: Pid 1744 has exceeded half the number of permissible registered listeners. Now at 49
04-12 20:44:03.348071  1744  2206 D TelephonyRegistry: listen oscl: mHasNotifySubscriptionInfoChangedOccurred==false no callback
04-12 20:44:03.394016  2685  2685 D SuppServExt: [0]ACTION_CARRIER_CONFIG_CHANGED: not loaded, subId: -1
04-12 20:44:03.402969  2685  2685 D SuppServExt: [1]ACTION_CARRIER_CONFIG_CHANGED: not loaded, subId: -1
04-12 20:44:03.431232  2665  3162 I RILJ    : [0222]> GSM_SET_BROADCAST_CONFIG with 7 configs :  [PHONE0]
04-12 20:44:03.431273  2665  3162 I RILJ    : SmsBroadcastConfigInfo: Id [4352,4354] Code [0,255] ENABLED [PHONE0]
04-12 20:44:03.431284  2665  3162 I RILJ    : SmsBroadcastConfigInfo: Id [4355,4355] Code [0,255] DISABLED [PHONE0]
04-12 20:44:03.431292  2665  3162 I RILJ    : SmsBroadcastConfigInfo: Id [4356,4356] Code [0,255] ENABLED [PHONE0]
04-12 20:44:03.431298  2665  3162 I RILJ    : SmsBroadcastConfigInfo: Id [4370,4379] Code [0,255] ENABLED [PHONE0]
04-12 20:44:03.431304  2665  3162 I RILJ    : SmsBroadcastConfigInfo: Id [4380,4382] Code [0,255] DISABLED [PHONE0]
04-12 20:44:03.431317  2665  3162 I RILJ    : SmsBroadcastConfigInfo: Id [4383,4392] Code [0,255] ENABLED [PHONE0]
04-12 20:44:03.431323  2665  3162 I RILJ    : SmsBroadcastConfigInfo: Id [4393,4395] Code [0,255] DISABLED [PHONE0]
04-12 20:44:03.433050  1342  1826 I AT      : SEND MSGID=060f [SMS_CBM_CFG_REQ], TXID=0217 [RFXSender_3], DUMP=841954240000000001000F0617026000F97F040002110011FA7F04001B1112110101010001000000FB7F04001E111C11020100000000000000000000F97F0500FC7F040028111F11030100000000000000000000FE7F0200FD7F04002B112911FE7F020003110000FF7F020004110000
04-12 20:44:03.441068  1342  1740 I AT      : RECV MSGID=0610 [SMS_CBM_CFG_CNF], TXID=0217, DUMP=84195424000000000102100617027800000004000000000000010400FFFFFFFF0101010001000000020100000000000000000000FB7F0500FB7F040002110011FC7F04001B111211FD7F04001E111C11FE7F040028111F11FF7F04002B112911030100000000000000000000F97F0200F97F020003110000FA7F0200041100000801010003000000
04-12 20:44:03.452817  2665  3802 I RILJ    : [0222]< GSM_SET_BROADCAST_CONFIG  [PHONE0]
04-12 20:44:03.467853  2665  3162 I RILJ    : [0223]> GSM_BROADCAST_ACTIVATION activate = true [PHONE0]
04-12 20:44:03.468285  1342  1826 D RmmGsmSmsRequest: [0] Turn GSM CB on
04-12 20:44:03.468315  1342  1826 I AT      : SEND MSGID=060f [SMS_CBM_CFG_REQ], TXID=0218 [RFXSender_3], DUMP=841954240000000001000F061802100000010400070000800A01010001000000
04-12 20:44:03.472280  1342  1740 I AT      : RECV MSGID=0610 [SMS_CBM_CFG_CNF], TXID=0218, DUMP=84195424000000000102100618021800000004000000000000010400FFFFFFFF0801010003000000
04-12 20:44:03.473120  2665  3004 I RILJ    : [0223]< GSM_BROADCAST_ACTIVATION  [PHONE0]
04-12 20:44:03.513375  2685  2685 D SuppServExt: [0]ACTION_CARRIER_CONFIG_CHANGED: not loaded, subId: -1
04-12 20:44:03.513485  2685  2685 D SuppServExt: [1]ACTION_CARRIER_CONFIG_CHANGED: not loaded, subId: -1
04-12 20:44:03.514041  2685  2685 I ImsLocationHandler: LocationManager.PROVIDERS_CHANGED_ACTION isNlpEnabled: true, location timeout = false
04-12 20:44:03.514532  2685  2685 D ImsConfigEventReceiver[0]: ICC_ABSENT[0], reset carrier config loaded flag.
04-12 20:44:03.514928  2685  2685 D ImsConfigEventReceiver[1]: ICC_ABSENT[1], reset carrier config loaded flag.
04-12 20:44:03.616279  1135  1152 I mipc_lib: SEND MSGID=1409 [MIPC_LOC_LBS_SYNC_LOCATION_EM_CONFIG_REQ], TXID=000e [binder:1135_2], DUMP=8419542400000000010009140E00100000010400010000000101040000000000
04-12 20:44:03.625676  1135  1889 I mipc_lib: RECV MSGID=140a [MIPC_LOC_LBS_SYNC_LOCATION_EM_CONFIG_CNF], TXID=000e, DUMP=841954240000000001020A140E000800000004006A000000
04-12 20:44:03.676216  2665  3706 D MtkRILJ : [0224]> OEM_HOOK_STRINGS strings = AT+ESBP=5,"SBP_BLIND_AFR_3G4_FDD",1,1 +ESBP  [PHONE0]
04-12 20:44:03.677501  1342  1805 D RpOemCtlr: [0] onHandleOemHookString, data[0] = AT+ESBP=5,"SBP_BLIND_AFR_3G4_FDD",1,1
04-12 20:44:03.680621  1342  1824 I AT      : [0] AT> AT+ESBP=5,"SBP_BLIND_AFR_3G4_FDD",1,1 (RIL_CMD_READER_1 tid:528047672256)
04-12 20:44:03.680645  1342  1824 I AT      : SEND MSGID=0003 [SYS_AT_REQ], TXID=0219 [RFXSender_1], DUMP=84195424000000000100030019023000008126002A2A2A2A2A2A2A2A2A2A2A2A2A2A2A2A2A2A2A2A2A2A2A2A2A2A2A2A2A2A2A2A2A2A2A2A2A2A000000000000
04-12 20:44:03.684115  1342  1740 I AT      : RECV MSGID=0004 [SYS_AT_CNF], TXID=0219, DUMP=841954240000000001020400190218000000040000000000008107002A2A2A2A2A2A2A0000000000
04-12 20:44:03.684700  2665  3706 D MtkRILJ : [0225]> OEM_HOOK_STRINGS strings = AT+ESBP=5,"SBP_BLIND_FR_2G_TDD",1,1 +ESBP  [PHONE0]
04-12 20:44:03.685132  2665  3706 D MtkRILJ : [0226]> OEM_HOOK_STRINGS strings = AT+ESBP=5,"SBP_BLIND_FR_2G_FDD",1,1 +ESBP  [PHONE0]
04-12 20:44:03.685309  1342  1805 D RpOemCtlr: [0] onHandleOemHookString, data[0] = AT+ESBP=5,"SBP_BLIND_FR_2G_TDD",1,1
04-12 20:44:03.685415  1342  1805 D RpOemCtlr: [0] onHandleOemHookString, data[0] = AT+ESBP=5,"SBP_BLIND_FR_2G_FDD",1,1
04-12 20:44:03.687743  1342  1824 I AT      : [0] AT< OK (RIL_CMD_READER_1, tid:528047672256)
04-12 20:44:03.687829  1342  1824 I AT      : [0] AT> AT+ESBP=5,"SBP_BLIND_FR_2G_TDD",1,1 (RIL_CMD_READER_1 tid:528047672256)
04-12 20:44:03.687843  1342  1824 I AT      : SEND MSGID=0003 [SYS_AT_REQ], TXID=021a [RFXSender_1], DUMP=8419542400000000010003001A022800008124002A2A2A2A2A2A2A2A2A2A2A2A2A2A2A2A2A2A2A2A2A2A2A2A2A2A2A2A2A2A2A2A2A2A2A2A
04-12 20:44:03.688181  2665  2679 I RILJ    : [0224]< OEM_HOOK_STRINGS {} [PHONE0]
04-12 20:44:03.690529  1342  1740 I AT      : RECV MSGID=0004 [SYS_AT_CNF], TXID=021a, DUMP=8419542400000000010204001A021800000004000000000000810A002A2A2A2A2A2A2A2A2A2A0000
04-12 20:44:03.690620  1342  1824 I AT      : [0] AT< ERROR (RIL_CMD_READER_1, tid:528047672256)
04-12 20:44:03.690645  1342  1824 E RmmOemHandler: [0] OEM_HOOK_STRINGS fail
04-12 20:44:03.690698  1342  1824 I AT      : [0] AT> AT+ESBP=5,"SBP_BLIND_FR_2G_FDD",1,1 (RIL_CMD_READER_1 tid:528047672256)
04-12 20:44:03.690710  1342  1824 I AT      : SEND MSGID=0003 [SYS_AT_REQ], TXID=021b [RFXSender_1], DUMP=8419542400000000010003001B022800008124002A2A2A2A2A2A2A2A2A2A2A2A2A2A2A2A2A2A2A2A2A2A2A2A2A2A2A2A2A2A2A2A2A2A2A2A
04-12 20:44:03.691088  2665  2679 I RILJ    : [0225]< OEM_HOOK_STRINGS error 2 [PHONE0]
04-12 20:44:03.691134  2665  2679 D RilRequest: [0225]< OEM_HOOK_STRINGS error: com.android.internal.telephony.CommandException: GENERIC_FAILURE ret={} result=null
04-12 20:44:03.693574  2665  3706 D MtkRILJ : [0227]> OEM_HOOK_STRINGS strings = AT+ESBP=5,"SBP_BLIND_AFR_3G4_FDD",1,1 +ESBP  [PHONE1]
04-12 20:44:03.693858  1342  1805 D RpOemCtlr: [1] onHandleOemHookString, data[0] = AT+ESBP=5,"SBP_BLIND_AFR_3G4_FDD",1,1
04-12 20:44:03.694058  1342  1837 I AT      : [1] AT> AT+ESBP=5,"SBP_BLIND_AFR_3G4_FDD",1,1 (RIL_CMD2_READER_1 tid:527661591488)
