04-12 20:44:03.694085  1342  1837 I AT      : SEND MSGID=0003 [SYS_AT_REQ], TXID=021c [RFXSender_13], DUMP=8419542400000000020003001C023000008126002A2A2A2A2A2A2A2A2A2A2A2A2A2A2A2A2A2A2A2A2A2A2A2A2A2A2A2A2A2A2A2A2A2A2A2A2A2A000000000000
04-12 20:44:03.694364  1342  1740 I AT      : RECV MSGID=0004 [SYS_AT_CNF], TXID=021b, DUMP=8419542400000000010204001B0218000000040000000000008107002A2A2A2A2A2A2A0000000000
04-12 20:44:03.694431  1342  1824 I AT      : [0] AT< OK (RIL_CMD_READER_1, tid:528047672256)
04-12 20:44:03.694788  2665  3706 D MtkRILJ : [0228]> OEM_HOOK_STRINGS strings = AT+ESBP=5,"SBP_BLIND_FR_2G_TDD",1,1 +ESBP  [PHONE1]
04-12 20:44:03.695073  2665  2679 I RILJ    : [0226]< OEM_HOOK_STRINGS {} [PHONE0]
04-12 20:44:03.695299  2665  3706 D MtkRILJ : [0229]> OEM_HOOK_STRINGS strings = AT+ESBP=5,"SBP_BLIND_FR_2G_FDD",1,1 +ESBP  [PHONE1]
04-12 20:44:03.696463  1342  1805 D RpOemCtlr: [1] onHandleOemHookString, data[0] = AT+ESBP=5,"SBP_BLIND_FR_2G_TDD",1,1
04-12 20:44:03.696519  1342  1805 D RpOemCtlr: [1] onHandleOemHookString, data[0] = AT+ESBP=5,"SBP_BLIND_FR_2G_FDD",1,1
04-12 20:44:03.698398  1342  1740 I AT      : RECV MSGID=0004 [SYS_AT_CNF], TXID=021c, DUMP=8419542400000000020204001C0218000000040000000000008107002A2A2A2A2A2A2A0000000000
04-12 20:44:03.698485  1342  1837 I AT      : [1] AT< OK (RIL_CMD2_READER_1, tid:527661591488)
04-12 20:44:03.698557  1342  1837 I AT      : [1] AT> AT+ESBP=5,"SBP_BLIND_FR_2G_TDD",1,1 (RIL_CMD2_READER_1 tid:527661591488)
04-12 20:44:03.698574  1342  1837 I AT      : SEND MSGID=0003 [SYS_AT_REQ], TXID=021d [RFXSender_13], DUMP=8419542400000000020003001D022800008124002A2A2A2A2A2A2A2A2A2A2A2A2A2A2A2A2A2A2A2A2A2A2A2A2A2A2A2A2A2A2A2A2A2A2A2A
04-12 20:44:03.700695  2665  2679 I RILJ    : [0227]< OEM_HOOK_STRINGS {} [PHONE1]
04-12 20:44:03.701450  1342  1740 I AT      : RECV MSGID=0004 [SYS_AT_CNF], TXID=021d, DUMP=8419542400000000020204001D021800000004000000000000810A002A2A2A2A2A2A2A2A2A2A0000
04-12 20:44:03.701595  1342  1837 I AT      : [1] AT< ERROR (RIL_CMD2_READER_1, tid:527661591488)
04-12 20:44:03.701728  1342  1837 E RmmOemHandler: [1] OEM_HOOK_STRINGS fail
04-12 20:44:03.701805  1342  1837 I AT      : [1] AT> AT+ESBP=5,"SBP_BLIND_FR_2G_FDD",1,1 (RIL_CMD2_READER_1 tid:527661591488)
04-12 20:44:03.702304  1342  1837 I AT      : SEND MSGID=0003 [SYS_AT_REQ], TXID=021e [RFXSender_13], DUMP=8419542400000000020003001E022800008124002A2A2A2A2A2A2A2A2A2A2A2A2A2A2A2A2A2A2A2A2A2A2A2A2A2A2A2A2A2A2A2A2A2A2A2A
04-12 20:44:03.704993  2665  2679 I RILJ    : [0228]< OEM_HOOK_STRINGS error 2 [PHONE1]
04-12 20:44:03.705039  2665  2679 D RilRequest: [0228]< OEM_HOOK_STRINGS error: com.android.internal.telephony.CommandException: GENERIC_FAILURE ret={} result=null
04-12 20:44:03.706331  1342  1740 I AT      : RECV MSGID=0004 [SYS_AT_CNF], TXID=021e, DUMP=8419542400000000020204001E0218000000040000000000008107002A2A2A2A2A2A2A0000000000
04-12 20:44:03.706441  1342  1837 I AT      : [1] AT< OK (RIL_CMD2_READER_1, tid:527661591488)
04-12 20:44:03.708696  2665  2679 I RILJ    : [0229]< OEM_HOOK_STRINGS {} [PHONE1]
04-12 20:44:04.132801  2665  3004 E SMSVC   : getActiveSubscriptionInfoList: com.transsion.applock does not have enough permission. Returning empty list here.
04-12 20:44:04.508916  2665  3004 E SMSVC   : getActiveSubscriptionInfoList: com.transsion.atomicbrain does not have enough permission. Returning empty list here.
04-12 20:44:04.546394  2665  2665 I TranCAT : BootCompletedReceiver: [onReceive] action = android.intent.action.SIM_STATE_CHANGED
04-12 20:44:04.546517  2665  2665 I TranCAT : BootCompletedReceiver: ACTION_SIM_STATE_CHANGED, simStatus: ABSENT
04-12 20:44:04.546528  2665  2665 I TranCAT : StkAthenaUploader: [handleIccChangeAction] simStatus: ABSENT
04-12 20:44:04.557225  2665  5752 D MtkRILJ : [0230]> OEM_HOOK_STRINGS strings = AT+ESIMS? +ESIMS  [PHONE1]
04-12 20:44:04.557594  1342  1805 D RpOemCtlr: [1] onHandleOemHookString, data[0] = AT+ESIMS?
04-12 20:44:04.557745  1342  1837 I AT      : [1] AT> AT+ESIMS? (RIL_CMD2_READER_1 tid:527661591488)
04-12 20:44:04.557760  1342  1837 I AT      : SEND MSGID=0003 [SYS_AT_REQ], TXID=021f [RFXSender_13], DUMP=8419542400000000020003001F02100000810A002A2A2A2A2A2A2A2A2A2A0000
04-12 20:44:04.563916  1342  1740 I AT      : RECV MSGID=0004 [SYS_AT_CNF], TXID=021f, DUMP=8419542400000000020204001F0220000000040000000000008114002A2A2A2A2A2A2A2A2A2A2A2A2A2A2A2A2A2A2A2A
04-12 20:44:04.563975  1342  1837 I AT      : [1] AT< +ESIMS: 0 (RIL_CMD2_READER_1, tid:527661591488)
04-12 20:44:04.563989  1342  1837 I AT      : [1] AT< OK (RIL_CMD2_READER_1, tid:527661591488)
04-12 20:44:04.564387  2665  3004 I RILJ    : [0230]< OEM_HOOK_STRINGS {+ESIMS: 0} [PHONE1]
04-12 20:44:04.587515  2665  2665 D SAT     : [0]onSimAbsent, reset activation state to UNKNOWN
04-12 20:44:04.587545  2665  2665 D SAT     : [0]setVoiceActivationState=0
04-12 20:44:04.589129  2665  2665 D SAT     : [0]setDataActivationState=0
04-12 20:44:04.591216  2665  2665 D EmergencyNumberTracker: [0][mTranIntentReceiver] intent: Intent { act=android.telephony.action.NETWORK_COUNTRY_CHANGED flg=0x10 xflg=0x4 (has extras) }
04-12 20:44:04.594017  2665  2665 D EmergencyNumberTracker: [0]ACTION_NETWORK_COUNTRY_CHANGED: PhoneId: 0 CountryIso: cn
04-12 20:44:04.594153  2665  2665 D SMSDispatcher: Received broadcast android.intent.action.SIM_STATE_CHANGED
04-12 20:44:04.594249  2665  2665 D SMSDispatcher: Received broadcast android.intent.action.SIM_STATE_CHANGED
04-12 20:44:04.594313  2665  2665 D SMSDispatcher: Received broadcast android.intent.action.SIM_STATE_CHANGED
04-12 20:44:04.594479  2665  2665 D EmergencyNumberTracker: [0][mTranIntentReceiver] intent: Intent { act=android.intent.action.SIM_STATE_CHANGED flg=0x15000010 xflg=0x4 (has extras) }
04-12 20:44:04.608865  2665  2665 D MtkDPM  : DPM-0: mIntentReceiverEx onReceive: action=android.intent.action.SIM_STATE_CHANGED
04-12 20:44:04.609000  2665  2665 D EmergencyNumberTracker: [1][mTranIntentReceiver] intent: Intent { act=android.telephony.action.NETWORK_COUNTRY_CHANGED flg=0x10 xflg=0x4 (has extras) }
04-12 20:44:04.610033  2665  2665 D SAT     : [1]onSimAbsent, reset activation state to UNKNOWN
04-12 20:44:04.610046  2665  2665 D SAT     : [1]setVoiceActivationState=0
04-12 20:44:04.612468  2665  2665 D SAT     : [1]setDataActivationState=0
04-12 20:44:04.612826  2665  2665 D SMSDispatcher: Received broadcast android.intent.action.SIM_STATE_CHANGED
04-12 20:44:04.612911  2665  2665 D SMSDispatcher: Received broadcast android.intent.action.SIM_STATE_CHANGED
04-12 20:44:04.616444  2665  2665 D Phone-0 : isImsRegistered =false
04-12 20:44:04.616520  2665  2665 E Phone-0 : [0] getUserHandle: ex=java.lang.IllegalArgumentException: [getSubscriptionUserHandle]: Invalid subscriptionId: -1
04-12 20:44:04.617879  2665  2665 D SMSDispatcher: Received broadcast android.intent.action.SIM_STATE_CHANGED
04-12 20:44:04.618003  2665  2665 D EmergencyNumberTracker: [1][mTranIntentReceiver] intent: Intent { act=android.intent.action.SIM_STATE_CHANGED flg=0x15000010 xflg=0x4 (has extras) }
04-12 20:44:04.618612  2665  2665 D EmergencyNumberTracker: [0]updateEmergencyNumberListDatabaseAndNotify(): receiving countryIso: cn
04-12 20:44:04.618882  2665  2665 D EmergencyNumberTracker: [0]cn asset emergency database is loaded. Ver: 2 Phone Id: 0 countryIso: cn
04-12 20:44:04.619100  2665  2665 E EmergencyNumberTracker: [0]Cache ota emergency database IOException: java.io.FileNotFoundException: /data/misc/emergencynumberdb/emergency_number_db: open failed: ENOENT (No such file or directory)
04-12 20:44:04.619113  2665  2665 D EmergencyNumberTracker: [0]Using Asset Emergency database. Version: 2
04-12 20:44:04.620766  2665  2665 D EmergencyNumberTracker: [0]notifyEmergencyNumberList(): notified
04-12 20:44:04.620804  2665  2665 D EmergencyNumberTracker: [1]updateEmergencyNumberListDatabaseAndNotify(): receiving countryIso: cn
04-12 20:44:04.622378  2665  2665 D EmergencyNumberTracker: [1]cn asset emergency database is loaded. Ver: 2 Phone Id: 1 countryIso: cn
04-12 20:44:04.622550  2665  2665 E EmergencyNumberTracker: [1]Cache ota emergency database IOException: java.io.FileNotFoundException: /data/misc/emergencynumberdb/emergency_number_db: open failed: ENOENT (No such file or directory)
04-12 20:44:04.622555  2665  2665 D EmergencyNumberTracker: [1]Using Asset Emergency database. Version: 2
04-12 20:44:04.623719  2665  2665 D EmergencyNumberTracker: [1]notifyEmergencyNumberList(): notified
04-12 20:44:04.623785  2665  2665 D MtkDPM  : DPM-1: mIntentReceiverEx onReceive: action=android.intent.action.SIM_STATE_CHANGED
04-12 20:44:04.623814  2665  2665 D MtkDPM  : DPM-1: unregisterForFdnEnableChanged(), already unregistered, skip unregister
04-12 20:44:04.624276  2665  2665 E Phone-0 : [0] getUserHandle: ex=java.lang.IllegalArgumentException: [getSubscriptionUserHandle]: Invalid subscriptionId: -1
04-12 20:44:04.626688  1135  1152 I mipc_lib: SEND MSGID=1409 [MIPC_LOC_LBS_SYNC_LOCATION_EM_CONFIG_REQ], TXID=000f [binder:1135_2], DUMP=8419542400000000010009140F00100000010400010000000101040000000000
04-12 20:44:04.631936  1135  1889 I mipc_lib: RECV MSGID=140a [MIPC_LOC_LBS_SYNC_LOCATION_EM_CONFIG_CNF], TXID=000f, DUMP=841954240000000001020A140F000800000004006A000000
04-12 20:44:04.652768  2665  2665 I TranCAT : BootCompletedReceiver: [onReceive] action = android.intent.action.BOOT_COMPLETED
04-12 20:44:04.666984  2665  2665 I TranCAT : BootCompletedReceiver: [ACTION_BOOT_COMPLETED]
04-12 20:44:04.668373  2665  2665 I TranCAT : StkAppService: onCreate()+
04-12 20:44:04.672490  2665  2665 I TranCAT : TranUtils: getMpesaCloudParam: key = key_cloud_mpesa_enable , val = true
04-12 20:44:04.674044  2665  2665 I TranCAT : StkAppService: simCount: 2, maxSimCount: 2, isMpesaSuppport: true
04-12 20:44:04.675480  2665  2665 I TranCAT : StkAppService: mIsMxtcMarket = false ,mIsCoclMarket = false
04-12 20:44:04.698138  2665  2665 I TranCAT : StkAppService: Register for phone state change
04-12 20:44:04.715136  2665  2665 I TranCAT : MpesaViewSwitchManager: sMpesaViewSwitch slotId 0 res = false isSafaricomCard = false
04-12 20:44:04.715169  2665  2665 I TranCAT : MpesaViewSwitchManager: sMpesaViewSwitch slotId 1 res = false isSafaricomCard = false
04-12 20:44:04.715429  2665  2665 I TranCAT : StkAppService: onStart sim id: 0, op: 5, *****
04-12 20:44:04.715455  2665  2665 I TranCAT : StkAppService: mStkService is: -1
04-12 20:44:04.724140  2665  2665 I TranCAT : StkAppService: hasSimCard false
04-12 20:44:04.724238  2665  2665 I TranCAT : StkAppInstaller: uninstall stkMain
04-12 20:44:04.724252  2665  2665 I TranCAT : StkAppInstaller: uninstall :255,class: com.android.stk.StkMain
04-12 20:44:04.724957  2665  2665 I TranCAT : StkAppService: onDestroy()
04-12 20:44:04.731214  1744  1744 W TelephonyRegistry: Pid 1744 has exceeded half the number of permissible registered listeners. Now at 50
04-12 20:44:04.731235  1744  1744 D TelephonyRegistry: listen oscl: mHasNotifySubscriptionInfoChangedOccurred==false no callback
04-12 20:44:04.733444  2665  2665 I TranCAT : StkAppService: unregister for phone state change
04-12 20:44:04.797803  2665  2665 D MtkTelephonyAssist: MtkPhoneAssistBroadcastReceiver: MtkPhoneAssistBroadcastReceiver action = android.intent.action.BOOT_COMPLETED isSystemUser = true
04-12 20:44:04.812412  2665  2665 D SMSVC   : updateSubscriptionByCarrierConfig: phoneId=1, configPackageName=com.android.carrierconfig
04-12 20:44:04.812430  2665  2665 D SMSVC   : updateSubscriptionByCarrierConfig: No subscription is active for phone being updated.
04-12 20:44:04.812446  2665  2665 D SMSVC   : updateSubscriptionByCarrierConfig: phoneId=0, configPackageName=com.android.carrierconfig
04-12 20:44:04.812452  2665  2665 D SMSVC   : updateSubscriptionByCarrierConfig: No subscription is active for phone being updated.
04-12 20:44:04.904222  2665  2665 D EmergencyNumberTracker: [0][mTranIntentReceiver] intent: Intent { act=android.telephony.action.CARRIER_CONFIG_CHANGED flg=0x15000010 xflg=0x4 (has extras) }
04-12 20:44:04.908360  2665  2665 D MtkDPM  : DPM-0: mIntentReceiverEx onReceive: action=android.telephony.action.CARRIER_CONFIG_CHANGED
04-12 20:44:04.908461  2665  2665 D EmergencyNumberTracker: [1][mTranIntentReceiver] intent: Intent { act=android.telephony.action.CARRIER_CONFIG_CHANGED flg=0x15000010 xflg=0x4 (has extras) }
04-12 20:44:04.909026  2665  2665 D MtkDPM  : DPM-1: mIntentReceiverEx onReceive: action=android.telephony.action.CARRIER_CONFIG_CHANGED
04-12 20:44:04.909350  2665  2665 E ImsStateCallbackController: onReceive ACTION_CARRIER_CONFIG_CHANGED invalid subId
04-12 20:44:04.912407  2665  2665 I RILJ    : [0231]> VOICE_RADIO_TECH [PHONE1]
04-12 20:44:04.913037  2665  2665 I GsmCdmaPhone: [1] didn't updateVoNrSettings for add on case, will update by ims.
04-12 20:44:04.913282  2665  2679 I RILJ    : [0231]< VOICE_RADIO_TECH {1} [PHONE1]
04-12 20:44:04.913453  2665  2665 I RILJ    : [0232]> GET_RADIO_CAPABILITY [PHONE1]
04-12 20:44:04.914067  2665  2679 I RILJ    : convertHalRadioCapability: session=-1, phase=3, rat=561156, logicModemUuid=modem_sys1_ps1_nr1, status=1, rcRil.raf=1130504 [PHONE1]
04-12 20:44:04.914125  2665  2679 I RILJ    : [0232]< GET_RADIO_CAPABILITY {mPhoneId = 1 mVersion=1 mSession=-1 mPhase=3 mRadioAccessFamily=561156 mLogicModemId=modem_sys1_ps1_nr1 mStatus=1} [PHONE1]
04-12 20:44:04.927791  2665  2665 I RILJ    : [0233]> VOICE_RADIO_TECH [PHONE0]
04-12 20:44:04.928291  2665  3004 I RILJ    : [0233]< VOICE_RADIO_TECH {1} [PHONE0]
04-12 20:44:04.928848  2665  2665 I GsmCdmaPhone: [0] didn't updateVoNrSettings for add on case, will update by ims.
04-12 20:44:04.932569  2665  2665 I RILJ    : [0234]> GET_RADIO_CAPABILITY [PHONE0]
04-12 20:44:04.934428  2665  2665 D EmergencyNumberTracker: [0][mTranIntentReceiver] intent: Intent { act=android.telephony.action.CARRIER_CONFIG_CHANGED flg=0x15000010 xflg=0x4 (has extras) }
04-12 20:44:04.935312  2665  2679 I RILJ    : convertHalRadioCapability: session=-1, phase=3, rat=561156, logicModemUuid=modem_sys1_ps0_nr1, status=1, rcRil.raf=1130504 [PHONE0]
04-12 20:44:04.935376  2665  2679 I RILJ    : [0234]< GET_RADIO_CAPABILITY {mPhoneId = 0 mVersion=1 mSession=-1 mPhase=3 mRadioAccessFamily=561156 mLogicModemId=modem_sys1_ps0_nr1 mStatus=1} [PHONE0]
04-12 20:44:04.945102  2665  2665 D MtkDPM  : DPM-0: mIntentReceiverEx onReceive: action=android.telephony.action.CARRIER_CONFIG_CHANGED
04-12 20:44:04.945194  2665  2665 D EmergencyNumberTracker: [1][mTranIntentReceiver] intent: Intent { act=android.telephony.action.CARRIER_CONFIG_CHANGED flg=0x15000010 xflg=0x4 (has extras) }
04-12 20:44:04.946838  2665  2665 D MtkDPM  : DPM-1: mIntentReceiverEx onReceive: action=android.telephony.action.CARRIER_CONFIG_CHANGED
04-12 20:44:04.947744  2665  2665 E ImsStateCallbackController: onReceive ACTION_CARRIER_CONFIG_CHANGED invalid subId
04-12 20:44:04.966115  2685  2685 D SuppServExt: [0]ACTION_CARRIER_CONFIG_CHANGED: not loaded, subId: -1
04-12 20:44:04.966174  2685  2685 D SuppServExt: [1]ACTION_CARRIER_CONFIG_CHANGED: not loaded, subId: -1
04-12 20:44:05.030930  2685  2685 D SuppServExt: [0]ACTION_CARRIER_CONFIG_CHANGED: not loaded, subId: -1
04-12 20:44:05.030998  2685  2685 D SuppServExt: [1]ACTION_CARRIER_CONFIG_CHANGED: not loaded, subId: -1
04-12 20:44:05.128511  1744  4410 D TelephonyRegistry: listen oscl: mHasNotifySubscriptionInfoChangedOccurred==false no callback
04-12 20:44:05.218813  2665  3281 D NetworkTypeController: [1] onCapabilitiesChanged: 100
04-12 20:44:05.218901  2665  3281 D NetworkTypeController: [1] satellite constrained data status : false
04-12 20:44:05.218926  2665  3281 D DIC-1   : dataNetworkType: 0, voiceNetworkType: 0, resultNetworkType: 0
04-12 20:44:05.219044  2665  3225 D NetworkTypeController: [0] onCapabilitiesChanged: 100
04-12 20:44:05.219054  2665  3225 D NetworkTypeController: [0] satellite constrained data status : false
04-12 20:44:05.219068  2665  3225 D DIC-0   : dataNetworkType: 0, voiceNetworkType: 0, resultNetworkType: 0
04-12 20:44:05.220681  1342  1826 I AT      : SEND MSGID=cb00 [WFC_WIFI_SIGNAL_NTF], TXID=ffff [RFXSender_3], DUMP=8419542400000000010000CBFFFF200000010500776C616E000000000000000001010200DCFF00000201020000000000
04-12 20:44:05.227981  2665  3223 D TelephonyCountryDetector: onCapabilitiesChanged: [ Transports: WIFI Capabilities: NOT_METERED&INTERNET&NOT_RESTRICTED&TRUSTED&NOT_VPN&VALIDATED&NOT_ROAMING&FOREGROUND&NOT_CONGESTED&NOT_SUSPENDED&NOT_VCN_MANAGED&NOT_BANDWIDTH_CONSTRAINED LinkUpBandwidth>=12000Kbps LinkDnBandwidth>=60000Kbps TransportInfo: <SSID: <unknown ssid>, BSSID: 02:00:00:00:00:00, MAC: 02:00:00:00:00:00, IP: /192.168.1.136, Security type: 2, Supplicant state: COMPLETED, Wi-Fi standard: 11ac, RSSI: -36, Link speed: 780Mbps, Tx Link speed: 780Mbps, Max Supported Tx Link speed: 866Mbps, Rx Link speed: 780Mbps, Max Supported Rx Link speed: 866Mbps, Frequency: 5180MHz, Net ID: -1, Metered hint: false, score: 100, isUsable: true, CarrierMerged: false, SubscriptionId: -1, IsPrimary: 1, Trusted: true, Restricted: false, Ephemeral: false, OEM paid: false, OEM private: false, OSU AP: false, FQDN: <none>, Provider friendly name: <none>, Requesting package name: <none><none>MLO Information: , Is TID-To-Link negotiation supported by the AP: false, AP MLD Address: <none>, AP MLO Link Id: <none>, AP MLO Affiliated links: <none>, Vendor Data: <none>> SignalStrength: -36 AdminUids: [1000] SSID: "David_5" UnderlyingNetworks: Null]
04-12 20:44:05.228021  2665  3223 D TelephonyCountryDetector: isWifiConnected: true
04-12 20:44:05.230384  2665  3403 D TelephonyCountryDetector: handleEventWifiConnectivityStateChanged: true
04-12 20:44:05.230434  2665  3403 D TelephonyCountryDetector: getCurrentNetworkCountryIso: invalid countryIso= for phoneId=1, subId=-1
04-12 20:44:05.230457  2665  3403 D TelephonyCountryDetector: Location update was not requested yet
04-12 20:44:05.632260  1135  1152 I mipc_lib: SEND MSGID=1409 [MIPC_LOC_LBS_SYNC_LOCATION_EM_CONFIG_REQ], TXID=0010 [binder:1135_2], DUMP=8419542400000000010009141000100000010400010000000101040000000000
04-12 20:44:05.638325  1135  1889 I mipc_lib: RECV MSGID=140a [MIPC_LOC_LBS_SYNC_LOCATION_EM_CONFIG_CNF], TXID=0010, DUMP=841954240000000001020A1410000800000004006A000000
04-12 20:44:05.904357  1342  1740 I AT      : RECV MSGID=4402 [NW_SIGNAL_IND], TXID=ffff, DUMP=841954240000000001030244FFFF30010401040005000000050104000500000006010400000000000701040002000000080104000000000009010100010000000B01100009000000630000001A0000002B000000000000000E0135001A0000002B0000000100000086FEFFFFF4FFFFFF010000000100000004000000000000000100000000000000000000000000000001000000000000000F01010001000000140100000000000000000000FF7F0100FF7F35001A0000002B0000000100000086FEFFFFF4FFFFFF01000000010000000400000000000000010000000000000000000000000000000100000000000000170100000000000000000000FE7F0100FE7F38001A0000002B0000000100000086FEFFFFF4FFFFFF01000000010000000400000000000000010000000000000000000000000000000100000000000000
04-12 20:44:05.904771  1342  1802 D RmmNwUrcHdlr: [0] [handleSignalStrength]:sigRegisted[0000], sigUpdated[0X04]
04-12 20:44:05.909874  2665  2665 D MtkSSCtr: [0] old:{level:4, raw:SignalStrength:{mAverageLevel=4mCdma=CellSignalStrengthCdma: cdmaDbm=2147483647 cdmaEcio=2147483647 evdoDbm=2147483647 evdoEcio=2147483647 evdoSnr=2147483647 level=0,mGsm=CellSignalStrengthGsm: rssi=2147483647 ber=2147483647 mTa=2147483647 mLevel=0,mWcdma=CellSignalStrengthWcdma: ss=-91 ber=99 rscp=-89 ecno=-2 level=2,mTdscdma=CellSignalStrengthTdscdma: rssi=2147483647 ber=2147483647 rscp=2147483647 level=0,mLte=CellSignalStrengthLte: rssi=2147483647 rsrp=2147483647 rsrq=2147483647 rssnr=2147483647 cqiTableIndex=2147483647 cqi=2147483647 ta=2147483647 level=0 parametersUseForLevel=1,mNr=CellSignalStrengthNr:{ csiRsrp = 2147483647 csiRsrq = 2147483647 csiCqiTableIndex = 2147483647 csiCqiReport = [] ssRsrp = 2147483647 ssRsrq = 2147483647 ssSinr = 2147483647 level = 0 parametersUseForLevel = 1 timingAdvance = 2147483647 },primary=CellSignalStrengthWcdma}}
04-12 20:44:05.914327  2665  2665 D TranSignalSmooth: [calculateDalayLevel] averageLevel: 4, level: 3
04-12 20:44:05.925306  2665  2665 D MtkSSCtr: [0] new:{level:4, raw:SignalStrength:{mAverageLevel=4mCdma=CellSignalStrengthCdma: cdmaDbm=2147483647 cdmaEcio=2147483647 evdoDbm=2147483647 evdoEcio=2147483647 evdoSnr=2147483647 level=0,mGsm=CellSignalStrengthGsm: rssi=2147483647 ber=2147483647 mTa=2147483647 mLevel=0,mWcdma=CellSignalStrengthWcdma: ss=-95 ber=99 rscp=-94 ecno=-3 level=2,mTdscdma=CellSignalStrengthTdscdma: rssi=2147483647 ber=2147483647 rscp=2147483647 level=0,mLte=CellSignalStrengthLte: rssi=2147483647 rsrp=2147483647 rsrq=2147483647 rssnr=2147483647 cqiTableIndex=2147483647 cqi=2147483647 ta=2147483647 level=0 parametersUseForLevel=1,mNr=CellSignalStrengthNr:{ csiRsrp = 2147483647 csiRsrq = 2147483647 csiCqiTableIndex = 2147483647 csiCqiReport = [] ssRsrp = 2147483647 ssRsrq = 2147483647 ssSinr = 2147483647 level = 0 parametersUseForLevel = 1 timingAdvance = 2147483647 },primary=CellSignalStrengthWcdma}}, 
04-12 20:44:05.994914  2685  3014 I ImsLocationHandler: proxyAppLocationGranted: false
04-12 20:44:05.996659  2685  3014 I ImsLocationHandler: isEccInProgress: false, redialECC: false
04-12 20:44:05.996692  2685  3014 E ImsLocationHandler: isGetLocationAlways: SIM not ready, use default carrier config
04-12 20:44:05.996734  2685  3014 I ImsLocationHandler: isGetLocationAlways: false
04-12 20:44:05.999930  2685  3014 W ImsLocationHandler: requestLocationFromNetworkLocation failed: is NOT in ECC & non-framework location proxy app is NOT granted
04-12 20:44:06.639883  1135  1152 I mipc_lib: SEND MSGID=1409 [MIPC_LOC_LBS_SYNC_LOCATION_EM_CONFIG_REQ], TXID=0011 [binder:1135_2], DUMP=8419542400000000010009141100100000010400010000000101040000000000
04-12 20:44:06.645259  1135  1889 I mipc_lib: RECV MSGID=140a [MIPC_LOC_LBS_SYNC_LOCATION_EM_CONFIG_CNF], TXID=0011, DUMP=841954240000000001020A1411000800000004006A000000
04-12 20:44:06.886019  2665  3213 D MtkRILJ : [0235]> OEM_HOOK_STRINGS strings = AT+TRANCELLBAR=4,3   [PHONE0]
04-12 20:44:06.886643  1342  1805 D RpOemCtlr: [0] onHandleOemHookString, data[0] = AT+TRANCELLBAR=4,3
04-12 20:44:06.886779  1342  1824 I AT      : [0] AT> AT+TRANCELLBAR=4,3 (RIL_CMD_READER_1 tid:528047672256)
04-12 20:44:06.886795  1342  1824 I AT      : SEND MSGID=0003 [SYS_AT_REQ], TXID=0220 [RFXSender_1], DUMP=84195424000000000100030020021800008113002A2A2A2A2A2A2A2A2A2A2A2A2A2A2A2A2A2A2A00
04-12 20:44:06.888539  2665  3213 D MtkRILJ : [0236]> OEM_HOOK_STRINGS strings = AT+TRANCELLBAR=5,3   [PHONE0]
04-12 20:44:06.888864  1342  1805 D RpOemCtlr: [0] onHandleOemHookString, data[0] = AT+TRANCELLBAR=5,3
04-12 20:44:06.892943  1342  1740 I AT      : RECV MSGID=0004 [SYS_AT_CNF], TXID=0220, DUMP=841954240000000001020400200218000000040000000000008107002A2A2A2A2A2A2A0000000000
04-12 20:44:06.893022  1342  1824 I AT      : [0] AT< OK (RIL_CMD_READER_1, tid:528047672256)
04-12 20:44:06.893083  1342  1824 I AT      : [0] AT> AT+TRANCELLBAR=5,3 (RIL_CMD_READER_1 tid:528047672256)
04-12 20:44:06.893094  1342  1824 I AT      : SEND MSGID=0003 [SYS_AT_REQ], TXID=0221 [RFXSender_1], DUMP=84195424000000000100030021021800008113002A2A2A2A2A2A2A2A2A2A2A2A2A2A2A2A2A2A2A00
04-12 20:44:06.893505  2665  2971 I RILJ    : [0235]< OEM_HOOK_STRINGS {} [PHONE0]
04-12 20:44:06.896580  1342  1740 I AT      : RECV MSGID=0004 [SYS_AT_CNF], TXID=0221, DUMP=841954240000000001020400210218000000040000000000008107002A2A2A2A2A2A2A0000000000
04-12 20:44:06.896630  1342  1824 I AT      : [0] AT< OK (RIL_CMD_READER_1, tid:528047672256)
04-12 20:44:06.896881  2665  2971 I RILJ    : [0236]< OEM_HOOK_STRINGS {} [PHONE0]
04-12 20:44:07.083819  2665  3277 D MtkRILJ : [0237]> OEM_HOOK_STRINGS strings = AT+TRANCELLBAR=4,3   [PHONE1]
04-12 20:44:07.084417  1342  1805 D RpOemCtlr: [1] onHandleOemHookString, data[0] = AT+TRANCELLBAR=4,3
04-12 20:44:07.084701  1342  1837 I AT      : [1] AT> AT+TRANCELLBAR=4,3 (RIL_CMD2_READER_1 tid:527661591488)
04-12 20:44:07.084728  1342  1837 I AT      : SEND MSGID=0003 [SYS_AT_REQ], TXID=0222 [RFXSender_13], DUMP=84195424000000000200030022021800008113002A2A2A2A2A2A2A2A2A2A2A2A2A2A2A2A2A2A2A00
04-12 20:44:07.087783  2665  3277 D MtkRILJ : [0238]> OEM_HOOK_STRINGS strings = AT+TRANCELLBAR=5,3   [PHONE1]
04-12 20:44:07.087993  1342  1805 D RpOemCtlr: [1] onHandleOemHookString, data[0] = AT+TRANCELLBAR=5,3
04-12 20:44:07.090765  1342  1740 I AT      : RECV MSGID=0004 [SYS_AT_CNF], TXID=0222, DUMP=841954240000000002020400220218000000040000000000008107002A2A2A2A2A2A2A0000000000
04-12 20:44:07.090838  1342  1837 I AT      : [1] AT< OK (RIL_CMD2_READER_1, tid:527661591488)
04-12 20:44:07.091044  1342  1837 I AT      : [1] AT> AT+TRANCELLBAR=5,3 (RIL_CMD2_READER_1 tid:527661591488)
04-12 20:44:07.091062  1342  1837 I AT      : SEND MSGID=0003 [SYS_AT_REQ], TXID=0223 [RFXSender_13], DUMP=84195424000000000200030023021800008113002A2A2A2A2A2A2A2A2A2A2A2A2A2A2A2A2A2A2A00
04-12 20:44:07.091176  2665  2679 I RILJ    : [0237]< OEM_HOOK_STRINGS {} [PHONE1]
04-12 20:44:07.093577  1342  1740 I AT      : RECV MSGID=0004 [SYS_AT_CNF], TXID=0223, DUMP=841954240000000002020400230218000000040000000000008107002A2A2A2A2A2A2A0000000000
04-12 20:44:07.093627  1342  1837 I AT      : [1] AT< OK (RIL_CMD2_READER_1, tid:527661591488)
04-12 20:44:07.093893  2665  2679 I RILJ    : [0238]< OEM_HOOK_STRINGS {} [PHONE1]
04-12 20:44:07.645468  1135  1152 I mipc_lib: SEND MSGID=1409 [MIPC_LOC_LBS_SYNC_LOCATION_EM_CONFIG_REQ], TXID=0012 [binder:1135_2], DUMP=8419542400000000010009141200100000010400010000000101040000000000
04-12 20:44:07.650808  1135  1889 I mipc_lib: RECV MSGID=140a [MIPC_LOC_LBS_SYNC_LOCATION_EM_CONFIG_CNF], TXID=0012, DUMP=841954240000000001020A1412000800000004006A000000
04-12 20:44:08.040378  2665  2971 E SMSVC   : getActiveSubscriptionInfoList: com.transsion.screenrecorder does not have enough permission. Returning empty list here.
04-12 20:44:08.127137  2665  2679 E SMSVC   : getActiveSubscriptionInfoList: com.transsion.airtransfer does not have enough permission. Returning empty list here.
04-12 20:44:08.216051  2665  2679 E SMSVC   : getActiveSubscriptionInfoList: com.transsion.iotcard does not have enough permission. Returning empty list here.
04-12 20:44:08.651026  1135  1152 I mipc_lib: SEND MSGID=1409 [MIPC_LOC_LBS_SYNC_LOCATION_EM_CONFIG_REQ], TXID=0013 [binder:1135_2], DUMP=8419542400000000010009141300100000010400010000000101040000000000
04-12 20:44:08.656957  1135  1889 I mipc_lib: RECV MSGID=140a [MIPC_LOC_LBS_SYNC_LOCATION_EM_CONFIG_CNF], TXID=0013, DUMP=841954240000000001020A1413000800000004006A000000
04-12 20:44:09.007888  2685  3014 I ImsLocationHandler: proxyAppLocationGranted: false
04-12 20:44:09.028034  2685  3014 I ImsLocationHandler: isEccInProgress: false, redialECC: false
04-12 20:44:09.029074  2685  3014 E ImsLocationHandler: isGetLocationAlways: SIM not ready, use default carrier config
04-12 20:44:09.029168  2685  3014 I ImsLocationHandler: isGetLocationAlways: false
04-12 20:44:09.029807  2685  3014 W ImsLocationHandler: requestLocationFromNetworkLocation failed: is NOT in ECC & non-framework location proxy app is NOT granted
04-12 20:44:09.214360  2665  2665 I TranCAT : StkAthenaUploader: [reUploadCacheEvent] enable: false
04-12 20:44:09.233345  2665  2665 D SSCtr   : onDeviceIdleStateChanged isDeviceIdle=true
04-12 20:44:09.233382  2665  2665 D MtkDeviceStateMonitor: [phoneId0]isLowDataExpected mIsScreenOn = false mIsCharging = false mIsTetheringOn = false
04-12 20:44:09.234130  1342  1827 I AT      : SEND MSGID=041f [NW_SET_IDLE_HINT_REQ], TXID=0224 [RFXSender_4], DUMP=841954240000000001001F042402100000010100030000000101040000000000
04-12 20:44:09.234313  1342  1802 I AT      : SEND MSGID=0309 [INTERNAL_UNREGISTER_IND_REQ], TXID=0225 [RFXSender_0], DUMP=841954240000000001000903250208000001020007490000
04-12 20:44:09.234389  1342  1803 I AT      : SEND MSGID=0309 [INTERNAL_UNREGISTER_IND_REQ], TXID=0226 [RFXSender_12], DUMP=841954240000000002000903260208000001020007490000
04-12 20:44:09.234427  1342  1840 I AT      : SEND MSGID=041f [NW_SET_IDLE_HINT_REQ], TXID=0227 [RFXSender_16], DUMP=841954240000000002001F042702100000010100030000000101040000000000
04-12 20:44:09.237710  2665  2665 I RILJ    : [0239]> SET_UNSOLICITED_RESPONSE_FILTER 32 [PHONE0]
04-12 20:44:09.237872  2665  2665 D MtkDeviceStateMonitor: [phoneId1]isLowDataExpected mIsScreenOn = false mIsCharging = false mIsTetheringOn = false
04-12 20:44:09.240368  1342  1740 I AT      : RECV MSGID=030a [INTERNAL_UNREGISTER_IND_CNF], TXID=0225, DUMP=841954240000000001020A03250208000000040000000000
04-12 20:44:09.240582  1342  1802 I AT      : SEND MSGID=0309 [INTERNAL_UNREGISTER_IND_REQ], TXID=0228 [RFXSender_0], DUMP=841954240000000001000903280208000001020013420000
04-12 20:44:09.240974  1342  1740 I AT      : RECV MSGID=030a [INTERNAL_UNREGISTER_IND_CNF], TXID=0226, DUMP=841954240000000002020A03260208000000040000000000
04-12 20:44:09.241085  1342  1803 I AT      : SEND MSGID=0309 [INTERNAL_UNREGISTER_IND_REQ], TXID=0229 [RFXSender_12], DUMP=841954240000000002000903290208000001020013420000
04-12 20:44:09.241221  2665  6956 D MtkRILJ : [0240]> OEM_HOOK_STRINGS strings = AT+EGMC=1,"customize_q_rxlv_min",1,0,-61,-61 +EGMC  [PHONE0]
04-12 20:44:09.241345  1342  1740 I AT      : RECV MSGID=0420 [NW_SET_IDLE_HINT_CNF], TXID=0224, DUMP=8419542400000000010220042402100000000400000000000001010003000000
04-12 20:44:09.241509  1342  1805 D RpOemCtlr: [0] onHandleOemHookString, data[0] = AT+EGMC=1,"customize_q_rxlv_min",1,0,-61,-61
04-12 20:44:09.241649  1342  1824 I AT      : [0] AT> AT+EGMC=1,"customize_q_rxlv_min",1,0,-61,-61 (RIL_CMD_READER_1 tid:528047672256)
04-12 20:44:09.241669  1342  1824 I AT      : SEND MSGID=0003 [SYS_AT_REQ], TXID=022a [RFXSender_1], DUMP=8419542400000000010003002A02380000812D002A2A2A2A2A2A2A2A2A2A2A2A2A2A2A2A2A2A2A2A2A2A2A2A2A2A2A2A2A2A2A2A2A2A2A2A2A2A2A2A2A2A2A2A2A00000000000000
04-12 20:44:09.242358  2665  2665 I RILJ    : [0241]> SET_SIGNAL_STRENGTH_REPORTING_CRITERIA [PHONE0]
04-12 20:44:09.243333  1342  1740 I AT      : RECV MSGID=030a [INTERNAL_UNREGISTER_IND_CNF], TXID=0228, DUMP=841954240000000001020A03280208000000040000000000
04-12 20:44:09.243375  1342  1740 I AT      : RECV MSGID=030a [INTERNAL_UNREGISTER_IND_CNF], TXID=0229, DUMP=841954240000000002020A03290208000000040000000000
04-12 20:44:09.243467  1342  1802 I AT      : SEND MSGID=0309 [INTERNAL_UNREGISTER_IND_REQ], TXID=022b [RFXSender_0], DUMP=8419542400000000010009032B0208000001020002440000
04-12 20:44:09.243527  1342  1740 I AT      : RECV MSGID=0420 [NW_SET_IDLE_HINT_CNF], TXID=0227, DUMP=8419542400000000020220042702100000000400000000000001010003000000
04-12 20:44:09.245261  1342  1740 I AT      : RECV MSGID=030a [INTERNAL_UNREGISTER_IND_CNF], TXID=022b, DUMP=841954240000000001020A032B0208000000040000000000
04-12 20:44:09.245342  1342  1802 I AT      : SEND MSGID=0309 [INTERNAL_UNREGISTER_IND_REQ], TXID=022c [RFXSender_0], DUMP=8419542400000000010009032C0208000001020013440000
04-12 20:44:09.245510  1342  1740 I AT      : RECV MSGID=0004 [SYS_AT_CNF], TXID=022a, DUMP=8419542400000000010204002A0218000000040000000000008107002A2A2A2A2A2A2A0000000000
04-12 20:44:09.245804  1342  1824 I AT      : [0] AT< OK (RIL_CMD_READER_1, tid:528047672256)
04-12 20:44:09.245875  1342  1824 I AT      : SEND MSGID=049b [NW_SET_SIGNAL_REPORT_CRITERIA_REQ], TXID=022d [RFXSender_1], DUMP=841954240000000001009B042D02580000010100000000000101010001000000020101000100000003010400B80B00000401040002000000050129000000000000000000000000000000000000000000000000000000000000000000000000000000000000000000
04-12 20:44:09.246346  1342  1740 I AT      : RECV MSGID=030a [INTERNAL_UNREGISTER_IND_CNF], TXID=022c, DUMP=841954240000000001020A032C0208000000040000000000
04-12 20:44:09.246386  1342  1802 I AT      : SEND MSGID=0309 [INTERNAL_UNREGISTER_IND_REQ], TXID=022e [RFXSender_0], DUMP=8419542400000000010009032E020800000102001E440000
04-12 20:44:09.246431  2665  2971 I RILJ    : [0240]< OEM_HOOK_STRINGS {} [PHONE0]
04-12 20:44:09.247214  2665  2665 D SSCtr   : setSignalStrengthReportingCriteria consolidatedSignalThresholdInfos=[SignalThresholdInfo{mRan=1 mSignalMeasurementType=1 mHysteresisMs=3000 mHysteresisDb=2 mThresholds=[] mIsEnabled=false}, SignalThresholdInfo{mRan=2 mSignalMeasurementType=2 mHysteresisMs=3000 mHysteresisDb=2 mThresholds=[] mIsEnabled=false}, SignalThresholdInfo{mRan=3 mSignalMeasurementType=3 mHysteresisMs=3000 mHysteresisDb=2 mThresholds=[] mIsEnabled=false}, SignalThresholdInfo{mRan=3 mSignalMeasurementType=4 mHysteresisMs=3000 mHysteresisDb=2 mThresholds=[] mIsEnabled=false}, SignalThresholdInfo{mRan=3 mSignalMeasurementType=5 mHysteresisMs=3000 mHysteresisDb=2 mThresholds=[] mIsEnabled=false}, SignalThresholdInfo{mRan=6 mSignalMeasurementType=6 mHysteresisMs=3000 mHysteresisDb=2 mThresholds=[] mIsEnabled=false}, SignalThresholdInfo{mRan=6 mSignalMeasurementType=7 mHysteresisMs=3000 mHysteresisDb=2 mThresholds=[] mIsEnabled=false}, SignalThresholdInfo{mRan=6 mSignalMeasurementType=8 mHysteresisMs=3000 mHysteresisDb=2 mThresholds=[] mIsEnabled=false}, SignalThresholdInfo{mRan=2 mSignalMeasurementType=9 mHysteresisMs=3000 mHysteresisDb=2 mThresholds=[] mIsEnabled=false}]
04-12 20:44:09.247363  2665  2665 D NetworkTypeController: [0] LegacyState: process EVENT_PHYSICAL_CHANNEL_CONFIG_NOTIF_CHANGED
04-12 20:44:09.247794  1342  1740 I AT      : RECV MSGID=030a [INTERNAL_UNREGISTER_IND_CNF], TXID=022e, DUMP=841954240000000001020A032E0208000000040000000000
04-12 20:44:09.247851  1342  1802 I AT      : SEND MSGID=0309 [INTERNAL_UNREGISTER_IND_REQ], TXID=022f [RFXSender_0], DUMP=8419542400000000010009032F0208000001020017440000
04-12 20:44:09.248134  1342  1740 I AT      : RECV MSGID=049c [NW_SET_SIGNAL_REPORT_CRITERIA_CNF], TXID=022d, DUMP=841954240000000001029C042D0208000000040000000000
04-12 20:44:09.248220  1342  1824 I AT      : SEND MSGID=049b [NW_SET_SIGNAL_REPORT_CRITERIA_REQ], TXID=0230 [RFXSender_1], DUMP=841954240000000001009B043002580000010100000000000101010002000000020101000200000003010400B80B00000401040002000000050129000000000000000000000000000000000000000000000000000000000000000000000000000000000000000000
04-12 20:44:09.248585  2665  2665 D NetworkTypeController: [0] DefaultState: process EVENT_PHYSICAL_CHANNEL_CONFIG_NOTIF_CHANGED
04-12 20:44:09.248623  2665  2665 D NetworkTypeController: [0] mIsPhysicalChannelConfigOn changed to: false
04-12 20:44:09.248628  2665  2665 D NetworkTypeController: [0] Reset timers since physical channel config indications are off.
04-12 20:44:09.248678  2665  2665 D MtkNetworkTypeController: [Override]getCurrentOverrideNetworkType: 0
04-12 20:44:09.248701  2665  2665 D DIC-0   : dataNetworkType: 0, voiceNetworkType: 0, resultNetworkType: 0
04-12 20:44:09.248999  1342  1740 I AT      : RECV MSGID=030a [INTERNAL_UNREGISTER_IND_CNF], TXID=022f, DUMP=841954240000000001020A032F0208000000040000000000
04-12 20:44:09.249187  1342  1802 I AT      : SEND MSGID=0309 [INTERNAL_UNREGISTER_IND_REQ], TXID=0231 [RFXSender_0], DUMP=841954240000000001000903310208000001020018440000
04-12 20:44:09.250148  1342  1740 I AT      : RECV MSGID=030a [INTERNAL_UNREGISTER_IND_CNF], TXID=0231, DUMP=841954240000000001020A03310208000000040000000000
04-12 20:44:09.250216  1342  1802 I AT      : SEND MSGID=0309 [INTERNAL_UNREGISTER_IND_REQ], TXID=0232 [RFXSender_0], DUMP=841954240000000001000903320208000001020009440000
04-12 20:44:09.251010  1342  1740 I AT      : RECV MSGID=049c [NW_SET_SIGNAL_REPORT_CRITERIA_CNF], TXID=0230, DUMP=841954240000000001029C04300208000000040000000000
04-12 20:44:09.251047  1342  1740 I AT      : RECV MSGID=030a [INTERNAL_UNREGISTER_IND_CNF], TXID=0232, DUMP=841954240000000001020A03320208000000040000000000
04-12 20:44:09.251096  1342  1802 I AT      : SEND MSGID=047b [NW_SET_NW_IND_REPORT_LEVEL_REQ], TXID=0233 [RFXSender_0], DUMP=841954240000000001007B043302100000010100050000000101010005000000
04-12 20:44:09.251096  1342  1824 I AT      : SEND MSGID=049b [NW_SET_SIGNAL_REPORT_CRITERIA_REQ], TXID=0234 [RFXSender_1], DUMP=841954240000000001009B043402580000010100000000000101010003000000020101000300000003010400B80B00000401040002000000050129000000000000000000000000000000000000000000000000000000000000000000000000000000000000000000
04-12 20:44:09.251186  1526  1536 D TranRadioExt: setUnsolResponseFilter screen off, unregister mipc ind msg...
04-12 20:44:09.251242  1526  1536 I mipc_lib: SEND MSGID=0309 [INTERNAL_UNREGISTER_IND_REQ], TXID=000f [binder:1526_3], DUMP=8419542400000000100009030F0008000001020001400000
04-12 20:44:09.252584  1342  1740 I AT      : RECV MSGID=047c [NW_SET_NW_IND_REPORT_LEVEL_CNF], TXID=0233, DUMP=841954240000000001027C04330208000000040000000000
04-12 20:44:09.252716  1342  1802 I AT      : SEND MSGID=0309 [INTERNAL_UNREGISTER_IND_REQ], TXID=0235 [RFXSender_0], DUMP=841954240000000001000903350208000001020019440000
04-12 20:44:09.252891  1526  1702 I mipc_lib: RECV MSGID=030a [INTERNAL_UNREGISTER_IND_CNF], TXID=000f, DUMP=841954240000000010020A030F0008000000040000000000
04-12 20:44:09.252971  1526  1536 D TranRadioExt: mipc_msg_unregister_ind_api MIPC_SYS_AT_IND, slotid:0,return:0
04-12 20:44:09.253074  1526  1536 I mipc_lib: SEND MSGID=0309 [INTERNAL_UNREGISTER_IND_REQ], TXID=0010 [binder:1526_3], DUMP=841954240000000010000903100008000001020017420000
04-12 20:44:09.254648  1342  1740 I AT      : RECV MSGID=030a [INTERNAL_UNREGISTER_IND_CNF], TXID=0235, DUMP=841954240000000001020A03350208000000040000000000
04-12 20:44:09.254660  1526  1702 I mipc_lib: RECV MSGID=030a [INTERNAL_UNREGISTER_IND_CNF], TXID=0010, DUMP=841954240000000010020A03100008000000040000000000
04-12 20:44:09.254809  1342  1802 I AT      : SEND MSGID=0309 [INTERNAL_UNREGISTER_IND_REQ], TXID=0236 [RFXSender_0], DUMP=84195424000000000100090336020800000102001B440000
04-12 20:44:09.255039  1342  1740 I AT      : RECV MSGID=049c [NW_SET_SIGNAL_REPORT_CRITERIA_CNF], TXID=0234, DUMP=841954240000000001029C04340208000000040000000000
04-12 20:44:09.255100  1526  1536 D TranRadioExt: mipc_msg_unregister_ind_api MIPC_DATA_URSP_UE_POLICY_CHG_IND, slotid:0,return:0
04-12 20:44:09.255113  1342  1824 I AT      : SEND MSGID=049b [NW_SET_SIGNAL_REPORT_CRITERIA_REQ], TXID=0237 [RFXSender_1], DUMP=841954240000000001009B043702580000010100000000000101010003000000020101000400000003010400B80B00000401040002000000050129000000000000000000000000000000000000000000000000000000000000000000000000000000000000000000
04-12 20:44:09.255122  1526  1536 I mipc_lib: SEND MSGID=0309 [INTERNAL_UNREGISTER_IND_REQ], TXID=0011 [binder:1526_3], DUMP=841954240000000010000903110008000001020013420000
04-12 20:44:09.256238  1526  1702 I mipc_lib: RECV MSGID=030a [INTERNAL_UNREGISTER_IND_CNF], TXID=0011, DUMP=841954240000000010020A03110008000000040000000000
04-12 20:44:09.256294  1526  1536 D TranRadioExt: mipc_msg_unregister_ind_api MIPC_DATA_DSDA_STATE_IND, slotid:0,return:0
04-12 20:44:09.256321  1526  1536 I mipc_lib: SEND MSGID=0309 [INTERNAL_UNREGISTER_IND_REQ], TXID=0012 [binder:1526_3], DUMP=841954240000000020000903120008000001020001400000
04-12 20:44:09.256723  1342  1740 I AT      : RECV MSGID=030a [INTERNAL_UNREGISTER_IND_CNF], TXID=0236, DUMP=841954240000000001020A03360208000000040000000000
04-12 20:44:09.256874  1342  1802 I AT      : SEND MSGID=0309 [INTERNAL_UNREGISTER_IND_REQ], TXID=0238 [RFXSender_0], DUMP=84195424000000000100090338020800000102000D420000
04-12 20:44:09.257482  2665  2971 I RILJ    : [0239]< SET_UNSOLICITED_RESPONSE_FILTER  [PHONE0]
04-12 20:44:09.258009  1526  1702 I mipc_lib: RECV MSGID=030a [INTERNAL_UNREGISTER_IND_CNF], TXID=0012, DUMP=841954240000000020020A03120008000000040000000000
04-12 20:44:09.258143  1526  1536 D TranRadioExt: mipc_msg_unregister_ind_api MIPC_SYS_AT_IND, slotid:1,return:0
04-12 20:44:09.258169  1526  1536 I mipc_lib: SEND MSGID=0309 [INTERNAL_UNREGISTER_IND_REQ], TXID=0013 [binder:1526_3], DUMP=841954240000000020000903130008000001020017420000
04-12 20:44:09.259037  1342  1740 I AT      : RECV MSGID=030a [INTERNAL_UNREGISTER_IND_CNF], TXID=0238, DUMP=841954240000000001020A03380208000000040000000000
04-12 20:44:09.259100  1342  1740 I AT      : RECV MSGID=049c [NW_SET_SIGNAL_REPORT_CRITERIA_CNF], TXID=0237, DUMP=841954240000000001029C04370208000000040000000000
04-12 20:44:09.259176  1342  1824 I AT      : SEND MSGID=049b [NW_SET_SIGNAL_REPORT_CRITERIA_REQ], TXID=0239 [RFXSender_1], DUMP=841954240000000001009B043902580000010100000000000101010003000000020101000500000003010400B80B00000401040002000000050129000000000000000000000000000000000000000000000000000000000000000000000000000000000000000000
04-12 20:44:09.259256  1526  1702 I mipc_lib: RECV MSGID=030a [INTERNAL_UNREGISTER_IND_CNF], TXID=0013, DUMP=841954240000000020020A03130008000000040000000000
04-12 20:44:09.259307  1526  1536 D TranRadioExt: mipc_msg_unregister_ind_api MIPC_DATA_URSP_UE_POLICY_CHG_IND, slotid:1,return:0
04-12 20:44:09.259322  1526  1536 I mipc_lib: SEND MSGID=0309 [INTERNAL_UNREGISTER_IND_REQ], TXID=0014 [binder:1526_3], DUMP=841954240000000020000903140008000001020013420000
04-12 20:44:09.260635  1526  1702 I mipc_lib: RECV MSGID=030a [INTERNAL_UNREGISTER_IND_CNF], TXID=0014, DUMP=841954240000000020020A03140008000000040000000000
04-12 20:44:09.260787  1526  1536 D TranRadioExt: mipc_msg_unregister_ind_api MIPC_DATA_DSDA_STATE_IND, slotid:1,return:0
04-12 20:44:09.260919  1342  1740 I AT      : RECV MSGID=049c [NW_SET_SIGNAL_REPORT_CRITERIA_CNF], TXID=0239, DUMP=841954240000000001029C04390208000000040000000000
04-12 20:44:09.261055  1342  1824 I AT      : SEND MSGID=049b [NW_SET_SIGNAL_REPORT_CRITERIA_REQ], TXID=023a [RFXSender_1], DUMP=841954240000000001009B043A02580000010100000000000101010005000000020101000600000003010400B80B00000401040002000000050129000000000000000000000000000000000000000000000000000000000000000000000000000000000000000000
04-12 20:44:09.263700  1342  1740 I AT      : RECV MSGID=049c [NW_SET_SIGNAL_REPORT_CRITERIA_CNF], TXID=023a, DUMP=841954240000000001029C043A0208000000040000000000
04-12 20:44:09.263800  1342  1824 I AT      : SEND MSGID=049b [NW_SET_SIGNAL_REPORT_CRITERIA_REQ], TXID=023b [RFXSender_1], DUMP=841954240000000001009B043B02580000010100000000000101010005000000020101000700000003010400B80B00000401040002000000050129000000000000000000000000000000000000000000000000000000000000000000000000000000000000000000
04-12 20:44:09.273702  1342  1740 I AT      : RECV MSGID=049c [NW_SET_SIGNAL_REPORT_CRITERIA_CNF], TXID=023b, DUMP=841954240000000001029C043B0208000000040000000000
04-12 20:44:09.273821  1342  1824 I AT      : SEND MSGID=049b [NW_SET_SIGNAL_REPORT_CRITERIA_REQ], TXID=023c [RFXSender_1], DUMP=841954240000000001009B043C02580000010100000000000101010005000000020101000800000003010400B80B00000401040002000000050129000000000000000000000000000000000000000000000000000000000000000000000000000000000000000000
04-12 20:44:09.282747  1342  1740 I AT      : RECV MSGID=049c [NW_SET_SIGNAL_REPORT_CRITERIA_CNF], TXID=023c, DUMP=841954240000000001029C043C0208000000040000000000
04-12 20:44:09.282841  1342  1824 I AT      : SEND MSGID=049b [NW_SET_SIGNAL_REPORT_CRITERIA_REQ], TXID=023d [RFXSender_1], DUMP=841954240000000001009B043D02580000010100000000000101010002000000020101000900000003010400B80B00000401040002000000050129000000000000000000000000000000000000000000000000000000000000000000000000000000000000000000
04-12 20:44:09.284741  1342  1740 I AT      : RECV MSGID=049c [NW_SET_SIGNAL_REPORT_CRITERIA_CNF], TXID=023d, DUMP=841954240000000001029C043D0208000000040000000000
04-12 20:44:09.285047  2665  2971 I RILJ    : [0241]< SET_SIGNAL_STRENGTH_REPORTING_CRITERIA  [PHONE0]
04-12 20:44:09.418180  1342  1826 I AT      : SEND MSGID=cb01 [WFC_EPDG_SCREEN_STATE_NTF], TXID=ffff [RFXSender_3], DUMP=8419542400000000010001CBFFFF08000001010001000000
04-12 20:44:09.576255  1744  4460 D FeatureConnector: [LPPeService, 0] imsFeatureCreated: FeatureContainer{imsFeature=android.os.BinderProxy@8bfa07e, imsConfig=android.telephony.ims.aidl.IImsConfig$Stub$Proxy@bf1e9df, imsRegistration=android.telephony.ims.aidl.IImsRegistration$Stub$Proxy@cbcb62c, sipTransport=null, state=READY, capabilities = capabilities={ EMERGENCY_OVER_MMTEL SIMULTANEOUS_CALLING }}, subId: -1
04-12 20:44:09.576391  1744  4460 D FeatureConnector: [LPPeService, 0] imsStatusChanged: status=READY
04-12 20:44:09.576909  1744  4460 D FeatureConnector: [LPPeService, 1] imsFeatureCreated: FeatureContainer{imsFeature=android.os.BinderProxy@a550918, imsConfig=android.telephony.ims.aidl.IImsConfig$Stub$Proxy@f8a5f71, imsRegistration=android.telephony.ims.aidl.IImsRegistration$Stub$Proxy@9654156, sipTransport=null, state=READY, capabilities = capabilities={ EMERGENCY_OVER_MMTEL SIMULTANEOUS_CALLING }}, subId: -1
04-12 20:44:09.576955  1744  4460 D FeatureConnector: [LPPeService, 1] imsStatusChanged: status=READY
04-12 20:44:09.657198  1135  1152 I mipc_lib: SEND MSGID=1409 [MIPC_LOC_LBS_SYNC_LOCATION_EM_CONFIG_REQ], TXID=0014 [binder:1135_2], DUMP=8419542400000000010009141400100000010400010000000101040000000000
04-12 20:44:09.662650  1135  1889 I mipc_lib: RECV MSGID=140a [MIPC_LOC_LBS_SYNC_LOCATION_EM_CONFIG_CNF], TXID=0014, DUMP=841954240000000001020A1414000800000004006A000000
04-12 20:44:09.744089  2665  2971 E SMSVC   : getActiveSubscriptionInfoList: com.transsnet.store does not have enough permission. Returning empty list here.
04-12 20:44:10.663276  1135  1152 I mipc_lib: SEND MSGID=1409 [MIPC_LOC_LBS_SYNC_LOCATION_EM_CONFIG_REQ], TXID=0015 [binder:1135_2], DUMP=8419542400000000010009141500100000010400010000000101040000000000
04-12 20:44:10.668626  1135  1889 I mipc_lib: RECV MSGID=140a [MIPC_LOC_LBS_SYNC_LOCATION_EM_CONFIG_CNF], TXID=0015, DUMP=841954240000000001020A1415000800000004006A000000
04-12 20:44:11.199110  1744  2535 D TelephonyRegistry: listen oscl: mHasNotifySubscriptionInfoChangedOccurred==false no callback
04-12 20:44:11.548194  2665  3004 E SMSVC   : getActiveSubscriptionInfoList: com.transsion.deskclock does not have enough permission. Returning empty list here.
04-12 20:44:12.035531  2685  3014 I ImsLocationHandler: proxyAppLocationGranted: false
04-12 20:44:12.037437  2685  3014 I ImsLocationHandler: isEccInProgress: false, redialECC: false
04-12 20:44:12.037498  2685  3014 E ImsLocationHandler: isGetLocationAlways: SIM not ready, use default carrier config
04-12 20:44:12.037647  2685  3014 I ImsLocationHandler: isGetLocationAlways: false
04-12 20:44:12.038662  2685  3014 W ImsLocationHandler: requestLocationFromNetworkLocation failed: is NOT in ECC & non-framework location proxy app is NOT granted
04-12 20:44:13.972989  1744  2021 D TelephonyRegistry: listen oscl: mHasNotifySubscriptionInfoChangedOccurred==false no callback
04-12 20:44:14.640478  1744  3733 W TelephonyRegistry: Pid 1744 has exceeded half the number of permissible registered listeners. Now at 51
04-12 20:44:14.640491  1744  3733 D TelephonyRegistry: listen oscl: mHasNotifySubscriptionInfoChangedOccurred==false no callback
04-12 20:44:15.041023  2685  3014 I ImsLocationHandler: proxyAppLocationGranted: false
04-12 20:44:15.043106  2685  3014 I ImsLocationHandler: isEccInProgress: false, redialECC: false
04-12 20:44:15.043177  2685  3014 E ImsLocationHandler: isGetLocationAlways: SIM not ready, use default carrier config
04-12 20:44:15.043217  2685  3014 I ImsLocationHandler: isGetLocationAlways: false
04-12 20:44:15.046335  2685  3014 W ImsLocationHandler: requestLocationFromNetworkLocation failed: is NOT in ECC & non-framework location proxy app is NOT granted
04-12 20:44:18.050557  2685  3014 I ImsLocationHandler: proxyAppLocationGranted: false
04-12 20:44:18.051404  2685  3014 I ImsLocationHandler: isEccInProgress: false, redialECC: false
04-12 20:44:18.051535  2685  3014 E ImsLocationHandler: isGetLocationAlways: SIM not ready, use default carrier config
04-12 20:44:18.051562  2685  3014 I ImsLocationHandler: isGetLocationAlways: false
04-12 20:44:18.052194  2685  3014 W ImsLocationHandler: requestLocationFromNetworkLocation failed: is NOT in ECC & non-framework location proxy app is NOT granted
04-12 20:44:20.785029  2665  2928 E SMSVC   : getActiveSubscriptionInfoList: com.transsion.globalsearch does not have enough permission. Returning empty list here.
04-12 20:44:20.785245  2665  2679 E SMSVC   : getActiveSubscriptionInfoList: com.gallery20 does not have enough permission. Returning empty list here.
04-12 20:44:21.056503  2685  3014 I ImsLocationHandler: proxyAppLocationGranted: false
04-12 20:44:21.056994  2685  3014 I ImsLocationHandler: isEccInProgress: false, redialECC: false
04-12 20:44:21.057044  2685  3014 E ImsLocationHandler: isGetLocationAlways: SIM not ready, use default carrier config
04-12 20:44:21.057061  2685  3014 I ImsLocationHandler: isGetLocationAlways: false
04-12 20:44:21.057760  2685  3014 W ImsLocationHandler: requestLocationFromNetworkLocation failed: is NOT in ECC & non-framework location proxy app is NOT granted
04-12 20:44:22.399328  2665  3380 D MtkRILJ : [0242]> OEM_HOOK_STRINGS strings = AT+ESBP=5,"SBP_DR_SEARCH",1 +ESBP  [PHONE0]
04-12 20:44:22.400739  1342  1805 D RpOemCtlr: [0] onHandleOemHookString, data[0] = AT+ESBP=5,"SBP_DR_SEARCH",1
04-12 20:44:22.401000  1342  1824 I AT      : [0] AT> AT+ESBP=5,"SBP_DR_SEARCH",1 (RIL_CMD_READER_1 tid:528047672256)
04-12 20:44:22.401040  1342  1824 I AT      : SEND MSGID=0003 [SYS_AT_REQ], TXID=023e [RFXSender_1], DUMP=8419542400000000010003003E02200000811C002A2A2A2A2A2A2A2A2A2A2A2A2A2A2A2A2A2A2A2A2A2A2A2A2A2A2A2A
04-12 20:44:22.401472  2665  3380 D MtkRILJ : [0243]> OEM_HOOK_STRINGS strings = AT+ESBP=5,"SBP_DR_SEARCH",1 +ESBP  [PHONE1]
04-12 20:44:22.401763  1342  1805 D RpOemCtlr: [1] onHandleOemHookString, data[0] = AT+ESBP=5,"SBP_DR_SEARCH",1
