04-12 20:44:22.402468  1342  1837 I AT      : [1] AT> AT+ESBP=5,"SBP_DR_SEARCH",1 (RIL_CMD2_READER_1 tid:527661591488)
04-12 20:44:22.402493  1342  1837 I AT      : SEND MSGID=0003 [SYS_AT_REQ], TXID=023f [RFXSender_13], DUMP=8419542400000000020003003F02200000811C002A2A2A2A2A2A2A2A2A2A2A2A2A2A2A2A2A2A2A2A2A2A2A2A2A2A2A2A
04-12 20:44:22.411755  1342  1740 I AT      : RECV MSGID=0004 [SYS_AT_CNF], TXID=023e, DUMP=8419542400000000010204003E0218000000040000000000008107002A2A2A2A2A2A2A0000000000
04-12 20:44:22.411901  1342  1824 I AT      : [0] AT< OK (RIL_CMD_READER_1, tid:528047672256)
04-12 20:44:22.412509  2665  2679 I RILJ    : [0242]< OEM_HOOK_STRINGS {} [PHONE0]
04-12 20:44:22.415774  1342  1740 I AT      : RECV MSGID=0004 [SYS_AT_CNF], TXID=023f, DUMP=8419542400000000020204003F0218000000040000000000008107002A2A2A2A2A2A2A0000000000
04-12 20:44:22.415844  1342  1837 I AT      : [1] AT< OK (RIL_CMD2_READER_1, tid:527661591488)
04-12 20:44:22.417216  2665  2679 I RILJ    : [0243]< OEM_HOOK_STRINGS {} [PHONE1]
04-12 20:44:24.064672  2685  3014 I ImsLocationHandler: proxyAppLocationGranted: false
04-12 20:44:24.065659  2685  3014 I ImsLocationHandler: isEccInProgress: false, redialECC: false
04-12 20:44:24.065720  2685  3014 E ImsLocationHandler: isGetLocationAlways: SIM not ready, use default carrier config
04-12 20:44:24.065735  2685  3014 I ImsLocationHandler: isGetLocationAlways: false
04-12 20:44:24.066157  2685  3014 W ImsLocationHandler: requestLocationFromNetworkLocation failed: is NOT in ECC & non-framework location proxy app is NOT granted
04-12 20:44:27.072380  2685  3014 I ImsLocationHandler: proxyAppLocationGranted: false
04-12 20:44:27.073211  2685  3014 I ImsLocationHandler: isEccInProgress: false, redialECC: false
04-12 20:44:27.073269  2685  3014 E ImsLocationHandler: isGetLocationAlways: SIM not ready, use default carrier config
04-12 20:44:27.073313  2685  3014 I ImsLocationHandler: isGetLocationAlways: false
04-12 20:44:27.074285  2685  3014 W ImsLocationHandler: requestLocationFromNetworkLocation failed: is NOT in ECC & non-framework location proxy app is NOT granted
04-12 20:44:28.354010  2665  3589 D MtkRILJ : [0244]> OEM_HOOK_STRINGS strings = AT+EDMFAPP=21001,0,0 +EDMFAPP  [PHONE0]
04-12 20:44:28.354355  2665  3718 D MtkRILJ : [0245]> OEM_HOOK_STRINGS strings = AT+ESBP=7,"SBP_LTE_NBR_CELL_CA_PREFER" +ESBP  [PHONE0]
04-12 20:44:28.354576  1342  1805 D RpOemCtlr: [0] onHandleOemHookString, data[0] = AT+EDMFAPP=21001,0,0
04-12 20:44:28.355438  1342  1805 D RpOemCtlr: [0] onHandleOemHookString, data[0] = AT+ESBP=7,"SBP_LTE_NBR_CELL_CA_PREFER"
04-12 20:44:28.355939  1342  1824 I AT      : [0] AT> AT+EDMFAPP=21001,0,0 (RIL_CMD_READER_1 tid:528047672256)
04-12 20:44:28.355989  1342  1824 I AT      : SEND MSGID=0003 [SYS_AT_REQ], TXID=0240 [RFXSender_1], DUMP=84195424000000000100030040022000008115002A2A2A2A2A2A2A2A2A2A2A2A2A2A2A2A2A2A2A2A2A00000000000000
04-12 20:44:28.356415  2665  3717 D MtkRILJ : [0246]> OEM_HOOK_STRINGS strings = AT+ERFPD=20,20 +EDMFAPP  [PHONE0]
04-12 20:44:28.356898  2665  3882 D MtkRILJ : [0247]> OEM_HOOK_STRINGS strings = AT+ERFPD=20,20 +EDMFAPP  [PHONE1]
04-12 20:44:28.357209  2665  4269 D MtkRILJ : [0248]> OEM_HOOK_STRINGS strings = AT+EDMFAPP=21001,0,0 +EDMFAPP  [PHONE0]
04-12 20:44:28.357233  1342  1805 D RpOemCtlr: [0] onHandleOemHookString, data[0] = AT+ERFPD=20,20
04-12 20:44:28.357243  2665  3882 D MtkRILJ : [0250]> OEM_HOOK_STRINGS strings = AT+ERFPD=20,20 +EDMFAPP  [PHONE1]
04-12 20:44:28.357493  2665  5286 D MtkRILJ : [0249]> OEM_HOOK_STRINGS strings = AT+ERFPD=20,20 +EDMFAPP  [PHONE0]
04-12 20:44:28.357682  1342  1805 D RpOemCtlr: [1] onHandleOemHookString, data[0] = AT+ERFPD=20,20
04-12 20:44:28.357711  2665  5752 D MtkRILJ : [0251]> OEM_HOOK_STRINGS strings = AT+ESBP=7,"SBP_LTE_NBR_CELL_CA_PREFER" +ESBP  [PHONE0]
04-12 20:44:28.357748  1342  1805 D RpOemCtlr: [0] onHandleOemHookString, data[0] = AT+EDMFAPP=21001,0,0
04-12 20:44:28.357774  1342  1805 D RpOemCtlr: [1] onHandleOemHookString, data[0] = AT+ERFPD=20,20
04-12 20:44:28.357912  1342  1837 I AT      : [1] AT> AT+ERFPD=20,20 (RIL_CMD2_READER_1 tid:527661591488)
04-12 20:44:28.357936  1342  1837 I AT      : SEND MSGID=0003 [SYS_AT_REQ], TXID=0241 [RFXSender_13], DUMP=8419542400000000020003004102180000810F002A2A2A2A2A2A2A2A2A2A2A2A2A2A2A0000000000
04-12 20:44:28.358207  2665  3718 D MtkRILJ : [0253]> OEM_HOOK_STRINGS strings = AT+ESIMS? +ESIMS  [PHONE1]
04-12 20:44:28.358317  2665  3589 D MtkRILJ : [0252]> OEM_HOOK_STRINGS strings = AT+ESIMS? +ESIMS  [PHONE0]
04-12 20:44:28.358375  1342  1805 D RpOemCtlr: [0] onHandleOemHookString, data[0] = AT+ERFPD=20,20
04-12 20:44:28.358448  1342  1805 D RpOemCtlr: [0] onHandleOemHookString, data[0] = AT+ESBP=7,"SBP_LTE_NBR_CELL_CA_PREFER"
04-12 20:44:28.358583  2665  3717 D MtkRILJ : [0254]> OEM_HOOK_STRINGS strings = AT+EINFO=1082,1010,0 +EINFO  [PHONE0]
04-12 20:44:28.358698  1342  1805 D RpOemCtlr: [1] onHandleOemHookString, data[0] = AT+ESIMS?
04-12 20:44:28.358916  1342  1805 D RpOemCtlr: [0] onHandleOemHookString, data[0] = AT+ESIMS?
04-12 20:44:28.359416  1342  1805 D RpOemCtlr: [0] onHandleOemHookString, data[0] = AT+EINFO=1082,1010,0
04-12 20:44:28.362656  1342  1740 I AT      : RECV MSGID=0004 [SYS_AT_CNF], TXID=0241, DUMP=84195424000000000202040041021800000004000000000000810A002A2A2A2A2A2A2A2A2A2A0000
04-12 20:44:28.362851  1342  1837 I AT      : [1] AT< ERROR (RIL_CMD2_READER_1, tid:527661591488)
04-12 20:44:28.362881  1342  1837 E RmmOemHandler: [1] OEM_HOOK_STRINGS fail
04-12 20:44:28.362981  1342  1837 I AT      : [1] AT> AT+ERFPD=20,20 (RIL_CMD2_READER_1 tid:527661591488)
04-12 20:44:28.363002  1342  1837 I AT      : SEND MSGID=0003 [SYS_AT_REQ], TXID=0242 [RFXSender_13], DUMP=8419542400000000020003004202180000810F002A2A2A2A2A2A2A2A2A2A2A2A2A2A2A0000000000
04-12 20:44:28.363212  1342  1740 I AT      : RECV MSGID=0004 [SYS_AT_CNF], TXID=0240, DUMP=841954240000000001020400400218000000040000000000008107002A2A2A2A2A2A2A0000000000
04-12 20:44:28.363863  1342  1824 I AT      : [0] AT< OK (RIL_CMD_READER_1, tid:528047672256)
04-12 20:44:28.363917  2665  3004 I RILJ    : [0247]< OEM_HOOK_STRINGS error 2 [PHONE1]
04-12 20:44:28.363970  2665  3004 D RilRequest: [0247]< OEM_HOOK_STRINGS error: com.android.internal.telephony.CommandException: GENERIC_FAILURE ret={} result={ when=-52s156ms what=14 arg1=1 target=com.transsion.phone.dmf.DmfController$MyHandler }
04-12 20:44:28.363973  1342  1824 I AT      : [0] AT> AT+ESBP=7,"SBP_LTE_NBR_CELL_CA_PREFER" (RIL_CMD_READER_1 tid:528047672256)
04-12 20:44:28.363990  1342  1824 I AT      : SEND MSGID=0003 [SYS_AT_REQ], TXID=0243 [RFXSender_1], DUMP=84195424000000000100030043023000008127002A2A2A2A2A2A2A2A2A2A2A2A2A2A2A2A2A2A2A2A2A2A2A2A2A2A2A2A2A2A2A2A2A2A2A2A2A2A2A0000000000
04-12 20:44:28.364179  2665  3004 I RILJ    : [0244]< OEM_HOOK_STRINGS {} [PHONE0]
04-12 20:44:28.364780  1342  1740 I AT      : RECV MSGID=0004 [SYS_AT_CNF], TXID=0242, DUMP=84195424000000000202040042021800000004000000000000810A002A2A2A2A2A2A2A2A2A2A0000
04-12 20:44:28.364954  1342  1837 I AT      : [1] AT< ERROR (RIL_CMD2_READER_1, tid:527661591488)
04-12 20:44:28.365074  1342  1837 E RmmOemHandler: [1] OEM_HOOK_STRINGS fail
04-12 20:44:28.365172  1342  1837 I AT      : [1] AT> AT+ESIMS? (RIL_CMD2_READER_1 tid:527661591488)
04-12 20:44:28.365188  1342  1837 I AT      : SEND MSGID=0003 [SYS_AT_REQ], TXID=0244 [RFXSender_13], DUMP=8419542400000000020003004402100000810A002A2A2A2A2A2A2A2A2A2A0000
04-12 20:44:28.365920  2665  3004 I RILJ    : [0250]< OEM_HOOK_STRINGS error 2 [PHONE1]
04-12 20:44:28.366008  2665  3004 D RilRequest: [0250]< OEM_HOOK_STRINGS error: com.android.internal.telephony.CommandException: GENERIC_FAILURE ret={} result={ when=-52s158ms what=14 arg1=1 target=com.transsion.phone.dmf.DmfController$MyHandler }
04-12 20:44:28.367034  1342  1740 I AT      : RECV MSGID=0004 [SYS_AT_CNF], TXID=0243, DUMP=841954240000000001020400430220000000040000000000008113002A2A2A2A2A2A2A2A2A2A2A2A2A2A2A2A2A2A2A00
04-12 20:44:28.367130  1342  1824 I AT      : [0] AT< +ESBP: 1 (RIL_CMD_READER_1, tid:528047672256)
04-12 20:44:28.367149  1342  1824 I AT      : [0] AT< OK (RIL_CMD_READER_1, tid:528047672256)
04-12 20:44:28.367241  1342  1824 I AT      : [0] AT> AT+ERFPD=20,20 (RIL_CMD_READER_1 tid:528047672256)
04-12 20:44:28.367257  1342  1824 I AT      : SEND MSGID=0003 [SYS_AT_REQ], TXID=0245 [RFXSender_1], DUMP=8419542400000000010003004502180000810F002A2A2A2A2A2A2A2A2A2A2A2A2A2A2A0000000000
04-12 20:44:28.367783  2665  3004 I RILJ    : [0245]< OEM_HOOK_STRINGS {+ESBP: 1} [PHONE0]
04-12 20:44:28.367956  1342  1740 I AT      : RECV MSGID=0004 [SYS_AT_CNF], TXID=0244, DUMP=841954240000000002020400440220000000040000000000008114002A2A2A2A2A2A2A2A2A2A2A2A2A2A2A2A2A2A2A2A
04-12 20:44:28.368252  1342  1837 I AT      : [1] AT< +ESIMS: 0 (RIL_CMD2_READER_1, tid:527661591488)
04-12 20:44:28.368425  2665  6956 D MtkRILJ : [0255]> OEM_HOOK_STRINGS strings = AT+EDMFAPP=21001,31,1 +EDMFAPP  [PHONE0]
04-12 20:44:28.368515  1342  1740 I AT      : RECV MSGID=0004 [SYS_AT_CNF], TXID=0245, DUMP=84195424000000000102040045021800000004000000000000810A002A2A2A2A2A2A2A2A2A2A0000
04-12 20:44:28.368576  1342  1837 I AT      : [1] AT< OK (RIL_CMD2_READER_1, tid:527661591488)
04-12 20:44:28.368607  1342  1824 I AT      : [0] AT< ERROR (RIL_CMD_READER_1, tid:528047672256)
04-12 20:44:28.368631  1342  1824 E RmmOemHandler: [0] OEM_HOOK_STRINGS fail
04-12 20:44:28.368855  1342  1824 I AT      : [0] AT> AT+EDMFAPP=21001,0,0 (RIL_CMD_READER_1 tid:528047672256)
04-12 20:44:28.368977  1342  1805 D RpOemCtlr: [0] onHandleOemHookString, data[0] = AT+EDMFAPP=21001,31,1
04-12 20:44:28.369027  1342  1824 I AT      : SEND MSGID=0003 [SYS_AT_REQ], TXID=0246 [RFXSender_1], DUMP=84195424000000000100030046022000008115002A2A2A2A2A2A2A2A2A2A2A2A2A2A2A2A2A2A2A2A2A00000000000000
04-12 20:44:28.369043  2665  3004 I RILJ    : [0253]< OEM_HOOK_STRINGS {+ESIMS: 0} [PHONE1]
04-12 20:44:28.369126  2665  2971 I RILJ    : [0246]< OEM_HOOK_STRINGS error 2 [PHONE0]
04-12 20:44:28.369155  2665  2971 D RilRequest: [0246]< OEM_HOOK_STRINGS error: com.android.internal.telephony.CommandException: GENERIC_FAILURE ret={} result={ when=-52s161ms what=14 target=com.transsion.phone.dmf.DmfController$MyHandler }
04-12 20:44:28.378032  1342  1740 I AT      : RECV MSGID=0004 [SYS_AT_CNF], TXID=0246, DUMP=841954240000000001020400460218000000040000000000008107002A2A2A2A2A2A2A0000000000
04-12 20:44:28.378257  1342  1824 I AT      : [0] AT< OK (RIL_CMD_READER_1, tid:528047672256)
04-12 20:44:28.378364  1342  1824 I AT      : [0] AT> AT+ERFPD=20,20 (RIL_CMD_READER_1 tid:528047672256)
04-12 20:44:28.378404  1342  1824 I AT      : SEND MSGID=0003 [SYS_AT_REQ], TXID=0247 [RFXSender_1], DUMP=8419542400000000010003004702180000810F002A2A2A2A2A2A2A2A2A2A2A2A2A2A2A0000000000
04-12 20:44:28.378966  2665  3004 I RILJ    : [0248]< OEM_HOOK_STRINGS {} [PHONE0]
04-12 20:44:28.380254  1342  1740 I AT      : RECV MSGID=0004 [SYS_AT_CNF], TXID=0247, DUMP=84195424000000000102040047021800000004000000000000810A002A2A2A2A2A2A2A2A2A2A0000
04-12 20:44:28.380451  1342  1824 I AT      : [0] AT< ERROR (RIL_CMD_READER_1, tid:528047672256)
04-12 20:44:28.380504  1342  1824 E RmmOemHandler: [0] OEM_HOOK_STRINGS fail
04-12 20:44:28.380661  1342  1824 I AT      : [0] AT> AT+ESBP=7,"SBP_LTE_NBR_CELL_CA_PREFER" (RIL_CMD_READER_1 tid:528047672256)
04-12 20:44:28.380682  1342  1824 I AT      : SEND MSGID=0003 [SYS_AT_REQ], TXID=0248 [RFXSender_1], DUMP=84195424000000000100030048023000008127002A2A2A2A2A2A2A2A2A2A2A2A2A2A2A2A2A2A2A2A2A2A2A2A2A2A2A2A2A2A2A2A2A2A2A2A2A2A2A0000000000
04-12 20:44:28.381008  2665  3004 I RILJ    : [0249]< OEM_HOOK_STRINGS error 2 [PHONE0]
04-12 20:44:28.381070  2665  3004 D RilRequest: [0249]< OEM_HOOK_STRINGS error: com.android.internal.telephony.CommandException: GENERIC_FAILURE ret={} result={ when=-52s173ms what=14 target=com.transsion.phone.dmf.DmfController$MyHandler }
04-12 20:44:28.383917  1342  1740 I AT      : RECV MSGID=0004 [SYS_AT_CNF], TXID=0248, DUMP=841954240000000001020400480220000000040000000000008113002A2A2A2A2A2A2A2A2A2A2A2A2A2A2A2A2A2A2A00
04-12 20:44:28.384005  1342  1824 I AT      : [0] AT< +ESBP: 1 (RIL_CMD_READER_1, tid:528047672256)
04-12 20:44:28.384021  1342  1824 I AT      : [0] AT< OK (RIL_CMD_READER_1, tid:528047672256)
04-12 20:44:28.384175  1342  1824 I AT      : [0] AT> AT+ESIMS? (RIL_CMD_READER_1 tid:528047672256)
04-12 20:44:28.384216  1342  1824 I AT      : SEND MSGID=0003 [SYS_AT_REQ], TXID=0249 [RFXSender_1], DUMP=8419542400000000010003004902100000810A002A2A2A2A2A2A2A2A2A2A0000
04-12 20:44:28.384918  2665  3004 I RILJ    : [0251]< OEM_HOOK_STRINGS {+ESBP: 1} [PHONE0]
04-12 20:44:28.385631  2665  4269 D MtkRILJ : [0256]> OEM_HOOK_STRINGS strings = AT+EDMFAPP=21001,31,1 +EDMFAPP  [PHONE0]
04-12 20:44:28.386164  1342  1805 D RpOemCtlr: [0] onHandleOemHookString, data[0] = AT+EDMFAPP=21001,31,1
04-12 20:44:28.386705  1342  1740 I AT      : RECV MSGID=0004 [SYS_AT_CNF], TXID=0249, DUMP=841954240000000001020400490220000000040000000000008114002A2A2A2A2A2A2A2A2A2A2A2A2A2A2A2A2A2A2A2A
04-12 20:44:28.386943  1342  1824 I AT      : [0] AT< +ESIMS: 0 (RIL_CMD_READER_1, tid:528047672256)
04-12 20:44:28.386989  1342  1824 I AT      : [0] AT< OK (RIL_CMD_READER_1, tid:528047672256)
04-12 20:44:28.387079  1342  1824 I AT      : [0] AT> AT+EINFO=1082,1010,0 (RIL_CMD_READER_1 tid:528047672256)
04-12 20:44:28.387120  1342  1824 I AT      : SEND MSGID=0003 [SYS_AT_REQ], TXID=024a [RFXSender_1], DUMP=8419542400000000010003004A022000008115002A2A2A2A2A2A2A2A2A2A2A2A2A2A2A2A2A2A2A2A2A00000000000000
04-12 20:44:28.387269  2665  3004 I RILJ    : [0252]< OEM_HOOK_STRINGS {+ESIMS: 0} [PHONE0]
04-12 20:44:28.390167  1342  1740 I AT      : RECV MSGID=0004 [SYS_AT_CNF], TXID=024a, DUMP=8419542400000000010204004A0218000000040000000000008107002A2A2A2A2A2A2A0000000000
04-12 20:44:28.390394  1342  1824 I AT      : [0] AT< OK (RIL_CMD_READER_1, tid:528047672256)
04-12 20:44:28.390499  1342  1824 I AT      : [0] AT> AT+EDMFAPP=21001,31,1 (RIL_CMD_READER_1 tid:528047672256)
04-12 20:44:28.390515  1342  1824 I AT      : SEND MSGID=0003 [SYS_AT_REQ], TXID=024b [RFXSender_1], DUMP=8419542400000000010003004B022000008116002A2A2A2A2A2A2A2A2A2A2A2A2A2A2A2A2A2A2A2A2A2A000000000000
04-12 20:44:28.391315  2665  3004 I RILJ    : [0254]< OEM_HOOK_STRINGS {} [PHONE0]
04-12 20:44:28.392053  1342  1740 I AT      : RECV MSGID=4001 [SYS_AT_IND], TXID=ffff, DUMP=841954240000000001030140FFFF2000008116002A2A2A2A2A2A2A2A2A2A2A2A2A2A2A2A2A2A2A2A2A2A000000000000
04-12 20:44:28.392179  1342  1740 I AT      : RECV MSGID=0004 [SYS_AT_CNF], TXID=024b, DUMP=8419542400000000010204004B0218000000040000000000008107002A2A2A2A2A2A2A0000000000
04-12 20:44:28.392401  1342  1824 I AT      : [0] AT< OK (RIL_CMD_READER_1, tid:528047672256)
04-12 20:44:28.392599  1342  1824 I AT      : [0] AT> AT+EDMFAPP=21001,31,1 (RIL_CMD_READER_1 tid:528047672256)
04-12 20:44:28.392636  1342  1824 I AT      : SEND MSGID=0003 [SYS_AT_REQ], TXID=024c [RFXSender_1], DUMP=8419542400000000010003004C022000008116002A2A2A2A2A2A2A2A2A2A2A2A2A2A2A2A2A2A2A2A2A2A000000000000
04-12 20:44:28.393290  2665  3004 I RILJ    : [0255]< OEM_HOOK_STRINGS {} [PHONE0]
04-12 20:44:28.394707  1342  1740 I AT      : RECV MSGID=0004 [SYS_AT_CNF], TXID=024c, DUMP=8419542400000000010204004C0218000000040000000000008107002A2A2A2A2A2A2A0000000000
04-12 20:44:28.394804  1342  1824 I AT      : [0] AT< OK (RIL_CMD_READER_1, tid:528047672256)
04-12 20:44:28.395295  2665  3004 I RILJ    : [0256]< OEM_HOOK_STRINGS {} [PHONE0]
04-12 20:44:30.080582  2685  3014 I ImsLocationHandler: proxyAppLocationGranted: false
04-12 20:44:30.081271  2685  3014 I ImsLocationHandler: isEccInProgress: false, redialECC: false
04-12 20:44:30.081311  2685  3014 E ImsLocationHandler: isGetLocationAlways: SIM not ready, use default carrier config
04-12 20:44:30.081319  2685  3014 I ImsLocationHandler: isGetLocationAlways: false
04-12 20:44:30.081662  2685  3014 W ImsLocationHandler: requestLocationFromNetworkLocation failed: is NOT in ECC & non-framework location proxy app is NOT granted
04-12 20:44:33.084807  2685  3014 I ImsLocationHandler: proxyAppLocationGranted: false
04-12 20:44:33.086760  2685  3014 I ImsLocationHandler: isEccInProgress: false, redialECC: false
04-12 20:44:33.086789  2685  3014 E ImsLocationHandler: isGetLocationAlways: SIM not ready, use default carrier config
04-12 20:44:33.086852  2685  3014 I ImsLocationHandler: isGetLocationAlways: false
04-12 20:44:33.088445  2685  3014 W ImsLocationHandler: requestLocationFromNetworkLocation failed: is NOT in ECC & non-framework location proxy app is NOT granted
04-12 20:44:33.366339  2665  3882 D MtkRILJ : [0257]> OEM_HOOK_STRINGS strings = AT+EINFO=1082,1010,1 +EINFO  [PHONE0]
04-12 20:44:33.368736  1342  1805 D RpOemCtlr: [0] onHandleOemHookString, data[0] = AT+EINFO=1082,1010,1
04-12 20:44:33.370167  1342  1824 I AT      : [0] AT> AT+EINFO=1082,1010,1 (RIL_CMD_READER_1 tid:528047672256)
04-12 20:44:33.370321  1342  1824 I AT      : SEND MSGID=0003 [SYS_AT_REQ], TXID=024d [RFXSender_1], DUMP=8419542400000000010003004D022000008115002A2A2A2A2A2A2A2A2A2A2A2A2A2A2A2A2A2A2A2A2A00000000000000
04-12 20:44:33.376882  1342  1740 I AT      : RECV MSGID=0004 [SYS_AT_CNF], TXID=024d, DUMP=8419542400000000010204004D0218000000040000000000008107002A2A2A2A2A2A2A0000000000
04-12 20:44:33.377703  1342  1824 I AT      : [0] AT< OK (RIL_CMD_READER_1, tid:528047672256)
04-12 20:44:33.378638  2665  2928 I RILJ    : [0257]< OEM_HOOK_STRINGS {} [PHONE0]
04-12 20:44:34.028587  1340  1356 I mipc_lib: SEND MSGID=0065 [SYS_GET_ALL_THERMAL_INFO_REQ], TXID=000a [thermal_core], DUMP=8419542400000000010065000A000000
04-12 20:44:34.032234  1340  2117 I mipc_lib: RECV MSGID=0066 [SYS_GET_ALL_THERMAL_INFO_CNF], TXID=000a, DUMP=8419542400000000010266000A00180500000400000000000101010001000000020100000000000000000000FC7F0400FC7F080000000000B201000000000000FD7F0800010000009501000000000000FE7F0800020000008801000000000000FF7F0800030000008501000000000000030100000000000000000000E87F1400E87F3400010000000800000000000000554C205468726F74746C650000000000000000000000000000000000000000000000000000000000E97F3400020000001500000000000000545820504F5745522034470000000000000000000000000000000000000000000000000000000000EA7F340003000000FF000000FFFFFF00434320436F6E74726F6C000000000000000000000000000000000000000000000000000000000000EB7F340004000000000000000000000048656164737769746368000000000000000000000000000000000000000000000000000000000000EC7F340005000000000000000000000052415300000000000000000000000000000000000000000000000000000000000000000000000000ED7F3400060000000000000000000000545820504F5745522035472000000000000000000000000000000000000000000000000000000000EE7F340007000000010000000000000
04-12 20:44:34.722611  2665  3584 D CallManager: registerForMmiComplete
04-12 20:44:34.731618  2665  2665 I TranCAT : StkAthenaUploader: [reUploadCacheEvent] enable: true
04-12 20:44:36.091259  2685  3014 I ImsLocationHandler: proxyAppLocationGranted: false
04-12 20:44:36.092240  2685  3014 I ImsLocationHandler: isEccInProgress: false, redialECC: false
04-12 20:44:36.092271  2685  3014 E ImsLocationHandler: isGetLocationAlways: SIM not ready, use default carrier config
04-12 20:44:36.092310  2685  3014 I ImsLocationHandler: isGetLocationAlways: false
04-12 20:44:36.094142  2685  3014 W ImsLocationHandler: requestLocationFromNetworkLocation failed: is NOT in ECC & non-framework location proxy app is NOT granted
04-12 20:44:38.372011  2665  5752 D MtkRILJ : [0259]> OEM_HOOK_STRINGS strings = AT+ERFPD=20,20 +EDMFAPP  [PHONE1]
04-12 20:44:38.372513  2665  5286 D MtkRILJ : [0258]> OEM_HOOK_STRINGS strings = AT+ERFPD=20,20 +EDMFAPP  [PHONE0]
04-12 20:44:38.373831  1342  1805 D RpOemCtlr: [1] onHandleOemHookString, data[0] = AT+ERFPD=20,20
04-12 20:44:38.374205  1342  1805 D RpOemCtlr: [0] onHandleOemHookString, data[0] = AT+ERFPD=20,20
04-12 20:44:38.375221  1342  1837 I AT      : [1] AT> AT+ERFPD=20,20 (RIL_CMD2_READER_1 tid:527661591488)
04-12 20:44:38.375218  1342  1824 I AT      : [0] AT> AT+ERFPD=20,20 (RIL_CMD_READER_1 tid:528047672256)
04-12 20:44:38.375341  1342  1837 I AT      : SEND MSGID=0003 [SYS_AT_REQ], TXID=024f [RFXSender_13], DUMP=8419542400000000020003004F02180000810F002A2A2A2A2A2A2A2A2A2A2A2A2A2A2A0000000000
04-12 20:44:38.375346  1342  1824 I AT      : SEND MSGID=0003 [SYS_AT_REQ], TXID=024e [RFXSender_1], DUMP=8419542400000000010003004E02180000810F002A2A2A2A2A2A2A2A2A2A2A2A2A2A2A0000000000
04-12 20:44:38.381152  1342  1740 I AT      : RECV MSGID=0004 [SYS_AT_CNF], TXID=024f, DUMP=8419542400000000020204004F021800000004000000000000810A002A2A2A2A2A2A2A2A2A2A0000
04-12 20:44:38.382292  1342  1837 I AT      : [1] AT< ERROR (RIL_CMD2_READER_1, tid:527661591488)
04-12 20:44:38.382307  1342  1740 I AT      : RECV MSGID=0004 [SYS_AT_CNF], TXID=024e, DUMP=8419542400000000010204004E021800000004000000000000810A002A2A2A2A2A2A2A2A2A2A0000
04-12 20:44:38.382826  1342  1837 E RmmOemHandler: [1] OEM_HOOK_STRINGS fail
04-12 20:44:38.382945  1342  1824 I AT      : [0] AT< ERROR (RIL_CMD_READER_1, tid:528047672256)
04-12 20:44:38.383035  1342  1824 E RmmOemHandler: [0] OEM_HOOK_STRINGS fail
04-12 20:44:38.384573  2665  3802 I RILJ    : [0258]< OEM_HOOK_STRINGS error 2 [PHONE0]
04-12 20:44:38.384853  2665  3802 D RilRequest: [0258]< OEM_HOOK_STRINGS error: com.android.internal.telephony.CommandException: GENERIC_FAILURE ret={} result=null
04-12 20:44:38.385339  2665  2679 I RILJ    : [0259]< OEM_HOOK_STRINGS error 2 [PHONE1]
04-12 20:44:38.385537  2665  2679 D RilRequest: [0259]< OEM_HOOK_STRINGS error: com.android.internal.telephony.CommandException: GENERIC_FAILURE ret={} result=null
04-12 20:44:39.098172  2685  3014 I ImsLocationHandler: proxyAppLocationGranted: false
04-12 20:44:39.098768  2685  3014 I ImsLocationHandler: isEccInProgress: false, redialECC: false
04-12 20:44:39.098821  2685  3014 E ImsLocationHandler: isGetLocationAlways: SIM not ready, use default carrier config
04-12 20:44:39.098839  2685  3014 I ImsLocationHandler: isGetLocationAlways: false
04-12 20:44:39.100024  2685  3014 W ImsLocationHandler: requestLocationFromNetworkLocation failed: is NOT in ECC & non-framework location proxy app is NOT granted
04-12 20:44:42.107147  2685  3014 I ImsLocationHandler: proxyAppLocationGranted: false
04-12 20:44:42.109669  2685  3014 I ImsLocationHandler: isEccInProgress: false, redialECC: false
04-12 20:44:42.109930  2685  3014 E ImsLocationHandler: isGetLocationAlways: SIM not ready, use default carrier config
04-12 20:44:42.109988  2685  3014 I ImsLocationHandler: isGetLocationAlways: false
04-12 20:44:42.112532  2685  3014 W ImsLocationHandler: requestLocationFromNetworkLocation failed: is NOT in ECC & non-framework location proxy app is NOT granted
04-12 20:44:45.120300  2685  3014 I ImsLocationHandler: proxyAppLocationGranted: false
04-12 20:44:45.123517  2685  3014 I ImsLocationHandler: isEccInProgress: false, redialECC: false
04-12 20:44:45.123744  2685  3014 E ImsLocationHandler: isGetLocationAlways: SIM not ready, use default carrier config
04-12 20:44:45.123800  2685  3014 I ImsLocationHandler: isGetLocationAlways: false
04-12 20:44:45.127900  2685  3014 W ImsLocationHandler: requestLocationFromNetworkLocation failed: is NOT in ECC & non-framework location proxy app is NOT granted
04-12 20:44:48.133553  2685  3014 I ImsLocationHandler: proxyAppLocationGranted: false
04-12 20:44:48.135842  2685  3014 I ImsLocationHandler: isEccInProgress: false, redialECC: false
04-12 20:44:48.135990  2685  3014 E ImsLocationHandler: isGetLocationAlways: SIM not ready, use default carrier config
04-12 20:44:48.136115  2685  3014 I ImsLocationHandler: isGetLocationAlways: false
04-12 20:44:48.137561  2685  3014 W ImsLocationHandler: requestLocationFromNetworkLocation failed: is NOT in ECC & non-framework location proxy app is NOT granted
