04-12 20:44:07.176189  1744  2423 I StandbyHandler/TranJobStateMonitor: uid:10230,pkgName:@androidx.work.systemjobscheduler@com.google.android.apps.wellbeing/androidx.work.impl.background.systemjob.SystemJobService jobId:83 finish time:1970-01-01 08:00:30,duration:196
04-12 20:44:07.176909  1744  1955 I os.SecurityComLice: It's not protected pkg, userId: 0
04-12 20:44:07.177026  1744  2941 I START_DEBUG: remove BIND_TIMEOUT finish    ProcessRecord :ProcessRecord{5a9f2bb 6578:com.google.android.rkpdapp/u0a281}
04-12 20:44:07.182660  1744  4460 I SecurityComAccessService: isDisabledBySelf false
04-12 20:44:07.187989  1744  2488 D UsfSystemServer/appSceneHooker: action is empty in service bind status
04-12 20:44:07.189386  1744  2699 V AlarmManager: set(PendingIntent{ced01ef: PendingIntentRecord{55ad4fc com.google.android.gms/com.google.android.gms.reminders startService}}) : type=0 triggerAtTime=1776009600000 win=0 tElapsed=11783792 maxElapsed=11783792 interval=0 flags=0x21
04-12 20:44:07.193662  2451  5119 D TranAlarmAlignManager: alarmAlign system not ready:false,align:null
04-12 20:44:07.195487  1744  4103 I SecurityComAccessService: isDisabledBySelf false
04-12 20:44:07.198297  1744  4103 E MtkSecurityHelper: aidl teeGetDeviceLockInfo fail, errCode: -1
04-12 20:44:07.210190  1744  4460 E JobScheduler.JobStatus: App com.google.android.apps.wellbeing became active but still in NEVER bucket
04-12 20:44:07.215080  1744  2532 D UsbDeviceManager: schedule or cancel restart mtp service is called with isSchedule=false, intent=null
04-12 20:44:07.215917  1744  2941 I SecurityComAccessService: isDisabledBySelf false
04-12 20:44:07.218559  1744  4486 V AlarmManager: set(PendingIntent{37217e8: PendingIntentRecord{4d0e01 com.scorpio.securitycom broadcastIntent}}) : type=2 triggerAtTime=86431009 win=0 tElapsed=86431009 maxElapsed=86431009 interval=0 flags=0x5
04-12 20:44:07.226504  2451  5183 D TranAlarmAlignManager: alarmAlign system not ready:false,align:null
04-12 20:44:07.227074  1744  2533 I UsfSystemServer/appSceneHooker: duplicate service bind status, skip
04-12 20:44:07.231473  1744  4454 D CompatChangeReporter: Compat change id reported: 319212206; UID 10133; state: ENABLED
04-12 20:44:07.241206  1744  4454 E MtkSecurityHelper: aidl teeGetDeviceLockInfo fail, errCode: -1
04-12 20:44:07.242020  1744  4455 D CompatChangeReporter: Compat change id reported: 297989574; UID 10133; state: ENABLED
04-12 20:44:07.247161  1744  2941 E MtkSecurityHelper: aidl teeGetDeviceLockInfo fail, errCode: -1
04-12 20:44:07.252924  1744  2119 V AlarmManager: Checking for alarms... rtc=1775997847252, elapsed=31045
04-12 20:44:07.253666  1744  2119 V AlarmManager: Triggering alarm #0: Alarm{3196cf6 type 2 origWhen 31045 whenElapsed 31045 com.google.android.networkstack}
04-12 20:44:07.253725  1744  2119 V AlarmManager: sending alarm Alarm{3196cf6 type 2 origWhen 31045 whenElapsed 31045 com.google.android.networkstack}
04-12 20:44:07.253814  1744  2119 V AlarmManager: Alarm to uid=1073 listener=android.os.BinderProxy@820d9cd
04-12 20:44:07.253885  1744  2119 D AlarmManager: mBroadcastRefCount -> 1
04-12 20:44:07.254737  1744  2533 E MtkSecurityHelper: aidl teeGetDeviceLockInfo fail, errCode: -1
04-12 20:44:07.258054  1744  4460 I AlarmManager: alarmComplete() from android.os.BinderProxy@820d9cd
04-12 20:44:07.258119  1744  4460 D AlarmManager: mBroadcastRefCount -> 0
04-12 20:44:07.258830  1744  1940 D CompatChangeReporter: Compat change id reported: 151861875; UID 10111; state: ENABLED
04-12 20:44:07.265713  1744  4454 I UsfSystemServer/appSceneHooker: duplicate service bind status, skip
04-12 20:44:07.266377  1744  1941 I ActivityManager: Start proc 6550:com.transsion.dualapp/u0a111 for broadcast {com.transsion.dualapp/com.transsion.dualapp.BootReceiver}
04-12 20:44:07.267692  1744  1941 I START_DEBUG: send START_TIMEOUT message    ProcessRecord :ProcessRecord{7439fef 6550:com.transsion.dualapp/u0a111}
04-12 20:44:07.267710  1744  1941 I ActivityManager: ProcessObserver broadcast disabled
04-12 20:44:07.276670  3883  6621 E ActivityThread: Failed to find provider info for subscribedfeeds
04-12 20:44:07.292512  1744  4488 V ActivityManager: New death recipient com.android.server.am.ActivityManagerService$AppDeathRecipient@f9342ad for thread android.os.BinderProxy@ed249e2
04-12 20:44:07.295322  6550  6650 I ActivityThread:  enable system monitor for package: com.transsion.dualapp
04-12 20:44:07.297223  6528  6577 W PowerProfile: ambient.on is deprecated! Use ambient.on.display0 instead.
04-12 20:44:07.297297  6528  6577 W PowerProfile: screen.on is deprecated! Use screen.on.display0 instead.
04-12 20:44:07.297312  6528  6577 W PowerProfile: screen.full is deprecated! Use screen.full.display0 instead.
04-12 20:44:07.297368  6528  6577 W ModemPowerProfile: getAverageBatteryDrainMaH called with unexpected key: 0x0, drain:SLEEP,RAT:DEFAULT
04-12 20:44:07.297380  6550  6650 D TranClassInfo: instance successfully. com.transsion.common.thubutils.AppProperties@40cb92c from com.transsion.hubsdk.thubutils.IAppProperties
04-12 20:44:07.297405  6528  6577 W ModemPowerProfile: getAverageBatteryDrainMaH called with unexpected key: 0x10000000, drain:IDLE,RAT:DEFAULT
04-12 20:44:07.297422  6528  6577 W ModemPowerProfile: getAverageBatteryDrainMaH called with unexpected key: 0x20000000, drain:RX,RAT:DEFAULT
04-12 20:44:07.297442  6528  6577 W ModemPowerProfile: getAverageBatteryDrainMaH called with unexpected key: 0x30000000, drain:TX,level:0,RAT:DEFAULT
04-12 20:44:07.297459  6528  6577 W ModemPowerProfile: getAverageBatteryDrainMaH called with unexpected key: 0x31000000, drain:TX,level:1,RAT:DEFAULT
04-12 20:44:07.297467  6528  6577 W ModemPowerProfile: getAverageBatteryDrainMaH called with unexpected key: 0x32000000, drain:TX,level:2,RAT:DEFAULT
04-12 20:44:07.297466  6550  6650 I AppProperties: enter initialize com.transsion.dualapp
04-12 20:44:07.297474  6528  6577 W ModemPowerProfile: getAverageBatteryDrainMaH called with unexpected key: 0x33000000, drain:TX,level:3,RAT:DEFAULT
04-12 20:44:07.297481  6528  6577 W ModemPowerProfile: getAverageBatteryDrainMaH called with unexpected key: 0x34000000, drain:TX,level:4,RAT:DEFAULT
04-12 20:44:07.297565  6550  6650 I AppProperties: readAllPropFiles directoryPath=/system_ext/etc/vconfig/com.transsion.dualapp/
04-12 20:44:07.297614  6550  6650 I AppProperties: enter readPropFiles count=0
04-12 20:44:07.297620  6550  6650 I AppProperties: readAllPropFiles directoryPath=/tr_product/etc/vconfig/com.transsion.dualapp/
04-12 20:44:07.297632  6550  6650 I AppProperties: enter readPropFiles count=0
04-12 20:44:07.297636  6550  6650 I AppProperties: readAllPropFiles directoryPath=/tr_region/etc/vconfig/com.transsion.dualapp/
04-12 20:44:07.297646  6550  6650 I AppProperties: enter readPropFiles count=0
04-12 20:44:07.297649  6550  6650 I AppProperties: readAllPropFiles directoryPath=/tr_carrier/etc/vconfig/com.transsion.dualapp/
04-12 20:44:07.297655  6550  6650 I AppProperties: enter readPropFiles count=0
04-12 20:44:07.297658  6550  6650 I AppProperties: readAllPropFiles directoryPath=/tr_company/etc/vconfig/com.transsion.dualapp/
04-12 20:44:07.297664  6550  6650 I AppProperties: enter readPropFiles count=0
04-12 20:44:07.297668  6550  6650 I AppProperties: readAllPropFiles directoryPath=/tranfs/etc/vconfig/com.transsion.dualapp/
04-12 20:44:07.297712  6550  6650 I AppProperties: enter readPropFiles count=0
04-12 20:44:07.297791  6528  6577 D TranClassInfo: instance successfully. com.transsion.hubcore.view.TranDisplayImpl@fa21f16 from com.transsion.hubcore.view.ITranDisplay
04-12 20:44:07.298656  1744  4488 I START_DEBUG: send BINDTIMEOUT    ProcessRecord :ProcessRecord{7439fef 6550:com.transsion.dualapp/u0a111}
04-12 20:44:07.298907  1744  4488 I START_DEBUG: remove START_TIMEOUT finish    ProcessRecord :ProcessRecord{7439fef 6550:com.transsion.dualapp/u0a111}
04-12 20:44:07.298970  1744  4103 V ActivityManager: Death received in com.android.server.am.ActivityManagerService$AppDeathRecipient@64f348b for thread android.os.BinderProxy@3de968
04-12 20:44:07.299091  1744  4488 D os.ActivityManagerServiceLice: make process active com.transsion.dualapp(6550)
04-12 20:44:07.303538  2451  2522 I Usf_Hiber/appStateMachine: TranAppStateMachine initial
04-12 20:44:07.303646  2451  2516 I Usf_Hiber/appStateMachine: uid:10111 enter DefaultState
04-12 20:44:07.303693  2451  2516 I Usf_Hiber/appStateMachine: uid:10111 enter RunningState
04-12 20:44:07.305309  6550  6550 E SystemMonitorUtils:  error to open /dev/ensignal file e=android.system.ErrnoException: open failed: EACCES (Permission denied)
04-12 20:44:07.305371  6550  6550 E SystemMonitorUtils:  error to open /dev/ensignal file e=android.system.ErrnoException: open failed: EACCES (Permission denied)
04-12 20:44:07.305649   648  3040 I keystore2: system/security/keystore2/src/database.rs:1236 - is_backup_support str="1"
04-12 20:44:07.305920  2728  6656 W ContextImpl: Calling a method in the system process without a qualified user: android.app.ContextImpl.bindService:2215 android.content.ContextWrapper.bindService:891 com.transsion.tranradionet.exts.tce.poi_v2.TranAdvertisingIdClient.getAdvertisingIdInfo:57 com.transsion.tranradionet.exts.tce.poi_v2.TranDeviceInfo.$r8$lambda$v5MhdtdPQa9BgVPw_QZkroWfdf8:54 com.transsion.tranradionet.exts.tce.poi_v2.TranDeviceInfo$$ExternalSyntheticLambda0.run:0 
04-12 20:44:07.311825  1744  2423 I StandbyHandler/TranJobStateMonitor: uid:10232,pkgName:@SyncManager@com.google.android.gms.reminders/com.google:android jobId:4 finish time:1970-01-01 08:00:31,duration:147
04-12 20:44:07.313838  1744  2941 I ActivityManager: checkedOptions.getThunderBackSupport() = false, packageName = com.google.android.apps.wellbeing , thunderbackUserId = 0
04-12 20:44:07.313867  1744  2941 I TranCustomizedTransitionAnimController: TranDynamicBarAnimControllerImpl setFromDynamicIslandToWindow pkgName:com.google.android.apps.wellbeing
04-12 20:44:07.313875  1744  2941 I TranCustomizedTransitionAnimController: start setFromDynamicIslandToWindow startFromDynamicIsland:false targetPkgName:null
04-12 20:44:07.313881  1744  2941 I TranCustomizedTransitionAnimController: end setFromDynamicIslandToWindow mDynamicIslandPkgName:com.google.android.apps.wellbeing mStartFromDynamicIsland:false
04-12 20:44:07.316158   648   678 I keystore2: system/security/keystore2/src/database.rs:1236 - is_backup_support str="1"
04-12 20:44:07.317030  1744  4488 V AlarmManager: set(PendingIntent{edb7424: PendingIntentRecord{d5a69f4 com.google.android.gms/com.google.android.gms.platformconfigurator startService}}) : type=3 triggerAtTime=300000 win=201668 tElapsed=300000 maxElapsed=501668 interval=0 flags=0x0
04-12 20:44:07.321972  1744  4103 I ActivityManager: Process com.autotest.factory_reset_stress (pid 6438) has died: cch+5 CEM 
04-12 20:44:07.322386  1744  4103 D os.ActivityManagerServiceLice: make process inactive com.autotest.factory_reset_stress(6438)
04-12 20:44:07.322663  1744  4103 I START_DEBUG: remove ALL_TIMEOUT cleanup   ProcessRecord :ProcessRecord{a52ff9f 6438:com.autotest.factory_reset_stress/1000}
04-12 20:44:07.325226  1744  1946 D ActivityTaskManager_Recents: Skipping, user setup not complete: Task{e75495b #6 type=undefined A=10188:com.transsion.magazineservice.xos nonResizable}
04-12 20:44:07.326092  1744  1946 I griffin_dfx_process_died: ApplicationExitInfo(timestamp=2026/4/12 20:44 pid=6438 realUid=1000 packageUid=1000 definingUid=1000 user=0 process=com.autotest.factory_reset_stress reason=2 (SIGNALED) subreason=0 (UNKNOWN) status=9 importance=400 pss=0.00 rss=0.00 description=null state=empty trace=null exitInfoExt=TranApplicationExitInfoExt{mRecentid=-1, mIsMainProcess=true, mVmsize=-1, mVmlock=-1, mVmHWM=-1, mVmRss=-1, mRssAnon=-1, mRssFile=-1, mRssShmem=-1, mVmSwap=-1, mWorkingState=2, mSchedGroup=-1, mOomAdj=-1, mHostingType='-1, mAlivetime=-1, mIsHiber=false, mHibertime=-1, mHiberReason='-1, mLruReason='-1}
04-12 20:44:07.329842  1744  1744 D UsfSystemServer/appSceneHooker: action is empty in service bind status
04-12 20:44:07.331299  1744  1744 D MBrainLocalService: notifyAppLifeCycle failed
04-12 20:44:07.333766  1744  2941 D Griffin/filterReceiveBroadcast: not limit Intent { act=com.google.android.apps.wellbeing.action.WIRLESS_POWER_CHARGING_FENCE cat=[] dat= typ=*/* flg=0x10 xflg=0x4 pkg=com.google.android.apps.wellbeing cmp=com.google.android.apps.wellbeing/.fences.power.WirelessPowerFenceReceiver_Receiver clip={text/vnd.android.intent hasLabel(0) {I:xflg=0x4}} (has extras) } for resultTo not null
04-12 20:44:07.337669  1744  2534 E tranpm/ProcessDataInstance: hasLaunchIcon: packageName = null
04-12 20:44:07.337747  1744  2534 E tranpm/ProcessDataInstance: hasLaunchIcon: packageName = null
04-12 20:44:07.344622  1744  4460 W ActivityManager: Unable to start service Intent { act=com.google.android.gms.lockbox.service.START xflg=0x4 pkg=com.google.android.gms } U=0: not found
04-12 20:44:07.349600  2451  5404 D TranAlarmAlignManager: alarmAlign system not ready:false,align:null
04-12 20:44:07.350008  1744  4455 V AlarmManager: set(null) : type=2 triggerAtTime=60926 win=22351 tElapsed=60926 maxElapsed=83277 interval=0 flags=0x0
04-12 20:44:07.350212  2451  5404 D TranAlarmAlignManager: alarmAlign system not ready:false,align:null
04-12 20:44:07.353150  1744  2488 V AlarmManager: set(PendingIntent{163558f: PendingIntentRecord{6f7301c com.transsion.aivoiceassistant broadcastIntent}}) : type=0 triggerAtTime=1776021084350 win=0 tElapsed=23268142 maxElapsed=23268142 interval=0 flags=0x1
04-12 20:44:07.359381  1744  4460 W ActivityManager: Unbind failed: could not find connection for android.os.BinderProxy@1b4eda1
04-12 20:44:07.369723  2451  5404 D TranAlarmAlignManager: alarmAlign system not ready:false,align:null
04-12 20:44:07.371554  1744  4488 V AlarmManager: set(PendingIntent{a7e85aa: PendingIntentRecord{14e59b com.transsion.aivoiceassistant broadcastIntent}}) : type=0 triggerAtTime=1776602647370 win=0 tElapsed=604831163 maxElapsed=604831163 interval=0 flags=0x1
04-12 20:44:07.374756  2451  5183 D TranAlarmAlignManager: alarmAlign system not ready:false,align:null
04-12 20:44:07.393628  1744  2535 I START_DEBUG: remove BIND_TIMEOUT finish    ProcessRecord :ProcessRecord{7439fef 6550:com.transsion.dualapp/u0a111}
04-12 20:44:07.395122  1744  4410 D UsfSystemServer/appSceneHooker: action is empty in service bind status
04-12 20:44:07.396128  1744  2423 I StandbyHandler/TranJobStateMonitor: uid:10281,pkgName:@androidx.work.systemjobscheduler@com.google.android.rkpdapp/androidx.work.impl.background.systemjob.SystemJobService jobId:20 start time:1970-01-01 08:00:31
04-12 20:44:07.432202  1744  1941 I ActivityManager: Start proc 6630:com.transsion.tranfacmode/1000 for broadcast {com.transsion.tranfacmode/com.transsion.tranfacmode.receiver.boot.BootReceiver}
04-12 20:44:07.443776  1744  1941 I START_DEBUG: send START_TIMEOUT message    ProcessRecord :ProcessRecord{fea9c79 6630:com.transsion.tranfacmode/1000}
04-12 20:44:07.444152  1744  1941 I ActivityManager: ProcessObserver broadcast disabled
04-12 20:44:07.483998   648   678 E keystore2: system/security/keystore2/src/service.rs:171 - get_key_entry error: system/security/keystore2/src/service.rs:166: while trying to load key info.
04-12 20:44:07.483998   648   678 E keystore2: 
04-12 20:44:07.483998   648   678 E keystore2: Caused by:
04-12 20:44:07.483998   648   678 E keystore2:     0: Legacy database is empty.
04-12 20:44:07.483998   648   678 E keystore2:     1: Error::Rc(r#KEY_NOT_FOUND)
04-12 20:44:07.484063   648   678 I keystore2: system/security/keystore2/src/database.rs:1236 - is_backup_support str="1"
04-12 20:44:07.484431  1744  3084 V ActivityManager: New death recipient com.android.server.am.ActivityManagerService$AppDeathRecipient@6d837f6 for thread android.os.BinderProxy@960f7f7
04-12 20:44:07.491333   648   678 E keystore2: system/security/keystore2/src/service.rs:171 - get_key_entry error: system/security/keystore2/src/service.rs:166: while trying to load key info.
04-12 20:44:07.491333   648   678 E keystore2: 
04-12 20:44:07.491333   648   678 E keystore2: Caused by:
04-12 20:44:07.491333   648   678 E keystore2:     0: Legacy database is empty.
04-12 20:44:07.491333   648   678 E keystore2:     1: Error::Rc(r#KEY_NOT_FOUND)
04-12 20:44:07.491377   648   678 I keystore2: system/security/keystore2/src/database.rs:1236 - is_backup_support str="1"
04-12 20:44:07.492399  1744  4103 D BiometricService: Sensor ID(4), oemStrength: 4095, updatedStrength: 4095, modality 8, state: 0, cookie: 0, sensorId 4, hasEnrollments: false cannot participate in Keystore operations
04-12 20:44:07.492589  1744  4103 D TranFingerprintComponentImpl: isSystemCloneUser userId = 0
04-12 20:44:07.492687  1744  4103 D TranFingerprintComponentImpl: isSystemCloneUser userId = 0
04-12 20:44:07.492761  1744  4103 D TranFingerprintComponentImpl: isSystemCloneUser userId = 0
04-12 20:44:07.492842  1744  3084 D CompatChangeReporter: Compat change id reported: 151861875; UID 1000; state: ENABLED
04-12 20:44:07.492905  1744  4103 D BiometricService: Sensor ID(5), oemStrength: 15, updatedStrength: 15, modality 2, state: 0, cookie: 0, sensorId 5, hasEnrollments: false cannot participate in Keystore operations
04-12 20:44:07.493585   648   678 E keystore2: system/security/keystore2/src/service.rs:171 - get_key_entry error: system/security/keystore2/src/service.rs:166: while trying to load key info.
04-12 20:44:07.493585   648   678 E keystore2: 
04-12 20:44:07.493585   648   678 E keystore2: Caused by:
04-12 20:44:07.493585   648   678 E keystore2:     0: Legacy database is empty.
04-12 20:44:07.493585   648   678 E keystore2:     1: Error::Rc(r#KEY_NOT_FOUND)
04-12 20:44:07.493617   648   678 I keystore2: system/security/keystore2/src/database.rs:1236 - is_backup_support str="1"
04-12 20:44:07.494814  4014  4298 W ContextImpl: Calling a method in the system process without a qualified user: android.app.ContextImpl.bindService:2215 android.content.ContextWrapper.bindService:891 lj3.a:39 qj3.g:5 qj3.handleMessage:40 
04-12 20:44:07.494990  6630  6695 I ActivityThread:  enable system monitor for package: com.transsion.tranfacmode
04-12 20:44:07.496853  6630  6695 D TranClassInfo: instance successfully. com.transsion.common.thubutils.AppProperties@40cb92c from com.transsion.hubsdk.thubutils.IAppProperties
04-12 20:44:07.497001  6630  6695 I AppProperties: enter initialize com.transsion.tranfacmode
04-12 20:44:07.497143  6630  6695 I AppProperties: readAllPropFiles directoryPath=/system_ext/etc/vconfig/com.transsion.tranfacmode/
04-12 20:44:07.497629  1744  3084 I START_DEBUG: send BINDTIMEOUT    ProcessRecord :ProcessRecord{fea9c79 6630:com.transsion.tranfacmode/1000}
04-12 20:44:07.497666  1744  3084 I START_DEBUG: remove START_TIMEOUT finish    ProcessRecord :ProcessRecord{fea9c79 6630:com.transsion.tranfacmode/1000}
04-12 20:44:07.497750  1744  3084 D os.ActivityManagerServiceLice: make process active com.transsion.tranfacmode(6630)
04-12 20:44:07.500981  6630  6695 I AppProperties: enter readPropFiles count=0
04-12 20:44:07.501038  6630  6695 I AppProperties: readAllPropFiles directoryPath=/tr_product/etc/vconfig/com.transsion.tranfacmode/
04-12 20:44:07.501081  6630  6695 I AppProperties: enter readPropFiles count=0
04-12 20:44:07.501110  6630  6695 I AppProperties: readAllPropFiles directoryPath=/tr_region/etc/vconfig/com.transsion.tranfacmode/
04-12 20:44:07.501143  6630  6695 I AppProperties: enter readPropFiles count=0
04-12 20:44:07.501151  6630  6695 I AppProperties: readAllPropFiles directoryPath=/tr_carrier/etc/vconfig/com.transsion.tranfacmode/
04-12 20:44:07.501164  6630  6695 I AppProperties: enter readPropFiles count=0
04-12 20:44:07.501170  6630  6695 I AppProperties: readAllPropFiles directoryPath=/tr_company/etc/vconfig/com.transsion.tranfacmode/
04-12 20:44:07.501180  6630  6695 I AppProperties: enter readPropFiles count=0
04-12 20:44:07.501185  6630  6695 I AppProperties: readAllPropFiles directoryPath=/tranfs/etc/vconfig/com.transsion.tranfacmode/
04-12 20:44:07.501218  6630  6695 I AppProperties: enter readPropFiles count=0
04-12 20:44:07.503390  6630  6630 E SystemMonitorUtils:  error to open /dev/ensignal file e=android.system.ErrnoException: open failed: EACCES (Permission denied)
04-12 20:44:07.503446  6630  6630 E SystemMonitorUtils:  error to open /dev/ensignal file e=android.system.ErrnoException: open failed: EACCES (Permission denied)
04-12 20:44:07.504051  1744  4460 D CompatChangeReporter: Compat change id reported: 311208629; UID 10111; state: ENABLED
04-12 20:44:07.516979  6700  6700 I VirtualizationService: virtualizationservice::maintenance: Failed to find a Secretkeeper instance; skipping secret management
04-12 20:44:07.518744  1744  2070 W BroadcastLoopers: Found previously unknown looper Thread[appscheduling.default,5,main]
04-12 20:44:07.519520  6700  6700 I VirtualizationService: virtualizationservice: Registered Binder service android.system.virtualizationservice.
04-12 20:44:07.521223  6700  6700 I VirtualizationService: virtualizationservice: Registered Binder service android.hardware.security.keymint.IRemotelyProvisionedComponent/avf.
04-12 20:44:07.521774  6700  6700 I VirtualizationService: virtualizationservice: Registered Binder service android.system.virtualizationmaintenance.
04-12 20:44:07.526572  6700  6709 E VirtualizationService: avflog: Status(-7, EX_UNSUPPORTED_OPERATION): 'Remote attestation is disabled'
04-12 20:44:07.530736  1744  2699 V AlarmManager: set(PendingIntent{94dea39: PendingIntentRecord{fe3e4ad com.google.android.gms/com.google.android.gms.scheduler broadcastIntent}}) : type=3 triggerAtTime=32314 win=0 tElapsed=36323 maxElapsed=36323 interval=0 flags=0x0
04-12 20:44:07.559471  2451  5183 D TranAlarmAlignManager: alarmAlign system not ready:false,align:null
04-12 20:44:07.563365  1744  4454 D CompatChangeReporter: Compat change id reported: 297989574; UID 10250; state: ENABLED
04-12 20:44:07.567917  2451  2807 I Usf_Hiber/stateManager: unfreeze uid: 10160 com.transsion.iotcard pids:[4924]  reason:broadcast   cpninfo:android.net.conn.CONNECTIVITY_CHANGE # 1000 costTime=1ms ,last freeze 0s ago
04-12 20:44:07.568148  1744  1940 I tranpm/BroadcastPolicy: isBlockHs3 false
04-12 20:44:07.568901  2451  2516 I Usf_Hiber/appStateMachine: uid=10160, pkg=com.transsion.iotcard, transition from Frozen to Running, reason=broadcast
04-12 20:44:07.568962  2451  2516 I Usf_Hiber/appStateMachine: uid:10160 exit FrozenState
04-12 20:44:07.569357  2451  2517 I Usf_Hiber/proxyManager: up_service: 10160
04-12 20:44:07.569497  2451  2517 I Usf_Hiber/proxyManager: up_sensor: uid=10160, pkgName=com.transsion.iotcard
04-12 20:44:07.569534  2451  2517 I Usf_Usf/binderProxyBridge: up_binder: uid=10160, pkgName=com.transsion.iotcard
04-12 20:44:07.569835  1744  4103 I UsfSystemServer/TranUsfAppInternal: un_job: 10160
04-12 20:44:07.569954  1744  4103 D Hiber/alarmManagerServiceExtImpl: unproxyAlarms leave, uid=10160, packageName=null
04-12 20:44:07.570023  1744  1940 I tranpm/BroadcastPolicy: isBlockHs3 true
04-12 20:44:07.570042  1744  1940 I tranpm/BroadcastPolicy: limitDispatchReceivers by freeze: callingPackage = android, targetPkg = com.transsion.iotcard action = android.net.conn.CONNECTIVITY_CHANGE
04-12 20:44:07.570289  1744  2533 V AlarmManager: set(null) : type=2 triggerAtTime=629389 win=0 tElapsed=629389 maxElapsed=629389 interval=0 flags=0x21
04-12 20:44:07.570406  1744  1940 I tranpm/BroadcastPolicy: isBlockHs3 true
04-12 20:44:07.570420  1744  1940 I tranpm/BroadcastPolicy: limitDispatchReceivers by freeze: callingPackage = android, targetPkg = com.transsion.iotcard action = android.net.conn.CONNECTIVITY_CHANGE
04-12 20:44:07.571365  4811  4811 W ContextImpl: Calling a method in the system process without a qualified user: android.app.ContextImpl.startService:2106 android.content.ContextWrapper.startService:855 android.content.ContextWrapper.startService:855 com.transsion.batterylab.BootBroadcastReceiver.onReceive:58 android.app.ActivityThread.handleReceiver:5199 
04-12 20:44:07.571532  2451  2509 E Usf_Hiber/cgroup: read wchan, error:/proc/4924/wchan
04-12 20:44:07.571608  2451  2509 I Usf_Hiber/cgroup: postUnfreeze: uid=10160, isolateUid=[], packageName=com.transsion.iotcard, pids=[4924], isolatePids=[], wchan=
04-12 20:44:07.571953  2451  2522 I Usf_Hiber/hiber: unPorxyWakeLock: uid=10160
04-12 20:44:07.572164  1744  4410 D Hiber/proxyWakeLock: remove uid: 10160 wiht all pids from wakelockUidInfo list
04-12 20:44:07.577706  2451  5183 D TranAlarmAlignManager: alarmAlign system not ready:false,align:null
04-12 20:44:07.594672  1744  3084 V AlarmManager: set(PendingIntent{1c5f9ea: PendingIntentRecord{86ce4db com.google.android.gms/com.google.android.gms.tapandpay startService}}) : type=2 triggerAtTime=315360031384 win=3600000 tElapsed=315360031384 maxElapsed=315363631384 interval=0 flags=0x0
04-12 20:44:07.601422  2451  5183 D TranAlarmAlignManager: alarmAlign system not ready:false,align:null
04-12 20:44:07.607654  1744  2535 I TranCustomizedTransitionAnimController: TranDynamicBarAnimControllerImpl setFromDynamicIslandToWindow pkgName:com.google.android.gms
04-12 20:44:07.607684  1744  2535 I TranCustomizedTransitionAnimController: end setFromDynamicIslandToWindow mDynamicIslandPkgName:com.google.android.gms mStartFromDynamicIsland:false
04-12 20:44:07.610317  1744  2533 V AlarmManager: set(PendingIntent{10ea2af: PendingIntentRecord{b26c6bc com.google.android.gms/com.google.android.gms.location_base broadcastIntent}}) : type=2 triggerAtTime=44999 win=80000 tElapsed=44999 maxElapsed=124999 interval=0 flags=0x0
04-12 20:44:07.619892  2451  5183 D TranAlarmAlignManager: alarmAlign system not ready:false,align:null
04-12 20:44:07.620530  1744  2423 I StandbyHandler/TranJobStateMonitor: uid:10281,pkgName:@androidx.work.systemjobscheduler@com.google.android.rkpdapp/androidx.work.impl.background.systemjob.SystemJobService jobId:20 finish time:1970-01-01 08:00:31,duration:224
04-12 20:44:07.623267  1744  4454 D UsfSystemServer/appSceneHooker: action is empty in service bind status
04-12 20:44:07.645369  1744  2533 D ActivityTaskManager: isControllerAMonkey mController = null,mControllerIsAMonkey = false
04-12 20:44:07.646292  1744  2533 D PackageManager: Instant App installer not found with android.intent.action.INSTALL_INSTANT_APP_PACKAGE
04-12 20:44:07.646335  1744  2533 D PackageManager: Clear ephemeral installer activity
04-12 20:44:07.650921  1744  4103 D ActivityTaskManager: isControllerAMonkey mController = null,mControllerIsAMonkey = false
04-12 20:44:07.656223  1744  4103 D PackageManager: Instant App installer not found with android.intent.action.INSTALL_INSTANT_APP_PACKAGE
04-12 20:44:07.656247  1744  4103 D PackageManager: Clear ephemeral installer activity
04-12 20:44:07.660403  1744  2535 D ActivityTaskManager: isControllerAMonkey mController = null,mControllerIsAMonkey = false
04-12 20:44:07.661809  1744  2423 I StandbyHandler/TranJobStateMonitor: uid:10230,pkgName:com.google.android.apps.wellbeing/.autodnd.impl.AutoDndJobService jobId:1 finish time:1970-01-01 08:00:31,duration:514
04-12 20:44:07.665494  1744  2535 D UsfSystemServer/appSceneHooker: action is empty in service bind status
04-12 20:44:07.667231  1744  2535 V AlarmManager: set(null) : type=2 triggerAtTime=804761 win=579976 tElapsed=804761 maxElapsed=1384737 interval=0 flags=0x0
04-12 20:44:07.667382  2434  5761 D TranClassInfo: instance successfully. com.transsion.hubcore.app.TranNotificationImpl@9536a1d from com.transsion.hubcore.app.ITranNotification
04-12 20:44:07.670092  1744  4103 V SettingsProvider: name : tran_board_temperature appId : 1000
04-12 20:44:07.671359  2451  5183 D TranAlarmAlignManager: alarmAlign system not ready:false,align:null
04-12 20:44:07.674173  1744  2533 D CompatChangeReporter: Compat change id reported: 297989574; UID 1000; state: ENABLED
04-12 20:44:07.675928  1744  2052 D NotificationService: areNotificationsEnabledForPackage pkg=com.google.android.gms, uid=10232 enabled = true
04-12 20:44:07.680473  1744  2423 I StandbyHandler/TranJobStateMonitor: uid:10230,pkgName:@androidx.work.systemjobscheduler@com.google.android.apps.wellbeing/androidx.work.impl.background.systemjob.SystemJobService jobId:84 finish time:1970-01-01 08:00:31,duration:606
04-12 20:44:07.681530  1744  2052 D UsfSystemServer/appSceneHooker: action is empty in service bind status
04-12 20:44:07.684950  1744  4454 D NotificationService: areNotificationsEnabledForPackage pkg=com.google.android.gms, uid=10232 enabled = true
04-12 20:44:07.690702  1744  4454 I os.notification: tranImportance = 14,muteTime = 9223372036854775807 ,currentTime = 1775997847690 ,pkg -> com.google.android.gms currentImportance =3 ,appGroup=0
04-12 20:44:07.690887  1744  4454 D os.notification.pre:  add StatusBarNotification 64982908 current size 1
04-12 20:44:07.690957  1744  4454 D os.notification: onEnqueueNotificationInternal wait before
04-12 20:44:07.705919  1744  2096 D os.notification.pre:  add Runnable 236424918 with StatusBarNotification 64982908 current size 1
04-12 20:44:07.706024  1744  2096 D os.notification: onEnqueueNotificationInternal notifyAll
04-12 20:44:07.706154  1744  4454 D os.notification: onEnqueueNotificationInternal wait after
04-12 20:44:07.706197  1744  4454 D os.notification: onEnqueueNotificationInternal StatusBarNotification:StatusBarNotification(pkg=com.google.android.gms user=UserHandle{0} id=1000 tag=a:GMSCORE_STORE_RENDERER:11be35c183260000:107718207925398475592 key=0|com.google.android.gms|1000|a:GMSCORE_STORE_RENDERER:11be35c183260000:107718207925398475592|10232: Notification(channel=com.google.android.gms.notifications::SECURITY_ALERTS shortcut=null contentView=null vibrate=null sound=null tick defaults=0 flags=LOCAL_ONLY color=0x00000000 actions=1 vis=PRIVATE publicVersion=Notification(channel=null shortcut=null contentView=null vibrate=null sound=null defaults=0 flags=0 color=0x00000000 vis=PRIVATE))) callingUid:10232 sn:2 res:true
04-12 20:44:07.712340  1744  2228 D os.notification.pre:  remove Runnable 236424918 with StatusBarNotification 64982908 for puppet run current size 0
04-12 20:44:07.725371  1744  2533 D CompatChangeReporter: Compat change id reported: 311402873; UID 10250; state: ENABLED
04-12 20:44:07.725432  1744  2533 D CompatChangeReporter: Compat change id reported: 323349338; UID 10250; state: ENABLED
04-12 20:44:07.728977  1744  4454 D Griffin/filterReceiveBroadcast: not limit Intent { act=com.google.android.libraries.storage.protostore.SIGNAL_ACTION dat=android://com.google.android.gms/... flg=0x10000010 xflg=0x4 pkg=com.google.android.gms } for resultTo not null
04-12 20:44:07.746477  1744  2052 V AlarmManager: set(PendingIntent{2b37c28: PendingIntentRecord{fe3e4ad com.google.android.gms/com.google.android.gms.scheduler broadcastIntent}}) : type=3 triggerAtTime=32383 win=0 tElapsed=36538 maxElapsed=36538 interval=0 flags=0x0
04-12 20:44:07.753184  1744  4454 I UsfSystemServer/appSceneHooker: duplicate service bind status, skip
04-12 20:44:07.757964  2451  5183 D TranAlarmAlignManager: alarmAlign system not ready:false,align:null
04-12 20:44:07.758070  1744  4454 V AlarmManager: set(PendingIntent{5286c3b: PendingIntentRecord{3d23f58 com.google.android.gms/com.google.android.gms.stats startService}}) : type=3 triggerAtTime=2073927 win=5400000 tElapsed=2073927 maxElapsed=7473927 interval=7200000 flags=0x0
04-12 20:44:07.761364  2451  5183 D TranAlarmAlignManager: alarmAlign system not ready:false,align:null
04-12 20:44:07.781344  1744  4103 V AlarmManager: set(PendingIntent{dd82e2a: PendingIntentRecord{fe3e4ad com.google.android.gms/com.google.android.gms.scheduler broadcastIntent}}) : type=3 triggerAtTime=32383 win=0 tElapsed=36573 maxElapsed=36573 interval=0 flags=0x0
04-12 20:44:07.782530  2451  5404 D TranAlarmAlignManager: alarmAlign system not ready:false,align:null
04-12 20:44:07.785267  1744  4103 I tranpm/ServicePolicy: limitBindServiceLocked by systemSence - cold: callingPackage = com.android.vending, targetPkg = com.android.vending
04-12 20:44:07.786057  1744  2533 W ActivityManager: Unbind failed: could not find connection for android.os.BinderProxy@198a41b
04-12 20:44:07.802935  1744  4103 V AlarmManager: set(PendingIntent{2b5fbe7: PendingIntentRecord{fe3e4ad com.google.android.gms/com.google.android.gms.scheduler broadcastIntent}}) : type=3 triggerAtTime=32383 win=0 tElapsed=36595 maxElapsed=36595 interval=0 flags=0x0
04-12 20:44:07.803538  2451  5404 D TranAlarmAlignManager: alarmAlign system not ready:false,align:null
04-12 20:44:07.823961  1744  4460 V AlarmManager: set(PendingIntent{9933019: PendingIntentRecord{fe3e4ad com.google.android.gms/com.google.android.gms.scheduler broadcastIntent}}) : type=3 triggerAtTime=32383 win=0 tElapsed=36616 maxElapsed=36616 interval=0 flags=0x0
04-12 20:44:07.833131  2451  5404 D TranAlarmAlignManager: alarmAlign system not ready:false,align:null
04-12 20:44:07.875339  1744  2052 I UsfSystemServer/appSceneHooker: duplicate service bind status, skip
04-12 20:44:07.923422  1744  2228 I NotifAttentionHelper: buzzBeepBlinkLocked , NotificationRecord key=0|com.google.android.gms|1000|a:GMSCORE_STORE_RENDERER:11be35c183260000:107718207925398475592|10232, shouldMuteReason=0x8000, canPlaySound=true, canPlayVibration=true, beep=false, buzz=false, hasValidSound=true, hasValidVibrate=false, vibrateOnly=false
04-12 20:44:07.929358  1744  2228 D NotificationService: notification = StatusBarNotification(pkg=com.google.android.gms user=UserHandle{0} id=1000 tag=a:GMSCORE_STORE_RENDERER:11be35c183260000:107718207925398475592 key=0|com.google.android.gms|1000|a:GMSCORE_STORE_RENDERER:11be35c183260000:107718207925398475592|10232: Notification(channel=com.google.android.gms.notifications::SECURITY_ALERTS shortcut=null contentView=null vibrate=null sound=null tick defaults=0 flags=LOCAL_ONLY color=0x00000000 actions=1 vis=PRIVATE publicVersion=Notification(channel=null shortcut=null contentView=null vibrate=null sound=null defaults=0 flags=0 color=0x00000000 vis=PRIVATE))); and importance = 3; and isMediaNotification = false
04-12 20:44:07.933075  1744  2228 D NotificationService: notifyListenersPostedAndLogLocked, NotificationRecord key=0|com.google.android.gms|1000|a:GMSCORE_STORE_RENDERER:11be35c183260000:107718207925398475592|10232
04-12 20:44:07.939633  1744  2228 W NotificationHistory: Attempted to add notif for locked/gone/disabled user 0
04-12 20:44:07.945750  1744  4103 D NotificationService: areNotificationsEnabledForPackage pkg=com.google.android.gms, uid=10232 enabled = true
04-12 20:44:07.970089  3808  3808 D TranClassInfo: instance successfully. com.transsion.hubcore.app.TranNotificationImpl@e4089af from com.transsion.hubcore.app.ITranNotification
04-12 20:44:07.970934  1744  4454 V AlarmManager: set(PendingIntent{d29f9a0: PendingIntentRecord{fe3e4ad com.google.android.gms/com.google.android.gms.scheduler broadcastIntent}}) : type=3 triggerAtTime=32383 win=0 tElapsed=36763 maxElapsed=36763 interval=0 flags=0x0
04-12 20:44:07.983185  2451  5183 D TranAlarmAlignManager: alarmAlign system not ready:false,align:null
04-12 20:44:07.990870  1744  4103 D ActivityTaskManager: isControllerAMonkey mController = null,mControllerIsAMonkey = false
04-12 20:44:08.005720  2451  2519 I Usf_Hiber/nativeServiceClient: check sync_binder uid=10160
04-12 20:44:08.019710  1744  4103 V AlarmManager: set(PendingIntent{8e43ef5: PendingIntentRecord{fe3e4ad com.google.android.gms/com.google.android.gms.scheduler broadcastIntent}}) : type=3 triggerAtTime=32383 win=0 tElapsed=36812 maxElapsed=36812 interval=0 flags=0x0
04-12 20:44:08.020920  2451  5183 D TranAlarmAlignManager: alarmAlign system not ready:false,align:null
04-12 20:44:08.030238  1744  4454 V AlarmManager: set(PendingIntent{40f232e: PendingIntentRecord{fe3e4ad com.google.android.gms/com.google.android.gms.scheduler broadcastIntent}}) : type=3 triggerAtTime=32383 win=0 tElapsed=36822 maxElapsed=36822 interval=0 flags=0x0
04-12 20:44:08.031657  2451  5404 D TranAlarmAlignManager: alarmAlign system not ready:false,align:null
04-12 20:44:08.046170  1744  2535 V AlarmManager: set(PendingIntent{c178a63: PendingIntentRecord{fe3e4ad com.google.android.gms/com.google.android.gms.scheduler broadcastIntent}}) : type=3 triggerAtTime=32383 win=0 tElapsed=36838 maxElapsed=36838 interval=0 flags=0x0
04-12 20:44:08.046465  2451  5404 D TranAlarmAlignManager: alarmAlign system not ready:false,align:null
04-12 20:44:08.054958  1744  2535 V AlarmManager: set(PendingIntent{acfd08e: PendingIntentRecord{fe3e4ad com.google.android.gms/com.google.android.gms.scheduler broadcastIntent}}) : type=3 triggerAtTime=32383 win=0 tElapsed=36847 maxElapsed=36847 interval=0 flags=0x0
04-12 20:44:08.055229  2451  5404 D TranAlarmAlignManager: alarmAlign system not ready:false,align:null
04-12 20:44:08.081684  3883  4503 W FileUtils: Failed to chmod(/data/user/0/com.google.android.gsf/files): android.system.ErrnoException: chmod failed: ENOENT (No such file or directory)
04-12 20:44:08.085122  1744  2535 V AlarmManager: set(PendingIntent{849e925: PendingIntentRecord{fe3e4ad com.google.android.gms/com.google.android.gms.scheduler broadcastIntent}}) : type=3 triggerAtTime=32400 win=0 tElapsed=36877 maxElapsed=36877 interval=0 flags=0x0
04-12 20:44:08.086739  2451  5404 D TranAlarmAlignManager: alarmAlign system not ready:false,align:null
04-12 20:44:08.098194   648   678 E keystore2: system/security/keystore2/src/service.rs:171 - get_key_entry error: system/security/keystore2/src/service.rs:166: while trying to load key info.
04-12 20:44:08.098194   648   678 E keystore2: 
04-12 20:44:08.098194   648   678 E keystore2: Caused by:
04-12 20:44:08.098194   648   678 E keystore2:     0: Legacy database is empty.
04-12 20:44:08.098194   648   678 E keystore2:     1: Error::Rc(r#KEY_NOT_FOUND)
04-12 20:44:08.098258   648   678 I keystore2: system/security/keystore2/src/database.rs:1236 - is_backup_support str="1"
04-12 20:44:08.098662   648   678 E keystore2: system/security/keystore2/src/service.rs:171 - get_key_entry error: system/security/keystore2/src/service.rs:166: while trying to load key info.
04-12 20:44:08.098662   648   678 E keystore2: 
04-12 20:44:08.098662   648   678 E keystore2: Caused by:
04-12 20:44:08.098662   648   678 E keystore2:     0: Legacy database is empty.
04-12 20:44:08.098662   648   678 E keystore2:     1: Error::Rc(r#KEY_NOT_FOUND)
04-12 20:44:08.098699   648   678 I keystore2: system/security/keystore2/src/database.rs:1236 - is_backup_support str="1"
04-12 20:44:08.101473  1744  2534 V AlarmManager: set(PendingIntent{b6b629b: PendingIntentRecord{fe3e4ad com.google.android.gms/com.google.android.gms.scheduler broadcastIntent}}) : type=3 triggerAtTime=32400 win=0 tElapsed=36893 maxElapsed=36893 interval=0 flags=0x0
04-12 20:44:08.102485  2451  5404 D TranAlarmAlignManager: alarmAlign system not ready:false,align:null
04-12 20:44:08.129247  1744  4460 I StatusBarManagerService: disableLocked some feature ,what = 2097152 ,displayId = 0 ,pkg = com.transsion.tranfacmode ,net1 = 18874368 ,net2= 0 ,userId = 0 ,token = android.os.BinderProxy@cd83eb2 ,whichFlag = 1 ,state.disableEquals = false
04-12 20:44:08.130920  1744  4460 I StatusBarManagerService: disableLocked some feature ,what = 0 ,displayId = 0 ,pkg = com.transsion.tranfacmode ,net1 = 18874368 ,net2= 0 ,userId = 0 ,token = android.os.BinderProxy@cd83eb2 ,whichFlag = 2 ,state.disableEquals = true
04-12 20:44:08.138604  1744  4460 D TABE.AppPermissionProof: initBasePermissionData
04-12 20:44:08.149543  1744  2535 V SettingsProvider: name : notification_sound_set appId : 10232
04-12 20:44:08.150672  1744  2535 V SettingsProvider: Package name : com.google.android.gms privateFlags : -1476357864
04-12 20:44:08.155318  1744  2535 V AlarmManager: set(PendingIntent{feb0299: PendingIntentRecord{fe3e4ad com.google.android.gms/com.google.android.gms.scheduler broadcastIntent}}) : type=3 triggerAtTime=32400 win=0 tElapsed=36947 maxElapsed=36947 interval=0 flags=0x0
04-12 20:44:08.156026  2451  5404 D TranAlarmAlignManager: alarmAlign system not ready:false,align:null
04-12 20:44:08.156883  1744  2534 V SettingsProvider: name : alarm_alert_set appId : 10232
04-12 20:44:08.157158  1744  2534 V SettingsProvider: Package name : com.google.android.gms privateFlags : -1476357864
04-12 20:44:08.157784  1744  2534 V SettingsProvider: name : ringtone_set appId : 10232
04-12 20:44:08.157855  1744  2534 V SettingsProvider: Package name : com.google.android.gms privateFlags : -1476357864
04-12 20:44:08.158904  1744  2534 D BiometricService: Sensor ID(4), oemStrength: 4095, updatedStrength: 4095, modality 8, state: 0, cookie: 0, sensorId 4, hasEnrollments: false cannot participate in Keystore operations
04-12 20:44:08.158961  1744  2534 D TranFingerprintComponentImpl: isSystemCloneUser userId = 0
04-12 20:44:08.158981  1744  2534 D TranFingerprintComponentImpl: isSystemCloneUser userId = 0
04-12 20:44:08.158989  1744  2534 D TranFingerprintComponentImpl: isSystemCloneUser userId = 0
04-12 20:44:08.159004  1744  2534 D BiometricService: Sensor ID(5), oemStrength: 15, updatedStrength: 15, modality 2, state: 0, cookie: 0, sensorId 5, hasEnrollments: false cannot participate in Keystore operations
04-12 20:44:08.161278   648   678 I keystore2: system/security/keystore2/src/database.rs:1236 - is_backup_support str="1"
04-12 20:44:08.161522  1744  1946 D ActivityTaskManager_Recents: Skipping, user setup not complete: Task{e75495b #6 type=undefined A=10188:com.transsion.magazineservice.xos nonResizable}
04-12 20:44:08.162035  1744  1946 I griffin_dfx_process_died: ApplicationExitInfo(timestamp=2026/4/12 20:44 pid=6630 realUid=1000 packageUid=1000 definingUid=1000 user=0 process=com.transsion.tranfacmode reason=4 (APP CRASH(EXCEPTION)) subreason=0 (UNKNOWN) status=0 importance=400 pss=0.00 rss=0.00 description=crash state=empty trace=null exitInfoExt=TranApplicationExitInfoExt{mRecentid=-1, mIsMainProcess=true, mVmsize=17175616, mVmlock=0, mVmHWM=-1, mVmRss=150224, mRssAnon=74492, mRssFile=74544, mRssShmem=1188, mVmSwap=0, mWorkingState=-1, mSchedGroup=2, mOomAdj=0, mHostingType='broadcast, mAlivetime=736, mIsHiber=false, mHibertime=-1, mHiberReason='-1, mLruReason='broadcast}
04-12 20:44:08.163347  1744  6774 I DropBoxManagerService: add tag=system_app_crash isTagEnabled=true flags=0x2
04-12 20:44:08.163705  1744  1904 D TranClassInfo: instance successfully. com.transsion.hubcore.server.am.TranAppErrorsImpl@4f0937 from com.transsion.hubcore.server.am.ITranAppErrors
04-12 20:44:08.190717  1744  4103 V ActivityManager: Death received in com.android.server.am.ActivityManagerService$AppDeathRecipient@6d837f6 for thread android.os.BinderProxy@960f7f7
04-12 20:44:08.191515  1744  2699 I StatusBarManagerService: binder died for pkg=com.transsion.tranfacmode
04-12 20:44:08.191871  1744  2699 I StatusBarManagerService: disableLocked some feature ,what = 0 ,displayId = 0 ,pkg = com.transsion.tranfacmode ,net1 = 16777216 ,net2= 0 ,userId = 0 ,token = android.os.BinderProxy@cd83eb2 ,whichFlag = 1 ,state.disableEquals = false
04-12 20:44:08.196393  1744  2699 I StatusBarManagerService: disableLocked some feature ,what = 0 ,displayId = 0 ,pkg = com.transsion.tranfacmode ,net1 = 16777216 ,net2= 0 ,userId = 0 ,token = android.os.BinderProxy@cd83eb2 ,whichFlag = 2 ,state.disableEquals = true
04-12 20:44:08.211482   648   678 I keystore2: system/security/keystore2/src/security_level.rs:245 - caller pid=6183, uid=10232; force = false; key domain=r#KEY_ID, alias = None
04-12 20:44:08.212685   648   678 I keystore2: system/security/keystore2/src/security_level.rs:343 - upgrade_keyblob_if_required_with start
04-12 20:44:08.215139   648   678 I keystore2: system/security/keystore2/src/enforcements.rs:236 - finalize_create_authorization self.state=NoAuthRequired
04-12 20:44:08.215158   648   678 I keystore2: system/security/keystore2/src/security_level.rs:388 - upgrade_keyblob_if_required_with end; operation_db.create_operation start
04-12 20:44:08.215162   648   678 I keystore2: system/security/keystore2/src/security_level.rs:406 - operation_db.create_operation end
04-12 20:44:08.226411  1744  1941 W ActivityManager: Slow operation: 61ms so far, now at startProcess: done updating battery stats
04-12 20:44:08.226591  1744  1941 W ActivityManager: Slow operation: 62ms so far, now at startProcess: building log message
04-12 20:44:08.226607  1744  1941 I ActivityManager: Start proc 6673:com.sh.smart.caller/u0a139 for broadcast {com.sh.smart.caller/com.android.dialer.app.calllog.CallLogReceiver}
04-12 20:44:08.226670  1744  1941 W ActivityManager: Slow operation: 62ms so far, now at startProcess: starting to update pids map
04-12 20:44:08.231747  1744  1941 I START_DEBUG: send START_TIMEOUT message    ProcessRecord :ProcessRecord{9850fc2 6673:com.sh.smart.caller/u0a139}
04-12 20:44:08.231785  1744  1941 I ActivityManager: ProcessObserver broadcast disabled
04-12 20:44:08.239827  1744  1941 W ActivityManager: Slow operation: 70ms so far, now at startProcess: done updating pids map
04-12 20:44:08.240434  1744  4103 I ActivityManager: Process com.transsion.tranfacmode (pid 6630) has died: fg  CEM 
04-12 20:44:08.240767  1744  1744 D MBrainLocalService: notifyAppLifeCycle failed
04-12 20:44:08.240952  1744  4103 D os.ActivityManagerServiceLice: make process inactive com.transsion.tranfacmode(6630)
04-12 20:44:08.242497  1744  4103 I START_DEBUG: remove ALL_TIMEOUT cleanup   ProcessRecord :ProcessRecord{fea9c79 6630:com.transsion.tranfacmode/1000}
04-12 20:44:08.247117  1744  1946 D ActivityTaskManager_Recents: Skipping, user setup not complete: Task{e75495b #6 type=undefined A=10188:com.transsion.magazineservice.xos nonResizable}
04-12 20:44:08.247366  1744  1946 W tranpm/ProcessUtils: getProcessNameByPid error file not exist : proc/6630/cmdline
04-12 20:44:08.268303  1744  2535 V AlarmManager: set(PendingIntent{740dbef: PendingIntentRecord{fe3e4ad com.google.android.gms/com.google.android.gms.scheduler broadcastIntent}}) : type=3 triggerAtTime=32400 win=0 tElapsed=37060 maxElapsed=37060 interval=0 flags=0x0
04-12 20:44:08.278178  1744  1944 E OomConnection: failed waiting for OOM events: java.lang.RuntimeException: listener failed waiting for OOM event
04-12 20:44:08.287307  1744  4454 V ActivityManager: New death recipient com.android.server.am.ActivityManagerService$AppDeathRecipient@87ab665 for thread android.os.BinderProxy@6f09f3a
04-12 20:44:08.291112  1744  4454 I START_DEBUG: send BINDTIMEOUT    ProcessRecord :ProcessRecord{9850fc2 6673:com.sh.smart.caller/u0a139}
04-12 20:44:08.291176  1744  4454 I START_DEBUG: remove START_TIMEOUT finish    ProcessRecord :ProcessRecord{9850fc2 6673:com.sh.smart.caller/u0a139}
04-12 20:44:08.291292  1744  4454 D os.ActivityManagerServiceLice: make process active com.sh.smart.caller(6673)
04-12 20:44:08.291986  6673  6793 I ActivityThread:  enable system monitor for package: com.sh.smart.caller
04-12 20:44:08.293972  6673  6673 E SystemMonitorUtils:  error to open /dev/ensignal file e=android.system.ErrnoException: open failed: EACCES (Permission denied)
04-12 20:44:08.294024  6673  6673 E SystemMonitorUtils:  error to open /dev/ensignal file e=android.system.ErrnoException: open failed: EACCES (Permission denied)
04-12 20:44:08.294134  6673  6793 D TranClassInfo: instance successfully. com.transsion.common.thubutils.AppProperties@40cb92c from com.transsion.hubsdk.thubutils.IAppProperties
04-12 20:44:08.296151  6673  6793 I AppProperties: enter initialize com.sh.smart.caller
04-12 20:44:08.297192  6673  6793 I AppProperties: readAllPropFiles directoryPath=/system_ext/etc/vconfig/com.sh.smart.caller/
04-12 20:44:08.301559  6673  6793 I AppProperties: enter readPropFiles count=0
04-12 20:44:08.303696  6673  6793 I AppProperties: readAllPropFiles directoryPath=/tr_product/etc/vconfig/com.sh.smart.caller/
04-12 20:44:08.304373  6673  6793 I AppProperties: enter readPropFiles count=1
04-12 20:44:08.304736  6673  6793 I AppProperties: readAllPropFiles directoryPath=/tr_region/etc/vconfig/com.sh.smart.caller/
04-12 20:44:08.304824  6673  6793 I AppProperties: enter readPropFiles count=1
04-12 20:44:08.304918  6673  6793 I AppProperties: readAllPropFiles directoryPath=/tr_carrier/etc/vconfig/com.sh.smart.caller/
04-12 20:44:08.304969  6673  6793 I AppProperties: enter readPropFiles count=0
04-12 20:44:08.304977  6673  6793 I AppProperties: readAllPropFiles directoryPath=/tr_company/etc/vconfig/com.sh.smart.caller/
04-12 20:44:08.304988  6673  6793 I AppProperties: enter readPropFiles count=0
04-12 20:44:08.304994  6673  6793 I AppProperties: readAllPropFiles directoryPath=/tranfs/etc/vconfig/com.sh.smart.caller/
04-12 20:44:08.305026  6673  6793 I AppProperties: enter readPropFiles count=0
04-12 20:44:08.321083  2451  5183 D TranAlarmAlignManager: alarmAlign system not ready:false,align:null
04-12 20:44:08.323003  1744  2052 V AlarmManager: set(null) : type=2 triggerAtTime=32168 win=0 tElapsed=32168 maxElapsed=32168 interval=0 flags=0x0
04-12 20:44:08.324139  2451  5183 D TranAlarmAlignManager: alarmAlign system not ready:false,align:null
04-12 20:44:08.325142  1744  2535 V AlarmManager: set(PendingIntent{8d2a7c0: PendingIntentRecord{fe3e4ad com.google.android.gms/com.google.android.gms.scheduler broadcastIntent}}) : type=3 triggerAtTime=32400 win=0 tElapsed=37117 maxElapsed=37117 interval=0 flags=0x0
04-12 20:44:08.348817  2451  5183 D TranAlarmAlignManager: alarmAlign system not ready:false,align:null
04-12 20:44:08.376291  1744  2119 V AlarmManager: Checking for alarms... rtc=1775997848376, elapsed=32168
04-12 20:44:08.376406  1744  2119 V AlarmManager: Triggering alarm #0: Alarm{a8bfc77 type 2 origWhen 32168 whenElapsed 32168 android}
