04-12 20:44:14.122896  2451  6893 D TranAlarmAlignManager: alarmAlign system not ready:false,align:null
04-12 20:44:14.123364  1744  2228 V AlarmManager: set(PendingIntent{90a90a: PendingIntentRecord{8d5357b android broadcastIntent}}) : type=2 triggerAtTime=337914 win=0 tElapsed=337914 maxElapsed=337914 interval=0 flags=0x9
04-12 20:44:14.123884  2451  6893 D TranAlarmAlignManager: alarmAlign system not ready:false,align:null
04-12 20:44:14.125292  1744  2228 D os.notification.pre:  remove Runnable 52154975 with StatusBarNotification 246524163 for puppet run current size 0
04-12 20:44:14.129856  1744  4454 V os.notification: no need to update importance since is low importance, pkg -> com.android.vending
04-12 20:44:14.130493  1744  4454 D os.notification.pre:  add StatusBarNotification 217558615 current size 1
04-12 20:44:14.130557  1744  4454 D os.notification: onEnqueueNotificationInternal wait before
04-12 20:44:14.132386  1744  2096 D os.notification.pre:  add Runnable 173988083 with StatusBarNotification 217558615 current size 1
04-12 20:44:14.132560  1744  2096 D os.notification: onEnqueueNotificationInternal notifyAll
04-12 20:44:14.132617  1744  4454 D os.notification: onEnqueueNotificationInternal wait after
04-12 20:44:14.132711  1744  4454 D os.notification: onEnqueueNotificationInternal StatusBarNotification:StatusBarNotification(pkg=com.android.vending user=UserHandle{0} id=-56862258 tag=null key=0|com.android.vending|-56862258|null|10231: Notification(channel=maintenance-v2 shortcut=null contentView=null vibrate=null sound=null defaults=0 flags=ONGOING_EVENT|ONLY_ALERT_ONCE|FOREGROUND_SERVICE color=0xff01875f actions=2 vis=SECRET)) callingUid:10231 sn:8 res:true
04-12 20:44:14.132730  1744  2228 V AlarmManager: set(PendingIntent{f6e99b0: PendingIntentRecord{30b4029 android broadcastIntent}}) : type=2 triggerAtTime=259220095 win=0 tElapsed=259220095 maxElapsed=259220095 interval=0 flags=0x9
04-12 20:44:14.135786  2451  6893 D TranAlarmAlignManager: alarmAlign system not ready:false,align:null
04-12 20:44:14.136110  1744  2228 V AlarmManager: set(PendingIntent{20cffae: PendingIntentRecord{404114f android broadcastIntent}}) : type=2 triggerAtTime=337924 win=0 tElapsed=337924 maxElapsed=337924 interval=0 flags=0x9
04-12 20:44:14.136522  2451  6893 D TranAlarmAlignManager: alarmAlign system not ready:false,align:null
04-12 20:44:14.137203  1744  2228 D os.notification.pre:  remove Runnable 173988083 with StatusBarNotification 217558615 for puppet run current size 0
04-12 20:44:14.143459  1744  2535 V os.notification: no need to update importance since is low importance, pkg -> com.android.vending
04-12 20:44:14.143675  1744  2535 D os.notification.pre:  add StatusBarNotification 237856954 current size 1
04-12 20:44:14.143765  1744  2535 D os.notification: onEnqueueNotificationInternal wait before
04-12 20:44:14.144975  1744  2096 D os.notification.pre:  add Runnable 247027334 with StatusBarNotification 237856954 current size 1
04-12 20:44:14.145070  1744  2096 D os.notification: onEnqueueNotificationInternal notifyAll
04-12 20:44:14.145120  1744  2535 D os.notification: onEnqueueNotificationInternal wait after
04-12 20:44:14.145196  1744  2535 D os.notification: onEnqueueNotificationInternal StatusBarNotification:StatusBarNotification(pkg=com.android.vending user=UserHandle{0} id=-56862258 tag=null key=0|com.android.vending|-56862258|null|10231: Notification(channel=maintenance-v2 shortcut=null contentView=null vibrate=null sound=null defaults=0 flags=ONGOING_EVENT|ONLY_ALERT_ONCE|FOREGROUND_SERVICE color=0xff01875f actions=2 vis=SECRET)) callingUid:10231 sn:9 res:true
04-12 20:44:14.145330  1744  2228 V AlarmManager: set(PendingIntent{eeadb47: PendingIntentRecord{8b92f74 android broadcastIntent}}) : type=2 triggerAtTime=259220095 win=0 tElapsed=259220095 maxElapsed=259220095 interval=0 flags=0x9
04-12 20:44:14.145510  1744  2423 I StandbyHandler/TranJobStateMonitor: uid:10231,pkgName:com.android.vending/com.google.android.finsky.scheduler.process.backgroundimpl.PhoneskyJobServiceBackground jobId:10772 finish time:1970-01-01 08:00:37,duration:98
04-12 20:44:14.145802  2451  6893 D TranAlarmAlignManager: alarmAlign system not ready:false,align:null
04-12 20:44:14.146156  1744  2228 V AlarmManager: set(PendingIntent{b06bc9d: PendingIntentRecord{dc45512 android broadcastIntent}}) : type=2 triggerAtTime=337937 win=0 tElapsed=337937 maxElapsed=337937 interval=0 flags=0x9
04-12 20:44:14.146192  1744  4454 D UsfSystemServer/appSceneHooker: action is empty in service bind status
04-12 20:44:14.147051  2451  6893 D TranAlarmAlignManager: alarmAlign system not ready:false,align:null
04-12 20:44:14.147433  1744  2228 D os.notification.pre:  remove Runnable 247027334 with StatusBarNotification 237856954 for puppet run current size 0
04-12 20:44:14.147861  1744  2423 I StandbyHandler/TranJobStateMonitor: uid:10231,pkgName:com.android.vending/com.google.android.finsky.scheduler.process.backgroundimpl.PhoneskyJobServiceBackground jobId:10770 finish time:1970-01-01 08:00:37,duration:107
04-12 20:44:14.148834  1744  4454 D UsfSystemServer/appSceneHooker: action is empty in service bind status
04-12 20:44:14.158810  1744  4454 V os.notification: no need to update importance since is low importance, pkg -> com.android.vending
04-12 20:44:14.159024  1744  4454 D os.notification.pre:  add StatusBarNotification 234082016 current size 1
04-12 20:44:14.159137  1744  4454 D os.notification: onEnqueueNotificationInternal wait before
04-12 20:44:14.160536  1744  2096 D os.notification.pre:  add Runnable 7797004 with StatusBarNotification 234082016 current size 1
04-12 20:44:14.160763  1744  2096 D os.notification: onEnqueueNotificationInternal notifyAll
04-12 20:44:14.160818  1744  4454 D os.notification: onEnqueueNotificationInternal wait after
04-12 20:44:14.160886  1744  4454 D os.notification: onEnqueueNotificationInternal StatusBarNotification:StatusBarNotification(pkg=com.android.vending user=UserHandle{0} id=-56862258 tag=null key=0|com.android.vending|-56862258|null|10231: Notification(channel=maintenance-v2 shortcut=null contentView=null vibrate=null sound=null defaults=0 flags=ONGOING_EVENT|ONLY_ALERT_ONCE|FOREGROUND_SERVICE color=0xff01875f actions=2 vis=SECRET)) callingUid:10231 sn:10 res:true
04-12 20:44:14.161148  1744  2228 V AlarmManager: set(PendingIntent{dd1e255: PendingIntentRecord{811746a android broadcastIntent}}) : type=2 triggerAtTime=259220095 win=0 tElapsed=259220095 maxElapsed=259220095 interval=0 flags=0x9
04-12 20:44:14.161488  2451  6893 D TranAlarmAlignManager: alarmAlign system not ready:false,align:null
04-12 20:44:14.161633  1744  2228 V AlarmManager: set(PendingIntent{4e30d5b: PendingIntentRecord{22099f8 android broadcastIntent}}) : type=2 triggerAtTime=337953 win=0 tElapsed=337953 maxElapsed=337953 interval=0 flags=0x9
04-12 20:44:14.161857  2451  6893 D TranAlarmAlignManager: alarmAlign system not ready:false,align:null
04-12 20:44:14.162424  1744  2228 D os.notification.pre:  remove Runnable 7797004 with StatusBarNotification 234082016 for puppet run current size 0
04-12 20:44:14.168716  1744  4454 V os.notification: no need to update importance since is low importance, pkg -> com.android.vending
04-12 20:44:14.169013  1744  4454 D os.notification.pre:  add StatusBarNotification 248147254 current size 1
04-12 20:44:14.169249  1744  4454 D os.notification: onEnqueueNotificationInternal wait before
04-12 20:44:14.170767  1744  2096 D os.notification.pre:  add Runnable 21505730 with StatusBarNotification 248147254 current size 1
04-12 20:44:14.171077  1744  2096 D os.notification: onEnqueueNotificationInternal notifyAll
04-12 20:44:14.171122  1744  4454 D os.notification: onEnqueueNotificationInternal wait after
04-12 20:44:14.171166  1744  4454 D os.notification: onEnqueueNotificationInternal StatusBarNotification:StatusBarNotification(pkg=com.android.vending user=UserHandle{0} id=-56862258 tag=null key=0|com.android.vending|-56862258|null|10231: Notification(channel=maintenance-v2 shortcut=null contentView=null vibrate=null sound=null defaults=0 flags=ONGOING_EVENT|ONLY_ALERT_ONCE|FOREGROUND_SERVICE color=0xff01875f actions=2 vis=SECRET)) callingUid:10231 sn:11 res:true
04-12 20:44:14.171246  1744  2228 V AlarmManager: set(PendingIntent{393ccd3: PendingIntentRecord{c88b010 android broadcastIntent}}) : type=2 triggerAtTime=259220095 win=0 tElapsed=259220095 maxElapsed=259220095 interval=0 flags=0x9
04-12 20:44:14.172013  2451  6893 D TranAlarmAlignManager: alarmAlign system not ready:false,align:null
04-12 20:44:14.172094  1744  2228 V AlarmManager: set(PendingIntent{8380709: PendingIntentRecord{bf5ed0e android broadcastIntent}}) : type=2 triggerAtTime=337963 win=0 tElapsed=337963 maxElapsed=337963 interval=0 flags=0x9
04-12 20:44:14.172695  2451  6893 D TranAlarmAlignManager: alarmAlign system not ready:false,align:null
04-12 20:44:14.174195  1744  2228 D os.notification.pre:  remove Runnable 21505730 with StatusBarNotification 248147254 for puppet run current size 0
04-12 20:44:14.180396  1744  2535 V os.notification: no need to update importance since is low importance, pkg -> com.android.vending
04-12 20:44:14.180696  1744  2535 D os.notification.pre:  add StatusBarNotification 187743548 current size 1
04-12 20:44:14.180813  1744  2535 D os.notification: onEnqueueNotificationInternal wait before
04-12 20:44:14.182227  1744  2096 D os.notification.pre:  add Runnable 166359336 with StatusBarNotification 187743548 current size 1
04-12 20:44:14.182389  1744  2096 D os.notification: onEnqueueNotificationInternal notifyAll
04-12 20:44:14.182570  1744  2535 D os.notification: onEnqueueNotificationInternal wait after
04-12 20:44:14.182658  1744  2535 D os.notification: onEnqueueNotificationInternal StatusBarNotification:StatusBarNotification(pkg=com.android.vending user=UserHandle{0} id=-56862258 tag=null key=0|com.android.vending|-56862258|null|10231: Notification(channel=maintenance-v2 shortcut=null contentView=null vibrate=null sound=null defaults=0 flags=ONGOING_EVENT|ONLY_ALERT_ONCE|FOREGROUND_SERVICE color=0xff01875f actions=2 vis=SECRET)) callingUid:10231 sn:12 res:true
04-12 20:44:14.182702  1744  2228 V AlarmManager: set(PendingIntent{43c8e41: PendingIntentRecord{8668fe6 android broadcastIntent}}) : type=2 triggerAtTime=259220095 win=0 tElapsed=259220095 maxElapsed=259220095 interval=0 flags=0x9
04-12 20:44:14.183057  2451  6893 D TranAlarmAlignManager: alarmAlign system not ready:false,align:null
04-12 20:44:14.183211  1744  2228 V AlarmManager: set(PendingIntent{5678927: PendingIntentRecord{40977d4 android broadcastIntent}}) : type=2 triggerAtTime=337974 win=0 tElapsed=337974 maxElapsed=337974 interval=0 flags=0x9
04-12 20:44:14.183629  2451  6893 D TranAlarmAlignManager: alarmAlign system not ready:false,align:null
04-12 20:44:14.184436  1744  2228 D os.notification.pre:  remove Runnable 166359336 with StatusBarNotification 187743548 for puppet run current size 0
04-12 20:44:14.191329  1744  4454 V os.notification: no need to update importance since is low importance, pkg -> com.android.vending
04-12 20:44:14.191630  1744  4454 D os.notification.pre:  add StatusBarNotification 167494770 current size 1
04-12 20:44:14.191738  1744  4454 D os.notification: onEnqueueNotificationInternal wait before
04-12 20:44:14.193191  1744  2096 D os.notification.pre:  add Runnable 222148030 with StatusBarNotification 167494770 current size 1
04-12 20:44:14.193350  1744  2096 D os.notification: onEnqueueNotificationInternal notifyAll
04-12 20:44:14.193406  1744  4454 D os.notification: onEnqueueNotificationInternal wait after
04-12 20:44:14.193460  1744  4454 D os.notification: onEnqueueNotificationInternal StatusBarNotification:StatusBarNotification(pkg=com.android.vending user=UserHandle{0} id=-56862258 tag=null key=0|com.android.vending|-56862258|null|10231: Notification(channel=maintenance-v2 shortcut=null contentView=null vibrate=null sound=null defaults=0 flags=ONGOING_EVENT|ONLY_ALERT_ONCE|FOREGROUND_SERVICE color=0xff01875f actions=2 vis=SECRET)) callingUid:10231 sn:13 res:true
04-12 20:44:14.193681  1744  2228 V AlarmManager: set(PendingIntent{f9a761f: PendingIntentRecord{fbbed6c android broadcastIntent}}) : type=2 triggerAtTime=259220095 win=0 tElapsed=259220095 maxElapsed=259220095 interval=0 flags=0x9
04-12 20:44:14.194373  1744  2228 V AlarmManager: set(PendingIntent{2e32f35: PendingIntentRecord{b1b6fca android broadcastIntent}}) : type=2 triggerAtTime=337985 win=0 tElapsed=337985 maxElapsed=337985 interval=0 flags=0x9
04-12 20:44:14.194628  2451  6893 D TranAlarmAlignManager: alarmAlign system not ready:false,align:null
04-12 20:44:14.194892  2451  6893 D TranAlarmAlignManager: alarmAlign system not ready:false,align:null
04-12 20:44:14.195504  1744  2228 D os.notification.pre:  remove Runnable 222148030 with StatusBarNotification 167494770 for puppet run current size 0
04-12 20:44:14.198970  1744  2449 D ActivityTaskManager_Recents: Skipping, user setup not complete: Task{e75495b #6 type=undefined A=10188:com.transsion.magazineservice.xos nonResizable}
04-12 20:44:14.202940  1744  2535 V os.notification: no need to update importance since is low importance, pkg -> com.android.vending
04-12 20:44:14.203216  1744  2535 D os.notification.pre:  add StatusBarNotification 87061592 current size 1
04-12 20:44:14.203338  1744  2535 D os.notification: onEnqueueNotificationInternal wait before
04-12 20:44:14.204753  1744  2096 D os.notification.pre:  add Runnable 40140292 with StatusBarNotification 87061592 current size 1
04-12 20:44:14.204921  1744  2096 D os.notification: onEnqueueNotificationInternal notifyAll
04-12 20:44:14.204997  1744  2535 D os.notification: onEnqueueNotificationInternal wait after
04-12 20:44:14.205069  1744  2535 D os.notification: onEnqueueNotificationInternal StatusBarNotification:StatusBarNotification(pkg=com.android.vending user=UserHandle{0} id=-56862258 tag=null key=0|com.android.vending|-56862258|null|10231: Notification(channel=maintenance-v2 shortcut=null contentView=null vibrate=null sound=null defaults=0 flags=ONGOING_EVENT|ONLY_ALERT_ONCE|FOREGROUND_SERVICE color=0xff01875f actions=2 vis=SECRET)) callingUid:10231 sn:14 res:true
04-12 20:44:14.205252  1744  2228 V AlarmManager: set(PendingIntent{e470fed: PendingIntentRecord{96a2e22 android broadcastIntent}}) : type=2 triggerAtTime=259220095 win=0 tElapsed=259220095 maxElapsed=259220095 interval=0 flags=0x9
04-12 20:44:14.205651  2451  6893 D TranAlarmAlignManager: alarmAlign system not ready:false,align:null
04-12 20:44:14.205832  1744  2228 V AlarmManager: set(PendingIntent{c9030b3: PendingIntentRecord{5ad7670 android broadcastIntent}}) : type=2 triggerAtTime=337997 win=0 tElapsed=337997 maxElapsed=337997 interval=0 flags=0x9
04-12 20:44:14.206063  2451  6893 D TranAlarmAlignManager: alarmAlign system not ready:false,align:null
04-12 20:44:14.206734  1744  2228 D os.notification.pre:  remove Runnable 40140292 with StatusBarNotification 87061592 for puppet run current size 0
04-12 20:44:14.212286  1744  4454 V os.notification: no need to update importance since is low importance, pkg -> com.android.vending
04-12 20:44:14.212508  1744  4454 D os.notification.pre:  add StatusBarNotification 69274222 current size 1
04-12 20:44:14.212588  1744  4454 D os.notification: onEnqueueNotificationInternal wait before
04-12 20:44:14.214076  1744  2096 D os.notification.pre:  add Runnable 56057722 with StatusBarNotification 69274222 current size 1
04-12 20:44:14.214259  1744  2096 D os.notification: onEnqueueNotificationInternal notifyAll
04-12 20:44:14.214304  1744  4454 D os.notification: onEnqueueNotificationInternal wait after
04-12 20:44:14.214358  1744  4454 D os.notification: onEnqueueNotificationInternal StatusBarNotification:StatusBarNotification(pkg=com.android.vending user=UserHandle{0} id=-56862258 tag=null key=0|com.android.vending|-56862258|null|10231: Notification(channel=maintenance-v2 shortcut=null contentView=null vibrate=null sound=null defaults=0 flags=ONGOING_EVENT|ONLY_ALERT_ONCE|FOREGROUND_SERVICE color=0xff01875f actions=2 vis=SECRET)) callingUid:10231 sn:15 res:true
04-12 20:44:14.214542  1744  2228 V AlarmManager: set(PendingIntent{da7032b: PendingIntentRecord{155a388 android broadcastIntent}}) : type=2 triggerAtTime=259220095 win=0 tElapsed=259220095 maxElapsed=259220095 interval=0 flags=0x9
04-12 20:44:14.214878  2451  6893 D TranAlarmAlignManager: alarmAlign system not ready:false,align:null
04-12 20:44:14.215063  1744  2228 V AlarmManager: set(PendingIntent{c7a4121: PendingIntentRecord{6bf946 android broadcastIntent}}) : type=2 triggerAtTime=338006 win=0 tElapsed=338006 maxElapsed=338006 interval=0 flags=0x9
04-12 20:44:14.215806  2451  6893 D TranAlarmAlignManager: alarmAlign system not ready:false,align:null
04-12 20:44:14.216832  1744  2228 D os.notification.pre:  remove Runnable 56057722 with StatusBarNotification 69274222 for puppet run current size 0
04-12 20:44:14.223664  1744  4454 V os.notification: no need to update importance since is low importance, pkg -> com.android.vending
04-12 20:44:14.223956  1744  4454 D os.notification.pre:  add StatusBarNotification 241528884 current size 1
04-12 20:44:14.224089  1744  4454 D os.notification: onEnqueueNotificationInternal wait before
04-12 20:44:14.225587  1744  2096 D os.notification.pre:  add Runnable 117660576 with StatusBarNotification 241528884 current size 1
04-12 20:44:14.225746  1744  2096 D os.notification: onEnqueueNotificationInternal notifyAll
04-12 20:44:14.225807  1744  4454 D os.notification: onEnqueueNotificationInternal wait after
04-12 20:44:14.225959  1744  4454 D os.notification: onEnqueueNotificationInternal StatusBarNotification:StatusBarNotification(pkg=com.android.vending user=UserHandle{0} id=-56862258 tag=null key=0|com.android.vending|-56862258|null|10231: Notification(channel=maintenance-v2 shortcut=null contentView=null vibrate=null sound=null defaults=0 flags=ONGOING_EVENT|ONLY_ALERT_ONCE|FOREGROUND_SERVICE color=0xff01875f actions=2 vis=SECRET)) callingUid:10231 sn:16 res:true
04-12 20:44:14.226073  1744  2228 V AlarmManager: set(PendingIntent{18f359: PendingIntentRecord{49aeb1e android broadcastIntent}}) : type=2 triggerAtTime=259220095 win=0 tElapsed=259220095 maxElapsed=259220095 interval=0 flags=0x9
04-12 20:44:14.226626  1744  2228 V AlarmManager: set(PendingIntent{cd6fff: PendingIntentRecord{dd291cc android broadcastIntent}}) : type=2 triggerAtTime=338018 win=0 tElapsed=338018 maxElapsed=338018 interval=0 flags=0x9
04-12 20:44:14.226807  2451  6893 D TranAlarmAlignManager: alarmAlign system not ready:false,align:null
04-12 20:44:14.227045  2451  6893 D TranAlarmAlignManager: alarmAlign system not ready:false,align:null
04-12 20:44:14.227966  1744  2228 D os.notification.pre:  remove Runnable 117660576 with StatusBarNotification 241528884 for puppet run current size 0
04-12 20:44:14.233312  1744  2535 V os.notification: no need to update importance since is low importance, pkg -> com.android.vending
04-12 20:44:14.233538  1744  2535 D os.notification.pre:  add StatusBarNotification 101096234 current size 1
04-12 20:44:14.233616  1744  2535 D os.notification: onEnqueueNotificationInternal wait before
04-12 20:44:14.235099  1744  2096 D os.notification.pre:  add Runnable 46874614 with StatusBarNotification 101096234 current size 1
04-12 20:44:14.235245  1744  2096 D os.notification: onEnqueueNotificationInternal notifyAll
04-12 20:44:14.235305  1744  2535 D os.notification: onEnqueueNotificationInternal wait after
04-12 20:44:14.235378  1744  2535 D os.notification: onEnqueueNotificationInternal StatusBarNotification:StatusBarNotification(pkg=com.android.vending user=UserHandle{0} id=-56862258 tag=null key=0|com.android.vending|-56862258|null|10231: Notification(channel=maintenance-v2 shortcut=null contentView=null vibrate=null sound=null defaults=0 flags=ONGOING_EVENT|ONLY_ALERT_ONCE|FOREGROUND_SERVICE color=0xff01875f actions=2 vis=SECRET)) callingUid:10231 sn:17 res:true
04-12 20:44:14.235649  1744  2228 V AlarmManager: set(PendingIntent{c4b5ff7: PendingIntentRecord{35f4e64 android broadcastIntent}}) : type=2 triggerAtTime=259220095 win=0 tElapsed=259220095 maxElapsed=259220095 interval=0 flags=0x9
04-12 20:44:14.236113  2451  6893 D TranAlarmAlignManager: alarmAlign system not ready:false,align:null
04-12 20:44:14.236295  1744  2228 V AlarmManager: set(PendingIntent{ecf08cd: PendingIntentRecord{e636582 android broadcastIntent}}) : type=2 triggerAtTime=338027 win=0 tElapsed=338027 maxElapsed=338027 interval=0 flags=0x9
04-12 20:44:14.236492  2451  6893 D TranAlarmAlignManager: alarmAlign system not ready:false,align:null
04-12 20:44:14.237175  1744  2228 D os.notification.pre:  remove Runnable 46874614 with StatusBarNotification 101096234 for puppet run current size 0
04-12 20:44:14.246704  1744  2925 V os.notification: no need to update importance since is low importance, pkg -> com.android.vending
04-12 20:44:14.247033  1744  2925 D os.notification.pre:  add StatusBarNotification 99937488 current size 1
04-12 20:44:14.247167  1744  2925 D os.notification: onEnqueueNotificationInternal wait before
04-12 20:44:14.248616  1744  2096 D os.notification.pre:  add Runnable 168035836 with StatusBarNotification 99937488 current size 1
04-12 20:44:14.248784  1744  2096 D os.notification: onEnqueueNotificationInternal notifyAll
04-12 20:44:14.248836  1744  2925 D os.notification: onEnqueueNotificationInternal wait after
04-12 20:44:14.248885  1744  2925 D os.notification: onEnqueueNotificationInternal StatusBarNotification:StatusBarNotification(pkg=com.android.vending user=UserHandle{0} id=-56862258 tag=null key=0|com.android.vending|-56862258|null|10231: Notification(channel=maintenance-v2 shortcut=null contentView=null vibrate=null sound=null defaults=0 flags=ONGOING_EVENT|ONLY_ALERT_ONCE|FOREGROUND_SERVICE color=0xff01875f actions=2 vis=SECRET)) callingUid:10231 sn:18 res:true
04-12 20:44:14.249104  1744  2228 V AlarmManager: set(PendingIntent{a718485: PendingIntentRecord{c9422da android broadcastIntent}}) : type=2 triggerAtTime=259220095 win=0 tElapsed=259220095 maxElapsed=259220095 interval=0 flags=0x9
04-12 20:44:14.249612  2451  6893 D TranAlarmAlignManager: alarmAlign system not ready:false,align:null
04-12 20:44:14.249913  1744  2228 V AlarmManager: set(PendingIntent{c4d730b: PendingIntentRecord{b8985e8 android broadcastIntent}}) : type=2 triggerAtTime=338041 win=0 tElapsed=338041 maxElapsed=338041 interval=0 flags=0x9
04-12 20:44:14.250170  2451  6893 D TranAlarmAlignManager: alarmAlign system not ready:false,align:null
04-12 20:44:14.250813  1744  2228 D os.notification.pre:  remove Runnable 168035836 with StatusBarNotification 99937488 for puppet run current size 0
04-12 20:44:14.256556  1744  2925 V os.notification: no need to update importance since is low importance, pkg -> com.android.vending
04-12 20:44:14.256841  1744  2925 D os.notification.pre:  add StatusBarNotification 111252134 current size 1
04-12 20:44:14.256944  1744  2925 D os.notification: onEnqueueNotificationInternal wait before
04-12 20:44:14.258196  1744  2096 D os.notification.pre:  add Runnable 46412594 with StatusBarNotification 111252134 current size 1
04-12 20:44:14.258358  1744  2096 D os.notification: onEnqueueNotificationInternal notifyAll
04-12 20:44:14.258433  1744  2925 D os.notification: onEnqueueNotificationInternal wait after
04-12 20:44:14.258511  1744  2925 D os.notification: onEnqueueNotificationInternal StatusBarNotification:StatusBarNotification(pkg=com.android.vending user=UserHandle{0} id=-56862258 tag=null key=0|com.android.vending|-56862258|null|10231: Notification(channel=maintenance-v2 shortcut=null contentView=null vibrate=null sound=null defaults=0 flags=ONGOING_EVENT|ONLY_ALERT_ONCE|FOREGROUND_SERVICE color=0xff01875f actions=2 vis=SECRET)) callingUid:10231 sn:19 res:true
04-12 20:44:14.258717  1744  2228 V AlarmManager: set(PendingIntent{fcf3883: PendingIntentRecord{6c52a00 android broadcastIntent}}) : type=2 triggerAtTime=259220095 win=0 tElapsed=259220095 maxElapsed=259220095 interval=0 flags=0x9
04-12 20:44:14.259337  2451  6893 D TranAlarmAlignManager: alarmAlign system not ready:false,align:null
04-12 20:44:14.259524  1744  2228 V AlarmManager: set(PendingIntent{bf1239: PendingIntentRecord{9fe507e android broadcastIntent}}) : type=2 triggerAtTime=338050 win=0 tElapsed=338050 maxElapsed=338050 interval=0 flags=0x9
04-12 20:44:14.260764  2451  6893 D TranAlarmAlignManager: alarmAlign system not ready:false,align:null
04-12 20:44:14.261404  1744  2228 D os.notification.pre:  remove Runnable 46412594 with StatusBarNotification 111252134 for puppet run current size 0
04-12 20:44:14.267169  1744  2925 V os.notification: no need to update importance since is low importance, pkg -> com.android.vending
04-12 20:44:14.267462  1744  2925 D os.notification.pre:  add StatusBarNotification 89318956 current size 1
04-12 20:44:14.267573  1744  2925 D os.notification: onEnqueueNotificationInternal wait before
04-12 20:44:14.269020  1744  2096 D os.notification.pre:  add Runnable 236861720 with StatusBarNotification 89318956 current size 1
04-12 20:44:14.269163  1744  2096 D os.notification: onEnqueueNotificationInternal notifyAll
04-12 20:44:14.269257  1744  2925 D os.notification: onEnqueueNotificationInternal wait after
04-12 20:44:14.269330  1744  2925 D os.notification: onEnqueueNotificationInternal StatusBarNotification:StatusBarNotification(pkg=com.android.vending user=UserHandle{0} id=-56862258 tag=null key=0|com.android.vending|-56862258|null|10231: Notification(channel=maintenance-v2 shortcut=null contentView=null vibrate=null sound=null defaults=0 flags=ONGOING_EVENT|ONLY_ALERT_ONCE|FOREGROUND_SERVICE color=0xff01875f actions=2 vis=SECRET)) callingUid:10231 sn:20 res:true
04-12 20:44:14.269457  1744  2228 V AlarmManager: set(PendingIntent{8d3cf71: PendingIntentRecord{dc9f156 android broadcastIntent}}) : type=2 triggerAtTime=259220095 win=0 tElapsed=259220095 maxElapsed=259220095 interval=0 flags=0x9
04-12 20:44:14.269947  2451  6893 D TranAlarmAlignManager: alarmAlign system not ready:false,align:null
04-12 20:44:14.270334  1744  2228 V AlarmManager: set(PendingIntent{50825d7: PendingIntentRecord{b49cec4 android broadcastIntent}}) : type=2 triggerAtTime=338061 win=0 tElapsed=338061 maxElapsed=338061 interval=0 flags=0x9
04-12 20:44:14.271154  2451  6893 D TranAlarmAlignManager: alarmAlign system not ready:false,align:null
04-12 20:44:14.271786  1744  2228 D os.notification.pre:  remove Runnable 236861720 with StatusBarNotification 89318956 for puppet run current size 0
04-12 20:44:14.277636  1744  4454 V os.notification: no need to update importance since is low importance, pkg -> com.android.vending
04-12 20:44:14.277830  1744  4454 D os.notification.pre:  add StatusBarNotification 193711330 current size 1
04-12 20:44:14.277920  1744  4454 D os.notification: onEnqueueNotificationInternal wait before
04-12 20:44:14.279416  1744  2096 D os.notification.pre:  add Runnable 245224750 with StatusBarNotification 193711330 current size 1
04-12 20:44:14.279780  1744  2096 D os.notification: onEnqueueNotificationInternal notifyAll
04-12 20:44:14.279859  1744  4454 D os.notification: onEnqueueNotificationInternal wait after
04-12 20:44:14.279908  1744  2228 V AlarmManager: set(PendingIntent{fbbf8cf: PendingIntentRecord{7f2325c android broadcastIntent}}) : type=2 triggerAtTime=259220095 win=0 tElapsed=259220095 maxElapsed=259220095 interval=0 flags=0x9
04-12 20:44:14.279999  1744  4454 D os.notification: onEnqueueNotificationInternal StatusBarNotification:StatusBarNotification(pkg=com.android.vending user=UserHandle{0} id=-56862258 tag=null key=0|com.android.vending|-56862258|null|10231: Notification(channel=maintenance-v2 shortcut=null contentView=null vibrate=null sound=null defaults=0 flags=ONGOING_EVENT|ONLY_ALERT_ONCE|FOREGROUND_SERVICE color=0xff01875f actions=2 vis=SECRET)) callingUid:10231 sn:21 res:true
04-12 20:44:14.280413  2451  6893 D TranAlarmAlignManager: alarmAlign system not ready:false,align:null
04-12 20:44:14.281068  1744  2228 V AlarmManager: set(PendingIntent{c9fa965: PendingIntentRecord{eb6163a android broadcastIntent}}) : type=2 triggerAtTime=338071 win=0 tElapsed=338071 maxElapsed=338071 interval=0 flags=0x9
04-12 20:44:14.284356  2451  6893 D TranAlarmAlignManager: alarmAlign system not ready:false,align:null
04-12 20:44:14.285333  1744  2228 D os.notification.pre:  remove Runnable 245224750 with StatusBarNotification 193711330 for puppet run current size 0
04-12 20:44:14.291024  1744  2535 V os.notification: no need to update importance since is low importance, pkg -> com.android.vending
04-12 20:44:14.291268  1744  2535 D os.notification.pre:  add StatusBarNotification 178286836 current size 1
04-12 20:44:14.291363  1744  2535 D os.notification: onEnqueueNotificationInternal wait before
04-12 20:44:14.292947  1744  2096 D os.notification.pre:  add Runnable 13477984 with StatusBarNotification 178286836 current size 1
04-12 20:44:14.293126  1744  2096 D os.notification: onEnqueueNotificationInternal notifyAll
04-12 20:44:14.293189  1744  2535 D os.notification: onEnqueueNotificationInternal wait after
04-12 20:44:14.293243  1744  2535 D os.notification: onEnqueueNotificationInternal StatusBarNotification:StatusBarNotification(pkg=com.android.vending user=UserHandle{0} id=-56862258 tag=null key=0|com.android.vending|-56862258|null|10231: Notification(channel=maintenance-v2 shortcut=null contentView=null vibrate=null sound=null defaults=0 flags=ONGOING_EVENT|ONLY_ALERT_ONCE|FOREGROUND_SERVICE color=0xff01875f actions=2 vis=SECRET)) callingUid:10231 sn:22 res:true
04-12 20:44:14.293484  1744  2228 V AlarmManager: set(PendingIntent{b1e2119: PendingIntentRecord{c3fe5de android broadcastIntent}}) : type=2 triggerAtTime=259220095 win=0 tElapsed=259220095 maxElapsed=259220095 interval=0 flags=0x9
04-12 20:44:14.293826  2451  6893 D TranAlarmAlignManager: alarmAlign system not ready:false,align:null
04-12 20:44:14.294015  1744  2228 V AlarmManager: set(PendingIntent{6f2b3bf: PendingIntentRecord{cd4ea8c android broadcastIntent}}) : type=2 triggerAtTime=338085 win=0 tElapsed=338085 maxElapsed=338085 interval=0 flags=0x9
04-12 20:44:14.294264  2451  6893 D TranAlarmAlignManager: alarmAlign system not ready:false,align:null
04-12 20:44:14.294934  1744  2228 D os.notification.pre:  remove Runnable 13477984 with StatusBarNotification 178286836 for puppet run current size 0
04-12 20:44:14.301632  1744  2021 V os.notification: no need to update importance since is low importance, pkg -> com.android.vending
04-12 20:44:14.301720  1744  2535 D UsfSystemServer/appSceneHooker: action is empty in service bind status
04-12 20:44:14.302083  1744  2021 D os.notification.pre:  add StatusBarNotification 137110392 current size 1
04-12 20:44:14.302192  1744  2021 D os.notification: onEnqueueNotificationInternal wait before
04-12 20:44:14.304015  1744  2096 D os.notification.pre:  add Runnable 196869924 with StatusBarNotification 137110392 current size 1
04-12 20:44:14.304199  1744  2096 D os.notification: onEnqueueNotificationInternal notifyAll
04-12 20:44:14.304256  1744  2021 D os.notification: onEnqueueNotificationInternal wait after
04-12 20:44:14.304325  1744  2021 D os.notification: onEnqueueNotificationInternal StatusBarNotification:StatusBarNotification(pkg=com.android.vending user=UserHandle{0} id=-56862258 tag=null key=0|com.android.vending|-56862258|null|10231: Notification(channel=maintenance-v2 shortcut=null contentView=null vibrate=null sound=null defaults=0 flags=ONGOING_EVENT|ONLY_ALERT_ONCE|FOREGROUND_SERVICE color=0xff01875f actions=2 vis=SECRET)) callingUid:10231 sn:23 res:true
04-12 20:44:14.304487  1744  2228 V AlarmManager: set(PendingIntent{a0ca8d: PendingIntentRecord{83b6442 android broadcastIntent}}) : type=2 triggerAtTime=259220095 win=0 tElapsed=259220095 maxElapsed=259220095 interval=0 flags=0x9
04-12 20:44:14.304752  2451  6893 D TranAlarmAlignManager: alarmAlign system not ready:false,align:null
04-12 20:44:14.304895  1744  2228 V AlarmManager: set(PendingIntent{6e1fc53: PendingIntentRecord{44be990 android broadcastIntent}}) : type=2 triggerAtTime=338096 win=0 tElapsed=338096 maxElapsed=338096 interval=0 flags=0x9
04-12 20:44:14.305187  2451  6893 D TranAlarmAlignManager: alarmAlign system not ready:false,align:null
04-12 20:44:14.305742  1744  2228 D os.notification.pre:  remove Runnable 196869924 with StatusBarNotification 137110392 for puppet run current size 0
04-12 20:44:14.311956  1744  2228 D NotificationService: notification = StatusBarNotification(pkg=com.android.vending user=UserHandle{0} id=-56862258 tag=null key=0|com.android.vending|-56862258|null|10231: Notification(channel=maintenance-v2 shortcut=null contentView=null vibrate=null sound=null defaults=0 flags=ONGOING_EVENT|ONLY_ALERT_ONCE color=0xff01875f actions=2 vis=SECRET)); and importance = 1; and isMediaNotification = false
04-12 20:44:14.313989  1744  2228 D NotificationService: notifyListenersPostedAndLogLocked, NotificationRecord key=0|com.android.vending|-56862258|null|10231
04-12 20:44:14.316445  1744  2228 W NotificationHistory: Attempted to add notif for locked/gone/disabled user 0
04-12 20:44:14.317170  1744  2021 V os.notification: no need to update importance since is low importance, pkg -> com.android.vending
04-12 20:44:14.317366  1744  2021 D os.notification.pre:  add StatusBarNotification 16891461 current size 1
04-12 20:44:14.317445  1744  2021 D os.notification: onEnqueueNotificationInternal wait before
04-12 20:44:14.318599  1744  2096 D os.notification.pre:  add Runnable 8714689 with StatusBarNotification 16891461 current size 1
04-12 20:44:14.318737  1744  2096 D os.notification: onEnqueueNotificationInternal notifyAll
04-12 20:44:14.318962  1744  2021 D os.notification: onEnqueueNotificationInternal wait after
04-12 20:44:14.319022  1744  2021 D os.notification: onEnqueueNotificationInternal StatusBarNotification:StatusBarNotification(pkg=com.android.vending user=UserHandle{0} id=-56862258 tag=null key=0|com.android.vending|-56862258|null|10231: Notification(channel=maintenance-v2 shortcut=null contentView=null vibrate=null sound=null defaults=0 flags=ONGOING_EVENT|ONLY_ALERT_ONCE|FOREGROUND_SERVICE color=0xff01875f actions=2 vis=SECRET)) callingUid:10231 sn:24 res:true
04-12 20:44:14.320598  1744  2535 D NotificationService: areNotificationsEnabledForPackage pkg=com.android.vending, uid=10231 enabled = true
04-12 20:44:14.321584  1744  2228 V AlarmManager: set(PendingIntent{8fd5566: PendingIntentRecord{6c6a0a7 android broadcastIntent}}) : type=2 triggerAtTime=259220095 win=0 tElapsed=259220095 maxElapsed=259220095 interval=0 flags=0x9
04-12 20:44:14.321968  2451  6893 D TranAlarmAlignManager: alarmAlign system not ready:false,align:null
04-12 20:44:14.322146  1744  2228 V AlarmManager: set(PendingIntent{faf7954: PendingIntentRecord{fa670fd android broadcastIntent}}) : type=2 triggerAtTime=338113 win=0 tElapsed=338113 maxElapsed=338113 interval=0 flags=0x9
04-12 20:44:14.322336  2451  6893 D TranAlarmAlignManager: alarmAlign system not ready:false,align:null
04-12 20:44:14.322898  1744  2228 D os.notification.pre:  remove Runnable 8714689 with StatusBarNotification 16891461 for puppet run current size 0
04-12 20:44:14.324583  1744  2228 D NotificationService: notification = StatusBarNotification(pkg=com.android.vending user=UserHandle{0} id=-56862258 tag=null key=0|com.android.vending|-56862258|null|10231: Notification(channel=maintenance-v2 shortcut=null contentView=null vibrate=null sound=null defaults=0 flags=ONGOING_EVENT|ONLY_ALERT_ONCE|NO_CLEAR|FOREGROUND_SERVICE color=0xff01875f actions=2 vis=SECRET)); and importance = 2; and isMediaNotification = false
04-12 20:44:14.325128  1744  2228 D NotificationService: notifyListenersPostedAndLogLocked, NotificationRecord key=0|com.android.vending|-56862258|null|10231
04-12 20:44:14.327932  1744  2535 V os.notification: no need to update importance since is low importance, pkg -> com.android.vending
04-12 20:44:14.328149  1744  2228 D NotificationService: notification = StatusBarNotification(pkg=com.android.vending user=UserHandle{0} id=-56862258 tag=null key=0|com.android.vending|-56862258|null|10231: Notification(channel=maintenance-v2 shortcut=null contentView=null vibrate=null sound=null defaults=0 flags=ONGOING_EVENT|ONLY_ALERT_ONCE|NO_CLEAR|FOREGROUND_SERVICE color=0xff01875f actions=2 vis=SECRET)); and importance = 2; and isMediaNotification = false
04-12 20:44:14.328175  1744  2535 D os.notification.pre:  add StatusBarNotification 154312771 current size 1
04-12 20:44:14.328256  1744  2535 D os.notification: onEnqueueNotificationInternal wait before
04-12 20:44:14.328645  1744  2228 D NotificationService: notifyListenersPostedAndLogLocked, NotificationRecord key=0|com.android.vending|-56862258|null|10231
04-12 20:44:14.329518  1744  2096 D os.notification.pre:  add Runnable 198507935 with StatusBarNotification 154312771 current size 1
04-12 20:44:14.329612  1744  2096 D os.notification: onEnqueueNotificationInternal notifyAll
04-12 20:44:14.329673  1744  2535 D os.notification: onEnqueueNotificationInternal wait after
04-12 20:44:14.329718  1744  2535 D os.notification: onEnqueueNotificationInternal StatusBarNotification:StatusBarNotification(pkg=com.android.vending user=UserHandle{0} id=-56862258 tag=null key=0|com.android.vending|-56862258|null|10231: Notification(channel=maintenance-v2 shortcut=null contentView=null vibrate=null sound=null defaults=0 flags=ONGOING_EVENT|ONLY_ALERT_ONCE|FOREGROUND_SERVICE color=0xff01875f actions=2 vis=SECRET)) callingUid:10231 sn:25 res:true
04-12 20:44:14.335826  1744  2228 V AlarmManager: set(PendingIntent{b67c2b5: PendingIntentRecord{57f3d4a android broadcastIntent}}) : type=2 triggerAtTime=259220095 win=0 tElapsed=259220095 maxElapsed=259220095 interval=0 flags=0x9
04-12 20:44:14.336051  2451  6893 D TranAlarmAlignManager: alarmAlign system not ready:false,align:null
04-12 20:44:14.336187  1744  2228 V AlarmManager: set(PendingIntent{d15d4bb: PendingIntentRecord{cbebdd8 android broadcastIntent}}) : type=2 triggerAtTime=338127 win=0 tElapsed=338127 maxElapsed=338127 interval=0 flags=0x9
04-12 20:44:14.336342  2451  6893 D TranAlarmAlignManager: alarmAlign system not ready:false,align:null
04-12 20:44:14.336726  1744  2228 D os.notification.pre:  remove Runnable 198507935 with StatusBarNotification 154312771 for puppet run current size 0
04-12 20:44:14.337659  1744  2925 V os.notification: no need to update importance since is low importance, pkg -> com.android.vending
04-12 20:44:14.337872  1744  2925 D os.notification.pre:  add StatusBarNotification 136238385 current size 1
04-12 20:44:14.337936  1744  2925 D os.notification: onEnqueueNotificationInternal wait before
04-12 20:44:14.338783  1744  2096 D os.notification.pre:  add Runnable 156930925 with StatusBarNotification 136238385 current size 1
04-12 20:44:14.338918  1744  2096 D os.notification: onEnqueueNotificationInternal notifyAll
04-12 20:44:14.338946  1744  2925 D os.notification: onEnqueueNotificationInternal wait after
04-12 20:44:14.338988  1744  2925 D os.notification: onEnqueueNotificationInternal StatusBarNotification:StatusBarNotification(pkg=com.android.vending user=UserHandle{0} id=-56862258 tag=null key=0|com.android.vending|-56862258|null|10231: Notification(channel=maintenance-v2 shortcut=null contentView=null vibrate=null sound=null defaults=0 flags=ONGOING_EVENT|ONLY_ALERT_ONCE|FOREGROUND_SERVICE color=0xff01875f actions=2 vis=SECRET)) callingUid:10231 sn:26 res:true
04-12 20:44:14.344437  1744  2228 D NotificationService: notification = StatusBarNotification(pkg=com.android.vending user=UserHandle{0} id=-56862258 tag=null key=0|com.android.vending|-56862258|null|10231: Notification(channel=maintenance-v2 shortcut=null contentView=null vibrate=null sound=null defaults=0 flags=ONGOING_EVENT|ONLY_ALERT_ONCE|NO_CLEAR|FOREGROUND_SERVICE color=0xff01875f actions=2 vis=SECRET)); and importance = 2; and isMediaNotification = false
04-12 20:44:14.345120  1744  2228 D NotificationService: notifyListenersPostedAndLogLocked, NotificationRecord key=0|com.android.vending|-56862258|null|10231
04-12 20:44:14.345858  1744  2228 V AlarmManager: set(PendingIntent{bac2033: PendingIntentRecord{48b6ff0 android broadcastIntent}}) : type=2 triggerAtTime=259220095 win=0 tElapsed=259220095 maxElapsed=259220095 interval=0 flags=0x9
04-12 20:44:14.346094  2451  6893 D TranAlarmAlignManager: alarmAlign system not ready:false,align:null
04-12 20:44:14.346256  1744  2228 V AlarmManager: set(PendingIntent{f19f969: PendingIntentRecord{8435fee android broadcastIntent}}) : type=2 triggerAtTime=338137 win=0 tElapsed=338137 maxElapsed=338137 interval=0 flags=0x9
04-12 20:44:14.346381  2451  6893 D TranAlarmAlignManager: alarmAlign system not ready:false,align:null
04-12 20:44:14.346873  1744  2228 D os.notification.pre:  remove Runnable 156930925 with StatusBarNotification 136238385 for puppet run current size 0
04-12 20:44:14.347032  1744  4454 V os.notification: no need to update importance since is low importance, pkg -> com.android.vending
04-12 20:44:14.347345  1744  4454 D os.notification.pre:  add StatusBarNotification 201231503 current size 1
04-12 20:44:14.347439  1744  4454 D os.notification: onEnqueueNotificationInternal wait before
04-12 20:44:14.348676  1744  2096 D os.notification.pre:  add Runnable 123822763 with StatusBarNotification 201231503 current size 1
04-12 20:44:14.348791  1744  2096 D os.notification: onEnqueueNotificationInternal notifyAll
04-12 20:44:14.348849  1744  4454 D os.notification: onEnqueueNotificationInternal wait after
04-12 20:44:14.348880  1744  4454 D os.notification: onEnqueueNotificationInternal StatusBarNotification:StatusBarNotification(pkg=com.android.vending user=UserHandle{0} id=-56862258 tag=null key=0|com.android.vending|-56862258|null|10231: Notification(channel=maintenance-v2 shortcut=null contentView=null vibrate=null sound=null defaults=0 flags=ONGOING_EVENT|ONLY_ALERT_ONCE|FOREGROUND_SERVICE color=0xff01875f actions=2 vis=SECRET)) callingUid:10231 sn:27 res:true
04-12 20:44:14.351364  1744  2228 D NotificationService: notification = StatusBarNotification(pkg=com.android.vending user=UserHandle{0} id=-56862258 tag=null key=0|com.android.vending|-56862258|null|10231: Notification(channel=maintenance-v2 shortcut=null contentView=null vibrate=null sound=null defaults=0 flags=ONGOING_EVENT|ONLY_ALERT_ONCE|NO_CLEAR|FOREGROUND_SERVICE color=0xff01875f actions=2 vis=SECRET)); and importance = 2; and isMediaNotification = false
04-12 20:44:14.351937  1744  2228 D NotificationService: notifyListenersPostedAndLogLocked, NotificationRecord key=0|com.android.vending|-56862258|null|10231
04-12 20:44:14.352263  1744  2228 V AlarmManager: set(PendingIntent{bc94d08: PendingIntentRecord{65e6ca1 android broadcastIntent}}) : type=2 triggerAtTime=259220095 win=0 tElapsed=259220095 maxElapsed=259220095 interval=0 flags=0x9
04-12 20:44:14.352518  2451  6893 D TranAlarmAlignManager: alarmAlign system not ready:false,align:null
04-12 20:44:14.352589  1744  2228 V AlarmManager: set(PendingIntent{d37ec6: PendingIntentRecord{dd17e87 android broadcastIntent}}) : type=2 triggerAtTime=338144 win=0 tElapsed=338144 maxElapsed=338144 interval=0 flags=0x9
04-12 20:44:14.352711  2451  6893 D TranAlarmAlignManager: alarmAlign system not ready:false,align:null
04-12 20:44:14.353063  1744  2228 D os.notification.pre:  remove Runnable 123822763 with StatusBarNotification 201231503 for puppet run current size 0
04-12 20:44:14.361719  1744  2021 V os.notification: no need to update importance since is low importance, pkg -> com.android.vending
04-12 20:44:14.362212  1744  2021 D os.notification.pre:  add StatusBarNotification 247308446 current size 1
04-12 20:44:14.362325  1744  2021 D os.notification: onEnqueueNotificationInternal wait before
04-12 20:44:14.362484  1744  2228 D NotificationService: notification = StatusBarNotification(pkg=com.android.vending user=UserHandle{0} id=-56862258 tag=null key=0|com.android.vending|-56862258|null|10231: Notification(channel=maintenance-v2 shortcut=null contentView=null vibrate=null sound=null defaults=0 flags=ONGOING_EVENT|ONLY_ALERT_ONCE|NO_CLEAR|FOREGROUND_SERVICE color=0xff01875f actions=2 vis=SECRET)); and importance = 2; and isMediaNotification = false
04-12 20:44:14.363028  1744  2228 D NotificationService: notifyListenersPostedAndLogLocked, NotificationRecord key=0|com.android.vending|-56862258|null|10231
04-12 20:44:14.363430  1744  2096 D os.notification.pre:  add Runnable 190785706 with StatusBarNotification 247308446 current size 1
04-12 20:44:14.363514  1744  2096 D os.notification: onEnqueueNotificationInternal notifyAll
04-12 20:44:14.363559  1744  2021 D os.notification: onEnqueueNotificationInternal wait after
04-12 20:44:14.363644  1744  2021 D os.notification: onEnqueueNotificationInternal StatusBarNotification:StatusBarNotification(pkg=com.android.vending user=UserHandle{0} id=-56862258 tag=null key=0|com.android.vending|-56862258|null|10231: Notification(channel=maintenance-v2 shortcut=null contentView=null vibrate=null sound=null defaults=0 flags=ONGOING_EVENT|ONLY_ALERT_ONCE|FOREGROUND_SERVICE color=0xff01875f actions=2 vis=SECRET)) callingUid:10231 sn:28 res:true
04-12 20:44:14.366590  1744  2228 V AlarmManager: set(PendingIntent{3644c9b: PendingIntentRecord{bee0838 android broadcastIntent}}) : type=2 triggerAtTime=259220095 win=0 tElapsed=259220095 maxElapsed=259220095 interval=0 flags=0x9
04-12 20:44:14.366828  2451  6893 D TranAlarmAlignManager: alarmAlign system not ready:false,align:null
04-12 20:44:14.366903  1744  2228 V AlarmManager: set(PendingIntent{e2ac011: PendingIntentRecord{cdf2576 android broadcastIntent}}) : type=2 triggerAtTime=338158 win=0 tElapsed=338158 maxElapsed=338158 interval=0 flags=0x9
04-12 20:44:14.367080  2451  6893 D TranAlarmAlignManager: alarmAlign system not ready:false,align:null
04-12 20:44:14.367468  1744  2228 D os.notification.pre:  remove Runnable 190785706 with StatusBarNotification 247308446 for puppet run current size 0
04-12 20:44:14.374125  1744  2021 V os.notification: no need to update importance since is low importance, pkg -> com.android.vending
04-12 20:44:14.374345  1744  2021 D os.notification.pre:  add StatusBarNotification 129046391 current size 1
04-12 20:44:14.374443  1744  2021 D os.notification: onEnqueueNotificationInternal wait before
04-12 20:44:14.374675  1744  2228 D NotificationService: notification = StatusBarNotification(pkg=com.android.vending user=UserHandle{0} id=-56862258 tag=null key=0|com.android.vending|-56862258|null|10231: Notification(channel=maintenance-v2 shortcut=null contentView=null vibrate=null sound=null defaults=0 flags=ONGOING_EVENT|ONLY_ALERT_ONCE|NO_CLEAR|FOREGROUND_SERVICE color=0xff01875f actions=2 vis=SECRET)); and importance = 2; and isMediaNotification = false
04-12 20:44:14.375145  1744  2228 D NotificationService: notifyListenersPostedAndLogLocked, NotificationRecord key=0|com.android.vending|-56862258|null|10231
04-12 20:44:14.375552  1744  2096 D os.notification.pre:  add Runnable 43365395 with StatusBarNotification 129046391 current size 1
04-12 20:44:14.375702  1744  2096 D os.notification: onEnqueueNotificationInternal notifyAll
04-12 20:44:14.375744  1744  2021 D os.notification: onEnqueueNotificationInternal wait after
04-12 20:44:14.375784  1744  2021 D os.notification: onEnqueueNotificationInternal StatusBarNotification:StatusBarNotification(pkg=com.android.vending user=UserHandle{0} id=-56862258 tag=null key=0|com.android.vending|-56862258|null|10231: Notification(channel=maintenance-v2 shortcut=null contentView=null vibrate=null sound=null defaults=0 flags=ONGOING_EVENT|ONLY_ALERT_ONCE|FOREGROUND_SERVICE color=0xff01875f actions=2 vis=SECRET)) callingUid:10231 sn:29 res:true
04-12 20:44:14.378777  1744  2228 V AlarmManager: set(PendingIntent{4da650: PendingIntentRecord{b9c6049 android broadcastIntent}}) : type=2 triggerAtTime=259220095 win=0 tElapsed=259220095 maxElapsed=259220095 interval=0 flags=0x9
04-12 20:44:14.378992  2451  6893 D TranAlarmAlignManager: alarmAlign system not ready:false,align:null
04-12 20:44:14.379075  1744  2228 V AlarmManager: set(PendingIntent{8616d4e: PendingIntentRecord{91d7e6f android broadcastIntent}}) : type=2 triggerAtTime=338170 win=0 tElapsed=338170 maxElapsed=338170 interval=0 flags=0x9
04-12 20:44:14.379204  2451  6893 D TranAlarmAlignManager: alarmAlign system not ready:false,align:null
04-12 20:44:14.379551  1744  2228 D os.notification.pre:  remove Runnable 43365395 with StatusBarNotification 129046391 for puppet run current size 0
04-12 20:44:14.383994  1744  2021 E NotificationService: Package enqueue rate is 6.872997. Shedding 0|com.android.vending|-56862258|null|10231. package=com.android.vending
04-12 20:44:14.384349  1744  2228 D NotificationService: notification = StatusBarNotification(pkg=com.android.vending user=UserHandle{0} id=-56862258 tag=null key=0|com.android.vending|-56862258|null|10231: Notification(channel=maintenance-v2 shortcut=null contentView=null vibrate=null sound=null defaults=0 flags=ONGOING_EVENT|ONLY_ALERT_ONCE|NO_CLEAR|FOREGROUND_SERVICE color=0xff01875f actions=2 vis=SECRET)); and importance = 2; and isMediaNotification = false
04-12 20:44:14.384831  1744  2228 D NotificationService: notifyListenersPostedAndLogLocked, NotificationRecord key=0|com.android.vending|-56862258|null|10231
