----- timezone:Asia/Shanghai
04-12 20:44:05.912950  1744  2699 I TranCustomizedTransitionAnimController: start setFromDynamicIslandToWindow startFromDynamicIsland:false targetPkgName:null
04-12 20:44:05.912955  1744  2699 I TranCustomizedTransitionAnimController: end setFromDynamicIslandToWindow mDynamicIslandPkgName:com.google.android.gms mStartFromDynamicIsland:false
04-12 20:44:05.914796  1744  2903 D ActivityTaskManager: isControllerAMonkey mController = null,mControllerIsAMonkey = false
04-12 20:44:05.916215  1744  4460 I START_DEBUG: send BINDTIMEOUT    ProcessRecord :ProcessRecord{954ec22 6217:com.transsion.statisticalsales/1000}
04-12 20:44:05.916242  1744  4460 I START_DEBUG: remove START_TIMEOUT finish    ProcessRecord :ProcessRecord{954ec22 6217:com.transsion.statisticalsales/1000}
04-12 20:44:05.916352  1744  4460 D os.ActivityManagerServiceLice: make process active com.transsion.statisticalsales(6217)
04-12 20:44:05.919976  6217  6236 I ActivityThread:  enable system monitor for package: com.transsion.statisticalsales
04-12 20:44:05.920923  6217  6217 E SystemMonitorUtils:  error to open /dev/ensignal file e=android.system.ErrnoException: open failed: EACCES (Permission denied)
04-12 20:44:05.921016  6217  6217 E SystemMonitorUtils:  error to open /dev/ensignal file e=android.system.ErrnoException: open failed: EACCES (Permission denied)
04-12 20:44:05.928016  6217  6236 D TranClassInfo: instance successfully. com.transsion.common.thubutils.AppProperties@dde6ff5 from com.transsion.hubsdk.thubutils.IAppProperties
04-12 20:44:05.931759  6154  6154 D TranClassInfo: instance successfully. com.transsion.hubcore.view.TranDisplayImpl@e4089af from com.transsion.hubcore.view.ITranDisplay
04-12 20:44:05.933196  6217  6236 I AppProperties: enter initialize com.transsion.statisticalsales
04-12 20:44:05.933338  6217  6236 I AppProperties: readAllPropFiles directoryPath=/system_ext/etc/vconfig/com.transsion.statisticalsales/
04-12 20:44:05.933401  6217  6236 I AppProperties: enter readPropFiles count=0
04-12 20:44:05.933412  6217  6236 I AppProperties: readAllPropFiles directoryPath=/tr_product/etc/vconfig/com.transsion.statisticalsales/
04-12 20:44:05.933432  6217  6236 I AppProperties: enter readPropFiles count=0
04-12 20:44:05.933437  6217  6236 I AppProperties: readAllPropFiles directoryPath=/tr_region/etc/vconfig/com.transsion.statisticalsales/
04-12 20:44:05.933451  6217  6236 I AppProperties: enter readPropFiles count=0
04-12 20:44:05.933455  6217  6236 I AppProperties: readAllPropFiles directoryPath=/tr_carrier/etc/vconfig/com.transsion.statisticalsales/
04-12 20:44:05.933471  6217  6236 I AppProperties: enter readPropFiles count=0
04-12 20:44:05.933477  6217  6236 I AppProperties: readAllPropFiles directoryPath=/tr_company/etc/vconfig/com.transsion.statisticalsales/
04-12 20:44:05.933491  6217  6236 I AppProperties: enter readPropFiles count=0
04-12 20:44:05.933495  6217  6236 I AppProperties: readAllPropFiles directoryPath=/tranfs/etc/vconfig/com.transsion.statisticalsales/
04-12 20:44:05.933546  6217  6236 I AppProperties: enter readPropFiles count=0
04-12 20:44:05.945636  1744  4103 I START_DEBUG: remove BIND_TIMEOUT finish    ProcessRecord :ProcessRecord{cd826d 6154:com.rlk.weathers/u0a256}
04-12 20:44:05.955075  1744  2070 D AlarmManager: Package com.rlk.weathers for user 0 now in bucket 10
04-12 20:44:05.958956  1744  2052 D ActivityTaskManager: isControllerAMonkey mController = null,mControllerIsAMonkey = false
04-12 20:44:05.962061  1744  2903 I ActivityManager: checkedOptions.getThunderBackSupport() = false, packageName = com.google.android.gms , thunderbackUserId = 0
04-12 20:44:05.962165  1744  2903 I TranCustomizedTransitionAnimController: TranDynamicBarAnimControllerImpl setFromDynamicIslandToWindow pkgName:com.google.android.gms
04-12 20:44:05.962179  1744  2903 I TranCustomizedTransitionAnimController: start setFromDynamicIslandToWindow startFromDynamicIsland:false targetPkgName:null
04-12 20:44:05.962185  1744  2903 I TranCustomizedTransitionAnimController: end setFromDynamicIslandToWindow mDynamicIslandPkgName:com.google.android.gms mStartFromDynamicIsland:false
04-12 20:44:05.970781   648   648 I keystore2: system/security/keystore2/src/security_level.rs:245 - caller pid=6154, uid=10256; force = false; key domain=r#KEY_ID, alias = None
04-12 20:44:05.971027   648   648 I keystore2: system/security/keystore2/src/security_level.rs:343 - upgrade_keyblob_if_required_with start
04-12 20:44:05.972271   648   648 I keystore2: system/security/keystore2/src/enforcements.rs:236 - finalize_create_authorization self.state=NoAuthRequired
04-12 20:44:05.972307   648   648 I keystore2: system/security/keystore2/src/security_level.rs:388 - upgrade_keyblob_if_required_with end; operation_db.create_operation start
04-12 20:44:05.972312   648   648 I keystore2: system/security/keystore2/src/security_level.rs:406 - operation_db.create_operation end
04-12 20:44:05.980218  1744  2903 I AppWidgetServiceImpl: getAppWidgetIds() 0
04-12 20:44:05.980499  1744  4460 I AppWidgetServiceImpl: getAppWidgetIds() 0
04-12 20:44:05.981870  1744  2903 I AppWidgetServiceImpl: getAppWidgetIds() 0
04-12 20:44:05.982432  1744  2699 I AppWidgetServiceImpl: getAppWidgetIds() 0
04-12 20:44:05.982783  1744  4410 I AppWidgetServiceImpl: getAppWidgetIds() 0
04-12 20:44:05.982920  1744  4410 I AppWidgetServiceImpl: getAppWidgetIds() 0
04-12 20:44:05.983864  1744  4410 I AppWidgetServiceImpl: getInstalledProvidersForProfiles() 0
04-12 20:44:05.984284  1744  2052 I AppWidgetServiceImpl: getAppWidgetIds() 0
04-12 20:44:05.984485  1744  4103 I AppWidgetServiceImpl: getAppWidgetIds() 0
04-12 20:44:05.989574  1744  2068 I ActivityManager: checkedOptions.getThunderBackSupport() = false, packageName = com.google.android.gms , thunderbackUserId = 0
04-12 20:44:05.989604  1744  2068 I TranCustomizedTransitionAnimController: TranDynamicBarAnimControllerImpl setFromDynamicIslandToWindow pkgName:com.google.android.gms
04-12 20:44:05.989610  1744  2068 I TranCustomizedTransitionAnimController: start setFromDynamicIslandToWindow startFromDynamicIsland:false targetPkgName:null
04-12 20:44:05.989615  1744  2068 I TranCustomizedTransitionAnimController: end setFromDynamicIslandToWindow mDynamicIslandPkgName:com.google.android.gms mStartFromDynamicIsland:false
04-12 20:44:05.993295  1744  4103 I UsfSystemServer/appSceneHooker: duplicate service bind status, skip
04-12 20:44:05.994829   648  3040 I keystore2: system/security/keystore2/src/security_level.rs:245 - caller pid=6154, uid=10256; force = false; key domain=r#KEY_ID, alias = None
04-12 20:44:05.994996   648  3040 I keystore2: system/security/keystore2/src/security_level.rs:343 - upgrade_keyblob_if_required_with start
04-12 20:44:05.996031  1744  4103 D TranClassInfo: instance successfully. com.transsion.hubcore.server.location.TranLocationImpl@375b180 from com.transsion.hubcore.server.location.ITranLocation
04-12 20:44:05.996248  1744  4460 I Telecom-TelecomServiceImpl$1: isInEmergencyCall: false: TSI.iIEC@AD0
04-12 20:44:06.006953  1744  4103 V AlarmManager: set(null) : type=2 triggerAtTime=49389 win=0 tElapsed=49389 maxElapsed=49389 interval=0 flags=0x21
04-12 20:44:06.007716   648  3040 I keystore2: system/security/keystore2/src/enforcements.rs:236 - finalize_create_authorization self.state=NoAuthRequired
04-12 20:44:06.007727   648  3040 I keystore2: system/security/keystore2/src/security_level.rs:388 - upgrade_keyblob_if_required_with end; operation_db.create_operation start
04-12 20:44:06.007731   648  3040 I keystore2: system/security/keystore2/src/security_level.rs:406 - operation_db.create_operation end
04-12 20:44:06.009330  2451  5183 D TranAlarmAlignManager: alarmAlign system not ready:false,align:null
04-12 20:44:06.015920  1744  4103 I AppWidgetServiceImpl: notifyProviderInheritance() 0
04-12 20:44:06.017810  1744  4410 D CompatChangeReporter: Compat change id reported: 311402873; UID 10256; state: ENABLED
04-12 20:44:06.017840  1744  4410 D CompatChangeReporter: Compat change id reported: 323349338; UID 10256; state: ENABLED
04-12 20:44:06.017900  1744  2533 I START_DEBUG: remove BIND_TIMEOUT finish    ProcessRecord :ProcessRecord{954ec22 6217:com.transsion.statisticalsales/1000}
04-12 20:44:06.023125  1744  4455 D CompatChangeReporter: Compat change id reported: 319212206; UID 10256; state: ENABLED
04-12 20:44:06.028417  1744  4460 V AlarmManager: set(null) : type=3 triggerAtTime=54637 win=18612 tElapsed=54637 maxElapsed=73249 interval=0 flags=0x0
04-12 20:44:06.029452  2451  5183 D TranAlarmAlignManager: alarmAlign system not ready:false,align:null
04-12 20:44:06.032729  1744  4460 I START_DEBUG: remove BIND_TIMEOUT finish    ProcessRecord :ProcessRecord{12e99f1 6183:com.google.android.gms.unstable/u0a232}
04-12 20:44:06.041581   648  3040 I keystore2: system/security/keystore2/src/security_level.rs:245 - caller pid=6154, uid=10256; force = false; key domain=r#KEY_ID, alias = None
04-12 20:44:06.041721   648  3040 I keystore2: system/security/keystore2/src/security_level.rs:343 - upgrade_keyblob_if_required_with start
04-12 20:44:06.042484   648  3040 I keystore2: system/security/keystore2/src/enforcements.rs:236 - finalize_create_authorization self.state=NoAuthRequired
04-12 20:44:06.042505   648  3040 I keystore2: system/security/keystore2/src/security_level.rs:388 - upgrade_keyblob_if_required_with end; operation_db.create_operation start
04-12 20:44:06.042510   648  3040 I keystore2: system/security/keystore2/src/security_level.rs:406 - operation_db.create_operation end
04-12 20:44:06.045160  1744  2423 I StandbyHandler/TranJobStateMonitor: uid:10221,pkgName:com.google.android.partnersetup/.ClientIdJobService jobId:8192 finish time:1970-01-01 08:00:29,duration:532
04-12 20:44:06.046615  1744  4460 D UsfSystemServer/appSceneHooker: action is empty in service bind status
04-12 20:44:06.050551  1744  2533 V AlarmManager: set(null) : type=2 triggerAtTime=7229389 win=0 tElapsed=7229389 maxElapsed=7229389 interval=0 flags=0x21
04-12 20:44:06.051067  2451  5183 D TranAlarmAlignManager: alarmAlign system not ready:false,align:null
04-12 20:44:06.064182  1744  4460 D UsfSystemServer/appSceneHooker: action is empty in service bind status
04-12 20:44:06.064652  1744  2423 I StandbyHandler/TranJobStateMonitor: uid:10256,pkgName:com.rlk.weathers/androidx.work.impl.background.systemjob.SystemJobService jobId:12 start time:1970-01-01 08:00:29
04-12 20:44:06.068488  6154  6267 W PowerProfile: ambient.on is deprecated! Use ambient.on.display0 instead.
04-12 20:44:06.068533  6154  6267 W PowerProfile: screen.on is deprecated! Use screen.on.display0 instead.
04-12 20:44:06.068543  6154  6267 W PowerProfile: screen.full is deprecated! Use screen.full.display0 instead.
04-12 20:44:06.068592  6154  6267 W ModemPowerProfile: getAverageBatteryDrainMaH called with unexpected key: 0x0, drain:SLEEP,RAT:DEFAULT
04-12 20:44:06.068625  6154  6267 W ModemPowerProfile: getAverageBatteryDrainMaH called with unexpected key: 0x10000000, drain:IDLE,RAT:DEFAULT
04-12 20:44:06.068636  6154  6267 W ModemPowerProfile: getAverageBatteryDrainMaH called with unexpected key: 0x20000000, drain:RX,RAT:DEFAULT
04-12 20:44:06.068650  6154  6267 W ModemPowerProfile: getAverageBatteryDrainMaH called with unexpected key: 0x30000000, drain:TX,level:0,RAT:DEFAULT
04-12 20:44:06.068656  6154  6267 W ModemPowerProfile: getAverageBatteryDrainMaH called with unexpected key: 0x31000000, drain:TX,level:1,RAT:DEFAULT
04-12 20:44:06.068664  6154  6267 W ModemPowerProfile: getAverageBatteryDrainMaH called with unexpected key: 0x32000000, drain:TX,level:2,RAT:DEFAULT
04-12 20:44:06.068671  6154  6267 W ModemPowerProfile: getAverageBatteryDrainMaH called with unexpected key: 0x33000000, drain:TX,level:3,RAT:DEFAULT
04-12 20:44:06.068677  6154  6267 W ModemPowerProfile: getAverageBatteryDrainMaH called with unexpected key: 0x34000000, drain:TX,level:4,RAT:DEFAULT
04-12 20:44:06.080254  1744  4103 E JobScheduler.JobStatus: App com.google.android.apps.wellbeing became active but still in NEVER bucket
04-12 20:44:06.080332  1744  4460 W ActivityManager: pid 3883 com.google.android.gms sent binder code 1 with flags 2 to frozen apps and got error -2147483646
04-12 20:44:06.080348  1744  4460 D ActivityManager: Too many transaction errors, throttling freezer binder callback.
04-12 20:44:06.082729  1744  2903 E JobScheduler.JobStatus: App com.google.android.apps.wellbeing became active but still in NEVER bucket
04-12 20:44:06.083689  1744  2423 I StandbyHandler/TranJobStateMonitor: uid:10256,pkgName:com.rlk.weathers/androidx.work.impl.background.systemjob.SystemJobService jobId:12 finish time:1970-01-01 08:00:29,duration:19
04-12 20:44:06.084623  1744  4486 D UsfSystemServer/appSceneHooker: action is empty in service bind status
04-12 20:44:06.085368  1744  4486 D CompatChangeReporter: Compat change id reported: 311208629; UID 10256; state: ENABLED
04-12 20:44:06.093116  1744  2533 E JobScheduler.JobStatus: App com.google.android.apps.wellbeing became active but still in NEVER bucket
04-12 20:44:06.101625  1744  4460 D ActivityTaskManager: isControllerAMonkey mController = null,mControllerIsAMonkey = false
04-12 20:44:06.106573  1744  4103 V ActivityManager: Death received in com.android.server.am.ActivityManagerService$AppDeathRecipient@528943a for thread android.os.BinderProxy@e4cf8eb
04-12 20:44:06.108998  1744  4103 I ActivityManager: Process com.transsion.statisticalsales (pid 6217) has died: fg  RCVR
04-12 20:44:06.109305  1744  1744 D MBrainLocalService: notifyAppLifeCycle failed
04-12 20:44:06.109973  1744  4103 D os.ActivityManagerServiceLice: make process inactive com.transsion.statisticalsales(6217)
04-12 20:44:06.111531  1744  1946 D ActivityTaskManager_Recents: Skipping, user setup not complete: Task{e75495b #6 type=undefined A=10188:com.transsion.magazineservice.xos nonResizable}
04-12 20:44:06.111575  1744  4103 I START_DEBUG: remove ALL_TIMEOUT cleanup   ProcessRecord :ProcessRecord{954ec22 6217:com.transsion.statisticalsales/1000}
04-12 20:44:06.112632  1744  1946 W tranpm/ProcessUtils: getProcessNameByPid error file not exist : proc/6217/cmdline
04-12 20:44:06.112925  1744  1946 I griffin_dfx_process_died: ApplicationExitInfo(timestamp=2026/4/12 20:44 pid=6217 realUid=1000 packageUid=1000 definingUid=1000 user=0 process=com.transsion.statisticalsales reason=1 (EXIT_SELF) subreason=0 (UNKNOWN) status=0 importance=300 pss=0.00 rss=0.00 description=null state=empty trace=null exitInfoExt=TranApplicationExitInfoExt{mRecentid=-1, mIsMainProcess=true, mVmsize=-1, mVmlock=-1, mVmHWM=-1, mVmRss=-1, mRssAnon=-1, mRssFile=-1, mRssShmem=-1, mVmSwap=-1, mWorkingState=-1, mSchedGroup=-1, mOomAdj=-1, mHostingType='-1, mAlivetime=-1, mIsHiber=false, mHibertime=-1, mHiberReason='-1, mLruReason='-1}
04-12 20:44:06.114277  1744  2941 V AlarmManager: set(PendingIntent{613597e: PendingIntentRecord{f5aedf com.google.android.gms/com.google.android.gms.core startService}}) : type=3 triggerAtTime=1829906 win=1350000 tElapsed=1829906 maxElapsed=3179906 interval=0 flags=0x0
04-12 20:44:06.114708  2451  5183 D TranAlarmAlignManager: alarmAlign system not ready:false,align:null
04-12 20:44:06.116533  1744  2294 D UsfSystemServer/appSceneHooker: action is empty in service bind status
04-12 20:44:06.117334  1744  2903 E JobScheduler.JobStatus: App com.google.android.apps.wellbeing became active but still in NEVER bucket
04-12 20:44:06.119028  1744  2423 I StandbyHandler/TranJobStateMonitor: uid:10232,pkgName:@SyncManager@com.google.android.gms.chromesync/com.google:android jobId:4 start time:1970-01-01 08:00:29
04-12 20:44:06.121027  1744  2068 V AlarmManager: set(null) : type=2 triggerAtTime=30010 win=0 tElapsed=30010 maxElapsed=30010 interval=0 flags=0x0
04-12 20:44:06.121928  1744  2068 V AlarmManager: set(null) : type=3 triggerAtTime=30010 win=0 tElapsed=30010 maxElapsed=30010 interval=0 flags=0x0
04-12 20:44:06.122405  1744  4103 E JobScheduler.JobStatus: App com.google.android.apps.wellbeing became active but still in NEVER bucket
04-12 20:44:06.122628  2451  5183 D TranAlarmAlignManager: alarmAlign system not ready:false,align:null
04-12 20:44:06.122685  2451  5183 D TranAlarmAlignManager: alarmAlign system not ready:false,align:null
04-12 20:44:06.125734  1744  2534 V AlarmManager: set(null) : type=2 triggerAtTime=59918 win=0 tElapsed=59918 maxElapsed=59918 interval=0 flags=0x9
04-12 20:44:06.126565  2451  5119 D TranAlarmAlignManager: alarmAlign system not ready:false,align:null
04-12 20:44:06.127870  1744  2534 V AlarmManager: set(null) : type=3 triggerAtTime=29919 win=0 tElapsed=34920 maxElapsed=34920 interval=0 flags=0x1
04-12 20:44:06.128826  2451  5119 D TranAlarmAlignManager: alarmAlign system not ready:false,align:null
04-12 20:44:06.130919  1744  2423 I StandbyHandler/TranJobStateMonitor: uid:10221,pkgName:com.google.android.partnersetup/.PhenotypeJobService jobId:2 finish time:1970-01-01 08:00:29,duration:295
04-12 20:44:06.131062  1744  4460 D UsfSystemServer/appSceneHooker: action is empty in service bind status
04-12 20:44:06.148453  1744  2070 D AlarmManager: Package com.google.android.gm for user 0 now in bucket 20
04-12 20:44:06.149862  1744  2070 D AlarmManager: Package com.sh.smart.caller for user 0 now in bucket 20
04-12 20:44:06.156204  6183  6313 D TranClassInfo: instance successfully. com.transsion.hubcore.hardware.TranSystemSensorManagerImpl@8cb0c87 from com.transsion.hubcore.hardware.ITranSystemSensorManager
04-12 20:44:06.156394  6183  6313 D HeartRateOximetryLiceFactory: HeartRateOximetryLice is supported
04-12 20:44:06.156623  6183  6313 D EngineManager: [trustedPrefixes] start ,isPreinstalledPath is false,prefix is com.transsion.,sourceDir is /data/app/~~MdVePR4_xkAFKkfvfq4aIQ==/com.google.android.gms-WpJNIfWRrgn5vtKGnlcbog==/base.apk,packageName.startsWith(prefix) is false,packageName is com.google.android.gms
04-12 20:44:06.156631  6183  6313 D EngineManager: [trustedPrefixes] start ,isPreinstalledPath is false,prefix is tech.palm.,sourceDir is /data/app/~~MdVePR4_xkAFKkfvfq4aIQ==/com.google.android.gms-WpJNIfWRrgn5vtKGnlcbog==/base.apk,packageName.startsWith(prefix) is false,packageName is com.google.android.gms
04-12 20:44:06.156635  6183  6313 D EngineManager: [trustedPrefixes] start ,isPreinstalledPath is false,prefix is com.mediatek.,sourceDir is /data/app/~~MdVePR4_xkAFKkfvfq4aIQ==/com.google.android.gms-WpJNIfWRrgn5vtKGnlcbog==/base.apk,packageName.startsWith(prefix) is false,packageName is com.google.android.gms
04-12 20:44:06.156639  6183  6313 D EngineManager: [trustedPrefixes] start ,isPreinstalledPath is false,prefix is com.android.,sourceDir is /data/app/~~MdVePR4_xkAFKkfvfq4aIQ==/com.google.android.gms-WpJNIfWRrgn5vtKGnlcbog==/base.apk,packageName.startsWith(prefix) is false,packageName is com.google.android.gms
04-12 20:44:06.156645  6183  6313 D EngineManager: [trustedPrefixes] start ,isPreinstalledPath is false,prefix is com.google.,sourceDir is /data/app/~~MdVePR4_xkAFKkfvfq4aIQ==/com.google.android.gms-WpJNIfWRrgn5vtKGnlcbog==/base.apk,packageName.startsWith(prefix) is true,packageName is com.google.android.gms
04-12 20:44:06.156649  6183  6313 D EngineManager: [trustedPrefixes] start ,isPreinstalledPath is false,prefix is android.,sourceDir is /data/app/~~MdVePR4_xkAFKkfvfq4aIQ==/com.google.android.gms-WpJNIfWRrgn5vtKGnlcbog==/base.apk,packageName.startsWith(prefix) is false,packageName is com.google.android.gms
04-12 20:44:06.158389  6183  6313 D EngineManager: Signature digest whitelist rule matched! Trust granted.
04-12 20:44:06.161327  1744  1941 I ActivityManager: Start proc 6331:com.transsion.statisticalsales/1000 for broadcast {com.transsion.statisticalsales/com.transsion.statisticalsales.receiver.SimReceiver}
04-12 20:44:06.163845  1744  1941 I START_DEBUG: send START_TIMEOUT message    ProcessRecord :ProcessRecord{7d99fc4 6331:com.transsion.statisticalsales/1000}
04-12 20:44:06.163888  1744  1941 I ActivityManager: ProcessObserver broadcast disabled
04-12 20:44:06.173540  1744  4410 D CompatChangeReporter: Compat change id reported: 297989574; UID 10256; state: ENABLED
04-12 20:44:06.181133  1744  2885 V SettingsProvider: name : tran_cached_contact_info_version appId : 1000
04-12 20:44:06.185840  1744  4460 E JobScheduler.JobStatus: App com.google.android.apps.wellbeing became active but still in NEVER bucket
04-12 20:44:06.187746  1744  4410 V ActivityManager: New death recipient com.android.server.am.ActivityManagerService$AppDeathRecipient@b5a0d16 for thread android.os.BinderProxy@a587697
04-12 20:44:06.188516  6183  6313 D TranClassInfo: instance successfully. com.transsion.hubcore.view.TranDisplayImpl@c3c394c from com.transsion.hubcore.view.ITranDisplay
04-12 20:44:06.188848  3883  6339 D ActivityThread: Loading provider com.google.android.gms.chromesync: com.google.android.gms.chromesync.sync.SyncContentProvider
04-12 20:44:06.190296  1744  4410 I START_DEBUG: send BINDTIMEOUT    ProcessRecord :ProcessRecord{7d99fc4 6331:com.transsion.statisticalsales/1000}
04-12 20:44:06.190322  1744  4410 I START_DEBUG: remove START_TIMEOUT finish    ProcessRecord :ProcessRecord{7d99fc4 6331:com.transsion.statisticalsales/1000}
04-12 20:44:06.190401  1744  4410 D os.ActivityManagerServiceLice: make process active com.transsion.statisticalsales(6331)
04-12 20:44:06.193258  6331  6349 I ActivityThread:  enable system monitor for package: com.transsion.statisticalsales
04-12 20:44:06.193957  3883  6339 E ActivityThread: Failed to find provider info for subscribedfeeds
04-12 20:44:06.196402  3883  6339 E ActivityThread: Failed to find provider info for subscribedfeeds
04-12 20:44:06.197787  1744  2941 D ActivityTaskManager: isControllerAMonkey mController = null,mControllerIsAMonkey = false
04-12 20:44:06.198624  6331  6349 D TranClassInfo: instance successfully. com.transsion.common.thubutils.AppProperties@40cb92c from com.transsion.hubsdk.thubutils.IAppProperties
04-12 20:44:06.198741  6331  6349 I AppProperties: enter initialize com.transsion.statisticalsales
04-12 20:44:06.198864  6331  6349 I AppProperties: readAllPropFiles directoryPath=/system_ext/etc/vconfig/com.transsion.statisticalsales/
04-12 20:44:06.198912  6331  6349 I AppProperties: enter readPropFiles count=0
04-12 20:44:06.198921  6331  6349 I AppProperties: readAllPropFiles directoryPath=/tr_product/etc/vconfig/com.transsion.statisticalsales/
04-12 20:44:06.198935  6331  6349 I AppProperties: enter readPropFiles count=0
04-12 20:44:06.198940  6331  6349 I AppProperties: readAllPropFiles directoryPath=/tr_region/etc/vconfig/com.transsion.statisticalsales/
04-12 20:44:06.198951  6331  6349 I AppProperties: enter readPropFiles count=0
04-12 20:44:06.198956  6331  6349 I AppProperties: readAllPropFiles directoryPath=/tr_carrier/etc/vconfig/com.transsion.statisticalsales/
04-12 20:44:06.198965  6331  6349 I AppProperties: enter readPropFiles count=0
04-12 20:44:06.198970  6331  6349 I AppProperties: readAllPropFiles directoryPath=/tr_company/etc/vconfig/com.transsion.statisticalsales/
04-12 20:44:06.198979  6331  6349 I AppProperties: enter readPropFiles count=0
04-12 20:44:06.198984  6331  6349 I AppProperties: readAllPropFiles directoryPath=/tranfs/etc/vconfig/com.transsion.statisticalsales/
04-12 20:44:06.199022  6331  6349 I AppProperties: enter readPropFiles count=0
04-12 20:44:06.199090  1744  2534 V AlarmManager: set(null) : type=2 triggerAtTime=7229389 win=0 tElapsed=7229389 maxElapsed=7229389 interval=0 flags=0x21
04-12 20:44:06.199489  2451  5183 D TranAlarmAlignManager: alarmAlign system not ready:false,align:null
04-12 20:44:06.199970  6331  6331 E SystemMonitorUtils:  error to open /dev/ensignal file e=android.system.ErrnoException: open failed: EACCES (Permission denied)
04-12 20:44:06.200054  6331  6331 E SystemMonitorUtils:  error to open /dev/ensignal file e=android.system.ErrnoException: open failed: EACCES (Permission denied)
04-12 20:44:06.208299  1744  2119 V AlarmManager: Checking for alarms... rtc=1775997846208, elapsed=30000
04-12 20:44:06.210375  1744  2534 I UsfSystemServer/appSceneHooker: duplicate service bind status, skip
04-12 20:44:06.217654  1744  2119 V AlarmManager: Checking for alarms... rtc=1775997846217, elapsed=30010
04-12 20:44:06.217762  1744  2119 V AlarmManager: Triggering alarm #0: Alarm{7416025 type 3 origWhen 30010 whenElapsed 30010 android}
04-12 20:44:06.217770  1744  2119 V AlarmManager: Triggering alarm #1: Alarm{3bf65fa type 2 origWhen 30010 whenElapsed 30010 android}
04-12 20:44:06.217810  1744  2119 V AlarmManager: sending alarm Alarm{7416025 type 3 origWhen 30010 whenElapsed 30010 android}
04-12 20:44:06.217875  1744  2119 V AlarmManager: Alarm to uid=1000 listener=android.app.AlarmManager$ListenerWrapper@68fd450
04-12 20:44:06.217895  1744  2119 D AlarmManager: mBroadcastRefCount -> 1
04-12 20:44:06.219187  1744  2119 V AlarmManager: sending alarm Alarm{3bf65fa type 2 origWhen 30010 whenElapsed 30010 android}
04-12 20:44:06.219251  1744  2119 V AlarmManager: Alarm to uid=1000 listener=android.app.AlarmManager$ListenerWrapper@a25e57c
04-12 20:44:06.219259  1744  2119 D AlarmManager: mBroadcastRefCount -> 2
04-12 20:44:06.219444  1744  2070 V AlarmManager: set(null) : type=3 triggerAtTime=60011 win=22500 tElapsed=60011 maxElapsed=82511 interval=0 flags=0x0
04-12 20:44:06.219684  2451  5183 D TranAlarmAlignManager: alarmAlign system not ready:false,align:null
04-12 20:44:06.219802  1744  2070 I AlarmManager: alarmComplete() from android.app.AlarmManager$ListenerWrapper@68fd450
04-12 20:44:06.219830  1744  2070 D AlarmManager: mBroadcastRefCount -> 1
04-12 20:44:06.224382  1744  2070 D UsfSystemServer/appSceneHooker: action is empty in service bind status
04-12 20:44:06.224813  1744  2423 I StandbyHandler/TranJobStateMonitor: uid:10221,pkgName:com.google.android.partnersetup/.ClientIdJobService jobId:8192 start time:1970-01-01 08:00:30
04-12 20:44:06.225046  1744  2070 V AlarmManager: set(null) : type=2 triggerAtTime=804761 win=581058 tElapsed=804761 maxElapsed=1385819 interval=0 flags=0x0
04-12 20:44:06.225213  2451  5183 D TranAlarmAlignManager: alarmAlign system not ready:false,align:null
04-12 20:44:06.225421  1744  2070 I AlarmManager: alarmComplete() from android.app.AlarmManager$ListenerWrapper@a25e57c
04-12 20:44:06.225451  1744  2070 D AlarmManager: mBroadcastRefCount -> 0
04-12 20:44:06.244286  1744  2533 I BroadcastQueue: BOOT_COMPLETED_BROADCAST_COMPLETION_LATENCY_REPORTED action:android.intent.action.LOCKED_BOOT_COMPLETED dispatchLatency:79 completeLatency:7230 dispatchRealLatency:79 completeRealLatency:7230 receiversSize:13 userId:0 userType:android.os.usertype.full.SYSTEM
04-12 20:44:06.244968  1744  1903 W TranClassInfo: instance failed. com.transsion.hubcore.spdopts.others.implement.TranSystemConfigUtilComponentImpl from com.transsion.hubcore.spdcomponent.ITranSystemConfigUtilComponent
04-12 20:44:06.244968  1744  1903 W TranClassInfo: java.lang.ClassNotFoundException: com.transsion.hubcore.spdopts.others.implement.TranSystemConfigUtilComponentImpl
04-12 20:44:06.244968  1744  1903 W TranClassInfo: 	at java.lang.Class.classForName(Native Method)
04-12 20:44:06.244968  1744  1903 W TranClassInfo: 	at java.lang.Class.forName(Class.java:591)
04-12 20:44:06.244968  1744  1903 W TranClassInfo: 	at com.transsion.hubcore.utils.TranClassInfo.getImpl(TranClassInfo.java:73)
04-12 20:44:06.244968  1744  1903 W TranClassInfo: 	at com.transsion.hubcore.spdcomponent.ITranSystemConfigUtilComponent.Instance(ITranSystemConfigUtilComponent.java:42)
04-12 20:44:06.244968  1744  1903 W TranClassInfo: 	at healthstandard.h1.n(SourceFile:1)
04-12 20:44:06.244968  1744  1903 W TranClassInfo: 	at healthstandard.h1.b(SourceFile:32)
04-12 20:44:06.244968  1744  1903 W TranClassInfo: 	at healthstandard.h1.r(SourceFile:1)
04-12 20:44:06.244968  1744  1903 W TranClassInfo: 	at com.transsion.performance.tsppm.taskprocess.implement.TranTaskProcessComponentImpl.onBootCompleted(SourceFile:1)
04-12 20:44:06.244968  1744  1903 W TranClassInfo: 	at com.transsion.hubcore.server.am.TranActivityManagerServiceImpl.onBootCompleted(TranActivityManagerServiceImpl.java:684)
04-12 20:44:06.244968  1744  1903 W TranClassInfo: 	at com.android.server.am.ActivityManagerService$11.performReceive(ActivityManagerService.java:5899)
04-12 20:44:06.244968  1744  1903 W TranClassInfo: 	at android.app.ActivityThread$ApplicationThread.scheduleRegisteredReceiver(ActivityThread.java:1621)
04-12 20:44:06.244968  1744  1903 W TranClassInfo: 	at android.app.IApplicationThread$Delegator.scheduleRegisteredReceiver(IApplicationThread.java:292)
04-12 20:44:06.244968  1744  1903 W TranClassInfo: 	at com.android.server.am.SameProcessApplicationThread.lambda$scheduleRegisteredReceiver$1(SameProcessApplicationThread.java:70)
04-12 20:44:06.244968  1744  1903 W TranClassInfo: 	at com.android.server.am.SameProcessApplicationThread.$r8$lambda$xSNZcV-izZZ4vzJCToJP1hgj54U(SameProcessApplicationThread.java:0)
04-12 20:44:06.244968  1744  1903 W TranClassInfo: 	at com.android.server.am.SameProcessApplicationThread$$ExternalSyntheticLambda1.run(R8$$SyntheticClass:0)
04-12 20:44:06.244968  1744  1903 W TranClassInfo: 	at android.os.Handler.handleCallback(Handler.java:995)
04-12 20:44:06.244968  1744  1903 W TranClassInfo: 	at android.os.Handler.dispatchMessage(Handler.java:103)
04-12 20:44:06.244968  1744  1903 W TranClassInfo: 	at android.os.Looper.loopOnce(Looper.java:327)
04-12 20:44:06.244968  1744  1903 W TranClassInfo: 	at android.os.Looper.loop(Looper.java:431)
04-12 20:44:06.244968  1744  1903 W TranClassInfo: 	at android.os.HandlerThread.run(HandlerThread.java:85)
04-12 20:44:06.244968  1744  1903 W TranClassInfo: 	at com.android.server.ServiceThread.run(ServiceThread.java:49)
04-12 20:44:06.244968  1744  1903 W TranClassInfo: Caused by: java.lang.ClassNotFoundException: com.transsion.hubcore.spdopts.others.implement.TranSystemConfigUtilComponentImpl
04-12 20:44:06.244968  1744  1903 W TranClassInfo: 	... 21 more
04-12 20:44:06.245027  1744  1903 D TranClassInfo: using com.transsion.hubcore.spdcomponent.ITranSystemConfigUtilComponent$DefaultImpl@20e6d11 instead of com.transsion.hubcore.spdopts.others.implement.TranSystemConfigUtilComponentImpl from com.transsion.hubcore.spdcomponent.ITranSystemConfigUtilComponent
04-12 20:44:06.245116  1744  1903 D TaskProcess_Mgr: initDefaultConfig CUR_RAM_LEVEL= 0 mGlobalMaxNumAdjTasks= 3 mGlobalMaxNumTrackTasks= 10
04-12 20:44:06.245548  1744  1903 D TaskProcess_Mgr: initCloud finished
04-12 20:44:06.245570  1744  1903 D TaskProcess_Mgr: beginInit finished TRACKER_SUPPORT= true ADJ_SUPPORT= 0 LOCAL_TEST_SUPPORT= 0
04-12 20:44:06.245761  1744  1903 I TranAspFzImpl: startObserver
04-12 20:44:06.245901  1744  1929 E TaskProcess_Mgr: loadJsonFromFile file not exists=/product/apm/config/tran_taskprocess_config.json
04-12 20:44:06.245949  1744  1929 E TaskProcess_Mgr: handleLoadLocalConfigMsg error: json is null
04-12 20:44:06.259098  1744  2534 I START_DEBUG: remove BIND_TIMEOUT finish    ProcessRecord :ProcessRecord{7d99fc4 6331:com.transsion.statisticalsales/1000}
04-12 20:44:06.267102  1744  2423 I StandbyHandler/TranJobStateMonitor: uid:10232,pkgName:@SyncManager@com.google.android.gms.chromesync/com.google:android jobId:4 finish time:1970-01-01 08:00:30,duration:148
04-12 20:44:06.269498  1744  1744 D UsfSystemServer/appSceneHooker: action is empty in service bind status
04-12 20:44:06.281961  1744  2534 V AlarmManager: set(PendingIntent{dbc0167: PendingIntentRecord{e242b14 com.google.android.gms/com.google.android.gms.westworld startService}}) : type=3 triggerAtTime=43230073 win=3600000 tElapsed=43230073 maxElapsed=46830073 interval=0 flags=0x0
04-12 20:44:06.282400  2451  5183 D TranAlarmAlignManager: alarmAlign system not ready:false,align:null
04-12 20:44:06.283378  1744  2068 V AlarmManager: set(PendingIntent{d43c9b2: PendingIntentRecord{fe3e4ad com.google.android.gms/com.google.android.gms.scheduler broadcastIntent}}) : type=3 triggerAtTime=31074 win=0 tElapsed=35075 maxElapsed=35075 interval=0 flags=0x0
04-12 20:44:06.283767  2451  5183 D TranAlarmAlignManager: alarmAlign system not ready:false,align:null
04-12 20:44:06.285478  1744  2068 E JobScheduler.JobStatus: App com.google.android.apps.wellbeing became active but still in NEVER bucket
04-12 20:44:06.290862  1744  4410 V AlarmManager: set(PendingIntent{c36dd0a: PendingIntentRecord{a71597b com.google.android.gms/com.google.android.gms.westworld startService}}) : type=3 triggerAtTime=14430082 win=10800000 tElapsed=14430082 maxElapsed=25230082 interval=14400000 flags=0x0
04-12 20:44:06.294656  1744  2068 D UsfSystemServer/appSceneHooker: action is empty in service bind status
04-12 20:44:06.295645  1744  2423 I StandbyHandler/TranJobStateMonitor: uid:10230,pkgName:@androidx.work.systemjobscheduler@com.google.android.apps.wellbeing/androidx.work.impl.background.systemjob.SystemJobService jobId:81 start time:1970-01-01 08:00:30
04-12 20:44:06.296946  2451  5119 D TranAlarmAlignManager: alarmAlign system not ready:false,align:null
04-12 20:44:06.302908  1744  4098 D UsfSystemServer/appSceneHooker: action is empty in service bind status
04-12 20:44:06.324992  1744  4410 D NotificationService: areNotificationsEnabledForPackage pkg=com.google.android.gms, uid=10232 enabled = true
04-12 20:44:06.333063  1744  4103 V AlarmManager: set(PendingIntent{aeac09d: PendingIntentRecord{d1c61b com.google.android.gms/com.google.android.gms.gcm broadcastIntent}}) : type=2 triggerAtTime=42124 win=0 tElapsed=42124 maxElapsed=42124 interval=0 flags=0x21
04-12 20:44:06.349152  2451  5119 D TranAlarmAlignManager: alarmAlign system not ready:false,align:null
04-12 20:44:06.350909  1744  2052 V ActivityManager: Death received in com.android.server.am.ActivityManagerService$AppDeathRecipient@b5a0d16 for thread android.os.BinderProxy@a587697
04-12 20:44:06.359172  1744  2052 I ActivityManager: Process com.transsion.statisticalsales (pid 6331) has died: fg  RCVR
04-12 20:44:06.360999  1744  2052 D os.ActivityManagerServiceLice: make process inactive com.transsion.statisticalsales(6331)
04-12 20:44:06.362220  1744  1946 D ActivityTaskManager_Recents: Skipping, user setup not complete: Task{e75495b #6 type=undefined A=10188:com.transsion.magazineservice.xos nonResizable}
04-12 20:44:06.365333  1744  2052 I START_DEBUG: remove ALL_TIMEOUT cleanup   ProcessRecord :ProcessRecord{7d99fc4 6331:com.transsion.statisticalsales/1000}
04-12 20:44:06.365579  1744  1744 D MBrainLocalService: notifyAppLifeCycle failed
04-12 20:44:06.365826  1744  2534 V AlarmManager: set(null) : type=2 triggerAtTime=1829389 win=0 tElapsed=1829389 maxElapsed=1829389 interval=0 flags=0x21
04-12 20:44:06.366926  2451  5119 D TranAlarmAlignManager: alarmAlign system not ready:false,align:null
04-12 20:44:06.380566  1744  1941 I ActivityManager: Start proc 6377:com.mediatek.batterywarning/1000 for broadcast {com.mediatek.batterywarning/com.mediatek.batterywarning.BatteryWarningReceiver}
04-12 20:44:06.380707  1744  1941 I START_DEBUG: send START_TIMEOUT message    ProcessRecord :ProcessRecord{cdedf8 6377:com.mediatek.batterywarning/1000}
04-12 20:44:06.380717  1744  1941 I ActivityManager: ProcessObserver broadcast disabled
04-12 20:44:06.389145  1744  1946 W tranpm/ProcessUtils: getProcessNameByPid error file not exist : proc/6331/cmdline
04-12 20:44:06.395894  1744  1946 I griffin_dfx_process_died: ApplicationExitInfo(timestamp=2026/4/12 20:44 pid=6331 realUid=1000 packageUid=1000 definingUid=1000 user=0 process=com.transsion.statisticalsales reason=0 (UNKNOWN) subreason=0 (UNKNOWN) status=0 importance=300 pss=0.00 rss=0.00 description=null state=empty trace=null exitInfoExt=TranApplicationExitInfoExt{mRecentid=-1, mIsMainProcess=true, mVmsize=-1, mVmlock=-1, mVmHWM=-1, mVmRss=-1, mRssAnon=-1, mRssFile=-1, mRssShmem=-1, mVmSwap=-1, mWorkingState=-1, mSchedGroup=-1, mOomAdj=-1, mHostingType='-1, mAlivetime=-1, mIsHiber=false, mHibertime=-1, mHiberReason='-1, mLruReason='-1}
04-12 20:44:06.396073  1744  1946 I griffin_dfx_process_died: ApplicationExitInfo(timestamp=2026/4/12 20:44 pid=6331 realUid=1000 packageUid=1000 definingUid=1000 user=0 process=com.transsion.statisticalsales reason=1 (EXIT_SELF) subreason=0 (UNKNOWN) status=0 importance=300 pss=0.00 rss=0.00 description=null state=empty trace=null exitInfoExt=TranApplicationExitInfoExt{mRecentid=-1, mIsMainProcess=true, mVmsize=-1, mVmlock=-1, mVmHWM=-1, mVmRss=-1, mRssAnon=-1, mRssFile=-1, mRssShmem=-1, mVmSwap=-1, mWorkingState=-1, mSchedGroup=-1, mOomAdj=-1, mHostingType='-1, mAlivetime=-1, mIsHiber=false, mHibertime=-1, mHiberReason='-1, mLruReason='-1}
04-12 20:44:06.405889  1744  2052 I tranpm/ServicePolicy: limitBindServiceLocked by systemSence - cold: callingPackage = com.android.vending, targetPkg = com.android.vending
04-12 20:44:06.411124  1744  2052 W ActivityManager: Unbind failed: could not find connection for android.os.BinderProxy@40613ed
04-12 20:44:06.422344  1744  4486 V ActivityManager: New death recipient com.android.server.am.ActivityManagerService$AppDeathRecipient@37a090f for thread android.os.BinderProxy@a529d9c
04-12 20:44:06.422977  1744  4486 D CompatChangeReporter: Compat change id reported: 151861875; UID 1000; state: ENABLED
04-12 20:44:06.424167  1744  4486 I START_DEBUG: send BINDTIMEOUT    ProcessRecord :ProcessRecord{cdedf8 6377:com.mediatek.batterywarning/1000}
04-12 20:44:06.424203  1744  4486 I START_DEBUG: remove START_TIMEOUT finish    ProcessRecord :ProcessRecord{cdedf8 6377:com.mediatek.batterywarning/1000}
04-12 20:44:06.424265  1744  4486 D os.ActivityManagerServiceLice: make process active com.mediatek.batterywarning(6377)
04-12 20:44:06.425624  6377  6405 I ActivityThread:  enable system monitor for package: com.mediatek.batterywarning
04-12 20:44:06.426673  6377  6377 E SystemMonitorUtils:  error to open /dev/ensignal file e=android.system.ErrnoException: open failed: EACCES (Permission denied)
04-12 20:44:06.427308  1744  4410 D ActivityTaskManager: isControllerAMonkey mController = null,mControllerIsAMonkey = false
04-12 20:44:06.427354  1744  4410 I PackageManager: setEnabledSettings callingUid = 10232 callingPid = 3883 packageName = com.google.android.gms.supervision componentName = null callingPackage= com.google.android.gms newState = 2 userId = 0 flags = 0
04-12 20:44:06.429330  6377  6405 D TranClassInfo: instance successfully. com.transsion.common.thubutils.AppProperties@40cb92c from com.transsion.hubsdk.thubutils.IAppProperties
04-12 20:44:06.429590  6377  6405 I AppProperties: enter initialize com.mediatek.batterywarning
04-12 20:44:06.429836  6377  6377 E SystemMonitorUtils:  error to open /dev/ensignal file e=android.system.ErrnoException: open failed: EACCES (Permission denied)
04-12 20:44:06.430869  6377  6405 I AppProperties: readAllPropFiles directoryPath=/system_ext/etc/vconfig/com.mediatek.batterywarning/
04-12 20:44:06.430928  6377  6405 I AppProperties: enter readPropFiles count=0
04-12 20:44:06.430947  6377  6405 I AppProperties: readAllPropFiles directoryPath=/tr_product/etc/vconfig/com.mediatek.batterywarning/
04-12 20:44:06.430972  6377  6405 I AppProperties: enter readPropFiles count=0
04-12 20:44:06.430981  6377  6405 I AppProperties: readAllPropFiles directoryPath=/tr_region/etc/vconfig/com.mediatek.batterywarning/
04-12 20:44:06.431005  6377  6405 I AppProperties: enter readPropFiles count=0
04-12 20:44:06.431012  6377  6405 I AppProperties: readAllPropFiles directoryPath=/tr_carrier/etc/vconfig/com.mediatek.batterywarning/
04-12 20:44:06.431022  6377  6405 I AppProperties: enter readPropFiles count=0
04-12 20:44:06.431026  6377  6405 I AppProperties: readAllPropFiles directoryPath=/tr_company/etc/vconfig/com.mediatek.batterywarning/
04-12 20:44:06.431036  6377  6405 I AppProperties: enter readPropFiles count=0
04-12 20:44:06.431041  6377  6405 I AppProperties: readAllPropFiles directoryPath=/tranfs/etc/vconfig/com.mediatek.batterywarning/
04-12 20:44:06.431084  6377  6405 I AppProperties: enter readPropFiles count=0
04-12 20:44:06.454156  1744  2903 D NotificationService: areNotificationsEnabledForPackage pkg=com.google.android.gms, uid=10232 enabled = true
04-12 20:44:06.454777  1744  4486 D NotificationService: areNotificationsEnabledForPackage pkg=com.google.android.gms, uid=10232 enabled = true
04-12 20:44:06.456935  1744  4455 I UsfSystemServer/appSceneHooker: duplicate service bind status, skip
04-12 20:44:06.457948  1744  4455 D NotificationService: areNotificationsEnabledForPackage pkg=com.google.android.gms, uid=10232 enabled = true
04-12 20:44:06.464128  1744  4410 E tranpm/ProcessDataInstance: hasLaunchIcon: packageName = null
04-12 20:44:06.464142  1744  4410 E tranpm/ProcessDataInstance: hasLaunchIcon: packageName = null
04-12 20:44:06.465077  1744  2533 E tranpm/ProcessDataInstance: hasLaunchIcon: packageName = null
04-12 20:44:06.465111  1744  2533 E tranpm/ProcessDataInstance: hasLaunchIcon: packageName = null
04-12 20:44:06.471743  1744  4410 I UsfSystemServer/appSceneHooker: duplicate service bind status, skip
04-12 20:44:06.472707  1744  2336 I thermalLightController: com.android.settings
04-12 20:44:06.472707  1744  2336 I thermalLightController: {package=^.*$, autoLight=true
04-12 20:44:06.472707  1744  2336 I thermalLightController:   level1=LevelValue{trigger=43, exit=41, brightness=500}
04-12 20:44:06.472707  1744  2336 I thermalLightController:   level2=LevelValue{trigger=45, exit=43, brightness=350}
04-12 20:44:06.472707  1744  2336 I thermalLightController:   level3=LevelValue{trigger=47, exit=45, brightness=280}
04-12 20:44:06.472707  1744  2336 I thermalLightController:   level4=LevelValue{trigger=49, exit=47, brightness=210}
04-12 20:44:06.472707  1744  2336 I thermalLightController: }
04-12 20:44:06.472750  1744  2336 I thermalLightController: Level-1 :com.android.settings, autoBackLight=true, screenType=OLED, temp=43.719, level=1, isLevelUpgrade=true, brightnessNits=500
04-12 20:44:06.472759  1744  2336 I thermalLightController: updateBrightness!!!!!
04-12 20:44:06.473052  1744  1968 D TranBatterySaveBrightnessLimitController: shouldBrightnessLimit mBatterySaveBrightnessConfigInfos BatterySaveBrightnessConfigInfo{id=1, switchData=1, nits=[70, 130], ratios=[0.0, 0.15], rateIns=[0, 15, 15], rateOuts=[0, 15, 15]}
04-12 20:44:06.473228  1744  1968 I DisplayPowerController[0]: thermalLight brightnessState: 0.075968415 time: 15.0
04-12 20:44:06.473325  1744  1968 I DisplayPowerController[0]: thermalLight currentHlg: 0.47739422 targetHlg: 0.47739422 rate: 0.0
04-12 20:44:06.473368  1744  1968 I TranOriginHbmController[L]: needsXDRAnimationExit brightness = 0.075968415, sdrBrightness = 0.075968415 mIsTemporaryInspired = false, GetHbmScreenBrightness() = 1.0, GetSdrBrightness = 0.07778024, mSdrBrightness = 0.07778024, mCurrentBrightness = 0.0, mForceHbmChangeCallback = false, mRatioChange = false
04-12 20:44:06.474304  1744  4488 I START_DEBUG: remove BIND_TIMEOUT finish    ProcessRecord :ProcessRecord{cdedf8 6377:com.mediatek.batterywarning/1000}
04-12 20:44:06.495674  1744  2903 D UsfSystemServer/appSceneHooker: action is empty in service bind status
04-12 20:44:06.496272  1744  2533 I UsfSystemServer/appSceneHooker: duplicate service bind status, skip
04-12 20:44:06.496635  1744  2423 I StandbyHandler/TranJobStateMonitor: uid:10231,pkgName:com.android.vending/com.google.android.finsky.scheduler.process.mainimpl.PhoneskyJobServiceMain jobId:9458 start time:1970-01-01 08:00:30
04-12 20:44:06.511386  1744  2699 D UsfSystemServer/appSceneHooker: action is empty in service bind status
04-12 20:44:06.518314  1744  4460 V AlarmManager: set(PendingIntent{446b6: PendingIntentRecord{fe3e4ad com.google.android.gms/com.google.android.gms.scheduler broadcastIntent}}) : type=3 triggerAtTime=42553 win=9182 tElapsed=42553 maxElapsed=51735 interval=0 flags=0x0
04-12 20:44:06.519155  1744  1940 I tranpm/BroadcastPolicy: isBlockHs2 true
04-12 20:44:06.519195  1744  1940 I tranpm/BroadcastPolicy: limitScheduleReceiverColdLocked by idle: callingPackage = com.google.android.providers.media.module, targetPkg = com.google.android.photopicker action = android.intent.action.MAIN
04-12 20:44:06.520390  2451  5404 D TranAlarmAlignManager: alarmAlign system not ready:false,align:null
04-12 20:44:06.521192  1744  1940 D CompatChangeReporter: Compat change id reported: 151861875; UID 10102; state: ENABLED
04-12 20:44:06.525964  1744  1941 I ActivityManager: Start proc 5167:com.android.traceur/u0a102 for broadcast {com.android.traceur/com.android.traceur.Receiver}
04-12 20:44:06.526384  1744  4486 V AlarmManager: set(PendingIntent{389c6cb: PendingIntentRecord{83daea8 com.google.android.gms/com.google.android.gms.contextmanager startService}}) : type=2 triggerAtTime=315360030318 win=3600000 tElapsed=315360030318 maxElapsed=315363630318 interval=0 flags=0x0
04-12 20:44:06.530807  1744  1941 I START_DEBUG: send START_TIMEOUT message    ProcessRecord :ProcessRecord{b7bd90 5167:com.android.traceur/u0a102}
04-12 20:44:06.531174  1744  1941 I ActivityManager: ProcessObserver broadcast disabled
04-12 20:44:06.540138  5451  6391 D TranClassInfo: instance successfully. com.transsion.hubcore.hardware.TranSystemSensorManagerImpl@6fead2b from com.transsion.hubcore.hardware.ITranSystemSensorManager
04-12 20:44:06.540312  1744  4455 V ActivityManager: New death recipient com.android.server.am.ActivityManagerService$AppDeathRecipient@b8e11d8 for thread android.os.BinderProxy@9fd9931
04-12 20:44:06.541227  5451  6391 D HeartRateOximetryLiceFactory: HeartRateOximetryLice is supported
04-12 20:44:06.543719  5167  6450 I ActivityThread:  enable system monitor for package: com.android.traceur
04-12 20:44:06.544823  5451  6391 D EngineManager: [trustedPrefixes] start ,isPreinstalledPath is false,prefix is com.transsion.,sourceDir is /data/app/~~RRGjuYQOGGx4RdaSI_zjwg==/com.google.android.googlequicksearchbox-n3-5zTnJZoBTvV0jxdhjkQ==/base.apk,packageName.startsWith(prefix) is false,packageName is com.google.android.googlequicksearchbox
04-12 20:44:06.544855  5451  6391 D EngineManager: [trustedPrefixes] start ,isPreinstalledPath is false,prefix is tech.palm.,sourceDir is /data/app/~~RRGjuYQOGGx4RdaSI_zjwg==/com.google.android.googlequicksearchbox-n3-5zTnJZoBTvV0jxdhjkQ==/base.apk,packageName.startsWith(prefix) is false,packageName is com.google.android.googlequicksearchbox
04-12 20:44:06.544860  2451  5119 D TranAlarmAlignManager: alarmAlign system not ready:false,align:null
04-12 20:44:06.544886  5451  6391 D EngineManager: [trustedPrefixes] start ,isPreinstalledPath is false,prefix is com.mediatek.,sourceDir is /data/app/~~RRGjuYQOGGx4RdaSI_zjwg==/com.google.android.googlequicksearchbox-n3-5zTnJZoBTvV0jxdhjkQ==/base.apk,packageName.startsWith(prefix) is false,packageName is com.google.android.googlequicksearchbox
04-12 20:44:06.544900  5451  6391 D EngineManager: [trustedPrefixes] start ,isPreinstalledPath is false,prefix is com.android.,sourceDir is /data/app/~~RRGjuYQOGGx4RdaSI_zjwg==/com.google.android.googlequicksearchbox-n3-5zTnJZoBTvV0jxdhjkQ==/base.apk,packageName.startsWith(prefix) is false,packageName is com.google.android.googlequicksearchbox
04-12 20:44:06.544907  5451  6391 D EngineManager: [trustedPrefixes] start ,isPreinstalledPath is false,prefix is com.google.,sourceDir is /data/app/~~RRGjuYQOGGx4RdaSI_zjwg==/com.google.android.googlequicksearchbox-n3-5zTnJZoBTvV0jxdhjkQ==/base.apk,packageName.startsWith(prefix) is true,packageName is com.google.android.googlequicksearchbox
04-12 20:44:06.544913  5451  6391 D EngineManager: [trustedPrefixes] start ,isPreinstalledPath is false,prefix is android.,sourceDir is /data/app/~~RRGjuYQOGGx4RdaSI_zjwg==/com.google.android.googlequicksearchbox-n3-5zTnJZoBTvV0jxdhjkQ==/base.apk,packageName.startsWith(prefix) is false,packageName is com.google.android.googlequicksearchbox
04-12 20:44:06.544990  5167  6450 D TranClassInfo: instance successfully. com.transsion.common.thubutils.AppProperties@40cb92c from com.transsion.hubsdk.thubutils.IAppProperties
04-12 20:44:06.545059  5167  6450 I AppProperties: enter initialize com.android.traceur
04-12 20:44:06.545154  5167  6450 I AppProperties: readAllPropFiles directoryPath=/system_ext/etc/vconfig/com.android.traceur/
04-12 20:44:06.545209  5167  6450 I AppProperties: enter readPropFiles count=0
04-12 20:44:06.545216  5167  6450 I AppProperties: readAllPropFiles directoryPath=/tr_product/etc/vconfig/com.android.traceur/
04-12 20:44:06.545229  5167  6450 I AppProperties: enter readPropFiles count=0
04-12 20:44:06.545233  5167  6450 I AppProperties: readAllPropFiles directoryPath=/tr_region/etc/vconfig/com.android.traceur/
04-12 20:44:06.545249  5167  6450 I AppProperties: enter readPropFiles count=0
04-12 20:44:06.545253  5167  6450 I AppProperties: readAllPropFiles directoryPath=/tr_carrier/etc/vconfig/com.android.traceur/
04-12 20:44:06.545261  5167  6450 I AppProperties: enter readPropFiles count=0
04-12 20:44:06.545264  5167  6450 I AppProperties: readAllPropFiles directoryPath=/tr_company/etc/vconfig/com.android.traceur/
04-12 20:44:06.545271  5167  6450 I AppProperties: enter readPropFiles count=0
04-12 20:44:06.545274  5167  6450 I AppProperties: readAllPropFiles directoryPath=/tranfs/etc/vconfig/com.android.traceur/
04-12 20:44:06.545297  5167  6450 I AppProperties: enter readPropFiles count=0
04-12 20:44:06.547862  5451  6391 D EngineManager: Signature digest whitelist rule matched! Trust granted.
04-12 20:44:06.547927  1744  4455 I START_DEBUG: send BINDTIMEOUT    ProcessRecord :ProcessRecord{b7bd90 5167:com.android.traceur/u0a102}
04-12 20:44:06.547948  1744  4455 I START_DEBUG: remove START_TIMEOUT finish    ProcessRecord :ProcessRecord{b7bd90 5167:com.android.traceur/u0a102}
04-12 20:44:06.548022  1744  4455 D os.ActivityManagerServiceLice: make process active com.android.traceur(5167)
