04-12 20:44:08.379260  1744  2119 V AlarmManager: sending alarm Alarm{a8bfc77 type 2 origWhen 32168 whenElapsed 32168 android}
04-12 20:44:08.380685  1744  2119 V AlarmManager: Alarm to uid=1000 listener=android.app.AlarmManager$ListenerWrapper@a25e57c
04-12 20:44:08.381471  1744  2119 D AlarmManager: mBroadcastRefCount -> 1
04-12 20:44:08.392877  1744  2070 V AlarmManager: set(null) : type=2 triggerAtTime=32217 win=0 tElapsed=32217 maxElapsed=32217 interval=0 flags=0x0
04-12 20:44:08.393366  1744  2070 I AlarmManager: alarmComplete() from android.app.AlarmManager$ListenerWrapper@a25e57c
04-12 20:44:08.393405  1744  2070 D AlarmManager: mBroadcastRefCount -> 0
04-12 20:44:08.393689  2451  5404 D TranAlarmAlignManager: alarmAlign system not ready:false,align:null
04-12 20:44:08.398744  1744  1900 D CompatChangeReporter: Compat change id reported: 151861875; UID 10144; state: ENABLED
04-12 20:44:08.414372  1744  2070 D UsfSystemServer/appSceneHooker: action is empty in service bind status
04-12 20:44:08.415788  1744  2423 I StandbyHandler/TranJobStateMonitor: uid:10221,pkgName:com.google.android.partnersetup/.AppHidingJobService jobId:12288 start time:1970-01-01 08:00:32
04-12 20:44:08.429604  1744  4454 D ActivityTaskManager: isControllerAMonkey mController = null,mControllerIsAMonkey = false
04-12 20:44:08.430258  1744  2119 V AlarmManager: Checking for alarms... rtc=1775997848430, elapsed=32222
04-12 20:44:08.430986  1744  2119 V AlarmManager: Triggering alarm #0: Alarm{8ae4cba type 2 origWhen 32217 whenElapsed 32217 android}
04-12 20:44:08.432776  1744  2119 V AlarmManager: sending alarm Alarm{8ae4cba type 2 origWhen 32217 whenElapsed 32217 android}
04-12 20:44:08.433308  1744  2119 V AlarmManager: Alarm to uid=1000 listener=android.app.AlarmManager$ListenerWrapper@a25e57c
04-12 20:44:08.433386  1744  2119 D AlarmManager: mBroadcastRefCount -> 1
04-12 20:44:08.439313  1744  1974 W TranPerf-KswapdLittleCoreFeature: [setAffinity] Tid:91 mask:255
04-12 20:44:08.442126  1744  2070 V AlarmManager: set(null) : type=2 triggerAtTime=804761 win=579399 tElapsed=804761 maxElapsed=1384160 interval=0 flags=0x0
04-12 20:44:08.444892  2451  5119 D TranAlarmAlignManager: alarmAlign system not ready:false,align:null
04-12 20:44:08.445302  1744  2070 I AlarmManager: alarmComplete() from android.app.AlarmManager$ListenerWrapper@a25e57c
04-12 20:44:08.445787  1744  2070 D AlarmManager: mBroadcastRefCount -> 0
04-12 20:44:08.449903  1744  1941 W ActivityManager: Slow operation: 51ms so far, now at startProcess: done updating battery stats
04-12 20:44:08.450050  1744  1941 W ActivityManager: Slow operation: 51ms so far, now at startProcess: building log message
04-12 20:44:08.450060  1744  1941 I ActivityManager: Start proc 6812:com.transsion.trancare/u0a144 for service {com.transsion.trancare/com.transsion.trancare.MainService}
04-12 20:44:08.450080  1744  1941 W ActivityManager: Slow operation: 51ms so far, now at startProcess: starting to update pids map
04-12 20:44:08.450166  1744  1941 I START_DEBUG: send START_TIMEOUT message    ProcessRecord :ProcessRecord{2f17975 6812:com.transsion.trancare/u0a144}
04-12 20:44:08.450176  1744  1941 I ActivityManager: ProcessObserver broadcast disabled
04-12 20:44:08.450425  1744  1941 W ActivityManager: Slow operation: 51ms so far, now at startProcess: done updating pids map
04-12 20:44:08.452476  1744  2070 D UsfSystemServer/appSceneHooker: action is empty in service bind status
04-12 20:44:08.453567  1744  2423 I StandbyHandler/TranJobStateMonitor: uid:10221,pkgName:com.google.android.partnersetup/.ClientIdJobService jobId:8192 start time:1970-01-01 08:00:32
04-12 20:44:08.454604  1744  4410 V ActivityManager: New death recipient com.android.server.am.ActivityManagerService$AppDeathRecipient@2fdb912 for thread android.os.BinderProxy@a5778e3
04-12 20:44:08.458683  1744  4410 I START_DEBUG: send BINDTIMEOUT    ProcessRecord :ProcessRecord{2f17975 6812:com.transsion.trancare/u0a144}
04-12 20:44:08.458738  1744  4410 I START_DEBUG: remove START_TIMEOUT finish    ProcessRecord :ProcessRecord{2f17975 6812:com.transsion.trancare/u0a144}
04-12 20:44:08.458807  1744  4410 D os.ActivityManagerServiceLice: make process active com.transsion.trancare(6812)
04-12 20:44:08.460747  6812  6827 I ActivityThread:  enable system monitor for package: com.transsion.trancare
04-12 20:44:08.463687  6812  6812 E SystemMonitorUtils:  error to open /dev/ensignal file e=android.system.ErrnoException: open failed: EACCES (Permission denied)
04-12 20:44:08.463755  6812  6812 E SystemMonitorUtils:  error to open /dev/ensignal file e=android.system.ErrnoException: open failed: EACCES (Permission denied)
04-12 20:44:08.465312  6812  6827 D TranClassInfo: instance successfully. com.transsion.common.thubutils.AppProperties@dde6ff5 from com.transsion.hubsdk.thubutils.IAppProperties
04-12 20:44:08.465748  6812  6827 I AppProperties: enter initialize com.transsion.trancare
04-12 20:44:08.466019  6812  6827 I AppProperties: readAllPropFiles directoryPath=/system_ext/etc/vconfig/com.transsion.trancare/
04-12 20:44:08.467059  6812  6827 I AppProperties: enter readPropFiles count=0
04-12 20:44:08.467306  6812  6827 I AppProperties: readAllPropFiles directoryPath=/tr_product/etc/vconfig/com.transsion.trancare/
04-12 20:44:08.467907  6812  6827 I AppProperties: enter readPropFiles count=0
04-12 20:44:08.468185  6812  6827 I AppProperties: readAllPropFiles directoryPath=/tr_region/etc/vconfig/com.transsion.trancare/
04-12 20:44:08.468408  6812  6827 I AppProperties: enter readPropFiles count=0
04-12 20:44:08.468813  6812  6827 I AppProperties: readAllPropFiles directoryPath=/tr_carrier/etc/vconfig/com.transsion.trancare/
04-12 20:44:08.468943  6812  6827 I AppProperties: enter readPropFiles count=0
04-12 20:44:08.471354  6812  6827 I AppProperties: readAllPropFiles directoryPath=/tr_company/etc/vconfig/com.transsion.trancare/
04-12 20:44:08.473069  6812  6827 I AppProperties: enter readPropFiles count=0
04-12 20:44:08.473098  6812  6827 I AppProperties: readAllPropFiles directoryPath=/tranfs/etc/vconfig/com.transsion.trancare/
04-12 20:44:08.474588  6812  6827 I AppProperties: enter readPropFiles count=0
04-12 20:44:08.478388  1744  2534 D NotificationService: areNotificationsEnabledForPackage pkg=com.google.android.gms, uid=10232 enabled = true
04-12 20:44:08.489257  3883  4200 V Configuration: Updating configuration, locales updated from [] to [zh_CN_#Hans]
04-12 20:44:08.493679  3883  4200 V Configuration: Updating configuration, locales updated from [] to [zh_CN_#Hans]
04-12 20:44:08.496620  3883  4200 V Configuration: Updating configuration, locales updated from [] to [zh_CN_#Hans]
04-12 20:44:08.501329  1744  2535 D ActivityTaskManager: isControllerAMonkey mController = null,mControllerIsAMonkey = false
04-12 20:44:08.508694  3883  4200 V Configuration: Updating configuration, locales updated from [] to [zh_CN_#Hans]
04-12 20:44:08.511942  1744  2488 W NotificationHistory: Attempted to remove channel for locked/gone/disabled user 0
04-12 20:44:08.512304  1744  2488 W NotificationHistory: Attempted to remove channel for locked/gone/disabled user 0
04-12 20:44:08.513448  3883  4200 V Configuration: Updating configuration, locales updated from [] to [zh_CN_#Hans]
04-12 20:44:08.520787  3883  4200 V Configuration: Updating configuration, locales updated from [] to [zh_CN_#Hans]
04-12 20:44:08.524576  1744  2534 D ActivityTaskManager: isControllerAMonkey mController = null,mControllerIsAMonkey = false
04-12 20:44:08.524801  1744  2533 D NotificationService: areNotificationsEnabledForPackage pkg=com.google.android.gms, uid=10232 enabled = true
04-12 20:44:08.528176  3883  4200 V Configuration: Updating configuration, locales updated from [] to [zh_CN_#Hans]
04-12 20:44:08.529846  1744  2052 I os.notification: tranImportance = 14,muteTime = 9223372036854775807 ,currentTime = 1775997848529 ,pkg -> com.google.android.gms currentImportance =3 ,appGroup=0
04-12 20:44:08.529907  1744  2052 I os.notification: cloud notification effect controller success
04-12 20:44:08.529931  1744  2052 I os.notification: set NotificationRecord 0|com.google.android.gms|1000|a:GMSCORE_STORE_RENDERER:0b135afdc4360000:107718207925398475592|10232 silent flag
04-12 20:44:08.531488  3883  4200 V Configuration: Updating configuration, locales updated from [] to [zh_CN_#Hans]
04-12 20:44:08.534843  3883  4200 V Configuration: Updating configuration, locales updated from [] to [zh_CN_#Hans]
04-12 20:44:08.540016  3883  4200 V Configuration: Updating configuration, locales updated from [] to [zh_CN_#Hans]
04-12 20:44:08.541790  1744  2052 D os.notification.pre:  add StatusBarNotification 56236033 current size 1
04-12 20:44:08.543232  1744  2052 D os.notification: onEnqueueNotificationInternal wait before
04-12 20:44:08.545431  3883  4200 V Configuration: Updating configuration, locales updated from [] to [zh_CN_#Hans]
04-12 20:44:08.547428  3883  4200 V Configuration: Updating configuration, locales updated from [] to [zh_CN_#Hans]
04-12 20:44:08.556596  3883  4200 V Configuration: Updating configuration, locales updated from [] to [zh_CN_#Hans]
04-12 20:44:08.563377  6673  6673 I AppProperties: Instance
04-12 20:44:08.563402  6673  6673 I AppProperties: enter initialize com.sh.smart.caller
04-12 20:44:08.563409  6673  6673 I AppProperties: Not fisrt enter.
04-12 20:44:08.563418  6673  6673 I AppProperties: enter get.
04-12 20:44:08.565298  1744  2096 D os.notification.pre:  add Runnable 244843377 with StatusBarNotification 56236033 current size 1
04-12 20:44:08.565736  1744  2096 D os.notification: onEnqueueNotificationInternal notifyAll
04-12 20:44:08.567097  1744  2052 D os.notification: onEnqueueNotificationInternal wait after
04-12 20:44:08.567184  1744  2052 D os.notification: onEnqueueNotificationInternal StatusBarNotification:StatusBarNotification(pkg=com.google.android.gms user=UserHandle{0} id=1000 tag=a:GMSCORE_STORE_RENDERER:0b135afdc4360000:107718207925398475592 key=0|com.google.android.gms|1000|a:GMSCORE_STORE_RENDERER:0b135afdc4360000:107718207925398475592|10232: Notification(channel=com.google.android.gms.notifications::SECURITY_ALERTS shortcut=null contentView=null vibrate=null sound=null tick defaults=0 flags=LOCAL_ONLY|SILENT color=0x00000000 actions=1 vis=PRIVATE publicVersion=Notification(channel=null shortcut=null contentView=null vibrate=null sound=null defaults=0 flags=0 color=0x00000000 vis=PRIVATE))) callingUid:10232 sn:3 res:true
04-12 20:44:08.606645   648  3040 I keystore2: system/security/keystore2/src/security_level.rs:245 - caller pid=6673, uid=10139; force = false; key domain=r#KEY_ID, alias = None
04-12 20:44:08.607061   648  3040 I keystore2: system/security/keystore2/src/security_level.rs:343 - upgrade_keyblob_if_required_with start
04-12 20:44:08.608290   648  3040 I keystore2: system/security/keystore2/src/enforcements.rs:236 - finalize_create_authorization self.state=NoAuthRequired
04-12 20:44:08.608311   648  3040 I keystore2: system/security/keystore2/src/security_level.rs:388 - upgrade_keyblob_if_required_with end; operation_db.create_operation start
04-12 20:44:08.608315   648  3040 I keystore2: system/security/keystore2/src/security_level.rs:406 - operation_db.create_operation end
04-12 20:44:08.611836  1744  2228 D os.notification.pre:  remove Runnable 244843377 with StatusBarNotification 56236033 for puppet run current size 0
04-12 20:44:08.614332  1744  4455 I START_DEBUG: remove BIND_TIMEOUT finish    ProcessRecord :ProcessRecord{2f17975 6812:com.transsion.trancare/u0a144}
04-12 20:44:08.625182  3883  3996 V Configuration: Updating configuration, locales updated from [] to [zh_CN_#Hans]
04-12 20:44:08.629335  1744  2423 I StandbyHandler/TranJobStateMonitor: uid:10230,pkgName:@androidx.work.systemjobscheduler@com.google.android.apps.wellbeing/androidx.work.impl.background.systemjob.SystemJobService jobId:81 finish time:1970-01-01 08:00:32,duration:2334
04-12 20:44:08.630244  1744  2052 D ActivityTaskManager: isControllerAMonkey mController = null,mControllerIsAMonkey = false
04-12 20:44:08.637847  1744  2052 I PackageManager: setEnabledSettings callingUid = 10221 callingPid = 5946 packageName = com.android.vending componentName = null callingPackage= com.google.android.partnersetup newState = 1 userId = 0 flags = 1
04-12 20:44:08.638572  1744  2534 I UsfSystemServer/appSceneHooker: duplicate service bind status, skip
04-12 20:44:08.639241  1744  1968 I PowerManagerService: updateWakefulnessLocked idx: 0 getIsConnectSource: false getIsConnectingState: false
04-12 20:44:08.639286  1744  1968 D PowerManagerService: startCheckBlackWakelock ...
04-12 20:44:08.639379  1744  1968 I PowerGroup: Powering off display group due to timeout (groupId= 0, uid= 1000, millisSinceLastUserActivity=10000, lastUserActivityEvent=deviceState)...
04-12 20:44:08.639438  1744  1968 D MagellanHandle: updateRefreshRateForSceneVsyncs what = 26
04-12 20:44:08.639496  1744  1968 D PowerManagerNotifier: handleEarlyInteractiveChange startedGoingToSleep: 0
04-12 20:44:08.639726  1744  2295 D PowerManagerNotifier: handleEarlyInteractiveChange startedGoingToSleep:start 
04-12 20:44:08.639880  1744  2295 D KeyguardMonitor: Clear notifying packages when going to sleep
04-12 20:44:08.639987  1744  2295 D TranFingerprintServiceExtImpl_mtk: notifyScreenState mode=0, isDreamAnimationEnable() = false
04-12 20:44:08.640090  1744  2268 I TranFingerprintServiceExtImpl_mtk: updateClientStatus: forceUpdateUiStatus = true
04-12 20:44:08.640104  1744  2268 I TranFingerprintServiceExtImpl_mtk: updateClientStatus mCurrentClient=null mKeyguardClient=false, mClientAuthSuccess = false, mClientStatus = 0
04-12 20:44:08.640165  1744  2295 I TranAlwaysOnDisplayHelper: Now mIsKeyguardStateWakingUp :false
04-12 20:44:08.640185  1744  2268 D TranFingerprintServiceExtImpl_mtk: updateFingerUiStatusChange mAodActivateFingerprint=false, mScreenState = 0
04-12 20:44:08.640191  1744  2295 D KeyguardMonitor: Clear notifying packages when going to sleep
04-12 20:44:08.640312  1744  2268 D TranFingerprintServiceExtImpl_mtk: updateFingerUiStatusChange statusChanged=false, mKeyguardClientVisible=true, mClientAuthSuccess = false, mAodActivateFingerprint = false, mKeyguardClient = false, mScreenState = 0, mIsDozeSuspend = false, mUserClientVisible = true
04-12 20:44:08.640349  1744  2295 D TranFingerprintServiceExtImpl_mtk: notifyScreenState mode=0, isDreamAnimationEnable() = false
04-12 20:44:08.640416  1744  2268 I TranFingerprintServiceExtImpl_mtk: updateFingerUiStatusChange mShowStatus=5, mScreenState = 0
04-12 20:44:08.640687  6673  6673 D TranClassInfo: instance successfully. com.transsion.hubcore.view.TranDisplayImpl@ced834d from com.transsion.hubcore.view.ITranDisplay
04-12 20:44:08.644231  1744  2338 D TranBaseRefreshRatePolicy:  mScreenOnGoingState state = 0
04-12 20:44:08.645882  1744  1907 D WindowManager: System monitor commitFinishDrawingLocked activity = null canShowWindows = null type = 2019
04-12 20:44:08.645952  1744  1907 D WindowManager: Showing Window{9c3c76b u0 Taskbar} during animation: policyVis=true isVisible = false mViewVisibility = 0 tok.visibleRequested = false tok.visible= false
04-12 20:44:08.650274  1744  1968 V SettingsProvider: name : tran_settings_wakeup_details appId : 1000
04-12 20:44:08.650559  1744  1968 I PowerManagerService: Going to sleep due to timeout (uid 1000, screenOffTimeout=30000, activityTimeoutWM=10000, maxDimRatio=0.20000005, maxDimDur=7000)...
04-12 20:44:08.653539  1744  2532 D UsfSystemServer/appSceneHooker: action is empty in service bind status
04-12 20:44:08.663499  1744  4488 I START_DEBUG: remove BIND_TIMEOUT finish    ProcessRecord :ProcessRecord{9850fc2 6673:com.sh.smart.caller/u0a139}
04-12 20:44:08.667421  1744  2534 D CoreBackPreview: Window{3e9f61b u0 NotificationShade}: Setting back callback null
04-12 20:44:08.671542  1744  4103 D ActivityTaskManager: isControllerAMonkey mController = null,mControllerIsAMonkey = false
04-12 20:44:08.699008  1744  2052 D ActivityTaskManager: isControllerAMonkey mController = null,mControllerIsAMonkey = false
04-12 20:44:08.711217  1744  2052 I PackageManager: setEnabledSettings callingUid = 10221 callingPid = 5946 packageName = com.google.android.apps.maps componentName = null callingPackage= com.google.android.partnersetup newState = 1 userId = 0 flags = 1
04-12 20:44:08.726661  1744  2052 D ActivityTaskManager: isControllerAMonkey mController = null,mControllerIsAMonkey = false
04-12 20:44:08.728236  1744  2052 I PackageManager: setEnabledSettings callingUid = 10221 callingPid = 5946 packageName = com.google.android.videos componentName = null callingPackage= com.google.android.partnersetup newState = 2 userId = 0 flags = 0
04-12 20:44:08.730480  1744  2923 D ActivityTaskManager: isControllerAMonkey mController = null,mControllerIsAMonkey = false
04-12 20:44:08.730506  1744  2923 I PackageManager: setEnabledSettings callingUid = 10221 callingPid = 5946 packageName = com.google.android.youtube componentName = null callingPackage= com.google.android.partnersetup newState = 1 userId = 0 flags = 1
04-12 20:44:08.750071  1744  2295 I AppLockLice: onWakefulnessChanged:false
04-12 20:44:08.751817  3883  3996 V Configuration: Updating configuration, locales updated from [] to [zh_CN_#Hans]
04-12 20:44:08.756514  3883  3996 V Configuration: Updating configuration, locales updated from [] to [zh_CN_#Hans]
04-12 20:44:08.758509  3883  3996 V Configuration: Updating configuration, locales updated from [] to [zh_CN_#Hans]
04-12 20:44:08.763463  1744  2295 D aegean_TranAegeanCompImpl: onWakefulnessChanged=false
04-12 20:44:08.765990  1744  2416 D aegean_MemoryFusionFileUtils: writeValueToProc /proc/memfusion/zram_wb_switch: 1
04-12 20:44:08.772064  1744  2408 D aegean_UmfPolicy: all- state=SCENE_SCREEN_OFF
04-12 20:44:08.777757  3883  3996 V Configuration: Updating configuration, locales updated from [] to [zh_CN_#Hans]
04-12 20:44:08.785057  3883  3996 V Configuration: Updating configuration, locales updated from [] to [zh_CN_#Hans]
04-12 20:44:08.800029  1744  1968 D TranPowerStateChangedController: onColorFadeSateChanged: colorFadeState = 2
04-12 20:44:08.800709  3883  3996 V Configuration: Updating configuration, locales updated from [] to [zh_CN_#Hans]
04-12 20:44:08.803088  1744  1968 D TranBatterySaveBrightnessLimitController: shouldBrightnessLimit mBatterySaveBrightnessConfigInfos BatterySaveBrightnessConfigInfo{id=1, switchData=1, nits=[70, 130], ratios=[0.0, 0.15], rateIns=[0, 15, 15], rateOuts=[0, 15, 15]}
04-12 20:44:08.803202  1744  1968 I DisplayPowerController[0]: thermalLight brightnessState: 0.075968415 time: 15.0
04-12 20:44:08.803221  1744  1968 I DisplayPowerController[0]: thermalLight currentHlg: 0.47739422 targetHlg: 0.47739422 rate: 0.0
04-12 20:44:08.803314  1744  1968 I DisplayPowerController[0]: BrightnessEvent: brt=0.075968415 (48.0%), nits= 56.759808, lux=15.0, reason=automatic, strat=InvalidBrightnessStrategy, state=ON, stateReason=DEFAULT_POLICY, policy=OFF, flags=, initBrt=0.075968415, rcmdBrt=0.075968415, preBrt=NaN, preLux=0.0, wasShortTermModelActive=false, autoBrightness=true (default), unclampedBrt=0.075968415, hbmMax=1.0, hbmMode=off, thrmMax=1.0, rbcStrength=50, powerFactor=1.0, physDisp=内置屏幕(local:4627039422300187648), logicalId=0, slowChange=true, rampSpeed=0.0
04-12 20:44:08.805538  1744  2533 I tranpm/ProviderPolicy: isBlockedByHealthStandard: block by code=2000
04-12 20:44:08.806671  1744  2534 E MtkSecurityHelper: aidl teeGetDeviceLockInfo fail, errCode: -1
04-12 20:44:08.812788  1744  2923 E MtkSecurityHelper: aidl teeGetDeviceLockInfo fail, errCode: -1
04-12 20:44:08.816479  3883  3996 V Configuration: Updating configuration, locales updated from [] to [zh_CN_#Hans]
04-12 20:44:08.819549  1744  4460 W ActivityManager: Slow operation: 142ms so far, now at startProcess: done updating battery stats
04-12 20:44:08.820583  1744  4460 W ActivityManager: Slow operation: 143ms so far, now at startProcess: building log message
04-12 20:44:08.820597  1744  4460 I ActivityManager: Start proc 6786:com.google.android.projection.gearhead:shared/u0a212 for broadcast {com.google.android.projection.gearhead/com.google.android.apps.auto.wireless.bluetooth.WifiBluetoothReceiver}
04-12 20:44:08.822942  1744  4460 W ActivityManager: Slow operation: 146ms so far, now at startProcess: starting to update pids map
04-12 20:44:08.826429  1744  4460 I ActivityManager: ProcessObserver broadcast disabled
04-12 20:44:08.830999  1744  4460 W ActivityManager: Slow operation: 154ms so far, now at startProcess: done updating pids map
04-12 20:44:08.831027  1744  4460 V ActivityManager: New death recipient com.android.server.am.ActivityManagerService$AppDeathRecipient@497f09c for thread android.os.BinderProxy@4a92aa5
04-12 20:44:08.840675  1744  4460 I START_DEBUG: send BINDTIMEOUT    ProcessRecord :ProcessRecord{180a5dd 6786:com.google.android.projection.gearhead:shared/u0a212}
04-12 20:44:08.841973  6786  6876 I ActivityThread:  enable system monitor for package: com.google.android.projection.gearhead:shared
04-12 20:44:08.844530  1744  4460 I START_DEBUG: remove START_TIMEOUT finish    ProcessRecord :ProcessRecord{180a5dd 6786:com.google.android.projection.gearhead:shared/u0a212}
04-12 20:44:08.844662  1744  4460 D os.ActivityManagerServiceLice: make process active com.google.android.projection.gearhead:shared(6786)
04-12 20:44:08.845653  6786  6876 D TranClassInfo: instance successfully. com.transsion.common.thubutils.AppProperties@40cb92c from com.transsion.hubsdk.thubutils.IAppProperties
04-12 20:44:08.845760  6786  6876 I AppProperties: enter initialize com.google.android.projection.gearhead
04-12 20:44:08.845871  6786  6876 I AppProperties: readAllPropFiles directoryPath=/system_ext/etc/vconfig/com.google.android.projection.gearhead/
04-12 20:44:08.845931  6786  6876 I AppProperties: enter readPropFiles count=0
04-12 20:44:08.845940  6786  6876 I AppProperties: readAllPropFiles directoryPath=/tr_product/etc/vconfig/com.google.android.projection.gearhead/
04-12 20:44:08.845973  6786  6876 I AppProperties: enter readPropFiles count=0
04-12 20:44:08.845979  6786  6876 I AppProperties: readAllPropFiles directoryPath=/tr_region/etc/vconfig/com.google.android.projection.gearhead/
04-12 20:44:08.845995  6786  6876 I AppProperties: enter readPropFiles count=0
04-12 20:44:08.846000  6786  6876 I AppProperties: readAllPropFiles directoryPath=/tr_carrier/etc/vconfig/com.google.android.projection.gearhead/
04-12 20:44:08.846009  6786  6876 I AppProperties: enter readPropFiles count=0
04-12 20:44:08.846014  6786  6876 I AppProperties: readAllPropFiles directoryPath=/tr_company/etc/vconfig/com.google.android.projection.gearhead/
04-12 20:44:08.846022  6786  6876 I AppProperties: enter readPropFiles count=0
04-12 20:44:08.846026  6786  6876 I AppProperties: readAllPropFiles directoryPath=/tranfs/etc/vconfig/com.google.android.projection.gearhead/
04-12 20:44:08.846056  6786  6876 I AppProperties: enter readPropFiles count=0
04-12 20:44:08.848093  3883  3996 V Configuration: Updating configuration, locales updated from [] to [zh_CN_#Hans]
04-12 20:44:08.851692  1744  2533 E MtkSecurityHelper: aidl teeGetDeviceLockInfo fail, errCode: -1
04-12 20:44:08.853413  6786  6786 E SystemMonitorUtils:  error to open /dev/ensignal file e=android.system.ErrnoException: open failed: EACCES (Permission denied)
04-12 20:44:08.854512  6786  6786 E SystemMonitorUtils:  error to open /dev/ensignal file e=android.system.ErrnoException: open failed: EACCES (Permission denied)
04-12 20:44:08.856854  1744  4097 E MtkSecurityHelper: aidl teeGetDeviceLockInfo fail, errCode: -1
04-12 20:44:08.860947   648  3040 I keystore2: system/security/keystore2/src/security_level.rs:245 - caller pid=6673, uid=10139; force = false; key domain=r#KEY_ID, alias = None
04-12 20:44:08.861162   648  3040 I keystore2: system/security/keystore2/src/security_level.rs:343 - upgrade_keyblob_if_required_with start
04-12 20:44:08.862002  3883  3996 V Configuration: Updating configuration, locales updated from [] to [zh_CN_#Hans]
04-12 20:44:08.863489   648  3040 I keystore2: system/security/keystore2/src/enforcements.rs:236 - finalize_create_authorization self.state=NoAuthRequired
04-12 20:44:08.863516   648  3040 I keystore2: system/security/keystore2/src/security_level.rs:388 - upgrade_keyblob_if_required_with end; operation_db.create_operation start
04-12 20:44:08.863520   648  3040 I keystore2: system/security/keystore2/src/security_level.rs:406 - operation_db.create_operation end
04-12 20:44:08.865582  3883  3996 V Configuration: Updating configuration, locales updated from [] to [zh_CN_#Hans]
04-12 20:44:08.870467  3883  3996 V Configuration: Updating configuration, locales updated from [] to [zh_CN_#Hans]
04-12 20:44:08.874212  3883  3996 V Configuration: Updating configuration, locales updated from [] to [zh_CN_#Hans]
04-12 20:44:08.878305  3883  3996 V Configuration: Updating configuration, locales updated from [] to [zh_CN_#Hans]
04-12 20:44:08.894717  1744  2899 E MtkSecurityHelper: aidl teeGetDeviceLockInfo fail, errCode: -1
04-12 20:44:08.944033  1744  1904 W Looper  : Slow dispatch took 273ms android.ui app=system_server main=false h=com.android.server.am.ActivityManagerService$UiHandler c=null m=68
04-12 20:44:08.948223  1744  1941 W ActivityManager: Slow operation: 140ms so far, now at startProcess: asking zygote to start proc
04-12 20:44:08.954610  1744  2899 I WindowManager:   isAnimating=false  okToAnimate=true  win=Window{cb1f03 u0 CustomChargingAnimation}
04-12 20:44:08.955215  1744  2899 D WindowManager: setParent old=WindowToken{53da3b2 type=2026 android.os.BinderProxy@aafa1bd},new=null,this window=Window{cb1f03 u0 CustomChargingAnimation},callers=com.android.server.wm.WindowContainer.removeChild:905 com.android.server.wm.WindowContainer.removeImmediately:958 com.android.server.wm.WindowState.removeImmediately:2419 com.android.server.wm.WindowState.removeIfPossible:2639 com.android.server.wm.WindowManagerService.removeClientToken:2464 com.android.server.wm.Session.remove:275 
04-12 20:44:08.955845  1744  2899 D WindowManager: removeImmediately mActivityRecord: null type: 2026
04-12 20:44:08.956086  1744  2899 D WindowManager: setParent old=Leaf:26:31@266679859,new=null,this window=WindowToken{53da3b2 type=2026 android.os.BinderProxy@aafa1bd},callers=com.android.server.wm.WindowContainer.removeChild:905 com.android.server.wm.WindowContainer.removeImmediately:958 com.android.server.wm.WindowToken.setExiting:211 com.android.server.wm.DisplayContent.removeWindowToken:1693 com.android.server.wm.WindowToken.removeImmediately:333 com.android.server.wm.WindowToken.removeIfPossible:246 
04-12 20:44:08.957520  1744  2899 D WindowManager: System monitor commitFinishDrawingLocked activity = null canShowWindows = null type = 2019
04-12 20:44:08.957554  1744  2899 D WindowManager: Showing Window{9c3c76b u0 Taskbar} during animation: policyVis=true isVisible = false mViewVisibility = 0 tok.visibleRequested = false tok.visible= false
04-12 20:44:08.958735  1744  1843 D UsfSystemServer/appSceneHooker: action is empty in service bind status
04-12 20:44:08.959848  1744  2925 I SecurityComAccessService: isDisabledBySelf false
04-12 20:44:08.961353  1744  2925 V AlarmManager: set(PendingIntent{98d6cad: PendingIntentRecord{3222be2 com.scorpio.securitycom broadcastIntent}}) : type=2 triggerAtTime=86432753 win=0 tElapsed=86432753 maxElapsed=86432753 interval=0 flags=0x5
04-12 20:44:08.962873  1744  2228 D TranClassInfo: instance successfully. com.transsion.hubcore.iconcustomization.TranGlobalThemedIconImpl@ce779ef from com.transsion.hubcore.iconcustomization.ITranGlobalThemedIcon
04-12 20:44:08.968162  1744  1941 W ActivityManager: Slow operation: 160ms so far, now at startProcess: returned from zygote!
04-12 20:44:08.970660   648  3040 I keystore2: system/security/keystore2/src/security_level.rs:245 - caller pid=6673, uid=10139; force = false; key domain=r#KEY_ID, alias = None
04-12 20:44:08.970951   648  3040 I keystore2: system/security/keystore2/src/security_level.rs:343 - upgrade_keyblob_if_required_with start
04-12 20:44:08.974659   648  3040 I keystore2: system/security/keystore2/src/enforcements.rs:236 - finalize_create_authorization self.state=NoAuthRequired
04-12 20:44:08.974709   648  3040 I keystore2: system/security/keystore2/src/security_level.rs:388 - upgrade_keyblob_if_required_with end; operation_db.create_operation start
04-12 20:44:08.974716   648  3040 I keystore2: system/security/keystore2/src/security_level.rs:406 - operation_db.create_operation end
04-12 20:44:08.978739  1744  2294 D UsfSystemServer/appSceneHooker: action is empty in service bind status
04-12 20:44:08.979935  1744  2423 I StandbyHandler/TranJobStateMonitor: uid:10232,pkgName:@SyncManager@com.google.android.gms.chromesync/com.google:android jobId:4 start time:1970-01-01 08:00:32
04-12 20:44:09.003424   648  3040 I keystore2: system/security/keystore2/src/security_level.rs:245 - caller pid=6673, uid=10139; force = false; key domain=r#KEY_ID, alias = None
04-12 20:44:09.003794   648  3040 I keystore2: system/security/keystore2/src/security_level.rs:343 - upgrade_keyblob_if_required_with start
04-12 20:44:09.004428   648  3040 I keystore2: system/security/keystore2/src/enforcements.rs:236 - finalize_create_authorization self.state=NoAuthRequired
04-12 20:44:09.004456   648  3040 I keystore2: system/security/keystore2/src/security_level.rs:388 - upgrade_keyblob_if_required_with end; operation_db.create_operation start
04-12 20:44:09.004464   648  3040 I keystore2: system/security/keystore2/src/security_level.rs:406 - operation_db.create_operation end
04-12 20:44:09.023747  1744  2488 W UriGrantsManagerService: For security reasons, the system cannot issue a Uri permission grant to content://com.transsion.tranradionet.TranTelephonyProvider/commoninfo [user 0]; use startActivityAsCaller() instead
04-12 20:44:09.024400  1744  2423 I StandbyHandler/TranJobStateMonitor: uid:10221,pkgName:com.google.android.partnersetup/.AppHidingJobService jobId:12288 finish time:1970-01-01 08:00:32,duration:591
04-12 20:44:09.024788  1744  2941 I Telecom-TelecomServiceImpl$1: isInEmergencyCall: false: TSI.iIEC@AEU
04-12 20:44:09.033737  1744  1941 W ActivityManager: Slow operation: 225ms so far, now at startProcess: done updating battery stats
04-12 20:44:09.034090  1744  1941 W ActivityManager: Slow operation: 226ms so far, now at startProcess: building log message
04-12 20:44:09.034102  1744  1941 I ActivityManager: Start proc 6909:com.transsion.aicore.main/u0a112 for content provider {com.transsion.aicore.main/com.transsion.aicore.main.provider.MmProvider}
04-12 20:44:09.035258  1744  1941 W ActivityManager: Slow operation: 227ms so far, now at startProcess: starting to update pids map
04-12 20:44:09.035473  1744  1941 I START_DEBUG: send START_TIMEOUT message    ProcessRecord :ProcessRecord{bb52f79 6909:com.transsion.aicore.main/u0a112}
04-12 20:44:09.035528  1744  1941 I ActivityManager: ProcessObserver broadcast disabled
04-12 20:44:09.036316  1744  1941 W ActivityManager: Slow operation: 228ms so far, now at startProcess: done updating pids map
04-12 20:44:09.041383  1744  4410 V ActivityManager: New death recipient com.android.server.am.ActivityManagerService$AppDeathRecipient@bad66f0 for thread android.os.BinderProxy@bd22469
04-12 20:44:09.043302  1744  2228 I NotifAttentionHelper: buzzBeepBlinkLocked , NotificationRecord key=0|com.google.android.gms|1000|a:GMSCORE_STORE_RENDERER:0b135afdc4360000:107718207925398475592|10232, shouldMuteReason=0x800, canPlaySound=true, canPlayVibration=true, beep=false, buzz=false, hasValidSound=true, hasValidVibrate=false, vibrateOnly=false
04-12 20:44:09.043810  1744  2228 D NotificationService: notification = StatusBarNotification(pkg=com.google.android.gms user=UserHandle{0} id=1000 tag=a:GMSCORE_STORE_RENDERER:0b135afdc4360000:107718207925398475592 key=0|com.google.android.gms|1000|a:GMSCORE_STORE_RENDERER:0b135afdc4360000:107718207925398475592|10232: Notification(channel=com.google.android.gms.notifications::SECURITY_ALERTS shortcut=null contentView=null vibrate=null sound=null tick defaults=0 flags=LOCAL_ONLY|SILENT color=0x00000000 actions=1 vis=PRIVATE publicVersion=Notification(channel=null shortcut=null contentView=null vibrate=null sound=null defaults=0 flags=0 color=0x00000000 vis=PRIVATE))); and importance = 3; and isMediaNotification = false
04-12 20:44:09.044154  1744  4410 I START_DEBUG: send BINDTIMEOUT    ProcessRecord :ProcessRecord{bb52f79 6909:com.transsion.aicore.main/u0a112}
04-12 20:44:09.044185  1744  4410 I START_DEBUG: remove START_TIMEOUT finish    ProcessRecord :ProcessRecord{bb52f79 6909:com.transsion.aicore.main/u0a112}
04-12 20:44:09.044255  1744  4410 D os.ActivityManagerServiceLice: make process active com.transsion.aicore.main(6909)
04-12 20:44:09.045250  1744  2052 D UsfSystemServer/appSceneHooker: action is empty in service bind status
04-12 20:44:09.046130  6909  6924 I ActivityThread:  enable system monitor for package: com.transsion.aicore.main
04-12 20:44:09.047133  1744  2228 D NotificationService: notifyListenersPostedAndLogLocked, NotificationRecord key=0|com.google.android.gms|1000|a:GMSCORE_STORE_RENDERER:0b135afdc4360000:107718207925398475592|10232
04-12 20:44:09.048826  1744  2228 W NotificationHistory: Attempted to add notif for locked/gone/disabled user 0
04-12 20:44:09.049213  6909  6909 E SystemMonitorUtils:  error to open /dev/ensignal file e=android.system.ErrnoException: open failed: EACCES (Permission denied)
04-12 20:44:09.049325  6909  6909 E SystemMonitorUtils:  error to open /dev/ensignal file e=android.system.ErrnoException: open failed: EACCES (Permission denied)
04-12 20:44:09.052436  6909  6924 D TranClassInfo: instance successfully. com.transsion.common.thubutils.AppProperties@dde6ff5 from com.transsion.hubsdk.thubutils.IAppProperties
04-12 20:44:09.052549  6909  6924 I AppProperties: enter initialize com.transsion.aicore.main
04-12 20:44:09.052670  6909  6924 I AppProperties: readAllPropFiles directoryPath=/system_ext/etc/vconfig/com.transsion.aicore.main/
04-12 20:44:09.052722  6909  6924 I AppProperties: enter readPropFiles count=0
04-12 20:44:09.052730  6909  6924 I AppProperties: readAllPropFiles directoryPath=/tr_product/etc/vconfig/com.transsion.aicore.main/
04-12 20:44:09.052749  6909  6924 I AppProperties: enter readPropFiles count=0
04-12 20:44:09.052755  6909  6924 I AppProperties: readAllPropFiles directoryPath=/tr_region/etc/vconfig/com.transsion.aicore.main/
04-12 20:44:09.052769  6909  6924 I AppProperties: enter readPropFiles count=0
04-12 20:44:09.052774  6909  6924 I AppProperties: readAllPropFiles directoryPath=/tr_carrier/etc/vconfig/com.transsion.aicore.main/
04-12 20:44:09.052784  6909  6924 I AppProperties: enter readPropFiles count=0
04-12 20:44:09.052789  6909  6924 I AppProperties: readAllPropFiles directoryPath=/tr_company/etc/vconfig/com.transsion.aicore.main/
04-12 20:44:09.052810  6909  6924 I AppProperties: enter readPropFiles count=0
04-12 20:44:09.052832  6909  6924 I AppProperties: readAllPropFiles directoryPath=/tranfs/etc/vconfig/com.transsion.aicore.main/
04-12 20:44:09.052878  6909  6924 I AppProperties: enter readPropFiles count=0
04-12 20:44:09.053507  1744  2941 W UriGrantsManagerService: For security reasons, the system cannot issue a Uri permission grant to content://com.transsion.tranradionet.TranTelephonyProvider/commoninfo [user 0]; use startActivityAsCaller() instead
04-12 20:44:09.055668  1744  2941 I SecurityComAccessService: unbindKeepAliveService userId: 0, sg: com.transsion.util.ServiceGuard@573af9e
04-12 20:44:09.057957  2451  5119 D TranAlarmAlignManager: alarmAlign system not ready:false,align:null
04-12 20:44:09.060065   648  3040 I keystore2: system/security/keystore2/src/security_level.rs:245 - caller pid=6673, uid=10139; force = false; key domain=r#KEY_ID, alias = None
04-12 20:44:09.060249   648  3040 I keystore2: system/security/keystore2/src/security_level.rs:343 - upgrade_keyblob_if_required_with start
04-12 20:44:09.063277   648  3040 I keystore2: system/security/keystore2/src/enforcements.rs:236 - finalize_create_authorization self.state=NoAuthRequired
04-12 20:44:09.063683   648  3040 I keystore2: system/security/keystore2/src/security_level.rs:388 - upgrade_keyblob_if_required_with end; operation_db.create_operation start
04-12 20:44:09.063698   648  3040 I keystore2: system/security/keystore2/src/security_level.rs:406 - operation_db.create_operation end
04-12 20:44:09.079215  1744  2350 D UsfSystemServer/appSceneHooker: action is empty in service bind status
04-12 20:44:09.079880  1744  2350 D CompatChangeReporter: Compat change id reported: 311208629; UID 10133; state: ENABLED
04-12 20:44:09.120564  1744  2941 W UriGrantsManagerService: For security reasons, the system cannot issue a Uri permission grant to content://com.transsion.tranradionet.TranTelephonyProvider/commoninfo [user 0]; use startActivityAsCaller() instead
04-12 20:44:09.145736  1744  4410 D CompatChangeReporter: Compat change id reported: 297989574; UID 10144; state: ENABLED
04-12 20:44:09.171233  1744  2488 I START_DEBUG: remove BIND_TIMEOUT finish    ProcessRecord :ProcessRecord{180a5dd 6786:com.google.android.projection.gearhead:shared/u0a212}
04-12 20:44:09.191924  1744  1968 D TranPowerStateChangedController: onColorFadeSateChanged: colorFadeState = 3
04-12 20:44:09.193914  1744  1968 I DisplayPowerController[0]: Blocking screen off
04-12 20:44:09.193960  1744  1968 I TranAlwaysOnDisplayHelper: onScreenTurningOff
04-12 20:44:09.193980  1744  2303 D TranPowerStateChangedController: PowerStateChanged: mode = 2, brightnessState = -1.0
04-12 20:44:09.194089  1744  2303 D LocalDisplayAdapter: set backlight: -1.0, nits = 2.0111835, sdrBacklight = -1.0, sdrNits = 2.0111835
04-12 20:44:09.194825  1744  1968 D WindowManager: Create SleepToken: tag=Display-off, displayId=0
04-12 20:44:09.194925  1744  2314 D TranAppBrightnessChangeController: [handleMessage] msg type: 1005 isCloudEnabled: true
04-12 20:44:09.195254  1744  1968 D os.KeyguardGestureLiceFactory: doMethod onScreenTurnedOff
04-12 20:44:09.197438  1744  1968 D TranBatterySaveBrightnessLimitController: shouldBrightnessLimit mBatterySaveBrightnessConfigInfos BatterySaveBrightnessConfigInfo{id=1, switchData=1, nits=[70, 130], ratios=[0.0, 0.15], rateIns=[0, 15, 15], rateOuts=[0, 15, 15]}
04-12 20:44:09.198447  1744  1968 I DisplayPowerController[0]: thermalLight brightnessState: 0.075968415 time: 15.0
04-12 20:44:09.198503  1744  1968 I DisplayPowerController[0]: thermalLight currentHlg: 0.47739422 targetHlg: 0.47739422 rate: 0.0
04-12 20:44:09.198567  1744  1968 I TranOriginHbmController[L]: needsXDRAnimationExit brightness = 0.075968415, sdrBrightness = 0.075968415 mIsTemporaryInspired = false, GetHbmScreenBrightness() = 1.0, GetSdrBrightness = -1.0, mSdrBrightness = -1.0, mCurrentBrightness = 0.0, mForceHbmChangeCallback = false, mRatioChange = false
04-12 20:44:09.198878  1744  2303 D TranScreenOnOffTimeoutDetector: add Event TranScreenOnOffTimeoutEvent{eventNum=-1, eventTime=32987}
04-12 20:44:09.199236  1744  2303 D TranScreenOnOffTimeoutDetector: timeOutDetectionForEndOfProcess: mEventList is in error,but it is not a problem
04-12 20:44:09.199473  1744  1968 I DisplayPowerController[0]: Unblocked screen off after 5 ms
04-12 20:44:09.203864  1744  4104 D ActivityTaskManager: isControllerAMonkey mController = null,mControllerIsAMonkey = false
04-12 20:44:09.207935  1744  1968 D TranFingerprintServiceExtImpl_mtk: setScreenState displayId =0 state =1
04-12 20:44:09.208029  1744  1968 I TranHBMController[0]: HBM display state is OFF
04-12 20:44:09.208136  1744  1968 V SettingsProvider: name : tran_power_hbm_state appId : 1000
04-12 20:44:09.208375  1744  4488 D TaskProcess_Tracker: trancare onTidChange is enable= false
04-12 20:44:09.208431  1744  4488 D TranActivityPerformance: onTidChange mIsBootTidEnabled is enable=false
04-12 20:44:09.208628  1744  1968 D MagellanHandle: updateRefreshRateForSceneVsyncs what = 13
04-12 20:44:09.208997  1744  1968 D TranDisplayPowerControllerImpl: hookCurDisplayState oldState= 2 state: 1
04-12 20:44:09.209020  1744  1968 D DisplayPowerController[0]: setTranAutoBrightnessTemporarily enable=true reason=screen off or doze
04-12 20:44:09.209043  1744  1968 I DisplayBrightnessStrategySelector: Changing the DisplayBrightnessStrategy from InvalidBrightnessStrategy to ScreenOffBrightnessStrategy for display 0
04-12 20:44:09.209599  1744  1968 D TranBatterySaveBrightnessLimitController: shouldBrightnessLimit mBatterySaveBrightnessConfigInfos BatterySaveBrightnessConfigInfo{id=1, switchData=1, nits=[70, 130], ratios=[0.0, 0.15], rateIns=[0, 15, 15], rateOuts=[0, 15, 15]}
04-12 20:44:09.209769  1744  1968 I DisplayPowerController[0]: thermalLight brightnessState: 0.0 time: 15.0
04-12 20:44:09.209833  1744  1968 I DisplayPowerController[0]: thermalLight currentHlg: 0.47739422 targetHlg: 0.0 rate: 0.03833829
04-12 20:44:09.209880  1744  1968 I TranOriginHbmController[L]: needsXDRAnimationExit brightness = 0.0, sdrBrightness = 0.0 mIsTemporaryInspired = false, GetHbmScreenBrightness() = 1.0, GetSdrBrightness = -1.0, mSdrBrightness = -1.0, mCurrentBrightness = 0.0, mForceHbmChangeCallback = false, mRatioChange = false
04-12 20:44:09.209926  1744  1968 D DisplayPowerController[0]: animateScreenBrightness: target = 0.0, sdrTarget = 0.0, rate = 0.03833829, mShouldUpdateBrightnessSettingLater = false
04-12 20:44:09.210610  1744  1968 I thermalLightController: SCR_OFF
04-12 20:44:09.210666  1744  1968 I thermalLightController: Level reset: no thermal limit
04-12 20:44:09.210700  1744  1968 V DisplayPowerController[0]: Brightness [0.0] reason changing to: 'screen_off', previous reason: 'automatic'.
04-12 20:44:09.210745  1744  1968 I DisplayPowerController[0]: BrightnessEvent: brt=0.0 (0.0%), nits= 2.0111835, lux=-1.0, reason=screen_off, strat=ScreenOffBrightnessStrategy, state=OFF, stateReason=DEFAULT_POLICY, policy=OFF, flags=, initBrt=0.075968415, rcmdBrt=NaN, preBrt=NaN, preLux=0.0, wasShortTermModelActive=false, autoBrightness=true (default), unclampedBrt=-1.0, hbmMax=1.0, hbmMode=off, thrmMax=1.0, rbcStrength=50, powerFactor=1.0, physDisp=内置屏幕(local:4627039422300187648), logicalId=0, slowChange=false, rampSpeed=0.0
04-12 20:44:09.211263  1744  2312 I TranPowerBurriedPointController: onScreenStateChanged: displayId = 0, state = 1
04-12 20:44:09.212243  1744  1968 I PowerGroup: Sleeping power group (groupId=0, uid=1000, reason=timeout)...
04-12 20:44:09.212297  1744  1968 D TranScreenOnOffTimeoutDetector: onGoToSleep()
04-12 20:44:09.212368  1744  1968 D MagellanHandle: updateRefreshRateForSceneVsyncs what = 26
04-12 20:44:09.212436  1744  1968 I PowerManagerService: Sleeping (uid 1000)...
04-12 20:44:09.212569  1744  1968 D PowerManagerNotifier: finishedGoingToSleep:0
04-12 20:44:09.212717  1744  2295 D PowerManagerNotifier: finishedGoingToSleep: start
04-12 20:44:09.213861  1744  2338 D TranBaseRefreshRatePolicy:  mScreenOnGoingState state = 0
04-12 20:44:09.214687  1744  4488 D HSTD_TOSS_AppBehaviorBuriedManager: mTidEnabled:onTidChange!!!! tid:541860000014
04-12 20:44:09.215098  1744  3234 D TranZeroAudioStandard: onTidChanged = false
04-12 20:44:09.215926  1744  1906 I DisplayDeviceRepository: Display device changed state: "内置屏幕", OFF
04-12 20:44:09.216198  1744  1906 I Griffin/DeviceState: virtualDisplayPackageName :{}
04-12 20:44:09.217973  1744  3232 I PowerData/TranPowerEventManager: write 37 events to disk, flush reason: forceFlush=true, cacheFull=false, flushTimeReached=false
04-12 20:44:09.218937  1744  2303 D TranFingerprintComponentImpl: isSystemCloneUser userId = 0
04-12 20:44:09.218985  1744  2303 D TranFingerprintComponentImpl: isSystemCloneUser userId = 0
04-12 20:44:09.219005  1744  2303 D TranFingerprintComponentImpl: isSystemCloneUser userId = 0
04-12 20:44:09.219474  1744  2420 D HSTD_TOSS_AppBehaviorBuriedManager: should save cached and clean list!!!
04-12 20:44:09.221285  5509  5684 D TranClassInfo: instance successfully. com.transsion.hubcore.view.TranDisplayImpl@de89892 from com.transsion.hubcore.view.ITranDisplay
04-12 20:44:09.222992  1744  1968 D BrightnessThermalClamper: Thermal status observer already started
04-12 20:44:09.223522  1744  1907 D WindowManager: System monitor commitFinishDrawingLocked activity = null canShowWindows = null type = 2019
04-12 20:44:09.223549  1744  1907 D WindowManager: Showing Window{9c3c76b u0 Taskbar} during animation: policyVis=true isVisible = false mViewVisibility = 0 tok.visibleRequested = false tok.visible= false
04-12 20:44:09.224834  1744  1907 I DisplayDevice: [0] Layerstack set to -1 for local:4627039422300187648
04-12 20:44:09.225310  1744  2295 W BroadcastLoopers: Found previously unknown looper Thread[Notifier,5,main]
04-12 20:44:09.225506  1744  4461 D MagellanHandle: updateRefreshRateForSceneVsyncs what = 27
04-12 20:44:09.225847  1744  4461 D MagellanHandle: updateRefreshRateForSceneVsyncs what = 27
04-12 20:44:09.229700  2451  2567 I Usf_HiberBp/freezeBpUploader: onFastTidChange: false, onLongTidChange: false
04-12 20:44:09.230041  2451  6893 I Usf_Hiber/usageTracker: app mode trancare onTidChange is enable= false
04-12 20:44:09.231426  4014  5427 W ContextImpl: Calling a method in the system process without a qualified user: android.app.ContextImpl.bindService:2215 android.content.ContextWrapper.bindService:891 iu1.k:31 iu1.p:31 iu1.n:15 
04-12 20:44:09.234854  1744  2472 D TranAppm/SystemMonitor:  onTidChange mTidEnabled = false
04-12 20:44:09.234906  1744  2472 E TranAppm/SystemMonitor: first get mNativeVersion: 3
04-12 20:44:09.234911  1744  2472 E TranAppm/SystemMonitor: mNativeVersion: 3
04-12 20:44:09.236595  1744  1907 D WindowManager: System monitor commitFinishDrawingLocked activity = null canShowWindows = null type = 2019
04-12 20:44:09.236636  1744  1907 D WindowManager: Showing Window{9c3c76b u0 Taskbar} during animation: policyVis=true isVisible = false mViewVisibility = 0 tok.visibleRequested = false tok.visible= false
04-12 20:44:09.238092  1744  3232 D PowerData/TranPowerDataComponentImpl: noteScreenState1 cost ms:20
04-12 20:44:09.243382  1744  4461 V AlarmManager: set(PendingIntent{5b3253e: PendingIntentRecord{e93ef9f com.android.phone broadcastIntent}}) : type=2 triggerAtTime=93032 win=0 tElapsed=93032 maxElapsed=93032 interval=0 flags=0x9
04-12 20:44:09.244295  1744  2488 W ActivityManager: Slow operation: 73ms so far, now at finishAttachApplicationInner: after mServices.attachApplicationLocked
04-12 20:44:09.249740  1744  3233 I PowerData/TranPowerEventSqliteHelper: insert 37 events into db took 28 ms, success ? true
04-12 20:44:09.255815  1744  2488 W ActivityManager: Slow operation: 85ms so far, now at finishAttachApplicationInner: after dispatching broadcasts
04-12 20:44:09.265656  1744  2228 I NotifAttentionHelper: buzzBeepBlinkLocked , NotificationRecord key=0|com.google.android.gms|0|0|com.google.android.gms|g:Aggregate_AlertingSection|10232|0|com.google.android.gms|g:Aggregate_AlertingSection, shouldMuteReason=0x400, canPlaySound=true, canPlayVibration=true, beep=false, buzz=false, hasValidSound=true, hasValidVibrate=false, vibrateOnly=false
04-12 20:44:09.265857  1744  2228 D NotificationService: notification = StatusBarNotification(pkg=com.google.android.gms user=UserHandle{0} id=0 tag=0|com.google.android.gms|g:Aggregate_AlertingSection key=0|com.google.android.gms|0|0|com.google.android.gms|g:Aggregate_AlertingSection|10232|0|com.google.android.gms|g:Aggregate_AlertingSection: Notification(channel=com.google.android.gms.notifications::SECURITY_ALERTS shortcut=null contentView=null vibrate=null sound=null defaults=0 flags=LOCAL_ONLY|GROUP_SUMMARY|AUTOGROUP_SUMMARY color=0x00000000 groupKey=0|com.google.android.gms|g:Aggregate_AlertingSection vis=PRIVATE)); and importance = 3; and isMediaNotification = false
04-12 20:44:09.266328  1744  3233 I PowerData/TranPowerEventSqliteHelper: DELETE 0 event items FROM tran_power_event SUCCESS, whereClause: utc_time < ? AND event_id NOT IN (41,42,43,44,63), whereArgs: [1775692800000],
04-12 20:44:09.270037  1744  2423 I StandbyHandler/TranJobStateMonitor: uid:10221,pkgName:com.google.android.partnersetup/.ClientIdJobService jobId:8192 finish time:1970-01-01 08:00:33,duration:813
04-12 20:44:09.274000  1744  1904 D WindowManager: DeferredDisplayUpdater: partially applying DisplayInfo(1208 x 2644) immediately
04-12 20:44:09.274454  1744  2941 I START_DEBUG: remove BIND_TIMEOUT finish    ProcessRecord :ProcessRecord{bb52f79 6909:com.transsion.aicore.main/u0a112}
04-12 20:44:09.274647  1744  3233 D PowerData/PowerEventDataProcessor: readLastProcessedFileAndPosition -> /data/powerdata/v3/power_20260412.txt:2567
04-12 20:44:09.274866  1744  3233 I PowerData/PowerEventDataProcessor: unproceessd power event files [/data/powerdata/v3/power_20260412.txt]
04-12 20:44:09.274882  1744  3233 I PowerData/PowerEventDataProcessor: no power event file will be processed unless more than 1 unprocessed exists
04-12 20:44:09.274908  1744  3233 D PowerData/TranPowerDataComponentImpl: noteScreenState2 cost ms:2
04-12 20:44:09.275185  1744  2699 D CompatChangeReporter: Compat change id reported: 319212206; UID 10144; state: ENABLED
04-12 20:44:09.275345  1744  1904 D WindowManager: System monitor commitFinishDrawingLocked activity = null canShowWindows = null type = 2019
04-12 20:44:09.275376  1744  1904 D WindowManager: Showing Window{9c3c76b u0 Taskbar} during animation: policyVis=true isVisible = false mViewVisibility = 0 tok.visibleRequested = false tok.visible= false
04-12 20:44:09.281155  3883  6951 E ActivityThread: Failed to find provider info for subscribedfeeds
