04-12 20:40:43.487244  1688  4404 I dvm_lock_sample: [system_server,1,binder:1688_19,70,BroadcastController.java,532,android.content.Intent com.android.server.am.BroadcastController.registerReceiverWithFeatureTraced(android.app.IApplicationThread, java.lang.String, java.lang.String, java.lang.String, android.content.IIntentReceiver, android.content.IntentFilter, java.lang.String, int, int),,0,null,14]
04-12 20:40:43.488764  1688  1871 I dvm_lock_sample: [system_server,1,ActivityManager:procStart,150,ProcessList.java,2304,void com.android.server.am.ProcessList.lambda$handleProcessStart$1(com.android.server.am.ProcessRecord, java.lang.String, int[], int, int, int, java.lang.String, java.lang.String, java.lang.String, long),,0,null,30]
04-12 20:40:43.489969  1688  4258 I dvm_lock_sample: [system_server,0,binder:1688_14,47,ActivityManagerService.java,15340,void com.android.server.am.ActivityManagerService.serviceDoneExecuting(android.os.IBinder, int, int, int, android.content.Intent),,0,null,9]
04-12 20:40:43.494314  1688  4286 I dvm_lock_sample: [system_server,1,binder:1688_15,94,ContentProviderHelper.java,207,android.app.ContentProviderHolder com.android.server.am.ContentProviderHelper.getContentProviderImpl(android.app.IApplicationThread, java.lang.String, android.os.IBinder, int, java.lang.String, java.lang.String, boolean, int),,0,null,18]
04-12 20:40:43.511520  2579  3622 I dvm_lock_sample: [com.android.phone,0,TranHookRttController,233,ActivityThread.java,8429,android.content.IContentProvider android.app.ActivityThread.acquireProvider(android.content.Context, java.lang.String, int, boolean),-,8455,android.content.IContentProvider android.app.ActivityThread.acquireProvider(android.content.Context, java.lang.String, int, boolean),46]
04-12 20:40:43.523161  1688  4399 I am_uid_running: 10169
04-12 20:40:43.614622  1688  1871 I am_proc_start: [0,4502,10169,tech.palm.id,content provider,{tech.palm.id/com.transsion.xuanniao.account.provider.AccountProvider},caller=com.transsion.aivoiceassistant/10190]
04-12 20:40:43.624523  1688  4294 I am_proc_bound: [0,4502,tech.palm.id]
04-12 20:40:43.634333  1688  1801 I dvm_lock_sample: [system_server,1,binder:1688_2,97,ActivityManagerService.java,15319,void com.android.server.am.ActivityManagerService.publishService(android.os.IBinder, android.content.Intent, android.os.IBinder),,0,null,19]
04-12 20:40:43.638522  1688  3322 I dvm_lock_sample: [system_server,1,binder:1688_12,95,BroadcastController.java,532,android.content.Intent com.android.server.am.BroadcastController.registerReceiverWithFeatureTraced(android.app.IApplicationThread, java.lang.String, java.lang.String, java.lang.String, android.content.IIntentReceiver, android.content.IntentFilter, java.lang.String, int, int),,0,null,19]
04-12 20:40:43.648602  1688  2733 I dvm_lock_sample: [system_server,1,binder:1688_C,30,BroadcastController.java,532,android.content.Intent com.android.server.am.BroadcastController.registerReceiverWithFeatureTraced(android.app.IApplicationThread, java.lang.String, java.lang.String, java.lang.String, android.content.IIntentReceiver, android.content.IntentFilter, java.lang.String, int, int),,0,null,6]
04-12 20:40:43.668171  1688  2224 I dvm_lock_sample: [system_server,0,SyncManager,39,JobSchedulerService.java,2093,java.util.List com.android.server.job.JobSchedulerService.getPendingJobsInNamespace(int, java.lang.String),,0,null,7]
04-12 20:40:43.697536  1688  4404 I dvm_lock_sample: [system_server,1,binder:1688_19,131,BroadcastController.java,532,android.content.Intent com.android.server.am.BroadcastController.registerReceiverWithFeatureTraced(android.app.IApplicationThread, java.lang.String, java.lang.String, java.lang.String, android.content.IIntentReceiver, android.content.IntentFilter, java.lang.String, int, int),,0,null,26]
04-12 20:40:43.699253  1688  1871 I am_proc_start: [0,4558,1000,com.transsion.batterylab,service,{com.transsion.batterylab/com.transsion.batterylab.PowerBoostTile},caller=com.android.systemui/10146]
04-12 20:40:43.702714  1688  2729 I dvm_lock_sample: [system_server,1,binder:1688_A,49,ActivityManagerService.java,15319,void com.android.server.am.ActivityManagerService.publishService(android.os.IBinder, android.content.Intent, android.os.IBinder),,0,null,9]
04-12 20:40:43.705686  1688  4294 I am_uid_active: 10179
04-12 20:40:43.713684  1688  3321 I am_uid_running: 10194
04-12 20:40:43.728034  1688  1953 I am_proc_bound: [0,4558,com.transsion.batterylab]
04-12 20:40:43.754499  1688  1871 I am_proc_start: [0,4625,10194,com.transsion.airtransfer,service,{com.transsion.airtransfer/com.transsion.airtransfer.service.TransferTileService},caller=com.android.systemui/10146]
04-12 20:40:43.756599  1688  2905 I dvm_lock_sample: [system_server,1,binder:1688_D,98,ContentProviderHelper.java,207,android.app.ContentProviderHolder com.android.server.am.ContentProviderHelper.getContentProviderImpl(android.app.IApplicationThread, java.lang.String, android.os.IBinder, int, java.lang.String, java.lang.String, boolean, int),,0,null,19]
04-12 20:40:43.776166  2698  2939 I jank_cuj_events_end_request: [81,1775997643775061000,24582373847,24582374078]
04-12 20:40:43.778757  1688  4454 I dvm_lock_sample: [system_server,1,binder:1688_1D,86,BroadcastController.java,532,android.content.Intent com.android.server.am.BroadcastController.registerReceiverWithFeatureTraced(android.app.IApplicationThread, java.lang.String, java.lang.String, java.lang.String, android.content.IIntentReceiver, android.content.IntentFilter, java.lang.String, int, int),,0,null,17]
04-12 20:40:43.785769  1688  2002 I commit_sys_config_file: [settings-2-0,4]
04-12 20:40:43.813649  1688  3322 I am_uid_running: 10160
04-12 20:40:43.820280  1688  2920 I dvm_lock_sample: [system_server,1,binder:1688_E,170,ActivityManagerService.java,15048,android.content.ComponentName com.android.server.am.ActivityManagerService.startService(android.app.IApplicationThread, android.content.Intent, java.lang.String, boolean, java.lang.String, java.lang.String, int, boolean, int, java.lang.String, java.lang.String),,0,null,34]
04-12 20:40:43.847842  1688  3322 I dvm_lock_sample: [system_server,1,binder:1688_12,26,ActivityManagerService.java,15283,int com.android.server.am.ActivityManagerService.bindServiceInstance(android.app.IApplicationThread, android.os.IBinder, android.content.Intent, java.lang.String, android.app.IServiceConnection, long, java.lang.String, boolean, int, java.lang.String, android.app.IApplicationThread, java.lang.String, int),,0,null,5]
04-12 20:40:43.850527  1688  3322 I am_uid_running: 10172
04-12 20:40:43.866248  1688  2733 I pm_critical_info: setEnabledSettings callingUid = 10158 callingPid = 4033 packageName = com.idea.questionnaire componentName = ComponentInfo{com.idea.questionnaire/com.transsion.xfeedback.ui.home.SplashActivity} callingPackage= com.hoffnung newState = 2 userId = 0 flags = 1
04-12 20:40:43.880554  1688  1871 I am_proc_start: [0,4663,10160,com.transsion.iotcard,service,{com.transsion.iotcard/com.transsion.iotcard_business.service.IrRemoteService},caller=com.android.systemui/10146]
04-12 20:40:43.884582  4116  4116 I service_manager_slow: [30,location]
04-12 20:40:43.885348  1688  2277 I am_proc_bound: [0,4625,com.transsion.airtransfer]
04-12 20:40:43.903164  1688  1955 I am_uid_active: 10214
04-12 20:40:43.959744  1688  1953 I am_proc_bound: [0,4663,com.transsion.iotcard]
04-12 20:40:43.968000  4663  4663 I auditd  : type=1400 audit(0.0:525): avc:  denied  { read write } for  comm="re-initialized>" name="ensignal" dev="tmpfs" ino=2080 scontext=u:r:platform_app:s0:c512,c768 tcontext=u:object_r:ensignal_device:s0 tclass=chr_file permissive=0 app=com.transsion.iotcard
04-12 20:40:43.968000  4663  4663 I auditd  : type=1400 audit(0.0:526): avc:  denied  { read write } for  comm="re-initialized>" name="ensignal" dev="tmpfs" ino=2080 scontext=u:r:platform_app:s0:c512,c768 tcontext=u:object_r:ensignal_device:s0 tclass=chr_file permissive=0 app=com.transsion.iotcard
04-12 20:40:43.971584  1688  2122 I dvm_lock_sample: [system_server,1,StorageManagerService,125,BroadcastController.java,759,int com.android.server.am.BroadcastController.broadcastIntentWithFeature(android.app.IApplicationThread, java.lang.String, android.content.Intent, java.lang.String, android.content.IIntentReceiver, int, java.lang.String, android.os.Bundle, java.lang.String[], java.lang.String[], java.lang.String[], int, android.os.Bundle, boolean, boolean, int),,0,null,25]
04-12 20:40:43.973948  1688  1688 I dvm_lock_sample: [system_server,1,main,82,BroadcastController.java,532,android.content.Intent com.android.server.am.BroadcastController.registerReceiverWithFeatureTraced(android.app.IApplicationThread, java.lang.String, java.lang.String, java.lang.String, android.content.IIntentReceiver, android.content.IntentFilter, java.lang.String, int, int),,0,null,16]
04-12 20:40:43.974705  1688  4635 I dvm_lock_sample: [system_server,0,binder:1688_1E,81,ActivityManagerService.java,15340,void com.android.server.am.ActivityManagerService.serviceDoneExecuting(android.os.IBinder, int, int, int, android.content.Intent),,0,null,16]
04-12 20:40:43.976408  1688  3696 I dvm_lock_sample: [system_server,1,TranWifiThread,65,BroadcastController.java,532,android.content.Intent com.android.server.am.BroadcastController.registerReceiverWithFeatureTraced(android.app.IApplicationThread, java.lang.String, java.lang.String, java.lang.String, android.content.IIntentReceiver, android.content.IntentFilter, java.lang.String, int, int),,0,null,13]
04-12 20:40:43.983001  1688  2442 I dvm_lock_sample: [system_server,1,binder:1688_9,68,BroadcastController.java,532,android.content.Intent com.android.server.am.BroadcastController.registerReceiverWithFeatureTraced(android.app.IApplicationThread, java.lang.String, java.lang.String, java.lang.String, android.content.IIntentReceiver, android.content.IntentFilter, java.lang.String, int, int),,0,null,13]
04-12 20:40:43.984495  1688  1871 I am_proc_start: [0,4689,10172,com.transsion.screenrecorder,service,{com.transsion.screenrecorder/com.transsion.screenrecorder.service.ScreenRecordTileService},caller=com.android.systemui/10146]
04-12 20:40:43.991975  1688  2282 I dvm_lock_sample: [system_server,1,binder:1688_8,62,ActivityManagerService.java,15048,android.content.ComponentName com.android.server.am.ActivityManagerService.startService(android.app.IApplicationThread, android.content.Intent, java.lang.String, boolean, java.lang.String, java.lang.String, int, boolean, int, java.lang.String, java.lang.String),,0,null,12]
04-12 20:40:44.000172  1688  4450 I am_proc_bound: [0,4689,com.transsion.screenrecorder]
04-12 20:40:44.026043  1688  2442 I dvm_lock_sample: [system_server,1,binder:1688_9,36,ContentProviderHelper.java,207,android.app.ContentProviderHolder com.android.server.am.ContentProviderHelper.getContentProviderImpl(android.app.IApplicationThread, java.lang.String, android.os.IBinder, int, java.lang.String, java.lang.String, boolean, int),,0,null,7]
04-12 20:40:44.036000  4689  4689 I auditd  : type=1400 audit(0.0:527): avc:  denied  { read write } for  comm="re-initialized>" name="ensignal" dev="tmpfs" ino=2080 scontext=u:r:platform_app:s0:c512,c768 tcontext=u:object_r:ensignal_device:s0 tclass=chr_file permissive=0 app=com.transsion.screenrecorder
04-12 20:40:44.036000  4689  4689 I auditd  : type=1400 audit(0.0:528): avc:  denied  { read write } for  comm="re-initialized>" name="ensignal" dev="tmpfs" ino=2080 scontext=u:r:platform_app:s0:c512,c768 tcontext=u:object_r:ensignal_device:s0 tclass=chr_file permissive=0 app=com.transsion.screenrecorder
04-12 20:40:44.041384  1688  3629 I am_uid_active: 10158
04-12 20:40:44.132967  3908  4284 I dvm_lock_sample: [com.transsion.kolun.aiservice,0,ApiInvoke,292,SourceFile,-1,com.transsion.kolun.aidatacenter.collect.collector.BaseCollector com.transsion.kolun.aidatacenter.collect.collector.CollectorFactory.makeCollector(java.lang.String),-,-1,com.transsion.kolun.aidatacenter.collect.collector.BaseCollector com.transsion.kolun.aidatacenter.collect.collector.CollectorFactory.makeCollector(java.lang.String),58]
04-12 20:40:44.133386  3908  4278 I dvm_lock_sample: [com.transsion.kolun.aiservice,1,AIEngine-init,110,SourceFile,-1,com.transsion.kolun.aidatacenter.collect.collector.BaseCollector com.transsion.kolun.aidatacenter.collect.collector.CollectorFactory.makeCollector(java.lang.String),-,-1,com.transsion.kolun.aidatacenter.collect.collector.BaseCollector com.transsion.kolun.aidatacenter.collect.collector.CollectorFactory.makeCollector(java.lang.String),22]
04-12 20:40:44.152000  1417  1417 I auditd  : type=1400 audit(0.0:529): avc:  denied  { search } for  comm="binder:1417_1" name="/" dev="sdc87" ino=2 scontext=u:r:hap:s0 tcontext=u:object_r:tranfs_file:s0 tclass=dir permissive=0
04-12 20:40:44.156164  1688  2442 I dvm_lock_sample: [system_server,1,binder:1688_9,45,ActivityManagerService.java,15319,void com.android.server.am.ActivityManagerService.publishService(android.os.IBinder, android.content.Intent, android.os.IBinder),,0,null,9]
04-12 20:40:44.168930  4625  4751 I dvm_lock_sample: [com.transsion.airtransfer,0,DefaultDispatcher-worker-2,92,Settings.java,3446,android.content.IContentProvider android.provider.Settings$ContentProviderHolder.getProvider(android.content.ContentResolver),-,3451,android.content.IContentProvider android.provider.Settings$ContentProviderHolder.getProvider(android.content.ContentResolver),18]
04-12 20:40:44.175476  1688  4399 I am_uid_active: 10169
04-12 20:40:44.187530  1688  2277 I pm_critical_info: setEnabledSettings callingUid = 10158 callingPid = 4033 packageName = com.transsion.letswitch componentName = ComponentInfo{com.transsion.letswitch/com.transsion.letswitch.upgrade.UpgradeService} callingPackage= com.hoffnung newState = 2 userId = 0 flags = 1
04-12 20:40:44.218073  2369  4473 I dvm_lock_sample: [com.google.android.gms.persisten,0,highpool[2],112,:com.google.android.gms@261233035@26.12.33 (260400-892550550),3,void czgv.h(boolean, hayv, czjg),-,75,void cydv.l(),22]
04-12 20:40:44.225898  1688  4404 I pm_critical_info: setEnabledSettings callingUid = 10158 callingPid = 4033 packageName = com.transsion.demomode componentName = null callingPackage= com.hoffnung newState = 2 userId = 0 flags = 0
04-12 20:40:44.239960  1688  1954 I dvm_lock_sample: [system_server,0,binder:1688_4,53,ContentProviderHelper.java,985,void com.android.server.am.ContentProviderHelper.removeContentProvider(android.os.IBinder, boolean),BroadcastController.java,820,int com.android.server.am.BroadcastController.broadcastIntentWithFeature(android.app.IApplicationThread, java.lang.String, android.content.Intent, java.lang.String, android.content.IIntentReceiver, int, java.lang.String, android.os.Bundle, java.lang.String[], java.lang.String[], java.lang.String[], int, android.os.Bundle, boolean, boolean, int),10]
04-12 20:40:44.266929  1688  1688 I cc_connect_state_changed: [0,1,0]
04-12 20:40:44.275108  1688  4286 I am_uid_active: 10142
04-12 20:40:44.300774  1688  1821 I commit_sys_config_file: [jobs,1]
04-12 20:40:44.303283  1688  1821 I commit_sys_config_file: [jobs,2]
04-12 20:40:44.347757  1688  1871 I am_proc_start: [0,4853,1000,com.transsion.iotservice,service,{com.transsion.iotservice/com.transsion.iotservice.service.GlobaleScanToastControlService},caller=com.transsion.kolun.aiservice/1000]
04-12 20:40:44.357593  3908  4837 I service_manager_slow: [11,clipboard]
04-12 20:40:44.364345  1688  2442 I dvm_lock_sample: [system_server,1,binder:1688_9,40,BroadcastController.java,532,android.content.Intent com.android.server.am.BroadcastController.registerReceiverWithFeatureTraced(android.app.IApplicationThread, java.lang.String, java.lang.String, java.lang.String, android.content.IIntentReceiver, android.content.IntentFilter, java.lang.String, int, int),,0,null,8]
04-12 20:40:44.379017  1688  1870 I am_uid_active: 10187
04-12 20:40:44.381900  1688  2732 I am_proc_bound: [0,4853,com.transsion.iotservice]
04-12 20:40:44.399931  1688  2733 I dvm_lock_sample: [system_server,1,binder:1688_C,24,BroadcastController.java,532,android.content.Intent com.android.server.am.BroadcastController.registerReceiverWithFeatureTraced(android.app.IApplicationThread, java.lang.String, java.lang.String, java.lang.String, android.content.IIntentReceiver, android.content.IntentFilter, java.lang.String, int, int),,0,null,4]
04-12 20:40:44.444854  1688  1870 I am_wtf  : [0,1688,system_server,-1,ActivityManager,Sending non-protected broadcast usb_charge_change_mtp_mode_dialog from system 1688:system/1000 pkg android]
04-12 20:40:44.445142  1688  1870 I am_wtf  : [0,1688,system_server,-1,ActivityManager,Background started FGS: Allowed [callingPackage: com.google.android.as; callingUid: 10214; uidState: BFGS; uidBFSL: [BFSL]; intent: Intent { act=com.google.android.apps.miphone.aiai.captions.CaptionsSharedPrefsDataSyncService#ACTION_SYNC_FROM_CAPTIONS_TO_PERSISTENT_PROCESS xflg=0x4 cmp=com.google.android.as/com.google.android.apps.miphone.aiai.captions.CaptionsSharedPrefsDataSyncService (has extras) }; code:BACKGROUND_ACTIVITY_PERMISSION; tempAllowListReason:<null>; allowWiu:58; targetSdkVersion:36; callerTargetSdkVersion:36; startForegroundCount:0; bindFromPackage:null: isBindService:false]]
04-12 20:40:44.462365  1688  1870 I am_uid_running: 10233
04-12 20:40:44.473330  1688  1821 I commit_sys_config_file: [notification-policy,6]
04-12 20:40:44.495350  1688  2732 I dvm_lock_sample: [system_server,1,binder:1688_B,83,ActivityManagerService.java,15283,int com.android.server.am.ActivityManagerService.bindServiceInstance(android.app.IApplicationThread, android.os.IBinder, android.content.Intent, java.lang.String, android.app.IServiceConnection, long, java.lang.String, boolean, int, java.lang.String, android.app.IApplicationThread, java.lang.String, int),,0,null,16]
04-12 20:40:44.499937  1688  2732 I am_uid_running: 10117
04-12 20:40:44.503238  1688  4450 I am_proc_start: [0,4894,10214,com.google.android.as:captions,service,{com.google.android.as/com.google.android.apps.miphone.aiai.captions.CaptionsSharedPrefsDataSyncService},caller=com.google.android.as/10214]
04-12 20:40:44.506396  1688  4450 I am_proc_bound: [0,4894,com.google.android.as:captions]
04-12 20:40:44.531212  1688  1871 I am_proc_start: [0,4914,10233,com.google.android.googlequicksearchbox:googleapp,broadcast,{com.google.android.googlequicksearchbox/com.google.android.googlequicksearchbox.SearchWidgetProvider},caller=android/1000,action = android.appwidget.action.APPWIDGET_ENABLED]
04-12 20:40:44.586838  1688  1955 I dvm_lock_sample: [system_server,1,binder:1688_5,49,ContentProviderHelper.java,207,android.app.ContentProviderHolder com.android.server.am.ContentProviderHelper.getContentProviderImpl(android.app.IApplicationThread, java.lang.String, android.os.IBinder, int, java.lang.String, java.lang.String, boolean, int),,0,null,9]
04-12 20:40:44.597929  1688  4286 I am_proc_bound: [0,4914,com.google.android.googlequicksearchbox:googleapp]
04-12 20:40:44.608639  1688  2143 I dvm_lock_sample: [system_server,1,WifiHandlerThread,55,BroadcastController.java,759,int com.android.server.am.BroadcastController.broadcastIntentWithFeature(android.app.IApplicationThread, java.lang.String, android.content.Intent, java.lang.String, android.content.IIntentReceiver, int, java.lang.String, android.os.Bundle, java.lang.String[], java.lang.String[], java.lang.String[], int, android.os.Bundle, boolean, boolean, int),,0,null,11]
04-12 20:40:44.614273  1688  1871 I am_proc_start: [0,4938,10117,com.transsion.aicore.nexusflow,service,{com.transsion.aicore.nexusflow/com.transsion.aicore.nexusflow.FlowDispatcherService},caller=com.transsion.atomicbrain/10145]
04-12 20:40:44.618271  1688  1953 I am_proc_bound: [0,4938,com.transsion.aicore.nexusflow]
04-12 20:40:44.618662  1688  1991 I dvm_lock_sample: [system_server,1,appscheduling.default,252,JobSchedulerService.java,3501,void com.android.server.job.JobSchedulerService$JobHandler.handleMessage(android.os.Message),,0,null,50]
04-12 20:40:44.618857  1688  4449 I dvm_lock_sample: [system_server,1,binder:1688_1B,243,JobSchedulerService.java,2399,boolean com.android.server.job.JobSchedulerService.cancelJob(int, java.lang.String, int, int, int),,0,null,48]
04-12 20:40:44.636279  1688  1954 I sysui_multi_action: [757,1721,758,4,908,com.google.android.as/com.google.android.apps.miphone.aiai.app.AiAiAugmentedAutofillService,1722,6]
04-12 20:40:44.645634  1688  2224 I commit_sys_config_file: [sync-accounts,1]
04-12 20:40:44.708797  1688  2002 I commit_sys_config_file: [settings-1-0,19]
04-12 20:40:44.756681  1688  1955 I dvm_lock_sample: [system_server,0,binder:1688_5,68,ActivityManagerService.java,15340,void com.android.server.am.ActivityManagerService.serviceDoneExecuting(android.os.IBinder, int, int, int, android.content.Intent),,0,null,13]
04-12 20:40:44.812422  1688  2153 I netstats_mobile_sample: [0,0,0,0,0,0,0,0,1775997644812]
04-12 20:40:44.812438  1688  2153 I netstats_wifi_sample: [0,0,0,0,0,0,0,0,1775997644812]
04-12 20:40:44.813188  1688  1871 I am_proc_start: [0,4996,1000,com.transsion.ossettingsext,content provider,{com.transsion.ossettingsext/com.transsion.splitscreensetting.db.SplitSettingsProvider},caller=android/1000]
04-12 20:40:44.876920  1688  4399 I dvm_lock_sample: [system_server,0,binder:1688_18,49,WindowContextListenerController.java,397,void com.android.server.wm.WindowContextListenerController$WindowContextListenerImpl$DeathRecipient.binderDied(),WindowManagerService.java,5918,void com.android.server.wm.WindowManagerService.notifyWindowRemovedListeners(android.os.IBinder),9]
04-12 20:40:44.880731  1688  4294 I cc_current_allowlist: [0,0]
04-12 20:40:44.880778  1688  4294 I cc_set_allowlist: [0,0,4]
04-12 20:40:44.881342  1688  4294 I cc_current_allowlist: [0,2]
04-12 20:40:44.881364  1688  4294 I cc_update_options: [0,2]
04-12 20:40:44.903336  1688  4258 I dvm_lock_sample: [system_server,0,binder:1688_14,87,ActivityManagerService.java,15340,void com.android.server.am.ActivityManagerService.serviceDoneExecuting(android.os.IBinder, int, int, int, android.content.Intent),,0,null,17]
04-12 20:40:44.914774  1688  1955 I am_proc_bound: [0,4996,com.transsion.ossettingsext]
04-12 20:40:44.916862  1688  2153 I netstats_mobile_sample: [0,0,0,0,0,0,0,0,1775997644916]
04-12 20:40:44.916885  1688  2153 I netstats_wifi_sample: [0,0,0,0,0,0,0,0,1775997644916]
04-12 20:40:44.921505  1688  4449 I dvm_lock_sample: [system_server,1,binder:1688_1B,90,ActivityManagerService.java,15319,void com.android.server.am.ActivityManagerService.publishService(android.os.IBinder, android.content.Intent, android.os.IBinder),,0,null,18]
04-12 20:40:44.922938  1688  2732 I dvm_lock_sample: [system_server,1,binder:1688_B,90,ActivityManagerService.java,15283,int com.android.server.am.ActivityManagerService.bindServiceInstance(android.app.IApplicationThread, android.os.IBinder, android.content.Intent, java.lang.String, android.app.IServiceConnection, long, java.lang.String, boolean, int, java.lang.String, android.app.IApplicationThread, java.lang.String, int),,0,null,18]
04-12 20:40:44.930715  1688  2281 I dvm_lock_sample: [system_server,0,binder:1688_7,90,ActivityManagerService.java,1700,void com.android.server.am.ActivityManagerService$AppDeathRecipient.binderDied(),,0,null,18]
04-12 20:40:44.943357  1688  2281 I am_proc_died: [0,2828,com.transsion.multiwindow,0,5]
04-12 20:40:44.944358  1688  2282 I am_foreground_service_start: [0,com.google.android.as/com.google.android.apps.miphone.aiai.captions.CaptionsSharedPrefsDataSyncService,1,BACKGROUND_ACTIVITY_PERMISSION,36,36,0,0,0,1,UNKNOWN,2048]
04-12 20:40:44.968427  1688  1871 I am_proc_start: [0,5034,1000,com.transsion.audiosmartconnect,service,{com.transsion.audiosmartconnect/com.transsion.audiosmartconnect.service.AudioSmartConnectEnterService},caller=com.transsion.iotservice/1000]
04-12 20:40:44.976000  4663  4663 I auditd  : type=1400 audit(0.0:551): avc:  denied  { read } for  comm=4F6E65494420576F726B6572 name="u:object_r:vendor_security_patch_level_prop:s0" dev="tmpfs" ino=888 scontext=u:r:platform_app:s0:c512,c768 tcontext=u:object_r:vendor_security_patch_level_prop:s0 tclass=file permissive=0 app=com.transsion.iotcard
04-12 20:40:44.980000   504   504 I auditd  : type=1400 audit(0.0:552): avc:  denied  { read } for  comm="logd.writer" name="u:object_r:bluetooth_prop:s0" dev="tmpfs" ino=173 scontext=u:r:logd:s0 tcontext=u:object_r:bluetooth_prop:s0 tclass=file permissive=0
04-12 20:40:44.980000   504   504 I auditd  : type=1400 audit(0.0:553): avc:  denied  { read } for  comm="logd.writer" name="u:object_r:bluetooth_prop:s0" dev="tmpfs" ino=173 scontext=u:r:logd:s0 tcontext=u:object_r:bluetooth_prop:s0 tclass=file permissive=0
04-12 20:40:44.984000   504   504 I auditd  : type=1400 audit(0.0:554): avc:  denied  { read } for  comm="logd.writer" name="u:object_r:bluetooth_prop:s0" dev="tmpfs" ino=173 scontext=u:r:logd:s0 tcontext=u:object_r:bluetooth_prop:s0 tclass=file permissive=0
04-12 20:40:44.989827  1688  1870 I dvm_lock_sample: [system_server,1,ActivityManager,31,ActivityManagerService.java,19391,android.app.ActivityManagerInternal$ServiceNotificationPolicy com.android.server.am.ActivityManagerService$LocalService.applyForegroundServiceNotification(android.app.Notification, java.lang.String, int, java.lang.String, int),,0,null,6]
04-12 20:40:44.990083  1688  2281 I am_proc_bound: [0,5034,com.transsion.audiosmartconnect]
04-12 20:40:44.998988  1688  2729 I am_foreground_service_stop: [0,com.google.android.as/com.google.android.apps.miphone.aiai.captions.CaptionsSharedPrefsDataSyncService,1,BACKGROUND_ACTIVITY_PERMISSION,36,36,0,0,55,1,STOP_SERVICE,2048]
04-12 20:40:45.000000  5034  5034 I auditd  : type=1400 audit(0.0:555): avc:  denied  { read write } for  comm="re-initialized>" name="ensignal" dev="tmpfs" ino=2080 scontext=u:r:system_app:s0 tcontext=u:object_r:ensignal_device:s0 tclass=chr_file permissive=0
04-12 20:40:45.015052  1688  1688 I am_uid_running: 10250
04-12 20:40:45.038295  1688  1871 I am_proc_start: [0,5074,10250,com.google.android.tts,service,{com.google.android.tts/com.google.android.apps.speech.tts.googletts.service.GoogleTtsService},caller=system/1000]
04-12 20:40:45.069167  1688  2002 I commit_sys_config_file: [settings-0-0,6]
04-12 20:40:45.071079  1688  2164 I notification_enqueue: [10214,4894,com.google.android.as,559,NULL,0,Notification(channel=Captions shortcut=null contentView=null vibrate=null sound=null defaults=0 flags=FOREGROUND_SERVICE color=0x00000000 actions=1 vis=PRIVATE),0,1]
04-12 20:40:45.075697  1688  2729 I am_proc_bound: [0,5074,com.google.android.tts]
04-12 20:40:45.089329  1688  2153 I netstats_mobile_sample: [0,0,0,0,0,0,0,0,1775997645089]
04-12 20:40:45.089357  1688  2153 I netstats_wifi_sample: [1257,392,5,7,40,258,1,5,1775997645089]
04-12 20:40:45.103384  1688  1909 I commit_sys_config_file: [package,23]
04-12 20:40:45.127605  1688  1870 I am_wtf  : [0,1688,system_server,-1,ActivityManager,Sending non-protected broadcast com.transsion.atomiccore.action.bind_service.island from system 2698:com.android.systemui/u0a146 pkg com.android.systemui]
04-12 20:40:45.128547  1688  1870 I am_wtf  : [0,1688,system_server,-1,ActivityManager,Sending non-protected broadcast com.transsion.atomiccore.action.bind_service.island from system 2698:com.android.systemui/u0a146 pkg com.android.systemui]
04-12 20:40:45.130268  1688  1904 I commit_sys_config_file: [package-user-0,27]
04-12 20:40:45.167036  1688  2164 I sysui_multi_action: [757,128,758,5,759,8,793,177,794,0,795,177,796,559,806,com.google.android.as,857,Captions,858,2,947,0,1500,177,1688,1,1745,2098068913]
04-12 20:40:45.167049  1688  2164 I notification_canceled: [0|com.google.android.as|559|null|10214,8,177,177,0,-1,-1,NULL]
04-12 20:40:45.178298  1688  1801 I netstats_mobile_sample: [0,0,0,0,0,0,0,0,1775997645178]
04-12 20:40:45.178347  1688  1801 I netstats_wifi_sample: [1257,514,5,9,40,514,1,9,1775997645178]
04-12 20:40:45.213155  3908  4284 I dvm_lock_sample: [com.transsion.kolun.aiservice,0,ApiInvoke,950,SourceFile,-1,com.transsion.kolun.aidatacenter.common.config.DataConfig com.transsion.kolun.aidatacenter.validity.DataValidationMgr.getDataConfig(java.lang.String),-,-1,void com.transsion.kolun.aidatacenter.validity.DataValidationMgr.initConfigMap(),100]
04-12 20:40:45.236081  1688  2282 I am_uid_active: 10117
04-12 20:40:45.245058  1688  1871 I am_proc_start: [0,5143,1000,com.transsion.zahooc,content provider,{com.transsion.zahooc/com.transsion.payprotect.provider.PayProtectProvider},caller=com.transsion.usf/1000]
04-12 20:40:45.275602  1688  2732 I dvm_lock_sample: [system_server,1,binder:1688_B,31,ActivityManagerService.java,5375,void com.android.server.am.ActivityManagerService.attachApplication(android.app.IApplicationThread, long),,0,null,6]
04-12 20:40:45.275703  1688  2732 I am_proc_bound: [0,5143,com.transsion.zahooc]
04-12 20:40:45.280490  1688  4294 I netstats_mobile_sample: [0,0,0,0,0,0,0,0,1775997645280]
04-12 20:40:45.280556  1688  4294 I netstats_wifi_sample: [1257,514,5,9,40,514,1,9,1775997645280]
04-12 20:40:45.296957  1688  3321 I am_uid_active: 10250
04-12 20:40:45.299283  3908  4329 I dvm_lock_sample: [com.transsion.kolun.aiservice,0,AlgorithmWorkHandler,997,SourceFile,-1,com.transsion.kolun.aidatacenter.collect.collector.BaseCollector com.transsion.kolun.aidatacenter.collect.collector.CollectorFactory.makeCollector(java.lang.String),-,-1,com.transsion.kolun.aidatacenter.collect.collector.BaseCollector com.transsion.kolun.aidatacenter.collect.collector.CollectorFactory.makeCollector(java.lang.String),100]
04-12 20:40:45.305583  3908  4582 I dvm_lock_sample: [com.transsion.kolun.aiservice,0,dcc_bg-0,989,SourceFile,-1,com.transsion.kolun.aidatacenter.collect.collector.BaseCollector com.transsion.kolun.aidatacenter.collect.collector.CollectorFactory.makeCollector(java.lang.String),-,-1,com.transsion.kolun.aidatacenter.collect.collector.BaseCollector com.transsion.kolun.aidatacenter.collect.collector.CollectorFactory.makeCollector(java.lang.String),100]
04-12 20:40:45.307683  1688  1801 I dvm_lock_sample: [system_server,1,binder:1688_2,24,ActivityManagerService.java,7456,void com.android.server.am.ActivityManagerService.grantUriPermission(android.app.IApplicationThread, java.lang.String, android.net.Uri, int, int),,0,null,4]
04-12 20:40:45.392043  1688  4292 I netstats_mobile_sample: [0,0,0,0,0,0,0,0,1775997645392]
04-12 20:40:45.392382  1688  4292 I netstats_wifi_sample: [1827,514,10,9,610,514,6,9,1775997645392]
04-12 20:40:45.444866  5034  5034 I service_manager_slow: [13,kolun]
04-12 20:40:45.449264  1688  3906 I backup_transport_lifecycle: [com.android.localtransport/.LocalTransportService,1]
04-12 20:40:45.467201  1688  2188 I ntp_success: [time.android.com/216.239.35.0,64,920]
04-12 20:40:45.472378  1688  1688 I dvm_lock_sample: [system_server,0,main,9,AlarmManagerService.java,4950,void com.android.server.alarm.AlarmManagerService$AlarmHandler.handleMessage(android.os.Message),-,2344,void com.android.server.alarm.AlarmManagerService.setImpl(int, long, long, long, android.app.PendingIntent, android.app.IAlarmListener, java.lang.String, int, android.os.WorkSource, android.app.AlarmManager$AlarmClockInfo, int, java.lang.String, android.os.Bundle, int),1]
04-12 20:40:45.485973  1688  1871 I am_proc_start: [0,5229,1000,com.android.localtransport,service,{com.android.localtransport/com.android.localtransport.LocalTransportService},caller=system/1000]
04-12 20:40:45.498644  1688  1801 I am_proc_bound: [0,5229,com.android.localtransport]
04-12 20:40:45.545686  1688  1870 I am_uid_running: 10215
04-12 20:40:45.558391  1688  4404 I am_uid_active: 10233
04-12 20:40:45.627198  1688  1954 I am_proc_start: [0,5266,10215,com.transsnet.store,broadcast,{com.transsnet.store/com.afmobi.palmplay.cloudfolder.AppFolderProvider},caller=android/1000,action = android.appwidget.action.APPWIDGET_ENABLED]
04-12 20:40:45.630619  1688  1954 I am_proc_bound: [0,5266,com.transsnet.store]
04-12 20:40:45.659395  1688  1871 I dvm_lock_sample: [system_server,1,ActivityManager:procStart,73,ProcessList.java,2304,void com.android.server.am.ProcessList.lambda$handleProcessStart$1(com.android.server.am.ProcessRecord, java.lang.String, int[], int, int, int, java.lang.String, java.lang.String, java.lang.String, long),,0,null,14]
04-12 20:40:45.665416  1688  4454 I dvm_lock_sample: [system_server,1,binder:1688_1D,50,ContentProviderHelper.java,207,android.app.ContentProviderHolder com.android.server.am.ContentProviderHelper.getContentProviderImpl(android.app.IApplicationThread, java.lang.String, android.os.IBinder, int, java.lang.String, java.lang.String, boolean, int),,0,null,10]
04-12 20:40:45.678609  1688  4404 I dvm_lock_sample: [system_server,0,binder:1688_19,18,ContentProviderHelper.java,985,void com.android.server.am.ContentProviderHelper.removeContentProvider(android.os.IBinder, boolean),,0,null,3]
04-12 20:40:45.687310  1688  1688 I backup_transport_connection: [com.android.localtransport/.LocalTransportService,1]
04-12 20:40:45.692982  1688  2926 I pm_critical_info: setEnabledSettings callingUid = 1000 callingPid = 5143 packageName = com.transsion.zahooc componentName = ComponentInfo{com.transsion.zahooc/com.transsion.confront.PopCatcherTileService} callingPackage= 1000 newState = 1 userId = 0 flags = 1
04-12 20:40:45.771463  2369  4886 I dvm_lock_sample: [com.google.android.gms.persisten,0,lowpool[5],17,:com.google.android.gms@261233035@26.12.33 (260400-892550550),3,void birn.execute(java.lang.Runnable),-,12,void birn.execute(java.lang.Runnable),3]
04-12 20:40:45.792384  5143  5291 I service_manager_slow: [10,android.system.keystore2.IKeystoreService/default]
04-12 20:40:45.815098  1688  2920 I pm_critical_info: setEnabledSettings callingUid = 1000 callingPid = 5143 packageName = com.transsion.zahooc componentName = ComponentInfo{com.transsion.zahooc/com.transsion.theftalert.model.service.TheftAlertTileService} callingPackage= 1000 newState = 1 userId = 0 flags = 1
04-12 20:40:45.824122  1688  3321 I pm_critical_info: setEnabledSettings callingUid = 1000 callingPid = 5143 packageName = com.transsion.zahooc componentName = ComponentInfo{com.transsion.zahooc/com.transsion.peekproof.service.PeekProofTileService} callingPackage= 1000 newState = 1 userId = 0 flags = 1
04-12 20:40:45.838715  1688  1954 I dvm_lock_sample: [system_server,1,binder:1688_4,63,ActivityManagerService.java,15048,android.content.ComponentName com.android.server.am.ActivityManagerService.startService(android.app.IApplicationThread, android.content.Intent, java.lang.String, boolean, java.lang.String, java.lang.String, int, boolean, int, java.lang.String, java.lang.String),,0,null,12]
04-12 20:40:45.864436  1688  3906 I backup_transport_lifecycle: [com.android.localtransport/.LocalTransportService,0]
04-12 20:40:45.864452  1688  3906 I backup_transport_connection: [com.android.localtransport/.LocalTransportService,0]
04-12 20:40:45.903987  1688  4292 I dvm_lock_sample: [system_server,1,binder:1688_16,37,ActivityManagerService.java,15283,int com.android.server.am.ActivityManagerService.bindServiceInstance(android.app.IApplicationThread, android.os.IBinder, android.content.Intent, java.lang.String, android.app.IServiceConnection, long, java.lang.String, boolean, int, java.lang.String, android.app.IApplicationThread, java.lang.String, int),,0,null,7]
04-12 20:40:45.923000  1688  3906 I am_uid_running: 10226
04-12 20:40:45.931679  1688  3906 I backup_transport_lifecycle: [com.google.android.apps.restore/.transport.BackupTransportService,1]
04-12 20:40:45.940827  1688  1871 I am_proc_start: [0,5356,10226,com.google.android.apps.restore,service,{com.google.android.apps.restore/com.google.android.apps.restore.transport.BackupTransportService},caller=system/1000]
04-12 20:40:46.001616  1688  4635 I dvm_lock_sample: [system_server,1,binder:1688_1E,80,ActivityManagerService.java,15283,int com.android.server.am.ActivityManagerService.bindServiceInstance(android.app.IApplicationThread, android.os.IBinder, android.content.Intent, java.lang.String, android.app.IServiceConnection, long, java.lang.String, boolean, int, java.lang.String, android.app.IApplicationThread, java.lang.String, int),,0,null,16]
04-12 20:40:46.032090  1688  1991 I dvm_lock_sample: [system_server,1,appscheduling.default,107,ActivityManagerService.java,15283,int com.android.server.am.ActivityManagerService.bindServiceInstance(android.app.IApplicationThread, android.os.IBinder, android.content.Intent, java.lang.String, android.app.IServiceConnection, long, java.lang.String, boolean, int, java.lang.String, android.app.IApplicationThread, java.lang.String, int),,0,null,21]
04-12 20:40:46.048107  1688  2733 I am_proc_bound: [0,5356,com.google.android.apps.restore]
04-12 20:40:46.072000  5356  5356 I auditd  : type=1400 audit(0.0:576): avc:  denied  { read write } for  comm="re-initialized>" name="ensignal" dev="tmpfs" ino=2080 scontext=u:r:priv_app:s0:c512,c768 tcontext=u:object_r:ensignal_device:s0 tclass=chr_file permissive=0 app=com.google.android.apps.restore
04-12 20:40:46.076000  5356  5356 I auditd  : type=1400 audit(0.0:577): avc:  denied  { read write } for  comm="re-initialized>" name="ensignal" dev="tmpfs" ino=2080 scontext=u:r:priv_app:s0:c512,c768 tcontext=u:object_r:ensignal_device:s0 tclass=chr_file permissive=0 app=com.google.android.apps.restore
04-12 20:40:46.086781  1688  2729 I dvm_lock_sample: [system_server,1,binder:1688_A,78,BroadcastController.java,532,android.content.Intent com.android.server.am.BroadcastController.registerReceiverWithFeatureTraced(android.app.IApplicationThread, java.lang.String, java.lang.String, java.lang.String, android.content.IIntentReceiver, android.content.IntentFilter, java.lang.String, int, int),,0,null,15]
04-12 20:40:46.115433  1688  4294 I dvm_lock_sample: [system_server,1,binder:1688_17,55,ActivityManagerService.java,15305,boolean com.android.server.am.ActivityManagerService.unbindService(android.app.IServiceConnection),,0,null,11]
04-12 20:40:46.120633  1688  2905 I dvm_lock_sample: [system_server,1,binder:1688_D,56,ActivityManagerService.java,15283,int com.android.server.am.ActivityManagerService.bindServiceInstance(android.app.IApplicationThread, android.os.IBinder, android.content.Intent, java.lang.String, android.app.IServiceConnection, long, java.lang.String, boolean, int, java.lang.String, android.app.IApplicationThread, java.lang.String, int),,0,null,11]
04-12 20:40:46.127871  1688  2282 I dvm_lock_sample: [system_server,1,binder:1688_8,131,ContentProviderHelper.java,207,android.app.ContentProviderHolder com.android.server.am.ContentProviderHelper.getContentProviderImpl(android.app.IApplicationThread, java.lang.String, android.os.IBinder, int, java.lang.String, java.lang.String, boolean, int),,0,null,26]
04-12 20:40:46.150110  1688  4635 I dvm_lock_sample: [system_server,1,binder:1688_1E,44,ActivityManagerService.java,15283,int com.android.server.am.ActivityManagerService.bindServiceInstance(android.app.IApplicationThread, android.os.IBinder, android.content.Intent, java.lang.String, android.app.IServiceConnection, long, java.lang.String, boolean, int, java.lang.String, android.app.IApplicationThread, java.lang.String, int),,0,null,8]
04-12 20:40:46.158269  1688  2729 I dvm_lock_sample: [system_server,1,binder:1688_A,45,ActivityManagerService.java,15319,void com.android.server.am.ActivityManagerService.publishService(android.os.IBinder, android.content.Intent, android.os.IBinder),,0,null,9]
04-12 20:40:46.176525  1688  2277 I dvm_lock_sample: [system_server,0,binder:1688_6,31,ContentProviderHelper.java,985,void com.android.server.am.ContentProviderHelper.removeContentProvider(android.os.IBinder, boolean),,0,null,6]
04-12 20:40:46.214295  1688  1688 I dvm_lock_sample: [system_server,1,main,291,DeviceIdleJobsController.java,108,void com.android.server.job.controllers.DeviceIdleJobsController$1.onReceive(android.content.Context, android.content.Intent),,0,null,58]
04-12 20:40:46.309469  1688  2224 I sync    : [com.google.android.location.reporting,0,0,-1543423057]
04-12 20:40:46.318866  1688  5426 I dropbox_file_copy: [/sys/fs/pstore/console-ramoops-0,-196048,SYSTEM_LAST_KMSG]
04-12 20:40:46.365503  1688  5426 I commit_sys_config_file: [log-files,7]
04-12 20:40:46.384000   504   504 I auditd  : type=1400 audit(0.0:578): avc:  denied  { read } for  comm="logd.writer" name="u:object_r:bluetooth_prop:s0" dev="tmpfs" ino=173 scontext=u:r:logd:s0 tcontext=u:object_r:bluetooth_prop:s0 tclass=file permissive=0
04-12 20:40:46.384000   504   504 I auditd  : type=1400 audit(0.0:579): avc:  denied  { read } for  comm="logd.writer" name="u:object_r:bluetooth_prop:s0" dev="tmpfs" ino=173 scontext=u:r:logd:s0 tcontext=u:object_r:bluetooth_prop:s0 tclass=file permissive=0
04-12 20:40:46.396797  1688  5426 I am_uid_running: 10075
04-12 20:40:46.408405  1688  4294 I dvm_lock_sample: [system_server,0,binder:1688_17,38,ContentProviderHelper.java,985,void com.android.server.am.ContentProviderHelper.removeContentProvider(android.os.IBinder, boolean),,0,null,7]
04-12 20:40:46.409276  1688  3322 I dvm_lock_sample: [system_server,1,binder:1688_12,65,ActivityManagerService.java,15283,int com.android.server.am.ActivityManagerService.bindServiceInstance(android.app.IApplicationThread, android.os.IBinder, android.content.Intent, java.lang.String, android.app.IServiceConnection, long, java.lang.String, boolean, int, java.lang.String, android.app.IApplicationThread, java.lang.String, int),,0,null,13]
04-12 20:40:46.411094  1688  2224 I sync    : [com.google.android.gms.reminders,0,0,-1543423057]
04-12 20:40:46.426023  1688  1871 I am_proc_start: [0,5460,10075,android.process.media,content provider,{com.android.providers.downloads/com.android.providers.downloads.DownloadProvider},caller=android/1000]
04-12 20:40:46.427248  1688  1820 I dvm_lock_sample: [system_server,1,android.ui,48,ActivityManagerService.java,17319,void com.android.server.am.ActivityManagerService.pushTempAllowlist(),,0,null,9]
04-12 20:40:46.457196  1688  2729 I dvm_lock_sample: [system_server,1,binder:1688_A,23,ActivityManagerService.java,15048,android.content.ComponentName com.android.server.am.ActivityManagerService.startService(android.app.IApplicationThread, android.content.Intent, java.lang.String, boolean, java.lang.String, java.lang.String, int, boolean, int, java.lang.String, java.lang.String),,0,null,4]
04-12 20:40:46.483369  1688  2442 I am_uid_active: 10226
04-12 20:40:46.506724  1688  2224 I sync    : [com.google.android.gms.chromesync,0,3,-1543423057]
04-12 20:40:46.513290  1688  1871 I am_proc_start: [0,5474,1000,com.transsion.phonemanager,service,{com.transsion.phonemanager/com.transsion.phonemanager.BinderPoolService},caller=com.transsnet.store/10215]
04-12 20:40:46.528562  1688  4406 I am_proc_bound: [0,5460,android.process.media]
04-12 20:40:46.544000  5460  5460 I auditd  : type=1400 audit(0.0:580): avc:  denied  { read write } for  comm="re-initialized>" name="ensignal" dev="tmpfs" ino=2080 scontext=u:r:mediaprovider:s0:c512,c768 tcontext=u:object_r:ensignal_device:s0 tclass=chr_file permissive=0 app=com.android.providers.media
04-12 20:40:46.555485  1688  2729 I dvm_lock_sample: [system_server,1,binder:1688_A,33,ContentProviderHelper.java,207,android.app.ContentProviderHolder com.android.server.am.ContentProviderHelper.getContentProviderImpl(android.app.IApplicationThread, java.lang.String, android.os.IBinder, int, java.lang.String, java.lang.String, boolean, int),,0,null,6]
04-12 20:40:46.575173  1688  2002 I commit_sys_config_file: [settings-0-0,19]
04-12 20:40:46.578786  2369  4886 I c2dm    : [-2,,1,1]
04-12 20:40:46.583305  1688  3322 I am_proc_bound: [0,5474,com.transsion.phonemanager]
04-12 20:40:46.655055  1688  1821 I commit_sys_config_file: [jobs,9]
04-12 20:40:46.655531  1688  1821 I commit_sys_config_file: [jobs,0]
04-12 20:40:46.660050  1688  1821 I commit_sys_config_file: [jobs,5]
04-12 20:40:46.668380  1688  4294 I dvm_lock_sample: [system_server,0,binder:1688_17,196,ActivityManagerService.java,15340,void com.android.server.am.ActivityManagerService.serviceDoneExecuting(android.os.IBinder, int, int, int, android.content.Intent),,0,null,39]
04-12 20:40:46.671230  1688  1688 I backup_transport_connection: [com.google.android.apps.restore/.transport.BackupTransportService,1]
04-12 20:40:46.672284  1688  2729 I dvm_lock_sample: [system_server,1,binder:1688_A,109,ActivityManagerService.java,15319,void com.android.server.am.ActivityManagerService.publishService(android.os.IBinder, android.content.Intent, android.os.IBinder),,0,null,21]
04-12 20:40:46.689840  1688  1688 I dvm_lock_sample: [system_server,0,main,19,JobServiceContext.java,824,void com.android.server.job.JobServiceContext.doJobFinished(com.android.server.job.JobServiceContext$JobCallback, int, boolean),QuotaController.java,821,boolean com.android.server.job.controllers.QuotaController.isUidInForeground(int),3]
04-12 20:40:46.702566  1688  4294 I dvm_lock_sample: [system_server,0,binder:1688_17,21,ContentProviderHelper.java,985,void com.android.server.am.ContentProviderHelper.removeContentProvider(android.os.IBinder, boolean),,0,null,4]
04-12 20:40:46.714428  1688  2224 I sync    : [com.google.android.gms.people,0,0,-1543423057]
04-12 20:40:46.745719  1688  2732 I am_uid_running: 10131
04-12 20:40:46.769370  1688  2224 I sync    : [com.google.android.gms.games,0,0,-1543423057]
04-12 20:40:46.772551  1688  3906 I backup_transport_lifecycle: [com.google.android.apps.restore/.transport.BackupTransportService,0]
04-12 20:40:46.772577  1688  3906 I backup_transport_connection: [com.google.android.apps.restore/.transport.BackupTransportService,0]
04-12 20:40:46.805325  1688  1870 I am_uid_running: 10231
04-12 20:40:46.810703  1688  4450 I am_proc_start: [0,5551,10131,com.google.android.mosey,service,{com.google.android.mosey/com.google.android.mosey.ExternalSharingService},caller=com.google.android.gms.persistent/10232]
04-12 20:40:46.813872  1688  4450 I am_proc_bound: [0,5551,com.google.android.mosey]
04-12 20:40:46.840862  1688  2282 I dvm_lock_sample: [system_server,1,binder:1688_8,71,BroadcastController.java,532,android.content.Intent com.android.server.am.BroadcastController.registerReceiverWithFeatureTraced(android.app.IApplicationThread, java.lang.String, java.lang.String, java.lang.String, android.content.IIntentReceiver, android.content.IntentFilter, java.lang.String, int, int),,0,null,14]
04-12 20:40:46.843177  1688  1870 I dvm_lock_sample: [system_server,1,ActivityManager,23,BroadcastQueueImpl.java,493,void com.android.server.am.BroadcastQueueImpl.updateRunningList(),,0,null,4]
04-12 20:40:46.848028  1688  3906 I backup_transport_lifecycle: [com.google.android.gms/.backup.component.D2dTransportService,1]
04-12 20:40:46.850816  1688  2733 I am_uid_active: 10075
04-12 20:40:46.860476  1688  2224 I sync    : [com.google.android.gms.people,1,0,-1543423057]
04-12 20:40:46.868424  1688  2224 I sync    : [subscribedfeeds,0,0,-1543423057]
04-12 20:40:46.885117  1688  1871 I am_proc_start: [0,5585,10231,com.android.vending,broadcast,{com.android.vending/com.google.android.finsky.simhandler.SimStateReceiver},caller=com.android.phone/1001,action = android.intent.action.SIM_STATE_CHANGED]
04-12 20:40:46.887744  1688  4404 I am_proc_bound: [0,5585,com.android.vending]
04-12 20:40:46.899397  1688  3321 I commit_sys_config_file: [sync-accounts,2]
04-12 20:40:46.908279  1688  2224 I sync    : [com.google.android.gms.reminders,1,0,-1543423057]
04-12 20:40:46.921957  1688  2224 I sync    : [subscribedfeeds,1,0,-1543423057]
04-12 20:40:46.924793  1688  2224 I commit_sys_config_file: [sync-status,3]
04-12 20:40:46.925713  1688  2224 I sync    : [com.google.android.gms.games.background,0,0,-1543423057]
04-12 20:40:46.928086  1688  1688 I backup_transport_connection: [com.google.android.gms/.backup.component.D2dTransportService,1]
04-12 20:40:46.930761  3867  3867 I gms_unknown: 2369
04-12 20:40:46.930845  3867  3867 I gms_unknown: 47106
04-12 20:40:46.952948  1688  2224 I sync    : [com.google.android.gms.games,1,0,-1543423057]
04-12 20:40:46.956856  1688  2224 I sync    : [com.google.android.gms.fitness,0,0,-1543423057]
04-12 20:40:46.959044  3867  3867 I gms_unknown: 2369
04-12 20:40:46.959646  3867  3867 I gms_unknown: 47106
04-12 20:40:46.969932  1688  3906 I backup_transport_lifecycle: [com.google.android.gms/.backup.component.D2dTransportService,0]
04-12 20:40:46.969954  1688  3906 I backup_transport_connection: [com.google.android.gms/.backup.component.D2dTransportService,0]
04-12 20:40:46.972877  1688  1871 I am_proc_start: [0,5621,10233,com.google.android.googlequicksearchbox:search,service,{com.google.android.googlequicksearchbox/androidx.work.impl.background.systemjob.SystemJobService},trigger = job,caller=system/1000]
04-12 20:40:46.980092  1688  2224 I dvm_lock_sample: [system_server,0,SyncManager,9,JobSchedulerService.java,2093,java.util.List com.android.server.job.JobSchedulerService.getPendingJobsInNamespace(int, java.lang.String),-,5689,boolean com.android.server.job.JobSchedulerService.isBatteryCharging(),1]
04-12 20:40:46.980817  3867  4889 I gms_unknown: [CheckinTask:duration,16]
04-12 20:40:46.984814  1688  3906 I backup_transport_lifecycle: [com.google.android.gms/.backup.BackupTransportService,1]
04-12 20:40:46.997497  1688  1821 I commit_sys_config_file: [notification-policy,2]
04-12 20:40:47.017087  1688  4286 I am_uid_active: 10131
04-12 20:40:47.019193  1688  2282 I am_proc_bound: [0,5621,com.google.android.googlequicksearchbox:search]
04-12 20:40:47.033228  3867  4889 I gms_unknown: [CheckinTask:duration,0]
04-12 20:40:47.036167  1688  2224 I sync    : [com.google.android.gms.games.background,1,0,-1543423057]
