04-12 20:40:34.356000  1688  1688 I auditd  : type=1400 audit(0.0:166): avc:  denied  { read } for  comm="system_server" name="u:object_r:vendor_default_prop:s0" dev="tmpfs" ino=607 scontext=u:r:system_server:s0 tcontext=u:object_r:vendor_default_prop:s0 tclass=file permissive=0
04-12 20:40:34.360000  1688  1688 I auditd  : type=1400 audit(0.0:167): avc:  denied  { read } for  comm="system_server" name="u:object_r:vendor_default_prop:s0" dev="tmpfs" ino=607 scontext=u:r:system_server:s0 tcontext=u:object_r:vendor_default_prop:s0 tclass=file permissive=0
04-12 20:40:34.360000  1336  1336 I auditd  : type=1400 audit(0.0:168): avc:  denied  { search } for  comm="camerahalserver" name="tmp" dev="dm-79" ino=102 scontext=u:r:mtk_hal_camera:s0 tcontext=u:object_r:shell_data_file:s0 tclass=dir permissive=0
04-12 20:40:34.360000  1336  1336 I auditd  : type=1400 audit(0.0:169): avc:  denied  { search } for  comm="camerahalserver" name="data" dev="dm-79" ino=251 scontext=u:r:mtk_hal_camera:s0 tcontext=u:object_r:system_data_file:s0:c512,c768 tclass=dir permissive=0
04-12 20:40:34.365226  1688  1688 I system_server_start: [1,15159,15159]
04-12 20:40:34.365404  1688  1688 I boot_progress_system_run: 15172
04-12 20:40:34.368000  1336  1336 I auditd  : type=1400 audit(0.0:170): avc:  denied  { search } for  comm="camerahalserver" name="tmp" dev="dm-79" ino=102 scontext=u:r:mtk_hal_camera:s0 tcontext=u:object_r:shell_data_file:s0 tclass=dir permissive=0
04-12 20:40:34.368000  1336  1336 I auditd  : type=1400 audit(0.0:171): avc:  denied  { search } for  comm="camerahalserver" name="data" dev="dm-79" ino=251 scontext=u:r:mtk_hal_camera:s0 tcontext=u:object_r:system_data_file:s0:c512,c768 tclass=dir permissive=0
04-12 20:40:34.372000  1805  1805 I auditd  : type=1400 audit(0.0:172): avc:  denied  { read write } for  comm="iptables-wrappe" path="/dev/ttyCMIPC1" dev="tmpfs" ino=1773 scontext=u:r:netutils_wrapper:s0 tcontext=u:object_r:gsm0710muxd_device:s0 tclass=chr_file permissive=0
04-12 20:40:34.372000  1805  1805 I auditd  : type=1400 audit(0.0:173): avc:  denied  { read write } for  comm="iptables-wrappe" path="/dev/ccci_pin_sta" dev="tmpfs" ino=1731 scontext=u:r:netutils_wrapper:s0 tcontext=u:object_r:ccci_device:s0 tclass=chr_file permissive=0
04-12 20:40:34.372000  1805  1805 I auditd  : type=1400 audit(0.0:174): avc:  denied  { read write } for  comm="iptables-wrappe" path="/dev/ccci_wifi_proxy" dev="tmpfs" ino=1762 scontext=u:r:netutils_wrapper:s0 tcontext=u:object_r:ccci_wifi_proxy_device:s0 tclass=chr_file permissive=0
04-12 20:40:34.372000  1805  1805 I auditd  : type=1400 audit(0.0:175): avc:  denied  { read write } for  comm="iptables-wrappe" path="/dev/ccci_vts" dev="tmpfs" ino=1763 scontext=u:r:netutils_wrapper:s0 tcontext=u:object_r:ccci_vts_device:s0 tclass=chr_file permissive=0
04-12 20:40:34.372000  1805  1805 I auditd  : type=1400 audit(0.0:176): avc:  denied  { read write } for  comm="iptables-wrappe" path="/dev/ccci_mdx_sta" dev="tmpfs" ino=1729 scontext=u:r:netutils_wrapper:s0 tcontext=u:object_r:ccci_device:s0 tclass=chr_file permissive=0
04-12 20:40:34.372000  1805  1805 I auditd  : type=1400 audit(0.0:177): avc:  denied  { read write } for  comm="iptables-wrappe" path="/dev/ccci_md1_sta" dev="tmpfs" ino=1730 scontext=u:r:netutils_wrapper:s0 tcontext=u:object_r:ccci_device:s0 tclass=chr_file permissive=0
04-12 20:40:34.376000  1336  1336 I auditd  : type=1400 audit(0.0:178): avc:  denied  { search } for  comm="camerahalserver" name="tmp" dev="dm-79" ino=102 scontext=u:r:mtk_hal_camera:s0 tcontext=u:object_r:shell_data_file:s0 tclass=dir permissive=0
04-12 20:40:34.376000  1336  1336 I auditd  : type=1400 audit(0.0:179): avc:  denied  { search } for  comm="camerahalserver" name="data" dev="dm-79" ino=251 scontext=u:r:mtk_hal_camera:s0 tcontext=u:object_r:system_data_file:s0:c512,c768 tclass=dir permissive=0
04-12 20:40:34.384000  1336  1336 I auditd  : type=1400 audit(0.0:180): avc:  denied  { search } for  comm="camerahalserver" name="tmp" dev="dm-79" ino=102 scontext=u:r:mtk_hal_camera:s0 tcontext=u:object_r:shell_data_file:s0 tclass=dir permissive=0
04-12 20:40:34.384000  1336  1336 I auditd  : type=1400 audit(0.0:181): avc:  denied  { search } for  comm="camerahalserver" name="data" dev="dm-79" ino=251 scontext=u:r:mtk_hal_camera:s0 tcontext=u:object_r:system_data_file:s0:c512,c768 tclass=dir permissive=0
04-12 20:40:34.388000  1806  1806 I auditd  : type=1400 audit(0.0:182): avc:  denied  { read write } for  comm="iptables-wrappe" path="/dev/ttyCMIPC1" dev="tmpfs" ino=1773 scontext=u:r:netutils_wrapper:s0 tcontext=u:object_r:gsm0710muxd_device:s0 tclass=chr_file permissive=0
04-12 20:40:34.388000  1806  1806 I auditd  : type=1400 audit(0.0:183): avc:  denied  { read write } for  comm="iptables-wrappe" path="/dev/ccci_pin_sta" dev="tmpfs" ino=1731 scontext=u:r:netutils_wrapper:s0 tcontext=u:object_r:ccci_device:s0 tclass=chr_file permissive=0
04-12 20:40:34.388000  1806  1806 I auditd  : type=1400 audit(0.0:184): avc:  denied  { read write } for  comm="iptables-wrappe" path="/dev/ccci_wifi_proxy" dev="tmpfs" ino=1762 scontext=u:r:netutils_wrapper:s0 tcontext=u:object_r:ccci_wifi_proxy_device:s0 tclass=chr_file permissive=0
04-12 20:40:34.388000  1806  1806 I auditd  : type=1400 audit(0.0:185): avc:  denied  { read write } for  comm="iptables-wrappe" path="/dev/ccci_vts" dev="tmpfs" ino=1763 scontext=u:r:netutils_wrapper:s0 tcontext=u:object_r:ccci_vts_device:s0 tclass=chr_file permissive=0
04-12 20:40:34.388000  1806  1806 I auditd  : type=1400 audit(0.0:186): avc:  denied  { read write } for  comm="iptables-wrappe" path="/dev/ccci_mdx_sta" dev="tmpfs" ino=1729 scontext=u:r:netutils_wrapper:s0 tcontext=u:object_r:ccci_device:s0 tclass=chr_file permissive=0
04-12 20:40:34.388000  1806  1806 I auditd  : type=1400 audit(0.0:187): avc:  denied  { read write } for  comm="iptables-wrappe" path="/dev/ccci_md1_sta" dev="tmpfs" ino=1730 scontext=u:r:netutils_wrapper:s0 tcontext=u:object_r:ccci_device:s0 tclass=chr_file permissive=0
04-12 20:40:34.396000  1336  1336 I auditd  : type=1400 audit(0.0:188): avc:  denied  { search } for  comm="camerahalserver" name="tmp" dev="dm-79" ino=102 scontext=u:r:mtk_hal_camera:s0 tcontext=u:object_r:shell_data_file:s0 tclass=dir permissive=0
04-12 20:40:34.396000  1336  1336 I auditd  : type=1400 audit(0.0:189): avc:  denied  { search } for  comm="camerahalserver" name="data" dev="dm-79" ino=251 scontext=u:r:mtk_hal_camera:s0 tcontext=u:object_r:system_data_file:s0:c512,c768 tclass=dir permissive=0
04-12 20:40:34.400000  1807  1807 I auditd  : type=1400 audit(0.0:190): avc:  denied  { read write } for  comm="ip6tables-wrapp" path="/dev/ttyCMIPC1" dev="tmpfs" ino=1773 scontext=u:r:netutils_wrapper:s0 tcontext=u:object_r:gsm0710muxd_device:s0 tclass=chr_file permissive=0
04-12 20:40:34.400000  1807  1807 I auditd  : type=1400 audit(0.0:191): avc:  denied  { read write } for  comm="ip6tables-wrapp" path="/dev/ccci_pin_sta" dev="tmpfs" ino=1731 scontext=u:r:netutils_wrapper:s0 tcontext=u:object_r:ccci_device:s0 tclass=chr_file permissive=0
04-12 20:40:34.400000  1807  1807 I auditd  : type=1400 audit(0.0:192): avc:  denied  { read write } for  comm="ip6tables-wrapp" path="/dev/ccci_wifi_proxy" dev="tmpfs" ino=1762 scontext=u:r:netutils_wrapper:s0 tcontext=u:object_r:ccci_wifi_proxy_device:s0 tclass=chr_file permissive=0
04-12 20:40:34.400000  1807  1807 I auditd  : type=1400 audit(0.0:193): avc:  denied  { read write } for  comm="ip6tables-wrapp" path="/dev/ccci_vts" dev="tmpfs" ino=1763 scontext=u:r:netutils_wrapper:s0 tcontext=u:object_r:ccci_vts_device:s0 tclass=chr_file permissive=0
04-12 20:40:34.400000  1807  1807 I auditd  : type=1400 audit(0.0:194): avc:  denied  { read write } for  comm="ip6tables-wrapp" path="/dev/ccci_mdx_sta" dev="tmpfs" ino=1729 scontext=u:r:netutils_wrapper:s0 tcontext=u:object_r:ccci_device:s0 tclass=chr_file permissive=0
04-12 20:40:34.400000  1807  1807 I auditd  : type=1400 audit(0.0:195): avc:  denied  { read write } for  comm="ip6tables-wrapp" path="/dev/ccci_md1_sta" dev="tmpfs" ino=1730 scontext=u:r:netutils_wrapper:s0 tcontext=u:object_r:ccci_device:s0 tclass=chr_file permissive=0
04-12 20:40:34.412000  1808  1808 I auditd  : type=1400 audit(0.0:196): avc:  denied  { read write } for  comm="ip6tables-wrapp" path="/dev/ttyCMIPC1" dev="tmpfs" ino=1773 scontext=u:r:netutils_wrapper:s0 tcontext=u:object_r:gsm0710muxd_device:s0 tclass=chr_file permissive=0
04-12 20:40:34.412000  1808  1808 I auditd  : type=1400 audit(0.0:197): avc:  denied  { read write } for  comm="ip6tables-wrapp" path="/dev/ccci_pin_sta" dev="tmpfs" ino=1731 scontext=u:r:netutils_wrapper:s0 tcontext=u:object_r:ccci_device:s0 tclass=chr_file permissive=0
04-12 20:40:34.412000  1808  1808 I auditd  : type=1400 audit(0.0:198): avc:  denied  { read write } for  comm="ip6tables-wrapp" path="/dev/ccci_wifi_proxy" dev="tmpfs" ino=1762 scontext=u:r:netutils_wrapper:s0 tcontext=u:object_r:ccci_wifi_proxy_device:s0 tclass=chr_file permissive=0
04-12 20:40:34.412000  1808  1808 I auditd  : type=1400 audit(0.0:199): avc:  denied  { read write } for  comm="ip6tables-wrapp" path="/dev/ccci_vts" dev="tmpfs" ino=1763 scontext=u:r:netutils_wrapper:s0 tcontext=u:object_r:ccci_vts_device:s0 tclass=chr_file permissive=0
04-12 20:40:34.412000  1808  1808 I auditd  : type=1400 audit(0.0:200): avc:  denied  { read write } for  comm="ip6tables-wrapp" path="/dev/ccci_mdx_sta" dev="tmpfs" ino=1729 scontext=u:r:netutils_wrapper:s0 tcontext=u:object_r:ccci_device:s0 tclass=chr_file permissive=0
04-12 20:40:34.412000  1808  1808 I auditd  : type=1400 audit(0.0:201): avc:  denied  { read write } for  comm="ip6tables-wrapp" path="/dev/ccci_md1_sta" dev="tmpfs" ino=1730 scontext=u:r:netutils_wrapper:s0 tcontext=u:object_r:ccci_device:s0 tclass=chr_file permissive=0
04-12 20:40:34.448000  1336  1336 I auditd  : type=1400 audit(0.0:202): avc:  denied  { search } for  comm="camerahalserver" name="tmp" dev="dm-79" ino=102 scontext=u:r:mtk_hal_camera:s0 tcontext=u:object_r:shell_data_file:s0 tclass=dir permissive=0
04-12 20:40:34.448000  1336  1336 I auditd  : type=1400 audit(0.0:203): avc:  denied  { search } for  comm="camerahalserver" name="data" dev="dm-79" ino=251 scontext=u:r:mtk_hal_camera:s0 tcontext=u:object_r:system_data_file:s0:c512,c768 tclass=dir permissive=0
04-12 20:40:34.452000  1336  1336 I auditd  : type=1400 audit(0.0:204): avc:  denied  { search } for  comm="camerahalserver" name="tmp" dev="dm-79" ino=102 scontext=u:r:mtk_hal_camera:s0 tcontext=u:object_r:shell_data_file:s0 tclass=dir permissive=0
04-12 20:40:34.452000  1336  1336 I auditd  : type=1400 audit(0.0:205): avc:  denied  { search } for  comm="camerahalserver" name="data" dev="dm-79" ino=251 scontext=u:r:mtk_hal_camera:s0 tcontext=u:object_r:system_data_file:s0:c512,c768 tclass=dir permissive=0
04-12 20:40:34.472000  1336  1336 I auditd  : type=1400 audit(0.0:206): avc:  denied  { search } for  comm="camerahalserver" name="tmp" dev="dm-79" ino=102 scontext=u:r:mtk_hal_camera:s0 tcontext=u:object_r:shell_data_file:s0 tclass=dir permissive=0
04-12 20:40:34.472000  1336  1336 I auditd  : type=1400 audit(0.0:207): avc:  denied  { search } for  comm="camerahalserver" name="data" dev="dm-79" ino=251 scontext=u:r:mtk_hal_camera:s0 tcontext=u:object_r:system_data_file:s0:c512,c768 tclass=dir permissive=0
04-12 20:40:34.520000  1336  1336 I auditd  : type=1400 audit(0.0:208): avc:  denied  { search } for  comm="camerahalserver" name="tmp" dev="dm-79" ino=102 scontext=u:r:mtk_hal_camera:s0 tcontext=u:object_r:shell_data_file:s0 tclass=dir permissive=0
04-12 20:40:34.520000  1336  1336 I auditd  : type=1400 audit(0.0:209): avc:  denied  { search } for  comm="camerahalserver" name="data" dev="dm-79" ino=251 scontext=u:r:mtk_hal_camera:s0 tcontext=u:object_r:system_data_file:s0:c512,c768 tclass=dir permissive=0
04-12 20:40:34.528000  1336  1336 I auditd  : type=1400 audit(0.0:210): avc:  denied  { search } for  comm="camerahalserver" name="tmp" dev="dm-79" ino=102 scontext=u:r:mtk_hal_camera:s0 tcontext=u:object_r:shell_data_file:s0 tclass=dir permissive=0
04-12 20:40:34.528000  1336  1336 I auditd  : type=1400 audit(0.0:211): avc:  denied  { search } for  comm="camerahalserver" name="data" dev="dm-79" ino=251 scontext=u:r:mtk_hal_camera:s0 tcontext=u:object_r:system_data_file:s0:c512,c768 tclass=dir permissive=0
04-12 20:40:34.548000  1336  1336 I auditd  : type=1400 audit(0.0:212): avc:  denied  { search } for  comm="camerahalserver" name="tmp" dev="dm-79" ino=102 scontext=u:r:mtk_hal_camera:s0 tcontext=u:object_r:shell_data_file:s0 tclass=dir permissive=0
04-12 20:40:34.548000  1336  1336 I auditd  : type=1400 audit(0.0:213): avc:  denied  { search } for  comm="camerahalserver" name="data" dev="dm-79" ino=251 scontext=u:r:mtk_hal_camera:s0 tcontext=u:object_r:system_data_file:s0:c512,c768 tclass=dir permissive=0
04-12 20:40:34.552000  1336  1336 I auditd  : type=1400 audit(0.0:214): avc:  denied  { search } for  comm="camerahalserver" name="tmp" dev="dm-79" ino=102 scontext=u:r:mtk_hal_camera:s0 tcontext=u:object_r:shell_data_file:s0 tclass=dir permissive=0
04-12 20:40:34.552000  1336  1336 I auditd  : type=1400 audit(0.0:215): avc:  denied  { search } for  comm="camerahalserver" name="data" dev="dm-79" ino=251 scontext=u:r:mtk_hal_camera:s0 tcontext=u:object_r:system_data_file:s0:c512,c768 tclass=dir permissive=0
04-12 20:40:34.560000  1336  1336 I auditd  : type=1400 audit(0.0:216): avc:  denied  { search } for  comm="camerahalserver" name="tmp" dev="dm-79" ino=102 scontext=u:r:mtk_hal_camera:s0 tcontext=u:object_r:shell_data_file:s0 tclass=dir permissive=0
04-12 20:40:34.560000  1336  1336 I auditd  : type=1400 audit(0.0:217): avc:  denied  { search } for  comm="camerahalserver" name="data" dev="dm-79" ino=251 scontext=u:r:mtk_hal_camera:s0 tcontext=u:object_r:system_data_file:s0:c512,c768 tclass=dir permissive=0
04-12 20:40:34.568000  1336  1336 I auditd  : type=1400 audit(0.0:218): avc:  denied  { search } for  comm="camerahalserver" name="tmp" dev="dm-79" ino=102 scontext=u:r:mtk_hal_camera:s0 tcontext=u:object_r:shell_data_file:s0 tclass=dir permissive=0
04-12 20:40:34.568000  1336  1336 I auditd  : type=1400 audit(0.0:219): avc:  denied  { search } for  comm="camerahalserver" name="data" dev="dm-79" ino=251 scontext=u:r:mtk_hal_camera:s0 tcontext=u:object_r:system_data_file:s0:c512,c768 tclass=dir permissive=0
04-12 20:40:34.580000  1336  1336 I auditd  : type=1400 audit(0.0:220): avc:  denied  { search } for  comm="camerahalserver" name="tmp" dev="dm-79" ino=102 scontext=u:r:mtk_hal_camera:s0 tcontext=u:object_r:shell_data_file:s0 tclass=dir permissive=0
04-12 20:40:34.580000  1336  1336 I auditd  : type=1400 audit(0.0:221): avc:  denied  { search } for  comm="camerahalserver" name="data" dev="dm-79" ino=251 scontext=u:r:mtk_hal_camera:s0 tcontext=u:object_r:system_data_file:s0:c512,c768 tclass=dir permissive=0
04-12 20:40:34.584000  1336  1336 I auditd  : type=1400 audit(0.0:222): avc:  denied  { search } for  comm="camerahalserver" name="tmp" dev="dm-79" ino=102 scontext=u:r:mtk_hal_camera:s0 tcontext=u:object_r:shell_data_file:s0 tclass=dir permissive=0
04-12 20:40:34.584000  1336  1336 I auditd  : type=1400 audit(0.0:223): avc:  denied  { search } for  comm="camerahalserver" name="data" dev="dm-79" ino=251 scontext=u:r:mtk_hal_camera:s0 tcontext=u:object_r:system_data_file:s0:c512,c768 tclass=dir permissive=0
04-12 20:40:34.628000  1336  1336 I auditd  : type=1400 audit(0.0:224): avc:  denied  { read } for  comm="camerahalserver" name="u:object_r:default_prop:s0" dev="tmpfs" ino=238 scontext=u:r:mtk_hal_camera:s0 tcontext=u:object_r:default_prop:s0 tclass=file permissive=0
04-12 20:40:34.636000  1336  1336 I auditd  : type=1400 audit(0.0:225): avc:  denied  { read } for  comm="camerahalserver" name="u:object_r:default_prop:s0" dev="tmpfs" ino=238 scontext=u:r:mtk_hal_camera:s0 tcontext=u:object_r:default_prop:s0 tclass=file permissive=0
04-12 20:40:34.656000  1336  1336 I auditd  : type=1400 audit(0.0:226): avc:  denied  { read } for  comm="camerahalserver" name="u:object_r:default_prop:s0" dev="tmpfs" ino=238 scontext=u:r:mtk_hal_camera:s0 tcontext=u:object_r:default_prop:s0 tclass=file permissive=0
04-12 20:40:34.656000  1688  1688 I auditd  : type=1400 audit(0.0:227): avc:  denied  { read } for  comm="system_server" name="u:object_r:vendor_default_prop:s0" dev="tmpfs" ino=607 scontext=u:r:system_server:s0 tcontext=u:object_r:vendor_default_prop:s0 tclass=file permissive=0
04-12 20:40:34.660000  1688  1688 I auditd  : type=1400 audit(0.0:228): avc:  denied  { read } for  comm="system_server" name="u:object_r:vendor_default_prop:s0" dev="tmpfs" ino=607 scontext=u:r:system_server:s0 tcontext=u:object_r:vendor_default_prop:s0 tclass=file permissive=0
04-12 20:40:34.676000  1336  1336 I auditd  : type=1400 audit(0.0:229): avc:  denied  { getattr } for  comm="binder:1336_2" path="/dev/cpuset/camhalserver_bgRun/cpus" dev="cgroup" ino=189 scontext=u:r:mtk_hal_camera:s0 tcontext=u:object_r:cgroup:s0 tclass=file permissive=0
04-12 20:40:34.704000  1688  1688 I auditd  : type=1400 audit(0.0:230): avc:  denied  { read } for  comm="system_server" name="u:object_r:vendor_tr_hbm_support_prop:s0" dev="tmpfs" ino=896 scontext=u:r:system_server:s0 tcontext=u:object_r:vendor_tr_hbm_support_prop:s0 tclass=file permissive=0
04-12 20:40:34.704000  1688  1688 I auditd  : type=1400 audit(0.0:231): avc:  denied  { read } for  comm="system_server" name="u:object_r:vendor_tr_hbm_support_prop:s0" dev="tmpfs" ino=896 scontext=u:r:system_server:s0 tcontext=u:object_r:vendor_tr_hbm_support_prop:s0 tclass=file permissive=0
04-12 20:40:34.704000  1688  1688 I auditd  : type=1400 audit(0.0:232): avc:  denied  { read } for  comm="system_server" name="u:object_r:vendor_tr_hbm_support_prop:s0" dev="tmpfs" ino=896 scontext=u:r:system_server:s0 tcontext=u:object_r:vendor_tr_hbm_support_prop:s0 tclass=file permissive=0
04-12 20:40:34.788000  1336  1336 I auditd  : type=1400 audit(0.0:233): avc:  denied  { read } for  comm="binder:1336_2" name="u:object_r:transsion_vendor_prop:s0" dev="tmpfs" ino=588 scontext=u:r:mtk_hal_camera:s0 tcontext=u:object_r:transsion_vendor_prop:s0 tclass=file permissive=0
04-12 20:40:34.788000  1336  1336 I auditd  : type=1400 audit(0.0:234): avc:  denied  { read } for  comm="binder:1336_2" name="u:object_r:transsion_vendor_prop:s0" dev="tmpfs" ino=588 scontext=u:r:mtk_hal_camera:s0 tcontext=u:object_r:transsion_vendor_prop:s0 tclass=file permissive=0
04-12 20:40:34.880000  1688  1688 I auditd  : type=1400 audit(0.0:235): avc:  denied  { read write } for  comm="android.display" name="ensignal" dev="tmpfs" ino=2080 scontext=u:r:system_server:s0 tcontext=u:object_r:ensignal_device:s0 tclass=chr_file permissive=0
04-12 20:40:34.880000  1688  1688 I auditd  : type=1400 audit(0.0:236): avc:  denied  { read write } for  comm="android.display" name="ensignal" dev="tmpfs" ino=2080 scontext=u:r:system_server:s0 tcontext=u:object_r:ensignal_device:s0 tclass=chr_file permissive=0
04-12 20:40:34.908512  1688  1688 I boot_progress_pms_start: 15715
04-12 20:40:34.988000  1688  1688 I auditd  : type=1400 audit(0.0:237): avc:  denied  { read } for  comm="system_server" name="u:object_r:vendor_mtk_debug_sf_cpupolicy_prop:s0" dev="tmpfs" ino=688 scontext=u:r:system_server:s0 tcontext=u:object_r:vendor_mtk_debug_sf_cpupolicy_prop:s0 tclass=file permissive=0
04-12 20:40:35.044000  1336  1336 I auditd  : type=1400 audit(0.0:238): avc:  denied  { read } for  comm="binder:1336_2" name="u:object_r:transsion_vendor_prop:s0" dev="tmpfs" ino=588 scontext=u:r:mtk_hal_camera:s0 tcontext=u:object_r:transsion_vendor_prop:s0 tclass=file permissive=0
04-12 20:40:35.048000  1336  1336 I auditd  : type=1400 audit(0.0:239): avc:  denied  { read } for  comm="binder:1336_2" name="u:object_r:transsion_vendor_prop:s0" dev="tmpfs" ino=588 scontext=u:r:mtk_hal_camera:s0 tcontext=u:object_r:transsion_vendor_prop:s0 tclass=file permissive=0
04-12 20:40:35.115019  1688  1688 I boot_progress_pms_system_scan_start: 15922
04-12 20:40:35.468000  1336  1336 I auditd  : type=1400 audit(0.0:241): avc:  denied  { read } for  comm="binder:1336_2" name="u:object_r:transsion_vendor_prop:s0" dev="tmpfs" ino=588 scontext=u:r:mtk_hal_camera:s0 tcontext=u:object_r:transsion_vendor_prop:s0 tclass=file permissive=0
04-12 20:40:35.672000  1336  1336 I auditd  : type=1400 audit(0.0:242): avc:  denied  { read } for  comm="binder:1336_2" name="u:object_r:transsion_vendor_prop:s0" dev="tmpfs" ino=588 scontext=u:r:mtk_hal_camera:s0 tcontext=u:object_r:transsion_vendor_prop:s0 tclass=file permissive=0
04-12 20:40:35.672000  1336  1336 I auditd  : type=1400 audit(0.0:243): avc:  denied  { read } for  comm="binder:1336_2" name="u:object_r:transsion_vendor_prop:s0" dev="tmpfs" ino=588 scontext=u:r:mtk_hal_camera:s0 tcontext=u:object_r:transsion_vendor_prop:s0 tclass=file permissive=0
04-12 20:40:35.680000  1336  1336 I auditd  : type=1400 audit(0.0:244): avc:  denied  { read } for  comm="binder:1336_2" name="u:object_r:transsion_vendor_prop:s0" dev="tmpfs" ino=588 scontext=u:r:mtk_hal_camera:s0 tcontext=u:object_r:transsion_vendor_prop:s0 tclass=file permissive=0
04-12 20:40:35.680000  1336  1336 I auditd  : type=1400 audit(0.0:245): avc:  denied  { read } for  comm="binder:1336_2" name="u:object_r:transsion_vendor_prop:s0" dev="tmpfs" ino=588 scontext=u:r:mtk_hal_camera:s0 tcontext=u:object_r:transsion_vendor_prop:s0 tclass=file permissive=0
04-12 20:40:35.688000  1336  1336 I auditd  : type=1400 audit(0.0:246): avc:  denied  { read } for  comm="binder:1336_2" name="u:object_r:transsion_vendor_prop:s0" dev="tmpfs" ino=588 scontext=u:r:mtk_hal_camera:s0 tcontext=u:object_r:transsion_vendor_prop:s0 tclass=file permissive=0
04-12 20:40:35.688000  1336  1336 I auditd  : type=1400 audit(0.0:247): avc:  denied  { read } for  comm="binder:1336_2" name="u:object_r:transsion_vendor_prop:s0" dev="tmpfs" ino=588 scontext=u:r:mtk_hal_camera:s0 tcontext=u:object_r:transsion_vendor_prop:s0 tclass=file permissive=0
04-12 20:40:35.747530  1688  1688 I pm_critical_info: Skip scanning oobe removed sys package: com.amazon.mShop.android.shopping
04-12 20:40:35.747563  1688  1688 I pm_critical_info: Skip scanning oobe removed sys package: com.block.juggle
04-12 20:40:35.747576  1688  1688 I pm_critical_info: Skip scanning oobe removed sys package: com.afmobi.boomplayer
04-12 20:40:35.751744  1688  1688 I pm_critical_info: Skip scanning oobe removed sys package: com.transtech.geniex
04-12 20:40:35.751834  1688  1688 I pm_critical_info: Don't skip scanning the sys package which disabled before,  but then installed later: com.instagram.android
04-12 20:40:35.758713  1688  1688 I pm_critical_info: Skip scanning oobe removed sys package: com.dada.inputmethod.infinix
04-12 20:40:35.758741  1688  1688 I pm_critical_info: Skip scanning oobe removed sys package: com.amazon.appmanager
04-12 20:40:35.758762  1688  1688 I pm_critical_info: Skip scanning oobe removed sys package: com.transsion.phoenix
04-12 20:40:35.758775  1688  1688 I pm_critical_info: Skip scanning oobe removed sys package: com.kwai.video
04-12 20:40:35.762217  1688  1688 I pm_critical_info: Skip scanning oobe removed sys package: com.spotify.music
04-12 20:40:35.762238  1688  1688 I pm_critical_info: Skip scanning oobe removed sys package: com.shopee.ph
04-12 20:40:35.763171  1688  1688 I pm_critical_info: Skip scanning oobe removed sys package: com.kwai.bulldog
04-12 20:40:35.763846  1688  1688 I pm_critical_info: Skip scanning oobe removed sys package: com.zhiliaoapp.musically.go
04-12 20:40:35.764426  1688  1688 I pm_critical_info: Skip scanning oobe removed sys package: com.ss.android.ugc.trill
04-12 20:40:35.764722  1688  1688 I pm_critical_info: Skip scanning oobe removed sys package: com.zhiliaoapp.musically
04-12 20:40:35.775614  1688  1688 I pm_critical_info: Skip scanning oobe removed sys package: com.infinix.xpark
04-12 20:40:35.789397  1688  1688 I boot_progress_pms_data_scan_start: 16596
04-12 20:40:35.816000  1336  1336 I auditd  : type=1400 audit(0.0:248): avc:  denied  { search } for  comm="binder:1336_2" name="/" dev="sdc9" ino=2 scontext=u:r:mtk_hal_camera:s0 tcontext=u:object_r:persist_data_file:s0 tclass=dir permissive=0
04-12 20:40:35.824000  1336  1336 I auditd  : type=1400 audit(0.0:249): avc:  denied  { read } for  comm="binder:1336_2" name="u:object_r:transsion_vendor_prop:s0" dev="tmpfs" ino=588 scontext=u:r:mtk_hal_camera:s0 tcontext=u:object_r:transsion_vendor_prop:s0 tclass=file permissive=0
04-12 20:40:35.906092  1688  1688 I boot_progress_pms_scan_end: 16713
04-12 20:40:36.158974  1688  1688 I commit_sys_config_file: [package,26]
04-12 20:40:36.159021  1688  1688 I boot_progress_pms_ready: 16966
04-12 20:40:36.168060  1688  1909 I dvm_lock_sample: [system_server,0,PackageManager,630,InstallPackageHelper.java,506,void com.android.server.pm.InstallPackageHelper.handleUpdateOwnerDenyList(com.android.server.pm.PackageSetting),PackageManagerService.java,2763,void com.android.server.pm.PackageManagerService.<init>(com.android.server.pm.PackageManagerServiceInjector, boolean, java.lang.String, boolean, boolean, int, java.lang.String),100]
04-12 20:40:36.169204  1688  1887 I dvm_lock_sample: [system_server,0,ProcessData_thread,261,PackageManagerService.java,1344,com.android.server.pm.Computer com.android.server.pm.PackageManagerService.snapshotComputer(boolean),-,1370,com.android.server.pm.Computer com.android.server.pm.PackageManagerService.snapshotComputer(boolean),52]
04-12 20:40:36.174334  1688  1904 I commit_sys_config_file: [package-user-0,15]
04-12 20:40:36.203524  1688  1688 I am_uid_running: 1000
04-12 20:40:36.216000  1688  1688 I auditd  : type=1400 audit(0.0:250): avc:  denied  { read } for  comm="system_server" name="u:object_r:vendor_default_prop:s0" dev="tmpfs" ino=607 scontext=u:r:system_server:s0 tcontext=u:object_r:vendor_default_prop:s0 tclass=file permissive=0
04-12 20:40:36.222179  1688  1688 I am_uid_active: 1000
04-12 20:40:36.230300  1688  1688 I service_manager_stats: [100,6,17037]
04-12 20:40:36.516064  1688  1953 I battery_status: [2,2,1,2,Li-ion]
04-12 20:40:36.516996  1688  1953 I battery_level: [68,3980,291]
04-12 20:40:36.522438  1688  1955 I battery_status: [2,2,1,2,Li-ion]
04-12 20:40:36.523815  1688  1955 I battery_level: [68,3980,291]
04-12 20:40:36.723163  1688  1688 I pm_critical_info: setEnabledSettings callingUid = 1000 callingPid = 1688 packageName = com.android.shell componentName = ComponentInfo{com.android.shell/com.android.shell.BugreportStorageProvider} callingPackage= android newState = 1 userId = 0 flags = 0
04-12 20:40:36.724000  1688  1688 I auditd  : type=1400 audit(0.0:251): avc:  denied  { read } for  comm="system_server" name="u:object_r:vendor_default_prop:s0" dev="tmpfs" ino=607 scontext=u:r:system_server:s0 tcontext=u:object_r:vendor_default_prop:s0 tclass=file permissive=0
04-12 20:40:36.760000  1336  1336 I auditd  : type=1400 audit(0.0:252): avc:  denied  { read } for  comm="binder:1336_2" name="u:object_r:camera_config_prop:s0" dev="tmpfs" ino=191 scontext=u:r:mtk_hal_camera:s0 tcontext=u:object_r:camera_config_prop:s0 tclass=file permissive=0
04-12 20:40:36.772000  1336  1336 I auditd  : type=1400 audit(0.0:253): avc:  denied  { read } for  comm="binder:1336_2" name="u:object_r:transsion_vendor_prop:s0" dev="tmpfs" ino=588 scontext=u:r:mtk_hal_camera:s0 tcontext=u:object_r:transsion_vendor_prop:s0 tclass=file permissive=0
04-12 20:40:36.796000  1688  1688 I auditd  : type=1400 audit(0.0:254): avc:  denied  { read } for  comm="android.display" name="u:object_r:vendor_default_prop:s0" dev="tmpfs" ino=607 scontext=u:r:system_server:s0 tcontext=u:object_r:vendor_default_prop:s0 tclass=file permissive=0
04-12 20:40:36.840000  1336  1336 I auditd  : type=1400 audit(0.0:255): avc:  denied  { read } for  comm="binder:1336_2" name="u:object_r:camera_config_prop:s0" dev="tmpfs" ino=191 scontext=u:r:mtk_hal_camera:s0 tcontext=u:object_r:camera_config_prop:s0 tclass=file permissive=0
04-12 20:40:36.848000  1336  1336 I auditd  : type=1400 audit(0.0:256): avc:  denied  { read } for  comm="binder:1336_2" name="u:object_r:transsion_vendor_prop:s0" dev="tmpfs" ino=588 scontext=u:r:mtk_hal_camera:s0 tcontext=u:object_r:transsion_vendor_prop:s0 tclass=file permissive=0
04-12 20:40:36.906145  1688  1688 I wm_task_created: 1
04-12 20:40:36.916000  1688  1688 I auditd  : type=1400 audit(0.0:257): avc:  denied  { read } for  comm="android.ui" name="u:object_r:vendor_default_prop:s0" dev="tmpfs" ino=607 scontext=u:r:system_server:s0 tcontext=u:object_r:vendor_default_prop:s0 tclass=file permissive=0
04-12 20:40:36.916000  1688  1688 I auditd  : type=1400 audit(0.0:258): avc:  denied  { read } for  comm="android.ui" name="u:object_r:vendor_default_prop:s0" dev="tmpfs" ino=607 scontext=u:r:system_server:s0 tcontext=u:object_r:vendor_default_prop:s0 tclass=file permissive=0
04-12 20:40:36.924803  1688  1822 I sysui_multi_action: [757,1594,758,4,759,0,806,NULL]
04-12 20:40:36.929863  1688  1870 I am_wtf  : [0,1688,system_server,-1,SystemServiceRegistry,No service published for: fingerprint]
04-12 20:40:36.931784  1688  1870 I am_wtf  : [0,1688,system_server,-1,SystemServiceRegistry,Manager wrapper not available: fingerprint]
04-12 20:40:36.985401   508   508 I auditd  : avc:  denied  { find } for pid=1323 uid=1013 name=media_quality scontext=u:r:mediaserver:s0 tcontext=u:object_r:media_quality_service:s0 tclass=service_manager permissive=0
04-12 20:40:37.000762  1688  1688 I pm_critical_info: setEnabledSettings callingUid = 1000 callingPid = 1688 packageName = com.google.android.marvin.talkback componentName = ComponentInfo{com.google.android.marvin.talkback/com.google.android.accessibility.accessibilitymenu.AccessibilityMenuService} callingPackage= android newState = 2 userId = 0 flags = 1
04-12 20:40:37.000000  1148  1148 I auditd  : type=1400 audit(0.0:259): avc:  denied  { read } for  comm="binder:1148_3" name="u:object_r:vendor_default_prop:s0" dev="tmpfs" ino=607 scontext=u:r:audioserver:s0 tcontext=u:object_r:vendor_default_prop:s0 tclass=file permissive=0
04-12 20:40:37.005041  1688  1688 I configuration_changed: 805330424
04-12 20:40:37.008000  1148  1148 I auditd  : type=1400 audit(0.0:260): avc:  denied  { read } for  comm="binder:1148_3" name="u:object_r:vendor_default_prop:s0" dev="tmpfs" ino=607 scontext=u:r:audioserver:s0 tcontext=u:object_r:vendor_default_prop:s0 tclass=file permissive=0
04-12 20:40:37.008000  1148  1148 I auditd  : type=1400 audit(0.0:261): avc:  denied  { read } for  comm="binder:1148_3" name="u:object_r:vendor_default_prop:s0" dev="tmpfs" ino=607 scontext=u:r:audioserver:s0 tcontext=u:object_r:vendor_default_prop:s0 tclass=file permissive=0
04-12 20:40:37.008000  1148  1148 I auditd  : type=1400 audit(0.0:262): avc:  denied  { read } for  comm="binder:1148_3" name="u:object_r:vendor_default_prop:s0" dev="tmpfs" ino=607 scontext=u:r:audioserver:s0 tcontext=u:object_r:vendor_default_prop:s0 tclass=file permissive=0
04-12 20:40:37.010654  1688  1688 I sysui_multi_action: [757,1659,758,4,759,1,1660,0]
04-12 20:40:37.020000  1688  1688 I auditd  : type=1400 audit(0.0:263): avc:  denied  { read } for  comm="android.bg" name="hwcomposer.mtk_common.so" dev="dm-18" ino=30664064 scontext=u:r:system_server:s0 tcontext=u:object_r:vendor_file:s0 tclass=file permissive=0
04-12 20:40:37.028000  1148  1148 I auditd  : type=1400 audit(0.0:264): avc:  denied  { read } for  comm="AudioOut_D" name="u:object_r:vendor_default_prop:s0" dev="tmpfs" ino=607 scontext=u:r:audioserver:s0 tcontext=u:object_r:vendor_default_prop:s0 tclass=file permissive=0
04-12 20:40:37.111973  1688  1688 I device_idle: [0,boot]
04-12 20:40:37.112029  1688  1688 I device_idle_light: [0,boot]
04-12 20:40:37.287473  1688  1688 I am_uid_running: 10145
04-12 20:40:37.289034  1688  1688 I am_uid_running: 10269
04-12 20:40:37.296000  1336  1336 I auditd  : type=1400 audit(0.0:265): avc:  denied  { read } for  comm="binder:1336_2" name="u:object_r:camera_config_prop:s0" dev="tmpfs" ino=191 scontext=u:r:mtk_hal_camera:s0 tcontext=u:object_r:camera_config_prop:s0 tclass=file permissive=0
04-12 20:40:37.304000  1336  1336 I auditd  : type=1400 audit(0.0:266): avc:  denied  { read } for  comm="binder:1336_2" name="u:object_r:transsion_vendor_prop:s0" dev="tmpfs" ino=588 scontext=u:r:mtk_hal_camera:s0 tcontext=u:object_r:transsion_vendor_prop:s0 tclass=file permissive=0
04-12 20:40:37.331647  1688  2164 I notification_cancel_all: [1000,1688,android,0,0,0,20,NULL]
04-12 20:40:37.331708  1688  2164 I notification_cancel_all: [1000,1688,android,0,0,0,20,NULL]
04-12 20:40:37.331731  1688  2164 I notification_cancel_all: [1000,1688,android,0,0,0,20,NULL]
04-12 20:40:37.332678  1688  2164 I notification_cancel_all: [1000,1688,android,0,0,0,20,NULL]
04-12 20:40:37.337742  1688  2166 I storage_state: [41217664-9172-527a-b3d5-edabb50a7d69,0,0,211256360960,235929567232]
04-12 20:40:37.352000  1688  1688 I auditd  : type=1400 audit(0.0:267): avc:  denied  { read } for  comm="system_server" name="u:object_r:vendor_default_prop:s0" dev="tmpfs" ino=607 scontext=u:r:system_server:s0 tcontext=u:object_r:vendor_default_prop:s0 tclass=file permissive=0
04-12 20:40:37.394698  1688  1870 I am_wtf  : [0,1688,system_server,-1,PowerManagerService,Tried to acquire wake lock for invalid display: 0]
04-12 20:40:37.448364  1688  2173 I stream_devices_changed: [3,0,2]
04-12 20:40:37.451314  1688  2173 I stream_devices_changed: [0,0,1]
04-12 20:40:37.451535  1688  2173 I stream_devices_changed: [5,0,2]
04-12 20:40:37.451763  1688  2173 I stream_devices_changed: [4,0,2]
04-12 20:40:37.455514  1688  2173 I stream_devices_changed: [2,0,2]
04-12 20:40:37.508000  1688  1688 I auditd  : type=1400 audit(0.0:268): avc:  denied  { read } for  comm="BiometricServic" name="u:object_r:vendor_default_prop:s0" dev="tmpfs" ino=607 scontext=u:r:system_server:s0 tcontext=u:object_r:vendor_default_prop:s0 tclass=file permissive=0
04-12 20:40:37.518445  1688  1821 I commit_sys_config_file: [notification-policy,2]
04-12 20:40:37.571034  1688  2002 I snet_event_log: [35028827,-1,account:Account {name=zxt19950521@gmail.com, type=com.google} provider:subscribedfeeds user:0]
04-12 20:40:37.571162  1688  2002 I snet_event_log: [26513719,-1,Malformed authority]
04-12 20:40:37.648000  1069  1069 I auditd  : type=1400 audit(0.0:269): avc:  denied  { read } for  comm="android.hardwar" name="u:object_r:virtual_face_prop:s0" dev="tmpfs" ino=928 scontext=u:r:hal_face_default:s0 tcontext=u:object_r:virtual_face_prop:s0 tclass=file permissive=0
04-12 20:40:37.648000  1069  1069 I auditd  : type=1400 audit(0.0:270): avc:  denied  { write } for  comm="android.hardwar" name="property_service" dev="tmpfs" ino=948 scontext=u:r:hal_face_default:s0 tcontext=u:object_r:property_socket:s0 tclass=sock_file permissive=0
04-12 20:40:37.648000  1688  1688 I auditd  : type=1400 audit(0.0:271): avc:  denied  { read } for  comm="PowerManagerSer" name="u:object_r:vendor_default_prop:s0" dev="tmpfs" ino=607 scontext=u:r:system_server:s0 tcontext=u:object_r:vendor_default_prop:s0 tclass=file permissive=0
04-12 20:40:37.648000  1069  1069 I auditd  : type=1400 audit(0.0:273): avc:  denied  { write } for  comm="android.hardwar" name="property_service" dev="tmpfs" ino=948 scontext=u:r:hal_face_default:s0 tcontext=u:object_r:property_socket:s0 tclass=sock_file permissive=0
04-12 20:40:37.648000  1688  1688 I auditd  : type=1400 audit(0.0:274): avc:  denied  { read } for  comm="PowerManagerSer" name="u:object_r:vendor_default_prop:s0" dev="tmpfs" ino=607 scontext=u:r:system_server:s0 tcontext=u:object_r:vendor_default_prop:s0 tclass=file permissive=0
04-12 20:40:37.652000  1336  1336 I auditd  : type=1400 audit(0.0:275): avc:  denied  { read } for  comm="binder:1336_2" name="u:object_r:camera_config_prop:s0" dev="tmpfs" ino=191 scontext=u:r:mtk_hal_camera:s0 tcontext=u:object_r:camera_config_prop:s0 tclass=file permissive=0
04-12 20:40:37.668000  1336  1336 I auditd  : type=1400 audit(0.0:276): avc:  denied  { read } for  comm="binder:1336_2" name="u:object_r:transsion_vendor_prop:s0" dev="tmpfs" ino=588 scontext=u:r:mtk_hal_camera:s0 tcontext=u:object_r:transsion_vendor_prop:s0 tclass=file permissive=0
04-12 20:40:37.668000  1336  1336 I auditd  : type=1400 audit(0.0:277): avc:  denied  { read } for  comm="binder:1336_2" name="u:object_r:camera_config_prop:s0" dev="tmpfs" ino=191 scontext=u:r:mtk_hal_camera:s0 tcontext=u:object_r:camera_config_prop:s0 tclass=file permissive=0
04-12 20:40:37.685370  1688  2002 I commit_sys_config_file: [settings-2-0,2]
04-12 20:40:37.684000  1336  1336 I auditd  : type=1400 audit(0.0:278): avc:  denied  { read } for  comm="binder:1336_2" name="u:object_r:transsion_vendor_prop:s0" dev="tmpfs" ino=588 scontext=u:r:mtk_hal_camera:s0 tcontext=u:object_r:transsion_vendor_prop:s0 tclass=file permissive=0
04-12 20:40:37.684000  1336  1336 I auditd  : type=1400 audit(0.0:279): avc:  denied  { read } for  comm="binder:1336_2" name="u:object_r:camera_config_prop:s0" dev="tmpfs" ino=191 scontext=u:r:mtk_hal_camera:s0 tcontext=u:object_r:camera_config_prop:s0 tclass=file permissive=0
04-12 20:40:37.729334  1688  1841 I commit_sys_config_file: [batterystats,2]
04-12 20:40:37.730731  1688  1841 I commit_sys_config_file: [batterystats,1]
04-12 20:40:37.733871  1688  1688 I configuration_changed: 512
04-12 20:40:37.776000  1688  1688 I auditd  : type=1400 audit(0.0:280): avc:  denied  { read } for  comm="system_server" name="u:object_r:vendor_default_prop:s0" dev="tmpfs" ino=607 scontext=u:r:system_server:s0 tcontext=u:object_r:vendor_default_prop:s0 tclass=file permissive=0
04-12 20:40:37.929468  1688  1688 I rescue_note: [0,1,18736]
04-12 20:40:38.112000  1688  1688 I auditd  : type=1400 audit(0.0:281): avc:  denied  { read } for  comm="system_server" name="u:object_r:vendor_default_prop:s0" dev="tmpfs" ino=607 scontext=u:r:system_server:s0 tcontext=u:object_r:vendor_default_prop:s0 tclass=file permissive=0
04-12 20:40:38.160000  1688  1688 I auditd  : type=1400 audit(0.0:282): avc:  denied  { read } for  comm="system_server" name="u:object_r:vendor_default_prop:s0" dev="tmpfs" ino=607 scontext=u:r:system_server:s0 tcontext=u:object_r:vendor_default_prop:s0 tclass=file permissive=0
04-12 20:40:38.180394  1688  2002 I commit_sys_config_file: [settings-1-0,2]
04-12 20:40:38.197539  1688  1871 I am_proc_start: [0,2387,1000,com.transsion.usf,service,{com.transsion.usf/com.transsion.usf.UsfMainService},caller=system/1000]
04-12 20:40:38.200263  1688  1955 I am_proc_bound: [0,2387,com.transsion.usf]
04-12 20:40:38.200000  2387  2387 I auditd  : type=1400 audit(0.0:283): avc:  denied  { read write } for  comm="re-initialized>" name="ensignal" dev="tmpfs" ino=2080 scontext=u:r:system_app:s0 tcontext=u:object_r:ensignal_device:s0 tclass=chr_file permissive=0
04-12 20:40:38.208242  1688  1688 I boot_progress_ams_ready: 19015
04-12 20:40:38.211725  1688  1688 I configuration_changed: 268468480
04-12 20:40:38.229948  1688  1688 I thermal_changed: [CPU,0,70.306999,0,0]
04-12 20:40:38.230000  1688  1688 I thermal_changed: [GPU,1,70.306999,0,0]
04-12 20:40:38.230013  1688  1688 I thermal_changed: [BATTERY,2,29.100000,0,0]
04-12 20:40:38.230021  1688  1688 I thermal_changed: [SKIN,3,34.868999,0,0]
04-12 20:40:38.230027  1688  1688 I thermal_changed: [POWER_AMPLIFIER,5,33.935001,0,0]
04-12 20:40:38.230033  1688  1688 I thermal_changed: [NPU,9,72.168999,0,0]
04-12 20:40:38.230038  1688  1688 I thermal_changed: [TPU,10,72.168999,0,0]
04-12 20:40:38.230042  1688  1688 I thermal_changed: [SOC,13,72.168999,0,0]
04-12 20:40:38.236000  1688  1688 I auditd  : type=1400 audit(0.0:284): avc:  denied  { read } for  comm="system_server" name="u:object_r:vendor_default_prop:s0" dev="tmpfs" ino=607 scontext=u:r:system_server:s0 tcontext=u:object_r:vendor_default_prop:s0 tclass=file permissive=0
04-12 20:40:38.260000  1688  1688 I auditd  : type=1400 audit(0.0:285): avc:  denied  { read } for  comm="system_server" name="u:object_r:vendor_default_prop:s0" dev="tmpfs" ino=607 scontext=u:r:system_server:s0 tcontext=u:object_r:vendor_default_prop:s0 tclass=file permissive=0
04-12 20:40:38.278132  1688  1822 I configuration_changed: 256
04-12 20:40:38.292000  2387  2387 I auditd  : type=1400 audit(0.0:286): avc:  denied  { map } for  comm="m.transsion.usf" path="/dev/__properties__/u:object_r:vendor_irtx_prop:s0" dev="tmpfs" ino=614 scontext=u:r:system_app:s0 tcontext=u:object_r:vendor_irtx_prop:s0 tclass=file permissive=0
04-12 20:40:38.292000  2387  2387 I auditd  : type=1400 audit(0.0:287): avc:  denied  { read } for  comm="m.transsion.usf" name="u:object_r:qemu_hw_prop:s0" dev="tmpfs" ino=396 scontext=u:r:system_app:s0 tcontext=u:object_r:qemu_hw_prop:s0 tclass=file permissive=0
04-12 20:40:38.354609  1688  2281 I battery_level: [67,3964,292]
04-12 20:40:38.410038  1688  1688 I configuration_changed: 268435456
04-12 20:40:38.427915  1688  2141 I commit_sys_config_file: [net-policy,2]
04-12 20:40:38.453782  1688  2097 I am_uid_running: 1037
04-12 20:40:38.461820  1688  2140 I netstats_mobile_sample: [0,0,0,0,0,0,0,0,1775997638461]
04-12 20:40:38.461864  1688  2140 I netstats_wifi_sample: [0,0,0,0,0,0,0,0,1775997638461]
04-12 20:40:38.464954  1688  2140 I netstats_mobile_sample: [0,0,0,0,0,0,0,0,1775997638464]
04-12 20:40:38.466643  1688  2140 I netstats_wifi_sample: [0,0,0,0,0,0,0,0,1775997638464]
04-12 20:40:38.470488  1688  1871 I am_proc_start: [0,2471,1037,WebViewLoader-arm64-v8a,,]
04-12 20:40:38.478326  1688  2442 I am_proc_bound: [0,2471,WebViewLoader-arm64-v8a]
04-12 20:40:38.483118  1688  2442 I am_uid_active: 1037
04-12 20:40:38.542217  1688  2281 I am_uid_stopped: 1037
04-12 20:40:38.551877  1688  2281 I am_proc_died: [0,2471,WebViewLoader-arm64-v8a,-700,0]
04-12 20:40:38.551918  1688  2281 I am_low_memory: 2
04-12 20:40:38.572628  1688  1688 I am_uid_running: 1073
04-12 20:40:38.581952  1688  1841 I netstats_mobile_sample: [0,0,0,0,0,0,0,0,1775997638581]
04-12 20:40:38.581975  1688  1841 I netstats_wifi_sample: [0,0,0,0,0,0,0,0,1775997638581]
04-12 20:40:38.582141  1688  1688 I ssm_user_starting: 0
04-12 20:40:38.592453  1688  2104 I am_uid_running: 1002
04-12 20:40:38.594511  1688  1871 I am_proc_start: [0,2532,1073,com.android.networkstack.process,service,{com.google.android.networkstack/com.android.server.NetworkStackService},caller=system/1000]
04-12 20:40:38.607837  1688  1688 I um_user_visibility_changed: [0,1]
04-12 20:40:38.609134  1688  1688 I am_uid_running: 1001
04-12 20:40:38.613728  1688  1688 I am_uid_running: 1068
04-12 20:40:38.614972  1688  1688 I am_uid_running: 10146
04-12 20:40:38.634568  1688  1688 I am_uid_running: 10199
04-12 20:40:38.654298  1688  1688 I wm_task_created: 2
04-12 20:40:38.655480  1688  1688 I wm_task_moved: [2,1,0,1,2147483647]
04-12 20:40:38.657124  1688  1688 I wm_task_moved: [1,1,0,1,0]
04-12 20:40:38.657139  1688  1688 I wm_task_to_front: [0,2,0]
04-12 20:40:38.658460  1688  1688 I wm_create_task: [0,2,1,0]
04-12 20:40:38.658473  1688  1688 I wm_create_activity: [0,143795573,2,com.transsion.launcher3/com.android.launcher3.uioverrides.QuickstepLauncher,android.intent.action.MAIN,NULL,NULL,268435712]
04-12 20:40:38.658523  1688  1688 I wm_task_moved: [1,1,0,1,0]
04-12 20:40:38.658534  1688  1688 I wm_task_moved: [2,1,0,1,2147483647]
04-12 20:40:38.661884  1688  1688 I uc_send_user_broadcast: [0,android.intent.action.USER_STARTED]
04-12 20:40:38.662268  1688  1688 I uc_send_user_broadcast: [0,android.intent.action.USER_STARTING]
04-12 20:40:38.663570  1688  1688 I uc_send_user_broadcast: [0,android.intent.action.USER_FOREGROUND]
04-12 20:40:38.663724  1688  1688 I uc_send_user_broadcast: [0,android.intent.action.USER_SWITCHED]
04-12 20:40:38.664721  1688  1871 I am_proc_start: [0,2548,1000,com.transsion.sru,service,{com.transsion.sru/com.transsion.sru.service.SRUService},caller=system/1000]
04-12 20:40:38.667801  1688  1800 I am_drop_process: 2532
04-12 20:40:38.668942  1688  1870 I dvm_lock_sample: [system_server,1,ActivityManager,56,BroadcastQueueImpl.java,382,boolean com.android.server.am.BroadcastQueueImpl.lambda$new$0(android.os.Message),,0,null,11]
04-12 20:40:38.672268  1688  1822 I am_uid_running: 10148
04-12 20:40:38.676488  1688  2281 I am_proc_bound: [0,2548,com.transsion.sru]
04-12 20:40:38.676000  2548  2548 I auditd  : type=1400 audit(0.0:288): avc:  denied  { read write } for  comm="re-initialized>" name="ensignal" dev="tmpfs" ino=2080 scontext=u:r:system_app:s0 tcontext=u:object_r:ensignal_device:s0 tclass=chr_file permissive=0
04-12 20:40:38.680000  2548  2548 I auditd  : type=1400 audit(0.0:289): avc:  denied  { read write } for  comm="re-initialized>" name="ensignal" dev="tmpfs" ino=2080 scontext=u:r:system_app:s0 tcontext=u:object_r:ensignal_device:s0 tclass=chr_file permissive=0
04-12 20:40:38.682060  1688  1871 I am_proc_start: [0,2571,1002,com.android.bluetooth,service,{com.android.bluetooth/com.android.bluetooth.btservice.AdapterService},caller=system/1000]
04-12 20:40:38.684527  1688  2002 I commit_sys_config_file: [settings-0-0,5]
04-12 20:40:38.693725  1688  1871 I am_proc_start: [0,2579,1001,com.android.phone,added application,com.android.phone]
04-12 20:40:38.702529  1688  2281 I am_proc_bound: [0,2571,com.android.bluetooth]
04-12 20:40:38.708000  2571  2571 I auditd  : type=1400 audit(0.0:290): avc:  denied  { read write } for  comm="re-initialized>" name="ensignal" dev="tmpfs" ino=2080 scontext=u:r:bluetooth:s0 tcontext=u:object_r:ensignal_device:s0 tclass=chr_file permissive=0
04-12 20:40:38.708000  2571  2571 I auditd  : type=1400 audit(0.0:291): avc:  denied  { read write } for  comm="re-initialized>" name="ensignal" dev="tmpfs" ino=2080 scontext=u:r:bluetooth:s0 tcontext=u:object_r:ensignal_device:s0 tclass=chr_file permissive=0
04-12 20:40:38.712429  1688  1871 I am_proc_start: [0,2608,1073,com.android.networkstack.process,added application,com.android.networkstack.process]
04-12 20:40:38.718719  1688  1800 I am_proc_bound: [0,2579,com.android.phone]
04-12 20:40:38.727161  1688  1800 I am_uid_active: 1001
04-12 20:40:38.728000  2579  2579 I auditd  : type=1400 audit(0.0:292): avc:  denied  { read write } for  comm="re-initialized>" name="ensignal" dev="tmpfs" ino=2080 scontext=u:r:radio:s0 tcontext=u:object_r:ensignal_device:s0 tclass=chr_file permissive=0
04-12 20:40:38.728000  2579  2579 I auditd  : type=1400 audit(0.0:293): avc:  denied  { read write } for  comm="re-initialized>" name="ensignal" dev="tmpfs" ino=2080 scontext=u:r:radio:s0 tcontext=u:object_r:ensignal_device:s0 tclass=chr_file permissive=0
04-12 20:40:38.737287  1688  1871 I am_proc_start: [0,2644,1001,com.mediatek.ims,added application,com.mediatek.ims]
04-12 20:40:38.740000  2548  2548 I auditd  : type=1400 audit(0.0:294): avc:  denied  { map } for  comm="m.transsion.sru" path="/dev/__properties__/u:object_r:vendor_irtx_prop:s0" dev="tmpfs" ino=614 scontext=u:r:system_app:s0 tcontext=u:object_r:vendor_irtx_prop:s0 tclass=file permissive=0
04-12 20:40:38.740000  2548  2548 I auditd  : type=1400 audit(0.0:295): avc:  denied  { read } for  comm="m.transsion.sru" name="u:object_r:qemu_hw_prop:s0" dev="tmpfs" ino=396 scontext=u:r:system_app:s0 tcontext=u:object_r:qemu_hw_prop:s0 tclass=file permissive=0
04-12 20:40:38.748972  1688  2277 I am_proc_bound: [0,2608,com.android.networkstack.process]
04-12 20:40:38.751461  1688  2277 I am_uid_active: 1073
04-12 20:40:38.752000  2608  2608 I auditd  : type=1400 audit(0.0:296): avc:  denied  { read write } for  comm="re-initialized>" name="ensignal" dev="tmpfs" ino=2080 scontext=u:r:network_stack:s0 tcontext=u:object_r:ensignal_device:s0 tclass=chr_file permissive=0
04-12 20:40:38.752000  2608  2608 I auditd  : type=1400 audit(0.0:297): avc:  denied  { read write } for  comm="re-initialized>" name="ensignal" dev="tmpfs" ino=2080 scontext=u:r:network_stack:s0 tcontext=u:object_r:ensignal_device:s0 tclass=chr_file permissive=0
04-12 20:40:38.753817  1688  2281 I am_proc_bound: [0,2644,com.mediatek.ims]
04-12 20:40:38.756000  2608  2608 I auditd  : type=1400 audit(0.0:298): avc:  denied  { search } for  comm="binder:2608_2" name="/" dev="sdc87" ino=2 scontext=u:r:network_stack:s0 tcontext=u:object_r:tranfs_file:s0 tclass=dir permissive=0
04-12 20:40:38.756000  2644  2644 I auditd  : type=1400 audit(0.0:299): avc:  denied  { read write } for  comm="re-initialized>" name="ensignal" dev="tmpfs" ino=2080 scontext=u:r:radio:s0 tcontext=u:object_r:ensignal_device:s0 tclass=chr_file permissive=0
04-12 20:40:38.756000  2644  2644 I auditd  : type=1400 audit(0.0:300): avc:  denied  { read write } for  comm="re-initialized>" name="ensignal" dev="tmpfs" ino=2080 scontext=u:r:radio:s0 tcontext=u:object_r:ensignal_device:s0 tclass=chr_file permissive=0
04-12 20:40:38.791023  1688  1871 I am_proc_start: [0,2670,1068,com.android.se,added application,com.android.se]
04-12 20:40:38.812128  1688  1871 I am_proc_start: [0,2690,1000,com.transsion.tranradionet,added application,com.transsion.tranradionet]
04-12 20:40:38.827231  1688  2277 I am_proc_bound: [0,2670,com.android.se]
04-12 20:40:38.828000  2670  2670 I auditd  : type=1400 audit(0.0:301): avc:  denied  { read write } for  comm="re-initialized>" name="ensignal" dev="tmpfs" ino=2080 scontext=u:r:secure_element:s0:c44,c260,c512,c768 tcontext=u:object_r:ensignal_device:s0 tclass=chr_file permissive=0
04-12 20:40:38.828738  1688  2277 I am_uid_active: 1068
04-12 20:40:38.832000  2670  2670 I auditd  : type=1400 audit(0.0:302): avc:  denied  { read write } for  comm="re-initialized>" name="ensignal" dev="tmpfs" ino=2080 scontext=u:r:secure_element:s0:c44,c260,c512,c768 tcontext=u:object_r:ensignal_device:s0 tclass=chr_file permissive=0
