04-12 20:40:40.614434  1688  1954 I wm_pause_activity: [0,143795573,com.transsion.launcher3/com.android.launcher3.uioverrides.QuickstepLauncher,userLeaving=false,sleep]
04-12 20:40:40.614444  2365  2365 I wm_on_top_resumed_lost_called: [143795573,com.android.launcher3.uioverrides.QuickstepLauncher,topStateChangedWhenResumed]
04-12 20:40:40.617977  1688  3032 I am_foreground_service_stop: [0,com.mediatek.simprocessor/.SimProcessorService,1,PROC_STATE_PERSISTENT,36,36,0,0,247,1,STOP_SERVICE,1073741824]
04-12 20:40:40.619584  1688  1954 I wm_add_to_stopping: [0,143795573,com.transsion.launcher3/com.android.launcher3.uioverrides.QuickstepLauncher,makeInvisible]
04-12 20:40:40.624230  2365  2365 I wm_on_paused_called: [143795573,com.android.launcher3.uioverrides.QuickstepLauncher,performPause,1]
04-12 20:40:40.629378  1688  1819 I sysui_multi_action: [757,803,799,window_time_0,802,6]
04-12 20:40:40.635346  1688  2164 I sysui_multi_action: [757,128,758,5,759,8,793,224,794,0,795,224,796,404,806,com.mediatek.simprocessor,857,simprocessor_channel,858,2,947,0,1500,213,1688,1]
04-12 20:40:40.635384  1688  2164 I notification_canceled: [0|com.mediatek.simprocessor|404|null|1000,8,224,224,0,-1,-1,NULL]
04-12 20:40:40.649625  1688  1823 I wm_wallpaper_surface: [0,1,Window{ebafc39 u0 com.transsion.launcher3/com.android.launcher3.uioverrides.QuickstepLauncher}]
04-12 20:40:40.649392  1688  2164 I notification_cancel_all: [1000,1688,com.android.systemui,0,0,0,20,NULL]
04-12 20:40:40.659770  1688  1822 I wm_stop_activity: [0,143795573,com.transsion.launcher3/com.android.launcher3.uioverrides.QuickstepLauncher]
04-12 20:40:40.668341  1688  1823 I wm_wallpaper_surface: [0,0,null]
04-12 20:40:40.668555  1688  1823 I wm_wallpaper_surface: [0,0,null]
04-12 20:40:40.672452  2365  2365 I viewroot_draw_event: [VRI[QuickstepLauncher],Not drawing due to not visible. Reason=!mAppVisible && !mForceDecorViewVisibility]
04-12 20:40:40.673760  1688  2002 I commit_sys_config_file: [settings-0-0,1]
04-12 20:40:40.677692  2365  2365 I wm_on_stop_called: [143795573,com.android.launcher3.uioverrides.QuickstepLauncher,STOP_ACTIVITY_ITEM,3]
04-12 20:40:40.708000  1688  1688 I auditd  : type=1400 audit(0.0:430): avc:  denied  { read } for  comm="system_server" name="u:object_r:vendor_default_prop:s0" dev="tmpfs" ino=607 scontext=u:r:system_server:s0 tcontext=u:object_r:vendor_default_prop:s0 tclass=file permissive=0
04-12 20:40:40.712000  1688  1688 I auditd  : type=1400 audit(0.0:431): avc:  denied  { read } for  comm="system_server" name="u:object_r:vendor_default_prop:s0" dev="tmpfs" ino=607 scontext=u:r:system_server:s0 tcontext=u:object_r:vendor_default_prop:s0 tclass=file permissive=0
04-12 20:40:40.721632  1688  1953 I am_uid_running: 10125
04-12 20:40:40.734706  1688  1871 I am_proc_start: [0,3426,10125,com.transsion.applock,content provider,{com.transsion.applock/com.transsion.applock.model.AppLockProvider},caller=com.android.systemui/10146]
04-12 20:40:40.768568  1688  1801 I am_proc_bound: [0,3426,com.transsion.applock]
04-12 20:40:40.782537  1688  1688 I viewroot_draw_event: [VRI[TranssionWaterMark],reportDrawFinished seqId=0]
04-12 20:40:40.784000  3426  3426 I auditd  : type=1400 audit(0.0:432): avc:  denied  { read write } for  comm="re-initialized>" name="ensignal" dev="tmpfs" ino=2080 scontext=u:r:platform_app:s0:c512,c768 tcontext=u:object_r:ensignal_device:s0 tclass=chr_file permissive=0 app=com.transsion.applock
04-12 20:40:40.784000  3426  3426 I auditd  : type=1400 audit(0.0:433): avc:  denied  { read write } for  comm="re-initialized>" name="ensignal" dev="tmpfs" ino=2080 scontext=u:r:platform_app:s0:c512,c768 tcontext=u:object_r:ensignal_device:s0 tclass=chr_file permissive=0 app=com.transsion.applock
04-12 20:40:40.789523  1688  1823 I input_focus: [Focus request 257f30b NotificationShade,reason=UpdateInputWindows]
04-12 20:40:40.800519  1688  2002 I commit_sys_config_file: [settings-1-0,3]
04-12 20:40:40.802748  1688  1823 I wm_wallpaper_surface: [0,1,Window{257f30b u0 NotificationShade}]
04-12 20:40:40.811560  2698  2698 I viewroot_draw_event: [VRI[NotificationShade],reportDrawFinished seqId=0]
04-12 20:40:40.818428  2698  2698 I viewroot_draw_event: [VRI[StatusBar],reportDrawFinished seqId=0]
04-12 20:40:40.884160  1688  1954 I am_uid_active: 10232
04-12 20:40:40.896083  1688  1801 I netstats_mobile_sample: [0,0,0,0,0,0,0,0,1775997640896]
04-12 20:40:40.896093  1688  1801 I netstats_wifi_sample: [0,0,0,0,0,0,0,0,1775997640896]
04-12 20:40:40.904000  2579  2579 I auditd  : type=1400 audit(0.0:434): avc:  denied  { read } for  comm="m.android.phone" name="u:object_r:vendor_irtx_prop:s0" dev="tmpfs" ino=614 scontext=u:r:radio:s0 tcontext=u:object_r:vendor_irtx_prop:s0 tclass=file permissive=0
04-12 20:40:40.904000  2579  2579 I auditd  : type=1400 audit(0.0:435): avc:  denied  { read } for  comm="m.android.phone" name="u:object_r:qemu_hw_prop:s0" dev="tmpfs" ino=396 scontext=u:r:radio:s0 tcontext=u:object_r:qemu_hw_prop:s0 tclass=file permissive=0
04-12 20:40:40.915688  1688  1801 I service_manager_slow: [17,phone]
04-12 20:40:40.932119  1688  1871 I am_proc_start: [0,3481,10145,com.transsion.atomicbrain,content provider,{com.transsion.atomicbrain/com.transsion.atomicbrain.SuggestionProvider},caller=com.transsion.launcher3/10148]
04-12 20:40:40.992684  1688  2733 I am_proc_bound: [0,3481,com.transsion.atomicbrain]
04-12 20:40:41.004000  3481  3481 I auditd  : type=1400 audit(0.0:436): avc:  denied  { read write } for  comm="re-initialized>" name="ensignal" dev="tmpfs" ino=2080 scontext=u:r:platform_app:s0:c512,c768 tcontext=u:object_r:ensignal_device:s0 tclass=chr_file permissive=0 app=com.transsion.atomicbrain
04-12 20:40:41.004000  3481  3481 I auditd  : type=1400 audit(0.0:437): avc:  denied  { read write } for  comm="re-initialized>" name="ensignal" dev="tmpfs" ino=2080 scontext=u:r:platform_app:s0:c512,c768 tcontext=u:object_r:ensignal_device:s0 tclass=chr_file permissive=0 app=com.transsion.atomicbrain
04-12 20:40:41.012334  1688  1955 I am_uid_active: 10125
04-12 20:40:41.021983  1688  2282 I sysui_multi_action: [757,127,758,1]
04-12 20:40:41.022003  1688  2282 I sysui_multi_action: [757,804,799,note_load,801,0,802,1]
04-12 20:40:41.022070  1688  2282 I notification_panel_revealed: 0
04-12 20:40:41.024233  2698  2698 I sysui_multi_action: [757,196,758,1,759,0]
04-12 20:40:41.024246  2698  2698 I sysui_status_bar_state: [1,1,0,0,0,1]
04-12 20:40:41.028000  3426  3426 I auditd  : type=1400 audit(0.0:438): avc:  denied  { read } for  comm=4F6E65494420576F726B6572 name="u:object_r:vendor_security_patch_level_prop:s0" dev="tmpfs" ino=888 scontext=u:r:platform_app:s0:c512,c768 tcontext=u:object_r:vendor_security_patch_level_prop:s0 tclass=file permissive=0 app=com.transsion.applock
04-12 20:40:41.047012  1688  1822 I user_activity_timeout_override: 10000
04-12 20:40:41.053301  2698  2939 I jank_cuj_events_cancel_request: [55,1775997641046990000,21854302770,21854302770]
04-12 20:40:41.078400  1688  2002 I commit_sys_config_file: [settings-0-0,44]
04-12 20:40:41.108000  2365  2365 I auditd  : type=1400 audit(0.0:439): avc:  denied  { getopt } for  comm="FinalizerDaemon" path="/dev/socket/usap_pool_primary" scontext=u:r:platform_app:s0:c512,c768 tcontext=u:r:zygote:s0 tclass=unix_stream_socket permissive=0 app=com.transsion.launcher3
04-12 20:40:41.116080  1688  1870 I am_uid_running: 10187
04-12 20:40:41.152117  1688  1871 I am_proc_start: [0,3549,10187,com.google.android.euicc,broadcast,{com.google.android.euicc/com.google.android.euicc.receiver.EuiccGoogleSlotChangeReceiver},caller=com.android.phone/1001,action = android.telephony.action.SIM_SLOT_STATUS_CHANGED]
04-12 20:40:41.172144  2579  2579 I gsm_service_state_change: [1,1,3,1]
04-12 20:40:41.182621  2579  3290 I liblog  : 2
04-12 20:40:41.188090  1688  1800 I am_uid_active: 10145
04-12 20:40:41.198362  1688  1954 I am_uid_running: 10175
04-12 20:40:41.221449  1688  2281 I am_proc_bound: [0,3549,com.google.android.euicc]
04-12 20:40:41.227191  1688  1871 I am_proc_start: [0,3598,10175,com.transsion.atomiccore,content provider,{com.transsion.atomiccore/com.transsion.atomiccore.external.ExternalProvider},caller=com.transsion.atomicbrain/10145]
04-12 20:40:41.244000  3549  3549 I auditd  : type=1400 audit(0.0:440): avc:  denied  { read write } for  comm="re-initialized>" name="ensignal" dev="tmpfs" ino=2080 scontext=u:r:priv_app:s0:c512,c768 tcontext=u:object_r:ensignal_device:s0 tclass=chr_file permissive=0 app=com.google.android.euicc
04-12 20:40:41.244000  3549  3549 I auditd  : type=1400 audit(0.0:441): avc:  denied  { read write } for  comm="re-initialized>" name="ensignal" dev="tmpfs" ino=2080 scontext=u:r:priv_app:s0:c512,c768 tcontext=u:object_r:ensignal_device:s0 tclass=chr_file permissive=0 app=com.google.android.euicc
04-12 20:40:41.265551  1688  2281 I am_proc_bound: [0,3598,com.transsion.atomiccore]
04-12 20:40:41.276000  3598  3598 I auditd  : type=1400 audit(0.0:442): avc:  denied  { read write } for  comm="re-initialized>" name="ensignal" dev="tmpfs" ino=2080 scontext=u:r:platform_app:s0:c512,c768 tcontext=u:object_r:ensignal_device:s0 tclass=chr_file permissive=0 app=com.transsion.atomiccore
04-12 20:40:41.297278  2698  2698 I viewroot_draw_event: [VRI[NotificationShade],reportDrawFinished seqId=0]
04-12 20:40:41.299276  2698  2698 I viewroot_draw_event: [VRI[StatusBar],reportDrawFinished seqId=0]
04-12 20:40:41.331381  1688  1823 I dvm_lock_sample: [system_server,1,android.anim,6,WindowAnimator.java,112,void com.android.server.wm.WindowAnimator.lambda$new$1(long),WindowManagerService.java,4444,void com.android.server.wm.WindowManagerService.performEnableScreen(),1]
04-12 20:40:41.332282  2698  2698 I viewroot_draw_event: [VRI[NotificationShade],reportDrawFinished seqId=0]
04-12 20:40:41.335288  2579  2579 I gsm_service_state_change: [1,1,3,3]
04-12 20:40:41.365779  1688  1954 I service_manager_stats: [451,116,5136]
04-12 20:40:41.407190  1688  2729 I am_uid_active: 10175
04-12 20:40:41.408592  1688  2002 I commit_sys_config_file: [settings-0-0,44]
04-12 20:40:41.426280  2365  2835 I dvm_lock_sample: [com.transsion.launcher3,0,launcher-pool-11,862,SourceFile,-1,int J6.a.c(java.lang.String),-,-1,int J6.a.c(java.lang.String),100]
04-12 20:40:41.426533  2365  2836 I dvm_lock_sample: [com.transsion.launcher3,0,launcher-pool-12,862,SourceFile,-1,int J6.a.c(java.lang.String),-,-1,int J6.a.c(java.lang.String),100]
04-12 20:40:41.468000  3481  3481 I auditd  : type=1400 audit(0.0:444): avc:  denied  { read } for  comm=4F6E65494420576F726B6572 name="u:object_r:vendor_security_patch_level_prop:s0" dev="tmpfs" ino=888 scontext=u:r:platform_app:s0:c512,c768 tcontext=u:object_r:vendor_security_patch_level_prop:s0 tclass=file permissive=0 app=com.transsion.atomicbrain
04-12 20:40:41.500828  1156  1197 I sf_stop_bootanim: 22308
04-12 20:40:41.503208  1688  1822 I wm_boot_animation_done: 22310
04-12 20:40:41.508975  1688  2099 I input_focus: [Focus entering 257f30b NotificationShade,reason=Window became focusable. Previous reason: NO_WINDOW]
04-12 20:40:41.524160  1688  1870 I am_wtf  : [0,1688,system_server,-1,ActivityManager,Sending non-protected broadcast com.transsion.atomiccore.action.bind_service.island from system 2698:com.android.systemui/u0a146 pkg com.android.systemui]
04-12 20:40:41.562449  2579  2579 I gsm_service_state_change: [3,1,1,1]
04-12 20:40:41.661944  1688  2002 I commit_sys_config_file: [settings-1-0,4]
04-12 20:40:41.668335  1688  1870 I am_uid_running: 10142
04-12 20:40:41.758662  1688  1870 I am_wtf  : [0,1688,system_server,-1,SystemServiceRegistry,No service published for: uwb]
04-12 20:40:41.758735  1688  1870 I am_wtf  : [0,1688,system_server,-1,SystemServiceRegistry,Manager wrapper not available: uwb]
04-12 20:40:41.758787  1688  1870 I am_wtf  : [0,1688,system_server,-1,SystemServiceRegistry,No service published for: thread_network]
04-12 20:40:41.758825  1688  1870 I am_wtf  : [0,1688,system_server,-1,SystemServiceRegistry,Manager wrapper not available: thread_network]
04-12 20:40:41.760351  1688  2282 I am_uid_running: 10138
04-12 20:40:41.769983  1688  1871 I am_proc_start: [0,3735,10142,tech.palm.find,broadcast,{tech.palm.find/tech.palm.find.vsim.auto.VsimAutoOpenReceiver},caller=com.android.phone/1001,action = android.intent.action.SIM_STATE_CHANGED]
04-12 20:40:41.792500  1688  2282 I am_proc_bound: [0,3735,tech.palm.find]
04-12 20:40:41.796000  3735  3735 I auditd  : type=1400 audit(0.0:445): avc:  denied  { read write } for  comm="re-initialized>" name="ensignal" dev="tmpfs" ino=2080 scontext=u:r:platform_app:s0:c512,c768 tcontext=u:object_r:ensignal_device:s0 tclass=chr_file permissive=0 app=tech.palm.find
04-12 20:40:41.796000  3735  3735 I auditd  : type=1400 audit(0.0:446): avc:  denied  { read write } for  comm="re-initialized>" name="ensignal" dev="tmpfs" ino=2080 scontext=u:r:platform_app:s0:c512,c768 tcontext=u:object_r:ensignal_device:s0 tclass=chr_file permissive=0 app=tech.palm.find
04-12 20:40:41.805204  1688  2164 I notification_enqueue: [1000,1688,android,26,NULL,-1,Notification(channel=DEVELOPER_IMPORTANT shortcut=null contentView=null vibrate=null sound=null tick defaults=0 flags=ONGOING_EVENT|CAN_COLORIZE color=0x00000000 vis=PUBLIC),0,1]
04-12 20:40:41.806799  1688  1871 I am_proc_start: [0,3764,10138,com.android.carrierconfig,service,{com.android.carrierconfig/com.android.carrierconfig.TranDefaultCarrierConfigService},caller=com.android.phone/1001]
04-12 20:40:41.828049  1688  2164 I sysui_multi_action: [757,1501,758,1,793,27,794,0,795,27,796,26,806,android,857,DEVELOPER_IMPORTANT,858,4,947,0,1500,0]
04-12 20:40:41.828096  1688  2164 I sysui_multi_action: [757,804,799,note_interruptive,801,0,802,1]
04-12 20:40:41.837743  1688  2164 I notification_autogrouped: -1|android|32|null|1000
04-12 20:40:41.837908  1688  2164 I notification_autogrouped: -1|android|26|null|1000
04-12 20:40:41.837988  1688  2164 I notification_adjusted: [-1|android|26|null|1000,key_group_key,-1|android|g:Aggregate_AlertingSection]
04-12 20:40:41.838313  1688  2164 I sysui_multi_action: [757,199,758,1,759,32784,793,39,794,0,795,39,796,26,806,android,857,DEVELOPER_IMPORTANT,858,4,946,-1|android|g:Aggregate_Aler-df069087,947,0,1500,12,1688,1]
04-12 20:40:41.838343  1688  2164 I notification_alert: [-1|android|26|null|1000,0,0,0,2,32768]
04-12 20:40:41.840002  1688  2164 I notification_enqueue: [1000,1688,android,0,-1|android|g:Aggregate_AlertingSection,-1,Notification(channel=DEVELOPER_IMPORTANT shortcut=null contentView=null vibrate=null sound=null defaults=0 flags=ONGOING_EVENT|LOCAL_ONLY|GROUP_SUMMARY|AUTOGROUP_SUMMARY color=0x00000000 groupKey=-1|android|g:Aggregate_AlertingSection vis=PUBLIC),0,0]
04-12 20:40:41.840167  1688  2162 I notification_adjusted: [-1|android|32|null|1000,key_group_key,-1|android|g:Aggregate_AlertingSection]
04-12 20:40:41.840737  1688  2002 I commit_sys_config_file: [settings-0-0,1]
04-12 20:40:41.843129  1688  1822 I dvm_lock_sample: [system_server,1,android.display,24,ManagedServices.java,1990,com.android.server.notification.ManagedServices$ManagedServiceInfo com.android.server.notification.ManagedServices.registerServiceImpl(com.android.server.notification.ManagedServices$ManagedServiceInfo),-,238,java.util.List com.android.server.notification.ManagedServices.getServices(),4]
04-12 20:40:41.844509  1688  2164 I sysui_multi_action: [757,199,758,1,759,1040,793,7,794,0,795,7,796,0,797,-1|android|g:Aggregate_AlertingSection,806,android,857,DEVELOPER_IMPORTANT,858,4,946,-1|android|g:Aggregate_Aler-df069087,947,1,1500,7,1688,1]
04-12 20:40:41.844527  1688  2164 I notification_alert: [-1|android|0|-1|android|g:Aggregate_AlertingSection|1000|-1|android|g:Aggregate_AlertingSection,0,0,0,2,1024]
04-12 20:40:41.846169  1688  2732 I am_proc_bound: [0,3764,com.android.carrierconfig]
04-12 20:40:41.852145  1688  2002 I commit_sys_config_file: [settings-2-0,2]
04-12 20:40:41.860000  3764  3764 I auditd  : type=1400 audit(0.0:447): avc:  denied  { read write } for  comm="re-initialized>" name="ensignal" dev="tmpfs" ino=2080 scontext=u:r:platform_app:s0:c512,c768 tcontext=u:object_r:ensignal_device:s0 tclass=chr_file permissive=0 app=com.android.carrierconfig
04-12 20:40:41.860000  3764  3764 I auditd  : type=1400 audit(0.0:448): avc:  denied  { read write } for  comm="re-initialized>" name="ensignal" dev="tmpfs" ino=2080 scontext=u:r:platform_app:s0:c512,c768 tcontext=u:object_r:ensignal_device:s0 tclass=chr_file permissive=0 app=com.android.carrierconfig
04-12 20:40:41.889846  1688  2732 I am_uid_active: 10138
04-12 20:40:41.903660  1688  1822 I uc_finish_user_boot: 0
04-12 20:40:41.903712  1688  1822 I am_user_state_changed: [0,1]
04-12 20:40:41.903917  1688  1822 I uc_send_user_broadcast: [0,android.intent.action.LOCKED_BOOT_COMPLETED]
04-12 20:40:41.948571  1688  1822 I uc_finish_user_unlocking: 0
04-12 20:40:41.953152  1688  2729 I dvm_lock_sample: [system_server,1,binder:1688_A,54,BroadcastController.java,532,android.content.Intent com.android.server.am.BroadcastController.registerReceiverWithFeatureTraced(android.app.IApplicationThread, java.lang.String, java.lang.String, java.lang.String, android.content.IIntentReceiver, android.content.IntentFilter, java.lang.String, int, int),BroadcastQueueImpl.java,495,void com.android.server.am.BroadcastQueueImpl.updateRunningList(),10]
04-12 20:40:41.953719  1688  1871 I am_proc_start: [0,3789,10269,com.google.android.ext.services,on-hold,]
04-12 20:40:41.955129  1688  2277 I am_proc_bound: [0,3789,com.google.android.ext.services]
04-12 20:40:41.956000  3789  3789 I auditd  : type=1400 audit(0.0:449): avc:  denied  { read write } for  comm="re-initialized>" name="ensignal" dev="tmpfs" ino=2080 scontext=u:r:priv_app:s0:c512,c768 tcontext=u:object_r:ensignal_device:s0 tclass=chr_file permissive=0 app=com.google.android.ext.services
04-12 20:40:41.974211  1688  2164 I notification_enqueue: [1000,1688,android,55,NULL,-1,Notification(channel=DEVELOPER shortcut=null contentView=null vibrate=null sound=null tick defaults=0 flags=ONGOING_EVENT|CAN_COLORIZE color=0x00000000 vis=PUBLIC),0,1]
04-12 20:40:41.993013  1688  2164 I sysui_multi_action: [757,1501,758,1,793,21,794,0,795,21,796,55,806,android,857,DEVELOPER,858,2,947,0,1500,0]
04-12 20:40:41.993029  1688  2164 I sysui_multi_action: [757,804,799,note_interruptive,801,0,802,1]
04-12 20:40:41.993385  1688  2164 I sysui_multi_action: [757,199,758,1,759,16,793,22,794,0,795,22,796,55,806,android,857,DEVELOPER,858,2,947,0,1500,1,1688,1]
04-12 20:40:41.993415  1688  2164 I notification_alert: [-1|android|55|null|1000,0,0,0,2,0]
04-12 20:40:42.033522  1688  2732 I am_uid_active: 10269
04-12 20:40:42.050402  2698  2939 I jank_cuj_events_end_request: [14,1775997642048037000,22855350078,22855350155]
04-12 20:40:42.076000  3825  3825 I auditd  : type=1400 audit(0.0:450): avc:  denied  { search } for  comm="verify_para" name="tmp" dev="dm-79" ino=102 scontext=u:r:tran_vfy:s0 tcontext=u:object_r:shell_data_file:s0 tclass=dir permissive=0
04-12 20:40:42.141193  1688  1871 I am_proc_start: [0,3839,10142,tech.palm.find:remote,content provider,{tech.palm.find/tech.palm.find.common.InnerDataProvider},caller=tech.palm.find/10142]
04-12 20:40:42.198780  1688  2277 I dvm_lock_sample: [system_server,0,binder:1688_6,73,ActivityManagerService.java,15340,void com.android.server.am.ActivityManagerService.serviceDoneExecuting(android.os.IBinder, int, int, int, android.content.Intent),ProcessList.java,2306,void com.android.server.am.ProcessList.lambda$handleProcessStart$1(com.android.server.am.ProcessRecord, java.lang.String, int[], int, int, int, java.lang.String, java.lang.String, java.lang.String, long),14]
04-12 20:40:42.199811  1688  2733 I am_proc_bound: [0,3839,tech.palm.find:remote]
04-12 20:40:42.210710  1688  1819 I am_user_state_changed: [0,2]
04-12 20:40:42.220000  1688  1688 I auditd  : type=1400 audit(0.0:451): avc:  denied  { read } for  comm="TranPowerDataEv" name="u:object_r:vendor_default_prop:s0" dev="tmpfs" ino=607 scontext=u:r:system_server:s0 tcontext=u:object_r:vendor_default_prop:s0 tclass=file permissive=0
04-12 20:40:42.220000  3839  3839 I auditd  : type=1400 audit(0.0:452): avc:  denied  { read write } for  comm="re-initialized>" name="ensignal" dev="tmpfs" ino=2080 scontext=u:r:platform_app:s0:c512,c768 tcontext=u:object_r:ensignal_device:s0 tclass=chr_file permissive=0 app=tech.palm.find
04-12 20:40:42.220000  3839  3839 I auditd  : type=1400 audit(0.0:453): avc:  denied  { read write } for  comm="re-initialized>" name="ensignal" dev="tmpfs" ino=2080 scontext=u:r:platform_app:s0:c512,c768 tcontext=u:object_r:ensignal_device:s0 tclass=chr_file permissive=0 app=tech.palm.find
04-12 20:40:42.236000   364   364 I auditd  : type=1400 audit(0.0:454): avc:  denied  { create } for  comm="init" name="enable" scontext=u:r:vendor_init:s0 tcontext=u:object_r:debugfs_tracing_instances:s0 tclass=file permissive=0
04-12 20:40:42.236000   364   364 I auditd  : type=1400 audit(0.0:455): avc:  denied  { create } for  comm="init" name="enable" scontext=u:r:vendor_init:s0 tcontext=u:object_r:debugfs_tracing_instances:s0 tclass=file permissive=0
04-12 20:40:42.245140  1688  1870 I ssm_user_unlocking: 0
04-12 20:40:42.254976  1688  1801 I dvm_lock_sample: [system_server,1,binder:1688_2,48,BroadcastController.java,532,android.content.Intent com.android.server.am.BroadcastController.registerReceiverWithFeatureTraced(android.app.IApplicationThread, java.lang.String, java.lang.String, java.lang.String, android.content.IIntentReceiver, android.content.IntentFilter, java.lang.String, int, int),,0,null,9]
04-12 20:40:42.268315  1688  1870 I am_uid_running: 10179
04-12 20:40:42.285388  1688  1871 I am_proc_start: [0,3867,10232,com.google.android.gms,service,{com.google.android.gms/com.google.android.gms.ads.identifier.service.AdvertisingIdService},caller=tech.palm.find/10142]
04-12 20:40:42.306547   508   508 I auditd  : avc:  denied  { find } for pid=3735 uid=10142 name=vendor.transsion.hardware.interfaces.trannvram.ITranNvram/default scontext=u:r:platform_app:s0:c512,c768 tcontext=u:object_r:default_android_service:s0 tclass=service_manager permissive=0
04-12 20:40:42.315641  1688  2277 I dvm_lock_sample: [system_server,0,binder:1688_6,47,ActivityManagerService.java,15340,void com.android.server.am.ActivityManagerService.serviceDoneExecuting(android.os.IBinder, int, int, int, android.content.Intent),,0,null,9]
04-12 20:40:42.316000  1417  1417 I auditd  : type=1400 audit(0.0:456): avc:  denied  { search } for  comm="binder:1417_1" name="/" dev="sdc87" ino=2 scontext=u:r:hap:s0 tcontext=u:object_r:tranfs_file:s0 tclass=dir permissive=0
04-12 20:40:42.323343  1688  2729 I am_proc_bound: [0,3867,com.google.android.gms]
04-12 20:40:42.328000  1417  1417 I auditd  : type=1400 audit(0.0:457): avc:  denied  { search } for  comm="binder:1417_1" name="/" dev="sdc87" ino=2 scontext=u:r:hap:s0 tcontext=u:object_r:tranfs_file:s0 tclass=dir permissive=0
04-12 20:40:42.352000  1417  1417 I auditd  : type=1400 audit(0.0:458): avc:  denied  { search } for  comm="binder:1417_1" name="/" dev="sdc87" ino=2 scontext=u:r:hap:s0 tcontext=u:object_r:tranfs_file:s0 tclass=dir permissive=0
04-12 20:40:42.349103  1688  2002 I commit_sys_config_file: [settings-0-0,2]
04-12 20:40:42.353522  1688  1871 I am_proc_start: [0,2376,10179,com.transsion.camera,service,{com.transsion.camera/com.transsion.camera.persistent.CameraAppService}]
04-12 20:40:42.356000  3867  3867 I auditd  : type=1400 audit(0.0:459): avc:  denied  { read write } for  comm="re-initialized>" name="ensignal" dev="tmpfs" ino=2080 scontext=u:r:gmscore_app:s0:c512,c768 tcontext=u:object_r:ensignal_device:s0 tclass=chr_file permissive=0 app=com.google.android.gms
04-12 20:40:42.356000  3867  3867 I auditd  : type=1400 audit(0.0:460): avc:  denied  { read write } for  comm="re-initialized>" name="ensignal" dev="tmpfs" ino=2080 scontext=u:r:gmscore_app:s0:c512,c768 tcontext=u:object_r:ensignal_device:s0 tclass=chr_file permissive=0 app=com.google.android.gms
04-12 20:40:42.370556  1688  3890 I dvm_lock_sample: [system_server,0,pool-76-thread-1,60,ContentProviderHelper.java,207,android.app.ContentProviderHolder com.android.server.am.ContentProviderHelper.getContentProviderImpl(android.app.IApplicationThread, java.lang.String, android.os.IBinder, int, java.lang.String, java.lang.String, boolean, int),,0,null,12]
04-12 20:40:42.371982  1688  3890 I am_uid_running: 10070
04-12 20:40:42.372000  1417  1417 I auditd  : type=1400 audit(0.0:461): avc:  denied  { search } for  comm="binder:1417_1" name="/" dev="sdc87" ino=2 scontext=u:r:hap:s0 tcontext=u:object_r:tranfs_file:s0 tclass=dir permissive=0
04-12 20:40:42.397819  1688  1688 I am_uid_running: 10214
04-12 20:40:42.396000  3867  3867 I auditd  : type=1400 audit(0.0:462): avc:  denied  { search } for  comm="binder:3867_2" name="/" dev="sdc87" ino=2 scontext=u:r:gmscore_app:s0:c512,c768 tcontext=u:object_r:tranfs_file:s0 tclass=dir permissive=0 app=com.google.android.gms
04-12 20:40:42.400829  1688  1870 I dvm_lock_sample: [system_server,1,ActivityManager,22,BroadcastController.java,532,android.content.Intent com.android.server.am.BroadcastController.registerReceiverWithFeatureTraced(android.app.IApplicationThread, java.lang.String, java.lang.String, java.lang.String, android.content.IIntentReceiver, android.content.IntentFilter, java.lang.String, int, int),,0,null,4]
04-12 20:40:42.401419  1688  1954 I am_proc_bound: [0,2376,com.transsion.camera]
04-12 20:40:42.404000  2376  2376 I auditd  : type=1400 audit(0.0:463): avc:  denied  { read write } for  comm="re-initialized>" name="ensignal" dev="tmpfs" ino=2080 scontext=u:r:platform_app:s0:c512,c768 tcontext=u:object_r:ensignal_device:s0 tclass=chr_file permissive=0 app=com.transsion.camera
04-12 20:40:42.404000  2376  2376 I auditd  : type=1400 audit(0.0:464): avc:  denied  { read write } for  comm="re-initialized>" name="ensignal" dev="tmpfs" ino=2080 scontext=u:r:platform_app:s0:c512,c768 tcontext=u:object_r:ensignal_device:s0 tclass=chr_file permissive=0 app=com.transsion.camera
04-12 20:40:42.410074  1688  2122 I am_uid_running: 10271
04-12 20:40:42.420201  1688  1688 I dvm_lock_sample: [system_server,1,main,20,ActivityManagerService.java,15305,boolean com.android.server.am.ActivityManagerService.unbindService(android.app.IServiceConnection),,0,null,4]
04-12 20:40:42.427770  1688  1870 I am_uid_running: 10190
04-12 20:40:42.429944  1688  1871 I am_proc_start: [0,3908,1000,com.transsion.kolun.aiservice,content provider,{com.transsion.kolun.aiservice/com.transsion.kolun.oxygenbus.OxygenBusProvider},caller=com.transsion.multiwindow/1000]
04-12 20:40:42.433405  1688  3302 I dvm_lock_sample: [system_server,0,TranPowerDataEventThread,53,BroadcastController.java,532,android.content.Intent com.android.server.am.BroadcastController.registerReceiverWithFeatureTraced(android.app.IApplicationThread, java.lang.String, java.lang.String, java.lang.String, android.content.IIntentReceiver, android.content.IntentFilter, java.lang.String, int, int),,0,null,10]
04-12 20:40:42.465329  1688  1870 I am_uid_running: 10158
04-12 20:40:42.486321  1688  1841 I am_uid_running: 10099
04-12 20:40:42.488590  1688  1870 I uc_finish_user_unlocked: 0
04-12 20:40:42.488629  1688  1870 I am_user_state_changed: [0,3]
04-12 20:40:42.489435  1688  1870 I am_uid_running: 1027
04-12 20:40:42.493951  1688  3321 I am_proc_start: [0,3925,10070,android.process.acore,content provider,{com.android.providers.blockednumber/com.android.providers.blockednumber.BlockedNumberProvider},caller=android/1000]
04-12 20:40:42.492000  1688  1688 I auditd  : type=1400 audit(0.0:465): avc:  denied  { read } for  comm="pool-96-thread-" name="u:object_r:build_bootimage_prop:s0" dev="tmpfs" ino=184 scontext=u:r:system_server:s0 tcontext=u:object_r:build_bootimage_prop:s0 tclass=file permissive=0
04-12 20:40:42.497558  1688  3321 I am_proc_bound: [0,3925,android.process.acore]
04-12 20:40:42.498688  1688  1819 I wm_task_created: 6
04-12 20:40:42.498995  1688  1819 I wm_task_created: 46
04-12 20:40:42.499147  1688  1819 I wm_task_created: 47
04-12 20:40:42.499264  1688  1819 I wm_task_created: 48
04-12 20:40:42.499370  1688  1819 I wm_task_created: 51
04-12 20:40:42.499509  1688  1819 I wm_task_created: 18
04-12 20:40:42.499617  1688  1819 I wm_task_created: 50
04-12 20:40:42.499737  1688  1819 I wm_task_created: 52
04-12 20:40:42.499862  1688  1819 I wm_task_created: 54
04-12 20:40:42.504000  3925  3925 I auditd  : type=1400 audit(0.0:466): avc:  denied  { read write } for  comm="re-initialized>" name="ensignal" dev="tmpfs" ino=2080 scontext=u:r:priv_app:s0:c512,c768 tcontext=u:object_r:ensignal_device:s0 tclass=chr_file permissive=0 app=com.android.calllogbackup
04-12 20:40:42.504000  3925  3925 I auditd  : type=1400 audit(0.0:467): avc:  denied  { read write } for  comm="re-initialized>" name="ensignal" dev="tmpfs" ino=2080 scontext=u:r:priv_app:s0:c512,c768 tcontext=u:object_r:ensignal_device:s0 tclass=chr_file permissive=0 app=com.android.calllogbackup
04-12 20:40:42.511591  1688  2282 I am_proc_bound: [0,3908,com.transsion.kolun.aiservice]
04-12 20:40:42.516000  3908  3908 I auditd  : type=1400 audit(0.0:468): avc:  denied  { read write } for  comm="re-initialized>" name="ensignal" dev="tmpfs" ino=2080 scontext=u:r:system_app:s0 tcontext=u:object_r:ensignal_device:s0 tclass=chr_file permissive=0
04-12 20:40:42.516000  3908  3908 I auditd  : type=1400 audit(0.0:469): avc:  denied  { read write } for  comm="re-initialized>" name="ensignal" dev="tmpfs" ino=2080 scontext=u:r:system_app:s0 tcontext=u:object_r:ensignal_device:s0 tclass=chr_file permissive=0
04-12 20:40:42.521766  1688  1870 I dvm_lock_sample: [system_server,1,ActivityManager,27,ActivityManagerService.java,15048,android.content.ComponentName com.android.server.am.ActivityManagerService.startService(android.app.IApplicationThread, android.content.Intent, java.lang.String, boolean, java.lang.String, java.lang.String, int, boolean, int, java.lang.String, java.lang.String),,0,null,5]
04-12 20:40:42.527343  1688  1871 I am_proc_start: [0,3961,10214,com.google.android.as,service,{com.google.android.as/com.google.android.apps.miphone.aiai.app.AiAiContentCaptureService},caller=system/1000]
04-12 20:40:42.539209  1688  1870 I uc_send_user_broadcast: [0,android.intent.action.USER_UNLOCKED]
04-12 20:40:42.552416  1688  2442 I dvm_lock_sample: [system_server,0,binder:1688_9,18,ActivityManagerService.java,15340,void com.android.server.am.ActivityManagerService.serviceDoneExecuting(android.os.IBinder, int, int, int, android.content.Intent),,0,null,3]
04-12 20:40:42.553237  1688  1871 I am_proc_start: [0,3984,10271,com.google.android.providers.media.module,service,{com.google.android.providers.media.module/com.android.providers.media.fuse.ExternalStorageServiceImpl},caller=system/1000]
04-12 20:40:42.562172  1688  1801 I dvm_lock_sample: [system_server,1,binder:1688_2,24,ContentProviderHelper.java,871,void com.android.server.am.ContentProviderHelper.publishContentProviders(android.app.IApplicationThread, java.util.List),ProcessList.java,2306,void com.android.server.am.ProcessList.lambda$handleProcessStart$1(com.android.server.am.ProcessRecord, java.lang.String, int[], int, int, int, java.lang.String, java.lang.String, java.lang.String, long),4]
04-12 20:40:42.562626  1688  1870 I dvm_lock_sample: [system_server,1,ActivityManager,23,UserController.java,4046,int com.android.server.am.UserController$Injector.broadcastIntent(android.content.Intent, java.lang.String, android.content.IIntentReceiver, int, java.lang.String, android.os.Bundle, java.lang.String[], int, android.os.Bundle, boolean, int, int, int, int, int),ProcessList.java,2306,void com.android.server.am.ProcessList.lambda$handleProcessStart$1(com.android.server.am.ProcessRecord, java.lang.String, int[], int, int, int, java.lang.String, java.lang.String, java.lang.String, long),4]
04-12 20:40:42.563362  1688  1870 I uc_finish_user_unlocked_completed: 0
04-12 20:40:42.569603  1688  2729 I am_proc_bound: [0,3961,com.google.android.as]
04-12 20:40:42.572249  1688  1953 I am_proc_bound: [0,3984,com.google.android.providers.media.module]
04-12 20:40:42.576000  2769  2769 I auditd  : type=1400 audit(0.0:470): avc:  denied  { map } for  comm="sion.infinixled" path="/dev/__properties__/u:object_r:vendor_irtx_prop:s0" dev="tmpfs" ino=614 scontext=u:r:system_app:s0 tcontext=u:object_r:vendor_irtx_prop:s0 tclass=file permissive=0
04-12 20:40:42.576000  2769  2769 I auditd  : type=1400 audit(0.0:471): avc:  denied  { read } for  comm="sion.infinixled" name="u:object_r:qemu_hw_prop:s0" dev="tmpfs" ino=396 scontext=u:r:system_app:s0 tcontext=u:object_r:qemu_hw_prop:s0 tclass=file permissive=0
04-12 20:40:42.576000  3984  3984 I auditd  : type=1400 audit(0.0:472): avc:  denied  { read write } for  comm="re-initialized>" name="ensignal" dev="tmpfs" ino=2080 scontext=u:r:mediaprovider_app:s0:c15,c257,c512,c768 tcontext=u:object_r:ensignal_device:s0 tclass=chr_file permissive=0 app=com.google.android.providers.media.module
04-12 20:40:42.580000  3984  3984 I auditd  : type=1400 audit(0.0:473): avc:  denied  { read write } for  comm="re-initialized>" name="ensignal" dev="tmpfs" ino=2080 scontext=u:r:mediaprovider_app:s0:c15,c257,c512,c768 tcontext=u:object_r:ensignal_device:s0 tclass=chr_file permissive=0 app=com.google.android.providers.media.module
04-12 20:40:42.580000  3984  3984 I auditd  : type=1400 audit(0.0:474): avc:  denied  { search } for  comm="binder:3984_2" name="/" dev="sdc87" ino=2 scontext=u:r:mediaprovider_app:s0:c15,c257,c512,c768 tcontext=u:object_r:tranfs_file:s0 tclass=dir permissive=0 app=com.google.android.providers.media.module
04-12 20:40:42.590683  1688  1870 I ssm_user_unlocked: 0
04-12 20:40:42.593158  1688  1871 I am_proc_start: [0,4002,10190,com.transsion.aivoiceassistant:voiceinteractionservice,service,{com.transsion.aivoiceassistant/com.transsion.ella.aiservice.voiceinteraction.AiVoiceInteractionService},caller=system/1000]
04-12 20:40:42.596000  3961  3961 I auditd  : type=1400 audit(0.0:475): avc:  denied  { read write } for  comm="re-initialized>" name="ensignal" dev="tmpfs" ino=2080 scontext=u:r:priv_app:s0:c512,c768 tcontext=u:object_r:ensignal_device:s0 tclass=chr_file permissive=0 app=com.google.android.as
04-12 20:40:42.600000  3961  3961 I auditd  : type=1400 audit(0.0:476): avc:  denied  { read write } for  comm="re-initialized>" name="ensignal" dev="tmpfs" ino=2080 scontext=u:r:priv_app:s0:c512,c768 tcontext=u:object_r:ensignal_device:s0 tclass=chr_file permissive=0 app=com.google.android.as
04-12 20:40:42.632235  1688  3704 I dvm_lock_sample: [system_server,0,TranExtendCastController,19,BroadcastController.java,532,android.content.Intent com.android.server.am.BroadcastController.registerReceiverWithFeatureTraced(android.app.IApplicationThread, java.lang.String, java.lang.String, java.lang.String, android.content.IIntentReceiver, android.content.IntentFilter, java.lang.String, int, int),,0,null,3]
04-12 20:40:42.635952  1688  1801 I am_proc_bound: [0,4002,com.transsion.aivoiceassistant:voiceinteractionservice]
04-12 20:40:42.652000  4002  4002 I auditd  : type=1400 audit(0.0:477): avc:  denied  { read write } for  comm="re-initialized>" name="ensignal" dev="tmpfs" ino=2080 scontext=u:r:platform_app:s0:c512,c768 tcontext=u:object_r:ensignal_device:s0 tclass=chr_file permissive=0 app=com.transsion.aivoiceassistant
04-12 20:40:42.652000  4002  4002 I auditd  : type=1400 audit(0.0:478): avc:  denied  { read write } for  comm="re-initialized>" name="ensignal" dev="tmpfs" ino=2080 scontext=u:r:platform_app:s0:c512,c768 tcontext=u:object_r:ensignal_device:s0 tclass=chr_file permissive=0 app=com.transsion.aivoiceassistant
04-12 20:40:42.664000     1     1 I auditd  : type=1400 audit(0.0:479): avc:  denied  { sys_nice } for  comm="init" capability=23  scontext=u:r:init:s0 tcontext=u:r:init:s0 tclass=capability permissive=0
04-12 20:40:42.676510  1688  1801 I am_proc_start: [0,4033,10158,com.hoffnung.mobile.service,service,{com.hoffnung/com.hoffnung.TPMSService},caller=system/1000]
04-12 20:40:42.681859  1688  1801 I am_proc_bound: [0,4033,com.hoffnung.mobile.service]
04-12 20:40:42.688000  4033  4033 I auditd  : type=1400 audit(0.0:480): avc:  denied  { read write } for  comm="re-initialized>" name="ensignal" dev="tmpfs" ino=2080 scontext=u:r:platform_app:s0:c512,c768 tcontext=u:object_r:ensignal_device:s0 tclass=chr_file permissive=0 app=com.hoffnung
04-12 20:40:42.692000  4033  4033 I auditd  : type=1400 audit(0.0:481): avc:  denied  { read write } for  comm="re-initialized>" name="ensignal" dev="tmpfs" ino=2080 scontext=u:r:platform_app:s0:c512,c768 tcontext=u:object_r:ensignal_device:s0 tclass=chr_file permissive=0 app=com.hoffnung
04-12 20:40:42.712412  1688  1819 I uc_send_user_broadcast: [0,android.intent.action.BOOT_COMPLETED]
04-12 20:40:42.714367  2579  4075 I dvm_lock_sample: [com.android.phone,1,Thread-13,22,ActivityThread.java,8561,android.content.IContentProvider android.app.ActivityThread.acquireExistingProvider(android.content.Context, java.lang.String, int, boolean),-,8585,android.content.IContentProvider android.app.ActivityThread.acquireExistingProvider(android.content.Context, java.lang.String, int, boolean),4]
04-12 20:40:42.730136  2698  2939 I jank_cuj_events_end_request: [14,1775997642726649000,23533961847,23533961847]
04-12 20:40:42.731517  2698  2939 I jank_cuj_events_end_request: [14,1775997642726715000,23534027308,23534027308]
04-12 20:40:42.731526  2698  2939 I jank_cuj_events_end_request: [14,1775997642726723000,23534035616,23534035616]
04-12 20:40:42.736000   364   364 I auditd  : type=1400 audit(0.0:482): avc:  denied  { create } for  comm="init" name="enable" scontext=u:r:vendor_init:s0 tcontext=u:object_r:debugfs_tracing_instances:s0 tclass=file permissive=0
04-12 20:40:42.741568  1688  1870 I am_wtf  : [0,1688,system_server,-1,ActivityManager,Sending non-protected broadcast com.transsion.intent.action.APPWIDGET_LOADED from system uid 1000 pkg null]
04-12 20:40:42.753803  1688  2442 I am_proc_start: [0,4081,10099,com.android.printspooler,service,{com.android.printspooler/com.android.printspooler.model.PrintSpoolerService},caller=system/1000]
04-12 20:40:42.757184  1688  2442 I am_proc_bound: [0,4081,com.android.printspooler]
04-12 20:40:42.768000  4081  4081 I auditd  : type=1400 audit(0.0:483): avc:  denied  { search } for  comm="binder:4081_2" name="/" dev="sdc87" ino=2 scontext=u:r:untrusted_app:s0:c99,c256,c512,c768 tcontext=u:object_r:tranfs_file:s0 tclass=dir permissive=0 app=com.android.printspooler
04-12 20:40:42.772000  4081  4081 I auditd  : type=1400 audit(0.0:484): avc:  denied  { read write } for  comm="re-initialized>" name="ensignal" dev="tmpfs" ino=2080 scontext=u:r:untrusted_app:s0:c99,c256,c512,c768 tcontext=u:object_r:ensignal_device:s0 tclass=chr_file permissive=0 app=com.android.printspooler
04-12 20:40:42.772000  4081  4081 I auditd  : type=1400 audit(0.0:485): avc:  denied  { read write } for  comm="re-initialized>" name="ensignal" dev="tmpfs" ino=2080 scontext=u:r:untrusted_app:s0:c99,c256,c512,c768 tcontext=u:object_r:ensignal_device:s0 tclass=chr_file permissive=0 app=com.android.printspooler
04-12 20:40:42.777180  1688  1801 I dvm_lock_sample: [system_server,1,binder:1688_2,6,BroadcastController.java,694,void com.android.server.am.BroadcastController.unregisterReceiverTraced(android.content.IIntentReceiver),ActivityManagerService.java,15284,int com.android.server.am.ActivityManagerService.bindServiceInstance(android.app.IApplicationThread, android.os.IBinder, android.content.Intent, java.lang.String, android.app.IServiceConnection, long, java.lang.String, boolean, int, java.lang.String, android.app.IApplicationThread, java.lang.String, int),1]
04-12 20:40:42.812151  1688  1801 I am_proc_start: [0,4116,1027,com.android.nfc,added application,com.android.nfc]
04-12 20:40:42.818643  1688  1801 I am_proc_bound: [0,4116,com.android.nfc]
04-12 20:40:42.825620  1688  1801 I am_uid_active: 1027
04-12 20:40:42.832000  4116  4116 I auditd  : type=1400 audit(0.0:486): avc:  denied  { read write } for  comm="re-initialized>" name="ensignal" dev="tmpfs" ino=2080 scontext=u:r:nfc:s0 tcontext=u:object_r:ensignal_device:s0 tclass=chr_file permissive=0
04-12 20:40:42.832000  4116  4116 I auditd  : type=1400 audit(0.0:487): avc:  denied  { read write } for  comm="re-initialized>" name="ensignal" dev="tmpfs" ino=2080 scontext=u:r:nfc:s0 tcontext=u:object_r:ensignal_device:s0 tclass=chr_file permissive=0
04-12 20:40:42.901865  1688  1955 I am_uid_active: 10070
04-12 20:40:42.906811  1688  2277 I am_uid_active: 10099
04-12 20:40:42.908174   508   508 I auditd  : avc:  denied  { find } for pid=4162 uid=1072 name=vendor.transsion.hardware.aegis.IAegisService/default scontext=u:r:gpuservice:s0 tcontext=u:object_r:default_android_service:s0 tclass=service_manager permissive=0
04-12 20:40:42.923075  1688  2926 I dvm_lock_sample: [system_server,1,binder:1688_F,139,ActivityManagerService.java,6474,java.lang.String com.android.server.am.ActivityManagerService.getTagForIntentSender(android.content.IIntentSender, java.lang.String),,0,null,27]
04-12 20:40:42.925502  1688  3032 I dvm_lock_sample: [system_server,0,binder:1688_10,132,BroadcastController.java,1927,void com.android.server.am.BroadcastController.finishReceiver(android.os.IBinder, int, java.lang.String, android.os.Bundle, boolean, int),,0,null,26]
04-12 20:40:42.936000  3908  3908 I auditd  : type=1400 audit(0.0:488): avc:  denied  { map } for  comm="kolun.aiservice" path="/dev/__properties__/u:object_r:vendor_irtx_prop:s0" dev="tmpfs" ino=614 scontext=u:r:system_app:s0 tcontext=u:object_r:vendor_irtx_prop:s0 tclass=file permissive=0
04-12 20:40:42.936000  3908  3908 I auditd  : type=1400 audit(0.0:489): avc:  denied  { read } for  comm="kolun.aiservice" name="u:object_r:qemu_hw_prop:s0" dev="tmpfs" ino=396 scontext=u:r:system_app:s0 tcontext=u:object_r:qemu_hw_prop:s0 tclass=file permissive=0
04-12 20:40:42.951437  3908  3908 I service_manager_slow: [11,tran_service_manager]
04-12 20:40:42.952000     1     1 I auditd  : type=1107 audit(0.0:490): uid=0 auid=4294967295 ses=4294967295 subj=u:r:init:s0 msg='avc:  denied  { set } for property=persist.vendor.sys.device.manual_gc pid=4169 uid=1000 gid=1000 scontext=u:r:storage_feature_cloudctl:s0 tcontext=u:object_r:vendor_default_prop:s0 tclass=property_service permissive=0'
04-12 20:40:42.981875  2698  2698 I viewroot_draw_event: [VRI[CustomChargingAnimation],reportDrawFinished seqId=0]
04-12 20:40:42.995580  1688  1871 I am_proc_start: [0,4172,1000,com.transsion.tranvoicecommand,added application,com.transsion.tranvoicecommand]
04-12 20:40:43.058251  1688  1820 I dvm_lock_sample: [system_server,1,android.ui,107,ActivityManagerService.java,17319,void com.android.server.am.ActivityManagerService.pushTempAllowlist(),BroadcastController.java,1938,void com.android.server.am.BroadcastController.finishReceiver(android.os.IBinder, int, java.lang.String, android.os.Bundle, boolean, int),21]
04-12 20:40:43.065931  1688  1801 I dvm_lock_sample: [system_server,1,binder:1688_2,69,ContentProviderHelper.java,871,void com.android.server.am.ContentProviderHelper.publishContentProviders(android.app.IApplicationThread, java.util.List),,0,null,13]
04-12 20:40:43.106609  1688  1800 I am_proc_start: [0,4236,1000,com.transsion.aod:dreams,service,{com.transsion.aod/com.transsion.aod.dreams.DreamBootupService},caller=com.android.systemui/10146]
04-12 20:40:43.117588  1688  1800 I am_proc_bound: [0,4236,com.transsion.aod:dreams]
04-12 20:40:43.126133  4116  4116 I service_manager_slow: [10,thermalservice]
04-12 20:40:43.139445  1688  3322 I dvm_lock_sample: [system_server,1,binder:1688_12,133,ActivityManagerService.java,15283,int com.android.server.am.ActivityManagerService.bindServiceInstance(android.app.IApplicationThread, android.os.IBinder, android.content.Intent, java.lang.String, android.app.IServiceConnection, long, java.lang.String, boolean, int, java.lang.String, android.app.IApplicationThread, java.lang.String, int),,0,null,26]
04-12 20:40:43.161721  1688  2281 I dvm_lock_sample: [system_server,1,binder:1688_7,123,ContentProviderHelper.java,871,void com.android.server.am.ContentProviderHelper.publishContentProviders(android.app.IApplicationThread, java.util.List),,0,null,24]
04-12 20:40:43.162332  1688  2926 I dvm_lock_sample: [system_server,1,binder:1688_F,125,ActivityManagerService.java,5375,void com.android.server.am.ActivityManagerService.attachApplication(android.app.IApplicationThread, long),,0,null,25]
04-12 20:40:43.163831  1688  2926 I am_proc_bound: [0,4172,com.transsion.tranvoicecommand]
04-12 20:40:43.148000  4236  4236 I auditd  : type=1400 audit(0.0:491): avc:  denied  { read write } for  comm="re-initialized>" name="ensignal" dev="tmpfs" ino=2080 scontext=u:r:system_app:s0 tcontext=u:object_r:ensignal_device:s0 tclass=chr_file permissive=0
04-12 20:40:43.168000  4172  4172 I auditd  : type=1400 audit(0.0:492): avc:  denied  { read write } for  comm="re-initialized>" name="ensignal" dev="tmpfs" ino=2080 scontext=u:r:system_app:s0 tcontext=u:object_r:ensignal_device:s0 tclass=chr_file permissive=0
04-12 20:40:43.168000  4172  4172 I auditd  : type=1400 audit(0.0:493): avc:  denied  { read write } for  comm="re-initialized>" name="ensignal" dev="tmpfs" ino=2080 scontext=u:r:system_app:s0 tcontext=u:object_r:ensignal_device:s0 tclass=chr_file permissive=0
04-12 20:40:43.201751  1688  1954 I dvm_lock_sample: [system_server,1,binder:1688_4,199,BroadcastController.java,532,android.content.Intent com.android.server.am.BroadcastController.registerReceiverWithFeatureTraced(android.app.IApplicationThread, java.lang.String, java.lang.String, java.lang.String, android.content.IIntentReceiver, android.content.IntentFilter, java.lang.String, int, int),,0,null,39]
04-12 20:40:43.202863  1688  2282 I dvm_lock_sample: [system_server,1,binder:1688_8,63,BroadcastController.java,532,android.content.Intent com.android.server.am.BroadcastController.registerReceiverWithFeatureTraced(android.app.IApplicationThread, java.lang.String, java.lang.String, java.lang.String, android.content.IIntentReceiver, android.content.IntentFilter, java.lang.String, int, int),,0,null,12]
04-12 20:40:43.222625  1688  1870 I dvm_lock_sample: [system_server,1,ActivityManager,57,BroadcastQueueImpl.java,493,void com.android.server.am.BroadcastQueueImpl.updateRunningList(),,0,null,11]
04-12 20:40:43.248000  4236  4236 I auditd  : type=1400 audit(0.0:494): avc:  denied  { map } for  comm="sion.aod:dreams" path="/dev/__properties__/u:object_r:vendor_irtx_prop:s0" dev="tmpfs" ino=614 scontext=u:r:system_app:s0 tcontext=u:object_r:vendor_irtx_prop:s0 tclass=file permissive=0
04-12 20:40:43.274477  1688  1871 I am_proc_start: [0,4315,1000,com.transsion.aod,content provider,{com.transsion.aod/com.transsion.aod.detailSetting.AODInfoCenter.database.ThemeProvider},caller=com.android.systemui/10146]
04-12 20:40:43.277773  1688  4258 I am_proc_bound: [0,4315,com.transsion.aod]
04-12 20:40:43.309685  1688  1871 I am_proc_start: [0,4355,1000,com.android.keychain,service,{com.android.keychain/com.android.keychain.KeyChainService},caller=com.android.systemui/10146]
04-12 20:40:43.362652  1688  4292 I am_proc_bound: [0,4355,com.android.keychain]
04-12 20:40:43.388471  1688  1801 I am_uid_active: 10271
04-12 20:40:43.406450  1688  2281 I dvm_lock_sample: [system_server,1,binder:1688_7,27,AlarmManagerService.java,3025,void com.android.server.alarm.AlarmManagerService$4.remove(android.app.PendingIntent, android.app.IAlarmListener),-,2344,void com.android.server.alarm.AlarmManagerService.setImpl(int, long, long, long, android.app.PendingIntent, android.app.IAlarmListener, java.lang.String, int, android.os.WorkSource, android.app.AlarmManager$AlarmClockInfo, int, java.lang.String, android.os.Bundle, int),5]
04-12 20:40:43.416336  1688  2733 I am_proc_start: [0,4390,1000,com.transsion.smartpanel,service,{com.transsion.smartpanel/com.transsion.common.NotificationListener},trigger = notification,caller=system/1000]
04-12 20:40:43.418186  1688  2733 I am_proc_bound: [0,4390,com.transsion.smartpanel]
04-12 20:40:43.433833  2365  2365 I viewroot_draw_event: [VRI[Taskbar],reportDrawFinished seqId=0]
04-12 20:40:43.443299  1688  1688 I dvm_lock_sample: [system_server,1,main,69,BroadcastController.java,532,android.content.Intent com.android.server.am.BroadcastController.registerReceiverWithFeatureTraced(android.app.IApplicationThread, java.lang.String, java.lang.String, java.lang.String, android.content.IIntentReceiver, android.content.IntentFilter, java.lang.String, int, int),,0,null,13]
04-12 20:40:43.445522  1688  2282 I dvm_lock_sample: [system_server,1,binder:1688_8,58,ContentProviderHelper.java,207,android.app.ContentProviderHolder com.android.server.am.ContentProviderHelper.getContentProviderImpl(android.app.IApplicationThread, java.lang.String, android.os.IBinder, int, java.lang.String, java.lang.String, boolean, int),,0,null,11]
04-12 20:40:43.460405  2365  2365 I viewroot_draw_event: [VRI[Taskbar],reportDrawFinished seqId=0]
04-12 20:40:43.472558  1688  4294 I dvm_lock_sample: [system_server,1,binder:1688_17,75,BroadcastController.java,532,android.content.Intent com.android.server.am.BroadcastController.registerReceiverWithFeatureTraced(android.app.IApplicationThread, java.lang.String, java.lang.String, java.lang.String, android.content.IIntentReceiver, android.content.IntentFilter, java.lang.String, int, int),,0,null,15]
04-12 20:40:43.476855  1688  2905 I am_uid_active: 10190
