04-12 20:40:38.832000  2670  2670 I auditd  : type=1400 audit(0.0:303): avc:  denied  { search } for  comm="binder:2670_2" name="/" dev="sdc87" ino=2 scontext=u:r:secure_element:s0:c44,c260,c512,c768 tcontext=u:object_r:tranfs_file:s0 tclass=dir permissive=0
04-12 20:40:38.853016  1688  1871 I am_proc_start: [0,2698,10146,com.android.systemui,added application,com.android.systemui]
04-12 20:40:38.871887  1688  1955 I am_proc_died: [0,2548,com.transsion.sru,0,6]
04-12 20:40:38.881430  1688  2282 I am_proc_bound: [0,2690,com.transsion.tranradionet]
04-12 20:40:38.884000  2690  2690 I auditd  : type=1400 audit(0.0:304): avc:  denied  { read write } for  comm="re-initialized>" name="ensignal" dev="tmpfs" ino=2080 scontext=u:r:system_app:s0 tcontext=u:object_r:ensignal_device:s0 tclass=chr_file permissive=0
04-12 20:40:38.897485  1688  1871 I am_proc_start: [0,2745,10199,com.transsion.livewallpaper.custompictorial,service,{com.transsion.livewallpaper.custompictorial/com.transsion.livewallpaper.pictorial.CustomPictorialWallpaperService},caller=system/1000]
04-12 20:40:38.926854  1688  1871 I am_proc_start: [0,2769,1000,com.transsion.infinixled,content provider,{com.transsion.infinixled/com.transsion.infinixled.provider.SharedLedDatabaseProvider},caller=android/1000]
04-12 20:40:38.945219  1688  2282 I am_proc_bound: [0,2698,com.android.systemui]
04-12 20:40:38.947611  1688  2282 I am_uid_active: 10146
04-12 20:40:38.952000  2698  2698 I auditd  : type=1400 audit(0.0:305): avc:  denied  { read write } for  comm="re-initialized>" name="ensignal" dev="tmpfs" ino=2080 scontext=u:r:platform_app:s0:c512,c768 tcontext=u:object_r:ensignal_device:s0 tclass=chr_file permissive=0 app=com.android.systemui
04-12 20:40:38.961667  1688  2104 I pm_critical_info: setEnabledSettings callingUid = 1000 callingPid = 1688 packageName = com.android.bluetooth componentName = ComponentInfo{com.android.bluetooth/com.android.bluetooth.opp.BluetoothOppLauncherActivity} callingPackage= android newState = 1 userId = 0 flags = 1
04-12 20:40:38.967652  1688  2104 I pm_critical_info: setEnabledSettings callingUid = 1000 callingPid = 1688 packageName = com.android.bluetooth componentName = ComponentInfo{com.android.bluetooth/com.android.bluetooth.opp.BluetoothOppBtEnableActivity} callingPackage= android newState = 1 userId = 0 flags = 1
04-12 20:40:38.968294  1688  2104 I pm_critical_info: setEnabledSettings callingUid = 1000 callingPid = 1688 packageName = com.android.bluetooth componentName = ComponentInfo{com.android.bluetooth/com.android.bluetooth.opp.BluetoothOppBtEnablingActivity} callingPackage= android newState = 1 userId = 0 flags = 1
04-12 20:40:38.969112  1688  2104 I pm_critical_info: setEnabledSettings callingUid = 1000 callingPid = 1688 packageName = com.android.bluetooth componentName = ComponentInfo{com.android.bluetooth/com.android.bluetooth.opp.BluetoothOppBtErrorActivity} callingPackage= android newState = 1 userId = 0 flags = 1
04-12 20:40:38.974009  1688  2442 I am_proc_bound: [0,2745,com.transsion.livewallpaper.custompictorial]
04-12 20:40:38.976974  1688  2733 I am_proc_bound: [0,2769,com.transsion.infinixled]
04-12 20:40:38.976000  2745  2745 I auditd  : type=1400 audit(0.0:306): avc:  denied  { read write } for  comm="re-initialized>" name="ensignal" dev="tmpfs" ino=2080 scontext=u:r:platform_app:s0:c512,c768 tcontext=u:object_r:ensignal_device:s0 tclass=chr_file permissive=0 app=com.transsion.livewallpaper.custompictorial
04-12 20:40:38.976000  2745  2745 I auditd  : type=1400 audit(0.0:307): avc:  denied  { read write } for  comm="re-initialized>" name="ensignal" dev="tmpfs" ino=2080 scontext=u:r:platform_app:s0:c512,c768 tcontext=u:object_r:ensignal_device:s0 tclass=chr_file permissive=0 app=com.transsion.livewallpaper.custompictorial
04-12 20:40:38.982511  1688  2281 I am_proc_start: [0,2365,10148,com.transsion.launcher3,top-activity,{com.transsion.launcher3/com.android.launcher3.uioverrides.QuickstepLauncher}]
04-12 20:40:38.983998  1688  2281 I am_proc_bound: [0,2365,com.transsion.launcher3]
04-12 20:40:38.986032  1688  2281 I am_uid_active: 10148
04-12 20:40:38.986299  2579  2579 I service_manager_slow: [15,isub]
04-12 20:40:38.980000  2769  2769 I auditd  : type=1400 audit(0.0:308): avc:  denied  { read write } for  comm="re-initialized>" name="ensignal" dev="tmpfs" ino=2080 scontext=u:r:system_app:s0 tcontext=u:object_r:ensignal_device:s0 tclass=chr_file permissive=0
04-12 20:40:38.984000  2365  2365 I auditd  : type=1400 audit(0.0:309): avc:  denied  { read write } for  comm="re-initialized>" name="ensignal" dev="tmpfs" ino=2080 scontext=u:r:platform_app:s0:c512,c768 tcontext=u:object_r:ensignal_device:s0 tclass=chr_file permissive=0 app=com.transsion.launcher3
04-12 20:40:38.984000  2365  2365 I auditd  : type=1400 audit(0.0:310): avc:  denied  { read write } for  comm="re-initialized>" name="ensignal" dev="tmpfs" ino=2080 scontext=u:r:platform_app:s0:c512,c768 tcontext=u:object_r:ensignal_device:s0 tclass=chr_file permissive=0 app=com.transsion.launcher3
04-12 20:40:38.984000  2690  2690 I auditd  : type=1400 audit(0.0:311): avc:  denied  { map } for  comm="on.tranradionet" path="/dev/__properties__/u:object_r:vendor_irtx_prop:s0" dev="tmpfs" ino=614 scontext=u:r:system_app:s0 tcontext=u:object_r:vendor_irtx_prop:s0 tclass=file permissive=0
04-12 20:40:38.984000  2690  2690 I auditd  : type=1400 audit(0.0:312): avc:  denied  { read } for  comm="on.tranradionet" name="u:object_r:qemu_hw_prop:s0" dev="tmpfs" ino=396 scontext=u:r:system_app:s0 tcontext=u:object_r:qemu_hw_prop:s0 tclass=file permissive=0
04-12 20:40:39.012000  2644  2644 I auditd  : type=1400 audit(0.0:313): avc:  denied  { read } for  comm="om.mediatek.ims" name="u:object_r:system_trancare_prop:s0" dev="tmpfs" ino=554 scontext=u:r:radio:s0 tcontext=u:object_r:system_trancare_prop:s0 tclass=file permissive=0
04-12 20:40:39.016000  2644  2644 I auditd  : type=1400 audit(0.0:314): avc:  denied  { read } for  comm="om.mediatek.ims" name="u:object_r:vendor_irtx_prop:s0" dev="tmpfs" ino=614 scontext=u:r:radio:s0 tcontext=u:object_r:vendor_irtx_prop:s0 tclass=file permissive=0
04-12 20:40:39.016000  2644  2644 I auditd  : type=1400 audit(0.0:315): avc:  denied  { read } for  comm="om.mediatek.ims" name="u:object_r:qemu_hw_prop:s0" dev="tmpfs" ino=396 scontext=u:r:radio:s0 tcontext=u:object_r:qemu_hw_prop:s0 tclass=file permissive=0
04-12 20:40:39.016000  2644  2644 I auditd  : type=1400 audit(0.0:316): avc:  denied  { read } for  comm="om.mediatek.ims" name="u:object_r:system_trancare_prop:s0" dev="tmpfs" ino=554 scontext=u:r:radio:s0 tcontext=u:object_r:system_trancare_prop:s0 tclass=file permissive=0
04-12 20:40:39.001561  1688  2164 I notification_enqueue: [1000,1688,android,32,NULL,-1,Notification(channel=ALERTS shortcut=null contentView=null vibrate=null sound=null tick defaults=0 flags=ONGOING_EVENT|CAN_COLORIZE color=0x00000000 vis=PUBLIC),0,1]
04-12 20:40:39.004834  1688  2164 I sysui_multi_action: [757,1501,758,1,793,7,794,0,795,7,796,32,806,android,857,ALERTS,858,3,947,0,1500,0]
04-12 20:40:39.004893  1688  2164 I sysui_multi_action: [757,804,799,note_interruptive,801,0,802,1]
04-12 20:40:39.005720  1688  2164 I sysui_multi_action: [757,199,758,1,759,32784,793,8,794,0,795,8,796,32,806,android,857,ALERTS,858,3,947,0,1500,1,1688,1]
04-12 20:40:39.005776  1688  2164 I notification_alert: [-1|android|32|null|1000,0,0,0,2,32768]
04-12 20:40:39.007101  1688  2104 I pm_critical_info: setEnabledSettings callingUid = 1000 callingPid = 1688 packageName = com.android.bluetooth componentName = ComponentInfo{com.android.bluetooth/com.android.bluetooth.opp.BluetoothOppLauncherActivity} callingPackage= android newState = 1 userId = 0 flags = 1
04-12 20:40:39.008979  1688  2104 I pm_critical_info: setEnabledSettings callingUid = 1000 callingPid = 1688 packageName = com.android.bluetooth componentName = ComponentInfo{com.android.bluetooth/com.android.bluetooth.opp.BluetoothOppBtEnableActivity} callingPackage= android newState = 1 userId = 0 flags = 1
04-12 20:40:39.009405  1688  2104 I pm_critical_info: setEnabledSettings callingUid = 1000 callingPid = 1688 packageName = com.android.bluetooth componentName = ComponentInfo{com.android.bluetooth/com.android.bluetooth.opp.BluetoothOppBtEnablingActivity} callingPackage= android newState = 1 userId = 0 flags = 1
04-12 20:40:39.011061  1688  2104 I pm_critical_info: setEnabledSettings callingUid = 1000 callingPid = 1688 packageName = com.android.bluetooth componentName = ComponentInfo{com.android.bluetooth/com.android.bluetooth.opp.BluetoothOppBtErrorActivity} callingPackage= android newState = 1 userId = 0 flags = 1
04-12 20:40:39.012513  1688  1801 I am_uid_active: 1002
04-12 20:40:39.031236  1688  1871 I am_proc_start: [0,2828,1000,com.transsion.multiwindow,service,{com.transsion.multiwindow/com.transsion.multiwindow.MultiWindowService},caller=system/1000]
04-12 20:40:39.053938  2644  2644 I service_manager_slow: [29,carrier_config]
04-12 20:40:39.067670  1688  2733 I am_uid_active: 10199
04-12 20:40:39.072382  2365  2841 I jank_cuj_events_cancel_request: [-1,1775997639063202000,19870514462,19870514462]
04-12 20:40:39.072987  1688  2281 I am_proc_bound: [0,2828,com.transsion.multiwindow]
04-12 20:40:39.080000  2828  2828 I auditd  : type=1400 audit(0.0:317): avc:  denied  { read write } for  comm="re-initialized>" name="ensignal" dev="tmpfs" ino=2080 scontext=u:r:system_app:s0 tcontext=u:object_r:ensignal_device:s0 tclass=chr_file permissive=0
04-12 20:40:39.084000  2828  2828 I auditd  : type=1400 audit(0.0:318): avc:  denied  { read write } for  comm="re-initialized>" name="ensignal" dev="tmpfs" ino=2080 scontext=u:r:system_app:s0 tcontext=u:object_r:ensignal_device:s0 tclass=chr_file permissive=0
04-12 20:40:39.107980  1688  1800 I wm_restart_activity: [0,143795573,2,com.transsion.launcher3/com.android.launcher3.uioverrides.QuickstepLauncher]
04-12 20:40:39.109253  1688  1800 I wm_set_resumed_activity: [0,com.transsion.launcher3/com.android.launcher3.uioverrides.QuickstepLauncher,realStartActivityLocked - onActivityStateChanged]
04-12 20:40:39.128000  2745  2745 I auditd  : type=1400 audit(0.0:319): avc:  denied  { read } for  comm=4F6E65494420576F726B6572 name="u:object_r:vendor_security_patch_level_prop:s0" dev="tmpfs" ino=888 scontext=u:r:platform_app:s0:c512,c768 tcontext=u:object_r:vendor_security_patch_level_prop:s0 tclass=file permissive=0 app=com.transsion.livewallpaper.custompictorial
04-12 20:40:39.156000  2365  2365 I auditd  : type=1400 audit(0.0:320): avc:  denied  { read } for  comm=4F6E65494420576F726B6572 name="u:object_r:vendor_security_patch_level_prop:s0" dev="tmpfs" ino=888 scontext=u:r:platform_app:s0:c512,c768 tcontext=u:object_r:vendor_security_patch_level_prop:s0 tclass=file permissive=0 app=com.transsion.launcher3
04-12 20:40:39.162790  1688  1841 I pm_critical_info: setEnabledSettings callingUid = 1000 callingPid = 1688 packageName = com.google.android.marvin.talkback componentName = ComponentInfo{com.google.android.marvin.talkback/com.google.android.accessibility.accessibilitymenu.AccessibilityMenuService} callingPackage= android newState = 2 userId = 0 flags = 1
04-12 20:40:39.167172  2769  2769 I service_manager_slow: [15,content_capture]
04-12 20:40:39.176000  2828  2828 I auditd  : type=1400 audit(0.0:321): avc:  denied  { map } for  comm="ion.multiwindow" path="/dev/__properties__/u:object_r:vendor_irtx_prop:s0" dev="tmpfs" ino=614 scontext=u:r:system_app:s0 tcontext=u:object_r:vendor_irtx_prop:s0 tclass=file permissive=0
04-12 20:40:39.176000  2828  2828 I auditd  : type=1400 audit(0.0:322): avc:  denied  { read } for  comm="ion.multiwindow" name="u:object_r:qemu_hw_prop:s0" dev="tmpfs" ino=396 scontext=u:r:system_app:s0 tcontext=u:object_r:qemu_hw_prop:s0 tclass=file permissive=0
04-12 20:40:39.225859  1688  2140 I netstats_mobile_sample: [0,0,0,0,0,0,0,0,1775997639225]
04-12 20:40:39.225880  1688  2140 I netstats_wifi_sample: [0,0,0,0,0,0,0,0,1775997639225]
04-12 20:40:39.241121  2690  2856 I service_manager_slow: [30,isub]
04-12 20:40:39.300000  2690  2690 I auditd  : type=1400 audit(0.0:323): avc:  denied  { watch watch_reads } for  comm="on.tranradionet" path="/system_ext/etc/vconfig/celluar/ussd_balance.json" dev="dm-17" ino=29975961 scontext=u:r:system_app:s0 tcontext=u:object_r:system_file:s0 tclass=file permissive=0
04-12 20:40:39.372000   504   504 I auditd  : type=1400 audit(0.0:324): avc:  denied  { read } for  comm="logd.writer" name="u:object_r:bluetooth_prop:s0" dev="tmpfs" ino=173 scontext=u:r:logd:s0 tcontext=u:object_r:bluetooth_prop:s0 tclass=file permissive=0
04-12 20:40:39.372000   504   504 I auditd  : type=1400 audit(0.0:325): avc:  denied  { read } for  comm="logd.writer" name="u:object_r:bluetooth_prop:s0" dev="tmpfs" ino=173 scontext=u:r:logd:s0 tcontext=u:object_r:bluetooth_prop:s0 tclass=file permissive=0
04-12 20:40:39.372000   504   504 I auditd  : type=1400 audit(0.0:326): avc:  denied  { read } for  comm="logd.writer" name="u:object_r:bluetooth_prop:s0" dev="tmpfs" ino=173 scontext=u:r:logd:s0 tcontext=u:object_r:bluetooth_prop:s0 tclass=file permissive=0
04-12 20:40:39.372000   504   504 I auditd  : type=1400 audit(0.0:327): avc:  denied  { read } for  comm="logd.writer" name="u:object_r:bluetooth_prop:s0" dev="tmpfs" ino=173 scontext=u:r:logd:s0 tcontext=u:object_r:bluetooth_prop:s0 tclass=file permissive=0
04-12 20:40:39.384000   504   504 I auditd  : type=1400 audit(0.0:328): avc:  denied  { read } for  comm="logd.writer" name="u:object_r:bluetooth_prop:s0" dev="tmpfs" ino=173 scontext=u:r:logd:s0 tcontext=u:object_r:bluetooth_prop:s0 tclass=file permissive=0
04-12 20:40:39.384000   504   504 I auditd  : type=1400 audit(0.0:329): avc:  denied  { read } for  comm="logd.writer" name="u:object_r:bluetooth_prop:s0" dev="tmpfs" ino=173 scontext=u:r:logd:s0 tcontext=u:object_r:bluetooth_prop:s0 tclass=file permissive=0
04-12 20:40:39.392000   504   504 I auditd  : type=1400 audit(0.0:330): avc:  denied  { read } for  comm="logd.writer" name="u:object_r:bluetooth_prop:s0" dev="tmpfs" ino=173 scontext=u:r:logd:s0 tcontext=u:object_r:bluetooth_prop:s0 tclass=file permissive=0
04-12 20:40:39.392000   504   504 I auditd  : type=1400 audit(0.0:331): avc:  denied  { read } for  comm="logd.writer" name="u:object_r:bluetooth_prop:s0" dev="tmpfs" ino=173 scontext=u:r:logd:s0 tcontext=u:object_r:bluetooth_prop:s0 tclass=file permissive=0
04-12 20:40:39.392000   504   504 I auditd  : type=1400 audit(0.0:332): avc:  denied  { read } for  comm="logd.writer" name="u:object_r:bluetooth_prop:s0" dev="tmpfs" ino=173 scontext=u:r:logd:s0 tcontext=u:object_r:bluetooth_prop:s0 tclass=file permissive=0
04-12 20:40:39.392000   504   504 I auditd  : type=1400 audit(0.0:333): avc:  denied  { read } for  comm="logd.writer" name="u:object_r:bluetooth_prop:s0" dev="tmpfs" ino=173 scontext=u:r:logd:s0 tcontext=u:object_r:bluetooth_prop:s0 tclass=file permissive=0
04-12 20:40:39.392000   504   504 I auditd  : type=1400 audit(0.0:334): avc:  denied  { read } for  comm="logd.writer" name="u:object_r:bluetooth_prop:s0" dev="tmpfs" ino=173 scontext=u:r:logd:s0 tcontext=u:object_r:bluetooth_prop:s0 tclass=file permissive=0
04-12 20:40:39.392000   504   504 I auditd  : type=1400 audit(0.0:335): avc:  denied  { read } for  comm="logd.writer" name="u:object_r:bluetooth_prop:s0" dev="tmpfs" ino=173 scontext=u:r:logd:s0 tcontext=u:object_r:bluetooth_prop:s0 tclass=file permissive=0
04-12 20:40:39.392000   504   504 I auditd  : type=1400 audit(0.0:336): avc:  denied  { read } for  comm="logd.writer" name="u:object_r:bluetooth_prop:s0" dev="tmpfs" ino=173 scontext=u:r:logd:s0 tcontext=u:object_r:bluetooth_prop:s0 tclass=file permissive=0
04-12 20:40:39.460562  2365  2365 I wm_on_create_called: [143795573,com.android.launcher3.uioverrides.QuickstepLauncher,performCreate,314]
04-12 20:40:39.462787  2365  2365 I wm_on_start_called: [143795573,com.android.launcher3.uioverrides.QuickstepLauncher,handleStartActivity,2]
04-12 20:40:39.464356  2365  2365 I wm_on_resume_called: [143795573,com.android.launcher3.uioverrides.QuickstepLauncher,RESUME_ACTIVITY,1]
04-12 20:40:39.473564  2828  2956 I viewroot_draw_event: [VRI[Tran_Float_Window_BG],Not drawing due to not visible. Reason=View.INVISIBLE]
04-12 20:40:39.476256  2690  2856 I service_manager_stats: [100,93,20283]
04-12 20:40:39.496201  1688  1871 I am_proc_start: [0,3052,1000,com.android.settings,broadcast,{com.android.settings/com.transsion.settings.network.telephony.TranDataSwitchNotification},caller=com.android.phone/1001,action = android.intent.action.ACTION_DEFAULT_DATA_SUBSCRIPTION_CHANGED]
04-12 20:40:39.514434  1688  1823 I input_focus: [Focus request ebafc39 com.transsion.launcher3/com.android.launcher3.uioverrides.QuickstepLauncher,reason=UpdateInputWindows]
04-12 20:40:39.520623  1688  1955 I wm_task_created: 3
04-12 20:40:39.522158  1688  1955 I wm_task_created: 4
04-12 20:40:39.528933  1688  1823 I wm_wallpaper_surface: [0,1,Window{ebafc39 u0 com.transsion.launcher3/com.android.launcher3.uioverrides.QuickstepLauncher}]
04-12 20:40:39.530242  1688  1955 I am_proc_bound: [0,3052,com.android.settings]
04-12 20:40:39.531230  1688  2277 I wm_task_created: 5
04-12 20:40:39.553615  2365  2365 I viewroot_draw_event: [VRI[QuickstepLauncher],reportDrawFinished seqId=0]
04-12 20:40:39.554131  2365  2365 I wm_on_top_resumed_gained_called: [143795573,com.android.launcher3.uioverrides.QuickstepLauncher,topStateChangedWhenResumed]
04-12 20:40:39.554760  1688  1801 I dvm_lock_sample: [system_server,1,binder:1688_2,19,BroadcastController.java,532,android.content.Intent com.android.server.am.BroadcastController.registerReceiverWithFeatureTraced(android.app.IApplicationThread, java.lang.String, java.lang.String, java.lang.String, android.content.IIntentReceiver, android.content.IntentFilter, java.lang.String, int, int),ActivityManagerService.java,5381,void com.android.server.am.ActivityManagerService.attachApplication(android.app.IApplicationThread, long),3]
04-12 20:40:39.556000  3052  3052 I auditd  : type=1400 audit(0.0:337): avc:  denied  { read write } for  comm="re-initialized>" name="ensignal" dev="tmpfs" ino=2080 scontext=u:r:system_app:s0 tcontext=u:object_r:ensignal_device:s0 tclass=chr_file permissive=0
04-12 20:40:39.568000  3052  3052 I auditd  : type=1400 audit(0.0:338): avc:  denied  { read write } for  comm="re-initialized>" name="ensignal" dev="tmpfs" ino=2080 scontext=u:r:system_app:s0 tcontext=u:object_r:ensignal_device:s0 tclass=chr_file permissive=0
04-12 20:40:39.581680  1688  1819 I sysui_multi_action: [319,0,322,925,325,19,757,761,758,7,759,3,806,com.transsion.launcher3,871,com.android.launcher3.uioverrides.QuickstepLauncher,905,0,945,341,1320,4,1321,23]
04-12 20:40:39.586128  1688  1819 I wm_activity_launch_time: [0,143795573,com.transsion.launcher3/com.android.launcher3.uioverrides.QuickstepLauncher,925]
04-12 20:40:39.587394  1688  1822 I boot_progress_enable_screen: 20394
04-12 20:40:39.593215  1688  1822 I screen_toggled: 1
04-12 20:40:39.612742  3052  3052 I service_manager_slow: [11,particular_feature]
04-12 20:40:39.638036  1688  1871 I am_proc_start: [0,3112,1000,com.transsion.keyguardgesture,service,{com.transsion.microintelligence/com.transsion.keyguardgesture.service.KeyguardGestureService},caller=system/1000]
04-12 20:40:39.653608  2828  2955 I viewroot_draw_event: [VRI[Tran_Float_Window_BG],Not drawing due to not visible. Reason=View.INVISIBLE]
04-12 20:40:39.661842  1688  2442 I am_proc_bound: [0,3112,com.transsion.keyguardgesture]
04-12 20:40:39.668000  3112  3112 I auditd  : type=1400 audit(0.0:339): avc:  denied  { read write } for  comm="re-initialized>" name="ensignal" dev="tmpfs" ino=2080 scontext=u:r:system_app:s0 tcontext=u:object_r:ensignal_device:s0 tclass=chr_file permissive=0
04-12 20:40:39.668000  2698  2698 I auditd  : type=1400 audit(0.0:340): avc:  denied  { read } for  comm=4F6E65494420576F726B6572 name="u:object_r:vendor_security_patch_level_prop:s0" dev="tmpfs" ino=888 scontext=u:r:platform_app:s0:c512,c768 tcontext=u:object_r:vendor_security_patch_level_prop:s0 tclass=file permissive=0 app=com.android.systemui
04-12 20:40:39.684544  1688  2926 I wm_task_removed: [4,4,0,reParentTask:sanitizeAndApplyHierarchyOp]
04-12 20:40:39.684772  1688  2926 I wm_task_moved: [4,3,0,1,2147483647]
04-12 20:40:39.684797  1688  2926 I wm_task_removed: [5,5,0,reParentTask:sanitizeAndApplyHierarchyOp]
04-12 20:40:39.684911  1688  2926 I wm_task_moved: [5,3,0,1,2147483647]
04-12 20:40:39.688000     1     1 I auditd  : type=1107 audit(0.0:341): uid=0 auid=4294967295 ses=4294967295 subj=u:r:init:s0 msg='avc:  denied  { set } for property=ro.tr_perf.aegean.cg.kernel.support pid=1323 uid=1013 gid=1005 scontext=u:r:mediaserver:s0 tcontext=u:object_r:default_prop:s0 tclass=property_service permissive=0'
04-12 20:40:39.715233  2828  2955 I viewroot_draw_event: [VRI[Tran_Left_Window],Not drawing due to not visible. Reason=View.GONE]
04-12 20:40:39.717983  2698  2911 I viewroot_draw_event: [VRI[ShellDropTarget],Not drawing due to not visible. Reason=View.INVISIBLE]
04-12 20:40:39.721938  2828  2955 I viewroot_draw_event: [VRI[Tran_Right_Window],Not drawing due to not visible. Reason=View.GONE]
04-12 20:40:39.728000  3112  3112 I auditd  : type=1400 audit(0.0:342): avc:  denied  { map } for  comm="keyguardgesture" path="/dev/__properties__/u:object_r:vendor_irtx_prop:s0" dev="tmpfs" ino=614 scontext=u:r:system_app:s0 tcontext=u:object_r:vendor_irtx_prop:s0 tclass=file permissive=0
04-12 20:40:39.734317  2828  2955 I viewroot_draw_event: [VRI[Tran_Float_Window_Guide],Not drawing due to not visible. Reason=View.INVISIBLE]
04-12 20:40:39.728000  3112  3112 I auditd  : type=1400 audit(0.0:343): avc:  denied  { read } for  comm="keyguardgesture" name="u:object_r:qemu_hw_prop:s0" dev="tmpfs" ino=396 scontext=u:r:system_app:s0 tcontext=u:object_r:qemu_hw_prop:s0 tclass=file permissive=0
04-12 20:40:39.740000   504   504 I auditd  : type=1400 audit(0.0:344): avc:  denied  { read } for  comm="logd.writer" name="u:object_r:bluetooth_prop:s0" dev="tmpfs" ino=173 scontext=u:r:logd:s0 tcontext=u:object_r:bluetooth_prop:s0 tclass=file permissive=0
04-12 20:40:39.740000   504   504 I auditd  : type=1400 audit(0.0:345): avc:  denied  { read } for  comm="logd.writer" name="u:object_r:bluetooth_prop:s0" dev="tmpfs" ino=173 scontext=u:r:logd:s0 tcontext=u:object_r:bluetooth_prop:s0 tclass=file permissive=0
04-12 20:40:39.756051  1688  1870 I am_wtf  : [0,1688,system_server,-1,ActivityManager,Background started FGS: Allowed [callingPackage: android; callingUid: 1000; uidState: PER ; uidBFSL: [BFSL]; intent: Intent { act=init xflg=0x4 cmp=com.transsion.microintelligence/com.transsion.keyguardgesture.service.KeyguardGestureService }; code:PROC_STATE_PERSISTENT; tempAllowListReason:<null>; allowWiu:10; targetSdkVersion:35; callerTargetSdkVersion:36; startForegroundCount:0; bindFromPackage:null: isBindService:false]]
04-12 20:40:39.756732  1688  2442 I am_foreground_service_start: [0,com.transsion.microintelligence/com.transsion.keyguardgesture.service.KeyguardGestureService,1,PROC_STATE_PERSISTENT,35,36,0,0,0,1,UNKNOWN,128]
04-12 20:40:39.760000   504   504 I auditd  : type=1400 audit(0.0:346): avc:  denied  { read } for  comm="logd.writer" name="u:object_r:bluetooth_prop:s0" dev="tmpfs" ino=173 scontext=u:r:logd:s0 tcontext=u:object_r:bluetooth_prop:s0 tclass=file permissive=0
04-12 20:40:39.767807  1688  2164 I notification_cancel_all: [1000,1688,com.transsion.microintelligence,0,0,0,17,NULL]
04-12 20:40:39.769724  1688  2164 I notification_cancel_all: [1000,1688,com.transsion.microintelligence,0,0,0,17,NULL]
04-12 20:40:39.772000  2854  2854 I auditd  : type=1400 audit(0.0:347): avc:  denied  { read } for  comm="tne_dumpstate" name="pl_lk" dev="proc" ino=4026532219 scontext=u:r:dumpstate:s0 tcontext=u:object_r:proc_pl_lk:s0 tclass=file permissive=0
04-12 20:40:39.772000  2854  2854 I auditd  : type=1400 audit(0.0:348): avc:  denied  { open } for  comm="tne_dumpstate" path="/proc/uid_io/stats" dev="proc" ino=4026531866 scontext=u:r:dumpstate:s0 tcontext=u:object_r:proc_uid_io_stats:s0 tclass=file permissive=0
04-12 20:40:39.800000  3052  3052 I auditd  : type=1400 audit(0.0:349): avc:  denied  { map } for  comm="ndroid.settings" path="/dev/__properties__/u:object_r:vendor_irtx_prop:s0" dev="tmpfs" ino=614 scontext=u:r:system_app:s0 tcontext=u:object_r:vendor_irtx_prop:s0 tclass=file permissive=0
04-12 20:40:39.804000  3052  3052 I auditd  : type=1400 audit(0.0:350): avc:  denied  { read } for  comm="ndroid.settings" name="u:object_r:qemu_hw_prop:s0" dev="tmpfs" ino=396 scontext=u:r:system_app:s0 tcontext=u:object_r:qemu_hw_prop:s0 tclass=file permissive=0
04-12 20:40:39.828000   504   504 I auditd  : type=1400 audit(0.0:351): avc:  denied  { read } for  comm="logd.writer" name="u:object_r:bluetooth_prop:s0" dev="tmpfs" ino=173 scontext=u:r:logd:s0 tcontext=u:object_r:bluetooth_prop:s0 tclass=file permissive=0
04-12 20:40:39.832000   504   504 I auditd  : type=1400 audit(0.0:352): avc:  denied  { read } for  comm="logd.writer" name="u:object_r:bluetooth_prop:s0" dev="tmpfs" ino=173 scontext=u:r:logd:s0 tcontext=u:object_r:bluetooth_prop:s0 tclass=file permissive=0
04-12 20:40:39.832000   504   504 I auditd  : type=1400 audit(0.0:353): avc:  denied  { read } for  comm="logd.writer" name="u:object_r:bluetooth_prop:s0" dev="tmpfs" ino=173 scontext=u:r:logd:s0 tcontext=u:object_r:bluetooth_prop:s0 tclass=file permissive=0
04-12 20:40:39.836000   504   504 I auditd  : type=1400 audit(0.0:354): avc:  denied  { read } for  comm="logd.writer" name="u:object_r:bluetooth_prop:s0" dev="tmpfs" ino=173 scontext=u:r:logd:s0 tcontext=u:object_r:bluetooth_prop:s0 tclass=file permissive=0
04-12 20:40:39.836000   504   504 I auditd  : type=1400 audit(0.0:355): avc:  denied  { read } for  comm="logd.writer" name="u:object_r:bluetooth_prop:s0" dev="tmpfs" ino=173 scontext=u:r:logd:s0 tcontext=u:object_r:bluetooth_prop:s0 tclass=file permissive=0
04-12 20:40:39.836000   504   504 I auditd  : type=1400 audit(0.0:356): avc:  denied  { read } for  comm="logd.writer" name="u:object_r:bluetooth_prop:s0" dev="tmpfs" ino=173 scontext=u:r:logd:s0 tcontext=u:object_r:bluetooth_prop:s0 tclass=file permissive=0
04-12 20:40:39.836000   504   504 I auditd  : type=1400 audit(0.0:357): avc:  denied  { read } for  comm="logd.writer" name="u:object_r:bluetooth_prop:s0" dev="tmpfs" ino=173 scontext=u:r:logd:s0 tcontext=u:object_r:bluetooth_prop:s0 tclass=file permissive=0
04-12 20:40:39.836000   504   504 I auditd  : type=1400 audit(0.0:358): avc:  denied  { read } for  comm="logd.writer" name="u:object_r:bluetooth_prop:s0" dev="tmpfs" ino=173 scontext=u:r:logd:s0 tcontext=u:object_r:bluetooth_prop:s0 tclass=file permissive=0
04-12 20:40:39.836000   504   504 I auditd  : type=1400 audit(0.0:359): avc:  denied  { read } for  comm="logd.writer" name="u:object_r:bluetooth_prop:s0" dev="tmpfs" ino=173 scontext=u:r:logd:s0 tcontext=u:object_r:bluetooth_prop:s0 tclass=file permissive=0
04-12 20:40:39.840000   504   504 I auditd  : type=1400 audit(0.0:360): avc:  denied  { read } for  comm="logd.writer" name="u:object_r:bluetooth_prop:s0" dev="tmpfs" ino=173 scontext=u:r:logd:s0 tcontext=u:object_r:bluetooth_prop:s0 tclass=file permissive=0
04-12 20:40:39.840000   504   504 I auditd  : type=1400 audit(0.0:361): avc:  denied  { read } for  comm="logd.writer" name="u:object_r:bluetooth_prop:s0" dev="tmpfs" ino=173 scontext=u:r:logd:s0 tcontext=u:object_r:bluetooth_prop:s0 tclass=file permissive=0
04-12 20:40:39.840000   504   504 I auditd  : type=1400 audit(0.0:362): avc:  denied  { read } for  comm="logd.writer" name="u:object_r:bluetooth_prop:s0" dev="tmpfs" ino=173 scontext=u:r:logd:s0 tcontext=u:object_r:bluetooth_prop:s0 tclass=file permissive=0
04-12 20:40:39.848000   504   504 I auditd  : type=1400 audit(0.0:363): avc:  denied  { read } for  comm="logd.writer" name="u:object_r:bluetooth_prop:s0" dev="tmpfs" ino=173 scontext=u:r:logd:s0 tcontext=u:object_r:bluetooth_prop:s0 tclass=file permissive=0
04-12 20:40:39.864000   504   504 I auditd  : type=1400 audit(0.0:364): avc:  denied  { read } for  comm="logd.writer" name="u:object_r:bluetooth_prop:s0" dev="tmpfs" ino=173 scontext=u:r:logd:s0 tcontext=u:object_r:bluetooth_prop:s0 tclass=file permissive=0
04-12 20:40:39.864000   504   504 I auditd  : type=1400 audit(0.0:365): avc:  denied  { read } for  comm="logd.writer" name="u:object_r:bluetooth_prop:s0" dev="tmpfs" ino=173 scontext=u:r:logd:s0 tcontext=u:object_r:bluetooth_prop:s0 tclass=file permissive=0
04-12 20:40:39.876000  2571  2571 I auditd  : type=1400 audit(0.0:367): avc:  denied  { read } for  comm="droid.bluetooth" name="u:object_r:transsion_vendor_prop:s0" dev="tmpfs" ino=588 scontext=u:r:bluetooth:s0 tcontext=u:object_r:transsion_vendor_prop:s0 tclass=file permissive=0
04-12 20:40:39.876000  2571  2571 I auditd  : type=1400 audit(0.0:368): avc:  denied  { read } for  comm="droid.bluetooth" name="u:object_r:vendor_irtx_prop:s0" dev="tmpfs" ino=614 scontext=u:r:bluetooth:s0 tcontext=u:object_r:vendor_irtx_prop:s0 tclass=file permissive=0
04-12 20:40:39.876000  2571  2571 I auditd  : type=1400 audit(0.0:369): avc:  denied  { read } for  comm="droid.bluetooth" name="u:object_r:qemu_hw_prop:s0" dev="tmpfs" ino=396 scontext=u:r:bluetooth:s0 tcontext=u:object_r:qemu_hw_prop:s0 tclass=file permissive=0
04-12 20:40:39.896000   504   504 I auditd  : type=1400 audit(0.0:370): avc:  denied  { read } for  comm="logd.writer" name="u:object_r:bluetooth_prop:s0" dev="tmpfs" ino=173 scontext=u:r:logd:s0 tcontext=u:object_r:bluetooth_prop:s0 tclass=file permissive=0
04-12 20:40:39.916000   504   504 I auditd  : type=1400 audit(0.0:372): avc:  denied  { read } for  comm="logd.writer" name="u:object_r:bluetooth_prop:s0" dev="tmpfs" ino=173 scontext=u:r:logd:s0 tcontext=u:object_r:bluetooth_prop:s0 tclass=file permissive=0
04-12 20:40:39.916000   504   504 I auditd  : type=1400 audit(0.0:373): avc:  denied  { read } for  comm="logd.writer" name="u:object_r:bluetooth_prop:s0" dev="tmpfs" ino=173 scontext=u:r:logd:s0 tcontext=u:object_r:bluetooth_prop:s0 tclass=file permissive=0
04-12 20:40:39.916000   504   504 I auditd  : type=1400 audit(0.0:374): avc:  denied  { read } for  comm="logd.writer" name="u:object_r:bluetooth_prop:s0" dev="tmpfs" ino=173 scontext=u:r:logd:s0 tcontext=u:object_r:bluetooth_prop:s0 tclass=file permissive=0
04-12 20:40:39.927868  1688  2277 I wm_set_requested_orientation: [5,com.transsion.launcher3/com.android.launcher3.uioverrides.QuickstepLauncher]
04-12 20:40:39.928271  1688  1870 I am_uid_running: 10274
04-12 20:40:39.950553  3112  3112 I viewroot_draw_event: [VRI[],Not drawing due to not visible. Reason=View.GONE]
04-12 20:40:39.955946  1688  2164 I notification_cancel_all: [1000,1688,com.transsion.microintelligence,0,0,0,17,NULL]
04-12 20:40:39.955986  1688  2164 I notification_cancel_all: [1000,1688,com.transsion.microintelligence,0,0,0,17,NULL]
04-12 20:40:39.968000   504   504 I auditd  : type=1400 audit(0.0:375): avc:  denied  { read } for  comm="logd.writer" name="u:object_r:bluetooth_prop:s0" dev="tmpfs" ino=173 scontext=u:r:logd:s0 tcontext=u:object_r:bluetooth_prop:s0 tclass=file permissive=0
04-12 20:40:39.968000   504   504 I auditd  : type=1400 audit(0.0:376): avc:  denied  { read } for  comm="logd.writer" name="u:object_r:bluetooth_prop:s0" dev="tmpfs" ino=173 scontext=u:r:logd:s0 tcontext=u:object_r:bluetooth_prop:s0 tclass=file permissive=0
04-12 20:40:39.968000   504   504 I auditd  : type=1400 audit(0.0:377): avc:  denied  { read } for  comm="logd.writer" name="u:object_r:bluetooth_prop:s0" dev="tmpfs" ino=173 scontext=u:r:logd:s0 tcontext=u:object_r:bluetooth_prop:s0 tclass=file permissive=0
04-12 20:40:39.968000   504   504 I auditd  : type=1400 audit(0.0:378): avc:  denied  { read } for  comm="logd.writer" name="u:object_r:bluetooth_prop:s0" dev="tmpfs" ino=173 scontext=u:r:logd:s0 tcontext=u:object_r:bluetooth_prop:s0 tclass=file permissive=0
04-12 20:40:39.968000   504   504 I auditd  : type=1400 audit(0.0:379): avc:  denied  { read } for  comm="logd.writer" name="u:object_r:bluetooth_prop:s0" dev="tmpfs" ino=173 scontext=u:r:logd:s0 tcontext=u:object_r:bluetooth_prop:s0 tclass=file permissive=0
04-12 20:40:39.975760  1688  1871 I am_proc_start: [0,3227,10274,com.google.android.cellbroadcastreceiver,broadcast,{com.google.android.cellbroadcastreceiver/com.android.cellbroadcastreceiver.CellBroadcastReceiver},caller=com.android.phone/1001,action = android.telephony.action.DEFAULT_SMS_SUBSCRIPTION_CHANGED]
04-12 20:40:39.978101   508   508 I auditd  : avc:  denied  { add } for pid=2579 uid=1001 name=gwsdtest scontext=u:r:radio:s0 tcontext=u:object_r:default_android_service:s0 tclass=service_manager permissive=0
04-12 20:40:39.984000   504   504 I auditd  : type=1400 audit(0.0:380): avc:  denied  { read } for  comm="logd.writer" name="u:object_r:bluetooth_prop:s0" dev="tmpfs" ino=173 scontext=u:r:logd:s0 tcontext=u:object_r:bluetooth_prop:s0 tclass=file permissive=0
04-12 20:40:39.984000   504   504 I auditd  : type=1400 audit(0.0:381): avc:  denied  { read } for  comm="logd.writer" name="u:object_r:bluetooth_prop:s0" dev="tmpfs" ino=173 scontext=u:r:logd:s0 tcontext=u:object_r:bluetooth_prop:s0 tclass=file permissive=0
04-12 20:40:39.984000   504   504 I auditd  : type=1400 audit(0.0:382): avc:  denied  { read } for  comm="logd.writer" name="u:object_r:bluetooth_prop:s0" dev="tmpfs" ino=173 scontext=u:r:logd:s0 tcontext=u:object_r:bluetooth_prop:s0 tclass=file permissive=0
04-12 20:40:39.999753  1688  2164 I notification_cancel_all: [1000,1688,com.transsion.microintelligence,0,0,0,17,NULL]
04-12 20:40:39.999910  1688  2164 I notification_cancel_all: [1000,1688,com.transsion.microintelligence,0,0,0,17,NULL]
04-12 20:40:40.014456  1688  2281 I am_proc_bound: [0,3227,com.google.android.cellbroadcastreceiver]
04-12 20:40:40.020000  3227  3227 I auditd  : type=1400 audit(0.0:383): avc:  denied  { read write } for  comm="re-initialized>" name="ensignal" dev="tmpfs" ino=2080 scontext=u:r:priv_app:s0:c512,c768 tcontext=u:object_r:ensignal_device:s0 tclass=chr_file permissive=0 app=com.google.android.cellbroadcastreceiver
04-12 20:40:40.024441  1688  1821 I commit_sys_config_file: [notification-policy,5]
04-12 20:40:40.024000  3227  3227 I auditd  : type=1400 audit(0.0:384): avc:  denied  { read write } for  comm="re-initialized>" name="ensignal" dev="tmpfs" ino=2080 scontext=u:r:priv_app:s0:c512,c768 tcontext=u:object_r:ensignal_device:s0 tclass=chr_file permissive=0 app=com.google.android.cellbroadcastreceiver
04-12 20:40:40.060000   504   504 I auditd  : type=1400 audit(0.0:385): avc:  denied  { read } for  comm="logd.writer" name="u:object_r:bluetooth_prop:s0" dev="tmpfs" ino=173 scontext=u:r:logd:s0 tcontext=u:object_r:bluetooth_prop:s0 tclass=file permissive=0
04-12 20:40:40.080000   504   504 I auditd  : type=1400 audit(0.0:386): avc:  denied  { read } for  comm="logd.writer" name="u:object_r:bluetooth_prop:s0" dev="tmpfs" ino=173 scontext=u:r:logd:s0 tcontext=u:object_r:bluetooth_prop:s0 tclass=file permissive=0
04-12 20:40:40.100535  2579  2892 I dvm_lock_sample: [com.android.phone,0,DeviceStateHelperThread,954,PhoneFactory.java,432,com.android.internal.telephony.Phone[] com.android.internal.telephony.PhoneFactory.getPhones(),-,510,com.android.internal.telephony.CommandsInterface[] com.android.internal.telephony.PhoneFactory.getCommandsInterfaces(),100]
04-12 20:40:40.101146  2579  3020 I dvm_lock_sample: [com.android.phone,0,Thread-2,673,PhoneFactory.java,509,com.android.internal.telephony.CommandsInterface[] com.android.internal.telephony.PhoneFactory.getCommandsInterfaces(),-,510,com.android.internal.telephony.CommandsInterface[] com.android.internal.telephony.PhoneFactory.getCommandsInterfaces(),100]
04-12 20:40:40.100000   504   504 I auditd  : type=1400 audit(0.0:387): avc:  denied  { read } for  comm="logd.writer" name="u:object_r:bluetooth_prop:s0" dev="tmpfs" ino=173 scontext=u:r:logd:s0 tcontext=u:object_r:bluetooth_prop:s0 tclass=file permissive=0
04-12 20:40:40.100000   504   504 I auditd  : type=1400 audit(0.0:388): avc:  denied  { read } for  comm="logd.writer" name="u:object_r:bluetooth_prop:s0" dev="tmpfs" ino=173 scontext=u:r:logd:s0 tcontext=u:object_r:bluetooth_prop:s0 tclass=file permissive=0
04-12 20:40:40.100000   504   504 I auditd  : type=1400 audit(0.0:389): avc:  denied  { read } for  comm="logd.writer" name="u:object_r:bluetooth_prop:s0" dev="tmpfs" ino=173 scontext=u:r:logd:s0 tcontext=u:object_r:bluetooth_prop:s0 tclass=file permissive=0
04-12 20:40:40.115408  2579  3274 I service_manager_stats: [100,115,20922]
04-12 20:40:40.144000   504   504 I auditd  : type=1400 audit(0.0:390): avc:  denied  { read } for  comm="logd.writer" name="u:object_r:bluetooth_prop:s0" dev="tmpfs" ino=173 scontext=u:r:logd:s0 tcontext=u:object_r:bluetooth_prop:s0 tclass=file permissive=0
04-12 20:40:40.144000   504   504 I auditd  : type=1400 audit(0.0:391): avc:  denied  { read } for  comm="logd.writer" name="u:object_r:bluetooth_prop:s0" dev="tmpfs" ino=173 scontext=u:r:logd:s0 tcontext=u:object_r:bluetooth_prop:s0 tclass=file permissive=0
04-12 20:40:40.148649  1688  1870 I am_wtf  : [0,1688,system_server,-1,ActivityManager,Background started FGS: Allowed [callingPackage: com.android.phone; callingUid: 1001; uidState: PER ; uidBFSL: [BFSL]; intent: Intent { act=com.mediatek.simprocessor.SimProcessorService xflg=0x4 pkg=com.mediatek.simprocessor (has extras) }; code:PROC_STATE_PERSISTENT; tempAllowListReason:<,reasonCode:SYSTEM_ALLOW_LISTED,duration:9223372036854775807,callingUid:-1>; allowWiu:10; targetSdkVersion:36; callerTargetSdkVersion:36; startForegroundCount:0; bindFromPackage:null: isBindService:false]]
04-12 20:40:40.180000   504   504 I auditd  : type=1400 audit(0.0:392): avc:  denied  { read } for  comm="logd.writer" name="u:object_r:bluetooth_prop:s0" dev="tmpfs" ino=173 scontext=u:r:logd:s0 tcontext=u:object_r:bluetooth_prop:s0 tclass=file permissive=0
04-12 20:40:40.180000   504   504 I auditd  : type=1400 audit(0.0:393): avc:  denied  { read } for  comm="logd.writer" name="u:object_r:bluetooth_prop:s0" dev="tmpfs" ino=173 scontext=u:r:logd:s0 tcontext=u:object_r:bluetooth_prop:s0 tclass=file permissive=0
04-12 20:40:40.197002  1688  1871 I am_proc_start: [0,3294,1000,com.mediatek.simprocessor,service,{com.mediatek.simprocessor/com.mediatek.simprocessor.SimProcessorService},caller=com.android.phone/1001]
04-12 20:40:40.208000   504   504 I auditd  : type=1400 audit(0.0:394): avc:  denied  { read } for  comm="logd.writer" name="u:object_r:bluetooth_prop:s0" dev="tmpfs" ino=173 scontext=u:r:logd:s0 tcontext=u:object_r:bluetooth_prop:s0 tclass=file permissive=0
04-12 20:40:40.224000   504   504 I auditd  : type=1400 audit(0.0:397): avc:  denied  { read } for  comm="logd.writer" name="u:object_r:bluetooth_prop:s0" dev="tmpfs" ino=173 scontext=u:r:logd:s0 tcontext=u:object_r:bluetooth_prop:s0 tclass=file permissive=0
04-12 20:40:40.234855  1688  3032 I am_proc_bound: [0,3294,com.mediatek.simprocessor]
04-12 20:40:40.256000  3294  3294 I auditd  : type=1400 audit(0.0:398): avc:  denied  { read write } for  comm="re-initialized>" name="ensignal" dev="tmpfs" ino=2080 scontext=u:r:system_app:s0 tcontext=u:object_r:ensignal_device:s0 tclass=chr_file permissive=0
04-12 20:40:40.256000  3294  3294 I auditd  : type=1400 audit(0.0:399): avc:  denied  { read write } for  comm="re-initialized>" name="ensignal" dev="tmpfs" ino=2080 scontext=u:r:system_app:s0 tcontext=u:object_r:ensignal_device:s0 tclass=chr_file permissive=0
04-12 20:40:40.296000   504   504 I auditd  : type=1400 audit(0.0:400): avc:  denied  { read } for  comm="logd.writer" name="u:object_r:bluetooth_prop:s0" dev="tmpfs" ino=173 scontext=u:r:logd:s0 tcontext=u:object_r:bluetooth_prop:s0 tclass=file permissive=0
04-12 20:40:40.296000   504   504 I auditd  : type=1400 audit(0.0:401): avc:  denied  { read } for  comm="logd.writer" name="u:object_r:bluetooth_prop:s0" dev="tmpfs" ino=173 scontext=u:r:logd:s0 tcontext=u:object_r:bluetooth_prop:s0 tclass=file permissive=0
04-12 20:40:40.296000   504   504 I auditd  : type=1400 audit(0.0:402): avc:  denied  { read } for  comm="logd.writer" name="u:object_r:bluetooth_prop:s0" dev="tmpfs" ino=173 scontext=u:r:logd:s0 tcontext=u:object_r:bluetooth_prop:s0 tclass=file permissive=0
04-12 20:40:40.300000   504   504 I auditd  : type=1400 audit(0.0:403): avc:  denied  { read } for  comm="logd.writer" name="u:object_r:bluetooth_prop:s0" dev="tmpfs" ino=173 scontext=u:r:logd:s0 tcontext=u:object_r:bluetooth_prop:s0 tclass=file permissive=0
04-12 20:40:40.300000   504   504 I auditd  : type=1400 audit(0.0:404): avc:  denied  { read } for  comm="logd.writer" name="u:object_r:bluetooth_prop:s0" dev="tmpfs" ino=173 scontext=u:r:logd:s0 tcontext=u:object_r:bluetooth_prop:s0 tclass=file permissive=0
04-12 20:40:40.325555  1688  2002 I commit_sys_config_file: [settings-0-0,3]
04-12 20:40:40.331795  1688  1870 I am_uid_running: 10232
04-12 20:40:40.360555  1688  3032 I am_foreground_service_start: [0,com.mediatek.simprocessor/.SimProcessorService,1,PROC_STATE_PERSISTENT,36,36,0,0,0,1,UNKNOWN,1073741824]
04-12 20:40:40.368540  1688  1823 I wm_wallpaper_surface: [0,0,Window{ebafc39 u0 com.transsion.launcher3/com.android.launcher3.uioverrides.QuickstepLauncher}]
04-12 20:40:40.368792  1688  1823 I wm_wallpaper_surface: [0,1,Window{ebafc39 u0 com.transsion.launcher3/com.android.launcher3.uioverrides.QuickstepLauncher}]
04-12 20:40:40.377745  1688  1871 I am_proc_start: [0,2369,10232,com.google.android.gms.persistent,broadcast,{com.google.android.gms/com.google.android.gms.chimera.GmsIntentOperationService$PersistentTrustedReceiver},caller=com.android.bluetooth/1002,action = android.bluetooth.headset.profile.action.ACTIVE_DEVICE_CHANGED]
04-12 20:40:40.389575  1688  3322 I am_proc_bound: [0,2369,com.google.android.gms.persistent]
04-12 20:40:40.396000  2369  2369 I auditd  : type=1400 audit(0.0:405): avc:  denied  { read write } for  comm="re-initialized>" name="ensignal" dev="tmpfs" ino=2080 scontext=u:r:gmscore_app:s0:c512,c768 tcontext=u:object_r:ensignal_device:s0 tclass=chr_file permissive=0 app=com.google.android.gms
04-12 20:40:40.396000  2369  2369 I auditd  : type=1400 audit(0.0:406): avc:  denied  { search } for  comm="binder:2369_2" name="/" dev="sdc87" ino=2 scontext=u:r:gmscore_app:s0:c512,c768 tcontext=u:object_r:tranfs_file:s0 tclass=dir permissive=0 app=com.google.android.gms
04-12 20:40:40.410250  1688  2282 I dvm_lock_sample: [system_server,1,binder:1688_8,19,ContentProviderHelper.java,207,android.app.ContentProviderHolder com.android.server.am.ContentProviderHelper.getContentProviderImpl(android.app.IApplicationThread, java.lang.String, android.os.IBinder, int, java.lang.String, java.lang.String, boolean, int),,0,null,3]
04-12 20:40:40.417063  1688  2164 I notification_enqueue: [1000,3294,com.mediatek.simprocessor,404,NULL,0,Notification(channel=simprocessor_channel shortcut=null contentView=null vibrate=null sound=null defaults=0 flags=FOREGROUND_SERVICE|CAN_COLORIZE color=0x00000000 vis=PRIVATE),0,1]
04-12 20:40:40.422084  1688  2164 I sysui_multi_action: [757,1501,758,1,793,11,794,0,795,11,796,404,806,com.mediatek.simprocessor,857,simprocessor_channel,858,2,947,0,1500,0]
04-12 20:40:40.423528  1688  2164 I sysui_multi_action: [757,804,799,note_interruptive,801,0,802,1]
04-12 20:40:40.432000   504   504 I auditd  : type=1400 audit(0.0:407): avc:  denied  { read } for  comm="logd.writer" name="u:object_r:bluetooth_prop:s0" dev="tmpfs" ino=173 scontext=u:r:logd:s0 tcontext=u:object_r:bluetooth_prop:s0 tclass=file permissive=0
04-12 20:40:40.432000   504   504 I auditd  : type=1400 audit(0.0:408): avc:  denied  { read } for  comm="logd.writer" name="u:object_r:bluetooth_prop:s0" dev="tmpfs" ino=173 scontext=u:r:logd:s0 tcontext=u:object_r:bluetooth_prop:s0 tclass=file permissive=0
04-12 20:40:40.432000   504   504 I auditd  : type=1400 audit(0.0:409): avc:  denied  { read } for  comm="logd.writer" name="u:object_r:bluetooth_prop:s0" dev="tmpfs" ino=173 scontext=u:r:logd:s0 tcontext=u:object_r:bluetooth_prop:s0 tclass=file permissive=0
04-12 20:40:40.432000   504   504 I auditd  : type=1400 audit(0.0:410): avc:  denied  { read } for  comm="logd.writer" name="u:object_r:bluetooth_prop:s0" dev="tmpfs" ino=173 scontext=u:r:logd:s0 tcontext=u:object_r:bluetooth_prop:s0 tclass=file permissive=0
04-12 20:40:40.432000   504   504 I auditd  : type=1400 audit(0.0:412): avc:  denied  { read } for  comm="logd.writer" name="u:object_r:bluetooth_prop:s0" dev="tmpfs" ino=173 scontext=u:r:logd:s0 tcontext=u:object_r:bluetooth_prop:s0 tclass=file permissive=0
04-12 20:40:40.436000   504   504 I auditd  : type=1400 audit(0.0:413): avc:  denied  { read } for  comm="logd.writer" name="u:object_r:bluetooth_prop:s0" dev="tmpfs" ino=173 scontext=u:r:logd:s0 tcontext=u:object_r:bluetooth_prop:s0 tclass=file permissive=0
04-12 20:40:40.436000   504   504 I auditd  : type=1400 audit(0.0:414): avc:  denied  { read } for  comm="logd.writer" name="u:object_r:bluetooth_prop:s0" dev="tmpfs" ino=173 scontext=u:r:logd:s0 tcontext=u:object_r:bluetooth_prop:s0 tclass=file permissive=0
04-12 20:40:40.436000   504   504 I auditd  : type=1400 audit(0.0:415): avc:  denied  { read } for  comm="logd.writer" name="u:object_r:bluetooth_prop:s0" dev="tmpfs" ino=173 scontext=u:r:logd:s0 tcontext=u:object_r:bluetooth_prop:s0 tclass=file permissive=0
04-12 20:40:40.436801  1688  2164 I sysui_multi_action: [757,199,758,1,759,16,793,25,794,0,795,25,796,404,806,com.mediatek.simprocessor,857,simprocessor_channel,858,2,947,0,1500,14,1688,1]
04-12 20:40:40.440502  1688  2164 I notification_alert: [0|com.mediatek.simprocessor|404|null|1000,0,0,0,2,0]
04-12 20:40:40.436000   504   504 I auditd  : type=1400 audit(0.0:416): avc:  denied  { read } for  comm="logd.writer" name="u:object_r:bluetooth_prop:s0" dev="tmpfs" ino=173 scontext=u:r:logd:s0 tcontext=u:object_r:bluetooth_prop:s0 tclass=file permissive=0
04-12 20:40:40.440000   504   504 I auditd  : type=1400 audit(0.0:417): avc:  denied  { read } for  comm="logd.writer" name="u:object_r:bluetooth_prop:s0" dev="tmpfs" ino=173 scontext=u:r:logd:s0 tcontext=u:object_r:bluetooth_prop:s0 tclass=file permissive=0
04-12 20:40:40.474576  1688  1955 I sysui_multi_action: [757,127,758,2]
04-12 20:40:40.474944  1688  1955 I notification_panel_hidden: 
04-12 20:40:40.480000   504   504 I auditd  : type=1400 audit(0.0:418): avc:  denied  { read } for  comm="logd.writer" name="u:object_r:bluetooth_prop:s0" dev="tmpfs" ino=173 scontext=u:r:logd:s0 tcontext=u:object_r:bluetooth_prop:s0 tclass=file permissive=0
04-12 20:40:40.480000   504   504 I auditd  : type=1400 audit(0.0:419): avc:  denied  { read } for  comm="logd.writer" name="u:object_r:bluetooth_prop:s0" dev="tmpfs" ino=173 scontext=u:r:logd:s0 tcontext=u:object_r:bluetooth_prop:s0 tclass=file permissive=0
04-12 20:40:40.480000   504   504 I auditd  : type=1400 audit(0.0:420): avc:  denied  { read } for  comm="logd.writer" name="u:object_r:bluetooth_prop:s0" dev="tmpfs" ino=173 scontext=u:r:logd:s0 tcontext=u:object_r:bluetooth_prop:s0 tclass=file permissive=0
04-12 20:40:40.480000   504   504 I auditd  : type=1400 audit(0.0:421): avc:  denied  { read } for  comm="logd.writer" name="u:object_r:bluetooth_prop:s0" dev="tmpfs" ino=173 scontext=u:r:logd:s0 tcontext=u:object_r:bluetooth_prop:s0 tclass=file permissive=0
04-12 20:40:40.480000   504   504 I auditd  : type=1400 audit(0.0:422): avc:  denied  { read } for  comm="logd.writer" name="u:object_r:bluetooth_prop:s0" dev="tmpfs" ino=173 scontext=u:r:logd:s0 tcontext=u:object_r:bluetooth_prop:s0 tclass=file permissive=0
04-12 20:40:40.484000   504   504 I auditd  : type=1400 audit(0.0:423): avc:  denied  { read } for  comm="logd.writer" name="u:object_r:bluetooth_prop:s0" dev="tmpfs" ino=173 scontext=u:r:logd:s0 tcontext=u:object_r:bluetooth_prop:s0 tclass=file permissive=0
04-12 20:40:40.488000   504   504 I auditd  : type=1400 audit(0.0:424): avc:  denied  { read } for  comm="logd.writer" name="u:object_r:bluetooth_prop:s0" dev="tmpfs" ino=173 scontext=u:r:logd:s0 tcontext=u:object_r:bluetooth_prop:s0 tclass=file permissive=0
04-12 20:40:40.488000   504   504 I auditd  : type=1400 audit(0.0:425): avc:  denied  { read } for  comm="logd.writer" name="u:object_r:bluetooth_prop:s0" dev="tmpfs" ino=173 scontext=u:r:logd:s0 tcontext=u:object_r:bluetooth_prop:s0 tclass=file permissive=0
04-12 20:40:40.496000   504   504 I auditd  : type=1400 audit(0.0:427): avc:  denied  { read } for  comm="logd.writer" name="u:object_r:bluetooth_prop:s0" dev="tmpfs" ino=173 scontext=u:r:logd:s0 tcontext=u:object_r:bluetooth_prop:s0 tclass=file permissive=0
04-12 20:40:40.496000   504   504 I auditd  : type=1400 audit(0.0:428): avc:  denied  { read } for  comm="logd.writer" name="u:object_r:bluetooth_prop:s0" dev="tmpfs" ino=173 scontext=u:r:logd:s0 tcontext=u:object_r:bluetooth_prop:s0 tclass=file permissive=0
04-12 20:40:40.496000   504   504 I auditd  : type=1400 audit(0.0:429): avc:  denied  { read } for  comm="logd.writer" name="u:object_r:bluetooth_prop:s0" dev="tmpfs" ino=173 scontext=u:r:logd:s0 tcontext=u:object_r:bluetooth_prop:s0 tclass=file permissive=0
04-12 20:40:40.516923  2365  2365 I liblog  : 16
04-12 20:40:40.517123  2365  2365 I liblog  : 11
04-12 20:40:40.517249  2365  2365 I liblog  : 2
04-12 20:40:40.582567  2698  3332 I viewroot_draw_event: [VRI[TrEdgeBackGestureHandler0],Not drawing due to not visible. Reason=View.GONE]
04-12 20:40:40.599643  1688  1954 I wm_set_keyguard_shown: [0,1,0,0,0,setKeyguardShown]
