04-12 20:40:40.543729  2579  2579 D MTKSST  : [GsmSST0] updateCarrierDisplayName: satellitePlmn=null
04-12 20:40:40.547379  2579  2579 D MTKSST  : [GsmSST0] updateCarrierDisplayName: radio is on but out of service, set plmn='没有服务'
04-12 20:40:40.547446  2579  2579 D MTKSST  : [GsmSST0] updateCarrierDisplayName: rawSpn = 
04-12 20:40:40.547524  2579  2579 D MTKSST  : [GsmSST0] updateSpnDisplay: rule = 2
04-12 20:40:40.547565  2579  2579 D MTKSST  : [GsmSST0] TDD updateSpnDisplay mSS.getOperatorNumeric() = null
04-12 20:40:40.547700  2579  2579 D MTKSST  : [GsmSST0] TDD getNumeric simNumeric = , operatorNumeric = null
04-12 20:40:40.547731  2579  2579 D MTKSST  : [GsmSST0] TDD currentMccEqualsSimMcc simNumeric = , operatorNumeric = null
04-12 20:40:40.547922  2579  2944 I RILJ    : [0058]< SET_SIGNAL_STRENGTH_REPORTING_CRITERIA error 1 [PHONE0]
04-12 20:40:40.548045  2579  2944 D RilRequest: [0058]< SET_SIGNAL_STRENGTH_REPORTING_CRITERIA error: com.android.internal.telephony.CommandException: RADIO_NOT_AVAILABLE ret= result=null
04-12 20:40:40.548339  2579  2579 D MTKSST  : [GsmSST0] notifyCarrierDisplayNameDataChanged: changed sending intent, rule=2, CarrierDisplayNameData={ spn = null, dataSpn = , showSpn = false, plmn = 没有服务, showPlmn = true, subId=-1
04-12 20:40:40.553368  2579  2579 D NRM-C-0 : Trying to bind com.android.phone for transport WWAN
04-12 20:40:40.563331  2579  2650 I RILJ    : responseIccCardStatus: from AIDL: IccCardState {CARDSTATE_ABSENT,PINSTATE_UNKNOWN,num_apps=0,gsm_id=-1,cdma_id=-1,ims_id=-1,atr=,iccid=,eid=,SupportedMepMode=NONE,SlotPortMapping={physicalSlotIndex=1, portIndex=0}} [PHONE1]
04-12 20:40:40.563396  2579  2650 I RILJ    : [0045]< GET_SIM_STATUS IccCardState {CARDSTATE_ABSENT,PINSTATE_UNKNOWN,num_apps=0,gsm_id=-1,cdma_id=-1,ims_id=-1,atr=,iccid=,eid=,SupportedMepMode=NONE,SlotPortMapping={physicalSlotIndex=1, portIndex=0}} [PHONE1]
04-12 20:40:40.563501  2579  2650 I RILJ    : responseIccCardStatus: from AIDL: IccCardState {CARDSTATE_ABSENT,PINSTATE_UNKNOWN,num_apps=0,gsm_id=-1,cdma_id=-1,ims_id=-1,atr=,iccid=,eid=,SupportedMepMode=NONE,SlotPortMapping={physicalSlotIndex=1, portIndex=0}} [PHONE1]
04-12 20:40:40.565292  2579  2579 D NRM-I-0 : Trying to bind com.android.phone for transport WLAN
04-12 20:40:40.570500  2579  2650 I RILJ    : [0048]< GET_SIM_STATUS IccCardState {CARDSTATE_ABSENT,PINSTATE_UNKNOWN,num_apps=0,gsm_id=-1,cdma_id=-1,ims_id=-1,atr=,iccid=,eid=,SupportedMepMode=NONE,SlotPortMapping={physicalSlotIndex=1, portIndex=0}} [PHONE1]
04-12 20:40:40.579498  2579  2579 D MTKSST  : [GsmSST0] handle EVENT_RADIO_STATE_CHANGED
04-12 20:40:40.579557  2579  2579 D RatConfig: getActiveRatConfig: Lf/Lt/W/G/N
04-12 20:40:40.579930  2579  2579 D MTKSST  : [GsmSST0] setRadioPowerForReason power:true, mDesiredPowerState:true, forEmergencyCall:false, isSelectedPhoneForEmergencyCall:false, forceApply:false, radioState:0, reason:0
04-12 20:40:40.579983  2579  2579 D MTKSST  : [GsmSST0] setPowerStateToDesired: mDeviceShuttingDown=false, mDesiredPowerState=true, getRadioState=0, mRadioPowerOffReasons=[], IMS reg state=false, pending radio off=false
04-12 20:40:40.580044  2579  2579 D ImsSwitchController: notifyRadioPowerChange, power:true phoneId:0
04-12 20:40:40.580289  2579  2579 D ImsSwitchController: [0] Modem auto registration so that we don't triggerImsService updateRadioState
04-12 20:40:40.580925  2579  2579 I RILJ    : [0059]> RADIO_POWER on = true forEmergencyCall= false preferredForEmergencyCall=false [PHONE0]
04-12 20:40:40.581591  1282  1698 I RtmRadioCont: [0] requestRadioPower, slotId:0, onOff: 1, forEcc 0, preEcc 0
04-12 20:40:40.581730  1282  1717 I RmmRadioReq: [0] requestRadioPower, power = 1, mode = 1, forEcc 0, preEcc 0, caller: -1
04-12 20:40:40.581741  1282  1717 I RmmRadioReq: [0] set vote property as 1
04-12 20:40:40.582947  1282  1717 I AT      : SEND MSGID=0403 [NW_SET_RADIO_STATE_REQ], TXID=0173 [RFXSender_8], DUMP=841954240000000001000304730108000001010001000000
04-12 20:40:40.583403  2579  2579 D MtkRILJ : [0060]> MTK: RIL_REQUEST_SET_VENDOR_SETTING [PHONE0]
04-12 20:40:40.585531  2579  2579 D MTKSST  : [GsmSST0] pollState: modemTriggered=true, mPollingContext=0, RadioState=0, connected=false, support_ap_iwlan=1
04-12 20:40:40.585559  2579  2579 D MTKSST  : [GsmSST0] pollState: modemTriggered=true, radioState=0
04-12 20:40:40.587056  2579  2579 I RILJ    : [0061]> OPERATOR [PHONE0]
04-12 20:40:40.587703  2579  2579 E NRM-C-0 : service not connected. Domain = PS
04-12 20:40:40.587768  2579  2579 E NRM-C-0 : service not connected. Domain = CS
04-12 20:40:40.587780  2579  2579 E NRM-I-0 : service not connected. Domain = PS
04-12 20:40:40.588081  2579  2579 I RILJ    : [0062]> QUERY_NETWORK_SELECTION_MODE [PHONE0]
04-12 20:40:40.588175  1282  1715 I AT      : SEND MSGID=0407 [NW_GET_REGISTER_STATE_REQ], TXID=0174 [RFXSender_6], DUMP=84195424000000000100070474010000
04-12 20:40:40.588195  2579  2579 D MTKSST  : [GsmSST0] handle EVENT_RADIO_STATE_CHANGED
04-12 20:40:40.588218  2579  2579 D RatConfig: getActiveRatConfig: Lf/Lt/W/G/N
04-12 20:40:40.588346  2579  2579 D MTKSST  : [GsmSST0] setRadioPowerForReason power:true, mDesiredPowerState:true, forEmergencyCall:false, isSelectedPhoneForEmergencyCall:false, forceApply:false, radioState:0, reason:0
04-12 20:40:40.588366  2579  2579 D MTKSST  : [GsmSST0] setPowerStateToDesired: mDeviceShuttingDown=false, mDesiredPowerState=true, getRadioState=0, mRadioPowerOffReasons=[], IMS reg state=false, pending radio off=false
04-12 20:40:40.588399  2579  2579 D ImsSwitchController: notifyRadioPowerChange, power:true phoneId:0
04-12 20:40:40.588410  2579  2579 D ImsSwitchController: [0] Modem auto registration so that we don't triggerImsService updateRadioState
04-12 20:40:40.588683  2579  2579 I RILJ    : [0063]> RADIO_POWER on = true forEmergencyCall= false preferredForEmergencyCall=false [PHONE0]
04-12 20:40:40.591179  2579  2579 D MtkRILJ : [0064]> MTK: RIL_REQUEST_SET_VENDOR_SETTING [PHONE0]
04-12 20:40:40.591248  1282  1677 I AT      : RECV MSGID=0408 [NW_GET_REGISTER_STATE_CNF], TXID=0174, DUMP=8419542400000000010208047401880100000400000000000001260000000000000000000000000000000000000000000000000000000000000000000000000000000000000000000101020000000000020101000000000003010400000000000401280000000000000000000000000000000000000000000000000000000000000000000000000000000000000000000501010000000000060102000000000007010100000000000801280000000000000000000000000000000000000000000000000000000000000000000000000000000000000000000901100000000000000000000000000000000000000000000A0124000000000000000000000000000000000000000000000000000000000000000000000000000B010100000000000C010100000000000D010100000000000E010100000000000F0101000000000010011800000000000000000000000000000000000000000000000000000000001101300000000000000000000000000000000000000000000000000000000000000000000000000000000000000000000000000000000000
04-12 20:40:40.592322  2579  2579 D MTKSST  : [GsmSST0] pollState: modemTriggered=true, mPollingContext=5, RadioState=0, connected=false, support_ap_iwlan=1
04-12 20:40:40.592350  2579  2579 D MTKSST  : [GsmSST0] pollState: modemTriggered=true, radioState=0
04-12 20:40:40.592615  2579  2966 I RILJ    : [0060]< MTK: RIL_REQUEST_SET_VENDOR_SETTING  [PHONE0]
04-12 20:40:40.592843  1282  1715 D RmmNwRTReqHdlr: [0] [requestOperator] plmn is null or empty!
04-12 20:40:40.592966  1282  1715 I AT      : SEND MSGID=0407 [NW_GET_REGISTER_STATE_REQ], TXID=0175 [RFXSender_6], DUMP=84195424000000000100070475010000
04-12 20:40:40.594211  2579  2944 I RILJ    : [0061]< OPERATOR {, , } [PHONE0]
04-12 20:40:40.596307  1078  1092 I mipc_lib: SEND MSGID=1409 [MIPC_LOC_LBS_SYNC_LOCATION_EM_CONFIG_REQ], TXID=0008 [binder:1078_2], DUMP=8419542400000000010009140800100000010400010000000101040000000000
04-12 20:40:40.596485  1282  1677 I AT      : RECV MSGID=0408 [NW_GET_REGISTER_STATE_CNF], TXID=0175, DUMP=8419542400000000010208047501880100000400000000000001260000000000000000000000000000000000000000000000000000000000000000000000000000000000000000000101020000000000020101000000000003010400000000000401280000000000000000000000000000000000000000000000000000000000000000000000000000000000000000000501010000000000060102000000000007010100000000000801280000000000000000000000000000000000000000000000000000000000000000000000000000000000000000000901100000000000000000000000000000000000000000000A0124000000000000000000000000000000000000000000000000000000000000000000000000000B010100000000000C010100000000000D010100000000000E010100000000000F0101000000000010011800000000000000000000000000000000000000000000000000000000001101300000000000000000000000000000000000000000000000000000000000000000000000000000000000000000000000000000000000
04-12 20:40:40.597957  1078  1832 I mipc_lib: RECV MSGID=140a [MIPC_LOC_LBS_SYNC_LOCATION_EM_CONFIG_CNF], TXID=0008, DUMP=841954240000000001020A1408000800000004006A000000
04-12 20:40:40.605874  2579  2579 I RILJ    : [0065]> OPERATOR [PHONE0]
04-12 20:40:40.606299  1282  1715 I AT      : SEND MSGID=0407 [NW_GET_REGISTER_STATE_REQ], TXID=0176 [RFXSender_6], DUMP=84195424000000000100070476010000
04-12 20:40:40.607676  1282  1677 I AT      : RECV MSGID=4409 [NW_CSCON_IND], TXID=ffff, DUMP=841954240000000001030944FFFF10000001040000FF00FF0101040001000000
04-12 20:40:40.607794  1282  1692 D RmmNwUrcHdlr: [0] handleConnectionStateReportInd: 0, 255, 0
04-12 20:40:40.607865  2579  2579 E NRM-C-0 : service not connected. Domain = PS
04-12 20:40:40.607919  2579  2579 E NRM-C-0 : service not connected. Domain = CS
04-12 20:40:40.607929  2579  2579 E NRM-I-0 : service not connected. Domain = PS
04-12 20:40:40.608530  1282  1677 I AT      : RECV MSGID=0408 [NW_GET_REGISTER_STATE_CNF], TXID=0176, DUMP=8419542400000000010208047601880100000400000000000001260000000000000000000000000000000000000000000000000000000000000000000000000000000000000000000101020000000000020101000000000003010400000000000401280000000000000000000000000000000000000000000000000000000000000000000000000000000000000000000501010000000000060102000000000007010100000000000801280000000000000000000000000000000000000000000000000000000000000000000000000000000000000000000901100000000000000000000000000000000000000000000A0124000000000000000000000000000000000000000000000000000000000000000000000000000B010100000000000C010100000000000D010100000000000E010100000000000F0101000000000010011800000000000000000000000000000000000000000000000000000000001101300000000000000000000000000000000000000000000000000000000000000000000000000000000000000000000000000000000000
04-12 20:40:40.608611  2579  2579 I RILJ    : [0066]> QUERY_NETWORK_SELECTION_MODE [PHONE0]
04-12 20:40:40.608900  2579  2966 I RILJ    : [0064]< MTK: RIL_REQUEST_SET_VENDOR_SETTING  [PHONE0]
04-12 20:40:40.608925  2579  2944 I RILJ    : [0062]< QUERY_NETWORK_SELECTION_MODE {0} [PHONE0]
04-12 20:40:40.609068  2579  2579 D Phone-0 : [0] SubId-1,get allowed network types user: value = GPRS|EDGE|UMTS|HSDPA|HSUPA|HSPA|LTE|HSPA+|GSM|TD_SCDMA|LTE_CA|NR
04-12 20:40:40.609850  2579  2579 D Phone-0 : [0] SubId-1,get allowed network types carrier: value = GPRS|EDGE|UMTS|HSDPA|HSUPA|HSPA|LTE|HSPA+|GSM|TD_SCDMA|LTE_CA|NR
04-12 20:40:40.609902  2579  2579 I CSST    : isNrSupported:  carrierConfigEnabled: true, AccessFamilySupported: false, isNrNetworkTypeAllowed: true
04-12 20:40:40.609908  2579  2579 I CSST    : PrefNetworkNotification: sendMessage() w/values: ,false,false,-1,false,false
04-12 20:40:40.610050  2579  2579 I CSST    : canceling notifications: 1000
04-12 20:40:40.610072  2579  2579 D Phone-0 : isWifiCallingEnabled =false
04-12 20:40:40.610076  2579  2579 D CSST    : isPhoneRegisteredForWifiCalling: false
04-12 20:40:40.610079  2579  2579 D Phone-0 : isWifiCallingEnabled =false
04-12 20:40:40.610083  2579  2579 I CSST    : EmergencyNetworkNotification: sendMessage() w/values: ,-1,false,false
04-12 20:40:40.610162  2579  2579 I CSST    : canceling notifications: 1001
04-12 20:40:40.610195  2579  2579 D Phone-0 : [0] SubId-1,get allowed network types user: value = GPRS|EDGE|UMTS|HSDPA|HSUPA|HSPA|LTE|HSPA+|GSM|TD_SCDMA|LTE_CA|NR
04-12 20:40:40.610659  2579  2579 D Phone-0 : [0] SubId-1,get allowed network types carrier: value = GPRS|EDGE|UMTS|HSDPA|HSUPA|HSPA|LTE|HSPA+|GSM|TD_SCDMA|LTE_CA|NR
04-12 20:40:40.610674  2579  2579 I CSST    : isNrSupported:  carrierConfigEnabled: true, AccessFamilySupported: false, isNrNetworkTypeAllowed: true
04-12 20:40:40.610679  2579  2579 I CSST    : PrefNetworkNotification: sendMessage() w/values: ,false,false,-1,false,false
04-12 20:40:40.610782  2579  2579 I CSST    : canceling notifications: 1000
04-12 20:40:40.610827  2579  2579 D Phone-0 : isWifiCallingEnabled =false
04-12 20:40:40.610837  2579  2579 D CSST    : isPhoneRegisteredForWifiCalling: false
04-12 20:40:40.610839  2579  2579 D Phone-0 : isWifiCallingEnabled =false
04-12 20:40:40.610843  2579  2579 I CSST    : EmergencyNetworkNotification: sendMessage() w/values: ,-1,false,false
04-12 20:40:40.610915  2579  2579 I CSST    : canceling notifications: 1001
04-12 20:40:40.610934  2579  2579 D EmergencyNumberTracker: [0]updateRadioEmergencyNumberListAndNotify(): receiving []
04-12 20:40:40.611241  2579  2579 I RILJ    : [0067]> SEND_DEVICE_STATE 1:false [PHONE0]
04-12 20:40:40.611436  1282  1715 D RmmNwRTReqHdlr: [0] [requestOperator] plmn is null or empty!
04-12 20:40:40.611604  1282  1715 I AT      : SEND MSGID=0407 [NW_GET_REGISTER_STATE_REQ], TXID=0177 [RFXSender_6], DUMP=84195424000000000100070477010000
04-12 20:40:40.611729  2579  2579 I RILJ    : [0068]> SEND_DEVICE_STATE 2:true [PHONE0]
04-12 20:40:40.611959  2579  2579 I RILJ    : [0069]> SEND_DEVICE_STATE 0:false [PHONE0]
04-12 20:40:40.612952  1282  1713 I AT      : SEND MSGID=041f [NW_SET_IDLE_HINT_REQ], TXID=0178 [RFXSender_4], DUMP=841954240000000001001F04780108000001010001000000
04-12 20:40:40.613344  1282  1677 I AT      : RECV MSGID=0408 [NW_GET_REGISTER_STATE_CNF], TXID=0177, DUMP=8419542400000000010208047701880100000400000000000001260000000000000000000000000000000000000000000000000000000000000000000000000000000000000000000101020000000000020101000000000003010400000000000401280000000000000000000000000000000000000000000000000000000000000000000000000000000000000000000501010000000000060102000000000007010100000000000801280000000000000000000000000000000000000000000000000000000000000000000000000000000000000000000901100000000000000000000000000000000000000000000A0124000000000000000000000000000000000000000000000000000000000000000000000000000B010100000000000C010100000000000D010100000000000E010100000000000F0101000000000010011800000000000000000000000000000000000000000000000000000000001101300000000000000000000000000000000000000000000000000000000000000000000000000000000000000000000000000000000000
04-12 20:40:40.615736  2579  2966 I RILJ    : [0065]< OPERATOR {, , } [PHONE0]
04-12 20:40:40.615929  1282  1677 I AT      : RECV MSGID=0420 [NW_SET_IDLE_HINT_CNF], TXID=0178, DUMP=8419542400000000010220047801100000000400000000000001010001000000
04-12 20:40:40.616894  2579  2944 I RILJ    : [0067]< SEND_DEVICE_STATE error 6 [PHONE0]
04-12 20:40:40.617224  2579  2944 D RilRequest: [0067]< SEND_DEVICE_STATE error: com.android.internal.telephony.CommandException: REQUEST_NOT_SUPPORTED ret= result=null
04-12 20:40:40.629180  2579  2579 I RILJ    : [0070]> SET_UNSOLICITED_RESPONSE_FILTER -1 [PHONE0]
04-12 20:40:40.630302  2579  2944 I RILJ    : [0068]< SEND_DEVICE_STATE  [PHONE0]
04-12 20:40:40.630369  2579  2944 I RILJ    : [0069]< SEND_DEVICE_STATE error 6 [PHONE0]
04-12 20:40:40.630400  2579  2944 D RilRequest: [0069]< SEND_DEVICE_STATE error: com.android.internal.telephony.CommandException: REQUEST_NOT_SUPPORTED ret= result=null
04-12 20:40:40.630500  2579  2579 I RILJ    : [0071]> SET_LINK_CAPACITY_REPORTING_CRITERIA [PHONE0]
04-12 20:40:40.631344  2579  2579 I RILJ    : [0072]> SET_LINK_CAPACITY_REPORTING_CRITERIA [PHONE0]
04-12 20:40:40.631484  2579  2966 I RILJ    : [0066]< QUERY_NETWORK_SELECTION_MODE {0} [PHONE0]
04-12 20:40:40.631850  2579  2579 I RILJ    : [0073]> SET_LINK_CAPACITY_REPORTING_CRITERIA [PHONE0]
04-12 20:40:40.632208  2579  2579 I RILJ    : [0074]> SET_LINK_CAPACITY_REPORTING_CRITERIA [PHONE0]
04-12 20:40:40.632461  2579  2579 I RILJ    : [0075]> SET_LINK_CAPACITY_REPORTING_CRITERIA [PHONE0]
04-12 20:40:40.632624  2690  2855 E MtkTelephonyManagerEx: registerAtUrcInd onError Indication of all URC is unsupported
04-12 20:40:40.632934  2579  2579 I RILJ    : [0076]> SEND_DEVICE_STATE 1:false [PHONE0]
04-12 20:40:40.633221  2579  2579 I RILJ    : [0077]> SEND_DEVICE_STATE 2:true [PHONE0]
04-12 20:40:40.633519  2579  2579 I RILJ    : [0078]> SEND_DEVICE_STATE 0:false [PHONE0]
04-12 20:40:40.633817  2579  2579 I RILJ    : [0079]> SET_UNSOLICITED_RESPONSE_FILTER -1 [PHONE0]
04-12 20:40:40.634026  2579  2579 I RILJ    : [0080]> SET_LINK_CAPACITY_REPORTING_CRITERIA [PHONE0]
04-12 20:40:40.636379  2690  2855 E MtkTelephonyManagerEx: registerAtUrcInd onError Indication of all URC is unsupported
04-12 20:40:40.636599  2579  2579 I RILJ    : [0081]> SET_LINK_CAPACITY_REPORTING_CRITERIA [PHONE0]
04-12 20:40:40.638100  1282  1692 E RfxBaseHandler: [0] registerToHandleMipcURC error:-3, slotId:0, mipcId:4402
04-12 20:40:40.638311  2579  2579 I RILJ    : [0082]> SET_LINK_CAPACITY_REPORTING_CRITERIA [PHONE0]
04-12 20:40:40.638411  1282  1692 E RfxBaseHandler: [0] registerToHandleMipcURC error:-3, slotId:0, mipcId:4413
04-12 20:40:40.638421  1282  1692 E RfxBaseHandler: [0] registerToHandleMipcURC error:-3, slotId:0, mipcId:441e
04-12 20:40:40.638425  1282  1692 E RfxBaseHandler: [0] registerToHandleMipcURC error:-3, slotId:0, mipcId:4417
04-12 20:40:40.638433  1282  1692 E RfxBaseHandler: [0] registerToHandleMipcURC error:-3, slotId:0, mipcId:4418
04-12 20:40:40.638440  1282  1692 E RfxBaseHandler: [0] registerToHandleMipcURC error:-3, slotId:0, mipcId:4409
04-12 20:40:40.638457  1282  1692 I AT      : SEND MSGID=1151 [NW_GET_CSCON_STATE_REQ], TXID=0179 [RFXSender_0], DUMP=84195424000000000100511179010000
04-12 20:40:40.638803  1282  1713 I AT      : SEND MSGID=021d [DATA_SET_LINK_CAPACITY_REPORTING_CRITERIA_REQ], TXID=017a [RFXSender_4], DUMP=841954240000000001001D027A01A800060101000B00000007012C0064000000F4010000E80300008813000010270000204E000050C30000F8240100A0860100400D030020A107000001010002000000080104000100000001010400B80B000002010400320000000301040032000000040101000E0000000501380064000000F4010000E80300008813000010270000204E000050C30000F8240100A0860100400D030020A1070040420F0060E3160080841E0000000000
04-12 20:40:40.639775  2579  2579 I RILJ    : [0083]> SET_LINK_CAPACITY_REPORTING_CRITERIA [PHONE0]
04-12 20:40:40.640669  2579  2579 I RILJ    : [0084]> SET_LINK_CAPACITY_REPORTING_CRITERIA [PHONE0]
04-12 20:40:40.641246  2579  2579 D NetworkTypeController: [0] DefaultState: process EVENT_INITIALIZE
04-12 20:40:40.644870  1282  1677 I AT      : RECV MSGID=1152 [NW_GET_CSCON_STATE_CNF], TXID=0179, DUMP=8419542400000000010252117901180000000400000000000001040000FF00FF0101040001000000
04-12 20:40:40.644991  1282  1692 I AT      : SEND MSGID=047b [NW_SET_NW_IND_REPORT_LEVEL_REQ], TXID=017b [RFXSender_0], DUMP=841954240000000001007B047B01100000010100030000000101010003000000
04-12 20:40:40.646219  1282  1677 I AT      : RECV MSGID=4403 [NW_PS_IND], TXID=ffff, DUMP=841954240000000001030344FFFF7800000101002A000000010104002A2A2A2A020101002A000000030123002A2A2A2A2A2A2A2A2A2A2A2A2A2A2A2A2A2A2A2A2A2A2A2A2A2A2A2A2A2A2A2A2A2A2A00040101002A0000000C0128002A2A2A2A2A2A2A2A2A2A2A2A2A2A2A2A2A2A2A2A2A2A2A2A2A2A2A2A2A2A2A2A2A2A2A2A2A2A2A2A00000000
04-12 20:40:40.647080  1282  1677 I AT      : RECV MSGID=4408 [NW_CS_IND], TXID=ffff, DUMP=841954240000000001030844FFFF5000008118002A2A2A2A2A2A2A2A2A2A2A2A2A2A2A2A2A2A2A2A2A2A2A2A00000000010101002A000000088120002A2A2A2A2A2A2A2A2A2A2A2A2A2A2A2A2A2A2A2A2A2A2A2A2A2A2A2A2A2A2A2A00000000
04-12 20:40:40.647153  1282  1677 I AT      : RECV MSGID=047c [NW_SET_NW_IND_REPORT_LEVEL_CNF], TXID=017b, DUMP=841954240000000001027C047B0108000000040000000000
04-12 20:40:40.647181  1282  1677 I AT      : RECV MSGID=021e [DATA_SET_LINK_CAPACITY_REPORTING_CRITERIA_CNF], TXID=017a, DUMP=841954240000000001021E027A0108000000040000000000
04-12 20:40:40.647806  1282  1692 E RfxBaseHandler: [0] registerToHandleMipcURC error:-3, slotId:0, mipcId:4419
04-12 20:40:40.647823  1282  1692 I AT      : SEND MSGID=04c7 [NW_GET_PHYSICAL_CHANNEL_CONFIGS_REQ], TXID=017c [RFXSender_0], DUMP=84195424000000000100C7047C010000
04-12 20:40:40.648873  1282  1713 I AT      : SEND MSGID=021d [DATA_SET_LINK_CAPACITY_REPORTING_CRITERIA_REQ], TXID=017d [RFXSender_4], DUMP=841954240000000001001D027D01A800060101000B00000007012C0064000000F4010000E80300008813000010270000204E000050C30000F8240100A0860100400D030020A107000001010002000000080104000200000001010400B80B000002010400320000000301040032000000040101000E0000000501380064000000F4010000E80300008813000010270000204E000050C30000F8240100A0860100400D030020A1070040420F0060E3160080841E0000000000
04-12 20:40:40.649725  1688  1955 W TelephonyRegistry: Pid 2579 has exceeded half the number of permissible registered listeners. Now at 77
04-12 20:40:40.649888  2579  3273 I RILJ    : [0071]< SET_LINK_CAPACITY_REPORTING_CRITERIA  [PHONE0]
04-12 20:40:40.650143  2579  2579 D MtkNetworkTypeController: mNrAdvancedPhysicalChannelConfigItemCount = 0
04-12 20:40:40.650333  2579  2579 D NetworkTypeController: [0] mOverrideTimerRules: {connected={mState=connected, mOverrideType=NR_NSA, mPrimaryTimers={connected_mmwave=2}, mSecondaryTimers={}}, not_restricted_rrc_con={mState=not_restricted_rrc_con, mOverrideType=NR_NSA, mPrimaryTimers={connected_mmwave=2}, mSecondaryTimers={}}, legacy={mState=legacy, mOverrideType=NONE, mPrimaryTimers={connected_mmwave=2}, mSecondaryTimers={}}, not_restricted_rrc_idle={mState=not_restricted_rrc_idle, mOverrideType=NR_NSA, mPrimaryTimers={connected_mmwave=2}, mSecondaryTimers={}}, restricted={mState=restricted, mOverrideType=NONE, mPrimaryTimers={connected_mmwave=2}, mSecondaryTimers={}}, connected_mmwave={mState=connected_mmwave, mOverrideType=NR_ADVANCED, mPrimaryTimers={connected=15, not_restricted_rrc_con=15, not_restricted_rrc_idle=15, connected_mmwave=2, connected_rrc_idle=15}, mSecondaryTimers={}}, connected_rrc_idle={mState=connected_rrc_idle, mOverrideType=NR_NSA, mPrimaryTimers={connected_mmwave=2}, mSecondaryTimers={}}}
04-12 20:40:40.650599  2579  2579 D NetworkTypeController: [0] Physical channel configs updated: not updating PCC fields for empty PCC list indicating RRC idle.
04-12 20:40:40.651176  1282  1677 I AT      : RECV MSGID=04c8 [NW_GET_PHYSICAL_CHANNEL_CONFIGS_CNF], TXID=017c, DUMP=84195424000000000102C8047C0188000000040000000000000100000000000000000000FF7F0100FF7F25000000000001000000000000000000000000000000000000000000000000000000000100000000000000000000010100000000000000000000FE7F0100FE7F28000000000001000000000000000000000000000000000000000000000000000000000000000100000000000000
04-12 20:40:40.651267  1282  1692 D RmmNwHdlr: [0] [queryPhysicalChannelConfigs] count:1, hasChanged: 1 
04-12 20:40:40.651316  1282  1692 E RfxBaseHandler: [0] registerToHandleMipcURC error:-3, slotId:0, mipcId:441b
04-12 20:40:40.651371  1282  1710 D RmmNwReqHdlr: [0] [sendPhysicalChannelConfigs] count:0, Update: 0
04-12 20:40:40.651493  1282  1677 I AT      : RECV MSGID=021e [DATA_SET_LINK_CAPACITY_REPORTING_CRITERIA_CNF], TXID=017d, DUMP=841954240000000001021E027D0108000000040000000000
04-12 20:40:40.651624  1282  1713 I AT      : SEND MSGID=021d [DATA_SET_LINK_CAPACITY_REPORTING_CRITERIA_REQ], TXID=017e [RFXSender_4], DUMP=841954240000000001001D027E01A800060101000B00000007012C0064000000F4010000E80300008813000010270000204E000050C30000F8240100A0860100400D030020A107000001010002000000080104000300000001010400B80B000002010400320000000301040032000000040101000E0000000501380064000000F4010000E80300008813000010270000204E000050C30000F8240100A0860100400D030020A1070040420F0060E3160080841E0000000000
04-12 20:40:40.652383  2579  2579 D NetworkTypeController: [0] DefaultState: process EVENT_UPDATE
04-12 20:40:40.652430  2579  2650 I RILJ    : [0076]< SEND_DEVICE_STATE error 6 [PHONE0]
04-12 20:40:40.652463  2579  2650 D RilRequest: [0076]< SEND_DEVICE_STATE error: com.android.internal.telephony.CommandException: REQUEST_NOT_SUPPORTED ret= result=null
04-12 20:40:40.652537  2579  3273 I RILJ    : [0070]< SET_UNSOLICITED_RESPONSE_FILTER  [PHONE0]
04-12 20:40:40.652640  2579  2650 I RILJ    : [0072]< SET_LINK_CAPACITY_REPORTING_CRITERIA  [PHONE0]
04-12 20:40:40.653697  1282  1677 I AT      : RECV MSGID=021e [DATA_SET_LINK_CAPACITY_REPORTING_CRITERIA_CNF], TXID=017e, DUMP=841954240000000001021E027E0108000000040000000000
04-12 20:40:40.654441  1282  1713 I AT      : SEND MSGID=041f [NW_SET_IDLE_HINT_REQ], TXID=017f [RFXSender_4], DUMP=841954240000000001001F047F0108000001010001000000
04-12 20:40:40.654712  1282  1692 E RfxBaseHandler: [0] registerToHandleMipcURC error:-3, slotId:0, mipcId:4402
04-12 20:40:40.654716  1282  1677 I AT      : RECV MSGID=4404 [NW_RADIO_IND], TXID=ffff, DUMP=841954240000000001030444FFFF100000010100010000000101010001000000
04-12 20:40:40.654764  1282  1713 I AT      : SEND MSGID=021d [DATA_SET_LINK_CAPACITY_REPORTING_CRITERIA_REQ], TXID=0180 [RFXSender_4], DUMP=841954240000000001001D028001A800060101000B00000007012C0064000000F4010000E80300008813000010270000204E000050C30000F8240100A0860100400D030020A107000001010002000000080104000400000001010400B80B000002010400320000000301040032000000040101000E0000000501380064000000F4010000E80300008813000010270000204E000050C30000F8240100A0860100400D030020A1070040420F0060E3160080841E0000000000
04-12 20:40:40.654772  1282  1692 E RfxBaseHandler: [0] registerToHandleMipcURC error:-3, slotId:0, mipcId:4413
04-12 20:40:40.654777  1282  1692 E RfxBaseHandler: [0] registerToHandleMipcURC error:-3, slotId:0, mipcId:441e
04-12 20:40:40.654780  1282  1692 E RfxBaseHandler: [0] registerToHandleMipcURC error:-3, slotId:0, mipcId:4417
04-12 20:40:40.654786  1282  1692 E RfxBaseHandler: [0] registerToHandleMipcURC error:-3, slotId:0, mipcId:4418
04-12 20:40:40.654792  1282  1692 E RfxBaseHandler: [0] registerToHandleMipcURC error:-3, slotId:0, mipcId:4409
04-12 20:40:40.654803  1282  1692 I AT      : SEND MSGID=1151 [NW_GET_CSCON_STATE_REQ], TXID=0181 [RFXSender_0], DUMP=84195424000000000100511181010000
04-12 20:40:40.654988  1282  1677 I AT      : RECV MSGID=0404 [NW_SET_RADIO_STATE_CNF], TXID=0173, DUMP=84195424000000000102040473011800000004000000000000010100010000000101010001000000
04-12 20:40:40.655219  1282  1698 I RtmRadioCont: [0] requestRadioPower, slotId:0, onOff: 1, forEcc 0, preEcc 0
04-12 20:40:40.655330  1282  1717 I RmmRadioReq: [0] requestRadioPower, power = 1, mode = 1, forEcc 0, preEcc 0, caller: -1
04-12 20:40:40.655340  1282  1717 I RmmRadioReq: [0] set vote property as 1
04-12 20:40:40.655798  2579  2650 I RILJ    : [0073]< SET_LINK_CAPACITY_REPORTING_CRITERIA  [PHONE0]
04-12 20:40:40.656018  1282  1717 I AT      : SEND MSGID=0403 [NW_SET_RADIO_STATE_REQ], TXID=0182 [RFXSender_8], DUMP=841954240000000001000304820108000001010001000000
04-12 20:40:40.656358  1282  1698 I RtmRadioCont: [0] radio State: 0 -> 10, using google native API for urc
04-12 20:40:40.656685  1282  1698 I RIL-Fusion: getRadioState(): (0)radioState=10
04-12 20:40:40.656762  1282  1698 I RIL-Fusion: getRadioState(): (0)radioState=10
04-12 20:40:40.656826  1282  1698 E RILC    : radioStateChanged: radioModemServiceImpl[0].mtkEmIndication == NULL
04-12 20:40:40.656844  1282  1698 I RtmImsConfigController: [0] onRadioStateChanged, state 0->10
04-12 20:40:40.658392  2579  2650 I RILJ    : Unsol response received; Sending ack to ril.cpp [PHONE0]
04-12 20:40:40.658433  2579  2650 I RILJ    : [UNSL]< UNSOL_RESPONSE_RADIO_STATE_CHANGED radioStateChanged: 1 [PHONE0]
04-12 20:40:40.659673  1282  1677 I AT      : RECV MSGID=0420 [NW_SET_IDLE_HINT_CNF], TXID=017f, DUMP=8419542400000000010220047F01100000000400000000000001010001000000
04-12 20:40:40.659693  1282  1677 I AT      : RECV MSGID=1152 [NW_GET_CSCON_STATE_CNF], TXID=0181, DUMP=8419542400000000010252118101180000000400000000000001040000FF00FF0101040001000000
04-12 20:40:40.659712  1282  1677 I AT      : RECV MSGID=021e [DATA_SET_LINK_CAPACITY_REPORTING_CRITERIA_CNF], TXID=0180, DUMP=841954240000000001021E02800108000000040000000000
04-12 20:40:40.660198  1282  1692 I AT      : SEND MSGID=047b [NW_SET_NW_IND_REPORT_LEVEL_REQ], TXID=0183 [RFXSender_0], DUMP=841954240000000001007B048301100000010100030000000101010003000000
04-12 20:40:40.660231  1282  1713 I AT      : SEND MSGID=021d [DATA_SET_LINK_CAPACITY_REPORTING_CRITERIA_REQ], TXID=0184 [RFXSender_4], DUMP=841954240000000001001D028401A800060101000B00000007012C0064000000F4010000E80300008813000010270000204E000050C30000F8240100A0860100400D030020A107000001010002000000080104000600000001010400B80B000002010400320000000301040032000000040101000E0000000501380064000000F4010000E80300008813000010270000204E000050C30000F8240100A0860100400D030020A1070040420F0060E3160080841E0000000000
04-12 20:40:40.660855  2579  2966 I RILJ    : [0077]< SEND_DEVICE_STATE  [PHONE0]
04-12 20:40:40.660972  2579  2966 I RILJ    : [0059]< RADIO_POWER  [PHONE0]
04-12 20:40:40.661323  1282  1677 I AT      : RECV MSGID=4403 [NW_PS_IND], TXID=ffff, DUMP=841954240000000001030344FFFF7800000101002A000000010104002A2A2A2A020101002A000000030123002A2A2A2A2A2A2A2A2A2A2A2A2A2A2A2A2A2A2A2A2A2A2A2A2A2A2A2A2A2A2A2A2A2A2A00040101002A0000000C0128002A2A2A2A2A2A2A2A2A2A2A2A2A2A2A2A2A2A2A2A2A2A2A2A2A2A2A2A2A2A2A2A2A2A2A2A2A2A2A2A00000000
04-12 20:40:40.662099  2579  2650 I RILJ    : Broadcast for RadioStateChanged: state=1 [PHONE0]
04-12 20:40:40.662475  1282  1677 I AT      : RECV MSGID=4408 [NW_CS_IND], TXID=ffff, DUMP=841954240000000001030844FFFF5000008118002A2A2A2A2A2A2A2A2A2A2A2A2A2A2A2A2A2A2A2A2A2A2A2A00000000010101002A000000088120002A2A2A2A2A2A2A2A2A2A2A2A2A2A2A2A2A2A2A2A2A2A2A2A2A2A2A2A2A2A2A2A00000000
04-12 20:40:40.662633  1282  1698 I RtmImsConfigController: [0] onRadioStateChanged, mECCAllowSendCmd = true
04-12 20:40:40.662821  1282  1677 I AT      : RECV MSGID=047c [NW_SET_NW_IND_REPORT_LEVEL_CNF], TXID=0183, DUMP=841954240000000001027C04830108000000040000000000
04-12 20:40:40.662879  1282  1692 E RfxBaseHandler: [0] registerToHandleMipcURC error:-3, slotId:0, mipcId:4419
04-12 20:40:40.662898  1282  1692 I AT      : SEND MSGID=04c7 [NW_GET_PHYSICAL_CHANNEL_CONFIGS_REQ], TXID=0185 [RFXSender_0], DUMP=84195424000000000100C70485010000
04-12 20:40:40.663088  2579  3273 I RILJ    : [0078]< SEND_DEVICE_STATE error 6 [PHONE0]
04-12 20:40:40.663580  1282  1712 I AT      : [0] AT> AT+EIMSRCS=0,0 (RIL_CMD_READER_3 tid:486490975168)
04-12 20:40:40.663608  1282  1712 I AT      : SEND MSGID=0003 [SYS_AT_REQ], TXID=0186 [RFXSender_3], DUMP=8419542400000000010003008601180000810F002A2A2A2A2A2A2A2A2A2A2A2A2A2A2A0000000000
04-12 20:40:40.663750  2579  3273 D RilRequest: [0078]< SEND_DEVICE_STATE error: com.android.internal.telephony.CommandException: REQUEST_NOT_SUPPORTED ret= result=null
04-12 20:40:40.664593  1282  1677 I AT      : RECV MSGID=04c8 [NW_GET_PHYSICAL_CHANNEL_CONFIGS_CNF], TXID=0185, DUMP=84195424000000000102C804850188000000040000000000000100000000000000000000FF7F0100FF7F25000000000001000000000000000000000000000000000000000000000000000000000100000000000000000000010100000000000000000000FE7F0100FE7F28000000000001000000000000000000000000000000000000000000000000000000000000000100000000000000
04-12 20:40:40.664770  1282  1692 D RmmNwHdlr: [0] [queryPhysicalChannelConfigs] count:1, hasChanged: 0 
04-12 20:40:40.664791  1282  1692 E RfxBaseHandler: [0] registerToHandleMipcURC error:-3, slotId:0, mipcId:441b
04-12 20:40:40.664831  1282  1692 D RmmNwHdlr: [0] [handlePsInd][handlePsNetworkStateChanged] stat=0, lac=**FF, cid=***FFFF, eAct=0, reject_cause=0, dcnr_restricted=0, endc_sib=0, endc_available=0
04-12 20:40:40.664857  1282  1692 I AT      : [0] AT> AT+EGREG? (RIL_URC_READER tid:486668315584)
04-12 20:40:40.664868  1282  1692 I AT      : SEND MSGID=0003 [SYS_AT_REQ], TXID=0187 [RFXSender_0], DUMP=8419542400000000010003008701100000810A002A2A2A2A2A2A2A2A2A2A0000
04-12 20:40:40.664921  1282  1710 I AT      : SEND MSGID=0407 [NW_GET_REGISTER_STATE_REQ], TXID=0188 [RFXSender_1], DUMP=84195424000000000100070488010000
04-12 20:40:40.664958  2644  2737 D SuppServExt: [0]handleMessage: EVENT_RADIO_ON(4)
04-12 20:40:40.665228  1282  1715 I AT      : SEND MSGID=050f [SIM_STATUS_REQ], TXID=0189 [RFXSender_6], DUMP=841954240000000001000F05890108000001010001000000
04-12 20:40:40.665266  1282  1677 I AT      : RECV MSGID=0404 [NW_SET_RADIO_STATE_CNF], TXID=0182, DUMP=84195424000000000102040482011800000004000000000000010100010000000101010001000000
04-12 20:40:40.665297  1282  1677 I AT      : RECV MSGID=021e [DATA_SET_LINK_CAPACITY_REPORTING_CRITERIA_CNF], TXID=0184, DUMP=841954240000000001021E02840108000000040002000000
04-12 20:40:40.665500  1282  1713 I AT      : SEND MSGID=021d [DATA_SET_LINK_CAPACITY_REPORTING_CRITERIA_REQ], TXID=018a [RFXSender_4], DUMP=841954240000000001001D028A01A800060101000B00000007012C0064000000F4010000E80300008813000010270000204E000050C30000F8240100A0860100400D030020A107000001010002000000080104000600000001010400B80B000002010400320000000301040032000000040101000E0000000501380064000000F4010000E80300008813000010270000204E000050C30000F8240100A0860100400D030020A1070040420F0060E3160080841E0000000000
04-12 20:40:40.664996  2579  2650 I RILJ    : [0074]< SET_LINK_CAPACITY_REPORTING_CRITERIA  [PHONE0]
04-12 20:40:40.665804  2579  2650 I RILJ    : [0079]< SET_UNSOLICITED_RESPONSE_FILTER  [PHONE0]
04-12 20:40:40.665859  2579  2650 I RILJ    : [0075]< SET_LINK_CAPACITY_REPORTING_CRITERIA  [PHONE0]
04-12 20:40:40.666323  2579  2650 I RILJ    : [0080]< SET_LINK_CAPACITY_REPORTING_CRITERIA  [PHONE0]
04-12 20:40:40.666421  2579  2650 I RILJ    : [0081]< SET_LINK_CAPACITY_REPORTING_CRITERIA  [PHONE0]
04-12 20:40:40.666496  2579  2650 I RILJ    : [0082]< SET_LINK_CAPACITY_REPORTING_CRITERIA  [PHONE0]
04-12 20:40:40.666569  2579  2650 I RILJ    : [0083]< SET_LINK_CAPACITY_REPORTING_CRITERIA  [PHONE0]
04-12 20:40:40.666975  1282  1677 I AT      : RECV MSGID=0004 [SYS_AT_CNF], TXID=0187, DUMP=84195424000000000102040087015000000004000000000000813E002A2A2A2A2A2A2A2A2A2A2A2A2A2A2A2A2A2A2A2A2A2A2A2A2A2A2A2A2A2A2A2A2A2A2A2A2A2A2A2A2A2A2A2A2A2A2A2A2A2A2A2A2A2A2A2A2A2A2A2A2A2A000000000000
04-12 20:40:40.667039  2579  3273 I RILJ    : [0063]< RADIO_POWER  [PHONE0]
04-12 20:40:40.667301  1282  1692 I AT      : [0] AT< +EGREG=*** (RIL_URC_READER, tid:486668315584)
04-12 20:40:40.667316  1282  1692 I AT      : [0] AT< OK (RIL_URC_READER, tid:486668315584)
04-12 20:40:40.667348  1282  1692 D RmmNwHdlr: [0] [handleCsInd][handleCsNetworkStateChanged] stat=0, lac=**FF, cid=***FFFF, eAct=0, css=0, nwk_existence=0, roam_indicator=0, cause_type=0, reject_cause=0
04-12 20:40:40.667407  1282  1692 D RmmNwHdlr: [0] [handlePsInd][handlePsNetworkStateChanged] stat=0, lac=**FF, cid=***FFFF, eAct=0, reject_cause=0, dcnr_restricted=0, endc_sib=0, endc_available=0
04-12 20:40:40.667425  1282  1692 I AT      : [0] AT> AT+EGREG? (RIL_URC_READER tid:486668315584)
04-12 20:40:40.667434  1282  1692 I AT      : SEND MSGID=0003 [SYS_AT_REQ], TXID=018b [RFXSender_0], DUMP=8419542400000000010003008B01100000810A002A2A2A2A2A2A2A2A2A2A0000
04-12 20:40:40.667935  1282  1698 E RILC    : oemHookRawInd: radioModemServiceImpl[0].mtkEmIndication == NULL
04-12 20:40:40.667962  1282  1677 I AT      : RECV MSGID=0004 [SYS_AT_CNF], TXID=0186, DUMP=841954240000000001020400860118000000040000000000008107002A2A2A2A2A2A2A0000000000
04-12 20:40:40.668048  1282  1712 I AT      : [0] AT< OK (RIL_CMD_READER_3, tid:486490975168)
04-12 20:40:40.668080  1282  1712 I RmmImsCtlReqHdl: [0] requestSetSipUserAgent, format: old=, new = 0; reset version=1
04-12 20:40:40.668086  1282  1712 I RmmImsCtlReqHdl: [0] requestSetSipUserAgent, format changed.
04-12 20:40:40.668095  1282  1712 D ImsCustomizedUtils: [0] getCustomizedUserAgent(), format = 0
04-12 20:40:40.668104  1282  1712 D ImsCustomizedUtils: [0] getCustomizedUserAgent(), [ro.product.vendor.brand]= Infinix
04-12 20:40:40.668110  1282  1712 D ImsCustomizedUtils: [0] getCustomizedUserAgent(), [ro.product.vendor.device]= Infinix-X6877
04-12 20:40:40.668118  1282  1712 D ImsCustomizedUtils: [0] getCustomizedUserAgent(), [ro.build.display.id]= X6877-16.2.0.046(OP001PF001AZ)TMP260408111742_SU
04-12 20:40:40.668124  1282  1712 D ImsCustomizedUtils: [0] getCustomizedUserAgent(): not match any format
04-12 20:40:40.668147  1282  1712 I AT      : SEND MSGID=0a02 [IMS_GET_CONFIG_REQ], TXID=018c [RFXSender_3], DUMP=84195424000000000100020A8C011800000104000100000001010B00757365725F6167656E740000
04-12 20:40:40.668761  1282  1677 I AT      : RECV MSGID=0510 [SIM_STATUS_CNF], TXID=0189, DUMP=84195424000000000102100589010801000004000300000000010100000000000101010000000000020101000000000003010100000000000401010000000000050101000000000006010100FF00000007010100FF00000008010100FF00000009010100000000000C8115002A2A2A2A2A2A2A2A2A2A2A2A2A2A2A2A2A2A2A2A2A000000000000000D8150002A2A2A2A2A2A2A2A2A2A2A2A2A2A2A2A2A2A2A2A2A2A2A2A2A2A2A2A2A2A2A2A2A2A2A2A2A2A2A2A2A2A2A2A2A2A2A2A2A2A2A2A2A2A2A2A2A2A2A2A2A2A2A2A2A2A2A2A2A2A2A2A2A2A2A2A2A2A2A2A000000000E010100000000000F0101000000000010010100000000001101010000000000120101000000000014010100000000001501010000000000
04-12 20:40:40.669223  2579  2612 I RILJ    : Unsol response received; Sending ack to ril.cpp [PHONE0]
04-12 20:40:40.669255  2579  2612 I RILJ    : [UNSL]< UNSOL_RESPONSE_NETWORK_STATE_CHANGED [PHONE0]
04-12 20:40:40.669561  2644  2737 D SuppServExt: [0]startHandleXcapQueryProcess(), forceQuery: false, reason: Radio on, checkCriteria: false, criteriaFailReason: No need to support for this operator OR carrier config not ready, 
04-12 20:40:40.669809  1282  1677 I AT      : RECV MSGID=0408 [NW_GET_REGISTER_STATE_CNF], TXID=0188, DUMP=8419542400000000010208048801880100000400000000000001260000000000000000000000000000000000000000000000000000000000000000000000000000000000000000000101020000000000020101000000000003010400000000000401280000000000000000000000000000000000000000000000000000000000000000000000000000000000000000000501010000000000060102000000000007010100000000000801280000000000000000000000000000000000000000000000000000000000000000000000000000000000000000000901100000000000000000000000000000000000000000000A0124000000000000000000000000000000000000000000000000000000000000000000000000000B010100000000000C010100000000000D010100000000000E010100000000000F0101000000000010011800000000000000000000000000000000000000000000000000000000001101300000000000000000000000000000000000000000000000000000000000000000000000000000000000000000000000000000000000
04-12 20:40:40.671455  1282  1710 I AT      : SEND MSGID=0407 [NW_GET_REGISTER_STATE_REQ], TXID=018d [RFXSender_1], DUMP=8419542400000000010007048D010000
04-12 20:40:40.671487  2579  2579 D NetworkTypeController: [0] Entering LegacyState
04-12 20:40:40.672106  1282  1677 I AT      : RECV MSGID=021e [DATA_SET_LINK_CAPACITY_REPORTING_CRITERIA_CNF], TXID=018a, DUMP=841954240000000001021E028A0108000000040002000000
04-12 20:40:40.672149  1282  1677 I AT      : RECV MSGID=0004 [SYS_AT_CNF], TXID=018b, DUMP=8419542400000000010204008B015000000004000000000000813E002A2A2A2A2A2A2A2A2A2A2A2A2A2A2A2A2A2A2A2A2A2A2A2A2A2A2A2A2A2A2A2A2A2A2A2A2A2A2A2A2A2A2A2A2A2A2A2A2A2A2A2A2A2A2A2A2A2A2A2A2A2A000000000000
04-12 20:40:40.672219  1282  1715 I RmmSimCommReq: [0] handleGetSimStatusResponse, token:87, result:3,state:0,pin:0,appindex:-1,-1,-1, atr:80,, icid:21,, eid:0,(null), mepMode:0
04-12 20:40:40.672412  2579  3273 I RILJ    : Unsol response received; Sending ack to ril.cpp [PHONE0]
04-12 20:40:40.672794  1282  1677 I AT      : RECV MSGID=0a03 [IMS_GET_CONFIG_CNF], TXID=018c, DUMP=84195424000000000102030A8C015000000004000000000000013E00496E66696E69785F58363837375F58363837372D31362D322D302D3034362D4F503030315046303031415A2D544D503236303430383131313734325F5355000000000000
04-12 20:40:40.672887  2579  2579 D MtkNetworkTypeController: [Override]getCurrentOverrideNetworkType: 0
04-12 20:40:40.672950  2579  2579 D DIC-0   : updateTelephonyDisplayInfo, turboSS alive, skip notify
04-12 20:40:40.673208  2579  3153 D MTKSST  : [GsmSST0] MtkHandler: EVENT_NETWORK_STATE_CHANGED
04-12 20:40:40.673288  1282  1712 I RmmImsCtlReqHdl: [0] requestSetImsCfg, AT+EIMSCFG=1,0,0,0,1,1, Mode:0, smsDisable:0
04-12 20:40:40.673327  1282  1712 I AT      : SEND MSGID=0a00 [IMS_SET_CONFIG_REQ], TXID=018e [RFXSender_3], DUMP=84195424000000000100000A8E011800000104000000000002010600010000000101000000000000
04-12 20:40:40.673408  1282  1677 I AT      : RECV MSGID=0408 [NW_GET_REGISTER_STATE_CNF], TXID=018d, DUMP=8419542400000000010208048D01880100000400000000000001260000000000000000000000000000000000000000000000000000000000000000000000000000000000000000000101020000000000020101000000000003010400000000000401280000000000000000000000000000000000000000000000000000000000000000000000000000000000000000000501010000000000060102000000000007010100000000000801280000000000000000000000000000000000000000000000000000000000000000000000000000000000000000000901100000000000000000000000000000000000000000000A0124000000000000000000000000000000000000000000000000000000000000000000000000000B010100000000000C010100000000000D010100000000000E010100000000000F0101000000000010011800000000000000000000000000000000000000000000000000000000001101300000000000000000000000000000000000000000000000000000000000000000000000000000000000000000000000000000000000
04-12 20:40:40.673745  2579  3273 I RILJ    : [0084]< SET_LINK_CAPACITY_REPORTING_CRITERIA  [PHONE0]
04-12 20:40:40.674236  2579  2966 I RILJ    : Unsol response received; Sending ack to ril.cpp [PHONE0]
04-12 20:40:40.674263  2579  2966 I RILJ    : [UNSL]< UNSOL_RESPONSE_CS_NETWORK_STATE_CHANGED [PHONE0]
04-12 20:40:40.674939  2579  2966 I RILJ    : Unsol response received; Sending ack to ril.cpp [PHONE0]
04-12 20:40:40.674954  2579  2966 I RILJ    : [UNSL]< UNSOL_RESPONSE_PS_NETWORK_STATE_CHANGED [PHONE0]
04-12 20:40:40.675221  1282  1677 I AT      : RECV MSGID=0a01 [IMS_SET_CONFIG_CNF], TXID=018e, DUMP=84195424000000000102010A8E0108000000040000000000
04-12 20:40:40.675399  2579  2966 I RILJ    : Unsol response received; Sending ack to ril.cpp [PHONE0]
04-12 20:40:40.675410  2579  2966 I RILJ    : [UNSL]< UNSOL_RESPONSE_PS_NETWORK_STATE_CHANGED [PHONE0]
04-12 20:40:40.676497  1282  1677 I AT      : RECV MSGID=4011 [SYS_GEO_LOCATION_IND], TXID=ffff, DUMP=841954240000000001031140FFFF5800008101002A000000010101002A000000028102002A2A0000038102002A2A0000048102002A2A0000058101002A000000068101002A000000078101002A000000088101002A000000098101002A0000000B8104002A2A2A2A
04-12 20:40:40.677842  1282  1692 I AT      : [0] AT< +EGREG=*** (RIL_URC_READER, tid:486668315584)
04-12 20:40:40.677864  1282  1692 I AT      : [0] AT< OK (RIL_URC_READER, tid:486668315584)
04-12 20:40:40.677891  1282  1692 D RmmNwHdlr: [0] [handleCsInd][handleCsNetworkStateChanged] stat=0, lac=**FF, cid=***FFFF, eAct=0, css=0, nwk_existence=0, roam_indicator=0, cause_type=0, reject_cause=0
04-12 20:40:40.677942  1282  1692 E RfxBaseHandler: [0] registerToHandleMipcURC error:-3, slotId:0, mipcId:420d
04-12 20:40:40.678709  1282  1698 E RILC    : oemHookRawInd: radioModemServiceImpl[0].mtkEmIndication == NULL
04-12 20:40:40.680199  2579  3153 I RILJ    : [0089]> OPERATOR [PHONE0]
04-12 20:40:40.680460  1282  1715 I AT      : SEND MSGID=0407 [NW_GET_REGISTER_STATE_REQ], TXID=018f [RFXSender_6], DUMP=8419542400000000010007048F010000
04-12 20:40:40.680774  1688  2733 W TelephonyRegistry: Pid 2579 has exceeded half the number of permissible registered listeners. Now at 78
04-12 20:40:40.680821  1688  2733 D TelephonyRegistry: listen oscl: mHasNotifySubscriptionInfoChangedOccurred==false no callback
04-12 20:40:40.681777  2579  3153 I RILJ    : [0092]> DATA_REGISTRATION_STATE [PHONE0]
04-12 20:40:40.681796  2579  3153 I RILJ    : getDataRegistrationState: overrideHalVersion=null [PHONE0]
04-12 20:40:40.682650  1282  1677 I AT      : RECV MSGID=0408 [NW_GET_REGISTER_STATE_CNF], TXID=018f, DUMP=8419542400000000010208048F01880100000400000000000001260000000000000000000000000000000000000000000000000000000000000000000000000000000000000000000101020000000000020101000000000003010400000000000401280000000000000000000000000000000000000000000000000000000000000000000000000000000000000000000501010000000000060102000000000007010100000000000801280000000000000000000000000000000000000000000000000000000000000000000000000000000000000000000901100000000000000000000000000000000000000000000A0124000000000000000000000000000000000000000000000000000000000000000000000000000B010100000000000C010100000000000D010100000000000E010100000000000F0101000000000010011800000000000000000000000000000000000000000000000000000000001101300000000000000000000000000000000000000000000000000000000000000000000000000000000000000000000000000000000000
04-12 20:40:40.682749  1282  1715 D RmmNwRTReqHdlr: [0] [requestOperator] plmn is null or empty!
04-12 20:40:40.683042  1282  1715 I AT      : SEND MSGID=040d [NW_GET_PS_REQ], TXID=0190 [RFXSender_6], DUMP=841954240000000001000D0490010000
04-12 20:40:40.683072  2579  2612 I RILJ    : Unsol response received; Sending ack to ril.cpp [PHONE0]
04-12 20:40:40.683131  2579  2612 I RILJ    : [UNSL]< UNSOL_RESPONSE_CS_NETWORK_STATE_CHANGED [PHONE0]
04-12 20:40:40.684943  1282  1677 I AT      : RECV MSGID=040e [NW_GET_PS_CNF], TXID=0190, DUMP=841954240000000001020E0490018000000004002A2A2A2A000101002A000000010104002A2A2A2A020101002A000000040123002A2A2A2A2A2A2A2A2A2A2A2A2A2A2A2A2A2A2A2A2A2A2A2A2A2A2A2A2A2A2A2A2A2A2A00050101002A0000000E0128002A2A2A2A2A2A2A2A2A2A2A2A2A2A2A2A2A2A2A2A2A2A2A2A2A2A2A2A2A2A2A2A2A2A2A2A2A2A2A2A00000000
04-12 20:40:40.685250  1282  1715 D RmmNwRTReqHdlr: [0] convertToAndroidRegState s_emergencly_only=0, m_cdma_emergency_only=0, m_ims_ecc_only=0
04-12 20:40:40.685396  2579  2579 D DSMGR-0 : mIsDataEnabled=false, prevDataEnabled=false
04-12 20:40:40.685496  2579  2579 D DSMGR-0 : notifyDataEnabledChanged: enabled=false, reason=UNKNOWN, callingPackage=com.android.phone
04-12 20:40:40.688967  2579  2579 D MtkDPM  : DPM-0: EVENT_PLMN_DATA
04-12 20:40:40.689222  2579  2579 D MtkDPM  : DPM-0: mPlmnMvnoData = PlmnMvnoData(xxx) changed = true
04-12 20:40:40.689432  2579  2944 I RILJ    : [0089]< OPERATOR {, , } [PHONE0]
04-12 20:40:40.690139  2579  3153 I RILJ    : [0094]> VOICE_REGISTRATION_STATE [PHONE0]
04-12 20:40:40.690417  2579  2944 I RILJ    : [0092]< DATA_REGISTRATION_STATE RegStateResult{regState: NOT_REG_MT_NOT_SEARCHING_OP, rat: UNKNOWN, reasonForDenial: NONE, cellIdentity: CellIdentity.noinit(false), registeredPlmn: , accessTechnologySpecificInfo: AccessTechnologySpecificInfo.noinit(false)} [PHONE0]
04-12 20:40:40.690546  2579  3153 I RILJ    : getVoiceRegistrationState: overrideHalVersion=null [PHONE0]
04-12 20:40:40.691273  1282  1715 I AT      : SEND MSGID=042f [NW_GET_CS_REQ], TXID=0191 [RFXSender_6], DUMP=841954240000000001002F0491010000
04-12 20:40:40.692290  1688  1955 W TelephonyRegistry: Pid 2579 has exceeded half the number of permissible registered listeners. Now at 79
04-12 20:40:40.692346  1688  1955 D TelephonyRegistry: listen oscl: mHasNotifySubscriptionInfoChangedOccurred==false no callback
04-12 20:40:40.692667  1282  1677 I AT      : RECV MSGID=0430 [NW_GET_CS_CNF], TXID=0191, DUMP=84195424000000000102300491013000000004002A2A2A2A00810A002A2A2A2A2A2A2A2A2A2A0000010101002A00000008810C002A2A2A2A2A2A2A2A2A2A2A2A
04-12 20:40:40.692851  1282  1715 D RmmNwRTReqHdlr: [0] convertToAndroidRegState s_emergencly_only=0, m_cdma_emergency_only=0, m_ims_ecc_only=0
04-12 20:40:40.693416  2579  2612 I RILJ    : [0094]< VOICE_REGISTRATION_STATE RegStateResult{regState: NOT_REG_MT_NOT_SEARCHING_OP, rat: UNKNOWN, reasonForDenial: NONE, cellIdentity: CellIdentity.noinit(false), registeredPlmn: , accessTechnologySpecificInfo: AccessTechnologySpecificInfo.noinit(false)} [PHONE0]
04-12 20:40:40.693538  2579  2579 D CarrierResolver: handleMessage: 2
04-12 20:40:40.693650  2579  2579 D MtkGsmCdmaPhone: EVENT_ICC_CHANGED, phone id = 1, result = null
04-12 20:40:40.693674  2579  2579 E GsmCdmaPhone: [1] reapplyUiccAppsEnablementIfNeeded: slot state=null
04-12 20:40:40.693689  2579  2579 E GsmCdmaPhone: [1] reapplyUiccAppsEnablementIfNeeded(), slot is null ,mUiccApplicationsEnabled = null
04-12 20:40:40.693732  2579  2579 D MtkGsmCdmaPhone: isPhoneTypeCdmaLte:false, phoneId: 1 isCdmaWithoutLteCard: false mNewVoiceTech: -1
04-12 20:40:40.693742  2579  2579 D GsmCdmaCallTracker: [1] EVENT_RIL_CONNECTED 0
04-12 20:40:40.693748  2579  2579 D GsmCdmaCallTkr: Receives EVENT_RADIO_OFF_OR_NOT_AVAILABLE
04-12 20:40:40.693794  2579  2579 D GsmCdmaCallTracker: [1] update phone state, old=IDLE new=IDLE
04-12 20:40:40.693987  2579  2579 D MtkGsmSMSDispatcher: Wrong phone id event coming, PhoneId: -1
04-12 20:40:40.694635  2579  2579 D MtkGsmSMSDispatcher: Wrong phone id event coming, PhoneId: -1
04-12 20:40:40.694706  2579  2579 D MtkGsmInboundSmsHandler-1: StartupState.processMessage: processing EVENT_START_ACCEPTING_SMS
04-12 20:40:40.694744  2579  2579 D MtkGsmInboundSmsHandler-1: IdleState.enter: entering IdleState
04-12 20:40:40.694795  2579  2579 D MtkCdmaInboundSmsHandler-1: StartupState.processMessage: processing EVENT_START_ACCEPTING_SMS
04-12 20:40:40.694829  2579  2579 D MtkCdmaInboundSmsHandler-1: IdleState.enter: entering IdleState
04-12 20:40:40.696264  2579  2579 I RILJ    : [0097]> BASEBAND_VERSION [PHONE1]
04-12 20:40:40.696869  1282  1723 I AT      : SEND MSGID=0001 [SYS_GET_INFO_REQ], TXID=0192 [RFXSender_13], DUMP=84195424000000000200010092010000
04-12 20:40:40.698100  2579  3153 I RILJ    : [0096]> SIGNAL_STRENGTH [PHONE0]
04-12 20:40:40.698187  2579  2579 I RILJ    : [0098]> DEVICE_IMEI [PHONE1]
