04-12 20:40:35.512744  1282  1677 I AT      : RECV MSGID=053c [SIM_GET_EUICC_SLOTS_STATUS_CNF], TXID=015e, DUMP=841954240000000001023C055E01E0030000040000000000000101000200000001813A012A2A2A2A2A2A2A2A2A2A2A2A2A2A2A2A2A2A2A2A2A2A2A2A2A2A2A2A2A2A2A2A2A2A2A2A2A2A2A2A2A2A2A2A2A2A2A2A2A2A2A2A2A2A2A2A2A2A2A2A2A2A2A2A2A2A2A2A2A2A2A2A2A2A2A2A2A2A2A2A2A2A2A2A2A2A2A2A2A2A2A2A2A2A2A2A2A2A2A2A2A2A2A2A2A2A2A2A2A2A2A2A2A2A2A2A2A2A2A2A2A2A2A2A2A2A2A2A2A2A2A2A2A2A2A2A2A2A2A2A2A2A2A2A2A2A2A2A2A2A2A2A2A2A2A2A2A2A2A2A2A2A2A2A2A2A2A2A2A2A2A2A2A2A2A2A2A2A2A2A2A2A2A2A2A2A2A2A2A2A2A2A2A2A2A2A2A2A2A2A2A2A2A2A2A2A2A2A2A2A2A2A2A2A2A2A2A2A2A2A2A2A2A2A2A2A2A2A2A2A2A2A2A2A2A2A2A2A2A2A2A2A2A2A2A2A2A2A2A2A2A2A2A2A2A2A2A2A2A2A2A2A2A2A2A2A2A2A2A2A2A2A2A2A2A2A2A2A2A2A2A2A2A2A2A2A2A2A2A2A2A2A2A2A2A2A2A2A2A2A2A2A2A2A2A2A2A2A2A2A2A2A2A2A0000020100000000000000000000FA7F0200FA7F010000000000FB7F010000000000030100000000000000000000F87F0200F87F010001000000F97F010001000000040100000000000000000000F67F0200F67F010000000000F77F010001000000058100002A2A2A2A2A2A2A2A2A2A2A2AF4FF01002A000000F5FF01002A000
04-12 20:40:35.513523  1282  1698 E RadioConfig_service: radioConfigServiceImpl->configIndication is NULL
04-12 20:40:35.559914  1078  1092 I mipc_lib: SEND MSGID=1409 [MIPC_LOC_LBS_SYNC_LOCATION_EM_CONFIG_REQ], TXID=0003 [binder:1078_2], DUMP=8419542400000000010009140300100000010400010000000101040000000000
04-12 20:40:35.565921  1078  1832 I mipc_lib: RECV MSGID=140a [MIPC_LOC_LBS_SYNC_LOCATION_EM_CONFIG_CNF], TXID=0003, DUMP=841954240000000001020A1403000800000004006A000000
04-12 20:40:35.985576  1282  1692 E RfxBaseHandler: [0] unregisterToHandleMipcURC error:-1, slotId:0, mipcId:4212
04-12 20:40:35.994722  1282  1696 E RfxBaseHandler: [1] unregisterToHandleMipcURC error:-1, slotId:1, mipcId:4212
04-12 20:40:36.566248  1078  1092 I mipc_lib: SEND MSGID=1409 [MIPC_LOC_LBS_SYNC_LOCATION_EM_CONFIG_REQ], TXID=0004 [binder:1078_2], DUMP=8419542400000000010009140400100000010400010000000101040000000000
04-12 20:40:36.572345  1078  1832 I mipc_lib: RECV MSGID=140a [MIPC_LOC_LBS_SYNC_LOCATION_EM_CONFIG_CNF], TXID=0004, DUMP=841954240000000001020A1404000800000004006A000000
04-12 20:40:36.988209  1281  1298 I mipc_lib: CHECK IF MODEM IS READY STATRT!
04-12 20:40:36.988373  1281  1298 I mipc_lib: MODEM IS READY NOW! OPENCOM /dev/ttyCMIPC9 start
04-12 20:40:36.989993  1281  1298 I mipc_lib: OPENCOM /dev/ttyCMIPC9 end
04-12 20:40:36.990658  1281  1298 E mipc_lib: open libtrm success
04-12 20:40:36.990824  1281  1298 I mipc_lib: SEND MSGID=0305 [INTERNAL_TEST_REQ], TXID=0000 [thermal_core], DUMP=8419542400000000FF00050300000000
04-12 20:40:36.997050  1281  2114 I mipc_lib: RECV MSGID=0306 [INTERNAL_TEST_CNF], TXID=0000, DUMP=8419542400000000FF020603000008000000040000000000
04-12 20:40:36.997377  1281  1298 I mipc_lib: SEND MSGID=0301 [INTERNAL_OPEN_REQ], TXID=0001 [thermal_core], DUMP=8419542400000000FF00010301002800000104000200000001010F002F6465762F747479434D495043390000000000000201010001000000
04-12 20:40:37.003622  1281  2114 I mipc_lib: RECV MSGID=0302 [INTERNAL_OPEN_CNF], TXID=0001, DUMP=8419542400000000FF020203010018000000040000000000000104000000000001010400E0930400
04-12 20:40:37.003833  1281  1298 I mipc_lib: SEND MSGID=000f [SYS_GET_THERMAL_SENSOR_NUM_REQ], TXID=0002 [thermal_core], DUMP=841954240000000001000F0002000000
04-12 20:40:37.010716  1281  2114 I mipc_lib: RECV MSGID=0010 [SYS_GET_THERMAL_SENSOR_NUM_CNF], TXID=0002, DUMP=8419542400000000010210000200100000000400000000000001040004000000
04-12 20:40:37.010771  1281  1298 I mipc_lib: SEND MSGID=0017 [SYS_GET_THERMAL_ACTUATOR_NUM_REQ], TXID=0004 [thermal_core], DUMP=84195424000000000100170004000000
04-12 20:40:37.011543  1281  2114 I mipc_lib: RECV MSGID=0018 [SYS_GET_THERMAL_ACTUATOR_NUM_CNF], TXID=0004, DUMP=8419542400000000010218000400100000000400000000000001040014000000
04-12 20:40:37.011625  1281  1298 I mipc_lib: SEND MSGID=0011 [SYS_GET_THERMAL_SENSOR_INFO_REQ], TXID=0005 [thermal_core], DUMP=841954240000000001001100050008000001040000000000
04-12 20:40:37.012759  1281  2114 I mipc_lib: RECV MSGID=0012 [SYS_GET_THERMAL_SENSOR_INFO_CNF], TXID=0005, DUMP=841954240000000001021200050068000000040000000000000104000000000001010B00534F435F4F6E5F4469650000020101000000000003010100060000000401040038FFFFFF050104000F27000006010400320000000701040001000000080104000F270000090104007E0400000A0104000C000000
04-12 20:40:37.012789  1281  1298 I mipc_lib: SEND MSGID=0011 [SYS_GET_THERMAL_SENSOR_INFO_REQ], TXID=0006 [thermal_core], DUMP=841954240000000001001100060008000001040001000000
04-12 20:40:37.014695  1281  2114 I mipc_lib: RECV MSGID=0012 [SYS_GET_THERMAL_SENSOR_INFO_CNF], TXID=0006, DUMP=841954240000000001021200060068000000040000000000000104000100000001010800534F435F4E54430000000000020101000000000003010100060000000401040038FFFFFF050104000F270000060104001E0000000701040001000000080104000F270000090104007E0400000A01040064000000
04-12 20:40:37.015592  1281  1298 I mipc_lib: SEND MSGID=0011 [SYS_GET_THERMAL_SENSOR_INFO_REQ], TXID=0007 [thermal_core], DUMP=841954240000000001001100070008000001040002000000
04-12 20:40:37.022065  1281  2114 I mipc_lib: RECV MSGID=0012 [SYS_GET_THERMAL_SENSOR_INFO_CNF], TXID=0007, DUMP=841954240000000001021200070070000000040000000000000104000200000001010F0050415F47726F75705F315F4E5443000000000000020101000000000003010100060000000401040038FFFFFF050104000F270000060104001E0000000701040001000000080104000F270000090104007E0400000A01040064000000
04-12 20:40:37.022134  1281  1298 I mipc_lib: SEND MSGID=0011 [SYS_GET_THERMAL_SENSOR_INFO_REQ], TXID=0008 [thermal_core], DUMP=841954240000000001001100080008000001040003000000
04-12 20:40:37.029032  1281  2114 I mipc_lib: RECV MSGID=0012 [SYS_GET_THERMAL_SENSOR_INFO_CNF], TXID=0008, DUMP=841954240000000001021200080070000000040000000000000104000300000001010F0050415F47726F75705F325F4E5443000000000000020101000000000003010100060000000401040038FFFFFF050104000F270000060104001E0000000701040001000000080104000F270000090104007E0400000A01040064000000
04-12 20:40:37.029071  1281  1298 I mipc_lib: SEND MSGID=0065 [SYS_GET_ALL_THERMAL_INFO_REQ], TXID=0009 [thermal_core], DUMP=84195424000000000100650009000000
04-12 20:40:37.030915  1281  2114 I mipc_lib: RECV MSGID=0066 [SYS_GET_ALL_THERMAL_INFO_CNF], TXID=0009, DUMP=8419542400000000010266000900180500000400000000000101010001000000020100000000000000000000FC7F0400FC7F080000000000D001000000000000FD7F0800010000005901000000000000FE7F0800020000005001000000000000FF7F0800030000004901000000000000030100000000000000000000E87F1400E87F3400010000000800000000000000554C205468726F74746C650000000000000000000000000000000000000000000000000000000000E97F3400020000001500000000000000545820504F5745522034470000000000000000000000000000000000000000000000000000000000EA7F340003000000FF000000FFFFFF00434320436F6E74726F6C000000000000000000000000000000000000000000000000000000000000EB7F340004000000000000000000000048656164737769746368000000000000000000000000000000000000000000000000000000000000EC7F340005000000000000000000000052415300000000000000000000000000000000000000000000000000000000000000000000000000ED7F3400060000000000000000000000545820504F5745522035472000000000000000000000000000000000000000000000000000000000EE7F340007000000010000000000000
04-12 20:40:37.202906  1688  1688 D TelephonyRegistry: listen oscl: mHasNotifySubscriptionInfoChangedOccurred==false no callback
04-12 20:40:37.234159  1688  2154 D TelephonyRegistry: listen oscl: mHasNotifySubscriptionInfoChangedOccurred==false no callback
04-12 20:40:37.458098  1688  2173 D TelephonyRegistry: listen oscl: mHasNotifySubscriptionInfoChangedOccurred==false no callback
04-12 20:40:37.572930  1078  1092 I mipc_lib: SEND MSGID=1409 [MIPC_LOC_LBS_SYNC_LOCATION_EM_CONFIG_REQ], TXID=0005 [binder:1078_2], DUMP=8419542400000000010009140500100000010400010000000101040000000000
04-12 20:40:37.578957  1078  1832 I mipc_lib: RECV MSGID=140a [MIPC_LOC_LBS_SYNC_LOCATION_EM_CONFIG_CNF], TXID=0005, DUMP=841954240000000001020A1405000800000004006A000000
04-12 20:40:37.589881  1688  1688 D TelephonyRegistry: listen oscl: mHasNotifySubscriptionInfoChangedOccurred==false no callback
04-12 20:40:37.994812  1688  1688 W TelephonyRegistry: Pid 1688 has exceeded half the number of permissible registered listeners. Now at 25
04-12 20:40:37.994963  1688  1688 W TelephonyRegistry: Pid 1688 has exceeded half the number of permissible registered listeners. Now at 26
04-12 20:40:38.149631  1688  1688 W TelephonyRegistry: Pid 1688 has exceeded half the number of permissible registered listeners. Now at 27
04-12 20:40:38.150355  1688  1688 W TelephonyRegistry: Pid 1688 has exceeded half the number of permissible registered listeners. Now at 28
04-12 20:40:38.342516  1688  2140 W TelephonyRegistry: Pid 1688 has exceeded half the number of permissible registered listeners. Now at 29
04-12 20:40:38.342577  1688  2140 D TelephonyRegistry: listen oscl: mHasNotifySubscriptionInfoChangedOccurred==false no callback
04-12 20:40:38.345553  1688  1688 W TelephonyRegistry: Pid 1688 has exceeded half the number of permissible registered listeners. Now at 30
04-12 20:40:38.345573  1688  1688 D TelephonyRegistry: listen oscl: mHasNotifySubscriptionInfoChangedOccurred==false no callback
04-12 20:40:38.346449  1688  1688 W TelephonyRegistry: Pid 1688 has exceeded half the number of permissible registered listeners. Now at 31
04-12 20:40:38.346729  1688  1688 W TelephonyRegistry: Pid 1688 has exceeded half the number of permissible registered listeners. Now at 32
04-12 20:40:38.347279  1688  1688 W TelephonyRegistry: Pid 1688 has exceeded half the number of permissible registered listeners. Now at 33
04-12 20:40:38.347446  1688  1688 W TelephonyRegistry: Pid 1688 has exceeded half the number of permissible registered listeners. Now at 34
04-12 20:40:38.465652  1688  2153 W TelephonyRegistry: Pid 1688 has exceeded half the number of permissible registered listeners. Now at 35
04-12 20:40:38.465861  1688  2153 W TelephonyRegistry: Pid 1688 has exceeded half the number of permissible registered listeners. Now at 36
04-12 20:40:38.466467  1688  2141 W TelephonyRegistry: Pid 1688 has exceeded half the number of permissible registered listeners. Now at 37
04-12 20:40:38.466531  1688  2141 D TelephonyRegistry: listen oscl: mHasNotifySubscriptionInfoChangedOccurred==false no callback
04-12 20:40:38.473763  1688  2141 W TelephonyRegistry: Pid 1688 has exceeded half the number of permissible registered listeners. Now at 38
04-12 20:40:38.498140  1688  1688 W TelephonyRegistry: Pid 1688 has exceeded half the number of permissible registered listeners. Now at 39
04-12 20:40:38.498306  1688  1688 W TelephonyRegistry: Pid 1688 has exceeded half the number of permissible registered listeners. Now at 40
04-12 20:40:38.498322  1688  1688 D TelephonyRegistry: listen oscl: mHasNotifySubscriptionInfoChangedOccurred==false no callback
04-12 20:40:38.526919  1688  1819 W CarrierConfigManager: Error getting config for subId -1 ICarrierConfigLoader is null
04-12 20:40:38.553603  1688  1688 W TelephonyRegistry: Pid 1688 has exceeded half the number of permissible registered listeners. Now at 41
04-12 20:40:38.553651  1688  1688 D TelephonyRegistry: listen oscl: mHasNotifySubscriptionInfoChangedOccurred==false no callback
04-12 20:40:38.558105  1688  1688 W TelephonyRegistry: Pid 1688 has exceeded half the number of permissible registered listeners. Now at 42
04-12 20:40:38.558117  1688  1688 D TelephonyRegistry: listen oscl: mHasNotifySubscriptionInfoChangedOccurred==false no callback
04-12 20:40:38.576120  1688  1688 D TelephonyRegistry: systemRunning register for intents
04-12 20:40:38.579207  1078  1092 I mipc_lib: SEND MSGID=1409 [MIPC_LOC_LBS_SYNC_LOCATION_EM_CONFIG_REQ], TXID=0006 [binder:1078_2], DUMP=8419542400000000010009140600100000010400010000000101040000000000
04-12 20:40:38.585701  1078  1832 I mipc_lib: RECV MSGID=140a [MIPC_LOC_LBS_SYNC_LOCATION_EM_CONFIG_CNF], TXID=0006, DUMP=841954240000000001020A1406000800000004006A000000
04-12 20:40:38.600214  1688  1841 W TelephonyRegistry: Pid 1688 has exceeded half the number of permissible registered listeners. Now at 43
04-12 20:40:38.600275  1688  1841 D TelephonyRegistry: listen oscl: mHasNotifySubscriptionInfoChangedOccurred==false no callback
04-12 20:40:38.811923  2644  2644 I ImsApp  : ImsApp onCreate begin
04-12 20:40:38.814326  2644  2644 I ImsService: init
04-12 20:40:38.815139  2644  2644 I IMS_RILA: Ims-RIL: init phone = 0
04-12 20:40:38.826990  2644  2644 I IMS_RILA: Ims-RIL: proxy = true [SUB0]
04-12 20:40:38.828136  2644  2644 I IMS_RILA: getRadioServiceProxy: voice mRadioVersion 2.2 [SUB0]
04-12 20:40:38.828283  2644  2644 I IMS_RILA: Ims-RIL: serviceProxy.isAidl = true [SUB0]
04-12 20:40:38.837172  1282  1282 I RIL-Fusion: getRadioState(): (0)radioState=0
04-12 20:40:38.837230  1282  1282 E RILC    : radioStateChanged: radioModemServiceImpl[0].modemIndication == NULL
04-12 20:40:38.837236  1282  1282 I RIL-Fusion: getRadioState(): (0)radioState=0
04-12 20:40:38.837240  1282  1282 E RILC    : imsRadioStateChangedInd: ims radioModemServiceImpl[4].modemIndication == NULL
04-12 20:40:38.837413  1282  1282 E RILC    : radioStateChangedInd: radioModemServiceImpl[8].modemIndication == NULL
04-12 20:40:38.837442  1282  1282 E RILC    : radioStateChanged: radioModemServiceImpl[0].mtkEmIndication == NULL
04-12 20:40:38.837464  1282  1324 I RILC    : sendPendedUrcCallback 1 0 2
04-12 20:40:38.837748  1282  1282 I RILC    : onNewCommandConnect, slot 0, client 2
04-12 20:40:38.837999  2644  2644 I IMS_RILA: getRadioServiceProxy: sim mRadioVersion 2.2 [SUB0]
04-12 20:40:38.838244  2644  2644 I IMS_RILA: Ims-RIL: serviceProxy.isAidl = true [SUB0]
04-12 20:40:38.843057  2579  2579 I MtkIccProvider: MtkIccProvider URL_MATCHER android.content.UriMatcher@daf544d
04-12 20:40:38.843633  2644  2644 D RadioModemProxy: AIDL initialized
04-12 20:40:38.843848  2644  2644 I IMS_RILA: getRadioServiceProxy: modem mRadioVersion 2.2 [SUB0]
04-12 20:40:38.844143  2644  2644 I IMS_RILA: Ims-RIL: serviceProxy.isAidl = true [SUB0]
04-12 20:40:38.844808  1282  1282 I RILC    : notifyModemImsServiceReady, [0]Fire Pending indication UNSOL_RESPONSE_RADIO_STATE_CHANGED(0)
04-12 20:40:38.844911  1282  1282 I RIL-Fusion: getRadioState(): (0)radioState=0
04-12 20:40:38.845822  2644  2644 D RadioNetworkProxy: AIDL initialized
04-12 20:40:38.845897  2644  2644 I IMS_RILA: getRadioServiceProxy: nw mRadioVersion 2.2 [SUB0]
04-12 20:40:38.846127  2644  2644 I IMS_RILA: Ims-RIL: serviceProxy.isAidl = true [SUB0]
04-12 20:40:38.847416  2644  2644 D MtkRadioExImsProxy: AIDL version=2, halVersion=4.1
04-12 20:40:38.847541  2644  2644 I IMS_RILA: getMtkRadioExServiceProxy, ims mMtkRadioVersion = 4.1 [SUB0]
04-12 20:40:38.848227  1282  1282 I RILC    : onNewCommandConnect, slot 0, client 3
04-12 20:40:38.848460  1282  1324 I RILC    : sendPendedUrcCallback 1 0 3
04-12 20:40:38.848530  1282  1324 I RILC    : sendPendedUrcs start RIL_SOCKET_1, RIL_UNSOL_IMS_BEARER_INIT, client 3
04-12 20:40:38.848614  1282  1324 I RILC    : sendPendedUrcs end RIL_SOCKET_1, RIL_UNSOL_IMS_BEARER_INIT, client 3
04-12 20:40:38.850047  2644  2644 D MtkRadioExVoiceProxy: AIDL version=1, halVersion=4.0
04-12 20:40:38.850172  2644  2644 I IMS_RILA: getMtkRadioExServiceProxy, voice mMtkRadioVersion = 4.0 [SUB0]
04-12 20:40:38.851634  2644  2644 D MtkRadioExModemProxy: AIDL version=3, halVersion=4.2
04-12 20:40:38.851690  2644  2644 I IMS_RILA: getMtkRadioExServiceProxy modem mMtkRadioVersion = 4.2 [SUB0]
04-12 20:40:38.852969  2644  2644 I IMS_RILA: Ims-RIL: init phone = 1
04-12 20:40:38.854228  2644  2644 I IMS_RILA: Ims-RIL: proxy = true [SUB1]
04-12 20:40:38.855256  2644  2644 I IMS_RILA: getRadioServiceProxy: voice mRadioVersion 2.2 [SUB1]
04-12 20:40:38.855371  2644  2644 I IMS_RILA: Ims-RIL: serviceProxy.isAidl = true [SUB1]
04-12 20:40:38.856572  1282  1282 I RIL-Fusion: getRadioState(): (1)radioState=0
04-12 20:40:38.856612  1282  1282 E RILC    : radioStateChanged: radioModemServiceImpl[1].modemIndication == NULL
04-12 20:40:38.856616  1282  1282 I RIL-Fusion: getRadioState(): (1)radioState=0
04-12 20:40:38.856619  1282  1282 E RILC    : imsRadioStateChangedInd: ims radioModemServiceImpl[5].modemIndication == NULL
04-12 20:40:38.856622  1282  1282 E RILC    : radioStateChangedInd: radioModemServiceImpl[9].modemIndication == NULL
04-12 20:40:38.856624  1282  1282 E RILC    : radioStateChanged: radioModemServiceImpl[1].mtkEmIndication == NULL
04-12 20:40:38.857813  1282  1282 I RILC    : onNewCommandConnect, slot 1, client 2
04-12 20:40:38.857868  1282  1324 I RILC    : sendPendedUrcCallback 1 1 2
04-12 20:40:38.858025  2644  2644 I IMS_RILA: getRadioServiceProxy: sim mRadioVersion 2.2 [SUB1]
04-12 20:40:38.858141  2644  2644 I IMS_RILA: Ims-RIL: serviceProxy.isAidl = true [SUB1]
04-12 20:40:38.859230  2644  2644 D RadioModemProxy: AIDL initialized
04-12 20:40:38.859252  2644  2644 I IMS_RILA: getRadioServiceProxy: modem mRadioVersion 2.2 [SUB1]
04-12 20:40:38.859550  2644  2644 I IMS_RILA: Ims-RIL: serviceProxy.isAidl = true [SUB1]
04-12 20:40:38.859828  1282  1282 I RILC    : notifyModemImsServiceReady, [1]Fire Pending indication UNSOL_RESPONSE_RADIO_STATE_CHANGED(1)
04-12 20:40:38.859845  1282  1282 I RIL-Fusion: getRadioState(): (1)radioState=0
04-12 20:40:38.860295  2644  2644 D RadioNetworkProxy: AIDL initialized
04-12 20:40:38.860342  2644  2644 I IMS_RILA: getRadioServiceProxy: nw mRadioVersion 2.2 [SUB1]
04-12 20:40:38.860483  2644  2644 I IMS_RILA: Ims-RIL: serviceProxy.isAidl = true [SUB1]
04-12 20:40:38.861585  2644  2644 D MtkRadioExImsProxy: AIDL version=2, halVersion=4.1
04-12 20:40:38.861608  2644  2644 I IMS_RILA: getMtkRadioExServiceProxy, ims mMtkRadioVersion = 4.1 [SUB1]
04-12 20:40:38.861877  1282  1282 I RILC    : onNewCommandConnect, slot 1, client 3
04-12 20:40:38.861919  1282  1324 I RILC    : sendPendedUrcCallback 1 1 3
04-12 20:40:38.861926  1282  1324 I RILC    : sendPendedUrcs start RIL_SOCKET_2, RIL_UNSOL_IMS_BEARER_INIT, client 3
04-12 20:40:38.862153  1282  1324 I RILC    : sendPendedUrcs end RIL_SOCKET_2, RIL_UNSOL_IMS_BEARER_INIT, client 3
04-12 20:40:38.862954  2644  2644 D MtkRadioExVoiceProxy: AIDL version=1, halVersion=4.0
04-12 20:40:38.862977  2644  2644 I IMS_RILA: getMtkRadioExServiceProxy, voice mMtkRadioVersion = 4.0 [SUB1]
04-12 20:40:38.864470  2644  2644 D MtkRadioExModemProxy: AIDL version=3, halVersion=4.2
04-12 20:40:38.864504  2644  2644 I IMS_RILA: getMtkRadioExServiceProxy modem mMtkRadioVersion = 4.2 [SUB1]
04-12 20:40:38.865213  2644  2644 D ImsDataTracker: mIsBearerNotify rule set to 1
04-12 20:40:38.866484  2644  2728 D DC-ims[0]: DefaultState: enter
04-12 20:40:38.866503  2644  2728 D DC-ims[0]: InactiveState: refreshNetworkLostListener
04-12 20:40:38.866550  2644  2728 E DC-ims[0]: InactiveState: cb already has been released!!
04-12 20:40:38.866573  2644  2728 D DC-ims[0]: InactiveState: refreshNetworkLostListener, uid = 1001, package name: com.mediatek.ims
04-12 20:40:38.867011  2644  2644 D ImsDataTracker: setImsBearerNotification enable: 1
04-12 20:40:38.868651  2644  2728 D DC-ims[0]: InactiveState:  enter
04-12 20:40:38.869145  2644  2728 D DC-emergency[0]: DefaultState: enter
04-12 20:40:38.869204  2644  2728 D DC-emergency[0]: InactiveState: refreshNetworkLostListener
04-12 20:40:38.869251  2644  2728 E DC-emergency[0]: InactiveState: cb already has been released!!
04-12 20:40:38.869274  2644  2728 D DC-emergency[0]: InactiveState: refreshNetworkLostListener, uid = 1001, package name: com.mediatek.ims
04-12 20:40:38.870525  1282  1718 I RmmDcImsURCHandler: [0][handleImsBearerNotification] handleImsBearerNotification phone=0 enable=1
04-12 20:40:38.870580  1282  1718 I RmmDcImsURCHandler: [0][checkImsServiceRestartAfterSystemCrash] vendor.ril.zygote.state=
04-12 20:40:38.870604  1282  1718 I RmmDcImsURCHandler: [0][notifyUnsyncImsBearerRequest] imsPdnState=0
04-12 20:40:38.870621  1282  1718 D RmmDcImsURCHandler: [0][notifyUnsyncImsBearerRequest] no ongoing ACTIVATED or DEACTIVATED event
04-12 20:40:38.870978  2644  2728 D DC-emergency[0]: InactiveState:  enter
04-12 20:40:38.871149  2644  2644 D ImsDataTracker: setImsBearerNotification enable: 1
04-12 20:40:38.871283  2644  2735 D DC-emergency[1]: DefaultState: enter
04-12 20:40:38.871344  2644  2735 D DC-emergency[1]: InactiveState: refreshNetworkLostListener
04-12 20:40:38.871381  2644  2735 E DC-emergency[1]: InactiveState: cb already has been released!!
04-12 20:40:38.871389  2644  2735 D DC-emergency[1]: InactiveState: refreshNetworkLostListener, uid = 1001, package name: com.mediatek.ims
04-12 20:40:38.871764  2644  2735 D DC-emergency[1]: InactiveState:  enter
04-12 20:40:38.871882  2644  2735 D DC-ims[1]: DefaultState: enter
04-12 20:40:38.871938  2644  2735 D DC-ims[1]: InactiveState: refreshNetworkLostListener
04-12 20:40:38.872003  2644  2735 E DC-ims[1]: InactiveState: cb already has been released!!
04-12 20:40:38.872023  2644  2735 D DC-ims[1]: InactiveState: refreshNetworkLostListener, uid = 1001, package name: com.mediatek.ims
04-12 20:40:38.872430  2644  2735 D DC-ims[1]: InactiveState:  enter
04-12 20:40:38.873205  1282  1735 I RmmDcImsURCHandler: [1][handleImsBearerNotification] handleImsBearerNotification phone=1 enable=1
04-12 20:40:38.873228  1282  1735 I RmmDcImsURCHandler: [1][checkImsServiceRestartAfterSystemCrash] vendor.ril.zygote.state=
04-12 20:40:38.873232  1282  1735 I RmmDcImsURCHandler: [1][notifyUnsyncImsBearerRequest] imsPdnState=0
04-12 20:40:38.873233  1282  1735 D RmmDcImsURCHandler: [1][notifyUnsyncImsBearerRequest] no ongoing ACTIVATED or DEACTIVATED event
04-12 20:40:38.876059  1688  2442 D TelephonyRegistry: listen oscl: mHasNotifySubscriptionInfoChangedOccurred==false no callback
04-12 20:40:38.876602  2644  2644 D ImsManagerOemPluginBase: default isMergeRcsStateToImsSupport = false
04-12 20:40:38.883286  1282  1715 I AT      : SEND MSGID=050f [SIM_STATUS_REQ], TXID=015f [RFXSender_6], DUMP=841954240000000001000F055F0108000001010001000000
04-12 20:40:38.889511  2644  2644 D ImsConfigEventReceiver[0]: init with phoneId:0, simState = 0, carrier config loaded: false
04-12 20:40:38.890506  1282  1677 I AT      : RECV MSGID=0510 [SIM_STATUS_CNF], TXID=015f, DUMP=8419542400000000010210055F010801000004000300000000010100000000000101010000000000020101000000000003010100000000000401010000000000050101000000000006010100FF00000007010100FF00000008010100FF00000009010100000000000C8115002A2A2A2A2A2A2A2A2A2A2A2A2A2A2A2A2A2A2A2A2A000000000000000D8150002A2A2A2A2A2A2A2A2A2A2A2A2A2A2A2A2A2A2A2A2A2A2A2A2A2A2A2A2A2A2A2A2A2A2A2A2A2A2A2A2A2A2A2A2A2A2A2A2A2A2A2A2A2A2A2A2A2A2A2A2A2A2A2A2A2A2A2A2A2A2A2A2A2A2A2A2A2A2A2A000000000E010100000000000F0101000000000010010100000000001101010000000000120101000000000014010100000000001501010000000000
04-12 20:40:38.893244  2644  2644 D FeatureConnector: [InstanceManager, 0] imsFeatureRemoved: reason=3
04-12 20:40:38.894521  2644  2747 I ImsManager: IM[0] connectionUnavailable, reason: 3
04-12 20:40:38.895681  1282  1715 I RmmSimCommReq: [0] handleGetSimStatusResponse, token:11, result:3,state:0,pin:0,appindex:-1,-1,-1, atr:80,, icid:21,, eid:0,(null), mepMode:0
04-12 20:40:38.895791  1688  2282 D TelephonyRegistry: listen oscl: mHasNotifySubscriptionInfoChangedOccurred==false no callback
04-12 20:40:38.896132  1282  1698 I RtmRadioCont: [0] onSimStateChanged 6 -> 1
04-12 20:40:38.896166  1282  1698 I RtmRadioCont: [0] updateRadioState, SIM1 state:1, request:0, current:0
04-12 20:40:38.896172  1282  1698 I RtmRadioCont: [0] updateRadioState, SIM2 state:1, request:0, current:0
04-12 20:40:38.896622  1282  1698 I RtmImsConfigController: [0] onSimStateChanged, simState = 1
04-12 20:40:38.896800  1282  1698 I RtmImsConfigController: [0] Do not support DYNAMIC IMS SWITCH, return!
04-12 20:40:38.896811  1282  1698 I VT RIL RTM: [0] onSimStateChanged, simState = 1
04-12 20:40:38.896814  1282  1698 I VT RIL RTM: [0] SIM absemt, clear SPB in Mcl
04-12 20:40:38.897490  2644  2644 D SuppServExt: [0]MtkSuppServExt init done.
04-12 20:40:38.897527  2644  2644 D ImsEventPackageAdapter: ImsEventPackageAdapter()
04-12 20:40:38.897660  2644  2644 D ImsEventPackageAdapter: Use AOSP default ImsExternalCallState.
04-12 20:40:38.897752  1282  1721 I VT RIL RMM: [Handle REQ] request = 59028
04-12 20:40:38.897778  1282  1721 I VT RIL RMM: clear SBP flag for slotId: 0
04-12 20:40:38.897979  1282  1698 E RILC    : RIL_onRequestComplete: invalid RIL_Token
04-12 20:40:38.899994  2644  2737 D SuppServExt: [0]handleMessage: EVENT_RADIO_OFF(3)
04-12 20:40:38.902301  1282  1730 I AT      : SEND MSGID=050f [SIM_STATUS_REQ], TXID=0160 [RFXSender_18], DUMP=841954240000000002000F05600108000001010001000000
04-12 20:40:38.903084  2644  2644 D ImsConfigEventReceiver[1]: init with phoneId:1, simState = 0, carrier config loaded: false
04-12 20:40:38.904786  2644  2644 D FeatureConnector: [InstanceManager, 1] imsFeatureRemoved: reason=3
04-12 20:40:38.906275  2644  2758 I ImsManager: IM[1] connectionUnavailable, reason: 3
04-12 20:40:38.907295  1688  2442 D TelephonyRegistry: listen oscl: mHasNotifySubscriptionInfoChangedOccurred==false no callback
04-12 20:40:38.907667  2644  2644 D SuppServExt: [1]MtkSuppServExt init done.
04-12 20:40:38.907767  2644  2644 D ImsEventPackageAdapter: ImsEventPackageAdapter()
04-12 20:40:38.907835  2644  2644 D ImsEventPackageAdapter: Use AOSP default ImsExternalCallState.
04-12 20:40:38.908324  2644  2737 D SuppServExt: [1]handleMessage: EVENT_RADIO_OFF(3)
04-12 20:40:38.910233  1282  1677 I AT      : RECV MSGID=0510 [SIM_STATUS_CNF], TXID=0160, DUMP=84195424000000000202100560010801000004000300000000010100000000000101010001000000020101000100000003010100000000000401010000000000050101000000000006010100FF00000007010100FF00000008010100FF00000009010100000000000C8115002A2A2A2A2A2A2A2A2A2A2A2A2A2A2A2A2A2A2A2A2A000000000000000D8150002A2A2A2A2A2A2A2A2A2A2A2A2A2A2A2A2A2A2A2A2A2A2A2A2A2A2A2A2A2A2A2A2A2A2A2A2A2A2A2A2A2A2A2A2A2A2A2A2A2A2A2A2A2A2A2A2A2A2A2A2A2A2A2A2A2A2A2A2A2A2A2A2A2A2A2A2A2A2A2A000000000E010100000000000F0101000000000010010100000000001101010000000000120101000000000014010100010000001501010000000000
04-12 20:40:38.910291  1282  1712 I AT      : SEND MSGID=0003 [SYS_AT_REQ], TXID=0161 [RFXSender_3], DUMP=8419542400000000010003006101100000810B002A2A2A2A2A2A2A2A2A2A2A00
04-12 20:40:38.912191  1282  1727 I AT      : SEND MSGID=0003 [SYS_AT_REQ], TXID=0162 [RFXSender_15], DUMP=8419542400000000020003006201100000810B002A2A2A2A2A2A2A2A2A2A2A00
04-12 20:40:38.912999  1282  1677 I AT      : RECV MSGID=4a01 [IMS_STATE_IND], TXID=ffff, DUMP=84195424000000000103014AFFFF1800000101000000000001010100000000000201040000000000
04-12 20:40:38.913141  1282  1692 I RmmImsCtlUrcHdl: [0] handleImsRegistrationInfo, +CIREGU:0,0
04-12 20:40:38.913319  1282  1698 E RILC    : imsNetworkStateChangedInd: radioNetworkServiceImpl[0]->networkIndication == NULL
04-12 20:40:38.913765  1282  1677 I AT      : RECV MSGID=0004 [SYS_AT_CNF], TXID=0161, DUMP=841954240000000001020400610118000000040000000000008107002A2A2A2A2A2A2A0000000000
04-12 20:40:38.917441  1282  1730 I RmmSimCommReq: [1] handleGetSimStatusResponse, token:13, result:3,state:0,pin:0,appindex:-1,-1,-1, atr:80,, icid:21,, eid:0,(null), mepMode:0
04-12 20:40:38.917496  1282  1698 I RtmRadioCont: [1] onSimStateChanged 6 -> 1
04-12 20:40:38.917512  1282  1698 I RtmRadioCont: [1] updateRadioState, SIM1 state:1, request:0, current:0
04-12 20:40:38.917515  1282  1698 I RtmRadioCont: [1] updateRadioState, SIM2 state:1, request:0, current:0
04-12 20:40:38.917638  2644  2737 D SuppServExt: [0]handleMessage: EVENT_IMS_REGISTRATION_INFO(1)
04-12 20:40:38.917655  2644  2737 D SuppServExt: [0]EVENT_IMS_REGISTRATION_INFO: 0
04-12 20:40:38.917872  1282  1698 I RtmImsConfigController: [1] onSimStateChanged, simState = 1
04-12 20:40:38.917903  1282  1698 I RtmImsConfigController: [1] Do not support DYNAMIC IMS SWITCH, return!
04-12 20:40:38.917908  1282  1698 I VT RIL RTM: [1] onSimStateChanged, simState = 1
04-12 20:40:38.917911  1282  1698 I VT RIL RTM: [1] SIM absemt, clear SPB in Mcl
04-12 20:40:38.917995  1282  1721 I VT RIL RMM: [Handle REQ] request = 59028
04-12 20:40:38.917999  1282  1721 I VT RIL RMM: clear SBP flag for slotId: 1
04-12 20:40:38.918093  1282  1698 E RILC    : RIL_onRequestComplete: invalid RIL_Token
04-12 20:40:38.921730  2644  2644 D ImsManagerOemPluginBase: default isWfcSupport
04-12 20:40:38.921779  2644  2644 D WfoService: WfoService new MWIService
04-12 20:40:38.921910  2644  2644 D MWIS    : [MwiService] Construct MwiService
04-12 20:40:38.921962  2644  2644 D MWIS    : [MwiService] mSimCount: 2
04-12 20:40:38.924501  1282  1677 I AT      : RECV MSGID=4a01 [IMS_STATE_IND], TXID=ffff, DUMP=84195424000000000203014AFFFF1800000101000000000001010100000000000201040000000000
04-12 20:40:38.924583  1282  1677 I AT      : RECV MSGID=0004 [SYS_AT_CNF], TXID=0162, DUMP=841954240000000002020400620118000000040000000000008107002A2A2A2A2A2A2A0000000000
04-12 20:40:38.924748  2644  2644 E MwiRIL  : mRadioProxyEx getService() done [SUB0]
04-12 20:40:38.924994  2644  2644 E MwiRIL  : mRadioProxyEx getService() done 2 [SUB0]
04-12 20:40:38.925265  1282  1324 I RILC    : sendPendedUrcCallback 1 0 4
04-12 20:40:38.925344  1282  1282 I RILC    : onNewCommandConnect, slot 0, client 4
04-12 20:40:38.925780  2644  2644 E MwiRIL  : mRadioProxyEx getService() done [SUB1]
04-12 20:40:38.925952  2644  2644 E MwiRIL  : mRadioProxyEx getService() done 2 [SUB1]
04-12 20:40:38.926269  1282  1282 I RILC    : onNewCommandConnect, slot 1, client 4
04-12 20:40:38.926295  1282  1324 I RILC    : sendPendedUrcCallback 1 1 4
04-12 20:40:38.926993  2644  2775 D WifiPdnHandler: initWifiManager.
04-12 20:40:38.928876  1282  1696 I RmmImsCtlUrcHdl: [1] handleImsRegistrationInfo, +CIREGU:0,0
04-12 20:40:38.929326  1282  1698 E RILC    : imsNetworkStateChangedInd: radioNetworkServiceImpl[1]->networkIndication == NULL
04-12 20:40:38.932302  1282  1712 I AT      : SEND MSGID=0b06 [WFC_CFG_REQ], TXID=0163 [RFXSender_3], DUMP=84195424000000000100060B630108000001010001000000
04-12 20:40:38.932589  2644  2737 D SuppServExt: [1]handleMessage: EVENT_IMS_REGISTRATION_INFO(1)
04-12 20:40:38.932741  2644  2737 D SuppServExt: [1]EVENT_IMS_REGISTRATION_INFO: 0
04-12 20:40:38.938876  1282  1677 I AT      : RECV MSGID=0b07 [WFC_CFG_CNF], TXID=0163, DUMP=84195424000000000102070B630108000000040000000000
04-12 20:40:38.954332  2644  2644 I ImsService: Clearing all calls...
04-12 20:40:38.961692  1688  2282 D TelephonyRegistry: listen oscl: mHasNotifySubscriptionInfoChangedOccurred==false no callback
04-12 20:40:38.964541  2644  2644 I ImsApp  : ImsApp onCreate end
04-12 20:40:38.987775  1688  1688 D TelephonyRegistry: notifyCellLocationForSubscriber: subId=2147483647 cellIdentity=null
04-12 20:40:38.988283  1688  1688 D TelephonyRegistry: notifyCellLocationForSubscriber: subId=2147483647 cellIdentity=null
04-12 20:40:38.991228  2608  2608 W CarrierConfigManager: Error getting config for subId -1 ICarrierConfigLoader is null
04-12 20:40:39.006108  1282  1725 D VT RIL THD: [VT RIL THD] msg_type = 103002, recv_length = 12
04-12 20:40:39.006151  1282  1725 I VT RIL PSR: [VT  PARSER] MSG_ID_WRAP_IMSVT_RILD_VTSERVICE_STATUS
04-12 20:40:39.006157  1282  1725 D VT RIL THD: [VT RIL THD] slot_id = 0, msg_data.size = 20, msg_data.data = 12970367416402460224
04-12 20:40:39.008641  1282  1721 I VT RIL RMM: [Handle EVT] event = 59023
04-12 20:40:39.008652  1282  1721 D VT RIL RMM: [VTREQ SENT] pSendMsg->size = 20, pSendMsg->data = 12970367416402620688
04-12 20:40:39.008654  1282  1721 I VT RIL RMM: [VTREQ SENT] RILD_IMS_CLIENT_READY
04-12 20:40:39.010219  2644  2775 I WifiPdnHandler: isThinModemSupport:0
04-12 20:40:39.010432  1282  1712 I AT      : SEND MSGID=cb02 [WFC_WIFI_INFO_NTF], TXID=ffff [RFXSender_3], DUMP=8419542400000000010002CBFFFF2000000106002A2A2A2A2A2A000000000000010101002A000000020101002A000000
04-12 20:40:39.012799  2644  2775 W CarrierConfigManager: Error getting config for subId -1 ICarrierConfigLoader is null
04-12 20:40:39.013464  2644  2775 W CarrierConfigManager: Error getting config for subId -1 ICarrierConfigLoader is null
04-12 20:40:39.013755  1282  1712 I RmmMwi  : [0] EWIFIASC_CONN_STATE:1
04-12 20:40:39.022550  2644  2644 D MWIS    : [MwiService] getWfcHandlerInterface
04-12 20:40:39.024112  2644  2644 W OperatorUtils: getMccMnc, mccMnc value:
04-12 20:40:39.024492  2644  2644 W CarrierConfigManager: Error getting config for subId -1 ICarrierConfigLoader is null
04-12 20:40:39.037095  1282  1712 I RmmMwi  : [0] setWifiAssociated assoc:0, wifi_state:0, wifi_state_support:1
04-12 20:40:39.037146  1282  1712 I AT      : SEND MSGID=cb02 [WFC_WIFI_INFO_NTF], TXID=ffff [RFXSender_3], DUMP=8419542400000000010002CBFFFF6000070102002A2A0000000106002A2A2A2A2A2A000000000000080106002A2A2A2A2A2A000000000000110101002A000000030101002A000000130101002A000000040102002A2A0000140101002A000000050106002A2A2A2A2A2A000000000000
04-12 20:40:39.037363  2644  2775 I WfcHandler: initWifiApmState() isApmEnhancementEnabled: 1
04-12 20:40:39.047169  1282  1712 I AT      : SEND MSGID=cb02 [WFC_WIFI_INFO_NTF], TXID=ffff [RFXSender_3], DUMP=8419542400000000010002CBFFFF2000000106002A2A2A2A2A2A000000000000010101002A000000020101002A000000
04-12 20:40:39.053068  1282  1712 I AT      : SEND MSGID=cb02 [WFC_WIFI_INFO_NTF], TXID=ffff [RFXSender_3], DUMP=8419542400000000010002CBFFFF1800000106002A2A2A2A2A2A000000000000150101002A000000
04-12 20:40:39.053955  2644  2644 W CarrierConfigManager: Error getting config for subId -1 ICarrierConfigLoader is null
04-12 20:40:39.058014  2579  2579 W TelephonyComponentFactory: getValidatedPaths: com.mediatek.internal.telephony.MtkTelephonyComponentFactory ,/system_ext/framework/mediatek-telephony-common.jar
04-12 20:40:39.058170  2579  2579 W TelephonyComponentFactory: StructStatVfs: 4097 ,1
04-12 20:40:39.058198  2579  2579 D TelephonyComponentFactory: validated paths: /system_ext/framework/mediatek-telephony-common.jar
04-12 20:40:39.058544  1282  1712 I RmmMwi  : [0] setWifiAssociated assoc:0, wifi_state:0, wifi_state_support:1
04-12 20:40:39.058565  2644  2644 W OperatorUtils: getMccMnc, mccMnc value:
04-12 20:40:39.058575  1282  1712 I AT      : SEND MSGID=cb02 [WFC_WIFI_INFO_NTF], TXID=ffff [RFXSender_3], DUMP=8419542400000000010002CBFFFF6000070102002A2A0000000106002A2A2A2A2A2A000000000000080106002A2A2A2A2A2A000000000000110101002A000000030101002A000000130101002A000000040102002A2A0000140101002A000000050106002A2A2A2A2A2A000000000000
04-12 20:40:39.058817  2644  2644 W CarrierConfigManager: Error getting config for subId -1 ICarrierConfigLoader is null
04-12 20:40:39.058927  1282  1712 I AT      : SEND MSGID=cb02 [WFC_WIFI_INFO_NTF], TXID=ffff [RFXSender_3], DUMP=8419542400000000010002CBFFFF2000000106002A2A2A2A2A2A000000000000010101002A000000020101002A000000
04-12 20:40:39.058943  2644  2644 W CarrierConfigManager: Error getting config for subId -1 ICarrierConfigLoader is null
04-12 20:40:39.059176  2644  2644 E ImsService: updateImsRegstration, There is not ImsRegistrationImpl for slot 0
04-12 20:40:39.060399  2644  2644 W OperatorUtils: getMccMnc, mccMnc value:
04-12 20:40:39.060492  2644  2644 E ImsService: There is not IMtkMmTelFeatureCallback for slot 0
04-12 20:40:39.063841  2579  2579 W TelephonyComponentFactory: getValidatedPaths: com.mediatek.internal.telephony.MtkTelephonyComponentFactory ,/system_ext/framework/mediatek-telephony-common.jar
04-12 20:40:39.063889  2579  2579 W TelephonyComponentFactory: StructStatVfs: 4097 ,1
04-12 20:40:39.063894  2579  2579 D TelephonyComponentFactory: Total components injected: 24
04-12 20:40:39.064132  2579  2579 D TDC     : class = class com.mediatek.internal.telephony.MtkTelephonyDevController
04-12 20:40:39.064143  2579  2579 D TDC     : constructor function = public com.mediatek.internal.telephony.MtkTelephonyDevController()
04-12 20:40:39.064167  2579  2579 D TDC     : updateOrInsert: inserting: Modem { uuid=modem, state=0, rilModel=0, rat={}, maxActiveVoiceCall=1, maxActiveDataCall=1, maxStandby=1 }
04-12 20:40:39.064175  2579  2579 D TDC     : updateOrInsert: inserting: Sim { uuid=sim, modemUuid=modem, state=0 }
04-12 20:40:39.064177  2579  2579 D TDC     : MtkTelephonyDevController constructor
04-12 20:40:39.069606  2644  2644 E ImsService: updateImsRegstration, There is not ImsRegistrationImpl for slot 1
04-12 20:40:39.073884  2644  2644 W OperatorUtils: getMccMnc, mccMnc value:
04-12 20:40:39.073922  2644  2644 E ImsService: There is not IMtkMmTelFeatureCallback for slot 1
04-12 20:40:39.092921  1282  1698 D RtmCC   : [0] No call, ignore hangup all: slot = 0
04-12 20:40:39.095681  1282  1698 D RtmCC   : [1] No call, ignore hangup all: slot = 1
04-12 20:40:39.097461  2644  2763 D IMS-RilRequest: [3661]< HANGUP_ALL error: com.android.internal.telephony.CommandException: GENERIC_FAILURE ret=
04-12 20:40:39.100525  2644  2667 D IMS-RilRequest: [3660]< HANGUP_ALL error: com.android.internal.telephony.CommandException: GENERIC_FAILURE ret=
04-12 20:40:39.165583  2579  2579 D MetricsCollector: registered
04-12 20:40:39.167224  1688  2442 D TelephonyRegistry: listen oscl: mHasNotifySubscriptionInfoChangedOccurred==false no callback
04-12 20:40:39.173687  2579  2579 D MtkTelephonyComponentFactory: makeDefaultPhoneNotifier mtk
04-12 20:40:39.177368  2579  2579 D TranSignalSmooth: [TranSignalSmooth]
04-12 20:40:39.185505  2579  2579 D MtkTelephonyRegistryEx: publish: com.mediatek.internal.telephony.MtkTelephonyRegistryEx@a937a2f
04-12 20:40:39.185866  2579  2579 I PhoneFactory: Cdma Subscription set to -1
04-12 20:40:39.185944  2579  2579 I PhoneFactory: Network Mode set to 32
04-12 20:40:39.186144  2579  2579 I RILJ    : RIL: init allowedNetworkTypes=906119 cdmaSubscription=-1) [PHONEnull]
04-12 20:40:39.191139  1688  1955 D TelephonyRegistry: listen oscl: mHasNotifySubscriptionInfoChangedOccurred==false no callback
04-12 20:40:39.209043  2579  2579 I MtkRILJ : getRadioServiceProxy wait for MtkRIL
04-12 20:40:39.209130  2579  2579 I MtkRILJ : canMakeRequest wait for MtkRIL [PHONE0]
04-12 20:40:39.243017  2579  2579 I MtkRILJ : getRadioProxy wait for MtkRIL
04-12 20:40:39.243105  2579  2579 I RILJ    : HAL version of RADIO: 2.0 [PHONE0]
04-12 20:40:39.243344  2579  2579 I MtkRILJ : getRadioServiceProxy wait for MtkRIL
04-12 20:40:39.243360  2579  2579 I RILJ    : HAL version of DATA: -1.-1 [PHONE0]
04-12 20:40:39.243521  2579  2579 I MtkRILJ : getRadioServiceProxy wait for MtkRIL
04-12 20:40:39.243582  2579  2579 I RILJ    : HAL version of MESSAGING: -1.-1 [PHONE0]
04-12 20:40:39.243762  2579  2579 I MtkRILJ : getRadioServiceProxy wait for MtkRIL
04-12 20:40:39.243861  2579  2579 I RILJ    : HAL version of MODEM: -1.-1 [PHONE0]
04-12 20:40:39.244122  2579  2579 I MtkRILJ : getRadioServiceProxy wait for MtkRIL
04-12 20:40:39.244197  2579  2579 I RILJ    : HAL version of NETWORK: -1.-1 [PHONE0]
04-12 20:40:39.244408  2579  2579 I MtkRILJ : getRadioServiceProxy wait for MtkRIL
04-12 20:40:39.244424  2579  2579 I RILJ    : HAL version of SIM: -1.-1 [PHONE0]
04-12 20:40:39.244604  2579  2579 I MtkRILJ : getRadioServiceProxy wait for MtkRIL
04-12 20:40:39.244617  2579  2579 I RILJ    : HAL version of VOICE: -1.-1 [PHONE0]
04-12 20:40:39.244837  2579  2579 I MtkRILJ : getRadioServiceProxy wait for MtkRIL
04-12 20:40:39.244850  2579  2579 I RILJ    : HAL version of IMS: -1.-1 [PHONE0]
04-12 20:40:39.244910  2579  2579 D MtkRILJ : constructor: sub = 0
04-12 20:40:39.246612  1455  1472 D TranRadioExt: sendAtCommand at_str: AT+EDMFAPP=31001,1,1, slot_id: 0
04-12 20:40:39.246636  1455  1472 I mipc_lib: SEND MSGID=0003 [SYS_AT_REQ], TXID=0008 [binder:1455_3], DUMP=84195424000000000100030008002000008115002A2A2A2A2A2A2A2A2A2A2A2A2A2A2A2A2A2A2A2A2A00000000000000
04-12 20:40:39.247576  2579  2579 D RadioModemProxy: AIDL initialized mHalVersion=2.2
04-12 20:40:39.247601  2579  2579 I RILJ    : Linked to death for service MODEM [PHONE0]
04-12 20:40:39.249926  2579  2579 I RILJ    : [0000]> GET_HARDWARE_CONFIG [PHONE0]
04-12 20:40:39.251015  1282  1712 D RmmHdcHdr: [0] onHandleRequest: 55016
04-12 20:40:39.251171  1282  1712 D RmmHdcHdr: [0] handleHardwareConfigRequest: m_slot_id:0
04-12 20:40:39.251222  1282  1712 D RmmHdcHdr: [0] sendHardwareConfigUrc: m_slot_id:0
04-12 20:40:39.251783  2579  2579 D RadioDataProxy: AIDL initialized mHalVersion=2.2
04-12 20:40:39.251896  2579  2579 I RILJ    : Linked to death for service DATA [PHONE0]
04-12 20:40:39.252062  2579  2650 I RILJ    : [0000]< GET_HARDWARE_CONFIG  [Modem { uuid=modem_sys1_ps0_nr1, state=0, rilModel=0, rat={0, 4, 6, 17}, maxActiveVoiceCall=1, maxActiveDataCall=1, maxStandby=2 }] [Sim { uuid=modem_sys1_ps0_nr1, modemUuid=modem_sys1_ps0_nr1, state=0 }]  [PHONE0]
04-12 20:40:39.254160  2579  2579 D RadioMessagingProxy: AIDL initialized mHalVersion=2.2
04-12 20:40:39.254189  2579  2579 I RILJ    : Linked to death for service MESSAGING [PHONE0]
04-12 20:40:39.255460  2579  2579 D RadioNetworkProxy: AIDL initialized mHalVersion=2.2
04-12 20:40:39.255512  2579  2579 I RILJ    : Linked to death for service NETWORK [PHONE0]
04-12 20:40:39.255644  1455  1842 I mipc_lib: RECV MSGID=0004 [SYS_AT_CNF], TXID=0008, DUMP=84195424000000000102040008001800000004000000000000810A002A2A2A2A2A2A2A2A2A2A0000
04-12 20:40:39.257161  2579  2579 D RadioSimProxy: AIDL initialized mHalVersion=2.2
04-12 20:40:39.257211  2579  2579 I RILJ    : Linked to death for service SIM [PHONE0]
04-12 20:40:39.259793  2579  2579 D RadioVoiceProxy: AIDL initialized mHalVersion=2.2
04-12 20:40:39.259817  2579  2579 I RILJ    : Linked to death for service VOICE [PHONE0]
04-12 20:40:39.263548  2579  2579 D RadioImsProxy: AIDL initialized mHalVersion=2.1
04-12 20:40:39.263577  2579  2579 I RILJ    : Linked to death for service IMS [PHONE0]
04-12 20:40:39.263679  2579  2579 I MtkRILJ : getMtkRadioExProxy returns null for mRadioVersionMtk greaterOrEqual 4.0.
04-12 20:40:39.264474  1282  1282 I RILC    : set all aosp response done: slotId:0
04-12 20:40:39.265623  1282  1282 I RIL-Fusion: getRadioState(): (0)radioState=0
04-12 20:40:39.265649  1282  1282 I RIL-Fusion: getRadioState(): (0)radioState=0
04-12 20:40:39.265714  1282  1282 E RILC    : radioStateChanged: radioModemServiceImpl[0].mtkEmIndication == NULL
04-12 20:40:39.265726  1282  1282 I RILC    : RIL Daemon version: android reference-ril 1.0
04-12 20:40:39.267388  1282  1324 I RILC    : sendPendedUrcCallback 0 0 0
04-12 20:40:39.267405  1282  1324 I RILC    : sendPendedUrcs start RIL_SOCKET_1, UNSOL_RESPONSE_SIM_STATUS_CHANGED, client 0
04-12 20:40:39.267482  1282  1324 I RILC    : sendPendedUrcs end RIL_SOCKET_1, UNSOL_RESPONSE_SIM_STATUS_CHANGED, client 0
04-12 20:40:39.267487  1282  1324 I RILC    : sendPendedUrcs start RIL_SOCKET_1, UNSOL_RESPONSE_SIM_STATUS_CHANGED, client 0
04-12 20:40:39.267504  1282  1324 I RILC    : sendPendedUrcs end RIL_SOCKET_1, UNSOL_RESPONSE_SIM_STATUS_CHANGED, client 0
04-12 20:40:39.267507  1282  1324 I RILC    : sendPendedUrcs start RIL_SOCKET_1, UNSOL_RESPONSE_SIM_STATUS_CHANGED, client 0
04-12 20:40:39.267518  1282  1324 I RILC    : sendPendedUrcs end RIL_SOCKET_1, UNSOL_RESPONSE_SIM_STATUS_CHANGED, client 0
04-12 20:40:39.267521  1282  1324 I RILC    : sendPendedUrcs start RIL_SOCKET_1, UNSOL_VOICE_RADIO_TECH_CHANGED, client 0
04-12 20:40:39.267554  1282  1324 I RILC    : sendPendedUrcs end RIL_SOCKET_1, UNSOL_VOICE_RADIO_TECH_CHANGED, client 0
04-12 20:40:39.267558  1282  1324 I RILC    : sendPendedUrcs start RIL_SOCKET_1, UNSOL_HARDWARE_CONFIG_CHANGED, client 0
04-12 20:40:39.267578  1282  1324 I RILC    : sendPendedUrcs end RIL_SOCKET_1, UNSOL_HARDWARE_CONFIG_CHANGED, client 0
04-12 20:40:39.267642  1282  1282 I RILC    : onNewCommandConnect, slot 0, client 0
04-12 20:40:39.267897  1282  1698 D RtmCC   : onConnectionStateChanged
04-12 20:40:39.267908  1282  1698 D RtmGsmSmsCtrl: [0] onHidlStateChanged (false, true) (slot 0)
04-12 20:40:39.267918  1282  1698 I RtmCapa : [-1] onRilConnected:RFX_STATUS_CONNECTION_STATE(0==>1)
04-12 20:40:39.268515  1282  1715 I AT      : SEND MSGID=050f [SIM_STATUS_REQ], TXID=0164 [RFXSender_6], DUMP=841954240000000001000F05640108000001010001000000
04-12 20:40:39.270550  2579  2579 D MtkRadioExDataProxy: AIDL version=3, halVersion=4.0
04-12 20:40:39.270573  2579  2579 D MtkRadioExDataProxy: AIDL initialized mHalVersion=4.0
04-12 20:40:39.276813  1282  1677 I AT      : RECV MSGID=0510 [SIM_STATUS_CNF], TXID=0164, DUMP=84195424000000000102100564010801000004000300000000010100000000000101010000000000020101000000000003010100000000000401010000000000050101000000000006010100FF00000007010100FF00000008010100FF00000009010100000000000C8115002A2A2A2A2A2A2A2A2A2A2A2A2A2A2A2A2A2A2A2A2A000000000000000D8150002A2A2A2A2A2A2A2A2A2A2A2A2A2A2A2A2A2A2A2A2A2A2A2A2A2A2A2A2A2A2A2A2A2A2A2A2A2A2A2A2A2A2A2A2A2A2A2A2A2A2A2A2A2A2A2A2A2A2A2A2A2A2A2A2A2A2A2A2A2A2A2A2A2A2A2A2A2A2A2A000000000E010100000000000F0101000000000010010100000000001101010000000000120101000000000014010100000000001501010000000000
04-12 20:40:39.278764  1282  1715 I RmmSimCommReq: [0] handleGetSimStatusResponse, token:30, result:3,state:0,pin:0,appindex:-1,-1,-1, atr:80,, icid:21,, eid:0,(null), mepMode:0
04-12 20:40:39.280048  1282  1715 I AT      : SEND MSGID=050f [SIM_STATUS_REQ], TXID=0165 [RFXSender_6], DUMP=841954240000000001000F05650108000001010001000000
04-12 20:40:39.281409  2579  2579 D MtkRadioExMessagingProxy: AIDL version=1, halVersion=4.0
04-12 20:40:39.281425  2579  2579 D MtkRadioExMessagingProxy: AIDL initialized mHalVersion=4.0
04-12 20:40:39.283389  2579  2579 D MtkRadioExModemProxy: AIDL version=3, halVersion=4.0
04-12 20:40:39.283404  2579  2579 D MtkRadioExModemProxy: AIDL initialized mHalVersion=4.0
04-12 20:40:39.285989  2579  2579 D MtkRadioExNetworkProxy: AIDL version=1, halVersion=4.0
04-12 20:40:39.286001  2579  2579 D MtkRadioExNetworkProxy: AIDL initialized mHalVersion=4.0
04-12 20:40:39.288117  1282  1677 I AT      : RECV MSGID=0510 [SIM_STATUS_CNF], TXID=0165, DUMP=84195424000000000102100565010801000004000300000000010100000000000101010000000000020101000000000003010100000000000401010000000000050101000000000006010100FF00000007010100FF00000008010100FF00000009010100000000000C8115002A2A2A2A2A2A2A2A2A2A2A2A2A2A2A2A2A2A2A2A2A000000000000000D8150002A2A2A2A2A2A2A2A2A2A2A2A2A2A2A2A2A2A2A2A2A2A2A2A2A2A2A2A2A2A2A2A2A2A2A2A2A2A2A2A2A2A2A2A2A2A2A2A2A2A2A2A2A2A2A2A2A2A2A2A2A2A2A2A2A2A2A2A2A2A2A2A2A2A2A2A2A2A2A2A000000000E010100000000000F0101000000000010010100000000001101010000000000120101000000000014010100000000001501010000000000
04-12 20:40:39.292170  2579  2579 D MtkRadioExSimProxy: AIDL version=2, halVersion=4.0
04-12 20:40:39.292212  2579  2579 D MtkRadioExSimProxy: AIDL initialized mHalVersion=4.0
04-12 20:40:39.298487  1282  1715 I RmmSimCommReq: [0] handleGetSimStatusResponse, token:31, result:3,state:0,pin:0,appindex:-1,-1,-1, atr:80,, icid:21,, eid:0,(null), mepMode:0
04-12 20:40:39.301242  2579  2579 D MtkRadioExVoiceProxy: AIDL version=1, halVersion=4.0
04-12 20:40:39.301268  2579  2579 D MtkRadioExVoiceProxy: AIDL initialized mHalVersion=4.0
04-12 20:40:39.301367  2579  2579 D MtkRILJ : getRilOp
04-12 20:40:39.301385  2579  2579 D MtkRILJ : getRilOp return null for there is no HIDL, mRadioVersionMtk: 4.0 [PHONE0]
04-12 20:40:39.301395  2579  2579 I PhoneFactory: Network Mode set to 32
04-12 20:40:39.301430  2579  2579 I RILJ    : RIL: init allowedNetworkTypes=906119 cdmaSubscription=-1) [PHONEnull]
04-12 20:40:39.301595  2579  2612 I RILJ    : Unsol response received; Sending ack to ril.cpp [PHONE0]
04-12 20:40:39.301612  2579  2612 I RILJ    : [UNSL]< UNSOL_RESPONSE_SIM_STATUS_CHANGED [PHONE0]
04-12 20:40:39.301778  2579  2610 I RILJ    : Unsol response received; Sending ack to ril.cpp [PHONE0]
04-12 20:40:39.301794  2579  2610 I RILJ    : [UNSL]< UNSOL_VOICE_RADIO_TECH_CHANGED {1} [PHONE0]
04-12 20:40:39.302112  2579  2650 I RILJ    : Unsol response received; Sending ack to ril.cpp [PHONE0]
04-12 20:40:39.302153  2579  2650 I RILJ    : [UNSL]< UNSOL_RIL_CONNECTED [PHONE0]
04-12 20:40:39.304650  2579  2579 I MtkRILJ : getRadioServiceProxy wait for MtkRIL
04-12 20:40:39.304671  2579  2579 I MtkRILJ : canMakeRequest wait for MtkRIL [PHONE1]
04-12 20:40:39.305218  1282  1282 I RILC    : set all MTK response done: slotId:0
04-12 20:40:39.305251  1282  1282 I RILC    : onNewCommandConnect, slot 0, client 1
04-12 20:40:39.305283  1282  1324 I RILC    : sendPendedUrcCallback 0 0 1
04-12 20:40:39.305290  1282  1324 I RILC    : sendPendedUrcs start RIL_SOCKET_1, RIL_UNSOL_SIM_TYPE_INFO, client 1
04-12 20:40:39.305319  1282  1324 I RILC    : sendPendedUrcs end RIL_SOCKET_1, RIL_UNSOL_SIM_TYPE_INFO, client 1
04-12 20:40:39.305323  1282  1324 I RILC    : sendPendedUrcs start RIL_SOCKET_1, RIL_UNSOL_SIM_SLOT_LOCK_POLICY_NOTIFY, client 1
04-12 20:40:39.305332  1282  1324 I RILC    : sendPendedUrcs end RIL_SOCKET_1, RIL_UNSOL_SIM_SLOT_LOCK_POLICY_NOTIFY, client 1
04-12 20:40:39.305335  1282  1324 I RILC    : sendPendedUrcs start RIL_SOCKET_1, RIL_UNSOL_SIM_POWER_CHANGED, client 1
04-12 20:40:39.305342  1282  1324 I RILC    : sendPendedUrcs end RIL_SOCKET_1, RIL_UNSOL_SIM_POWER_CHANGED, client 1
04-12 20:40:39.305344  1282  1324 I RILC    : sendPendedUrcs start RIL_SOCKET_1, RIL_UNSOL_PLMN_DATA, client 1
04-12 20:40:39.305369  1282  1324 I RILC    : sendPendedUrcs end RIL_SOCKET_1, RIL_UNSOL_PLMN_DATA, client 1
04-12 20:40:39.305373  1282  1324 I RILC    : sendPendedUrcs start RIL_SOCKET_1, RIL_UNSOL_SIM_SLOT_LOCK_POLICY_NOTIFY, client 1
04-12 20:40:39.305384  1282  1324 I RILC    : sendPendedUrcs end RIL_SOCKET_1, RIL_UNSOL_SIM_SLOT_LOCK_POLICY_NOTIFY, client 1
04-12 20:40:39.305386  1282  1324 I RILC    : sendPendedUrcs start RIL_SOCKET_1, RIL_UNSOL_ICCID_CHANGED, client 1
04-12 20:40:39.305394  1282  1324 I RILC    : sendPendedUrcs end RIL_SOCKET_1, RIL_UNSOL_ICCID_CHANGED, client 1
