04-12 20:40:40.699463  1282  1710 I AT      : SEND MSGID=0411 [NW_GET_SIGNAL_REQ], TXID=0193 [RFXSender_1], DUMP=84195424000000000100110493010000
04-12 20:40:40.700361  2644  2644 W OperatorUtils: getMccMnc, mccMnc value:
04-12 20:40:40.700880  1282  1677 I AT      : RECV MSGID=0412 [NW_GET_SIGNAL_CNF], TXID=0193, DUMP=841954240000000001021204930138010000040000000000040104000500000005010400050000000601040000000000070104000200000008010400000000000D01180063000000FFFFFF7FFFFFFF7FFFFFFF7FFFFFFF7FFFFFFF7F000000000F01350000000000000000000000000000000000000000000000000000000000000000000000000000000000000000000000000000000000FF000000000000001001010001000000150100000000000000000000FF7F0100FF7F350000000000000000000000000000000000000000000000000000000000000000000000000000000000000000000000000000000000FF00000000000000180100000000000000000000FE7F0100FE7F380000000000000000000000000000000000000000000000000000000000000000000000000000000000000000000000000000000000FF00000000000000
04-12 20:40:40.702536  2579  2579 I RILJ    : [0099]> DEVICE_IDENTITY [PHONE1]
04-12 20:40:40.705551  2579  2966 I RILJ    : Unsol response received; Sending ack to ril.cpp [PHONE0]
04-12 20:40:40.706095  2579  2612 I RILJ    : [0096]< SIGNAL_STRENGTH SignalStrength:{mAverageLevel=-1mCdma=CellSignalStrengthCdma: cdmaDbm=2147483647 cdmaEcio=2147483647 evdoDbm=2147483647 evdoEcio=2147483647 evdoSnr=2147483647 level=0,mGsm=CellSignalStrengthGsm: rssi=2147483647 ber=2147483647 mTa=2147483647 mLevel=0,mWcdma=CellSignalStrengthWcdma: ss=2147483647 ber=2147483647 rscp=2147483647 ecno=2147483647 level=0,mTdscdma=CellSignalStrengthTdscdma: rssi=2147483647 ber=2147483647 rscp=2147483647 level=0,mLte=CellSignalStrengthLte: rssi=2147483647 rsrp=2147483647 rsrq=2147483647 rssnr=2147483647 cqiTableIndex=2147483647 cqi=2147483647 ta=2147483647 level=0 parametersUseForLevel=1,mNr=CellSignalStrengthNr:{ csiRsrp = 2147483647 csiRsrq = 2147483647 csiCqiTableIndex = 2147483647 csiCqiReport = [] ssRsrp = 2147483647 ssRsrq = 2147483647 ssSinr = 2147483647 level = 0 parametersUseForLevel = 1 timingAdvance = 2147483647 },primary=CellSignalStrengthLte} [PHONE0]
04-12 20:40:40.706204  1282  1677 I AT      : RECV MSGID=0002 [SYS_GET_INFO_CNF], TXID=0192, DUMP=8419542400000000020202009201F003000004002A2A2A2A010101002A000000020101002A000000030104002A2A2A2A040104002A2A2A2A050104002A2A2A2A060104002A2A2A2A070104002A2A2A2A080120002A2A2A2A2A2A2A2A2A2A2A2A2A2A2A2A2A2A2A2A2A2A2A2A2A2A2A2A2A2A2A2A00000000090180002A2A2A2A2A2A2A2A2A2A2A2A2A2A2A2A2A2A2A2A2A2A2A2A2A2A2A2A2A2A2A2A2A2A2A2A2A2A2A2A2A2A2A2A2A2A2A2A2A2A2A2A2A2A2A2A2A2A2A2A2A2A2A2A2A2A2A2A2A2A2A2A2A2A2A2A2A2A2A2A2A2A2A2A2A2A2A2A2A2A2A2A2A2A2A2A2A2A2A2A2A2A2A2A2A2A2A2A2A2A2A2A2A2A2A2A2A2A2A2A2A2A2A2A2A2A2A2A000000000A0101002A0000000B0101002A0000000C0101002A0000000D0104002A2A2A2A0E0118002A2A2A2A2A2A2A2A2A2A2A2A2A2A2A2A2A2A2A2A2A2A2A2A000000000F810F002A2A2A2A2A2A2A2A2A2A2A2A2A2A2A0000000000100120002A2A2A2A2A2A2A2A2A2A2A2A2A2A2A2A2A2A2A2A2A2A2A2A2A2A2A2A2A2A2A2A00000000110140002A2A2A2A2A2A2A2A2A2A2A2A2A2A2A2A2A2A2A2A2A2A2A2A2A2A2A2A2A2A2A2A2A2A2A2A2A2A2A2A2A2A2A2A2A2A2A2A2A2A2A2A2A2A2A2A2A2A2A2A2A2A2A2A0000000012011E002A2A2A2A2A2A2A2A2A2A2A2A2A2A2A2A2A2A2A2A2A2A2A2A2A2
04-12 20:40:40.706360  2579  2579 I RILJ    : [0100]> GET_RADIO_CAPABILITY [PHONE1]
04-12 20:40:40.708358  1282  1723 I RmmOemHandler: [1] requestBasebandVersion:MOLY.NR17.R2.MP2.RC.MP.V36.16.P1, 2026/03/24 14:47
04-12 20:40:40.708407  1282  1723 I RmmOemHandler: [1] Original Baseband Version: MOLY.NR17.R2.MP2.RC.MP.V36.16.P1
04-12 20:40:40.708451  1282  1723 I RmmOemHandler: [1] Customized Baseband Version: TA15152P1
04-12 20:40:40.708532  1282  1723 I AT      : SEND MSGID=1514 [MIPC_SYS_GET_PRIMARY_IMEI_INFO_REQ], TXID=0194 [RFXSender_13], DUMP=84195424000000000200141594010000
04-12 20:40:40.709167  1282  1712 I RmmMwi  : [0] setWifiAssociated assoc:0, wifi_state:0, wifi_state_support:1
04-12 20:40:40.709192  1282  1712 I AT      : SEND MSGID=cb02 [WFC_WIFI_INFO_NTF], TXID=ffff [RFXSender_3], DUMP=8419542400000000010002CBFFFF6000070102002A2A0000000106002A2A2A2A2A2A000000000000080106002A2A2A2A2A2A000000000000110101002A000000030101002A000000130101002A000000040102002A2A0000140101002A000000050106002A2A2A2A2A2A000000000000
04-12 20:40:40.710048  1282  1677 I AT      : RECV MSGID=1515 [MIPC_SYS_GET_PRIMARY_IMEI_INFO_CNF], TXID=0194, DUMP=8419542400000000020215159401300000000400000000000001010000000000018110002A2A2A2A2A2A2A2A2A2A2A2A2A2A2A2A00000000028102002A2A0000
04-12 20:40:40.710128  1282  1723 I RmmOemHandler: [1] requestDeviceImei primary imei slot id(0)
04-12 20:40:40.711228  2579  2612 I RILJ    : convertHalRadioCapability: session=-1, phase=3, rat=561156, logicModemUuid=modem_sys1_ps1_nr1, status=1, rcRil.raf=1130504 [PHONE1]
04-12 20:40:40.711666  2579  2612 I RILJ    : [0100]< GET_RADIO_CAPABILITY {mPhoneId = 1 mVersion=1 mSession=-1 mPhase=3 mRadioAccessFamily=561156 mLogicModemId=modem_sys1_ps1_nr1 mStatus=1} [PHONE1]
04-12 20:40:40.714949  1282  1712 I AT      : SEND MSGID=cb02 [WFC_WIFI_INFO_NTF], TXID=ffff [RFXSender_3], DUMP=8419542400000000010002CBFFFF2000000106002A2A2A2A2A2A000000000000010101002A000000020101002A000000
04-12 20:40:40.716148  2579  3153 D MTKSST  : [GsmSST0] notifySignalStrength level:0 raw:SignalStrength:{mAverageLevel=-1mCdma=CellSignalStrengthCdma: cdmaDbm=2147483647 cdmaEcio=2147483647 evdoDbm=2147483647 evdoEcio=2147483647 evdoSnr=2147483647 level=0,mGsm=CellSignalStrengthGsm: rssi=2147483647 ber=2147483647 mTa=2147483647 mLevel=0,mWcdma=CellSignalStrengthWcdma: ss=2147483647 ber=2147483647 rscp=2147483647 ecno=2147483647 level=0,mTdscdma=CellSignalStrengthTdscdma: rssi=2147483647 ber=2147483647 rscp=2147483647 level=0,mLte=CellSignalStrengthLte: rssi=2147483647 rsrp=2147483647 rsrq=2147483647 rssnr=2147483647 cqiTableIndex=2147483647 cqi=2147483647 ta=2147483647 level=0 parametersUseForLevel=1,mNr=CellSignalStrengthNr:{ csiRsrp = 2147483647 csiRsrq = 2147483647 csiCqiTableIndex = 2147483647 csiCqiReport = [] ssRsrp = 2147483647 ssRsrq = 2147483647 ssSinr = 2147483647 level = 0 parametersUseForLevel = 1 timingAdvance = 2147483647 },primary=CellSignalStrengthLte}
04-12 20:40:40.716173  2579  2579 I RILJ    : [0101]> GET_UICC_APPLICATIONS_ENABLEMENT [PHONE1]
04-12 20:40:40.716579  2579  2612 I RILJ    : [0097]< BASEBAND_VERSION TA15152P1 [PHONE1]
04-12 20:40:40.720889  1282  1698 E RtmCommSimCtrl: [1] handleAreUiccApplicationsEnabled() not support, slot:1, msgslot:1, enable:1
04-12 20:40:40.721303  2644  2775 E ImsLocationHandler: Wi-Fi isn't connected and network unavailable or mLocationSetting is closed.
04-12 20:40:40.721536  2644  2775 I ImsLocationHandler: Added, current PendingLocationRequest size: 1
04-12 20:40:40.721620  2579  2612 I RILJ    : [0098]< DEVICE_IMEI {[****], 2, 78} [PHONE1]
04-12 20:40:40.724244  2644  2644 D ImsDataTracker: phone 0 radio on set ims bearer notification 1
04-12 20:40:40.724264  2644  2644 D ImsDataTracker: setImsBearerNotification enable: 1
04-12 20:40:40.724667  2579  2579 I RILJ    : [0102]> SET_NULL_CIPHER_AND_INTEGRITY_ENABLED [PHONE1]
04-12 20:40:40.724782  2579  2579 D CellularIdentifierDisclosureNotifier: disabled
04-12 20:40:40.724986  2579  3397 D CellularIdentifierDisclosureNotifier: On disable notifier
04-12 20:40:40.725417  2579  2966 I RILJ    : [0101]< GET_UICC_APPLICATIONS_ENABLEMENT error 11 [PHONE1]
04-12 20:40:40.725492  2579  2966 D RilRequest: [0101]< GET_UICC_APPLICATIONS_ENABLEMENT error: com.android.internal.telephony.CommandException: SIM_ABSENT ret=true result={ when=-21s532ms what=55 target=com.mediatek.internal.telephony.MtkGsmCdmaPhone }
04-12 20:40:40.725540  2579  2612 I RILJ    : [0099]< DEVICE_IDENTITY {[****], 78, , } [PHONE1]
04-12 20:40:40.725625  1282  1723 I AT      : SEND MSGID=1161 [NW_SET_ALLOWED_SECURITY_ALGO_CONFIG_REQ], TXID=0195 [RFXSender_13], DUMP=841954240000000002006111950108000001010001000000
04-12 20:40:40.726350  1282  1677 I AT      : RECV MSGID=1162 [NW_SET_ALLOWED_SECURITY_ALGO_CONFIG_CNF], TXID=0195, DUMP=841954240000000002026211950108000000040000000000
04-12 20:40:40.728105  1282  1718 I RmmDcImsURCHandler: [0][handleImsBearerNotification] handleImsBearerNotification phone=0 enable=1
04-12 20:40:40.728128  1282  1718 I RmmDcImsURCHandler: [0][checkImsServiceRestartAfterSystemCrash] vendor.ril.zygote.state=
04-12 20:40:40.728132  1282  1718 I RmmDcImsURCHandler: [0][notifyUnsyncImsBearerRequest] imsPdnState=0
04-12 20:40:40.728135  1282  1718 D RmmDcImsURCHandler: [0][notifyUnsyncImsBearerRequest] no ongoing ACTIVATED or DEACTIVATED event
04-12 20:40:40.729123  2579  2579 I RILJ    : [0103]> SET_CELLULAR_IDENTIFIER_DISCLOSED_ENABLED enable=false [PHONE1]
04-12 20:40:40.729663  2579  2579 D NullCipherNotifier: disabled
04-12 20:40:40.730373  1282  1723 I AT      : SEND MSGID=1165 [NW_SET_CONFIG_REQ], TXID=0196 [RFXSender_13], DUMP=841954240000000002006511960108000001010000000000
04-12 20:40:40.732751  1282  1677 I AT      : RECV MSGID=1166 [NW_SET_CONFIG_CNF], TXID=0196, DUMP=84195424000000000202661196011800000004000000000000010100000000000101010000000000
04-12 20:40:40.734587  2579  3273 I RILJ    : [0102]< SET_NULL_CIPHER_AND_INTEGRITY_ENABLED  [PHONE1]
04-12 20:40:40.735096  2579  2579 I RILJ    : [0104]> SET_SECURITY_ALGORITHMS_UPDATED_ENABLED enable=false [PHONE1]
04-12 20:40:40.735507  2579  3273 I RILJ    : [0103]< SET_CELLULAR_IDENTIFIER_DISCLOSED_ENABLED  [PHONE1]
04-12 20:40:40.735743  2579  2579 D MtkGsmCdmaPhone: EVENT_RADIO_OFF_OR_NOT_AVAILABLEreceived.
04-12 20:40:40.738333  2579  3401 I NullCipherNotifier: On enable notifier. Enable value: false
04-12 20:40:40.739989  2579  2612 I RILJ    : [0104]< SET_SECURITY_ALGORITHMS_UPDATED_ENABLED  [PHONE1]
04-12 20:40:40.744928  2579  2579 D ANM-1   : bind to com.android.phone
04-12 20:40:40.765510  2579  2579 D SSCtr   : No matching configuration
04-12 20:40:40.769900  2579  2579 I RILJ    : [0105]> SET_SIGNAL_STRENGTH_REPORTING_CRITERIA [PHONE1]
04-12 20:40:40.770148  2579  2579 D SSCtr   : setSignalStrengthReportingCriteria consolidatedSignalThresholdInfos=[SignalThresholdInfo{mRan=1 mSignalMeasurementType=1 mHysteresisMs=3000 mHysteresisDb=2 mThresholds=[] mIsEnabled=false}, SignalThresholdInfo{mRan=2 mSignalMeasurementType=2 mHysteresisMs=3000 mHysteresisDb=2 mThresholds=[] mIsEnabled=false}, SignalThresholdInfo{mRan=3 mSignalMeasurementType=3 mHysteresisMs=3000 mHysteresisDb=2 mThresholds=[] mIsEnabled=false}, SignalThresholdInfo{mRan=4 mSignalMeasurementType=1 mHysteresisMs=3000 mHysteresisDb=2 mThresholds=[] mIsEnabled=false}, SignalThresholdInfo{mRan=3 mSignalMeasurementType=4 mHysteresisMs=3000 mHysteresisDb=2 mThresholds=[] mIsEnabled=false}, SignalThresholdInfo{mRan=3 mSignalMeasurementType=5 mHysteresisMs=3000 mHysteresisDb=2 mThresholds=[] mIsEnabled=false}, SignalThresholdInfo{mRan=6 mSignalMeasurementType=6 mHysteresisMs=3000 mHysteresisDb=2 mThresholds=[] mIsEnabled=false}, SignalThresholdInfo{mRan=6 mSignalMeasurementType=7 mHysteresisMs=3000 mHysteresisDb=2 mThresholds=[] mIsEnabled=false}, SignalThresholdInfo{mRan=6 mSignalMeasurementType=8 mHysteresisMs=3000 mHysteresisDb=2 mThresholds=[] mIsEnabled=false}, SignalThresholdInfo{mRan=2 mSignalMeasurementType=9 mHysteresisMs=3000 mHysteresisDb=2 mThresholds=[] mIsEnabled=false}]
04-12 20:40:40.770290  2579  2579 D SSCtr   : No matching configuration
04-12 20:40:40.773451  2579  2579 I RILJ    : [0106]> SET_SIGNAL_STRENGTH_REPORTING_CRITERIA [PHONE1]
04-12 20:40:40.773813  2579  2579 D SSCtr   : setSignalStrengthReportingCriteria consolidatedSignalThresholdInfos=[SignalThresholdInfo{mRan=1 mSignalMeasurementType=1 mHysteresisMs=3000 mHysteresisDb=2 mThresholds=[] mIsEnabled=false}, SignalThresholdInfo{mRan=2 mSignalMeasurementType=2 mHysteresisMs=3000 mHysteresisDb=2 mThresholds=[] mIsEnabled=false}, SignalThresholdInfo{mRan=3 mSignalMeasurementType=3 mHysteresisMs=3000 mHysteresisDb=2 mThresholds=[] mIsEnabled=false}, SignalThresholdInfo{mRan=4 mSignalMeasurementType=1 mHysteresisMs=3000 mHysteresisDb=2 mThresholds=[] mIsEnabled=false}, SignalThresholdInfo{mRan=3 mSignalMeasurementType=4 mHysteresisMs=3000 mHysteresisDb=2 mThresholds=[] mIsEnabled=false}, SignalThresholdInfo{mRan=3 mSignalMeasurementType=5 mHysteresisMs=3000 mHysteresisDb=2 mThresholds=[] mIsEnabled=false}, SignalThresholdInfo{mRan=6 mSignalMeasurementType=6 mHysteresisMs=3000 mHysteresisDb=2 mThresholds=[] mIsEnabled=false}, SignalThresholdInfo{mRan=6 mSignalMeasurementType=7 mHysteresisMs=3000 mHysteresisDb=2 mThresholds=[] mIsEnabled=false}, SignalThresholdInfo{mRan=6 mSignalMeasurementType=8 mHysteresisMs=3000 mHysteresisDb=2 mThresholds=[] mIsEnabled=false}, SignalThresholdInfo{mRan=2 mSignalMeasurementType=9 mHysteresisMs=3000 mHysteresisDb=2 mThresholds=[] mIsEnabled=false}]
04-12 20:40:40.773897  2579  2579 D MTKSST  : [GsmSST1] EVENT_ICC_CHANGED: SIM absent
04-12 20:40:40.773909  2579  2579 D MTKSST  : [GsmSST1] cancelAllNotifications: mPrevSubId=-1
04-12 20:40:40.775722  2579  2579 D MTKSST  : [GsmSST1] updateCarrierDisplayName: satellitePlmn=null
04-12 20:40:40.775804  2579  2579 D MTKSST  : [GsmSST1] updateCarrierDisplayName: radio is on but out of service, set plmn='没有服务'
04-12 20:40:40.775817  2579  2579 D MTKSST  : [GsmSST1] updateCarrierDisplayName: rawSpn = 
04-12 20:40:40.775859  2579  2579 D MTKSST  : [GsmSST1] updateSpnDisplay: rule = 2
04-12 20:40:40.775873  2579  2579 D MTKSST  : [GsmSST1] TDD updateSpnDisplay mSS.getOperatorNumeric() = null
04-12 20:40:40.775888  2579  2579 D MTKSST  : [GsmSST1] TDD getNumeric simNumeric = , operatorNumeric = null
04-12 20:40:40.775895  2579  2579 D MTKSST  : [GsmSST1] TDD currentMccEqualsSimMcc simNumeric = , operatorNumeric = null
04-12 20:40:40.776030  2579  2612 I RILJ    : [0105]< SET_SIGNAL_STRENGTH_REPORTING_CRITERIA error 1 [PHONE1]
04-12 20:40:40.776067  2579  2612 D RilRequest: [0105]< SET_SIGNAL_STRENGTH_REPORTING_CRITERIA error: com.android.internal.telephony.CommandException: RADIO_NOT_AVAILABLE ret= result=null
04-12 20:40:40.776161  2579  2612 I RILJ    : [0106]< SET_SIGNAL_STRENGTH_REPORTING_CRITERIA error 1 [PHONE1]
04-12 20:40:40.776184  2579  2612 D RilRequest: [0106]< SET_SIGNAL_STRENGTH_REPORTING_CRITERIA error: com.android.internal.telephony.CommandException: RADIO_NOT_AVAILABLE ret= result=null
04-12 20:40:40.780206  2579  2579 D MTKSST  : [GsmSST1] notifyCarrierDisplayNameDataChanged: changed sending intent, rule=2, CarrierDisplayNameData={ spn = null, dataSpn = , showSpn = false, plmn = 没有服务, showPlmn = true, subId=-1
04-12 20:40:40.786727  2579  2579 D NRM-C-1 : Trying to bind com.android.phone for transport WWAN
04-12 20:40:40.801552  2579  2579 D NRM-I-1 : Trying to bind com.android.phone for transport WLAN
04-12 20:40:40.810375  2579  2579 D MTKSST  : [GsmSST1] handle EVENT_RADIO_STATE_CHANGED
04-12 20:40:40.810464  2579  2579 D RatConfig: getActiveRatConfig: Lf/Lt/W/G/N
04-12 20:40:40.810738  2579  2579 D MTKSST  : [GsmSST1] setRadioPowerForReason power:true, mDesiredPowerState:true, forEmergencyCall:false, isSelectedPhoneForEmergencyCall:false, forceApply:false, radioState:0, reason:0
04-12 20:40:40.810767  2579  2579 D MTKSST  : [GsmSST1] setPowerStateToDesired: mDeviceShuttingDown=false, mDesiredPowerState=true, getRadioState=0, mRadioPowerOffReasons=[], IMS reg state=false, pending radio off=false
04-12 20:40:40.810818  2579  2579 D ImsSwitchController: notifyRadioPowerChange, power:true phoneId:1
04-12 20:40:40.810845  2579  2579 D ImsSwitchController: [1] Modem auto registration so that we don't triggerImsService updateRadioState
04-12 20:40:40.818426  2579  2579 I RILJ    : [0107]> RADIO_POWER on = true forEmergencyCall= false preferredForEmergencyCall=false [PHONE1]
04-12 20:40:40.818769  1282  1698 I RtmRadioCont: [1] requestRadioPower, slotId:1, onOff: 1, forEcc 0, preEcc 0
04-12 20:40:40.819601  2579  3273 I RILJ    : [0107]< RADIO_POWER error 54 [PHONE1]
04-12 20:40:40.820459  2579  3273 D RilRequest: [0107]< RADIO_POWER error: com.android.internal.telephony.CommandException: OPERATION_NOT_ALLOWED ret= result=null
04-12 20:40:40.826436  2579  3273 I AnomalyReporter: reportAnomaly: Received anomaly event report with eventId= 316f3801-fa21-4954-a42f-0041eada3b31 and description= Radio power failure
04-12 20:40:40.830780  2579  2579 D MtkRILJ : [0108]> MTK: RIL_REQUEST_SET_VENDOR_SETTING [PHONE0]
04-12 20:40:40.832806  2579  3273 I RILJ    : [0108]< MTK: RIL_REQUEST_SET_VENDOR_SETTING  [PHONE0]
04-12 20:40:40.839168  2579  2579 D MTKSST  : [GsmSST1] pollState: modemTriggered=true, mPollingContext=0, RadioState=0, connected=false, support_ap_iwlan=1
04-12 20:40:40.839192  2579  2579 D MTKSST  : [GsmSST1] pollState: modemTriggered=true, radioState=0
04-12 20:40:40.840359  2579  2579 I RILJ    : [0109]> OPERATOR [PHONE1]
04-12 20:40:40.840510  2579  2579 E NRM-C-1 : service not connected. Domain = PS
04-12 20:40:40.840551  2579  2579 E NRM-C-1 : service not connected. Domain = CS
04-12 20:40:40.840562  2579  2579 E NRM-I-1 : service not connected. Domain = PS
04-12 20:40:40.840966  2579  2579 I RILJ    : [0110]> QUERY_NETWORK_SELECTION_MODE [PHONE1]
04-12 20:40:40.841098  2579  2579 D MTKSST  : [GsmSST1] handle EVENT_RADIO_STATE_CHANGED
04-12 20:40:40.841530  1282  1730 I AT      : SEND MSGID=0407 [NW_GET_REGISTER_STATE_REQ], TXID=0197 [RFXSender_18], DUMP=84195424000000000200070497010000
04-12 20:40:40.841800  2579  2579 D RatConfig: getActiveRatConfig: Lf/Lt/W/G/N
04-12 20:40:40.841944  2579  2579 D MTKSST  : [GsmSST1] setRadioPowerForReason power:true, mDesiredPowerState:true, forEmergencyCall:false, isSelectedPhoneForEmergencyCall:false, forceApply:false, radioState:0, reason:0
04-12 20:40:40.841978  2579  2579 D MTKSST  : [GsmSST1] setPowerStateToDesired: mDeviceShuttingDown=false, mDesiredPowerState=true, getRadioState=0, mRadioPowerOffReasons=[], IMS reg state=false, pending radio off=false
04-12 20:40:40.842014  2579  2579 D ImsSwitchController: notifyRadioPowerChange, power:true phoneId:1
04-12 20:40:40.842027  2579  2579 D ImsSwitchController: [1] Modem auto registration so that we don't triggerImsService updateRadioState
04-12 20:40:40.842530  2579  2579 I RILJ    : [0111]> RADIO_POWER on = true forEmergencyCall= false preferredForEmergencyCall=false [PHONE1]
04-12 20:40:40.842782  1282  1698 I RtmRadioCont: [1] requestRadioPower, slotId:1, onOff: 1, forEcc 0, preEcc 0
04-12 20:40:40.842974  2579  2579 D MtkRILJ : [0112]> MTK: RIL_REQUEST_SET_VENDOR_SETTING [PHONE0]
04-12 20:40:40.842991  2579  2612 I RILJ    : [0111]< RADIO_POWER error 54 [PHONE1]
04-12 20:40:40.843030  2579  2612 D RilRequest: [0111]< RADIO_POWER error: com.android.internal.telephony.CommandException: OPERATION_NOT_ALLOWED ret= result=null
04-12 20:40:40.843071  2579  2612 I AnomalyReporter: reportAnomaly: Received anomaly event report with eventId= 316f3801-fa21-4954-a42f-0041eada3b31 and description= Radio power failure
04-12 20:40:40.843099  1282  1677 I AT      : RECV MSGID=0408 [NW_GET_REGISTER_STATE_CNF], TXID=0197, DUMP=8419542400000000020208049701880100000400000000000001260000000000000000000000000000000000000000000000000000000000000000000000000000000000000000000101020000000000020101000000000003010400000000000401280000000000000000000000000000000000000000000000000000000000000000000000000000000000000000000501010000000000060102000000000007010100000000000801280000000000000000000000000000000000000000000000000000000000000000000000000000000000000000000901100000000000000000000000000000000000000000000A0124000000000000000000000000000000000000000000000000000000000000000000000000000B010100000000000C010100000000000D010100000000000E010100000000000F0101000000000010011800000000000000000000000000000000000000000000000000000000001101300000000000000000000000000000000000000000000000000000000000000000000000000000000000000000000000000000000000
04-12 20:40:40.843345  1282  1730 D RmmNwRTReqHdlr: [1] [requestOperator] plmn is null or empty!
04-12 20:40:40.843412  2579  2579 D MTKSST  : [GsmSST1] pollState: modemTriggered=true, mPollingContext=5, RadioState=0, connected=false, support_ap_iwlan=1
04-12 20:40:40.843437  2579  2579 D MTKSST  : [GsmSST1] pollState: modemTriggered=true, radioState=0
04-12 20:40:40.843509  1282  1730 I AT      : SEND MSGID=0407 [NW_GET_REGISTER_STATE_REQ], TXID=0198 [RFXSender_18], DUMP=84195424000000000200070498010000
04-12 20:40:40.843706  2579  2579 I RILJ    : [0113]> OPERATOR [PHONE1]
04-12 20:40:40.843747  2579  2579 E NRM-C-1 : service not connected. Domain = PS
04-12 20:40:40.843775  2579  2579 E NRM-C-1 : service not connected. Domain = CS
04-12 20:40:40.843794  2579  2579 E NRM-I-1 : service not connected. Domain = PS
04-12 20:40:40.843930  2579  2612 I RILJ    : [0109]< OPERATOR {, , } [PHONE1]
04-12 20:40:40.844068  2579  2579 I RILJ    : [0114]> QUERY_NETWORK_SELECTION_MODE [PHONE1]
04-12 20:40:40.844205  2579  2579 D Phone-1 : [1] SubId-1,get allowed network types user: value = GPRS|EDGE|UMTS|HSDPA|HSUPA|HSPA|LTE|HSPA+|GSM|TD_SCDMA|LTE_CA|NR
04-12 20:40:40.845270  1282  1677 I AT      : RECV MSGID=0408 [NW_GET_REGISTER_STATE_CNF], TXID=0198, DUMP=8419542400000000020208049801880100000400000000000001260000000000000000000000000000000000000000000000000000000000000000000000000000000000000000000101020000000000020101000000000003010400000000000401280000000000000000000000000000000000000000000000000000000000000000000000000000000000000000000501010000000000060102000000000007010100000000000801280000000000000000000000000000000000000000000000000000000000000000000000000000000000000000000901100000000000000000000000000000000000000000000A0124000000000000000000000000000000000000000000000000000000000000000000000000000B010100000000000C010100000000000D010100000000000E010100000000000F0101000000000010011800000000000000000000000000000000000000000000000000000000001101300000000000000000000000000000000000000000000000000000000000000000000000000000000000000000000000000000000000
04-12 20:40:40.845357  2579  2579 D Phone-0 : [0] SubId-1,get allowed network types carrier: value = GPRS|EDGE|UMTS|HSDPA|HSUPA|HSPA|LTE|HSPA+|GSM|TD_SCDMA|LTE_CA|NR
04-12 20:40:40.845373  2579  2579 I CSST    : isNrSupported:  carrierConfigEnabled: true, AccessFamilySupported: false, isNrNetworkTypeAllowed: true
04-12 20:40:40.845379  2579  2579 I CSST    : PrefNetworkNotification: sendMessage() w/values: ,false,false,-1,false,false
04-12 20:40:40.845949  2579  2612 I RILJ    : [0110]< QUERY_NETWORK_SELECTION_MODE {0} [PHONE1]
04-12 20:40:40.846378  2579  2579 I CSST    : canceling notifications: 1000
04-12 20:40:40.846413  2579  2579 D Phone-1 : isWifiCallingEnabled =false
04-12 20:40:40.846417  2579  2579 D CSST    : isPhoneRegisteredForWifiCalling: false
04-12 20:40:40.846420  2579  2579 D Phone-1 : isWifiCallingEnabled =false
04-12 20:40:40.846425  2579  2579 I CSST    : EmergencyNetworkNotification: sendMessage() w/values: ,-1,false,false
04-12 20:40:40.846497  2579  2612 I RILJ    : [0112]< MTK: RIL_REQUEST_SET_VENDOR_SETTING  [PHONE0]
04-12 20:40:40.846606  2579  2579 I CSST    : canceling notifications: 1001
04-12 20:40:40.846674  2579  2579 D Phone-1 : [1] SubId-1,get allowed network types user: value = GPRS|EDGE|UMTS|HSDPA|HSUPA|HSPA|LTE|HSPA+|GSM|TD_SCDMA|LTE_CA|NR
04-12 20:40:40.847011  2579  2579 D Phone-0 : [0] SubId-1,get allowed network types carrier: value = GPRS|EDGE|UMTS|HSDPA|HSUPA|HSPA|LTE|HSPA+|GSM|TD_SCDMA|LTE_CA|NR
04-12 20:40:40.847028  2579  2579 I CSST    : isNrSupported:  carrierConfigEnabled: true, AccessFamilySupported: false, isNrNetworkTypeAllowed: true
04-12 20:40:40.847035  2579  2579 I CSST    : PrefNetworkNotification: sendMessage() w/values: ,false,false,-1,false,false
04-12 20:40:40.847347  1282  1730 I AT      : SEND MSGID=0407 [NW_GET_REGISTER_STATE_REQ], TXID=0199 [RFXSender_18], DUMP=84195424000000000200070499010000
04-12 20:40:40.847519  2579  2579 I CSST    : canceling notifications: 1000
04-12 20:40:40.847551  2579  2579 D Phone-1 : isWifiCallingEnabled =false
04-12 20:40:40.847555  2579  2579 D CSST    : isPhoneRegisteredForWifiCalling: false
04-12 20:40:40.847557  2579  2579 D Phone-1 : isWifiCallingEnabled =false
04-12 20:40:40.847562  2579  2579 I CSST    : EmergencyNetworkNotification: sendMessage() w/values: ,-1,false,false
04-12 20:40:40.847771  2579  2579 I CSST    : canceling notifications: 1001
04-12 20:40:40.847808  2579  2579 D EmergencyNumberTracker: [1]updateRadioEmergencyNumberListAndNotify(): receiving []
04-12 20:40:40.848195  2579  2579 I RILJ    : [0115]> SEND_DEVICE_STATE 1:false [PHONE1]
04-12 20:40:40.848665  1282  1677 I AT      : RECV MSGID=0408 [NW_GET_REGISTER_STATE_CNF], TXID=0199, DUMP=8419542400000000020208049901880100000400000000000001260000000000000000000000000000000000000000000000000000000000000000000000000000000000000000000101020000000000020101000000000003010400000000000401280000000000000000000000000000000000000000000000000000000000000000000000000000000000000000000501010000000000060102000000000007010100000000000801280000000000000000000000000000000000000000000000000000000000000000000000000000000000000000000901100000000000000000000000000000000000000000000A0124000000000000000000000000000000000000000000000000000000000000000000000000000B010100000000000C010100000000000D010100000000000E010100000000000F0101000000000010011800000000000000000000000000000000000000000000000000000000001101300000000000000000000000000000000000000000000000000000000000000000000000000000000000000000000000000000000000
04-12 20:40:40.848812  2579  2579 I RILJ    : [0116]> SEND_DEVICE_STATE 2:true [PHONE1]
04-12 20:40:40.848880  1282  1730 D RmmNwRTReqHdlr: [1] [requestOperator] plmn is null or empty!
04-12 20:40:40.849156  1282  1728 I AT      : SEND MSGID=041f [NW_SET_IDLE_HINT_REQ], TXID=019a [RFXSender_16], DUMP=841954240000000002001F049A0108000001010001000000
04-12 20:40:40.849181  2579  3273 I RILJ    : [0113]< OPERATOR {, , } [PHONE1]
04-12 20:40:40.849321  2579  2579 I RILJ    : [0117]> SEND_DEVICE_STATE 0:false [PHONE1]
04-12 20:40:40.849399  2579  2612 I RILJ    : [0115]< SEND_DEVICE_STATE error 6 [PHONE1]
04-12 20:40:40.849425  1282  1730 I AT      : SEND MSGID=0407 [NW_GET_REGISTER_STATE_REQ], TXID=019b [RFXSender_18], DUMP=8419542400000000020007049B010000
04-12 20:40:40.849624  2579  2612 D RilRequest: [0115]< SEND_DEVICE_STATE error: com.android.internal.telephony.CommandException: REQUEST_NOT_SUPPORTED ret= result=null
04-12 20:40:40.849779  2579  2579 I RILJ    : [0118]> SET_UNSOLICITED_RESPONSE_FILTER -1 [PHONE1]
04-12 20:40:40.849997  2579  2612 I RILJ    : [0116]< SEND_DEVICE_STATE  [PHONE1]
04-12 20:40:40.850443  2579  2579 I RILJ    : [0119]> SET_LINK_CAPACITY_REPORTING_CRITERIA [PHONE1]
04-12 20:40:40.851061  2579  3273 I RILJ    : [0117]< SEND_DEVICE_STATE error 6 [PHONE1]
04-12 20:40:40.851095  2579  3273 D RilRequest: [0117]< SEND_DEVICE_STATE error: com.android.internal.telephony.CommandException: REQUEST_NOT_SUPPORTED ret= result=null
04-12 20:40:40.851538  2579  2579 I RILJ    : [0120]> SET_LINK_CAPACITY_REPORTING_CRITERIA [PHONE1]
04-12 20:40:40.851713  1282  1696 E RfxBaseHandler: [1] registerToHandleMipcURC error:-3, slotId:1, mipcId:4402
04-12 20:40:40.851779  1282  1696 E RfxBaseHandler: [1] registerToHandleMipcURC error:-3, slotId:1, mipcId:4413
04-12 20:40:40.851783  1282  1696 E RfxBaseHandler: [1] registerToHandleMipcURC error:-3, slotId:1, mipcId:441e
04-12 20:40:40.851785  1282  1696 E RfxBaseHandler: [1] registerToHandleMipcURC error:-3, slotId:1, mipcId:4417
04-12 20:40:40.851790  1282  1696 E RfxBaseHandler: [1] registerToHandleMipcURC error:-3, slotId:1, mipcId:4418
04-12 20:40:40.851795  1282  1696 E RfxBaseHandler: [1] registerToHandleMipcURC error:-3, slotId:1, mipcId:4409
04-12 20:40:40.851810  1282  1696 I AT      : SEND MSGID=1151 [NW_GET_CSCON_STATE_REQ], TXID=019c [RFXSender_12], DUMP=8419542400000000020051119C010000
04-12 20:40:40.852817  2579  2579 I RILJ    : [0121]> SET_LINK_CAPACITY_REPORTING_CRITERIA [PHONE1]
04-12 20:40:40.853611  1282  1728 I AT      : SEND MSGID=021d [DATA_SET_LINK_CAPACITY_REPORTING_CRITERIA_REQ], TXID=019d [RFXSender_16], DUMP=841954240000000002001D029D01A800060101000B00000007012C0064000000F4010000E80300008813000010270000204E000050C30000F8240100A0860100400D030020A107000001010002000000080104000100000001010400B80B000002010400320000000301040032000000040101000E0000000501380064000000F4010000E80300008813000010270000204E000050C30000F8240100A0860100400D030020A1070040420F0060E3160080841E0000000000
04-12 20:40:40.853612  2579  2579 I RILJ    : [0122]> SET_LINK_CAPACITY_REPORTING_CRITERIA [PHONE1]
04-12 20:40:40.854115  1282  1677 I AT      : RECV MSGID=0420 [NW_SET_IDLE_HINT_CNF], TXID=019a, DUMP=8419542400000000020220049A01100000000400000000000001010001000000
04-12 20:40:40.854257  1282  1677 I AT      : RECV MSGID=0408 [NW_GET_REGISTER_STATE_CNF], TXID=019b, DUMP=8419542400000000020208049B01880100000400000000000001260000000000000000000000000000000000000000000000000000000000000000000000000000000000000000000101020000000000020101000000000003010400000000000401280000000000000000000000000000000000000000000000000000000000000000000000000000000000000000000501010000000000060102000000000007010100000000000801280000000000000000000000000000000000000000000000000000000000000000000000000000000000000000000901100000000000000000000000000000000000000000000A0124000000000000000000000000000000000000000000000000000000000000000000000000000B010100000000000C010100000000000D010100000000000E010100000000000F0101000000000010011800000000000000000000000000000000000000000000000000000000001101300000000000000000000000000000000000000000000000000000000000000000000000000000000000000000000000000000000000
04-12 20:40:40.854347  1282  1677 I AT      : RECV MSGID=1152 [NW_GET_CSCON_STATE_CNF], TXID=019c, DUMP=8419542400000000020252119C011800000004000000000000010400000000000101040000000000
04-12 20:40:40.854402  1282  1696 I AT      : SEND MSGID=047b [NW_SET_NW_IND_REPORT_LEVEL_REQ], TXID=019e [RFXSender_12], DUMP=841954240000000002007B049E01100000010100030000000101010003000000
04-12 20:40:40.854413  2579  2579 I RILJ    : [0123]> SET_LINK_CAPACITY_REPORTING_CRITERIA [PHONE1]
04-12 20:40:40.854955  2579  2579 I RILJ    : [0124]> SEND_DEVICE_STATE 1:false [PHONE1]
04-12 20:40:40.855523  1282  1677 I AT      : RECV MSGID=4403 [NW_PS_IND], TXID=ffff, DUMP=841954240000000002030344FFFF7800000101002A000000010104002A2A2A2A020101002A000000030123002A2A2A2A2A2A2A2A2A2A2A2A2A2A2A2A2A2A2A2A2A2A2A2A2A2A2A2A2A2A2A2A2A2A2A00040101002A0000000C0128002A2A2A2A2A2A2A2A2A2A2A2A2A2A2A2A2A2A2A2A2A2A2A2A2A2A2A2A2A2A2A2A2A2A2A2A2A2A2A2A00000000
04-12 20:40:40.855823  2579  2579 I RILJ    : [0125]> SEND_DEVICE_STATE 2:true [PHONE1]
04-12 20:40:40.855853  2579  2612 I RILJ    : [0114]< QUERY_NETWORK_SELECTION_MODE {0} [PHONE1]
04-12 20:40:40.856246  1282  1677 I AT      : RECV MSGID=4408 [NW_CS_IND], TXID=ffff, DUMP=841954240000000002030844FFFF5000008118002A2A2A2A2A2A2A2A2A2A2A2A2A2A2A2A2A2A2A2A2A2A2A2A00000000010101002A000000088120002A2A2A2A2A2A2A2A2A2A2A2A2A2A2A2A2A2A2A2A2A2A2A2A2A2A2A2A2A2A2A2A00000000
04-12 20:40:40.856294  1282  1677 I AT      : RECV MSGID=047c [NW_SET_NW_IND_REPORT_LEVEL_CNF], TXID=019e, DUMP=841954240000000002027C049E0108000000040000000000
04-12 20:40:40.856319  1282  1677 I AT      : RECV MSGID=021e [DATA_SET_LINK_CAPACITY_REPORTING_CRITERIA_CNF], TXID=019d, DUMP=841954240000000002021E029D0108000000040002000000
04-12 20:40:40.856530  1282  1696 E RfxBaseHandler: [1] registerToHandleMipcURC error:-3, slotId:1, mipcId:4419
04-12 20:40:40.856548  1282  1696 I AT      : SEND MSGID=04c7 [NW_GET_PHYSICAL_CHANNEL_CONFIGS_REQ], TXID=019f [RFXSender_12], DUMP=84195424000000000200C7049F010000
04-12 20:40:40.856895  1282  1728 I AT      : SEND MSGID=021d [DATA_SET_LINK_CAPACITY_REPORTING_CRITERIA_REQ], TXID=01a0 [RFXSender_16], DUMP=841954240000000002001D02A001A800060101000B00000007012C0064000000F4010000E80300008813000010270000204E000050C30000F8240100A0860100400D030020A107000001010002000000080104000200000001010400B80B000002010400320000000301040032000000040101000E0000000501380064000000F4010000E80300008813000010270000204E000050C30000F8240100A0860100400D030020A1070040420F0060E3160080841E0000000000
04-12 20:40:40.856956  2579  2579 I RILJ    : [0126]> SEND_DEVICE_STATE 0:false [PHONE1]
04-12 20:40:40.857419  1282  1677 I AT      : RECV MSGID=04c8 [NW_GET_PHYSICAL_CHANNEL_CONFIGS_CNF], TXID=019f, DUMP=84195424000000000202C8049F0188000000040000000000000100000000000000000000FF7F0100FF7F25000000000001000000000000000000000000000000000000000000000000000000000100000000000000000000010100000000000000000000FE7F0100FE7F28000000000001000000000000000000000000000000000000000000000000000000000000000100000000000000
04-12 20:40:40.857498  1282  1696 D RmmNwHdlr: [1] [queryPhysicalChannelConfigs] count:1, hasChanged: 1 
04-12 20:40:40.857567  1282  1696 E RfxBaseHandler: [1] registerToHandleMipcURC error:-3, slotId:1, mipcId:441b
04-12 20:40:40.857613  1282  1696 D RmmNwHdlr: [1] [handlePsInd][handlePsNetworkStateChanged] stat=0, lac=**FF, cid=***FFFF, eAct=0, reject_cause=0, dcnr_restricted=0, endc_sib=0, endc_available=0
04-12 20:40:40.857650  1282  1696 I AT      : [1] AT> AT+EGREG? (RIL_URC2_READER tid:486650473408)
04-12 20:40:40.857663  1282  1696 I AT      : SEND MSGID=0003 [SYS_AT_REQ], TXID=01a1 [RFXSender_12], DUMP=841954240000000002000300A101100000810A002A2A2A2A2A2A2A2A2A2A0000
04-12 20:40:40.857720  1282  1723 D RmmNwReqHdlr: [1] [sendPhysicalChannelConfigs] count:0, Update: 0
04-12 20:40:40.857762  1282  1723 I AT      : SEND MSGID=0407 [NW_GET_REGISTER_STATE_REQ], TXID=01a2 [RFXSender_13], DUMP=841954240000000002000704A2010000
04-12 20:40:40.858886  2579  2579 I RILJ    : [0127]> SET_UNSOLICITED_RESPONSE_FILTER -1 [PHONE1]
04-12 20:40:40.859470  2579  2612 I RILJ    : [0119]< SET_LINK_CAPACITY_REPORTING_CRITERIA  [PHONE1]
04-12 20:40:40.859598  2579  2612 I RILJ    : [0118]< SET_UNSOLICITED_RESPONSE_FILTER  [PHONE1]
04-12 20:40:40.860149  2579  2579 I RILJ    : [0128]> SET_LINK_CAPACITY_REPORTING_CRITERIA [PHONE1]
04-12 20:40:40.860751  2579  2579 I RILJ    : [0129]> SET_LINK_CAPACITY_REPORTING_CRITERIA [PHONE1]
04-12 20:40:40.861397  1282  1677 I AT      : RECV MSGID=021e [DATA_SET_LINK_CAPACITY_REPORTING_CRITERIA_CNF], TXID=01a0, DUMP=841954240000000002021E02A00108000000040002000000
04-12 20:40:40.861435  1282  1677 I AT      : RECV MSGID=0004 [SYS_AT_CNF], TXID=01a1, DUMP=841954240000000002020400A1015000000004000000000000813E002A2A2A2A2A2A2A2A2A2A2A2A2A2A2A2A2A2A2A2A2A2A2A2A2A2A2A2A2A2A2A2A2A2A2A2A2A2A2A2A2A2A2A2A2A2A2A2A2A2A2A2A2A2A2A2A2A2A2A2A2A2A000000000000
04-12 20:40:40.861465  1282  1677 I AT      : RECV MSGID=0408 [NW_GET_REGISTER_STATE_CNF], TXID=01a2, DUMP=841954240000000002020804A201880100000400000000000001260000000000000000000000000000000000000000000000000000000000000000000000000000000000000000000101020000000000020101000000000003010400000000000401280000000000000000000000000000000000000000000000000000000000000000000000000000000000000000000501010000000000060102000000000007010100000000000801280000000000000000000000000000000000000000000000000000000000000000000000000000000000000000000901100000000000000000000000000000000000000000000A0124000000000000000000000000000000000000000000000000000000000000000000000000000B010100000000000C010100000000000D010100000000000E010100000000000F0101000000000010011800000000000000000000000000000000000000000000000000000000001101300000000000000000000000000000000000000000000000000000000000000000000000000000000000000000000000000000000000
04-12 20:40:40.861796  1282  1696 I AT      : [1] AT< +EGREG=*** (RIL_URC2_READER, tid:486650473408)
04-12 20:40:40.861805  1282  1696 I AT      : [1] AT< OK (RIL_URC2_READER, tid:486650473408)
04-12 20:40:40.861844  1282  1696 D RmmNwHdlr: [1] [handleCsInd][handleCsNetworkStateChanged] stat=0, lac=**FF, cid=***FFFF, eAct=0, css=0, nwk_existence=0, roam_indicator=0, cause_type=0, reject_cause=0
04-12 20:40:40.862126  1282  1696 E RfxBaseHandler: [1] registerToHandleMipcURC error:-3, slotId:1, mipcId:420d
04-12 20:40:40.862159  1282  1696 E RfxBaseHandler: [1] registerToHandleMipcURC error:-3, slotId:1, mipcId:4402
04-12 20:40:40.862185  1282  1696 E RfxBaseHandler: [1] registerToHandleMipcURC error:-3, slotId:1, mipcId:4413
04-12 20:40:40.862189  1282  1696 E RfxBaseHandler: [1] registerToHandleMipcURC error:-3, slotId:1, mipcId:441e
04-12 20:40:40.862191  1282  1696 E RfxBaseHandler: [1] registerToHandleMipcURC error:-3, slotId:1, mipcId:4417
04-12 20:40:40.862196  1282  1696 E RfxBaseHandler: [1] registerToHandleMipcURC error:-3, slotId:1, mipcId:4418
04-12 20:40:40.862200  1282  1696 E RfxBaseHandler: [1] registerToHandleMipcURC error:-3, slotId:1, mipcId:4409
04-12 20:40:40.862211  1282  1696 I AT      : SEND MSGID=1151 [NW_GET_CSCON_STATE_REQ], TXID=01a3 [RFXSender_12], DUMP=841954240000000002005111A3010000
04-12 20:40:40.862669  1282  1698 E RILC    : oemHookRawInd: radioModemServiceImpl[1].mtkEmIndication == NULL
04-12 20:40:40.862866  1282  1728 I AT      : SEND MSGID=021d [DATA_SET_LINK_CAPACITY_REPORTING_CRITERIA_REQ], TXID=01a4 [RFXSender_16], DUMP=841954240000000002001D02A401A800060101000B00000007012C0064000000F4010000E80300008813000010270000204E000050C30000F8240100A0860100400D030020A107000001010002000000080104000300000001010400B80B000002010400320000000301040032000000040101000E0000000501380064000000F4010000E80300008813000010270000204E000050C30000F8240100A0860100400D030020A1070040420F0060E3160080841E0000000000
04-12 20:40:40.862977  1282  1677 I AT      : RECV MSGID=1152 [NW_GET_CSCON_STATE_CNF], TXID=01a3, DUMP=841954240000000002025211A3011800000004000000000000010400000000000101040000000000
04-12 20:40:40.863038  2579  2944 I RILJ    : [0120]< SET_LINK_CAPACITY_REPORTING_CRITERIA  [PHONE1]
04-12 20:40:40.863269  2579  2579 I RILJ    : [0130]> SET_LINK_CAPACITY_REPORTING_CRITERIA [PHONE1]
04-12 20:40:40.863465  1282  1696 I AT      : SEND MSGID=047b [NW_SET_NW_IND_REPORT_LEVEL_REQ], TXID=01a5 [RFXSender_12], DUMP=841954240000000002007B04A501100000010100030000000101010003000000
04-12 20:40:40.864922  1282  1677 I AT      : RECV MSGID=4403 [NW_PS_IND], TXID=ffff, DUMP=841954240000000002030344FFFF7800000101002A000000010104002A2A2A2A020101002A000000030123002A2A2A2A2A2A2A2A2A2A2A2A2A2A2A2A2A2A2A2A2A2A2A2A2A2A2A2A2A2A2A2A2A2A2A00040101002A0000000C0128002A2A2A2A2A2A2A2A2A2A2A2A2A2A2A2A2A2A2A2A2A2A2A2A2A2A2A2A2A2A2A2A2A2A2A2A2A2A2A2A00000000
04-12 20:40:40.865068  1282  1677 I AT      : RECV MSGID=4408 [NW_CS_IND], TXID=ffff, DUMP=841954240000000002030844FFFF5000008118002A2A2A2A2A2A2A2A2A2A2A2A2A2A2A2A2A2A2A2A2A2A2A2A00000000010101002A000000088120002A2A2A2A2A2A2A2A2A2A2A2A2A2A2A2A2A2A2A2A2A2A2A2A2A2A2A2A2A2A2A2A00000000
04-12 20:40:40.865397  1282  1677 I AT      : RECV MSGID=047c [NW_SET_NW_IND_REPORT_LEVEL_CNF], TXID=01a5, DUMP=841954240000000002027C04A50108000000040000000000
04-12 20:40:40.865421  1282  1677 I AT      : RECV MSGID=021e [DATA_SET_LINK_CAPACITY_REPORTING_CRITERIA_CNF], TXID=01a4, DUMP=841954240000000002021E02A40108000000040002000000
04-12 20:40:40.865537  1282  1728 I AT      : SEND MSGID=021d [DATA_SET_LINK_CAPACITY_REPORTING_CRITERIA_REQ], TXID=01a6 [RFXSender_16], DUMP=841954240000000002001D02A601A800060101000B00000007012C0064000000F4010000E80300008813000010270000204E000050C30000F8240100A0860100400D030020A107000001010002000000080104000400000001010400B80B000002010400320000000301040032000000040101000E0000000501380064000000F4010000E80300008813000010270000204E000050C30000F8240100A0860100400D030020A1070040420F0060E3160080841E0000000000
04-12 20:40:40.866049  1282  1696 E RfxBaseHandler: [1] registerToHandleMipcURC error:-3, slotId:1, mipcId:4419
04-12 20:40:40.866074  1282  1696 I AT      : SEND MSGID=04c7 [NW_GET_PHYSICAL_CHANNEL_CONFIGS_REQ], TXID=01a7 [RFXSender_12], DUMP=84195424000000000200C704A7010000
04-12 20:40:40.866507  2579  3273 I RILJ    : Unsol response received; Sending ack to ril.cpp [PHONE1]
04-12 20:40:40.866581  2579  3273 I RILJ    : [UNSL]< UNSOL_RESPONSE_PS_NETWORK_STATE_CHANGED [PHONE1]
04-12 20:40:40.867648  1282  1677 I AT      : RECV MSGID=04c8 [NW_GET_PHYSICAL_CHANNEL_CONFIGS_CNF], TXID=01a7, DUMP=84195424000000000202C804A70188000000040000000000000100000000000000000000FF7F0100FF7F25000000000001000000000000000000000000000000000000000000000000000000000100000000000000000000010100000000000000000000FE7F0100FE7F28000000000001000000000000000000000000000000000000000000000000000000000000000100000000000000
04-12 20:40:40.867683  1282  1677 I AT      : RECV MSGID=021e [DATA_SET_LINK_CAPACITY_REPORTING_CRITERIA_CNF], TXID=01a6, DUMP=841954240000000002021E02A60108000000040002000000
04-12 20:40:40.867727  1282  1696 D RmmNwHdlr: [1] [queryPhysicalChannelConfigs] count:1, hasChanged: 0 
04-12 20:40:40.867740  1282  1696 E RfxBaseHandler: [1] registerToHandleMipcURC error:-3, slotId:1, mipcId:441b
04-12 20:40:40.867795  1282  1696 D RmmNwHdlr: [1] [handlePsInd][handlePsNetworkStateChanged] stat=0, lac=**FF, cid=***FFFF, eAct=0, reject_cause=0, dcnr_restricted=0, endc_sib=0, endc_available=0
04-12 20:40:40.867831  1282  1696 I AT      : [1] AT> AT+EGREG? (RIL_URC2_READER tid:486650473408)
04-12 20:40:40.867946  1282  1723 I AT      : SEND MSGID=0407 [NW_GET_REGISTER_STATE_REQ], TXID=01a8 [RFXSender_13], DUMP=841954240000000002000704A8010000
04-12 20:40:40.868434  1282  1728 I AT      : SEND MSGID=021d [DATA_SET_LINK_CAPACITY_REPORTING_CRITERIA_REQ], TXID=01a9 [RFXSender_16], DUMP=841954240000000002001D02A901A800060101000B00000007012C0064000000F4010000E80300008813000010270000204E000050C30000F8240100A0860100400D030020A107000001010002000000080104000600000001010400B80B000002010400320000000301040032000000040101000E0000000501380064000000F4010000E80300008813000010270000204E000050C30000F8240100A0860100400D030020A1070040420F0060E3160080841E0000000000
04-12 20:40:40.869309  1282  1696 I AT      : SEND MSGID=0003 [SYS_AT_REQ], TXID=01aa [RFXSender_12], DUMP=841954240000000002000300AA01100000810A002A2A2A2A2A2A2A2A2A2A0000
04-12 20:40:40.870472  1282  1677 I AT      : RECV MSGID=0408 [NW_GET_REGISTER_STATE_CNF], TXID=01a8, DUMP=841954240000000002020804A801880100000400000000000001260000000000000000000000000000000000000000000000000000000000000000000000000000000000000000000101020000000000020101000000000003010400000000000401280000000000000000000000000000000000000000000000000000000000000000000000000000000000000000000501010000000000060102000000000007010100000000000801280000000000000000000000000000000000000000000000000000000000000000000000000000000000000000000901100000000000000000000000000000000000000000000A0124000000000000000000000000000000000000000000000000000000000000000000000000000B010100000000000C010100000000000D010100000000000E010100000000000F0101000000000010011800000000000000000000000000000000000000000000000000000000001101300000000000000000000000000000000000000000000000000000000000000000000000000000000000000000000000000000000000
04-12 20:40:40.870774  2579  2943 I RILJ    : [0121]< SET_LINK_CAPACITY_REPORTING_CRITERIA  [PHONE1]
04-12 20:40:40.870872  2579  2943 I RILJ    : [0127]< SET_UNSOLICITED_RESPONSE_FILTER  [PHONE1]
04-12 20:40:40.871019  2579  2943 I RILJ    : [0122]< SET_LINK_CAPACITY_REPORTING_CRITERIA  [PHONE1]
04-12 20:40:40.871064  2579  2579 I RILJ    : [0131]> SET_LINK_CAPACITY_REPORTING_CRITERIA [PHONE1]
04-12 20:40:40.871514  1282  1677 I AT      : RECV MSGID=021e [DATA_SET_LINK_CAPACITY_REPORTING_CRITERIA_CNF], TXID=01a9, DUMP=841954240000000002021E02A90108000000040002000000
04-12 20:40:40.871649  1282  1728 I AT      : SEND MSGID=041f [NW_SET_IDLE_HINT_REQ], TXID=01ab [RFXSender_16], DUMP=841954240000000002001F04AB0108000001010001000000
04-12 20:40:40.871717  1282  1728 I AT      : SEND MSGID=021d [DATA_SET_LINK_CAPACITY_REPORTING_CRITERIA_REQ], TXID=01ac [RFXSender_16], DUMP=841954240000000002001D02AC01A800060101000B00000007012C0064000000F4010000E80300008813000010270000204E000050C30000F8240100A0860100400D030020A107000001010002000000080104000100000001010400B80B000002010400320000000301040032000000040101000E0000000501380064000000F4010000E80300008813000010270000204E000050C30000F8240100A0860100400D030020A1070040420F0060E3160080841E0000000000
04-12 20:40:40.871840  1282  1677 I AT      : RECV MSGID=0004 [SYS_AT_CNF], TXID=01aa, DUMP=841954240000000002020400AA015000000004000000000000813E002A2A2A2A2A2A2A2A2A2A2A2A2A2A2A2A2A2A2A2A2A2A2A2A2A2A2A2A2A2A2A2A2A2A2A2A2A2A2A2A2A2A2A2A2A2A2A2A2A2A2A2A2A2A2A2A2A2A2A2A2A2A000000000000
04-12 20:40:40.871967  1282  1696 I AT      : [1] AT< +EGREG=*** (RIL_URC2_READER, tid:486650473408)
04-12 20:40:40.871976  1282  1696 I AT      : [1] AT< OK (RIL_URC2_READER, tid:486650473408)
04-12 20:40:40.872020  1282  1696 D RmmNwHdlr: [1] [handleCsInd][handleCsNetworkStateChanged] stat=0, lac=**FF, cid=***FFFF, eAct=0, css=0, nwk_existence=0, roam_indicator=0, cause_type=0, reject_cause=0
04-12 20:40:40.872218  2579  2612 I RILJ    : Unsol response received; Sending ack to ril.cpp [PHONE1]
04-12 20:40:40.872250  2579  2612 I RILJ    : [UNSL]< UNSOL_RESPONSE_NETWORK_STATE_CHANGED [PHONE1]
04-12 20:40:40.872288  2579  3273 I RILJ    : Unsol response received; Sending ack to ril.cpp [PHONE1]
04-12 20:40:40.872305  2579  3273 I RILJ    : [UNSL]< UNSOL_RESPONSE_CS_NETWORK_STATE_CHANGED [PHONE1]
04-12 20:40:40.872327  2579  3184 D MTKSST  : [GsmSST1] MtkHandler: EVENT_NETWORK_STATE_CHANGED
04-12 20:40:40.872659  1282  1698 E RILC    : oemHookRawInd: radioModemServiceImpl[1].mtkEmIndication == NULL
04-12 20:40:40.873171  2579  2650 I RILJ    : [0123]< SET_LINK_CAPACITY_REPORTING_CRITERIA  [PHONE1]
04-12 20:40:40.873304  2579  2951 I RILJ    : [0124]< SEND_DEVICE_STATE error 6 [PHONE1]
04-12 20:40:40.873363  2579  2951 D RilRequest: [0124]< SEND_DEVICE_STATE error: com.android.internal.telephony.CommandException: REQUEST_NOT_SUPPORTED ret= result=null
04-12 20:40:40.873964  1282  1677 I AT      : RECV MSGID=0420 [NW_SET_IDLE_HINT_CNF], TXID=01ab, DUMP=841954240000000002022004AB01100000000400000000000001010001000000
04-12 20:40:40.874312  1282  1677 I AT      : RECV MSGID=021e [DATA_SET_LINK_CAPACITY_REPORTING_CRITERIA_CNF], TXID=01ac, DUMP=841954240000000002021E02AC0108000000040002000000
04-12 20:40:40.874558  1282  1728 I AT      : SEND MSGID=021d [DATA_SET_LINK_CAPACITY_REPORTING_CRITERIA_REQ], TXID=01ad [RFXSender_16], DUMP=841954240000000002001D02AD01A800060101000B00000007012C0064000000F4010000E80300008813000010270000204E000050C30000F8240100A0860100400D030020A107000001010002000000080104000200000001010400B80B000002010400320000000301040032000000040101000E0000000501380064000000F4010000E80300008813000010270000204E000050C30000F8240100A0860100400D030020A1070040420F0060E3160080841E0000000000
04-12 20:40:40.874796  2579  2579 I RILJ    : [0136]> SET_LINK_CAPACITY_REPORTING_CRITERIA [PHONE1]
04-12 20:40:40.875050  2579  2966 I RILJ    : Unsol response received; Sending ack to ril.cpp [PHONE1]
04-12 20:40:40.875356  2579  2650 I RILJ    : [0128]< SET_LINK_CAPACITY_REPORTING_CRITERIA  [PHONE1]
04-12 20:40:40.875395  2579  2951 I RILJ    : [0125]< SEND_DEVICE_STATE  [PHONE1]
04-12 20:40:40.875531  2579  2579 D NetworkTypeController: [1] DefaultState: process EVENT_INITIALIZE
04-12 20:40:40.875605  2579  2951 I RILJ    : [0126]< SEND_DEVICE_STATE error 6 [PHONE1]
04-12 20:40:40.875659  2579  2951 D RilRequest: [0126]< SEND_DEVICE_STATE error: com.android.internal.telephony.CommandException: REQUEST_NOT_SUPPORTED ret= result=null
04-12 20:40:40.876259  1282  1677 I AT      : RECV MSGID=021e [DATA_SET_LINK_CAPACITY_REPORTING_CRITERIA_CNF], TXID=01ad, DUMP=841954240000000002021E02AD0108000000040002000000
04-12 20:40:40.876368  1282  1728 I AT      : SEND MSGID=021d [DATA_SET_LINK_CAPACITY_REPORTING_CRITERIA_REQ], TXID=01ae [RFXSender_16], DUMP=841954240000000002001D02AE01A800060101000B00000007012C0064000000F4010000E80300008813000010270000204E000050C30000F8240100A0860100400D030020A107000001010002000000080104000300000001010400B80B000002010400320000000301040032000000040101000E0000000501380064000000F4010000E80300008813000010270000204E000050C30000F8240100A0860100400D030020A1070040420F0060E3160080841E0000000000
04-12 20:40:40.876994  2579  2965 I RILJ    : [0129]< SET_LINK_CAPACITY_REPORTING_CRITERIA  [PHONE1]
04-12 20:40:40.877371  1688  2277 W TelephonyRegistry: Pid 2579 has exceeded half the number of permissible registered listeners. Now at 80
04-12 20:40:40.877611  2579  2966 I RILJ    : Unsol response received; Sending ack to ril.cpp [PHONE1]
04-12 20:40:40.877913  1282  1677 I AT      : RECV MSGID=021e [DATA_SET_LINK_CAPACITY_REPORTING_CRITERIA_CNF], TXID=01ae, DUMP=841954240000000002021E02AE0108000000040002000000
04-12 20:40:40.878053  2579  2579 D MtkNetworkTypeController: mNrAdvancedPhysicalChannelConfigItemCount = 0
04-12 20:40:40.878176  2579  2579 D NetworkTypeController: [1] mOverrideTimerRules: {connected={mState=connected, mOverrideType=NR_NSA, mPrimaryTimers={connected_mmwave=2}, mSecondaryTimers={}}, not_restricted_rrc_con={mState=not_restricted_rrc_con, mOverrideType=NR_NSA, mPrimaryTimers={connected_mmwave=2}, mSecondaryTimers={}}, legacy={mState=legacy, mOverrideType=NONE, mPrimaryTimers={connected_mmwave=2}, mSecondaryTimers={}}, not_restricted_rrc_idle={mState=not_restricted_rrc_idle, mOverrideType=NR_NSA, mPrimaryTimers={connected_mmwave=2}, mSecondaryTimers={}}, restricted={mState=restricted, mOverrideType=NONE, mPrimaryTimers={connected_mmwave=2}, mSecondaryTimers={}}, connected_mmwave={mState=connected_mmwave, mOverrideType=NR_ADVANCED, mPrimaryTimers={connected=15, not_restricted_rrc_con=15, not_restricted_rrc_idle=15, connected_mmwave=2, connected_rrc_idle=15}, mSecondaryTimers={}}, connected_rrc_idle={mState=connected_rrc_idle, mOverrideType=NR_NSA, mPrimaryTimers={connected_mmwave=2}, mSecondaryTimers={}}}
