04-12 20:40:41.293728  1282  1677 I AT      : RECV MSGID=0490 [NW_GET_BARRING_INFO_CNF], TXID=01c5, DUMP=841954240000000001029004C5010800000004006C000000
04-12 20:40:41.293953  1282  1710 E RmmNwReqHdlr: [0] requestGetBarringInfo: there is a err
04-12 20:40:41.294163  1282  1698 E RILC    : getBarringInfoResponse Invalid response: NULL
04-12 20:40:41.294881  1282  1715 D RmmNwRTReqHdlr: [0] [requestOperator] plmn is null or empty!
04-12 20:40:41.298409  1282  1710 I AT      : [0] AT> AT+ESBP=7,"SBP_NR_CUSTOM_DISABLE_BAND_BY_PLMN" (RIL_CMD_READER_1 tid:486795221952)
04-12 20:40:41.298474  1282  1710 I AT      : SEND MSGID=0003 [SYS_AT_REQ], TXID=01c6 [RFXSender_1], DUMP=841954240000000001000300C601380000812F002A2A2A2A2A2A2A2A2A2A2A2A2A2A2A2A2A2A2A2A2A2A2A2A2A2A2A2A2A2A2A2A2A2A2A2A2A2A2A2A2A2A2A2A2A2A2A0000000000
04-12 20:40:41.294408  2579  2966 I RILJ    : [0157]< GET_BARRING_INFO error 2 [PHONE0]
04-12 20:40:41.298539  2579  3153 I RILJ    : [0167]> DATA_REGISTRATION_STATE [PHONE0]
04-12 20:40:41.298574  2579  3153 I RILJ    : getDataRegistrationState: overrideHalVersion=null [PHONE0]
04-12 20:40:41.298746  2579  2966 D RilRequest: [0157]< GET_BARRING_INFO error: com.android.internal.telephony.CommandException: GENERIC_FAILURE ret=BarringInfo {mCellIdentity=null, mBarringServiceInfos={}} result=null
04-12 20:40:41.298891  2579  2612 I RILJ    : [UNSL]< UNSOL_RESPONSE_PS_NETWORK_STATE_CHANGED [PHONE0]
04-12 20:40:41.299760  2579  2579 D DSRM-0  : onMobileDataEnabledChanged: DataEnabled:false,DataStalled:false
04-12 20:40:41.299941  2579  2579 D DNC-0   : onDataEnabledChanged: enabled=false
04-12 20:40:41.300062  2579  2579 D ImsPhoneCallTracker: [0] onDataEnabledChanged: enabled=false, reason=-1
04-12 20:40:41.300075  2579  2579 D ImsPhoneCallTracker: [0] Ignore data disabled - carrier policy indicates that data is not metered for ViLTE calls.
04-12 20:40:41.300116  2579  2579 D MtkGsmInboundSmsHandler-1: IdleState.processMessage: processing EVENT_RELEASE_WAKELOCK
04-12 20:40:41.300236  1282  1677 I AT      : RECV MSGID=0004 [SYS_AT_CNF], TXID=01c6, DUMP=841954240000000001020400C60120000000040000000000008113002A2A2A2A2A2A2A2A2A2A2A2A2A2A2A2A2A2A2A00
04-12 20:40:41.300312  1282  1710 I AT      : [0] AT< +ESBP: 1 (RIL_CMD_READER_1, tid:486795221952)
04-12 20:40:41.300322  1282  1710 I AT      : [0] AT< OK (RIL_CMD_READER_1, tid:486795221952)
04-12 20:40:41.300393  1282  1710 I AT      : [0] AT> AT+EPBSEH=? (RIL_CMD_READER_1 tid:486795221952)
04-12 20:40:41.300407  1282  1710 I AT      : SEND MSGID=0003 [SYS_AT_REQ], TXID=01c7 [RFXSender_1], DUMP=841954240000000001000300C701100000810C002A2A2A2A2A2A2A2A2A2A2A2A
04-12 20:40:41.301044  1282  1713 I RmmDcEvent: [0][requestSetPreferredDataModem] preferredMd=0 [0:slot0, 1:slot1]
04-12 20:40:41.301065  1282  1713 I AT      : SEND MSGID=020d [DATA_SET_DATA_ALLOW_REQ], TXID=01c8 [RFXSender_4], DUMP=841954240000000001000D02C8010000
04-12 20:40:41.301506  1282  1715 I AT      : SEND MSGID=040d [NW_GET_PS_REQ], TXID=01c9 [RFXSender_6], DUMP=841954240000000001000D04C9010000
04-12 20:40:41.302124  2579  2650 I RILJ    : [0161]< OEM_HOOK_STRINGS {+ESBP: 1} [PHONE0]
04-12 20:40:41.302669  1282  1677 I AT      : RECV MSGID=040e [NW_GET_PS_CNF], TXID=01c9, DUMP=841954240000000001020E04C9018000000004002A2A2A2A000101002A000000010104002A2A2A2A020101002A000000040123002A2A2A2A2A2A2A2A2A2A2A2A2A2A2A2A2A2A2A2A2A2A2A2A2A2A2A2A2A2A2A2A2A2A2A00050101002A0000000E0128002A2A2A2A2A2A2A2A2A2A2A2A2A2A2A2A2A2A2A2A2A2A2A2A2A2A2A2A2A2A2A2A2A2A2A2A2A2A2A2A00000000
04-12 20:40:41.302790  1282  1677 I AT      : RECV MSGID=0004 [SYS_AT_CNF], TXID=01c7, DUMP=841954240000000001020400C7017000000004000000000000815F002A2A2A2A2A2A2A2A2A2A2A2A2A2A2A2A2A2A2A2A2A2A2A2A2A2A2A2A2A2A2A2A2A2A2A2A2A2A2A2A2A2A2A2A2A2A2A2A2A2A2A2A2A2A2A2A2A2A2A2A2A2A2A2A2A2A2A2A2A2A2A2A2A2A2A2A2A2A2A2A2A2A2A2A2A2A2A2A2A2A2A2A2A2A2A0000000000
04-12 20:40:41.302830  1282  1710 I AT      : [0] AT< +EPBSEH: "0000009a","0000009b","080908DF000003A000000042","080808D5000001A000003042" (RIL_CMD_READER_1, tid:486795221952)
04-12 20:40:41.302843  1282  1710 I AT      : [0] AT< OK (RIL_CMD_READER_1, tid:486795221952)
04-12 20:40:41.303196  1282  1677 I AT      : RECV MSGID=020e [DATA_SET_DATA_ALLOW_CNF], TXID=01c8, DUMP=841954240000000001020E02C80108000000040000000000
04-12 20:40:41.303541  2579  2965 D RadioConfigResponseAidl: [0168]< SET_PREFERRED_DATA_MODEM
04-12 20:40:41.304063  1282  1715 D RmmNwRTReqHdlr: [0] convertToAndroidRegState s_emergencly_only=0, m_cdma_emergency_only=0, m_ims_ecc_only=0
04-12 20:40:41.308363  2579  3153 I RILJ    : [0169]> VOICE_REGISTRATION_STATE [PHONE0]
04-12 20:40:41.308380  2579  3153 I RILJ    : getVoiceRegistrationState: overrideHalVersion=null [PHONE0]
04-12 20:40:41.310011  2579  2612 I RILJ    : Unsol response received; Sending ack to ril.cpp [PHONE0]
04-12 20:40:41.310023  2579  2612 I RILJ    : [UNSL]< UNSOL_RESPONSE_CS_NETWORK_STATE_CHANGED [PHONE0]
04-12 20:40:41.310195  2579  2650 I RILJ    : [0159]< OEM_HOOK_STRINGS {+EPBSE: 154,155,134809823,928,66,0,0,0,0,0} [PHONE0]
04-12 20:40:41.310263  2579  2650 I RILJ    : [0162]< OEM_HOOK_STRINGS {+ESBP: 1} [PHONE0]
04-12 20:40:41.310298  2579  2650 I RILJ    : [0158]< OEM_HOOK_STRINGS {+EPBSEH: "0000009a","0000009b","080908DF000003A000000042","080808D5000001A000003042"} [PHONE0]
04-12 20:40:41.310565  2579  3153 I RILJ    : [0171]> SIGNAL_STRENGTH [PHONE0]
04-12 20:40:41.314744  1282  1715 I AT      : SEND MSGID=042f [NW_GET_CS_REQ], TXID=01ca [RFXSender_6], DUMP=841954240000000001002F04CA010000
04-12 20:40:41.315958  1282  1677 I AT      : RECV MSGID=0430 [NW_GET_CS_CNF], TXID=01ca, DUMP=841954240000000001023004CA013000000004002A2A2A2A00810A002A2A2A2A2A2A2A2A2A2A0000010101002A00000008810C002A2A2A2A2A2A2A2A2A2A2A2A
04-12 20:40:41.316034  1282  1715 D RmmNwRTReqHdlr: [0] convertToAndroidRegState s_emergencly_only=0, m_cdma_emergency_only=0, m_ims_ecc_only=0
04-12 20:40:41.316342  2579  2579 D MtkGsmInboundSmsHandler-1: IdleState.processMessage: EVENT_RELEASE_WAKELOCK: mWakeLock released
04-12 20:40:41.316352  2579  2966 I RILJ    : [0166]< OPERATOR {, , } [PHONE0]
04-12 20:40:41.316518  2579  2966 I RILJ    : [0167]< DATA_REGISTRATION_STATE RegStateResult{regState: NOT_REG_MT_NOT_SEARCHING_OP, rat: UNKNOWN, reasonForDenial: NONE, cellIdentity: CellIdentity.noinit(false), registeredPlmn: , accessTechnologySpecificInfo: AccessTechnologySpecificInfo.noinit(false)} [PHONE0]
04-12 20:40:41.316592  2579  2579 D MtkCdmaInboundSmsHandler-1: IdleState.processMessage: processing EVENT_RELEASE_WAKELOCK
04-12 20:40:41.317207  2579  2579 D MtkCdmaInboundSmsHandler-1: IdleState.processMessage: EVENT_RELEASE_WAKELOCK: mWakeLock released
04-12 20:40:41.317660  2579  2579 D TelephonyManager: setBasebandVersionForPhone org list is:[TA15152P1, TA15152P1]
04-12 20:40:41.317672  2579  2579 D TelephonyManager: setBasebandVersionForPhone final list is:[TA15152P1]
04-12 20:40:41.318580  2579  2579 D MTKSST  : [GsmSST1] handlePollStateResult exception java.lang.IllegalStateException: Service not connected.
04-12 20:40:41.318666  2579  2579 E MTKSST  : [GsmSST1] handlePollStateResult: RIL returned an error where it must succeed: java.lang.IllegalStateException: Service not connected.
04-12 20:40:41.318725  2579  2579 D MTKSST  : [GsmSST1] handlePollStateResult exception java.lang.IllegalStateException: Service not connected.
04-12 20:40:41.318764  2579  2579 E MTKSST  : [GsmSST1] handlePollStateResult: RIL returned an error where it must succeed: java.lang.IllegalStateException: Service not connected.
04-12 20:40:41.318838  2579  2579 D MTKSST  : [GsmSST1] handlePollStateResult exception java.lang.IllegalStateException: Service not connected.
04-12 20:40:41.318985  2579  2579 E MTKSST  : [GsmSST1] handlePollStateResult: RIL returned an error where it must succeed: java.lang.IllegalStateException: Service not connected.
04-12 20:40:41.319008  2579  2579 D MTKSST  : [GsmSST1] EVENT_POLL_STATE_NETWORK_SELECTION_MODE
04-12 20:40:41.319128  2579  2579 D MtkSSCtr: [1] old:{level:0, raw:SignalStrength:{mAverageLevel=-1mCdma=CellSignalStrengthCdma: cdmaDbm=2147483647 cdmaEcio=2147483647 evdoDbm=2147483647 evdoEcio=2147483647 evdoSnr=2147483647 level=0,mGsm=CellSignalStrengthGsm: rssi=2147483647 ber=2147483647 mTa=2147483647 mLevel=0,mWcdma=CellSignalStrengthWcdma: ss=2147483647 ber=2147483647 rscp=2147483647 ecno=2147483647 level=0,mTdscdma=CellSignalStrengthTdscdma: rssi=2147483647 ber=2147483647 rscp=2147483647 level=0,mLte=CellSignalStrengthLte: rssi=2147483647 rsrp=2147483647 rsrq=2147483647 rssnr=2147483647 cqiTableIndex=2147483647 cqi=2147483647 ta=2147483647 level=0 parametersUseForLevel=1,mNr=CellSignalStrengthNr:{ csiRsrp = 2147483647 csiRsrq = 2147483647 csiCqiTableIndex = 2147483647 csiCqiReport = [] ssRsrp = 2147483647 ssRsrq = 2147483647 ssSinr = 2147483647 level = 0 parametersUseForLevel = 1 timingAdvance = 2147483647 },primary=CellSignalStrengthLte}}
04-12 20:40:41.320136  1282  1710 I AT      : SEND MSGID=0411 [NW_GET_SIGNAL_REQ], TXID=01cb [RFXSender_1], DUMP=841954240000000001001104CB010000
04-12 20:40:41.321012  1282  1677 I AT      : RECV MSGID=0412 [NW_GET_SIGNAL_CNF], TXID=01cb, DUMP=841954240000000001021204CB0138010000040000000000040104000500000005010400050000000601040000000000070104000200000008010400000000000D01180063000000FFFFFF7FFFFFFF7FFFFFFF7FFFFFFF7FFFFFFF7F000000000F01350000000000000000000000000000000000000000000000000000000000000000000000000000000000000000000000000000000000FF000000000000001001010001000000150100000000000000000000FF7F0100FF7F350000000000000000000000000000000000000000000000000000000000000000000000000000000000000000000000000000000000FF00000000000000180100000000000000000000FE7F0100FE7F380000000000000000000000000000000000000000000000000000000000000000000000000000000000000000000000000000000000FF00000000000000
04-12 20:40:41.321128  2579  2579 D TranSignalSmooth: [calculateDalayLevel] averageLevel: 0, level: 0
04-12 20:40:41.321985  2579  2966 I RILJ    : [0169]< VOICE_REGISTRATION_STATE RegStateResult{regState: NOT_REG_MT_NOT_SEARCHING_OP, rat: UNKNOWN, reasonForDenial: NONE, cellIdentity: CellIdentity.noinit(false), registeredPlmn: , accessTechnologySpecificInfo: AccessTechnologySpecificInfo.noinit(false)} [PHONE0]
04-12 20:40:41.322289  2579  2612 I RILJ    : [0171]< SIGNAL_STRENGTH SignalStrength:{mAverageLevel=-1mCdma=CellSignalStrengthCdma: cdmaDbm=2147483647 cdmaEcio=2147483647 evdoDbm=2147483647 evdoEcio=2147483647 evdoSnr=2147483647 level=0,mGsm=CellSignalStrengthGsm: rssi=2147483647 ber=2147483647 mTa=2147483647 mLevel=0,mWcdma=CellSignalStrengthWcdma: ss=2147483647 ber=2147483647 rscp=2147483647 ecno=2147483647 level=0,mTdscdma=CellSignalStrengthTdscdma: rssi=2147483647 ber=2147483647 rscp=2147483647 level=0,mLte=CellSignalStrengthLte: rssi=2147483647 rsrp=2147483647 rsrq=2147483647 rssnr=2147483647 cqiTableIndex=2147483647 cqi=2147483647 ta=2147483647 level=0 parametersUseForLevel=1,mNr=CellSignalStrengthNr:{ csiRsrp = 2147483647 csiRsrq = 2147483647 csiCqiTableIndex = 2147483647 csiCqiReport = [] ssRsrp = 2147483647 ssRsrq = 2147483647 ssSinr = 2147483647 level = 0 parametersUseForLevel = 1 timingAdvance = 2147483647 },primary=CellSignalStrengthLte} [PHONE0]
04-12 20:40:41.322701  1688  1954 W TelephonyRegistry: Pid 2579 has exceeded half the number of permissible registered listeners. Now at 91
04-12 20:40:41.323533  2579  3153 D MTKSST  : [GsmSST0] notifySignalStrength level:0 raw:SignalStrength:{mAverageLevel=-1mCdma=CellSignalStrengthCdma: cdmaDbm=2147483647 cdmaEcio=2147483647 evdoDbm=2147483647 evdoEcio=2147483647 evdoSnr=2147483647 level=0,mGsm=CellSignalStrengthGsm: rssi=2147483647 ber=2147483647 mTa=2147483647 mLevel=0,mWcdma=CellSignalStrengthWcdma: ss=2147483647 ber=2147483647 rscp=2147483647 ecno=2147483647 level=0,mTdscdma=CellSignalStrengthTdscdma: rssi=2147483647 ber=2147483647 rscp=2147483647 level=0,mLte=CellSignalStrengthLte: rssi=2147483647 rsrp=2147483647 rsrq=2147483647 rssnr=2147483647 cqiTableIndex=2147483647 cqi=2147483647 ta=2147483647 level=0 parametersUseForLevel=1,mNr=CellSignalStrengthNr:{ csiRsrp = 2147483647 csiRsrq = 2147483647 csiCqiTableIndex = 2147483647 csiCqiReport = [] ssRsrp = 2147483647 ssRsrq = 2147483647 ssSinr = 2147483647 level = 0 parametersUseForLevel = 1 timingAdvance = 2147483647 },primary=CellSignalStrengthLte}
04-12 20:40:41.326776  2579  2579 D MtkSSCtr: [1] new:{level:0, raw:SignalStrength:{mAverageLevel=0mCdma=CellSignalStrengthCdma: cdmaDbm=2147483647 cdmaEcio=2147483647 evdoDbm=2147483647 evdoEcio=2147483647 evdoSnr=2147483647 level=0,mGsm=CellSignalStrengthGsm: rssi=2147483647 ber=2147483647 mTa=2147483647 mLevel=0,mWcdma=CellSignalStrengthWcdma: ss=2147483647 ber=2147483647 rscp=2147483647 ecno=2147483647 level=0,mTdscdma=CellSignalStrengthTdscdma: rssi=2147483647 ber=2147483647 rscp=2147483647 level=0,mLte=CellSignalStrengthLte: rssi=2147483647 rsrp=2147483647 rsrq=2147483647 rssnr=2147483647 cqiTableIndex=2147483647 cqi=2147483647 ta=2147483647 level=0 parametersUseForLevel=1,mNr=CellSignalStrengthNr:{ csiRsrp = 2147483647 csiRsrq = 2147483647 csiCqiTableIndex = 2147483647 csiCqiReport = [] ssRsrp = 2147483647 ssRsrq = 2147483647 ssSinr = 2147483647 level = 0 parametersUseForLevel = 1 timingAdvance = 2147483647 },primary=CellSignalStrengthLte}}, 
04-12 20:40:41.326818  2579  2579 D MTKSST  : [GsmSST1] EVENT_POLL_STATE_NETWORK_SELECTION_MODE
04-12 20:40:41.326904  2579  2579 D MTKSST  : [GsmSST1] combinePsRegistrationStates: {mVoiceRegState=3(POWER_OFF), mDataRegState=1(OUT_OF_SERVICE), mChannelNumber=-1, duplexMode()=0, mCellBandwidths=[], mOperatorAlphaLong=, mOperatorAlphaShort=, isManualNetworkSelection=false(automatic), getRilVoiceRadioTechnology=0(Unknown), getRilDataRadioTechnology=0(Unknown), mCssIndicator=unsupported, mNetworkId=-1, mSystemId=-1, mCdmaRoamingIndicator=-1, mCdmaDefaultRoamingIndicator=-1, mIsEmergencyOnly=false, isUsingCarrierAggregation=false, mArfcnRsrpBoost=0, mNetworkRegistrationInfos=[NetworkRegistrationInfo{ domain=CS transportType=WWAN registrationState=UNKNOWN networkRegistrationState=UNKNOWN roamingType=NOT_ROAMING accessNetworkTechnology=UNKNOWN rejectCause=0 emergencyEnabled=false availableServices=[] cellIdentity=null voiceSpecificInfo=null dataSpecificInfo=null nrState=NONE rRplmn= isUsingCarrierAggregation=false isNonTerrestrialNetwork=TERRESTRIAL}, NetworkRegistrationInfo{ domain=PS transportType=WWAN registrationState=UNKNOWN networkRegistrationState=UNKNOWN roamingType=NOT_ROAMING accessNetworkTechnology=UNKNOWN rejectCause=0 emergencyEnabled=false availableServices=[] cellIdentity=null voiceSpecificInfo=null dataSpecificInfo=null nrState=NONE rRplmn= isUsingCarrierAggregation=false isNonTerrestrialNetwork=TERRESTRIAL}, NetworkRegistrationInfo{ domain=PS transportType=WLAN registrationState=UNKNOWN networkRegistrationState=UNKNOWN roamingType=NOT_ROAMING accessNetworkTechnology=UNKNOWN rejectCause=0 emergencyEnabled=false availableServices=[] cellIdentity=null voiceSpecificInfo=null dataSpecificInfo=null nrState=NONE rRplmn= isUsingCarrierAggregation=false isNonTerrestrialNetwork=TERRESTRIAL}], mNrFrequencyRange=0, mOperatorAlphaLongRaw=, mOperatorAlphaShortRaw=, mIsDataRoamingFromRegistration=false, mIsIwlanPreferred=false, mIsUsingNonTerrestrialNetwork=false}
04-12 20:40:41.327231  2579  2579 D MTKSST  : [GsmSST1] TDD getNumeric simNumeric = , operatorNumeric = 
04-12 20:40:41.327250  2579  2579 D MTKSST  : [GsmSST1] TDD currentMccEqualsSimMcc simNumeric = , operatorNumeric = 
04-12 20:40:41.327328  2579  2579 E MTKSST  : lookupOperatorName2 getPhone null subid=-1
04-12 20:40:41.327342  2579  2579 D MtkRILJ : lookupOperatorNameMVNO2 plmn name update to TS.25/MVNO: 
04-12 20:40:41.327367  2579  2579 D MtkRILJ : lookupOperatorNameNitz plmn name update to Nitz: 
04-12 20:40:41.327379  2579  2579 E MTKSST  : lookupOperatorName getPhone null subid=-1
04-12 20:40:41.327399  2579  2579 D MtkRILJ : lookupOperatorNameMVNO plmn name update to TS.25/MVNO: 
04-12 20:40:41.327414  2579  2579 D MTKSST  : [GsmSST1] TDD getNumeric simNumeric = , operatorNumeric = 
04-12 20:40:41.327421  2579  2579 D MTKSST  : [GsmSST1] TDD currentMccEqualsSimMcc simNumeric = , operatorNumeric = 
04-12 20:40:41.327514  2579  2579 E MTKSST  : lookupOperatorName2 getPhone null subid=-1
04-12 20:40:41.327528  2579  2579 D MtkRILJ : lookupOperatorNameMVNO2 plmn name update to TS.25/MVNO: 
04-12 20:40:41.327580  2579  2579 D MtkRILJ : lookupOperatorNameNitz plmn name update to Nitz: 
04-12 20:40:41.327594  2579  2579 E MTKSST  : lookupOperatorName getPhone null subid=-1
04-12 20:40:41.327650  2579  2579 D MtkRILJ : lookupOperatorNameMVNO plmn name update to TS.25/MVNO: 
04-12 20:40:41.327671  2579  2579 D MTKSST  : [GsmSST1] refreshSpn: null, null, fromPollState=true, needPollState=true
04-12 20:40:41.331195  2579  2579 D MTKSST  : [GsmSST1] set service state as POWER_OFF
04-12 20:40:41.331260  2579  2579 D MTKSST  : [GsmSST1] Could not set ServiceState channel number. CellIdentity null
04-12 20:40:41.331350  2579  2579 D MTKSST  : [GsmSST1] Poll ServiceState done: oldSS={mVoiceRegState=1(OUT_OF_SERVICE), mDataRegState=1(OUT_OF_SERVICE), mChannelNumber=-1, duplexMode()=0, mCellBandwidths=[], mOperatorAlphaLong=null, mOperatorAlphaShort=null, isManualNetworkSelection=false(automatic), getRilVoiceRadioTechnology=0(Unknown), getRilDataRadioTechnology=0(Unknown), mCssIndicator=unsupported, mNetworkId=-1, mSystemId=-1, mCdmaRoamingIndicator=-1, mCdmaDefaultRoamingIndicator=-1, mIsEmergencyOnly=false, isUsingCarrierAggregation=false, mArfcnRsrpBoost=0, mNetworkRegistrationInfos=[NetworkRegistrationInfo{ domain=CS transportType=WWAN registrationState=UNKNOWN networkRegistrationState=UNKNOWN roamingType=NOT_ROAMING accessNetworkTechnology=UNKNOWN rejectCause=0 emergencyEnabled=false availableServices=[] cellIdentity=null voiceSpecificInfo=null dataSpecificInfo=null nrState=NONE rRplmn= isUsingCarrierAggregation=false isNonTerrestrialNetwork=TERRESTRIAL}, NetworkRegistrationInfo{ domain=PS transportType=WWAN registrationState=UNKNOWN networkRegistrationState=UNKNOWN roamingType=NOT_ROAMING accessNetworkTechnology=UNKNOWN rejectCause=0 emergencyEnabled=false availableServices=[] cellIdentity=null voiceSpecificInfo=null dataSpecificInfo=null nrState=NONE rRplmn= isUsingCarrierAggregation=false isNonTerrestrialNetwork=TERRESTRIAL}, NetworkRegistrationInfo{ domain=PS transportType=WLAN registrationState=UNKNOWN networkRegistrationState=UNKNOWN roamingType=NOT_ROAMING accessNetworkTechnology=UNKNOWN rejectCause=0 emergencyEnabled=false availableServices=[] cellIdentity=null voiceSpecificInfo=null dataSpecificInfo=null nrState=NONE rRplmn= isUsingCarrierAggregation=false isNonTerrestrialNetwork=TERRESTRIAL}], mNrFrequencyRange=0, mOperatorAlphaLongRaw=null, mOperatorAlphaShortRaw=null, mIsDataRoamingFromRegistration=false, mIsIwlanPreferred=false, mIsUsingNonTerrestrialNetwork=false}
04-12 20:40:41.331390  2579  2579 D MTKSST  : [GsmSST1] Poll ServiceState done: newSS={mVoiceRegState=3(POWER_OFF), mDataRegState=3(POWER_OFF), mChannelNumber=-1, duplexMode()=0, mCellBandwidths=[], mOperatorAlphaLong=null, mOperatorAlphaShort=null, isManualNetworkSelection=false(automatic), getRilVoiceRadioTechnology=0(Unknown), getRilDataRadioTechnology=0(Unknown), mCssIndicator=unsupported, mNetworkId=-1, mSystemId=-1, mCdmaRoamingIndicator=-1, mCdmaDefaultRoamingIndicator=-1, mIsEmergencyOnly=false, isUsingCarrierAggregation=false, mArfcnRsrpBoost=0, mNetworkRegistrationInfos=[NetworkRegistrationInfo{ domain=CS transportType=WWAN registrationState=UNKNOWN networkRegistrationState=UNKNOWN roamingType=NOT_ROAMING accessNetworkTechnology=UNKNOWN rejectCause=0 emergencyEnabled=false availableServices=[] cellIdentity=null voiceSpecificInfo=null dataSpecificInfo=null nrState=NONE rRplmn= isUsingCarrierAggregation=false isNonTerrestrialNetwork=TERRESTRIAL}, NetworkRegistrationInfo{ domain=PS transportType=WWAN registrationState=UNKNOWN networkRegistrationState=UNKNOWN roamingType=NOT_ROAMING accessNetworkTechnology=UNKNOWN rejectCause=0 emergencyEnabled=false availableServices=[] cellIdentity=null voiceSpecificInfo=null dataSpecificInfo=null nrState=NONE rRplmn= isUsingCarrierAggregation=false isNonTerrestrialNetwork=TERRESTRIAL}, NetworkRegistrationInfo{ domain=PS transportType=WLAN registrationState=UNKNOWN networkRegistrationState=UNKNOWN roamingType=NOT_ROAMING accessNetworkTechnology=UNKNOWN rejectCause=0 emergencyEnabled=false availableServices=[] cellIdentity=null voiceSpecificInfo=null dataSpecificInfo=null nrState=NONE rRplmn= isUsingCarrierAggregation=false isNonTerrestrialNetwork=TERRESTRIAL}], mNrFrequencyRange=0, mOperatorAlphaLongRaw=null, mOperatorAlphaShortRaw=null, mIsDataRoamingFromRegistration=false, mIsIwlanPreferred=false, mIsUsingNonTerrestrialNetwork=false}
04-12 20:40:41.331398  2579  2579 D MTKSST  : [GsmSST1] Poll ServiceState done: oldMaxDataCalls=1 mNewMaxDataCalls=1 oldReasonDataDenied=-1 mNewReasonDataDenied=-1
04-12 20:40:41.335143  2579  2579 D MTKSST  : [GsmSST1] pollStateDone: hasRegistered = false hasDeregistered = false hasDataAttached = {1=false, 2=false} hasDataDetached = {1=false, 2=false} hasDataRegStateChanged = {1=false, 2=false} hasRilVoiceRadioTechnologyChanged = false hasRilDataRadioTechnologyChanged = {1=false, 2=false} hasDataTransportPreferenceChanged = false hasChanged = true hasVoiceRoamingOn = false hasVoiceRoamingOff = false hasDataRoamingOn =false hasDataRoamingOff = false hasLocationChanged = false has4gHandoff = false hasMultiApnSupport = false hasLostMultiApnSupport = false hasCssIndicatorChanged = false hasNrFrequencyRangeChanged = false hasNrStateChanged = false hasAirplaneModeOnlChanged = true
04-12 20:40:41.335504  2579  2579 D MTKSST  : [GsmSST1] updateCarrierDisplayName: satellitePlmn=null
04-12 20:40:41.335548  2579  2579 D MTKSST  : [GsmSST1] updateCarrierDisplayName: rawSpn = 
04-12 20:40:41.335572  2579  2579 D MTKSST  : [GsmSST1] updateSpnDisplay: rule = 2
04-12 20:40:41.335579  2579  2579 D MTKSST  : [GsmSST1] TDD updateSpnDisplay mSS.getOperatorNumeric() = null
04-12 20:40:41.335595  2579  2579 D MTKSST  : [GsmSST1] TDD getNumeric simNumeric = , operatorNumeric = null
04-12 20:40:41.335601  2579  2579 D MTKSST  : [GsmSST1] TDD currentMccEqualsSimMcc simNumeric = , operatorNumeric = null
04-12 20:40:41.339118  2579  2579 D MTKSST  : [GsmSST1] localeOperator null is invalid
04-12 20:40:41.339645  2579  2579 D MTKSST  : [GsmSST1] Broadcasting ServiceState : {mVoiceRegState=3(POWER_OFF), mDataRegState=3(POWER_OFF), mChannelNumber=-1, duplexMode()=0, mCellBandwidths=[], mOperatorAlphaLong=null, mOperatorAlphaShort=null, isManualNetworkSelection=false(automatic), getRilVoiceRadioTechnology=0(Unknown), getRilDataRadioTechnology=0(Unknown), mCssIndicator=unsupported, mNetworkId=-1, mSystemId=-1, mCdmaRoamingIndicator=-1, mCdmaDefaultRoamingIndicator=-1, mIsEmergencyOnly=false, isUsingCarrierAggregation=false, mArfcnRsrpBoost=0, mNetworkRegistrationInfos=[NetworkRegistrationInfo{ domain=CS transportType=WWAN registrationState=UNKNOWN networkRegistrationState=UNKNOWN roamingType=NOT_ROAMING accessNetworkTechnology=UNKNOWN rejectCause=0 emergencyEnabled=false availableServices=[] cellIdentity=null voiceSpecificInfo=null dataSpecificInfo=null nrState=NONE rRplmn= isUsingCarrierAggregation=false isNonTerrestrialNetwork=TERRESTRIAL}, NetworkRegistrationInfo{ domain=PS transportType=WWAN registrationState=UNKNOWN networkRegistrationState=UNKNOWN roamingType=NOT_ROAMING accessNetworkTechnology=UNKNOWN rejectCause=0 emergencyEnabled=false availableServices=[] cellIdentity=null voiceSpecificInfo=null dataSpecificInfo=null nrState=NONE rRplmn= isUsingCarrierAggregation=false isNonTerrestrialNetwork=TERRESTRIAL}, NetworkRegistrationInfo{ domain=PS transportType=WLAN registrationState=UNKNOWN networkRegistrationState=UNKNOWN roamingType=NOT_ROAMING accessNetworkTechnology=UNKNOWN rejectCause=0 emergencyEnabled=false availableServices=[] cellIdentity=null voiceSpecificInfo=null dataSpecificInfo=null nrState=NONE rRplmn= isUsingCarrierAggregation=false isNonTerrestrialNetwork=TERRESTRIAL}], mNrFrequencyRange=0, mOperatorAlphaLongRaw=null, mOperatorAlphaShortRaw=null, mIsDataRoamingFromRegistration=false, mIsIwlanPreferred=false, mIsUsingNonTerrestrialNetwork=false}
04-12 20:40:41.339820  2579  2579 D DefaultPhoneNotifier: notifyServiceStateForSubId: mRegistryMgr=android.telephony.TelephonyRegistryManager@97ef03f ss={mVoiceRegState=3(POWER_OFF), mDataRegState=3(POWER_OFF), mChannelNumber=-1, duplexMode()=0, mCellBandwidths=[], mOperatorAlphaLong=null, mOperatorAlphaShort=null, isManualNetworkSelection=false(automatic), getRilVoiceRadioTechnology=0(Unknown), getRilDataRadioTechnology=0(Unknown), mCssIndicator=unsupported, mNetworkId=-1, mSystemId=-1, mCdmaRoamingIndicator=-1, mCdmaDefaultRoamingIndicator=-1, mIsEmergencyOnly=false, isUsingCarrierAggregation=false, mArfcnRsrpBoost=0, mNetworkRegistrationInfos=[NetworkRegistrationInfo{ domain=CS transportType=WWAN registrationState=UNKNOWN networkRegistrationState=UNKNOWN roamingType=NOT_ROAMING accessNetworkTechnology=UNKNOWN rejectCause=0 emergencyEnabled=false availableServices=[] cellIdentity=null voiceSpecificInfo=null dataSpecificInfo=null nrState=NONE rRplmn= isUsingCarrierAggregation=false isNonTerrestrialNetwork=TERRESTRIAL}, NetworkRegistrationInfo{ domain=PS transportType=WWAN registrationState=UNKNOWN networkRegistrationState=UNKNOWN roamingType=NOT_ROAMING accessNetworkTechnology=UNKNOWN rejectCause=0 emergencyEnabled=false availableServices=[] cellIdentity=null voiceSpecificInfo=null dataSpecificInfo=null nrState=NONE rRplmn= isUsingCarrierAggregation=false isNonTerrestrialNetwork=TERRESTRIAL}, NetworkRegistrationInfo{ domain=PS transportType=WLAN registrationState=UNKNOWN networkRegistrationState=UNKNOWN roamingType=NOT_ROAMING accessNetworkTechnology=UNKNOWN rejectCause=0 emergencyEnabled=false availableServices=[] cellIdentity=null voiceSpecificInfo=null dataSpecificInfo=null nrState=NONE rRplmn= isUsingCarrierAggregation=false isNonTerrestrialNetwork=TERRESTRIAL}], mNrFrequencyRange=0, mOperatorAlphaLongRaw=null, mOperatorAlphaShortRaw=null, mIsDataRoamingFromRegistration=false, mIsIwlanPreferred=false, mIsUsingNonTerrestrialNetwork=false} sender=Handler (com.mediatek.internal.telephony.MtkGsmCdmaPhone) {6efcbd7} phondId=1 subId=-1
04-12 20:40:41.340028  1688  2277 D TelephonyRegistry: notifyServiceStateForSubscriber: INVALID subId=-1
04-12 20:40:41.393979  2579  2579 D MtkRILJ : [0172]> MTK: RIL_REQUEST_SET_SERVICE_STATE voiceRegState: 3 dataRegState: 3 voiceRoamingType: 0 dataRoamingType: 0 rilVoiceRegState: 4 rilDataRegState:4 [PHONE1]
04-12 20:40:41.394304  1282  1723 I AT      : SEND MSGID=0445 [NW_SET_PS_CS_REGISTRATION_STATE_ROAMING_TYPE_REQ], TXID=01cc [RFXSender_13], DUMP=841954240000000002004504CC01100000010600030300000404000000000000
04-12 20:40:41.396387  2579  2579 W ImsStats: [1] conclude: discarding UNKNOWN RAT, duration=1354
04-12 20:40:41.396496  2579  2579 D MTKSST  : [GsmSST1] notifyVoiceRegStateRilRadioTechnologyChanged: vrs=3 rat=0
04-12 20:40:41.396611  2579  2579 D MtkSSCtr: [1] old:{level:0, raw:SignalStrength:{mAverageLevel=0mCdma=CellSignalStrengthCdma: cdmaDbm=2147483647 cdmaEcio=2147483647 evdoDbm=2147483647 evdoEcio=2147483647 evdoSnr=2147483647 level=0,mGsm=CellSignalStrengthGsm: rssi=2147483647 ber=2147483647 mTa=2147483647 mLevel=0,mWcdma=CellSignalStrengthWcdma: ss=2147483647 ber=2147483647 rscp=2147483647 ecno=2147483647 level=0,mTdscdma=CellSignalStrengthTdscdma: rssi=2147483647 ber=2147483647 rscp=2147483647 level=0,mLte=CellSignalStrengthLte: rssi=2147483647 rsrp=2147483647 rsrq=2147483647 rssnr=2147483647 cqiTableIndex=2147483647 cqi=2147483647 ta=2147483647 level=0 parametersUseForLevel=1,mNr=CellSignalStrengthNr:{ csiRsrp = 2147483647 csiRsrq = 2147483647 csiCqiTableIndex = 2147483647 csiCqiReport = [] ssRsrp = 2147483647 ssRsrq = 2147483647 ssSinr = 2147483647 level = 0 parametersUseForLevel = 1 timingAdvance = 2147483647 },primary=CellSignalStrengthLte}}
04-12 20:40:41.396771  2579  2579 D MtkSSCtr: [1] new:{level:0, raw:SignalStrength:{mAverageLevel=-1mCdma=CellSignalStrengthCdma: cdmaDbm=2147483647 cdmaEcio=2147483647 evdoDbm=2147483647 evdoEcio=2147483647 evdoSnr=2147483647 level=0,mGsm=CellSignalStrengthGsm: rssi=2147483647 ber=2147483647 mTa=2147483647 mLevel=0,mWcdma=CellSignalStrengthWcdma: ss=2147483647 ber=2147483647 rscp=2147483647 ecno=2147483647 level=0,mTdscdma=CellSignalStrengthTdscdma: rssi=2147483647 ber=2147483647 rscp=2147483647 level=0,mLte=CellSignalStrengthLte: rssi=2147483647 rsrp=2147483647 rsrq=2147483647 rssnr=2147483647 cqiTableIndex=2147483647 cqi=2147483647 ta=2147483647 level=0 parametersUseForLevel=1,mNr=CellSignalStrengthNr:{ csiRsrp = 2147483647 csiRsrq = 2147483647 csiCqiTableIndex = 2147483647 csiCqiReport = [] ssRsrp = 2147483647 ssRsrq = 2147483647 ssSinr = 2147483647 level = 0 parametersUseForLevel = 1 timingAdvance = 2147483647 },primary=CellSignalStrengthLte}}, 
04-12 20:40:41.396837  1282  1677 I AT      : RECV MSGID=0446 [NW_SET_PS_CS_REGISTRATION_STATE_ROAMING_TYPE_CNF], TXID=01cc, DUMP=841954240000000002024604CC0108000000040000000000
04-12 20:40:41.397232  2579  2579 D DNC-1   : onDataEnabledChanged: enabled=false
04-12 20:40:41.397304  2579  2579 D DSRM-1  : onMobileDataEnabledChanged: DataEnabled:false,DataStalled:false
04-12 20:40:41.397341  2579  2579 D ImsPhoneCallTracker: [1] onDataEnabledChanged: enabled=false, reason=-1
04-12 20:40:41.397346  2579  2579 D ImsPhoneCallTracker: [1] Ignore data disabled - carrier policy indicates that data is not metered for ViLTE calls.
04-12 20:40:41.397502  2579  2612 I RILJ    : [0172]< MTK: RIL_REQUEST_SET_SERVICE_STATE  [PHONE1]
04-12 20:40:41.397830  2579  2579 D ADSC    : onSubscriptionChanged: [{phone 0 score=0 dataRegState=UNKNOWN NOT_USABLE TelephonyDisplayInfo {network=UNKNOWN, overrideNetwork=NONE, isRoaming=false, isNtn=false, isSatelliteConstrainedData=false} signalStrength=0 listeningForEvents=false}, {phone 1 score=0 dataRegState=UNKNOWN NOT_USABLE TelephonyDisplayInfo {network=UNKNOWN, overrideNetwork=NONE, isRoaming=false, isNtn=false, isSatelliteConstrainedData=false} signalStrength=0 listeningForEvents=false}]
04-12 20:40:41.398021  2579  2579 D PhoneCfgMgr: setStaticPhoneCapability: mStaticCapability mMaxActiveVoiceSubscriptions=2 mMaxActiveDataSubscriptions=1 mNetworkValidationBeforeSwitchSupported=true mDeviceNrCapability []
04-12 20:40:41.398065  2579  2579 D PhoneCfgMgr: getStaticPhoneCapability: isDefault=false, caps=mMaxActiveVoiceSubscriptions=2 mMaxActiveDataSubscriptions=1 mNetworkValidationBeforeSwitchSupported=true mDeviceNrCapability []
04-12 20:40:41.400970  2579  2579 D PhoneCfgMgr: getCellularStaticPhoneCapability: mStaticCapability mMaxActiveVoiceSubscriptions=2 mMaxActiveDataSubscriptions=1 mNetworkValidationBeforeSwitchSupported=true mDeviceNrCapability []
04-12 20:40:41.400988  2579  2579 D PhoneCfgMgr: updateSimultaneousCallingSupport: sending the request for getting the list of logical slots supporting simultaneous cellular calling
04-12 20:40:41.401016  2579  2579 D RadioConfig: [0173]> GET_SIMULTANEOUS_CALLING_SUPPORT
04-12 20:40:41.401084  2579  2579 D PhoneCfgMgr: updateSimultaneousCallingSupport: mSlotsSupportingSimultaneousCellularCalls = []
04-12 20:40:41.401258  1282  1698 D RadioConfig_service: getSimultaneousCallingSupportResponse: response 0
04-12 20:40:41.401510  1688  2733 W TelephonyRegistry: Pid 2579 has exceeded half the number of permissible registered listeners. Now at 92
04-12 20:40:41.401606  1688  2733 D TelephonyRegistry: listen oscl: mHasNotifySubscriptionInfoChangedOccurred==false no callback
04-12 20:40:41.401736  2579  2579 D PhoneCfgMgr: setStaticPhoneCapability: mStaticCapability mMaxActiveVoiceSubscriptions=2 mMaxActiveDataSubscriptions=1 mNetworkValidationBeforeSwitchSupported=true mDeviceNrCapability []
04-12 20:40:41.401820  2579  2579 D PhoneCfgMgr: getStaticPhoneCapability: isDefault=false, caps=mMaxActiveVoiceSubscriptions=2 mMaxActiveDataSubscriptions=1 mNetworkValidationBeforeSwitchSupported=true mDeviceNrCapability []
04-12 20:40:41.402062  2579  2612 D RadioConfigResponseAidl: [0173]< GET_SIMULTANEOUS_CALLING_SUPPORT []
04-12 20:40:41.402134  2579  2579 D PhoneCfgMgr: getCellularStaticPhoneCapability: mStaticCapability mMaxActiveVoiceSubscriptions=2 mMaxActiveDataSubscriptions=1 mNetworkValidationBeforeSwitchSupported=true mDeviceNrCapability []
04-12 20:40:41.402184  2579  2579 D PhoneCfgMgr: updateSimultaneousCallingSupport: sending the request for getting the list of logical slots supporting simultaneous cellular calling
04-12 20:40:41.402239  2579  2579 D RadioConfig: [0174]> GET_SIMULTANEOUS_CALLING_SUPPORT
04-12 20:40:41.402363  2579  2579 D PhoneCfgMgr: updateSimultaneousCallingSupport: mSlotsSupportingSimultaneousCellularCalls = []
04-12 20:40:41.402589  2579  2579 D PhoneSwitcher: onDdsSwitchResponse: DDS switch success on phoneId = 0
04-12 20:40:41.402684  2579  2579 D PhoneSwitcher: notifyPreferredDataSubIdChanged to -1
04-12 20:40:41.402843  1688  2282 D TelephonyRegistry: notifyActiveDataSubIdChanged: activeDataSubId=-1
04-12 20:40:41.403087  1282  1698 D RadioConfig_service: getSimultaneousCallingSupportResponse: response 0
04-12 20:40:41.405674  2579  2612 D RadioConfigResponseAidl: [0174]< GET_SIMULTANEOUS_CALLING_SUPPORT []
04-12 20:40:41.407455  2579  2579 D ImsSmsDispatcher [1]: ImsManager: connection ready.
04-12 20:40:41.409987  2644  2661 D MtkImsSmsImpl: [1] configure phone 1
04-12 20:40:41.414634  2579  2579 D ImsPhoneCallTracker: [1] connectionReady for subId = -1
04-12 20:40:41.414671  2579  2579 D ImsPhoneCallTracker: [1] startListeningForCalls
04-12 20:40:41.414712  2644  2661 D MtkImsSmsImpl: [1] onReady
04-12 20:40:41.415745  2644  2661 D MtkMmTelFeature: [1] onFeatureReady called!
04-12 20:40:41.420440  2644  2661 D DialogEventPackageReceiver: DialogEventPackageReceiver
04-12 20:40:41.420468  2644  2661 D ImsMultiEndpointProxy: ImsMultiEndpointProxy
04-12 20:40:41.420583  2579  2579 D ImsMultiEndpoint: ImsMultiEndpoint created
04-12 20:40:41.420594  2579  2579 D ImsMultiEndpoint: setExternalCallStateListener
04-12 20:40:41.423226  2579  2579 D ImsConfig: addConfigCallback: android.telephony.ims.ProvisioningManager$Callback$CallbackBinder@275ebce
04-12 20:40:41.434875  2579  2579 D ImsPhoneCallTracker: [1] startListeningForCalls - waiting for the first carrier config indication for this subscription
04-12 20:40:41.435718  2579  2579 I ImsPhoneCallTracker: [1] initializeTerminalBasedCallWaiting capable=false
04-12 20:40:41.436313  2579  3274 D FeatureConnector: [InstanceManager, 1] imsFeatureCreated: FeatureContainer{imsFeature=android.os.BinderProxy@cd13aea, imsConfig=android.telephony.ims.aidl.IImsConfig$Stub$Proxy@591db, imsRegistration=android.telephony.ims.aidl.IImsRegistration$Stub$Proxy@f320478, sipTransport=null, state=READY, capabilities = capabilities={ EMERGENCY_OVER_MMTEL SIMULTANEOUS_CALLING }}, subId: -1
04-12 20:40:41.436352  2579  3274 D FeatureConnector: [InstanceManager, 1] imsStatusChanged: status=READY
04-12 20:40:41.436775  2579  3666 I ImsManager: IM[1] connectionReady, subId: -1
04-12 20:40:41.437258  2644  2661 I ImsService: updateImsRegstration[1], regstate:3, tech:-1, reason:ImsReasonInfo :: {1000 : CODE_REGISTRATION_ERROR, 0, 0}
04-12 20:40:41.437532  2579  2579 D ImsPhoneCallTracker: [1] startListeningForCalls() : register ims succeed, com.mediatek.internal.telephony.imsphone.MtkImsPhoneCallTracker$2@214c801
04-12 20:40:41.438111  2579  2579 D ImsSmsDispatcher [0]: ImsManager: connection ready.
04-12 20:40:41.438549  2644  3317 D MtkImsSmsImpl: [0] configure phone 0
04-12 20:40:41.438896  2579  2579 D ImsPhoneCallTracker: [0] connectionReady for subId = -1
04-12 20:40:41.438911  2644  2661 D MtkImsSmsImpl: [0] onReady
04-12 20:40:41.438969  2579  2579 D ImsPhoneCallTracker: [0] startListeningForCalls
04-12 20:40:41.439165  2644  2661 D MtkMmTelFeature: [0] onFeatureReady called!
04-12 20:40:41.439677  2644  3317 D DialogEventPackageReceiver: DialogEventPackageReceiver
04-12 20:40:41.439706  2644  3317 D ImsMultiEndpointProxy: ImsMultiEndpointProxy
04-12 20:40:41.439828  2579  2579 D ImsMultiEndpoint: ImsMultiEndpoint created
04-12 20:40:41.439888  2579  2579 D ImsMultiEndpoint: setExternalCallStateListener
04-12 20:40:41.440183  2579  2579 D ImsConfig: addConfigCallback: android.telephony.ims.ProvisioningManager$Callback$CallbackBinder@87f8732
04-12 20:40:41.449220  2579  2579 D ImsPhoneCallTracker: [0] startListeningForCalls - waiting for the first carrier config indication for this subscription
04-12 20:40:41.453266  2579  2579 I ImsPhoneCallTracker: [0] initializeTerminalBasedCallWaiting capable=false
04-12 20:40:41.453956  2579  3274 D FeatureConnector: [InstanceManager, 0] imsFeatureCreated: FeatureContainer{imsFeature=android.os.BinderProxy@6f26153, imsConfig=android.telephony.ims.aidl.IImsConfig$Stub$Proxy@80cea90, imsRegistration=android.telephony.ims.aidl.IImsRegistration$Stub$Proxy@857ef89, sipTransport=null, state=READY, capabilities = capabilities={ EMERGENCY_OVER_MMTEL SIMULTANEOUS_CALLING }}, subId: -1
04-12 20:40:41.453988  2579  3274 D FeatureConnector: [InstanceManager, 0] imsStatusChanged: status=READY
04-12 20:40:41.454392  2579  3003 I ImsManager: IM[0] connectionReady, subId: -1
04-12 20:40:41.455056  2644  2667 I ImsService: updateImsRegstration[0], regstate:3, tech:-1, reason:ImsReasonInfo :: {1000 : CODE_REGISTRATION_ERROR, 0, 0}
04-12 20:40:41.455260  2579  2579 D ImsPhoneCallTracker: [0] startListeningForCalls() : register ims succeed, com.mediatek.internal.telephony.imsphone.MtkImsPhoneCallTracker$2@9229e00
04-12 20:40:41.461007  2579  2579 D TNP     : onNetworkNeeded: Not applied. [NetworkRequest [ REQUEST id=108, [ Capabilities: INTERNET&NOT_RESTRICTED&TRUSTED&NOT_VCN_MANAGED&NOT_BANDWIDTH_CONSTRAINED Uid: 1001 RequestorUid: 1001 RequestorPkg: com.android.phone UnderlyingNetworks: Null] ], mPriority=0, state=UNSATISFIED, mAttachedDataNetwork=null, created time=20:40:41.459, evaluation result=null]
04-12 20:40:41.461093  2579  2579 D DSM-C-1 : onServiceConnected: ComponentInfo{com.android.phone/com.android.internal.telephony.data.CellularDataService}
04-12 20:40:41.461487  2579  3530 D CellularDataService: Cellular data service created for slot 1
04-12 20:40:41.462652  2579  2579 D DSM-C-0 : onServiceConnected: ComponentInfo{com.android.phone/com.android.internal.telephony.data.CellularDataService}
04-12 20:40:41.463363  2579  3530 D CellularDataService: Cellular data service created for slot 0
04-12 20:40:41.464253  2579  2579 D DSM-I-1 : onServiceConnected: ComponentInfo{com.android.phone/com.mediatek.internal.telephony.data.IwlanDataService}
04-12 20:40:41.464456  2579  2579 D DSM-I-0 : onServiceConnected: ComponentInfo{com.android.phone/com.mediatek.internal.telephony.data.IwlanDataService}
04-12 20:40:41.466445  2579  2579 D MtkGsmCdmaPhone: EVENT_ICC_CHANGED, phone id = 0, result = 0
04-12 20:40:41.466522  2579  2579 E GsmCdmaPhone: [0] reapplyUiccAppsEnablementIfNeeded: slot state=CARDSTATE_ABSENT
04-12 20:40:41.466563  2579  2579 E GsmCdmaPhone: [0] reapplyUiccAppsEnablementIfNeeded(), CardState=CARDSTATE_ABSENT ,mUiccApplicationsEnabled = null
04-12 20:40:41.466641  2579  3531 D IwlanDataService: IWLAN data service created for slot 1
04-12 20:40:41.466685  2579  2579 D MtkGsmCdmaPhone: isPhoneTypeCdmaLte:false, phoneId: 0 isCdmaWithoutLteCard: false mNewVoiceTech: 1
04-12 20:40:41.466706  2579  2579 D MtkGsmSMSDispatcher: EVENT_ICC_CHANGED, PhoneId: 0 match exactly.
04-12 20:40:41.466724  2579  2579 D GsmSMSDispatcher: GsmSMSDispatcher: subId = -1 slotId = 0
04-12 20:40:41.466757  2579  2579 D MTKSST  : [GsmSST0] EVENT_ICC_CHANGED: SIM absent
04-12 20:40:41.466764  2579  2579 D MTKSST  : [GsmSST0] cancelAllNotifications: mPrevSubId=-1
04-12 20:40:41.469342  2579  3531 D IwlanDataService: Register for data call list changed.
04-12 20:40:41.469374  2579  3531 D IwlanDataService: Register for apn unthrottled.
04-12 20:40:41.469409  2579  3531 D IwlanDataService: IWLAN data service created for slot 0
04-12 20:40:41.469995  2579  2579 D MTKSST  : [GsmSST0] updateCarrierDisplayName: satellitePlmn=null
04-12 20:40:41.470040  2579  2579 D MTKSST  : [GsmSST0] updateCarrierDisplayName: rawSpn = 
04-12 20:40:41.470074  2579  2579 D MTKSST  : [GsmSST0] updateSpnDisplay: rule = 2
04-12 20:40:41.470309  2579  2579 D MTKSST  : [GsmSST0] TDD updateSpnDisplay mSS.getOperatorNumeric() = 
04-12 20:40:41.470335  2579  2579 D MTKSST  : [GsmSST0] TDD getNumeric simNumeric = , operatorNumeric = 
04-12 20:40:41.470353  2579  2579 D MTKSST  : [GsmSST0] TDD currentMccEqualsSimMcc simNumeric = , operatorNumeric = 
04-12 20:40:41.470408  2579  2579 D CarrierResolver: handleMessage: 2
04-12 20:40:41.470418  2579  2579 D MtkGsmCdmaPhone: EVENT_ICC_CHANGED, phone id = 1, result = 0
04-12 20:40:41.470440  2579  2579 E GsmCdmaPhone: [1] reapplyUiccAppsEnablementIfNeeded: slot state=CARDSTATE_ABSENT
04-12 20:40:41.470447  2579  2579 E GsmCdmaPhone: [1] reapplyUiccAppsEnablementIfNeeded(), CardState=CARDSTATE_ABSENT ,mUiccApplicationsEnabled = null
04-12 20:40:41.470495  2579  2579 D MtkGsmCdmaPhone: isPhoneTypeCdmaLte:false, phoneId: 1 isCdmaWithoutLteCard: false mNewVoiceTech: 1
04-12 20:40:41.470516  2579  2579 D MtkGsmSMSDispatcher: Wrong phone id event coming, PhoneId: 0
04-12 20:40:41.470529  2579  2579 D MTKSST  : [GsmSST1] EVENT_ICC_CHANGED: SIM absent
04-12 20:40:41.470533  2579  2579 D MTKSST  : [GsmSST1] cancelAllNotifications: mPrevSubId=-1
04-12 20:40:41.470972  2579  2579 D MTKSST  : [GsmSST1] updateCarrierDisplayName: satellitePlmn=null
04-12 20:40:41.470999  2579  2579 D MTKSST  : [GsmSST1] updateCarrierDisplayName: rawSpn = 
04-12 20:40:41.471015  2579  2579 D MTKSST  : [GsmSST1] updateSpnDisplay: rule = 2
04-12 20:40:41.471218  2579  2579 D MTKSST  : [GsmSST1] TDD updateSpnDisplay mSS.getOperatorNumeric() = null
04-12 20:40:41.471257  2579  2579 D MTKSST  : [GsmSST1] TDD getNumeric simNumeric = , operatorNumeric = null
04-12 20:40:41.471264  2579  2579 D MTKSST  : [GsmSST1] TDD currentMccEqualsSimMcc simNumeric = , operatorNumeric = null
04-12 20:40:41.471297  2579  2579 D CarrierResolver: handleMessage: 2
04-12 20:40:41.471384  2579  2579 D MtkGsmCdmaPhone: EVENT_ICC_CHANGED, phone id = 0, result = 0
04-12 20:40:41.471404  2579  2579 E GsmCdmaPhone: [0] reapplyUiccAppsEnablementIfNeeded: slot state=CARDSTATE_ABSENT
04-12 20:40:41.471419  2579  2579 E GsmCdmaPhone: [0] reapplyUiccAppsEnablementIfNeeded(), CardState=CARDSTATE_ABSENT ,mUiccApplicationsEnabled = null
04-12 20:40:41.471460  2579  2579 D MtkGsmCdmaPhone: isPhoneTypeCdmaLte:false, phoneId: 0 isCdmaWithoutLteCard: false mNewVoiceTech: 1
04-12 20:40:41.471469  2579  2579 D MtkGsmSMSDispatcher: EVENT_ICC_CHANGED, PhoneId: 0 match exactly.
04-12 20:40:41.471476  2579  2579 D GsmSMSDispatcher: GsmSMSDispatcher: subId = -1 slotId = 0
04-12 20:40:41.471486  2579  2579 D MTKSST  : [GsmSST0] EVENT_ICC_CHANGED: SIM absent
04-12 20:40:41.471488  2579  2579 D MTKSST  : [GsmSST0] cancelAllNotifications: mPrevSubId=-1
04-12 20:40:41.471871  2579  2579 D MTKSST  : [GsmSST0] updateCarrierDisplayName: satellitePlmn=null
04-12 20:40:41.471964  2579  2579 D MTKSST  : [GsmSST0] updateCarrierDisplayName: rawSpn = 
04-12 20:40:41.472017  2579  2579 D MTKSST  : [GsmSST0] updateSpnDisplay: rule = 2
04-12 20:40:41.473633  2579  2579 D MTKSST  : [GsmSST0] TDD updateSpnDisplay mSS.getOperatorNumeric() = 
04-12 20:40:41.473658  2579  2579 D MTKSST  : [GsmSST0] TDD getNumeric simNumeric = , operatorNumeric = 
04-12 20:40:41.473665  2579  2579 D MTKSST  : [GsmSST0] TDD currentMccEqualsSimMcc simNumeric = , operatorNumeric = 
04-12 20:40:41.473721  2579  2579 D CarrierResolver: handleMessage: 2
04-12 20:40:41.473732  2579  2579 D MtkGsmCdmaPhone: EVENT_ICC_CHANGED, phone id = 1, result = 0
04-12 20:40:41.473763  2579  2579 E GsmCdmaPhone: [1] reapplyUiccAppsEnablementIfNeeded: slot state=CARDSTATE_ABSENT
04-12 20:40:41.473770  2579  2579 E GsmCdmaPhone: [1] reapplyUiccAppsEnablementIfNeeded(), CardState=CARDSTATE_ABSENT ,mUiccApplicationsEnabled = null
04-12 20:40:41.473817  2579  2579 D MtkGsmCdmaPhone: isPhoneTypeCdmaLte:false, phoneId: 1 isCdmaWithoutLteCard: false mNewVoiceTech: 1
04-12 20:40:41.473827  2579  2579 D MtkGsmSMSDispatcher: Wrong phone id event coming, PhoneId: 0
04-12 20:40:41.473837  2579  2579 D MTKSST  : [GsmSST1] EVENT_ICC_CHANGED: SIM absent
04-12 20:40:41.473841  2579  2579 D MTKSST  : [GsmSST1] cancelAllNotifications: mPrevSubId=-1
04-12 20:40:41.474085  2579  2579 D MTKSST  : [GsmSST1] updateCarrierDisplayName: satellitePlmn=null
04-12 20:40:41.474511  2579  3531 D IwlanDataService: Register for data call list changed.
04-12 20:40:41.474544  2579  3531 D IwlanDataService: Register for apn unthrottled.
04-12 20:40:41.475094  2579  2579 D MTKSST  : [GsmSST1] updateCarrierDisplayName: rawSpn = 
04-12 20:40:41.475147  2579  2579 D MTKSST  : [GsmSST1] updateSpnDisplay: rule = 2
04-12 20:40:41.475419  2579  2579 D MTKSST  : [GsmSST1] TDD updateSpnDisplay mSS.getOperatorNumeric() = null
04-12 20:40:41.475448  2579  2579 D MTKSST  : [GsmSST1] TDD getNumeric simNumeric = , operatorNumeric = null
04-12 20:40:41.475455  2579  2579 D MTKSST  : [GsmSST1] TDD currentMccEqualsSimMcc simNumeric = , operatorNumeric = null
04-12 20:40:41.475495  2579  2579 D CarrierResolver: handleMessage: 2
04-12 20:40:41.475511  2579  2579 E MtkUiccCtrl: SIM_TYPE info incorrect index
04-12 20:40:41.475878  2579  2579 D NRM-C-0 : service ComponentInfo{com.android.phone/com.android.internal.telephony.CellularNetworkService} for transport WWAN is now connected.
04-12 20:40:41.475930  2579  2579 D NRM-C-1 : service ComponentInfo{com.android.phone/com.android.internal.telephony.CellularNetworkService} for transport WWAN is now connected.
04-12 20:40:41.475955  2579  2579 D MtkGsmCdmaPhone: EVENT_ICC_CHANGED, phone id = 0, result = 1
04-12 20:40:41.475981  2579  2579 E GsmCdmaPhone: [0] reapplyUiccAppsEnablementIfNeeded: slot state=CARDSTATE_ABSENT
04-12 20:40:41.475988  2579  2579 E GsmCdmaPhone: [0] reapplyUiccAppsEnablementIfNeeded(), CardState=CARDSTATE_ABSENT ,mUiccApplicationsEnabled = null
04-12 20:40:41.476032  2579  2579 D MtkGsmCdmaPhone: isPhoneTypeCdmaLte:false, phoneId: 0 isCdmaWithoutLteCard: false mNewVoiceTech: 1
04-12 20:40:41.476044  2579  2579 D MtkGsmSMSDispatcher: Wrong phone id event coming, PhoneId: 1
04-12 20:40:41.476055  2579  2579 D MTKSST  : [GsmSST0] EVENT_ICC_CHANGED: SIM absent
04-12 20:40:41.476058  2579  2579 D MTKSST  : [GsmSST0] cancelAllNotifications: mPrevSubId=-1
04-12 20:40:41.476318  2579  3539 D MtkQualifiedNetworksService: MtkQNS create MtkNetworkAvailabilityProvider for slot 1
04-12 20:40:41.476832  2579  3539 D MtkQualifiedNetworksService: Register for qualified networks changed.
04-12 20:40:41.476916  2579  3539 D MtkQualifiedNetworksService: MtkQNS create MtkNetworkAvailabilityProvider for slot 0
04-12 20:40:41.477807  2579  2579 D MTKSST  : [GsmSST0] updateCarrierDisplayName: satellitePlmn=null
04-12 20:40:41.477844  2579  2579 D MTKSST  : [GsmSST0] updateCarrierDisplayName: rawSpn = 
04-12 20:40:41.477867  2579  2579 D MTKSST  : [GsmSST0] updateSpnDisplay: rule = 2
04-12 20:40:41.478167  2579  2579 D MTKSST  : [GsmSST0] TDD updateSpnDisplay mSS.getOperatorNumeric() = 
04-12 20:40:41.478187  2579  2579 D MTKSST  : [GsmSST0] TDD getNumeric simNumeric = , operatorNumeric = 
04-12 20:40:41.478193  2579  2579 D MTKSST  : [GsmSST0] TDD currentMccEqualsSimMcc simNumeric = , operatorNumeric = 
04-12 20:40:41.478238  2579  2579 D CarrierResolver: handleMessage: 2
04-12 20:40:41.478248  2579  2579 D MtkGsmCdmaPhone: EVENT_ICC_CHANGED, phone id = 1, result = 1
04-12 20:40:41.478266  2579  2579 E GsmCdmaPhone: [1] reapplyUiccAppsEnablementIfNeeded: slot state=CARDSTATE_ABSENT
04-12 20:40:41.478272  2579  2579 E GsmCdmaPhone: [1] reapplyUiccAppsEnablementIfNeeded(), CardState=CARDSTATE_ABSENT ,mUiccApplicationsEnabled = null
04-12 20:40:41.478325  2579  2579 D MtkGsmCdmaPhone: isPhoneTypeCdmaLte:false, phoneId: 1 isCdmaWithoutLteCard: false mNewVoiceTech: 1
04-12 20:40:41.478335  2579  2579 D MtkGsmSMSDispatcher: EVENT_ICC_CHANGED, PhoneId: 1 match exactly.
04-12 20:40:41.478345  2579  2579 D GsmSMSDispatcher: GsmSMSDispatcher: subId = -1 slotId = 1
04-12 20:40:41.478357  2579  2579 D MTKSST  : [GsmSST1] EVENT_ICC_CHANGED: SIM absent
04-12 20:40:41.478360  2579  2579 D MTKSST  : [GsmSST1] cancelAllNotifications: mPrevSubId=-1
04-12 20:40:41.478849  2579  3539 D MtkQualifiedNetworksService: Register for qualified networks changed.
04-12 20:40:41.479643  2579  2579 D MTKSST  : [GsmSST1] updateCarrierDisplayName: satellitePlmn=null
04-12 20:40:41.479782  2579  2579 D MTKSST  : [GsmSST1] updateCarrierDisplayName: rawSpn = 
04-12 20:40:41.479847  2579  2579 D MTKSST  : [GsmSST1] updateSpnDisplay: rule = 2
04-12 20:40:41.480245  2579  2579 D MTKSST  : [GsmSST1] TDD updateSpnDisplay mSS.getOperatorNumeric() = null
04-12 20:40:41.480277  2579  2579 D MTKSST  : [GsmSST1] TDD getNumeric simNumeric = , operatorNumeric = null
04-12 20:40:41.480284  2579  2579 D MTKSST  : [GsmSST1] TDD currentMccEqualsSimMcc simNumeric = , operatorNumeric = null
04-12 20:40:41.480333  2579  2579 D CarrierResolver: handleMessage: 2
04-12 20:40:41.480359  2579  2579 D MtkGsmCdmaPhone: EVENT_ICC_CHANGED, phone id = 0, result = 1
04-12 20:40:41.480392  2579  2579 E GsmCdmaPhone: [0] reapplyUiccAppsEnablementIfNeeded: slot state=CARDSTATE_ABSENT
04-12 20:40:41.480402  2579  2579 E GsmCdmaPhone: [0] reapplyUiccAppsEnablementIfNeeded(), CardState=CARDSTATE_ABSENT ,mUiccApplicationsEnabled = null
