----- timezone:Asia/Shanghai
04-12 20:40:24.027388   531   531 I vold    : Vold 3.0 (the awakening) firing up
04-12 20:40:24.028459   531   531 D vold    : Detected support for: ext4 f2fs vfat
04-12 20:40:24.032213   531   531 D vold    : Initing Transsion Vold
04-12 20:40:24.032954   531   531 I vold    : [libfstab] Using Android DT directory /proc/device-tree/firmware/android/
04-12 20:40:24.034437   531   531 W vold    : [libfstab] Warning: unknown flag: resize
04-12 20:40:24.037024   531   531 D vold    : VoldNativeService::start() completed OK
04-12 20:40:24.042871   531   531 D vold    : VendorVoldNativeService::try_start() completed OK
04-12 20:40:24.271829   531   531 I vold    : Using AIDL version of IBootControl
04-12 20:40:24.287234   599   599 I keystore2: system/security/keystore2/src/keystore2_main.rs:69 - Keystore2 is starting.
04-12 20:40:24.287312   599   599 I keystore2: system/security/keystore2/src/keystore2_main.rs:75 - Setting up sqlite logging for keystore2
04-12 20:40:24.287768   599   629 I keystore2: system/security/keystore2/src/maintenance.rs:316 - start monitoring 'apexd.status' property
04-12 20:40:24.287846   599   629 I keystore2: system/security/keystore2/src/maintenance.rs:321 - property 'apexd.status' is now 'Err(SystemPropertyAbsent)'
04-12 20:40:24.287854   599   629 I keystore2: system/security/keystore2/src/maintenance.rs:326 - await a change to 'apexd.status'...
04-12 20:40:24.287886   599   599 I keystore2: system/security/keystore2/src/keystore2_main.rs:163 - Starting thread pool now.
04-12 20:40:24.287955   599   630 I keystore2: system/security/keystore2/src/globals.rs:490 - monitoring for sys.boot_completed=1
04-12 20:40:24.289436   599   631 I keystore2: system/security/keystore2/src/shared_secret_negotiation.rs:48 - Shared secret negotiation concluded successfully.
04-12 20:40:24.289457   599   599 I keystore2: system/security/keystore2/src/globals.rs:298 - KeyMint device is current version (Some(300)) for security level: r#TRUSTED_ENVIRONMENT
04-12 20:40:24.289765   531   531 D vold    : fscrypt_mount_metadata_encrypted: /data encrypt: 0 format: 0 with null block device: /dev/block/by-name/userdata with zoned 0 length: 0
04-12 20:40:24.289852   531   531 D vold    : metadata_key_dir/key: /metadata/vold/metadata_encryption/key
04-12 20:40:24.290018   531   531 D vold    : Key exists, using: /metadata/vold/metadata_encryption/key
04-12 20:40:24.290092   599   631 I keystore2: system/security/keystore2/src/shared_secret_negotiation.rs:290 - No StrongBox Keymint available, so no RoT transfer
04-12 20:40:24.291531   599   634 I keystore2: system/security/keystore2/src/security_level.rs:245 - caller pid=531, uid=0; force = true; key domain=r#BLOB, alias = None
04-12 20:40:24.291747   599   599 I keystore2: system/security/keystore2/src/keystore2_main.rs:218 - Successfully registered Keystore 2.0 service.
04-12 20:40:24.291758   599   599 I keystore2: system/security/keystore2/src/keystore2_main.rs:220 - Joining thread pool now.
04-12 20:40:24.292497   599   634 I keystore2: system/security/keystore2/src/security_level.rs:343 - upgrade_keyblob_if_required_with start
04-12 20:40:24.292846   599   634 I keystore2: system/security/keystore2/src/enforcements.rs:236 - finalize_create_authorization self.state=NoAuthRequired
04-12 20:40:24.292860   599   634 I keystore2: system/security/keystore2/src/security_level.rs:388 - upgrade_keyblob_if_required_with end; operation_db.create_operation start
04-12 20:40:24.292863   599   634 I keystore2: system/security/keystore2/src/security_level.rs:406 - operation_db.create_operation end
04-12 20:40:24.297522   531   531 D vold    : Mounting metadata-encrypted filesystem:/data
04-12 20:40:24.299268   531   531 I vold    : [libfs_mgr] f2fs_fsck_argv[5] =--no-kernel-check
04-12 20:40:24.299322   531   531 I vold    : [libfs_mgr] Running /system/bin/fsck.f2fs -a -c 10000 --debug-cache /dev/block/dm-79
04-12 20:40:24.419167   531   531 I vold    : [libfs_mgr] __mount(source=/dev/block/mapper/userdata,target=/data,type=f2fs)=0: Success
04-12 20:40:24.419430   531   531 D vold    : Mounted /data
04-12 20:40:24.435967   531   531 I Checkpoint: cp_prepareCheckpoint called
04-12 20:40:24.456977   531   531 I vold    : fscrypt_initialize_systemwide_keys
04-12 20:40:24.460835   531   531 D vold    : Key exists, using: /data/unencrypted/key
04-12 20:40:24.462180   599   634 I keystore2: system/security/keystore2/src/security_level.rs:245 - caller pid=531, uid=0; force = true; key domain=r#BLOB, alias = None
04-12 20:40:24.462236   599   634 I keystore2: system/security/keystore2/src/security_level.rs:343 - upgrade_keyblob_if_required_with start
04-12 20:40:24.462559   599   634 I keystore2: system/security/keystore2/src/enforcements.rs:236 - finalize_create_authorization self.state=NoAuthRequired
04-12 20:40:24.462572   599   634 I keystore2: system/security/keystore2/src/security_level.rs:388 - upgrade_keyblob_if_required_with end; operation_db.create_operation start
04-12 20:40:24.462578   599   634 I keystore2: system/security/keystore2/src/security_level.rs:406 - operation_db.create_operation end
04-12 20:40:24.465504   531   531 D vold    : Installed fscrypt key with ref 59dcb8b08499269c968fd9d859231faa to /data
04-12 20:40:24.466965   531   531 I vold    : Wrote system DE key reference to:/data/unencrypted/ref
04-12 20:40:24.468033   531   531 D vold    : Generating standard storage key
04-12 20:40:24.470126   531   531 D vold    : Installed fscrypt key with ref 5c7a97b087a9ae4a5b1f4687527542c5 to /data
04-12 20:40:24.472476   531   531 I vold    : Wrote per boot key reference to:/data/unencrypted/per_boot_ref
04-12 20:40:24.496839   531   531 I incfs   : Initial API level of the device: 36
04-12 20:40:24.496929   531   531 I incfs   : ro.incremental.enable: yes
04-12 20:40:24.496979   531   531 I incfs   : isFsAvailable: true
04-12 20:40:24.496996   531   531 I incfs   : isFsAvailable: true
04-12 20:40:24.497229   531   531 I incfs   : IncFs_Features: v2
04-12 20:40:24.497503   599   634 I keystore2: system/security/keystore2/src/maintenance.rs:635 - earlyBootEnded()
04-12 20:40:24.497777   599   634 I keystore2: system/security/keystore2/src/maintenance.rs:256 - In early_boot_ended.
04-12 20:40:24.497974   599   634 I keystore2: system/security/keystore2/src/maintenance.rs:260 - keystore db inde=26
04-12 20:40:24.497989   599   634 E keystore2: system/security/keystore2/src/database.rs:1053 - ==backup_db start==
04-12 20:40:24.498071   599   634 I keystore2: system/security/keystore2/src/database.rs:1236 - is_backup_support str="1"
04-12 20:40:24.498267   599   634 E keystore2: system/security/keystore2/src/database.rs:1098 - ==backup_db222 end==
04-12 20:40:24.498404   599   634 E keystore2: system/security/keystore2/src/database.rs:1529 -  in make_connection-start
04-12 20:40:24.498464   599   649 E keystore2: system/security/keystore2/src/database.rs:1529 -  in make_connection-start
04-12 20:40:24.500798   599   634 I keystore2: system/security/keystore2/src/globals.rs:85 - Touching Keystore 2.0 database for this first time since boot.
04-12 20:40:24.500816   599   634 I keystore2: system/security/keystore2/src/globals.rs:86 - Calling cleanup leftovers.
04-12 20:40:24.501131   599   634 I keystore2: system/security/keystore2/src/boot_level_keys.rs:57 - ro.keystore.boot_level_key.strategy not set, inferring from installed KM instances
04-12 20:40:24.501156   599   634 I keystore2: system/security/keystore2/src/boot_level_keys.rs:115 - In get_level_zero_key: security_level=r#TRUSTED_ENVIRONMENT, deny_later_strategy=EarlyBootOnly
04-12 20:40:24.502113   599   649 I keystore2: system/security/keystore2/src/gc.rs:147 - skip GC as boot not completed
04-12 20:40:24.504573   599   634 I keystore2: system/security/keystore2/src/super_key.rs:305 - Starting boot level watcher.
04-12 20:40:24.504779   599   650 I keystore2: system/security/keystore2/src/super_key.rs:337 - Read keystore.boot_level value 30
04-12 20:40:24.504802   599   634 I keystore2: system/security/keystore2/src/maintenance.rs:227 - Call to earlyBootEnded succeeded for security level TRUSTED_ENVIRONMENT.
04-12 20:40:24.504889   599   650 I keystore2: system/security/keystore2/src/super_key.rs:337 - Read keystore.boot_level value 30
04-12 20:40:24.505138   599   634 I keystore2: system/security/keystore2/src/maintenance.rs:237 - Call to earlyBootEnded failed for StrongBox as it is not available
04-12 20:40:24.538304   599   629 I keystore2: system/security/keystore2/src/maintenance.rs:328 - await a change to 'apexd.status'...notified
04-12 20:40:24.538328   599   629 I keystore2: system/security/keystore2/src/maintenance.rs:321 - property 'apexd.status' is now 'Ok("")'
04-12 20:40:24.538333   599   629 I keystore2: system/security/keystore2/src/maintenance.rs:326 - await a change to 'apexd.status'...
04-12 20:40:24.670527   599   629 I keystore2: system/security/keystore2/src/maintenance.rs:328 - await a change to 'apexd.status'...notified
04-12 20:40:24.670584   599   629 I keystore2: system/security/keystore2/src/maintenance.rs:321 - property 'apexd.status' is now 'Ok("starting")'
04-12 20:40:24.670592   599   629 I keystore2: system/security/keystore2/src/maintenance.rs:326 - await a change to 'apexd.status'...
04-12 20:40:25.272655   599   629 I keystore2: system/security/keystore2/src/maintenance.rs:328 - await a change to 'apexd.status'...notified
04-12 20:40:25.272687   599   629 I keystore2: system/security/keystore2/src/maintenance.rs:321 - property 'apexd.status' is now 'Ok("activated")'
04-12 20:40:25.275945   599   629 I keystore2: system/security/keystore2/src/maintenance.rs:365 - apex modules += com.android.adbd version 361153600
04-12 20:40:25.275959   599   629 I keystore2: system/security/keystore2/src/maintenance.rs:365 - apex modules += com.android.adservices version 361153320
04-12 20:40:25.275962   599   629 I keystore2: system/security/keystore2/src/maintenance.rs:365 - apex modules += com.android.apex.cts.shim version 1
04-12 20:40:25.275964   599   629 I keystore2: system/security/keystore2/src/maintenance.rs:365 - apex modules += com.android.appsearch version 361421180
04-12 20:40:25.275968   599   629 I keystore2: system/security/keystore2/src/maintenance.rs:365 - apex modules += com.android.art version 361400140
04-12 20:40:25.275970   599   629 I keystore2: system/security/keystore2/src/maintenance.rs:365 - apex modules += com.android.bt version 360499999
04-12 20:40:25.275972   599   629 I keystore2: system/security/keystore2/src/maintenance.rs:365 - apex modules += com.android.cellbroadcast version 361418000
04-12 20:40:25.275974   599   629 I keystore2: system/security/keystore2/src/maintenance.rs:365 - apex modules += com.android.compos version 3
04-12 20:40:25.275976   599   629 I keystore2: system/security/keystore2/src/maintenance.rs:365 - apex modules += com.android.configinfrastructure version 361153320
04-12 20:40:25.275978   599   629 I keystore2: system/security/keystore2/src/maintenance.rs:365 - apex modules += com.android.conscrypt version 361331360
04-12 20:40:25.275980   599   629 I keystore2: system/security/keystore2/src/maintenance.rs:365 - apex modules += com.android.crashrecovery version 361153320
04-12 20:40:25.275982   599   629 I keystore2: system/security/keystore2/src/maintenance.rs:365 - apex modules += com.android.devicelock version 343201000
04-12 20:40:25.275984   599   629 I keystore2: system/security/keystore2/src/maintenance.rs:365 - apex modules += com.android.extservices version 361153323
04-12 20:40:25.275987   599   629 I keystore2: system/security/keystore2/src/maintenance.rs:365 - apex modules += com.android.hardware.cas version 1
04-12 20:40:25.275988   599   629 I keystore2: system/security/keystore2/src/maintenance.rs:365 - apex modules += com.android.healthfitness version 361420700
04-12 20:40:25.275990   599   629 I keystore2: system/security/keystore2/src/maintenance.rs:365 - apex modules += com.android.i18n version 1
04-12 20:40:25.275992   599   629 I keystore2: system/security/keystore2/src/maintenance.rs:365 - apex modules += com.android.ipsec version 361153320
04-12 20:40:25.275994   599   629 I keystore2: system/security/keystore2/src/maintenance.rs:365 - apex modules += com.android.media version 361153320
04-12 20:40:25.275996   599   629 I keystore2: system/security/keystore2/src/maintenance.rs:365 - apex modules += com.android.media.swcodec version 361153320
04-12 20:40:25.275998   599   629 I keystore2: system/security/keystore2/src/maintenance.rs:365 - apex modules += com.android.mediaprovider version 361420620
04-12 20:40:25.276000   599   629 I keystore2: system/security/keystore2/src/maintenance.rs:365 - apex modules += com.android.neuralnetworks version 361153320
04-12 20:40:25.276002   599   629 I keystore2: system/security/keystore2/src/maintenance.rs:365 - apex modules += com.android.nfcservices version 360499999
04-12 20:40:25.276005   599   629 I keystore2: system/security/keystore2/src/maintenance.rs:365 - apex modules += com.android.ondevicepersonalization version 361153320
04-12 20:40:25.276007   599   629 I keystore2: system/security/keystore2/src/maintenance.rs:365 - apex modules += com.android.os.statsd version 361420820
04-12 20:40:25.276009   599   629 I keystore2: system/security/keystore2/src/maintenance.rs:365 - apex modules += com.android.permission version 361420000
04-12 20:40:25.276011   599   629 I keystore2: system/security/keystore2/src/maintenance.rs:365 - apex modules += com.android.profiling version 361153680
04-12 20:40:25.276013   599   629 I keystore2: system/security/keystore2/src/maintenance.rs:365 - apex modules += com.android.resolv version 361418000
04-12 20:40:25.276015   599   629 I keystore2: system/security/keystore2/src/maintenance.rs:365 - apex modules += com.android.rkpd version 361420380
04-12 20:40:25.276017   599   629 I keystore2: system/security/keystore2/src/maintenance.rs:365 - apex modules += com.android.runtime version 1
04-12 20:40:25.276020   599   629 I keystore2: system/security/keystore2/src/maintenance.rs:365 - apex modules += com.android.scheduling version 361153320
04-12 20:40:25.276022   599   629 I keystore2: system/security/keystore2/src/maintenance.rs:365 - apex modules += com.android.sdkext version 361418240
04-12 20:40:25.276024   599   629 I keystore2: system/security/keystore2/src/maintenance.rs:365 - apex modules += com.android.tethering version 361420760
04-12 20:40:25.276026   599   629 I keystore2: system/security/keystore2/src/maintenance.rs:365 - apex modules += com.android.tzdata version 361157000
04-12 20:40:25.276028   599   629 I keystore2: system/security/keystore2/src/maintenance.rs:365 - apex modules += com.android.uprobestats version 361153320
04-12 20:40:25.276031   599   629 I keystore2: system/security/keystore2/src/maintenance.rs:365 - apex modules += com.android.uwb version 361420720
04-12 20:40:25.276033   599   629 I keystore2: system/security/keystore2/src/maintenance.rs:365 - apex modules += com.android.virt version 3
04-12 20:40:25.276035   599   629 I keystore2: system/security/keystore2/src/maintenance.rs:365 - apex modules += com.android.vndk.v31 version 1
04-12 20:40:25.276037   599   629 I keystore2: system/security/keystore2/src/maintenance.rs:365 - apex modules += com.android.vndk.v33 version 1
04-12 20:40:25.276039   599   629 I keystore2: system/security/keystore2/src/maintenance.rs:365 - apex modules += com.android.vndk.v34 version 1
04-12 20:40:25.276041   599   629 I keystore2: system/security/keystore2/src/maintenance.rs:365 - apex modules += com.android.wifi version 361418220
04-12 20:40:25.276043   599   629 I keystore2: system/security/keystore2/src/maintenance.rs:365 - apex modules += com.google.android.widevine version 190250627
04-12 20:40:25.276045   599   629 I keystore2: system/security/keystore2/src/maintenance.rs:365 - apex modules += com.scorpio.sc.core version 1
04-12 20:40:25.276047   599   629 I keystore2: system/security/keystore2/src/maintenance.rs:365 - apex modules += com.transsion.connectivity version 340101005
04-12 20:40:25.276050   599   629 I keystore2: system/security/keystore2/src/maintenance.rs:365 - apex modules += com.transsion.kolun version 10000001
04-12 20:40:25.276052   599   629 I keystore2: system/security/keystore2/src/maintenance.rs:365 - apex modules += com.transsion.mi.os.framework version 340000002
04-12 20:40:25.276054   599   629 I keystore2: system/security/keystore2/src/maintenance.rs:365 - apex modules += com.transsion.phone version 340002300
04-12 20:40:25.276056   599   629 I keystore2: system/security/keystore2/src/maintenance.rs:365 - apex modules += com.transsion.thub.core version 360102001
04-12 20:40:25.276068   599   629 I keystore2: system/security/keystore2/src/maintenance.rs:540 - set_module_info with 47 modules
04-12 20:40:25.276111   599   629 I keystore2: system/security/keystore2/src/maintenance.rs:202 - skipping setAdditionalAttestationInfo for r#TRUSTED_ENVIRONMENT since its keymint version 300 is less than the minimum required version 400
04-12 20:40:25.276116   599   629 I keystore2: system/security/keystore2/src/maintenance.rs:227 - Call to setAdditionalAttestationInfo succeeded for security level TRUSTED_ENVIRONMENT.
04-12 20:40:25.276730   599   629 I keystore2: system/security/keystore2/src/maintenance.rs:237 - Call to setAdditionalAttestationInfo failed for StrongBox as it is not available
04-12 20:40:25.442656   531   531 D vold    : fscrypt_init_user0
04-12 20:40:25.442713   531   531 D vold    : Preparing: /data/misc/vold/user_keys
04-12 20:40:25.447900   531   531 D vold    : Preparing: /data/misc/vold/user_keys/ce
04-12 20:40:25.448383   531   531 D vold    : Preparing: /data/misc/vold/user_keys/de
04-12 20:40:25.450927   599   634 I keystore2: system/security/keystore2/src/security_level.rs:245 - caller pid=531, uid=0; force = true; key domain=r#BLOB, alias = None
04-12 20:40:25.450982   599   634 I keystore2: system/security/keystore2/src/security_level.rs:343 - upgrade_keyblob_if_required_with start
04-12 20:40:25.451513   599   634 I keystore2: system/security/keystore2/src/enforcements.rs:236 - finalize_create_authorization self.state=NoAuthRequired
04-12 20:40:25.451534   599   634 I keystore2: system/security/keystore2/src/security_level.rs:388 - upgrade_keyblob_if_required_with end; operation_db.create_operation start
04-12 20:40:25.451541   599   634 I keystore2: system/security/keystore2/src/security_level.rs:406 - operation_db.create_operation end
04-12 20:40:25.452669   531   531 D vold    : Installed fscrypt key with ref d844fd290b970402a35ef6c5fd2c8d5e to /data
04-12 20:40:25.452719   531   531 D vold    : Installed de key for user 0
04-12 20:40:25.452904   531   531 D vold    : Preparing: /data/data
04-12 20:40:25.453726   531   531 D vold    : Preparing: /data/user/0
04-12 20:40:25.454033   531   531 D vold    : Preparing: /data/media/obb
04-12 20:40:25.454168   531   531 D vold    : Preparing: /data/vendor_de/meta
04-12 20:40:25.454347   531   531 D vold    : fscrypt_prepare_user_storage for volume null, user 0, flags 1
04-12 20:40:25.454367   531   531 D vold    : Preparing: /data/system/users/0
04-12 20:40:25.454636   531   531 D vold    : Preparing: /data/misc/profiles/cur/0
04-12 20:40:25.454998   531   531 D vold    : Preparing: /data/system_de/0
04-12 20:40:25.455198   531   531 I vold    : Verified that /data/system_de/0 has the encryption policy d844fd290b970402a35ef6c5fd2c8d5e v2 modes 1/4 flags 0xa
04-12 20:40:25.455348   531   531 D vold    : Preparing: /data/vendor_de/0
04-12 20:40:25.455523   531   531 I vold    : Verified that /data/vendor_de/0 has the encryption policy d844fd290b970402a35ef6c5fd2c8d5e v2 modes 1/4 flags 0xa
04-12 20:40:25.455669   531   531 D vold    : Preparing: /data/misc_de/0
04-12 20:40:25.455844   531   531 I vold    : Verified that /data/misc_de/0 has the encryption policy d844fd290b970402a35ef6c5fd2c8d5e v2 modes 1/4 flags 0xa
04-12 20:40:25.455962   531   531 D vold    : Preparing: /data/user_de/0
04-12 20:40:25.456316   531   531 I vold    : Verified that /data/user_de/0 has the encryption policy d844fd290b970402a35ef6c5fd2c8d5e v2 modes 1/4 flags 0xa
04-12 20:40:25.456333   531   531 D vold    : /system/bin/vold_prepare_subdirs
04-12 20:40:25.456341   531   531 D vold    :     prepare
04-12 20:40:25.456345   531   531 D vold    :     
04-12 20:40:25.456348   531   531 D vold    :     0
04-12 20:40:25.456352   531   531 D vold    :     1
04-12 20:40:25.457104   531   531 I vold    : Set 15s timeout
04-12 20:40:25.487629   531   531 I vold    : Fgets log from vold's child_pid 809 by using legency start:
04-12 20:40:25.487680   531   531 I vold    : Finish get from pipe
04-12 20:40:25.557332   818   818 I odsign  : Trying to retrieve existing HMAC key...
04-12 20:40:25.557688   818   818 I odsign  : Trying to retrieve existing keystore key...
04-12 20:40:25.559365   599   634 I keystore2: system/security/keystore2/src/security_level.rs:245 - caller pid=818, uid=0; force = false; key domain=r#SELINUX, alias = Some("ondevice-signing-hmac")
04-12 20:40:25.559554   599   634 I keystore2: system/security/keystore2/src/security_level.rs:343 - upgrade_keyblob_if_required_with start
04-12 20:40:25.559865   599   634 I keystore2: system/security/keystore2/src/enforcements.rs:236 - finalize_create_authorization self.state=NoAuthRequired
04-12 20:40:25.559876   599   634 I keystore2: system/security/keystore2/src/security_level.rs:388 - upgrade_keyblob_if_required_with end; operation_db.create_operation start
04-12 20:40:25.559880   599   634 I keystore2: system/security/keystore2/src/security_level.rs:406 - operation_db.create_operation end
04-12 20:40:25.561058   818   818 I odsign  : Verified public key signature.
04-12 20:40:25.561076   818   818 I odsign  : Initialized Keystore key.
04-12 20:40:25.561759   818   818 I odsign  : Found and verified existing public key certificate: /data/misc/odsign/key.cert
04-12 20:40:25.610465   819   819 I odrefresh: ART APEX version 361400140
04-12 20:40:25.682512   819   819 I odrefresh: Boot images on /system OK (arm64)
04-12 20:40:25.775746   819   819 I odrefresh: system_server artifacts on /system OK
04-12 20:40:25.782415   818   818 I odsign  : /data/misc/odsign/odsign.info.signature matches.
04-12 20:40:25.782503   818   818 I odsign  : Loaded /data/misc/odsign/odsign.info
04-12 20:40:25.783100   818   818 I odsign  : All root hashes match.
04-12 20:40:25.783122   818   818 I odsign  : odrefresh said artifacts are VALID
04-12 20:40:25.783101   599   650 I keystore2: system/security/keystore2/src/super_key.rs:342 - keystore.boot_level 1000000000 hits maximum 1000000000, finishing.
04-12 20:40:25.783128   818   818 I odsign  : On-device signing done.
04-12 20:40:32.735134  1189  1189 I gsid    : no DSU: No such file or directory
04-12 20:40:33.015344  1309  1309 I installd: installd firing up
04-12 20:40:33.032039  1316  1316 I wificond: wificond is starting up...
04-12 20:40:33.038400  1316  1316 W HidlServiceManagement: hwservicemanager is not supported on the device.
04-12 20:40:33.038416  1316  1316 I HidlServiceManagement: Trying to get transport of android.system.wifi.keystore@1.0::IKeystore/default without hwservicemanager
04-12 20:40:33.038422  1316  1316 E HidlServiceManagement: Service android.system.wifi.keystore@1.0::IKeystore/default must be in VINTF manifest in order to register/get.
04-12 20:40:33.038436  1316  1316 I wificond: Did not register wifi keystore HIDL HAL service: -2147483648
04-12 20:40:33.447249  1032  1032 D TranDynamicFeatureSwitch: mCurrentVersion = 1.0
04-12 20:40:33.447351  1032  1032 D TranDynamicFeatureSwitch: parse: tranFeatureToggle => TranFeatureToggle{mFeatureName='iconcrop', mFeatureList={com.transsion.hubcore.iconcrop.ITranNonAdaptiveIconExt=com.transsion.hubcore.iconcrop.TranNonAdaptiveIconExtImpl}, mStatus=true}
04-12 20:40:33.447364  1032  1032 D TranDynamicFeatureSwitch: parse: tranFeatureToggle => TranFeatureToggle{mFeatureName='finance', mFeatureList={com.transsion.hubcore.finance.ITranFinanceComponent=com.transsion.hubcore.finance.TranFinanceComponentImpl, com.transsion.hubcore.finance.ITranFinancePJComponent=com.transsion.hubcore.finance.payjoy.TranPJComponentImpl}, mStatus=true}
04-12 20:40:33.448495  1032  1032 D TranClassInfo: instance successfully. com.transsion.hubcore.app.TranActivityOptionsImpl@e2eb9a from com.transsion.hubcore.server.app.ITranActivityOptions
04-12 20:40:33.477457  1032  1032 D TranClassInfo: instance successfully. com.transsion.hubcore.graphics.TranGraphicImpl@35639f9 from com.transsion.hubcore.graphics.ITranGraphic
04-12 20:40:33.490964  1032  1032 D TranClassInfo: instance successfully. com.transsion.common.thubutils.TranConfigs@42300ec from com.transsion.hubsdk.thubutils.ITranConfigs
04-12 20:40:33.491210  1032  1032 I TranConfigs: getConfigs: file path is : /tranfs/etc/vconfig/typeface/fonts_customization.xml
04-12 20:40:33.491321  1032  1032 I TranConfigs: getConfigs: file path is : /tr_company/etc/vconfig/typeface/fonts_customization.xml
04-12 20:40:33.491350  1032  1032 I TranConfigs: getConfigs: file path is : /tr_carrier/etc/vconfig/typeface/fonts_customization.xml
04-12 20:40:33.491384  1032  1032 I TranConfigs: getConfigs: file path is : /tr_region/etc/vconfig/typeface/fonts_customization.xml
04-12 20:40:33.491706  1032  1032 I TranConfigs: getConfigs: file path is : /tr_product/etc/vconfig/typeface/fonts_customization.xml
04-12 20:40:33.492058  1032  1032 I TranConfigs: getConfigs: file path is : /system_ext/etc/vconfig/typeface/fonts_customization.xml
04-12 20:40:33.492135  1032  1032 E TranConfigs: getConfigs: not found path: typeface/fonts_customization.xml
04-12 20:40:33.535811  1509  1557 I BootAnimation: boot-tranDefaultRotation: -1
04-12 20:40:33.654699  1032  1032 D TranClassInfo: instance successfully. com.transsion.hubcore.app.TranWindowConfigurationImpl@49fcfef from com.transsion.hubcore.server.app.ITranWindowConfiguration
04-12 20:40:33.657424  1032  1032 D TranClassInfo: instance successfully. com.transsion.display.displaycompatible.core.TranDisplayCompatibleComponentImpl@fbc2585 from com.transsion.hubcore.displaycompatible.ITranDisplayCompatibleComponent
04-12 20:40:33.691856  1032  1032 D TranClassInfo: instance successfully. com.transsion.hubcore.content.res.TranAssetManagerImpl@71d4d7e from com.transsion.hubcore.content.res.ITranAssetManager
04-12 20:40:33.868046  1032  1032 D TranClassInfo: instance successfully. com.transsion.hubcore.content.om.TranOverlayConfigImpl@53aab2c from com.transsion.hubcore.content.om.ITranOverlayConfig
04-12 20:40:33.897300  1032  1032 V Configuration: Updating configuration, locales updated from [] to [zh_CN_#Hans]
04-12 20:40:33.897795  1032  1032 D TranClassInfo: instance successfully. com.transsion.hubcore.app.TranActivityThreadImpl@744e11d from com.transsion.hubcore.app.ITranActivityThread
04-12 20:40:34.354103  1688  1688 D TranClassInfo: instance successfully. com.transsion.performance.aegean.TranAegeanComponentImpl@cfc7f7f from com.transsion.hubcore.aegean.ITranAegeanComponent
04-12 20:40:34.354217  1688  1688 D TranDynamicFeatureSwitch: status = true
04-12 20:40:34.359698  1688  1688 I TranFinanceComponentImpl: init version=35.0.2.1
04-12 20:40:34.359836  1688  1688 I TranFinanceMgr: FinancialManager init : mVersion = 1, mSupportFlag = 0
04-12 20:40:34.360203  1688  1688 D TranClassInfo: instance successfully. com.transsion.security.finance.TranFinanceComponentImpl@563949b from com.transsion.hubcore.finance.ITranFinanceComponent
04-12 20:40:34.362204  1688  1688 W TranClassInfo: instance failed. com.transsion.hubcore.spdopts.trancpufreqtime.implement.TranCpuPowerReporterComponentImpl from com.transsion.hubcore.trancpufreqtime.ITranCpuPowerReporterComponent
04-12 20:40:34.362204  1688  1688 W TranClassInfo: java.lang.ClassNotFoundException: com.transsion.hubcore.spdopts.trancpufreqtime.implement.TranCpuPowerReporterComponentImpl
04-12 20:40:34.362204  1688  1688 W TranClassInfo: 	at java.lang.Class.classForName(Native Method)
04-12 20:40:34.362204  1688  1688 W TranClassInfo: 	at java.lang.Class.forName(Class.java:591)
04-12 20:40:34.362204  1688  1688 W TranClassInfo: 	at com.transsion.hubcore.utils.TranClassInfo.getImpl(TranClassInfo.java:124)
04-12 20:40:34.362204  1688  1688 W TranClassInfo: 	at com.transsion.hubcore.trancpufreqtime.ITranCpuPowerReporterComponent.Instance(ITranCpuPowerReporterComponent.java:25)
04-12 20:40:34.362204  1688  1688 W TranClassInfo: 	at com.transsion.hubcore.server.TranSystemServerImpl.<init>(TranSystemServerImpl.java:93)
04-12 20:40:34.362204  1688  1688 W TranClassInfo: 	at java.lang.reflect.Constructor.newInstance0(Native Method)
04-12 20:40:34.362204  1688  1688 W TranClassInfo: 	at java.lang.reflect.Constructor.newInstance(Constructor.java:343)
04-12 20:40:34.362204  1688  1688 W TranClassInfo: 	at com.transsion.hubcore.utils.TranClassInfo.getImpl(TranClassInfo.java:76)
04-12 20:40:34.362204  1688  1688 W TranClassInfo: 	at com.transsion.hubcore.server.ITranSystemServer.Instance(ITranSystemServer.java:35)
04-12 20:40:34.362204  1688  1688 W TranClassInfo: 	at com.android.server.SystemServer.<init>(SystemServer.java:778)
04-12 20:40:34.362204  1688  1688 W TranClassInfo: 	at com.android.server.SystemServer.main(SystemServer.java:761)
04-12 20:40:34.362204  1688  1688 W TranClassInfo: 	at java.lang.reflect.Method.invoke(Native Method)
04-12 20:40:34.362204  1688  1688 W TranClassInfo: 	at com.android.internal.os.RuntimeInit$MethodAndArgsCaller.run(RuntimeInit.java:629)
04-12 20:40:34.362204  1688  1688 W TranClassInfo: 	at com.android.internal.os.ZygoteInit.main(ZygoteInit.java:1002)
04-12 20:40:34.362204  1688  1688 W TranClassInfo: Caused by: java.lang.ClassNotFoundException: com.transsion.hubcore.spdopts.trancpufreqtime.implement.TranCpuPowerReporterComponentImpl
04-12 20:40:34.362204  1688  1688 W TranClassInfo: 	... 14 more
04-12 20:40:34.362321  1688  1688 D TranClassInfo: using com.transsion.hubcore.trancpufreqtime.ITranCpuPowerReporterComponent$1@73d0d76 instead of [com.transsion.hubcore.spdopts.trancpufreqtime.implement.TranCpuPowerReporterComponentImpl] from com.transsion.hubcore.trancpufreqtime.ITranCpuPowerReporterComponent
04-12 20:40:34.362342  1688  1688 D TranClassInfo: instance successfully. com.transsion.hubcore.server.TranSystemServerImpl@e5cdf77 from com.transsion.hubcore.server.ITranSystemServer
04-12 20:40:34.363761  1688  1688 D SystemServerTiming: InitBeforeStartServices
04-12 20:40:34.365390  1688  1688 I SystemServer: Entered the Android system server!
04-12 20:40:34.366848  1688  1688 I SystemServerInitThreadPool: Creating instance with 8 threads
04-12 20:40:34.366972  1688  1688 I SystemServer: Reading configuration...
04-12 20:40:34.366993  1688  1688 D SystemServerTiming: ReadingSystemConfig
04-12 20:40:34.367360  1688  1804 D SystemServerTimingAsync: InitThreadPoolExec:ReadingSystemConfig
04-12 20:40:34.367402  1688  1804 D SystemServerInitThreadPool: Started executing ReadingSystemConfig
04-12 20:40:34.367971  1688  1804 I SystemConfig: Reading permissions from /system/etc/sysconfig/com.google.android.mainline.patchlevel.2.xml
04-12 20:40:34.368194  1688  1804 I SystemConfig: Reading permissions from /system/etc/sysconfig/enhanced-confirmation.xml
04-12 20:40:34.368315  1688  1804 I SystemConfig: Reading permissions from /system/etc/sysconfig/framework-sysconfig.xml
04-12 20:40:34.369023  1688  1804 I SystemConfig: Reading permissions from /system/etc/sysconfig/google-hiddenapi-package-allowlist.xml
04-12 20:40:34.369551  1688  1804 I SystemConfig: Reading permissions from /system/etc/sysconfig/hiddenapi-package-whitelist.xml
04-12 20:40:34.369767  1688  1804 I SystemConfig: Reading permissions from /system/etc/sysconfig/initial-package-stopped-states.xml
04-12 20:40:34.372015  1688  1804 I SystemConfig: Reading permissions from /system/etc/sysconfig/package-shareduid-allowlist.xml
04-12 20:40:34.372662  1688  1804 I SystemConfig: Reading permissions from /system/etc/sysconfig/preinstalled-packages-asl-files.xml
04-12 20:40:34.372992  1688  1804 I SystemConfig: Reading permissions from /system/etc/sysconfig/preinstalled-packages-com.google.android.providers.media.module.xml
04-12 20:40:34.373376  1688  1804 I SystemConfig: Reading permissions from /system/etc/sysconfig/preinstalled-packages-platform-handheld-system.xml
04-12 20:40:34.373746  1688  1804 I SystemConfig: Reading permissions from /system/etc/sysconfig/preinstalled-packages-platform.xml
04-12 20:40:34.376057  1688  1804 I SystemConfig: Reading permissions from /system/etc/sysconfig/preinstalled-packages-strict-signature.xml
04-12 20:40:34.377368  1688  1804 I SystemConfig: Reading permissions from /system/etc/permissions/GoogleDocumentsUI_permissions.xml
04-12 20:40:34.377871  1688  1804 D TranClassInfo: instance successfully. com.transsion.hubcore.server.pm.trpartition.TranPartitionManagerImpl@d4aeabd from com.transsion.hubcore.server.pm.trpartition.ITranPartitionManager
04-12 20:40:34.378261  1688  1804 D TranClassInfo: instance successfully. com.transsion.updates.trpartition.TranPartitionManagerComponentImpl@799b8b2 from com.transsion.hubcore.trpartition.ITranPartitionManagerComponent
04-12 20:40:34.379687  1688  1804 I SystemConfig: Reading permissions from /system/etc/permissions/GoogleNetworkStack_permissions.xml
04-12 20:40:34.380050  1688  1804 I SystemConfig: Reading permissions from /system/etc/permissions/android.software.live_wallpaper.xml
04-12 20:40:34.380553  1688  1804 I SystemConfig: Reading permissions from /system/etc/permissions/android.software.webview.xml
04-12 20:40:34.380768  1688  1804 I SystemConfig: Reading permissions from /system/etc/permissions/android.software.window_magnification.xml
04-12 20:40:34.381118  1688  1804 I SystemConfig: Reading permissions from /system/etc/permissions/android.test.base.xml
04-12 20:40:34.381308  1688  1804 I SystemConfig: Reading permissions from /system/etc/permissions/android.test.mock.xml
04-12 20:40:34.381536  1688  1804 I SystemConfig: Reading permissions from /system/etc/permissions/android.test.runner.xml
04-12 20:40:34.381660  1688  1804 I SystemConfig: Reading permissions from /system/etc/permissions/com.android.future.usb.accessory.xml
04-12 20:40:34.382563  1688  1804 I SystemConfig: Reading permissions from /system/etc/permissions/com.android.intentresolver.xml
04-12 20:40:34.382931  1688  1804 I SystemConfig: Reading permissions from /system/etc/permissions/com.android.location.provider.xml
04-12 20:40:34.383097  1688  1804 I SystemConfig: Reading permissions from /system/etc/permissions/com.android.media.remotedisplay.xml
04-12 20:40:34.383257  1688  1804 I SystemConfig: Reading permissions from /system/etc/permissions/com.android.mediadrm.signer.xml
04-12 20:40:34.383665  1688  1804 I SystemConfig: Reading permissions from /system/etc/permissions/com.android.nfc_extras.xml
04-12 20:40:34.384334  1688  1804 I SystemConfig: Reading permissions from /system/etc/permissions/javax.obex.xml
04-12 20:40:34.384531  1688  1804 I SystemConfig: Reading permissions from /system/etc/permissions/org.apache.http.legacy.xml
04-12 20:40:34.384787  1688  1804 I SystemConfig: Reading permissions from /system/etc/permissions/privapp-permissions-google-system.xml
04-12 20:40:34.385280  1688  1804 I SystemConfig: Reading permissions from /system/etc/permissions/privapp-permissions-mediatek.xml
04-12 20:40:34.389554  1688  1804 I SystemConfig: Reading permissions from /system/etc/permissions/privapp-permissions-platform.xml
04-12 20:40:34.393914  1688  1804 I SystemConfig: Reading permissions from /system/etc/permissions/platform.xml
04-12 20:40:34.395137  1688  1804 I AconfigFlags: Using new flag storage
04-12 20:40:34.396007  1688  1804 W SystemConfig: Tag system-user-whitelisted-app is unknown in /system/etc/permissions/platform.xml at START_TAG (empty) <system-user-whitelisted-app package='com.transsion.tranvoicecommand'>@392:77 in java.io.FileReader@69892ae
04-12 20:40:34.396419  1688  1804 I SystemConfig: Reading permissions from /vendor/etc/permissions/android.hardware.audio.low_latency.prebuilt.xml
04-12 20:40:34.396530  1688  1804 I SystemConfig: Reading permissions from /vendor/etc/permissions/android.hardware.biometrics.face.xml
04-12 20:40:34.396639  1688  1804 I SystemConfig: Reading permissions from /vendor/etc/permissions/android.hardware.bluetooth.prebuilt.xml
04-12 20:40:34.396787  1688  1804 I SystemConfig: Reading permissions from /vendor/etc/permissions/android.hardware.bluetooth_le.prebuilt.xml
04-12 20:40:34.396893  1688  1804 I SystemConfig: Reading permissions from /vendor/etc/permissions/android.hardware.camera.concurrent.prebuilt.xml
04-12 20:40:34.397000  1688  1804 I SystemConfig: Reading permissions from /vendor/etc/permissions/android.hardware.camera.xml
04-12 20:40:34.397118  1688  1804 I SystemConfig: Reading permissions from /vendor/etc/permissions/android.hardware.faketouch.prebuilt.xml
04-12 20:40:34.397220  1688  1804 I SystemConfig: Reading permissions from /vendor/etc/permissions/android.hardware.hardware_keystore.xml
04-12 20:40:34.397321  1688  1804 I SystemConfig: Reading permissions from /vendor/etc/permissions/android.hardware.keystore.app_attest_key.prebuilt.xml
04-12 20:40:34.397421  1688  1804 I SystemConfig: Reading permissions from /vendor/etc/permissions/android.hardware.location.gps.prebuilt.xml
04-12 20:40:34.397522  1688  1804 I SystemConfig: Reading permissions from /vendor/etc/permissions/android.hardware.microphone.xml
04-12 20:40:34.398049  1688  1804 I SystemConfig: Reading permissions from /vendor/etc/permissions/android.hardware.opengles.aep.prebuilt.xml
04-12 20:40:34.398215  1688  1804 I SystemConfig: Reading permissions from /vendor/etc/permissions/android.hardware.se.omapi.prebuilt.xml
04-12 20:40:34.398375  1688  1804 I SystemConfig: Reading permissions from /vendor/etc/permissions/android.hardware.telephony.gsm.xml
04-12 20:40:34.398531  1688  1804 I SystemConfig: Reading permissions from /vendor/etc/permissions/android.hardware.telephony.ims.prebuilt.xml
04-12 20:40:34.398680  1688  1804 I SystemConfig: Reading permissions from /vendor/etc/permissions/android.hardware.touchscreen.multitouch.distinct.prebuilt.xml
04-12 20:40:34.398841  1688  1804 I SystemConfig: Reading permissions from /vendor/etc/permissions/android.hardware.touchscreen.multitouch.jazzhand.prebuilt.xml
04-12 20:40:34.398980  1688  1804 I SystemConfig: Reading permissions from /vendor/etc/permissions/android.hardware.touchscreen.multitouch.prebuilt.xml
04-12 20:40:34.400192  1688  1804 I SystemConfig: Reading permissions from /vendor/etc/permissions/android.hardware.touchscreen.prebuilt.xml
04-12 20:40:34.400357  1688  1804 I SystemConfig: Reading permissions from /vendor/etc/permissions/android.hardware.usb.accessory.prebuilt.xml
04-12 20:40:34.400505  1688  1804 I SystemConfig: Reading permissions from /vendor/etc/permissions/android.hardware.usb.host.prebuilt.xml
04-12 20:40:34.400662  1688  1804 I SystemConfig: Reading permissions from /vendor/etc/permissions/android.hardware.vulkan.compute-0.prebuilt.xml
04-12 20:40:34.400888  1688  1804 I SystemConfig: Reading permissions from /vendor/etc/permissions/android.hardware.vulkan.level-1.prebuilt.xml
04-12 20:40:34.401001  1688  1804 I SystemConfig: Reading permissions from /vendor/etc/permissions/android.hardware.vulkan.version-1_3.prebuilt.xml
04-12 20:40:34.401105  1688  1804 I SystemConfig: Reading permissions from /vendor/etc/permissions/android.hardware.wifi.direct.prebuilt.xml
04-12 20:40:34.401207  1688  1804 I SystemConfig: Reading permissions from /vendor/etc/permissions/android.hardware.wifi.passpoint.prebuilt.xml
04-12 20:40:34.401300  1688  1804 I SystemConfig: Reading permissions from /vendor/etc/permissions/android.hardware.wifi.prebuilt.xml
04-12 20:40:34.401390  1688  1804 I SystemConfig: Reading permissions from /vendor/etc/permissions/android.software.device_id_attestation.prebuilt.xml
04-12 20:40:34.401481  1688  1804 I SystemConfig: Reading permissions from /vendor/etc/permissions/android.software.ipsec_tunnels.prebuilt.xml
04-12 20:40:34.401585  1688  1804 I SystemConfig: Reading permissions from /vendor/etc/permissions/android.software.midi.prebuilt.xml
04-12 20:40:34.401886  1688  1804 I SystemConfig: Reading permissions from /vendor/etc/permissions/android.software.opengles.deqp.level-2024-03-01.prebuilt.xml
04-12 20:40:34.402007  1688  1804 I SystemConfig: Reading permissions from /vendor/etc/permissions/android.software.verified_boot.prebuilt.xml
04-12 20:40:34.402113  1688  1804 I SystemConfig: Reading permissions from /vendor/etc/permissions/android.software.vulkan.deqp.level-2024-03-01.prebuilt.xml
04-12 20:40:34.402214  1688  1804 I SystemConfig: Reading permissions from /vendor/etc/permissions/com.mediatek.hardware.vow.xml
04-12 20:40:34.402306  1688  1804 I SystemConfig: Reading permissions from /vendor/etc/permissions/com.mediatek.hardware.vow_dsp.xml
04-12 20:40:34.402399  1688  1804 I SystemConfig: Reading permissions from /vendor/etc/permissions/com.transsion.tranfacsdk.permission.xml
04-12 20:40:34.402607  1688  1804 I SystemConfig: Reading permissions from /vendor/etc/permissions/dummy_camera_extensions.xml
04-12 20:40:34.402705  1688  1804 I SystemConfig: Reading permissions from /vendor/etc/permissions/features_com.android.virt.xml
04-12 20:40:34.402913  1688  1804 I SystemConfig: Reading permissions from /odm/etc/permissions/android.hardware.consumerir.xml
04-12 20:40:34.403019  1688  1804 I SystemConfig: Reading permissions from /odm/etc/permissions/android.hardware.fingerprint.xml
04-12 20:40:34.403115  1688  1804 I SystemConfig: Reading permissions from /odm/etc/permissions/android.hardware.nfc.hce.xml
04-12 20:40:34.403224  1688  1804 I SystemConfig: Reading permissions from /odm/etc/permissions/android.hardware.nfc.xml
04-12 20:40:34.403319  1688  1804 I SystemConfig: Reading permissions from /odm/etc/permissions/android.hardware.sensor.accelerometer.prebuilt.xml
04-12 20:40:34.403420  1688  1804 I SystemConfig: Reading permissions from /odm/etc/permissions/android.hardware.sensor.compass.prebuilt.xml
04-12 20:40:34.403516  1688  1804 I SystemConfig: Reading permissions from /odm/etc/permissions/android.hardware.sensor.gyroscope.prebuilt.xml
04-12 20:40:34.403616  1688  1804 I SystemConfig: Reading permissions from /odm/etc/permissions/android.hardware.sensor.heartrate.ecg.prebuilt.xml
04-12 20:40:34.403716  1688  1804 I SystemConfig: Reading permissions from /odm/etc/permissions/android.hardware.sensor.light.prebuilt.xml
04-12 20:40:34.403812  1688  1804 I SystemConfig: Reading permissions from /odm/etc/permissions/android.hardware.sensor.proximity.prebuilt.xml
04-12 20:40:34.403907  1688  1804 I SystemConfig: Reading permissions from /odm/etc/permissions/android.hardware.sensor.stepcounter.prebuilt.xml
04-12 20:40:34.404008  1688  1804 I SystemConfig: Reading permissions from /odm/etc/permissions/android.hardware.sensor.stepdetector.prebuilt.xml
04-12 20:40:34.404107  1688  1804 I SystemConfig: Reading permissions from /odm/etc/permissions/android.hardware.telephony.euicc.xml
04-12 20:40:34.404195  1688  1804 I SystemConfig: Reading permissions from /odm/etc/permissions/com.android.nfc_extras.xml
04-12 20:40:34.404290  1688  1804 I SystemConfig: Reading permissions from /odm/etc/permissions/com.nxp.mifare.xml
04-12 20:40:34.404380  1688  1804 I SystemConfig: Reading permissions from /odm/etc/permissions/handheld_core_hardware.prebuilt.xml
04-12 20:40:34.404952  1688  1804 I SystemConfig: Reading permissions from /odm/etc/permissions/vendor.transsion.hardware.permissions.satellite.xml
04-12 20:40:34.405404  1688  1804 I SystemConfig: Reading permissions from /product/etc/sysconfig/GoogleCellBroadcast_config.xml
04-12 20:40:34.405574  1688  1804 I SystemConfig: Reading permissions from /product/etc/sysconfig/d2d_cable_migration_feature.xml
04-12 20:40:34.405719  1688  1804 I SystemConfig: Reading permissions from /product/etc/sysconfig/google-initial-package-stopped-states.xml
04-12 20:40:34.405900  1688  1804 I SystemConfig: Reading permissions from /product/etc/sysconfig/google-staged-installer-whitelist.xml
04-12 20:40:34.406055  1688  1804 I SystemConfig: Reading permissions from /product/etc/sysconfig/google.xml
04-12 20:40:34.406494  1688  1804 I SystemConfig: Adding association: com.google.android.as <- com.android.bluetooth
04-12 20:40:34.406528  1688  1804 I SystemConfig: Adding association: com.google.android.as <- com.android.bluetooth.services
04-12 20:40:34.406541  1688  1804 I SystemConfig: Adding association: com.google.android.as <- com.android.providers.contacts
04-12 20:40:34.406548  1688  1804 I SystemConfig: Adding association: com.google.android.as <- com.android.providers.media
04-12 20:40:34.406553  1688  1804 I SystemConfig: Adding association: com.google.android.as <- com.android.providers.telephony
04-12 20:40:34.406558  1688  1804 I SystemConfig: Adding association: com.google.android.as <- com.android.systemui
04-12 20:40:34.406564  1688  1804 I SystemConfig: Adding association: com.google.android.as <- com.google.android.bluetooth
04-12 20:40:34.406572  1688  1804 I SystemConfig: Adding association: com.google.android.as <- com.google.android.bluetooth.services
04-12 20:40:34.406576  1688  1804 I SystemConfig: Adding association: com.google.android.as <- com.google.android.providers.media.module
04-12 20:40:34.406582  1688  1804 I SystemConfig: Adding association: com.google.android.as <- com.google.android.as.oss
04-12 20:40:34.406590  1688  1804 I SystemConfig: Adding association: com.google.android.as.oss <- com.google.android.as
04-12 20:40:34.406638  1688  1804 W SystemConfig: Tag automatic-rollback-denylisted-app is unknown in /product/etc/sysconfig/google.xml at START_TAG (empty) <automatic-rollback-denylisted-app package='com.android.vending'>@99:72 in java.io.FileReader@dab57b3
04-12 20:40:34.406656  1688  1804 I SystemConfig: Adding association: com.google.android.as.oss <- com.google.android.odad
04-12 20:40:34.406668  1688  1804 I SystemConfig: Adding association: com.google.android.odad <- com.google.android.as.oss
04-12 20:40:34.406673  1688  1804 I SystemConfig: Adding association: com.google.android.odad <- com.android.providers.telephony
04-12 20:40:34.406966  1688  1804 I SystemConfig: Reading permissions from /product/etc/sysconfig/initial-package-stopped-states-aosp.xml
04-12 20:40:34.407153  1688  1804 I SystemConfig: Reading permissions from /product/etc/sysconfig/launcher_documentsui_icon_disable.xml
04-12 20:40:34.407414  1688  1804 I SystemConfig: Reading permissions from /product/etc/sysconfig/personal_safety.xml
04-12 20:40:34.407564  1688  1804 I SystemConfig: Reading permissions from /product/etc/sysconfig/preinstalled-packages-platform-handheld-product.xml
04-12 20:40:34.407775  1688  1804 I SystemConfig: Reading permissions from /product/etc/sysconfig/preinstalled-packages-platform-overlays.xml
04-12 20:40:34.408644  1688  1804 I SystemConfig: Reading permissions from /product/etc/sysconfig/preinstalled-packages-platform-telephony-product.xml
04-12 20:40:34.408839  1688  1804 I SystemConfig: Reading permissions from /product/etc/sysconfig/sysconfig_googledevicelock.xml
04-12 20:40:34.409131  1688  1804 I SystemConfig: Reading permissions from /product/etc/permissions/com.android.imsserviceentitlement.xml
04-12 20:40:34.409325  1688  1804 I SystemConfig: Reading permissions from /product/etc/permissions/com.transsion.aisupportercore.xml
04-12 20:40:34.409866  1688  1804 I SystemConfig: Reading permissions from /product/etc/permissions/com.transsion.dualapp.xml
04-12 20:40:34.410071  1688  1804 I SystemConfig: Reading permissions from /product/etc/permissions/com.transsion.tranvoicecommand.xml
04-12 20:40:34.410218  1688  1804 I SystemConfig: Non-xml file /product/etc/permissions/pms_sysapp_removable_vendor_list.txt in /product/etc/permissions directory, ignoring
04-12 20:40:34.410299  1688  1804 I SystemConfig: Reading permissions from /product/etc/permissions/privapp-permissions-google-product.xml
04-12 20:40:34.411776  1688  1804 I SystemConfig: Reading permissions from /product/etc/permissions/product-permissions-mediatek.xml
04-12 20:40:34.412044  1688  1804 I SystemConfig: Reading permissions from /product/etc/permissions/split-permissions-google.xml
04-12 20:40:34.412209  1688  1804 I SystemConfig: Reading permissions from /product/etc/permissions/tran_camera_extensions.xml
04-12 20:40:34.412780  1688  1804 I SystemConfig: Reading permissions from /system_ext/etc/sysconfig/android.telephony.satellite.xml
04-12 20:40:34.413134  1688  1804 I SystemConfig: Reading permissions from /system_ext/etc/sysconfig/com.android.phone.config.xml
04-12 20:40:34.413300  1688  1804 I SystemConfig: Reading permissions from /system_ext/etc/sysconfig/com.mediatek.ims.config.xml
04-12 20:40:34.413449  1688  1804 I SystemConfig: Reading permissions from /system_ext/etc/sysconfig/com.transsion.phonemaster_power.xml
04-12 20:40:34.413605  1688  1804 I SystemConfig: Reading permissions from /system_ext/etc/sysconfig/initial-package-stopped-states-DebugLoggerUI.xml
04-12 20:40:34.413759  1688  1804 I SystemConfig: Reading permissions from /system_ext/etc/sysconfig/utralsmall_blacklist.xml
04-12 20:40:34.414054  1688  1804 W SystemConfig: Tag pkg is unknown in /system_ext/etc/sysconfig/utralsmall_blacklist.xml at START_TAG (empty) <pkg name='com.twitter.android' status='1'>@3:48 in java.io.FileReader@e601b15
04-12 20:40:34.414078  1688  1804 W SystemConfig: Tag pkg is unknown in /system_ext/etc/sysconfig/utralsmall_blacklist.xml at START_TAG (empty) <pkg name='com.truecaller' status='1'>@4:43 in java.io.FileReader@e601b15
