04-12 20:40:36.171451  1688  1688 W UserSystemPackageInstaller: com.android.theme.icon_pack.circular.android is allowlisted but not present.
04-12 20:40:36.171811  1688  1848 I createLiteAppInfoLocked: packageInfo is null
04-12 20:40:36.172384  1688  1848 I createLiteAppInfoLocked: packageInfo is null
04-12 20:40:36.174387  1688  1848 I createLiteAppInfoLocked: packageInfo is null
04-12 20:40:36.174428  1688  1848 I createLiteAppInfoLocked: packageInfo is null
04-12 20:40:36.174937  1688  1688 I Watchdog: Resuming HandlerChecker: main thread for reason: packagemanagermain. Pause count: 0
04-12 20:40:36.174970  1688  1688 D SystemServerTiming: DexUseManagerLocal
04-12 20:40:36.175028  1688  1848 I createLiteAppInfoLocked: packageInfo is null
04-12 20:40:36.175078  1688  1848 I createLiteAppInfoLocked: packageInfo is null
04-12 20:40:36.175168  1688  1848 I createLiteAppInfoLocked: packageInfo is null
04-12 20:40:36.175433  1688  1848 I createLiteAppInfoLocked: packageInfo is null
04-12 20:40:36.176818  1688  1848 I createLiteAppInfoLocked: packageInfo is null
04-12 20:40:36.179108  1688  1848 I createLiteAppInfoLocked: packageInfo is null
04-12 20:40:36.180925  1688  1848 I createLiteAppInfoLocked: packageInfo is null
04-12 20:40:36.181632  1688  1848 I createLiteAppInfoLocked: packageInfo is null
04-12 20:40:36.181657  1688  1848 I createLiteAppInfoLocked: packageInfo is null
04-12 20:40:36.182049  1688  1848 I createLiteAppInfoLocked: packageInfo is null
04-12 20:40:36.182399  1688  1848 I createLiteAppInfoLocked: packageInfo is null
04-12 20:40:36.182479  1688  1848 I createLiteAppInfoLocked: packageInfo is null
04-12 20:40:36.182593  1688  1848 I createLiteAppInfoLocked: packageInfo is null
04-12 20:40:36.183852  1688  1848 I createLiteAppInfoLocked: packageInfo is null
04-12 20:40:36.184224  1688  1848 I createLiteAppInfoLocked: packageInfo is null
04-12 20:40:36.184401  1688  1848 I createLiteAppInfoLocked: packageInfo is null
04-12 20:40:36.185021  1688  1848 I createLiteAppInfoLocked: packageInfo is null
04-12 20:40:36.185051  1688  1848 I createLiteAppInfoLocked: packageInfo is null
04-12 20:40:36.185334  1688  1848 I createLiteAppInfoLocked: packageInfo is null
04-12 20:40:36.185634  1688  1848 I createLiteAppInfoLocked: packageInfo is null
04-12 20:40:36.185874  1688  1848 I createLiteAppInfoLocked: packageInfo is null
04-12 20:40:36.186053  1688  1848 I createLiteAppInfoLocked: packageInfo is null
04-12 20:40:36.188197  1688  1848 I createLiteAppInfoLocked: packageInfo is null
04-12 20:40:36.189403  1688  1848 I createLiteAppInfoLocked: packageInfo is null
04-12 20:40:36.189673  1688  1848 I createLiteAppInfoLocked: packageInfo is null
04-12 20:40:36.190528  1688  1848 I createLiteAppInfoLocked: packageInfo is null
04-12 20:40:36.190604  1688  1848 I createLiteAppInfoLocked: packageInfo is null
04-12 20:40:36.190619  1688  1848 I createLiteAppInfoLocked: packageInfo is null
04-12 20:40:36.190757  1688  1848 I createLiteAppInfoLocked: packageInfo is null
04-12 20:40:36.190962  1688  1848 I createLiteAppInfoLocked: packageInfo is null
04-12 20:40:36.191166  1688  1848 I createLiteAppInfoLocked: packageInfo is null
04-12 20:40:36.191520  1688  1848 I createLiteAppInfoLocked: packageInfo is null
04-12 20:40:36.191629  1688  1848 I createLiteAppInfoLocked: packageInfo is null
04-12 20:40:36.191651  1688  1848 I createLiteAppInfoLocked: packageInfo is null
04-12 20:40:36.191659  1688  1848 I createLiteAppInfoLocked: packageInfo is null
04-12 20:40:36.192200  1688  1688 D SystemServerTiming: StartOtaDexOptService
04-12 20:40:36.192224  1688  1688 I Watchdog: Pausing HandlerChecker: main thread for reason: moveab. Pause count: 1
04-12 20:40:36.192603  1688  1887 I PackageParsing: do not custom: com.android.settings.wallpaper.WallpaperSuggestionActivity
04-12 20:40:36.192791  1688  1887 I PackageParsing: do not custom: com.android.settings.TextReadingForSetupWizardActivity
04-12 20:40:36.192807  1688  1688 D OTADexopt: No upgrade, skipping A/B artifacts check.
04-12 20:40:36.192828  1688  1688 I Watchdog: Resuming HandlerChecker: main thread for reason: moveab. Pause count: 0
04-12 20:40:36.192839  1688  1688 D SystemServerTiming: StartUserManagerService
04-12 20:40:36.192859  1688  1848 I PackageParsing: do not custom: com.android.settings.wallpaper.WallpaperSuggestionActivity
04-12 20:40:36.192879  1688  1688 I SystemServiceManager: Starting com.android.server.pm.UserManagerService$LifeCycle
04-12 20:40:36.192988  1688  1848 I PackageParsing: do not custom: com.android.settings.TextReadingForSetupWizardActivity
04-12 20:40:36.193237  1688  1688 D SystemServiceManagerProxy: start com.android.server.pm.UserManagerService$LifeCycle@2a1e9cf
04-12 20:40:36.193275  1688  1688 D SystemServerTiming: InitAttributerCache
04-12 20:40:36.193322  1688  1688 D SystemServerTiming: SetSystemProcess
04-12 20:40:36.196091  1688  1953 V LegacyHistoricalRegistry: Interaction before persistence initialized
04-12 20:40:36.196291  1688  1848 I createLiteAppInfoLocked: packageInfo is null
04-12 20:40:36.196397  1688  1848 I createLiteAppInfoLocked: packageInfo is null
04-12 20:40:36.196449  1688  1848 I createLiteAppInfoLocked: packageInfo is null
04-12 20:40:36.196463  1688  1848 I createLiteAppInfoLocked: packageInfo is null
04-12 20:40:36.197291  1688  1848 I createLiteAppInfoLocked: packageInfo is null
04-12 20:40:36.197303  1688  1848 I createLiteAppInfoLocked: packageInfo is null
04-12 20:40:36.197309  1688  1848 I createLiteAppInfoLocked: packageInfo is null
04-12 20:40:36.197582  1688  1848 I createLiteAppInfoLocked: packageInfo is null
04-12 20:40:36.198933  1688  1688 D TranClassInfo: instance successfully. com.transsion.hubcore.server.am.TranProcessRecordImpl@8651f7a from com.transsion.hubcore.server.am.ITranProcessRecord
04-12 20:40:36.200227  1688  1848 I createLiteAppInfoLocked: packageInfo is null
04-12 20:40:36.202221  1688  1688 D TranClassInfo: instance successfully. com.transsion.hubcore.server.am.TranProcessStateRecordImpl@9c4bc53 from com.transsion.hubcore.server.am.ITranProcessStateRecord
04-12 20:40:36.202569  1688  1688 D TranClassInfo: instance successfully. com.transsion.hubcore.server.am.TranProcessListImpl@557a990 from com.transsion.hubcore.server.am.ITranProcessList
04-12 20:40:36.203748  1688  1688 D ActivityManager: StatsPullAtomService not ready yet
04-12 20:40:36.203921  1688  1688 D aegean_Logger: debugValue=000000000
04-12 20:40:36.204021  1688  1688 D aegean_Logger: save debug=000000000
04-12 20:40:36.205079  1688  1688 D os.ActivityManagerServiceLice: make process active system(1688)
04-12 20:40:36.205712  1688  1688 W aegean_AegeanHandler: postFgL handler is null
04-12 20:40:36.206008  1688  1688 D UsfSystemServer/systemSceneHooker: system not ready
04-12 20:40:36.211268  1688  1688 D TranClassInfo: instance successfully. com.transsion.performance.pqe.TranPqeServcieComponentImpl@ece7e45 from com.transsion.hubcore.pqe.ITranPqeServcieComponent
04-12 20:40:36.217271  1688  1688 D TranClassInfo: instance successfully. com.transsion.power.powerdata.TranPowerDataComponentImpl@6c2f99a from com.transsion.hubcore.powerdata.ITranPowerDataComponent
04-12 20:40:36.217287  1688  1688 D TranClassInfo: instance successfully. com.transsion.hubcore.server.wm.TranWindowManagerServiceImpl@2d62cb from com.transsion.hubcore.server.wm.ITranWindowManagerService
04-12 20:40:36.219963  1688  1873 I ActivityManager: Connection with lmkd established
04-12 20:40:36.222392  1688  1688 D TranClassInfo: instance successfully. com.transsion.hubcore.server.am.TranOomAdjusterImpl@d796b3e from com.transsion.hubcore.server.am.ITranOomAdjuster
04-12 20:40:36.222579  1688  1688 D ActivityManager: StatsPullAtomService not ready yet
04-12 20:40:36.224363  1688  1688 D SystemServerTiming: InitWatchdog
04-12 20:40:36.226158  1688  1688 D SystemServerTiming: StartOverlayManagerService
04-12 20:40:36.228924  1688  1688 I OverlayManager: Updating overlays for starting user 0
04-12 20:40:36.230726  1314  1962 I storaged: storaged: Start
04-12 20:40:36.484249  1688  1688 D SystemServiceManagerProxy: start com.android.server.om.OverlayManagerService@9c4db38
04-12 20:40:36.484720  1688  1688 D SystemServerTiming: StartResourcesManagerService
04-12 20:40:36.485283  1688  1688 D SystemServiceManagerProxy: start com.android.server.resources.ResourcesManagerService@7df5a58
04-12 20:40:36.485382  1688  1688 D SystemServerTiming: StartSensorPrivacyService
04-12 20:40:36.486072  1688  1819 V Configuration: Updating configuration, locales updated from [] to [zh_CN_#Hans]
04-12 20:40:36.488838  1688  1819 W ActivityTaskManager: Skip updateConfiguration because mWindowManager isn't set
04-12 20:40:36.490508  1688  1819 W BroadcastLoopers: Found previously unknown looper Thread[android.fg,5,main]
04-12 20:40:36.493195  1688  1688 D SystemServiceManagerProxy: start com.android.server.sensorprivacy.SensorPrivacyService@982fdf7
04-12 20:40:36.493246  1688  1688 D SystemServerTiming: StartSensorService
04-12 20:40:36.493260  1688  1688 I SystemServiceManager: Starting com.android.server.sensors.SensorService
04-12 20:40:36.493632  1688  1688 D SystemServiceManagerProxy: start com.android.server.sensors.SensorService@9df8293
04-12 20:40:36.493659  1688  1688 I MtkSystemServerImpl: startMtkBootstrapServices
04-12 20:40:36.493675  1688  1688 D SystemServerTiming: startCoreServices
04-12 20:40:36.493685  1688  1688 D SystemServerTiming: StartSystemConfigService
04-12 20:40:36.493727  1688  1688 I SystemServiceManager: Starting com.android.server.SystemConfigService
04-12 20:40:36.494438  1688  1688 D SystemServiceManagerProxy: start com.android.server.SystemConfigService@975b4ef
04-12 20:40:36.494496  1688  1688 D SystemServerTiming: StartBatteryService
04-12 20:40:36.494589  1688  1688 I SystemServiceManager: Starting com.android.server.BatteryService
04-12 20:40:36.495717  1688  1688 D TranClassInfo: instance successfully. com.transsion.hubcore.server.battery.TranBatteryServiceImpl@cf98da from com.transsion.hubcore.server.battery.ITranBatteryService
04-12 20:40:36.497746  1688  1969 D SystemServerTimingAsync: InitThreadPoolExec:StartNativeSensorService
04-12 20:40:36.497770  1688  1969 D SystemServerInitThreadPool: Started executing StartNativeSensorService
04-12 20:40:36.497785  1688  1969 D SystemServerTimingAsync: StartNativeSensorService
04-12 20:40:36.501349  1688  1688 D TranClassInfo: instance successfully. com.transsion.power.lowbatterynotify.TranLowBatteryNotifyImpl@f23b7df from com.transsion.hubcore.lowbatterynotify.ITranLowBatteryNotifyComponent
04-12 20:40:36.501691  1688  1688 D TranClassInfo: instance successfully. com.transsion.hubcore.server.trancharge.TranChargeServiceImpl@9b56c2c from com.transsion.hubcore.server.trancharge.ITranChargeService
04-12 20:40:36.506700  1688  1969 V LegacyHistoricalRegistry: Interaction before persistence initialized
04-12 20:40:36.507780  1688  1969 D SystemServerInitThreadPool: Finished executing StartNativeSensorService
04-12 20:40:36.517384  1688  1953 W TranClassInfo: instance failed. com.transsion.hubcore.server.eventtrack.TranAIChargingEventTrackExtImpl from com.transsion.hubcore.server.eventtrack.ITranAIChargingEventTrackExt
04-12 20:40:36.517384  1688  1953 W TranClassInfo: java.lang.ClassNotFoundException: com.transsion.hubcore.server.eventtrack.TranAIChargingEventTrackExtImpl
04-12 20:40:36.517384  1688  1953 W TranClassInfo: 	at java.lang.Class.classForName(Native Method)
04-12 20:40:36.517384  1688  1953 W TranClassInfo: 	at java.lang.Class.forName(Class.java:591)
04-12 20:40:36.517384  1688  1953 W TranClassInfo: 	at com.transsion.hubcore.utils.TranClassInfo.getImpl(TranClassInfo.java:73)
04-12 20:40:36.517384  1688  1953 W TranClassInfo: 	at com.transsion.hubcore.server.eventtrack.ITranAIChargingEventTrackExt.Instance(ITranAIChargingEventTrackExt.java:17)
04-12 20:40:36.517384  1688  1953 W TranClassInfo: 	at com.android.server.BatteryService.processValuesLocked(BatteryService.java:1257)
04-12 20:40:36.517384  1688  1953 W TranClassInfo: 	at com.android.server.BatteryService.update(BatteryService.java:973)
04-12 20:40:36.517384  1688  1953 W TranClassInfo: 	at com.android.server.BatteryService$$ExternalSyntheticLambda10.update(R8$$SyntheticClass:0)
04-12 20:40:36.517384  1688  1953 W TranClassInfo: 	at com.android.server.health.HealthRegCallbackAidl$HalInfoCallback.healthInfoChanged(HealthRegCallbackAidl.java:116)
04-12 20:40:36.517384  1688  1953 W TranClassInfo: 	at android.hardware.health.IHealthInfoCallback$Stub.onTransact(IHealthInfoCallback.java:95)
04-12 20:40:36.517384  1688  1953 W TranClassInfo: 	at android.os.Binder.execTransactInternal(Binder.java:1451)
04-12 20:40:36.517384  1688  1953 W TranClassInfo: 	at android.os.Binder.execTransact(Binder.java:1381)
04-12 20:40:36.517384  1688  1953 W TranClassInfo: Caused by: java.lang.ClassNotFoundException: com.transsion.hubcore.server.eventtrack.TranAIChargingEventTrackExtImpl
04-12 20:40:36.517384  1688  1953 W TranClassInfo: 	... 11 more
04-12 20:40:36.517462  1688  1953 D TranClassInfo: using com.transsion.hubcore.server.eventtrack.ITranAIChargingEventTrackExt$DefaultImpl@97982e2 instead of com.transsion.hubcore.server.eventtrack.TranAIChargingEventTrackExtImpl from com.transsion.hubcore.server.eventtrack.ITranAIChargingEventTrackExt
04-12 20:40:36.519341  1688  1688 I HealthServiceWrapperAidl: health: HealthServiceWrapper listening to AIDL HAL
04-12 20:40:36.519421  1688  1688 I BatteryService: health: Waited 0ms and received the update.
04-12 20:40:36.519456  1688  1688 D TranChargeServiceLice: registerTranChargeCallback
04-12 20:40:36.522232  1688  1955 D TranChargeRegCallbackAidl: updateTranChargeInfo:TranChargeInfo:{deviceNodeFunc=batHealthLevel, chargeType=0, chargePower=0, mutilevelControl=0, portableChargerPluging=0, portableChargerLevel=0, batHealthLevel=4, batHealthPrecent=0, batHealthPrecent1=0, batCycle=0, batCycle1=0, realUiSoc=0, wlsMagnFan=0, batMacDate=, batMacDate1=, phoneActiveDate=, phoneActiveDate1=, waterDetName=, waterDetState=0, c2cPdConnect=0, c2cVbusShort=0, c2cState=0, aichgState=0, bypassChgState=0, smartChgState=0, aiBigData=, batNotifyCode=0, wlsReverseState=0, wlsReverseChgRead=0, wlsReverseExit=0, wlsKomState=0, callCmdRead=0, komCmdState=0, multiColorType=0, startDecimalSoc=0, customDischg=0, decimaSoc=0.0, taCtrlStat=0, handheldDetection=0, portName=, portState=0, siPowerOffVbat=0, bootTimeStamp=17329120923, repairResult=0, lastCycleCount=0, intRev1=0, intRev2=0, intRev3=0, stingRev1=, stingRev2=, stingRev3=, wlsChargeSupport=0}
04-12 20:40:36.522421  1688  1688 I TranChargeServiceWrapperAidl: tranCharge: TranChargeServiceWrapper listening to AIDL HAL
04-12 20:40:36.524781  1688  1953 D TranClassInfo: instance successfully. com.transsion.power.aicharge.TranAIChargeImpl@29056cf from com.transsion.hubcore.aicharge.ITranAIChargeComponent
04-12 20:40:36.525278  1688  1955 I TranAIChargingController: mInitialized：false，mReady：false,PlugType:2
04-12 20:40:36.525322  1688  1955 D TranHBMManagerService: mInitialized is false
04-12 20:40:36.525719  1688  1955 W TranClassInfo: instance failed. com.transsion.server.power.battery.TranBatteryComponentImpl from com.transsion.hubcore.battery.ITranBatteryComponent
04-12 20:40:36.525719  1688  1955 W TranClassInfo: java.lang.ClassNotFoundException: com.transsion.server.power.battery.TranBatteryComponentImpl
04-12 20:40:36.525719  1688  1955 W TranClassInfo: 	at java.lang.Class.classForName(Native Method)
04-12 20:40:36.525719  1688  1955 W TranClassInfo: 	at java.lang.Class.forName(Class.java:591)
04-12 20:40:36.525719  1688  1955 W TranClassInfo: 	at com.transsion.hubcore.utils.TranClassInfo.getImpl(TranClassInfo.java:124)
04-12 20:40:36.525719  1688  1955 W TranClassInfo: 	at com.transsion.hubcore.battery.ITranBatteryComponent.Instance(ITranBatteryComponent.java:33)
04-12 20:40:36.525719  1688  1955 W TranClassInfo: 	at com.transsion.hubcore.server.trancharge.TranChargeServiceImpl.sendBatteryChangedIntentLocked(TranChargeServiceImpl.java:71)
04-12 20:40:36.525719  1688  1955 W TranClassInfo: 	at com.android.server.BatteryService.sendBatteryChangedIntentLocked(BatteryService.java:1353)
04-12 20:40:36.525719  1688  1955 W TranClassInfo: 	at com.android.server.BatteryService.processValuesLocked(BatteryService.java:1272)
04-12 20:40:36.525719  1688  1955 W TranClassInfo: 	at java.lang.reflect.Method.invoke(Native Method)
04-12 20:40:36.525719  1688  1955 W TranClassInfo: 	at com.transsion.server.BatteryServiceProxy.processValuesLocked(BatteryServiceProxy.java:29)
04-12 20:40:36.525719  1688  1955 W TranClassInfo: 	at com.transsion.server.trancharge.v1.TranChargeServiceLice.processValuesLocked(TranChargeServiceLice.java:227)
04-12 20:40:36.525719  1688  1955 W TranClassInfo: 	at com.transsion.server.trancharge.v1.TranChargeServiceLice.update(TranChargeServiceLice.java:214)
04-12 20:40:36.525719  1688  1955 W TranClassInfo: 	at com.transsion.server.trancharge.v1.TranChargeServiceLice.$r8$lambda$fZNoOqsKsUIhke4c5MBIpKWZih8(Unknown Source:0)
04-12 20:40:36.525719  1688  1955 W TranClassInfo: 	at com.transsion.server.trancharge.v1.TranChargeServiceLice$$ExternalSyntheticLambda0.update(D8$$SyntheticClass:0)
04-12 20:40:36.525719  1688  1955 W TranClassInfo: 	at com.transsion.server.trancharge.v1.TranChargeRegCallbackAidl$HalInfoCallback.updateTranChargeInfo(TranChargeRegCallbackAidl.java:115)
04-12 20:40:36.525719  1688  1955 W TranClassInfo: 	at vendor.hardware.trancharge.ITranChargeInfoCallBack$Stub.onTransact(ITranChargeInfoCallBack.java:95)
04-12 20:40:36.525719  1688  1955 W TranClassInfo: 	at android.os.Binder.execTransactInternal(Binder.java:1451)
04-12 20:40:36.525719  1688  1955 W TranClassInfo: 	at android.os.Binder.execTransact(Binder.java:1381)
04-12 20:40:36.525719  1688  1955 W TranClassInfo: Caused by: java.lang.ClassNotFoundException: com.transsion.server.power.battery.TranBatteryComponentImpl
04-12 20:40:36.525719  1688  1955 W TranClassInfo: 	... 17 more
04-12 20:40:36.525768  1688  1955 D TranClassInfo: using com.transsion.hubcore.battery.ITranBatteryComponent$1@9e48c3a instead of [com.transsion.server.power.battery.TranBatteryComponentImpl] from com.transsion.hubcore.battery.ITranBatteryComponent
04-12 20:40:36.526158  1688  1953 I TranAIChargingController: mInitialized：false，mReady：false,PlugType:2
04-12 20:40:36.526175  1688  1953 D TranHBMManagerService: mInitialized is false
04-12 20:40:36.526641  1688  1955 I TranChargeServiceLice: updateTranChargeInfo: TranChargeInfo:{deviceNodeFunc=batHealthLevel, chargeType=0, chargePower=0, mutilevelControl=0, portableChargerPluging=0, portableChargerLevel=0, batHealthLevel=4, batHealthPrecent=0, batHealthPrecent1=0, batCycle=0, batCycle1=0, realUiSoc=0, wlsMagnFan=0, batMacDate=, batMacDate1=, phoneActiveDate=, phoneActiveDate1=, waterDetName=, waterDetState=0, c2cPdConnect=0, c2cVbusShort=0, c2cState=0, aichgState=0, bypassChgState=0, smartChgState=0, aiBigData=, batNotifyCode=0, wlsReverseState=0, wlsReverseChgRead=0, wlsReverseExit=0, wlsKomState=0, callCmdRead=0, komCmdState=0, multiColorType=0, startDecimalSoc=0, customDischg=0, decimaSoc=0.0, taCtrlStat=0, handheldDetection=0, portName=, portState=0, siPowerOffVbat=0, bootTimeStamp=17329120923, repairResult=0, lastCycleCount=0, intRev1=0, intRev2=0, intRev3=0, stingRev1=, stingRev2=, stingRev3=, wlsChargeSupport=0} seq: 1
04-12 20:40:36.530440  1688  1688 I TranChargeServiceLice: TranCharge: Waited 8ms and received the update.
04-12 20:40:36.531418  1688  1688 D SystemServiceManagerProxy: start com.android.server.BatteryService@fa87e48
04-12 20:40:36.531456  1688  1688 D SystemServerTiming: StartUsageService
04-12 20:40:36.531566  1688  1688 I SystemServiceManager: Starting com.android.server.usage.UsageStatsService
04-12 20:40:36.539796  1688  1688 D SystemServiceManagerProxy: start com.android.server.usage.UsageStatsService@33c1a42
04-12 20:40:36.540981  1688  1688 D SystemServerTiming: StartWebViewUpdateService
04-12 20:40:36.541100  1688  1688 I SystemServiceManager: Starting com.android.server.webkit.WebViewUpdateService
04-12 20:40:36.544930  1688  1688 D SystemServiceManagerProxy: start com.android.server.webkit.WebViewUpdateService@bb6af9a
04-12 20:40:36.545060  1688  1688 D SystemServerTiming: StartCachedDeviceStateService
04-12 20:40:36.545113  1688  1688 I SystemServiceManager: Starting com.android.server.CachedDeviceStateService
04-12 20:40:36.545327  1688  1688 D SystemServiceManagerProxy: start com.android.server.CachedDeviceStateService@65567c1
04-12 20:40:36.545536  1688  1688 D SystemServerTiming: StartBinderCallsStatsService
04-12 20:40:36.545642  1688  1688 I SystemServiceManager: Starting com.android.server.BinderCallsStatsService$LifeCycle
04-12 20:40:36.547546  1688  1688 D SystemServiceManagerProxy: start com.android.server.BinderCallsStatsService$LifeCycle@2d53f54
04-12 20:40:36.547607  1688  1688 D SystemServerTiming: StartLooperStatsService
04-12 20:40:36.547797  1688  1688 I SystemServiceManager: Starting com.android.server.LooperStatsService$Lifecycle
04-12 20:40:36.548752  1688  1688 D SystemServiceManagerProxy: start com.android.server.LooperStatsService$Lifecycle@4f0fcc0
04-12 20:40:36.548939  1688  1688 D SystemServerTiming: StartRollbackManagerService
04-12 20:40:36.548992  1688  1688 I SystemServiceManager: Starting com.android.server.rollback.RollbackManagerService
04-12 20:40:36.555270  1688  1688 I PackageWatchdog: Syncing state, reason: added new observer
04-12 20:40:36.555358  1688  1688 I PackageWatchdog: Not pruning observers, elapsed time: 0ms
04-12 20:40:36.555482  1688  1880 I PackageWatchdog: Saving observer state to file
04-12 20:40:36.558335  1688  1688 D SystemServiceManagerProxy: start com.android.server.rollback.RollbackManagerService@3b17a23
04-12 20:40:36.558936  1688  1688 D SystemServerTiming: StartNativeTombstoneManagerService
04-12 20:40:36.559028  1688  1688 I SystemServiceManager: Starting com.android.server.os.NativeTombstoneManagerService
04-12 20:40:36.560352  1688  1688 D SystemServiceManagerProxy: start com.android.server.os.NativeTombstoneManagerService@d193d81
04-12 20:40:36.560441  1688  1688 D SystemServerTiming: StartBugreportManagerService
04-12 20:40:36.560482  1688  1688 I SystemServiceManager: Starting com.android.server.os.BugreportManagerService
04-12 20:40:36.561343  1688  1688 D SystemServiceManagerProxy: start com.android.server.os.BugreportManagerService@fd7ea67
04-12 20:40:36.561370  1688  1688 D SystemServerTiming: GpuService
04-12 20:40:36.561383  1688  1688 I SystemServiceManager: Starting com.android.server.gpu.GpuService
04-12 20:40:36.561587  1688  1688 D SystemServiceManagerProxy: start com.android.server.gpu.GpuService@14f1bb9
04-12 20:40:36.561623  1688  1688 D SystemServerProxy: onCoreServicesStarted
04-12 20:40:36.563584  1688  1688 I SystemServiceManager: Starting com.transsion.kolun.server.SmartSystemService
04-12 20:40:36.564575  1688  1688 D SystemServiceManagerProxy: start com.transsion.kolun.server.SmartSystemService@fa93a0a
04-12 20:40:36.564608  1688  1688 D SystemServerTiming: StartRemoteProvisioningService
04-12 20:40:36.564656  1688  1688 I SystemServiceManager: Starting com.android.server.security.rkp.RemoteProvisioningService
04-12 20:40:36.565289  1688  1688 D SystemServiceManagerProxy: start com.android.server.security.rkp.RemoteProvisioningService@b82e898
04-12 20:40:36.565356  1688  1688 D SystemServerTiming: CpuMonitorService
04-12 20:40:36.565422  1688  1688 I SystemServiceManager: Starting com.android.server.cpu.CpuMonitorService
04-12 20:40:36.570795  1688  1688 D SystemServiceManagerProxy: start com.android.server.cpu.CpuMonitorService@f9a3b57
04-12 20:40:36.570987  1688  1688 I MtkSystemServerImpl: startMtkCoreServices 
04-12 20:40:36.571021  1688  1688 D SystemServerTiming: startOtherServices
04-12 20:40:36.571354  1688  1688 W TranClassInfo: instance failed. com.transsion.storage.xmlprotect.TranXmlProtectVerifyComponentImpl from com.transsion.hubcore.fileprotect.ITranXmlProtectVerifyComponent
04-12 20:40:36.571354  1688  1688 W TranClassInfo: java.lang.ClassNotFoundException: com.transsion.storage.xmlprotect.TranXmlProtectVerifyComponentImpl
04-12 20:40:36.571354  1688  1688 W TranClassInfo: 	at java.lang.Class.classForName(Native Method)
04-12 20:40:36.571354  1688  1688 W TranClassInfo: 	at java.lang.Class.forName(Class.java:591)
04-12 20:40:36.571354  1688  1688 W TranClassInfo: 	at com.transsion.hubcore.utils.TranClassInfo.getImpl(TranClassInfo.java:124)
04-12 20:40:36.571354  1688  1688 W TranClassInfo: 	at com.transsion.hubcore.fileprotect.ITranXmlProtectVerifyComponent.Instance(ITranXmlProtectVerifyComponent.java:18)
04-12 20:40:36.571354  1688  1688 W TranClassInfo: 	at com.transsion.hubcore.server.TranSystemServerImpl.startDefaultFileBackup(TranSystemServerImpl.java:178)
04-12 20:40:36.571354  1688  1688 W TranClassInfo: 	at com.android.server.SystemServer.startOtherServices(SystemServer.java:1629)
04-12 20:40:36.571354  1688  1688 W TranClassInfo: 	at com.android.server.SystemServer.run(SystemServer.java:1075)
04-12 20:40:36.571354  1688  1688 W TranClassInfo: 	at com.android.server.SystemServer.main(SystemServer.java:761)
04-12 20:40:36.571354  1688  1688 W TranClassInfo: 	at java.lang.reflect.Method.invoke(Native Method)
04-12 20:40:36.571354  1688  1688 W TranClassInfo: 	at com.android.internal.os.RuntimeInit$MethodAndArgsCaller.run(RuntimeInit.java:629)
04-12 20:40:36.571354  1688  1688 W TranClassInfo: 	at com.android.internal.os.ZygoteInit.main(ZygoteInit.java:1002)
04-12 20:40:36.571354  1688  1688 W TranClassInfo: Caused by: java.lang.ClassNotFoundException: com.transsion.storage.xmlprotect.TranXmlProtectVerifyComponentImpl
04-12 20:40:36.571354  1688  1688 W TranClassInfo: 	... 11 more
04-12 20:40:36.571387  1688  1688 D TranClassInfo: using com.transsion.hubcore.fileprotect.ITranXmlProtectVerifyComponent$1@c1f0062 instead of [com.transsion.storage.xmlprotect.TranXmlProtectVerifyComponentImpl] from com.transsion.hubcore.fileprotect.ITranXmlProtectVerifyComponent
04-12 20:40:36.571694  1688  1688 D SystemServerTiming: StartKeyAttestationApplicationIdProviderService
04-12 20:40:36.572001  1688  1999 D SystemServerTimingAsync: InitThreadPoolExec:SecondaryZygotePreload
04-12 20:40:36.572025  1688  1999 D SystemServerInitThreadPool: Started executing SecondaryZygotePreload
04-12 20:40:36.572038  1688  1999 I SystemServer: SecondaryZygotePreload
04-12 20:40:36.572046  1688  1999 D SystemServerTimingAsync: SecondaryZygotePreload
04-12 20:40:36.572059  1688  1999 D SystemServerInitThreadPool: Finished executing SecondaryZygotePreload
04-12 20:40:36.572198  1688  1688 D SystemServerTiming: StartKeyChainSystemService
04-12 20:40:36.572252  1688  1688 I SystemServiceManager: Starting com.android.server.security.KeyChainSystemService
04-12 20:40:36.572440  1688  1688 D SystemServiceManagerProxy: start com.android.server.security.KeyChainSystemService@2b22ae5
04-12 20:40:36.572455  1688  1688 D SystemServerTiming: StartBinaryTransparencyService
04-12 20:40:36.572553  1688  1688 I SystemServiceManager: Starting com.android.server.BinaryTransparencyService
04-12 20:40:36.573076  1688  1688 I TransparencyService: Started BinaryTransparencyService
04-12 20:40:36.573119  1688  1688 D SystemServiceManagerProxy: start com.android.server.BinaryTransparencyService@ba7706b
04-12 20:40:36.573133  1688  1688 D SystemServerTiming: StartSchedulingPolicyService
04-12 20:40:36.573612  1688  2000 D SystemServerTimingAsync: InitThreadPoolExec:SchedulingPolicyService.<init>
04-12 20:40:36.573650  1688  2000 D SystemServerInitThreadPool: Started executing SchedulingPolicyService.<init>
04-12 20:40:36.573914  1688  1688 D SystemServerTiming: StartTelecomLoaderService
04-12 20:40:36.573996  1688  1688 I SystemServiceManager: Starting com.android.server.telecom.TelecomLoaderService
04-12 20:40:36.574156  1688  1688 D SystemServiceManagerProxy: start com.android.server.telecom.TelecomLoaderService@f343786
04-12 20:40:36.574176  1688  1688 D SystemServerTiming: StartTelephonyRegistry
04-12 20:40:36.575697  1688  1688 D SystemServerTiming: StartEntropyMixer
04-12 20:40:36.576373  1688  1688 I EntropyMixer: Loaded existing seed file
04-12 20:40:36.577757  1688  1688 I EntropyMixer: Updated seed file
04-12 20:40:36.578028  1688  1688 D SystemServerTiming: StartAccountManagerService
04-12 20:40:36.578092  1688  1688 I SystemServiceManager: Starting com.android.server.accounts.AccountManagerService$Lifecycle
04-12 20:40:36.581119  1688  1688 D SystemServiceManagerProxy: start com.android.server.accounts.AccountManagerService$Lifecycle@f23123b
04-12 20:40:36.581166  1688  1688 D SystemServerTiming: StartContentService
04-12 20:40:36.581203  1688  1688 I SystemServiceManager: Starting com.android.server.content.ContentService$Lifecycle
04-12 20:40:36.581963  1688  1688 D SystemServiceManagerProxy: start com.android.server.content.ContentService$Lifecycle@87cdf22
04-12 20:40:36.582140  1688  1688 D SystemServerTiming: InstallSystemProviders
04-12 20:40:36.583593  1688  1688 D TranClassInfo: instance successfully. com.transsion.hubcore.server.am.TranContentProviderRecordImpl@f738db3 from com.transsion.hubcore.server.am.ITranContentProviderRecord
04-12 20:40:36.587443  1688  1688 V Configuration: Updating configuration, locales updated from [] to [zh_CN_#Hans]
04-12 20:40:36.588606  1688  2000 D SystemServerInitThreadPool: Finished executing SchedulingPolicyService.<init>
04-12 20:40:36.592655  1688  1924 W PackageManager: Skipping preparing app data for com.google.android.devicelock
04-12 20:40:36.593017  1688  1924 W PackageManager: Skipping preparing app data for com.google.android.tzdata6
04-12 20:40:36.593112  1688  1924 W PackageManager: Skipping preparing app data for com.google.android.ondevicepersonalization
04-12 20:40:36.593538  1688  1924 W PackageManager: Skipping preparing app data for com.transsion.mi.os.framework
04-12 20:40:36.593577  1688  1924 W PackageManager: Skipping preparing app data for com.google.android.media.swcodec
04-12 20:40:36.593798  1688  1924 W PackageManager: Skipping preparing app data for com.google.android.os.statsd
04-12 20:40:36.593842  1688  1924 W PackageManager: Skipping preparing app data for com.google.android.widevine.nonupdatable
04-12 20:40:36.593895  1688  1924 W PackageManager: Skipping preparing app data for com.transsion.connectivity
04-12 20:40:36.594062  1688  1924 W PackageManager: Skipping preparing app data for com.google.android.extservices
04-12 20:40:36.594142  1688  1924 W PackageManager: Skipping preparing app data for com.google.android.sdksandbox
04-12 20:40:36.594289  1688  1924 W PackageManager: Skipping preparing app data for com.google.android.healthfitness
04-12 20:40:36.594426  1688  1924 W PackageManager: Skipping preparing app data for com.scorpio.sc.core
04-12 20:40:36.594486  1688  1924 W PackageManager: Skipping preparing app data for com.google.android.ipsec
04-12 20:40:36.594503  1688  1924 W PackageManager: Skipping preparing app data for com.google.android.media
04-12 20:40:36.594562  1688  1924 W PackageManager: Skipping preparing app data for com.android.bt
04-12 20:40:36.594612  1688  1924 W PackageManager: Skipping preparing app data for com.google.android.uprobestats
04-12 20:40:36.594638  1688  1924 W PackageManager: Skipping preparing app data for com.android.i18n
04-12 20:40:36.594657  1688  1924 W PackageManager: Skipping preparing app data for com.android.virt
04-12 20:40:36.594820  1688  1924 W PackageManager: Skipping preparing app data for com.google.android.appsearch
04-12 20:40:36.594873  1688  1924 W PackageManager: Skipping preparing app data for com.google.android.configinfrastructure
04-12 20:40:36.594912  1688  1924 W PackageManager: Skipping preparing app data for com.android.runtime
04-12 20:40:36.594950  1688  1924 W PackageManager: Skipping preparing app data for com.google.android.cellbroadcast
04-12 20:40:36.594958  1688  1924 W PackageManager: Skipping preparing app data for com.android.apex.cts.shim
04-12 20:40:36.594971  1688  1924 W PackageManager: Skipping preparing app data for com.android.compos
04-12 20:40:36.594983  1688  1924 W PackageManager: Skipping preparing app data for com.google.android.resolv
04-12 20:40:36.594994  1688  1924 W PackageManager: Skipping preparing app data for com.google.android.sdkext
04-12 20:40:36.595013  1688  1924 W PackageManager: Skipping preparing app data for com.google.android.art
04-12 20:40:36.595036  1688  1924 W PackageManager: Skipping preparing app data for com.google.android.uwb
04-12 20:40:36.595118  1688  1924 W PackageManager: Skipping preparing app data for com.android.hardware.cas
04-12 20:40:36.595162  1688  1924 W PackageManager: Skipping preparing app data for com.google.android.adservices
04-12 20:40:36.595231  1688  1924 W PackageManager: Skipping preparing app data for com.google.android.crashrecovery
04-12 20:40:36.595247  1688  1924 W PackageManager: Skipping preparing app data for com.transsion.kolun
04-12 20:40:36.595271  1688  1924 W PackageManager: Skipping preparing app data for com.transsion.phone
04-12 20:40:36.595293  1688  1924 W PackageManager: Skipping preparing app data for com.google.android.scheduling
04-12 20:40:36.595325  1688  1924 W PackageManager: Skipping preparing app data for com.google.android.mediaprovider
04-12 20:40:36.595358  1688  1924 W PackageManager: Skipping preparing app data for com.google.android.permission
04-12 20:40:36.595395  1688  1924 W PackageManager: Skipping preparing app data for com.google.android.profiling
04-12 20:40:36.595428  1688  1924 W PackageManager: Skipping preparing app data for com.android.vndk.v31
04-12 20:40:36.595433  1688  1924 W PackageManager: Skipping preparing app data for com.android.vndk.v33
04-12 20:40:36.595444  1688  1924 W PackageManager: Skipping preparing app data for com.android.vndk.v34
04-12 20:40:36.595540  1688  1924 W PackageManager: Skipping preparing app data for com.transsion.thub.core
04-12 20:40:36.595578  1688  1924 W PackageManager: Skipping preparing app data for com.google.android.neuralnetworks
04-12 20:40:36.595585  1688  1924 W PackageManager: Skipping preparing app data for com.google.android.tethering
04-12 20:40:36.595627  1688  1924 W PackageManager: Skipping preparing app data for com.google.android.adbd
04-12 20:40:36.595648  1688  1924 W PackageManager: Skipping preparing app data for com.google.android.rkpd
04-12 20:40:36.595652  1688  1924 W PackageManager: Skipping preparing app data for com.google.android.wifi
04-12 20:40:36.595684  1688  1924 W PackageManager: Skipping preparing app data for com.google.android.conscrypt
04-12 20:40:36.595817  1688  1924 W PackageManager: Skipping preparing app data for com.android.nfcservices
04-12 20:40:36.676250  1688  1688 I SettingsState: 0 flag override requests created
04-12 20:40:36.696511  1688  1688 V Configuration: Updating configuration, locales updated from [] to [zh_CN_#Hans]
04-12 20:40:36.723081  1688  1688 D ActivityTaskManager: isControllerAMonkey mController = null,mControllerIsAMonkey = false
04-12 20:40:36.723134  1688  1688 I PackageManager: setEnabledSettings callingUid = 1000 callingPid = 1688 packageName = com.android.shell componentName = ComponentInfo{com.android.shell/com.android.shell.BugreportStorageProvider} callingPackage= android newState = 1 userId = 0 flags = 0
04-12 20:40:36.730908  1688  1688 D ActivityManager: Freezer timeout set to 10000
04-12 20:40:36.730959  1688  1688 D ActivityManager: Freezer exemption set to false
04-12 20:40:36.730976  1688  1688 D Freezer/CloudSwitch: mUseFreezer= true mFreezerCloudSwitch= true mSkipRepeat= false
04-12 20:40:36.731134  1688  1870 D ActivityManager: Freezer enabled
04-12 20:40:36.731214  1688  1870 D ActivityManager: freezer override set to false
04-12 20:40:36.732243  1688  1688 I SystemServiceManager: Starting com.android.server.deviceconfig.DeviceConfigInit$Lifecycle
04-12 20:40:36.732560  1688  1688 I DeviceConfig: Bootstrap values not found
04-12 20:40:36.733156  1688  1688 D SystemServiceManagerProxy: start com.android.server.deviceconfig.DeviceConfigInit$Lifecycle@a0b0527
04-12 20:40:36.733202  1688  1688 D SystemServerTiming: StartDropBoxManager
04-12 20:40:36.733247  1688  1688 I SystemServiceManager: Starting com.android.server.DropBoxManagerService
04-12 20:40:36.734040  1688  1688 D SystemServiceManagerProxy: start com.android.server.DropBoxManagerService@ca27072
04-12 20:40:36.734103  1688  1688 D SystemServerTiming: StartEnhancedConfirmationService
04-12 20:40:36.734200  1688  1688 I SystemServiceManager: Starting com.android.ecm.EnhancedConfirmationService
04-12 20:40:36.735590  1688  1688 D SystemServiceManagerProxy: start com.android.ecm.EnhancedConfirmationService@81b6079
04-12 20:40:36.735613  1688  1688 D SystemServerTiming: StartHintManager
04-12 20:40:36.735672  1688  1688 I SystemServiceManager: Starting com.android.server.power.hint.HintManagerService
04-12 20:40:36.737756  1688  1688 D SystemServiceManagerProxy: start com.android.server.power.hint.HintManagerService@db1721f
04-12 20:40:36.737794  1688  1688 D SystemServerTiming: StartRoleManagerService
04-12 20:40:36.738316  1688  1688 I SystemServiceManager: Starting com.android.role.RoleService
04-12 20:40:36.740641  1688  1688 D SystemServiceManagerProxy: start com.android.role.RoleService@ad3aba5
04-12 20:40:36.740734  1688  1688 D SystemServerTiming: StartSupervisionService
04-12 20:40:36.740781  1688  1688 I SystemServiceManager: Starting com.android.server.supervision.SupervisionService$Lifecycle
04-12 20:40:36.741835  1688  1688 D SystemServiceManagerProxy: start com.android.server.supervision.SupervisionService$Lifecycle@4aaf88
04-12 20:40:36.741865  1688  1688 D SystemServerTiming: StartVibratorManagerService
04-12 20:40:36.741905  1688  1688 I SystemServiceManager: Starting com.android.server.vibrator.VibratorManagerService$Lifecycle
04-12 20:40:36.742808  1688  1688 D TranClassInfo: instance successfully. com.transsion.hubcore.server.vibrator.TranVibratorManagerServiceImpl@c785d21 from com.transsion.hubcore.server.vibrator.ITranVibratorManagerService
04-12 20:40:36.746770  1688  1688 D TranClassInfo: instance successfully. com.transsion.display.vibration.server.TranVibrationComponentImpl@425e546 from com.transsion.hubcore.server.vibration.ITranVibrationComponent
04-12 20:40:36.747769  1688  1688 E TranCloudDataUtil: vibrate_config.json not found at: /tranfs/CloudEngine/1008000054/vibrate_config.json
04-12 20:40:36.753332  1688  1688 D VibratorController: controller off in lock
04-12 20:40:36.756024  1688  1688 D SystemServiceManagerProxy: start com.android.server.vibrator.VibratorManagerService$Lifecycle@2a41a64
04-12 20:40:36.756061  1688  1688 D SystemServerTiming: StartDynamicSystemService
04-12 20:40:36.756428  1688  1688 D SystemServerTiming: StartConsumerIrService
04-12 20:40:36.757602  1688  1688 D SystemServerTiming: StartAlarmManagerService
04-12 20:40:36.757641  1688  1688 I MtkSystemServerImpl: startMtkAlarmManagerService
04-12 20:40:36.757982  1688  1688 I SystemServiceManager: Starting com.mediatek.server.MtkAlarmManagerService
04-12 20:40:36.762396  1688  1841 W UserWakeupStore: User wakeup file not available: /data/system/alarms/usersWithAlarmClocks.xml
04-12 20:40:36.764031  1688  1688 D SystemServiceManagerProxy: start com.mediatek.server.MtkAlarmManagerService@8b5d5df
04-12 20:40:36.764056  1688  1688 D SystemServerTiming: StartInputManagerService
04-12 20:40:36.764091  1688  1688 I SystemServiceManager: Starting com.android.server.input.InputManagerService$Lifecycle
04-12 20:40:36.773493  1688  1688 I InputManager: Initializing input manager, mUseDevInputEventForAudioJack=true
04-12 20:40:36.774145  1688  1688 D TranClassInfo: instance successfully. com.transsion.hubcore.server.input.TranInputManagerServiceImpl@f4eeb71 from com.transsion.hubcore.server.input.ITranInputManagerService
04-12 20:40:36.776413  1688  1688 D TranClassInfo: instance successfully. com.transsion.stability.screenfreezedetect.TranScreenFreezeDetectImpl@abcdd56 from com.transsion.hubcore.screenfreeze.ITranScreenFreezeDetectComponent
04-12 20:40:36.777088  1688  1688 D InputMonitorForTNE: initCloudEngine mCloudEngine = true
04-12 20:40:36.778519  1688  1688 D SystemServiceManagerProxy: start com.android.server.input.InputManagerService$Lifecycle@415cdad
04-12 20:40:36.778560  1688  1688 D SystemServerTiming: DeviceStateManagerService
04-12 20:40:36.778637  1688  1688 I SystemServiceManager: Starting com.android.server.devicestate.DeviceStateManagerService
04-12 20:40:36.779301  1688  1688 D TranClassInfo: instance successfully. com.transsion.hubcore.server.policy.TranDeviceStateProviderImplImpl@2c178e2 from com.transsion.hubcore.server.policy.ITranDeviceStateProviderImpl
04-12 20:40:36.779839  1688  1688 D TranClassInfo: instance successfully. com.transsion.hubcore.hardware.TranSystemSensorManagerImpl@4ee97a9 from com.transsion.hubcore.hardware.ITranSystemSensorManager
04-12 20:40:36.780044  1688  1688 D HeartRateOximetryLiceFactory: HeartRateOximetryLice is supported
04-12 20:40:36.780231  1688  1688 D EngineManager: Core system process UID rule matched! Trust granted.
04-12 20:40:36.781218  1688  1688 E DeviceStateManagerService: Cannot notify device state info change before the initial state has been committed.
04-12 20:40:36.781354  1688  1688 I DeviceStateManagerService: Cannot notify device state info change when pending state is present.
04-12 20:40:36.783395  1688  1688 D SystemServiceManagerProxy: start com.android.server.devicestate.DeviceStateManagerService@6863cf4
04-12 20:40:36.783436  1688  1688 D SystemServerTiming: StartCameraServiceProxy
04-12 20:40:36.783508  1688  1688 I SystemServiceManager: Starting com.android.server.camera.CameraServiceProxy
04-12 20:40:36.795497  1688  1688 D TranClassInfo: instance successfully. com.transsion.camera.camserver.Implement.TranCamServerComponentImpl@bd47063 from com.transsion.hubcore.camserver.ITranCamServerComponent
04-12 20:40:36.795543  1688  1688 D TranClassInfo: instance successfully. com.transsion.hubcore.server.camera.TranCameraServiceProxyImpl@3443460 from com.transsion.hubcore.server.camera.ITranCameraServiceProxy
04-12 20:40:36.796215  1688  1688 D SystemServiceManagerProxy: start com.android.server.camera.CameraServiceProxy@fc2adea
04-12 20:40:36.796251  1688  1688 D SystemServerTiming: StartWindowManagerService
04-12 20:40:36.796260  1688  1688 I SystemServiceManager: Starting phase 200
04-12 20:40:36.796264  1688  1688 D SystemServerTiming: OnBootPhase_200
04-12 20:40:36.796269  1688  1688 D SystemServerTiming: OnBootPhase_200_com.transsion.hubcore.server.TranBootstrapServiceManagerService
04-12 20:40:36.796276  1688  1688 D SystemServerTiming: OnBootPhase_200_com.android.server.security.FileIntegrityService
04-12 20:40:36.796281  1688  1688 D SystemServerTiming: OnBootPhase_200_com.android.server.pm.Installer
04-12 20:40:36.796284  1688  1688 D SystemServerTiming: OnBootPhase_200_com.android.server.os.DeviceIdentifiersPolicyService
04-12 20:40:36.796287  1688  1688 D SystemServerTiming: OnBootPhase_200_com.android.server.flags.FeatureFlagsService
04-12 20:40:36.796290  1688  1688 D SystemServerTiming: OnBootPhase_200_com.android.server.uri.UriGrantsManagerService$Lifecycle
04-12 20:40:36.796293  1688  1688 D SystemServerTiming: OnBootPhase_200_com.android.server.powerstats.PowerStatsService
04-12 20:40:36.796296  1688  1688 D SystemServerTiming: OnBootPhase_200_com.android.server.permission.access.AccessCheckingService
04-12 20:40:36.796299  1688  1688 D SystemServerTiming: OnBootPhase_200_com.android.server.wm.ActivityTaskManagerService$Lifecycle
04-12 20:40:36.796302  1688  1688 D SystemServerTiming: OnBootPhase_200_com.android.server.am.ActivityManagerService$Lifecycle
04-12 20:40:36.796314  1688  1688 D SystemServerTiming: OnBootPhase_200_com.android.server.pm.DataLoaderManagerService
04-12 20:40:36.796318  1688  1688 D SystemServerTiming: OnBootPhase_200_com.android.server.power.PowerManagerService
04-12 20:40:36.796321  1688  1688 D SystemServerTiming: OnBootPhase_200_com.android.server.power.ThermalManagerService
04-12 20:40:36.796324  1688  1688 D SystemServerTiming: OnBootPhase_200_com.android.server.recoverysystem.RecoverySystemService$Lifecycle
04-12 20:40:36.796327  1688  1688 D SystemServerTiming: OnBootPhase_200_com.android.server.lights.LightsService
04-12 20:40:36.796330  1688  1688 D SystemServerTiming: OnBootPhase_200_com.android.server.display.DisplayManagerService
04-12 20:40:36.796355  1688  1688 D SystemServerTiming: OnBootPhase_200_com.transsion.hubcore.server.TranServiceManagerService
04-12 20:40:36.796405  1688  1688 D SystemServerTiming: OnBootPhase_200_com.android.server.pm.verify.domain.DomainVerificationService
04-12 20:40:36.796433  1688  1688 D SystemServerTiming: OnBootPhase_200_com.android.server.pm.PackageInstallerService$Lifecycle
04-12 20:40:36.796438  1688  1688 D SystemServerTiming: OnBootPhase_200_com.android.server.pm.UserManagerService$LifeCycle
04-12 20:40:36.796460  1688  1688 D SystemServerTiming: OnBootPhase_200_com.android.server.om.OverlayManagerService
04-12 20:40:36.796463  1688  1688 D SystemServerTiming: OnBootPhase_200_com.android.server.resources.ResourcesManagerService
04-12 20:40:36.796466  1688  1688 D SystemServerTiming: OnBootPhase_200_com.android.server.sensorprivacy.SensorPrivacyService
04-12 20:40:36.796470  1688  1688 D SystemServerTiming: OnBootPhase_200_com.android.server.sensors.SensorService
04-12 20:40:36.796493  1688  1688 D SystemServerTiming: OnBootPhase_200_com.android.server.SystemConfigService
04-12 20:40:36.796498  1688  1688 D SystemServerTiming: OnBootPhase_200_com.android.server.BatteryService
04-12 20:40:36.796512  1688  1688 D SystemServerTiming: OnBootPhase_200_com.android.server.usage.UsageStatsService
04-12 20:40:36.796527  1688  1688 D SystemServerTiming: OnBootPhase_200_com.android.server.webkit.WebViewUpdateService
04-12 20:40:36.796530  1688  1688 D SystemServerTiming: OnBootPhase_200_com.android.server.CachedDeviceStateService
04-12 20:40:36.796533  1688  1688 D SystemServerTiming: OnBootPhase_200_com.android.server.BinderCallsStatsService$LifeCycle
04-12 20:40:36.796536  1688  1688 D SystemServerTiming: OnBootPhase_200_com.android.server.LooperStatsService$Lifecycle
04-12 20:40:36.796539  1688  1688 D SystemServerTiming: OnBootPhase_200_com.android.server.rollback.RollbackManagerService
04-12 20:40:36.796544  1688  1688 D SystemServerTiming: OnBootPhase_200_com.android.server.os.NativeTombstoneManagerService
04-12 20:40:36.796547  1688  1688 D SystemServerTiming: OnBootPhase_200_com.android.server.os.BugreportManagerService
04-12 20:40:36.796549  1688  1688 D SystemServerTiming: OnBootPhase_200_com.android.server.gpu.GpuService
04-12 20:40:36.796552  1688  1688 D SystemServerTiming: OnBootPhase_200_com.transsion.kolun.server.SmartSystemService
04-12 20:40:36.796555  1688  1688 D SystemServerTiming: OnBootPhase_200_com.android.server.security.rkp.RemoteProvisioningService
04-12 20:40:36.796557  1688  1688 D SystemServerTiming: OnBootPhase_200_com.android.server.cpu.CpuMonitorService
04-12 20:40:36.796560  1688  1688 D SystemServerTiming: OnBootPhase_200_com.android.server.security.KeyChainSystemService
04-12 20:40:36.796562  1688  1688 D SystemServerTiming: OnBootPhase_200_com.android.server.BinaryTransparencyService
04-12 20:40:36.796564  1688  1688 D SystemServerTiming: OnBootPhase_200_com.android.server.telecom.TelecomLoaderService
04-12 20:40:36.796567  1688  1688 D SystemServerTiming: OnBootPhase_200_com.android.server.accounts.AccountManagerService$Lifecycle
04-12 20:40:36.796569  1688  1688 D SystemServerTiming: OnBootPhase_200_com.android.server.content.ContentService$Lifecycle
04-12 20:40:36.796574  1688  1688 D SystemServerTiming: OnBootPhase_200_com.android.server.deviceconfig.DeviceConfigInit$Lifecycle
04-12 20:40:36.796576  1688  1688 D SystemServerTiming: OnBootPhase_200_com.android.server.DropBoxManagerService
04-12 20:40:36.796583  1688  1688 D SystemServerTiming: OnBootPhase_200_com.android.ecm.EnhancedConfirmationService
04-12 20:40:36.796586  1688  1688 D SystemServerTiming: OnBootPhase_200_com.android.server.power.hint.HintManagerService
04-12 20:40:36.796589  1688  1688 D SystemServerTiming: OnBootPhase_200_com.android.role.RoleService
04-12 20:40:36.796591  1688  1688 D SystemServerTiming: OnBootPhase_200_com.android.server.supervision.SupervisionService$Lifecycle
04-12 20:40:36.796594  1688  1688 D SystemServerTiming: OnBootPhase_200_com.android.server.vibrator.VibratorManagerService$Lifecycle
04-12 20:40:36.796598  1688  1688 D SystemServerTiming: OnBootPhase_200_com.mediatek.server.MtkAlarmManagerService
04-12 20:40:36.796601  1688  1688 D SystemServerTiming: OnBootPhase_200_com.android.server.input.InputManagerService$Lifecycle
04-12 20:40:36.796610  1688  1688 D SystemServerTiming: OnBootPhase_200_com.android.server.devicestate.DeviceStateManagerService
04-12 20:40:36.796614  1688  1688 D SystemServerTiming: OnBootPhase_200_com.android.server.camera.CameraServiceProxy
04-12 20:40:36.799777  1688  1688 I WindowManager: No existing display settings, starting empty
04-12 20:40:36.799909  1688  1688 I WindowManager: No existing display settings, starting empty
04-12 20:40:36.803159  1688  1822 D TranClassInfo: instance successfully. com.transsion.hubcore.server.wm.TranRootWindowContainerImpl@e21d7b7 from com.transsion.hubcore.server.wm.ITranRootWindowContainer
04-12 20:40:36.810822  1688  1822 I CloudController: nameMap: splash_screen_snapshotcold_list
04-12 20:40:36.811473  1688  1822 I CloudController: nameMap: splash_exmpt_list
04-12 20:40:36.811546  1688  1822 I CloudController: nameMap: snapshot_exitdelay_list
