----- timezone:Asia/Shanghai
04-12 08:08:28.637000   554   554 I auditd  : type=1400 audit(0.0:3904): avc:  denied  { read } for  comm="logd.writer" name="u:object_r:bluetooth_prop:s0" dev="tmpfs" ino=173 scontext=u:r:logd:s0 tcontext=u:object_r:bluetooth_prop:s0 tclass=file permissive=0
04-12 08:08:28.645000   554   554 I auditd  : type=1400 audit(0.0:3905): avc:  denied  { read } for  comm="logd.writer" name="u:object_r:bluetooth_prop:s0" dev="tmpfs" ino=173 scontext=u:r:logd:s0 tcontext=u:object_r:bluetooth_prop:s0 tclass=file permissive=0
04-12 08:13:34.335000   554   554 I auditd  : type=1400 audit(0.0:3906): avc:  denied  { read } for  comm="logd.writer" name="u:object_r:bluetooth_prop:s0" dev="tmpfs" ino=173 scontext=u:r:logd:s0 tcontext=u:object_r:bluetooth_prop:s0 tclass=file permissive=0
04-12 08:13:34.343000   554   554 I auditd  : type=1400 audit(0.0:3907): avc:  denied  { read } for  comm="logd.writer" name="u:object_r:bluetooth_prop:s0" dev="tmpfs" ino=173 scontext=u:r:logd:s0 tcontext=u:object_r:bluetooth_prop:s0 tclass=file permissive=0
04-12 08:13:34.355000   554   554 I auditd  : type=1400 audit(0.0:3908): avc:  denied  { read } for  comm="logd.writer" name="u:object_r:bluetooth_prop:s0" dev="tmpfs" ino=173 scontext=u:r:logd:s0 tcontext=u:object_r:bluetooth_prop:s0 tclass=file permissive=0
04-12 08:13:34.547147 31528  6774 I c2dm    : [-1,,6,5]
04-12 08:17:40.633000   554   554 I auditd  : type=1400 audit(0.0:3909): avc:  denied  { read } for  comm="logd.writer" name="u:object_r:bluetooth_prop:s0" dev="tmpfs" ino=173 scontext=u:r:logd:s0 tcontext=u:object_r:bluetooth_prop:s0 tclass=file permissive=0
04-12 08:17:40.637000   554   554 I auditd  : type=1400 audit(0.0:3910): avc:  denied  { read } for  comm="logd.writer" name="u:object_r:bluetooth_prop:s0" dev="tmpfs" ino=173 scontext=u:r:logd:s0 tcontext=u:object_r:bluetooth_prop:s0 tclass=file permissive=0
04-12 08:17:40.675400  1730  1944 I dvm_lock_sample: [system_server,1,PowerManagerService,22,PowerManagerService.java,4063,void com.android.server.power.PowerManagerService.handleSandman(int),-,1982,void com.android.server.power.PowerManagerService.acquireWakeLockInternal(android.os.IBinder, int, int, java.lang.String, java.lang.String, android.os.WorkSource, java.lang.String, int, int, android.os.IWakeLockCallback),4]
04-12 08:17:40.684214  1730  2186 I netstats_mobile_sample: [0,0,0,0,0,0,0,0,1775953061680]
04-12 08:17:40.684354  1730  2186 I netstats_wifi_sample: [555204302,51779166,481906,127353,554557907,50933257,480426,123815,1775953061680]
04-12 08:23:25.399000   554   554 I auditd  : type=1400 audit(0.0:3911): avc:  denied  { read } for  comm="logd.writer" name="u:object_r:bluetooth_prop:s0" dev="tmpfs" ino=173 scontext=u:r:logd:s0 tcontext=u:object_r:bluetooth_prop:s0 tclass=file permissive=0
04-12 08:23:25.407000   554   554 I auditd  : type=1400 audit(0.0:3912): avc:  denied  { read } for  comm="logd.writer" name="u:object_r:bluetooth_prop:s0" dev="tmpfs" ino=173 scontext=u:r:logd:s0 tcontext=u:object_r:bluetooth_prop:s0 tclass=file permissive=0
04-12 08:23:25.419000   554   554 I auditd  : type=1400 audit(0.0:3913): avc:  denied  { read } for  comm="logd.writer" name="u:object_r:bluetooth_prop:s0" dev="tmpfs" ino=173 scontext=u:r:logd:s0 tcontext=u:object_r:bluetooth_prop:s0 tclass=file permissive=0
04-12 08:23:25.607926 31528  6774 I c2dm    : [-1,,7,6]
04-12 08:25:06.633000   554   554 I auditd  : type=1400 audit(0.0:3914): avc:  denied  { read } for  comm="logd.writer" name="u:object_r:bluetooth_prop:s0" dev="tmpfs" ino=173 scontext=u:r:logd:s0 tcontext=u:object_r:bluetooth_prop:s0 tclass=file permissive=0
04-12 08:27:48.637000   554   554 I auditd  : type=1400 audit(0.0:3915): avc:  denied  { read } for  comm="logd.writer" name="u:object_r:bluetooth_prop:s0" dev="tmpfs" ino=173 scontext=u:r:logd:s0 tcontext=u:object_r:bluetooth_prop:s0 tclass=file permissive=0
04-12 08:27:48.645000   554   554 I auditd  : type=1400 audit(0.0:3916): avc:  denied  { read } for  comm="logd.writer" name="u:object_r:bluetooth_prop:s0" dev="tmpfs" ino=173 scontext=u:r:logd:s0 tcontext=u:object_r:bluetooth_prop:s0 tclass=file permissive=0
04-12 08:33:16.363000   554   554 I auditd  : type=1400 audit(0.0:3917): avc:  denied  { read } for  comm="logd.writer" name="u:object_r:bluetooth_prop:s0" dev="tmpfs" ino=173 scontext=u:r:logd:s0 tcontext=u:object_r:bluetooth_prop:s0 tclass=file permissive=0
04-12 08:33:16.371000   554   554 I auditd  : type=1400 audit(0.0:3918): avc:  denied  { read } for  comm="logd.writer" name="u:object_r:bluetooth_prop:s0" dev="tmpfs" ino=173 scontext=u:r:logd:s0 tcontext=u:object_r:bluetooth_prop:s0 tclass=file permissive=0
04-12 08:33:16.383000   554   554 I auditd  : type=1400 audit(0.0:3919): avc:  denied  { read } for  comm="logd.writer" name="u:object_r:bluetooth_prop:s0" dev="tmpfs" ino=173 scontext=u:r:logd:s0 tcontext=u:object_r:bluetooth_prop:s0 tclass=file permissive=0
04-12 08:33:16.572666 31528  6774 I c2dm    : [-1,,8,7]
04-12 08:38:28.642000   554   554 I auditd  : type=1400 audit(0.0:3920): avc:  denied  { read } for  comm="logd.writer" name="u:object_r:bluetooth_prop:s0" dev="tmpfs" ino=173 scontext=u:r:logd:s0 tcontext=u:object_r:bluetooth_prop:s0 tclass=file permissive=0
04-12 08:38:28.650000   554   554 I auditd  : type=1400 audit(0.0:3921): avc:  denied  { read } for  comm="logd.writer" name="u:object_r:bluetooth_prop:s0" dev="tmpfs" ino=173 scontext=u:r:logd:s0 tcontext=u:object_r:bluetooth_prop:s0 tclass=file permissive=0
04-12 08:43:07.528000   554   554 I auditd  : type=1400 audit(0.0:3922): avc:  denied  { read } for  comm="logd.writer" name="u:object_r:bluetooth_prop:s0" dev="tmpfs" ino=173 scontext=u:r:logd:s0 tcontext=u:object_r:bluetooth_prop:s0 tclass=file permissive=0
04-12 08:43:07.742823 31528  6774 I c2dm    : [-1,,9,8]
04-12 08:46:45.060000   554   554 I auditd  : type=1400 audit(0.0:3923): avc:  denied  { read } for  comm="logd.writer" name="u:object_r:bluetooth_prop:s0" dev="tmpfs" ino=173 scontext=u:r:logd:s0 tcontext=u:object_r:bluetooth_prop:s0 tclass=file permissive=0
04-12 08:46:45.068000   554   554 I auditd  : type=1400 audit(0.0:3924): avc:  denied  { read } for  comm="logd.writer" name="u:object_r:bluetooth_prop:s0" dev="tmpfs" ino=173 scontext=u:r:logd:s0 tcontext=u:object_r:bluetooth_prop:s0 tclass=file permissive=0
04-12 08:47:40.668096  1730  2186 I netstats_mobile_sample: [0,0,0,0,0,0,0,0,1775954861664]
04-12 08:47:40.668206  1730  2186 I netstats_wifi_sample: [555209286,51788406,481929,127390,554562891,50938199,480449,123836,1775954861664]
04-12 08:52:58.282000   554   554 I auditd  : type=1400 audit(0.0:3925): avc:  denied  { read } for  comm="logd.writer" name="u:object_r:bluetooth_prop:s0" dev="tmpfs" ino=173 scontext=u:r:logd:s0 tcontext=u:object_r:bluetooth_prop:s0 tclass=file permissive=0
04-12 08:52:58.298000   554   554 I auditd  : type=1400 audit(0.0:3926): avc:  denied  { read } for  comm="logd.writer" name="u:object_r:bluetooth_prop:s0" dev="tmpfs" ino=173 scontext=u:r:logd:s0 tcontext=u:object_r:bluetooth_prop:s0 tclass=file permissive=0
04-12 08:52:58.310000   554   554 I auditd  : type=1400 audit(0.0:3927): avc:  denied  { read } for  comm="logd.writer" name="u:object_r:bluetooth_prop:s0" dev="tmpfs" ino=173 scontext=u:r:logd:s0 tcontext=u:object_r:bluetooth_prop:s0 tclass=file permissive=0
04-12 08:52:58.488379 31528  6774 I c2dm    : [-1,,10,9]
04-12 08:58:28.633000   554   554 I auditd  : type=1400 audit(0.0:3928): avc:  denied  { read } for  comm="logd.writer" name="u:object_r:bluetooth_prop:s0" dev="tmpfs" ino=173 scontext=u:r:logd:s0 tcontext=u:object_r:bluetooth_prop:s0 tclass=file permissive=0
04-12 08:58:28.641000   554   554 I auditd  : type=1400 audit(0.0:3929): avc:  denied  { read } for  comm="logd.writer" name="u:object_r:bluetooth_prop:s0" dev="tmpfs" ino=173 scontext=u:r:logd:s0 tcontext=u:object_r:bluetooth_prop:s0 tclass=file permissive=0
04-12 09:01:30.629000   554   554 I auditd  : type=1400 audit(0.0:3930): avc:  denied  { read } for  comm="logd.writer" name="u:object_r:bluetooth_prop:s0" dev="tmpfs" ino=173 scontext=u:r:logd:s0 tcontext=u:object_r:bluetooth_prop:s0 tclass=file permissive=0
04-12 09:01:30.637000   554   554 I auditd  : type=1400 audit(0.0:3931): avc:  denied  { read } for  comm="logd.writer" name="u:object_r:bluetooth_prop:s0" dev="tmpfs" ino=173 scontext=u:r:logd:s0 tcontext=u:object_r:bluetooth_prop:s0 tclass=file permissive=0
04-12 09:01:30.671737  1730  1916 I am_wtf  : [0,1730,system_server,-1,ActivityManager,Sending non-protected broadcast com.example.ACTION_ACQUIRE_POWER_DATA from system uid 1000 pkg android]
04-12 09:02:49.456000   554   554 I auditd  : type=1400 audit(0.0:3932): avc:  denied  { read } for  comm="logd.writer" name="u:object_r:bluetooth_prop:s0" dev="tmpfs" ino=173 scontext=u:r:logd:s0 tcontext=u:object_r:bluetooth_prop:s0 tclass=file permissive=0
04-12 09:02:49.464000   554   554 I auditd  : type=1400 audit(0.0:3933): avc:  denied  { read } for  comm="logd.writer" name="u:object_r:bluetooth_prop:s0" dev="tmpfs" ino=173 scontext=u:r:logd:s0 tcontext=u:object_r:bluetooth_prop:s0 tclass=file permissive=0
04-12 09:02:49.658950 31528  6774 I c2dm    : [-1,,11,10]
04-12 09:08:28.637000   554   554 I auditd  : type=1400 audit(0.0:3934): avc:  denied  { read } for  comm="logd.writer" name="u:object_r:bluetooth_prop:s0" dev="tmpfs" ino=173 scontext=u:r:logd:s0 tcontext=u:object_r:bluetooth_prop:s0 tclass=file permissive=0
04-12 09:08:28.645000   554   554 I auditd  : type=1400 audit(0.0:3935): avc:  denied  { read } for  comm="logd.writer" name="u:object_r:bluetooth_prop:s0" dev="tmpfs" ino=173 scontext=u:r:logd:s0 tcontext=u:object_r:bluetooth_prop:s0 tclass=file permissive=0
04-12 09:12:40.510000   554   554 I auditd  : type=1400 audit(0.0:3936): avc:  denied  { read } for  comm="logd.writer" name="u:object_r:bluetooth_prop:s0" dev="tmpfs" ino=173 scontext=u:r:logd:s0 tcontext=u:object_r:bluetooth_prop:s0 tclass=file permissive=0
04-12 09:12:40.518000   554   554 I auditd  : type=1400 audit(0.0:3937): avc:  denied  { read } for  comm="logd.writer" name="u:object_r:bluetooth_prop:s0" dev="tmpfs" ino=173 scontext=u:r:logd:s0 tcontext=u:object_r:bluetooth_prop:s0 tclass=file permissive=0
04-12 09:12:40.526000   554   554 I auditd  : type=1400 audit(0.0:3938): avc:  denied  { read } for  comm="logd.writer" name="u:object_r:bluetooth_prop:s0" dev="tmpfs" ino=173 scontext=u:r:logd:s0 tcontext=u:object_r:bluetooth_prop:s0 tclass=file permissive=0
04-12 09:12:40.720653 31528  6774 I c2dm    : [-1,,12,11]
04-12 09:17:40.631000   554   554 I auditd  : type=1400 audit(0.0:3939): avc:  denied  { read } for  comm="logd.writer" name="u:object_r:bluetooth_prop:s0" dev="tmpfs" ino=173 scontext=u:r:logd:s0 tcontext=u:object_r:bluetooth_prop:s0 tclass=file permissive=0
04-12 09:17:40.643000   554   554 I auditd  : type=1400 audit(0.0:3940): avc:  denied  { read } for  comm="logd.writer" name="u:object_r:bluetooth_prop:s0" dev="tmpfs" ino=173 scontext=u:r:logd:s0 tcontext=u:object_r:bluetooth_prop:s0 tclass=file permissive=0
04-12 09:17:40.664652  1730  4074 I battery_level: [70,4051,230]
04-12 09:17:40.683798  1730  2186 I netstats_mobile_sample: [0,0,0,0,0,0,0,0,1775956661680]
04-12 09:17:40.683956  1730  2186 I netstats_wifi_sample: [555212310,51793898,481940,127402,554565915,50941079,480460,123844,1775956661680]
04-12 09:17:40.687969  1730  1929 I am_cpu  : [1,0,init,97290,20,50]
04-12 09:17:40.687985  1730  1929 I am_cpu  : [2,0,kthreadd,764096,0,10]
04-12 09:17:40.687991  1730  1929 I am_cpu  : [15,0,ksoftirqd/0,97290,0,80]
04-12 09:17:40.687995  1730  1929 I am_cpu  : [16,0,rcu_preempt,67094,0,270]
04-12 09:17:40.687998  1730  1929 I am_cpu  : [17,0,rcuog/0,67094,0,420]
04-12 09:17:40.688001  1730  1929 I am_cpu  : [18,0,rcuop/0,67094,0,60]
04-12 09:17:40.688006  1730  1929 I am_cpu  : [20,0,rcu_exp_gp_kthread_worker,97289,0,50]
04-12 09:17:40.688010  1730  1929 I am_cpu  : [22,0,migration/0,97289,0,20]
04-12 09:17:40.688014  1730  1929 I am_cpu  : [27,0,migration/1,97289,0,20]
04-12 09:17:40.688018  1730  1929 I am_cpu  : [28,0,ksoftirqd/1,97289,0,40]
04-12 09:17:40.688021  1730  1929 I am_cpu  : [31,0,rcuop/1,67093,0,30]
04-12 09:17:40.688024  1730  1929 I am_cpu  : [34,0,migration/2,97289,0,20]
04-12 09:17:40.688028  1730  1929 I am_cpu  : [35,0,ksoftirqd/2,97289,0,30]
04-12 09:17:40.688030  1730  1929 I am_cpu  : [38,0,rcuop/2,67093,0,30]
04-12 09:17:40.688033  1730  1929 I am_cpu  : [41,0,migration/3,97289,0,10]
04-12 09:17:40.688036  1730  1929 I am_cpu  : [42,0,ksoftirqd/3,97289,0,30]
04-12 09:17:40.688039  1730  1929 I am_cpu  : [45,0,rcuop/3,67093,0,30]
04-12 09:17:40.688042  1730  1929 I am_cpu  : [48,0,migration/4,97289,0,10]
04-12 09:17:40.688044  1730  1929 I am_cpu  : [49,0,ksoftirqd/4,97289,0,10]
04-12 09:17:40.688047  1730  1929 I am_cpu  : [52,0,rcuog/4,67092,0,170]
04-12 09:17:40.688050  1730  1929 I am_cpu  : [53,0,rcuop/4,67092,0,20]
04-12 09:17:40.688052  1730  1929 I am_cpu  : [56,0,migration/5,97289,0,10]
04-12 09:17:40.688055  1730  1929 I am_cpu  : [57,0,ksoftirqd/5,97289,0,10]
04-12 09:17:40.688060  1730  1929 I am_cpu  : [60,0,rcuop/5,97289,0,20]
04-12 09:17:40.688063  1730  1929 I am_cpu  : [63,0,migration/6,97289,0,10]
04-12 09:17:40.688066  1730  1929 I am_cpu  : [64,0,ksoftirqd/6,97289,0,10]
04-12 09:17:40.688069  1730  1929 I am_cpu  : [67,0,rcuop/6,67091,0,20]
04-12 09:17:40.688072  1730  1929 I am_cpu  : [74,0,rcuop/7,97289,0,20]
04-12 09:17:40.688075  1730  1929 I am_cpu  : [80,0,kcompactd0,187344,0,10]
04-12 09:17:40.688077  1730  1929 I am_cpu  : [91,0,kswapd0,97289,0,10]
04-12 09:17:40.688081  1730  1929 I am_cpu  : [167,0,wdtk-0,249858,0,10]
04-12 09:17:40.688084  1730  1929 I am_cpu  : [170,0,wdtk-3,764096,0,10]
04-12 09:17:40.688087  1730  1929 I am_cpu  : [176,0,irq/34-mtk_tinysys_mbox,439191,0,10]
04-12 09:17:40.688090  1730  1929 I am_cpu  : [204,0,irq/290-rcs_irq,439190,0,130]
04-12 09:17:40.688097  1730  1929 I am_cpu  : [314,0,spi2,1180560,0,10]
04-12 09:17:40.688100  1730  1929 I am_cpu  : [318,0,spi5,1739097,0,10]
04-12 09:17:40.688103  1730  1929 I am_cpu  : [320,0,spi7,1739097,0,10]
04-12 09:17:40.688106  1730  1929 I am_cpu  : [338,0,f2fs_ckpt-259:0,439190,0,30]
04-12 09:17:40.688112  1730  1929 I am_cpu  : [404,0,jbd2/sdc87-8,439190,0,10]
04-12 09:17:40.688115  1730  1929 I am_cpu  : [412,0,init,439190,0,20]
04-12 09:17:40.688117  1730  1929 I am_cpu  : [413,0,ueventd,97287,80,40]
04-12 09:17:40.688121  1730  1929 I am_cpu  : [534,1092,prng_seeder,97287,0,20]
04-12 09:17:40.688124  1730  1929 I am_cpu  : [554,1036,logd,67086,160,770]
04-12 09:17:40.688127  1730  1929 I am_cpu  : [555,1069,lmkd,97287,10,60]
04-12 09:17:40.688129  1730  1929 I am_cpu  : [558,1000,servicemanager,67086,20,30]
04-12 09:17:40.688133  1730  1929 I am_cpu  : [561,1000,vndservicemanag,67086,0,20]
04-12 09:17:40.688136  1730  1929 I am_cpu  : [563,2000,sh,439190,0,30]
04-12 09:17:40.688139  1730  1929 I am_cpu  : [581,0,binder:581_2,67085,10,50]
04-12 09:17:40.688142  1730  1929 I am_cpu  : [598,0,jbd2/sdc18-8,439190,0,10]
04-12 09:17:40.688145  1730  1929 I am_cpu  : [603,0,jbd2/sdc7-8,439190,0,10]
04-12 09:17:40.688149  1730  1929 I am_cpu  : [618,0,jbd2/sdc6-8,439190,0,10]
04-12 09:17:40.688152  1730  1929 I am_cpu  : [643,0,aee_aed64_v2,67086,10,50]
04-12 09:17:40.688156  1730  1929 I am_cpu  : [645,0,aee_aedv64_v2,439191,0,30]
04-12 09:17:40.688159  1730  1929 I am_cpu  : [655,1000,android.system.,97287,30,10840]
04-12 09:17:40.688161  1730  1929 I am_cpu  : [657,0,memoryleak_dete,97286,0,20]
04-12 09:17:40.688165  1730  1929 I am_cpu  : [690,0,f2fs_ckpt-254:79,97286,0,190]
04-12 09:17:40.688168  1730  1929 I am_cpu  : [691,0,f2fs_discard-254:79,67084,0,30]
04-12 09:17:40.688171  1730  1929 I am_cpu  : [696,1058,tombstoned,439190,0,20]
04-12 09:17:40.688177  1730  1929 I am_cpu  : [912,0,kbase_pm_poweroff_wait,97286,0,50]
04-12 09:17:40.688182  1730  1929 I am_cpu  : [947,0,conninfra_cored,439190,0,240]
04-12 09:17:40.688187  1730  1929 I am_cpu  : [971,0,transceiver,67083,0,20]
04-12 09:17:40.688192  1730  1929 I am_cpu  : [1008,0,beif_rxd,439190,0,10]
04-12 09:17:40.688194  1730  1929 I am_cpu  : [1011,0,kfps,97286,0,310]
04-12 09:17:40.688198  1730  1929 I am_cpu  : [1040,0,battery_manager_serivce,67083,0,140]
04-12 09:17:40.688202  1730  1929 I am_cpu  : [1062,0,tran_mm_collect,67083,0,40]
04-12 09:17:40.688205  1730  1929 I am_cpu  : [1074,0,binder:1074_3,67083,50,420]
04-12 09:17:40.688207  1730  1929 I am_cpu  : [1076,1066,binder:1076_2,67083,70,180]
04-12 09:17:40.688210  1730  1929 I am_cpu  : [1077,0,iptables-restor,97286,40,70]
04-12 09:17:40.688213  1730  1929 I am_cpu  : [1078,0,ip6tables-resto,97286,30,70]
04-12 09:17:40.688216  1730  1929 I am_cpu  : [1080,0,main,97286,0,20]
04-12 09:17:40.688219  1730  1929 I am_cpu  : [1089,1041,binder:1089_2,439190,20,120]
04-12 09:17:40.688221  1730  1929 I am_cpu  : [1090,1002,android.hardwar,249858,0,60]
04-12 09:17:40.688224  1730  1929 I am_cpu  : [1092,1000,binder:1092_2,439190,0,20]
04-12 09:17:40.688227  1730  1929 I am_cpu  : [1094,1000,composer@3.3-se,249858,10,30]
04-12 09:17:40.688230  1730  1929 I am_cpu  : [1100,1000,android.hardwar,97286,10,120]
04-12 09:17:40.688232  1730  1929 I am_cpu  : [1102,1068,binder:1102_2,439191,10,50]
04-12 09:17:40.688235  1730  1929 I am_cpu  : [1108,1000,android.hardwar,67083,30,110]
04-12 09:17:40.688237  1730  1929 I am_cpu  : [1114,1000,android.hardwar,97285,40,30]
04-12 09:17:40.688240  1730  1929 I am_cpu  : [1119,1000,android.hardwar,187345,0,70]
04-12 09:17:40.688243  1730  1929 I am_cpu  : [1124,1000,binder:1124_2,439190,0,40]
04-12 09:17:40.688245  1730  1929 I am_cpu  : [1125,1000,vendor.mediatek,97285,10,20]
04-12 09:17:40.688248  1730  1929 I am_cpu  : [1126,1000,android.hardwar,439190,0,10]
04-12 09:17:40.688262  1730  1929 I am_cpu  : [1131,1000,binder:1131_2,439190,0,20]
04-12 09:17:40.688269  1730  1929 I am_cpu  : [1145,0,vendor.mediatek,97285,0,50]
04-12 09:17:40.688273  1730  1929 I am_cpu  : [1189,1027,android.hardwar,439190,0,30]
04-12 09:17:40.688276  1730  1929 I am_cpu  : [1196,1041,audioserver,67082,10,10]
04-12 09:17:40.688279  1730  1929 I am_cpu  : [1200,1072,binder:1200_2,439190,0,20]
04-12 09:17:40.688282  1730  1929 I am_cpu  : [1204,1000,surfaceflinger,67081,2570,2680]
04-12 09:17:40.688284  1730  1929 I am_cpu  : [1206,0,hiber,97285,0,60]
04-12 09:17:40.688287  1730  1929 I am_cpu  : [1214,1000,ccci_mdinit,381295,0,60]
04-12 09:17:40.688298  1730  1929 I am_cpu  : [1220,1001,ccci_rpcd,439191,10,20]
04-12 09:17:40.688301  1730  1929 I am_cpu  : [1223,1000,mcDriverDaemon,439191,10,40]
04-12 09:17:40.688305  1730  1929 I am_cpu  : [1282,1000,binder:1282_2,439190,0,20]
04-12 09:17:40.688308  1730  1929 I am_cpu  : [1284,1010,wlan_assistant,439190,0,20]
04-12 09:17:40.688311  1730  1929 I am_cpu  : [1298,0,adbd,439191,0,50]
04-12 09:17:40.688318  1730  1929 I am_cpu  : [1300,0,mali-gpuq-kthread,97285,0,1190]
04-12 09:17:40.688321  1730  1929 I am_cpu  : [1319,9999,traced_probes,439191,0,30]
04-12 09:17:40.688324  1730  1929 I am_cpu  : [1321,9999,traced,97285,0,50]
04-12 09:17:40.688327  1730  1929 I am_cpu  : [1322,2000,connsyslogger,439191,0,40]
04-12 09:17:40.688333  1730  1929 I am_cpu  : [1325,1000,vtservice,187345,10,10]
04-12 09:17:40.688340  1730  1929 I am_cpu  : [1343,0,thermal_core,67082,0,70]
04-12 09:17:40.688344  1730  1929 I am_cpu  : [1344,1001,mtkfusionrild,97285,50,420]
04-12 09:17:40.688347  1730  1929 I am_cpu  : [1345,0,binder:1345_2,439190,0,10]
04-12 09:17:40.688350  1730  1929 I am_cpu  : [1358,0,binder:1358_2,97285,0,10]
04-12 09:17:40.688353  1730  1929 I am_cpu  : [1359,1021,mnld,439190,10,140]
04-12 09:17:40.688355  1730  1929 I am_cpu  : [1361,1047,binder:1361_2,97284,0,20]
04-12 09:17:40.688358  1730  1929 I am_cpu  : [1365,1067,binder:1365_2,439190,0,10]
04-12 09:17:40.688361  1730  1929 I am_cpu  : [1367,0,binder:1367_2,97284,30,190]
04-12 09:17:40.688364  1730  1929 I am_cpu  : [1375,0,storaged,187344,10,10]
04-12 09:17:40.688366  1730  1929 I am_cpu  : [1376,1010,wificond,249857,10,10]
04-12 09:17:40.688369  1730  1929 I am_cpu  : [1399,2000,emdlogger,97284,10,110]
04-12 09:17:40.688372  1730  1929 I am_cpu  : [1401,2000,binder:1401_2,439190,0,70]
04-12 09:17:40.688375  1730  1929 I am_cpu  : [1406,1000,mobile_log_d,67081,90,730]
04-12 09:17:40.688377  1730  1929 I am_cpu  : [1407,2000,netdiag,439191,0,10]
04-12 09:17:40.688380  1730  1929 I am_cpu  : [1416,1047,binder:1416_2,97285,10,60]
04-12 09:17:40.688383  1730  1929 I am_cpu  : [1419,1000,chg_sence,439190,0,20]
04-12 09:17:40.688404  1730  1929 I am_cpu  : [1420,0,eara_io_service,439190,0,10]
04-12 09:17:40.688422  1730  1929 I am_cpu  : [1423,1000,ipsec_mon,439190,0,10]
04-12 09:17:40.688428  1730  1929 I am_cpu  : [1435,1021,mtk_agpsd,439190,0,30]
04-12 09:17:40.688431  1730  1929 I am_cpu  : [1436,1000,mtk_storageprox,439190,0,20]
04-12 09:17:40.688433  1730  1929 I am_cpu  : [1437,1000,binder:1437_2,439190,0,70]
04-12 09:17:40.688436  1730  1929 I am_cpu  : [1450,1000,binder:1450_2,439190,0,50]
04-12 09:17:40.688440  1730  1929 I am_cpu  : [1454,0,update_engine,439190,0,10]
04-12 09:17:40.688453  1730  1929 I am_cpu  : [1478,1000,android.hardwar,439190,0,30]
04-12 09:17:40.688456  1730  1929 I am_cpu  : [1509,1000,binder:1509_2,67080,10,60]
04-12 09:17:40.688459  1730  1929 I am_cpu  : [1730,1000,system_server,67081,2830,4400]
04-12 09:17:40.688462  1730  1929 I am_cpu  : [1791,1000,bip_ap,439190,0,10]
04-12 09:17:40.688465  1730  1929 I am_cpu  : [1961,1000,ndroid.keychain,97285,0,10]
04-12 09:17:40.688468  1730  1929 I am_cpu  : [2033,1053,webview_zygote,97285,0,10]
04-12 09:17:40.688471  1730  1929 I am_cpu  : [2069,0,kworker/7:5H-kverityd,97285,0,10]
04-12 09:17:40.688473  1730  1929 I am_cpu  : [2102,1000,.transsion.tabe,97285,0,40]
04-12 09:17:40.688476  1730  1929 I am_cpu  : [2154,1000,n.spacesaversdk,67080,10,20]
04-12 09:17:40.688479  1730  1929 I am_cpu  : [2328,1010,binder:2328_2,97285,20,120]
04-12 09:17:40.688482  1730  1929 I am_cpu  : [2406,10148,ssion.launcher3,67080,90,220]
04-12 09:17:40.688485  1730  1929 I am_cpu  : [2411,10179,ranssion.camera,67079,10,90]
04-12 09:17:40.688488  1730  1929 I am_cpu  : [2536,0,kworker/6:1H-kblockd,97284,0,10]
04-12 09:17:40.688491  1730  1929 I am_cpu  : [2584,1073,rkstack.process,67079,40,110]
04-12 09:17:40.688495  1730  1929 I am_cpu  : [2608,1002,droid.bluetooth,97284,50,240]
04-12 09:17:40.688498  1730  1929 I am_cpu  : [2639,1001,m.android.phone,67079,140,510]
04-12 09:17:40.688501  1730  1929 I am_cpu  : [2659,1001,om.mediatek.ims,97285,20,70]
04-12 09:17:40.688503  1730  1929 I am_cpu  : [2661,0,kworker/0:1-events,249857,0,50]
04-12 09:17:40.688506  1730  1929 I am_cpu  : [2681,1068,com.android.se,97285,10,10]
04-12 09:17:40.688509  1730  1929 I am_cpu  : [2712,1000,on.tranradionet,67080,100,220]
04-12 09:17:40.688512  1730  1929 I am_cpu  : [2727,10146,ndroid.systemui,97285,140,340]
04-12 09:17:40.688515  1730  1929 I am_cpu  : [2764,10199,custompictorial,67080,12500,3700]
04-12 09:17:40.688520  1730  1929 I am_cpu  : [2950,10261,marvin.talkback,97285,0,10]
04-12 09:17:40.688524  1730  1929 I am_cpu  : [3122,1000,ndroid.settings,97285,110,200]
04-12 09:17:40.688529  1730  1929 I am_cpu  : [3153,0,bt_tx_ps,187343,0,90]
04-12 09:17:40.688532  1730  1929 I am_cpu  : [3311,0,main_thread,67079,0,500]
04-12 09:17:40.688536  1730  1929 I am_cpu  : [3329,0,hif_thread,67079,0,1490]
04-12 09:17:40.688541  1730  1929 I am_cpu  : [3330,0,rx_thread,97285,0,90]
04-12 09:17:40.688545  1730  1929 I am_cpu  : [3412,1000,ek.simprocessor,97285,0,20]
04-12 09:17:40.688548  1730  1929 I am_cpu  : [3536,10145,ion.atomicbrain,97285,50,100]
04-12 09:17:40.688551  1730  1929 I am_cpu  : [3601,10187,e.android.euicc,249857,0,30]
04-12 09:17:40.688554  1730  1929 I am_cpu  : [3646,10269,id.ext.services,97285,10,20]
04-12 09:17:40.688557  1730  1929 I am_cpu  : [3789,10271,rs.media.module,97284,20,90]
04-12 09:17:40.688561  1730  1929 I am_cpu  : [3853,10214,ogle.android.as,97284,40,20]
04-12 09:17:40.688564  1730  1929 I am_cpu  : [3879,10158,.mobile.service,67079,50,100]
04-12 09:17:40.688566  1730  1929 I am_cpu  : [3901,1027,com.android.nfc,97284,10,40]
04-12 09:17:40.688569  1730  1929 I am_cpu  : [3937,1000,ranvoicecommand,249856,10,20]
04-12 09:17:40.688573  1730  1929 I am_cpu  : [3989,1000,batterywarning,439190,0,10]
04-12 09:17:40.688575  1730  1929 I am_cpu  : [4009,0,frs,187343,0,20]
04-12 09:17:40.688578  1730  1929 I am_cpu  : [4011,1000,storage_feature,439190,0,10]
04-12 09:17:40.688580  1730  1929 I am_cpu  : [4017,0,touch-main-loop,439190,0,30]
04-12 09:17:40.688583  1730  1929 I am_cpu  : [4028,1000,kolun.aiservice,97284,70,250]
04-12 09:17:40.688587  1730  1929 I am_cpu  : [4078,0,usap64,97284,0,50]
04-12 09:17:40.688589  1730  1929 I am_cpu  : [4085,0,kworker/4:0,249856,0,20]
04-12 09:17:40.688592  1730  1929 I am_cpu  : [4087,1000,sion.smartpanel,97284,0,90]
04-12 09:17:40.688595  1730  1929 I am_cpu  : [4157,0,kworker/7:2,249856,0,160]
04-12 09:17:40.688598  1730  1929 I am_cpu  : [4161,10190,eractionservice,97284,10,50]
04-12 09:17:40.688601  1730  1929 I am_cpu  : [4178,10070,d.process.acore,67079,10,20]
04-12 09:17:40.688604  1730  1929 I am_cpu  : [4241,1000,sion.aod:dreams,97285,0,20]
04-12 09:17:40.688607  1730  1929 I am_cpu  : [4345,10169,tech.palm.id,97285,0,40]
04-12 09:17:40.688610  1730  1929 I am_cpu  : [4401,1000,m.transsion.aod,97285,0,20]
04-12 09:17:40.688613  1730  1929 I am_cpu  : [4402,0,kworker/u17:1-ufs_clk_gating_0,67079,0,100]
04-12 09:17:40.688616  1730  1929 I am_cpu  : [4403,0,kworker/1:0-mm_percpu_wq,67079,0,70]
04-12 09:17:40.688618  1730  1929 I am_cpu  : [4410,10190,ivoiceassistant,97285,90,60]
04-12 09:17:40.688622  1730  1929 I am_cpu  : [4586,10172,.screenrecorder,187343,20,30]
04-12 09:17:40.688625  1730  1929 I am_cpu  : [4594,1000,sion.batterylab,97284,20,10]
04-12 09:17:40.688628  1730  1929 I am_cpu  : [4640,10117,icore.nexusflow,67079,70,60]
04-12 09:17:40.688631  1730  1929 I am_cpu  : [4694,10142,tech.palm.find,97284,10,40]
04-12 09:17:40.688635  1730  1929 I am_cpu  : [4910,10226,id.apps.restore,97284,0,20]
04-12 09:17:40.688637  1730  1929 I am_cpu  : [5010,1000,sion.iotservice,67079,70,210]
04-12 09:17:40.688641  1730  1929 I am_cpu  : [5137,10246,ogle.android.gm,67079,20,60]
04-12 09:17:40.688644  1730  1929 I am_cpu  : [5267,1000,ranssion.zahooc,97284,20,30]
04-12 09:17:40.688647  1730  1929 I am_cpu  : [5401,10178,ssion.deskclock,187343,10,50]
04-12 09:17:40.688650  1730  1929 I am_cpu  : [5631,0,kworker/5:4H-kblockd,97284,0,10]
04-12 09:17:40.688653  1730  1929 I am_cpu  : [5632,0,kworker/2:2-mm_percpu_wq,67078,0,70]
04-12 09:17:40.688656  1730  1929 I am_cpu  : [5714,10131,e.android.mosey,187343,10,30]
04-12 09:17:40.688664  1730  1929 I am_cpu  : [6085,10133,pio.securitycom,249856,10,30]
04-12 09:17:40.688667  1730  1929 I am_cpu  : [6140,10231,ding:background,67078,10,10]
04-12 09:17:40.688670  1730  1929 I am_cpu  : [6378,10215,transsnet.store,67078,60,70]
04-12 09:17:40.688673  1730  1929 I am_cpu  : [6487,10281,android.rkpdapp,97283,0,20]
04-12 09:17:40.688676  1730  1929 I am_cpu  : [6556,10152,.debug.loggerui,97283,0,90]
04-12 09:17:40.688684  1730  1929 I am_cpu  : [6697,0,kworker/u16:0-events_unbound,0,0,0]
04-12 09:17:40.688690  1730  1929 I am_cpu  : [6698,0,kworker/u16:2-events_unbound,0,0,0]
04-12 09:17:40.688694  1730  1929 I am_cpu  : [6699,0,kworker/u16:3-events_unbound,0,0,0]
04-12 09:17:40.688697  1730  1929 I am_cpu  : [6700,0,kworker/u16:4-events_unbound,0,0,0]
04-12 09:17:40.688701  1730  1929 I am_cpu  : [6701,0,kworker/u16:6-events_unbound,0,0,0]
04-12 09:17:40.688706  1730  1929 I am_cpu  : [6702,0,kworker/u16:7-events_unbound,0,0,0]
04-12 09:17:40.688711  1730  1929 I am_cpu  : [6703,0,kworker/u16:8-events_unbound,0,0,0]
04-12 09:17:40.688715  1730  1929 I am_cpu  : [6704,0,kworker/6:2-pm,0,0,0]
04-12 09:17:40.688722  1730  1929 I am_cpu  : [6705,0,kworker/u16:9-events_unbound,0,0,0]
04-12 09:17:40.688729  1730  1929 I am_cpu  : [6706,0,kworker/u16:10-ged_fence,0,0,0]
04-12 09:17:40.688732  1730  1929 I am_cpu  : [6716,10112,ion.aicore.main,97283,10,30]
04-12 09:17:40.688736  1730  1929 I am_cpu  : [6789,0,kworker/7:3,0,0,0]
04-12 09:17:40.688739  1730  1929 I am_cpu  : [6858,0,kworker/u16:13-events_unbound,0,0,0]
04-12 09:17:40.688744  1730  1929 I am_cpu  : [6866,0,kworker/0:0-events,0,0,0]
04-12 09:17:40.688747  1730  1929 I am_cpu  : [7211,10229,oid.setupwizard,187343,0,30]
04-12 09:17:40.688750  1730  1929 I am_cpu  : [7306,10232,.android.gms.ui,187343,20,110]
04-12 09:17:40.688753  1730  1929 I am_cpu  : [7448,10144,nssion.trancare,97283,350,220]
04-12 09:17:40.688756  1730  1929 I am_cpu  : [7656,0,usap64,97283,120,280]
04-12 09:17:40.689043  1730  1929 I am_cpu  : [7825,10264,.adservices.api,97283,10,10]
04-12 09:17:40.689062  1730  1929 I am_cpu  : [8131,10208,izedService.xos,67078,0,80]
04-12 09:17:40.689067  1730  1929 I am_cpu  : [9099,0,usap64,97283,0,30]
04-12 09:17:40.689070  1730  1929 I am_cpu  : [9433,0,osi,97283,0,10]
04-12 09:17:40.689073  1730  1929 I am_cpu  : [9438,0,osi_bin,97283,0,20]
04-12 09:17:40.689076  1730  1929 I am_cpu  : [9755,1000,sion.tranengine,67078,240,190]
04-12 09:17:40.689079  1730  1929 I am_cpu  : [9923,10126,at.appupdate.ui,97284,10,10]
04-12 09:17:40.689082  1730  1929 I am_cpu  : [10379,0,usap64,97284,0,80]
04-12 09:17:40.689085  1730  1929 I am_cpu  : [13150,1000,on.phonemanager,97284,10,30]
04-12 09:17:40.689088  1730  1929 I am_cpu  : [14936,1000,ssion.letswitch,187344,10,30]
04-12 09:17:40.689091  1730  1929 I am_cpu  : [15106,10082,viders.calendar,67079,0,10]
04-12 09:17:40.689094  1730  1929 I am_cpu  : [15917,0,kworker/u16:5-events_unbound,97284,0,210]
04-12 09:17:40.689097  1730  1929 I am_cpu  : [16565,10175,sion.atomiccore,97284,0,50]
04-12 09:17:40.689100  1730  1929 I am_cpu  : [17346,10167,a.questionnaire,97284,10,30]
04-12 09:17:40.689103  1730  1929 I am_cpu  : [17358,10169,h.palm.id:cloud,97284,0,10]
04-12 09:17:40.689106  1730  1929 I am_cpu  : [18460,1000,n.settings.wifi,97284,20,90]
04-12 09:17:40.689110  1730  1929 I am_cpu  : [19116,10132,on.globalsearch,97284,10,40]
04-12 09:17:40.689113  1730  1929 I am_cpu  : [19133,10125,anssion.applock,97284,0,40]
04-12 09:17:40.689116  1730  1929 I am_cpu  : [19258,10173,gs.intelligence,97284,0,10]
04-12 09:17:40.689119  1730  1929 I am_cpu  : [19402,10099,id.printspooler,249857,0,20]
04-12 09:17:40.689122  1730  1929 I am_cpu  : [19423,10194,ion.airtransfer,187344,10,30]
04-12 09:17:40.689125  1730  1929 I am_cpu  : [19631,10166,om.transsion.sk,249857,10,40]
04-12 09:17:40.689128  1730  1929 I am_cpu  : [19757,10075,d.process.media,97283,0,20]
04-12 09:17:40.689131  1730  1929 I am_cpu  : [20377,1000,.batterywarning,97283,0,20]
04-12 09:17:40.689134  1730  1929 I am_cpu  : [20467,1000,m.transsion.usf,67078,180,460]
04-12 09:17:40.689137  1730  1929 I am_cpu  : [21193,0,kworker/u16:1-events_unbound,97283,0,30]
04-12 09:17:40.689140  1730  1929 I am_cpu  : [21297,0,kworker/0:1H-kblockd,97283,0,40]
04-12 09:17:40.689142  1730  1929 I am_cpu  : [22314,0,kworker/4:1-pm,67078,0,30]
04-12 09:17:40.689145  1730  1929 I am_cpu  : [24232,99003,ocessService0:1,97283,10,20]
04-12 09:17:40.689149  1730  1929 I am_cpu  : [24435,0,kworker/4:2H-kverityd,97283,0,10]
04-12 09:17:40.689152  1730  1929 I am_cpu  : [24890,10211,.google.ar.core,187343,0,20]
04-12 09:17:40.689155  1730  1929 I am_cpu  : [25322,1000,on.systemupdate,97283,0,20]
04-12 09:17:40.689159  1730  1929 I am_cpu  : [27573,0,kworker/6:1-pm,97283,0,60]
04-12 09:17:40.689162  1730  1929 I am_cpu  : [27600,0,kworker/u16:11-events_unbound,187343,0,220]
04-12 09:17:40.689165  1730  1929 I am_cpu  : [27602,0,kworker/u16:12-events_unbound,67078,0,200]
04-12 09:17:40.689168  1730  1929 I am_cpu  : [27617,0,kworker/2:0H-ipi_comm,97283,0,30]
04-12 09:17:40.689171  1730  1929 I am_cpu  : [27797,0,kworker/5:1,97283,0,60]
04-12 09:17:40.689175  1730  1929 I am_cpu  : [27916,0,kworker/7:1-events,67078,0,150]
04-12 09:17:40.689178  1730  1929 I am_cpu  : [27978,0,kworker/1:0H-kblockd,97283,0,30]
04-12 09:17:40.689181  1730  1929 I am_cpu  : [29434,0,kworker/3:0,67078,0,70]
04-12 09:17:40.689184  1730  1929 I am_cpu  : [29471,0,kworker/0:2-events,67078,0,220]
04-12 09:17:40.689187  1730  1929 I am_cpu  : [29691,0,kworker/u17:0-BTMTK_RX_WQ,439190,0,80]
04-12 09:17:40.689189  1730  1929 I am_cpu  : [29856,0,kworker/3:4H-kverityd,97283,0,20]
04-12 09:17:40.689192  1730  1929 I am_cpu  : [30026,10232,gle.android.gms,67078,40,70]
04-12 09:17:40.689195  1730  1929 I am_cpu  : [31528,10232,.gms.persistent,67079,160,340]
04-12 09:17:40.689198  1730  1929 I am_cpu  : [31711,1010,wpa_supplicant,439190,0,20]
04-12 09:17:40.689201  1730  1929 I am_cpu  : [32379,10135,ion.phonemaster,97283,10,60]
04-12 09:17:40.689204  1730  1929 I am_cpu  : [32545,10231,android.vending,67078,170,200]
04-12 09:17:40.689207  1730  1929 I am_cpu  : [32570,10238,.lite.transsion,97283,0,40]
04-12 09:17:40.721429  1730  2521 I netstats_mobile_sample: [0,0,0,0,0,0,0,0,1775956661717]
04-12 09:17:40.721583  1730  2521 I netstats_wifi_sample: [555212310,51793898,481940,127402,554565915,50941079,480460,123844,1775956661717]
04-12 09:17:40.736516  1730  2521 I netstats_mobile_sample: [0,0,0,0,0,0,0,0,1775956661733]
04-12 09:17:40.736733  1730  2521 I netstats_wifi_sample: [555212310,51793898,481940,127402,554565915,50941079,480460,123844,1775956661733]
04-12 09:22:31.476000   554   554 I auditd  : type=1400 audit(0.0:3941): avc:  denied  { read } for  comm="logd.writer" name="u:object_r:bluetooth_prop:s0" dev="tmpfs" ino=173 scontext=u:r:logd:s0 tcontext=u:object_r:bluetooth_prop:s0 tclass=file permissive=0
04-12 09:22:31.480000   554   554 I auditd  : type=1400 audit(0.0:3942): avc:  denied  { read } for  comm="logd.writer" name="u:object_r:bluetooth_prop:s0" dev="tmpfs" ino=173 scontext=u:r:logd:s0 tcontext=u:object_r:bluetooth_prop:s0 tclass=file permissive=0
04-12 09:22:31.488000   554   554 I auditd  : type=1400 audit(0.0:3943): avc:  denied  { read } for  comm="logd.writer" name="u:object_r:bluetooth_prop:s0" dev="tmpfs" ino=173 scontext=u:r:logd:s0 tcontext=u:object_r:bluetooth_prop:s0 tclass=file permissive=0
04-12 09:22:31.681348 31528  6851 I c2dm    : [-1,,13,12]
04-12 09:24:44.535788 31528  6851 I gtalk_conn_close: [276,6633]
04-12 09:24:48.470958  1730  4068 I am_proc_died: [0,2102,com.transsion.tabe,905,19]
04-12 09:24:49.090979  1730  1916 I am_uid_idle: 10117
04-12 09:24:58.941529 31528  6851 I c2dm    : [-2,,1,1]
04-12 09:24:59.649629 31528  6851 I gtalk_heartbeat_reset: [66196,64.233.185.188:5228]
04-12 09:24:59.658320 31528  6851 I gtalk_connection: 0
04-12 09:25:06.633000   554   554 I auditd  : type=1400 audit(0.0:3944): avc:  denied  { read } for  comm="logd.writer" name="u:object_r:bluetooth_prop:s0" dev="tmpfs" ino=173 scontext=u:r:logd:s0 tcontext=u:object_r:bluetooth_prop:s0 tclass=file permissive=0
04-12 09:28:28.629000   554   554 I auditd  : type=1400 audit(0.0:3945): avc:  denied  { read } for  comm="logd.writer" name="u:object_r:bluetooth_prop:s0" dev="tmpfs" ino=173 scontext=u:r:logd:s0 tcontext=u:object_r:bluetooth_prop:s0 tclass=file permissive=0
04-12 09:28:28.637000   554   554 I auditd  : type=1400 audit(0.0:3946): avc:  denied  { read } for  comm="logd.writer" name="u:object_r:bluetooth_prop:s0" dev="tmpfs" ino=173 scontext=u:r:logd:s0 tcontext=u:object_r:bluetooth_prop:s0 tclass=file permissive=0
04-12 09:34:50.307000   554   554 I auditd  : type=1400 audit(0.0:3947): avc:  denied  { read } for  comm="logd.writer" name="u:object_r:bluetooth_prop:s0" dev="tmpfs" ino=173 scontext=u:r:logd:s0 tcontext=u:object_r:bluetooth_prop:s0 tclass=file permissive=0
04-12 09:34:50.315000   554   554 I auditd  : type=1400 audit(0.0:3948): avc:  denied  { read } for  comm="logd.writer" name="u:object_r:bluetooth_prop:s0" dev="tmpfs" ino=173 scontext=u:r:logd:s0 tcontext=u:object_r:bluetooth_prop:s0 tclass=file permissive=0
04-12 09:34:50.323000   554   554 I auditd  : type=1400 audit(0.0:3949): avc:  denied  { read } for  comm="logd.writer" name="u:object_r:bluetooth_prop:s0" dev="tmpfs" ino=173 scontext=u:r:logd:s0 tcontext=u:object_r:bluetooth_prop:s0 tclass=file permissive=0
04-12 09:34:50.514096 31528 31860 I c2dm    : [-1,,3,2]
04-12 09:38:28.633000   554   554 I auditd  : type=1400 audit(0.0:3950): avc:  denied  { read } for  comm="logd.writer" name="u:object_r:bluetooth_prop:s0" dev="tmpfs" ino=173 scontext=u:r:logd:s0 tcontext=u:object_r:bluetooth_prop:s0 tclass=file permissive=0
04-12 09:38:28.641000   554   554 I auditd  : type=1400 audit(0.0:3951): avc:  denied  { read } for  comm="logd.writer" name="u:object_r:bluetooth_prop:s0" dev="tmpfs" ino=173 scontext=u:r:logd:s0 tcontext=u:object_r:bluetooth_prop:s0 tclass=file permissive=0
04-12 09:44:41.361000   554   554 I auditd  : type=1400 audit(0.0:3952): avc:  denied  { read } for  comm="logd.writer" name="u:object_r:bluetooth_prop:s0" dev="tmpfs" ino=173 scontext=u:r:logd:s0 tcontext=u:object_r:bluetooth_prop:s0 tclass=file permissive=0
04-12 09:44:41.369000   554   554 I auditd  : type=1400 audit(0.0:3953): avc:  denied  { read } for  comm="logd.writer" name="u:object_r:bluetooth_prop:s0" dev="tmpfs" ino=173 scontext=u:r:logd:s0 tcontext=u:object_r:bluetooth_prop:s0 tclass=file permissive=0
04-12 09:44:41.377000   554   554 I auditd  : type=1400 audit(0.0:3954): avc:  denied  { read } for  comm="logd.writer" name="u:object_r:bluetooth_prop:s0" dev="tmpfs" ino=173 scontext=u:r:logd:s0 tcontext=u:object_r:bluetooth_prop:s0 tclass=file permissive=0
04-12 09:44:41.581644 31528 31860 I c2dm    : [-1,,4,3]
04-12 09:46:47.050000   554   554 I auditd  : type=1400 audit(0.0:3955): avc:  denied  { read } for  comm="logd.writer" name="u:object_r:bluetooth_prop:s0" dev="tmpfs" ino=173 scontext=u:r:logd:s0 tcontext=u:object_r:bluetooth_prop:s0 tclass=file permissive=0
04-12 09:46:47.058000   554   554 I auditd  : type=1400 audit(0.0:3956): avc:  denied  { read } for  comm="logd.writer" name="u:object_r:bluetooth_prop:s0" dev="tmpfs" ino=173 scontext=u:r:logd:s0 tcontext=u:object_r:bluetooth_prop:s0 tclass=file permissive=0
04-12 09:47:41.625758   558   558 I auditd  : avc:  denied  { find } for pid=4008 uid=1072 name=vendor.transsion.hardware.aegis.IAegisService/default scontext=u:r:gpuservice:s0 tcontext=u:object_r:default_android_service:s0 tclass=service_manager permissive=0
04-12 09:47:41.674266  1730  1916 I am_wtf  : [0,1730,system_server,-1,ActivityManager,Sending non-protected broadcast com.transsion.appservices.sru.alarm.ACTION from system uid 1000 pkg android]
04-12 09:47:41.686670  1730  2882 I netstats_mobile_sample: [0,0,0,0,0,0,0,0,1775958462682]
04-12 09:47:41.686774  1730  2882 I netstats_wifi_sample: [555231763,51826833,482016,127519,554585236,50965146,480533,123931,1775958462682]
04-12 09:47:41.691071  1730  2186 I netstats_mobile_sample: [0,0,0,0,0,0,0,0,1775958462687]
04-12 09:47:41.691180  1730  2186 I netstats_wifi_sample: [555231763,51826833,482016,127519,554585236,50965146,480533,123931,1775958462687]
04-12 09:47:41.698788  1730  2882 I am_uid_active: 10117
04-12 09:47:41.712634  1730  1917 I am_proc_start: [0,6898,1000,com.transsion.sru,service,{com.transsion.sru/com.transsion.sru.service.SRUService},caller=system/1000]
04-12 09:47:41.729485  1730  4344 I am_proc_bound: [0,6898,com.transsion.sru]
04-12 09:47:41.729000  6898  6898 I auditd  : type=1400 audit(0.0:3957): avc:  denied  { read write } for  comm="re-initialized>" name="ensignal" dev="tmpfs" ino=2080 scontext=u:r:system_app:s0 tcontext=u:object_r:ensignal_device:s0 tclass=chr_file permissive=0
04-12 09:47:41.729000  6898  6898 I auditd  : type=1400 audit(0.0:3958): avc:  denied  { read write } for  comm="re-initialized>" name="ensignal" dev="tmpfs" ino=2080 scontext=u:r:system_app:s0 tcontext=u:object_r:ensignal_device:s0 tclass=chr_file permissive=0
04-12 09:47:41.745000  6898  6898 I auditd  : type=1400 audit(0.0:3959): avc:  denied  { map } for  comm="m.transsion.sru" path="/dev/__properties__/u:object_r:vendor_irtx_prop:s0" dev="tmpfs" ino=614 scontext=u:r:system_app:s0 tcontext=u:object_r:vendor_irtx_prop:s0 tclass=file permissive=0
04-12 09:47:41.745000  6898  6898 I auditd  : type=1400 audit(0.0:3960): avc:  denied  { read } for  comm="m.transsion.sru" name="u:object_r:qemu_hw_prop:s0" dev="tmpfs" ino=396 scontext=u:r:system_app:s0 tcontext=u:object_r:qemu_hw_prop:s0 tclass=file permissive=0
04-12 09:47:41.794263  1730  4344 I am_proc_died: [0,6898,com.transsion.sru,0,6]
04-12 09:47:41.924675  1730  2061 I commit_sys_config_file: [settings-0-0,6]
04-12 09:47:41.998214  1730  2065 I am_freeze: [19718,com.android.DeviceAsWebcam]
04-12 09:54:32.119000   554   554 I auditd  : type=1400 audit(0.0:3961): avc:  denied  { read } for  comm="logd.writer" name="u:object_r:bluetooth_prop:s0" dev="tmpfs" ino=173 scontext=u:r:logd:s0 tcontext=u:object_r:bluetooth_prop:s0 tclass=file permissive=0
04-12 09:54:32.127000   554   554 I auditd  : type=1400 audit(0.0:3962): avc:  denied  { read } for  comm="logd.writer" name="u:object_r:bluetooth_prop:s0" dev="tmpfs" ino=173 scontext=u:r:logd:s0 tcontext=u:object_r:bluetooth_prop:s0 tclass=file permissive=0
04-12 09:54:32.135000   554   554 I auditd  : type=1400 audit(0.0:3963): avc:  denied  { read } for  comm="logd.writer" name="u:object_r:bluetooth_prop:s0" dev="tmpfs" ino=173 scontext=u:r:logd:s0 tcontext=u:object_r:bluetooth_prop:s0 tclass=file permissive=0
04-12 09:54:32.147000   554   554 I auditd  : type=1400 audit(0.0:3964): avc:  denied  { read } for  comm="logd.writer" name="u:object_r:bluetooth_prop:s0" dev="tmpfs" ino=173 scontext=u:r:logd:s0 tcontext=u:object_r:bluetooth_prop:s0 tclass=file permissive=0
04-12 09:54:32.326330 31528 31860 I c2dm    : [-1,,5,4]
04-12 09:58:21.673335  1730  2065 I am_unfreeze: [19718,com.android.DeviceAsWebcam,10]
04-12 10:01:30.667892  1730  1916 I am_wtf  : [0,1730,system_server,-1,ActivityManager,Sending non-protected broadcast com.example.ACTION_ACQUIRE_POWER_DATA from system uid 1000 pkg android]
04-12 10:04:23.178000   554   554 I auditd  : type=1400 audit(0.0:3965): avc:  denied  { read } for  comm="logd.writer" name="u:object_r:bluetooth_prop:s0" dev="tmpfs" ino=173 scontext=u:r:logd:s0 tcontext=u:object_r:bluetooth_prop:s0 tclass=file permissive=0
04-12 10:04:23.186000   554   554 I auditd  : type=1400 audit(0.0:3966): avc:  denied  { read } for  comm="logd.writer" name="u:object_r:bluetooth_prop:s0" dev="tmpfs" ino=173 scontext=u:r:logd:s0 tcontext=u:object_r:bluetooth_prop:s0 tclass=file permissive=0
04-12 10:04:23.194000   554   554 I auditd  : type=1400 audit(0.0:3967): avc:  denied  { read } for  comm="logd.writer" name="u:object_r:bluetooth_prop:s0" dev="tmpfs" ino=173 scontext=u:r:logd:s0 tcontext=u:object_r:bluetooth_prop:s0 tclass=file permissive=0
04-12 10:04:23.202000   554   554 I auditd  : type=1400 audit(0.0:3968): avc:  denied  { read } for  comm="logd.writer" name="u:object_r:bluetooth_prop:s0" dev="tmpfs" ino=173 scontext=u:r:logd:s0 tcontext=u:object_r:bluetooth_prop:s0 tclass=file permissive=0
04-12 10:04:23.391997 31528  6851 I c2dm    : [-1,,6,5]
04-12 10:04:25.337611  1730  2959 I am_uid_active: 10112
04-12 10:07:51.388003  1730  1878 I dvm_lock_sample: [system_server,0,watchdog.monitor,21,ActivityManagerService.java,17678,void com.android.server.am.ActivityManagerService.monitor(),BroadcastQueueImpl.java,495,void com.android.server.am.BroadcastQueueImpl.updateRunningList(),4]
04-12 10:07:53.475118   558   558 I auditd  : avc:  denied  { find } for pid=657 uid=0 name=vendor.transsion.hardware.aegis.IAegisService/default scontext=u:r:dumpstate:s0 tcontext=u:object_r:default_android_service:s0 tclass=service_manager permissive=0
04-12 10:14:14.343000   554   554 I auditd  : type=1400 audit(0.0:3969): avc:  denied  { read } for  comm="logd.writer" name="u:object_r:bluetooth_prop:s0" dev="tmpfs" ino=173 scontext=u:r:logd:s0 tcontext=u:object_r:bluetooth_prop:s0 tclass=file permissive=0
04-12 10:14:14.343000   554   554 I auditd  : type=1400 audit(0.0:3970): avc:  denied  { read } for  comm="logd.writer" name="u:object_r:bluetooth_prop:s0" dev="tmpfs" ino=173 scontext=u:r:logd:s0 tcontext=u:object_r:bluetooth_prop:s0 tclass=file permissive=0
04-12 10:14:14.351000   554   554 I auditd  : type=1400 audit(0.0:3971): avc:  denied  { read } for  comm="logd.writer" name="u:object_r:bluetooth_prop:s0" dev="tmpfs" ino=173 scontext=u:r:logd:s0 tcontext=u:object_r:bluetooth_prop:s0 tclass=file permissive=0
04-12 10:14:14.355000   554   554 I auditd  : type=1400 audit(0.0:3972): avc:  denied  { read } for  comm="logd.writer" name="u:object_r:bluetooth_prop:s0" dev="tmpfs" ino=173 scontext=u:r:logd:s0 tcontext=u:object_r:bluetooth_prop:s0 tclass=file permissive=0
04-12 10:14:14.359000   554   554 I auditd  : type=1400 audit(0.0:3973): avc:  denied  { read } for  comm="logd.writer" name="u:object_r:bluetooth_prop:s0" dev="tmpfs" ino=173 scontext=u:r:logd:s0 tcontext=u:object_r:bluetooth_prop:s0 tclass=file permissive=0
04-12 10:14:14.563853 31528 31860 I c2dm    : [-1,,7,6]
04-12 10:14:15.114060  1730  2065 I am_freeze: [19718,com.android.DeviceAsWebcam]
04-12 10:17:40.682505  1730  1730 I dvm_lock_sample: [system_server,0,main,30,AlarmManagerService.java,5446,void com.android.server.alarm.AlarmManagerService$DeliveryTracker.alarmComplete(android.os.IBinder),-,4770,void com.android.server.alarm.AlarmManagerService$AlarmThread.run(),6]
04-12 10:17:40.687739  1730  2186 I netstats_mobile_sample: [0,0,0,0,0,0,0,0,1775960261684]
04-12 10:17:40.688001  1730  2186 I netstats_wifi_sample: [555259358,51871486,482123,127680,554612779,50997067,480639,124049,1775960261684]
04-12 10:24:05.103000   554   554 I auditd  : type=1400 audit(0.0:3974): avc:  denied  { read } for  comm="logd.writer" name="u:object_r:bluetooth_prop:s0" dev="tmpfs" ino=173 scontext=u:r:logd:s0 tcontext=u:object_r:bluetooth_prop:s0 tclass=file permissive=0
04-12 10:24:05.115000   554   554 I auditd  : type=1400 audit(0.0:3975): avc:  denied  { read } for  comm="logd.writer" name="u:object_r:bluetooth_prop:s0" dev="tmpfs" ino=173 scontext=u:r:logd:s0 tcontext=u:object_r:bluetooth_prop:s0 tclass=file permissive=0
04-12 10:24:05.123000   554   554 I auditd  : type=1400 audit(0.0:3976): avc:  denied  { read } for  comm="logd.writer" name="u:object_r:bluetooth_prop:s0" dev="tmpfs" ino=173 scontext=u:r:logd:s0 tcontext=u:object_r:bluetooth_prop:s0 tclass=file permissive=0
04-12 10:24:05.123000   554   554 I auditd  : type=1400 audit(0.0:3977): avc:  denied  { read } for  comm="logd.writer" name="u:object_r:bluetooth_prop:s0" dev="tmpfs" ino=173 scontext=u:r:logd:s0 tcontext=u:object_r:bluetooth_prop:s0 tclass=file permissive=0
04-12 10:24:05.306378 31528 31860 I c2dm    : [-1,,8,7]
04-12 10:25:07.629000   554   554 I auditd  : type=1400 audit(0.0:3978): avc:  denied  { read } for  comm="logd.writer" name="u:object_r:bluetooth_prop:s0" dev="tmpfs" ino=173 scontext=u:r:logd:s0 tcontext=u:object_r:bluetooth_prop:s0 tclass=file permissive=0
04-12 10:33:56.264000   554   554 I auditd  : type=1400 audit(0.0:3979): avc:  denied  { read } for  comm="logd.writer" name="u:object_r:bluetooth_prop:s0" dev="tmpfs" ino=173 scontext=u:r:logd:s0 tcontext=u:object_r:bluetooth_prop:s0 tclass=file permissive=0
04-12 10:33:56.272000   554   554 I auditd  : type=1400 audit(0.0:3980): avc:  denied  { read } for  comm="logd.writer" name="u:object_r:bluetooth_prop:s0" dev="tmpfs" ino=173 scontext=u:r:logd:s0 tcontext=u:object_r:bluetooth_prop:s0 tclass=file permissive=0
04-12 10:33:56.280000   554   554 I auditd  : type=1400 audit(0.0:3981): avc:  denied  { read } for  comm="logd.writer" name="u:object_r:bluetooth_prop:s0" dev="tmpfs" ino=173 scontext=u:r:logd:s0 tcontext=u:object_r:bluetooth_prop:s0 tclass=file permissive=0
04-12 10:33:56.288000   554   554 I auditd  : type=1400 audit(0.0:3982): avc:  denied  { read } for  comm="logd.writer" name="u:object_r:bluetooth_prop:s0" dev="tmpfs" ino=173 scontext=u:r:logd:s0 tcontext=u:object_r:bluetooth_prop:s0 tclass=file permissive=0
04-12 10:33:56.473102 31528  6968 I c2dm    : [-1,,9,8]
04-12 10:43:47.332000   554   554 I auditd  : type=1400 audit(0.0:3983): avc:  denied  { read } for  comm="logd.writer" name="u:object_r:bluetooth_prop:s0" dev="tmpfs" ino=173 scontext=u:r:logd:s0 tcontext=u:object_r:bluetooth_prop:s0 tclass=file permissive=0
04-12 10:43:47.344000   554   554 I auditd  : type=1400 audit(0.0:3984): avc:  denied  { read } for  comm="logd.writer" name="u:object_r:bluetooth_prop:s0" dev="tmpfs" ino=173 scontext=u:r:logd:s0 tcontext=u:object_r:bluetooth_prop:s0 tclass=file permissive=0
04-12 10:43:47.348000   554   554 I auditd  : type=1400 audit(0.0:3985): avc:  denied  { read } for  comm="logd.writer" name="u:object_r:bluetooth_prop:s0" dev="tmpfs" ino=173 scontext=u:r:logd:s0 tcontext=u:object_r:bluetooth_prop:s0 tclass=file permissive=0
04-12 10:43:47.348000   554   554 I auditd  : type=1400 audit(0.0:3986): avc:  denied  { read } for  comm="logd.writer" name="u:object_r:bluetooth_prop:s0" dev="tmpfs" ino=173 scontext=u:r:logd:s0 tcontext=u:object_r:bluetooth_prop:s0 tclass=file permissive=0
04-12 10:43:47.542792 31528  6968 I c2dm    : [-1,,10,9]
04-12 10:47:41.696167  1730  2186 I netstats_mobile_sample: [0,0,0,0,0,0,0,0,1775962062692]
04-12 10:47:41.696290  1730  2186 I netstats_wifi_sample: [555265436,51879227,482149,127720,554618857,51002954,480665,124081,1775962062692]
04-12 10:47:41.717000  1359  1359 I auditd  : type=1400 audit(0.0:3987): avc:  denied  { read } for  comm="mnld" name="u:object_r:default_prop:s0" dev="tmpfs" ino=238 scontext=u:r:mnld:s0 tcontext=u:object_r:default_prop:s0 tclass=file permissive=0
