04-12 15:57:56.639000   554   554 I auditd  : type=1400 audit(0.0:4179): avc:  denied  { read } for  comm="logd.writer" name="u:object_r:bluetooth_prop:s0" dev="tmpfs" ino=173 scontext=u:r:logd:s0 tcontext=u:object_r:bluetooth_prop:s0 tclass=file permissive=0
04-12 15:57:56.647000   554   554 I auditd  : type=1400 audit(0.0:4180): avc:  denied  { read } for  comm="logd.writer" name="u:object_r:bluetooth_prop:s0" dev="tmpfs" ino=173 scontext=u:r:logd:s0 tcontext=u:object_r:bluetooth_prop:s0 tclass=file permissive=0
04-12 15:57:56.655000   554   554 I auditd  : type=1400 audit(0.0:4181): avc:  denied  { read } for  comm="logd.writer" name="u:object_r:bluetooth_prop:s0" dev="tmpfs" ino=173 scontext=u:r:logd:s0 tcontext=u:object_r:bluetooth_prop:s0 tclass=file permissive=0
04-12 15:57:56.677266  1730  1944 I dvm_lock_sample: [system_server,1,PowerManagerService,38,PowerManagerService.java,4063,void com.android.server.power.PowerManagerService.handleSandman(int),-,1982,void com.android.server.power.PowerManagerService.acquireWakeLockInternal(android.os.IBinder, int, int, java.lang.String, java.lang.String, android.os.WorkSource, java.lang.String, int, int, android.os.IWakeLockCallback),7]
04-12 15:58:23.786239  1730  4327 I am_uid_active: 10112
04-12 15:58:59.827527  1730  1916 I am_cpu  : [1,0,init,28623,0,30]
04-12 15:58:59.827622  1730  1916 I am_cpu  : [15,0,ksoftirqd/0,28624,0,20]
04-12 15:58:59.827627  1730  1916 I am_cpu  : [16,0,rcu_preempt,28624,0,130]
04-12 15:58:59.827631  1730  1916 I am_cpu  : [17,0,rcuog/0,28624,0,200]
04-12 15:58:59.827634  1730  1916 I am_cpu  : [18,0,rcuop/0,28624,0,30]
04-12 15:58:59.827637  1730  1916 I am_cpu  : [20,0,rcu_exp_gp_kthread_worker,28624,0,30]
04-12 15:58:59.827640  1730  1916 I am_cpu  : [22,0,migration/0,28624,0,20]
04-12 15:58:59.827644  1730  1916 I am_cpu  : [27,0,migration/1,28624,0,10]
04-12 15:58:59.827647  1730  1916 I am_cpu  : [28,0,ksoftirqd/1,28624,0,10]
04-12 15:58:59.827652  1730  1916 I am_cpu  : [31,0,rcuop/1,28625,0,10]
04-12 15:58:59.827655  1730  1916 I am_cpu  : [34,0,migration/2,28625,0,10]
04-12 15:58:59.827660  1730  1916 I am_cpu  : [38,0,rcuop/2,28625,0,20]
04-12 15:58:59.827663  1730  1916 I am_cpu  : [41,0,migration/3,28625,0,10]
04-12 15:58:59.827667  1730  1916 I am_cpu  : [45,0,rcuop/3,28625,0,20]
04-12 15:58:59.827670  1730  1916 I am_cpu  : [48,0,migration/4,28625,0,10]
04-12 15:58:59.827673  1730  1916 I am_cpu  : [52,0,rcuog/4,28625,0,90]
04-12 15:58:59.827676  1730  1916 I am_cpu  : [53,0,rcuop/4,28625,0,10]
04-12 15:58:59.827678  1730  1916 I am_cpu  : [60,0,rcuop/5,28626,0,10]
04-12 15:58:59.827682  1730  1916 I am_cpu  : [64,0,ksoftirqd/6,28626,0,10]
04-12 15:58:59.827685  1730  1916 I am_cpu  : [67,0,rcuop/6,28626,0,10]
04-12 15:58:59.827688  1730  1916 I am_cpu  : [74,0,rcuop/7,28626,0,10]
04-12 15:58:59.827691  1730  1916 I am_cpu  : [76,0,kauditd,28626,0,10]
04-12 15:58:59.827694  1730  1916 I am_cpu  : [91,0,kswapd0,28626,0,10]
04-12 15:58:59.827699  1730  1916 I am_cpu  : [172,0,wdtk-5,600106,0,10]
04-12 15:58:59.827703  1730  1916 I am_cpu  : [176,0,irq/34-mtk_tinysys_mbox,28627,0,10]
04-12 15:58:59.827706  1730  1916 I am_cpu  : [204,0,irq/290-rcs_irq,28628,0,70]
04-12 15:58:59.827711  1730  1916 I am_cpu  : [338,0,f2fs_ckpt-259:0,28632,0,10]
04-12 15:58:59.827714  1730  1916 I am_cpu  : [412,0,init,28634,0,10]
04-12 15:58:59.827717  1730  1916 I am_cpu  : [413,0,ueventd,28635,40,0]
04-12 15:58:59.827721  1730  1916 I am_cpu  : [534,1092,prng_seeder,28635,0,10]
04-12 15:58:59.827724  1730  1916 I am_cpu  : [554,1036,logd,28635,80,380]
04-12 15:58:59.827727  1730  1916 I am_cpu  : [555,1069,lmkd,28635,0,30]
04-12 15:58:59.827730  1730  1916 I am_cpu  : [558,1000,servicemanager,28634,10,20]
04-12 15:58:59.827735  1730  1916 I am_cpu  : [561,1000,vndservicemanag,28635,0,10]
04-12 15:58:59.827738  1730  1916 I am_cpu  : [563,2000,sh,28635,0,10]
04-12 15:58:59.827741  1730  1916 I am_cpu  : [581,0,binder:581_2,28635,0,10]
04-12 15:58:59.827745  1730  1916 I am_cpu  : [643,0,aee_aed64_v2,28636,0,30]
04-12 15:58:59.827748  1730  1916 I am_cpu  : [645,0,aee_aedv64_v2,28636,0,20]
04-12 15:58:59.827751  1730  1916 I am_cpu  : [655,1000,android.system.,28637,10,5580]
04-12 15:58:59.827754  1730  1916 I am_cpu  : [657,0,memoryleak_dete,28637,0,30]
04-12 15:58:59.827758  1730  1916 I am_cpu  : [690,0,f2fs_ckpt-254:79,28638,0,100]
04-12 15:58:59.827762  1730  1916 I am_cpu  : [696,1058,tombstoned,28637,0,10]
04-12 15:58:59.827766  1730  1916 I am_cpu  : [868,0,dlpt_notify_thread,420318,0,10]
04-12 15:58:59.827770  1730  1916 I am_cpu  : [912,0,kbase_pm_poweroff_wait,28638,0,30]
04-12 15:58:59.827773  1730  1916 I am_cpu  : [947,0,conninfra_cored,28639,0,130]
04-12 15:58:59.827777  1730  1916 I am_cpu  : [971,0,transceiver,28639,0,10]
04-12 15:58:59.827780  1730  1916 I am_cpu  : [1008,0,beif_rxd,28640,0,10]
04-12 15:58:59.827784  1730  1916 I am_cpu  : [1011,0,kfps,28640,0,160]
04-12 15:58:59.827787  1730  1916 I am_cpu  : [1040,0,battery_manager_serivce,28640,0,40]
04-12 15:58:59.827790  1730  1916 I am_cpu  : [1062,0,tran_mm_collect,28640,0,10]
04-12 15:58:59.827793  1730  1916 I am_cpu  : [1074,0,binder:1074_3,28640,20,220]
04-12 15:58:59.827796  1730  1916 I am_cpu  : [1076,1066,binder:1076_2,28640,50,60]
04-12 15:58:59.827799  1730  1916 I am_cpu  : [1077,0,iptables-restor,28640,0,50]
04-12 15:58:59.827803  1730  1916 I am_cpu  : [1078,0,ip6tables-resto,28640,10,40]
04-12 15:58:59.827806  1730  1916 I am_cpu  : [1080,0,main,28640,0,30]
04-12 15:58:59.827809  1730  1916 I am_cpu  : [1089,1041,binder:1089_2,28640,10,40]
04-12 15:58:59.827812  1730  1916 I am_cpu  : [1090,1002,android.hardwar,28640,0,40]
04-12 15:58:59.827815  1730  1916 I am_cpu  : [1092,1000,binder:1092_2,28640,0,10]
04-12 15:58:59.827818  1730  1916 I am_cpu  : [1094,1000,composer@3.3-se,28640,0,20]
04-12 15:58:59.827821  1730  1916 I am_cpu  : [1100,1000,android.hardwar,28640,0,40]
04-12 15:58:59.827824  1730  1916 I am_cpu  : [1102,1068,binder:1102_2,28641,0,20]
04-12 15:58:59.827827  1730  1916 I am_cpu  : [1108,1000,android.hardwar,28641,10,60]
04-12 15:58:59.827830  1730  1916 I am_cpu  : [1114,1000,android.hardwar,28641,20,10]
04-12 15:58:59.827833  1730  1916 I am_cpu  : [1119,1000,android.hardwar,28641,0,40]
04-12 15:58:59.827836  1730  1916 I am_cpu  : [1124,1000,binder:1124_2,28641,0,20]
04-12 15:58:59.827839  1730  1916 I am_cpu  : [1125,1000,vendor.mediatek,28642,0,20]
04-12 15:58:59.827842  1730  1916 I am_cpu  : [1126,1000,android.hardwar,28642,0,10]
04-12 15:58:59.827847  1730  1916 I am_cpu  : [1131,1000,binder:1131_2,28642,10,10]
04-12 15:58:59.827850  1730  1916 I am_cpu  : [1145,0,vendor.mediatek,28641,0,30]
04-12 15:58:59.827853  1730  1916 I am_cpu  : [1189,1027,android.hardwar,28642,0,20]
04-12 15:58:59.827856  1730  1916 I am_cpu  : [1200,1072,binder:1200_2,28642,0,10]
04-12 15:58:59.827859  1730  1916 I am_cpu  : [1204,1000,surfaceflinger,28642,1470,1360]
04-12 15:58:59.827862  1730  1916 I am_cpu  : [1206,0,hiber,28642,0,40]
04-12 15:58:59.827865  1730  1916 I am_cpu  : [1214,1000,ccci_mdinit,28642,0,30]
04-12 15:58:59.827868  1730  1916 I am_cpu  : [1220,1001,ccci_rpcd,28642,0,10]
04-12 15:58:59.827871  1730  1916 I am_cpu  : [1223,1000,mcDriverDaemon,28642,0,20]
04-12 15:58:59.827874  1730  1916 I am_cpu  : [1282,1000,binder:1282_2,28642,0,10]
04-12 15:58:59.827877  1730  1916 I am_cpu  : [1284,1010,wlan_assistant,28642,0,10]
04-12 15:58:59.827880  1730  1916 I am_cpu  : [1298,0,adbd,28643,0,30]
04-12 15:58:59.827883  1730  1916 I am_cpu  : [1300,0,mali-gpuq-kthread,28643,0,640]
04-12 15:58:59.827887  1730  1916 I am_cpu  : [1319,9999,traced_probes,28643,0,20]
04-12 15:58:59.827890  1730  1916 I am_cpu  : [1321,9999,traced,28643,0,20]
04-12 15:58:59.827893  1730  1916 I am_cpu  : [1322,2000,connsyslogger,28643,0,20]
04-12 15:58:59.827896  1730  1916 I am_cpu  : [1343,0,thermal_core,28643,0,40]
04-12 15:58:59.827899  1730  1916 I am_cpu  : [1344,1001,mtkfusionrild,28643,30,210]
04-12 15:58:59.827902  1730  1916 I am_cpu  : [1358,0,binder:1358_2,28644,0,10]
04-12 15:58:59.827905  1730  1916 I am_cpu  : [1359,1021,mnld,28644,10,70]
04-12 15:58:59.827909  1730  1916 I am_cpu  : [1361,1047,binder:1361_2,28644,0,10]
04-12 15:58:59.827912  1730  1916 I am_cpu  : [1375,0,storaged,232976,0,10]
04-12 15:58:59.827915  1730  1916 I am_cpu  : [1399,2000,emdlogger,28643,0,60]
04-12 15:58:59.827917  1730  1916 I am_cpu  : [1401,2000,binder:1401_2,28643,0,40]
04-12 15:58:59.827920  1730  1916 I am_cpu  : [1406,1000,mobile_log_d,28643,60,310]
04-12 15:58:59.827923  1730  1916 I am_cpu  : [1416,1047,binder:1416_2,28644,10,30]
04-12 15:58:59.827926  1730  1916 I am_cpu  : [1419,1000,chg_sence,28644,0,10]
04-12 15:58:59.827929  1730  1916 I am_cpu  : [1420,0,eara_io_service,28644,0,10]
04-12 15:58:59.827933  1730  1916 I am_cpu  : [1423,1000,ipsec_mon,28644,0,10]
04-12 15:58:59.827935  1730  1916 I am_cpu  : [1435,1021,mtk_agpsd,28644,0,10]
04-12 15:58:59.827939  1730  1916 I am_cpu  : [1437,1000,binder:1437_2,28644,0,30]
04-12 15:58:59.827942  1730  1916 I am_cpu  : [1450,1000,binder:1450_2,28644,0,30]
04-12 15:58:59.827945  1730  1916 I am_cpu  : [1478,1000,android.hardwar,28645,0,10]
04-12 15:58:59.827948  1730  1916 I am_cpu  : [1509,1000,binder:1509_2,28645,0,30]
04-12 15:58:59.827952  1730  1916 I am_cpu  : [1730,1000,system_server,28644,1340,2200]
04-12 15:58:59.827955  1730  1916 I am_cpu  : [1791,1000,bip_ap,28645,0,10]
04-12 15:58:59.827958  1730  1916 I am_cpu  : [2033,1053,webview_zygote,28645,0,10]
04-12 15:58:59.827962  1730  1916 I am_cpu  : [2154,1000,n.spacesaversdk,28645,0,20]
04-12 15:58:59.827965  1730  1916 I am_cpu  : [2328,1010,binder:2328_2,28645,10,50]
04-12 15:58:59.827968  1730  1916 I am_cpu  : [2406,10148,ssion.launcher3,28645,60,100]
04-12 15:58:59.827971  1730  1916 I am_cpu  : [2411,10179,ranssion.camera,28645,0,50]
04-12 15:58:59.827975  1730  1916 I am_cpu  : [2536,0,kworker/6:1H-kblockd,28646,0,10]
04-12 15:58:59.827978  1730  1916 I am_cpu  : [2584,1073,rkstack.process,28646,30,60]
04-12 15:58:59.827982  1730  1916 I am_cpu  : [2608,1002,droid.bluetooth,28646,30,120]
04-12 15:58:59.827986  1730  1916 I am_cpu  : [2639,1001,m.android.phone,28646,40,230]
04-12 15:58:59.827989  1730  1916 I am_cpu  : [2659,1001,om.mediatek.ims,28645,0,40]
04-12 15:58:59.827993  1730  1916 I am_cpu  : [2712,1000,on.tranradionet,28645,40,100]
04-12 15:58:59.827996  1730  1916 I am_cpu  : [2727,10146,ndroid.systemui,28645,70,170]
04-12 15:58:59.828000  1730  1916 I am_cpu  : [2764,10199,custompictorial,28645,6680,1980]
04-12 15:58:59.828006  1730  1916 I am_cpu  : [2950,10261,marvin.talkback,28645,0,10]
04-12 15:58:59.828011  1730  1916 I am_cpu  : [3122,1000,ndroid.settings,28645,60,100]
04-12 15:58:59.828015  1730  1916 I am_cpu  : [3153,0,bt_tx_ps,28645,0,50]
04-12 15:58:59.828018  1730  1916 I am_cpu  : [3311,0,main_thread,28645,0,70]
04-12 15:58:59.828021  1730  1916 I am_cpu  : [3329,0,hif_thread,28645,0,610]
04-12 15:58:59.828024  1730  1916 I am_cpu  : [3330,0,rx_thread,28645,0,10]
04-12 15:58:59.828028  1730  1916 I am_cpu  : [3412,1000,ek.simprocessor,28645,0,20]
04-12 15:58:59.828031  1730  1916 I am_cpu  : [3536,10145,ion.atomicbrain,28646,50,70]
04-12 15:58:59.828034  1730  1916 I am_cpu  : [3601,10187,e.android.euicc,28646,0,20]
04-12 15:58:59.828039  1730  1916 I am_cpu  : [3646,10269,id.ext.services,28646,0,10]
04-12 15:58:59.828043  1730  1916 I am_cpu  : [3789,10271,rs.media.module,28646,10,40]
04-12 15:58:59.828047  1730  1916 I am_cpu  : [3853,10214,ogle.android.as,28646,0,20]
04-12 15:58:59.828050  1730  1916 I am_cpu  : [3879,10158,.mobile.service,28646,10,50]
04-12 15:58:59.828053  1730  1916 I am_cpu  : [3901,1027,com.android.nfc,28646,0,20]
04-12 15:58:59.828056  1730  1916 I am_cpu  : [3937,1000,ranvoicecommand,28646,0,10]
04-12 15:58:59.828059  1730  1916 I am_cpu  : [3989,1000,batterywarning,28646,0,10]
04-12 15:58:59.828062  1730  1916 I am_cpu  : [4008,1072,tranebpf,28646,0,10]
04-12 15:58:59.828065  1730  1916 I am_cpu  : [4009,0,frs,28646,0,10]
04-12 15:58:59.828068  1730  1916 I am_cpu  : [4011,1000,storage_feature,28646,0,10]
04-12 15:58:59.828075  1730  1916 I am_cpu  : [4017,0,touch-main-loop,28646,0,10]
04-12 15:58:59.828078  1730  1916 I am_cpu  : [4028,1000,kolun.aiservice,28646,60,130]
04-12 15:58:59.828082  1730  1916 I am_cpu  : [4078,0,usap64,28646,10,20]
04-12 15:58:59.828084  1730  1916 I am_cpu  : [4085,0,kworker/4:0,28646,0,20]
04-12 15:58:59.828087  1730  1916 I am_cpu  : [4087,1000,sion.smartpanel,28646,0,30]
04-12 15:58:59.828090  1730  1916 I am_cpu  : [4157,0,kworker/7:2,28646,0,90]
04-12 15:58:59.828094  1730  1916 I am_cpu  : [4161,10190,eractionservice,28646,0,30]
04-12 15:58:59.828097  1730  1916 I am_cpu  : [4178,10070,d.process.acore,28646,0,10]
04-12 15:58:59.828099  1730  1916 I am_cpu  : [4241,1000,sion.aod:dreams,28646,0,10]
04-12 15:58:59.828104  1730  1916 I am_cpu  : [4345,10169,tech.palm.id,28646,10,20]
04-12 15:58:59.828107  1730  1916 I am_cpu  : [4401,1000,m.transsion.aod,28646,0,20]
04-12 15:58:59.828110  1730  1916 I am_cpu  : [4403,0,kworker/1:0-mm_percpu_wq,28646,0,40]
04-12 15:58:59.828113  1730  1916 I am_cpu  : [4410,10190,ivoiceassistant,28646,0,50]
04-12 15:58:59.828116  1730  1916 I am_cpu  : [4586,10172,.screenrecorder,28646,0,10]
04-12 15:58:59.828119  1730  1916 I am_cpu  : [4594,1000,sion.batterylab,28646,0,10]
04-12 15:58:59.828123  1730  1916 I am_cpu  : [4640,10117,icore.nexusflow,28646,10,60]
04-12 15:58:59.828126  1730  1916 I am_cpu  : [4694,10142,tech.palm.find,28646,0,20]
04-12 15:58:59.828129  1730  1916 I am_cpu  : [4910,10226,id.apps.restore,28646,10,10]
04-12 15:58:59.828132  1730  1916 I am_cpu  : [5010,1000,sion.iotservice,28646,100,180]
04-12 15:58:59.828135  1730  1916 I am_cpu  : [5137,10246,ogle.android.gm,28646,0,40]
04-12 15:58:59.828138  1730  1916 I am_cpu  : [5267,1000,ranssion.zahooc,28646,0,30]
04-12 15:58:59.828142  1730  1916 I am_cpu  : [5401,10178,ssion.deskclock,28646,0,30]
04-12 15:58:59.828146  1730  1916 I am_cpu  : [5617,0,kworker/0:7H-kverityd,28646,0,20]
04-12 15:58:59.828150  1730  1916 I am_cpu  : [5631,0,kworker/5:4H-kblockd,28646,0,10]
04-12 15:58:59.828154  1730  1916 I am_cpu  : [5714,10131,e.android.mosey,28646,0,20]
04-12 15:58:59.828157  1730  1916 I am_cpu  : [6085,10133,pio.securitycom,28646,10,20]
04-12 15:58:59.828160  1730  1916 I am_cpu  : [6332,0,usap64,28646,0,10]
04-12 15:58:59.828163  1730  1916 I am_cpu  : [6378,10215,transsnet.store,28646,0,40]
04-12 15:58:59.828167  1730  1916 I am_cpu  : [6487,10281,android.rkpdapp,28646,10,10]
04-12 15:58:59.828170  1730  1916 I am_cpu  : [6556,10152,.debug.loggerui,28647,0,50]
04-12 15:58:59.828173  1730  1916 I am_cpu  : [6697,0,kworker/u16:0-events_unbound,28647,0,70]
04-12 15:58:59.828176  1730  1916 I am_cpu  : [6699,0,kworker/u16:3-events_unbound,28647,0,100]
04-12 15:58:59.828179  1730  1916 I am_cpu  : [6700,0,kworker/u16:4-events_unbound,28646,0,130]
04-12 15:58:59.828183  1730  1916 I am_cpu  : [6701,0,kworker/u16:6-events_unbound,28646,0,160]
04-12 15:58:59.828186  1730  1916 I am_cpu  : [6702,0,kworker/u16:7-events_unbound,28646,0,60]
04-12 15:58:59.828189  1730  1916 I am_cpu  : [6703,0,kworker/u16:8-events_unbound,28646,0,70]
04-12 15:58:59.828192  1730  1916 I am_cpu  : [6704,0,kworker/6:2-pm,28646,0,20]
04-12 15:58:59.828195  1730  1916 I am_cpu  : [6706,0,kworker/u16:10-ged_fence,28646,0,110]
04-12 15:58:59.828198  1730  1916 I am_cpu  : [6716,10112,ion.aicore.main,28646,0,20]
04-12 15:58:59.828201  1730  1916 I am_cpu  : [6858,0,kworker/u16:13-events_unbound,28646,0,110]
04-12 15:58:59.828204  1730  1916 I am_cpu  : [6866,0,kworker/0:0-events,28647,0,160]
04-12 15:58:59.828210  1730  1916 I am_cpu  : [7073,0,kworker/u17:2-ufs_clk_gating_0,28647,0,70]
04-12 15:58:59.828213  1730  1916 I am_cpu  : [7192,0,kworker/5:3-events,28647,0,30]
04-12 15:58:59.828216  1730  1916 I am_cpu  : [7211,10229,oid.setupwizard,28647,0,10]
04-12 15:58:59.828220  1730  1916 I am_cpu  : [7306,10232,.android.gms.ui,28647,10,60]
04-12 15:58:59.828225  1730  1916 I am_cpu  : [7448,10144,nssion.trancare,28647,200,120]
04-12 15:58:59.828229  1730  1916 I am_cpu  : [7468,10238,.lite.transsion,28647,10,10]
04-12 15:58:59.828232  1730  1916 I am_cpu  : [7656,0,usap64,28647,40,140]
04-12 15:58:59.828235  1730  1916 I am_cpu  : [7825,10264,.adservices.api,28647,10,0]
04-12 15:58:59.828239  1730  1916 I am_cpu  : [7947,10129,ion.cloudserver,28646,190,190]
04-12 15:58:59.828242  1730  1916 I am_cpu  : [7953,10135,ion.phonemaster,28646,0,30]
04-12 15:58:59.828246  1730  1916 I am_cpu  : [8131,10208,izedService.xos,28646,10,40]
04-12 15:58:59.828249  1730  1916 I am_cpu  : [8337,0,kworker/2:0-kdmflush/254:79,28646,0,20]
04-12 15:58:59.828251  1730  1916 I am_cpu  : [8345,0,kworker/u16:14-ged_fence,28646,0,140]
04-12 15:58:59.828255  1730  1916 I am_cpu  : [9099,0,usap64,28646,10,20]
04-12 15:58:59.828258  1730  1916 I am_cpu  : [9433,0,osi,28646,0,10]
04-12 15:58:59.828261  1730  1916 I am_cpu  : [9438,0,osi_bin,28646,0,20]
04-12 15:58:59.828265  1730  1916 I am_cpu  : [9755,1000,sion.tranengine,28646,10,30]
04-12 15:58:59.828268  1730  1916 I am_cpu  : [9923,10126,at.appupdate.ui,28646,0,10]
04-12 15:58:59.828272  1730  1916 I am_cpu  : [10379,0,usap64,28646,10,30]
04-12 15:58:59.828276  1730  1916 I am_cpu  : [13150,1000,on.phonemanager,28646,0,20]
04-12 15:58:59.828279  1730  1916 I am_cpu  : [14936,1000,ssion.letswitch,28647,0,20]
04-12 15:58:59.828283  1730  1916 I am_cpu  : [15106,10082,viders.calendar,28647,0,10]
04-12 15:58:59.828313  1730  1916 I am_cpu  : [16565,10175,sion.atomiccore,28647,0,30]
04-12 15:58:59.828318  1730  1916 I am_cpu  : [17346,10167,a.questionnaire,28647,10,20]
04-12 15:58:59.828322  1730  1916 I am_cpu  : [17358,10169,h.palm.id:cloud,28647,0,10]
04-12 15:58:59.828326  1730  1916 I am_cpu  : [18460,1000,n.settings.wifi,28647,0,50]
04-12 15:58:59.828330  1730  1916 I am_cpu  : [19116,10132,on.globalsearch,28647,0,30]
04-12 15:58:59.828334  1730  1916 I am_cpu  : [19133,10125,anssion.applock,28647,0,20]
04-12 15:58:59.828337  1730  1916 I am_cpu  : [19258,10173,gs.intelligence,28647,0,10]
04-12 15:58:59.828340  1730  1916 I am_cpu  : [19402,10099,id.printspooler,28647,0,10]
04-12 15:58:59.828344  1730  1916 I am_cpu  : [19423,10194,ion.airtransfer,28646,10,30]
04-12 15:58:59.828347  1730  1916 I am_cpu  : [19631,10166,om.transsion.sk,28646,10,20]
04-12 15:58:59.828351  1730  1916 I am_cpu  : [19757,10075,d.process.media,28646,0,10]
04-12 15:58:59.828356  1730  1916 I am_cpu  : [20377,1000,.batterywarning,28646,10,10]
04-12 15:58:59.828359  1730  1916 I am_cpu  : [20467,1000,m.transsion.usf,28646,140,370]
04-12 15:58:59.828362  1730  1916 I am_cpu  : [21193,0,kworker/u16:1-events_unbound,28646,0,60]
04-12 15:58:59.828365  1730  1916 I am_cpu  : [22314,0,kworker/4:1-pm,28646,0,30]
04-12 15:58:59.828369  1730  1916 I am_cpu  : [24232,99003,ocessService0:1,28646,0,20]
04-12 15:58:59.828374  1730  1916 I am_cpu  : [24435,0,kworker/4:2H-kverityd,28646,0,20]
04-12 15:58:59.828377  1730  1916 I am_cpu  : [24471,0,kworker/3:3H-ipi_comm,28646,0,20]
04-12 15:58:59.828380  1730  1916 I am_cpu  : [24890,10211,.google.ar.core,28646,0,10]
04-12 15:58:59.828383  1730  1916 I am_cpu  : [25322,1000,on.systemupdate,28646,10,10]
04-12 15:58:59.828386  1730  1916 I am_cpu  : [27600,0,kworker/u16:11-events_unbound,28646,0,100]
04-12 15:58:59.828390  1730  1916 I am_cpu  : [27602,0,kworker/u16:12-events_unbound,28646,0,130]
04-12 15:58:59.828393  1730  1916 I am_cpu  : [27916,0,kworker/7:1-events,28646,0,70]
04-12 15:58:59.828396  1730  1916 I am_cpu  : [27978,0,kworker/1:0H-kblockd,28646,0,20]
04-12 15:58:59.828399  1730  1916 I am_cpu  : [29434,0,kworker/3:0,28646,0,30]
04-12 15:58:59.828402  1730  1916 I am_cpu  : [29642,0,kworker/2:4H-kverityd,28646,0,20]
04-12 15:58:59.828406  1730  1916 I am_cpu  : [30026,10232,gle.android.gms,28646,10,40]
04-12 15:58:59.828409  1730  1916 I am_cpu  : [31528,10232,.gms.persistent,28647,90,130]
04-12 15:58:59.828413  1730  1916 I am_cpu  : [31711,1010,wpa_supplicant,28647,0,10]
04-12 15:58:59.828417  1730  1916 I am_cpu  : [32163,0,kworker/5:0,28647,0,10]
04-12 15:58:59.828419  1730  1916 I am_cpu  : [32190,0,kworker/2:1,672169,0,10]
04-12 15:59:19.263000   554   554 I auditd  : type=1400 audit(0.0:4182): avc:  denied  { read } for  comm="logd.writer" name="u:object_r:bluetooth_prop:s0" dev="tmpfs" ino=173 scontext=u:r:logd:s0 tcontext=u:object_r:bluetooth_prop:s0 tclass=file permissive=0
04-12 15:59:19.271000   554   554 I auditd  : type=1400 audit(0.0:4183): avc:  denied  { read } for  comm="logd.writer" name="u:object_r:bluetooth_prop:s0" dev="tmpfs" ino=173 scontext=u:r:logd:s0 tcontext=u:object_r:bluetooth_prop:s0 tclass=file permissive=0
04-12 15:59:59.992494  1730  2065 I am_freeze: [19718,com.android.DeviceAsWebcam]
04-12 16:00:00.030898  1730  2065 I am_unfreeze: [19718,com.android.DeviceAsWebcam,10]
04-12 16:00:00.333970  1730  4327 I am_uid_stopped: 10233
04-12 16:00:00.335898  1730  4327 I am_proc_died: [0,3670,com.google.android.googlequicksearchbox:search,905,19]
04-12 16:00:00.337255  1730  4368 I am_uid_stopped: 10230
04-12 16:00:00.341786  1730  4368 I am_proc_died: [0,5545,com.google.android.apps.wellbeing,925,19]
04-12 16:00:55.288230  1730  2065 I am_unfreeze: [15516,com.google.android.setupwizard:remote,3]
04-12 16:01:04.508811   558   558 I auditd  : avc:  denied  { find } for pid=4008 uid=1072 name=vendor.transsion.hardware.aegis.IAegisService/default scontext=u:r:gpuservice:s0 tcontext=u:object_r:default_android_service:s0 tclass=service_manager permissive=0
04-12 16:01:30.030394  1730  1916 I am_wtf  : [0,1730,system_server,-1,ActivityManager,Sending non-protected broadcast com.example.ACTION_ACQUIRE_POWER_DATA from system uid 1000 pkg android]
04-12 16:01:36.636163 31528  8271 I c2dm    : [-1,,21,20]
04-12 16:01:59.942078  1730  2065 I am_freeze: [15516,com.google.android.setupwizard:remote]
04-12 16:08:28.629000   554   554 I auditd  : type=1400 audit(0.0:4184): avc:  denied  { read } for  comm="logd.writer" name="u:object_r:bluetooth_prop:s0" dev="tmpfs" ino=173 scontext=u:r:logd:s0 tcontext=u:object_r:bluetooth_prop:s0 tclass=file permissive=0
04-12 16:08:28.629000   554   554 I auditd  : type=1400 audit(0.0:4185): avc:  denied  { read } for  comm="logd.writer" name="u:object_r:bluetooth_prop:s0" dev="tmpfs" ino=173 scontext=u:r:logd:s0 tcontext=u:object_r:bluetooth_prop:s0 tclass=file permissive=0
04-12 16:08:28.641000   554   554 I auditd  : type=1400 audit(0.0:4186): avc:  denied  { read } for  comm="logd.writer" name="u:object_r:bluetooth_prop:s0" dev="tmpfs" ino=173 scontext=u:r:logd:s0 tcontext=u:object_r:bluetooth_prop:s0 tclass=file permissive=0
04-12 16:08:28.649000   554   554 I auditd  : type=1400 audit(0.0:4187): avc:  denied  { read } for  comm="logd.writer" name="u:object_r:bluetooth_prop:s0" dev="tmpfs" ino=173 scontext=u:r:logd:s0 tcontext=u:object_r:bluetooth_prop:s0 tclass=file permissive=0
04-12 16:08:28.661000   554   554 I auditd  : type=1400 audit(0.0:4188): avc:  denied  { read } for  comm="logd.writer" name="u:object_r:bluetooth_prop:s0" dev="tmpfs" ino=173 scontext=u:r:logd:s0 tcontext=u:object_r:bluetooth_prop:s0 tclass=file permissive=0
04-12 16:11:27.076670 31528  8457 I c2dm    : [-1,,22,21]
04-12 16:11:27.741874  1730  2065 I am_freeze: [19718,com.android.DeviceAsWebcam]
04-12 16:17:40.633000   554   554 I auditd  : type=1400 audit(0.0:4189): avc:  denied  { read } for  comm="logd.writer" name="u:object_r:bluetooth_prop:s0" dev="tmpfs" ino=173 scontext=u:r:logd:s0 tcontext=u:object_r:bluetooth_prop:s0 tclass=file permissive=0
04-12 16:17:40.645000   554   554 I auditd  : type=1400 audit(0.0:4190): avc:  denied  { read } for  comm="logd.writer" name="u:object_r:bluetooth_prop:s0" dev="tmpfs" ino=173 scontext=u:r:logd:s0 tcontext=u:object_r:bluetooth_prop:s0 tclass=file permissive=0
04-12 16:17:40.649000   554   554 I auditd  : type=1400 audit(0.0:4191): avc:  denied  { read } for  comm="logd.writer" name="u:object_r:bluetooth_prop:s0" dev="tmpfs" ino=173 scontext=u:r:logd:s0 tcontext=u:object_r:bluetooth_prop:s0 tclass=file permissive=0
04-12 16:17:40.653000   554   554 I auditd  : type=1400 audit(0.0:4192): avc:  denied  { read } for  comm="logd.writer" name="u:object_r:bluetooth_prop:s0" dev="tmpfs" ino=173 scontext=u:r:logd:s0 tcontext=u:object_r:bluetooth_prop:s0 tclass=file permissive=0
04-12 16:17:40.684966  1730  2186 I netstats_mobile_sample: [0,0,0,0,0,0,0,0,1775981861681]
04-12 16:17:40.685252  1730  2186 I netstats_wifi_sample: [556876422,52659197,485132,130913,556224221,51704313,483607,127008,1775981861681]
04-12 16:21:17.730870 31528  8457 I c2dm    : [-1,,23,22]
04-12 16:21:18.254199  1730  1916 I am_uid_idle: 10117
04-12 16:21:18.255505  1730  1916 I am_uid_idle: 10112
04-12 16:25:06.633000   554   554 I auditd  : type=1400 audit(0.0:4193): avc:  denied  { read } for  comm="logd.writer" name="u:object_r:bluetooth_prop:s0" dev="tmpfs" ino=173 scontext=u:r:logd:s0 tcontext=u:object_r:bluetooth_prop:s0 tclass=file permissive=0
04-12 16:28:28.633000   554   554 I auditd  : type=1400 audit(0.0:4194): avc:  denied  { read } for  comm="logd.writer" name="u:object_r:bluetooth_prop:s0" dev="tmpfs" ino=173 scontext=u:r:logd:s0 tcontext=u:object_r:bluetooth_prop:s0 tclass=file permissive=0
04-12 16:28:28.641000   554   554 I auditd  : type=1400 audit(0.0:4195): avc:  denied  { read } for  comm="logd.writer" name="u:object_r:bluetooth_prop:s0" dev="tmpfs" ino=173 scontext=u:r:logd:s0 tcontext=u:object_r:bluetooth_prop:s0 tclass=file permissive=0
04-12 16:28:28.649000   554   554 I auditd  : type=1400 audit(0.0:4196): avc:  denied  { read } for  comm="logd.writer" name="u:object_r:bluetooth_prop:s0" dev="tmpfs" ino=173 scontext=u:r:logd:s0 tcontext=u:object_r:bluetooth_prop:s0 tclass=file permissive=0
04-12 16:28:28.653000   554   554 I auditd  : type=1400 audit(0.0:4197): avc:  denied  { read } for  comm="logd.writer" name="u:object_r:bluetooth_prop:s0" dev="tmpfs" ino=173 scontext=u:r:logd:s0 tcontext=u:object_r:bluetooth_prop:s0 tclass=file permissive=0
04-12 16:31:08.688908 31528  8457 I c2dm    : [-1,,24,23]
04-12 16:38:28.629000   554   554 I auditd  : type=1400 audit(0.0:4198): avc:  denied  { read } for  comm="logd.writer" name="u:object_r:bluetooth_prop:s0" dev="tmpfs" ino=173 scontext=u:r:logd:s0 tcontext=u:object_r:bluetooth_prop:s0 tclass=file permissive=0
04-12 16:38:28.641000   554   554 I auditd  : type=1400 audit(0.0:4199): avc:  denied  { read } for  comm="logd.writer" name="u:object_r:bluetooth_prop:s0" dev="tmpfs" ino=173 scontext=u:r:logd:s0 tcontext=u:object_r:bluetooth_prop:s0 tclass=file permissive=0
04-12 16:38:28.645000   554   554 I auditd  : type=1400 audit(0.0:4200): avc:  denied  { read } for  comm="logd.writer" name="u:object_r:bluetooth_prop:s0" dev="tmpfs" ino=173 scontext=u:r:logd:s0 tcontext=u:object_r:bluetooth_prop:s0 tclass=file permissive=0
04-12 16:38:28.649000   554   554 I auditd  : type=1400 audit(0.0:4201): avc:  denied  { read } for  comm="logd.writer" name="u:object_r:bluetooth_prop:s0" dev="tmpfs" ino=173 scontext=u:r:logd:s0 tcontext=u:object_r:bluetooth_prop:s0 tclass=file permissive=0
04-12 16:40:59.659886 31528  8458 I c2dm    : [-1,,25,24]
04-12 16:47:01.099000   554   554 I auditd  : type=1400 audit(0.0:4202): avc:  denied  { read } for  comm="logd.writer" name="u:object_r:bluetooth_prop:s0" dev="tmpfs" ino=173 scontext=u:r:logd:s0 tcontext=u:object_r:bluetooth_prop:s0 tclass=file permissive=0
04-12 16:47:01.111000   554   554 I auditd  : type=1400 audit(0.0:4203): avc:  denied  { read } for  comm="logd.writer" name="u:object_r:bluetooth_prop:s0" dev="tmpfs" ino=173 scontext=u:r:logd:s0 tcontext=u:object_r:bluetooth_prop:s0 tclass=file permissive=0
04-12 16:47:01.119000   554   554 I auditd  : type=1400 audit(0.0:4204): avc:  denied  { read } for  comm="logd.writer" name="u:object_r:bluetooth_prop:s0" dev="tmpfs" ino=173 scontext=u:r:logd:s0 tcontext=u:object_r:bluetooth_prop:s0 tclass=file permissive=0
04-12 16:47:40.641000   554   554 I auditd  : type=1400 audit(0.0:4205): avc:  denied  { read } for  comm="logd.writer" name="u:object_r:bluetooth_prop:s0" dev="tmpfs" ino=173 scontext=u:r:logd:s0 tcontext=u:object_r:bluetooth_prop:s0 tclass=file permissive=0
04-12 16:47:40.649000   554   554 I auditd  : type=1400 audit(0.0:4206): avc:  denied  { read } for  comm="logd.writer" name="u:object_r:bluetooth_prop:s0" dev="tmpfs" ino=173 scontext=u:r:logd:s0 tcontext=u:object_r:bluetooth_prop:s0 tclass=file permissive=0
04-12 16:47:40.695687  1730  2186 I netstats_mobile_sample: [0,0,0,0,0,0,0,0,1775983661692]
04-12 16:47:40.695799  1730  2186 I netstats_wifi_sample: [556877382,52660933,485145,130935,556225181,51705501,483620,127024,1775983661692]
04-12 16:50:50.824048 31528  8458 I c2dm    : [-1,,26,25]
04-12 16:58:27.633000   554   554 I auditd  : type=1400 audit(0.0:4207): avc:  denied  { read } for  comm="logd.writer" name="u:object_r:bluetooth_prop:s0" dev="tmpfs" ino=173 scontext=u:r:logd:s0 tcontext=u:object_r:bluetooth_prop:s0 tclass=file permissive=0
04-12 16:58:27.645000   554   554 I auditd  : type=1400 audit(0.0:4208): avc:  denied  { read } for  comm="logd.writer" name="u:object_r:bluetooth_prop:s0" dev="tmpfs" ino=173 scontext=u:r:logd:s0 tcontext=u:object_r:bluetooth_prop:s0 tclass=file permissive=0
04-12 16:58:27.653000   554   554 I auditd  : type=1400 audit(0.0:4209): avc:  denied  { read } for  comm="logd.writer" name="u:object_r:bluetooth_prop:s0" dev="tmpfs" ino=173 scontext=u:r:logd:s0 tcontext=u:object_r:bluetooth_prop:s0 tclass=file permissive=0
04-12 16:58:27.653000   554   554 I auditd  : type=1400 audit(0.0:4210): avc:  denied  { read } for  comm="logd.writer" name="u:object_r:bluetooth_prop:s0" dev="tmpfs" ino=173 scontext=u:r:logd:s0 tcontext=u:object_r:bluetooth_prop:s0 tclass=file permissive=0
04-12 17:00:01.692642  1730  2065 I am_unfreeze: [19718,com.android.DeviceAsWebcam,10]
04-12 17:00:41.579024 31528  8458 I c2dm    : [-1,,27,26]
04-12 17:01:30.674064  1730  1916 I am_wtf  : [0,1730,system_server,-1,ActivityManager,Sending non-protected broadcast com.example.ACTION_ACQUIRE_POWER_DATA from system uid 1000 pkg android]
04-12 17:08:28.633000   554   554 I auditd  : type=1400 audit(0.0:4211): avc:  denied  { read } for  comm="logd.writer" name="u:object_r:bluetooth_prop:s0" dev="tmpfs" ino=173 scontext=u:r:logd:s0 tcontext=u:object_r:bluetooth_prop:s0 tclass=file permissive=0
04-12 17:08:28.641000   554   554 I auditd  : type=1400 audit(0.0:4212): avc:  denied  { read } for  comm="logd.writer" name="u:object_r:bluetooth_prop:s0" dev="tmpfs" ino=173 scontext=u:r:logd:s0 tcontext=u:object_r:bluetooth_prop:s0 tclass=file permissive=0
04-12 17:08:28.649000   554   554 I auditd  : type=1400 audit(0.0:4213): avc:  denied  { read } for  comm="logd.writer" name="u:object_r:bluetooth_prop:s0" dev="tmpfs" ino=173 scontext=u:r:logd:s0 tcontext=u:object_r:bluetooth_prop:s0 tclass=file permissive=0
04-12 17:08:28.661000   554   554 I auditd  : type=1400 audit(0.0:4214): avc:  denied  { read } for  comm="logd.writer" name="u:object_r:bluetooth_prop:s0" dev="tmpfs" ino=173 scontext=u:r:logd:s0 tcontext=u:object_r:bluetooth_prop:s0 tclass=file permissive=0
04-12 17:08:28.661000   554   554 I auditd  : type=1400 audit(0.0:4215): avc:  denied  { read } for  comm="logd.writer" name="u:object_r:bluetooth_prop:s0" dev="tmpfs" ino=173 scontext=u:r:logd:s0 tcontext=u:object_r:bluetooth_prop:s0 tclass=file permissive=0
04-12 17:10:32.130909 31528  8458 I c2dm    : [-1,,28,27]
04-12 17:17:40.633000   554   554 I auditd  : type=1400 audit(0.0:4216): avc:  denied  { read } for  comm="logd.writer" name="u:object_r:bluetooth_prop:s0" dev="tmpfs" ino=173 scontext=u:r:logd:s0 tcontext=u:object_r:bluetooth_prop:s0 tclass=file permissive=0
04-12 17:17:40.653000   554   554 I auditd  : type=1400 audit(0.0:4217): avc:  denied  { read } for  comm="logd.writer" name="u:object_r:bluetooth_prop:s0" dev="tmpfs" ino=173 scontext=u:r:logd:s0 tcontext=u:object_r:bluetooth_prop:s0 tclass=file permissive=0
04-12 17:17:40.657000   554   554 I auditd  : type=1400 audit(0.0:4218): avc:  denied  { read } for  comm="logd.writer" name="u:object_r:bluetooth_prop:s0" dev="tmpfs" ino=173 scontext=u:r:logd:s0 tcontext=u:object_r:bluetooth_prop:s0 tclass=file permissive=0
04-12 17:17:40.661000   554   554 I auditd  : type=1400 audit(0.0:4219): avc:  denied  { read } for  comm="logd.writer" name="u:object_r:bluetooth_prop:s0" dev="tmpfs" ino=173 scontext=u:r:logd:s0 tcontext=u:object_r:bluetooth_prop:s0 tclass=file permissive=0
04-12 17:17:40.661000   554   554 I auditd  : type=1400 audit(0.0:4220): avc:  denied  { read } for  comm="logd.writer" name="u:object_r:bluetooth_prop:s0" dev="tmpfs" ino=173 scontext=u:r:logd:s0 tcontext=u:object_r:bluetooth_prop:s0 tclass=file permissive=0
04-12 17:17:40.661000   554   554 I auditd  : type=1400 audit(0.0:4221): avc:  denied  { read } for  comm="logd.writer" name="u:object_r:bluetooth_prop:s0" dev="tmpfs" ino=173 scontext=u:r:logd:s0 tcontext=u:object_r:bluetooth_prop:s0 tclass=file permissive=0
04-12 17:17:40.684118  1730  2186 I netstats_mobile_sample: [0,0,0,0,0,0,0,0,1775985461680]
04-12 17:17:40.684206  1730  2186 I netstats_wifi_sample: [556887747,52675414,485179,130986,556235546,51714630,483654,127059,1775985461680]
04-12 17:20:22.781151 31528  8478 I c2dm    : [-1,,29,28]
04-12 17:25:06.633000   554   554 I auditd  : type=1400 audit(0.0:4222): avc:  denied  { read } for  comm="logd.writer" name="u:object_r:bluetooth_prop:s0" dev="tmpfs" ino=173 scontext=u:r:logd:s0 tcontext=u:object_r:bluetooth_prop:s0 tclass=file permissive=0
04-12 17:28:28.627000   554   554 I auditd  : type=1400 audit(0.0:4223): avc:  denied  { read } for  comm="logd.writer" name="u:object_r:bluetooth_prop:s0" dev="tmpfs" ino=173 scontext=u:r:logd:s0 tcontext=u:object_r:bluetooth_prop:s0 tclass=file permissive=0
04-12 17:28:28.635000   554   554 I auditd  : type=1400 audit(0.0:4224): avc:  denied  { read } for  comm="logd.writer" name="u:object_r:bluetooth_prop:s0" dev="tmpfs" ino=173 scontext=u:r:logd:s0 tcontext=u:object_r:bluetooth_prop:s0 tclass=file permissive=0
04-12 17:28:28.643000   554   554 I auditd  : type=1400 audit(0.0:4225): avc:  denied  { read } for  comm="logd.writer" name="u:object_r:bluetooth_prop:s0" dev="tmpfs" ino=173 scontext=u:r:logd:s0 tcontext=u:object_r:bluetooth_prop:s0 tclass=file permissive=0
04-12 17:28:28.655000   554   554 I auditd  : type=1400 audit(0.0:4226): avc:  denied  { read } for  comm="logd.writer" name="u:object_r:bluetooth_prop:s0" dev="tmpfs" ino=173 scontext=u:r:logd:s0 tcontext=u:object_r:bluetooth_prop:s0 tclass=file permissive=0
04-12 17:30:13.544506 31528  8457 I c2dm    : [-1,,30,29]
04-12 17:37:58.633000   554   554 I auditd  : type=1400 audit(0.0:4227): avc:  denied  { read } for  comm="logd.writer" name="u:object_r:bluetooth_prop:s0" dev="tmpfs" ino=173 scontext=u:r:logd:s0 tcontext=u:object_r:bluetooth_prop:s0 tclass=file permissive=0
04-12 17:37:58.645000   554   554 I auditd  : type=1400 audit(0.0:4228): avc:  denied  { read } for  comm="logd.writer" name="u:object_r:bluetooth_prop:s0" dev="tmpfs" ino=173 scontext=u:r:logd:s0 tcontext=u:object_r:bluetooth_prop:s0 tclass=file permissive=0
04-12 17:37:58.653000   554   554 I auditd  : type=1400 audit(0.0:4229): avc:  denied  { read } for  comm="logd.writer" name="u:object_r:bluetooth_prop:s0" dev="tmpfs" ino=173 scontext=u:r:logd:s0 tcontext=u:object_r:bluetooth_prop:s0 tclass=file permissive=0
04-12 17:37:58.657000   554   554 I auditd  : type=1400 audit(0.0:4230): avc:  denied  { read } for  comm="logd.writer" name="u:object_r:bluetooth_prop:s0" dev="tmpfs" ino=173 scontext=u:r:logd:s0 tcontext=u:object_r:bluetooth_prop:s0 tclass=file permissive=0
04-12 17:37:58.657000   554   554 I auditd  : type=1400 audit(0.0:4231): avc:  denied  { read } for  comm="logd.writer" name="u:object_r:bluetooth_prop:s0" dev="tmpfs" ino=173 scontext=u:r:logd:s0 tcontext=u:object_r:bluetooth_prop:s0 tclass=file permissive=0
04-12 17:40:04.291059 31528  8457 I c2dm    : [-1,,31,30]
04-12 17:40:50.909246  1730  2065 I am_freeze: [19718,com.android.DeviceAsWebcam]
04-12 17:41:20.239161   558   558 I auditd  : avc:  denied  { find } for pid=4008 uid=1072 name=vendor.transsion.hardware.aegis.IAegisService/default scontext=u:r:gpuservice:s0 tcontext=u:object_r:default_android_service:s0 tclass=service_manager permissive=0
04-12 17:47:03.097000   554   554 I auditd  : type=1400 audit(0.0:4232): avc:  denied  { read } for  comm="logd.writer" name="u:object_r:bluetooth_prop:s0" dev="tmpfs" ino=173 scontext=u:r:logd:s0 tcontext=u:object_r:bluetooth_prop:s0 tclass=file permissive=0
04-12 17:47:03.101000   554   554 I auditd  : type=1400 audit(0.0:4233): avc:  denied  { read } for  comm="logd.writer" name="u:object_r:bluetooth_prop:s0" dev="tmpfs" ino=173 scontext=u:r:logd:s0 tcontext=u:object_r:bluetooth_prop:s0 tclass=file permissive=0
04-12 17:47:03.113000   554   554 I auditd  : type=1400 audit(0.0:4234): avc:  denied  { read } for  comm="logd.writer" name="u:object_r:bluetooth_prop:s0" dev="tmpfs" ino=173 scontext=u:r:logd:s0 tcontext=u:object_r:bluetooth_prop:s0 tclass=file permissive=0
04-12 17:47:03.121000   554   554 I auditd  : type=1400 audit(0.0:4235): avc:  denied  { read } for  comm="logd.writer" name="u:object_r:bluetooth_prop:s0" dev="tmpfs" ino=173 scontext=u:r:logd:s0 tcontext=u:object_r:bluetooth_prop:s0 tclass=file permissive=0
04-12 17:47:03.121000   554   554 I auditd  : type=1400 audit(0.0:4236): avc:  denied  { read } for  comm="logd.writer" name="u:object_r:bluetooth_prop:s0" dev="tmpfs" ino=173 scontext=u:r:logd:s0 tcontext=u:object_r:bluetooth_prop:s0 tclass=file permissive=0
04-12 17:47:40.698519  1730  2186 I netstats_mobile_sample: [0,0,0,0,0,0,0,0,1775987261695]
04-12 17:47:40.698729  1730  2186 I netstats_wifi_sample: [556931087,52725392,485493,131277,556278834,51752832,483967,127312,1775987261695]
04-12 17:47:40.709182  1730  2014 I am_uid_active: 10117
04-12 17:48:13.755770  1730  2061 I commit_sys_config_file: [settings-0-0,9]
04-12 17:48:49.969982  1730  1847 I am_uid_stopped: 10246
04-12 17:48:49.972697  1730  1847 I am_proc_died: [0,5137,com.google.android.gm,905,19]
04-12 17:49:08.581146  1730  1929 I am_cpu  : [1,0,init,122337,0,100]
04-12 17:49:08.581387  1730  1929 I am_cpu  : [2,0,kthreadd,150961,0,10]
04-12 17:49:08.581528  1730  1929 I am_cpu  : [15,0,ksoftirqd/0,122337,0,30]
04-12 17:49:08.581535  1730  1929 I am_cpu  : [16,0,rcu_preempt,122337,0,360]
04-12 17:49:08.581540  1730  1929 I am_cpu  : [17,0,rcuog/0,122337,0,580]
04-12 17:49:08.581546  1730  1929 I am_cpu  : [18,0,rcuop/0,122337,0,80]
04-12 17:49:08.581550  1730  1929 I am_cpu  : [20,0,rcu_exp_gp_kthread_worker,122337,0,90]
04-12 17:49:08.581555  1730  1929 I am_cpu  : [22,0,migration/0,122337,0,20]
04-12 17:49:08.581560  1730  1929 I am_cpu  : [27,0,migration/1,122337,0,30]
04-12 17:49:08.581563  1730  1929 I am_cpu  : [28,0,ksoftirqd/1,122337,0,10]
04-12 17:49:08.581566  1730  1929 I am_cpu  : [31,0,rcuop/1,122336,0,40]
04-12 17:49:08.581569  1730  1929 I am_cpu  : [34,0,migration/2,122336,0,20]
04-12 17:49:08.581572  1730  1929 I am_cpu  : [35,0,ksoftirqd/2,150961,0,10]
04-12 17:49:08.581575  1730  1929 I am_cpu  : [38,0,rcuop/2,122336,0,40]
04-12 17:49:08.581578  1730  1929 I am_cpu  : [41,0,migration/3,122336,0,10]
04-12 17:49:08.581581  1730  1929 I am_cpu  : [42,0,ksoftirqd/3,150961,0,20]
04-12 17:49:08.581584  1730  1929 I am_cpu  : [45,0,rcuop/3,122336,0,40]
04-12 17:49:08.581587  1730  1929 I am_cpu  : [48,0,migration/4,122336,0,40]
04-12 17:49:08.581590  1730  1929 I am_cpu  : [49,0,ksoftirqd/4,150961,0,10]
04-12 17:49:08.581593  1730  1929 I am_cpu  : [52,0,rcuog/4,122336,0,230]
04-12 17:49:08.581596  1730  1929 I am_cpu  : [53,0,rcuop/4,122336,0,30]
04-12 17:49:08.581599  1730  1929 I am_cpu  : [56,0,migration/5,150961,0,20]
04-12 17:49:08.581602  1730  1929 I am_cpu  : [60,0,rcuop/5,122335,0,20]
04-12 17:49:08.581605  1730  1929 I am_cpu  : [67,0,rcuop/6,122335,0,20]
04-12 17:49:08.581608  1730  1929 I am_cpu  : [74,0,rcuop/7,122335,0,20]
04-12 17:49:08.581612  1730  1929 I am_cpu  : [80,0,kcompactd0,150961,0,10]
04-12 17:49:08.581617  1730  1929 I am_cpu  : [91,0,kswapd0,122334,0,40]
04-12 17:49:08.581620  1730  1929 I am_cpu  : [167,0,wdtk-0,355298,0,10]
04-12 17:49:08.581624  1730  1929 I am_cpu  : [168,0,wdtk-1,794489,0,10]
04-12 17:49:08.581627  1730  1929 I am_cpu  : [174,0,wdtk-7,1370214,0,10]
04-12 17:49:08.581631  1730  1929 I am_cpu  : [176,0,irq/34-mtk_tinysys_mbox,122334,0,40]
04-12 17:49:08.581634  1730  1929 I am_cpu  : [204,0,irq/290-rcs_irq,122333,0,110]
04-12 17:49:08.581639  1730  1929 I am_cpu  : [313,0,spi1,1119395,0,10]
04-12 17:49:08.581643  1730  1929 I am_cpu  : [315,0,spi3,1322534,0,10]
04-12 17:49:08.581647  1730  1929 I am_cpu  : [338,0,f2fs_ckpt-259:0,122330,0,40]
04-12 17:49:08.581652  1730  1929 I am_cpu  : [404,0,jbd2/sdc87-8,150963,0,20]
04-12 17:49:08.581655  1730  1929 I am_cpu  : [412,0,init,122329,0,40]
04-12 17:49:08.581658  1730  1929 I am_cpu  : [413,0,ueventd,122329,80,50]
04-12 17:49:08.581661  1730  1929 I am_cpu  : [534,1092,prng_seeder,122329,10,40]
04-12 17:49:08.581665  1730  1929 I am_cpu  : [554,1036,logd,122329,210,1040]
04-12 17:49:08.581668  1730  1929 I am_cpu  : [555,1069,lmkd,122329,10,110]
04-12 17:49:08.581671  1730  1929 I am_cpu  : [558,1000,servicemanager,122329,20,80]
04-12 17:49:08.581674  1730  1929 I am_cpu  : [561,1000,vndservicemanag,122328,10,50]
04-12 17:49:08.581677  1730  1929 I am_cpu  : [563,2000,sh,122328,0,50]
04-12 17:49:08.581680  1730  1929 I am_cpu  : [581,0,binder:581_2,122329,10,60]
04-12 17:49:08.581683  1730  1929 I am_cpu  : [592,0,jbd2/sdc17-8,150964,0,10]
04-12 17:49:08.581686  1730  1929 I am_cpu  : [598,0,jbd2/sdc18-8,150964,0,10]
04-12 17:49:08.581695  1730  1929 I am_cpu  : [603,0,jbd2/sdc7-8,150964,0,10]
04-12 17:49:08.581700  1730  1929 I am_cpu  : [608,0,jbd2/sdc8-8,150964,0,10]
04-12 17:49:08.581703  1730  1929 I am_cpu  : [618,0,jbd2/sdc6-8,150964,0,10]
04-12 17:49:08.581706  1730  1929 I am_cpu  : [632,0,jbd2/sdc9-8,150964,0,10]
04-12 17:49:08.581714  1730  1929 I am_cpu  : [643,0,aee_aed64_v2,122328,0,120]
04-12 17:49:08.581718  1730  1929 I am_cpu  : [645,0,aee_aedv64_v2,122328,0,60]
04-12 17:49:08.581723  1730  1929 I am_cpu  : [655,1000,android.system.,122328,10,22740]
04-12 17:49:08.581726  1730  1929 I am_cpu  : [656,1017,binder:656_2,150965,20,30]
04-12 17:49:08.581730  1730  1929 I am_cpu  : [657,0,memoryleak_dete,122328,10,40]
04-12 17:49:08.581733  1730  1929 I am_cpu  : [690,0,f2fs_ckpt-254:79,122327,0,250]
04-12 17:49:08.581735  1730  1929 I am_cpu  : [691,0,f2fs_discard-254:79,150965,0,50]
04-12 17:49:08.581738  1730  1929 I am_cpu  : [696,1058,tombstoned,122327,10,30]
04-12 17:49:08.581744  1730  1929 I am_cpu  : [912,0,kbase_pm_poweroff_wait,122327,0,50]
04-12 17:49:08.581748  1730  1929 I am_cpu  : [947,0,conninfra_cored,122326,0,510]
04-12 17:49:08.581751  1730  1929 I am_cpu  : [971,0,transceiver,122327,0,40]
04-12 17:49:08.581755  1730  1929 I am_cpu  : [1008,0,beif_rxd,122326,0,10]
04-12 17:49:08.581758  1730  1929 I am_cpu  : [1011,0,kfps,122326,0,320]
04-12 17:49:08.581762  1730  1929 I am_cpu  : [1040,0,battery_manager_serivce,122327,0,240]
04-12 17:49:08.581765  1730  1929 I am_cpu  : [1062,0,tran_mm_collect,122326,0,50]
04-12 17:49:08.581768  1730  1929 I am_cpu  : [1064,0,jbd2/sdc26-8,150966,0,10]
04-12 17:49:08.581771  1730  1929 I am_cpu  : [1074,0,binder:1074_3,122326,100,870]
04-12 17:49:08.581775  1730  1929 I am_cpu  : [1076,1066,binder:1076_2,122326,80,210]
04-12 17:49:08.581778  1730  1929 I am_cpu  : [1077,0,iptables-restor,122326,20,80]
04-12 17:49:08.581781  1730  1929 I am_cpu  : [1078,0,ip6tables-resto,122326,10,80]
04-12 17:49:08.581783  1730  1929 I am_cpu  : [1080,0,main,122326,0,60]
04-12 17:49:08.581786  1730  1929 I am_cpu  : [1089,1041,binder:1089_2,122326,50,230]
04-12 17:49:08.581790  1730  1929 I am_cpu  : [1090,1002,android.hardwar,122326,20,70]
04-12 17:49:08.581793  1730  1929 I am_cpu  : [1092,1000,binder:1092_2,122326,0,30]
04-12 17:49:08.581796  1730  1929 I am_cpu  : [1094,1000,composer@3.3-se,122327,20,60]
04-12 17:49:08.581799  1730  1929 I am_cpu  : [1100,1000,android.hardwar,122327,10,130]
04-12 17:49:08.581802  1730  1929 I am_cpu  : [1102,1068,binder:1102_2,122326,20,90]
04-12 17:49:08.581804  1730  1929 I am_cpu  : [1108,1000,android.hardwar,122326,60,200]
04-12 17:49:08.581807  1730  1929 I am_cpu  : [1114,1000,android.hardwar,122326,50,20]
04-12 17:49:08.581811  1730  1929 I am_cpu  : [1119,1000,android.hardwar,122326,0,50]
04-12 17:49:08.581814  1730  1929 I am_cpu  : [1124,1000,binder:1124_2,122326,10,90]
04-12 17:49:08.581817  1730  1929 I am_cpu  : [1125,1000,vendor.mediatek,122326,10,60]
04-12 17:49:08.581819  1730  1929 I am_cpu  : [1126,1000,android.hardwar,122326,0,30]
04-12 17:49:08.581822  1730  1929 I am_cpu  : [1131,1000,binder:1131_2,122326,0,40]
04-12 17:49:08.581826  1730  1929 I am_cpu  : [1145,0,vendor.mediatek,122326,0,110]
04-12 17:49:08.581829  1730  1929 I am_cpu  : [1189,1027,android.hardwar,122326,0,70]
04-12 17:49:08.581832  1730  1929 I am_cpu  : [1196,1041,audioserver,150968,0,40]
04-12 17:49:08.581866  1730  1929 I am_cpu  : [1200,1072,binder:1200_2,122326,0,30]
04-12 17:49:08.581872  1730  1929 I am_cpu  : [1204,1000,surfaceflinger,122326,2670,2860]
04-12 17:49:08.581876  1730  1929 I am_cpu  : [1206,0,hiber,122327,0,120]
04-12 17:49:08.581879  1730  1929 I am_cpu  : [1214,1000,ccci_mdinit,122327,10,140]
04-12 17:49:08.581882  1730  1929 I am_cpu  : [1220,1001,ccci_rpcd,122327,0,50]
04-12 17:49:08.581885  1730  1929 I am_cpu  : [1223,1000,mcDriverDaemon,122327,0,90]
04-12 17:49:08.581888  1730  1929 I am_cpu  : [1249,1000,fpsgo,3007099,0,10]
04-12 17:49:08.581892  1730  1929 I am_cpu  : [1282,1000,binder:1282_2,122326,0,30]
04-12 17:49:08.581896  1730  1929 I am_cpu  : [1284,1010,wlan_assistant,122326,10,30]
04-12 17:49:08.581899  1730  1929 I am_cpu  : [1298,0,adbd,122325,0,120]
04-12 17:49:08.581902  1730  1929 I am_cpu  : [1300,0,mali-gpuq-kthread,122326,0,1170]
04-12 17:49:08.581905  1730  1929 I am_cpu  : [1319,9999,traced_probes,122326,10,60]
04-12 17:49:08.581908  1730  1929 I am_cpu  : [1321,9999,traced,122326,0,100]
04-12 17:49:08.581911  1730  1929 I am_cpu  : [1322,2000,connsyslogger,122326,0,80]
04-12 17:49:08.581913  1730  1929 I am_cpu  : [1325,1000,vtservice,150969,0,40]
04-12 17:49:08.581917  1730  1929 I am_cpu  : [1343,0,thermal_core,122326,0,130]
04-12 17:49:08.581919  1730  1929 I am_cpu  : [1344,1001,mtkfusionrild,122326,120,850]
04-12 17:49:08.581922  1730  1929 I am_cpu  : [1345,0,binder:1345_2,150969,0,20]
04-12 17:49:08.581926  1730  1929 I am_cpu  : [1358,0,binder:1358_2,122325,0,30]
04-12 17:49:08.581929  1730  1929 I am_cpu  : [1359,1021,mnld,122325,10,270]
04-12 17:49:08.581932  1730  1929 I am_cpu  : [1361,1047,binder:1361_2,122325,0,20]
04-12 17:49:08.581935  1730  1929 I am_cpu  : [1365,1067,binder:1365_2,150969,0,30]
04-12 17:49:08.581938  1730  1929 I am_cpu  : [1376,1010,wificond,150968,0,30]
04-12 17:49:08.581942  1730  1929 I am_cpu  : [1399,2000,emdlogger,122326,20,210]
04-12 17:49:08.581945  1730  1929 I am_cpu  : [1401,2000,binder:1401_2,122326,0,140]
04-12 17:49:08.581949  1730  1929 I am_cpu  : [1406,1000,mobile_log_d,122326,190,860]
04-12 17:49:08.581951  1730  1929 I am_cpu  : [1407,2000,netdiag,150969,0,20]
04-12 17:49:08.581954  1730  1929 I am_cpu  : [1416,1047,binder:1416_2,122325,0,150]
04-12 17:49:08.581957  1730  1929 I am_cpu  : [1419,1000,chg_sence,122325,0,30]
04-12 17:49:08.581962  1730  1929 I am_cpu  : [1420,0,eara_io_service,122325,0,20]
04-12 17:49:08.581967  1730  1929 I am_cpu  : [1423,1000,ipsec_mon,122325,0,20]
04-12 17:49:08.581970  1730  1929 I am_cpu  : [1435,1021,mtk_agpsd,122325,0,70]
04-12 17:49:08.581973  1730  1929 I am_cpu  : [1436,1000,mtk_storageprox,150969,0,30]
04-12 17:49:08.581976  1730  1929 I am_cpu  : [1437,1000,binder:1437_2,122325,0,150]
04-12 17:49:08.581979  1730  1929 I am_cpu  : [1450,1000,binder:1450_2,122325,10,120]
04-12 17:49:08.581983  1730  1929 I am_cpu  : [1454,0,update_engine,150969,0,20]
04-12 17:49:08.581986  1730  1929 I am_cpu  : [1478,1000,android.hardwar,122324,0,80]
04-12 17:49:08.581990  1730  1929 I am_cpu  : [1509,1000,binder:1509_2,122325,10,130]
04-12 17:49:08.581993  1730  1929 I am_cpu  : [1730,1000,system_server,122325,2850,6920]
04-12 17:49:08.581996  1730  1929 I am_cpu  : [1791,1000,bip_ap,122324,0,20]
04-12 17:49:08.582000  1730  1929 I am_cpu  : [1961,1000,ndroid.keychain,150969,10,30]
04-12 17:49:08.582005  1730  1929 I am_cpu  : [2033,1053,webview_zygote,122324,0,10]
04-12 17:49:08.582008  1730  1929 I am_cpu  : [2069,0,kworker/7:5H-kverityd,150969,0,20]
04-12 17:49:08.582011  1730  1929 I am_cpu  : [2154,1000,n.spacesaversdk,122324,20,70]
04-12 17:49:08.582017  1730  1929 I am_cpu  : [2328,1010,binder:2328_2,122324,30,80]
04-12 17:49:08.582021  1730  1929 I am_cpu  : [2406,10148,ssion.launcher3,122324,180,420]
04-12 17:49:08.582025  1730  1929 I am_cpu  : [2411,10179,ranssion.camera,122325,30,190]
04-12 17:49:08.582029  1730  1929 I am_cpu  : [2584,1073,rkstack.process,122324,70,200]
04-12 17:49:08.582033  1730  1929 I am_cpu  : [2608,1002,droid.bluetooth,122324,40,490]
04-12 17:49:08.582037  1730  1929 I am_cpu  : [2639,1001,m.android.phone,122324,190,940]
04-12 17:49:08.582041  1730  1929 I am_cpu  : [2659,1001,om.mediatek.ims,122324,10,190]
04-12 17:49:08.582044  1730  1929 I am_cpu  : [2681,1068,com.android.se,150969,10,30]
04-12 17:49:08.582047  1730  1929 I am_cpu  : [2712,1000,on.tranradionet,122324,120,410]
04-12 17:49:08.582050  1730  1929 I am_cpu  : [2727,10146,ndroid.systemui,122324,150,700]
