04-12 19:04:52.069000  8900  8900 I auditd  : type=1400 audit(0.0:4272): avc:  denied  { read } for  comm=4F6E65494420576F726B6572 name="u:object_r:vendor_security_patch_level_prop:s0" dev="tmpfs" ino=888 scontext=u:r:platform_app:s0:c512,c768 tcontext=u:object_r:vendor_security_patch_level_prop:s0 tclass=file permissive=0 app=com.transsnet.store
04-12 19:04:53.591864  1730  1917 I am_proc_start: [0,9119,10233,com.google.android.googlequicksearchbox:interactor,service,{com.google.android.googlequicksearchbox/com.google.frameworks.client.data.android.server.tiktok.assistant.InteractorProcessEndpointService},caller=com.google.android.googlequicksearchbox:search/10233]
04-12 19:04:53.606351  1730  1847 I am_proc_bound: [0,9119,com.google.android.googlequicksearchbox:interactor]
04-12 19:04:53.627245  1730  2065 I am_unfreeze: [14696,com.google.android.gms.unstable,6]
04-12 19:04:53.678189  1730  2065 I am_unfreeze: [7078,com.android.vending,6]
04-12 19:04:53.678337  1730  1848 I am_uid_active: 10231
04-12 19:04:53.701197  1730  1917 I am_proc_start: [0,9169,10231,com.android.vending:background,service,{com.android.vending/com.google.android.finsky.scheduler.process.backgroundimpl.PhoneskyJobServiceBackground},trigger = job,caller=system/1000]
04-12 19:04:53.713000 14696 14696 I auditd  : type=1400 audit(0.0:4273): avc:  denied  { read } for  comm="binder:14696_8" name="u:object_r:system_adbd_prop:s0" dev="tmpfs" ino=434 scontext=u:r:gmscore_app:s0:c512,c768 tcontext=u:object_r:system_adbd_prop:s0 tclass=file permissive=0 app=com.google.android.gms
04-12 19:04:53.713000 14696 14696 I auditd  : type=1400 audit(0.0:4274): avc:  denied  { read } for  comm="binder:14696_8" name="u:object_r:adbd_prop:s0" dev="tmpfs" ino=153 scontext=u:r:gmscore_app:s0:c512,c768 tcontext=u:object_r:adbd_prop:s0 tclass=file permissive=0 app=com.google.android.gms
04-12 19:04:53.718149  1730  2014 I am_proc_bound: [0,9169,com.android.vending:background]
04-12 19:04:53.717000  9169  9169 I auditd  : type=1400 audit(0.0:4275): avc:  denied  { read write } for  comm="re-initialized>" name="ensignal" dev="tmpfs" ino=2080 scontext=u:r:priv_app:s0:c512,c768 tcontext=u:object_r:ensignal_device:s0 tclass=chr_file permissive=0 app=com.android.vending
04-12 19:04:53.717000  9169  9169 I auditd  : type=1400 audit(0.0:4276): avc:  denied  { read write } for  comm="re-initialized>" name="ensignal" dev="tmpfs" ino=2080 scontext=u:r:priv_app:s0:c512,c768 tcontext=u:object_r:ensignal_device:s0 tclass=chr_file permissive=0 app=com.android.vending
04-12 19:04:53.823109  1730  1897 I commit_sys_config_file: [jobs,1]
04-12 19:04:53.823604  1730  1897 I commit_sys_config_file: [jobs,0]
04-12 19:04:53.824097  1730  1897 I commit_sys_config_file: [jobs,1]
04-12 19:04:53.824781  1730  1897 I commit_sys_config_file: [jobs,0]
04-12 19:04:53.847544  1730  2065 I am_unfreeze: [6563,com.google.android.projection.gearhead:provider,7]
04-12 19:04:53.929080  1730  2521 I am_uid_active: 10281
04-12 19:04:53.960159 30026  8873 I gms_unknown: [5,0,0]
04-12 19:04:53.960919 30026  8873 I gms_unknown: [CheckinTask:SentRequest,250807783]
04-12 19:04:54.060533  1730  2246 I sync    : [com.google.android.location.reporting,1,4,-1543423057]
04-12 19:04:54.063653  1730  1905 I am_pss  : [19631,10166,com.transsion.sk,0,0,0,186007552,0,6,10]
04-12 19:04:54.101000  6332  6332 I auditd  : type=1400 audit(0.0:4277): avc:  denied  { getopt } for  comm="FinalizerDaemon" path="/dev/socket/usap_pool_primary" scontext=u:r:priv_app:s0:c512,c768 tcontext=u:r:zygote:s0 tclass=unix_stream_socket permissive=0 app=com.google.android.googlequicksearchbox
04-12 19:04:54.193000  6600  6600 I auditd  : type=1400 audit(0.0:4278): avc:  denied  { getopt } for  comm="FinalizerDaemon" path="/dev/socket/usap_pool_primary" scontext=u:r:priv_app:s0:c512,c768 tcontext=u:r:zygote:s0 tclass=unix_stream_socket permissive=0 app=com.google.android.googlequicksearchbox
04-12 19:04:54.423010 30026  8873 I gms_unknown: [CheckinTask:ReceivedResponse,250808245]
04-12 19:04:54.511292 30026  8873 I gms_unknown: [6,0,0,0,0]
04-12 19:04:54.511439 30026  8873 I gms_unknown: [5,0,0]
04-12 19:04:54.511487 30026  8873 I gms_unknown: 119
04-12 19:04:54.514370  1730  2065 I am_unfreeze: [5563,com.google.android.partnersetup,3]
04-12 19:04:54.524884 30026  8873 I gms_unknown: 24
04-12 19:04:54.524931 30026  8873 I gms_unknown: [CheckinTask:duration,903]
04-12 19:04:54.575923  1730  2246 I sync    : [com.google.android.gms.chromesync,0,3,-1543423057]
04-12 19:04:54.601618  1730  2246 I sync    : [com.google.android.gms.chromesync,1,3,-1543423057]
04-12 19:04:54.634275  1730  1848 I pm_critical_info: setEnabledSettings callingUid = 10221 callingPid = 5563 packageName = com.android.vending componentName = null callingPackage= com.google.android.partnersetup newState = 1 userId = 0 flags = 1
04-12 19:04:54.635493  1730  1848 I pm_critical_info: setEnabledSettings callingUid = 10221 callingPid = 5563 packageName = com.google.android.apps.maps componentName = null callingPackage= com.google.android.partnersetup newState = 1 userId = 0 flags = 1
04-12 19:04:54.636736  1730  2521 I pm_critical_info: setEnabledSettings callingUid = 10221 callingPid = 5563 packageName = com.google.android.videos componentName = null callingPackage= com.google.android.partnersetup newState = 2 userId = 0 flags = 0
04-12 19:04:54.637961  1730  1848 I pm_critical_info: setEnabledSettings callingUid = 10221 callingPid = 5563 packageName = com.google.android.youtube componentName = null callingPackage= com.google.android.partnersetup newState = 1 userId = 0 flags = 1
04-12 19:04:54.697309  1730  1916 I am_uid_running: 10241
04-12 19:04:54.718268  1730  1917 I am_proc_start: [0,9320,10241,com.android.chrome,broadcast,{com.android.chrome/com.google.android.apps.chrome.rlz.RevenueStatsConfigurationUpdateReceiver},caller=com.google.android.partnersetup/10221,action = com.google.android.partnersetup.action.CONFIGURATION_UPDATE]
04-12 19:04:54.733796  1730  2883 I am_proc_bound: [0,9320,com.android.chrome]
04-12 19:04:54.737000  9320  9320 I auditd  : type=1400 audit(0.0:4279): avc:  denied  { search } for  comm="binder:9320_2" name="/" dev="sdc87" ino=2 scontext=u:r:untrusted_app:s0:c241,c256,c512,c768 tcontext=u:object_r:tranfs_file:s0 tclass=dir permissive=0 app=com.android.chrome
04-12 19:04:54.762086  1730  2050 I job_deferred_execution: 43536755
04-12 19:04:54.765648  1730  2050 I job_deferred_execution: 43536759
04-12 19:04:54.767381  1730  2050 I job_deferred_execution: 43536760
04-12 19:04:54.769778  1730  2050 I am_uid_running: 10230
04-12 19:04:54.788842  1730  1917 I am_proc_start: [0,9347,10230,com.google.android.apps.wellbeing,service,{com.google.android.apps.wellbeing/androidx.work.impl.background.systemjob.SystemJobService},trigger = job,caller=system/1000]
04-12 19:04:54.804606  1730  2890 I am_proc_bound: [0,9347,com.google.android.apps.wellbeing]
04-12 19:04:54.805000  9347  9347 I auditd  : type=1400 audit(0.0:4280): avc:  denied  { read write } for  comm="re-initialized>" name="ensignal" dev="tmpfs" ino=2080 scontext=u:r:priv_app:s0:c512,c768 tcontext=u:object_r:ensignal_device:s0 tclass=chr_file permissive=0 app=com.google.android.apps.wellbeing
04-12 19:04:54.805000  9347  9347 I auditd  : type=1400 audit(0.0:4281): avc:  denied  { read write } for  comm="re-initialized>" name="ensignal" dev="tmpfs" ino=2080 scontext=u:r:priv_app:s0:c512,c768 tcontext=u:object_r:ensignal_device:s0 tclass=chr_file permissive=0 app=com.google.android.apps.wellbeing
04-12 19:04:54.835752  1730  1916 I am_wtf  : [0,1730,system_server,-1,ActivityManager,Sending non-protected broadcast com.mediatek.action.UNREAD_CHANGED from system 3122:com.android.settings/1000 pkg com.android.settings]
04-12 19:04:54.849765  1730  4240 I pm_critical_info: setEnabledSettings callingUid = 10221 callingPid = 5563 packageName = com.google.android.youtube componentName = null callingPackage= com.google.android.partnersetup newState = 1 userId = 0 flags = 1
04-12 19:04:54.853637  1730  2065 I am_unfreeze: [31012,com.google.android.webview:webview_apk,6]
04-12 19:04:54.873417  7078  9177 I google_http_request: [1141,200,Android-Finsky/50.8.18-31 [0] [PR] 892472617 (api=3,versionCode=85081830,sdk=36,device=Infinix-X6877,hardware=mt6899,product=X6877-OP,platformVersionRelease=16,model=Infinix%20X6877,buildId=BP2A.250605.031.A3,isWideScreen=0,supportedAbis=arm64-v8a),1]
04-12 19:04:55.559373  1730  1917 I am_proc_start: [0,9506,10231,com.android.vending:quick_launch,service,{com.android.vending/com.google.frameworks.client.data.android.server.play.QuickLaunchProcessEndpointService},caller=com.android.vending/10231]
04-12 19:04:55.573719  1730  4075 I am_proc_bound: [0,9506,com.android.vending:quick_launch]
04-12 19:04:55.573000  9506  9506 I auditd  : type=1400 audit(0.0:4282): avc:  denied  { read write } for  comm="re-initialized>" name="ensignal" dev="tmpfs" ino=2080 scontext=u:r:priv_app:s0:c512,c768 tcontext=u:object_r:ensignal_device:s0 tclass=chr_file permissive=0 app=com.android.vending
04-12 19:04:55.573000  9506  9506 I auditd  : type=1400 audit(0.0:4283): avc:  denied  { read write } for  comm="re-initialized>" name="ensignal" dev="tmpfs" ino=2080 scontext=u:r:priv_app:s0:c512,c768 tcontext=u:object_r:ensignal_device:s0 tclass=chr_file permissive=0 app=com.android.vending
04-12 19:04:55.908845  1730  1897 I commit_sys_config_file: [jobs,4]
04-12 19:04:55.911756  1730  1897 I commit_sys_config_file: [jobs,2]
04-12 19:04:55.915333  1730  1897 I commit_sys_config_file: [jobs,3]
04-12 19:04:56.734843  1730  1948 I commit_sys_config_file: [package-user-0,5]
04-12 19:04:57.917000  8900  8900 I auditd  : type=1400 audit(0.0:4284): avc:  denied  { read } for  comm="Athena-Worker" name="u:object_r:serialno_prop:s0" dev="tmpfs" ino=413 scontext=u:r:platform_app:s0:c512,c768 tcontext=u:object_r:serialno_prop:s0 tclass=file permissive=0 app=com.transsnet.store
04-12 19:04:58.221000   554   554 I auditd  : type=1400 audit(0.0:4285): avc:  denied  { read } for  comm="logd.writer" name="u:object_r:bluetooth_prop:s0" dev="tmpfs" ino=173 scontext=u:r:logd:s0 tcontext=u:object_r:bluetooth_prop:s0 tclass=file permissive=0
04-12 19:04:59.760130  1730  4240 I am_uid_idle: 10241
04-12 19:05:00.797000 14696 14696 I auditd  : type=1400 audit(0.0:4286): avc:  denied  { read } for  comm="lowpool[2]" name="u:object_r:system_adbd_prop:s0" dev="tmpfs" ino=434 scontext=u:r:gmscore_app:s0:c512,c768 tcontext=u:object_r:system_adbd_prop:s0 tclass=file permissive=0 app=com.google.android.gms
04-12 19:05:00.797000 14696 14696 I auditd  : type=1400 audit(0.0:4287): avc:  denied  { read } for  comm="lowpool[2]" name="u:object_r:adbd_prop:s0" dev="tmpfs" ino=153 scontext=u:r:gmscore_app:s0:c512,c768 tcontext=u:object_r:adbd_prop:s0 tclass=file permissive=0 app=com.google.android.gms
04-12 19:05:04.189000  6332  6332 I auditd  : type=1400 audit(0.0:4288): avc:  denied  { read } for  comm="chbox:googleapp" name="u:object_r:system_trancare_prop:s0" dev="tmpfs" ino=554 scontext=u:r:priv_app:s0:c512,c768 tcontext=u:object_r:system_trancare_prop:s0 tclass=file permissive=0 app=com.google.android.googlequicksearchbox
04-12 19:05:04.189000  6600  6600 I auditd  : type=1400 audit(0.0:4289): avc:  denied  { read } for  comm="earchbox:search" name="u:object_r:system_trancare_prop:s0" dev="tmpfs" ino=554 scontext=u:r:priv_app:s0:c512,c768 tcontext=u:object_r:system_trancare_prop:s0 tclass=file permissive=0 app=com.google.android.googlequicksearchbox
04-12 19:05:04.193000  9119  9119 I auditd  : type=1400 audit(0.0:4290): avc:  denied  { read } for  comm="hbox:interactor" name="u:object_r:system_trancare_prop:s0" dev="tmpfs" ino=554 scontext=u:r:priv_app:s0:c512,c768 tcontext=u:object_r:system_trancare_prop:s0 tclass=file permissive=0 app=com.google.android.googlequicksearchbox
04-12 19:05:04.193000  6600  6600 I auditd  : type=1400 audit(0.0:4291): avc:  denied  { read } for  comm="earchbox:search" name="u:object_r:vendor_irtx_prop:s0" dev="tmpfs" ino=614 scontext=u:r:priv_app:s0:c512,c768 tcontext=u:object_r:vendor_irtx_prop:s0 tclass=file permissive=0 app=com.google.android.googlequicksearchbox
04-12 19:05:04.193000  6332  6332 I auditd  : type=1400 audit(0.0:4292): avc:  denied  { read } for  comm="chbox:googleapp" name="u:object_r:vendor_irtx_prop:s0" dev="tmpfs" ino=614 scontext=u:r:priv_app:s0:c512,c768 tcontext=u:object_r:vendor_irtx_prop:s0 tclass=file permissive=0 app=com.google.android.googlequicksearchbox
04-12 19:05:04.193000  6600  6600 I auditd  : type=1400 audit(0.0:4293): avc:  denied  { read } for  comm="earchbox:search" name="u:object_r:qemu_hw_prop:s0" dev="tmpfs" ino=396 scontext=u:r:priv_app:s0:c512,c768 tcontext=u:object_r:qemu_hw_prop:s0 tclass=file permissive=0 app=com.google.android.googlequicksearchbox
04-12 19:05:04.528192  1730  2065 I am_unfreeze: [6862,com.google.android.configupdater,6]
04-12 19:05:04.890891  1730  2065 I am_freeze: [5563,com.google.android.partnersetup]
04-12 19:05:04.916521  1730  2065 I am_freeze: [9347,com.google.android.apps.wellbeing]
04-12 19:05:06.237259  1730  2065 I am_freeze: [31012,com.google.android.webview:webview_apk]
04-12 19:05:06.241460  1730  2065 I am_freeze: [7760,com.google.android.webview:webview_service]
04-12 19:05:07.544024  1730  2065 I am_freeze: [7078,com.android.vending]
04-12 19:05:07.549993  1730  2065 I am_freeze: [6563,com.google.android.projection.gearhead:provider]
04-12 19:05:07.554229  1730  2065 I am_freeze: [9169,com.android.vending:background]
04-12 19:05:07.556459  1730  2065 I am_freeze: [9506,com.android.vending:quick_launch]
04-12 19:05:07.772999  1730  2065 I am_freeze: [7133,com.google.android.permissioncontroller]
04-12 19:05:08.501954  1730  1848 I am_uid_stopped: 10194
04-12 19:05:08.506294  1730  1848 I am_proc_died: [0,19423,com.transsion.airtransfer,700,15]
04-12 19:05:09.932794  1730  2065 I am_freeze: [19718,com.android.DeviceAsWebcam]
04-12 19:05:11.248951  1730  1916 I am_uid_idle: 99009
04-12 19:05:11.529236  1730  2065 I am_freeze: [14696,com.google.android.gms.unstable]
04-12 19:05:14.190281  1730  2065 I am_freeze: [6332,com.google.android.googlequicksearchbox:googleapp]
04-12 19:05:14.194792  1730  2065 I am_freeze: [8792,com.google.android.webview:sandboxed_process0:org.chromium.content.app.SandboxedProcessService0:0]
04-12 19:05:14.566652  1730  2065 I am_freeze: [6862,com.google.android.configupdater]
04-12 19:05:21.789587  1730  2050 I device_idle_step: 
04-12 19:05:21.790333  1730  2050 I device_idle: [5,s:early]
04-12 19:05:21.796493  1730  2050 I device_idle_on_start: 
04-12 19:05:21.797531  1730  2050 I device_idle_on_phase: power
04-12 19:05:21.827034  1730  2050 I device_idle_on_phase: net
04-12 19:05:21.828186  1730  2050 I device_idle_on_complete: 
04-12 19:05:21.839729  1730  1730 I battery_saving_stats: [0,0,0,30092,3000,0,3194999,144000,2]
04-12 19:05:21.957344  1730  1944 I dvm_lock_sample: [system_server,1,PowerManagerService,113,PowerManagerService.java,4063,void com.android.server.power.PowerManagerService.handleSandman(int),-,1982,void com.android.server.power.PowerManagerService.acquireWakeLockInternal(android.os.IBinder, int, int, java.lang.String, java.lang.String, android.os.WorkSource, java.lang.String, int, int, android.os.IWakeLockCallback),22]
04-12 19:05:31.211932  1730  2065 I am_freeze: [6600,com.google.android.googlequicksearchbox:search]
04-12 19:05:31.215621  1730  2065 I am_freeze: [9119,com.google.android.googlequicksearchbox:interactor]
04-12 19:05:35.742279   558   558 I auditd  : avc:  denied  { find } for pid=4008 uid=1072 name=vendor.transsion.hardware.aegis.IAegisService/default scontext=u:r:gpuservice:s0 tcontext=u:object_r:default_android_service:s0 tclass=service_manager permissive=0
04-12 19:05:35.782953  1730  2014 I am_kill : [0,19133,com.transsion.applock,985,empty #65,156976]
04-12 19:05:35.808911  1730  2890 I am_uid_stopped: 10125
04-12 19:05:35.815787  1730  2890 I am_proc_died: [0,19133,com.transsion.applock,985,19]
04-12 19:05:48.701000   554   554 I auditd  : type=1400 audit(0.0:4300): avc:  denied  { read } for  comm="logd.writer" name="u:object_r:bluetooth_prop:s0" dev="tmpfs" ino=173 scontext=u:r:logd:s0 tcontext=u:object_r:bluetooth_prop:s0 tclass=file permissive=0
04-12 19:05:48.709000   554   554 I auditd  : type=1400 audit(0.0:4301): avc:  denied  { read } for  comm="logd.writer" name="u:object_r:bluetooth_prop:s0" dev="tmpfs" ino=173 scontext=u:r:logd:s0 tcontext=u:object_r:bluetooth_prop:s0 tclass=file permissive=0
04-12 19:05:55.254000   554   554 I auditd  : type=1400 audit(0.0:4302): avc:  denied  { read } for  comm="logd.writer" name="u:object_r:bluetooth_prop:s0" dev="tmpfs" ino=173 scontext=u:r:logd:s0 tcontext=u:object_r:bluetooth_prop:s0 tclass=file permissive=0
04-12 19:05:55.266000   554   554 I auditd  : type=1400 audit(0.0:4303): avc:  denied  { read } for  comm="logd.writer" name="u:object_r:bluetooth_prop:s0" dev="tmpfs" ino=173 scontext=u:r:logd:s0 tcontext=u:object_r:bluetooth_prop:s0 tclass=file permissive=0
04-12 19:08:53.381154  1730  1730 I dvm_lock_sample: [system_server,0,main,24,AlarmManagerService.java,5446,void com.android.server.alarm.AlarmManagerService$DeliveryTracker.alarmComplete(android.os.IBinder),-,4770,void com.android.server.alarm.AlarmManagerService$AlarmThread.run(),4]
04-12 19:08:53.385729 31528  9633 I c2dm    : [0,,7,8]
04-12 19:13:36.877000   554   554 I auditd  : type=1400 audit(0.0:4304): avc:  denied  { read } for  comm="logd.writer" name="u:object_r:bluetooth_prop:s0" dev="tmpfs" ino=173 scontext=u:r:logd:s0 tcontext=u:object_r:bluetooth_prop:s0 tclass=file permissive=0
04-12 19:13:36.877000   554   554 I auditd  : type=1400 audit(0.0:4305): avc:  denied  { read } for  comm="logd.writer" name="u:object_r:bluetooth_prop:s0" dev="tmpfs" ino=173 scontext=u:r:logd:s0 tcontext=u:object_r:bluetooth_prop:s0 tclass=file permissive=0
04-12 19:13:36.889000   554   554 I auditd  : type=1400 audit(0.0:4306): avc:  denied  { read } for  comm="logd.writer" name="u:object_r:bluetooth_prop:s0" dev="tmpfs" ino=173 scontext=u:r:logd:s0 tcontext=u:object_r:bluetooth_prop:s0 tclass=file permissive=0
04-12 19:13:36.893000   554   554 I auditd  : type=1400 audit(0.0:4307): avc:  denied  { read } for  comm="logd.writer" name="u:object_r:bluetooth_prop:s0" dev="tmpfs" ino=173 scontext=u:r:logd:s0 tcontext=u:object_r:bluetooth_prop:s0 tclass=file permissive=0
04-12 19:13:36.897000   554   554 I auditd  : type=1400 audit(0.0:4308): avc:  denied  { read } for  comm="logd.writer" name="u:object_r:bluetooth_prop:s0" dev="tmpfs" ino=173 scontext=u:r:logd:s0 tcontext=u:object_r:bluetooth_prop:s0 tclass=file permissive=0
04-12 19:16:12.306514  1730  1929 I am_cpu  : [1,0,init,72749,10,20]
04-12 19:16:12.306749  1730  1929 I am_cpu  : [2,0,kthreadd,72749,0,20]
04-12 19:16:12.306773  1730  1929 I am_cpu  : [15,0,ksoftirqd/0,72749,0,30]
04-12 19:16:12.306778  1730  1929 I am_cpu  : [16,0,rcu_preempt,72749,0,230]
04-12 19:16:12.306782  1730  1929 I am_cpu  : [17,0,rcuog/0,72749,0,400]
04-12 19:16:12.306785  1730  1929 I am_cpu  : [18,0,rcuop/0,72749,0,50]
04-12 19:16:12.306789  1730  1929 I am_cpu  : [20,0,rcu_exp_gp_kthread_worker,72749,0,50]
04-12 19:16:12.306792  1730  1929 I am_cpu  : [22,0,migration/0,72749,0,20]
04-12 19:16:12.306795  1730  1929 I am_cpu  : [27,0,migration/1,72749,0,10]
04-12 19:16:12.306798  1730  1929 I am_cpu  : [28,0,ksoftirqd/1,72749,0,20]
04-12 19:16:12.306801  1730  1929 I am_cpu  : [31,0,rcuop/1,72749,0,40]
04-12 19:16:12.306804  1730  1929 I am_cpu  : [35,0,ksoftirqd/2,72749,0,10]
04-12 19:16:12.306807  1730  1929 I am_cpu  : [38,0,rcuop/2,72749,0,40]
04-12 19:16:12.306810  1730  1929 I am_cpu  : [41,0,migration/3,72748,0,10]
04-12 19:16:12.306813  1730  1929 I am_cpu  : [42,0,ksoftirqd/3,169384,0,10]
04-12 19:16:12.306816  1730  1929 I am_cpu  : [45,0,rcuop/3,72748,0,30]
04-12 19:16:12.306819  1730  1929 I am_cpu  : [48,0,migration/4,72748,0,10]
04-12 19:16:12.306822  1730  1929 I am_cpu  : [49,0,ksoftirqd/4,169384,0,10]
04-12 19:16:12.306826  1730  1929 I am_cpu  : [52,0,rcuog/4,72748,0,180]
04-12 19:16:12.306829  1730  1929 I am_cpu  : [53,0,rcuop/4,72748,0,30]
04-12 19:16:12.306832  1730  1929 I am_cpu  : [56,0,migration/5,169384,0,10]
04-12 19:16:12.306837  1730  1929 I am_cpu  : [60,0,rcuop/5,72748,0,20]
04-12 19:16:12.306841  1730  1929 I am_cpu  : [64,0,ksoftirqd/6,291719,0,10]
04-12 19:16:12.306845  1730  1929 I am_cpu  : [67,0,rcuop/6,72748,0,30]
04-12 19:16:12.306848  1730  1929 I am_cpu  : [70,0,migration/7,2692229,0,10]
04-12 19:16:12.306851  1730  1929 I am_cpu  : [71,0,ksoftirqd/7,320345,0,10]
04-12 19:16:12.306854  1730  1929 I am_cpu  : [74,0,rcuop/7,72748,0,20]
04-12 19:16:12.306858  1730  1929 I am_cpu  : [91,0,kswapd0,72749,0,40]
04-12 19:16:12.306861  1730  1929 I am_cpu  : [169,0,wdtk-2,320345,0,10]
04-12 19:16:12.306865  1730  1929 I am_cpu  : [174,0,wdtk-7,169384,0,10]
04-12 19:16:12.306868  1730  1929 I am_cpu  : [176,0,irq/34-mtk_tinysys_mbox,72749,0,10]
04-12 19:16:12.306871  1730  1929 I am_cpu  : [204,0,irq/290-rcs_irq,72749,0,30]
04-12 19:16:12.306875  1730  1929 I am_cpu  : [250,0,tee_worker/2,1120855,0,10]
04-12 19:16:12.306878  1730  1929 I am_cpu  : [251,0,tee_worker/3,320346,0,90]
04-12 19:16:12.306882  1730  1929 I am_cpu  : [312,0,spi0,320346,0,10]
04-12 19:16:12.306886  1730  1929 I am_cpu  : [338,0,f2fs_ckpt-259:0,72749,0,20]
04-12 19:16:12.306890  1730  1929 I am_cpu  : [412,0,init,72750,0,20]
04-12 19:16:12.306894  1730  1929 I am_cpu  : [413,0,ueventd,72750,40,20]
04-12 19:16:12.306897  1730  1929 I am_cpu  : [534,1092,prng_seeder,72750,10,20]
04-12 19:16:12.306901  1730  1929 I am_cpu  : [554,1036,logd,72750,220,880]
04-12 19:16:12.306905  1730  1929 I am_cpu  : [555,1069,lmkd,72750,20,130]
04-12 19:16:12.306909  1730  1929 I am_cpu  : [558,1000,servicemanager,72750,30,40]
04-12 19:16:12.306912  1730  1929 I am_cpu  : [561,1000,vndservicemanag,72750,0,10]
04-12 19:16:12.306916  1730  1929 I am_cpu  : [563,2000,sh,72750,0,20]
04-12 19:16:12.306919  1730  1929 I am_cpu  : [581,0,binder:581_2,72750,0,20]
04-12 19:16:12.306923  1730  1929 I am_cpu  : [643,0,aee_aed64_v2,72751,0,40]
04-12 19:16:12.306926  1730  1929 I am_cpu  : [645,0,aee_aedv64_v2,72751,0,20]
04-12 19:16:12.306929  1730  1929 I am_cpu  : [655,1000,android.system.,72750,10,8090]
04-12 19:16:12.306932  1730  1929 I am_cpu  : [656,1017,binder:656_2,72750,50,90]
04-12 19:16:12.306935  1730  1929 I am_cpu  : [657,0,memoryleak_dete,72750,0,20]
04-12 19:16:12.306938  1730  1929 I am_cpu  : [663,1000,android.hardwar,320349,0,30]
04-12 19:16:12.306943  1730  1929 I am_cpu  : [690,0,f2fs_ckpt-254:79,72751,0,180]
04-12 19:16:12.306946  1730  1929 I am_cpu  : [691,0,f2fs_discard-254:79,72751,0,20]
04-12 19:16:12.306949  1730  1929 I am_cpu  : [696,1058,tombstoned,72751,0,10]
04-12 19:16:12.306954  1730  1929 I am_cpu  : [868,0,dlpt_notify_thread,291711,0,10]
04-12 19:16:12.306959  1730  1929 I am_cpu  : [912,0,kbase_pm_poweroff_wait,72751,0,30]
04-12 19:16:12.306962  1730  1929 I am_cpu  : [947,0,conninfra_cored,72751,0,180]
04-12 19:16:12.306966  1730  1929 I am_cpu  : [971,0,transceiver,72751,0,50]
04-12 19:16:12.306969  1730  1929 I am_cpu  : [1011,0,kfps,72751,0,130]
04-12 19:16:12.306973  1730  1929 I am_cpu  : [1040,0,battery_manager_serivce,72751,0,120]
04-12 19:16:12.306978  1730  1929 I am_cpu  : [1062,0,tran_mm_collect,72751,0,30]
04-12 19:16:12.306981  1730  1929 I am_cpu  : [1074,0,binder:1074_3,72751,60,400]
04-12 19:16:12.306984  1730  1929 I am_cpu  : [1076,1066,binder:1076_2,72751,130,260]
04-12 19:16:12.306987  1730  1929 I am_cpu  : [1077,0,iptables-restor,72752,10,50]
04-12 19:16:12.306991  1730  1929 I am_cpu  : [1078,0,ip6tables-resto,72752,0,50]
04-12 19:16:12.306994  1730  1929 I am_cpu  : [1080,0,main,72752,10,130]
04-12 19:16:12.306998  1730  1929 I am_cpu  : [1089,1041,binder:1089_2,72752,10,80]
04-12 19:16:12.307001  1730  1929 I am_cpu  : [1090,1002,android.hardwar,72752,10,30]
04-12 19:16:12.307355  1730  1929 I am_cpu  : [1092,1000,binder:1092_2,72752,0,20]
04-12 19:16:12.307392  1730  1929 I am_cpu  : [1094,1000,composer@3.3-se,72751,0,40]
04-12 19:16:12.307401  1730  1929 I am_cpu  : [1100,1000,android.hardwar,72751,10,90]
04-12 19:16:12.307409  1730  1929 I am_cpu  : [1102,1068,binder:1102_2,72751,0,40]
04-12 19:16:12.307414  1730  1929 I am_cpu  : [1108,1000,android.hardwar,72752,40,200]
04-12 19:16:12.307418  1730  1929 I am_cpu  : [1114,1000,android.hardwar,72752,30,20]
04-12 19:16:12.307422  1730  1929 I am_cpu  : [1119,1000,android.hardwar,72752,0,30]
04-12 19:16:12.307426  1730  1929 I am_cpu  : [1124,1000,binder:1124_2,72752,0,30]
04-12 19:16:12.307430  1730  1929 I am_cpu  : [1125,1000,vendor.mediatek,72752,10,30]
04-12 19:16:12.307433  1730  1929 I am_cpu  : [1126,1000,android.hardwar,72752,0,10]
04-12 19:16:12.307437  1730  1929 I am_cpu  : [1131,1000,binder:1131_2,72751,0,10]
04-12 19:16:12.307442  1730  1929 I am_cpu  : [1145,0,vendor.mediatek,72751,0,40]
04-12 19:16:12.307447  1730  1929 I am_cpu  : [1189,1027,android.hardwar,72751,0,30]
04-12 19:16:12.307452  1730  1929 I am_cpu  : [1196,1041,audioserver,72751,10,20]
04-12 19:16:12.307457  1730  1929 I am_cpu  : [1200,1072,binder:1200_2,72751,10,10]
04-12 19:16:12.307461  1730  1929 I am_cpu  : [1204,1000,surfaceflinger,72751,1140,1180]
04-12 19:16:12.307465  1730  1929 I am_cpu  : [1206,0,hiber,72751,0,40]
04-12 19:16:12.307473  1730  1929 I am_cpu  : [1214,1000,ccci_mdinit,72752,0,50]
04-12 19:16:12.307478  1730  1929 I am_cpu  : [1220,1001,ccci_rpcd,72752,0,10]
04-12 19:16:12.307482  1730  1929 I am_cpu  : [1223,1000,mcDriverDaemon,72752,10,30]
04-12 19:16:12.307487  1730  1929 I am_cpu  : [1282,1000,binder:1282_2,72751,0,10]
04-12 19:16:12.307492  1730  1929 I am_cpu  : [1284,1010,wlan_assistant,72751,0,10]
04-12 19:16:12.307497  1730  1929 I am_cpu  : [1298,0,adbd,72751,0,40]
04-12 19:16:12.307503  1730  1929 I am_cpu  : [1300,0,mali-gpuq-kthread,72752,0,530]
04-12 19:16:12.307507  1730  1929 I am_cpu  : [1319,9999,traced_probes,72752,0,30]
04-12 19:16:12.307513  1730  1929 I am_cpu  : [1321,9999,traced,72752,0,40]
04-12 19:16:12.307519  1730  1929 I am_cpu  : [1322,2000,connsyslogger,72752,0,40]
04-12 19:16:12.307523  1730  1929 I am_cpu  : [1325,1000,vtservice,72752,0,20]
04-12 19:16:12.307564  1730  1929 I am_cpu  : [1343,0,thermal_core,72751,10,60]
04-12 19:16:12.307573  1730  1929 I am_cpu  : [1344,1001,mtkfusionrild,72751,40,310]
04-12 19:16:12.307577  1730  1929 I am_cpu  : [1345,0,binder:1345_2,72751,0,10]
04-12 19:16:12.307581  1730  1929 I am_cpu  : [1358,0,binder:1358_2,72751,0,50]
04-12 19:16:12.307586  1730  1929 I am_cpu  : [1359,1021,mnld,72751,10,90]
04-12 19:16:12.307589  1730  1929 I am_cpu  : [1361,1047,binder:1361_2,72751,0,50]
04-12 19:16:12.307594  1730  1929 I am_cpu  : [1365,1067,binder:1365_2,72751,0,10]
04-12 19:16:12.307600  1730  1929 I am_cpu  : [1367,0,binder:1367_2,524684,0,10]
04-12 19:16:12.307605  1730  1929 I am_cpu  : [1376,1010,wificond,72751,10,10]
04-12 19:16:12.307608  1730  1929 I am_cpu  : [1399,2000,emdlogger,72751,30,70]
04-12 19:16:12.307612  1730  1929 I am_cpu  : [1401,2000,binder:1401_2,72752,0,50]
04-12 19:16:12.307616  1730  1929 I am_cpu  : [1405,1013,mediaserver64,320352,10,0]
04-12 19:16:12.307620  1730  1929 I am_cpu  : [1406,1000,mobile_log_d,72751,190,940]
04-12 19:16:12.307624  1730  1929 I am_cpu  : [1407,2000,netdiag,72751,0,10]
04-12 19:16:12.307628  1730  1929 I am_cpu  : [1416,1047,binder:1416_2,72751,10,50]
04-12 19:16:12.307634  1730  1929 I am_cpu  : [1419,1000,chg_sence,72751,0,10]
04-12 19:16:12.307637  1730  1929 I am_cpu  : [1420,0,eara_io_service,72751,0,10]
04-12 19:16:12.307641  1730  1929 I am_cpu  : [1423,1000,ipsec_mon,72751,0,10]
04-12 19:16:12.307645  1730  1929 I am_cpu  : [1435,1021,mtk_agpsd,72751,0,30]
04-12 19:16:12.307648  1730  1929 I am_cpu  : [1436,1000,mtk_storageprox,72751,0,10]
04-12 19:16:12.307652  1730  1929 I am_cpu  : [1437,1000,binder:1437_2,72751,0,60]
04-12 19:16:12.307656  1730  1929 I am_cpu  : [1450,1000,binder:1450_2,72751,10,40]
04-12 19:16:12.307660  1730  1929 I am_cpu  : [1454,0,update_engine,72751,10,10]
04-12 19:16:12.307664  1730  1929 I am_cpu  : [1478,1000,android.hardwar,72750,0,30]
04-12 19:16:12.307669  1730  1929 I am_cpu  : [1509,1000,binder:1509_2,72751,0,80]
04-12 19:16:12.307676  1730  1929 I am_cpu  : [1730,1000,system_server,72750,4680,6300]
04-12 19:16:12.307681  1730  1929 I am_cpu  : [1791,1000,bip_ap,72750,0,10]
04-12 19:16:12.307686  1730  1929 I am_cpu  : [1961,1000,ndroid.keychain,72750,0,10]
04-12 19:16:12.307691  1730  1929 I am_cpu  : [2033,1053,webview_zygote,72750,0,10]
04-12 19:16:12.307696  1730  1929 I am_cpu  : [2154,1000,n.spacesaversdk,72750,10,20]
04-12 19:16:12.307701  1730  1929 I am_cpu  : [2328,1010,binder:2328_2,72750,20,30]
04-12 19:16:12.307706  1730  1929 I am_cpu  : [2406,10148,ssion.launcher3,72750,10,180]
04-12 19:16:12.307710  1730  1929 I am_cpu  : [2411,10179,ranssion.camera,72749,10,80]
04-12 19:16:12.307718  1730  1929 I am_cpu  : [2536,0,kworker/6:1H-kblockd,291706,0,10]
04-12 19:16:12.307722  1730  1929 I am_cpu  : [2584,1073,rkstack.process,72749,30,70]
04-12 19:16:12.307726  1730  1929 I am_cpu  : [2608,1002,droid.bluetooth,72749,20,180]
04-12 19:16:12.307730  1730  1929 I am_cpu  : [2639,1001,m.android.phone,72749,100,440]
04-12 19:16:12.307734  1730  1929 I am_cpu  : [2659,1001,om.mediatek.ims,72750,10,60]
04-12 19:16:12.307741  1730  1929 I am_cpu  : [2681,1068,com.android.se,72750,0,20]
04-12 19:16:12.307745  1730  1929 I am_cpu  : [2712,1000,on.tranradionet,72750,120,300]
04-12 19:16:12.307750  1730  1929 I am_cpu  : [2727,10146,ndroid.systemui,72750,170,360]
04-12 19:16:12.307755  1730  1929 I am_cpu  : [2764,10199,custompictorial,72750,5220,1710]
04-12 19:16:12.307765  1730  1929 I am_cpu  : [2950,10261,marvin.talkback,72750,0,10]
04-12 19:16:12.307771  1730  1929 I am_cpu  : [3122,1000,ndroid.settings,72750,100,110]
04-12 19:16:12.307775  1730  1929 I am_cpu  : [3153,0,bt_tx_ps,72750,0,20]
04-12 19:16:12.307785  1730  1929 I am_cpu  : [3311,0,main_thread,72750,0,280]
04-12 19:16:12.307790  1730  1929 I am_cpu  : [3329,0,hif_thread,72750,0,1080]
04-12 19:16:12.307795  1730  1929 I am_cpu  : [3330,0,rx_thread,72750,0,40]
04-12 19:16:12.307801  1730  1929 I am_cpu  : [3412,1000,ek.simprocessor,72750,0,20]
04-12 19:16:12.307808  1730  1929 I am_cpu  : [3536,10145,ion.atomicbrain,72750,70,110]
04-12 19:16:12.307814  1730  1929 I am_cpu  : [3601,10187,e.android.euicc,72750,10,20]
04-12 19:16:12.307822  1730  1929 I am_cpu  : [3646,10269,id.ext.services,72750,10,20]
04-12 19:16:12.307827  1730  1929 I am_cpu  : [3789,10271,rs.media.module,72750,10,60]
04-12 19:16:12.307832  1730  1929 I am_cpu  : [3853,10214,ogle.android.as,72750,20,20]
04-12 19:16:12.307836  1730  1929 I am_cpu  : [3879,10158,.mobile.service,72750,110,130]
04-12 19:16:12.307841  1730  1929 I am_cpu  : [3901,1027,com.android.nfc,72750,10,30]
04-12 19:16:12.307846  1730  1929 I am_cpu  : [3937,1000,ranvoicecommand,72749,10,10]
04-12 19:16:12.307850  1730  1929 I am_cpu  : [3989,1000,batterywarning,72749,0,10]
04-12 19:16:12.307854  1730  1929 I am_cpu  : [4009,0,frs,72749,10,10]
04-12 19:16:12.307858  1730  1929 I am_cpu  : [4011,1000,storage_feature,72750,0,10]
04-12 19:16:12.307861  1730  1929 I am_cpu  : [4017,0,touch-main-loop,72750,0,20]
04-12 19:16:12.307866  1730  1929 I am_cpu  : [4028,1000,kolun.aiservice,72750,40,160]
04-12 19:16:12.307870  1730  1929 I am_cpu  : [4078,0,usap64,72750,0,40]
04-12 19:16:12.307875  1730  1929 I am_cpu  : [4085,0,kworker/4:0,72750,0,30]
04-12 19:16:12.307879  1730  1929 I am_cpu  : [4087,1000,sion.smartpanel,72750,10,70]
04-12 19:16:12.307885  1730  1929 I am_cpu  : [4161,10190,eractionservice,72750,0,40]
04-12 19:16:12.307894  1730  1929 I am_cpu  : [4178,10070,d.process.acore,72750,10,10]
04-12 19:16:12.307902  1730  1929 I am_cpu  : [4241,1000,sion.aod:dreams,72750,10,10]
04-12 19:16:12.307907  1730  1929 I am_cpu  : [4345,10169,tech.palm.id,72750,0,30]
04-12 19:16:12.307912  1730  1929 I am_cpu  : [4401,1000,m.transsion.aod,72750,0,20]
04-12 19:16:12.307916  1730  1929 I am_cpu  : [4410,10190,ivoiceassistant,72750,0,60]
04-12 19:16:12.307922  1730  1929 I am_cpu  : [4586,10172,.screenrecorder,72750,0,30]
04-12 19:16:12.307927  1730  1929 I am_cpu  : [4594,1000,sion.batterylab,72750,0,10]
04-12 19:16:12.307931  1730  1929 I am_cpu  : [4640,10117,icore.nexusflow,72750,60,40]
04-12 19:16:12.307935  1730  1929 I am_cpu  : [4694,10142,tech.palm.find,72750,10,30]
04-12 19:16:12.307940  1730  1929 I am_cpu  : [4910,10226,id.apps.restore,72750,0,20]
04-12 19:16:12.307945  1730  1929 I am_cpu  : [5010,1000,sion.iotservice,72750,230,330]
04-12 19:16:12.307950  1730  1929 I am_cpu  : [5267,1000,ranssion.zahooc,72750,80,90]
04-12 19:16:12.307955  1730  1929 I am_cpu  : [5401,10178,ssion.deskclock,72750,0,50]
04-12 19:16:12.307960  1730  1929 I am_cpu  : [5563,10221,id.partnersetup,320352,20,20]
04-12 19:16:12.307964  1730  1929 I am_cpu  : [5631,0,kworker/5:4H-kblockd,169383,0,10]
04-12 19:16:12.307969  1730  1929 I am_cpu  : [5714,10131,e.android.mosey,72750,0,20]
04-12 19:16:12.307973  1730  1929 I am_cpu  : [6085,10133,pio.securitycom,72750,0,30]
04-12 19:16:12.307991  1730  1929 I am_cpu  : [6332,0,usap64,72750,770,540]
04-12 19:16:12.307997  1730  1929 I am_cpu  : [6487,10281,android.rkpdapp,72750,10,20]
04-12 19:16:12.308002  1730  1929 I am_cpu  : [6556,10152,.debug.loggerui,72749,0,70]
04-12 19:16:12.308006  1730  1929 I am_cpu  : [6563,10212,arhead:provider,591763,0,20]
04-12 19:16:12.308010  1730  1929 I am_cpu  : [6599,0,usap64,169383,0,10]
04-12 19:16:12.308015  1730  1929 I am_cpu  : [6600,0,usap64,72750,780,510]
04-12 19:16:12.308019  1730  1929 I am_cpu  : [6697,0,kworker/u16:0-events_unbound,72750,0,170]
04-12 19:16:12.308023  1730  1929 I am_cpu  : [6698,0,kworker/u16:2-events_unbound,72750,0,240]
04-12 19:16:12.308029  1730  1929 I am_cpu  : [6699,0,kworker/u16:3-events_unbound,72750,0,90]
04-12 19:16:12.308035  1730  1929 I am_cpu  : [6700,0,kworker/u16:4-events_unbound,72750,0,150]
04-12 19:16:12.308039  1730  1929 I am_cpu  : [6701,0,kworker/u16:6-events_unbound,72750,0,150]
04-12 19:16:12.308042  1730  1929 I am_cpu  : [6702,0,kworker/u16:7-events_unbound,72750,0,60]
04-12 19:16:12.308046  1730  1929 I am_cpu  : [6705,0,kworker/u16:9-events_unbound,72750,0,110]
04-12 19:16:12.308049  1730  1929 I am_cpu  : [6706,0,kworker/u16:10-ged_fence,72750,0,210]
04-12 19:16:12.308054  1730  1929 I am_cpu  : [6716,10112,ion.aicore.main,72750,0,20]
04-12 19:16:12.308058  1730  1929 I am_cpu  : [6858,0,kworker/u16:13-events_unbound,72750,0,120]
04-12 19:16:12.308062  1730  1929 I am_cpu  : [6862,10213,d.configupdater,963875,0,30]
04-12 19:16:12.308066  1730  1929 I am_cpu  : [7078,10231,android.vending,72750,450,260]
04-12 19:16:12.308070  1730  1929 I am_cpu  : [7133,10276,ssioncontroller,320352,10,20]
04-12 19:16:12.308074  1730  1929 I am_cpu  : [7192,0,kworker/5:3-events,72750,0,40]
04-12 19:16:12.308077  1730  1929 I am_cpu  : [7211,10229,oid.setupwizard,72750,0,20]
04-12 19:16:12.308081  1730  1929 I am_cpu  : [7306,10232,.android.gms.ui,72750,10,80]
04-12 19:16:12.308085  1730  1929 I am_cpu  : [7448,10144,nssion.trancare,72750,110,120]
04-12 19:16:12.308089  1730  1929 I am_cpu  : [7468,10238,.lite.transsion,72750,20,40]
04-12 19:16:12.308093  1730  1929 I am_cpu  : [7656,0,usap64,72750,50,100]
04-12 19:16:12.308098  1730  1929 I am_cpu  : [7760,10255,webview_service,621967,0,10]
04-12 19:16:12.308103  1730  1929 I am_cpu  : [7825,10264,.adservices.api,72750,50,50]
04-12 19:16:12.308107  1730  1929 I am_cpu  : [7947,10129,ion.cloudserver,72750,430,380]
04-12 19:16:12.308111  1730  1929 I am_cpu  : [7953,10135,ion.phonemaster,72750,100,70]
04-12 19:16:12.308115  1730  1929 I am_cpu  : [8131,10208,izedService.xos,72750,0,70]
04-12 19:16:12.308120  1730  1929 I am_cpu  : [8345,0,kworker/u16:14-ged_fence,72750,0,80]
04-12 19:16:12.308124  1730  1929 I am_cpu  : [8468,0,kworker/7:0-events,72750,0,100]
04-12 19:16:12.308128  1730  1929 I am_cpu  : [8534,0,kworker/0:1-kdmflush/254:79,72750,0,160]
04-12 19:16:12.308132  1730  1929 I am_cpu  : [8599,0,kworker/u17:0-ufs_clk_gating_0,72750,0,160]
04-12 19:16:12.308135  1730  1929 I am_cpu  : [8635,0,kworker/1:1-mm_percpu_wq,72749,0,40]
04-12 19:16:12.308141  1730  1929 I am_cpu  : [8792,99009,ocessService0:0,0,0,0]
04-12 19:16:12.308149  1730  1929 I am_cpu  : [8858,0,kworker/6:0H-ipi_comm,0,0,0]
04-12 19:16:12.308155  1730  1929 I am_cpu  : [8859,0,kworker/0:0H-kblockd,0,0,0]
04-12 19:16:12.308160  1730  1929 I am_cpu  : [8860,0,usap64,0,0,0]
04-12 19:16:12.308164  1730  1929 I am_cpu  : [8861,0,usap64,0,0,0]
04-12 19:16:12.308170  1730  1929 I am_cpu  : [8900,10215,transsnet.store,0,0,0]
04-12 19:16:12.308174  1730  1929 I am_cpu  : [9099,0,usap64,72750,20,50]
04-12 19:16:12.308179  1730  1929 I am_cpu  : [9119,10233,hbox:interactor,0,0,0]
04-12 19:16:12.308184  1730  1929 I am_cpu  : [9169,10231,ding:background,0,0,0]
04-12 19:16:12.308189  1730  1929 I am_cpu  : [9320,10241,.android.chrome,0,0,0]
04-12 19:16:12.308194  1730  1929 I am_cpu  : [9347,10230,.apps.wellbeing,0,0,0]
04-12 19:16:12.308199  1730  1929 I am_cpu  : [9433,0,osi,72750,0,10]
04-12 19:16:12.308204  1730  1929 I am_cpu  : [9438,0,osi_bin,72750,0,10]
04-12 19:16:12.308209  1730  1929 I am_cpu  : [9506,10231,ng:quick_launch,0,0,0]
04-12 19:16:12.308213  1730  1929 I am_cpu  : [9631,0,kworker/2:2-mm_percpu_wq,0,0,0]
04-12 19:16:12.308218  1730  1929 I am_cpu  : [9632,0,kworker/3:2-events,0,0,0]
04-12 19:16:12.308221  1730  1929 I am_cpu  : [9755,1000,sion.tranengine,72751,10,30]
04-12 19:16:12.308226  1730  1929 I am_cpu  : [9923,10126,at.appupdate.ui,72751,30,40]
04-12 19:16:12.308230  1730  1929 I am_cpu  : [10379,0,usap64,72751,20,70]
04-12 19:16:12.308234  1730  1929 I am_cpu  : [13150,1000,on.phonemanager,72751,0,30]
04-12 19:16:12.308238  1730  1929 I am_cpu  : [14696,10232,id.gms.unstable,591764,570,190]
04-12 19:16:12.308245  1730  1929 I am_cpu  : [14936,1000,ssion.letswitch,72751,0,20]
04-12 19:16:12.308249  1730  1929 I am_cpu  : [15106,10082,viders.calendar,72751,10,10]
04-12 19:16:12.308253  1730  1929 I am_cpu  : [16565,10175,sion.atomiccore,72751,10,30]
04-12 19:16:12.308257  1730  1929 I am_cpu  : [17346,10167,a.questionnaire,72751,0,30]
04-12 19:16:12.308261  1730  1929 I am_cpu  : [17358,10169,h.palm.id:cloud,72751,0,10]
04-12 19:16:12.308265  1730  1929 I am_cpu  : [18460,1000,n.settings.wifi,72751,10,80]
04-12 19:16:12.308269  1730  1929 I am_cpu  : [19116,10132,on.globalsearch,72751,0,40]
04-12 19:16:12.308273  1730  1929 I am_cpu  : [19258,10173,gs.intelligence,72751,0,10]
04-12 19:16:12.308277  1730  1929 I am_cpu  : [19402,10099,id.printspooler,72751,0,10]
04-12 19:16:12.308280  1730  1929 I am_cpu  : [19631,10166,om.transsion.sk,72751,0,30]
04-12 19:16:12.308284  1730  1929 I am_cpu  : [19757,10075,d.process.media,72751,0,20]
04-12 19:16:12.308288  1730  1929 I am_cpu  : [20377,1000,.batterywarning,72751,0,10]
04-12 19:16:12.308291  1730  1929 I am_cpu  : [20467,1000,m.transsion.usf,72751,380,790]
04-12 19:16:12.308294  1730  1929 I am_cpu  : [21193,0,kworker/u16:1-events_unbound,72751,0,110]
04-12 19:16:12.308298  1730  1929 I am_cpu  : [22314,0,kworker/4:1-pm,72751,0,20]
04-12 19:16:12.308301  1730  1929 I am_cpu  : [23232,0,kworker/3:0H-kblockd,621968,0,30]
04-12 19:16:12.308304  1730  1929 I am_cpu  : [24232,99003,ocessService0:1,72751,10,30]
04-12 19:16:12.308308  1730  1929 I am_cpu  : [24435,0,kworker/4:2H-kverityd,72751,0,20]
04-12 19:16:12.308312  1730  1929 I am_cpu  : [24890,10211,.google.ar.core,72751,0,20]
04-12 19:16:12.308316  1730  1929 I am_cpu  : [25322,1000,on.systemupdate,72751,10,10]
04-12 19:16:12.308320  1730  1929 I am_cpu  : [27008,0,kworker/1:6H,621969,0,20]
04-12 19:16:12.308322  1730  1929 I am_cpu  : [27573,0,kworker/6:1-pm,72752,0,30]
04-12 19:16:12.308326  1730  1929 I am_cpu  : [27600,0,kworker/u16:11-events_unbound,72752,0,80]
04-12 19:16:12.308330  1730  1929 I am_cpu  : [27602,0,kworker/u16:12-events_unbound,72752,0,50]
04-12 19:16:12.308334  1730  1929 I am_cpu  : [27916,0,kworker/7:1-events,72752,0,130]
04-12 19:16:12.308337  1730  1929 I am_cpu  : [29434,0,kworker/3:0,72752,0,30]
04-12 19:16:12.308341  1730  1929 I am_cpu  : [29642,0,kworker/2:4H-kverityd,72752,0,30]
04-12 19:16:12.308345  1730  1929 I am_cpu  : [30026,10232,gle.android.gms,72751,980,580]
04-12 19:16:12.308348  1730  1929 I am_cpu  : [31012,10255,iew:webview_apk,963875,20,10]
04-12 19:16:12.308352  1730  1929 I am_cpu  : [31528,10232,.gms.persistent,72751,2070,1350]
04-12 19:16:12.308356  1730  1929 I am_cpu  : [31711,1010,wpa_supplicant,72751,0,10]
04-12 19:16:12.308359  1730  1929 I am_cpu  : [32163,0,kworker/5:0,72751,0,40]
04-12 19:16:12.308363  1730  1929 I am_cpu  : [32190,0,kworker/2:1,72751,0,40]
04-12 19:18:44.238399 31528  8979 I c2dm    : [-1,,9,9]
04-12 19:18:44.864487  1730  1916 I am_uid_idle: 10281
04-12 19:18:44.865633  1730  1916 I am_uid_idle: 10276
04-12 19:18:44.866358  1730  1916 I am_uid_idle: 10264
04-12 19:18:44.866551  1730  1916 I am_uid_idle: 10241
04-12 19:18:44.866639  1730  1916 I am_uid_idle: 10233
04-12 19:18:44.866716  1730  1916 I am_uid_idle: 10231
04-12 19:18:44.866795  1730  1916 I am_uid_idle: 10230
04-12 19:18:44.866871  1730  1916 I am_uid_idle: 10215
04-12 19:25:07.633000   554   554 I auditd  : type=1400 audit(0.0:4309): avc:  denied  { read } for  comm="logd.writer" name="u:object_r:bluetooth_prop:s0" dev="tmpfs" ino=173 scontext=u:r:logd:s0 tcontext=u:object_r:bluetooth_prop:s0 tclass=file permissive=0
04-12 19:25:07.637000   554   554 I auditd  : type=1400 audit(0.0:4310): avc:  denied  { read } for  comm="logd.writer" name="u:object_r:bluetooth_prop:s0" dev="tmpfs" ino=173 scontext=u:r:logd:s0 tcontext=u:object_r:bluetooth_prop:s0 tclass=file permissive=0
04-12 19:25:07.645000   554   554 I auditd  : type=1400 audit(0.0:4311): avc:  denied  { read } for  comm="logd.writer" name="u:object_r:bluetooth_prop:s0" dev="tmpfs" ino=173 scontext=u:r:logd:s0 tcontext=u:object_r:bluetooth_prop:s0 tclass=file permissive=0
04-12 19:25:07.657000   554   554 I auditd  : type=1400 audit(0.0:4312): avc:  denied  { read } for  comm="logd.writer" name="u:object_r:bluetooth_prop:s0" dev="tmpfs" ino=173 scontext=u:r:logd:s0 tcontext=u:object_r:bluetooth_prop:s0 tclass=file permissive=0
04-12 19:28:34.881815 31528  9638 I c2dm    : [-1,,10,10]
04-12 19:28:52.314677  1730  1916 I am_cpu  : [1,0,init,8337,0,10]
04-12 19:28:52.314775  1730  1916 I am_cpu  : [15,0,ksoftirqd/0,8338,0,10]
04-12 19:28:52.314783  1730  1916 I am_cpu  : [16,0,rcu_preempt,8338,0,20]
04-12 19:28:52.314788  1730  1916 I am_cpu  : [17,0,rcuog/0,8338,0,40]
04-12 19:28:52.314792  1730  1916 I am_cpu  : [18,0,rcuop/0,8338,0,10]
04-12 19:28:52.314796  1730  1916 I am_cpu  : [27,0,migration/1,8339,0,10]
04-12 19:28:52.314800  1730  1916 I am_cpu  : [34,0,migration/2,81088,0,10]
04-12 19:28:52.314804  1730  1916 I am_cpu  : [38,0,rcuop/2,8339,0,10]
04-12 19:28:52.314807  1730  1916 I am_cpu  : [45,0,rcuop/3,8339,0,10]
04-12 19:28:52.314811  1730  1916 I am_cpu  : [48,0,migration/4,8339,0,10]
04-12 19:28:52.314815  1730  1916 I am_cpu  : [52,0,rcuog/4,8340,0,20]
04-12 19:28:52.314819  1730  1916 I am_cpu  : [60,0,rcuop/5,8340,0,10]
04-12 19:28:52.314823  1730  1916 I am_cpu  : [74,0,rcuop/7,8340,0,10]
04-12 19:28:52.314828  1730  1916 I am_cpu  : [204,0,irq/290-rcs_irq,8342,0,20]
04-12 19:28:52.314834  1730  1916 I am_cpu  : [412,0,init,8345,10,0]
04-12 19:28:52.314838  1730  1916 I am_cpu  : [413,0,ueventd,8345,10,10]
04-12 19:28:52.314844  1730  1916 I am_cpu  : [534,1092,prng_seeder,8345,0,10]
04-12 19:28:52.314848  1730  1916 I am_cpu  : [554,1036,logd,8345,20,90]
04-12 19:28:52.314853  1730  1916 I am_cpu  : [555,1069,lmkd,8345,0,10]
04-12 19:28:52.314856  1730  1916 I am_cpu  : [561,1000,vndservicemanag,8345,0,10]
04-12 19:28:52.314860  1730  1916 I am_cpu  : [581,0,binder:581_2,8346,0,10]
04-12 19:28:52.314866  1730  1916 I am_cpu  : [643,0,aee_aed64_v2,8346,0,10]
04-12 19:28:52.314869  1730  1916 I am_cpu  : [645,0,aee_aedv64_v2,8346,0,10]
04-12 19:28:52.314873  1730  1916 I am_cpu  : [655,1000,android.system.,8346,20,1920]
04-12 19:28:52.314877  1730  1916 I am_cpu  : [690,0,f2fs_ckpt-254:79,8347,0,30]
04-12 19:28:52.314884  1730  1916 I am_cpu  : [947,0,conninfra_cored,8348,0,40]
04-12 19:28:52.314890  1730  1916 I am_cpu  : [1011,0,kfps,8348,0,20]
04-12 19:28:52.314894  1730  1916 I am_cpu  : [1040,0,battery_manager_serivce,8348,0,20]
04-12 19:28:52.314898  1730  1916 I am_cpu  : [1074,0,binder:1074_3,8348,10,40]
04-12 19:28:52.314905  1730  1916 I am_cpu  : [1076,1066,binder:1076_2,8349,0,10]
04-12 19:28:52.314911  1730  1916 I am_cpu  : [1077,0,iptables-restor,8348,10,0]
04-12 19:28:52.314916  1730  1916 I am_cpu  : [1078,0,ip6tables-resto,8348,0,10]
04-12 19:28:52.314920  1730  1916 I am_cpu  : [1089,1041,binder:1089_2,8348,10,10]
04-12 19:28:52.314924  1730  1916 I am_cpu  : [1100,1000,android.hardwar,8349,0,20]
04-12 19:28:52.314927  1730  1916 I am_cpu  : [1102,1068,binder:1102_2,8349,0,10]
04-12 19:28:52.314931  1730  1916 I am_cpu  : [1108,1000,android.hardwar,8348,0,10]
04-12 19:28:52.314934  1730  1916 I am_cpu  : [1114,1000,android.hardwar,8348,10,0]
04-12 19:28:52.314938  1730  1916 I am_cpu  : [1119,1000,android.hardwar,8348,0,10]
04-12 19:28:52.314941  1730  1916 I am_cpu  : [1145,0,vendor.mediatek,8349,0,10]
04-12 19:28:52.314945  1730  1916 I am_cpu  : [1196,1041,audioserver,8350,0,10]
04-12 19:28:52.314948  1730  1916 I am_cpu  : [1204,1000,surfaceflinger,8351,190,180]
04-12 19:28:52.314952  1730  1916 I am_cpu  : [1206,0,hiber,8351,0,10]
04-12 19:28:52.314957  1730  1916 I am_cpu  : [1214,1000,ccci_mdinit,8350,0,10]
04-12 19:28:52.314960  1730  1916 I am_cpu  : [1220,1001,ccci_rpcd,8350,0,10]
04-12 19:28:52.314966  1730  1916 I am_cpu  : [1298,0,adbd,8352,0,10]
04-12 19:28:52.314969  1730  1916 I am_cpu  : [1300,0,mali-gpuq-kthread,8351,0,90]
04-12 19:28:52.314973  1730  1916 I am_cpu  : [1321,9999,traced,8351,0,10]
04-12 19:28:52.314976  1730  1916 I am_cpu  : [1343,0,thermal_core,8351,0,10]
04-12 19:28:52.314980  1730  1916 I am_cpu  : [1344,1001,mtkfusionrild,8351,0,60]
04-12 19:28:52.314984  1730  1916 I am_cpu  : [1359,1021,mnld,8352,10,20]
04-12 19:28:52.314988  1730  1916 I am_cpu  : [1365,1067,binder:1365_2,8352,0,10]
04-12 19:28:52.314991  1730  1916 I am_cpu  : [1399,2000,emdlogger,8352,0,10]
04-12 19:28:52.314995  1730  1916 I am_cpu  : [1401,2000,binder:1401_2,8351,0,10]
04-12 19:28:52.314998  1730  1916 I am_cpu  : [1406,1000,mobile_log_d,8351,20,70]
04-12 19:28:52.315002  1730  1916 I am_cpu  : [1416,1047,binder:1416_2,8352,0,10]
04-12 19:28:52.315005  1730  1916 I am_cpu  : [1419,1000,chg_sence,8352,0,10]
04-12 19:28:52.315009  1730  1916 I am_cpu  : [1420,0,eara_io_service,8352,0,10]
04-12 19:28:52.315013  1730  1916 I am_cpu  : [1437,1000,binder:1437_2,8352,0,10]
04-12 19:28:52.315016  1730  1916 I am_cpu  : [1450,1000,binder:1450_2,8352,0,10]
04-12 19:28:52.315021  1730  1916 I am_cpu  : [1509,1000,binder:1509_2,8352,0,10]
04-12 19:28:52.315025  1730  1916 I am_cpu  : [1730,1000,system_server,8352,230,510]
04-12 19:28:52.315029  1730  1916 I am_cpu  : [2069,0,kworker/7:5H-kverityd,81103,0,10]
04-12 19:28:52.315033  1730  1916 I am_cpu  : [2154,1000,n.spacesaversdk,8353,0,10]
04-12 19:28:52.315037  1730  1916 I am_cpu  : [2328,1010,binder:2328_2,8353,0,10]
04-12 19:28:52.315042  1730  1916 I am_cpu  : [2406,10148,ssion.launcher3,8353,0,30]
04-12 19:28:52.315048  1730  1916 I am_cpu  : [2411,10179,ranssion.camera,8353,0,10]
04-12 19:28:52.315052  1730  1916 I am_cpu  : [2584,1073,rkstack.process,8353,10,20]
04-12 19:28:52.315055  1730  1916 I am_cpu  : [2608,1002,droid.bluetooth,8353,0,30]
04-12 19:28:52.315059  1730  1916 I am_cpu  : [2639,1001,m.android.phone,8353,0,80]
04-12 19:28:52.315064  1730  1916 I am_cpu  : [2659,1001,om.mediatek.ims,8352,0,10]
04-12 19:28:52.315069  1730  1916 I am_cpu  : [2712,1000,on.tranradionet,8352,10,20]
04-12 19:28:52.315073  1730  1916 I am_cpu  : [2727,10146,ndroid.systemui,8352,10,60]
04-12 19:28:52.315077  1730  1916 I am_cpu  : [2764,10199,custompictorial,8353,830,270]
04-12 19:28:52.315081  1730  1916 I am_cpu  : [2950,10261,marvin.talkback,8353,0,10]
04-12 19:28:52.315087  1730  1916 I am_cpu  : [3122,1000,ndroid.settings,8353,0,20]
04-12 19:28:52.315090  1730  1916 I am_cpu  : [3311,0,main_thread,8353,0,20]
04-12 19:28:52.315094  1730  1916 I am_cpu  : [3329,0,hif_thread,8353,0,130]
04-12 19:28:52.315098  1730  1916 I am_cpu  : [3330,0,rx_thread,8353,0,10]
04-12 19:28:52.315102  1730  1916 I am_cpu  : [3536,10145,ion.atomicbrain,8353,0,10]
04-12 19:28:52.315105  1730  1916 I am_cpu  : [3789,10271,rs.media.module,8353,50,30]
04-12 19:28:52.315109  1730  1916 I am_cpu  : [3879,10158,.mobile.service,8353,10,20]
04-12 19:28:52.315115  1730  1916 I am_cpu  : [3901,1027,com.android.nfc,8353,0,10]
04-12 19:28:52.315118  1730  1916 I am_cpu  : [4009,0,frs,8353,0,10]
04-12 19:28:52.315122  1730  1916 I am_cpu  : [4017,0,touch-main-loop,8352,0,10]
04-12 19:28:52.315126  1730  1916 I am_cpu  : [4028,1000,kolun.aiservice,8352,0,30]
04-12 19:28:52.315131  1730  1916 I am_cpu  : [4087,1000,sion.smartpanel,8353,0,10]
04-12 19:28:52.315135  1730  1916 I am_cpu  : [4161,10190,eractionservice,8353,0,10]
04-12 19:28:52.315142  1730  1916 I am_cpu  : [4178,10070,d.process.acore,8353,10,10]
04-12 19:28:52.315148  1730  1916 I am_cpu  : [4241,1000,sion.aod:dreams,8353,0,10]
04-12 19:28:52.315152  1730  1916 I am_cpu  : [4345,10169,tech.palm.id,8353,0,10]
04-12 19:28:52.315158  1730  1916 I am_cpu  : [4410,10190,ivoiceassistant,8353,0,20]
04-12 19:28:52.315162  1730  1916 I am_cpu  : [4594,1000,sion.batterylab,8353,0,10]
