04-12 20:35:18.209891  7306  7306 I wm_on_top_resumed_lost_called: [77716765,com.google.android.gms.octarine.ui.OctarineActivity,topStateChangedWhenResumed]
04-12 20:35:18.211185  2406  2406 I wm_on_restart_called: [24013077,com.android.launcher3.uioverrides.QuickstepLauncher,performRestart,0]
04-12 20:35:18.213118  1730  2050 I job_deferred_execution: 5421495
04-12 20:35:18.214270  2727  2933 I jank_cuj_events_cancel_request: [0,1775997318214119000,256232036717238,6806592417020]
04-12 20:35:18.214288  2727  2933 I jank_cuj_events_cancel_request: [5,1775997318214148000,256232036745623,6806592445636]
04-12 20:35:18.216059  2406  2406 I wm_on_start_called: [24013077,com.android.launcher3.uioverrides.QuickstepLauncher,handleStartActivity,5]
04-12 20:35:18.217261  1730  1899 I snet_event_log: updateFrameRateVote [pkg = com.android.systemui title = com.android.systemui.wallpapers.ImageWallpaper refreshRate = 120.00001 modeId = 2 setting =10000 peak = 120.0 mTopApp = com.transsion.launcher3]
04-12 20:35:18.217393  1730  1899 I wm_wallpaper_surface: [0,1,Window{5b08062 u0 com.transsion.launcher3/com.android.launcher3.uioverrides.QuickstepLauncher}]
04-12 20:35:18.221787  2406  2406 I wm_on_resume_called: [24013077,com.android.launcher3.uioverrides.QuickstepLauncher,RESUME_ACTIVITY,4]
04-12 20:35:18.227318  1730  4381 I am_uid_active: 10132
04-12 20:35:18.234575  1730  1899 I snet_event_log: updateFrameRateVote [pkg = com.transsion.launcher3 title = com.transsion.launcher3/com.android.launcher3.uioverrides.QuickstepLauncher refreshRate = 120.00001 modeId = 2 setting =10000 peak = 120.0 mTopApp = com.transsion.launcher3]
04-12 20:35:18.242255  1730  2013 I netstats_mobile_sample: [0,0,0,0,0,0,0,0,1775997319238]
04-12 20:35:18.242466  1730  2013 I netstats_wifi_sample: [564094215,53863427,494631,136513,563423953,52827472,493062,132299,1775997319238]
04-12 20:35:18.244515  2406  2406 I viewroot_draw_event: [VRI[QuickstepLauncher],Start draw after previous draw not visible]
04-12 20:35:18.248891  2406  2406 I viewroot_draw_event: [VRI[QuickstepLauncher],reportDrawFinished seqId=0]
04-12 20:35:18.249643  1730  4240 I input_cancel: [ca21bd9 com.google.android.gms/com.google.android.gms.octarine.ui.OctarineActivity,reason=input channel stole pointer stream]
04-12 20:35:18.249681  1730  4240 I input_cancel: [[Gesture Monitor] edge-swipe,reason=input channel stole pointer stream]
04-12 20:35:18.251934  2406  2406 I wm_on_top_resumed_gained_called: [24013077,com.android.launcher3.uioverrides.QuickstepLauncher,topStateChangedWhenResumed]
04-12 20:35:18.252244  1730  4240 I input_cancel: [[Gesture Monitor] TranGestureMonitor,reason=input channel stole pointer stream]
04-12 20:35:18.252305  1730  4240 I input_cancel: [[Gesture Monitor] TranGestureMonitor,reason=input channel stole pointer stream]
04-12 20:35:18.252736  1730  2156 I input_interaction: Interaction with: [Gesture Monitor] swipe-up, PointerEventDispatcher0, 
04-12 20:35:18.252982  2727  2933 I jank_cuj_events_end_request: [10425,1775997318252766000,256232075364315,6806631064174]
04-12 20:35:18.260494  1730  4240 I wm_pause_activity: [0,77716765,com.google.android.gms/.octarine.ui.OctarineActivity,userLeaving=true,pauseTaskTopActivity]
04-12 20:35:18.260788  7306  7306 I view_enqueue_input_event: [Motion - Cancel,com.google.android.gms/com.google.android.gms.octarine.ui.OctarineActivity]
04-12 20:35:18.270087  7306  7306 I wm_on_paused_called: [77716765,com.google.android.gms.octarine.ui.OctarineActivity,performPause,9]
04-12 20:35:18.271052  1730  1879 I sysui_multi_action: [319,27,322,0,325,6806,757,761,758,9,759,5,806,com.transsion.launcher3,871,com.android.launcher3.uioverrides.QuickstepLauncher,905,0,1320,4,1321,23]
04-12 20:35:18.280493  1730  1879 I sysui_multi_action: [757,803,799,window_time_0,802,1]
04-12 20:35:18.315125  1730  2521 I wm_set_resumed_activity: [0,com.transsion.launcher3/com.android.launcher3.uioverrides.QuickstepLauncher,setFocusedTask-alreadyTop]
04-12 20:35:18.315257  1730  1899 I input_focus: [Focus request recents_animation_input_consumer,reason=UpdateInputWindows]
04-12 20:35:18.328198  1730  2156 I input_focus: [Focus leaving ca21bd9 com.google.android.gms/com.google.android.gms.octarine.ui.OctarineActivity,reason=setFocusedWindow]
04-12 20:35:18.328303  1730  2156 I input_focus: [Focus entering recents_animation_input_consumer,reason=setFocusedWindow]
04-12 20:35:18.334597  2406  2889 I jank_cuj_events_begin_request: [10122,1775997318334081000,256232156678546,6806712378328,animator:App To Home]
04-12 20:35:18.334718  2406  2889 I jank_cuj_events_begin_request: [9,1775997318334140000,256232156737238,6806712437097,closeApp_Window]
04-12 20:35:18.402000 19116 19116 I auditd  : type=1400 audit(0.0:4437): avc:  denied  { read } for  comm=4F6E65494420576F726B6572 name="u:object_r:vendor_security_patch_level_prop:s0" dev="tmpfs" ino=888 scontext=u:r:priv_app:s0:c512,c768 tcontext=u:object_r:vendor_security_patch_level_prop:s0 tclass=file permissive=0 app=com.transsion.globalsearch
04-12 20:35:18.529133  1730  1879 I sysui_latency: [8,7]
04-12 20:35:18.534000 11127 11127 I auditd  : type=1400 audit(0.0:4438): avc:  denied  { read } for  comm=4F6E65494420576F726B6572 name="u:object_r:vendor_security_patch_level_prop:s0" dev="tmpfs" ino=888 scontext=u:r:platform_app:s0:c512,c768 tcontext=u:object_r:vendor_security_patch_level_prop:s0 tclass=file permissive=0 app=com.transsion.cloudserver
04-12 20:35:18.911122  2406  2889 I jank_cuj_events_end_request: [10122,1775997318911023000,256232733620700,6807289320713]
04-12 20:35:18.911154  2406  2889 I jank_cuj_events_end_request: [9,1775997318911105000,256232733702546,6807289402328]
04-12 20:35:18.911322  2406  2889 I jank_cuj_events_end_request: [9,1775997318911256000,256232733853315,6807289553405]
04-12 20:35:18.915733  1730  2325 I wm_add_to_stopping: [0,77716765,com.google.android.gms/.octarine.ui.OctarineActivity,makeInvisible]
04-12 20:35:18.917237  1730  2156 I input_focus: [Focus leaving recents_animation_input_consumer,reason=NOT_VISIBLE]
04-12 20:35:18.917601  1730  1899 I input_focus: [Focus request 5b08062 com.transsion.launcher3/com.android.launcher3.uioverrides.QuickstepLauncher,reason=UpdateInputWindows]
04-12 20:35:18.926407  1730  1898 I wm_stop_activity: [0,77716765,com.google.android.gms/.octarine.ui.OctarineActivity]
04-12 20:35:18.927081  1730  1899 I snet_event_log: updateFrameRateVote [pkg = com.android.systemui title = com.android.systemui.wallpapers.ImageWallpaper refreshRate = 90.0 modeId = 3 setting =10000 peak = 120.0 mTopApp = com.transsion.launcher3]
04-12 20:35:18.934532  1730  2156 I input_focus: [Focus entering 5b08062 com.transsion.launcher3/com.android.launcher3.uioverrides.QuickstepLauncher,reason=setFocusedWindow]
04-12 20:35:18.946239  7306  7306 I viewroot_draw_event: [VRI[OctarineActivity],Not drawing due to not visible. Reason=!mAppVisible && !mForceDecorViewVisibility]
04-12 20:35:18.947533  1730  4238 I am_uid_active: 10208
04-12 20:35:18.955693  7306  7306 I wm_on_stop_called: [77716765,com.google.android.gms.octarine.ui.OctarineActivity,STOP_ACTIVITY_ITEM,1]
04-12 20:35:19.024063  1730  1899 I snet_event_log: updateFrameRateVote [pkg = com.transsion.launcher3 title = ZeroScreen refreshRate = 120.00001 modeId = 2 setting =10000 peak = 120.0 mTopApp = com.transsion.launcher3]
04-12 20:35:19.042598  8131  8131 I viewroot_draw_event: [VRI[ZeroScreen],reportDrawFinished seqId=0]
04-12 20:35:19.050000  8131  8131 I auditd  : type=1400 audit(0.0:4439): avc:  denied  { read } for  comm=4F6E65494420576F726B6572 name="u:object_r:vendor_security_patch_level_prop:s0" dev="tmpfs" ino=888 scontext=u:r:untrusted_app:s0:c208,c256,c512,c768 tcontext=u:object_r:vendor_security_patch_level_prop:s0 tclass=file permissive=0 app=com.transsion.personalizedService.xos
04-12 20:35:19.075039  1730  1897 I commit_sys_config_file: [jobs,2]
04-12 20:35:19.237095  1730  2186 I netstats_mobile_sample: [0,0,0,0,0,0,0,0,1775997320233]
04-12 20:35:19.237277  1730  2186 I netstats_wifi_sample: [564207716,53917033,494801,136642,563555347,52881080,493246,132428,1775997320233]
04-12 20:35:19.494915  1730  2156 I input_interaction: Interaction with: 5b08062 com.transsion.launcher3/com.android.launcher3.uioverrides.QuickstepLauncher, 1b951a8 com.android.systemui.wallpapers.ImageWallpaper, [Gesture Monitor] edge-swipe, [Gesture Monitor] TranGestureMonitor, [Gesture Monitor] TranGestureMonitor, PointerEventDispatcher0, 
04-12 20:35:19.563238  2727  2933 I jank_cuj_events_end_request: [10425,1775997319563081000,256233385679392,6807941379174]
04-12 20:35:19.570058  1730  4238 I wm_task_moved: [30,30,0,1,5]
04-12 20:35:19.570077  1730  4238 I wm_task_to_front: [0,30,0]
04-12 20:35:19.570490  1730  4238 I wm_focused_root_task: [0,0,30,1,bringingFoundTaskToFront]
04-12 20:35:19.570579  1730  4238 I wm_new_intent: [0,91912697,30,com.gallery20/.HomeActivity,android.intent.action.MAIN,NULL,NULL,270532608]
04-12 20:35:19.572351  1730  4238 I wm_pause_activity: [0,24013077,com.transsion.launcher3/com.android.launcher3.uioverrides.QuickstepLauncher,userLeaving=true,pauseBackTasks]
04-12 20:35:19.575062  2406  2406 I wm_on_top_resumed_lost_called: [24013077,com.android.launcher3.uioverrides.QuickstepLauncher,topStateChangedWhenResumed]
04-12 20:35:19.575740  2406  2406 I wm_on_paused_called: [24013077,com.android.launcher3.uioverrides.QuickstepLauncher,performPause,1]
04-12 20:35:19.578286  1730  4238 I wm_add_to_stopping: [0,24013077,com.transsion.launcher3/com.android.launcher3.uioverrides.QuickstepLauncher,makeInvisible]
04-12 20:35:19.589097  1730  2957 I wm_set_resumed_activity: [0,com.gallery20/.HomeActivity,resumeTopActivity - onActivityStateChanged]
04-12 20:35:19.592558  1730  2957 I wm_resume_activity: [0,91912697,30,com.gallery20/.HomeActivity]
04-12 20:35:19.593866  1730  1899 I snet_event_log: updateFrameRateVote [pkg = com.android.systemui title = com.android.systemui.wallpapers.ImageWallpaper refreshRate = 120.00001 modeId = 2 setting =10000 peak = 120.0 mTopApp = com.transsion.launcher3]
04-12 20:35:19.594971  2406  2889 I jank_cuj_events_begin_request: [8,1775997319594830000,256233417427162,6807973127174,openApp_Window]
04-12 20:35:19.595801 10379 10379 I wm_on_restart_called: [91912697,com.gallery20.HomeActivity,performRestart,1]
04-12 20:35:19.597853  1730  1879 I sysui_multi_action: [757,803,799,window_time_0,802,1]
04-12 20:35:19.598102  2727  2727 I sysui_heads_up_status: [-1|android|26|null|1000,0]
04-12 20:35:19.598630 10379 10379 I wm_on_start_called: [91912697,com.gallery20.HomeActivity,handleStartActivity,2]
04-12 20:35:19.599237  1730  1880 I am_uid_active: 10151
04-12 20:35:19.599273  1730  1880 I am_uid_active: 10117
04-12 20:35:19.602223 10379 10379 I wm_on_resume_called: [91912697,com.gallery20.HomeActivity,RESUME_ACTIVITY,2]
04-12 20:35:19.604263  1730  2156 I input_focus: [Focus leaving 5b08062 com.transsion.launcher3/com.android.launcher3.uioverrides.QuickstepLauncher,reason=NO_WINDOW]
04-12 20:35:19.606000  1145  1145 I auditd  : type=1400 audit(0.0:4441): avc:  denied  { getattr } for  comm="vendor.mediatek" path="/proc/2727" dev="proc" ino=211430 scontext=u:r:mtk_hal_power:s0 tcontext=u:r:platform_app:s0:c512,c768 tclass=dir permissive=0
04-12 20:35:19.606000  1145  1145 I auditd  : type=1400 audit(0.0:4442): avc:  denied  { search } for  comm="vendor.mediatek" name="2727" dev="proc" ino=211430 scontext=u:r:mtk_hal_power:s0 tcontext=u:r:platform_app:s0:c512,c768 tclass=dir permissive=0
04-12 20:35:19.606000  1145  1145 I auditd  : type=1400 audit(0.0:4443): avc:  denied  { search } for  comm="mtkPowerMsgHdl" name="2727" dev="proc" ino=211430 scontext=u:r:mtk_hal_power:s0 tcontext=u:r:platform_app:s0:c512,c768 tclass=dir permissive=0
04-12 20:35:19.606000  1145  1145 I auditd  : type=1400 audit(0.0:4444): avc:  denied  { search } for  comm="mtkPowerMsgHdl" name="2727" dev="proc" ino=211430 scontext=u:r:mtk_hal_power:s0 tcontext=u:r:platform_app:s0:c512,c768 tclass=dir permissive=0
04-12 20:35:19.614424  1730  1899 I snet_event_log: updateFrameRateVote [pkg = com.gallery20 title = SnapshotStartingWindow for taskId=30 refreshRate = 120.00001 modeId = 2 setting =10000 peak = 120.0 mTopApp = com.transsion.launcher3]
04-12 20:35:19.610000  1145  1145 I auditd  : type=1400 audit(0.0:4445): avc:  denied  { getattr } for  comm="vendor.mediatek" path="/proc/2727" dev="proc" ino=211430 scontext=u:r:mtk_hal_power:s0 tcontext=u:r:platform_app:s0:c512,c768 tclass=dir permissive=0
04-12 20:35:19.627418 10379 10379 I wm_on_top_resumed_gained_called: [91912697,com.gallery20.HomeActivity,topWhenResuming]
04-12 20:35:19.628013  2727  2933 I jank_cuj_events_begin_request: [13,1775997319627890000,256233450487469,6808006187482,]
04-12 20:35:19.628280  1730  2521 I netstats_mobile_sample: [0,0,0,0,0,0,0,0,1775997320624]
04-12 20:35:19.629484  1730  2521 I netstats_wifi_sample: [564224549,53924391,494834,136679,563572128,52888498,493278,132466,1775997320624]
04-12 20:35:19.637682  1730  1899 I snet_event_log: updateFrameRateVote [pkg = com.gallery20 title = com.gallery20/com.gallery20.HomeActivity refreshRate = 120.00001 modeId = 2 setting =10000 peak = 120.0 mTopApp = com.gallery20]
04-12 20:35:19.638899  1730  1899 I input_focus: [Focus request 8b1282a com.gallery20/com.gallery20.HomeActivity,reason=UpdateInputWindows]
04-12 20:35:19.638976 10379 10379 I viewroot_draw_event: [VRI[HomeActivity],Start draw after previous draw not visible]
04-12 20:35:19.641913  1730  2050 I job_deferred_execution: 48961635
04-12 20:35:19.646982 10379 10379 I viewroot_draw_event: [VRI[HomeActivity],reportDrawFinished seqId=0]
04-12 20:35:19.664900  1730  1879 I sysui_multi_action: [319,18,321,62,322,86,325,6807,757,761,758,9,759,2,806,com.gallery20,871,com.gallery20.HomeActivity,904,com.transsion.launcher3,905,0,1320,8,1321,1]
04-12 20:35:19.665928  1730  2050 I job_deferred_execution: 48961658
04-12 20:35:19.668649  1730  2156 I input_focus: [Focus entering 8b1282a com.gallery20/com.gallery20.HomeActivity,reason=Window became focusable. Previous reason: NOT_VISIBLE]
04-12 20:35:20.002595  2727  2933 I jank_cuj_events_end_request: [13,1775997320001926000,256233824523700,6808380223482]
04-12 20:35:20.037986  1730  2488 I sysui_multi_action: [757,128,758,2,793,8632,794,5652,795,8632,796,26,798,1,806,android,857,DEVELOPER_IMPORTANT,858,4,946,-1|android|g:Aggregate_Aler-df069087,947,0,1395,12,1500,5652,1688,1]
04-12 20:35:20.038039  1730  2488 I notification_visibility: [-1|android|26|null|1000,0,8632,8632,0,1]
04-12 20:35:20.055370  2727  2933 I jank_cuj_events_end_request: [13,1775997320055304000,256233877902162,6808433601944]
04-12 20:35:20.069023  1730  2325 I sysui_multi_action: [757,127,758,2]
04-12 20:35:20.069123  1730  2325 I notification_panel_hidden: 
04-12 20:35:20.088035  2727  2727 I viewroot_draw_event: [VRI[NotificationShade],Not drawing due to not visible. Reason=View.INVISIBLE]
04-12 20:35:20.126571  2406  2889 I jank_cuj_events_end_request: [8,1775997320124116000,256233946713546,6808502413405]
04-12 20:35:20.130499  1730  1899 I wm_wallpaper_surface: [0,0,Window{5b08062 u0 com.transsion.launcher3/com.android.launcher3.uioverrides.QuickstepLauncher}]
04-12 20:35:20.145316  2406  2406 I viewroot_draw_event: [VRI[QuickstepLauncher],Not drawing due to not visible. Reason=!mAppVisible && !mForceDecorViewVisibility]
04-12 20:35:20.147000  1730  1899 I snet_event_log: updateFrameRateVote [pkg = com.android.systemui title = com.android.systemui.wallpapers.ImageWallpaper refreshRate = 90.0 modeId = 3 setting =10000 peak = 120.0 mTopApp = com.gallery20]
04-12 20:35:20.147200  1730  1899 I snet_event_log: updateFrameRateVote [pkg = com.gallery20 title = com.gallery20/com.gallery20.HomeActivity refreshRate = 90.0 modeId = 3 setting =10000 peak = 120.0 mTopApp = com.gallery20]
04-12 20:35:20.154431  1730  1898 I wm_stop_activity: [0,24013077,com.transsion.launcher3/com.android.launcher3.uioverrides.QuickstepLauncher]
04-12 20:35:20.164269  8131  8131 I viewroot_draw_event: [VRI[ZeroScreen],Not drawing due to not visible. Reason=!mAppVisible && !mForceDecorViewVisibility]
04-12 20:35:20.165078  2406  2406 I wm_on_stop_called: [24013077,com.android.launcher3.uioverrides.QuickstepLauncher,STOP_ACTIVITY_ITEM,7]
04-12 20:35:20.258432  1730  2061 I commit_sys_config_file: [settings-0-0,3]
04-12 20:35:20.396614  1730  2061 I commit_sys_config_file: [settings-1-0,1]
04-12 20:35:20.418759  1730  2065 I am_unfreeze: [14696,com.google.android.gms.unstable,6]
04-12 20:35:20.447080  1730  2156 I input_interaction: Interaction with: 8b1282a com.gallery20/com.gallery20.HomeActivity, [Gesture Monitor] swipe-up, [Gesture Monitor] edge-swipe, [Gesture Monitor] TranGestureMonitor, [Gesture Monitor] TranGestureMonitor, PointerEventDispatcher0, 
04-12 20:35:20.473810  1730  1899 I snet_event_log: updateFrameRateVote [pkg = com.android.systemui title = TrEdgeBackGestureHandler0 refreshRate = 90.0 modeId = 3 setting =10000 peak = 120.0 mTopApp = com.gallery20]
04-12 20:35:20.474499  2727  3275 I viewroot_draw_event: [VRI[TrEdgeBackGestureHandler0],Start draw after previous draw not visible]
04-12 20:35:20.475969  2727  3275 I viewroot_draw_event: [VRI[TrEdgeBackGestureHandler0],reportDrawFinished seqId=0]
04-12 20:35:20.585141  1730  1897 I commit_sys_config_file: [notification-policy,6]
04-12 20:35:21.046223  2727  2933 I jank_cuj_events_end_request: [10425,1775997321045417000,256234868015162,6809423714944]
04-12 20:35:21.050575  1730  1899 I snet_event_log: updateFrameRateVote [pkg = com.android.systemui title = Toast refreshRate = 90.0 modeId = 3 setting =10000 peak = 120.0 mTopApp = com.gallery20]
04-12 20:35:21.056068  2727  2727 I viewroot_draw_event: [VRI[Toast],reportDrawFinished seqId=0]
04-12 20:35:21.072428  2727  3275 I viewroot_draw_event: [VRI[TrEdgeBackGestureHandler0],Not drawing due to not visible. Reason=View.GONE]
04-12 20:35:21.243640  1730  2882 I battery_level: [68,3962,230]
04-12 20:35:21.450102  1730  2061 I commit_sys_config_file: [settings-0-0,5]
04-12 20:35:21.748817  1730  2762 I am_uid_active: 10226
04-12 20:35:21.806850  1730  2882 I am_uid_running: 10259
04-12 20:35:21.810156  1730  2521 I am_uid_running: 99010
04-12 20:35:21.821615  1730  1917 I am_proc_start: [0,11334,10259,com.google.android.apps.photos,service,{com.google.android.apps.photos/com.google.android.apps.photos.backup.apiservice.grpc.PhotosBackupGrpcService},caller=com.google.android.apps.restore/10226]
04-12 20:35:21.834214  1730  2521 I am_proc_bound: [0,11334,com.google.android.apps.photos]
04-12 20:35:21.830000 11334 11334 I auditd  : type=1400 audit(0.0:4453): avc:  denied  { read write } for  comm="re-initialized>" name="ensignal" dev="tmpfs" ino=2080 scontext=u:r:untrusted_app:s0:c3,c257,c512,c768 tcontext=u:object_r:ensignal_device:s0 tclass=chr_file permissive=0 app=com.google.android.apps.photos
04-12 20:35:21.830000 11334 11334 I auditd  : type=1400 audit(0.0:4454): avc:  denied  { read write } for  comm="re-initialized>" name="ensignal" dev="tmpfs" ino=2080 scontext=u:r:untrusted_app:s0:c3,c257,c512,c768 tcontext=u:object_r:ensignal_device:s0 tclass=chr_file permissive=0 app=com.google.android.apps.photos
04-12 20:35:21.838098  1730  1917 I am_proc_start: [0,11350,99010,com.google.android.gms:com.google.android.gms.chimera.IsolatedBoundBrokerService,service,{com.google.android.gms/com.google.android.gms.chimera.IsolatedBoundBrokerService},caller=com.google.android.gms/10232]
04-12 20:35:21.834000 11334 11334 I auditd  : type=1400 audit(0.0:4455): avc:  denied  { search } for  comm="binder:11334_2" name="/" dev="sdc87" ino=2 scontext=u:r:untrusted_app:s0:c3,c257,c512,c768 tcontext=u:object_r:tranfs_file:s0 tclass=dir permissive=0 app=com.google.android.apps.photos
04-12 20:35:21.855461  1730  2521 I am_proc_bound: [0,11350,com.google.android.gms:com.google.android.gms.chimera.IsolatedBoundBrokerService]
04-12 20:35:21.854000 11350 11350 I auditd  : type=1400 audit(0.0:4456): avc:  denied  { read write } for  comm="re-initialized>" name="ensignal" dev="tmpfs" ino=2080 scontext=u:r:isolated_app:s0:c512,c768 tcontext=u:object_r:ensignal_device:s0 tclass=chr_file permissive=0
04-12 20:35:21.854000 11350 11350 I auditd  : type=1400 audit(0.0:4457): avc:  denied  { read write } for  comm="re-initialized>" name="ensignal" dev="tmpfs" ino=2080 scontext=u:r:isolated_app:s0:c512,c768 tcontext=u:object_r:ensignal_device:s0 tclass=chr_file permissive=0
04-12 20:35:21.894157  1730  2882 I am_uid_active: 99010
04-12 20:35:21.905266  1730  2890 I am_uid_active: 10259
04-12 20:35:22.077253  1730  2521 I am_foreground_service_stop: [0,com.transsion.microintelligence/com.transsion.keyguardgesture.service.KeyguardGestureService,1,PROC_STATE_PERSISTENT,35,36,1,1,10192,1,STOP_SERVICE,128]
04-12 20:35:22.100049  1730  2882 I am_proc_died: [0,10090,com.transsion.keyguardgesture,200,4]
04-12 20:35:22.360744  1730  2246 I sync    : [com.google.android.gms.chromesync,0,3,-1543423057]
04-12 20:35:22.371237  1730  2246 I sync    : [com.google.android.gms.chromesync,1,3,-1543423057]
04-12 20:35:22.681782  1730  2325 I am_kill : [0,11350,com.google.android.gms:com.google.android.gms.chimera.IsolatedBoundBrokerService,0,isolated not needed,196924]
04-12 20:35:22.697531  1730  4348 I am_uid_stopped: 99010
04-12 20:35:22.702499  1730  4348 I am_proc_died: [0,11350,com.google.android.gms:com.google.android.gms.chimera.IsolatedBoundBrokerService,0,10]
04-12 20:35:23.933225  1730  1897 I commit_sys_config_file: [jobs,2]
04-12 20:35:23.935807  1730  1897 I commit_sys_config_file: [jobs,3]
04-12 20:35:23.938665  1730  1897 I commit_sys_config_file: [jobs,2]
04-12 20:35:24.346000 11127 11127 I auditd  : type=1400 audit(0.0:4462): avc:  denied  { read } for  comm="Athena-Worker" name="u:object_r:serialno_prop:s0" dev="tmpfs" ino=413 scontext=u:r:platform_app:s0:c512,c768 tcontext=u:object_r:serialno_prop:s0 tclass=file permissive=0 app=com.transsion.cloudserver
04-12 20:35:24.578000  1730  1730 I auditd  : type=1400 audit(0.0:4463): avc:  denied  { read } for  comm="PerfCoreThread" name="u:object_r:vendor_mtk_powerhal_prop:s0" dev="tmpfs" ino=799 scontext=u:r:system_server:s0 tcontext=u:object_r:vendor_mtk_powerhal_prop:s0 tclass=file permissive=0
04-12 20:35:25.154474  1730  2065 I am_freeze: [5563,com.google.android.partnersetup]
04-12 20:35:25.186981  1730  2065 I am_freeze: [6332,com.google.android.googlequicksearchbox:googleapp]
04-12 20:35:25.189605  1730  2065 I am_freeze: [8792,com.google.android.webview:sandboxed_process0:org.chromium.content.app.SandboxedProcessService0:0]
04-12 20:35:25.877291  1730  1948 I commit_sys_config_file: [package-user-0,15]
04-12 20:35:26.116041  1730  1905 I am_pss  : [9867,1000,com.transsion.smartpanel:game,0,0,0,199929856,0,5,16]
04-12 20:35:26.745073  1730  2061 I commit_sys_config_file: [settings-1-0,6]
04-12 20:35:28.390147  1730  2065 I am_freeze: [9169,com.android.vending:background]
04-12 20:35:28.403457  1730  1848 I am_proc_died: [0,9867,com.transsion.smartpanel:game,100,5]
04-12 20:35:28.583767  1730  2061 I commit_sys_config_file: [settings-0-0,8]
04-12 20:35:28.856743  1730  1897 I commit_sys_config_file: [jobs,6]
04-12 20:35:29.424647  1730  2061 I commit_sys_config_file: [settings-1-0,3]
04-12 20:35:31.255429  1730  2488 I battery_level: [69,4035,233]
04-12 20:35:31.467503  1730  2061 I commit_sys_config_file: [settings-0-0,9]
04-12 20:35:31.935560  1730  1905 I am_pss  : [9347,10230,com.google.android.apps.wellbeing,0,0,0,178188288,0,19,12]
04-12 20:35:32.443799  1730  2061 I commit_sys_config_file: [settings-1-0,9]
04-12 20:35:33.030907  2727  2933 I jank_cuj_events_begin_request: [10425,1775997333030781000,256246853378547,6821409078560,]
04-12 20:35:33.041816  1730  1899 I snet_event_log: updateFrameRateVote [pkg = com.android.systemui title = com.android.systemui.wallpapers.ImageWallpaper refreshRate = 90.0 modeId = 3 setting =10000 peak = 120.0 mTopApp = com.gallery20]
04-12 20:35:33.041984  1730  1899 I snet_event_log: updateFrameRateVote [pkg = com.gallery20 title = com.gallery20/com.gallery20.HomeActivity refreshRate = 90.0 modeId = 3 setting =10000 peak = 120.0 mTopApp = com.gallery20]
04-12 20:35:33.042079  1730  1899 I snet_event_log: updateFrameRateVote [pkg = com.transsion.launcher3 title = Taskbar refreshRate = 120.00001 modeId = 2 setting =10000 peak = 120.0 mTopApp = com.gallery20]
04-12 20:35:33.042151  1730  1899 I snet_event_log: updateFrameRateVote [pkg = com.android.systemui title = TrEdgeBackGestureHandler0 refreshRate = 90.0 modeId = 3 setting =10000 peak = 120.0 mTopApp = com.gallery20]
04-12 20:35:33.043684  2727  3275 I viewroot_draw_event: [VRI[TrEdgeBackGestureHandler0],Start draw after previous draw not visible]
04-12 20:35:33.046614  2727  3275 I viewroot_draw_event: [VRI[TrEdgeBackGestureHandler0],reportDrawFinished seqId=0]
04-12 20:35:33.047655  1730  2488 I input_cancel: [8b1282a com.gallery20/com.gallery20.HomeActivity,reason=input channel stole pointer stream]
04-12 20:35:33.047679  1730  2488 I input_cancel: [[Gesture Monitor] swipe-up,reason=input channel stole pointer stream]
04-12 20:35:33.047720  1730  2488 I input_cancel: [[Gesture Monitor] TranGestureMonitor,reason=input channel stole pointer stream]
04-12 20:35:33.047787  1730  2488 I input_cancel: [[Gesture Monitor] TranGestureMonitor,reason=input channel stole pointer stream]
04-12 20:35:33.051134  1730  2156 I input_interaction: Interaction with: [Gesture Monitor] edge-swipe, PointerEventDispatcher0, 
04-12 20:35:33.103151  2727  2933 I jank_cuj_events_end_request: [10425,1775997333101919000,256246924517316,6821480217329]
04-12 20:35:33.240648  2727  3275 I viewroot_draw_event: [VRI[TrEdgeBackGestureHandler0],Not drawing due to not visible. Reason=View.GONE]
04-12 20:35:33.925898  1730  2065 I am_freeze: [9722,com.android.vending]
04-12 20:35:33.955927  1730  2156 I input_interaction: Interaction with: 8b1282a com.gallery20/com.gallery20.HomeActivity, [Gesture Monitor] edge-swipe, [Gesture Monitor] TranGestureMonitor, [Gesture Monitor] TranGestureMonitor, PointerEventDispatcher0, 
04-12 20:35:34.061993  2727  2933 I jank_cuj_events_end_request: [10425,1775997334060752000,256247883350547,6822439050329]
04-12 20:35:34.760007  2727  2933 I jank_cuj_events_end_request: [10425,1775997334757531000,256248580130162,6823135829944]
04-12 20:35:35.455421  2727  2933 I jank_cuj_events_end_request: [10425,1775997335453664000,256249276262239,6823831962021]
04-12 20:35:36.058024  1730  4327 I am_uid_running: 10203
04-12 20:35:36.070249  1730  1917 I am_proc_start: [0,11493,10203,com.transsion.smartrecognition,service,{com.transsion.smartrecognition/com.transsion.apiinvoke.ipc.connect.CommonRouterApiService},caller=com.transsion.kolun.aiservice/1000]
04-12 20:35:36.088605  1730  2014 I am_proc_bound: [0,11493,com.transsion.smartrecognition]
04-12 20:35:36.086000 11493 11493 I auditd  : type=1400 audit(0.0:4464): avc:  denied  { read write } for  comm="re-initialized>" name="ensignal" dev="tmpfs" ino=2080 scontext=u:r:platform_app:s0:c512,c768 tcontext=u:object_r:ensignal_device:s0 tclass=chr_file permissive=0 app=com.transsion.smartrecognition
04-12 20:35:36.086000 11493 11493 I auditd  : type=1400 audit(0.0:4465): avc:  denied  { read write } for  comm="re-initialized>" name="ensignal" dev="tmpfs" ino=2080 scontext=u:r:platform_app:s0:c512,c768 tcontext=u:object_r:ensignal_device:s0 tclass=chr_file permissive=0 app=com.transsion.smartrecognition
04-12 20:35:36.133337  2727  2933 I jank_cuj_events_end_request: [10425,1775997336132456000,256249955054239,6824510754252]
04-12 20:35:36.211578  1730  1905 I am_pss  : [10460,10135,com.transsion.phonemaster,0,0,0,206032896,0,5,8]
04-12 20:35:36.212439  1730  1905 I am_pss  : [10309,1000,com.transsion.audiosmartconnect,0,0,0,202817536,0,3,1]
04-12 20:35:36.221148  1730  4348 I am_uid_active: 10203
04-12 20:35:36.258000 11493 11493 I auditd  : type=1400 audit(0.0:4466): avc:  denied  { read } for  comm=4F6E65494420576F726B6572 name="u:object_r:vendor_security_patch_level_prop:s0" dev="tmpfs" ino=888 scontext=u:r:platform_app:s0:c512,c768 tcontext=u:object_r:vendor_security_patch_level_prop:s0 tclass=file permissive=0 app=com.transsion.smartrecognition
04-12 20:35:36.983830  2727  2933 I jank_cuj_events_end_request: [10425,1775997336981902000,256250804500316,6825360200098]
04-12 20:35:37.002804  1730  2065 I am_freeze: [7133,com.google.android.permissioncontroller]
04-12 20:35:37.005155  1730  2014 I wm_task_moved: [30,30,0,1,5]
04-12 20:35:37.005199  1730  2014 I wm_create_activity: [0,242646735,30,com.transsion.resolver/.ChooserActivityLauncher,android.intent.action.CHOOSER,NULL,NULL,545259520]
04-12 20:35:37.005853  1730  2014 I wm_pause_activity: [0,91912697,com.gallery20/.HomeActivity,userLeaving=true,resumeTopActivity]
04-12 20:35:37.011136 10379 10379 I wm_on_top_resumed_lost_called: [91912697,com.gallery20.HomeActivity,topStateChangedWhenResumed]
04-12 20:35:37.011927  1730  1898 I am_uid_running: 10143
04-12 20:35:37.013276 10379 10379 I wm_on_paused_called: [91912697,com.gallery20.HomeActivity,performPause,1]
04-12 20:35:37.016039  1730  1879 I sysui_multi_action: [757,803,799,window_time_0,802,17]
04-12 20:35:37.024783  1730  1917 I am_proc_start: [0,6599,10143,com.transsion.resolver,next-top-activity,{com.transsion.resolver/com.transsion.resolver.ChooserActivityLauncher}]
04-12 20:35:37.031978  1730  1848 I netstats_mobile_sample: [0,0,0,0,0,0,0,0,1775997338028]
04-12 20:35:37.032086  1730  1848 I netstats_wifi_sample: [564436172,54072765,495227,137112,563783515,53027830,493666,132870,1775997338028]
04-12 20:35:37.046760  1730  2521 I am_proc_bound: [0,6599,com.transsion.resolver]
04-12 20:35:37.049866  1730  2521 I am_uid_active: 10143
04-12 20:35:37.046000  6599  6599 I auditd  : type=1400 audit(0.0:4467): avc:  denied  { read write } for  comm="re-initialized>" name="ensignal" dev="tmpfs" ino=2080 scontext=u:r:platform_app:s0:c512,c768 tcontext=u:object_r:ensignal_device:s0 tclass=chr_file permissive=0 app=com.transsion.resolver
04-12 20:35:37.046000  6599  6599 I auditd  : type=1400 audit(0.0:4468): avc:  denied  { read write } for  comm="re-initialized>" name="ensignal" dev="tmpfs" ino=2080 scontext=u:r:platform_app:s0:c512,c768 tcontext=u:object_r:ensignal_device:s0 tclass=chr_file permissive=0 app=com.transsion.resolver
04-12 20:35:37.083558  1730  2521 I wm_restart_activity: [0,242646735,30,com.transsion.resolver/.ChooserActivityLauncher]
04-12 20:35:37.085514  1730  2521 I wm_set_resumed_activity: [0,com.transsion.resolver/.ChooserActivityLauncher,realStartActivityLocked - onActivityStateChanged]
04-12 20:35:37.088621  1730  1899 I input_focus: [Requesting to set focus to null window,reason=UpdateInputWindows]
04-12 20:35:37.097680  1730  2156 I input_focus: [Focus leaving 8b1282a com.gallery20/com.gallery20.HomeActivity,reason=Waiting for window because NO_WINDOW]
04-12 20:35:37.126795  6599  6599 I wm_on_create_called: [242646735,com.transsion.resolver.ChooserActivityLauncher,performCreate,27]
04-12 20:35:37.170361  6599  6599 I sysui_multi_action: [757,453,758,4,806,android.intent.action.SEND:image/*:]
04-12 20:35:37.248420  6599  6599 I sysui_multi_action: [757,1652,758,4,759,1]
04-12 20:35:37.248507  6599  6599 I sysui_multi_action: [757,214,758,4,759,1,1649,image/*,1653,110]
04-12 20:35:37.251165  6599  6599 I wm_on_start_called: [242646735,com.transsion.resolver.ChooserActivityLauncher,handleStartActivity,0]
04-12 20:35:37.252177  6599  6599 I wm_on_resume_called: [242646735,com.transsion.resolver.ChooserActivityLauncher,RESUME_ACTIVITY,0]
04-12 20:35:37.266299  6599  6599 I wm_on_top_resumed_gained_called: [242646735,com.transsion.resolver.ChooserActivityLauncher,topStateChangedWhenResumed]
04-12 20:35:37.269828  1730  2521 I am_uid_running: 10194
04-12 20:35:37.284653  1730  1917 I am_proc_start: [0,11644,10194,com.transsion.airtransfer,service,{com.transsion.airtransfer/com.transsion.airtransfer.service.FileService},caller=com.transsion.resolver/10143]
04-12 20:35:37.302543  1730  2014 I am_proc_bound: [0,11644,com.transsion.airtransfer]
04-12 20:35:37.302000 11644 11644 I auditd  : type=1400 audit(0.0:4469): avc:  denied  { read write } for  comm="re-initialized>" name="ensignal" dev="tmpfs" ino=2080 scontext=u:r:platform_app:s0:c512,c768 tcontext=u:object_r:ensignal_device:s0 tclass=chr_file permissive=0 app=com.transsion.airtransfer
04-12 20:35:37.302000 11644 11644 I auditd  : type=1400 audit(0.0:4470): avc:  denied  { read write } for  comm="re-initialized>" name="ensignal" dev="tmpfs" ino=2080 scontext=u:r:platform_app:s0:c512,c768 tcontext=u:object_r:ensignal_device:s0 tclass=chr_file permissive=0 app=com.transsion.airtransfer
04-12 20:35:37.310272  1730  1899 I input_focus: [Focus request 9bef649 com.transsion.resolver/com.transsion.resolver.ChooserActivityLauncher,reason=UpdateInputWindows]
04-12 20:35:37.334886  6599  6599 I viewroot_draw_event: [VRI[ChooserActivityLauncher],reportDrawFinished seqId=0]
04-12 20:35:37.336608  6599  6599 I sysui_latency: [16,197]
04-12 20:35:37.340716  2727  2933 I jank_cuj_events_begin_request: [20100,1775997337340648000,256251163245855,6825718945637,]
04-12 20:35:37.345093  1730  1879 I sysui_multi_action: [319,348,322,346,325,6825,757,761,758,7,759,2,806,com.transsion.resolver,871,com.transsion.resolver.ChooserActivityLauncher,904,com.gallery20,905,0,945,56,1320,4,1321,24]
04-12 20:35:37.345943  1730  1899 I snet_event_log: updateFrameRateVote [pkg = com.transsion.livewallpaper.custompictorial title = com.transsion.livewallpaper.pictorial.CustomPictorialWallpaperService refreshRate = 120.00001 modeId = 2 setting =10000 peak = 120.0 mTopApp = com.transsion.resolver]
04-12 20:35:37.346011  1730  1899 I snet_event_log: updateFrameRateVote [pkg = com.android.systemui title = com.android.systemui.wallpapers.ImageWallpaper refreshRate = 120.00001 modeId = 2 setting =10000 peak = 120.0 mTopApp = com.transsion.resolver]
04-12 20:35:37.346068  1730  1899 I snet_event_log: updateFrameRateVote [pkg = com.gallery20 title = com.gallery20/com.gallery20.HomeActivity refreshRate = 120.00001 modeId = 2 setting =10000 peak = 120.0 mTopApp = com.transsion.resolver]
04-12 20:35:37.346898  1730  1899 I wm_dim_created: [Task=30,729]
04-12 20:35:37.346982  1730  1899 I wm_dim_cancel_anim: [729,new target values]
04-12 20:35:37.347016  1730  1899 I wm_dim_animate: [729,0.200000,0.000000]
04-12 20:35:37.347138  1730  1899 I snet_event_log: updateFrameRateVote [pkg = com.transsion.smartpanel title = SmartPanel_handleView refreshRate = 120.00001 modeId = 2 setting =10000 peak = 120.0 mTopApp = com.transsion.resolver]
04-12 20:35:37.348629  1730  2156 I input_focus: [Focus entering 9bef649 com.transsion.resolver/com.transsion.resolver.ChooserActivityLauncher,reason=Window became focusable. Previous reason: NOT_VISIBLE]
04-12 20:35:37.348776  1730  1879 I wm_activity_launch_time: [0,242646735,com.transsion.resolver/.ChooserActivityLauncher,346]
04-12 20:35:37.353422  6599  6599 I sysui_multi_action: [757,1718,758,4,759,17]
04-12 20:35:37.376959  1730  4348 I am_uid_active: 10194
04-12 20:35:37.396063  1730  1899 I wm_dim_finish_anim: 729
04-12 20:35:37.438000 11644 11644 I auditd  : type=1400 audit(0.0:4471): avc:  denied  { read } for  comm=4F6E65494420576F726B6572 name="u:object_r:vendor_security_patch_level_prop:s0" dev="tmpfs" ino=888 scontext=u:r:platform_app:s0:c512,c768 tcontext=u:object_r:vendor_security_patch_level_prop:s0 tclass=file permissive=0 app=com.transsion.airtransfer
04-12 20:35:37.456317  1730  2061 I commit_sys_config_file: [settings-2-0,5]
04-12 20:35:37.505014  1730  2156 I input_interaction: Interaction with: 9bef649 com.transsion.resolver/com.transsion.resolver.ChooserActivityLauncher, [Gesture Monitor] edge-swipe, [Gesture Monitor] TranGestureMonitor, [Gesture Monitor] TranGestureMonitor, PointerEventDispatcher0, 
04-12 20:35:37.535300  1730  1905 I am_pss  : [10379,10151,com.gallery20,0,0,0,718819328,0,2,11]
04-12 20:35:37.536280  1730  1905 I am_pss  : [18460,1000,com.transsion.settings.wifi,0,0,0,302010368,0,16,1]
04-12 20:35:37.537787  1730  1905 I am_pss  : [4161,10190,com.transsion.aivoiceassistant:voiceinteractionservice,0,0,0,211529728,0,5,2]
04-12 20:35:37.538891  1730  1905 I am_pss  : [10834,10238,com.facemoji.lite.transsion,0,0,0,215732224,0,19,1]
04-12 20:35:37.540202  1730  1905 I am_pss  : [9099,10126,com.transsion.plat.appupdate,0,0,0,163868672,0,10,1]
04-12 20:35:37.542015  1730  1905 I am_pss  : [9923,10126,com.transsion.plat.appupdate.ui,0,0,0,162648064,0,10,1]
04-12 20:35:37.543221  1730  1905 I am_pss  : [6332,10233,com.google.android.googlequicksearchbox:googleapp,0,0,0,335532032,0,19,1]
04-12 20:35:37.544295  1730  1905 I am_pss  : [4078,10243,com.google.android.inputmethod.latin,0,0,0,286662656,0,7,1]
04-12 20:35:37.545334  1730  1905 I am_pss  : [6563,10212,com.google.android.projection.gearhead:provider,0,0,0,154796032,0,19,1]
04-12 20:35:37.546326  1730  1905 I am_pss  : [9506,10231,com.android.vending:quick_launch,0,0,0,200081408,0,19,1]
04-12 20:35:37.547131  1730  1905 I am_pss  : [6600,10233,com.google.android.googlequicksearchbox:search,0,0,0,250421248,0,19,1]
04-12 20:35:37.547992  1730  1905 I am_pss  : [9119,10233,com.google.android.googlequicksearchbox:interactor,0,0,0,205074432,0,19,1]
04-12 20:35:37.549647  1730  1905 I am_pss  : [31012,10255,com.google.android.webview:webview_apk,0,0,0,177897472,0,19,1]
04-12 20:35:37.550710  1730  1905 I am_pss  : [9320,10241,com.android.chrome,0,0,0,157212672,0,19,0]
04-12 20:35:37.551896  1730  1905 I am_pss  : [8792,99009,com.google.android.webview:sandboxed_process0:org.chromium.content.app.SandboxedProcessService0:0,0,0,0,175407104,0,19,1]
04-12 20:35:37.553344  1730  1905 I am_pss  : [4410,10190,com.transsion.aivoiceassistant,0,0,0,244330496,0,19,1]
04-12 20:35:37.554296  1730  1905 I am_pss  : [2154,1000,com.transsion.spacesaversdk,0,0,0,163356672,0,19,1]
04-12 20:35:37.555188  1730  1905 I am_pss  : [1961,1000,com.android.keychain,0,0,0,136667136,0,19,1]
04-12 20:35:37.556143  1730  1905 I am_pss  : [5909,10212,com.google.android.projection.gearhead:projection,0,0,0,166100992,0,19,1]
04-12 20:35:37.557542  1730  1905 I am_pss  : [5546,10212,com.google.android.projection.gearhead:shared,0,0,0,163856384,0,19,1]
04-12 20:35:37.558424  1730  1905 I am_pss  : [5742,10212,com.google.android.projection.gearhead:car,0,0,0,159756288,0,19,1]
04-12 20:35:37.559531  1730  1905 I am_pss  : [5594,10270,com.google.android.photopicker,0,0,0,137572352,0,19,1]
04-12 20:35:37.560823  1730  1905 I am_pss  : [2950,10261,com.google.android.marvin.talkback,0,0,0,147845120,0,19,2]
04-12 20:35:37.561905  1730  1905 I am_pss  : [24890,10211,com.google.ar.core,0,0,0,181579776,0,19,1]
04-12 20:35:37.580532  2727  2933 I jank_cuj_events_end_request: [10425,1775997337580419000,256251403016701,6825958716483]
04-12 20:35:37.833619  2727  2933 I jank_cuj_events_end_request: [20100,1775997337833532000,256251656129855,6826211829637]
04-12 20:35:37.845147  1730  1899 I snet_event_log: updateFrameRateVote [pkg = com.android.systemui title = com.android.systemui.wallpapers.ImageWallpaper refreshRate = 90.0 modeId = 3 setting =10000 peak = 120.0 mTopApp = com.transsion.resolver]
04-12 20:35:37.845327  1730  1899 I snet_event_log: updateFrameRateVote [pkg = com.gallery20 title = com.gallery20/com.gallery20.HomeActivity refreshRate = 90.0 modeId = 3 setting =10000 peak = 120.0 mTopApp = com.transsion.resolver]
04-12 20:35:38.384473  2727  2933 I jank_cuj_events_end_request: [10425,1775997338383375000,256252205972624,6826761672406]
04-12 20:35:38.396636  6599  6599 I sysui_multi_action: [757,215,758,4,759,0,1086,0]
04-12 20:35:38.435146  1730  2015 I wm_task_moved: [31,31,0,1,5]
04-12 20:35:38.435174  1730  2015 I wm_task_to_front: [0,31,0]
04-12 20:35:38.435845  1730  2015 I wm_focused_root_task: [0,0,31,30,bringingFoundTaskToFront]
04-12 20:35:38.436058  1730  2015 I wm_new_intent: [0,75667853,31,com.google.android.gms/.nearby.sharing.main.MainActivity,com.google.android.gms.RECEIVE_NEARBY,NULL,NULL,268992512]
04-12 20:35:38.436875  1730  1916 I am_wtf  : [0,1730,system_server,-1,ContentProviderHelper,Unable to check Uri permission because caller is holding WM lock; assuming permission denied]
04-12 20:35:38.437083  1730  1916 I am_wtf  : [0,1730,system_server,-1,ContentProviderHelper,Unable to check Uri permission because caller is holding WM lock; assuming permission denied]
04-12 20:35:38.438009  1730  2015 I wm_pause_activity: [0,242646735,com.transsion.resolver/.ChooserActivityLauncher,userLeaving=true,pauseBackTasks]
04-12 20:35:38.441828  6599  6599 I sysui_multi_action: [757,457,758,4]
04-12 20:35:38.441852  6599  6599 I sysui_multi_action: [757,454,758,4]
04-12 20:35:38.442235  1730  2015 I wm_finish_activity: [0,242646735,30,com.transsion.resolver/.ChooserActivityLauncher,app-request]
04-12 20:35:38.443180  6599  6599 I wm_on_top_resumed_lost_called: [242646735,com.transsion.resolver.ChooserActivityLauncher,topStateChangedWhenResumed]
04-12 20:35:38.446830  6599  6599 I wm_on_paused_called: [242646735,com.transsion.resolver.ChooserActivityLauncher,performPause,3]
04-12 20:35:38.447743  1730  2488 I wm_add_to_stopping: [0,242646735,com.transsion.resolver/.ChooserActivityLauncher,completeFinishing]
04-12 20:35:38.450346  1730  2488 I wm_set_resumed_activity: [0,com.google.android.gms/.nearby.sharing.main.MainActivity,resumeTopActivity - onActivityStateChanged]
04-12 20:35:38.453942  1730  2488 I wm_add_to_stopping: [0,91912697,com.gallery20/.HomeActivity,makeInvisible]
04-12 20:35:38.454485  1730  2488 I wm_resume_activity: [0,75667853,31,com.google.android.gms/.nearby.sharing.main.MainActivity]
04-12 20:35:38.455175  1730  1879 I sysui_multi_action: [757,803,799,window_time_0,802,2]
04-12 20:35:38.456812  1730  1899 I input_focus: [Requesting to set focus to null window,reason=UpdateInputWindows]
04-12 20:35:38.457230  1730  1899 I snet_event_log: updateFrameRateVote [pkg = com.gallery20 title = com.gallery20/com.gallery20.HomeActivity refreshRate = 120.00001 modeId = 2 setting =10000 peak = 120.0 mTopApp = com.transsion.resolver]
04-12 20:35:38.457327  1730  1899 I wm_dim_exit: [729,-,1,0]
04-12 20:35:38.457356  1730  1899 I wm_dim_cancel_anim: [729,new target values]
04-12 20:35:38.457389  1730  1899 I wm_dim_animate: [729,0.000000,0.000000]
04-12 20:35:38.462151  1730  2156 I input_focus: [Focus leaving 9bef649 com.transsion.resolver/com.transsion.resolver.ChooserActivityLauncher,reason=NO_WINDOW]
04-12 20:35:38.462416  7306  7306 I wm_on_restart_called: [75667853,com.google.android.gms.nearby.sharing.main.MainActivity,performRestart,0]
04-12 20:35:38.462488  7306  7306 I wm_on_start_called: [75667853,com.google.android.gms.nearby.sharing.main.MainActivity,handleStartActivity,0]
04-12 20:35:38.467566  7306  7306 I wm_on_resume_called: [75667853,com.google.android.gms.nearby.sharing.main.MainActivity,RESUME_ACTIVITY,0]
04-12 20:35:38.467715  7306  7306 I wm_on_top_resumed_gained_called: [75667853,com.google.android.gms.nearby.sharing.main.MainActivity,topWhenResuming]
04-12 20:35:38.472530  1730  1899 I snet_event_log: updateFrameRateVote [pkg = com.google.android.gms title = Splash Screen com.google.android.gms refreshRate = 120.00001 modeId = 2 setting =10000 peak = 120.0 mTopApp = com.google.android.gms]
04-12 20:35:38.476737  1730  1899 I input_focus: [Focus request 671638f com.google.android.gms/com.google.android.gms.nearby.sharing.main.MainActivity,reason=UpdateInputWindows]
04-12 20:35:38.477837  1730  1899 I snet_event_log: updateFrameRateVote [pkg = com.google.android.gms title = com.google.android.gms/com.google.android.gms.nearby.sharing.main.MainActivity refreshRate = 120.00001 modeId = 2 setting =10000 peak = 120.0 mTopApp = com.google.android.gms]
04-12 20:35:38.478367  7306  7306 I viewroot_draw_event: [VRI[MainActivity],Start draw after previous draw not visible]
04-12 20:35:38.483548  7306  7306 I viewroot_draw_event: [VRI[MainActivity],reportDrawFinished seqId=0]
04-12 20:35:38.488501  2727  2995 I viewroot_draw_event: [VRI[gms],reportDrawFinished seqId=0]
04-12 20:35:38.492445  1730  4327 I netstats_mobile_sample: [0,0,0,0,0,0,0,0,1775997339488]
04-12 20:35:38.492569  1730  4327 I netstats_wifi_sample: [564437275,54074787,495233,137120,563784455,53029700,493671,132876,1775997339488]
04-12 20:35:38.501764  1730  2065 I am_unfreeze: [7133,com.google.android.permissioncontroller,6]
04-12 20:35:38.511540  1730  1899 I snet_event_log: updateFrameRateVote [pkg = com.android.systemui title = com.android.systemui.wallpapers.ImageWallpaper refreshRate = 120.00001 modeId = 2 setting =10000 peak = 120.0 mTopApp = com.google.android.gms]
04-12 20:35:38.513750  2727  2933 I jank_cuj_events_begin_request: [128,1775997338499465000,256252322062855,6826877762637,]
04-12 20:35:38.513766  2727  2933 I jank_cuj_events_begin_request: [20100,1775997338499529000,256252322126855,6826877826868,]
04-12 20:35:38.520461  1730  1899 I wm_dim_finish_anim: 729
04-12 20:35:38.520514  1730  1899 I wm_dim_cancel_anim: [729,ready to remove]
04-12 20:35:38.521096  1730  1899 I wm_dim_removed: 729
04-12 20:35:38.522950  1730  2156 I input_focus: [Focus entering 671638f com.google.android.gms/com.google.android.gms.nearby.sharing.main.MainActivity,reason=Window became focusable. Previous reason: NOT_VISIBLE]
04-12 20:35:38.535816  2727  2995 I viewroot_draw_event: [VRI[gms],Not drawing due to not visible. Reason=View.GONE]
04-12 20:35:38.538000  7306  7306 I auditd  : type=1400 audit(0.0:4472): avc:  denied  { read } for  comm=4E444B204D65646961436F6465635F name="u:object_r:tran_vpp_prop:s0" dev="tmpfs" ino=586 scontext=u:r:gmscore_app:s0:c512,c768 tcontext=u:object_r:tran_vpp_prop:s0 tclass=file permissive=0 app=com.google.android.gms
04-12 20:35:38.538000  7306  7306 I auditd  : type=1400 audit(0.0:4473): avc:  denied  { read } for  comm=4E444B204D65646961436F6465635F name="u:object_r:tran_vpp_prop:s0" dev="tmpfs" ino=586 scontext=u:r:gmscore_app:s0:c512,c768 tcontext=u:object_r:tran_vpp_prop:s0 tclass=file permissive=0 app=com.google.android.gms
04-12 20:35:38.538000  7306  7306 I auditd  : type=1400 audit(0.0:4474): avc:  denied  { read } for  comm=4E444B204D65646961436F6465635F name="u:object_r:tran_vpp_prop:s0" dev="tmpfs" ino=586 scontext=u:r:gmscore_app:s0:c512,c768 tcontext=u:object_r:tran_vpp_prop:s0 tclass=file permissive=0 app=com.google.android.gms
04-12 20:35:38.538000  7306  7306 I auditd  : type=1400 audit(0.0:4475): avc:  denied  { read } for  comm=4E444B204D65646961436F6465635F name="u:object_r:tran_vpp_prop:s0" dev="tmpfs" ino=586 scontext=u:r:gmscore_app:s0:c512,c768 tcontext=u:object_r:tran_vpp_prop:s0 tclass=file permissive=0 app=com.google.android.gms
04-12 20:35:38.538000  7306  7306 I auditd  : type=1400 audit(0.0:4476): avc:  denied  { read } for  comm=4E444B204D65646961436F6465635F name="u:object_r:tran_vpp_prop:s0" dev="tmpfs" ino=586 scontext=u:r:gmscore_app:s0:c512,c768 tcontext=u:object_r:tran_vpp_prop:s0 tclass=file permissive=0 app=com.google.android.gms
04-12 20:35:38.548204  1730  1879 I sysui_multi_action: [319,81,321,78,322,74,325,6826,757,761,758,9,759,2,806,com.google.android.gms,871,com.google.android.gms.nearby.sharing.main.MainActivity,904,com.google.android.gms,905,0,1320,8,1321,9]
04-12 20:35:38.569217  1730  2065 I dvm_lock_sample: [system_server,0,CachedAppOptimizerThread,49,ProcessServiceRecord.java,691,void com.android.server.am.ProcessServiceRecord.onProcessUnfrozen(),,0,null,9]
04-12 20:35:38.596895  1730  2061 I commit_sys_config_file: [settings-2-0,1]
04-12 20:35:38.694673  1730  1905 I am_pss  : [9722,10231,com.android.vending,0,0,0,265007104,0,19,16]
04-12 20:35:38.706705  1730  1905 I am_pss  : [9169,10231,com.android.vending:background,0,0,0,235442176,0,19,11]
04-12 20:35:38.720768  1730  1905 I am_pss  : [10801,10235,com.google.android.syncadapters.calendar,0,0,0,217100288,0,19,14]
04-12 20:35:38.818272  1730  2196 I netstats_mobile_sample: [0,0,0,0,0,0,0,0,1775997339814]
04-12 20:35:38.819103  1730  2196 I netstats_wifi_sample: [564437779,54075139,495237,137125,563784959,53029902,493675,132879,1775997339814]
04-12 20:35:38.824324  2727  2933 I jank_cuj_events_end_request: [128,1775997338823973000,256252646571086,6827202270868]
04-12 20:35:38.824348  2727  2933 I jank_cuj_events_end_request: [20100,1775997338823993000,256252646590855,6827202290637]
04-12 20:35:38.835031  1730  1899 I snet_event_log: updateFrameRateVote [pkg = com.android.systemui title = com.android.systemui.wallpapers.ImageWallpaper refreshRate = 90.0 modeId = 3 setting =10000 peak = 120.0 mTopApp = com.google.android.gms]
04-12 20:35:38.835136  1730  1899 I snet_event_log: updateFrameRateVote [pkg = com.gallery20 title = com.gallery20/com.gallery20.HomeActivity refreshRate = 90.0 modeId = 3 setting =10000 peak = 120.0 mTopApp = com.google.android.gms]
04-12 20:35:38.886717  1730  1898 I wm_destroy_activity: [0,242646735,30,com.transsion.resolver/.ChooserActivityLauncher,finish-imm:idle]
04-12 20:35:38.887569 10379 10379 I viewroot_draw_event: [VRI[HomeActivity],Not drawing due to not visible. Reason=!mAppVisible && !mForceDecorViewVisibility]
04-12 20:35:38.900163  1730  1898 I wm_stop_activity: [0,91912697,com.gallery20/.HomeActivity]
04-12 20:35:38.908836 31528 11743 I gtalk_conn_close: [257,8569]
04-12 20:35:38.912505 10379 10379 I wm_on_stop_called: [91912697,com.gallery20.HomeActivity,STOP_ACTIVITY_ITEM,1]
04-12 20:35:38.912961  6599  6599 I viewroot_draw_event: [VRI[ChooserActivityLauncher],Not drawing due to not visible. Reason=!mAppVisible && !mForceDecorViewVisibility]
04-12 20:35:38.916524  6599  6599 I wm_on_stop_called: [242646735,com.transsion.resolver.ChooserActivityLauncher,LIFECYCLER_STOP_ACTIVITY,0]
