----- timezone:Asia/Shanghai
04-12 20:37:02.242989  1730  2207 D WindowManager: setParent old=Leaf:3:12@9698272,new=null,this window=WindowToken{b2e4510 type=2005 android.os.Binder@7ae95d3},callers=com.android.server.wm.WindowContainer.removeChild:905 com.android.server.wm.WindowContainer.removeImmediately:958 com.android.server.wm.WindowToken.setExiting:211 com.android.server.wm.DisplayContent.removeWindowToken:1693 com.android.server.wm.WindowManagerService.removeWindowToken:3701 com.android.server.wm.WindowManagerService$LocalService.removeWindowToken:8798 
04-12 20:37:02.699735  1730  2884 D UsfSystemServer/TranUsfAppInternal: begin destroyNetworkByUid, mUid: 10242
04-12 20:37:02.718067  1730  2156 D WindowManager: onUserActivity: mGestureSleepRunnable remove
04-12 20:37:02.724809  1730  2884 D ActivityTaskManager_Recents: Skipping, unavail real act mTaskId: 18
04-12 20:37:02.724833  1730  2884 D ActivityTaskManager_Recents: Skipping, user setup not complete  mTaskId: 6
04-12 20:37:02.725668  2727  2903 V ShellRecents: RecentsTransitionHandler.startRecentsTransition
04-12 20:37:02.726014  2727  2903 V WindowManagerShell: Directly starting a new transition type=TO_FRONT wct=WindowContainerTransaction { changes= {} hops= [{pendingIntent: options=Bundle[{android.activity.splashScreenStyle=-1, android.activity.sourceInfo=Supplier{VAL_PARCELABLE@148+104}, android:activity.animAbortListener=null, tran:activity.thunderback.recent.type=0, android:activity.thunderback.userId=0, tran:activity.simplifyanim.launcher.type=0, android.activity.transientLaunch=true}]}] errorCallbackToken=null taskFragmentOrganizer=null mInterrupt=false customAnimFlag=0 } handler=com.android.wm.shell.recents.RecentsTransitionHandler@8a2195c
04-12 20:37:02.726081  2727  2903 I UASManager: startWmShellMainUASBoost flag:1, mMainBoostFlags:1
04-12 20:37:02.726724  2727  2903 I UASManager: startUASBoost tid =2903 type=ux_exact_wmshell.main
04-12 20:37:02.727131  1730  2875 D BLASTSyncEngine: [DH_DEBUG]scheduleTimeout #78 success=true timeoutMs=5000 callback=com.android.server.wm.BLASTSyncEngine$SyncGroup$$ExternalSyntheticLambda2@cb987d5
04-12 20:37:02.727352  1730  2875 I AnimBoostThreadLittleCoreFeature: AnimBoostThread = 2874
04-12 20:37:02.727505  1730  2875 I Transition: deferTransitionReady: Transition#78, mDeferReadyDepth = 1
04-12 20:37:02.727505  1730  2875 I Transition: java.lang.Throwable
04-12 20:37:02.727505  1730  2875 I Transition: 	at com.android.server.wm.Transition.deferTransitionReady(Transition.java:4635)
04-12 20:37:02.727505  1730  2875 I Transition: 	at com.android.server.wm.WindowOrganizerController.applyTransaction(WindowOrganizerController.java:673)
04-12 20:37:02.727505  1730  2875 I Transition: 	at com.android.server.wm.WindowOrganizerController.applyTransaction(WindowOrganizerController.java:652)
04-12 20:37:02.727505  1730  2875 I Transition: 	at com.android.server.wm.WindowOrganizerController.lambda$startTransition$3(WindowOrganizerController.java:386)
04-12 20:37:02.727505  1730  2875 I Transition: 	at com.android.server.wm.WindowOrganizerController.$r8$lambda$PHnU0rj5Bcvaq0dL-Wi7kOJt8bo(WindowOrganizerController.java:0)
04-12 20:37:02.727505  1730  2875 I Transition: 	at com.android.server.wm.WindowOrganizerController$$ExternalSyntheticLambda17.onCollectStarted(R8$$SyntheticClass:0)
04-12 20:37:02.727505  1730  2875 I Transition: 	at com.android.server.wm.TransitionController.startCollectOrQueue(TransitionController.java:1711)
04-12 20:37:02.727505  1730  2875 I Transition: 	at com.android.server.wm.WindowOrganizerController.startTransition(WindowOrganizerController.java:377)
04-12 20:37:02.727505  1730  2875 I Transition: 	at com.android.server.wm.WindowOrganizerController.startNewTransition(WindowOrganizerController.java:327)
04-12 20:37:02.727505  1730  2875 I Transition: 	at android.window.IWindowOrganizerController$Stub.onTransact(IWindowOrganizerController.java:238)
04-12 20:37:02.727505  1730  2875 I Transition: 	at com.android.server.wm.WindowOrganizerController.onTransact(WindowOrganizerController.java:239)
04-12 20:37:02.727505  1730  2875 I Transition: 	at android.os.Binder.execTransactInternal(Binder.java:1451)
04-12 20:37:02.727505  1730  2875 I Transition: 	at android.os.Binder.execTransact(Binder.java:1381)
04-12 20:37:02.727662  1730  2875 W TranPerf-SystemBinderBigCoreFeature: [setAffinity] Tid:2875 mask:240
04-12 20:37:02.727672  1730  2875 W TranPerf-SystemBinderBigCoreFeature: [setAffinity] Pid:2875 mask:240
04-12 20:37:02.727919  1730  2875 I Transition:  syncId = -1, mSyncId = 78, recentAnim = false, wc = Task{3785d61 #46 type=standard A=1000:com.android.settings.root nonResizable},wc.requestVisible = true, wc.visible = true
04-12 20:37:02.728033  1730  2875 D MagellanHandle: updateRefreshRateForSceneVsyncs what = 28
04-12 20:37:02.728580  1730  2875 D NetworkRuleControllerService: onTaskMovedToFront TaskInfo{userId=0 taskId=2 effectiveUid=10148 displayId=0 isRunning=true baseIntent=Intent { act=android.intent.action.MAIN cat=[android.intent.category.HOME] flg=0x10000100 cmp=com.transsion.launcher3/com.android.launcher3.uioverrides.QuickstepLauncher } baseActivity=ComponentInfo{com.transsion.launcher3/com.android.launcher3.uioverrides.QuickstepLauncher} topActivity=ComponentInfo{com.transsion.launcher3/com.android.launcher3.uioverrides.QuickstepLauncher} origActivity=null realActivity=ComponentInfo{com.transsion.launcher3/com.android.launcher3.uioverrides.QuickstepLauncher} numActivities=1 lastActiveTime=256311548 supportsMultiWindow=true resizeMode=2 isResizeable=true minWidth=-1 minHeight=-1 defaultMinSize=110 token=WCT{RemoteToken{af71ba6 Task{bf216fc #2 type=home I=com.transsion.launcher3/com.android.launcher3.uioverrides.QuickstepLauncher}}} topActivityType=2 pictureInPictureParams=PictureInPictureParams( aspectRatio=null expandedAspectRatio=null sourceRectHint=null hasSetActions=false hasSetCloseAction=false isAutoPipEnabled=false isSeamlessResizeEnabled=false title=null subtitle=null isLaunchIntoPip=false) shouldDockBigOverlays=false launchIntoPipHostTaskId=-1 lastParentTaskIdBeforePip=-1 displayCutoutSafeInsets=Rect(0, 123 - 0, 0) topActivityInfo=ActivityInfo{f31ce21 com.android.launcher3.uioverrides.QuickstepLauncher} launchCookies=[] positionInParent=Point(0, 0) parentTaskId=-1 isFocused=false isVisible=false isVisibleRequested=false isTopActivityNoDisplay=false isSleeping=false locusId=LocusId[17_chars] displayAreaFeatureId=1 isTopActivityTransparent=false isActivityStackTransparent=false lastNonFullscreenBounds=Rect(329, 718 - 880, 1926) capturedLink=null capturedLinkTimestamp=0 requestedVisibleTypes=-9 topActivityRequestOpenInBrowserEducationTimestamp=0 appCompatTaskInfo=AppCompatTaskInfo { topActivityInSizeCompat=false eligibleForLetterboxEducation= false isLetterboxEducationEnabled= false isLetterboxDoubleTapEnabled= false eligibleForUserAspectRatioButton= false topActivityBoundsLetterboxed= false isFromLetterboxDoubleTap= false topActivityLetterboxVerticalPosition= -1 topActivityLetterboxHorizontalPosition= -1 topActivityLetterboxWidth=-1 topActivityLetterboxHeight=-1 topActivityAppBounds=Rect(0, 0 - 1208, 2644) isUserFullscreenOverrideEnabled=false isSystemFullscreenOverrideEnabled=false hasMinAspectRatioOverride=false topActivityLetterboxBounds=null cameraCompatTaskInfo=CameraCompatTaskInfo { freeformCameraCompatMode=inactive}} topActivityMainWindowFrame=null}
04-12 20:37:02.728604  1730  2875 D os.fingerprint: onTaskMovedToFront Task{bf216fc #2 type=home I=com.transsion.launcher3/com.android.launcher3.uioverrides.QuickstepLauncher}
04-12 20:37:02.728622  1730  2875 D os.fingerprint: activityComponent = ComponentInfo{com.transsion.launcher3/com.android.launcher3.uioverrides.QuickstepLauncher} inMultiWindow = false
04-12 20:37:02.728756  1730  2875 I WindowManager: RootWindowContainer#syncId = 78
04-12 20:37:02.729086  1730  2875 D os.fingerprint: onActivityResume next:ActivityRecord{24013077 u0 com.transsion.launcher3/com.android.launcher3.uioverrides.QuickstepLauncher t2}
04-12 20:37:02.729102  1730  2875 D os.fingerprint: activityComponent = ComponentInfo{com.transsion.launcher3/com.android.launcher3.uioverrides.QuickstepLauncher} inMultiWindow = false
04-12 20:37:02.729114  1730  2875 I AppLockLice: onActivityResume: packageName = com.transsion.launcher3,mComeLockPkgList =[],mPreLockPkgList =[]
04-12 20:37:02.729155  1730  2875 I AppLockLice: onActivityResume:isAwake = true ,isKeyguardLocked = false
04-12 20:37:02.729231  1730  2875 I Transition:  syncId = 78, mSyncId = 78, recentAnim = true, wc = ActivityRecord{24013077 u0 com.transsion.launcher3/com.android.launcher3.uioverrides.QuickstepLauncher t2},wc.requestVisible = false, wc.visible = false
04-12 20:37:02.729284  1730  2875 D WindowManager: [SG_DEBUG]Set SyncGroup{id=78 name=Transition-TO_FRONT} on ActivityRecord{24013077 u0 com.transsion.launcher3/com.android.launcher3.uioverrides.QuickstepLauncher t2}
04-12 20:37:02.729881  1730  1898 I ActivityManager: updateOomAdj start time is before than pendingPid added, don't delete it
04-12 20:37:02.730647  1730  2622 D ActivityTaskManager_Recents: Skipping, user setup not complete: Task{9e468d1 #6 type=undefined A=10188:com.transsion.magazineservice.xos nonResizable}
04-12 20:37:02.730785  1730  2875 D MagellanHandle: updateRefreshRateForSceneVsyncs what = 23
04-12 20:37:02.730925  1730  2875 D os.fingerprint: onActivityResume next:ActivityRecord{24013077 u0 com.transsion.launcher3/com.android.launcher3.uioverrides.QuickstepLauncher t2}
04-12 20:37:02.730942  1730  2875 D os.fingerprint: activityComponent = ComponentInfo{com.transsion.launcher3/com.android.launcher3.uioverrides.QuickstepLauncher} inMultiWindow = false
04-12 20:37:02.731102  1730  2875 D tranpm/SceneDataInstance: onAppStart
04-12 20:37:02.731125  1730  2875 D tranpm/BehaviorManager:  onAppLaunch nextPackName = com.transsion.launcher3 currPackName = com.android.settings
04-12 20:37:02.731470  1730  1924 I AnimBoostThreadLittleCoreFeature: AnimBoostThread = 2874
04-12 20:37:02.731862  1730  1880 D TranCameraLowTemperatureWarningImpl: [isCameraLowTemperatureWarningSupport] ro.tranos.version=xos16.2.0, not 16.3, skip flag check
04-12 20:37:02.732161  1730  2875 D setGameMode: enter setGameModeEnabled
04-12 20:37:02.732164  1730  2875 D setGameMode: packageName: com.transsion.launcher3 processName: com.transsion.launcher3
04-12 20:37:02.732179  1730  2875 D TranAppm/MTKSuitConfig: mMTKGameModeSupport: true
04-12 20:37:02.732203  1730  1950 W TranPerf-LauncherBigCoreFeature: [setAffinity] Tid:2406 mask:240
04-12 20:37:02.732236  1730  2875 D TranAppm/MTKModule: pkgName: com.transsion.launcher3,pid: 2406
04-12 20:37:02.732241  1730  2875 D setGameMode: Package not in game scene list: com.transsion.launcher3
04-12 20:37:02.732256  1730  1950 W TranPerf-LauncherRenderBigCoreFeature: [setAffinity] Tid:2925 mask:240
04-12 20:37:02.732296  1730  1950 W TranPerf-AnimBoostThreadLittleCoreFeature: [setAffinity] Tid:2874 mask:15
04-12 20:37:02.732414  1730  2875 I WindowManager: DisplayRotation updateRotationUnchecked id :0, rotation = 0, oldRotation = 0, lastOrientation = 5, mUserRotationMode = 1, mUserRotation = 0, mLastSensorRotation = 0
04-12 20:37:02.732597  1730  2875 I TranSCSourceConnectManagerImpl: hookDisplayResumeComponent displayId: 0 componentName: ComponentInfo{com.transsion.launcher3/com.android.launcher3.uioverrides.QuickstepLauncher}
04-12 20:37:02.732800  1730  2875 I ActivityTaskManager: Add pending draw ActivityRecord{24013077 u0 com.transsion.launcher3/com.android.launcher3.uioverrides.QuickstepLauncher t2}
04-12 20:37:02.733119  1730  2875 D TranBrightnessController: setNotUpdateBrightnessState: pauseUpdate = true , pauseReason = app_start_launch
04-12 20:37:02.733295  1730  2875 I Transition: continueTransitionReady: Transition#78, mDeferReadyDepth = 0
04-12 20:37:02.733295  1730  2875 I Transition: java.lang.Throwable
04-12 20:37:02.733295  1730  2875 I Transition: 	at com.android.server.wm.Transition.continueTransitionReady(Transition.java:4651)
04-12 20:37:02.733295  1730  2875 I Transition: 	at com.android.server.wm.WindowOrganizerController.applyTransaction(WindowOrganizerController.java:821)
04-12 20:37:02.733295  1730  2875 I Transition: 	at com.android.server.wm.WindowOrganizerController.applyTransaction(WindowOrganizerController.java:652)
04-12 20:37:02.733295  1730  2875 I Transition: 	at com.android.server.wm.WindowOrganizerController.lambda$startTransition$3(WindowOrganizerController.java:386)
04-12 20:37:02.733295  1730  2875 I Transition: 	at com.android.server.wm.WindowOrganizerController.$r8$lambda$PHnU0rj5Bcvaq0dL-Wi7kOJt8bo(WindowOrganizerController.java:0)
04-12 20:37:02.733295  1730  2875 I Transition: 	at com.android.server.wm.WindowOrganizerController$$ExternalSyntheticLambda17.onCollectStarted(R8$$SyntheticClass:0)
04-12 20:37:02.733295  1730  2875 I Transition: 	at com.android.server.wm.TransitionController.startCollectOrQueue(TransitionController.java:1711)
04-12 20:37:02.733295  1730  2875 I Transition: 	at com.android.server.wm.WindowOrganizerController.startTransition(WindowOrganizerController.java:377)
04-12 20:37:02.733295  1730  2875 I Transition: 	at com.android.server.wm.WindowOrganizerController.startNewTransition(WindowOrganizerController.java:327)
04-12 20:37:02.733295  1730  2875 I Transition: 	at android.window.IWindowOrganizerController$Stub.onTransact(IWindowOrganizerController.java:238)
04-12 20:37:02.733295  1730  2875 I Transition: 	at com.android.server.wm.WindowOrganizerController.onTransact(WindowOrganizerController.java:239)
04-12 20:37:02.733295  1730  2875 I Transition: 	at android.os.Binder.execTransactInternal(Binder.java:1451)
04-12 20:37:02.733295  1730  2875 I Transition: 	at android.os.Binder.execTransact(Binder.java:1381)
04-12 20:37:02.733314  1730  2875 D BLASTSyncEngine: SyncGroup = 78 Set ready = true mReady = false
04-12 20:37:02.733348  1730  1730 E MBrainLocalService: notifyAppSwitch failed
04-12 20:37:02.733431  1730  2875 D WindowManager: adjustWallpaperWindows use keyguard: false
04-12 20:37:02.733474  1730  2875 I Transition:  syncId = 78, mSyncId = 78, recentAnim = true, wc = WallpaperWindowToken{3853ba4 showWhenLocked=false},wc.requestVisible = false, wc.visible = false
04-12 20:37:02.733489  1730  2875 D WindowManager: [SG_DEBUG]Set SyncGroup{id=78 name=Transition-TO_FRONT} on WallpaperWindowToken{3853ba4 showWhenLocked=false}
04-12 20:37:02.734453  1730  2429 D ActivityTaskManager_Recents: Skipping, user setup not complete: Task{9e468d1 #6 type=undefined A=10188:com.transsion.magazineservice.xos nonResizable}
04-12 20:37:02.734469  1730  2884 I HS/TranUsfAppState: APP_SWITCH uid:10148 pkgName:com.transsion.launcher3 prevUid:1000 prevPkgName:com.android.settings
04-12 20:37:02.734489  1730  2314 D PowerManagerService: onAppLaunch: currentPackage=com.android.settings, nextPackage=com.transsion.launcher3.
04-12 20:37:02.734539  1730  2429 I tranpm/Preloader: preload error: preloadList is null.
04-12 20:37:02.734549  1730  2429 I tranpm/Preloader: preload start activity result: null
04-12 20:37:02.734586  1730  2396 D aegean_MemoryFusionFileUtils: proc/memfusion/am_app_launch :1
04-12 20:37:02.734921  1730  2875 D TranStartingSurfaceController: need wait wallpaper real show when in low performance platform
04-12 20:37:02.735671  1730  2875 D TranStartingSurfaceController: need wait wallpaper real show when in low performance platform
04-12 20:37:02.736079  2727  2903 V ShellRecents: [64768194] RecentsController.setTransition: id=android.os.BinderProxy@95c710d
04-12 20:37:02.736469  1730  1899 D TranStartingSurfaceController: need wait wallpaper real show when in low performance platform
04-12 20:37:02.737031  1730  4327 D TranAppm/Monitor: App switch: com.android.settings -> com.transsion.launcher3
04-12 20:37:02.737167  1730  1950 W TranPerf-SystemBinderBigCoreFeature: [setAffinity] Tid:2875 mask:255
04-12 20:37:02.738192  1730  1899 D TranStartingSurfaceController: need wait wallpaper real show when in low performance platform
04-12 20:37:02.738942  1730  1898 I TranSCSourceConnectManagerImpl: hookDisplayResumeComponent displayId: 0 componentName: ComponentInfo{com.transsion.launcher3/com.android.launcher3.uioverrides.QuickstepLauncher}
04-12 20:37:02.740466  1730  4327 D TranAppm/ThermalEngineModule:  AppSwitchListener from com.android.settings to com.transsion.launcher3
04-12 20:37:02.740690  2406  2406 D ResumeActivityItem: ResumeActivityItem execute r = ActivityRecord{fd9d2a3 token=android.os.BinderProxy@dfeac22 {com.transsion.launcher3/com.android.launcher3.uioverrides.QuickstepLauncher}}
04-12 20:37:02.742558  1730  2450 D TranAppm/SystemMonitor: tranAppMonitor() the app is not in the whitelist.
04-12 20:37:02.743533  1730  2875 D tranpm/SceneDataInstance: onAppStart
04-12 20:37:02.744511  1730  2875 D setGameMode: enter setGameModeEnabled
04-12 20:37:02.744518  1730  2875 D setGameMode: packageName: com.transsion.launcher3 processName: com.transsion.launcher3
04-12 20:37:02.744545  1730  2875 D TranAppm/MTKSuitConfig: mMTKGameModeSupport: true
04-12 20:37:02.744588  1730  2875 D TranAppm/MTKModule: pkgName: com.transsion.launcher3,pid: 2406
04-12 20:37:02.744597  1730  2875 D setGameMode: Package not in game scene list: com.transsion.launcher3
04-12 20:37:02.745192  1730  1899 I WindowManager: real show surface com.android.systemui.wallpapers.ImageWallpaper sc: Surface(name=com.android.systemui.wallpapers.ImageWallpaper)/@0x3f50a22 win : Window{1b951a8 u0 com.android.systemui.wallpapers.ImageWallpaper}
04-12 20:37:02.748122  1730  4327 D TranStartingSurfaceController: checkResumeLauncherSyncFinished can skip sync
04-12 20:37:02.748166  1730  4327 D BLASTSyncEngine: resume launcher skip sync when wallpaper has transitionReady wc=ActivityRecord{24013077 u0 com.transsion.launcher3/com.android.launcher3.uioverrides.QuickstepLauncher t2} mSyncId=78
04-12 20:37:02.748208  1730  4327 D BLASTSyncEngine: transition TransitionRecord{c8b68bc id=78 type=TO_FRONT flags=0x80 c=[
04-12 20:37:02.748208  1730  4327 D BLASTSyncEngine:    ChangeInfo{ead1045 container=ActivityRecord{24013077 u0 com.transsion.launcher3/com.android.launcher3.uioverrides.QuickstepLauncher t2} flags=0x0}
04-12 20:37:02.748208  1730  4327 D BLASTSyncEngine:    ChangeInfo{503239a container=Task{3785d61 #46 type=standard A=1000:com.android.settings.root nonResizable} flags=0x4}
04-12 20:37:02.748208  1730  4327 D BLASTSyncEngine:    ChangeInfo{a4b44cb container=WallpaperWindowToken{3853ba4 showWhenLocked=false} flags=0x0}
04-12 20:37:02.748208  1730  4327 D BLASTSyncEngine:    ChangeInfo{10454a8 container=DefaultTaskDisplayArea@137067527 flags=0x0}
04-12 20:37:02.748208  1730  4327 D BLASTSyncEngine:    ChangeInfo{2936bc1 container=Display{#0 state=ON size=1208x2644 ROTATION_0} flags=0x0}
04-12 20:37:02.748208  1730  4327 D BLASTSyncEngine:    ChangeInfo{bdfdf66 container=Task{bf216fc #2 type=home I=com.transsion.launcher3/com.android.launcher3.uioverrides.QuickstepLauncher} flags=0x0}
04-12 20:37:02.748208  1730  4327 D BLASTSyncEngine:    ChangeInfo{34762a7 container=Task{bfcc185 #1 type=home} flags=0x0}
04-12 20:37:02.748208  1730  4327 D BLASTSyncEngine: ]
04-12 20:37:02.748208  1730  4327 D BLASTSyncEngine: } isAuthenticateSucceed false isKeyguardGoingAwayQuickly false
04-12 20:37:02.748279  1730  4327 D WindowManager: [SG_DEBUG]Clear [finished]SyncGroup{id=78 name=Transition-TO_FRONT} on WallpaperWindowToken{3853ba4 showWhenLocked=false}
04-12 20:37:02.748302  1730  4327 D WindowManager: [SG_DEBUG]Clear [finished]SyncGroup{id=78 name=Transition-TO_FRONT} on ActivityRecord{24013077 u0 com.transsion.launcher3/com.android.launcher3.uioverrides.QuickstepLauncher t2}
04-12 20:37:02.748475  1730  4327 I Transition: ignoreThunderbackTransition back= false change= false
04-12 20:37:02.749078  1730  4327 D TranCustomizedTransitionAnimController: updateFlagsFromDynamicIslandToWindow pkgName:com.transsion.launcher3 mStartFromDynamicIsland:false mDynamicIslandPkgName:com.google.android.gms
04-12 20:37:02.749099  1730  4327 I TransitionHelper: updateFlagsFromDynamicIslandToWindow pkgName = com.transsion.launcher3 flagsArr[0] = 0
04-12 20:37:02.749236  1730  4327 D TranCustomizedTransitionAnimController: updateFlagsFromDynamicIslandToWindow pkgName:com.android.settings mStartFromDynamicIsland:false mDynamicIslandPkgName:com.google.android.gms
04-12 20:37:02.749252  1730  4327 I TransitionHelper: updateFlagsFromDynamicIslandToWindow pkgName = com.android.settings flagsArr[0] = 0
04-12 20:37:02.749329  1730  4327 D TranCustomizedTransitionAnimController: updateFlagsFromDynamicIslandToWindow pkgName:null mStartFromDynamicIsland:false mDynamicIslandPkgName:com.google.android.gms
04-12 20:37:02.749347  1730  4327 I TransitionHelper: updateFlagsFromDynamicIslandToWindow pkgName = null flagsArr[0] = 0
04-12 20:37:02.749369  1730  4327 D os.activityembedding: onCalculateTransitionInfo topOpening=null,bottomClosing=null
04-12 20:37:02.749997  1730  4327 D Transition: Calling onTransitionReady mToken = Token{17310c0 TransitionRecord{c8b68bc id=78 type=TO_FRONT flags=0x80 c=[
04-12 20:37:02.749997  1730  4327 D Transition:    ChangeInfo{ead1045 container=ActivityRecord{24013077 u0 com.transsion.launcher3/com.android.launcher3.uioverrides.QuickstepLauncher t2} flags=0x0}
04-12 20:37:02.749997  1730  4327 D Transition:    ChangeInfo{503239a container=Task{3785d61 #46 type=standard A=1000:com.android.settings.root nonResizable} flags=0x4}
04-12 20:37:02.749997  1730  4327 D Transition:    ChangeInfo{a4b44cb container=WallpaperWindowToken{3853ba4 showWhenLocked=false} flags=0x0}
04-12 20:37:02.749997  1730  4327 D Transition:    ChangeInfo{10454a8 container=DefaultTaskDisplayArea@137067527 flags=0x0}
04-12 20:37:02.749997  1730  4327 D Transition:    ChangeInfo{2936bc1 container=Display{#0 state=ON size=1208x2644 ROTATION_0} flags=0x0}
04-12 20:37:02.749997  1730  4327 D Transition:    ChangeInfo{bdfdf66 container=Task{bf216fc #2 type=home I=com.transsion.launcher3/com.android.launcher3.uioverrides.QuickstepLauncher} flags=0x30}
04-12 20:37:02.749997  1730  4327 D Transition:    ChangeInfo{34762a7 container=Task{bfcc185 #1 type=home} flags=0x30}
04-12 20:37:02.749997  1730  4327 D Transition: ]
04-12 20:37:02.749997  1730  4327 D Transition: }} info = {id=78 t=TO_FRONT f=0x80 trk=0 r=[0@Point(0, 0)] c=[{WCT{RemoteToken{2c15f8a Task{bfcc185 #1 type=home}}} m=TO_FRONT f=SHOW_WALLPAPER|MOVE_TO_TOP leash=Surface(name=Task=1)/@0x8d8d3be sb=Rect(0, 0 - 1208, 2644) eb=Rect(0, 0 - 1208, 2644) mSimplifyStartAbsBounds=Rect(0, 0 - 0, 0) epz=Point(1208, 2644) d=0 taskParent=-1},{WCT{RemoteToken{1c8bd47 Task{3785d61 #46 type=standard A=1000:com.android.settings.root nonResizable}}} m=TO_BACK f=NONE leash=Surface(name=Task=46)/@0x2eb7cc5 sb=Rect(0, 0 - 1208, 2644) eb=Rect(0, 0 - 1208, 2644) mSimplifyStartAbsBounds=Rect(0, 0 - 0, 0) epz=Point(1208, 2644) d=0 taskParent=-1},{m=TO_FRONT f=IS_WALLPAPER leash=Surface(name=WallpaperWindowToken{3853ba4 showWhenLocked=false})/@0xdd0297e sb=Rect(0, 0 - 1208, 2644) eb=Rect(0, 0 - 1208, 2644) mSimplifyStartAbsBounds=Rect(0, 0 - 0, 0) epz=Point(1208, 2644) d=0}]} transaction = android.view.SurfaceControl$Transaction@198d1f9
04-12 20:37:02.750032  1730  4327 D MagellanHandle: updateRefreshRateForSceneVsyncs what = 21
04-12 20:37:02.750860  1730  4327 D TranBrightnessController: setNotUpdateBrightnessState: pauseUpdate = false , pauseReason = app_stop_launch
04-12 20:37:02.751014  2727 10145 V WindowManagerShell: onTransitionReady(transaction=7430293428060)
04-12 20:37:02.751037  1730  4327 D BLASTSyncEngine: [DH_DEBUG]remove timeout #78 callback=com.android.server.wm.BLASTSyncEngine$SyncGroup$$ExternalSyntheticLambda2@cb987d5
04-12 20:37:02.751181  2727  2903 V WindowManagerShell: onTransitionReady (#78) android.os.BinderProxy@95c710d: {id=78 t=TO_FRONT f=0x80 trk=0 r=[0@Point(0, 0)] c=[
04-12 20:37:02.751181  2727  2903 V WindowManagerShell:         {m=TO_FRONT f=SHOW_WALLPAPER|MOVE_TO_TOP leash=Surface(name=Task=1)/@0xb0246d3 sb=Rect(0, 0 - 1208, 2644) eb=Rect(0, 0 - 1208, 2644) mSimplifyStartAbsBounds=Rect(0, 0 - 0, 0) epz=Point(1208, 2644) d=0 taskParent=-1},
04-12 20:37:02.751181  2727  2903 V WindowManagerShell:         {m=TO_BACK f=NONE leash=Surface(name=Task=46)/@0xbbea210 sb=Rect(0, 0 - 1208, 2644) eb=Rect(0, 0 - 1208, 2644) mSimplifyStartAbsBounds=Rect(0, 0 - 0, 0) epz=Point(1208, 2644) d=0 taskParent=-1},
04-12 20:37:02.751181  2727  2903 V WindowManagerShell:         {m=TO_FRONT f=IS_WALLPAPER leash=Surface(name=WallpaperWindowToken{3853ba4 showWhenLocked=false})/@0xdec1109 sb=Rect(0, 0 - 1208, 2644) eb=Rect(0, 0 - 1208, 2644) mSimplifyStartAbsBounds=Rect(0, 0 - 0, 0) epz=Point(1208, 2644) d=0}
04-12 20:37:02.751181  2727  2903 V WindowManagerShell:     ]}
04-12 20:37:02.751439  1730  4327 I WindowManager: Relayout Window{5b08062 u0 com.transsion.launcher3/com.android.launcher3.uioverrides.QuickstepLauncher}: oldVis=8 newVis=0 focusMayChange = true requestedWidth = 1208 requestedHeight = 2644 outFrames = ClientWindowFrames{frame=[0,0][1208,2644] display=[0,0][1208,2644] parentFrame=[0,0][0,0]} outSurfaceControl = Surface(name=com.transsion.launcher3/com.android.launcher3.uioverrides.QuickstepLauncher)/@0xb6bff9f
04-12 20:37:02.751453  2727  2903 D RecentsTransitionHandler_interrupt: isIconLaunchOpenOrClose mode：3
04-12 20:37:02.751465  2727  2903 D RecentsTransitionHandler_interrupt: isOpenOrCloseMode: trueisInterruptedTask: true isSplitMode: false isTranssionLauncher: true
04-12 20:37:02.751471  2727  2903 D RecentsTransitionHandler_interrupt: isIconLaunchRemoteTransitionInterrupted isopenorclose: true   mHasPlayingTransitions: false mFinishHasPlayingTransitions: false
04-12 20:37:02.751495  2727  2903 D RecentsTransitionHandler_interrupt: processReadyQueue mIfTransitionReUseLeash: false  mLeashReUsePendingFinishT: null
04-12 20:37:02.751503  2727  2903 D RecentsTransitionHandler_interrupt: isIconLaunchOpenOrClose mode：3
04-12 20:37:02.751508  2727  2903 D RecentsTransitionHandler_interrupt: isOpenOrCloseMode: trueisInterruptedTask: true isSplitMode: false isTranssionLauncher: true
04-12 20:37:02.751512  2727  2903 D RecentsTransitionHandler_interrupt: isIconLaunchRemoteTransitionInterrupted isopenorclose: true   mHasPlayingTransitions: false mFinishHasPlayingTransitions: false
04-12 20:37:02.751534  2727  2903 V WindowManagerShell: Playing animation for (#78) android.os.BinderProxy@95c710d@0
04-12 20:37:02.751547  2727  2903 D RecentsTransitionHandler_interrupt: isIconLaunchOpenOrClose mode：3
04-12 20:37:02.751551  2727  2903 D RecentsTransitionHandler_interrupt: isOpenOrCloseMode: trueisInterruptedTask: true isSplitMode: false isTranssionLauncher: true
04-12 20:37:02.751554  2727  2903 D RecentsTransitionHandler_interrupt: isIconLaunchRemoteTransitionInterrupted isopenorclose: true   mHasPlayingTransitions: false mFinishHasPlayingTransitions: false
04-12 20:37:02.751575  2727  2903 V ShellSplitScreen: reduce layer of wallpaper when opening
04-12 20:37:02.751593  2727  2903 V WindowManagerShell:  try firstHandler com.android.wm.shell.recents.RecentsTransitionHandler@8a2195c
04-12 20:37:02.751611  2727  2903 V ShellRecents: [64768194] RecentsController.start
04-12 20:37:02.751638  2727  2903 D RecentsTransitionHandler_interrupt: mHasPlayingTransitions: false
04-12 20:37:02.751643  2727  2903 D RecentsTransitionHandler_interrupt: ifInterrupt isOpenOrCloseMode true  Transitions hasPlayingTransitions: false
04-12 20:37:02.751646  2727  2903 D RecentsTransitionHandler_interrupt: mHasPlayingTransitions: false
04-12 20:37:02.751731  1730  2396 D aegean_MemoryFusionFileUtils: proc/memfusion/am_app_launch :0
04-12 20:37:02.752391  1730  2958 I thermalLightController: Fg: com.transsion.launcher3
04-12 20:37:02.752515  2727  2903 V ShellRecents:   not handling home taskId=1
04-12 20:37:02.752541  2727  2903 D RecentsTransitionHandler_interrupt: mHasPlayingTransitions: false
04-12 20:37:02.752546  2727  2903 D RecentsTransitionHandler_interrupt: ifInterrupt isOpenOrCloseMode true  Transitions hasPlayingTransitions: false
04-12 20:37:02.752550  2727  2903 D RecentsTransitionHandler_interrupt: mHasPlayingTransitions: false
04-12 20:37:02.752955  2727  2903 V ShellRecents:   adding pausing leaf taskId=46 at layer=8
04-12 20:37:02.753443  2727  2903 V ShellRecents: Applying transaction=7430293428060
04-12 20:37:02.754211  1730  1899 D WindowManager: adjustWallpaperWindows use keyguard: false
04-12 20:37:02.754301  2727  2903 V ShellRecents: No matching remote found to takeover (#78)
04-12 20:37:02.754339  2727  2903 V ShellSplitScreen: getSplitBoundsForTaskId: expected split bounds for taskId=46 but not found
04-12 20:37:02.754356  2727  2903 V ShellRecents: [64768194] RecentsController.start: calling onAnimationStart with 2 apps
04-12 20:37:02.754958  2727  2903 V WindowManagerShell:  animated by firstHandler
04-12 20:37:02.755422  2727  2903 D SyncTransactionQueue: Run in sync. mInFlight=null
04-12 20:37:02.756839  1730  2958 I WindowManager: Relayout Window{445db9c u0 ZeroScreen}: oldVis=8 newVis=0 focusMayChange = true requestedWidth = 1208 requestedHeight = 2644 outFrames = ClientWindowFrames{frame=[0,0][1208,2644] display=[-100000,-100000][100000,100000] parentFrame=[0,0][0,0]} outSurfaceControl = Surface(name=ZeroScreen)/@0xbadc731
04-12 20:37:02.759879  1730  2958 W UriGrantsManagerService: For security reasons, the system cannot issue a Uri permission grant to content://com.transsion.tranradionet.TranTelephonyProvider/commoninfo [user 0]; use startActivityAsCaller() instead
04-12 20:37:02.762719  1730  4068 I BLASTSyncEngine: mSyncId = 78 start T apply
04-12 20:37:02.766901  1730  2875 I WindowManager: System monitor finishDrawingWindow w: Window{445db9c u0 ZeroScreen}; mDrawState = DRAW_PENDING
04-12 20:37:02.767997  1730  1899 D WindowManager: System monitor commitFinishDrawingLocked activity = ActivityRecord{24013077 u0 com.transsion.launcher3/com.android.launcher3.uioverrides.QuickstepLauncher t2} canShowWindows = true type = 4
04-12 20:37:02.768032  1730  1899 D TranStartingSurfaceController: hookOnFirstWindowDrawn activityRecord=ActivityRecord{24013077 u0 com.transsion.launcher3/com.android.launcher3.uioverrides.QuickstepLauncher t2}
04-12 20:37:02.768072  1730  1899 I WindowManager:   isAnimating=false  okToAnimate=true  win=Window{445db9c u0 ZeroScreen}
04-12 20:37:02.768142  1730  1899 D WindowManager: System monitor performShowLocked: mDrawState = HAS_DRAWN in Window{445db9c u0 ZeroScreen}
04-12 20:37:02.768393  1730  4344 W TranPerf-KswapdLittleCoreFeature: kswapd param is null
04-12 20:37:02.768496  1730  4344 I AnimBoostThreadLittleCoreFeature: AnimBoostThread = 2874
04-12 20:37:02.769602  1730  1899 I WindowManager: real show surface ZeroScreen sc: Surface(name=ZeroScreen)/@0x6f84397 win : Window{445db9c u0 ZeroScreen}
04-12 20:37:02.772328  1730  4327 I WindowManager: System monitor finishDrawingWindow w: Window{5b08062 u0 com.transsion.launcher3/com.android.launcher3.uioverrides.QuickstepLauncher}; mDrawState = DRAW_PENDING
04-12 20:37:02.772525  1730  1899 D WindowManager: adjustWallpaperWindows use keyguard: false
04-12 20:37:02.773261  1730  1899 D WindowManager: System monitor commitFinishDrawingLocked activity = ActivityRecord{24013077 u0 com.transsion.launcher3/com.android.launcher3.uioverrides.QuickstepLauncher t2} canShowWindows = true type = 1
04-12 20:37:02.773373  1730  1899 D WindowManager: System monitor performShowLocked: mDrawState = HAS_DRAWN in Window{5b08062 u0 com.transsion.launcher3/com.android.launcher3.uioverrides.QuickstepLauncher}
04-12 20:37:02.773620  1730  1899 D WindowManager: adjustWallpaperWindows use keyguard: false
04-12 20:37:02.775106  1730  1898 D TranAppm/MTKSuitConfig: mMTKGameModeSupport: true
04-12 20:37:02.775168  1730  1898 D TranAppm/MTKModule: pkgName: com.sh.smart.caller,pid: 0
04-12 20:37:02.777931  1730  1899 I WindowManager: real show surface com.transsion.launcher3/com.android.launcher3.uioverrides.QuickstepLauncher sc: Surface(name=com.transsion.launcher3/com.android.launcher3.uioverrides.QuickstepLauncher)/@0xbe6a56d win : Window{5b08062 u0 com.transsion.launcher3/com.android.launcher3.uioverrides.QuickstepLauncher}
04-12 20:37:02.778412  1730  2474 I _T_AppBehavior: APP_START_OCCURRED (pid:2406, packageName:com.transsion.launcher3, transitionType:9, launchedActivityName:com.android.launcher3.uioverrides.QuickstepLauncher, callerPackage:null, currentTransitionDelayMs:22, startingWindowDelayMs:-1, bindApplicationDelayMs:-1, windowsDrawnDelayMs:0,compilationReason:23, compilationFilter:4, sourceType:4, sourceEventDelayMs:8)
04-12 20:37:02.780748  1730  2958 D ActivityTaskManager_Recents: Skipping, unavail real act mTaskId: 18
04-12 20:37:02.780768  1730  2958 D ActivityTaskManager_Recents: Skipping, user setup not complete  mTaskId: 6
04-12 20:37:02.781251  1730  2958 D ActivityTaskManager: pauseTaskTopActivity, taskId:46, isUidPrivileged:true
04-12 20:37:02.781382  1730  2958 D MagellanHandle: updateRefreshRateForSceneVsyncs what = 23
04-12 20:37:02.782664  1730  2958 D setGameMode: enter setGameModeEnabled
04-12 20:37:02.782668  1730  2958 D setGameMode: packageName: com.android.settings processName: com.android.settings
04-12 20:37:02.782690  1730  2958 D TranAppm/MTKSuitConfig: mMTKGameModeSupport: true
04-12 20:37:02.782735  1730  2958 D TranAppm/MTKModule: pkgName: com.android.settings,pid: 11812
04-12 20:37:02.782740  1730  2958 D setGameMode: Package not in game scene list: com.android.settings
04-12 20:37:02.782816  1730  2958 D MagellanHandle: updateRefreshRateForSceneVsyncs what = 23
04-12 20:37:02.787730  1730  1879 V WindowManager: Sent Transition (#78) createdAt=04-12 20:37:02.727
04-12 20:37:02.787799  1730  1879 V WindowManager:     startWCT=WindowContainerTransaction { changes= {} hops= [{pendingIntent: options=Bundle[{android.activity.splashScreenStyle=-1, android.activity.sourceInfo=android.app.ActivityOptions$SourceInfo@df38233, android:activity.animAbortListener=null, tran:activity.thunderback.recent.type=0, android:activity.thunderback.userId=0, tran:activity.simplifyanim.launcher.type=0, android.activity.transientLaunch=true}]}] errorCallbackToken=null taskFragmentOrganizer=null mInterrupt=false customAnimFlag=0 }
04-12 20:37:02.787861  1730  1879 V WindowManager:     info={id=78 t=TO_FRONT f=0x80 trk=0 r=[0@Point(0, 0)] c=[
04-12 20:37:02.787861  1730  1879 V WindowManager:         {WCT{RemoteToken{2c15f8a Task{bfcc185 #1 type=home}}} m=TO_FRONT f=SHOW_WALLPAPER|MOVE_TO_TOP leash=Surface(name=Task=1)/@0x8d8d3be sb=Rect(0, 0 - 1208, 2644) eb=Rect(0, 0 - 1208, 2644) mSimplifyStartAbsBounds=Rect(0, 0 - 0, 0) epz=Point(1208, 2644) d=0 taskParent=-1},
04-12 20:37:02.787861  1730  1879 V WindowManager:         {WCT{RemoteToken{1c8bd47 Task{3785d61 #46 type=standard A=1000:com.android.settings.root nonResizable}}} m=TO_BACK f=NONE leash=Surface(name=Task=46)/@0x2eb7cc5 sb=Rect(0, 0 - 1208, 2644) eb=Rect(0, 0 - 1208, 2644) mSimplifyStartAbsBounds=Rect(0, 0 - 0, 0) epz=Point(1208, 2644) d=0 taskParent=-1},
04-12 20:37:02.787861  1730  1879 V WindowManager:         {m=TO_FRONT f=IS_WALLPAPER leash=Surface(name=WallpaperWindowToken{3853ba4 showWhenLocked=false})/@0xdd0297e sb=Rect(0, 0 - 1208, 2644) eb=Rect(0, 0 - 1208, 2644) mSimplifyStartAbsBounds=Rect(0, 0 - 0, 0) epz=Point(1208, 2644) d=0}
04-12 20:37:02.787861  1730  1879 V WindowManager:     ]}
04-12 20:37:02.790033  1730  1898 I debug_freeze: freezeAppAsyncInternalLSP app=ProcessRecord{85cca4 9722:com.android.vending/u0a231} delayMillis=10000 force=false
04-12 20:37:02.790033  1730  1898 I debug_freeze: java.lang.Throwable
04-12 20:37:02.790033  1730  1898 I debug_freeze: 	at com.android.server.am.CachedAppOptimizer.freezeAppAsyncInternalLSP(CachedAppOptimizer.java:1357)
04-12 20:37:02.790033  1730  1898 I debug_freeze: 	at com.android.server.am.CachedAppOptimizer.freezeAppAsyncLSP(CachedAppOptimizer.java:1329)
04-12 20:37:02.790033  1730  1898 I debug_freeze: 	at com.android.server.am.CachedAppOptimizer.freezeAppAsyncLSP(CachedAppOptimizer.java:1319)
04-12 20:37:02.790033  1730  1898 I debug_freeze: 	at com.android.server.am.OomAdjuster.updateAppFreezeStateLSP(OomAdjuster.java:4401)
04-12 20:37:02.790033  1730  1898 I debug_freeze: 	at com.android.server.am.OomAdjuster.applyOomAdjLSP(OomAdjuster.java:3909)
04-12 20:37:02.790033  1730  1898 I debug_freeze: 	at com.android.server.am.OomAdjuster.updateAndTrimProcessLSP(OomAdjuster.java:1418)
04-12 20:37:02.790033  1730  1898 I debug_freeze: 	at com.android.server.am.OomAdjuster.postUpdateOomAdjInnerLSP(OomAdjuster.java:1162)
04-12 20:37:02.790033  1730  1898 I debug_freeze: 	at com.android.server.am.OomAdjusterModernImpl.fullUpdateLSP(OomAdjusterModernImpl.java:983)
04-12 20:37:02.790033  1730  1898 I debug_freeze: 	at com.android.server.am.OomAdjusterModernImpl.performUpdateOomAdjLSP(OomAdjusterModernImpl.java:901)
04-12 20:37:02.790033  1730  1898 I debug_freeze: 	at com.android.server.am.OomAdjuster.updateOomAdjLSP(OomAdjuster.java:656)
04-12 20:37:02.790033  1730  1898 I debug_freeze: 	at com.android.server.am.OomAdjuster.updateOomAdjLocked(OomAdjuster.java:644)
04-12 20:37:02.790033  1730  1898 I debug_freeze: 	at com.android.server.am.ProcessStateController.runFullUpdate(ProcessStateController.java:100)
04-12 20:37:02.790033  1730  1898 I debug_freeze: 	at com.android.server.am.ActivityManagerService.updateOomAdjLocked(ActivityManagerService.java:16903)
04-12 20:37:02.790033  1730  1898 I debug_freeze: 	at com.android.server.am.ActivityManagerService.trimApplicationsLocked(ActivityManagerService.java:17410)
04-12 20:37:02.790033  1730  1898 I debug_freeze: 	at com.android.server.am.ActivityManagerService.trimApplications(ActivityManagerService.java:17362)
04-12 20:37:02.790033  1730  1898 I debug_freeze: 	at com.android.server.am.ActivityManagerService.-$$Nest$mtrimApplications(ActivityManagerService.java:0)
04-12 20:37:02.790033  1730  1898 I debug_freeze: 	at com.android.server.am.ActivityManagerService$LocalService.trimApplications(ActivityManagerService.java:18604)
04-12 20:37:02.790033  1730  1898 I debug_freeze: 	at com.android.server.wm.ActivityTaskSupervisor.lambda$activityIdleInternal$2(ActivityTaskSupervisor.java:1662)
04-12 20:37:02.790033  1730  1898 I debug_freeze: 	at com.android.server.wm.ActivityTaskSupervisor.$r8$lambda$NOf6mVLk7SRVOwt1P5P1njNo27o(ActivityTaskSupervisor.java:0)
04-12 20:37:02.790033  1730  1898 I debug_freeze: 	at com.android.server.wm.ActivityTaskSupervisor$$ExternalSyntheticLambda0.run(R8$$SyntheticClass:0)
04-12 20:37:02.790033  1730  1898 I debug_freeze: 	at android.os.Handler.handleCallback(Handler.java:995)
04-12 20:37:02.790033  1730  1898 I debug_freeze: 	at android.os.Handler.dispatchMessage(Handler.java:103)
04-12 20:37:02.790033  1730  1898 I debug_freeze: 	at android.os.Looper.loopOnce(Looper.java:327)
04-12 20:37:02.790033  1730  1898 I debug_freeze: 	at android.os.Looper.loop(Looper.java:431)
04-12 20:37:02.790033  1730  1898 I debug_freeze: 	at android.os.HandlerThread.run(HandlerThread.java:85)
04-12 20:37:02.790033  1730  1898 I debug_freeze: 	at com.android.server.ServiceThread.run(ServiceThread.java:49)
04-12 20:37:02.790469  1730  4068 W UriGrantsManagerService: For security reasons, the system cannot issue a Uri permission grant to content://com.transsion.tranradionet.TranTelephonyProvider/commoninfo [user 0]; use startActivityAsCaller() instead
04-12 20:37:02.808928  1730  2521 W UriGrantsManagerService: For security reasons, the system cannot issue a Uri permission grant to content://com.transsion.tranradionet.TranTelephonyProvider/commoninfo [user 0]; use startActivityAsCaller() instead
04-12 20:37:02.810389  1730  1879 D AutofillManagerService: Close system dialogs
04-12 20:37:02.810433  1730  1730 V InputMethodMenuController: Hide switching menu
04-12 20:37:02.816305  2727  2903 V ShellRecents: [64768194] RecentsController.setInputConsumerEnabled: set focus to recents
04-12 20:37:02.816668  1730  4327 D NetworkRuleControllerService: onTaskFocusChanged 46 false
04-12 20:37:02.816722  1730  4327 D NetworkRuleControllerService: onTaskFocusChanged 2 true
04-12 20:37:02.816734  1730  4327 D NetworkRuleControllerService: onForegroundPackageChanged com.android.settings => com.transsion.launcher3
04-12 20:37:02.816766  1730  4327 D os.fingerprint: onUpdateFocusedApp oldPackageName:com.android.settings oldComponent:ComponentInfo{com.android.settings/com.android.settings.SubSettings} newPackageName:com.transsion.launcher3 newComponent:ComponentInfo{com.transsion.launcher3/com.android.launcher3.uioverrides.QuickstepLauncher} mFm :android.hardware.fingerprint.FingerprintManager@83d38ed
04-12 20:37:02.816972  1730  4327 D WindowManager: currentFocusId 0 newFocusId: 0 currentFocusIsMultiWindow: false newFocusIsMultiWindow: false
04-12 20:37:02.817252  1730  4327 W WindowManager: Changing focus from Window{c56d0c2 u0 com.android.settings/com.android.settings.SubSettings} to Window{5b08062 u0 com.transsion.launcher3/com.android.launcher3.uioverrides.QuickstepLauncher} displayId=0 Callers=com.android.server.wm.RootWindowContainer.updateFocusedWindowLocked:532 com.android.server.wm.WindowManagerService.updateFocusedWindowLocked:7088 com.android.server.wm.ActivityTaskManagerService.setLastResumedActivityUncheckLocked:5759 com.android.server.wm.ActivityTaskManagerService.setFocusedTask:2403 
04-12 20:37:02.817297  1730  4327 D WindowManager: notifyAppOnFocusChange focusedWindow =com.transsion.launcher3/com.android.launcher3.uioverrides.QuickstepLauncher;2406;10148 registeredPid=4161 callback=android.window.IFocusChangeCallback$Stub$Proxy@21576a4
04-12 20:37:02.818775  1730  4327 I WindowManager: updateSystemBarAttributes appearance:16, win appearance:0, opaqueAppearance:0, win:Window{5b08062 u0 com.transsion.launcher3/com.android.launcher3.uioverrides.QuickstepLauncher}, appearanceRegions=[AppearanceRegion{LIGHT_STATUS_BARS bounds=[0,0][1208,2644]}]
04-12 20:37:02.820671  1730  1898 I TranSCSourceConnectManagerImpl: hookDisplayResumeComponent displayId: 0 componentName: ComponentInfo{com.transsion.launcher3/com.android.launcher3.uioverrides.QuickstepLauncher}
04-12 20:37:02.820811  1730  2156 D WindowManager: onUserActivity: mGestureSleepRunnable remove
04-12 20:37:02.820996  2727  2903 D SyncTransactionQueue: Run in sync. mInFlight=null
04-12 20:37:02.821526  2727  2903 D SyncTransactionQueue: Run in sync. mInFlight=null
04-12 20:37:02.842760  2727  3393 V ShellRecents: [64768194] RecentsController.detachNavigationBarFromApp
04-12 20:37:02.864220  2727  2903 D WindowManagerShell: setLauncherKeepClearAreaHeight: visible=true, height=285
04-12 20:37:02.876406  1730  2166 E HandwritingModeController: Cannot get requestId: Handwriting was not initialized.
04-12 20:37:02.877056  1730  1899 I WindowManager: updateSystemBarAttributes appearance:0, win appearance:0, opaqueAppearance:0, win:Window{5b08062 u0 com.transsion.launcher3/com.android.launcher3.uioverrides.QuickstepLauncher}, appearanceRegions=[AppearanceRegion{ bounds=[0,0][1208,2644]}]
04-12 20:37:02.947930  1730  4327 V SettingsProvider: name : transsion_turbo_assistant appId : 1000
04-12 20:37:03.002688  1730  1730 D WindowManager: getTopPackages# topPackages = []
04-12 20:37:03.002778  1730  1730 D TranActivityLifecycleManager: [onForegroundAppchange] ForegroundPackage: com.transsion.launcher3 splitScreen: false multiWindow: false mIsPinned:false
04-12 20:37:03.486125  1730  2521 I AppWidgetServiceImpl: startListening() 0
04-12 20:37:03.488470  2727  2903 V ShellRecents: [64768194] RecentsController.finishInner: toHome=true userLeave=true willFinishToHome=true state=0 hasPausingTasks=true reason=requested
04-12 20:37:03.488506  2727  2903 V ShellRecents:   normal finish
04-12 20:37:03.488575  2727  2903 V ShellRecents: [64768194] RecentsController.finishInner: Completing finish
04-12 20:37:03.488592  2727  2903 V ShellRecents: [64768194] RecentsController.cleanup
04-12 20:37:03.488841  2727  2903 D RecentsTransitionHandler_interrupt: finish handler: com.android.wm.shell.recents.RecentsTransitionHandler@8a2195c
04-12 20:37:03.488859  2727  2903 D RecentsTransitionHandler_interrupt: onFinish: isLauncherReUseLeash = false
04-12 20:37:03.488923  2727  2903 V WindowManagerShell: Transition animation finished (aborted=false), notifying core (#78) android.os.BinderProxy@95c710d@0
04-12 20:37:03.488935  2727  2903 D RecentsTransitionHandler_interrupt: checkOrUpdateTransitionState isLauncherReUseLeash: false
04-12 20:37:03.489258  2727  2903 D RecentsTransitionHandler_interrupt: onFinish finish apply
04-12 20:37:03.489573  1730  4327 D WindowOrganizerController: WCT isInterrupt: false
04-12 20:37:03.490482  1730  4327 D ActivityTaskManager: setVisibility defer change visibility for: ActivityRecord{52988478 u0 com.android.settings/.SubSettings t46} visible: false
04-12 20:37:03.491028  1730  1879 V WindowManager: Finish Transition (#78): created at 04-12 20:37:02.727 collect-started=0.138ms started=0.15ms ready=6.308ms sent=22.904ms commit=12.825ms finished=762.844ms
04-12 20:37:03.493607  1730  2521 I Transition: syncId = 78 finish T apply
04-12 20:37:03.496463  1730  4327 D MagellanHandle: updateRefreshRateForSceneVsyncs what = 28
04-12 20:37:03.496725  1730  4327 D MagellanHandle: updateRefreshRateForSceneVsyncs what = 21
04-12 20:37:03.496754  1730  4327 I TransitionController: record.getSyncId() = 78, mAtm.mRootWindowContainer.mRecentSyncId = 78, !inTransition() = true
04-12 20:37:03.496764  1730  4327 I WindowManager: RootWindowContainer#syncId = -1
04-12 20:37:03.496787  1730  4327 I WindowManager:  !wt.isVisibleRequested() = false, getTopRootTask() = Task{bfcc185 #1 type=home}
04-12 20:37:03.496803  1730  4327 D ActivityTaskManager: setVisibility after transition for: ActivityRecord{52988478 u0 com.android.settings/.SubSettings t46}
04-12 20:37:03.497047  2727  2903 I UASManager: stopWmShellMainUASBoost flag:1, mMainBoostFlags:0
04-12 20:37:03.497545  2727  2903 I UASManager: stopUASBoost tid =2903 type=ux_exact_wmshell.main
04-12 20:37:03.497592  2727  2903 V WindowManagerShell: Track 0 became idle
04-12 20:37:03.497634  2727  2903 V WindowManagerShell: All active transition animations finished
04-12 20:37:03.497656  2727  2903 V ShellRecents: [64768194] RecentsController.finishInner: calling finish callback
04-12 20:37:03.500048  2727  2903 D SyncTransactionQueue: Run in sync. mInFlight=null
04-12 20:37:03.500746  1730  1898 D setGameMode: enter setGameModeEnabled
04-12 20:37:03.500752  1730  1898 D setGameMode: packageName: com.android.settings processName: com.android.settings
04-12 20:37:03.500799  1730  1898 D TranAppm/MTKSuitConfig: mMTKGameModeSupport: true
04-12 20:37:03.500868  1730  1898 D TranAppm/MTKModule: pkgName: com.android.settings,pid: 11812
04-12 20:37:03.500878  1730  1898 D setGameMode: Package not in game scene list: com.android.settings
04-12 20:37:03.500967  1730  1898 D MagellanHandle: updateRefreshRateForSceneVsyncs what = 23
04-12 20:37:03.502447  1730  1899 I WindowManager:   isAnimating=false  okToAnimate=true  win=Window{78aa121 u0 com.transsnet.store}
04-12 20:37:03.510758  1730  1898 V WindowManager: Unknown focus tokens, dropping reportFocusChanged
04-12 20:37:03.518667  1730  2166 V InputMethodManagerService: startInputOrWindowGainedFocusInternalLocked: reason=WINDOW_FOCUS_GAIN client=android.os.BinderProxy@56b340f inputContext=null editorInfo=android.view.inputmethod.EditorInfo@ad46a9e startInputFlags=VIEW_HAS_FOCUS|INITIAL_CONNECTION softInputMode=STATE_UNSPECIFIED|ADJUST_NOTHING windowFlags=#81910100 unverifiedTargetSdkVersion=36 bindingController=com.android.server.inputmethod.InputMethodBindingController@7d20084 imeDispatcher=android.window.ImeOnBackInvokedDispatcher@921b97f cs=ClientState{8d5b4a2 mUid=10148 mPid=2406 mSelfReportedDisplayId=0} imeRequestedVisible=false
04-12 20:37:03.518734  1730  2166 V ImeVisibilityStateComputer: setWindowStateInner, windowToken=android.os.BinderProxy@3c6432d, state=ImeTargetWindowState{ imeToken null imeFocusChanged true hasEditorFocused false requestedImeVisible false imeDisplayId 0 softInputModeState STATE_UNSPECIFIED|ADJUST_NOTHING isStartInputByGainFocus true}
04-12 20:37:03.518755  1730  2166 V ImeVisibilityStateComputer: Unspecified window will hide input
04-12 20:37:03.518967  1730  2166 I input_debug: package: com.transsion.launcher3 mNeedShowSafeInput: false inputType: 0 methodMap: true isKeyguardShowing: false enable: 0 isSplitScreen: false
04-12 20:37:03.518996  1730  2166 V InputMethodManagerService: unbindCurrentInputLocked: client=android.os.BinderProxy@7a95294
04-12 20:37:03.519193  1730  2166 V InputMethodMenuController: Hide switching menu
04-12 20:37:03.519257  1730  2166 V InputMethodManagerService: Creating new accessibility sessions for client ClientState{8d5b4a2 mUid=10148 mPid=2406 mSelfReportedDisplayId=0}
04-12 20:37:03.519395  1730  2875 D MagellanHandle: updateRefreshRateForSceneVsyncs what = 27
04-12 20:37:03.522531  1730  2166 V InputMethodManagerService: Disabling: SessionState{uid=1000 pid=11812 method=4b38d43 session=59532aa channel=ClientState{5dd6bb4 mUid=1000 mPid=11812 mSelfReportedDisplayId=0} userId=0}
04-12 20:37:03.522618  1730  2166 V InputMethodManagerService: Enabling: SessionState{uid=10148 pid=2406 method=4b38d43 session=524f4c5 channel=ClientState{8d5b4a2 mUid=10148 mPid=2406 mSelfReportedDisplayId=0} userId=0}
04-12 20:37:03.523164  1730  1898 D TranAppm/MTKSuitConfig: mMTKGameModeSupport: true
04-12 20:37:03.523221  1730  1898 D TranAppm/MTKModule: pkgName: com.sh.smart.caller,pid: 0
