04-12 20:37:13.817442  2727  2903 V WindowManagerShell:  Checking filter Pair{{types=[] flags=0x0] notFlags=0x100 checks=[{atype=home independent=true modes=[OPEN,TO_FRONT] flags=NONE mustBeTask=false order=TOP topActivity=ComponentInfo{com.transsion.launcher3/com.android.launcher3.uioverrides.QuickstepLauncher} launchCookie=null windowingMode=undefined},{atype=standard independent=true modes=[CLOSE,TO_BACK] flags=NONE mustBeTask=false order=ANY topActivity=null launchCookie=null windowingMode=undefined}]} RemoteTransition { remoteTransition = android.window.IRemoteTransition$Stub$Proxy@db8e2cc, appThread = android.app.IApplicationThread$Stub$Proxy@29ae915, debugName = QuickstepLaunchHome }}
04-12 20:37:13.817466  2727  2903 V WindowManagerShell:  Delegate animation for (#83) to null
04-12 20:37:13.817515  2727  2903 V WindowManagerShell: start default transition animation, info = {id=83 t=CLOSE f=0x0 trk=0 r=[0@Point(0, 0)] c=[{m=CLOSE f=FILLS_TASK leash=Surface(name=ActivityRecord{156455931 u0 com.debug.loggerui/.LogFolderListActivity t51})/@0xa4a23be sb=Rect(0, 0 - 1208, 2644) eb=Rect(0, 0 - 1208, 2644) mSimplifyStartAbsBounds=Rect(0, 0 - 0, 0) epz=Point(1208, 2644) d=0 bc=fff3f3f3 component=com.debug.loggerui/.LogFolderListActivity opt={t=FROM_STYLE mUserId=0}},{m=TO_FRONT f=FILLS_TASK leash=Surface(name=ActivityRecord{131352144 u0 com.debug.loggerui/.MainActivity t51})/@0xb694c1f sb=Rect(0, 0 - 1208, 2644) eb=Rect(0, 0 - 1208, 2644) mSimplifyStartAbsBounds=Rect(0, 0 - 0, 0) epz=Point(1208, 2644) d=0 bc=fff3f3f3 component=com.debug.loggerui/.MainActivity opt={t=FROM_STYLE mUserId=0}}]}
04-12 20:37:13.817958  2727  2903 V WindowManagerShell: loadAnimation: anim=android.view.animation.AnimationSet@780bdca animAttr=0x6 type=CLOSE isEntrance=true
04-12 20:37:13.818260  2727  2903 V WindowManagerShell: loadAnimation: anim=android.view.animation.AnimationSet@7a97258 animAttr=0x7 type=CLOSE isEntrance=false
04-12 20:37:13.818860  1730  1898 D TranAppm/MTKSuitConfig: mMTKGameModeSupport: true
04-12 20:37:13.818918  1730  1898 D TranAppm/MTKModule: pkgName: com.mediatek.engineermode,pid: 0
04-12 20:37:13.819083  2727  2903 I UASManager: startUASBoost tid =2908 type=ux_exact_wmshell.anim
04-12 20:37:13.819198  2727  2903 V WindowManagerShell:  animated by com.android.wm.shell.transition.DefaultTransitionHandler@64025cd
04-12 20:37:13.820584  1730  4328 I BLASTSyncEngine: mSyncId = 83 start T apply
04-12 20:37:13.820799  1730  1899 I ActivityRecordInputSink: Failed to remove inputSink when STOP, surface= :Surface(name=b336c18 ActivityRecordInputSink com.debug.loggerui/.LogFolderListActivity)/@0xdfbab9e, activity=ActivityRecord{156455931 u0 com.debug.loggerui/.LogFolderListActivity t51 f}}, state=STOPPING, isVisible=true
04-12 20:37:13.823025  1730  2166 I WindowManager: Activity = ActivityRecord{156455931 u0 com.debug.loggerui/.LogFolderListActivity t51 f}} is in playing transition with the windowState not focused and can not be IME target
04-12 20:37:13.823259  1730  2166 V InputMethodManagerService: startInputOrWindowGainedFocusInternalLocked: reason=WINDOW_FOCUS_GAIN client=android.os.BinderProxy@2ae40a4 inputContext=null editorInfo=android.view.inputmethod.EditorInfo@1786268 startInputFlags=VIEW_HAS_FOCUS|INITIAL_CONNECTION softInputMode=STATE_UNSPECIFIED|ADJUST_PAN windowFlags=#1810100 unverifiedTargetSdkVersion=36 bindingController=com.android.server.inputmethod.InputMethodBindingController@7d20084 imeDispatcher=android.window.ImeOnBackInvokedDispatcher@2adc681 cs=ClientState{3f29688 mUid=10152 mPid=6556 mSelfReportedDisplayId=0} imeRequestedVisible=false
04-12 20:37:13.823335  1730  2166 V ImeVisibilityStateComputer: setWindowStateInner, windowToken=android.os.BinderProxy@d28541, state=ImeTargetWindowState{ imeToken null imeFocusChanged true hasEditorFocused false requestedImeVisible false imeDisplayId 0 softInputModeState STATE_UNSPECIFIED|ADJUST_PAN isStartInputByGainFocus true}
04-12 20:37:13.823365  1730  2166 V ImeVisibilityStateComputer: Unspecified window will hide input
04-12 20:37:13.823611  1730  2166 I input_debug: package: com.debug.loggerui mNeedShowSafeInput: false inputType: 0 methodMap: true isKeyguardShowing: false enable: 0 isSplitScreen: false
04-12 20:37:13.823684  1730  2166 V InputMethodManagerService: Creating new accessibility sessions for client ClientState{3f29688 mUid=10152 mPid=6556 mSelfReportedDisplayId=0}
04-12 20:37:13.824412  1730  4328 D MagellanHandle: updateRefreshRateForSceneVsyncs what = 27
04-12 20:37:13.827365  1730  4328 I WindowManager: from lastthunderback to other, hide inset, so reset insettarget ime state lastInThunderback: false currentInThunderback: false lastImeInputTarget: Window{5958d92 u0 com.debug.loggerui/com.debug.loggerui.LogFolderListActivity} mImeInputTarget: Window{f82bae6 u0 com.debug.loggerui/com.debug.loggerui.MainActivity}
04-12 20:37:13.828006  1730  4075 W PackageConfigPersister: App-specific configuration not found for packageName: com.debug.loggerui and userId: 0
04-12 20:37:13.828693  1730  1898 V InputMethodManagerService: Client requesting input be hidden
04-12 20:37:13.828762  1730  1898 V ImeVisibilityStateComputer: setWindowStateInner, windowToken=android.os.BinderProxy@d28541, state=ImeTargetWindowState{ imeToken android.os.Binder@5770703 imeFocusChanged true hasEditorFocused false requestedImeVisible false imeDisplayId 0 softInputModeState STATE_UNSPECIFIED|ADJUST_PAN isStartInputByGainFocus true}
04-12 20:37:13.828866  1730  1898 I TranMultiWindowManagerComponentImpl: hookInputMethodShown inputShown: false, connected:false, unbd:false
04-12 20:37:13.828897  1730  1898 I TranSCSourceConnectManagerImpl: hookInputMethodShown inputShown: false
04-12 20:37:13.828914  1730  1898 D TranSecureKeyboardManagerImpl: hookInputShowFromIMMS inputShow= false , mVisible = false , mNeedShow = false
04-12 20:37:13.829214  1730  1898 D TranWindowManagerServiceImpl: hookIMEVisibleChanged(), show:false
04-12 20:37:13.829949  1730  1899 I ActivityRecordInputSink: Failed to remove inputSink when STOP, surface= :Surface(name=b336c18 ActivityRecordInputSink com.debug.loggerui/.LogFolderListActivity)/@0xdfbab9e, activity=ActivityRecord{156455931 u0 com.debug.loggerui/.LogFolderListActivity t51 f}}, state=STOPPING, isVisible=true
04-12 20:37:13.836808  1730  1899 I ActivityRecordInputSink: Failed to remove inputSink when STOP, surface= :Surface(name=b336c18 ActivityRecordInputSink com.debug.loggerui/.LogFolderListActivity)/@0xdfbab9e, activity=ActivityRecord{156455931 u0 com.debug.loggerui/.LogFolderListActivity t51 f}}, state=STOPPING, isVisible=true
04-12 20:37:13.910575  1730  4344 I WindowManager:   isAnimating=false  okToAnimate=true  win=Window{860208 u0 TrEdgeBackGestureHandler0}
04-12 20:37:13.920122  1730  1899 I ActivityRecordInputSink: Failed to remove inputSink when STOP, surface= :Surface(name=b336c18 ActivityRecordInputSink com.debug.loggerui/.LogFolderListActivity)/@0xdfbab9e, activity=ActivityRecord{156455931 u0 com.debug.loggerui/.LogFolderListActivity t51 f}}, state=STOPPING, isVisible=true
04-12 20:37:13.991947  1730  1730 D WindowManager: getTopPackages# topPackages = []
04-12 20:37:14.022803  1730  4328 V SettingsProvider: name : transsion_turbo_assistant appId : 1000
04-12 20:37:14.191682  2727  2903 D RecentsTransitionHandler_interrupt: finish handler: com.android.wm.shell.transition.DefaultTransitionHandler@64025cd
04-12 20:37:14.191733  2727  2903 D RecentsTransitionHandler_interrupt: onFinish: isLauncherReUseLeash = false
04-12 20:37:14.191815  2727  2903 V WindowManagerShell: Transition animation finished (aborted=false), notifying core (#83) android.os.BinderProxy@7ff7b40@0
04-12 20:37:14.191830  2727  2903 D RecentsTransitionHandler_interrupt: checkOrUpdateTransitionState isLauncherReUseLeash: false
04-12 20:37:14.192077  2727  2903 D RecentsTransitionHandler_interrupt: onFinish finish apply
04-12 20:37:14.192473  1730  4344 D WindowOrganizerController: WCT isInterrupt: false
04-12 20:37:14.192907  1730  1879 V WindowManager: Finish Transition (#83): created at 04-12 20:37:13.776 collect-started=0.093ms request-sent=0.397ms started=4.551ms ready=9.565ms sent=39.201ms commit=4.697ms finished=415.989ms
04-12 20:37:14.193659  1730  4344 D MagellanHandle: updateRefreshRateForSceneVsyncs what = 28
04-12 20:37:14.193951  1730  4344 D MagellanHandle: updateRefreshRateForSceneVsyncs what = 21
04-12 20:37:14.193982  1730  4344 I TransitionController: record.getSyncId() = 83, mAtm.mRootWindowContainer.mRecentSyncId = -1, !inTransition() = true
04-12 20:37:14.194626  2727  2903 I UASManager: stopWmShellMainUASBoost flag:1, mMainBoostFlags:0
04-12 20:37:14.195293  1730  4075 I Transition: syncId = 83 finish T apply
04-12 20:37:14.195763  2727  2903 I UASManager: stopUASBoost tid =2903 type=ux_exact_wmshell.main
04-12 20:37:14.195778  1730  1898 D MagellanHandle: updateRefreshRateForSceneVsyncs what = 23
04-12 20:37:14.195812  2727  2903 V WindowManagerShell: Track 0 became idle
04-12 20:37:14.195822  2727  2903 V WindowManagerShell: All active transition animations finished
04-12 20:37:14.196535  2727  2903 I UASManager: stopUASBoost tid =2908 type=ux_exact_wmshell.anim
04-12 20:37:14.197613  1730  1898 D setGameMode: enter setGameModeEnabled
04-12 20:37:14.197631  1730  1898 D setGameMode: packageName: com.debug.loggerui processName: com.debug.loggerui
04-12 20:37:14.197660  1730  1898 D TranAppm/MTKSuitConfig: mMTKGameModeSupport: true
04-12 20:37:14.197701  1730  1898 D TranAppm/MTKModule: pkgName: com.debug.loggerui,pid: 6556
04-12 20:37:14.197771  1730  1898 D setGameMode: Package not in game scene list: com.debug.loggerui
04-12 20:37:14.198287  1730  1898 D MagellanHandle: updateRefreshRateForSceneVsyncs what = 23
04-12 20:37:14.200042  1730  1898 D TranAppm/MTKSuitConfig: mMTKGameModeSupport: true
04-12 20:37:14.200674  1730  1898 D TranAppm/MTKModule: pkgName: com.mediatek.engineermode,pid: 0
04-12 20:37:14.205652  1730  4328 D CoreBackPreview: Window{5958d92 u0 com.debug.loggerui/com.debug.loggerui.LogFolderListActivity}: Setting back callback null
04-12 20:37:14.206670  1730  4328 D WindowManager: setParent old=ActivityRecord{156455931 u0 com.debug.loggerui/.LogFolderListActivity t51 f}},new=null,this window=Window{5958d92 u0 com.debug.loggerui/com.debug.loggerui.LogFolderListActivity},callers=com.android.server.wm.WindowContainer.removeChild:905 com.android.server.wm.ActivityRecord.removeChild:5132 com.android.server.wm.ActivityRecord.removeChild:446 com.android.server.wm.WindowContainer.removeImmediately:958 com.android.server.wm.WindowState.removeImmediately:2419 com.android.server.wm.WindowState.removeIfPossible:2639 
04-12 20:37:14.207000  1730  4328 D WindowManager: removeImmediately mActivityRecord: ActivityRecord{156455931 u0 com.debug.loggerui/.LogFolderListActivity t51 f}} type: 1
04-12 20:37:14.208890  1730  4328 D MagellanHandle: updateRefreshRateForSceneVsyncs what = 23
04-12 20:37:14.209094  1730  4328 D WindowManager: setParent old=Task{3f777c #51 type=standard A=10152:com.debug.loggerui},new=null,this window=ActivityRecord{156455931 u0 com.debug.loggerui/.LogFolderListActivity t51 f}},callers=com.android.server.wm.WindowContainer.removeChild:905 com.android.server.wm.TaskFragment.removeChild:3358 com.android.server.wm.Task.removeChild:1617 com.android.server.wm.Task.removeChild:1600 com.android.server.wm.WindowContainer.removeImmediately:958 com.android.server.wm.WindowToken.removeImmediately:337 
04-12 20:37:14.217125  1730  1898 I DisplayDeviceRepository: Display device changed render timings: "内置屏幕", renderFrameRate=60.0, presentationDeadlineNanos=16600000, appVsyncOffsetNanos=1133334, frameRateOverrides=[]
04-12 20:37:14.217535  1730  1898 I Griffin/DeviceState: virtualDisplayPackageName :{}
04-12 20:37:14.218168  1730  1880 D WindowManager: DeferredDisplayUpdater: partially applying DisplayInfo(1208 x 2644) immediately
04-12 20:37:14.356028  1730  2156 D WindowManager: onUserActivity: mGestureSleepRunnable remove
04-12 20:37:14.452660  1730  4344 D ActivityTaskManager: isControllerAMonkey mController = null,mControllerIsAMonkey = false
04-12 20:37:14.456223  1730  4344 I os.notification: tranImportance = 14,muteTime = 9223372036854775807 ,currentTime = 1775997434456 ,pkg -> com.debug.loggerui currentImportance =4 ,appGroup=0
04-12 20:37:14.456452  1730  4344 D os.notification.pre:  add StatusBarNotification 249764524 current size 1
04-12 20:37:14.456709  1730  4344 D os.notification: onEnqueueNotificationInternal wait before
04-12 20:37:14.456837  6556  6556 D ViewRootImpl: setView appearance:0 停止录制
04-12 20:37:14.458806  1730  4327 D WindowManager: currentFocusId 0 newFocusId: 0 currentFocusIsMultiWindow: false newFocusIsMultiWindow: false
04-12 20:37:14.459010  1730  4327 W WindowManager: Changing focus from Window{f82bae6 u0 com.debug.loggerui/com.debug.loggerui.MainActivity} to Window{37451f1 u0 停止录制} displayId=0 Callers=com.android.server.wm.RootWindowContainer.updateFocusedWindowLocked:532 com.android.server.wm.WindowManagerService.updateFocusedWindowLocked:7088 com.android.server.wm.WindowManagerService.addWindowInner:2265 com.android.server.wm.WindowManagerService.addWindow:2178 
04-12 20:37:14.459032  1730  4327 D WindowManager: notifyAppOnFocusChange focusedWindow =停止录制;6556;10152 registeredPid=4161 callback=android.window.IFocusChangeCallback$Stub$Proxy@21576a4
04-12 20:37:14.462326  4028  4481 W ContextImpl: Calling a method in the system process without a qualified user: android.app.ContextImpl.bindService:2215 android.content.ContextWrapper.bindService:891 com.transsion.kolun.oxygenbus.impl.OxygenBusServiceImpl.bindRemoteService:79 com.transsion.kolun.oxygenbus.impl.OxygenBusServiceImpl.access$1500:0 com.transsion.kolun.oxygenbus.impl.OxygenBusServiceImpl$RemoteBindRunnable.run:94 
04-12 20:37:14.466274  1730  4327 D UsfSystemServer/appSceneHooker: action is empty in service bind status
04-12 20:37:14.467708  1730  4327 D CoreBackPreview: Window{37451f1 u0 停止录制}: Setting back callback OnBackInvokedCallbackInfo{mCallback=android.window.IOnBackInvokedCallback$Stub$Proxy@169f5ae, mPriority=-1, mIsAnimationCallback=false, mOverrideBehavior=0}
04-12 20:37:14.476456  1730  4328 I WindowManager: System monitor finishDrawingWindow w: Window{37451f1 u0 停止录制}; mDrawState = DRAW_PENDING
04-12 20:37:14.477541  1730  1899 D WindowManager: System monitor commitFinishDrawingLocked activity = ActivityRecord{131352144 u0 com.debug.loggerui/.MainActivity t51} canShowWindows = true type = 2
04-12 20:37:14.478197  1730  1899 I WindowManager: shouldSkipFirstWindowDrawn is childwindow this=Window{37451f1 u0 停止录制} mAttrs={(0,0)(wrapxwrap) gr=CENTER sim={adjust=pan forwardNavigation} ty=APPLICATION fmt=TRANSPARENT wanim=0x1030309
04-12 20:37:14.478197  1730  1899 I WindowManager:   fl=DIM_BEHIND ALT_FOCUSABLE_IM SPLIT_TOUCH HARDWARE_ACCELERATED
04-12 20:37:14.478197  1730  1899 I WindowManager:   pfl=EDGE_TO_EDGE_ENFORCED INSET_PARENT_FRAME_BY_IME
04-12 20:37:14.478197  1730  1899 I WindowManager:   bhv=DEFAULT
04-12 20:37:14.478197  1730  1899 I WindowManager:   fitTypes=STATUS_BARS NAVIGATION_BARS CAPTION_BAR
04-12 20:37:14.478197  1730  1899 I WindowManager:   frameRateBoostOnTouch=true
04-12 20:37:14.478197  1730  1899 I WindowManager:   dvrrWindowFrameRateHint=true}
04-12 20:37:14.478258  1730  1899 I WindowManager:   isAnimating=false  okToAnimate=true  win=Window{37451f1 u0 停止录制}
04-12 20:37:14.479197  1730  1899 D WindowManager: System monitor performShowLocked: mDrawState = HAS_DRAWN in Window{37451f1 u0 停止录制}
04-12 20:37:14.479404  1730  2067 D os.notification.pre:  add Runnable 124557665 with StatusBarNotification 249764524 current size 1
04-12 20:37:14.479639  1730  2067 D os.notification: onEnqueueNotificationInternal notifyAll
04-12 20:37:14.479689  1730  4344 D os.notification: onEnqueueNotificationInternal wait after
04-12 20:37:14.479757  1730  4344 D os.notification: onEnqueueNotificationInternal StatusBarNotification:StatusBarNotification(pkg=com.debug.loggerui user=UserHandle{0} id=365001 tag=null key=0|com.debug.loggerui|365001|null|10152: Notification(channel=com.debug.loggerui.notification shortcut=null contentView=null vibrate=null sound=null defaults=0 flags=ONLY_ALERT_ONCE|FOREGROUND_SERVICE color=0x00000000 vis=PRIVATE)) callingUid:10152 sn:76 res:true
04-12 20:37:14.480373  1730  2207 D os.notification.pre:  remove Runnable 124557665 with StatusBarNotification 249764524 for puppet run current size 0
04-12 20:37:14.482930  1730  1899 I WindowManager: real show surface 停止录制 sc: Surface(name=停止录制)/@0x50d5947 win : Window{37451f1 u0 停止录制}
04-12 20:37:14.484188  1730  1899 D MagellanHandle: updateRefreshRateForSceneVsyncs what = 28
04-12 20:37:14.520061  1730  1898 I DisplayDeviceRepository: Display device changed render timings: "内置屏幕", renderFrameRate=120.00001, presentationDeadlineNanos=13300000, appVsyncOffsetNanos=1099999, frameRateOverrides=[]
04-12 20:37:14.520242  1730  1898 I Griffin/DeviceState: virtualDisplayPackageName :{}
04-12 20:37:14.521202  1730  1880 D WindowManager: DeferredDisplayUpdater: partially applying DisplayInfo(1208 x 2644) immediately
04-12 20:37:14.538798  1730  4344 V SettingsProvider: name : tran_board_temperature appId : 1000
04-12 20:37:14.686374  1730  2207 I NotifAttentionHelper: buzzBeepBlinkLocked , NotificationRecord key=0|com.debug.loggerui|365001|null|10152, shouldMuteReason=0x40, canPlaySound=true, canPlayVibration=true, beep=false, buzz=false, hasValidSound=true, hasValidVibrate=false, vibrateOnly=false
04-12 20:37:14.687601  1730  2207 D NotificationService: notification = StatusBarNotification(pkg=com.debug.loggerui user=UserHandle{0} id=365001 tag=null key=0|com.debug.loggerui|365001|null|10152: Notification(channel=com.debug.loggerui.notification shortcut=null contentView=null vibrate=null sound=null defaults=0 flags=ONLY_ALERT_ONCE|NO_CLEAR|FOREGROUND_SERVICE color=0x00000000 vis=PRIVATE)); and importance = 4; and isMediaNotification = false
04-12 20:37:14.691635  1730  2207 D NotificationService: notifyListenersPostedAndLogLocked, NotificationRecord key=0|com.debug.loggerui|365001|null|10152
04-12 20:37:14.711381  1730  1899 D MagellanHandle: updateRefreshRateForSceneVsyncs what = 28
04-12 20:37:14.725079  1730  1898 I DisplayDeviceRepository: Display device changed render timings: "内置屏幕", renderFrameRate=60.0, presentationDeadlineNanos=16600000, appVsyncOffsetNanos=1133334, frameRateOverrides=[]
04-12 20:37:14.725246  1730  1898 I Griffin/DeviceState: virtualDisplayPackageName :{}
04-12 20:37:14.726203  1730  1880 D WindowManager: DeferredDisplayUpdater: partially applying DisplayInfo(1208 x 2644) immediately
04-12 20:37:14.837879  2727  3004 W Looper  : Slow delivery took 120410ms SysUiBg app=com.android.systemui main=false h=android.os.Handler c=com.android.systemui.statusbar.notification.NotificationSeen$$ExternalSyntheticLambda0@dd461f6 m=0
04-12 20:37:14.839320  1730  2762 D CoreBackPreview: Window{95b58b3 u0 NotificationShade}: Setting back callback OnBackInvokedCallbackInfo{mCallback=android.window.IOnBackInvokedCallback$Stub$Proxy@c7d9cd1, mPriority=0, mIsAnimationCallback=false, mOverrideBehavior=0}
04-12 20:37:14.841230  2727  3004 W Looper  : Drained
04-12 20:37:14.861470  1730  2762 I WindowManager: Relayout Window{95b58b3 u0 NotificationShade}: oldVis=4 newVis=0 focusMayChange = true requestedWidth = 1208 requestedHeight = 2644 outFrames = ClientWindowFrames{frame=[0,0][1208,2644] display=[0,0][1208,2644] parentFrame=[0,0][0,0]} outSurfaceControl = Surface(name=NotificationShade)/@0xf33aad3
04-12 20:37:14.871362  1730  2762 I WindowManager: System monitor finishDrawingWindow w: Window{95b58b3 u0 NotificationShade}; mDrawState = DRAW_PENDING
04-12 20:37:14.872438  1730  2762 D SystemServerTiming: getUserSwitchability-0
04-12 20:37:14.872499  1730  2762 D SystemServerTiming: TM.isInCall
04-12 20:37:14.872843  1730  2762 D SystemServerTiming: hasUserRestriction-DISALLOW_USER_SWITCH
04-12 20:37:14.872873  1730  2762 D SystemServerTiming: getInt-ALLOW_USER_SWITCHING_WHEN_SYSTEM_USER_LOCKED
04-12 20:37:14.872910  1730  2762 D SystemServerTiming: isUserUnlocked-USER_SYSTEM
04-12 20:37:14.873323  1730  1899 D WindowManager: System monitor commitFinishDrawingLocked activity = null canShowWindows = null type = 2040
04-12 20:37:14.873407  1730  1899 I WindowManager:   isAnimating=false  okToAnimate=true  win=Window{95b58b3 u0 NotificationShade}
04-12 20:37:14.873449  1730  1899 D WindowManager: System monitor performShowLocked: mDrawState = HAS_DRAWN in Window{95b58b3 u0 NotificationShade}
04-12 20:37:14.873484  1730  2762 D SystemServerTiming: getUserSwitchability-0
04-12 20:37:14.873511  1730  2762 D SystemServerTiming: TM.isInCall
04-12 20:37:14.873775  1730  2762 D SystemServerTiming: hasUserRestriction-DISALLOW_USER_SWITCH
04-12 20:37:14.873907  1730  2762 D SystemServerTiming: getInt-ALLOW_USER_SWITCHING_WHEN_SYSTEM_USER_LOCKED
04-12 20:37:14.873952  1730  2762 D SystemServerTiming: isUserUnlocked-USER_SYSTEM
04-12 20:37:14.874574  1730  1899 I WindowManager: real show surface NotificationShade sc: Surface(name=NotificationShade)/@0x93e3610 win : Window{95b58b3 u0 NotificationShade}
04-12 20:37:14.911027  1730  1898 I DisplayDeviceRepository: Display device changed render timings: "内置屏幕", renderFrameRate=120.00001, presentationDeadlineNanos=13300000, appVsyncOffsetNanos=1099999, frameRateOverrides=[]
04-12 20:37:14.911157  1730  1898 I Griffin/DeviceState: virtualDisplayPackageName :{}
04-12 20:37:14.912599  1730  1880 D WindowManager: DeferredDisplayUpdater: partially applying DisplayInfo(1208 x 2644) immediately
04-12 20:37:15.084461  1730  2212 W ActivityManager: Receiver with filter android.content.IntentFilter@4b8a33c already registered for pid 1730, callerPackage is android
04-12 20:37:15.084642  1730  2212 W ActivityManager: Receiver with filter android.content.IntentFilter@c1f8c5 already registered for pid 1730, callerPackage is android
04-12 20:37:15.794582  1730  2065 D ActivityManager: freezing 7133 com.google.android.permissioncontroller
04-12 20:37:16.248780  1730  2325 I TranAIChargingController: mInitialized：true，mReady：true,PlugType:2
04-12 20:37:16.248821  1730  2325 I TranAIChargingController: mLastBatteryLevel：68，mCurrentBatteryLevel：68
04-12 20:37:16.259307  1730  2325 I TranAIChargingController: mInitialized：true，mReady：true,PlugType:2
04-12 20:37:16.259341  1730  2325 I TranAIChargingController: mLastBatteryLevel：68，mCurrentBatteryLevel：68
04-12 20:37:16.350279  1730  2319 I thermalLightController: com.debug.loggerui
04-12 20:37:16.350279  1730  2319 I thermalLightController: {package=^.*$, autoLight=true
04-12 20:37:16.350279  1730  2319 I thermalLightController:   level1=LevelValue{trigger=43, exit=41, brightness=500}
04-12 20:37:16.350279  1730  2319 I thermalLightController:   level2=LevelValue{trigger=45, exit=43, brightness=350}
04-12 20:37:16.350279  1730  2319 I thermalLightController:   level3=LevelValue{trigger=47, exit=45, brightness=280}
04-12 20:37:16.350279  1730  2319 I thermalLightController:   level4=LevelValue{trigger=49, exit=47, brightness=210}
04-12 20:37:16.350279  1730  2319 I thermalLightController: }
04-12 20:37:16.534955  1730  2308 D TranAppBrightnessChangeController: [handleMessage] msg type: 1002 isCloudEnabled: true
04-12 20:37:16.535065  1730  2308 I TranAppBrightnessChangeController: [applyBrightnessLimitedByApp]
04-12 20:37:16.535083  1730  2308 I TranAppBrightnessChangeController: [setTranAppBrightnessOptimizationComplete] = false
04-12 20:37:16.740810  1730  1944 D TranBatterySaveBrightnessLimitController: shouldBrightnessLimit mBatterySaveBrightnessConfigInfos BatterySaveBrightnessConfigInfo{id=1, switchData=1, nits=[70, 130], ratios=[0.0, 0.15], rateIns=[0, 15, 15], rateOuts=[0, 15, 15]}
04-12 20:37:16.741968  1730  1944 I DisplayPowerController[0]: thermalLight brightnessState: 0.07053337 time: NaN
04-12 20:37:16.742172  1730  1944 I TranOriginHbmController[L]: needsXDRAnimationExit brightness = 0.07053337, sdrBrightness = 0.07053337 mIsTemporaryInspired = false, GetHbmScreenBrightness() = 1.0, GetSdrBrightness = 0.07235585, mSdrBrightness = 0.07235585, mCurrentBrightness = 0.0, mForceHbmChangeCallback = false, mRatioChange = true
04-12 20:37:17.698434  1730  1898 I DisplayDeviceRepository: Display device changed render timings: "内置屏幕", renderFrameRate=60.0, presentationDeadlineNanos=16600000, appVsyncOffsetNanos=1133334, frameRateOverrides=[]
04-12 20:37:17.699811  1730  1898 I Griffin/DeviceState: virtualDisplayPackageName :{}
04-12 20:37:17.703601  1730  1880 D WindowManager: DeferredDisplayUpdater: partially applying DisplayInfo(1208 x 2644) immediately
04-12 20:37:18.481586  1730  3796 D TranBatteryDetector: Battery monitoring - Current: 68%, 25.4°C, Level diff: 0, Temp diff: 1.0°C, Abnormal count: 0
04-12 20:37:18.482006  1730  3796 V TranBatteryDetector: Battery level stable or increased, no logging required
04-12 20:37:18.493027  1730  1916 W ActivityManager: Set 4161 com.transsion.aivoiceassistant:voiceinteractionservice adj 905 procState5: service
04-12 20:37:18.493439  1730  1916 I ActivityManager: Killing 4401:com.transsion.aod/1000 (adj 985): empty #65
04-12 20:37:18.494122  1730  1730 D MBrainLocalService: notifyAppLifeCycle failed
04-12 20:37:18.494632  1730  1922 D ActivityTaskManager_Recents: Skipping, user setup not complete: Task{9e468d1 #6 type=undefined A=10188:com.transsion.magazineservice.xos nonResizable}
04-12 20:37:18.498155  1730  1922 I griffin_dfx_process_died: ApplicationExitInfo(timestamp=2026/4/12 20:37 pid=4401 realUid=1000 packageUid=1000 definingUid=1000 user=0 process=com.transsion.aod reason=13 (OTHER KILLS BY SYSTEM) subreason=3 (TOO MANY EMPTY PROCS) status=0 importance=400 pss=0.00 rss=148MB description=too many empty state=empty trace=null exitInfoExt=TranApplicationExitInfoExt{mRecentid=-1, mIsMainProcess=true, mVmsize=17048936, mVmlock=0, mVmHWM=-1, mVmRss=150992, mRssAnon=66724, mRssFile=83020, mRssShmem=1248, mVmSwap=5824, mWorkingState=2, mSchedGroup=0, mOomAdj=985, mHostingType='content provider, mAlivetime=256329116, mIsHiber=false, mHibertime=-1, mHiberReason='-1, mLruReason='cch-empty}
04-12 20:37:18.517776  1730  2883 V ActivityManager: Death received in com.android.server.am.ActivityManagerService$AppDeathRecipient@f32d838 for thread android.os.BinderProxy@9d75011
04-12 20:37:18.518629  1730  2883 D os.ActivityManagerServiceLice: make process inactive com.transsion.aod(4401)
04-12 20:37:18.519209  1730  1922 D ActivityTaskManager_Recents: Skipping, user setup not complete: Task{9e468d1 #6 type=undefined A=10188:com.transsion.magazineservice.xos nonResizable}
04-12 20:37:18.521155  1730  2883 I START_DEBUG: remove ALL_TIMEOUT cleanup   ProcessRecord :ProcessRecord{7b285a2 4401:com.transsion.aod/1000}
04-12 20:37:18.590573  1730 15289 D TranAppm/MTKSuitConfig: mMTKGameModeSupport: true
04-12 20:37:18.591442  1730 15289 D TranAppm/MTKModule: pkgName: com.debug.loggerui,pid: 0
04-12 20:37:18.606756  1730 15289 W TranPerf-AppStartDexoptFeature: TransDexopt com.mediatek.engineermode done, result:0
04-12 20:37:18.782013  1730  1950 W TranPerf-KswapdLittleCoreFeature: [setAffinity] Tid:91 mask:255
04-12 20:37:20.399981  1730  1916 I ActivityManager: Killing 4241:com.transsion.aod:dreams/1000 (adj 985): empty #65
04-12 20:37:20.402210  1730  1922 D ActivityTaskManager_Recents: Skipping, user setup not complete: Task{9e468d1 #6 type=undefined A=10188:com.transsion.magazineservice.xos nonResizable}
04-12 20:37:20.403114  1730  1922 I griffin_dfx_process_died: ApplicationExitInfo(timestamp=2026/4/12 20:37 pid=4241 realUid=1000 packageUid=1000 definingUid=1000 user=0 process=com.transsion.aod:dreams reason=13 (OTHER KILLS BY SYSTEM) subreason=3 (TOO MANY EMPTY PROCS) status=0 importance=400 pss=0.00 rss=142MB description=too many empty state=empty trace=null exitInfoExt=TranApplicationExitInfoExt{mRecentid=-1, mIsMainProcess=false, mVmsize=-1, mVmlock=-1, mVmHWM=-1, mVmRss=-1, mRssAnon=-1, mRssFile=-1, mRssShmem=-1, mVmSwap=-1, mWorkingState=2, mSchedGroup=0, mOomAdj=985, mHostingType='service, mAlivetime=256331066, mIsHiber=false, mHibertime=-1, mHiberReason='-1, mLruReason='cch-empty}
04-12 20:37:20.403732  1730  1730 D MBrainLocalService: notifyAppLifeCycle failed
04-12 20:37:20.418446  1730  2883 V ActivityManager: Death received in com.android.server.am.ActivityManagerService$AppDeathRecipient@9abfe8f for thread android.os.BinderProxy@765251c
04-12 20:37:20.419175  1730  2883 D os.ActivityManagerServiceLice: make process inactive com.transsion.aod:dreams(4241)
04-12 20:37:20.420679  1730  2883 I START_DEBUG: remove ALL_TIMEOUT cleanup   ProcessRecord :ProcessRecord{59ea5bf 4241:com.transsion.aod:dreams/1000}
04-12 20:37:20.420727  1730  1922 D ActivityTaskManager_Recents: Skipping, user setup not complete: Task{9e468d1 #6 type=undefined A=10188:com.transsion.magazineservice.xos nonResizable}
04-12 20:37:20.994819  1730  4344 D CoreBackPreview: Window{95b58b3 u0 NotificationShade}: Setting back callback null
04-12 20:37:21.011509  1730  2325 I WindowManager:   isAnimating=false  okToAnimate=true  win=Window{95b58b3 u0 NotificationShade}
04-12 20:37:21.248072  1730  2325 I TranAIChargingController: mInitialized：true，mReady：true,PlugType:2
04-12 20:37:21.248114  1730  2325 I TranAIChargingController: mLastBatteryLevel：68，mCurrentBatteryLevel：68
04-12 20:37:21.261104  1730  2325 I TranAIChargingController: mInitialized：true，mReady：true,PlugType:2
04-12 20:37:21.261149  1730  2325 I TranAIChargingController: mLastBatteryLevel：68，mCurrentBatteryLevel：68
04-12 20:37:21.295512  1730  2325 V ActivityManager: Death received in com.android.server.am.ActivityManagerService$AppDeathRecipient@cf007ec for thread android.os.BinderProxy@12577b5
04-12 20:37:21.296273  1730  2325 I ActivityManager: Process com.transsion.inearmonitor (pid 13877) has died: prev  +8 CEM 
04-12 20:37:21.297177  1730  1730 D MBrainLocalService: notifyAppLifeCycle failed
04-12 20:37:21.299419  1730  2325 D os.ActivityManagerServiceLice: make process inactive com.transsion.inearmonitor(13877)
04-12 20:37:21.300677 19258 19258 I ActivityThread: Removing dead content provider:android.content.ContentProviderProxy@976d2b1
04-12 20:37:21.301043  1730  2325 I START_DEBUG: remove ALL_TIMEOUT cleanup   ProcessRecord :ProcessRecord{477727b 13877:com.transsion.inearmonitor/1000}
04-12 20:37:21.302575  1730  1922 D ActivityTaskManager_Recents: Skipping, user setup not complete: Task{9e468d1 #6 type=undefined A=10188:com.transsion.magazineservice.xos nonResizable}
04-12 20:37:21.303031  1730  1922 W tranpm/ProcessUtils: getProcessNameByPid error file not exist : proc/13877/cmdline
04-12 20:37:21.303732  1730  1922 I griffin_dfx_process_died: ApplicationExitInfo(timestamp=2026/4/12 20:37 pid=13877 realUid=1000 packageUid=1000 definingUid=1000 user=0 process=com.transsion.inearmonitor reason=2 (SIGNALED) subreason=0 (UNKNOWN) status=9 importance=400 pss=0.00 rss=133MB description=null state=empty trace=null exitInfoExt=TranApplicationExitInfoExt{mRecentid=-1, mIsMainProcess=true, mVmsize=-1, mVmlock=-1, mVmHWM=-1, mVmRss=-1, mRssAnon=-1, mRssFile=-1, mRssShmem=-1, mVmSwap=-1, mWorkingState=-1, mSchedGroup=-1, mOomAdj=-1, mHostingType='-1, mAlivetime=-1, mIsHiber=false, mHibertime=-1, mHiberReason='-1, mLruReason='-1}
04-12 20:37:21.409376  1730  1730 D ScreenOrientationDetector: Sensor processing performance: avg=8μs, count=578, total=5ms
04-12 20:37:23.438745  1730 15300 D TranAppm/MTKSuitConfig: mMTKGameModeSupport: true
04-12 20:37:23.438908  1730 15300 D TranAppm/MTKModule: pkgName: com.debug.loggerui,pid: 0
04-12 20:37:23.451743  1730 15300 W TranPerf-AppStartDexoptFeature: TransDexopt com.debug.loggerui done, result:0
04-12 20:37:23.570084  1730  4344 V SettingsProvider: name : tran_board_temperature appId : 1000
04-12 20:37:25.779927  1730  1730 D NetworkStatusMonitor: updateNetworkStatus, reason is onCapabilitiesChanged
04-12 20:37:26.030161  1730  1730 D NetworkStatusMonitor: updateNetworkStatus snapshot size is 1
04-12 20:37:26.030387  1730  1730 D NetworkStatusMonitor: updateNetworkStatus currentActiveNetwork is 117
04-12 20:37:26.030431  1730  1730 D NetworkStatusMonitor: updateNetworkStatus snapshot NetworkStateSnapshot{network=117, legacyType=1, subscriberId=null, capability=WIFI]
04-12 20:37:26.030520  1730  1730 D NetworkStatusMonitor: getNetworkTypeFromSnapshot, identity 1 {type=1, ratType=COMBINED, wifiNetworkKey="David_5"wpa2-psk, metered=false, defaultNetwork=true, oemManaged=OEM_NONE, subId=-1, transports={1}}
04-12 20:37:26.030560  1730  1730 D NetworkStatusMonitor: getNetworkTypeFromSnapshot, match wifi
04-12 20:37:26.030581  1730  1730 D NetworkStatusMonitor: getAllInterfaceNames network type is wifi
04-12 20:37:26.030597  1730  1730 D NetworkStatusMonitor: onNetworkTypeChanged wifi => wifi
04-12 20:37:26.030637  1730  1730 D NetworkStatusMonitor: updateInterfaceNameMap
04-12 20:37:26.030661  1730  1730 D NetworkStatusMonitor: updateInterfaceNameMap, wifi:wlan0 
04-12 20:37:26.030677  1730  1730 D NetworkStatusMonitor: updateInterfaceNameMap, mobile:
04-12 20:37:26.253460  1730  2875 I TranAIChargingController: mInitialized：true，mReady：true,PlugType:2
04-12 20:37:26.253514  1730  2875 I TranAIChargingController: mLastBatteryLevel：68，mCurrentBatteryLevel：68
04-12 20:37:26.267647  1730  2875 I TranAIChargingController: mInitialized：true，mReady：true,PlugType:2
04-12 20:37:26.267813  1730  2875 I TranAIChargingController: mLastBatteryLevel：68，mCurrentBatteryLevel：68
04-12 20:37:28.775572  1730  1730 D TranVibratorManagerServiceInternal: RESET_CURRENT_PACKAGE
04-12 20:37:28.798319  1730  1730 D NetworkStatusMonitor: updateNetworkStatus, reason is onCapabilitiesChanged
04-12 20:37:28.975551  1730  2883 D ActivityTaskManager: isControllerAMonkey mController = null,mControllerIsAMonkey = false
04-12 20:37:29.048465  1730  1730 D NetworkStatusMonitor: updateNetworkStatus snapshot size is 1
04-12 20:37:29.049235  1730  1730 D NetworkStatusMonitor: updateNetworkStatus currentActiveNetwork is 117
04-12 20:37:29.049411  1730  1730 D NetworkStatusMonitor: updateNetworkStatus snapshot NetworkStateSnapshot{network=117, legacyType=1, subscriberId=null, capability=WIFI]
04-12 20:37:29.049546  1730  1730 D NetworkStatusMonitor: getNetworkTypeFromSnapshot, identity 1 {type=1, ratType=COMBINED, wifiNetworkKey="David_5"wpa2-psk, metered=false, defaultNetwork=true, oemManaged=OEM_NONE, subId=-1, transports={1}}
04-12 20:37:29.049605  1730  1730 D NetworkStatusMonitor: getNetworkTypeFromSnapshot, match wifi
04-12 20:37:29.049635  1730  1730 D NetworkStatusMonitor: getAllInterfaceNames network type is wifi
04-12 20:37:29.049666  1730  1730 D NetworkStatusMonitor: onNetworkTypeChanged wifi => wifi
04-12 20:37:29.049892  1730  1730 D NetworkStatusMonitor: updateInterfaceNameMap
04-12 20:37:29.049975  1730  1730 D NetworkStatusMonitor: updateInterfaceNameMap, wifi:wlan0 
04-12 20:37:29.050005  1730  1730 D NetworkStatusMonitor: updateInterfaceNameMap, mobile:
04-12 20:37:29.407659  1730  1730 D ScreenOrientationDetector: Screen up state pending: true, filtered values: x=-0.120179154, y=0.30299312, z=9.754636
04-12 20:37:29.509320  1730  1730 D ScreenOrientationDetector: Screen up state confirmed: true, filtered values: x=-0.094799146, y=0.30200312, z=9.837015
04-12 20:37:31.514197  1730  1730 D ScreenOrientationDetector: Sensor processing performance: avg=10μs, count=579, total=5ms
04-12 20:37:31.607258  1730  2875 D ActivityTaskManager: isControllerAMonkey mController = null,mControllerIsAMonkey = false
04-12 20:37:31.612102  1730  2883 I os.notification: tranImportance = 14,muteTime = 9223372036854775807 ,currentTime = 1775997451612 ,pkg -> com.debug.loggerui currentImportance =4 ,appGroup=0
04-12 20:37:31.612864  1730  2883 D os.notification.pre:  add StatusBarNotification 203540655 current size 1
04-12 20:37:31.613029  1730  2883 D os.notification: onEnqueueNotificationInternal wait before
04-12 20:37:31.626224  1730  2067 D os.notification.pre:  add Runnable 129666970 with StatusBarNotification 203540655 current size 1
04-12 20:37:31.626535  1730  2067 D os.notification: onEnqueueNotificationInternal notifyAll
04-12 20:37:31.627049  1730  2883 D os.notification: onEnqueueNotificationInternal wait after
04-12 20:37:31.627695  1730  2883 D os.notification: onEnqueueNotificationInternal StatusBarNotification:StatusBarNotification(pkg=com.debug.loggerui user=UserHandle{0} id=365001 tag=null key=0|com.debug.loggerui|365001|null|10152: Notification(channel=com.debug.loggerui.notification shortcut=null contentView=null vibrate=null sound=null defaults=0 flags=ONLY_ALERT_ONCE|FOREGROUND_SERVICE color=0x00000000 vis=PRIVATE)) callingUid:10152 sn:77 res:true
04-12 20:37:31.629251  1730  2207 D os.notification.pre:  remove Runnable 129666970 with StatusBarNotification 203540655 for puppet run current size 0
04-12 20:37:31.633330  1730  4328 D CoreBackPreview: Window{37451f1 u0 停止录制}: Setting back callback null
04-12 20:37:31.635308  1730  4328 I WindowManager:   isAnimating=false  okToAnimate=true  win=Window{37451f1 u0 停止录制}
04-12 20:37:31.636910  1730  4328 D WindowManager: currentFocusId 0 newFocusId: 0 currentFocusIsMultiWindow: false newFocusIsMultiWindow: false
04-12 20:37:31.637086  1730  4328 W WindowManager: Changing focus from Window{37451f1 u0 停止录制 EXITING} to Window{f82bae6 u0 com.debug.loggerui/com.debug.loggerui.MainActivity} displayId=0 Callers=com.android.server.wm.RootWindowContainer.updateFocusedWindowLocked:532 com.android.server.wm.WindowManagerService.updateFocusedWindowLocked:7088 com.android.server.wm.WindowState.setupWindowForRemoveOnExit:2656 com.android.server.wm.WindowState.removeIfPossible:2603 
04-12 20:37:31.637107  1730  4328 D WindowManager: notifyAppOnFocusChange focusedWindow =com.debug.loggerui/com.debug.loggerui.MainActivity;6556;10152 registeredPid=4161 callback=android.window.IFocusChangeCallback$Stub$Proxy@21576a4
04-12 20:37:31.641071  1730  4328 D ActivityTaskManager: isControllerAMonkey mController = null,mControllerIsAMonkey = false
04-12 20:37:31.644970  1730  1899 D MagellanHandle: updateRefreshRateForSceneVsyncs what = 28
04-12 20:37:31.646320  1730  1898 V WindowManager: Unknown focus tokens, dropping reportFocusChanged
04-12 20:37:31.670826  1730  2166 V InputMethodManagerService: startInputOrWindowGainedFocusInternalLocked: reason=WINDOW_FOCUS_GAIN client=android.os.BinderProxy@2ae40a4 inputContext=null editorInfo=android.view.inputmethod.EditorInfo@9a7adf9 startInputFlags=VIEW_HAS_FOCUS|INITIAL_CONNECTION softInputMode=STATE_UNSPECIFIED|ADJUST_PAN windowFlags=#1810100 unverifiedTargetSdkVersion=36 bindingController=com.android.server.inputmethod.InputMethodBindingController@7d20084 imeDispatcher=android.window.ImeOnBackInvokedDispatcher@afd213e cs=ClientState{3f29688 mUid=10152 mPid=6556 mSelfReportedDisplayId=0} imeRequestedVisible=false
04-12 20:37:31.670921  1730  2166 V ImeVisibilityStateComputer: setWindowStateInner, windowToken=android.os.BinderProxy@d28541, state=ImeTargetWindowState{ imeToken null imeFocusChanged false hasEditorFocused false requestedImeVisible false imeDisplayId 0 softInputModeState STATE_UNSPECIFIED|ADJUST_PAN isStartInputByGainFocus true}
04-12 20:37:31.670952  1730  2166 V ImeVisibilityStateComputer: Same window without editor will hide input
04-12 20:37:31.671279  1730  2166 I input_debug: package: com.debug.loggerui mNeedShowSafeInput: false inputType: 0 methodMap: true isKeyguardShowing: false enable: 0 isSplitScreen: false
04-12 20:37:31.671330  1730  2166 V InputMethodManagerService: Creating new accessibility sessions for client ClientState{3f29688 mUid=10152 mPid=6556 mSelfReportedDisplayId=0}
04-12 20:37:31.671805  1730  2875 D MagellanHandle: updateRefreshRateForSceneVsyncs what = 27
04-12 20:37:31.677279  1730  4328 W PackageConfigPersister: App-specific configuration not found for packageName: com.debug.loggerui and userId: 0
04-12 20:37:31.681053  1730  1898 I DisplayDeviceRepository: Display device changed render timings: "内置屏幕", renderFrameRate=120.00001, presentationDeadlineNanos=13300000, appVsyncOffsetNanos=1099999, frameRateOverrides=[]
04-12 20:37:31.681557  1730  1898 I Griffin/DeviceState: virtualDisplayPackageName :{}
04-12 20:37:31.682414  1730  1880 D WindowManager: DeferredDisplayUpdater: partially applying DisplayInfo(1208 x 2644) immediately
04-12 20:37:31.831302  1730  2207 I NotifAttentionHelper: buzzBeepBlinkLocked , NotificationRecord key=0|com.debug.loggerui|365001|null|10152, shouldMuteReason=0x40, canPlaySound=true, canPlayVibration=true, beep=false, buzz=false, hasValidSound=true, hasValidVibrate=false, vibrateOnly=false
04-12 20:37:31.831461  1730  2207 D NotificationService: notification = StatusBarNotification(pkg=com.debug.loggerui user=UserHandle{0} id=365001 tag=null key=0|com.debug.loggerui|365001|null|10152: Notification(channel=com.debug.loggerui.notification shortcut=null contentView=null vibrate=null sound=null defaults=0 flags=ONLY_ALERT_ONCE|NO_CLEAR|FOREGROUND_SERVICE color=0x00000000 vis=PRIVATE)); and importance = 4; and isMediaNotification = false
04-12 20:37:31.832335  1730  2207 D NotificationService: notifyListenersPostedAndLogLocked, NotificationRecord key=0|com.debug.loggerui|365001|null|10152
04-12 20:37:31.864699  1730  1899 D WindowManager: setParent old=ActivityRecord{131352144 u0 com.debug.loggerui/.MainActivity t51},new=null,this window=Window{37451f1 u0 停止录制},callers=com.android.server.wm.WindowContainer.removeChild:905 com.android.server.wm.ActivityRecord.removeChild:5132 com.android.server.wm.ActivityRecord.removeChild:446 com.android.server.wm.WindowContainer.removeImmediately:958 com.android.server.wm.WindowState.removeImmediately:2419 com.android.server.wm.WindowState.destroySurface:3561 
04-12 20:37:31.864754  1730  1899 D WindowManager: removeImmediately mActivityRecord: ActivityRecord{131352144 u0 com.debug.loggerui/.MainActivity t51} type: 2
04-12 20:37:31.871922  1730  1899 D MagellanHandle: updateRefreshRateForSceneVsyncs what = 28
04-12 20:37:31.901848  1730  1898 I DisplayDeviceRepository: Display device changed render timings: "内置屏幕", renderFrameRate=60.0, presentationDeadlineNanos=16600000, appVsyncOffsetNanos=1133334, frameRateOverrides=[]
04-12 20:37:31.901976  1730  1898 I Griffin/DeviceState: virtualDisplayPackageName :{}
04-12 20:37:31.902375  1730  1880 D WindowManager: DeferredDisplayUpdater: partially applying DisplayInfo(1208 x 2644) immediately
04-12 20:37:32.605915  1730  4344 V SettingsProvider: name : tran_board_temperature appId : 1000
04-12 20:37:36.250599  1730  4344 I TranAIChargingController: mInitialized：true，mReady：true,PlugType:2
04-12 20:37:36.250658  1730  4344 I TranAIChargingController: mLastBatteryLevel：68，mCurrentBatteryLevel：68
04-12 20:37:36.268210  1730  4344 I TranAIChargingController: mInitialized：true，mReady：true,PlugType:2
04-12 20:37:36.268430  1730  4344 I TranAIChargingController: mLastBatteryLevel：68，mCurrentBatteryLevel：68
04-12 20:37:37.850056  1730  1730 D NetworkStatusMonitor: updateNetworkStatus, reason is onCapabilitiesChanged
04-12 20:37:38.099797  1730  1730 D NetworkStatusMonitor: updateNetworkStatus snapshot size is 1
04-12 20:37:38.100055  1730  1730 D NetworkStatusMonitor: updateNetworkStatus currentActiveNetwork is 117
04-12 20:37:38.100119  1730  1730 D NetworkStatusMonitor: updateNetworkStatus snapshot NetworkStateSnapshot{network=117, legacyType=1, subscriberId=null, capability=WIFI]
04-12 20:37:38.100235  1730  1730 D NetworkStatusMonitor: getNetworkTypeFromSnapshot, identity 1 {type=1, ratType=COMBINED, wifiNetworkKey="David_5"wpa2-psk, metered=false, defaultNetwork=true, oemManaged=OEM_NONE, subId=-1, transports={1}}
04-12 20:37:38.100300  1730  1730 D NetworkStatusMonitor: getNetworkTypeFromSnapshot, match wifi
04-12 20:37:38.100329  1730  1730 D NetworkStatusMonitor: getAllInterfaceNames network type is wifi
04-12 20:37:38.100352  1730  1730 D NetworkStatusMonitor: onNetworkTypeChanged wifi => wifi
04-12 20:37:38.100410  1730  1730 D NetworkStatusMonitor: updateInterfaceNameMap
04-12 20:37:38.100455  1730  1730 D NetworkStatusMonitor: updateInterfaceNameMap, wifi:wlan0 
04-12 20:37:38.100480  1730  1730 D NetworkStatusMonitor: updateInterfaceNameMap, mobile:
04-12 20:37:38.353015  1730  1944 D MagellanHandle: updateRefreshRateForSceneVsyncs what = 11
04-12 20:37:38.355032  1730  1944 D TranBatterySaveBrightnessLimitController: shouldBrightnessLimit mBatterySaveBrightnessConfigInfos BatterySaveBrightnessConfigInfo{id=1, switchData=1, nits=[70, 130], ratios=[0.0, 0.15], rateIns=[0, 15, 15], rateOuts=[0, 15, 15]}
04-12 20:37:38.356116  1730  1944 I DisplayPowerController[0]: thermalLight brightnessState: 0.030533373 time: NaN
04-12 20:37:38.356442  1730  1944 I TranOriginHbmController[L]: needsXDRAnimationExit brightness = 0.030533373, sdrBrightness = 0.030533373 mIsTemporaryInspired = false, GetHbmScreenBrightness() = 1.0, GetSdrBrightness = 0.07235585, mSdrBrightness = 0.07235585, mCurrentBrightness = 0.0, mForceHbmChangeCallback = false, mRatioChange = true
04-12 20:37:38.357074  1730  1944 D DisplayPowerController[0]: animateScreenBrightness: target = 0.030533373, sdrTarget = 0.030533373, rate = 1.0, mShouldUpdateBrightnessSettingLater = false
04-12 20:37:38.360458  1730  1944 V DisplayPowerController[0]: Brightness [0.030533373] reason changing to: 'automatic [ dim ]', previous reason: 'automatic'.
04-12 20:37:38.360874  1730  1944 I DisplayPowerController[0]: BrightnessEvent: brt=0.030533373 (30.0%), nits= 24.374147, lux=13.0, reason=automatic [ dim ], strat=InvalidBrightnessStrategy, state=ON, stateReason=DEFAULT_POLICY, policy=DIM, flags=, initBrt=0.07053337, rcmdBrt=0.07053337, preBrt=NaN, preLux=NaN, wasShortTermModelActive=false, autoBrightness=true (default), unclampedBrt=0.07053337, hbmMax=1.0, hbmMode=off, thrmMax=1.0, rbcStrength=50, powerFactor=1.0, physDisp=内置屏幕(local:4627039422300187648), logicalId=0, slowChange=false, rampSpeed=0.0
04-12 20:37:38.364595  1730  2300 D LocalDisplayAdapter: set backlight: 0.0716378, nits = 52.474, sdrBacklight = 0.0716397, sdrNits = 52.475323
04-12 20:37:38.379051  1730  2300 D LocalDisplayAdapter: set backlight: 0.066664845, nits = 48.986946, sdrBacklight = 0.06666668, sdrNits = 48.988228
04-12 20:37:38.395837  1730  2300 D LocalDisplayAdapter: set backlight: 0.061875988, nits = 45.610977, sdrBacklight = 0.061877746, sdrNits = 45.612217
04-12 20:37:38.415831  1730  2300 D LocalDisplayAdapter: set backlight: 0.056938153, nits = 42.10822, sdrBacklight = 0.05693984, sdrNits = 42.109417
04-12 20:37:38.429094  1730  2300 D LocalDisplayAdapter: set backlight: 0.052503917, nits = 38.940914, sdrBacklight = 0.052505527, sdrNits = 38.94207
04-12 20:37:38.447671  1730  2300 D LocalDisplayAdapter: set backlight: 0.048293434, nits = 35.913174, sdrBacklight = 0.048294984, sdrNits = 35.914295
04-12 20:37:38.462788  1730  2300 D LocalDisplayAdapter: set backlight: 0.04425944, nits = 32.996025, sdrBacklight = 0.044260915, sdrNits = 32.997093
04-12 20:37:38.479513  1730  2300 D LocalDisplayAdapter: set backlight: 0.040400203, nits = 30.192392, sdrBacklight = 0.04040161, sdrNits = 30.193419
04-12 20:37:38.495975  1730  2300 D LocalDisplayAdapter: set backlight: 0.03243429, nits = 24.374147, sdrBacklight = 0.03243429, sdrNits = 24.374147
04-12 20:37:38.497106  1730  1944 D TranBatterySaveBrightnessLimitController: shouldBrightnessLimit mBatterySaveBrightnessConfigInfos BatterySaveBrightnessConfigInfo{id=1, switchData=1, nits=[70, 130], ratios=[0.0, 0.15], rateIns=[0, 15, 15], rateOuts=[0, 15, 15]}
04-12 20:37:38.499836  1730  1944 I DisplayPowerController[0]: thermalLight brightnessState: 0.030533373 time: NaN
04-12 20:37:38.500293  1730  1944 I TranOriginHbmController[L]: needsXDRAnimationExit brightness = 0.030533373, sdrBrightness = 0.030533373 mIsTemporaryInspired = false, GetHbmScreenBrightness() = 1.0, GetSdrBrightness = 0.03243429, mSdrBrightness = 0.03243429, mCurrentBrightness = 0.0, mForceHbmChangeCallback = false, mRatioChange = true
04-12 20:37:40.868709  1730  1730 D NetworkStatusMonitor: updateNetworkStatus, reason is onCapabilitiesChanged
04-12 20:37:41.119000  1730  1730 D NetworkStatusMonitor: updateNetworkStatus snapshot size is 1
04-12 20:37:41.119234  1730  1730 D NetworkStatusMonitor: updateNetworkStatus currentActiveNetwork is 117
04-12 20:37:41.119287  1730  1730 D NetworkStatusMonitor: updateNetworkStatus snapshot NetworkStateSnapshot{network=117, legacyType=1, subscriberId=null, capability=WIFI]
04-12 20:37:41.119395  1730  1730 D NetworkStatusMonitor: getNetworkTypeFromSnapshot, identity 1 {type=1, ratType=COMBINED, wifiNetworkKey="David_5"wpa2-psk, metered=false, defaultNetwork=true, oemManaged=OEM_NONE, subId=-1, transports={1}}
04-12 20:37:41.119435  1730  1730 D NetworkStatusMonitor: getNetworkTypeFromSnapshot, match wifi
04-12 20:37:41.119463  1730  1730 D NetworkStatusMonitor: getAllInterfaceNames network type is wifi
04-12 20:37:41.119500  1730  1730 D NetworkStatusMonitor: onNetworkTypeChanged wifi => wifi
04-12 20:37:41.119560  1730  1730 D NetworkStatusMonitor: updateInterfaceNameMap
04-12 20:37:41.119596  1730  1730 D NetworkStatusMonitor: updateInterfaceNameMap, wifi:wlan0 
04-12 20:37:41.119624  1730  1730 D NetworkStatusMonitor: updateInterfaceNameMap, mobile:
04-12 20:37:41.249372  1730  4344 I TranAIChargingController: mInitialized：true，mReady：true,PlugType:2
04-12 20:37:41.249422  1730  4344 I TranAIChargingController: mLastBatteryLevel：68，mCurrentBatteryLevel：68
04-12 20:37:41.250206  1730  1730 I BatteryService: start processRepairResult repairResult =0, mFirstBoot =true, mSystemBootCompleted =true
04-12 20:37:41.265162  2727  3038 D PowerUI : can't show warning due to - plugged: true status unknown: false
