04-12 20:37:06.938668  1730  1730 D MBrainLocalService: notifyAppLifeCycle failed
04-12 20:37:06.938707  1730  1922 I griffin_dfx_process_died: ApplicationExitInfo(timestamp=2026/4/12 20:37 pid=9506 realUid=10231 packageUid=10231 definingUid=10231 user=0 process=com.android.vending:quick_launch reason=13 (OTHER KILLS BY SYSTEM) subreason=3 (TOO MANY EMPTY PROCS) status=0 importance=400 pss=0.00 rss=191MB description=too many empty state=empty trace=null exitInfoExt=TranApplicationExitInfoExt{mRecentid=-1, mIsMainProcess=false, mVmsize=17497404, mVmlock=0, mVmHWM=-1, mVmRss=203316, mRssAnon=89264, mRssFile=113004, mRssShmem=1048, mVmSwap=144, mWorkingState=-1, mSchedGroup=0, mOomAdj=985, mHostingType='service, mAlivetime=5531394, mIsHiber=false, mHibertime=-1, mHiberReason='-1, mLruReason='cch-empty}
04-12 20:37:06.938907  1730  1922 D ActivityTaskManager_Recents: Skipping, user setup not complete: Task{9e468d1 #6 type=undefined A=10188:com.transsion.magazineservice.xos nonResizable}
04-12 20:37:06.939102  1730  1922 I griffin_dfx_process_died: ApplicationExitInfo(timestamp=2026/4/12 20:37 pid=6862 realUid=10213 packageUid=10213 definingUid=10213 user=0 process=com.google.android.configupdater reason=13 (OTHER KILLS BY SYSTEM) subreason=3 (TOO MANY EMPTY PROCS) status=0 importance=400 pss=0.00 rss=129MB description=too many empty state=empty trace=null exitInfoExt=TranApplicationExitInfoExt{mRecentid=-1, mIsMainProcess=true, mVmsize=-1, mVmlock=-1, mVmHWM=-1, mVmRss=-1, mRssAnon=-1, mRssFile=-1, mRssShmem=-1, mVmSwap=-1, mWorkingState=-1, mSchedGroup=0, mOomAdj=985, mHostingType='broadcast, mAlivetime=256310892, mIsHiber=false, mHibertime=-1, mHiberReason='-1, mLruReason='cch-empty}
04-12 20:37:06.953453  1730  2958 V ActivityManager: Death received in com.android.server.am.ActivityManagerService$AppDeathRecipient@293147a for thread android.os.BinderProxy@939142b
04-12 20:37:06.954837  1730  2958 D os.ActivityManagerServiceLice: make process inactive com.google.android.configupdater(6862)
04-12 20:37:06.955771  1730  2958 I START_DEBUG: remove ALL_TIMEOUT cleanup   ProcessRecord :ProcessRecord{9366462 6862:com.google.android.configupdater/u0a213}
04-12 20:37:06.956160  1730  1922 D ActivityTaskManager_Recents: Skipping, user setup not complete: Task{9e468d1 #6 type=undefined A=10188:com.transsion.magazineservice.xos nonResizable}
04-12 20:37:06.956606  1730  1922 W tranpm/ProcessUtils: getProcessNameByPid error file not exist : proc/6862/cmdline
04-12 20:37:06.962020  1730  2015 V ActivityManager: Death received in com.android.server.am.ActivityManagerService$AppDeathRecipient@936c6e4 for thread android.os.BinderProxy@544574d
04-12 20:37:06.962664  1730  2015 D os.ActivityManagerServiceLice: make process inactive com.android.vending:quick_launch(9506)
04-12 20:37:06.963335  1730  2015 I START_DEBUG: remove ALL_TIMEOUT cleanup   ProcessRecord :ProcessRecord{ddab5eb 9506:com.android.vending:quick_launch/u0a231}
04-12 20:37:06.963685  1730  1922 D ActivityTaskManager_Recents: Skipping, user setup not complete: Task{9e468d1 #6 type=undefined A=10188:com.transsion.magazineservice.xos nonResizable}
04-12 20:37:06.964675  1730  1922 W tranpm/ProcessUtils: getProcessNameByPid error file not exist : proc/9506/cmdline
04-12 20:37:07.491422  1730  2430 I MemoryCollector: package : com.mediatek.engineermode's running process has : [com.mediatek.engineermode]
04-12 20:37:07.500119  1730  1730 D NetworkRuleControllerService: mData com.transsion.server.networkrule.LocalNetworkRuleData@f2203b7
04-12 20:37:07.501635  1730  1730 D NetworkRuleControllerService: type = 0, uid 10154
04-12 20:37:07.547213  1730  2156 D WindowManager: onUserActivity: mGestureSleepRunnable remove
04-12 20:37:07.597167 14717 14786 D TranClassInfo: instance successfully. com.transsion.hubcore.view.TranSurfaceControlImpl@5070b8e from com.transsion.hubcore.view.ITranSurfaceControl
04-12 20:37:07.646995  1730  2156 D WindowManager: onUserActivity: mGestureSleepRunnable remove
04-12 20:37:07.912129  1730  2156 D WindowManager: onUserActivity: mGestureSleepRunnable remove
04-12 20:37:07.989142 20467 20594 I Usf_Hiber/fastState: fastUnFreeze reason=delay from activityIdle size=9 uids=[10173, 10215, 10226, 10238, 10261, 10264, 10274, 10281, 10285] about costTime=7ms
04-12 20:37:07.989260 20467 20594 I Usf_Hiber/fastState: setAppStartInfo: start=false, mAppStarting=false mBoostUid=-1 mBoostPkg=null
04-12 20:37:07.989343 20467 20614 I Usf_HiberBp/fastFreezeProcessor: reason: appStart coverage: 0.95 interval: 1425
04-12 20:37:07.993621  1730  2430 I MemoryCollector: package : com.mediatek.engineermode's running process has : [com.mediatek.engineermode]
04-12 20:37:08.285424  1730  2156 D WindowManager: onUserActivity: mGestureSleepRunnable remove
04-12 20:37:08.386575  1730  2156 D WindowManager: onUserActivity: mGestureSleepRunnable remove
04-12 20:37:08.504326  1730  1911 I Griffin/CleanManager: dispatch clean index=12
04-12 20:37:08.504834  1730  1911 D ActivityTaskManager_Recents: Skipping, user setup not complete: Task{9e468d1 #6 type=undefined A=10188:com.transsion.magazineservice.xos nonResizable}
04-12 20:37:08.582489  1730  1950 D TranAppm/MTKSuitConfig: mMTKGameModeSupport: true
04-12 20:37:08.582735  1730  1950 D TranAppm/MTKModule: pkgName: com.mediatek.engineermode,pid: 0
04-12 20:37:08.661645  1730  2156 D WindowManager: onUserActivity: mGestureSleepRunnable remove
04-12 20:37:09.257950  1730  2156 D WindowManager: onUserActivity: mGestureSleepRunnable remove
04-12 20:37:09.359242  1730  2156 D WindowManager: onUserActivity: mGestureSleepRunnable remove
04-12 20:37:09.744467  1730  2156 D WindowManager: onUserActivity: mGestureSleepRunnable remove
04-12 20:37:11.132016  1730  2361 I TranWatchdogImpl: checkMemState use_memory_rate: 0.17161942
04-12 20:37:11.172850  1730  2156 D WindowManager: onUserActivity: mGestureSleepRunnable remove
04-12 20:37:11.193296  1730  2015 I TranAIChargingController: mInitialized：true，mReady：true,PlugType:2
04-12 20:37:11.193347  1730  2015 I TranAIChargingController: mLastBatteryLevel：68，mCurrentBatteryLevel：68
04-12 20:37:11.230206  1730  2319 I thermalLightController: com.mediatek.engineermode
04-12 20:37:11.230206  1730  2319 I thermalLightController: {package=^.*$, autoLight=true
04-12 20:37:11.230206  1730  2319 I thermalLightController:   level1=LevelValue{trigger=43, exit=41, brightness=500}
04-12 20:37:11.230206  1730  2319 I thermalLightController:   level2=LevelValue{trigger=45, exit=43, brightness=350}
04-12 20:37:11.230206  1730  2319 I thermalLightController:   level3=LevelValue{trigger=47, exit=45, brightness=280}
04-12 20:37:11.230206  1730  2319 I thermalLightController:   level4=LevelValue{trigger=49, exit=47, brightness=210}
04-12 20:37:11.230206  1730  2319 I thermalLightController: }
04-12 20:37:11.247385  1730  2015 I TranAIChargingController: mInitialized：true，mReady：true,PlugType:2
04-12 20:37:11.247402  1730  2015 I TranAIChargingController: mLastBatteryLevel：68，mCurrentBatteryLevel：68
04-12 20:37:11.257674  1730  2015 I TranAIChargingController: mInitialized：true，mReady：true,PlugType:2
04-12 20:37:11.257694  1730  2015 I TranAIChargingController: mLastBatteryLevel：68，mCurrentBatteryLevel：68
04-12 20:37:11.258852  1730  2431 I MemoryCollector: package : com.debug.loggerui's running process has : [com.debug.loggerui]
04-12 20:37:11.259302  1730  2958 W ActivityManager: Permission Denial: getCurrentUser() from pid=14717, uid=10154 requires android.permission.INTERACT_ACROSS_USERS
04-12 20:37:11.259558  1730  2958 D os.WindowManagerServiceLice: onStartActivityAsUser, isPreloadIntent =  false
04-12 20:37:11.259827  1730  2958 W TranPerf-SystemBinderBigCoreFeature: [setAffinity] Tid:2958 mask:240
04-12 20:37:11.259884  1730  2958 W TranPerf-SystemBinderBigCoreFeature: [setAffinity] Pid:2958 mask:240
04-12 20:37:11.261175 20467 20485 I Usf_Hiber/fastState: onActivityStart: callerUid=10154, callerPkgName=com.mediatek.engineermode, targetUid=10152, targetPkgName=com.debug.loggerui, cpnName=com.debug.loggerui.MainActivity, mAppStarting=false
04-12 20:37:11.261393 20467 20485 I Usf_Hiber/fastState: setAppStartInfo: start=true, mAppStarting=true mBoostUid=10152 mBoostPkg=com.debug.loggerui
04-12 20:37:11.261413 20467 20485 I Usf_Hiber/fastState: try fastFreeze reason=appStart
04-12 20:37:11.261478 20467 20485 I Usf_Hiber/fastState: do fastFreeze reason=appStart
04-12 20:37:11.261499 20467 20485 I Usf_Hiber/fastState: fastUnfreeze default reason=appStart timeout
04-12 20:37:11.261985  1730  2958 I ActivityTaskManager: floatWindow: multiWindowId = 0
04-12 20:37:11.262015 20467 20594 W Usf_Hiber/fastState: uid=10243 is default-app
04-12 20:37:11.262133 20467 20594 W Usf_Hiber/fastState: uid=10129 is fast-white
04-12 20:37:11.262152 20467 20594 W Usf_Hiber/fastState: uid=10132 is fast-white
04-12 20:37:11.262171 20467 20594 W Usf_Hiber/fastState: uid=10139 is fast-white
04-12 20:37:11.262183 20467 20594 W Usf_Hiber/fastState: uid=10142 is fast-white
04-12 20:37:11.262192 20467 20594 W Usf_Hiber/fastState: uid=10143 is fast-white
04-12 20:37:11.262212 20467 20594 W Usf_Hiber/fastState: uid=10154 is resume
04-12 20:37:11.262228 20467 20594 W Usf_Hiber/fastState: uid=10169 is fast-white
04-12 20:37:11.262249 20467 20594 W Usf_Hiber/fastState: uid=10070 is fast-white
04-12 20:37:11.262258 20467 20594 W Usf_Hiber/fastState: uid=10075 is fast-white
04-12 20:37:11.262268 20467 20594 W Usf_Hiber/fastState: uid=10205 is fast-white
04-12 20:37:11.262287 20467 20594 W Usf_Hiber/fastState: uid=10102 is fast-white
04-12 20:37:11.262301 20467 20594 W Usf_Hiber/fastState: uid=10235 is fast-white
04-12 20:37:11.262432  1730  2958 I ActivityStartInterceptor: isBal04:false,isBal05:false
04-12 20:37:11.262613  1730  2958 I ActivityTaskManager: TaskLaunchParamsModifier: pkgName = null, isMultiWindowTaskDisplayArea  = false
04-12 20:37:11.262723  1730  2958 D ActivityTaskManager: TaskLaunchParamsModifier:task=null activity=null display-area-from-source=DefaultTaskDisplayArea@137067527 display-id=0 task-display-area-windowing-mode=1 suggested-display-area=DefaultTaskDisplayArea@137067527
04-12 20:37:11.262989  1730  2958 I AppLockLice: onActivityStarterIntercept: callingPackage = com.mediatek.engineermode, aInfo.packageName:com.debug.loggerui,mComeLockPkgList =[]
04-12 20:37:11.263693  1730  2958 W OptProp : Cannot read opt property android.window.PROPERTY_COMPAT_ALLOW_ORIENTATION_OVERRIDE
04-12 20:37:11.264274 20467 20591 I Usf_Hiber/nativeServiceClient: check sync_binder uid=10173
04-12 20:37:11.266500 20467 20591 I Usf_Hiber/nativeServiceClient: check sync_binder uid=10215
04-12 20:37:11.267449 20467 20591 I Usf_Hiber/nativeServiceClient: check sync_binder uid=10226
04-12 20:37:11.267857  1730  2015 I TranAIChargingController: mInitialized：true，mReady：true,PlugType:2
04-12 20:37:11.267938  1730  2015 I TranAIChargingController: mLastBatteryLevel：68，mCurrentBatteryLevel：68
04-12 20:37:11.268768 20467 20591 I Usf_Hiber/nativeServiceClient: check sync_binder uid=10238
04-12 20:37:11.269653 20467 20591 I Usf_Hiber/nativeServiceClient: check sync_binder uid=10261
04-12 20:37:11.270277 20467 20591 I Usf_Hiber/nativeServiceClient: check sync_binder uid=10264
04-12 20:37:11.270549 20467 20591 I Usf_Hiber/nativeServiceClient: check sync_binder uid=10274
04-12 20:37:11.270779  1730  2958 D CompatChangeReporter: Compat change id reported: 377864165; UID 10152; state: ENABLED
04-12 20:37:11.270938  1730  2958 D MagellanHandle: updateRefreshRateForSceneVsyncs what = 23
04-12 20:37:11.271035 20467 20591 I Usf_Hiber/nativeServiceClient: check sync_binder uid=10281
04-12 20:37:11.271417 20467 20594 I Usf_Hiber/fastState: fastFreeze reason=appStart size=9 uids=[10173, 10215, 10226, 10238, 10261, 10264, 10274, 10281, 10285] about costTime=9ms
04-12 20:37:11.271602  1730  2958 W OptProp : Cannot read opt property android.window.PROPERTY_COMPAT_ALLOW_RESIZEABLE_ACTIVITY_OVERRIDES
04-12 20:37:11.271606 20467 20591 I Usf_Hiber/nativeServiceClient: check sync_binder uid=10285
04-12 20:37:11.271859  1730  2958 W OptProp : Cannot read opt property android.window.PROPERTY_COMPAT_ALLOW_MIN_ASPECT_RATIO_OVERRIDE
04-12 20:37:11.272175  1730  2958 D CompatChangeReporter: Compat change id reported: 358129114; UID 10154; state: ENABLED
04-12 20:37:11.272389  1730  2958 D TranStartingSurfaceController: hookStartActivity isStartingFromLauncher=false callingPackage=com.mediatek.engineermode
04-12 20:37:11.272573  1730  2958 D BLASTSyncEngine: [DH_DEBUG]scheduleTimeout #81 success=true timeoutMs=5000 callback=com.android.server.wm.BLASTSyncEngine$SyncGroup$$ExternalSyntheticLambda2@ad90d4e
04-12 20:37:11.272622  1730  2958 I Transition:  syncId = -1, mSyncId = 81, recentAnim = false, wc = ActivityRecord{131352144 u0 com.debug.loggerui/.MainActivity,wc.requestVisible = false, wc.visible = false
04-12 20:37:11.272651  1730  2958 D WindowManager: [SG_DEBUG]Set SyncGroup{id=81 name=Transition-OPEN} on ActivityRecord{131352144 u0 com.debug.loggerui/.MainActivity t-1}
04-12 20:37:11.272798  1730  2958 I ActivityTaskManager: TaskLaunchParamsModifier: pkgName = null, isMultiWindowTaskDisplayArea  = false
04-12 20:37:11.272819  1730  2958 I ActivityTaskManager: TaskLaunchParamsModifier: pkgName = null
04-12 20:37:11.272988  1730  2958 D ActivityTaskManager: TaskLaunchParamsModifier:task=null activity=ActivityRecord{131352144 u0 com.debug.loggerui/.MainActivity t-1} display-area-from-source=DefaultTaskDisplayArea@137067527 display-id=0 task-display-area-windowing-mode=1 suggested-display-area=DefaultTaskDisplayArea@137067527
04-12 20:37:11.273343  1730  2958 I ActivityTaskManager: TaskLaunchParamsModifier: pkgName = null, isMultiWindowTaskDisplayArea  = false
04-12 20:37:11.273366  1730  2958 I ActivityTaskManager: TaskLaunchParamsModifier: pkgName = null
04-12 20:37:11.273482  1730  2958 D ActivityTaskManager: TaskLaunchParamsModifier:task=null activity=ActivityRecord{131352144 u0 com.debug.loggerui/.MainActivity t-1} display-area-from-source=DefaultTaskDisplayArea@137067527 display-id=0 task-display-area-windowing-mode=1 suggested-display-area=DefaultTaskDisplayArea@137067527 inherit-from-source=fullscreen non-freeform-task-display-area display-area=DefaultTaskDisplayArea@137067527 activity-requested-portrait freeform-size-mismatch=Rect(309, 755 - 899, 1963)
04-12 20:37:11.273761  1730  2958 I ActivityTaskManager: needHookReparentToDefaultDisplay: sourceRecord = ActivityRecord{215961397 u0 com.mediatek.engineermode/.EngineerMode t50},r = ActivityRecord{131352144 u0 com.debug.loggerui/.MainActivity t-1}, tda = null
04-12 20:37:11.275533  1730  2958 I ActivityTaskManager: TaskLaunchParamsModifier: pkgName = null, isMultiWindowTaskDisplayArea  = false
04-12 20:37:11.275586  1730  2958 I ActivityTaskManager: TaskLaunchParamsModifier: pkgName = null
04-12 20:37:11.275655  1730  2958 D ActivityTaskManager: TaskLaunchParamsModifier:task=Task{3f777c #51 type=standard A=10152:com.debug.loggerui} activity=ActivityRecord{131352144 u0 com.debug.loggerui/.MainActivity t-1} display-area-from-source=DefaultTaskDisplayArea@137067527 display-id=0 task-display-area-windowing-mode=1 suggested-display-area=DefaultTaskDisplayArea@137067527 inherit-from-source=fullscreen non-freeform-task-display-area display-area=DefaultTaskDisplayArea@137067527 activity-requested-portrait freeform-size-mismatch=Rect(309, 755 - 899, 1963)
04-12 20:37:11.275680  1730  2958 I Transition:  syncId = -1, mSyncId = 81, recentAnim = false, wc = Task{3f777c #51 type=standard A=10152:com.debug.loggerui},wc.requestVisible = false, wc.visible = false
04-12 20:37:11.275711  1730  2958 D WindowManager: [SG_DEBUG]Set SyncGroup{id=81 name=Transition-OPEN} on Task{3f777c #51 type=standard A=10152:com.debug.loggerui}
04-12 20:37:11.276658  1730  2958 D NetworkRuleControllerService: onTaskMovedToFront TaskInfo{userId=0 taskId=51 effectiveUid=10152 displayId=0 isRunning=true baseIntent=Intent { act=android.intent.action.MAIN flg=0x10000000 cmp=com.debug.loggerui/.MainActivity } baseActivity=ComponentInfo{com.debug.loggerui/com.debug.loggerui.MainActivity} topActivity=ComponentInfo{com.debug.loggerui/com.debug.loggerui.MainActivity} origActivity=null realActivity=ComponentInfo{com.debug.loggerui/com.debug.loggerui.MainActivity} numActivities=1 lastActiveTime=256345096 supportsMultiWindow=true resizeMode=1 isResizeable=true minWidth=-1 minHeight=-1 defaultMinSize=110 token=WCT{RemoteToken{3cb05a Task{3f777c #51 type=standard A=10152:com.debug.loggerui}}} topActivityType=1 pictureInPictureParams=PictureInPictureParams( aspectRatio=null expandedAspectRatio=null sourceRectHint=null hasSetActions=false hasSetCloseAction=false isAutoPipEnabled=false isSeamlessResizeEnabled=false title=null subtitle=null isLaunchIntoPip=false) shouldDockBigOverlays=false launchIntoPipHostTaskId=-1 lastParentTaskIdBeforePip=-1 displayCutoutSafeInsets=Rect(0, 123 - 0, 0) topActivityInfo=ActivityInfo{72eb28b com.debug.loggerui.MainActivity} launchCookies=[] positionInParent=Point(0, 0) parentTaskId=-1 isFocused=false isVisible=false isVisibleRequested=false isTopActivityNoDisplay=false isSleeping=false locusId=null displayAreaFeatureId=1 isTopActivityTransparent=false isActivityStackTransparent=false lastNonFullscreenBounds=Rect(309, 755 - 899, 1963) capturedLink=null capturedLinkTimestamp=0 requestedVisibleTypes=-9 topActivityRequestOpenInBrowserEducationTimestamp=0 appCompatTaskInfo=AppCompatTaskInfo { topActivityInSizeCompat=false eligibleForLetterboxEducation= false isLetterboxEducationEnabled= false isLetterboxDoubleTapEnabled= false eligibleForUserAspectRatioButton= false topActivityBoundsLetterboxed= false isFromLetterboxDoubleTap= false topActivityLetterboxVerticalPosition= -1 topActivityLetterboxHorizontalPosition= -1 topActivityLetterboxWidth=-1 topActivityLetterboxHeight=-1 topActivityAppBounds=Rect(0, 0 - 1208, 2644) isUserFullscreenOverrideEnabled=false isSystemFullscreenOverrideEnabled=false hasMinAspectRatioOverride=false topActivityLetterboxBounds=null cameraCompatTaskInfo=CameraCompatTaskInfo { freeformCameraCompatMode=inactive}} topActivityMainWindowFrame=null}
04-12 20:37:11.276673  1730  2958 D os.fingerprint: onTaskMovedToFront Task{3f777c #51 type=standard A=10152:com.debug.loggerui}
04-12 20:37:11.276683  1730  2958 D os.fingerprint: activityComponent = ComponentInfo{com.debug.loggerui/com.debug.loggerui.MainActivity} inMultiWindow = false
04-12 20:37:11.276911  1730  2958 D TranStartingSurfaceController: hookAddStartingWindow activityRecord=ActivityRecord{131352144 u0 com.debug.loggerui/.MainActivity t51} snapshot=null type=2
04-12 20:37:11.276972  1730  2958 D TranStartingSurfaceController: should not addstartingsurface when start activity is not from launcher and recent activity=ActivityRecord{131352144 u0 com.debug.loggerui/.MainActivity t51}
04-12 20:37:11.276991  1730  2958 I ActivityTaskManager: Add starting :ActivityRecord{131352144 u0 com.debug.loggerui/.MainActivity t51} startingData=SplashScreenStartingData{bca8f68 removeAfterTransaction= 0}
04-12 20:37:11.277220  1730  2958 D MagellanHandle: updateRefreshRateForSceneVsyncs what = 23
04-12 20:37:11.278099  1730  2958 D setGameMode: enter setGameModeEnabled
04-12 20:37:11.278104  1730  2958 D setGameMode: packageName: com.mediatek.engineermode processName: com.mediatek.engineermode
04-12 20:37:11.278124  1730  2958 D TranAppm/MTKSuitConfig: mMTKGameModeSupport: true
04-12 20:37:11.278154  1730  2958 D TranAppm/MTKModule: pkgName: com.mediatek.engineermode,pid: 14717
04-12 20:37:11.278158  1730  2958 D setGameMode: Package not in game scene list: com.mediatek.engineermode
04-12 20:37:11.278263  1730  1730 E MBrainLocalService: notifyAppSwitch failed
04-12 20:37:11.278489  1730  2958 I MemoryCollector: do beginMemoryPredict 
04-12 20:37:11.278993  1730  2958 I Transition:  syncId = -1, mSyncId = 81, recentAnim = false, wc = ActivityRecord{131352144 u0 com.debug.loggerui/.MainActivity t51},wc.requestVisible = false, wc.visible = false
04-12 20:37:11.279295  1730  2958 I AnimBoostThreadLittleCoreFeature: AnimBoostThread = 2874
04-12 20:37:11.279506  1730  2958 D TransitionController: transition = TransitionRecord{453ec67 id=81 type=OPEN flags=0x0 c=[
04-12 20:37:11.279506  1730  2958 D TransitionController:    ChangeInfo{86d3a14 container=Task{3f777c #51 type=standard A=10152:com.debug.loggerui} flags=0x0}
04-12 20:37:11.279506  1730  2958 D TransitionController:    ChangeInfo{dac02bd container=ActivityRecord{131352144 u0 com.debug.loggerui/.MainActivity t51} flags=0x0}
04-12 20:37:11.279506  1730  2958 D TransitionController:    ChangeInfo{640f0b2 container=DefaultTaskDisplayArea@137067527 flags=0x0}
04-12 20:37:11.279506  1730  2958 D TransitionController:    ChangeInfo{ea8e803 container=Display{#0 state=ON size=1208x2644 ROTATION_0} flags=0x0}
04-12 20:37:11.279506  1730  2958 D TransitionController: ]
04-12 20:37:11.279506  1730  2958 D TransitionController: } request = TransitionRequestInfo { type = OPEN, triggerTask = TaskInfo{userId=0 taskId=51 effectiveUid=10152 displayId=0 isRunning=true baseIntent=Intent { act=android.intent.action.MAIN flg=0x10000000 cmp=com.debug.loggerui/.MainActivity } baseActivity=ComponentInfo{com.debug.loggerui/com.debug.loggerui.MainActivity} topActivity=ComponentInfo{com.debug.loggerui/com.debug.loggerui.MainActivity} origActivity=null realActivity=ComponentInfo{com.debug.loggerui/com.debug.loggerui.MainActivity} numActivities=1 lastActiveTime=256345101 supportsMultiWindow=true resizeMode=1 isResizeable=true minWidth=-1 minHeight=-1 defaultMinSize=110 token=WCT{RemoteToken{3cb05a Task{3f777c #51 type=standard A=10152:com.debug.loggerui}}} topActivityType=1 pictureInPictureParams=PictureInPictureParams( aspectRatio=null expandedAspectRatio=null sourceRectHint=null hasSetActions=false hasSetCloseAction=false isAutoPipEnabled=false isSeamlessResizeEnabled=false title=null subtitle=null isLaunchIntoPip=false) shouldDockBigOverlays=false launchIntoPipHostTaskId=-1 lastParentTaskIdBeforePip=-1 displayCutoutSafeInsets=Rect(0, 123 - 0, 0) topActivityInfo=ActivityInfo{72eb28b com.debug.loggerui.MainActivity} launchCookies=[] positionInParent=Point(0, 0) parentTaskId=-1 isFocused=false isVisible=false isVisibleRequested=false isTopActivityNoDisplay=false isSleeping=false locusId=null displayAreaFeatureId=1 isTopActivityTransparent=false isActivityStackTransparent=false lastNonFullscreenBounds=Rect(309, 755 - 899, 1963) capturedLink=null capturedLinkTimestamp=0 requestedVisibleTypes=-9 topActivityRequestOpenInBrowserEducationTimestamp=0 appCompatTaskInfo=AppCompatTaskInfo { topActivityInSizeCompat=false eligibleForLetterboxEducation= false isLetterboxEducationEnabled= false isLetterboxDoubleTapEnabled= false eligibleForUserAspectRatioButton= false topActivityBoundsLetterboxed= false isFromLetterboxDoubleTap= false topActivityLetterboxVerticalPosition= -1 topActivityLetterboxHorizontalPosition= -1 topActivityLetterboxWidth=-1 topActivityLetterboxHeight=-1 topActivityAppBounds=Rect(0, 0 - 1208, 2644) isUserFullscreenOverrideEnabled=false isSystemFullscreenOverrideEnabled=false hasMinAspectRatioOverride=false topActivityLetterboxBounds=null cameraCompatTaskInfo=CameraCompatTaskInfo { freeformCameraCompatMode=inactive}} topActivityMainWindowFrame=null}, pipChange = null, remoteTransition = null, displayChange = null, flags = 0, debugId = 81 }
04-12 20:37:11.279934  2727 10145 I UASManager: startWmShellMainUASBoost flag:1, mMainBoostFlags:1
04-12 20:37:11.280150  1730  2958 I ActivityTaskManager: START u0 {act=android.intent.action.MAIN xflg=0x4 cmp=com.debug.loggerui/.MainActivity} with LAUNCH_SINGLE_TASK from uid 10154 (sr=215961397) (BAL_ALLOW_VISIBLE_WINDOW) result code=0
04-12 20:37:11.280161  1730  2958 I ActivityTaskManager: Add pending draw ActivityRecord{131352144 u0 com.debug.loggerui/.MainActivity t51}
04-12 20:37:11.280252  1730  2958 D aegean_ActivityScene: checkContinuousLaunch isContinuousLaunch=true
04-12 20:37:11.280313  2727 10145 I UASManager: startUASBoost tid =2903 type=ux_exact_wmshell.main
04-12 20:37:11.280527  2727  2903 V WindowManagerShell: Transition requested (#81): android.os.BinderProxy@552dacb TransitionRequestInfo { type = OPEN, triggerTask = TaskInfo{userId=0 taskId=51 effectiveUid=10152 displayId=0 isRunning=true baseIntent=Intent { act=android.intent.action.MAIN flg=0x10000000 cmp=com.debug.loggerui/.MainActivity } baseActivity=ComponentInfo{com.debug.loggerui/com.debug.loggerui.MainActivity} topActivity=ComponentInfo{com.debug.loggerui/com.debug.loggerui.MainActivity} origActivity=null realActivity=ComponentInfo{com.debug.loggerui/com.debug.loggerui.MainActivity} numActivities=1 lastActiveTime=256345101 supportsMultiWindow=true resizeMode=1 isResizeable=true minWidth=-1 minHeight=-1 defaultMinSize=110 token=WCT{android.window.IWindowContainerToken$Stub$Proxy@6f332a8} topActivityType=1 pictureInPictureParams=PictureInPictureParams( aspectRatio=null expandedAspectRatio=null sourceRectHint=null hasSetActions=false hasSetCloseAction=false isAutoPipEnabled=false isSeamlessResizeEnabled=false title=null subtitle=null isLaunchIntoPip=false) shouldDockBigOverlays=false launchIntoPipHostTaskId=-1 lastParentTaskIdBeforePip=-1 displayCutoutSafeInsets=Rect(0, 123 - 0, 0) topActivityInfo=ActivityInfo{4ebf1c1 com.debug.loggerui.MainActivity} launchCookies=[] positionInParent=Point(0, 0) parentTaskId=-1 isFocused=false isVisible=false isVisibleRequested=false isTopActivityNoDisplay=false isSleeping=false locusId=null displayAreaFeatureId=1 isTopActivityTransparent=false isActivityStackTransparent=false lastNonFullscreenBounds=Rect(309, 755 - 899, 1963) capturedLink=null capturedLinkTimestamp=0 requestedVisibleTypes=-9 topActivityRequestOpenInBrowserEducationTimestamp=0 appCompatTaskInfo=AppCompatTaskInfo { topActivityInSizeCompat=false eligibleForLetterboxEducation= false isLetterboxEducationEnabled= false isLetterboxDoubleTapEnabled= false eligibleForUserAspectRatioButton= false topActivityBoundsLetterboxed= false isFromLetterboxDoubleTap= false topActivityLetterboxVerticalPosition= -1 topActivityLetterboxHorizontalPosition= -1 topActivityLetterboxWidth=-1 topActivityLetterboxHeight=-1 topActivityAppBounds=Rect(0, 0 - 1208, 2644) isUserFullscreenOverrideEnabled=false isSystemFullscreenOverrideEnabled=false hasMinAspectRatioOverride=false topActivityLetterboxBounds=null cameraCompatTaskInfo=CameraCompatTaskInfo { freeformCameraCompatMode=inactive}} topActivityMainWindowFrame=null}, pipChange = null, remoteTransition = null, displayChange = null, flags = 0, debugId = 81 }
04-12 20:37:11.280673  2727  2903 D ShellSplitScreen: logExit: no-op, mLoggerSessionId is null
04-12 20:37:11.280707  1730  2958 D TranBrightnessController: setNotUpdateBrightnessState: pauseUpdate = true , pauseReason = app_start_launch
04-12 20:37:11.280938  1730  1950 W TranPerf-SystemBinderBigCoreFeature: [setAffinity] Tid:2958 mask:255
04-12 20:37:11.281057  1730  2015 D MagellanHandle: updateRefreshRateForSceneVsyncs what = 28
04-12 20:37:11.282203  1730  4328 D MagellanHandle: updateRefreshRateForSceneVsyncs what = 23
04-12 20:37:11.282802  1730  4328 D os.fingerprint: onActivityResume next:ActivityRecord{131352144 u0 com.debug.loggerui/.MainActivity t51}
04-12 20:37:11.282824  1730  4328 D os.fingerprint: activityComponent = ComponentInfo{com.debug.loggerui/com.debug.loggerui.MainActivity} inMultiWindow = false
04-12 20:37:11.282838  1730  4328 I AppLockLice: onActivityResume: packageName = com.debug.loggerui,mComeLockPkgList =[],mPreLockPkgList =[]
04-12 20:37:11.282878  1730  4328 I AppLockLice: onActivityResume:isAwake = true ,isKeyguardLocked = false
04-12 20:37:11.283302  1730  4328 I Transition:  syncId = -1, mSyncId = 81, recentAnim = false, wc = ActivityRecord{131352144 u0 com.debug.loggerui/.MainActivity t51},wc.requestVisible = false, wc.visible = false
04-12 20:37:11.283478  1730  4328 I Transition:  syncId = -1, mSyncId = 81, recentAnim = false, wc = ActivityRecord{215961397 u0 com.mediatek.engineermode/.EngineerMode t50},wc.requestVisible = true, wc.visible = true
04-12 20:37:11.283545  1730  4328 D WindowManager: [SG_DEBUG]Set SyncGroup{id=81 name=Transition-OPEN} on ActivityRecord{215961397 u0 com.mediatek.engineermode/.EngineerMode t50}
04-12 20:37:11.284055  1730  4328 I WindowManager: DisplayRotation updateRotationUnchecked id :0, rotation = 0, oldRotation = 0, lastOrientation = 1, mUserRotationMode = 1, mUserRotation = 0, mLastSensorRotation = 0
04-12 20:37:11.284125  1730  4328 I Transition:  syncId = -1, mSyncId = 81, recentAnim = false, wc = ActivityRecord{131352144 u0 com.debug.loggerui/.MainActivity t51},wc.requestVisible = true, wc.visible = false
04-12 20:37:11.284217  1730  4328 D os.fingerprint: onRealStartActivityLocked next:ActivityRecord{131352144 u0 com.debug.loggerui/.MainActivity t51} isKeyguardShowing:false
04-12 20:37:11.284257  1730  4328 D os.fingerprint: activityComponent = ComponentInfo{com.debug.loggerui/com.debug.loggerui.MainActivity} inMultiWindow = false
04-12 20:37:11.285035  1730  4328 D NetworkRuleControllerService: onTaskFocusChanged 50 false
04-12 20:37:11.285086  1730  4328 D NetworkRuleControllerService: onTaskFocusChanged 51 true
04-12 20:37:11.285099  1730  4328 D NetworkRuleControllerService: onForegroundPackageChanged com.mediatek.engineermode => com.debug.loggerui
04-12 20:37:11.285146  1730  4328 D os.fingerprint: onUpdateFocusedApp oldPackageName:com.mediatek.engineermode oldComponent:ComponentInfo{com.mediatek.engineermode/com.mediatek.engineermode.EngineerMode} newPackageName:com.debug.loggerui newComponent:ComponentInfo{com.debug.loggerui/com.debug.loggerui.MainActivity} mFm :android.hardware.fingerprint.FingerprintManager@83d38ed
04-12 20:37:11.285512  1730  4328 W WindowManager: Changing focus from Window{ae9b894 u0 com.mediatek.engineermode/com.mediatek.engineermode.EngineerMode} to null displayId=0 Callers=com.android.server.wm.RootWindowContainer.updateFocusedWindowLocked:532 com.android.server.wm.WindowManagerService.updateFocusedWindowLocked:7088 com.android.server.wm.ActivityTaskManagerService.setLastResumedActivityUncheckLocked:5759 com.android.server.wm.ActivityTaskSupervisor.updateTopResumedActivityIfNeeded:2579 
04-12 20:37:11.285551  1730  4328 D WindowManager: notifyAppOnFocusChange focusedWindow =null registeredPid=4161 callback=android.window.IFocusChangeCallback$Stub$Proxy@21576a4
04-12 20:37:11.286474  1730  4328 D tranpm/SceneDataInstance: onAppStart
04-12 20:37:11.286501  1730  4328 D tranpm/BehaviorManager:  onAppLaunch nextPackName = com.debug.loggerui currPackName = com.mediatek.engineermode
04-12 20:37:11.286734  1730  2396 D aegean_MemoryFusionFileUtils: proc/memfusion/am_app_launch :1
04-12 20:37:11.287499  1730  4328 D setGameMode: enter setGameModeEnabled
04-12 20:37:11.287505  1730  4328 D setGameMode: packageName: com.debug.loggerui processName: com.debug.loggerui
04-12 20:37:11.287526  1730  4328 D TranAppm/MTKSuitConfig: mMTKGameModeSupport: true
04-12 20:37:11.287552  1730  4328 D TranAppm/MTKModule: pkgName: com.debug.loggerui,pid: 6556
04-12 20:37:11.287557  1730  4328 D setGameMode: Package not in game scene list: com.debug.loggerui
04-12 20:37:11.287846  2727  2995 D ViewRootImpl: setView appearance:0 Splash Screen com.debug.loggerui
04-12 20:37:11.287873  1730  4328 D MagellanHandle: updateRefreshRateForSceneVsyncs what = 23
04-12 20:37:11.288013  1730  4328 D BLASTSyncEngine: SyncGroup = 81 Set ready = true mReady = false
04-12 20:37:11.288051  1730  4328 D os.fingerprint: onActivityResume next:ActivityRecord{131352144 u0 com.debug.loggerui/.MainActivity t51}
04-12 20:37:11.288065  1730  4328 D os.fingerprint: activityComponent = ComponentInfo{com.debug.loggerui/com.debug.loggerui.MainActivity} inMultiWindow = false
04-12 20:37:11.288229  1730  4328 I Griffin/Hooker: PreviousApp = com.mediatek.engineermode/.EngineerMode
04-12 20:37:11.288264  1730  1880 D TranCameraLowTemperatureWarningImpl: [isCameraLowTemperatureWarningSupport] ro.tranos.version=xos16.2.0, not 16.3, skip flag check
04-12 20:37:11.288279  1730  4328 D tranpm/SceneDataInstance: onAppStart
04-12 20:37:11.288319  1730  2015 D TranAppm/Monitor: App switch: com.mediatek.engineermode -> com.debug.loggerui
04-12 20:37:11.288413  1730  2015 D TranAppm/ThermalEngineModule:  AppSwitchListener from com.mediatek.engineermode to com.debug.loggerui
04-12 20:37:11.291386  6556  6556 D LaunchActivityItem: LaunchActivityItem execute r = ActivityRecord{c778648 token=android.os.BinderProxy@570c05c {com.debug.loggerui/com.debug.loggerui.MainActivity}}
04-12 20:37:11.294428  6556 15227 I DisplayManager: Choreographer implicitly registered for the refresh rate.
04-12 20:37:11.295591  1730  2450 D TranAppm/SystemMonitor: tranAppMonitor() the app is not in the whitelist.
04-12 20:37:11.298019  1730  2521 D ActivityTaskManager: cacheStartingBGColor colorPackageKey: com.debug.loggerui_u0_light color: -1
04-12 20:37:11.298070  1730  2067 D SmartPanelDelegator: drop check call 388 now 389
04-12 20:37:11.298127  1730  1730 E MBrainLocalService: notifyAppSwitch failed
04-12 20:37:11.298390  1730  2875 I HS/TranUsfAppState: APP_SWITCH uid:10152 pkgName:com.debug.loggerui prevUid:10154 prevPkgName:com.mediatek.engineermode
04-12 20:37:11.298599  1730  2314 D PowerManagerService: onAppLaunch: currentPackage=com.mediatek.engineermode, nextPackage=com.debug.loggerui.
04-12 20:37:11.299018  1730  2622 D ActivityTaskManager_Recents: Skipping, user setup not complete: Task{9e468d1 #6 type=undefined A=10188:com.transsion.magazineservice.xos nonResizable}
04-12 20:37:11.300003  1730  1898 I TranSCSourceConnectManagerImpl: hookDisplayResumeComponent displayId: 0 componentName: ComponentInfo{com.debug.loggerui/com.debug.loggerui.MainActivity}
04-12 20:37:11.304829  6556  6556 D TranClassInfo: instance successfully. com.transsion.hubcore.internal.TranInternalViewImpl@14839bf from com.transsion.hubcore.internal.ITranInternalView
04-12 20:37:11.305202  1730  1898 D TranAppm/MTKSuitConfig: mMTKGameModeSupport: true
04-12 20:37:11.305260  1730  1898 D TranAppm/MTKModule: pkgName: com.mediatek.engineermode,pid: 0
04-12 20:37:11.306359  1730  2048 V Configuration: Updating configuration, locales updated from [] to [en_US]
04-12 20:37:11.306421  1730  2048 V Configuration: Updating configuration, locales updated from [] to [zh_CN_#Hans]
04-12 20:37:11.306460  1730  2048 V Configuration: Updating configuration, locales updated from [] to [en_US]
04-12 20:37:11.306488  1730  2048 V Configuration: Updating configuration, locales updated from [] to [zh_CN_#Hans]
04-12 20:37:11.306515  1730  2048 V Configuration: Updating configuration, locales updated from [] to [en_US]
04-12 20:37:11.306536  1730  2048 V Configuration: Updating configuration, locales updated from [] to [zh_CN_#Hans]
04-12 20:37:11.306570  1730  2048 V Configuration: Updating configuration, locales updated from [] to [zh_CN_#Hans]
04-12 20:37:11.306649  1730  2048 V Configuration: Updating configuration, locales updated from [] to [en_US]
04-12 20:37:11.306704  1730  2048 V Configuration: Updating configuration, locales updated from [] to [zh_CN_#Hans]
04-12 20:37:11.309778  1730  2048 V Configuration: Updating configuration, locales updated from [] to [zh_CN_#Hans]
04-12 20:37:11.309920  1730  2048 V Configuration: Updating configuration, locales updated from [] to [en_US]
04-12 20:37:11.309991  1730  2048 V Configuration: Updating configuration, locales updated from [] to [zh_CN_#Hans]
04-12 20:37:11.310089  1730  2048 V Configuration: Updating configuration, locales updated from [] to [zh_CN_#Hans]
04-12 20:37:11.310200  1730  2048 V Configuration: Updating configuration, locales updated from [] to [zh_CN_#Hans]
04-12 20:37:11.310286  1730  2048 V Configuration: Updating configuration, locales updated from [] to [en_US]
04-12 20:37:11.310581  1730  2048 V Configuration: Updating configuration, locales updated from [] to [zh_CN_#Hans]
04-12 20:37:11.310785  6556  6556 D TranClassInfo: instance successfully. com.transsion.hubcore.view.TranViewImpl@5deabd8 from com.transsion.hubcore.view.ITranView
04-12 20:37:11.311308  1730  2048 D IntervalStats: Unable to parse usage stats packages: [176, 238]
04-12 20:37:11.311916  1730  2048 V Configuration: Updating configuration, locales updated from [] to [zh_CN_#Hans]
04-12 20:37:11.312019  1730  1898 I DisplayDeviceRepository: Display device changed render timings: "内置屏幕", renderFrameRate=120.00001, presentationDeadlineNanos=13300000, appVsyncOffsetNanos=1099999, frameRateOverrides=[]
04-12 20:37:11.312104  1730  1898 I Griffin/DeviceState: virtualDisplayPackageName :{}
04-12 20:37:11.312232  1730  2048 V Configuration: Updating configuration, locales updated from [] to [zh_CN_#Hans]
04-12 20:37:11.312820  1730  1880 D WindowManager: DeferredDisplayUpdater: partially applying DisplayInfo(1208 x 2644) immediately
04-12 20:37:11.317582  1730  4328 W UriGrantsManagerService: For security reasons, the system cannot issue a Uri permission grant to content://com.transsion.tranradionet.TranTelephonyProvider/commoninfo [user 0]; use startActivityAsCaller() instead
04-12 20:37:11.322610  1730  2875 W UriGrantsManagerService: For security reasons, the system cannot issue a Uri permission grant to content://com.transsion.tranradionet.TranTelephonyProvider/commoninfo [user 0]; use startActivityAsCaller() instead
04-12 20:37:11.325303  1730  4240 I WindowManager: System monitor finishDrawingWindow w: Window{e012cb0 u0 Splash Screen com.debug.loggerui}; mDrawState = DRAW_PENDING
04-12 20:37:11.325638  6556  6556 D ResumeActivityItem: ResumeActivityItem execute r = ActivityRecord{c778648 token=android.os.BinderProxy@570c05c {com.debug.loggerui/com.debug.loggerui.MainActivity}}
04-12 20:37:11.325652  1730  2521 D os.WindowManagerServiceLice: received send OSMessage 110001 request from 6556 to [-1]
04-12 20:37:11.325671  1730  2521 D os.CommonLice: onOSServerMessage 110001
04-12 20:37:11.326452  1730  1899 D WindowManager: System monitor commitFinishDrawingLocked activity = ActivityRecord{131352144 u0 com.debug.loggerui/.MainActivity t51} canShowWindows = true type = 3
04-12 20:37:11.326484  1730  1899 D TranStartingSurfaceController: hookOnStartingWindowDrawn activityRecord=ActivityRecord{131352144 u0 com.debug.loggerui/.MainActivity t51}
04-12 20:37:11.326499  1730  1899 D WindowManager: Showing Window{e012cb0 u0 Splash Screen com.debug.loggerui} during animation: policyVis=true isVisible = false mViewVisibility = 0 tok.visibleRequested = true tok.visible= false
04-12 20:37:11.326596  1730  2521 W UriGrantsManagerService: For security reasons, the system cannot issue a Uri permission grant to content://com.transsion.tranradionet.TranTelephonyProvider/commoninfo [user 0]; use startActivityAsCaller() instead
04-12 20:37:11.326676  1730  1899 D BLASTSyncEngine: transition TransitionRecord{453ec67 id=81 type=OPEN flags=0x0 c=[
04-12 20:37:11.326676  1730  1899 D BLASTSyncEngine:    ChangeInfo{86d3a14 container=Task{3f777c #51 type=standard A=10152:com.debug.loggerui} flags=0x0}
04-12 20:37:11.326676  1730  1899 D BLASTSyncEngine:    ChangeInfo{dac02bd container=ActivityRecord{131352144 u0 com.debug.loggerui/.MainActivity t51} flags=0x0}
04-12 20:37:11.326676  1730  1899 D BLASTSyncEngine:    ChangeInfo{640f0b2 container=DefaultTaskDisplayArea@137067527 flags=0x0}
04-12 20:37:11.326676  1730  1899 D BLASTSyncEngine:    ChangeInfo{eb585d1 container=Task{ac2a9b1 #50 type=standard A=10154:com.mediatek.engineermode nonResizable} flags=0x0}
04-12 20:37:11.326676  1730  1899 D BLASTSyncEngine:    ChangeInfo{ea8e803 container=Display{#0 state=ON size=1208x2644 ROTATION_0} flags=0x0}
04-12 20:37:11.326676  1730  1899 D BLASTSyncEngine:    ChangeInfo{2b5d836 container=ActivityRecord{215961397 u0 com.mediatek.engineermode/.EngineerMode t50} flags=0x0}
04-12 20:37:11.326676  1730  1899 D BLASTSyncEngine: ]
04-12 20:37:11.326676  1730  1899 D BLASTSyncEngine: } isAuthenticateSucceed false isKeyguardGoingAwayQuickly false
04-12 20:37:11.326766  1730  1899 D WindowManager: [SG_DEBUG]Clear [finished]SyncGroup{id=81 name=Transition-OPEN} on ActivityRecord{215961397 u0 com.mediatek.engineermode/.EngineerMode t50}
04-12 20:37:11.326789  1730  1899 D WindowManager: [SG_DEBUG]Clear [finished]SyncGroup{id=81 name=Transition-OPEN} on ActivityRecord{131352144 u0 com.debug.loggerui/.MainActivity t51}
04-12 20:37:11.326801  1730  1899 D WindowManager: [SG_DEBUG]Clear [finished]SyncGroup{id=81 name=Transition-OPEN} on Task{3f777c #51 type=standard A=10152:com.debug.loggerui}
04-12 20:37:11.326846  1730  1899 D WindowManager: System monitor commitFinishDrawingLocked activity = ActivityRecord{131352144 u0 com.debug.loggerui/.MainActivity t51} canShowWindows = true type = 3
04-12 20:37:11.326861  1730  1899 D WindowManager: System monitor performShowLocked: mDrawState = HAS_DRAWN in Window{e012cb0 u0 Splash Screen com.debug.loggerui}
04-12 20:37:11.326890  1730  1899 I WindowManager: real show surface Splash Screen com.debug.loggerui sc: Surface(name=Splash Screen com.debug.loggerui)/@0xf11b337 win : Window{e012cb0 u0 Splash Screen com.debug.loggerui}
04-12 20:37:11.327003  1730  1899 I Transition: ignoreThunderbackTransition back= false change= false
04-12 20:37:11.327718  1730  1899 D TranCustomizedTransitionAnimController: updateFlagsFromDynamicIslandToWindow pkgName:com.debug.loggerui mStartFromDynamicIsland:false mDynamicIslandPkgName:com.google.android.gms
04-12 20:37:11.327775  1730  1899 I TransitionHelper: updateFlagsFromDynamicIslandToWindow pkgName = com.debug.loggerui flagsArr[0] = 0
04-12 20:37:11.327933  1730  1899 D TranCustomizedTransitionAnimController: updateFlagsFromDynamicIslandToWindow pkgName:com.mediatek.engineermode mStartFromDynamicIsland:false mDynamicIslandPkgName:com.google.android.gms
04-12 20:37:11.327951  1730  1899 I TransitionHelper: updateFlagsFromDynamicIslandToWindow pkgName = com.mediatek.engineermode flagsArr[0] = 0
04-12 20:37:11.328052  1730  1899 D os.activityembedding: onCalculateTransitionInfo topOpening=null,bottomClosing=null
04-12 20:37:11.328356  1730  1899 D Transition: Calling onTransitionReady mToken = Token{3c44bd3 TransitionRecord{453ec67 id=81 type=OPEN flags=0x0 c=[
04-12 20:37:11.328356  1730  1899 D Transition:    ChangeInfo{86d3a14 container=Task{3f777c #51 type=standard A=10152:com.debug.loggerui} flags=0x10}
04-12 20:37:11.328356  1730  1899 D Transition:    ChangeInfo{dac02bd container=ActivityRecord{131352144 u0 com.debug.loggerui/.MainActivity t51} flags=0x0}
04-12 20:37:11.328356  1730  1899 D Transition:    ChangeInfo{640f0b2 container=DefaultTaskDisplayArea@137067527 flags=0x0}
04-12 20:37:11.328356  1730  1899 D Transition:    ChangeInfo{eb585d1 container=Task{ac2a9b1 #50 type=standard A=10154:com.mediatek.engineermode nonResizable} flags=0x10}
04-12 20:37:11.328356  1730  1899 D Transition:    ChangeInfo{ea8e803 container=Display{#0 state=ON size=1208x2644 ROTATION_0} flags=0x0}
04-12 20:37:11.328356  1730  1899 D Transition:    ChangeInfo{2b5d836 container=ActivityRecord{215961397 u0 com.mediatek.engineermode/.EngineerMode t50} flags=0x0}
04-12 20:37:11.328356  1730  1899 D Transition: ]
04-12 20:37:11.328356  1730  1899 D Transition: }} info = {id=81 t=OPEN f=0x0 trk=0 r=[0@Point(0, 0)] c=[{WCT{RemoteToken{3cb05a Task{3f777c #51 type=standard A=10152:com.debug.loggerui}}} m=OPEN f=NONE leash=Surface(name=Task=51)/@0xebbae0d sb=Rect(0, 0 - 1208, 2644) eb=Rect(0, 0 - 1208, 2644) mSimplifyStartAbsBounds=Rect(0, 0 - 0, 0) epz=Point(1208, 2644) d=0 taskParent=-1},{WCT{RemoteToken{bca2a17 Task{ac2a9b1 #50 type=standard A=10154:com.mediatek.engineermode nonResizable}}} m=TO_BACK f=NONE leash=Surface(name=Task=50)/@0x14a5fc sb=Rect(0, 0 - 1208, 2644) eb=Rect(0, 0 - 1208, 2644) mSimplifyStartAbsBounds=Rect(0, 0 - 0, 0) epz=Point(1208, 2644) d=0 taskParent=-1}]} transaction = android.view.SurfaceControl$Transaction@1e0c310
04-12 20:37:11.328403  1730  1899 D MagellanHandle: updateRefreshRateForSceneVsyncs what = 21
04-12 20:37:11.329669  2727  9966 V WindowManagerShell: onTransitionReady(transaction=7430293428214)
04-12 20:37:11.329887  2727  2903 V WindowManagerShell: onTransitionReady (#81) android.os.BinderProxy@552dacb: {id=81 t=OPEN f=0x0 trk=0 r=[0@Point(0, 0)] c=[
04-12 20:37:11.329887  2727  2903 V WindowManagerShell:         {m=OPEN f=NONE leash=Surface(name=Task=51)/@0xb340cbb sb=Rect(0, 0 - 1208, 2644) eb=Rect(0, 0 - 1208, 2644) mSimplifyStartAbsBounds=Rect(0, 0 - 0, 0) epz=Point(1208, 2644) d=0 taskParent=-1},
04-12 20:37:11.329887  2727  2903 V WindowManagerShell:         {m=TO_BACK f=NONE leash=Surface(name=Task=50)/@0x4ac95d8 sb=Rect(0, 0 - 1208, 2644) eb=Rect(0, 0 - 1208, 2644) mSimplifyStartAbsBounds=Rect(0, 0 - 0, 0) epz=Point(1208, 2644) d=0 taskParent=-1}
04-12 20:37:11.329887  2727  2903 V WindowManagerShell:     ]}
04-12 20:37:11.330261  2727  2903 D RecentsTransitionHandler_interrupt: isOpenOrCloseMode: falseisInterruptedTask: false isSplitMode: false isTranssionLauncher: false
04-12 20:37:11.330301  2727  2903 D RecentsTransitionHandler_interrupt: isIconLaunchRemoteTransitionInterrupted isopenorclose: false   mHasPlayingTransitions: false mFinishHasPlayingTransitions: false
04-12 20:37:11.330311  2727  2903 D RecentsTransitionHandler_interrupt: processReadyQueue mIfTransitionReUseLeash: false  mLeashReUsePendingFinishT: null
04-12 20:37:11.330321  2727  2903 D RecentsTransitionHandler_interrupt: isOpenOrCloseMode: falseisInterruptedTask: false isSplitMode: false isTranssionLauncher: false
04-12 20:37:11.330326  2727  2903 D RecentsTransitionHandler_interrupt: isIconLaunchRemoteTransitionInterrupted isopenorclose: false   mHasPlayingTransitions: false mFinishHasPlayingTransitions: false
04-12 20:37:11.330358  2727  2903 V WindowManagerShell: Playing animation for (#81) android.os.BinderProxy@552dacb@0
04-12 20:37:11.330375  2727  2903 D RecentsTransitionHandler_interrupt: isOpenOrCloseMode: falseisInterruptedTask: false isSplitMode: false isTranssionLauncher: false
04-12 20:37:11.330380  2727  2903 D RecentsTransitionHandler_interrupt: isIconLaunchRemoteTransitionInterrupted isopenorclose: false   mHasPlayingTransitions: false mFinishHasPlayingTransitions: false
04-12 20:37:11.330482  2727  2903 V ShellRecents: RecentsTransitionHandler.startAnimation: no controller found
04-12 20:37:11.330532  2727  2903 V WindowManagerShell: Transition doesn't have explicit remote, search filters for match for {id=81 t=OPEN f=0x0 trk=0 r=[0@Point(0, 0)] c=[{m=OPEN f=NONE leash=Surface(name=Task=51)/@0xb340cbb sb=Rect(0, 0 - 1208, 2644) eb=Rect(0, 0 - 1208, 2644) mSimplifyStartAbsBounds=Rect(0, 0 - 0, 0) epz=Point(1208, 2644) d=0 taskParent=-1},{m=TO_BACK f=NONE leash=Surface(name=Task=50)/@0x4ac95d8 sb=Rect(0, 0 - 1208, 2644) eb=Rect(0, 0 - 1208, 2644) mSimplifyStartAbsBounds=Rect(0, 0 - 0, 0) epz=Point(1208, 2644) d=0 taskParent=-1}]}
04-12 20:37:11.330572  2727  2903 V WindowManagerShell:  Checking filter Pair{{types=[] flags=0x0] notFlags=0x100 checks=[{atype=home independent=true modes=[OPEN,TO_FRONT] flags=NONE mustBeTask=false order=TOP topActivity=ComponentInfo{com.transsion.launcher3/com.android.launcher3.uioverrides.QuickstepLauncher} launchCookie=null windowingMode=undefined},{atype=standard independent=true modes=[CLOSE,TO_BACK] flags=NONE mustBeTask=false order=ANY topActivity=null launchCookie=null windowingMode=undefined}]} RemoteTransition { remoteTransition = android.window.IRemoteTransition$Stub$Proxy@db8e2cc, appThread = android.app.IApplicationThread$Stub$Proxy@29ae915, debugName = QuickstepLaunchHome }}
04-12 20:37:11.330610  2727  2903 V WindowManagerShell:  Delegate animation for (#81) to null
04-12 20:37:11.330640  2727  2903 V WindowManagerShell: start default transition animation, info = {id=81 t=OPEN f=0x0 trk=0 r=[0@Point(0, 0)] c=[{m=OPEN f=NONE leash=Surface(name=Task=51)/@0xb340cbb sb=Rect(0, 0 - 1208, 2644) eb=Rect(0, 0 - 1208, 2644) mSimplifyStartAbsBounds=Rect(0, 0 - 0, 0) epz=Point(1208, 2644) d=0 taskParent=-1},{m=TO_BACK f=NONE leash=Surface(name=Task=50)/@0x4ac95d8 sb=Rect(0, 0 - 1208, 2644) eb=Rect(0, 0 - 1208, 2644) mSimplifyStartAbsBounds=Rect(0, 0 - 0, 0) epz=Point(1208, 2644) d=0 taskParent=-1}]}
04-12 20:37:11.330912  2727  2903 V WindowManagerShell: loadAnimation: anim=android.view.animation.AnimationSet@3797c16 animAttr=0x9 type=OPEN isEntrance=false
04-12 20:37:11.331089  2727  2903 V WindowManagerShell: loadAnimation: anim=android.view.animation.AnimationSet@d8cb997 animAttr=0x8 type=OPEN isEntrance=true
04-12 20:37:11.332073  2727  2903 I UASManager: startUASBoost tid =2908 type=ux_exact_wmshell.anim
04-12 20:37:11.332183  2727  2903 V WindowManagerShell:  animated by com.android.wm.shell.transition.DefaultTransitionHandler@64025cd
04-12 20:37:11.334020  1730  1899 D BLASTSyncEngine: [DH_DEBUG]remove timeout #81 callback=com.android.server.wm.BLASTSyncEngine$SyncGroup$$ExternalSyntheticLambda2@ad90d4e
04-12 20:37:11.334286  1730  2325 D ActivityTaskManager: isControllerAMonkey mController = null,mControllerIsAMonkey = false
