04-12 20:37:06.490677  1730  4068 D TransitionController: } request = TransitionRequestInfo { type = OPEN, triggerTask = TaskInfo{userId=0 taskId=50 effectiveUid=10154 displayId=0 isRunning=true baseIntent=Intent { flg=0x10000000 cmp=com.mediatek.engineermode/.EngineerMode } baseActivity=ComponentInfo{com.mediatek.engineermode/com.mediatek.engineermode.EngineerMode} topActivity=ComponentInfo{com.mediatek.engineermode/com.mediatek.engineermode.EngineerMode} origActivity=null realActivity=ComponentInfo{com.mediatek.engineermode/com.mediatek.engineermode.EngineerMode} numActivities=1 lastActiveTime=256340312 supportsMultiWindow=false resizeMode=0 isResizeable=false minWidth=-1 minHeight=-1 defaultMinSize=110 token=WCT{RemoteToken{bca2a17 Task{ac2a9b1 #50 type=standard A=10154:com.mediatek.engineermode nonResizable}}} topActivityType=1 pictureInPictureParams=PictureInPictureParams( aspectRatio=null expandedAspectRatio=null sourceRectHint=null hasSetActions=false hasSetCloseAction=false isAutoPipEnabled=false isSeamlessResizeEnabled=false title=null subtitle=null isLaunchIntoPip=false) shouldDockBigOverlays=false launchIntoPipHostTaskId=-1 lastParentTaskIdBeforePip=-1 displayCutoutSafeInsets=Rect(0, 123 - 0, 0) topActivityInfo=ActivityInfo{2b11e04 com.mediatek.engineermode.EngineerMode} launchCookies=[] positionInParent=Point(0, 0) parentTaskId=-1 isFocused=false isVisible=false isVisibleRequested=false isTopActivityNoDisplay=false isSleeping=false locusId=null displayAreaFeatureId=1 isTopActivityTransparent=false isActivityStackTransparent=false lastNonFullscreenBounds=Rect(309, 755 - 899, 1963) capturedLink=null capturedLinkTimestamp=0 requestedVisibleTypes=-9 topActivityRequestOpenInBrowserEducationTimestamp=0 appCompatTaskInfo=AppCompatTaskInfo { topActivityInSizeCompat=false eligibleForLetterboxEducation= false isLetterboxEducationEnabled= false isLetterboxDoubleTapEnabled= false eligibleForUserAspectRatioButton= false topActivityBoundsLetterboxed= false isFromLetterboxDoubleTap= false topActivityLetterboxVerticalPosition= -1 topActivityLetterboxHorizontalPosition= -1 topActivityLetterboxWidth=-1 topActivityLetterboxHeight=-1 topActivityAppBounds=Rect(0, 0 - 1208, 2644) isUserFullscreenOverrideEnabled=false isSystemFullscreenOverrideEnabled=false hasMinAspectRatioOverride=false topActivityLetterboxBounds=null cameraCompatTaskInfo=CameraCompatTaskInfo { freeformCameraCompatMode=inactive}} topActivityMainWindowFrame=null}, pipChange = null, remoteTransition = null, displayChange = null, flags = 0, debugId = 80 }
04-12 20:37:06.491227  2727  2770 I UASManager: startWmShellMainUASBoost flag:1, mMainBoostFlags:1
04-12 20:37:06.491492  1730  4068 I ActivityTaskManager: START u0 {flg=0x10000000 xflg=0x4 cmp=com.mediatek.engineermode/.EngineerMode} with LAUNCH_MULTIPLE from uid 10154 (BAL_ALLOW_SAW_PERMISSION) result code=0
04-12 20:37:06.491506  1730  4068 I ActivityTaskManager: Add pending draw ActivityRecord{215961397 u0 com.mediatek.engineermode/.EngineerMode t50}
04-12 20:37:06.491614  1730  4068 D aegean_ActivityScene: checkContinuousLaunch isContinuousLaunch=false
04-12 20:37:06.491653  2727  2770 I UASManager: startUASBoost tid =2903 type=ux_exact_wmshell.main
04-12 20:37:06.491915  2727  2903 V WindowManagerShell: Transition requested (#80): android.os.BinderProxy@3e6cf45 TransitionRequestInfo { type = OPEN, triggerTask = TaskInfo{userId=0 taskId=50 effectiveUid=10154 displayId=0 isRunning=true baseIntent=Intent { flg=0x10000000 cmp=com.mediatek.engineermode/.EngineerMode } baseActivity=ComponentInfo{com.mediatek.engineermode/com.mediatek.engineermode.EngineerMode} topActivity=ComponentInfo{com.mediatek.engineermode/com.mediatek.engineermode.EngineerMode} origActivity=null realActivity=ComponentInfo{com.mediatek.engineermode/com.mediatek.engineermode.EngineerMode} numActivities=1 lastActiveTime=256340312 supportsMultiWindow=false resizeMode=0 isResizeable=false minWidth=-1 minHeight=-1 defaultMinSize=110 token=WCT{android.window.IWindowContainerToken$Stub$Proxy@cb769a} topActivityType=1 pictureInPictureParams=PictureInPictureParams( aspectRatio=null expandedAspectRatio=null sourceRectHint=null hasSetActions=false hasSetCloseAction=false isAutoPipEnabled=false isSeamlessResizeEnabled=false title=null subtitle=null isLaunchIntoPip=false) shouldDockBigOverlays=false launchIntoPipHostTaskId=-1 lastParentTaskIdBeforePip=-1 displayCutoutSafeInsets=Rect(0, 123 - 0, 0) topActivityInfo=ActivityInfo{9e09bcb com.mediatek.engineermode.EngineerMode} launchCookies=[] positionInParent=Point(0, 0) parentTaskId=-1 isFocused=false isVisible=false isVisibleRequested=false isTopActivityNoDisplay=false isSleeping=false locusId=null displayAreaFeatureId=1 isTopActivityTransparent=false isActivityStackTransparent=false lastNonFullscreenBounds=Rect(309, 755 - 899, 1963) capturedLink=null capturedLinkTimestamp=0 requestedVisibleTypes=-9 topActivityRequestOpenInBrowserEducationTimestamp=0 appCompatTaskInfo=AppCompatTaskInfo { topActivityInSizeCompat=false eligibleForLetterboxEducation= false isLetterboxEducationEnabled= false isLetterboxDoubleTapEnabled= false eligibleForUserAspectRatioButton= false topActivityBoundsLetterboxed= false isFromLetterboxDoubleTap= false topActivityLetterboxVerticalPosition= -1 topActivityLetterboxHorizontalPosition= -1 topActivityLetterboxWidth=-1 topActivityLetterboxHeight=-1 topActivityAppBounds=Rect(0, 0 - 1208, 2644) isUserFullscreenOverrideEnabled=false isSystemFullscreenOverrideEnabled=false hasMinAspectRatioOverride=false topActivityLetterboxBounds=null cameraCompatTaskInfo=CameraCompatTaskInfo { freeformCameraCompatMode=inactive}} topActivityMainWindowFrame=null}, pipChange = null, remoteTransition = null, displayChange = null, flags = 0, debugId = 80 }
04-12 20:37:06.492040  2727  2903 D ShellSplitScreen: logExit: no-op, mLoggerSessionId is null
04-12 20:37:06.492270  1730  4068 D TranBrightnessController: setNotUpdateBrightnessState: pauseUpdate = true , pauseReason = app_start_launch
04-12 20:37:06.492523  1730  1950 W TranPerf-SystemBinderBigCoreFeature: [setAffinity] Tid:4068 mask:255
04-12 20:37:06.493194  1730  2884 D MagellanHandle: updateRefreshRateForSceneVsyncs what = 28
04-12 20:37:06.495105  1730  2396 D aegean_MemoryFusionFileUtils: proc/memfusion/am_app_launch :1
04-12 20:37:06.495855  1730  2622 D ActivityTaskManager_Recents: Skipping, user setup not complete: Task{9e468d1 #6 type=undefined A=10188:com.transsion.magazineservice.xos nonResizable}
04-12 20:37:06.495992  1730  2884 I HS/TranUsfAppState: APP_SWITCH uid:10154 pkgName:com.mediatek.engineermode prevUid:10139 prevPkgName:com.sh.smart.caller
04-12 20:37:06.496042  1730  4068 D CompatChangeReporter: Compat change id reported: 377864165; UID 10154; state: ENABLED
04-12 20:37:06.496344  1730  2958 D TranAppm/Monitor: App switch: com.sh.smart.caller -> com.mediatek.engineermode
04-12 20:37:06.496429  1730  2958 D TranAppm/ThermalEngineModule:  AppSwitchListener from com.sh.smart.caller to com.mediatek.engineermode
04-12 20:37:06.496884  1730  2762 D MagellanHandle: updateRefreshRateForSceneVsyncs what = 23
04-12 20:37:06.497622  1730  2762 D os.fingerprint: onActivityResume next:ActivityRecord{215961397 u0 com.mediatek.engineermode/.EngineerMode t50}
04-12 20:37:06.497649  1730  2762 D os.fingerprint: activityComponent = ComponentInfo{com.mediatek.engineermode/com.mediatek.engineermode.EngineerMode} inMultiWindow = false
04-12 20:37:06.497666  1730  2762 I AppLockLice: onActivityResume: packageName = com.mediatek.engineermode,mComeLockPkgList =[],mPreLockPkgList =[]
04-12 20:37:06.497779  1730  2762 I AppLockLice: onActivityResume:isAwake = true ,isKeyguardLocked = false
04-12 20:37:06.498196  1730  2762 I Transition:  syncId = -1, mSyncId = 80, recentAnim = false, wc = ActivityRecord{215961397 u0 com.mediatek.engineermode/.EngineerMode t50},wc.requestVisible = false, wc.visible = false
04-12 20:37:06.498208  1730  2450 D TranAppm/SystemMonitor: tranAppMonitor() the app is not in the whitelist.
04-12 20:37:06.498332  1730  2762 I Transition:  syncId = -1, mSyncId = 80, recentAnim = false, wc = ActivityRecord{183083308 u0 com.sh.smart.caller/com.android.dialer.main.impl.MainActivity t48},wc.requestVisible = true, wc.visible = true
04-12 20:37:06.498368  1730  2762 D WindowManager: [SG_DEBUG]Set SyncGroup{id=80 name=Transition-OPEN} on ActivityRecord{183083308 u0 com.sh.smart.caller/com.android.dialer.main.impl.MainActivity t48}
04-12 20:37:06.498766  1730  2762 I WindowManager: DisplayRotation updateRotationUnchecked id :0, rotation = 0, oldRotation = 0, lastOrientation = 1, mUserRotationMode = 1, mUserRotation = 0, mLastSensorRotation = 0
04-12 20:37:06.498823  1730  2762 I Transition:  syncId = -1, mSyncId = 80, recentAnim = false, wc = ActivityRecord{215961397 u0 com.mediatek.engineermode/.EngineerMode t50},wc.requestVisible = true, wc.visible = false
04-12 20:37:06.498868  1730  2762 D os.fingerprint: onRealStartActivityLocked next:ActivityRecord{215961397 u0 com.mediatek.engineermode/.EngineerMode t50} isKeyguardShowing:false
04-12 20:37:06.498882  1730  2762 D os.fingerprint: activityComponent = ComponentInfo{com.mediatek.engineermode/com.mediatek.engineermode.EngineerMode} inMultiWindow = false
04-12 20:37:06.499467  1730  2762 D NetworkRuleControllerService: onTaskFocusChanged 48 false
04-12 20:37:06.499487  1730  2762 D NetworkRuleControllerService: onTaskFocusChanged 50 true
04-12 20:37:06.499495  1730  2762 D NetworkRuleControllerService: onForegroundPackageChanged com.sh.smart.caller => com.mediatek.engineermode
04-12 20:37:06.499524  1730  2762 D os.fingerprint: onUpdateFocusedApp oldPackageName:com.sh.smart.caller oldComponent:ComponentInfo{com.sh.smart.caller/com.android.dialer.main.impl.MainActivity} newPackageName:com.mediatek.engineermode newComponent:ComponentInfo{com.mediatek.engineermode/com.mediatek.engineermode.EngineerMode} mFm :android.hardware.fingerprint.FingerprintManager@83d38ed
04-12 20:37:06.499839  1730  2762 W WindowManager: Changing focus from Window{44ae5a7 u0 com.sh.smart.caller/com.android.dialer.main.impl.MainActivity} to null displayId=0 Callers=com.android.server.wm.RootWindowContainer.updateFocusedWindowLocked:532 com.android.server.wm.WindowManagerService.updateFocusedWindowLocked:7088 com.android.server.wm.ActivityTaskManagerService.setLastResumedActivityUncheckLocked:5759 com.android.server.wm.ActivityTaskSupervisor.updateTopResumedActivityIfNeeded:2579 
04-12 20:37:06.499862  1730  2762 D WindowManager: notifyAppOnFocusChange focusedWindow =null registeredPid=4161 callback=android.window.IFocusChangeCallback$Stub$Proxy@21576a4
04-12 20:37:06.500459  1730  2762 D tranpm/SceneDataInstance: onAppStart
04-12 20:37:06.500478  1730  2762 D tranpm/BehaviorManager:  onAppLaunch nextPackName = com.mediatek.engineermode currPackName = com.sh.smart.caller
04-12 20:37:06.501159  1730  2762 D setGameMode: enter setGameModeEnabled
04-12 20:37:06.501164  1730  2762 D setGameMode: packageName: com.mediatek.engineermode processName: com.mediatek.engineermode
04-12 20:37:06.501183  1730  2762 D TranAppm/MTKSuitConfig: mMTKGameModeSupport: true
04-12 20:37:06.501216  1730  2762 D TranAppm/MTKModule: pkgName: com.mediatek.engineermode,pid: 14717
04-12 20:37:06.501223  1730  2762 D setGameMode: Package not in game scene list: com.mediatek.engineermode
04-12 20:37:06.501478  1730  2762 D MagellanHandle: updateRefreshRateForSceneVsyncs what = 23
04-12 20:37:06.501621  1730  2958 D ActivityTaskManager: cacheStartingBGColor colorPackageKey: com.mediatek.engineermode_u0_light color: -1
04-12 20:37:06.501691  1730  2762 D BLASTSyncEngine: SyncGroup = 80 Set ready = true mReady = false
04-12 20:37:06.501799  1730  2762 D os.fingerprint: onActivityResume next:ActivityRecord{215961397 u0 com.mediatek.engineermode/.EngineerMode t50}
04-12 20:37:06.501816  1730  2762 D os.fingerprint: activityComponent = ComponentInfo{com.mediatek.engineermode/com.mediatek.engineermode.EngineerMode} inMultiWindow = false
04-12 20:37:06.501944  1730  2762 I Griffin/Hooker: PreviousApp = com.sh.smart.caller/com.android.dialer.main.impl.MainActivity
04-12 20:37:06.502004  1730  2762 D tranpm/SceneDataInstance: onAppStart
04-12 20:37:06.502640  1730  4068 I Telecom : MissedCallNotifierImpl: sendNotificationThroughDefaultDialer; count=0, dialerPackage=com.sh.smart.caller: TSI.cMCN(cssc)@AoQ
04-12 20:37:06.502672  1730  2314 D PowerManagerService: onAppLaunch: currentPackage=com.sh.smart.caller, nextPackage=com.mediatek.engineermode.
04-12 20:37:06.503432  1730  4240 I ActivityManager: updateOomAdj start time is before than pendingPid added, don't delete it
04-12 20:37:06.503561  2727  2995 D ViewRootImpl: setView appearance:0 Splash Screen com.mediatek.engineermode
04-12 20:37:06.504367  1730  1880 D TranCameraLowTemperatureWarningImpl: [isCameraLowTemperatureWarningSupport] ro.tranos.version=xos16.2.0, not 16.3, skip flag check
04-12 20:37:06.505340  1730  1730 E MBrainLocalService: notifyAppSwitch failed
04-12 20:37:06.505880 14717 14717 D LaunchActivityItem: LaunchActivityItem execute r = ActivityRecord{1a008cb token=android.os.BinderProxy@14910af {com.mediatek.engineermode/com.mediatek.engineermode.EngineerMode}}
04-12 20:37:06.509523  1730  4240 E AppOps  : attributionTag  not declared in manifest of com.sh.smart.caller
04-12 20:37:06.509738  1730  4327 D ActivityTaskManager: isControllerAMonkey mController = null,mControllerIsAMonkey = false
04-12 20:37:06.509815  1730  2875 E AppOps  : attributionTag  not declared in manifest of com.sh.smart.caller
04-12 20:37:06.510492  1730  1898 I TranSCSourceConnectManagerImpl: hookDisplayResumeComponent displayId: 0 componentName: ComponentInfo{com.mediatek.engineermode/com.mediatek.engineermode.EngineerMode}
04-12 20:37:06.511130  1730  1898 D TranAppm/MTKSuitConfig: mMTKGameModeSupport: true
04-12 20:37:06.511161  1730  1898 D TranAppm/MTKModule: pkgName: com.sh.smart.caller,pid: 0
04-12 20:37:06.512754  1730  1898 I debug_freeze: freezeAppAsyncInternalLSP app=ProcessRecord{85cca4 9722:com.android.vending/u0a231} delayMillis=10000 force=false
04-12 20:37:06.512754  1730  1898 I debug_freeze: java.lang.Throwable
04-12 20:37:06.512754  1730  1898 I debug_freeze: 	at com.android.server.am.CachedAppOptimizer.freezeAppAsyncInternalLSP(CachedAppOptimizer.java:1357)
04-12 20:37:06.512754  1730  1898 I debug_freeze: 	at com.android.server.am.CachedAppOptimizer.freezeAppAsyncLSP(CachedAppOptimizer.java:1329)
04-12 20:37:06.512754  1730  1898 I debug_freeze: 	at com.android.server.am.CachedAppOptimizer.freezeAppAsyncLSP(CachedAppOptimizer.java:1319)
04-12 20:37:06.512754  1730  1898 I debug_freeze: 	at com.android.server.am.OomAdjuster.updateAppFreezeStateLSP(OomAdjuster.java:4401)
04-12 20:37:06.512754  1730  1898 I debug_freeze: 	at com.android.server.am.OomAdjuster.applyOomAdjLSP(OomAdjuster.java:3909)
04-12 20:37:06.512754  1730  1898 I debug_freeze: 	at com.android.server.am.OomAdjuster.updateAndTrimProcessLSP(OomAdjuster.java:1418)
04-12 20:37:06.512754  1730  1898 I debug_freeze: 	at com.android.server.am.OomAdjuster.postUpdateOomAdjInnerLSP(OomAdjuster.java:1162)
04-12 20:37:06.512754  1730  1898 I debug_freeze: 	at com.android.server.am.OomAdjusterModernImpl.fullUpdateLSP(OomAdjusterModernImpl.java:983)
04-12 20:37:06.512754  1730  1898 I debug_freeze: 	at com.android.server.am.OomAdjusterModernImpl.performUpdateOomAdjLSP(OomAdjusterModernImpl.java:901)
04-12 20:37:06.512754  1730  1898 I debug_freeze: 	at com.android.server.am.OomAdjuster.updateOomAdjLSP(OomAdjuster.java:656)
04-12 20:37:06.512754  1730  1898 I debug_freeze: 	at com.android.server.am.OomAdjuster.updateOomAdjLocked(OomAdjuster.java:644)
04-12 20:37:06.512754  1730  1898 I debug_freeze: 	at com.android.server.am.ProcessStateController.runFullUpdate(ProcessStateController.java:100)
04-12 20:37:06.512754  1730  1898 I debug_freeze: 	at com.android.server.am.ActivityManagerService.updateOomAdjLocked(ActivityManagerService.java:16903)
04-12 20:37:06.512754  1730  1898 I debug_freeze: 	at com.android.server.am.ActivityManagerService.trimApplicationsLocked(ActivityManagerService.java:17410)
04-12 20:37:06.512754  1730  1898 I debug_freeze: 	at com.android.server.am.ActivityManagerService.trimApplications(ActivityManagerService.java:17362)
04-12 20:37:06.512754  1730  1898 I debug_freeze: 	at com.android.server.am.ActivityManagerService.-$$Nest$mtrimApplications(ActivityManagerService.java:0)
04-12 20:37:06.512754  1730  1898 I debug_freeze: 	at com.android.server.am.ActivityManagerService$LocalService.trimApplications(ActivityManagerService.java:18604)
04-12 20:37:06.512754  1730  1898 I debug_freeze: 	at com.android.server.wm.ActivityTaskSupervisor.lambda$activityIdleInternal$2(ActivityTaskSupervisor.java:1662)
04-12 20:37:06.512754  1730  1898 I debug_freeze: 	at com.android.server.wm.ActivityTaskSupervisor.$r8$lambda$NOf6mVLk7SRVOwt1P5P1njNo27o(ActivityTaskSupervisor.java:0)
04-12 20:37:06.512754  1730  1898 I debug_freeze: 	at com.android.server.wm.ActivityTaskSupervisor$$ExternalSyntheticLambda0.run(R8$$SyntheticClass:0)
04-12 20:37:06.512754  1730  1898 I debug_freeze: 	at android.os.Handler.handleCallback(Handler.java:995)
04-12 20:37:06.512754  1730  1898 I debug_freeze: 	at android.os.Handler.dispatchMessage(Handler.java:103)
04-12 20:37:06.512754  1730  1898 I debug_freeze: 	at android.os.Looper.loopOnce(Looper.java:327)
04-12 20:37:06.512754  1730  1898 I debug_freeze: 	at android.os.Looper.loop(Looper.java:431)
04-12 20:37:06.512754  1730  1898 I debug_freeze: 	at android.os.HandlerThread.run(HandlerThread.java:85)
04-12 20:37:06.512754  1730  1898 I debug_freeze: 	at com.android.server.ServiceThread.run(ServiceThread.java:49)
04-12 20:37:06.521368  1730  1916 D TranAppm/MTKSuitConfig: mMTKGameModeSupport: true
04-12 20:37:06.523486  1730  1916 D TranAppm/MTKModule: pkgName: com.sh.smart.caller,pid: 0
04-12 20:37:06.523599  1730  4344 I WindowManager: System monitor finishDrawingWindow w: Window{83403d2 u0 Splash Screen com.mediatek.engineermode}; mDrawState = DRAW_PENDING
04-12 20:37:06.524682  1730  1899 D WindowManager: System monitor commitFinishDrawingLocked activity = ActivityRecord{215961397 u0 com.mediatek.engineermode/.EngineerMode t50} canShowWindows = true type = 3
04-12 20:37:06.524719  1730  1899 D TranStartingSurfaceController: hookOnStartingWindowDrawn activityRecord=ActivityRecord{215961397 u0 com.mediatek.engineermode/.EngineerMode t50}
04-12 20:37:06.524734  1730  1899 D WindowManager: Showing Window{83403d2 u0 Splash Screen com.mediatek.engineermode} during animation: policyVis=true isVisible = false mViewVisibility = 0 tok.visibleRequested = true tok.visible= false
04-12 20:37:06.524929  1730  1899 D BLASTSyncEngine: transition TransitionRecord{e241670 id=80 type=OPEN flags=0x0 c=[
04-12 20:37:06.524929  1730  1899 D BLASTSyncEngine:    ChangeInfo{d610582 container=Task{5e5a418 #48 type=standard A=10139:android.task.contacts nonResizable minWidth=810 minHeight=1200} flags=0x0}
04-12 20:37:06.524929  1730  1899 D BLASTSyncEngine:    ChangeInfo{ed3dde9 container=DefaultTaskDisplayArea@137067527 flags=0x0}
04-12 20:37:06.524929  1730  1899 D BLASTSyncEngine:    ChangeInfo{908aa6e container=Task{ac2a9b1 #50 type=standard A=10154:com.mediatek.engineermode nonResizable} flags=0x0}
04-12 20:37:06.524929  1730  1899 D BLASTSyncEngine:    ChangeInfo{6892493 container=ActivityRecord{183083308 u0 com.sh.smart.caller/com.android.dialer.main.impl.MainActivity t48} flags=0x0}
04-12 20:37:06.524929  1730  1899 D BLASTSyncEngine:    ChangeInfo{bb2450f container=Display{#0 state=ON size=1208x2644 ROTATION_0} flags=0x0}
04-12 20:37:06.524929  1730  1899 D BLASTSyncEngine:    ChangeInfo{48c299c container=ActivityRecord{215961397 u0 com.mediatek.engineermode/.EngineerMode t50} flags=0x0}
04-12 20:37:06.524929  1730  1899 D BLASTSyncEngine: ]
04-12 20:37:06.524929  1730  1899 D BLASTSyncEngine: } isAuthenticateSucceed false isKeyguardGoingAwayQuickly false
04-12 20:37:06.525025  1730  1899 D WindowManager: [SG_DEBUG]Clear [finished]SyncGroup{id=80 name=Transition-OPEN} on ActivityRecord{215961397 u0 com.mediatek.engineermode/.EngineerMode t50}
04-12 20:37:06.525068  1730  1899 D WindowManager: [SG_DEBUG]Clear [finished]SyncGroup{id=80 name=Transition-OPEN} on ActivityRecord{183083308 u0 com.sh.smart.caller/com.android.dialer.main.impl.MainActivity t48}
04-12 20:37:06.525080  1730  1899 D WindowManager: [SG_DEBUG]Clear [finished]SyncGroup{id=80 name=Transition-OPEN} on Task{ac2a9b1 #50 type=standard A=10154:com.mediatek.engineermode nonResizable}
04-12 20:37:06.525144  1730  1899 D WindowManager: System monitor commitFinishDrawingLocked activity = ActivityRecord{215961397 u0 com.mediatek.engineermode/.EngineerMode t50} canShowWindows = true type = 3
04-12 20:37:06.525164  1730  1899 D WindowManager: System monitor performShowLocked: mDrawState = HAS_DRAWN in Window{83403d2 u0 Splash Screen com.mediatek.engineermode}
04-12 20:37:06.525260  1730  1899 I WindowManager: real show surface Splash Screen com.mediatek.engineermode sc: Surface(name=Splash Screen com.mediatek.engineermode)/@0xe3b8cd0 win : Window{83403d2 u0 Splash Screen com.mediatek.engineermode}
04-12 20:37:06.525383  1730  1899 I Transition: ignoreThunderbackTransition back= false change= false
04-12 20:37:06.525973  1730  4068 W UriGrantsManagerService: For security reasons, the system cannot issue a Uri permission grant to content://com.transsion.tranradionet.TranTelephonyProvider/commoninfo [user 0]; use startActivityAsCaller() instead
04-12 20:37:06.526082  1730  1899 D TranCustomizedTransitionAnimController: updateFlagsFromDynamicIslandToWindow pkgName:com.mediatek.engineermode mStartFromDynamicIsland:false mDynamicIslandPkgName:com.google.android.gms
04-12 20:37:06.526135  1730  1899 I TransitionHelper: updateFlagsFromDynamicIslandToWindow pkgName = com.mediatek.engineermode flagsArr[0] = 0
04-12 20:37:06.526302  1730  1899 D TranCustomizedTransitionAnimController: updateFlagsFromDynamicIslandToWindow pkgName:com.sh.smart.caller mStartFromDynamicIsland:false mDynamicIslandPkgName:com.google.android.gms
04-12 20:37:06.526322  1730  1899 I TransitionHelper: updateFlagsFromDynamicIslandToWindow pkgName = com.sh.smart.caller flagsArr[0] = 0
04-12 20:37:06.526383  1730  1899 D os.activityembedding: onCalculateTransitionInfo topOpening=null,bottomClosing=null
04-12 20:37:06.526703  1730  1899 D Transition: Calling onTransitionReady mToken = Token{9a5c2da TransitionRecord{e241670 id=80 type=OPEN flags=0x0 c=[
04-12 20:37:06.526703  1730  1899 D Transition:    ChangeInfo{d610582 container=Task{5e5a418 #48 type=standard A=10139:android.task.contacts nonResizable minWidth=810 minHeight=1200} flags=0x10}
04-12 20:37:06.526703  1730  1899 D Transition:    ChangeInfo{ed3dde9 container=DefaultTaskDisplayArea@137067527 flags=0x0}
04-12 20:37:06.526703  1730  1899 D Transition:    ChangeInfo{908aa6e container=Task{ac2a9b1 #50 type=standard A=10154:com.mediatek.engineermode nonResizable} flags=0x10}
04-12 20:37:06.526703  1730  1899 D Transition:    ChangeInfo{6892493 container=ActivityRecord{183083308 u0 com.sh.smart.caller/com.android.dialer.main.impl.MainActivity t48} flags=0x0}
04-12 20:37:06.526703  1730  1899 D Transition:    ChangeInfo{bb2450f container=Display{#0 state=ON size=1208x2644 ROTATION_0} flags=0x0}
04-12 20:37:06.526703  1730  1899 D Transition:    ChangeInfo{48c299c container=ActivityRecord{215961397 u0 com.mediatek.engineermode/.EngineerMode t50} flags=0x0}
04-12 20:37:06.526703  1730  1899 D Transition: ]
04-12 20:37:06.526703  1730  1899 D Transition: }} info = {id=80 t=OPEN f=0x0 trk=0 r=[0@Point(0, 0)] c=[{WCT{RemoteToken{bca2a17 Task{ac2a9b1 #50 type=standard A=10154:com.mediatek.engineermode nonResizable}}} m=OPEN f=NONE leash=Surface(name=Task=50)/@0x14a5fc sb=Rect(0, 0 - 1208, 2644) eb=Rect(0, 0 - 1208, 2644) mSimplifyStartAbsBounds=Rect(0, 0 - 0, 0) epz=Point(1208, 2644) d=0 taskParent=-1},{WCT{RemoteToken{af2d456 Task{5e5a418 #48 type=standard A=10139:android.task.contacts nonResizable minWidth=810 minHeight=1200}}} m=TO_BACK f=NONE leash=Surface(name=Task=48)/@0xe65258c sb=Rect(0, 0 - 1208, 2644) eb=Rect(0, 0 - 1208, 2644) mSimplifyStartAbsBounds=Rect(0, 0 - 0, 0) epz=Point(1208, 2644) d=0 taskParent=-1}]} transaction = android.view.SurfaceControl$Transaction@b8e930b
04-12 20:37:06.526747  1730  1899 D MagellanHandle: updateRefreshRateForSceneVsyncs what = 21
04-12 20:37:06.527908  2727  9966 V WindowManagerShell: onTransitionReady(transaction=7430293428157)
04-12 20:37:06.528088  2727  2903 V WindowManagerShell: onTransitionReady (#80) android.os.BinderProxy@3e6cf45: {id=80 t=OPEN f=0x0 trk=0 r=[0@Point(0, 0)] c=[
04-12 20:37:06.528088  2727  2903 V WindowManagerShell:         {m=OPEN f=NONE leash=Surface(name=Task=50)/@0x24184e4 sb=Rect(0, 0 - 1208, 2644) eb=Rect(0, 0 - 1208, 2644) mSimplifyStartAbsBounds=Rect(0, 0 - 0, 0) epz=Point(1208, 2644) d=0 taskParent=-1},
04-12 20:37:06.528088  2727  2903 V WindowManagerShell:         {m=TO_BACK f=NONE leash=Surface(name=Task=48)/@0x8bb3d4d sb=Rect(0, 0 - 1208, 2644) eb=Rect(0, 0 - 1208, 2644) mSimplifyStartAbsBounds=Rect(0, 0 - 0, 0) epz=Point(1208, 2644) d=0 taskParent=-1}
04-12 20:37:06.528088  2727  2903 V WindowManagerShell:     ]}
04-12 20:37:06.528489  2727  2903 D RecentsTransitionHandler_interrupt: isOpenOrCloseMode: falseisInterruptedTask: false isSplitMode: false isTranssionLauncher: false
04-12 20:37:06.528507  2727  2903 D RecentsTransitionHandler_interrupt: isIconLaunchRemoteTransitionInterrupted isopenorclose: false   mHasPlayingTransitions: false mFinishHasPlayingTransitions: false
04-12 20:37:06.528513  2727  2903 D RecentsTransitionHandler_interrupt: processReadyQueue mIfTransitionReUseLeash: false  mLeashReUsePendingFinishT: null
04-12 20:37:06.528520  2727  2903 D RecentsTransitionHandler_interrupt: isOpenOrCloseMode: falseisInterruptedTask: false isSplitMode: false isTranssionLauncher: false
04-12 20:37:06.528524  2727  2903 D RecentsTransitionHandler_interrupt: isIconLaunchRemoteTransitionInterrupted isopenorclose: false   mHasPlayingTransitions: false mFinishHasPlayingTransitions: false
04-12 20:37:06.528551  2727  2903 V WindowManagerShell: Playing animation for (#80) android.os.BinderProxy@3e6cf45@0
04-12 20:37:06.528566  2727  2903 D RecentsTransitionHandler_interrupt: isOpenOrCloseMode: falseisInterruptedTask: false isSplitMode: false isTranssionLauncher: false
04-12 20:37:06.528571  2727  2903 D RecentsTransitionHandler_interrupt: isIconLaunchRemoteTransitionInterrupted isopenorclose: false   mHasPlayingTransitions: false mFinishHasPlayingTransitions: false
04-12 20:37:06.528660  2727  2903 V ShellRecents: RecentsTransitionHandler.startAnimation: no controller found
04-12 20:37:06.528732  2727  2903 V WindowManagerShell: Transition doesn't have explicit remote, search filters for match for {id=80 t=OPEN f=0x0 trk=0 r=[0@Point(0, 0)] c=[{m=OPEN f=NONE leash=Surface(name=Task=50)/@0x24184e4 sb=Rect(0, 0 - 1208, 2644) eb=Rect(0, 0 - 1208, 2644) mSimplifyStartAbsBounds=Rect(0, 0 - 0, 0) epz=Point(1208, 2644) d=0 taskParent=-1},{m=TO_BACK f=NONE leash=Surface(name=Task=48)/@0x8bb3d4d sb=Rect(0, 0 - 1208, 2644) eb=Rect(0, 0 - 1208, 2644) mSimplifyStartAbsBounds=Rect(0, 0 - 0, 0) epz=Point(1208, 2644) d=0 taskParent=-1}]}
04-12 20:37:06.528784  2727  2903 V WindowManagerShell:  Checking filter Pair{{types=[] flags=0x0] notFlags=0x100 checks=[{atype=home independent=true modes=[OPEN,TO_FRONT] flags=NONE mustBeTask=false order=TOP topActivity=ComponentInfo{com.transsion.launcher3/com.android.launcher3.uioverrides.QuickstepLauncher} launchCookie=null windowingMode=undefined},{atype=standard independent=true modes=[CLOSE,TO_BACK] flags=NONE mustBeTask=false order=ANY topActivity=null launchCookie=null windowingMode=undefined}]} RemoteTransition { remoteTransition = android.window.IRemoteTransition$Stub$Proxy@db8e2cc, appThread = android.app.IApplicationThread$Stub$Proxy@29ae915, debugName = QuickstepLaunchHome }}
04-12 20:37:06.528806  2727  2903 V WindowManagerShell:  Delegate animation for (#80) to null
04-12 20:37:06.528831  2727  2903 V WindowManagerShell: start default transition animation, info = {id=80 t=OPEN f=0x0 trk=0 r=[0@Point(0, 0)] c=[{m=OPEN f=NONE leash=Surface(name=Task=50)/@0x24184e4 sb=Rect(0, 0 - 1208, 2644) eb=Rect(0, 0 - 1208, 2644) mSimplifyStartAbsBounds=Rect(0, 0 - 0, 0) epz=Point(1208, 2644) d=0 taskParent=-1},{m=TO_BACK f=NONE leash=Surface(name=Task=48)/@0x8bb3d4d sb=Rect(0, 0 - 1208, 2644) eb=Rect(0, 0 - 1208, 2644) mSimplifyStartAbsBounds=Rect(0, 0 - 0, 0) epz=Point(1208, 2644) d=0 taskParent=-1}]}
04-12 20:37:06.529344  2727  2903 V WindowManagerShell: loadAnimation: anim=android.view.animation.AnimationSet@3040b50 animAttr=0x9 type=OPEN isEntrance=false
04-12 20:37:06.530764  1730  2884 D TranAppm/MTKSuitConfig: mMTKGameModeSupport: true
04-12 20:37:06.530832  1730  2884 D TranAppm/MTKModule: pkgName: com.sh.smart.caller,pid: 0
04-12 20:37:06.531736  1730  1899 D BLASTSyncEngine: [DH_DEBUG]remove timeout #80 callback=com.android.server.wm.BLASTSyncEngine$SyncGroup$$ExternalSyntheticLambda2@aa3753b
04-12 20:37:06.532231 14717 14717 D ResumeActivityItem: ResumeActivityItem execute r = ActivityRecord{1a008cb token=android.os.BinderProxy@14910af {com.mediatek.engineermode/com.mediatek.engineermode.EngineerMode}}
04-12 20:37:06.532237  1730  4344 I WindowManager: getUltraSmallAppMode, pkgName = com.android.systemui
04-12 20:37:06.532604  1730  1879 V WindowManager: Sent Transition (#80) createdAt=04-12 20:37:06.483 via request=TransitionRequestInfo { type = OPEN, triggerTask = TaskInfo{userId=0 taskId=50 effectiveUid=10154 displayId=0 isRunning=true baseIntent=Intent { flg=0x10000000 cmp=com.mediatek.engineermode/.EngineerMode } baseActivity=ComponentInfo{com.mediatek.engineermode/com.mediatek.engineermode.EngineerMode} topActivity=ComponentInfo{com.mediatek.engineermode/com.mediatek.engineermode.EngineerMode} origActivity=null realActivity=ComponentInfo{com.mediatek.engineermode/com.mediatek.engineermode.EngineerMode} numActivities=1 lastActiveTime=256340312 supportsMultiWindow=false resizeMode=0 isResizeable=false minWidth=-1 minHeight=-1 defaultMinSize=110 token=WCT{RemoteToken{bca2a17 Task{ac2a9b1 #50 type=standard A=10154:com.mediatek.engineermode nonResizable}}} topActivityType=1 pictureInPictureParams=PictureInPictureParams( aspectRatio=null expandedAspectRatio=null sourceRectHint=null hasSetActions=false hasSetCloseAction=false isAutoPipEnabled=false isSeamlessResizeEnabled=false title=null subtitle=null isLaunchIntoPip=false) shouldDockBigOverlays=false launchIntoPipHostTaskId=-1 lastParentTaskIdBeforePip=-1 displayCutoutSafeInsets=Rect(0, 123 - 0, 0) topActivityInfo=ActivityInfo{2b11e04 com.mediatek.engineermode.EngineerMode} launchCookies=[] positionInParent=Point(0, 0) parentTaskId=-1 isFocused=false isVisible=false isVisibleRequested=false isTopActivityNoDisplay=false isSleeping=false locusId=null displayAreaFeatureId=1 isTopActivityTransparent=false isActivityStackTransparent=false lastNonFullscreenBounds=Rect(309, 755 - 899, 1963) capturedLink=null capturedLinkTimestamp=0 requestedVisibleTypes=-9 topActivityRequestOpenInBrowserEducationTimestamp=0 appCompatTaskInfo=AppCompatTaskInfo { topActivityInSizeCompat=false eligibleForLetterboxEducation= false isLetterboxEducationEnabled= false isLetterboxDoubleTapEnabled= false eligibleForUserAspectRatioButton= false topActivityBoundsLetterboxed= false isFromLetterboxDoubleTap= false topActivityLetterboxVerticalPosition= -1 topActivityLetterboxHorizontalPosition= -1 topActivityLetterboxWidth=-1 topActivityLetterboxHeight=-1 topActivityAppBounds=Rect(0, 0 - 1208, 2644) isUserFullscreenOverrideEnabled=false isSystemFullscreenOverrideEnabled=false hasMinAspectRatioOverride=false topActivityLetterboxBounds=null cameraCompatTaskInfo=CameraCompatTaskInfo { freeformCameraCompatMode=inactive}} topActivityMainWindowFrame=null}, pipChange = null, remoteTransition = null, displayChange = null, flags = 0, debugId = 80 }
04-12 20:37:06.532633  1730  1879 V WindowManager:     startWCT=WindowContainerTransaction { changes= {} hops= [] errorCallbackToken=null taskFragmentOrganizer=null mInterrupt=false customAnimFlag=0 }
04-12 20:37:06.532677  1730  1879 V WindowManager:     info={id=80 t=OPEN f=0x0 trk=0 r=[0@Point(0, 0)] c=[
04-12 20:37:06.532677  1730  1879 V WindowManager:         {WCT{RemoteToken{bca2a17 Task{ac2a9b1 #50 type=standard A=10154:com.mediatek.engineermode nonResizable}}} m=OPEN f=NONE leash=Surface(name=Task=50)/@0x14a5fc sb=Rect(0, 0 - 1208, 2644) eb=Rect(0, 0 - 1208, 2644) mSimplifyStartAbsBounds=Rect(0, 0 - 0, 0) epz=Point(1208, 2644) d=0 taskParent=-1},
04-12 20:37:06.532677  1730  1879 V WindowManager:         {WCT{RemoteToken{af2d456 Task{5e5a418 #48 type=standard A=10139:android.task.contacts nonResizable minWidth=810 minHeight=1200}}} m=TO_BACK f=NONE leash=Surface(name=Task=48)/@0xe65258c sb=Rect(0, 0 - 1208, 2644) eb=Rect(0, 0 - 1208, 2644) mSimplifyStartAbsBounds=Rect(0, 0 - 0, 0) epz=Point(1208, 2644) d=0 taskParent=-1}
04-12 20:37:06.532677  1730  1879 V WindowManager:     ]}
04-12 20:37:06.533430  2727  2903 V WindowManagerShell: loadAnimation: anim=android.view.animation.AnimationSet@f268c7c animAttr=0x8 type=OPEN isEntrance=true
04-12 20:37:06.534437  2727  2903 I UASManager: startUASBoost tid =2908 type=ux_exact_wmshell.anim
04-12 20:37:06.534575  2727  2903 V WindowManagerShell:  animated by com.android.wm.shell.transition.DefaultTransitionHandler@64025cd
04-12 20:37:06.535007 14717 14717 D ViewRootImpl: setView appearance:0 com.mediatek.engineermode/com.mediatek.engineermode.EngineerMode
04-12 20:37:06.535462  1730  2958 W UriGrantsManagerService: For security reasons, the system cannot issue a Uri permission grant to content://com.transsion.tranradionet.TranTelephonyProvider/commoninfo [user 0]; use startActivityAsCaller() instead
04-12 20:37:06.537367  1730  2958 I thermalLightController: Fg: com.mediatek.engineermode
04-12 20:37:06.537404  1730  4068 W UriGrantsManagerService: For security reasons, the system cannot issue a Uri permission grant to content://com.transsion.tranradionet.TranTelephonyProvider/commoninfo [user 0]; use startActivityAsCaller() instead
04-12 20:37:06.537994  1730  4344 I BLASTSyncEngine: mSyncId = 80 start T apply
04-12 20:37:06.543284  1730  2958 D CoreBackPreview: Window{ae9b894 u0 com.mediatek.engineermode/com.mediatek.engineermode.EngineerMode}: Setting back callback OnBackInvokedCallbackInfo{mCallback=android.window.IOnBackInvokedCallback$Stub$Proxy@df3ca00, mPriority=-1, mIsAnimationCallback=false, mOverrideBehavior=0}
04-12 20:37:06.562316  1730  4344 I WindowManager: updateSystemBarAttributes appearance:24, win appearance:24, opaqueAppearance:0, win:Window{83403d2 u0 Splash Screen com.mediatek.engineermode}, appearanceRegions=[AppearanceRegion{LIGHT_STATUS_BARS bounds=[0,0][1208,2644]}]
04-12 20:37:06.562661  1730  4344 D WindowManager: currentFocusId -1 newFocusId: 0 currentFocusIsMultiWindow: false newFocusIsMultiWindow: false
04-12 20:37:06.562859  1730  4344 W WindowManager: Changing focus from null to Window{ae9b894 u0 com.mediatek.engineermode/com.mediatek.engineermode.EngineerMode} displayId=0 Callers=com.android.server.wm.RootWindowContainer.updateFocusedWindowLocked:532 com.android.server.wm.WindowManagerService.updateFocusedWindowLocked:7088 com.android.server.wm.WindowManagerService.relayoutWindow:3044 com.android.server.wm.Session.relayout:292 
04-12 20:37:06.562889  1730  4344 D WindowManager: notifyAppOnFocusChange focusedWindow =com.mediatek.engineermode/com.mediatek.engineermode.EngineerMode;14717;10154 registeredPid=4161 callback=android.window.IFocusChangeCallback$Stub$Proxy@21576a4
04-12 20:37:06.563976  1730  4344 I WindowManager: updateSystemBarAttributes appearance:16, win appearance:0, opaqueAppearance:0, win:Window{ae9b894 u0 com.mediatek.engineermode/com.mediatek.engineermode.EngineerMode}, appearanceRegions=[AppearanceRegion{LIGHT_STATUS_BARS bounds=[0,0][1208,2644]}]
04-12 20:37:06.564223  1730  4344 I WindowManager: Relayout Window{ae9b894 u0 com.mediatek.engineermode/com.mediatek.engineermode.EngineerMode}: oldVis=4 newVis=0 focusMayChange = true requestedWidth = 1208 requestedHeight = 2644 outFrames = ClientWindowFrames{frame=[0,0][1208,2644] display=[0,0][1208,2644] parentFrame=[0,0][0,0]} outSurfaceControl = Surface(name=com.mediatek.engineermode/com.mediatek.engineermode.EngineerMode)/@0xf7a72eb
04-12 20:37:06.569889  1730  4344 I WindowManager: System monitor finishDrawingWindow w: Window{ae9b894 u0 com.mediatek.engineermode/com.mediatek.engineermode.EngineerMode}; mDrawState = DRAW_PENDING
04-12 20:37:06.571604  1730  1899 D WindowManager: System monitor commitFinishDrawingLocked activity = ActivityRecord{215961397 u0 com.mediatek.engineermode/.EngineerMode t50} canShowWindows = true type = 1
04-12 20:37:06.571683  1730  1899 D TranStartingSurfaceController: hookOnFirstWindowDrawn activityRecord=ActivityRecord{215961397 u0 com.mediatek.engineermode/.EngineerMode t50}
04-12 20:37:06.571898  1730  1899 I ActivityTaskManager: Schedule remove starting ActivityRecord{215961397 u0 com.mediatek.engineermode/.EngineerMode t50} startingWindow=Window{83403d2 u0 Splash Screen com.mediatek.engineermode} animate=true Callers=com.android.server.wm.ActivityRecord.removeStartingWindow:3326 com.android.server.wm.ActivityRecord.onFirstWindowDrawn:7382 com.android.server.wm.WindowState.performShowLocked:4742 com.android.server.wm.WindowStateAnimator.commitFinishDrawingLocked:349 com.android.server.wm.DisplayContent.lambda$new$9:1231 
04-12 20:37:06.572833  1730  1899 D TranBrightnessController: setNotUpdateBrightnessState: pauseUpdate = false , pauseReason = app_stop_launch
04-12 20:37:06.573530  1730  1899 D WindowManager: System monitor performShowLocked: mDrawState = HAS_DRAWN in Window{ae9b894 u0 com.mediatek.engineermode/com.mediatek.engineermode.EngineerMode}
04-12 20:37:06.574697  1730  2396 D aegean_MemoryFusionFileUtils: proc/memfusion/am_app_launch :0
04-12 20:37:06.575164  1730  1899 I WindowManager: real show surface com.mediatek.engineermode/com.mediatek.engineermode.EngineerMode sc: Surface(name=com.mediatek.engineermode/com.mediatek.engineermode.EngineerMode)/@0xcf510f4 win : Window{ae9b894 u0 com.mediatek.engineermode/com.mediatek.engineermode.EngineerMode}
04-12 20:37:06.577877  1730  4344 I WindowManager:   isAnimating=false  okToAnimate=true  win=Window{83403d2 u0 Splash Screen com.mediatek.engineermode}
04-12 20:37:06.578577  1730  2474 I _T_AppBehavior: APP_START_OCCURRED (pid:14717, packageName:com.mediatek.engineermode, transitionType:8, launchedActivityName:com.mediatek.engineermode.EngineerMode, callerPackage:com.mediatek.engineermode, currentTransitionDelayMs:47, startingWindowDelayMs:43, bindApplicationDelayMs:-1, windowsDrawnDelayMs:92,compilationReason:23, compilationFilter:4, sourceType:0, sourceEventDelayMs:-1)
04-12 20:37:06.580558  1730  4344 I WindowManager: updateSystemBarAttributes appearance:0, win appearance:0, opaqueAppearance:0, win:Window{ae9b894 u0 com.mediatek.engineermode/com.mediatek.engineermode.EngineerMode}, appearanceRegions=[AppearanceRegion{LIGHT_STATUS_BARS bounds=[0,0][1208,2644]}]
04-12 20:37:06.582325  1730  1730 D MBrainLocalService: notifyAppLifeCycle failed
04-12 20:37:06.591981  1730  1898 D TranAppm/MTKSuitConfig: mMTKGameModeSupport: true
04-12 20:37:06.592061  1730  1898 D TranAppm/MTKModule: pkgName: com.sh.smart.caller,pid: 0
04-12 20:37:06.592442  1730  2166 V InputMethodManagerService: startInputOrWindowGainedFocusInternalLocked: reason=WINDOW_FOCUS_GAIN client=android.os.BinderProxy@f095435 inputContext=null editorInfo=android.view.inputmethod.EditorInfo@85ec378 startInputFlags=VIEW_HAS_FOCUS|INITIAL_CONNECTION softInputMode=STATE_UNSPECIFIED|ADJUST_RESIZE|IS_FORWARD_NAVIGATION windowFlags=#1810100 unverifiedTargetSdkVersion=36 bindingController=com.android.server.inputmethod.InputMethodBindingController@7d20084 imeDispatcher=android.window.ImeOnBackInvokedDispatcher@6b7fa51 cs=ClientState{64072b6 mUid=10154 mPid=14717 mSelfReportedDisplayId=0} imeRequestedVisible=false
04-12 20:37:06.592520  1730  2166 V ImeVisibilityStateComputer: setWindowStateInner, windowToken=android.os.BinderProxy@21154e7, state=ImeTargetWindowState{ imeToken null imeFocusChanged true hasEditorFocused false requestedImeVisible false imeDisplayId 0 softInputModeState STATE_UNSPECIFIED|ADJUST_RESIZE|IS_FORWARD_NAVIGATION isStartInputByGainFocus true}
04-12 20:37:06.592541  1730  2166 V ImeVisibilityStateComputer: Unspecified window will hide input
04-12 20:37:06.592980  1730  2166 I input_debug: package: com.mediatek.engineermode mNeedShowSafeInput: false inputType: 0 methodMap: true isKeyguardShowing: false enable: 0 isSplitScreen: false
04-12 20:37:06.593053  1730  2166 V InputMethodManagerService: unbindCurrentInputLocked: client=android.os.BinderProxy@5db9b8e
04-12 20:37:06.593400  1730  2166 V InputMethodMenuController: Hide switching menu
04-12 20:37:06.593432 20467 20848 I Usf_Hiber/fastState: hookActivityIdleInternal launchedFromUid=10154, launchedFromPackage=com.mediatek.engineermode, uid=10154, pkgName=com.mediatek.engineermode, fromTimeout=false mAppStarting=true
04-12 20:37:06.593461 20467 20848 I Usf_Hiber/fastState: hookActivityIdleInternal uid=10154, pkgName=com.mediatek.engineermode leftTime=1387
04-12 20:37:06.593471 20467 20848 I Usf_Hiber/fastState: try fastUnfreeze reason=delay from activityIdle
04-12 20:37:06.593529  1730  2166 V InputMethodManagerService: Creating new session for client ClientState{64072b6 mUid=10154 mPid=14717 mSelfReportedDisplayId=0}
04-12 20:37:06.593639  1730  2884 D MagellanHandle: updateRefreshRateForSceneVsyncs what = 27
04-12 20:37:06.593660 20467 20848 I Usf_Hiber/fastState: do fastUnfreeze reason=delay from activityIdle delay=1387
04-12 20:37:06.594103  1730  4068 D MagellanHandle: updateRefreshRateForSceneVsyncs what = 27
04-12 20:37:06.594366  1730  2166 V InputMethodManagerService: Creating new accessibility sessions for client ClientState{64072b6 mUid=10154 mPid=14717 mSelfReportedDisplayId=0}
04-12 20:37:06.595416  1730  4068 V InputMethodManagerService: Disabling: SessionState{uid=10139 pid=13767 method=4b38d43 session=5a1c80a channel=ClientState{2d2bb7c mUid=10139 mPid=13767 mSelfReportedDisplayId=0} userId=0}
04-12 20:37:06.595547  1730  4068 V InputMethodManagerService: Enabling: SessionState{uid=10154 pid=14717 method=4b38d43 session=dd90442 channel=ClientState{64072b6 mUid=10154 mPid=14717 mSelfReportedDisplayId=0} userId=0}
04-12 20:37:06.597120  1730  2884 I WindowManager: from lastthunderback to other, hide inset, so reset insettarget ime state lastInThunderback: false currentInThunderback: false lastImeInputTarget: Window{44ae5a7 u0 com.sh.smart.caller/com.android.dialer.main.impl.MainActivity} mImeInputTarget: Window{ae9b894 u0 com.mediatek.engineermode/com.mediatek.engineermode.EngineerMode}
04-12 20:37:06.598178  1730  4344 W PackageConfigPersister: App-specific configuration not found for packageName: com.mediatek.engineermode and userId: 0
04-12 20:37:06.598848  1730  1898 V InputMethodManagerService: Client requesting input be hidden
04-12 20:37:06.598912  1730  1898 V ImeVisibilityStateComputer: setWindowStateInner, windowToken=android.os.BinderProxy@21154e7, state=ImeTargetWindowState{ imeToken android.os.Binder@77228e imeFocusChanged true hasEditorFocused false requestedImeVisible false imeDisplayId 0 softInputModeState STATE_UNSPECIFIED|ADJUST_RESIZE|IS_FORWARD_NAVIGATION isStartInputByGainFocus true}
04-12 20:37:06.598989  1730  1898 I TranMultiWindowManagerComponentImpl: hookInputMethodShown inputShown: false, connected:false, unbd:false
04-12 20:37:06.599005  1730  1898 I TranSCSourceConnectManagerImpl: hookInputMethodShown inputShown: false
04-12 20:37:06.599019  1730  1898 D TranSecureKeyboardManagerImpl: hookInputShowFromIMMS inputShow= false , mVisible = false , mNeedShow = false
04-12 20:37:06.599661  1730  1898 D TranWindowManagerServiceImpl: hookIMEVisibleChanged(), show:false
04-12 20:37:06.694463  1730  2884 V SettingsProvider: name : transsion_turbo_assistant appId : 1000
04-12 20:37:06.735902  1730  1730 D WindowManager: getTopPackages# topPackages = []
04-12 20:37:06.736020  1730  1730 D TranActivityLifecycleManager: [onForegroundAppchange] ForegroundPackage: com.mediatek.engineermode splitScreen: false multiWindow: false mIsPinned:false
04-12 20:37:06.738944  1730  1899 D WindowManager: setParent old=ActivityRecord{215961397 u0 com.mediatek.engineermode/.EngineerMode t50},new=null,this window=Window{83403d2 u0 Splash Screen com.mediatek.engineermode},callers=com.android.server.wm.WindowContainer.removeChild:905 com.android.server.wm.ActivityRecord.removeChild:5132 com.android.server.wm.ActivityRecord.removeChild:446 com.android.server.wm.WindowContainer.removeImmediately:958 com.android.server.wm.WindowState.removeImmediately:2419 com.android.server.wm.WindowState.destroySurface:3561 
04-12 20:37:06.739369  1730  1899 D WindowManager: removeImmediately mActivityRecord: ActivityRecord{215961397 u0 com.mediatek.engineermode/.EngineerMode t50} type: 3
04-12 20:37:06.739487  1730  1899 D ActivityTaskManager: hookRecordSnapshot start pkgName: com.mediatek.engineermode componentName: com.mediatek.engineermode/.EngineerMode mPkgName: null mRecordParams: null
04-12 20:37:06.740599  1730  1899 I WindowManager: updateSystemBarAttributes appearance:0, win appearance:0, opaqueAppearance:0, win:Window{ae9b894 u0 com.mediatek.engineermode/com.mediatek.engineermode.EngineerMode}, appearanceRegions=[AppearanceRegion{ bounds=[0,0][1208,2644]}]
04-12 20:37:06.851059  2727  2903 D RecentsTransitionHandler_interrupt: finish handler: com.android.wm.shell.transition.DefaultTransitionHandler@64025cd
04-12 20:37:06.851079  2727  2903 D RecentsTransitionHandler_interrupt: onFinish: isLauncherReUseLeash = false
04-12 20:37:06.851151  2727  2903 V WindowManagerShell: Transition animation finished (aborted=false), notifying core (#80) android.os.BinderProxy@3e6cf45@0
04-12 20:37:06.851165  2727  2903 D RecentsTransitionHandler_interrupt: checkOrUpdateTransitionState isLauncherReUseLeash: false
04-12 20:37:06.851458  2727  2903 D RecentsTransitionHandler_interrupt: onFinish finish apply
04-12 20:37:06.851823  1730  2884 D WindowOrganizerController: WCT isInterrupt: false
04-12 20:37:06.853504  1730  2884 D MagellanHandle: updateRefreshRateForSceneVsyncs what = 28
04-12 20:37:06.853795  1730  1879 V WindowManager: Finish Transition (#80): created at 04-12 20:37:06.483 collect-started=0.105ms request-sent=6.754ms started=9.311ms ready=17.866ms sent=42.781ms commit=11.395ms finished=368.218ms
04-12 20:37:06.853881  1730  2884 D MagellanHandle: updateRefreshRateForSceneVsyncs what = 21
04-12 20:37:06.853914  1730  2884 I TransitionController: record.getSyncId() = 80, mAtm.mRootWindowContainer.mRecentSyncId = -1, !inTransition() = true
04-12 20:37:06.854150  2727  2903 I UASManager: stopWmShellMainUASBoost flag:1, mMainBoostFlags:0
04-12 20:37:06.854836  1730  4068 I Transition: syncId = 80 finish T apply
04-12 20:37:06.855023  2727  2903 I UASManager: stopUASBoost tid =2903 type=ux_exact_wmshell.main
04-12 20:37:06.855888  2727  2903 V WindowManagerShell: Track 0 became idle
04-12 20:37:06.855913  2727  2903 V WindowManagerShell: All active transition animations finished
04-12 20:37:06.855933  1730  1898 D setGameMode: enter setGameModeEnabled
04-12 20:37:06.855938  1730  1898 D setGameMode: packageName: com.sh.smart.caller processName: com.sh.smart.caller
04-12 20:37:06.855963  1730  1898 D TranAppm/MTKSuitConfig: mMTKGameModeSupport: true
04-12 20:37:06.855999  1730  1898 D TranAppm/MTKModule: pkgName: com.sh.smart.caller,pid: 13767
04-12 20:37:06.856005  1730  1898 D setGameMode: Package not in game scene list: com.sh.smart.caller
04-12 20:37:06.856096  1730  1898 D MagellanHandle: updateRefreshRateForSceneVsyncs what = 23
04-12 20:37:06.856319  2727  2903 I UASManager: stopUASBoost tid =2908 type=ux_exact_wmshell.anim
04-12 20:37:06.856593  1730  1898 D TranAppm/MTKSuitConfig: mMTKGameModeSupport: true
04-12 20:37:06.856643  1730  1898 D TranAppm/MTKModule: pkgName: com.sh.smart.caller,pid: 0
04-12 20:37:06.868137  1730  4068 D CoreBackPreview: Window{44ae5a7 u0 com.sh.smart.caller/com.android.dialer.main.impl.MainActivity}: Setting back callback OnBackInvokedCallbackInfo{mCallback=android.window.IOnBackInvokedCallback$Stub$Proxy@29b19c1, mPriority=-1, mIsAnimationCallback=false, mOverrideBehavior=0}
04-12 20:37:06.892384  1730  1898 I DisplayDeviceRepository: Display device changed render timings: "内置屏幕", renderFrameRate=60.0, presentationDeadlineNanos=16600000, appVsyncOffsetNanos=1133334, frameRateOverrides=[]
04-12 20:37:06.892500  1730  1898 I Griffin/DeviceState: virtualDisplayPackageName :{}
04-12 20:37:06.893747  1730  1880 D WindowManager: DeferredDisplayUpdater: partially applying DisplayInfo(1208 x 2644) immediately
04-12 20:37:06.934438  1730  4327 D MagellanHandle: updateRefreshRateForSceneVsyncs what = 23
04-12 20:37:06.935830  1730  4327 D TranAppm/MTKSuitConfig: mMTKGameModeSupport: true
04-12 20:37:06.936035  1730  4327 D TranAppm/MTKModule: pkgName: com.sh.smart.caller,pid: 0
04-12 20:37:06.937119  1730  4327 I ActivityManager: Killing 9506:com.android.vending:quick_launch/u0a231 (adj 985): empty #65
04-12 20:37:06.937361  1730  1922 D ActivityTaskManager_Recents: Skipping, user setup not complete: Task{9e468d1 #6 type=undefined A=10188:com.transsion.magazineservice.xos nonResizable}
04-12 20:37:06.938431  1730  1730 D MBrainLocalService: notifyAppLifeCycle failed
04-12 20:37:06.938504  1730  4327 I ActivityManager: Killing 6862:com.google.android.configupdater/u0a213 (adj 985): empty #66
