04-12 20:39:49.760000  5140  5140 I auditd  : type=1400 audit(0.0:678): avc:  denied  { read } for  comm=".android.gms.ui" name="u:object_r:system_trancare_prop:s0" dev="tmpfs" ino=554 scontext=u:r:gmscore_app:s0:c512,c768 tcontext=u:object_r:system_trancare_prop:s0 tclass=file permissive=0 app=com.google.android.gms
04-12 20:39:49.760000  5140  5140 I auditd  : type=1400 audit(0.0:679): avc:  denied  { read } for  comm=".android.gms.ui" name="u:object_r:transsion_vendor_prop:s0" dev="tmpfs" ino=588 scontext=u:r:gmscore_app:s0:c512,c768 tcontext=u:object_r:transsion_vendor_prop:s0 tclass=file permissive=0 app=com.google.android.gms
04-12 20:39:49.795148  5140  5140 I wm_on_top_resumed_gained_called: [175079945,com.google.android.gms.nearby.sharing.main.MainActivity,topStateChangedWhenResumed]
04-12 20:39:49.803718  1706  2453 I dvm_lock_sample: [system_server,1,binder:1706_8,93,ActivityManagerService.java,7456,void com.android.server.am.ActivityManagerService.grantUriPermission(android.app.IApplicationThread, java.lang.String, android.net.Uri, int, int),,0,null,18]
04-12 20:39:49.805503  1706  2855 I dvm_lock_sample: [system_server,1,binder:1706_E,81,ActivityManagerService.java,15048,android.content.ComponentName com.android.server.am.ActivityManagerService.startService(android.app.IApplicationThread, android.content.Intent, java.lang.String, boolean, java.lang.String, java.lang.String, int, boolean, int, java.lang.String, java.lang.String),,0,null,16]
04-12 20:39:49.816536  1706  1942 I dvm_lock_sample: [system_server,1,binder:1706_5,116,JobSchedulerService.java,1831,int com.android.server.job.JobSchedulerService.scheduleAsPackage(android.app.job.JobInfo, android.app.job.JobWorkItem, int, java.lang.String, int, java.lang.String, java.lang.String),JobServiceContext.java,509,boolean com.android.server.job.JobServiceContext.executeRunnableJob(com.android.server.job.controllers.JobStatus, int),23]
04-12 20:39:49.818941  6068  6068 I dvm_lock_sample: [com.google.android.googlequickse,1,main,206,PG,5,void ciir.onServiceConnected(android.content.ComponentName, android.os.IBinder),-,74,com.google.android.gms.common.ConnectionResult ciiq.b(ciip, android.content.ServiceConnection, java.lang.String, java.util.concurrent.Executor),41]
04-12 20:39:49.840388  1706  1840 I input_focus: [Focus request abc43d2 com.google.android.gms/com.google.android.gms.nearby.sharing.main.MainActivity,reason=UpdateInputWindows]
04-12 20:39:49.842743  1706  4244 I am_uid_running: 10255
04-12 20:39:49.847154  1706  2568 I dvm_lock_sample: [system_server,1,binder:1706_9,47,JobSchedulerService.java,1831,int com.android.server.job.JobSchedulerService.scheduleAsPackage(android.app.job.JobInfo, android.app.job.JobWorkItem, int, java.lang.String, int, java.lang.String, java.lang.String),,0,null,9]
04-12 20:39:49.849340  1706  1840 I snet_event_log: updateFrameRateVote [pkg = com.google.android.gms title = com.google.android.gms/com.google.android.gms.nearby.sharing.main.MainActivity refreshRate = 120.00001 modeId = 2 setting =10000 peak = 120.0 mTopApp = com.google.android.gms]
04-12 20:39:49.858006  5140  5140 I viewroot_draw_event: [VRI[MainActivity],reportDrawFinished seqId=0]
04-12 20:39:49.882364  1706  2086 I input_focus: [Focus entering abc43d2 com.google.android.gms/com.google.android.gms.nearby.sharing.main.MainActivity,reason=Window became focusable. Previous reason: NOT_VISIBLE]
04-12 20:39:49.902911  1706  1836 I sysui_multi_action: [319,144,321,137,322,403,325,32,757,761,758,7,759,1,806,com.google.android.gms,871,com.google.android.gms.nearby.sharing.main.MainActivity,904,com.gallery20,905,0,945,122,1320,8,1321,9]
04-12 20:39:49.916479  1706  1836 I wm_activity_launch_time: [0,175079945,com.google.android.gms/.nearby.sharing.main.MainActivity,403]
04-12 20:39:49.932468  1706  1838 I commit_sys_config_file: [notification-policy,4]
04-12 20:39:49.935468  2707  2922 I jank_cuj_events_end_request: [128,1775997589934718000,32708670232,32708670463]
04-12 20:39:49.935484  2707  2922 I jank_cuj_events_end_request: [20100,1775997589934749000,32708700694,32708700694]
04-12 20:39:49.949265  1706  1859 I am_uid_active: 10139
04-12 20:39:49.967094  1706  2266 I dvm_lock_sample: [system_server,1,binder:1706_7,69,BroadcastController.java,532,android.content.Intent com.android.server.am.BroadcastController.registerReceiverWithFeatureTraced(android.app.IApplicationThread, java.lang.String, java.lang.String, java.lang.String, android.content.IIntentReceiver, android.content.IntentFilter, java.lang.String, int, int),,0,null,13]
04-12 20:39:49.978941  2707  2954 I viewroot_draw_event: [VRI[gms],Not drawing due to not visible. Reason=View.GONE]
04-12 20:39:50.001933  1706  2262 I dvm_lock_sample: [system_server,0,MagellanHandle,26,WindowManagerService.java,9422,void com.android.server.wm.WindowManagerService$LocalService.updateRefreshRateForScene(android.os.Bundle),-,3156,int com.android.server.wm.WindowManagerService.relayoutWindow(com.android.server.wm.Session, android.view.IWindow, android.view.WindowManager$LayoutParams, int, int, int, int, int, int, android.view.WindowRelayoutResult),5]
04-12 20:39:50.004316  5125  5125 I viewroot_draw_event: [VRI[ChooserActivityLauncher],Not drawing due to not visible. Reason=!mAppVisible && !mForceDecorViewVisibility]
04-12 20:39:50.010503  1706  1840 I snet_event_log: updateFrameRateVote [pkg = com.android.systemui title = com.android.systemui.wallpapers.ImageWallpaper refreshRate = 90.0 modeId = 3 setting =10000 peak = 120.0 mTopApp = com.google.android.gms]
04-12 20:39:50.010610  1706  1840 I snet_event_log: updateFrameRateVote [pkg = com.gallery20 title = com.gallery20/com.gallery20.HomeActivity refreshRate = 90.0 modeId = 3 setting =10000 peak = 120.0 mTopApp = com.google.android.gms]
04-12 20:39:50.010841  1706  1840 I snet_event_log: updateFrameRateVote [pkg = com.android.systemui title = DynamicBar refreshRate = 90.0 modeId = 3 setting =10000 peak = 120.0 mTopApp = com.google.android.gms]
04-12 20:39:50.016491  1706  1838 I commit_sys_config_file: [jobs,4]
04-12 20:39:50.032808  1706  4244 I am_uid_running: 99000
04-12 20:39:50.034776  3846  3846 I viewroot_draw_event: [VRI[HomeActivity],Not drawing due to not visible. Reason=!mAppVisible && !mForceDecorViewVisibility]
04-12 20:39:50.042311  1706  4199 I am_proc_start: [0,7256,10255,com.google.android.webview:webview_service,service,{com.google.android.webview/org.chromium.android_webview.services.VariationsSeedServer},caller=com.google.android.googlequicksearchbox:googleapp/10233]
04-12 20:39:50.047054  1706  4199 I am_proc_bound: [0,7256,com.google.android.webview:webview_service]
04-12 20:39:50.053929  1706  4307 I dvm_lock_sample: [system_server,1,binder:1706_1C,136,ActivityManagerService.java,9177,void com.android.server.am.ActivityManagerService.setHasTopUi(boolean),,0,null,27]
04-12 20:39:50.077099  1706  1848 I dvm_lock_sample: [system_server,1,android.bg,129,ContentProviderHelper.java,1677,void com.android.server.am.ContentProviderHelper.handleProviderRemoval(com.android.server.am.ContentProviderConnection, boolean, boolean),,0,null,25]
04-12 20:39:50.079939  1706  1837 I dvm_lock_sample: [system_server,1,android.ui,124,ActivityManagerService.java,17319,void com.android.server.am.ActivityManagerService.pushTempAllowlist(),,0,null,24]
04-12 20:39:50.089125  1706  3561 I dvm_lock_sample: [system_server,1,binder:1706_11,111,ActivityManagerService.java,15128,boolean com.android.server.am.ActivityManagerService.stopServiceToken(android.content.ComponentName, android.os.IBinder, int),,0,null,22]
04-12 20:39:50.090270  1706  1796 I dvm_lock_sample: [system_server,1,binder:1706_2,111,BroadcastController.java,532,android.content.Intent com.android.server.am.BroadcastController.registerReceiverWithFeatureTraced(android.app.IApplicationThread, java.lang.String, java.lang.String, java.lang.String, android.content.IIntentReceiver, android.content.IntentFilter, java.lang.String, int, int),,0,null,22]
04-12 20:39:50.094765  1706  2453 I dvm_lock_sample: [system_server,1,binder:1706_8,94,ActivityManagerService.java,15319,void com.android.server.am.ActivityManagerService.publishService(android.os.IBinder, android.content.Intent, android.os.IBinder),,0,null,18]
04-12 20:39:50.115648  6068  6068 I dvm_lock_sample: [com.google.android.googlequickse,1,main,31,MessageQueue.java,918,android.os.Message android.os.MessageQueue.nextLegacy(),-,1391,boolean android.os.MessageQueue.enqueueMessageLegacy(android.os.Message, long),6]
04-12 20:39:50.132078  1706  4345 I am_uid_running: 10131
04-12 20:39:50.172189  1706  1990 I dvm_lock_sample: [system_server,1,appscheduling.default,134,JobSchedulerService.java,3501,void com.android.server.job.JobSchedulerService$JobHandler.handleMessage(android.os.Message),-,2573,int com.android.server.job.JobSchedulerService.getUidProcState(int),26]
04-12 20:39:50.178034  1706  2811 I dvm_lock_sample: [system_server,1,binder:1706_B,125,ContentProviderHelper.java,207,android.app.ContentProviderHolder com.android.server.am.ContentProviderHelper.getContentProviderImpl(android.app.IApplicationThread, java.lang.String, android.os.IBinder, int, java.lang.String, java.lang.String, boolean, int),,0,null,25]
04-12 20:39:50.182855  1706  1839 I dvm_lock_sample: [system_server,1,android.display,232,ActivityManagerService.java,17361,void com.android.server.am.ActivityManagerService.trimApplications(boolean, int),,0,null,46]
04-12 20:39:50.198962  1706  1859 I am_wtf  : [0,1706,system_server,-1,ActivityManager,Sending non-protected broadcast com.transsion.log.ATHENA_STATE_CHANGED from system 1706:system/1000 pkg android]
04-12 20:39:50.205325  1706  1860 I am_proc_start: [0,7326,99000,com.google.android.webview:sandboxed_process0:org.chromium.content.app.SandboxedProcessService0:0,,{com.google.android.googlequicksearchbox/org.chromium.content.app.SandboxedProcessService0:0}]
04-12 20:39:50.205472  1706  1838 I commit_sys_config_file: [notification-policy,2]
04-12 20:39:50.219611  1706  1839 I wm_destroy_activity: [0,93250050,52,com.transsion.resolver/.ChooserActivityLauncher,finish-imm:idle]
04-12 20:39:50.228569  1706  1839 I wm_stop_activity: [0,129231105,com.gallery20/.HomeActivity]
04-12 20:39:50.228858  5125  5125 I wm_on_stop_called: [93250050,com.transsion.resolver.ChooserActivityLauncher,LIFECYCLER_STOP_ACTIVITY,1]
04-12 20:39:50.230966  1706  4307 I dvm_lock_sample: [system_server,1,binder:1706_1C,16,BroadcastController.java,532,android.content.Intent com.android.server.am.BroadcastController.registerReceiverWithFeatureTraced(android.app.IApplicationThread, java.lang.String, java.lang.String, java.lang.String, android.content.IIntentReceiver, android.content.IntentFilter, java.lang.String, int, int),,0,null,3]
04-12 20:39:50.231905  1706  2453 I am_proc_bound: [0,7326,com.google.android.webview:sandboxed_process0:org.chromium.content.app.SandboxedProcessService0:0]
04-12 20:39:50.239651  3846  3846 I wm_on_stop_called: [129231105,com.gallery20.HomeActivity,STOP_ACTIVITY_ITEM,1]
04-12 20:39:50.277461  1706  4200 I am_uid_active: 10255
04-12 20:39:50.283376  5125  5125 I wm_on_destroy_called: [93250050,com.transsion.resolver.ChooserActivityLauncher,performDestroy,50]
04-12 20:39:50.296529  1706  1860 I am_proc_start: [0,7362,10131,com.google.android.mosey,service,{com.google.android.mosey/com.google.android.mosey.ExternalSharingService},caller=com.google.android.gms.persistent/10232]
04-12 20:39:50.346591  1706  4307 I am_proc_bound: [0,7362,com.google.android.mosey]
04-12 20:39:50.357768  1706  4298 I sysui_multi_action: [757,856,758,1,806,com.sh.smart.caller,857,DEFAULT_CHANNEL,858,3]
04-12 20:39:50.361862  1706  1859 I dvm_lock_sample: [system_server,1,ActivityManager,155,BroadcastQueueImpl.java,382,boolean com.android.server.am.BroadcastQueueImpl.lambda$new$0(android.os.Message),,0,null,31]
04-12 20:39:50.367022  1706  1990 I dvm_lock_sample: [system_server,1,appscheduling.default,137,ActivityManagerService.java,15305,boolean com.android.server.am.ActivityManagerService.unbindService(android.app.IServiceConnection),,0,null,27]
04-12 20:39:50.367407  1706  2853 I dvm_lock_sample: [system_server,1,binder:1706_D,72,ActivityManagerService.java,15319,void com.android.server.am.ActivityManagerService.publishService(android.os.IBinder, android.content.Intent, android.os.IBinder),,0,null,14]
04-12 20:39:50.372555  1706  1796 I dvm_lock_sample: [system_server,1,binder:1706_2,70,ActivityManagerService.java,15283,int com.android.server.am.ActivityManagerService.bindServiceInstance(android.app.IApplicationThread, android.os.IBinder, android.content.Intent, java.lang.String, android.app.IServiceConnection, long, java.lang.String, boolean, int, java.lang.String, android.app.IApplicationThread, java.lang.String, int),,0,null,14]
04-12 20:39:50.384057  2707  2922 I jank_cuj_events_end_request: [10500,1775997590383936000,33157888309,33157888309]
04-12 20:39:50.403311  1706  4199 I am_uid_active: 99000
04-12 20:39:50.415518  1706  2835 I dvm_lock_sample: [system_server,1,binder:1706_C,39,ActivityManagerService.java,15319,void com.android.server.am.ActivityManagerService.publishService(android.os.IBinder, android.content.Intent, android.os.IBinder),,0,null,7]
04-12 20:39:50.415885  1706  1848 I dvm_lock_sample: [system_server,1,android.bg,114,ContentProviderHelper.java,1677,void com.android.server.am.ContentProviderHelper.handleProviderRemoval(com.android.server.am.ContentProviderConnection, boolean, boolean),,0,null,22]
04-12 20:39:50.454165  1706  4249 I dvm_lock_sample: [system_server,1,binder:1706_1A,157,JobSchedulerService.java,2093,java.util.List com.android.server.job.JobSchedulerService.getPendingJobsInNamespace(int, java.lang.String),JobServiceContext.java,509,boolean com.android.server.job.JobServiceContext.executeRunnableJob(com.android.server.job.controllers.JobStatus, int),31]
04-12 20:39:50.455610  1706  1795 I dvm_lock_sample: [system_server,1,binder:1706_1,138,JobSchedulerService.java,2093,java.util.List com.android.server.job.JobSchedulerService.getPendingJobsInNamespace(int, java.lang.String),JobServiceContext.java,509,boolean com.android.server.job.JobServiceContext.executeRunnableJob(com.android.server.job.controllers.JobStatus, int),27]
04-12 20:39:50.470187  1706  1860 I am_proc_start: [0,7439,1000,com.transsion.statisticalsales,broadcast,{com.transsion.statisticalsales/com.transsion.statisticalsales.receiver.SimReceiver},caller=com.android.phone/1001,action = android.telephony.action.SIM_CARD_STATE_CHANGED]
04-12 20:39:50.480599  1706  1796 I dvm_lock_sample: [system_server,1,binder:1706_2,28,ActivityManagerService.java,15283,int com.android.server.am.ActivityManagerService.bindServiceInstance(android.app.IApplicationThread, android.os.IBinder, android.content.Intent, java.lang.String, android.app.IServiceConnection, long, java.lang.String, boolean, int, java.lang.String, android.app.IApplicationThread, java.lang.String, int),,0,null,5]
04-12 20:39:50.495906  1706  1796 I am_uid_active: 10264
04-12 20:39:50.504512  1706  2853 I dvm_lock_sample: [system_server,1,binder:1706_D,63,JobSchedulerService.java,2233,android.app.job.JobInfo com.android.server.job.JobSchedulerService.getPendingJob(int, java.lang.String, int),,0,null,12]
04-12 20:39:50.536440  1706  2811 I am_proc_bound: [0,7439,com.transsion.statisticalsales]
04-12 20:39:50.606554  1706  6487 I dvm_lock_sample: [system_server,1,Thread-59,111,BroadcastController.java,532,android.content.Intent com.android.server.am.BroadcastController.registerReceiverWithFeatureTraced(android.app.IApplicationThread, java.lang.String, java.lang.String, java.lang.String, android.content.IIntentReceiver, android.content.IntentFilter, java.lang.String, int, int),,0,null,22]
04-12 20:39:50.607546  1706  1859 I dvm_lock_sample: [system_server,1,ActivityManager,112,BroadcastQueueImpl.java,2293,void com.android.server.am.BroadcastQueueImpl.handleProcessFreezableChanged(com.android.server.am.ProcessRecord),,0,null,22]
04-12 20:39:50.604000  7439  7439 I auditd  : type=1400 audit(0.0:712): avc:  denied  { read write } for  comm="re-initialized>" name="ensignal" dev="tmpfs" ino=2080 scontext=u:r:system_app:s0 tcontext=u:object_r:ensignal_device:s0 tclass=chr_file permissive=0
04-12 20:39:50.608000  7439  7439 I auditd  : type=1400 audit(0.0:713): avc:  denied  { read write } for  comm="re-initialized>" name="ensignal" dev="tmpfs" ino=2080 scontext=u:r:system_app:s0 tcontext=u:object_r:ensignal_device:s0 tclass=chr_file permissive=0
04-12 20:39:50.629857  1706  1838 I commit_sys_config_file: [notification-policy,14]
04-12 20:39:50.693404  1706  1940 I dvm_lock_sample: [system_server,1,binder:1706_3,95,BroadcastController.java,759,int com.android.server.am.BroadcastController.broadcastIntentWithFeature(android.app.IApplicationThread, java.lang.String, android.content.Intent, java.lang.String, android.content.IIntentReceiver, int, java.lang.String, android.os.Bundle, java.lang.String[], java.lang.String[], java.lang.String[], int, android.os.Bundle, boolean, boolean, int),,0,null,19]
04-12 20:39:50.704000  6926  6926 I auditd  : type=1400 audit(0.0:714): avc:  denied  { read } for  comm=4F6E65494420576F726B6572 name="u:object_r:vendor_security_patch_level_prop:s0" dev="tmpfs" ino=888 scontext=u:r:priv_app:s0:c512,c768 tcontext=u:object_r:vendor_security_patch_level_prop:s0 tclass=file permissive=0 app=com.sh.smart.caller
04-12 20:39:50.705172  1706  4200 I am_uid_active: 10131
04-12 20:39:50.712000  7362  7362 I auditd  : type=1400 audit(0.0:715): avc:  denied  { search } for  comm="e.android.mosey" name="com.google.android.mosey" dev="dm-79" ino=9401 scontext=u:r:mosey_app:s0:c131,c256,c512,c768 tcontext=u:object_r:app_data_file:s0:c131,c256,c512,c768 tclass=dir permissive=0 app=com.google.android.mosey
04-12 20:39:50.716687  1706  4249 I dvm_lock_sample: [system_server,1,binder:1706_1A,56,ActivityManagerService.java,15305,boolean com.android.server.am.ActivityManagerService.unbindService(android.app.IServiceConnection),,0,null,11]
04-12 20:39:50.712000  7362  7362 I auditd  : type=1400 audit(0.0:716): avc:  denied  { search } for  comm="e.android.mosey" name="com.google.android.mosey" dev="dm-79" ino=9401 scontext=u:r:mosey_app:s0:c131,c256,c512,c768 tcontext=u:object_r:app_data_file:s0:c131,c256,c512,c768 tclass=dir permissive=0 app=com.google.android.mosey
04-12 20:39:50.735374  1706  1848 I dvm_lock_sample: [system_server,1,android.bg,46,ContentProviderHelper.java,1677,void com.android.server.am.ContentProviderHelper.handleProviderRemoval(com.android.server.am.ContentProviderConnection, boolean, boolean),,0,null,9]
04-12 20:39:50.760420  1706  2453 I dvm_lock_sample: [system_server,1,binder:1706_8,220,JobSchedulerService.java,1831,int com.android.server.job.JobSchedulerService.scheduleAsPackage(android.app.job.JobInfo, android.app.job.JobWorkItem, int, java.lang.String, int, java.lang.String, java.lang.String),JobServiceContext.java,509,boolean com.android.server.job.JobServiceContext.executeRunnableJob(com.android.server.job.controllers.JobStatus, int),44]
04-12 20:39:50.765429  1706  4231 I dvm_lock_sample: [system_server,1,binder:1706_17,187,JobSchedulerService.java,2399,boolean com.android.server.job.JobSchedulerService.cancelJob(int, java.lang.String, int, int, int),JobServiceContext.java,509,boolean com.android.server.job.JobServiceContext.executeRunnableJob(com.android.server.job.controllers.JobStatus, int),37]
04-12 20:39:50.776989  1706  2001 I commit_sys_config_file: [settings-0-0,19]
04-12 20:39:50.786517  1706  3561 I dvm_lock_sample: [system_server,1,binder:1706_11,148,JobSchedulerService.java,2233,android.app.job.JobInfo com.android.server.job.JobSchedulerService.getPendingJob(int, java.lang.String, int),JobServiceContext.java,509,boolean com.android.server.job.JobServiceContext.executeRunnableJob(com.android.server.job.controllers.JobStatus, int),29]
04-12 20:39:50.911528  1706  4249 I am_proc_died: [0,7439,com.transsion.statisticalsales,0,11]
04-12 20:39:50.958578  1706  1860 I am_proc_start: [0,7541,1000,com.transsion.statisticalsales,broadcast,{com.transsion.statisticalsales/com.transsion.statisticalsales.receiver.SimReceiver},caller=com.android.phone/1001,action = android.telephony.action.SIM_CARD_STATE_CHANGED]
04-12 20:39:50.989377  1706  4199 I am_proc_bound: [0,7541,com.transsion.statisticalsales]
04-12 20:39:51.081812  1706  1859 I dvm_lock_sample: [system_server,1,ActivityManager,12,BroadcastQueueImpl.java,493,void com.android.server.am.BroadcastQueueImpl.updateRunningList(),,0,null,2]
04-12 20:39:51.117601  1706  1860 I am_proc_start: [0,7173,1000,com.transsion.overlaysuw,broadcast,{com.transsion.overlaysuw/com.transsion.overlaysuw.OtaUpdateReceiver},action = android.intent.action.LOCKED_BOOT_COMPLETED]
04-12 20:39:51.128735  1706  2810 I am_proc_bound: [0,7173,com.transsion.overlaysuw]
04-12 20:39:51.184832  2347  3898 I dvm_lock_sample: [com.google.android.gms.persisten,1,highpool[2],101,:com.google.android.gms@261233035@26.12.33 (260400-892550550),3,void birn.execute(java.lang.Runnable),,0,null,20]
04-12 20:39:51.230816  1706  4249 I am_proc_died: [0,7541,com.transsion.statisticalsales,0,11]
04-12 20:39:51.234931  1706  1859 I am_uid_running: 10178
04-12 20:39:51.240449  1706  1860 I am_proc_start: [0,7662,10178,com.transsion.deskclock,broadcast,{com.transsion.deskclock/com.transsion.deskclock.AlarmInitReceiver},action = android.intent.action.LOCKED_BOOT_COMPLETED]
04-12 20:39:51.277985  1706  3561 I am_proc_bound: [0,7662,com.transsion.deskclock]
04-12 20:39:51.505809  1706  4344 I am_uid_active: 10178
04-12 20:39:51.529768  1706  1859 I am_wtf  : [0,1706,system_server,-1,JobScheduler.JobStatus,App com.transsion.deskclock became active but still in NEVER bucket]
04-12 20:39:51.612000  5140  5140 I auditd  : type=1400 audit(0.0:778): avc:  denied  { read } for  comm=4E444B204D65646961436F6465635F name="u:object_r:tran_vpp_prop:s0" dev="tmpfs" ino=586 scontext=u:r:gmscore_app:s0:c512,c768 tcontext=u:object_r:tran_vpp_prop:s0 tclass=file permissive=0 app=com.google.android.gms
04-12 20:39:51.612000  5140  5140 I auditd  : type=1400 audit(0.0:779): avc:  denied  { read } for  comm=4E444B204D65646961436F6465635F name="u:object_r:tran_vpp_prop:s0" dev="tmpfs" ino=586 scontext=u:r:gmscore_app:s0:c512,c768 tcontext=u:object_r:tran_vpp_prop:s0 tclass=file permissive=0 app=com.google.android.gms
04-12 20:39:51.615831  1706  4231 I dvm_lock_sample: [system_server,1,binder:1706_17,40,BroadcastController.java,532,android.content.Intent com.android.server.am.BroadcastController.registerReceiverWithFeatureTraced(android.app.IApplicationThread, java.lang.String, java.lang.String, java.lang.String, android.content.IIntentReceiver, android.content.IntentFilter, java.lang.String, int, int),,0,null,8]
04-12 20:39:51.616000  5140  5140 I auditd  : type=1400 audit(0.0:780): avc:  denied  { read } for  comm="SoundDecoder_1" name="u:object_r:tran_vpp_prop:s0" dev="tmpfs" ino=586 scontext=u:r:gmscore_app:s0:c512,c768 tcontext=u:object_r:tran_vpp_prop:s0 tclass=file permissive=0 app=com.google.android.gms
04-12 20:39:51.620039  1706  1859 I am_wtf  : [0,1706,system_server,-1,JobScheduler.JobStatus,App com.transsion.deskclock became active but still in NEVER bucket]
04-12 20:39:51.624239  1706  2835 I dvm_lock_sample: [system_server,0,binder:1706_C,47,BroadcastController.java,759,int com.android.server.am.BroadcastController.broadcastIntentWithFeature(android.app.IApplicationThread, java.lang.String, android.content.Intent, java.lang.String, android.content.IIntentReceiver, int, java.lang.String, android.os.Bundle, java.lang.String[], java.lang.String[], java.lang.String[], int, android.os.Bundle, boolean, boolean, int),,0,null,9]
04-12 20:39:51.664000  5140  5140 I auditd  : type=1400 audit(0.0:781): avc:  denied  { read } for  comm=4E444B204D65646961436F6465635F name="u:object_r:tran_vpp_prop:s0" dev="tmpfs" ino=586 scontext=u:r:gmscore_app:s0:c512,c768 tcontext=u:object_r:tran_vpp_prop:s0 tclass=file permissive=0 app=com.google.android.gms
04-12 20:39:51.664000  5140  5140 I auditd  : type=1400 audit(0.0:782): avc:  denied  { read } for  comm=4E444B204D65646961436F6465635F name="u:object_r:tran_vpp_prop:s0" dev="tmpfs" ino=586 scontext=u:r:gmscore_app:s0:c512,c768 tcontext=u:object_r:tran_vpp_prop:s0 tclass=file permissive=0 app=com.google.android.gms
04-12 20:39:51.694350  1706  3319 I dvm_lock_sample: [system_server,1,binder:1706_10,19,ActivityManagerService.java,15319,void com.android.server.am.ActivityManagerService.publishService(android.os.IBinder, android.content.Intent, android.os.IBinder),,0,null,3]
04-12 20:39:51.749971  1706  2835 I am_uid_running: 10256
04-12 20:39:51.781326  1706  2810 I am_proc_start: [0,7826,10256,com.rlk.weathers,service,{com.rlk.weathers/com.transsion.apiinvoke.ipc.connect.CommonRouterApiService},caller=com.transsion.kolun.aiservice/1000]
04-12 20:39:51.781935  1706  2810 I am_proc_bound: [0,7826,com.rlk.weathers]
04-12 20:39:51.783655  1706  1859 I am_wtf  : [0,1706,system_server,-1,JobScheduler.JobStatus,App com.transsion.deskclock became active but still in NEVER bucket]
04-12 20:39:51.822800  1706  1860 I am_proc_start: [0,7849,1000,com.mediatek.batterywarning,broadcast,{com.mediatek.batterywarning/com.mediatek.batterywarning.BatteryWarningReceiver},action = mediatek.intent.action.BATTERY_NORMAL]
04-12 20:39:51.831706  1706  4231 I am_proc_bound: [0,7849,com.mediatek.batterywarning]
04-12 20:39:51.873755  1706  3561 I am_uid_active: 10256
04-12 20:39:51.891251  1706  4344 I dvm_lock_sample: [system_server,1,binder:1706_1F,17,ActivityManagerService.java,15319,void com.android.server.am.ActivityManagerService.publishService(android.os.IBinder, android.content.Intent, android.os.IBinder),,0,null,3]
04-12 20:39:51.895462  1706  4231 I dvm_lock_sample: [system_server,1,binder:1706_17,29,ActivityManagerService.java,15305,boolean com.android.server.am.ActivityManagerService.unbindService(android.app.IServiceConnection),,0,null,5]
04-12 20:39:51.898955  1706  1990 I dvm_lock_sample: [system_server,1,appscheduling.default,23,JobSchedulerService.java,3501,void com.android.server.job.JobSchedulerService$JobHandler.handleMessage(android.os.Message),-,5689,boolean com.android.server.job.JobSchedulerService.isBatteryCharging(),4]
04-12 20:39:51.912886  1706  1859 I am_wtf  : [0,1706,system_server,-1,JobScheduler.JobStatus,App com.transsion.deskclock became active but still in NEVER bucket]
04-12 20:39:51.923193  1706  2001 I commit_sys_config_file: [settings-0-0,4]
04-12 20:39:51.954785  1706  1859 I am_uid_running: 10102
04-12 20:39:51.966466  1706  1860 I am_proc_start: [0,7694,10102,com.android.traceur,broadcast,{com.android.traceur/com.android.traceur.Receiver},action = android.intent.action.BOOT_COMPLETED]
04-12 20:39:51.998779  1706  4345 I am_proc_bound: [0,7694,com.android.traceur]
04-12 20:39:52.026415  1706  2001 I commit_sys_config_file: [settings-1-0,1]
04-12 20:39:52.055051  1706  4344 I am_uid_active: 10102
04-12 20:39:52.114993  1706  1860 I am_proc_start: [0,7928,1000,com.autotest.factory_reset_stress,broadcast,{com.autotest.factory_reset_stress/com.autotest.factory_reset_stress.MainReceiver},action = android.intent.action.BOOT_COMPLETED]
04-12 20:39:52.115748  1706  4298 I am_proc_bound: [0,7928,com.autotest.factory_reset_stress]
04-12 20:39:52.151242  1706  3319 I am_uid_idle: 10160
04-12 20:39:52.183072  1706  2810 I dvm_lock_sample: [system_server,1,binder:1706_A,25,ActivityManagerService.java,15048,android.content.ComponentName com.android.server.am.ActivityManagerService.startService(android.app.IApplicationThread, android.content.Intent, java.lang.String, boolean, java.lang.String, java.lang.String, int, boolean, int, java.lang.String, java.lang.String),,0,null,5]
04-12 20:39:52.202630  1706  4244 I dvm_lock_sample: [system_server,1,binder:1706_19,10,JobSchedulerService.java,2233,android.app.job.JobInfo com.android.server.job.JobSchedulerService.getPendingJob(int, java.lang.String, int),DeviceIdleJobsController.java,125,void com.android.server.job.controllers.DeviceIdleJobsController$1.onReceive(android.content.Context, android.content.Intent),2]
04-12 20:39:52.215775  1706  1859 I am_uid_running: 10220
04-12 20:39:52.241210  1706  2810 I am_proc_start: [0,7962,10220,com.google.android.onetimeinitializer,broadcast,{com.google.android.onetimeinitializer/com.google.android.onetimeinitializer.OneTimeInitializerReceiver},action = android.intent.action.BOOT_COMPLETED]
04-12 20:39:52.242295  1706  2810 I am_proc_bound: [0,7962,com.google.android.onetimeinitializer]
04-12 20:39:52.280763  1706  3561 I am_uid_active: 10220
04-12 20:39:52.303050  1706  1859 I am_uid_running: 10133
04-12 20:39:52.305772  1706  1860 I am_proc_start: [0,8028,10232,com.google.android.gms.unstable,service,{com.google.android.gms/com.google.android.gms.droidguard.DroidGuardService},caller=com.google.android.gms/10232]
04-12 20:39:52.356568  1706  1860 I am_proc_start: [0,8003,10133,com.scorpio.securitycom,broadcast,{com.scorpio.securitycom/com.scorpio.receive.StaticReceiver},action = android.intent.action.BOOT_COMPLETED]
04-12 20:39:52.364556  1706  1941 I am_proc_bound: [0,8028,com.google.android.gms.unstable]
04-12 20:39:52.369331  1706  4345 I am_proc_bound: [0,8003,com.scorpio.securitycom]
04-12 20:39:52.390141  1706  4298 I dvm_lock_sample: [system_server,1,binder:1706_1B,52,ActivityManagerService.java,15319,void com.android.server.am.ActivityManagerService.publishService(android.os.IBinder, android.content.Intent, android.os.IBinder),,0,null,10]
04-12 20:39:52.480320  1706  1940 I dvm_lock_sample: [system_server,1,binder:1706_3,10,BroadcastController.java,694,void com.android.server.am.BroadcastController.unregisterReceiverTraced(android.content.IIntentReceiver),,0,null,2]
04-12 20:39:52.485879  1706  4231 I dvm_lock_sample: [system_server,1,binder:1706_17,9,ActivityManagerService.java,15305,boolean com.android.server.am.ActivityManagerService.unbindService(android.app.IServiceConnection),,0,null,1]
04-12 20:39:52.493874  1706  2142 I netstats_mobile_sample: [0,0,0,0,0,0,0,0,1775997592897]
04-12 20:39:52.494014  1706  2142 I netstats_wifi_sample: [675597,250154,1252,1350,636202,242922,1183,1302,1775997592897]
04-12 20:39:52.586800  1706  1942 I am_uid_active: 10133
04-12 20:39:52.596660  7662  7825 I dvm_lock_sample: [com.transsion.deskclock,0,pool-8-thread-2,825,SourceFile,-1,void com.transsion.kolun.oxygenbus.common.RealRemoteConnection.unListen(com.transsion.kolun.oxygenbus.common.RealRemoteConnection$OnConnectChangeListener),-,-1,void com.transsion.kolun.oxygenbus.common.RealRemoteConnection.onConnected(android.os.Bundle, com.transsion.apiinvoke.ipc.ICommonServiceInterface),100]
04-12 20:39:52.601404  7662  7880 I dvm_lock_sample: [com.transsion.deskclock,0,pool-8-thread-3,747,SourceFile,-1,void com.transsion.kolun.oxygenbus.common.RealRemoteConnection.unListen(com.transsion.kolun.oxygenbus.common.RealRemoteConnection$OnConnectChangeListener),-,-1,void com.transsion.kolun.oxygenbus.common.RealRemoteConnection.onConnected(android.os.Bundle, com.transsion.apiinvoke.ipc.ICommonServiceInterface),100]
04-12 20:39:52.601770  1706  1859 I am_uid_running: 10111
04-12 20:39:52.602817  1706  1838 I commit_sys_config_file: [notification-policy,20]
04-12 20:39:52.616012  1706  1860 I am_proc_start: [0,8053,10111,com.transsion.dualapp,broadcast,{com.transsion.dualapp/com.transsion.dualapp.BootReceiver},action = android.intent.action.BOOT_COMPLETED]
04-12 20:39:52.624000   500   500 I auditd  : type=1400 audit(0.0:812): avc:  denied  { read } for  comm="logd.writer" name="u:object_r:bluetooth_prop:s0" dev="tmpfs" ino=173 scontext=u:r:logd:s0 tcontext=u:object_r:bluetooth_prop:s0 tclass=file permissive=0
04-12 20:39:52.624000   500   500 I auditd  : type=1400 audit(0.0:813): avc:  denied  { read } for  comm="logd.writer" name="u:object_r:bluetooth_prop:s0" dev="tmpfs" ino=173 scontext=u:r:logd:s0 tcontext=u:object_r:bluetooth_prop:s0 tclass=file permissive=0
04-12 20:39:52.628000   500   500 I auditd  : type=1400 audit(0.0:814): avc:  denied  { read } for  comm="logd.writer" name="u:object_r:bluetooth_prop:s0" dev="tmpfs" ino=173 scontext=u:r:logd:s0 tcontext=u:object_r:bluetooth_prop:s0 tclass=file permissive=0
04-12 20:39:52.660663  1706  4307 I am_proc_bound: [0,8053,com.transsion.dualapp]
04-12 20:39:52.664000  8053  8053 I auditd  : type=1400 audit(0.0:815): avc:  denied  { read write } for  comm="re-initialized>" name="ensignal" dev="tmpfs" ino=2080 scontext=u:r:platform_app:s0:c512,c768 tcontext=u:object_r:ensignal_device:s0 tclass=chr_file permissive=0 app=com.transsion.dualapp
04-12 20:39:52.668000  8053  8053 I auditd  : type=1400 audit(0.0:816): avc:  denied  { read write } for  comm="re-initialized>" name="ensignal" dev="tmpfs" ino=2080 scontext=u:r:platform_app:s0:c512,c768 tcontext=u:object_r:ensignal_device:s0 tclass=chr_file permissive=0 app=com.transsion.dualapp
04-12 20:39:52.676135  2347  7648 I gtalk_conn_close: [257,7]
04-12 20:39:52.748355  2347  3898 I dvm_lock_sample: [com.google.android.gms.persisten,1,highpool[2],106,:com.google.android.gms@261233035@26.12.33 (260400-892550550),5,android.database.sqlite.SQLiteDatabase exsf.l(),-,323,android.database.sqlite.SQLiteDatabase exsf.l(),21]
04-12 20:39:52.797467  1706  2001 I commit_sys_config_file: [settings-0-0,4]
04-12 20:39:52.828851  1706  3280 I am_uid_active: 10111
04-12 20:39:52.842982  1706  4249 I am_proc_died: [0,7928,com.autotest.factory_reset_stress,905,19]
04-12 20:39:52.843326  1706  1860 I am_proc_start: [0,8139,1000,com.transsion.tranfacmode,broadcast,{com.transsion.tranfacmode/com.transsion.tranfacmode.receiver.boot.BootReceiver},action = android.intent.action.BOOT_COMPLETED]
04-12 20:39:52.846770  2347  5908 I dvm_lock_sample: [com.google.android.gms.persisten,0,lowpool[12],91,:com.google.android.gms@261233035@26.12.33 (260400-892550550),3,void birn.execute(java.lang.Runnable),,0,null,18]
04-12 20:39:52.860904  1706  2453 I am_proc_bound: [0,8139,com.transsion.tranfacmode]
04-12 20:39:52.874134  1706  2142 I netstats_mobile_sample: [0,0,0,0,0,0,0,0,1775997593277]
04-12 20:39:52.874277  1706  2142 I netstats_wifi_sample: [675629,250250,1253,1353,636202,242922,1183,1302,1775997593277]
04-12 20:39:52.898424  3808  4047 I gms_unknown: 47122
04-12 20:39:53.056144  1706  1859 I dvm_lock_sample: [system_server,1,ActivityManager,19,BroadcastQueueImpl.java,493,void com.android.server.am.BroadcastQueueImpl.updateRunningList(),,0,null,3]
04-12 20:39:53.205975  1706  2853 I pm_critical_info: setEnabledSettings callingUid = 10232 callingPid = 3808 packageName = com.google.android.gms.supervision componentName = null callingPackage= com.google.android.gms newState = 2 userId = 0 flags = 0
04-12 20:39:53.260854  1706  2835 I am_uid_running: 10281
04-12 20:39:53.275863  1706  1860 I am_proc_start: [0,8255,10281,com.google.android.rkpdapp,service,{com.google.android.rkpdapp/com.android.rkpdapp.service.RemoteProvisioningService},caller=system/1000]
04-12 20:39:53.293563  1706  2810 I am_proc_bound: [0,8255,com.google.android.rkpdapp]
04-12 20:39:53.307802  1706  1838 I commit_sys_config_file: [notification-policy,10]
04-12 20:39:53.373776  1706  2811 I dvm_lock_sample: [system_server,1,binder:1706_B,40,ActivityManagerService.java,15048,android.content.ComponentName com.android.server.am.ActivityManagerService.startService(android.app.IApplicationThread, android.content.Intent, java.lang.String, boolean, java.lang.String, java.lang.String, int, boolean, int, java.lang.String, java.lang.String),,0,null,8]
04-12 20:39:53.422846  1706  1890 I commit_sys_config_file: [package-user-0,59]
04-12 20:39:53.454745  1706  3319 I am_crash: [8139,0,com.transsion.tranfacmode,549994053,java.lang.IllegalStateException,A migration from 3 to 2 was required but not found. Please provide the necessary Migration path via RoomDatabase.Builder.addMigration(...) or allow for destructive migrations via one of the RoomDatabase.Builder.fallbackToDestructiveMigration* functions.,NULL,150,0]
04-12 20:39:53.457598  1706  4307 I am_uid_active: 10281
04-12 20:39:53.466292  1706  1897 I dvm_lock_sample: [system_server,0,PackageManager,113,ActivityManagerService.java,18875,int com.android.server.am.ActivityManagerService$LocalService.broadcastIntent(android.content.Intent, android.content.IIntentReceiver, java.lang.String[], boolean, int, int[], java.util.function.BiFunction, android.os.Bundle),,0,null,22]
04-12 20:39:53.480662  1706  1859 I dvm_lock_sample: [system_server,1,ActivityManager,51,BroadcastQueueImpl.java,493,void com.android.server.am.BroadcastQueueImpl.updateRunningList(),,0,null,10]
04-12 20:39:53.521984  1706  4199 I dvm_lock_sample: [system_server,1,binder:1706_12,62,ActivityManagerService.java,15319,void com.android.server.am.ActivityManagerService.publishService(android.os.IBinder, android.content.Intent, android.os.IBinder),,0,null,12]
04-12 20:39:53.525003  1706  4244 I dvm_lock_sample: [system_server,1,binder:1706_19,60,ActivityManagerService.java,15319,void com.android.server.am.ActivityManagerService.publishService(android.os.IBinder, android.content.Intent, android.os.IBinder),,0,null,12]
04-12 20:39:53.530287  1706  4249 I dvm_lock_sample: [system_server,0,binder:1706_1A,100,ContentProviderHelper.java,985,void com.android.server.am.ContentProviderHelper.removeContentProvider(android.os.IBinder, boolean),,0,null,20]
04-12 20:39:53.540668  1706  1941 I dvm_lock_sample: [system_server,1,binder:1706_4,97,ActivityManagerService.java,15128,boolean com.android.server.am.ActivityManagerService.stopServiceToken(android.content.ComponentName, android.os.IBinder, int),,0,null,19]
04-12 20:39:53.544009  1706  4298 I dvm_lock_sample: [system_server,1,binder:1706_1B,40,BroadcastController.java,532,android.content.Intent com.android.server.am.BroadcastController.registerReceiverWithFeatureTraced(android.app.IApplicationThread, java.lang.String, java.lang.String, java.lang.String, android.content.IIntentReceiver, android.content.IntentFilter, java.lang.String, int, int),,0,null,8]
04-12 20:39:53.547275  1706  2853 I dvm_lock_sample: [system_server,1,binder:1706_D,142,BroadcastController.java,759,int com.android.server.am.BroadcastController.broadcastIntentWithFeature(android.app.IApplicationThread, java.lang.String, android.content.Intent, java.lang.String, android.content.IIntentReceiver, int, java.lang.String, android.os.Bundle, java.lang.String[], java.lang.String[], java.lang.String[], int, android.os.Bundle, boolean, boolean, int),,0,null,28]
04-12 20:39:53.550460  1706  2855 I dvm_lock_sample: [system_server,1,binder:1706_E,124,ActivityManagerService.java,15048,android.content.ComponentName com.android.server.am.ActivityManagerService.startService(android.app.IApplicationThread, android.content.Intent, java.lang.String, boolean, java.lang.String, java.lang.String, int, boolean, int, java.lang.String, java.lang.String),,0,null,24]
04-12 20:39:53.571922  1706  1859 I am_uid_running: 10152
04-12 20:39:53.616642  1706  1860 I am_proc_start: [0,8211,10152,com.debug.loggerui,broadcast,{com.debug.loggerui/com.debug.loggerui.framework.LogReceiver},action = android.intent.action.BOOT_COMPLETED]
04-12 20:39:53.619532  1706  1796 I am_proc_bound: [0,8211,com.debug.loggerui]
04-12 20:39:53.628000   500   500 I auditd  : type=1400 audit(0.0:858): avc:  denied  { read } for  comm="logd.writer" name="u:object_r:bluetooth_prop:s0" dev="tmpfs" ino=173 scontext=u:r:logd:s0 tcontext=u:object_r:bluetooth_prop:s0 tclass=file permissive=0
04-12 20:39:53.632000   500   500 I auditd  : type=1400 audit(0.0:859): avc:  denied  { read } for  comm="logd.writer" name="u:object_r:bluetooth_prop:s0" dev="tmpfs" ino=173 scontext=u:r:logd:s0 tcontext=u:object_r:bluetooth_prop:s0 tclass=file permissive=0
04-12 20:39:53.632000  8211  8211 I auditd  : type=1400 audit(0.0:860): avc:  denied  { read write } for  comm="re-initialized>" name="ensignal" dev="tmpfs" ino=2080 scontext=u:r:platform_app:s0:c512,c768 tcontext=u:object_r:ensignal_device:s0 tclass=chr_file permissive=0 app=com.debug.loggerui
04-12 20:39:53.632000  8211  8211 I auditd  : type=1400 audit(0.0:861): avc:  denied  { read write } for  comm="re-initialized>" name="ensignal" dev="tmpfs" ino=2080 scontext=u:r:platform_app:s0:c512,c768 tcontext=u:object_r:ensignal_device:s0 tclass=chr_file permissive=0 app=com.debug.loggerui
04-12 20:39:53.658154  1706  1795 I dvm_lock_sample: [system_server,1,binder:1706_1,82,ActivityManagerService.java,15305,boolean com.android.server.am.ActivityManagerService.unbindService(android.app.IServiceConnection),,0,null,16]
04-12 20:39:53.665270  1706  1796 I dvm_lock_sample: [system_server,1,binder:1706_2,25,BroadcastController.java,759,int com.android.server.am.BroadcastController.broadcastIntentWithFeature(android.app.IApplicationThread, java.lang.String, android.content.Intent, java.lang.String, android.content.IIntentReceiver, int, java.lang.String, android.os.Bundle, java.lang.String[], java.lang.String[], java.lang.String[], int, android.os.Bundle, boolean, boolean, int),,0,null,5]
04-12 20:39:53.660000   500   500 I auditd  : type=1400 audit(0.0:862): avc:  denied  { read } for  comm="logd.writer" name="u:object_r:bluetooth_prop:s0" dev="tmpfs" ino=173 scontext=u:r:logd:s0 tcontext=u:object_r:bluetooth_prop:s0 tclass=file permissive=0
04-12 20:39:53.686086  1706  1840 I input_focus: [Focus request e9bd40a Application Error: com.transsion.tranfacmode,reason=UpdateInputWindows]
04-12 20:39:53.704816  1706  1942 I am_uid_active: 10152
04-12 20:39:53.705836  1706  2086 I input_focus: [Focus leaving abc43d2 com.google.android.gms/com.google.android.gms.nearby.sharing.main.MainActivity,reason=Waiting for window because NOT_VISIBLE]
04-12 20:39:53.710630  1706  1859 I am_uid_running: 10077
04-12 20:39:53.726791  1706  1860 I am_proc_start: [0,8316,10077,com.android.devicediagnostics,broadcast,{com.android.devicediagnostics/com.android.devicediagnostics.BootCompleteReceiver},action = android.intent.action.BOOT_COMPLETED]
04-12 20:39:53.789659  1706  1837 I viewroot_draw_event: [VRI[tranfacmode],reportDrawFinished seqId=0]
04-12 20:39:53.795325  1706  2001 I commit_sys_config_file: [settings-0-0,51]
04-12 20:39:53.809921  1706  1942 I am_proc_bound: [0,8316,com.android.devicediagnostics]
04-12 20:39:53.811784  1706  1840 I wm_dim_created: [Display 0 name="内置屏幕",207]
04-12 20:39:53.812051  1706  1840 I wm_dim_cancel_anim: [207,new target values]
04-12 20:39:53.812109  1706  1840 I wm_dim_animate: [207,0.600000,0.000000]
04-12 20:39:53.818754  1706  1796 I dvm_lock_sample: [system_server,1,binder:1706_2,26,ActivityManagerService.java,15283,int com.android.server.am.ActivityManagerService.bindServiceInstance(android.app.IApplicationThread, android.os.IBinder, android.content.Intent, java.lang.String, android.app.IServiceConnection, long, java.lang.String, boolean, int, java.lang.String, android.app.IApplicationThread, java.lang.String, int),,0,null,5]
04-12 20:39:53.828163  1706  4200 I dvm_lock_sample: [system_server,1,binder:1706_13,25,ActivityManagerService.java,15283,int com.android.server.am.ActivityManagerService.bindServiceInstance(android.app.IApplicationThread, android.os.IBinder, android.content.Intent, java.lang.String, android.app.IServiceConnection, long, java.lang.String, boolean, int, java.lang.String, android.app.IApplicationThread, java.lang.String, int),,0,null,5]
04-12 20:39:53.829968  1706  1859 I dvm_lock_sample: [system_server,1,ActivityManager,18,BroadcastQueueImpl.java,493,void com.android.server.am.BroadcastQueueImpl.updateRunningList(),,0,null,3]
04-12 20:39:53.841954  1706  2086 I input_focus: [Focus entering e9bd40a Application Error: com.transsion.tranfacmode,reason=Window became focusable. Previous reason: NOT_VISIBLE]
04-12 20:39:53.864312  1706  4205 I dvm_lock_sample: [system_server,1,binder:1706_14,33,BroadcastController.java,532,android.content.Intent com.android.server.am.BroadcastController.registerReceiverWithFeatureTraced(android.app.IApplicationThread, java.lang.String, java.lang.String, java.lang.String, android.content.IIntentReceiver, android.content.IntentFilter, java.lang.String, int, int),,0,null,6]
04-12 20:39:53.875104  1706  1941 I am_uid_active: 10077
04-12 20:39:53.876794  1706  1859 I am_uid_running: 10081
04-12 20:39:53.881551  1706  1860 I am_proc_start: [0,8339,10081,com.android.managedprovisioning,broadcast,{com.android.managedprovisioning/com.android.managedprovisioning.BootReminder},action = android.intent.action.BOOT_COMPLETED]
04-12 20:39:53.900245  3808  7777 I gms_unknown: [5,0,0]
04-12 20:39:53.900850  3808  7777 I gms_unknown: [CheckinTask:SentRequest,36674]
04-12 20:39:53.902782  3808  7777 I gms_unknown: [CheckinTask:ReceivedFailedResponse,36676]
04-12 20:39:53.902785  3808  7777 I gms_unknown: 7
04-12 20:39:53.917564  3808  7777 I gms_unknown: 8
04-12 20:39:53.917597  3808  7777 I gms_unknown: [CheckinTask:duration,1006]
04-12 20:39:53.921534  1706  1942 I am_proc_bound: [0,8339,com.android.managedprovisioning]
04-12 20:39:53.964216  1706  1840 I wm_dim_finish_anim: 207
04-12 20:39:53.965439  1706  4345 I am_foreground_service_start: [0,com.debug.loggerui/.framework.DebugLoggerUIService,0,BACKGROUND_FGS_PERMISSION,36,36,0,0,0,1,UNKNOWN,1073741824]
04-12 20:39:53.993101  1706  4231 I am_foreground_service_start: [0,com.google.android.apps.wellbeing/com.google.apps.tiktok.concurrent.InternalForegroundService,1,BACKGROUND_ACTIVITY_PERMISSION,36,36,0,0,0,1,UNKNOWN,2048]
04-12 20:39:54.004720  1706  4205 I am_uid_active: 10081
04-12 20:39:54.028559  1706  1859 I am_uid_running: 10082
04-12 20:39:54.067891  1706  2853 I dvm_lock_sample: [system_server,1,binder:1706_D,52,ActivityManagerService.java,15128,boolean com.android.server.am.ActivityManagerService.stopServiceToken(android.content.ComponentName, android.os.IBinder, int),,0,null,10]
04-12 20:39:54.068453  1706  4345 I dvm_lock_sample: [system_server,1,binder:1706_20,49,ActivityManagerService.java,15319,void com.android.server.am.ActivityManagerService.publishService(android.os.IBinder, android.content.Intent, android.os.IBinder),,0,null,9]
04-12 20:39:54.079604  1706  1860 I am_proc_start: [0,8379,10082,com.android.providers.calendar,broadcast,{com.android.providers.calendar/com.android.providers.calendar.CalendarReceiver},action = android.intent.action.BOOT_COMPLETED]
04-12 20:39:54.110243  1706  4345 I am_proc_bound: [0,8379,com.android.providers.calendar]
04-12 20:39:54.289180  1706  2266 I am_uid_active: 10082
04-12 20:39:54.300428  1706  1859 I am_uid_running: 10254
04-12 20:39:54.311193  1706  1860 I am_proc_start: [0,8444,10254,com.google.android.apps.tachyon,broadcast,{com.google.android.apps.tachyon/com.google.android.apps.tachyon.common.applifecycle.BootReceiver},action = android.intent.action.BOOT_COMPLETED]
04-12 20:39:54.336638  1706  3280 I am_proc_bound: [0,8444,com.google.android.apps.tachyon]
04-12 20:39:54.363614  1706  4345 I am_foreground_service_stop: [0,com.google.android.apps.wellbeing/com.google.apps.tiktok.concurrent.InternalForegroundService,1,BACKGROUND_ACTIVITY_PERMISSION,36,36,1,0,375,1,STOP_FOREGROUND,2048]
04-12 20:39:54.387335  1706  2153 I notification_cancel_all: [1000,1706,com.google.android.gms,0,0,0,20,NULL]
04-12 20:39:54.387670  1706  2153 I notification_cancel_all: [1000,1706,com.google.android.gms,0,0,0,20,NULL]
04-12 20:39:54.387907  1706  2153 I notification_cancel_all: [1000,1706,com.google.android.gms,0,0,0,20,NULL]
04-12 20:39:54.388698  1706  2153 I notification_cancel_all: [1000,1706,com.google.android.gms,0,0,0,20,NULL]
04-12 20:39:54.389195  1706  2153 I notification_cancel_all: [1000,1706,com.google.android.gms,0,0,0,20,NULL]
04-12 20:39:54.645569  1706  1838 I commit_sys_config_file: [notification-policy,4]
04-12 20:39:54.651880  1706  4345 I am_uid_active: 10254
04-12 20:39:54.656393  1706  1859 I am_uid_running: 10213
04-12 20:39:54.659979  1706  1860 I am_proc_start: [0,8504,10213,com.google.android.configupdater,broadcast,{com.google.android.configupdater/com.google.android.configupdater.MainReceiver},action = android.intent.action.BOOT_COMPLETED]
04-12 20:39:54.703843  1706  4229 I am_proc_bound: [0,8504,com.google.android.configupdater]
04-12 20:39:54.704000  8504  8504 I auditd  : type=1400 audit(0.0:880): avc:  denied  { read write } for  comm="re-initialized>" name="ensignal" dev="tmpfs" ino=2080 scontext=u:r:priv_app:s0:c512,c768 tcontext=u:object_r:ensignal_device:s0 tclass=chr_file permissive=0 app=com.google.android.configupdater
04-12 20:39:54.708000  8504  8504 I auditd  : type=1400 audit(0.0:881): avc:  denied  { read write } for  comm="re-initialized>" name="ensignal" dev="tmpfs" ino=2080 scontext=u:r:priv_app:s0:c512,c768 tcontext=u:object_r:ensignal_device:s0 tclass=chr_file permissive=0 app=com.google.android.configupdater
04-12 20:39:54.749300  1706  4243 I dvm_lock_sample: [system_server,1,binder:1706_18,40,ActivityManagerService.java,15048,android.content.ComponentName com.android.server.am.ActivityManagerService.startService(android.app.IApplicationThread, android.content.Intent, java.lang.String, boolean, java.lang.String, java.lang.String, int, boolean, int, java.lang.String, java.lang.String),,0,null,8]
04-12 20:39:54.795521  1706  1860 I am_proc_start: [0,8601,10212,com.google.android.projection.gearhead:provider,content provider,{com.google.android.projection.gearhead/com.google.android.apps.auto.components.projectionstate.ProjectionStateProvider},caller=com.google.android.apps.tachyon/10254]
04-12 20:39:54.815782  1706  4244 I dvm_lock_sample: [system_server,1,binder:1706_19,45,BroadcastController.java,694,void com.android.server.am.BroadcastController.unregisterReceiverTraced(android.content.IIntentReceiver),,0,null,9]
