04-12 20:39:54.818134  1706  2153 I notification_enqueue: [10232,2347,com.google.android.gms,1000,a:GMSCORE_STORE_RENDERER:11be35c183260000:107718207925398475592,0,Notification(channel=com.google.android.gms.notifications::SECURITY_ALERTS shortcut=null contentView=null vibrate=null sound=null tick defaults=0 flags=LOCAL_ONLY color=0x00000000 actions=1 vis=PRIVATE publicVersion=Notification(channel=null shortcut=null contentView=null vibrate=null sound=null defaults=0 flags=0 color=0x00000000 vis=PRIVATE)),0,1]
04-12 20:39:54.822867  1706  4229 I am_proc_bound: [0,8601,com.google.android.projection.gearhead:provider]
04-12 20:39:54.826424  1706  1859 I dvm_lock_sample: [system_server,1,ActivityManager,23,BroadcastQueueImpl.java,493,void com.android.server.am.BroadcastQueueImpl.updateRunningList(),,0,null,4]
04-12 20:39:54.824000  8601  8601 I auditd  : type=1400 audit(0.0:882): avc:  denied  { read write } for  comm="re-initialized>" name="ensignal" dev="tmpfs" ino=2080 scontext=u:r:priv_app:s0:c512,c768 tcontext=u:object_r:ensignal_device:s0 tclass=chr_file permissive=0 app=com.google.android.projection.gearhead
04-12 20:39:54.828000  8601  8601 I auditd  : type=1400 audit(0.0:883): avc:  denied  { read write } for  comm="re-initialized>" name="ensignal" dev="tmpfs" ino=2080 scontext=u:r:priv_app:s0:c512,c768 tcontext=u:object_r:ensignal_device:s0 tclass=chr_file permissive=0 app=com.google.android.projection.gearhead
04-12 20:39:54.835786  1706  2810 I am_uid_active: 10213
04-12 20:39:54.841270  1706  1859 I am_uid_running: 10222
04-12 20:39:54.846933  1706  1860 I am_proc_start: [0,8591,10222,com.google.android.packageinstaller,broadcast,{com.google.android.packageinstaller/com.android.packageinstaller.common.TemporaryFileManager},action = android.intent.action.BOOT_COMPLETED]
04-12 20:39:54.849484  2347  3456 I dvm_lock_sample: [com.google.android.gms.persisten,0,lowpool[3],115,:com.google.android.gms@261233035@26.12.33 (260400-892550550),11,int faie.b(faeu),-,25,void faie.h(int),23]
04-12 20:39:54.880517  1706  2266 I am_proc_bound: [0,8591,com.google.android.packageinstaller]
04-12 20:39:54.880689  1706  4208 I dvm_lock_sample: [system_server,1,binder:1706_15,12,JobSchedulerService.java,2093,java.util.List com.android.server.job.JobSchedulerService.getPendingJobsInNamespace(int, java.lang.String),QuotaController.java,2247,void com.android.server.job.controllers.QuotaController$Timer.stopTrackingJob(com.android.server.job.controllers.JobStatus),2]
04-12 20:39:54.884088  2347  3421 I dvm_lock_sample: [com.google.android.gms.persisten,1,GoogleApiHandler,34,ContextImpl.java,599,android.content.SharedPreferences android.app.ContextImpl.getSharedPreferences(java.lang.String, int),,0,null,6]
04-12 20:39:54.880000  8591  8591 I auditd  : type=1400 audit(0.0:884): avc:  denied  { read write } for  comm="re-initialized>" name="ensignal" dev="tmpfs" ino=2080 scontext=u:r:priv_app:s0:c512,c768 tcontext=u:object_r:ensignal_device:s0 tclass=chr_file permissive=0 app=com.google.android.packageinstaller
04-12 20:39:54.929774  1706  2266 I am_uid_active: 10222
04-12 20:39:54.932901  1706  1838 I commit_sys_config_file: [jobs,1]
04-12 20:39:54.937728  1706  2153 I notification_enqueue: [10232,2347,com.google.android.gms,1000,a:GMSCORE_STORE_RENDERER:0b135afdc4360000:107718207925398475592,0,Notification(channel=com.google.android.gms.notifications::SECURITY_ALERTS shortcut=null contentView=null vibrate=null sound=null tick defaults=0 flags=LOCAL_ONLY|SILENT color=0x00000000 actions=1 vis=PRIVATE publicVersion=Notification(channel=null shortcut=null contentView=null vibrate=null sound=null defaults=0 flags=0 color=0x00000000 vis=PRIVATE)),0,1]
04-12 20:39:54.938766  1706  1860 I am_proc_start: [0,8634,10212,com.google.android.projection.gearhead:car,broadcast,{com.google.android.projection.gearhead/com.google.android.apps.auto.carservice.frx.FrxReceiver},action = android.intent.action.BOOT_COMPLETED]
04-12 20:39:54.967859  1706  2810 I am_proc_bound: [0,8634,com.google.android.projection.gearhead:car]
04-12 20:39:54.986687  1706  4208 I am_uid_idle: 10163
04-12 20:39:55.010711  1706  1859 I am_uid_running: 10229
04-12 20:39:55.016540  1706  1860 I am_proc_start: [0,8675,10229,com.google.android.setupwizard,broadcast,{com.google.android.setupwizard/com.google.android.setupwizard.pairing.PairingBootReceiver},action = android.intent.action.BOOT_COMPLETED]
04-12 20:39:55.022700  1706  2153 I sysui_multi_action: [757,1501,758,1,793,328,794,0,795,328,796,1000,797,a:GMSCORE_STORE_RENDERER:11be35c183260000:107718207925398475592,806,com.google.android.gms,857,com.google.android.gms.noti-9e60d696,858,3,947,0,1500,0,1688,1,1745,2098068913]
04-12 20:39:55.022760  1706  2153 I sysui_multi_action: [757,804,799,note_interruptive,801,0,802,1]
04-12 20:39:55.023213  1706  2153 I sysui_multi_action: [757,199,758,1,759,32784,793,329,794,0,795,329,796,1000,797,a:GMSCORE_STORE_RENDERER:11be35c183260000:107718207925398475592,806,com.google.android.gms,857,com.google.android.gms.noti-9e60d696,858,3,947,0,1500,1,1688,1,1745,2098068913]
04-12 20:39:55.023232  1706  2153 I notification_alert: [0|com.google.android.gms|1000|a:GMSCORE_STORE_RENDERER:11be35c183260000:107718207925398475592|10232,0,0,0,2,32768]
04-12 20:39:55.058285  1706  2266 I am_proc_bound: [0,8675,com.google.android.setupwizard]
04-12 20:39:55.066772  1706  2001 I commit_sys_config_file: [settings-1-0,26]
04-12 20:39:55.105219  1706  1838 I commit_sys_config_file: [notification-policy,2]
04-12 20:39:55.141988  1706  2153 I sysui_multi_action: [757,1501,758,1,793,217,794,0,795,217,796,1000,797,a:GMSCORE_STORE_RENDERER:0b135afdc4360000:107718207925398475592,806,com.google.android.gms,857,com.google.android.gms.noti-9e60d696,858,3,947,0,1500,0,1688,1,1745,2098068913]
04-12 20:39:55.142007  1706  2153 I sysui_multi_action: [757,804,799,note_interruptive,801,0,802,1]
04-12 20:39:55.150624  1706  2153 I notification_autogrouped: 0|com.google.android.gms|1000|a:GMSCORE_STORE_RENDERER:11be35c183260000:107718207925398475592|10232
04-12 20:39:55.150674  1706  2153 I notification_autogrouped: 0|com.google.android.gms|1000|a:GMSCORE_STORE_RENDERER:0b135afdc4360000:107718207925398475592|10232
04-12 20:39:55.150711  1706  2153 I notification_adjusted: [0|com.google.android.gms|1000|a:GMSCORE_STORE_RENDERER:0b135afdc4360000:107718207925398475592|10232,key_group_key,0|com.google.android.gms|g:Aggregate_AlertingSection]
04-12 20:39:55.150976  1706  2153 I sysui_multi_action: [757,199,758,1,759,2064,793,226,794,0,795,226,796,1000,797,a:GMSCORE_STORE_RENDERER:0b135afdc4360000:107718207925398475592,806,com.google.android.gms,857,com.google.android.gms.noti-9e60d696,858,3,946,0|com.google.android.gms|g:-1d40d8e2,947,0,1500,9,1688,1,1745,2098068913]
04-12 20:39:55.150996  1706  2153 I notification_alert: [0|com.google.android.gms|1000|a:GMSCORE_STORE_RENDERER:0b135afdc4360000:107718207925398475592|10232,0,0,0,2,2048]
04-12 20:39:55.155762  1706  2152 I notification_adjusted: [0|com.google.android.gms|1000|a:GMSCORE_STORE_RENDERER:11be35c183260000:107718207925398475592|10232,key_group_key,0|com.google.android.gms|g:Aggregate_AlertingSection]
04-12 20:39:55.156066  1706  2153 I notification_enqueue: [10232,2347,com.google.android.gms,0,0|com.google.android.gms|g:Aggregate_AlertingSection,0,Notification(channel=com.google.android.gms.notifications::SECURITY_ALERTS shortcut=null contentView=null vibrate=null sound=null defaults=0 flags=LOCAL_ONLY|GROUP_SUMMARY|AUTOGROUP_SUMMARY color=0x00000000 groupKey=0|com.google.android.gms|g:Aggregate_AlertingSection vis=PRIVATE),0,0]
04-12 20:39:55.275916  1706  2266 I am_uid_active: 10229
04-12 20:39:55.298541  1706  1837 I dvm_lock_sample: [system_server,1,android.ui,20,ActivityManagerService.java,17319,void com.android.server.am.ActivityManagerService.pushTempAllowlist(),BroadcastQueueImpl.java,495,void com.android.server.am.BroadcastQueueImpl.updateRunningList(),4]
04-12 20:39:55.311796  1706  1860 I am_proc_start: [0,8705,1000,com.mediatek.omacp,broadcast,{com.mediatek.omacp/com.mediatek.omacp.message.OmacpReceiver},action = android.intent.action.BOOT_COMPLETED]
04-12 20:39:55.335088  8705  8705 I service_manager_slow: [10,activity]
04-12 20:39:55.337500  1706  2266 I am_proc_bound: [0,8705,com.mediatek.omacp]
04-12 20:39:55.360746  1706  2153 I sysui_multi_action: [757,199,758,1,759,1040,793,210,794,0,795,210,796,0,797,0|com.google.android.gms|g:Aggregate_AlertingSection,806,com.google.android.gms,857,com.google.android.gms.noti-9e60d696,858,3,946,0|com.google.android.gms|g:-1d40d8e2,947,1,1500,210,1688,1]
04-12 20:39:55.360768  1706  2153 I notification_alert: [0|com.google.android.gms|0|0|com.google.android.gms|g:Aggregate_AlertingSection|10232|0|com.google.android.gms|g:Aggregate_AlertingSection,0,0,0,2,1024]
04-12 20:39:55.387231  1706  2266 I am_foreground_service_start: [0,com.google.android.setupwizard/.notification.SetupNotificationService,1,BACKGROUND_ACTIVITY_PERMISSION,36,36,0,0,0,1,UNKNOWN,1073741824]
04-12 20:39:55.395135  1706  2001 I commit_sys_config_file: [settings-0-0,2]
04-12 20:39:55.421108  1706  1860 I am_proc_start: [0,8729,1000,com.mediatek.schpwronoff,broadcast,{com.mediatek.schpwronoff/com.mediatek.schpwronoff.AlarmInitReceiver},action = android.intent.action.BOOT_COMPLETED]
04-12 20:39:55.441064  1706  1942 I am_proc_bound: [0,8729,com.mediatek.schpwronoff]
04-12 20:39:55.445012  1706  4345 I am_foreground_service_start: [0,com.mediatek.omacp/.message.OmacpReceiverService,1,PROC_STATE_PERSISTENT,36,36,0,0,0,1,UNKNOWN,1]
04-12 20:39:55.447454  1706  2153 I notification_enqueue: [1000,8705,com.mediatek.omacp,126,NULL,0,Notification(channel=omacp_notification_channel shortcut=null contentView=null vibrate=null sound=null defaults=0 flags=FOREGROUND_SERVICE|CAN_COLORIZE|SILENT color=0x00000000 vis=PRIVATE),0,1]
04-12 20:39:55.455036  1706  2810 I am_foreground_service_stop: [0,com.mediatek.omacp/.message.OmacpReceiverService,1,PROC_STATE_PERSISTENT,36,36,0,0,10,1,STOP_SERVICE,1]
04-12 20:39:55.455149  1706  2153 I sysui_multi_action: [757,128,758,5,759,8,793,9,794,0,795,9,796,126,806,com.mediatek.omacp,857,omacp_notification_channel,858,3,947,0,1500,9,1688,1]
04-12 20:39:55.455176  1706  2153 I notification_canceled: [0|com.mediatek.omacp|126|null|1000,8,9,9,0,-1,-1,NULL]
04-12 20:39:55.511937  1706  1859 I am_uid_running: 10241
04-12 20:39:55.534284  1706  1860 I am_proc_start: [0,8786,10241,com.android.chrome,broadcast,{com.android.chrome/com.google.android.apps.chrome.rlz.RevenueStatsConfigurationUpdateReceiver},caller=com.google.android.partnersetup/10221,action = com.google.android.partnersetup.action.CONFIGURATION_UPDATE]
04-12 20:39:55.565816  1706  4345 I am_proc_bound: [0,8786,com.android.chrome]
04-12 20:39:55.847404  1706  2001 I commit_sys_config_file: [settings-0-0,1]
04-12 20:39:55.888967  1706  4249 I am_uid_idle: 10203
04-12 20:39:56.856369  1706  2086 I input_interaction: Interaction with: e9bd40a Application Error: com.transsion.tranfacmode, [Gesture Monitor] edge-swipe, [Gesture Monitor] TranGestureMonitor, [Gesture Monitor] TranGestureMonitor, PointerEventDispatcher0, 
04-12 20:39:56.868750  1706  1840 I snet_event_log: updateFrameRateVote [pkg = com.android.systemui title = com.android.systemui.wallpapers.ImageWallpaper refreshRate = 90.0 modeId = 3 setting =10000 peak = 120.0 mTopApp = com.google.android.gms]
04-12 20:39:56.868923  1706  1840 I snet_event_log: updateFrameRateVote [pkg = com.google.android.gms title = com.google.android.gms/com.google.android.gms.nearby.sharing.main.MainActivity refreshRate = 120.00001 modeId = 2 setting =10000 peak = 120.0 mTopApp = com.google.android.gms]
04-12 20:39:56.869318  1706  1840 I snet_event_log: updateFrameRateVote [pkg = com.transsion.launcher3 title = Taskbar refreshRate = 120.00001 modeId = 2 setting =10000 peak = 120.0 mTopApp = com.google.android.gms]
04-12 20:39:56.869537  1706  1840 I snet_event_log: updateFrameRateVote [pkg = com.android.systemui title = DynamicBar refreshRate = 90.0 modeId = 3 setting =10000 peak = 120.0 mTopApp = com.google.android.gms]
04-12 20:39:56.909201  2707  2922 I jank_cuj_events_end_request: [10425,1775997596909111000,39683063463,39683063463]
04-12 20:39:57.043196  1706  2001 I commit_sys_config_file: [settings-1-0,4]
04-12 20:39:57.432606  2707  2922 I jank_cuj_events_end_request: [10425,1775997597431708000,40205660002,40205660002]
04-12 20:39:57.432744  1706  3319 I sysui_multi_action: [757,316,758,4,759,1]
04-12 20:39:57.433491  1706  3319 I am_kill : [0,8139,com.transsion.tranfacmode,0,crash,152824]
04-12 20:39:57.446717  1706  1840 I snet_event_log: updateFrameRateVote [pkg = android title = Application Error: com.transsion.tranfacmode refreshRate = 120.00001 modeId = 2 setting =10000 peak = 120.0 mTopApp = com.google.android.gms]
04-12 20:39:57.446913  1706  1840 I wm_dim_exit: [207,-,1,0]
04-12 20:39:57.446955  1706  1840 I wm_dim_cancel_anim: [207,new target values]
04-12 20:39:57.446996  1706  1840 I wm_dim_animate: [207,0.000000,0.000000]
04-12 20:39:57.448013  1706  1840 I input_focus: [Focus request abc43d2 com.google.android.gms/com.google.android.gms.nearby.sharing.main.MainActivity,reason=UpdateInputWindows]
04-12 20:39:57.460957  1706  2086 I input_focus: [Focus entering abc43d2 com.google.android.gms/com.google.android.gms.nearby.sharing.main.MainActivity,reason=setFocusedWindow]
04-12 20:39:57.467923  1706  1848 I am_mem_factor: [1,0]
04-12 20:39:57.542755  1706  1840 I wm_dim_finish_anim: 207
04-12 20:39:57.542993  1706  1840 I wm_dim_cancel_anim: [207,ready to remove]
04-12 20:39:57.543036  1706  1840 I wm_dim_removed: 207
04-12 20:39:57.624000  7362  7362 I auditd  : type=1400 audit(0.0:911): avc:  denied  { search } for  comm="Primes-2" name="com.google.android.mosey" dev="dm-79" ino=6281 scontext=u:r:mosey_app:s0:c131,c256,c512,c768 tcontext=u:object_r:app_data_file:s0:c131,c256,c512,c768 tclass=dir permissive=0 app=com.google.android.mosey
04-12 20:39:57.624000  7362  7362 I auditd  : type=1400 audit(0.0:912): avc:  denied  { search } for  comm="Primes-2" name="com.google.android.mosey" dev="dm-79" ino=6281 scontext=u:r:mosey_app:s0:c131,c256,c512,c768 tcontext=u:object_r:app_data_file:s0:c131,c256,c512,c768 tclass=dir permissive=0 app=com.google.android.mosey
04-12 20:39:57.624000  7362  7362 I auditd  : type=1400 audit(0.0:913): avc:  denied  { search } for  comm="Primes-2" name="com.google.android.mosey" dev="dm-79" ino=6281 scontext=u:r:mosey_app:s0:c131,c256,c512,c768 tcontext=u:object_r:app_data_file:s0:c131,c256,c512,c768 tclass=dir permissive=0 app=com.google.android.mosey
04-12 20:39:57.624000  7362  7362 I auditd  : type=1400 audit(0.0:914): avc:  denied  { search } for  comm="Primes-2" name="com.google.android.mosey" dev="dm-79" ino=6281 scontext=u:r:mosey_app:s0:c131,c256,c512,c768 tcontext=u:object_r:app_data_file:s0:c131,c256,c512,c768 tclass=dir permissive=0 app=com.google.android.mosey
04-12 20:39:57.624000  7362  7362 I auditd  : type=1400 audit(0.0:915): avc:  denied  { search } for  comm="Primes-2" name="com.google.android.mosey" dev="dm-79" ino=6281 scontext=u:r:mosey_app:s0:c131,c256,c512,c768 tcontext=u:object_r:app_data_file:s0:c131,c256,c512,c768 tclass=dir permissive=0 app=com.google.android.mosey
04-12 20:39:57.760890  1706  2001 I commit_sys_config_file: [settings-1-0,3]
04-12 20:39:57.819947  1706  2086 I input_interaction: Interaction with: abc43d2 com.google.android.gms/com.google.android.gms.nearby.sharing.main.MainActivity, [Gesture Monitor] edge-swipe, [Gesture Monitor] TranGestureMonitor, [Gesture Monitor] TranGestureMonitor, PointerEventDispatcher0, 
04-12 20:39:57.927869  2707  2922 I jank_cuj_events_end_request: [10425,1775997597927592000,40701544310,40701544310]
04-12 20:39:57.935360  1706  2810 I am_meminfo: [3936350208,186732544,20480,1123811328,1076667392]
04-12 20:39:58.469253  1706  2810 I am_mem_factor: [0,1]
04-12 20:39:59.668000  5140  5140 I auditd  : type=1400 audit(0.0:978): avc:  denied  { getopt } for  comm="FinalizerDaemon" path="/dev/socket/usap_pool_primary" scontext=u:r:gmscore_app:s0:c512,c768 tcontext=u:r:zygote:s0 tclass=unix_stream_socket permissive=0 app=com.google.android.gms
04-12 20:40:00.403217  2707  2922 I jank_cuj_events_begin_request: [10501,1775997600403121000,43177073310,43177073540,]
04-12 20:40:00.564000  7362  7362 I auditd  : type=1400 audit(0.0:979): avc:  denied  { search } for  comm="ProcessStablePh" name="com.google.android.mosey" dev="dm-79" ino=9401 scontext=u:r:mosey_app:s0:c131,c256,c512,c768 tcontext=u:object_r:app_data_file:s0:c131,c256,c512,c768 tclass=dir permissive=0 app=com.google.android.mosey
04-12 20:40:00.568000  7362  7362 I auditd  : type=1400 audit(0.0:980): avc:  denied  { search } for  comm="ProcessStablePh" name="com.google.android.mosey" dev="dm-79" ino=9401 scontext=u:r:mosey_app:s0:c131,c256,c512,c768 tcontext=u:object_r:app_data_file:s0:c131,c256,c512,c768 tclass=dir permissive=0 app=com.google.android.mosey
04-12 20:40:00.568000  7362  7362 I auditd  : type=1400 audit(0.0:981): avc:  denied  { search } for  comm="ProcessStablePh" name="com.google.android.mosey" dev="dm-79" ino=9401 scontext=u:r:mosey_app:s0:c131,c256,c512,c768 tcontext=u:object_r:app_data_file:s0:c131,c256,c512,c768 tclass=dir permissive=0 app=com.google.android.mosey
04-12 20:40:00.568000  7362  7362 I auditd  : type=1400 audit(0.0:982): avc:  denied  { search } for  comm="ProcessStablePh" name="com.google.android.mosey" dev="dm-79" ino=9401 scontext=u:r:mosey_app:s0:c131,c256,c512,c768 tcontext=u:object_r:app_data_file:s0:c131,c256,c512,c768 tclass=dir permissive=0 app=com.google.android.mosey
04-12 20:40:00.581444  1706  2266 I am_uid_idle: 10241
04-12 20:40:00.918151  2707  2922 I jank_cuj_events_end_request: [10501,1775997600917846000,43691797617,43691797848]
04-12 20:40:00.928000  1706  1706 I auditd  : type=1400 audit(0.0:1005): avc:  denied  { read } for  comm="PerfCoreThread" name="u:object_r:vendor_mtk_powerhal_prop:s0" dev="tmpfs" ino=799 scontext=u:r:system_server:s0 tcontext=u:object_r:vendor_mtk_powerhal_prop:s0 tclass=file permissive=0
04-12 20:40:01.059173  1706  2001 I commit_sys_config_file: [settings-1-0,7]
04-12 20:40:01.776607  1706  1860 I am_proc_start: [0,8879,10231,com.android.vending:background,service,{com.android.vending/com.google.frameworks.client.data.android.server.play.BackgroundProcessEndpointService},caller=com.android.vending/10231]
04-12 20:40:01.790993  1706  2266 I am_proc_bound: [0,8879,com.android.vending:background]
04-12 20:40:01.788000  8879  8879 I auditd  : type=1400 audit(0.0:1006): avc:  denied  { read write } for  comm="re-initialized>" name="ensignal" dev="tmpfs" ino=2080 scontext=u:r:priv_app:s0:c512,c768 tcontext=u:object_r:ensignal_device:s0 tclass=chr_file permissive=0 app=com.android.vending
