----- timezone:Asia/Shanghai
04-12 20:39:44.340000  4963  4963 I auditd  : type=1400 audit(0.0:579): avc:  denied  { read } for  comm=4F6E65494420576F726B6572 name="u:object_r:vendor_security_patch_level_prop:s0" dev="tmpfs" ino=888 scontext=u:r:priv_app:s0:c512,c768 tcontext=u:object_r:vendor_security_patch_level_prop:s0 tclass=file permissive=0 app=com.transsion.globalsearch
04-12 20:39:44.341428  1706  4200 I am_proc_start: [0,3846,10151,com.gallery20,activity,{com.gallery20/com.gallery20.HomeActivity}]
04-12 20:39:44.341863  1706  4200 I am_proc_bound: [0,3846,com.gallery20]
04-12 20:39:44.344022  1706  4200 I am_uid_active: 10151
04-12 20:39:44.360449  1706  3561 I dvm_lock_sample: [system_server,1,binder:1706_11,99,ActivityManagerService.java,5375,void com.android.server.am.ActivityManagerService.attachApplication(android.app.IApplicationThread, long),,0,null,19]
04-12 20:39:44.352000  3846  3846 I auditd  : type=1400 audit(0.0:580): avc:  denied  { read write } for  comm="re-initialized>" name="ensignal" dev="tmpfs" ino=2080 scontext=u:r:untrusted_app:s0:c151,c256,c512,c768 tcontext=u:object_r:ensignal_device:s0 tclass=chr_file permissive=0 app=com.gallery20
04-12 20:39:44.352000  3846  3846 I auditd  : type=1400 audit(0.0:581): avc:  denied  { read write } for  comm="re-initialized>" name="ensignal" dev="tmpfs" ino=2080 scontext=u:r:untrusted_app:s0:c151,c256,c512,c768 tcontext=u:object_r:ensignal_device:s0 tclass=chr_file permissive=0 app=com.gallery20
04-12 20:39:44.363015  1706  3561 I am_proc_bound: [0,5356,com.transsion.aiwallpaper]
04-12 20:39:44.405030  1706  4298 I dvm_lock_sample: [system_server,0,binder:1706_1B,109,ActivityManagerService.java,15340,void com.android.server.am.ActivityManagerService.serviceDoneExecuting(android.os.IBinder, int, int, int, android.content.Intent),,0,null,21]
04-12 20:39:44.426422  1706  4208 I am_uid_active: 10208
04-12 20:39:44.429827  1706  1940 I dvm_lock_sample: [system_server,1,binder:1706_3,214,ContentProviderHelper.java,207,android.app.ContentProviderHolder com.android.server.am.ContentProviderHelper.getContentProviderImpl(android.app.IApplicationThread, java.lang.String, android.os.IBinder, int, java.lang.String, java.lang.String, boolean, int),,0,null,42]
04-12 20:39:44.441352  2999  5306 I service_manager_slow: [23,color_display]
04-12 20:39:44.443904  1706  4200 I wm_restart_activity: [0,129231105,52,com.gallery20/.HomeActivity]
04-12 20:39:44.444816  1706  4200 I wm_set_resumed_activity: [0,com.gallery20/.HomeActivity,realStartActivityLocked - onActivityStateChanged]
04-12 20:39:44.447052  1706  4244 I dvm_lock_sample: [system_server,1,binder:1706_19,144,ActivityManagerService.java,15048,android.content.ComponentName com.android.server.am.ActivityManagerService.startService(android.app.IApplicationThread, android.content.Intent, java.lang.String, boolean, java.lang.String, java.lang.String, int, boolean, int, java.lang.String, java.lang.String),,0,null,28]
04-12 20:39:44.467919  1706  1942 I dvm_lock_sample: [system_server,1,binder:1706_5,141,ContentProviderHelper.java,871,void com.android.server.am.ContentProviderHelper.publishContentProviders(android.app.IApplicationThread, java.util.List),,0,null,28]
04-12 20:39:44.469318  1706  2835 I am_uid_active: 10117
04-12 20:39:44.486506  1706  2424 I commit_sys_config_file: [input-subtypes,7]
04-12 20:39:44.487871  1706  1942 I netstats_mobile_sample: [0,0,0,0,0,0,0,0,1775997584891]
04-12 20:39:44.487942  1706  1942 I netstats_wifi_sample: [32293,10783,79,100,30920,10555,67,97,1775997584891]
04-12 20:39:44.505951  3846  3846 I wm_on_create_called: [129231105,com.gallery20.HomeActivity,performCreate,39]
04-12 20:39:44.548153  1706  4231 I dvm_lock_sample: [system_server,1,binder:1706_17,123,ActivityManagerService.java,15283,int com.android.server.am.ActivityManagerService.bindServiceInstance(android.app.IApplicationThread, android.os.IBinder, android.content.Intent, java.lang.String, android.app.IServiceConnection, long, java.lang.String, boolean, int, java.lang.String, android.app.IApplicationThread, java.lang.String, int),,0,null,24]
04-12 20:39:44.549887  1706  2810 I dvm_lock_sample: [system_server,1,binder:1706_A,112,ActivityManagerService.java,15305,boolean com.android.server.am.ActivityManagerService.unbindService(android.app.IServiceConnection),,0,null,22]
04-12 20:39:44.563643  4993  5309 I dvm_lock_sample: [com.google.android.inputmethod.l,0,mdd-control-1,84,PG,5,java.lang.Object ljh.a(tpg),-,19,java.lang.Object ljh.a(tpg),16]
04-12 20:39:44.565611  1706  1860 I am_proc_start: [0,5486,1000,com.android.localtransport,service,{com.android.localtransport/com.android.localtransport.LocalTransportService},caller=system/1000]
04-12 20:39:44.574424  1706  1795 I am_proc_bound: [0,5486,com.android.localtransport]
04-12 20:39:44.575350  3846  3846 I wm_on_start_called: [129231105,com.gallery20.HomeActivity,handleStartActivity,1]
04-12 20:39:44.576570  3846  3846 I wm_on_resume_called: [129231105,com.gallery20.HomeActivity,RESUME_ACTIVITY,0]
04-12 20:39:44.589666  1706  4208 I dvm_lock_sample: [system_server,1,binder:1706_15,56,ContentProviderHelper.java,871,void com.android.server.am.ContentProviderHelper.publishContentProviders(android.app.IApplicationThread, java.util.List),,0,null,11]
04-12 20:39:44.592240  3846  3846 I wm_on_top_resumed_gained_called: [129231105,com.gallery20.HomeActivity,topStateChangedWhenResumed]
04-12 20:39:44.596441  5317  5317 I service_manager_slow: [18,tran_service_manager]
04-12 20:39:44.599784  1706  4316 I am_uid_active: 10250
04-12 20:39:44.608682  1706  1840 I input_focus: [Focus request b47009a com.gallery20/com.gallery20.HomeActivity,reason=UpdateInputWindows]
04-12 20:39:44.615193  1706  1840 I snet_event_log: updateFrameRateVote [pkg = com.gallery20 title = com.gallery20/com.gallery20.HomeActivity refreshRate = 90.0 modeId = 3 setting =10000 peak = 120.0 mTopApp = com.gallery20]
04-12 20:39:44.617534  1706  1940 I dvm_lock_sample: [system_server,1,binder:1706_3,167,ActivityManagerService.java,15283,int com.android.server.am.ActivityManagerService.bindServiceInstance(android.app.IApplicationThread, android.os.IBinder, android.content.Intent, java.lang.String, android.app.IServiceConnection, long, java.lang.String, boolean, int, java.lang.String, android.app.IApplicationThread, java.lang.String, int),,0,null,33]
04-12 20:39:44.622900  1706  1839 I dvm_lock_sample: [system_server,1,android.display,63,ProcessRecord.java,1815,void com.android.server.am.ProcessRecord.setRunningRemoteAnimation(boolean),,0,null,12]
04-12 20:39:44.644998  1706  3319 I dvm_lock_sample: [system_server,1,binder:1706_10,74,BroadcastController.java,532,android.content.Intent com.android.server.am.BroadcastController.registerReceiverWithFeatureTraced(android.app.IApplicationThread, java.lang.String, java.lang.String, java.lang.String, android.content.IIntentReceiver, android.content.IntentFilter, java.lang.String, int, int),,0,null,14]
04-12 20:39:44.655518  1706  2453 I dvm_lock_sample: [system_server,1,binder:1706_8,80,ActivityManagerService.java,15283,int com.android.server.am.ActivityManagerService.bindServiceInstance(android.app.IApplicationThread, android.os.IBinder, android.content.Intent, java.lang.String, android.app.IServiceConnection, long, java.lang.String, boolean, int, java.lang.String, android.app.IApplicationThread, java.lang.String, int),,0,null,16]
04-12 20:39:44.657063  1706  1990 I dvm_lock_sample: [system_server,1,appscheduling.default,145,ActivityManagerService.java,15283,int com.android.server.am.ActivityManagerService.bindServiceInstance(android.app.IApplicationThread, android.os.IBinder, android.content.Intent, java.lang.String, android.app.IServiceConnection, long, java.lang.String, boolean, int, java.lang.String, android.app.IApplicationThread, java.lang.String, int),,0,null,29]
04-12 20:39:44.661606  2347  3440 I c2dm    : [-2,,1,1]
04-12 20:39:44.666253  1706  2139 I dvm_lock_sample: [system_server,0,WifiScanningService,116,AlarmManagerService.java,2316,void com.android.server.alarm.AlarmManagerService.setImpl(int, long, long, long, android.app.PendingIntent, android.app.IAlarmListener, java.lang.String, int, android.os.WorkSource, android.app.AlarmManager$AlarmClockInfo, int, java.lang.String, android.os.Bundle, int),-,2344,void com.android.server.alarm.AlarmManagerService.setImpl(int, long, long, long, android.app.PendingIntent, android.app.IAlarmListener, java.lang.String, int, android.os.WorkSource, android.app.AlarmManager$AlarmClockInfo, int, java.lang.String, android.os.Bundle, int),23]
04-12 20:39:44.676648  3846  3846 I viewroot_draw_event: [VRI[HomeActivity],reportDrawFinished seqId=0]
04-12 20:39:44.687961  1706  4316 I dvm_lock_sample: [system_server,1,binder:1706_1E,59,ActivityManagerService.java,15283,int com.android.server.am.ActivityManagerService.bindServiceInstance(android.app.IApplicationThread, android.os.IBinder, android.content.Intent, java.lang.String, android.app.IServiceConnection, long, java.lang.String, boolean, int, java.lang.String, android.app.IApplicationThread, java.lang.String, int),,0,null,11]
04-12 20:39:44.688478  5242  5242 I dvm_lock_sample: [com.google.android.tts,1,main,66,PG,118,dxr org.chromium.net.DnsStatus.b(dvy, java.lang.String),-,178,dxr org.chromium.net.DnsStatus.b(dvy, java.lang.String),13]
04-12 20:39:44.694415  1706  3280 I dvm_lock_sample: [system_server,1,binder:1706_F,132,ActivityManagerService.java,15319,void com.android.server.am.ActivityManagerService.publishService(android.os.IBinder, android.content.Intent, android.os.IBinder),,0,null,26]
04-12 20:39:44.695203  1706  2265 I dvm_lock_sample: [system_server,1,binder:1706_6,218,ContentProviderHelper.java,207,android.app.ContentProviderHolder com.android.server.am.ContentProviderHelper.getContentProviderImpl(android.app.IApplicationThread, java.lang.String, android.os.IBinder, int, java.lang.String, java.lang.String, boolean, int),,0,null,43]
04-12 20:39:44.706563  1706  1836 I sysui_multi_action: [319,21,321,170,322,1025,325,26,757,761,758,7,759,1,806,com.gallery20,871,com.gallery20.HomeActivity,904,com.transsion.launcher3,905,0,1320,8,1321,1]
04-12 20:39:44.714959  2707  2954 I viewroot_draw_event: [VRI[gallery20],Not drawing due to not visible. Reason=View.GONE]
04-12 20:39:44.716574  1706  1859 I dvm_lock_sample: [system_server,1,ActivityManager,73,BroadcastQueueImpl.java,2293,void com.android.server.am.BroadcastQueueImpl.handleProcessFreezableChanged(com.android.server.am.ProcessRecord),,0,null,14]
04-12 20:39:44.717819  1706  1836 I wm_activity_launch_time: [0,129231105,com.gallery20/.HomeActivity,1025]
04-12 20:39:44.719689  1706  1840 I snet_event_log: updateFrameRateVote [pkg = com.gallery20 title = Splash Screen com.gallery20 refreshRate = 120.00001 modeId = 2 setting =10000 peak = 120.0 mTopApp = com.gallery20]
04-12 20:39:44.729847  1706  4344 I dvm_lock_sample: [system_server,1,binder:1706_1F,76,ActivityManagerService.java,5422,void com.android.server.am.ActivityManagerService.finishAttachApplicationInner(long, int, int),,0,null,15]
04-12 20:39:44.733252  1706  2086 I input_focus: [Focus entering b47009a com.gallery20/com.gallery20.HomeActivity,reason=Window became focusable. Previous reason: NOT_VISIBLE]
04-12 20:39:44.734014  1706  4344 I am_uid_active: 10112
04-12 20:39:44.761042  1706  4308 I dvm_lock_sample: [system_server,1,binder:1706_1D,136,ActivityManagerService.java,7456,void com.android.server.am.ActivityManagerService.grantUriPermission(android.app.IApplicationThread, java.lang.String, android.net.Uri, int, int),,0,null,27]
04-12 20:39:44.770975  5356  5531 I dvm_lock_sample: [com.transsion.aiwallpaper,1,Athena-Worker,89,ActivityThread.java,8429,android.content.IContentProvider android.app.ActivityThread.acquireProvider(android.content.Context, java.lang.String, int, boolean),-,8455,android.content.IContentProvider android.app.ActivityThread.acquireProvider(android.content.Context, java.lang.String, int, boolean),17]
04-12 20:39:44.771661  1706  4244 I dvm_lock_sample: [system_server,1,binder:1706_19,60,ActivityManagerService.java,15283,int com.android.server.am.ActivityManagerService.bindServiceInstance(android.app.IApplicationThread, android.os.IBinder, android.content.Intent, java.lang.String, android.app.IServiceConnection, long, java.lang.String, boolean, int, java.lang.String, android.app.IApplicationThread, java.lang.String, int),,0,null,12]
04-12 20:39:44.805390  1706  1839 I dvm_lock_sample: [system_server,1,android.display,147,ProcessRecord.java,1726,void com.android.server.am.ProcessRecord.updateServiceConnectionActivities(),,0,null,29]
04-12 20:39:44.821466  1706  1837 I dvm_lock_sample: [system_server,1,android.ui,60,ActivityManagerService.java,17319,void com.android.server.am.ActivityManagerService.pushTempAllowlist(),,0,null,12]
04-12 20:39:44.834947  1706  4316 I dvm_lock_sample: [system_server,1,binder:1706_1E,44,ContentProviderHelper.java,207,android.app.ContentProviderHolder com.android.server.am.ContentProviderHelper.getContentProviderImpl(android.app.IApplicationThread, java.lang.String, android.os.IBinder, int, java.lang.String, java.lang.String, boolean, int),,0,null,8]
04-12 20:39:44.869180  1706  4345 I am_uid_running: 10163
04-12 20:39:44.875719  1706  1990 I dvm_lock_sample: [system_server,1,appscheduling.default,215,ActivityManagerService.java,15283,int com.android.server.am.ActivityManagerService.bindServiceInstance(android.app.IApplicationThread, android.os.IBinder, android.content.Intent, java.lang.String, android.app.IServiceConnection, long, java.lang.String, boolean, int, java.lang.String, android.app.IApplicationThread, java.lang.String, int),,0,null,43]
04-12 20:39:44.892064  1706  1860 I am_proc_start: [0,5663,10163,com.transsion.mediaeditor,service,{com.transsion.mediaeditor/com.transsion.mediaeditor.EditAppLaunchService},caller=com.gallery20/10151]
04-12 20:39:44.927802  1706  1795 I dvm_lock_sample: [system_server,1,binder:1706_1,80,ActivityManagerService.java,15283,int com.android.server.am.ActivityManagerService.bindServiceInstance(android.app.IApplicationThread, android.os.IBinder, android.content.Intent, java.lang.String, android.app.IServiceConnection, long, java.lang.String, boolean, int, java.lang.String, android.app.IApplicationThread, java.lang.String, int),,0,null,16]
04-12 20:39:44.956699  1706  1990 I dvm_lock_sample: [system_server,1,appscheduling.default,59,ActivityManagerService.java,15283,int com.android.server.am.ActivityManagerService.bindServiceInstance(android.app.IApplicationThread, android.os.IBinder, android.content.Intent, java.lang.String, android.app.IServiceConnection, long, java.lang.String, boolean, int, java.lang.String, android.app.IApplicationThread, java.lang.String, int),,0,null,11]
04-12 20:39:44.963811  1706  4316 I am_proc_bound: [0,5663,com.transsion.mediaeditor]
04-12 20:39:44.980981  1706  2811 I pm_critical_info: setEnabledSettings callingUid = 1000 callingPid = 5317 packageName = com.transsion.zahooc componentName = ComponentInfo{com.transsion.zahooc/com.transsion.confront.PopCatcherTileService} callingPackage= 1000 newState = 1 userId = 0 flags = 1
04-12 20:39:44.983161  1706  1942 I pm_critical_info: setEnabledSettings callingUid = 1000 callingPid = 5317 packageName = com.transsion.zahooc componentName = ComponentInfo{com.transsion.zahooc/com.transsion.theftalert.model.service.TheftAlertTileService} callingPackage= 1000 newState = 1 userId = 0 flags = 1
04-12 20:39:44.984268  1706  4345 I pm_critical_info: setEnabledSettings callingUid = 1000 callingPid = 5317 packageName = com.transsion.zahooc componentName = ComponentInfo{com.transsion.zahooc/com.transsion.peekproof.service.PeekProofTileService} callingPackage= 1000 newState = 1 userId = 0 flags = 1
04-12 20:39:44.991126  1706  4199 I dvm_lock_sample: [system_server,1,binder:1706_12,103,ActivityManagerService.java,5422,void com.android.server.am.ActivityManagerService.finishAttachApplicationInner(long, int, int),,0,null,20]
04-12 20:39:44.998299  1706  4199 I am_uid_active: 10195
04-12 20:39:45.013707  1706  1706 I dvm_lock_sample: [system_server,1,main,851,JobServiceContext.java,1087,void com.android.server.job.JobServiceContext.onServiceConnected(android.content.ComponentName, android.os.IBinder),,0,null,100]
04-12 20:39:45.016471  1706  4307 I dvm_lock_sample: [system_server,1,binder:1706_1C,821,JobSchedulerService.java,2093,java.util.List com.android.server.job.JobSchedulerService.getPendingJobsInNamespace(int, java.lang.String),,0,null,100]
04-12 20:39:45.019119  1706  1796 I dvm_lock_sample: [system_server,1,binder:1706_2,757,JobSchedulerService.java,1831,int com.android.server.job.JobSchedulerService.scheduleAsPackage(android.app.job.JobInfo, android.app.job.JobWorkItem, int, java.lang.String, int, java.lang.String, java.lang.String),,0,null,100]
04-12 20:39:45.019697  1706  1859 I am_wtf  : [0,1706,system_server,-1,JobScheduler.JobStatus,App com.google.android.inputmethod.latin became active but still in NEVER bucket]
04-12 20:39:45.020709  1706  4243 I dvm_lock_sample: [system_server,1,binder:1706_18,561,JobSchedulerService.java,2093,java.util.List com.android.server.job.JobSchedulerService.getPendingJobsInNamespace(int, java.lang.String),,0,null,100]
04-12 20:39:45.021478  1706  2001 I dvm_lock_sample: [system_server,1,SettingsProvider,449,JobSchedulerService.java,2233,android.app.job.JobInfo com.android.server.job.JobSchedulerService.getPendingJob(int, java.lang.String, int),,0,null,89]
04-12 20:39:45.024830  1706  1941 I dvm_lock_sample: [system_server,1,binder:1706_4,332,JobSchedulerService.java,2093,java.util.List com.android.server.job.JobSchedulerService.getPendingJobsInNamespace(int, java.lang.String),,0,null,66]
04-12 20:39:45.070773  1706  1859 I am_wtf  : [0,1706,system_server,-1,JobScheduler.JobStatus,App com.google.android.inputmethod.latin became active but still in NEVER bucket]
04-12 20:39:45.075315  1706  1859 I am_wtf  : [0,1706,system_server,-1,JobScheduler.JobStatus,App com.google.android.inputmethod.latin became active but still in NEVER bucket]
04-12 20:39:45.091241  2347  5516 I gtalk_heartbeat_reset: [66196,64.233.185.188:5228]
04-12 20:39:45.093824  1706  1838 I commit_sys_config_file: [jobs,65]
04-12 20:39:45.094655  1706  1859 I am_wtf  : [0,1706,system_server,-1,JobScheduler.JobStatus,App com.google.android.inputmethod.latin became active but still in NEVER bucket]
04-12 20:39:45.095666  2347  5516 I gtalk_connection: 0
04-12 20:39:45.095684  1706  1838 I commit_sys_config_file: [jobs,2]
04-12 20:39:45.096279  1706  2001 I commit_sys_config_file: [settings-0-0,75]
04-12 20:39:45.099159  1706  1838 I commit_sys_config_file: [jobs,4]
04-12 20:39:45.110745  1706  1859 I am_wtf  : [0,1706,system_server,-1,JobScheduler.JobStatus,App com.google.android.inputmethod.latin became active but still in NEVER bucket]
04-12 20:39:45.111871  1706  2209 I dvm_lock_sample: [system_server,0,SyncManager,854,JobSchedulerService.java,2093,java.util.List com.android.server.job.JobSchedulerService.getPendingJobsInNamespace(int, java.lang.String),,0,null,100]
04-12 20:39:45.113194  1706  1859 I am_wtf  : [0,1706,system_server,-1,JobScheduler.JobStatus,App com.google.android.inputmethod.latin became active but still in NEVER bucket]
04-12 20:39:45.145450  4993  4993 I viewroot_draw_event: [VRI[InputMethod],Not drawing due to not visible. Reason=View.INVISIBLE]
04-12 20:39:45.155863  5100  5100 I viewroot_draw_event: [VRI[ZeroScreen],Not drawing due to not visible. Reason=!mAppVisible && !mForceDecorViewVisibility]
04-12 20:39:45.178284  1706  1859 I am_wtf  : [0,1706,system_server,-1,JobScheduler.JobStatus,App com.google.android.inputmethod.latin became active but still in NEVER bucket]
04-12 20:39:45.181547  1706  1706 I backup_transport_connection: [com.android.localtransport/.LocalTransportService,1]
04-12 20:39:45.195843  1706  2811 I dvm_lock_sample: [system_server,1,binder:1706_B,9,ActivityManagerService.java,15305,boolean com.android.server.am.ActivityManagerService.unbindService(android.app.IServiceConnection),,0,null,1]
04-12 20:39:45.232062  1706  1859 I am_wtf  : [0,1706,system_server,-1,JobScheduler.JobStatus,App com.google.android.inputmethod.latin became active but still in NEVER bucket]
04-12 20:39:45.251613  1706  1859 I am_wtf  : [0,1706,system_server,-1,JobScheduler.JobStatus,App com.google.android.inputmethod.latin became active but still in NEVER bucket]
04-12 20:39:45.258006  1706  3319 I am_uid_running: 10230
04-12 20:39:45.259474  1706  1859 I am_wtf  : [0,1706,system_server,-1,JobScheduler.JobStatus,App com.google.android.inputmethod.latin became active but still in NEVER bucket]
04-12 20:39:45.262031  1706  1706 I am_uid_running: 10166
04-12 20:39:45.270345  1706  2209 I sync    : [com.google.android.gms.games,0,0,-1543423057]
04-12 20:39:45.281541  1706  1859 I am_wtf  : [0,1706,system_server,-1,JobScheduler.JobStatus,App com.google.android.inputmethod.latin became active but still in NEVER bucket]
04-12 20:39:45.281831  1706  1859 I am_wtf  : [0,1706,system_server,-1,JobScheduler.JobStatus,App com.google.android.inputmethod.latin became active but still in NEVER bucket]
04-12 20:39:45.284505  1706  3896 I backup_transport_lifecycle: [com.android.localtransport/.LocalTransportService,0]
04-12 20:39:45.285232  1706  3896 I backup_transport_connection: [com.android.localtransport/.LocalTransportService,0]
04-12 20:39:45.285429  1706  2265 I dvm_lock_sample: [system_server,1,binder:1706_6,27,ActivityManagerService.java,15048,android.content.ComponentName com.android.server.am.ActivityManagerService.startService(android.app.IApplicationThread, android.content.Intent, java.lang.String, boolean, java.lang.String, java.lang.String, int, boolean, int, java.lang.String, java.lang.String),,0,null,5]
04-12 20:39:45.292000  5356  5356 I auditd  : type=1400 audit(0.0:599): avc:  denied  { read } for  comm=4F6E65494420576F726B6572 name="u:object_r:vendor_security_patch_level_prop:s0" dev="tmpfs" ino=888 scontext=u:r:platform_app:s0:c512,c768 tcontext=u:object_r:vendor_security_patch_level_prop:s0 tclass=file permissive=0 app=com.transsion.aiwallpaper
04-12 20:39:45.295874  1706  1860 I am_proc_start: [0,5778,10230,com.google.android.apps.wellbeing,content provider,{com.google.android.apps.wellbeing/com.google.android.apps.wellbeing.searchindexables.impl.WellbeingSearchIndexablesProvider},caller=com.transsion.globalsearch/10132]
04-12 20:39:45.315693  1706  1859 I am_wtf  : [0,1706,system_server,-1,JobScheduler.JobStatus,App com.google.android.inputmethod.latin became active but still in NEVER bucket]
04-12 20:39:45.315837  1706  1859 I am_wtf  : [0,1706,system_server,-1,JobScheduler.JobStatus,App com.google.android.inputmethod.latin became active but still in NEVER bucket]
04-12 20:39:45.316075  1706  1859 I am_wtf  : [0,1706,system_server,-1,JobScheduler.JobStatus,App com.google.android.inputmethod.latin became active but still in NEVER bucket]
04-12 20:39:45.319293  1706  4344 I dvm_lock_sample: [system_server,0,binder:1706_1F,31,ContentProviderHelper.java,985,void com.android.server.am.ContentProviderHelper.removeContentProvider(android.os.IBinder, boolean),,0,null,6]
04-12 20:39:45.322300  1706  1859 I am_wtf  : [0,1706,system_server,-1,JobScheduler.JobStatus,App com.google.android.inputmethod.latin became active but still in NEVER bucket]
04-12 20:39:45.329156  1706  1859 I am_wtf  : [0,1706,system_server,-1,JobScheduler.JobStatus,App com.google.android.inputmethod.latin became active but still in NEVER bucket]
04-12 20:39:45.332470  1706  1859 I am_wtf  : [0,1706,system_server,-1,JobScheduler.JobStatus,App com.google.android.inputmethod.latin became active but still in NEVER bucket]
04-12 20:39:45.334344  1706  4298 I am_proc_bound: [0,5778,com.google.android.apps.wellbeing]
04-12 20:39:45.337534  1706  1859 I am_wtf  : [0,1706,system_server,-1,JobScheduler.JobStatus,App com.google.android.inputmethod.latin became active but still in NEVER bucket]
04-12 20:39:45.346928  1706  1860 I am_proc_start: [0,5811,10166,com.transsion.sk,service,{com.transsion.sk/com.transsion.sk.inputservice.OpenSafeKeyboardService},caller=system/1000]
04-12 20:39:45.344000  5778  5778 I auditd  : type=1400 audit(0.0:601): avc:  denied  { read write } for  comm="re-initialized>" name="ensignal" dev="tmpfs" ino=2080 scontext=u:r:priv_app:s0:c512,c768 tcontext=u:object_r:ensignal_device:s0 tclass=chr_file permissive=0 app=com.google.android.apps.wellbeing
04-12 20:39:45.354372  1706  4298 I am_proc_bound: [0,5811,com.transsion.sk]
04-12 20:39:45.356000  5811  5811 I auditd  : type=1400 audit(0.0:602): avc:  denied  { read write } for  comm="re-initialized>" name="ensignal" dev="tmpfs" ino=2080 scontext=u:r:platform_app:s0:c512,c768 tcontext=u:object_r:ensignal_device:s0 tclass=chr_file permissive=0 app=com.transsion.sk
04-12 20:39:45.360000  5811  5811 I auditd  : type=1400 audit(0.0:603): avc:  denied  { read write } for  comm="re-initialized>" name="ensignal" dev="tmpfs" ino=2080 scontext=u:r:platform_app:s0:c512,c768 tcontext=u:object_r:ensignal_device:s0 tclass=chr_file permissive=0 app=com.transsion.sk
04-12 20:39:45.364262  1706  2209 I sync    : [subscribedfeeds,0,0,-1543423057]
04-12 20:39:45.364520  1706  1859 I am_wtf  : [0,1706,system_server,-1,JobScheduler.JobStatus,App com.google.android.inputmethod.latin became active but still in NEVER bucket]
04-12 20:39:45.364633  1706  1859 I am_wtf  : [0,1706,system_server,-1,JobScheduler.JobStatus,App com.google.android.inputmethod.latin became active but still in NEVER bucket]
04-12 20:39:45.365870  1706  3896 I am_uid_running: 10226
04-12 20:39:45.366987  1706  3896 I backup_transport_lifecycle: [com.google.android.apps.restore/.transport.BackupTransportService,1]
04-12 20:39:45.379896  1706  1859 I am_wtf  : [0,1706,system_server,-1,JobScheduler.JobStatus,App com.google.android.inputmethod.latin became active but still in NEVER bucket]
04-12 20:39:45.385819  1706  1860 I am_proc_start: [0,5847,10226,com.google.android.apps.restore,service,{com.google.android.apps.restore/com.google.android.apps.restore.transport.BackupTransportService},caller=system/1000]
04-12 20:39:45.416395  1706  4344 I am_proc_bound: [0,5847,com.google.android.apps.restore]
04-12 20:39:45.426535  1706  2209 I sync    : [com.google.android.gms.people,0,0,-1543423057]
04-12 20:39:45.427362  1706  1859 I am_wtf  : [0,1706,system_server,-1,JobScheduler.JobStatus,App com.google.android.inputmethod.latin became active but still in NEVER bucket]
04-12 20:39:45.430192  1706  2086 I input_interaction: Interaction with: b47009a com.gallery20/com.gallery20.HomeActivity, [Gesture Monitor] edge-swipe, [Gesture Monitor] TranGestureMonitor, [Gesture Monitor] TranGestureMonitor, PointerEventDispatcher0, 
04-12 20:39:45.434632  1706  4243 I dvm_lock_sample: [system_server,1,binder:1706_18,24,BroadcastController.java,759,int com.android.server.am.BroadcastController.broadcastIntentWithFeature(android.app.IApplicationThread, java.lang.String, android.content.Intent, java.lang.String, android.content.IIntentReceiver, int, java.lang.String, android.os.Bundle, java.lang.String[], java.lang.String[], java.lang.String[], int, android.os.Bundle, boolean, boolean, int),,0,null,4]
04-12 20:39:45.441879  2579  3244 I service_manager_stats: [222,53,7014]
04-12 20:39:45.487184  2707  2922 I jank_cuj_events_end_request: [10425,1775997585486017000,28259968386,28259968617]
04-12 20:39:45.504601  1706  2209 I sync    : [com.google.android.gms.games.background,0,0,-1543423057]
04-12 20:39:45.527739  1706  2209 I sync    : [com.google.android.gms.fitness,0,0,-1543423057]
04-12 20:39:45.587141  1706  1837 I dvm_lock_sample: [system_server,1,android.ui,39,ActivityManagerService.java,17319,void com.android.server.am.ActivityManagerService.pushTempAllowlist(),,0,null,7]
04-12 20:39:45.637698  1706  2811 I commit_sys_config_file: [sync-accounts,4]
04-12 20:39:45.654008  1706  1859 I am_uid_running: 10231
04-12 20:39:45.667710  1706  4249 I dvm_lock_sample: [system_server,1,binder:1706_1A,36,ActivityManagerService.java,15283,int com.android.server.am.ActivityManagerService.bindServiceInstance(android.app.IApplicationThread, android.os.IBinder, android.content.Intent, java.lang.String, android.app.IServiceConnection, long, java.lang.String, boolean, int, java.lang.String, android.app.IApplicationThread, java.lang.String, int),,0,null,7]
04-12 20:39:45.681583  1706  4249 I am_uid_running: 10203
04-12 20:39:45.688092  1706  4344 I dvm_lock_sample: [system_server,1,binder:1706_1F,54,ActivityManagerService.java,5422,void com.android.server.am.ActivityManagerService.finishAttachApplicationInner(long, int, int),,0,null,10]
04-12 20:39:45.699122  1706  4344 I am_uid_active: 10230
04-12 20:39:45.703725  1706  4307 I dvm_lock_sample: [system_server,1,binder:1706_1C,87,ActivityManagerService.java,21462,boolean com.android.server.am.ActivityManagerService.checkExecutingCmp(int, java.lang.String, java.util.ArrayList),,0,null,17]
04-12 20:39:45.712571  1706  3319 I dvm_lock_sample: [system_server,1,binder:1706_10,66,BroadcastController.java,532,android.content.Intent com.android.server.am.BroadcastController.registerReceiverWithFeatureTraced(android.app.IApplicationThread, java.lang.String, java.lang.String, java.lang.String, android.content.IIntentReceiver, android.content.IntentFilter, java.lang.String, int, int),,0,null,13]
04-12 20:39:45.731589  1706  2853 I dvm_lock_sample: [system_server,1,binder:1706_D,56,ActivityManagerService.java,15319,void com.android.server.am.ActivityManagerService.publishService(android.os.IBinder, android.content.Intent, android.os.IBinder),,0,null,11]
04-12 20:39:45.735593  1706  1940 I dvm_lock_sample: [system_server,1,binder:1706_3,53,ContentProviderHelper.java,207,android.app.ContentProviderHolder com.android.server.am.ContentProviderHelper.getContentProviderImpl(android.app.IApplicationThread, java.lang.String, android.os.IBinder, int, java.lang.String, java.lang.String, boolean, int),,0,null,10]
04-12 20:39:45.738274  1706  1860 I am_proc_start: [0,5935,10231,com.android.vending,broadcast,{com.android.vending/com.google.android.finsky.simhandler.SimStateReceiver},caller=com.android.phone/1001,action = android.intent.action.SIM_STATE_CHANGED]
04-12 20:39:45.740991  1706  4344 I am_uid_active: 10163
04-12 20:39:45.751493  1706  2209 I dvm_lock_sample: [system_server,0,SyncManager,90,ActivityManagerService.java,15305,boolean com.android.server.am.ActivityManagerService.unbindService(android.app.IServiceConnection),,0,null,18]
04-12 20:39:45.759894  1706  2453 I am_proc_bound: [0,5935,com.android.vending]
04-12 20:39:45.762602  1706  2209 I sync    : [com.google.android.gms.games,1,0,-1543423057]
04-12 20:39:45.787925  1706  1848 I dvm_lock_sample: [system_server,1,android.bg,64,ContentProviderHelper.java,1677,void com.android.server.am.ContentProviderHelper.handleProviderRemoval(com.android.server.am.ContentProviderConnection, boolean, boolean),,0,null,12]
04-12 20:39:45.788662  1706  2209 I dvm_lock_sample: [system_server,0,SyncManager,26,ActivityManagerService.java,15305,boolean com.android.server.am.ActivityManagerService.unbindService(android.app.IServiceConnection),,0,null,5]
04-12 20:39:45.790441  1706  1860 I am_proc_start: [0,5979,10203,com.transsion.smartrecognition,service,{com.transsion.smartrecognition/com.transsion.apiinvoke.ipc.connect.CommonRouterApiService},caller=com.transsion.kolun.aiservice/1000]
04-12 20:39:45.794581  1706  2209 I sync    : [com.google.android.gms.people,1,0,-1543423057]
04-12 20:39:45.836189  1706  3280 I dvm_lock_sample: [system_server,1,binder:1706_F,15,ActivityManagerService.java,15305,boolean com.android.server.am.ActivityManagerService.unbindService(android.app.IServiceConnection),-,15284,int com.android.server.am.ActivityManagerService.bindServiceInstance(android.app.IApplicationThread, android.os.IBinder, android.content.Intent, java.lang.String, android.app.IServiceConnection, long, java.lang.String, boolean, int, java.lang.String, android.app.IApplicationThread, java.lang.String, int),3]
04-12 20:39:45.867775  1706  4200 I am_proc_bound: [0,5979,com.transsion.smartrecognition]
04-12 20:39:45.882012  1706  2209 I dvm_lock_sample: [system_server,0,SyncManager,47,JobSchedulerService.java,2399,boolean com.android.server.job.JobSchedulerService.cancelJob(int, java.lang.String, int, int, int),QuotaController.java,2247,void com.android.server.job.controllers.QuotaController$Timer.stopTrackingJob(com.android.server.job.controllers.JobStatus),9]
04-12 20:39:45.883825  1706  2209 I sync    : [subscribedfeeds,1,0,-1543423057]
04-12 20:39:45.887480  1706  3561 I dvm_lock_sample: [system_server,1,binder:1706_11,11,ActivityManagerService.java,15128,boolean com.android.server.am.ActivityManagerService.stopServiceToken(android.content.ComponentName, android.os.IBinder, int),,0,null,2]
04-12 20:39:45.895099  1706  2209 I commit_sys_config_file: [sync-status,12]
04-12 20:39:45.914980  1706  4249 I am_uid_active: 10226
04-12 20:39:45.916308  1706  2001 I commit_sys_config_file: [settings-0-0,5]
04-12 20:39:45.939099  1706  1706 I backup_transport_connection: [com.google.android.apps.restore/.transport.BackupTransportService,1]
04-12 20:39:45.940549  1706  2209 I sync    : [com.google.android.gms.games.background,1,0,-1543423057]
04-12 20:39:45.946332  1706  2853 I am_uid_active: 10233
04-12 20:39:45.949695  1706  2209 I dvm_lock_sample: [system_server,0,SyncManager,6,ActivityManagerService.java,15305,boolean com.android.server.am.ActivityManagerService.unbindService(android.app.IServiceConnection),BroadcastController.java,1938,void com.android.server.am.BroadcastController.finishReceiver(android.os.IBinder, int, java.lang.String, android.os.Bundle, boolean, int),1]
04-12 20:39:45.971668  1706  4229 I am_uid_active: 10166
04-12 20:39:45.997963  1706  3896 I backup_transport_lifecycle: [com.google.android.apps.restore/.transport.BackupTransportService,0]
04-12 20:39:45.998675  1706  3896 I backup_transport_connection: [com.google.android.apps.restore/.transport.BackupTransportService,0]
04-12 20:39:46.001146  1706  2001 I commit_sys_config_file: [settings-1-0,3]
04-12 20:39:45.997439  1706  2209 I sync    : [com.google.android.gms.fitness,1,0,-1543423057]
04-12 20:39:46.023045  5663  5663 I dvm_lock_sample: [com.transsion.mediaeditor,1,main,85,MessageQueue.java,918,android.os.Message android.os.MessageQueue.nextLegacy(),-,1391,boolean android.os.MessageQueue.enqueueMessageLegacy(android.os.Message, long),17]
04-12 20:39:46.023861  1706  3896 I backup_transport_lifecycle: [com.google.android.gms/.backup.component.D2dTransportService,1]
04-12 20:39:46.075021  2999  5304 I dvm_lock_sample: [com.android.settings,1,pool-3-thread-5,13,Resources.java,1731,android.content.res.TypedArray android.content.res.Resources$Theme.obtainStyledAttributes(android.util.AttributeSet, int[], int, int),,0,null,2]
04-12 20:39:46.120351  1706  1859 I ssm_user_completed_event: [0,2]
04-12 20:39:46.123759  1706  1860 I am_proc_start: [0,6068,10233,com.google.android.googlequicksearchbox:search,service,{com.google.android.googlequicksearchbox/androidx.work.impl.background.systemjob.SystemJobService},trigger = job,caller=system/1000]
04-12 20:39:46.139841  1706  4307 I am_proc_bound: [0,6068,com.google.android.googlequicksearchbox:search]
04-12 20:39:46.159924  2707  2922 I jank_cuj_events_end_request: [10425,1775997586158581000,28932533309,28932533309]
04-12 20:39:46.190268  1706  1706 I backup_transport_connection: [com.google.android.gms/.backup.component.D2dTransportService,1]
04-12 20:39:46.197542  1706  3896 I backup_transport_lifecycle: [com.google.android.gms/.backup.component.D2dTransportService,0]
04-12 20:39:46.197572  1706  3896 I backup_transport_connection: [com.google.android.gms/.backup.component.D2dTransportService,0]
04-12 20:39:46.223024  1706  3896 I backup_transport_lifecycle: [com.google.android.gms/.backup.BackupTransportService,1]
04-12 20:39:46.238164  1706  4243 I dvm_lock_sample: [system_server,0,binder:1706_18,13,BroadcastController.java,1927,void com.android.server.am.BroadcastController.finishReceiver(android.os.IBinder, int, java.lang.String, android.os.Bundle, boolean, int),,0,null,2]
04-12 20:39:46.323645  1706  4243 I am_uid_active: 10203
04-12 20:39:46.327613  1706  1706 I backup_transport_connection: [com.google.android.gms/.backup.BackupTransportService,1]
04-12 20:39:46.356000  5811  5811 I auditd  : type=1400 audit(0.0:623): avc:  denied  { read } for  comm=4F6E65494420576F726B6572 name="u:object_r:vendor_security_patch_level_prop:s0" dev="tmpfs" ino=888 scontext=u:r:platform_app:s0:c512,c768 tcontext=u:object_r:vendor_security_patch_level_prop:s0 tclass=file permissive=0 app=com.transsion.sk
04-12 20:39:46.359388  3808  3808 I gms_unknown: 2369
04-12 20:39:46.359469  3808  3808 I gms_unknown: 47106
04-12 20:39:46.359965  1706  3896 I backup_transport_lifecycle: [com.google.android.gms/.backup.BackupTransportService,0]
04-12 20:39:46.359978  1706  3896 I backup_transport_connection: [com.google.android.gms/.backup.BackupTransportService,0]
04-12 20:39:46.390455  3808  3808 I gms_unknown: 2369
04-12 20:39:46.390471  3808  4047 I gms_unknown: [CheckinTask:duration,1]
04-12 20:39:46.390492  3808  3808 I gms_unknown: 47106
04-12 20:39:46.416010  1706  1859 I am_uid_running: 10221
04-12 20:39:46.422572  1706  2811 I dvm_lock_sample: [system_server,1,binder:1706_B,6,ActivityManagerService.java,15319,void com.android.server.am.ActivityManagerService.publishService(android.os.IBinder, android.content.Intent, android.os.IBinder),,0,null,1]
04-12 20:39:46.433640  3808  4047 I gms_unknown: [CheckinTask:duration,0]
04-12 20:39:46.445376  1706  1860 I am_proc_start: [0,6208,10221,com.google.android.partnersetup,broadcast,{com.google.android.partnersetup/com.google.android.partnersetup.PhoneStateReceiver},caller=com.android.phone/1001,action = android.intent.action.SIM_STATE_CHANGED]
04-12 20:39:46.460993  1706  4249 I am_proc_bound: [0,6208,com.google.android.partnersetup]
04-12 20:39:46.464000  6208  6208 I auditd  : type=1400 audit(0.0:624): avc:  denied  { read write } for  comm="re-initialized>" name="ensignal" dev="tmpfs" ino=2080 scontext=u:r:priv_app:s0:c512,c768 tcontext=u:object_r:ensignal_device:s0 tclass=chr_file permissive=0 app=com.google.android.partnersetup
04-12 20:39:46.476000  6208  6208 I auditd  : type=1400 audit(0.0:625): avc:  denied  { read write } for  comm="re-initialized>" name="ensignal" dev="tmpfs" ino=2080 scontext=u:r:priv_app:s0:c512,c768 tcontext=u:object_r:ensignal_device:s0 tclass=chr_file permissive=0 app=com.google.android.partnersetup
04-12 20:39:46.502644  1706  1795 I wm_task_moved: [52,52,0,1,2]
04-12 20:39:46.502685  1706  1795 I wm_create_activity: [0,93250050,52,com.transsion.resolver/.ChooserActivityLauncher,android.intent.action.CHOOSER,NULL,NULL,545259520]
04-12 20:39:46.503205  1706  1795 I wm_pause_activity: [0,129231105,com.gallery20/.HomeActivity,userLeaving=true,resumeTopActivity]
04-12 20:39:46.515521  3846  3846 I wm_on_top_resumed_lost_called: [129231105,com.gallery20.HomeActivity,topStateChangedWhenResumed]
04-12 20:39:46.518780  3846  3846 I wm_on_paused_called: [129231105,com.gallery20.HomeActivity,performPause,2]
04-12 20:39:46.525184  1706  1837 I dvm_lock_sample: [system_server,1,android.ui,43,ActivityManagerService.java,17319,void com.android.server.am.ActivityManagerService.pushTempAllowlist(),BroadcastQueueImpl.java,495,void com.android.server.am.BroadcastQueueImpl.updateRunningList(),8]
04-12 20:39:46.531570  1706  1839 I am_uid_running: 10143
04-12 20:39:46.532034  1706  1836 I sysui_multi_action: [757,803,799,window_time_0,802,3]
04-12 20:39:46.536077  1706  1860 I am_proc_start: [0,6249,10233,com.google.android.googlequicksearchbox:interactor,service,{com.google.android.googlequicksearchbox/androidx.room.MultiInstanceInvalidationService},caller=com.google.android.googlequicksearchbox:search/10233]
04-12 20:39:46.570194  1706  4243 I am_proc_start: [0,5125,10143,com.transsion.resolver,next-top-activity,{com.transsion.resolver/com.transsion.resolver.ChooserActivityLauncher}]
04-12 20:39:46.570743  1706  4243 I am_proc_bound: [0,5125,com.transsion.resolver]
04-12 20:39:46.574556  1706  4243 I am_uid_active: 10143
04-12 20:39:46.586026  1706  2853 I netstats_mobile_sample: [0,0,0,0,0,0,0,0,1775997586989]
04-12 20:39:46.586225  1706  2853 I netstats_wifi_sample: [137698,41244,288,317,136097,38084,271,296,1775997586989]
04-12 20:39:46.588000  5125  5125 I auditd  : type=1400 audit(0.0:626): avc:  denied  { read write } for  comm="re-initialized>" name="ensignal" dev="tmpfs" ino=2080 scontext=u:r:platform_app:s0:c512,c768 tcontext=u:object_r:ensignal_device:s0 tclass=chr_file permissive=0 app=com.transsion.resolver
04-12 20:39:46.588000  5125  5125 I auditd  : type=1400 audit(0.0:627): avc:  denied  { read write } for  comm="re-initialized>" name="ensignal" dev="tmpfs" ino=2080 scontext=u:r:platform_app:s0:c512,c768 tcontext=u:object_r:ensignal_device:s0 tclass=chr_file permissive=0 app=com.transsion.resolver
04-12 20:39:46.596838  1706  2835 I am_proc_bound: [0,6249,com.google.android.googlequicksearchbox:interactor]
04-12 20:39:46.611709  1706  2131 I dvm_lock_sample: [system_server,1,NetworkPolicy,24,NetworkStatsService.java,2064,void android.net.connectivity.com.android.server.net.NetworkStatsService.advisePersistThreshold(long),-,1649,android.net.NetworkStatsCollection android.net.connectivity.com.android.server.net.NetworkStatsService$1.getUidComplete(),4]
04-12 20:39:46.636023  1706  3280 I wm_restart_activity: [0,93250050,52,com.transsion.resolver/.ChooserActivityLauncher]
04-12 20:39:46.637779  1706  3280 I wm_set_resumed_activity: [0,com.transsion.resolver/.ChooserActivityLauncher,realStartActivityLocked - onActivityStateChanged]
04-12 20:39:46.640914  1706  1840 I input_focus: [Requesting to set focus to null window,reason=UpdateInputWindows]
04-12 20:39:46.652484  1706  2086 I input_focus: [Focus leaving b47009a com.gallery20/com.gallery20.HomeActivity,reason=Waiting for window because NO_WINDOW]
04-12 20:39:46.667130  1706  2835 I dvm_lock_sample: [system_server,1,binder:1706_C,42,ActivityManagerService.java,15283,int com.android.server.am.ActivityManagerService.bindServiceInstance(android.app.IApplicationThread, android.os.IBinder, android.content.Intent, java.lang.String, android.app.IServiceConnection, long, java.lang.String, boolean, int, java.lang.String, android.app.IApplicationThread, java.lang.String, int),,0,null,8]
04-12 20:39:46.682811  1706  2811 I dvm_lock_sample: [system_server,1,binder:1706_B,91,ContentProviderHelper.java,207,android.app.ContentProviderHolder com.android.server.am.ContentProviderHelper.getContentProviderImpl(android.app.IApplicationThread, java.lang.String, android.os.IBinder, int, java.lang.String, java.lang.String, boolean, int),,0,null,18]
04-12 20:39:46.688224  4632  4632 I viewroot_draw_event: [VRI[SmartPanel_handleView],Start draw after previous draw not visible]
04-12 20:39:46.692908  1706  1839 I dvm_lock_sample: [system_server,1,android.display,45,ProcessRecord.java,1782,void com.android.server.am.ProcessRecord.onStartActivity(int, boolean, java.lang.String, long),,0,null,9]
04-12 20:39:46.694552  1706  2835 I dvm_lock_sample: [system_server,1,binder:1706_C,15,ActivityManagerService.java,15305,boolean com.android.server.am.ActivityManagerService.unbindService(android.app.IServiceConnection),,0,null,3]
04-12 20:39:46.728103  1706  1940 I dvm_lock_sample: [system_server,1,binder:1706_3,75,JobSchedulerService.java,1831,int com.android.server.job.JobSchedulerService.scheduleAsPackage(android.app.job.JobInfo, android.app.job.JobWorkItem, int, java.lang.String, int, java.lang.String, java.lang.String),JobServiceContext.java,509,boolean com.android.server.job.JobServiceContext.executeRunnableJob(com.android.server.job.controllers.JobStatus, int),15]
04-12 20:39:46.731335  5125  5125 I wm_on_create_called: [93250050,com.transsion.resolver.ChooserActivityLauncher,performCreate,76]
04-12 20:39:46.738268  1706  2001 I commit_sys_config_file: [settings-2-0,8]
04-12 20:39:46.778773  5125  5125 I sysui_multi_action: [757,453,758,4,806,android.intent.action.SEND:image/*:]
04-12 20:39:46.802224  4632  4632 I viewroot_draw_event: [VRI[SmartPanel_handleView],reportDrawFinished seqId=0]
04-12 20:39:46.807363  4632  5026 I viewroot_draw_event: [VRI[SmartPanel_handleView],Transaction not synced due to no frame drawn]
04-12 20:39:46.837317  1706  2001 I commit_sys_config_file: [settings-0-0,4]
04-12 20:39:46.849647  1706  4249 I am_uid_active: 10221
04-12 20:39:46.879036  1706  6409 I dropbox_file_copy: [/sys/fs/pstore/console-ramoops-0,-196048,SYSTEM_LAST_KMSG]
04-12 20:39:46.883388  1706  1940 I dvm_lock_sample: [system_server,1,binder:1706_3,47,BroadcastController.java,532,android.content.Intent com.android.server.am.BroadcastController.registerReceiverWithFeatureTraced(android.app.IApplicationThread, java.lang.String, java.lang.String, java.lang.String, android.content.IIntentReceiver, android.content.IntentFilter, java.lang.String, int, int),,0,null,9]
04-12 20:39:46.888010  1706  6409 I commit_sys_config_file: [log-files,1]
04-12 20:39:46.889632  1706  6409 I am_uid_running: 10075
04-12 20:39:46.933228  5125  5125 I sysui_multi_action: [757,1652,758,4,759,1]
04-12 20:39:46.933307  5125  5125 I sysui_multi_action: [757,214,758,4,759,1,1649,image/*,1653,185]
04-12 20:39:46.936546  5125  5125 I wm_on_start_called: [93250050,com.transsion.resolver.ChooserActivityLauncher,handleStartActivity,0]
04-12 20:39:46.937733  5125  5125 I wm_on_resume_called: [93250050,com.transsion.resolver.ChooserActivityLauncher,RESUME_ACTIVITY,0]
04-12 20:39:46.953969  5125  5125 I wm_on_top_resumed_gained_called: [93250050,com.transsion.resolver.ChooserActivityLauncher,topStateChangedWhenResumed]
04-12 20:39:46.959607  1706  2810 I dvm_lock_sample: [system_server,0,binder:1706_A,61,BroadcastController.java,1927,void com.android.server.am.BroadcastController.finishReceiver(android.os.IBinder, int, java.lang.String, android.os.Bundle, boolean, int),,0,null,12]
04-12 20:39:46.971388  1706  4344 I dvm_lock_sample: [system_server,1,binder:1706_1F,63,ActivityManagerService.java,15283,int com.android.server.am.ActivityManagerService.bindServiceInstance(android.app.IApplicationThread, android.os.IBinder, android.content.Intent, java.lang.String, android.app.IServiceConnection, long, java.lang.String, boolean, int, java.lang.String, android.app.IApplicationThread, java.lang.String, int),,0,null,12]
04-12 20:39:46.975892  1706  1860 I am_proc_start: [0,6428,10075,android.process.media,content provider,{com.android.providers.downloads/com.android.providers.downloads.DownloadProvider},caller=android/1000]
04-12 20:39:46.978384  1706  1837 I dvm_lock_sample: [system_server,1,android.ui,76,ActivityManagerService.java,17319,void com.android.server.am.ActivityManagerService.pushTempAllowlist(),,0,null,15]
04-12 20:39:46.995296  1706  1795 I am_uid_active: 10194
04-12 20:39:46.997186  1706  1840 I input_focus: [Focus request a9b2076 com.transsion.resolver/com.transsion.resolver.ChooserActivityLauncher,reason=UpdateInputWindows]
04-12 20:39:47.002570  1706  3561 I am_proc_bound: [0,6428,android.process.media]
04-12 20:39:47.041361  5125  5125 I viewroot_draw_event: [VRI[ChooserActivityLauncher],reportDrawFinished seqId=0]
04-12 20:39:47.043466  5125  5125 I sysui_latency: [16,294]
04-12 20:39:47.049598  1706  2453 I dvm_lock_sample: [system_server,1,binder:1706_8,130,ActivityManagerService.java,15283,int com.android.server.am.ActivityManagerService.bindServiceInstance(android.app.IApplicationThread, android.os.IBinder, android.content.Intent, java.lang.String, android.app.IServiceConnection, long, java.lang.String, boolean, int, java.lang.String, android.app.IApplicationThread, java.lang.String, int),,0,null,26]
04-12 20:39:47.063291  2707  2922 I jank_cuj_events_begin_request: [20100,1775997587062984000,29836936309,29836936309,]
04-12 20:39:47.066096  1706  1836 I sysui_multi_action: [319,576,322,570,325,29,757,761,758,7,759,2,806,com.transsion.resolver,871,com.transsion.resolver.ChooserActivityLauncher,904,com.gallery20,905,0,945,87,1320,4,1321,24]
04-12 20:39:47.071121  1706  1836 I wm_activity_launch_time: [0,93250050,com.transsion.resolver/.ChooserActivityLauncher,570]
04-12 20:39:47.072200  1706  1840 I wm_dim_created: [Task=52,155]
04-12 20:39:47.072267  1706  1840 I wm_dim_cancel_anim: [155,new target values]
04-12 20:39:47.072399  1706  1840 I wm_dim_animate: [155,0.200000,0.000000]
04-12 20:39:47.075375  5125  5125 I sysui_multi_action: [757,1718,758,4,759,33]
04-12 20:39:47.083839  1706  2086 I input_focus: [Focus entering a9b2076 com.transsion.resolver/com.transsion.resolver.ChooserActivityLauncher,reason=Window became focusable. Previous reason: NOT_VISIBLE]
04-12 20:39:47.090222  1706  2811 I dvm_lock_sample: [system_server,1,binder:1706_B,138,ContentProviderHelper.java,207,android.app.ContentProviderHolder com.android.server.am.ContentProviderHelper.getContentProviderImpl(android.app.IApplicationThread, java.lang.String, android.os.IBinder, int, java.lang.String, java.lang.String, boolean, int),,0,null,27]
04-12 20:39:47.119768  1706  4200 I service_manager_stats: [100,25,7538]
04-12 20:39:47.121158  1706  1840 I wm_dim_finish_anim: 155
04-12 20:39:47.126443  1706  1840 I snet_event_log: updateFrameRateVote [pkg = com.android.systemui title = com.android.systemui.wallpapers.ImageWallpaper refreshRate = 120.00001 modeId = 2 setting =10000 peak = 120.0 mTopApp = com.transsion.resolver]
04-12 20:39:47.126535  1706  1840 I snet_event_log: updateFrameRateVote [pkg = com.gallery20 title = com.gallery20/com.gallery20.HomeActivity refreshRate = 120.00001 modeId = 2 setting =10000 peak = 120.0 mTopApp = com.transsion.resolver]
