04-12 20:39:47.126697  1706  1840 I snet_event_log: updateFrameRateVote [pkg = com.transsion.smartpanel title = SmartPanel_handleView refreshRate = 120.00001 modeId = 2 setting =10000 peak = 120.0 mTopApp = com.transsion.resolver]
04-12 20:39:47.160482  1706  2001 I commit_sys_config_file: [settings-2-0,18]
04-12 20:39:47.162915  1706  1990 I dvm_lock_sample: [system_server,1,appscheduling.default,312,AlarmManagerService.java,5274,void com.android.server.alarm.AlarmManagerService$7.updateAlarmsForUid(int),-,4770,void com.android.server.alarm.AlarmManagerService$AlarmThread.run(),62]
04-12 20:39:47.167149  1706  1859 I am_wtf  : [0,1706,system_server,-1,ActivityManager,Sending non-protected broadcast android.intent.action.UPDATE_CT_LOGS from system uid 1000 pkg android]
04-12 20:39:47.168782  1706  1859 I am_wtf  : [0,1706,system_server,-1,ActivityManager,Sending non-protected broadcast com.transsion.location.action.TRAVEL_MODE_STATISTICS from system uid 1000 pkg android]
04-12 20:39:47.238344  1706  1859 I am_uid_running: 10215
04-12 20:39:47.280756  1706  4199 I dvm_lock_sample: [system_server,1,binder:1706_12,60,JobSchedulerService.java,1831,int com.android.server.job.JobSchedulerService.scheduleAsPackage(android.app.job.JobInfo, android.app.job.JobWorkItem, int, java.lang.String, int, java.lang.String, java.lang.String),,0,null,12]
04-12 20:39:47.286288  1706  4199 I am_proc_start: [0,6494,10215,com.transsnet.store,broadcast,{com.transsnet.store/com.afmobi.palmplay.cloudfolder.AppFolderProvider},caller=android/1000,action = android.appwidget.action.APPWIDGET_ENABLED]
04-12 20:39:47.287798  1706  4199 I am_proc_bound: [0,6494,com.transsnet.store]
04-12 20:39:47.291815  1706  1859 I dvm_lock_sample: [system_server,1,ActivityManager,14,BroadcastQueueImpl.java,382,boolean com.android.server.am.BroadcastQueueImpl.lambda$new$0(android.os.Message),,0,null,2]
04-12 20:39:47.315428  1706  4200 I dvm_lock_sample: [system_server,1,binder:1706_13,32,ActivityManagerService.java,15319,void com.android.server.am.ActivityManagerService.publishService(android.os.IBinder, android.content.Intent, android.os.IBinder),,0,null,6]
04-12 20:39:47.347222  1706  4345 I wm_task_created: 53
04-12 20:39:47.350287  1706  4345 I wm_task_moved: [53,53,0,1,3]
04-12 20:39:47.350312  1706  4345 I wm_task_to_front: [0,53,0]
04-12 20:39:47.350655  1706  4345 I wm_create_task: [0,53,53,0]
04-12 20:39:47.350671  1706  4345 I wm_create_activity: [0,83005724,53,com.android.settings/com.transsion.settings.usbdialog.UsbMTPChooserActivity,NULL,NULL,NULL,276824064]
04-12 20:39:47.350707  1706  4345 I wm_task_moved: [53,53,0,1,3]
04-12 20:39:47.351139  1706  4345 I wm_pause_activity: [0,93250050,com.transsion.resolver/.ChooserActivityLauncher,userLeaving=true,pauseBackTasks]
04-12 20:39:47.354659  5125  5125 I wm_on_top_resumed_lost_called: [93250050,com.transsion.resolver.ChooserActivityLauncher,topStateChangedWhenResumed]
04-12 20:39:47.357274  5125  5125 I wm_on_paused_called: [93250050,com.transsion.resolver.ChooserActivityLauncher,performPause,1]
04-12 20:39:47.359075  1706  2453 I wm_restart_activity: [0,83005724,53,com.android.settings/com.transsion.settings.usbdialog.UsbMTPChooserActivity]
04-12 20:39:47.360653  1706  2453 I wm_set_resumed_activity: [0,com.android.settings/com.transsion.settings.usbdialog.UsbMTPChooserActivity,realStartActivityLocked - onActivityStateChanged]
04-12 20:39:47.365946  1706  1840 I input_focus: [Requesting to set focus to null window,reason=UpdateInputWindows]
04-12 20:39:47.369853  1706  1836 I sysui_multi_action: [757,803,799,window_time_0,802,1]
04-12 20:39:47.373370  1706  4344 I am_uid_running: 10276
04-12 20:39:47.375135  1706  2262 I dvm_lock_sample: [system_server,0,MagellanHandle,29,WindowManagerService.java,9422,void com.android.server.wm.WindowManagerService$LocalService.updateRefreshRateForScene(android.os.Bundle),,0,null,5]
04-12 20:39:47.376726  1706  2086 I input_focus: [Focus leaving a9b2076 com.transsion.resolver/com.transsion.resolver.ChooserActivityLauncher,reason=Waiting for window because NO_WINDOW]
04-12 20:39:47.382004  2999  2999 I wm_on_create_called: [83005724,com.transsion.settings.usbdialog.UsbMTPChooserActivity,performCreate,8]
04-12 20:39:47.384284  1706  1706 I dvm_lock_sample: [system_server,1,main,48,ActivityManagerService.java,15305,boolean com.android.server.am.ActivityManagerService.unbindService(android.app.IServiceConnection),,0,null,9]
04-12 20:39:47.396556  2999  2999 I wm_on_start_called: [83005724,com.transsion.settings.usbdialog.UsbMTPChooserActivity,handleStartActivity,13]
04-12 20:39:47.396908  2999  2999 I wm_on_resume_called: [83005724,com.transsion.settings.usbdialog.UsbMTPChooserActivity,RESUME_ACTIVITY,0]
04-12 20:39:47.401196  2999  6527 I service_manager_stats: [100,165,30175]
04-12 20:39:47.413244  1706  1860 I am_proc_start: [0,6528,10276,com.google.android.permissioncontroller,content provider,{com.google.android.permissioncontroller/com.android.permissioncontroller.permission.service.PermissionSearchIndexablesProvider},caller=com.transsion.globalsearch/10132]
04-12 20:39:47.414557  1706  2853 I netstats_mobile_sample: [0,0,0,0,0,0,0,0,1775997587818]
04-12 20:39:47.415383  1706  2853 I netstats_wifi_sample: [172922,59954,357,399,171321,56346,340,372,1775997587818]
04-12 20:39:47.418878  2999  2999 I wm_on_top_resumed_gained_called: [83005724,com.transsion.settings.usbdialog.UsbMTPChooserActivity,topStateChangedWhenResumed]
04-12 20:39:47.430320  1706  1840 I snet_event_log: updateFrameRateVote [pkg = com.android.settings title = com.android.settings/com.transsion.settings.usbdialog.UsbMTPChooserActivity refreshRate = 120.00001 modeId = 2 setting =10000 peak = 120.0 mTopApp = com.android.settings]
04-12 20:39:47.431159  1706  1840 I input_focus: [Focus request c98b612 com.android.settings/com.transsion.settings.usbdialog.UsbMTPChooserActivity,reason=UpdateInputWindows]
04-12 20:39:47.440004  2999  2999 I viewroot_draw_event: [VRI[UsbMTPChooserActivity],reportDrawFinished seqId=0]
04-12 20:39:47.449362  1706  2853 I am_proc_bound: [0,6528,com.google.android.permissioncontroller]
04-12 20:39:47.449944  1706  1840 I wm_dim_created: [Task=53,165]
04-12 20:39:47.450104  2707  2922 I jank_cuj_events_end_request: [20100,1775997587445918000,30219870155,30219870155]
04-12 20:39:47.450218  2707  2922 I jank_cuj_events_begin_request: [20100,1775997587449170000,30223121847,30223121847,]
04-12 20:39:47.450504  1706  1840 I wm_dim_cancel_anim: [165,new target values]
04-12 20:39:47.450546  1706  1840 I wm_dim_animate: [165,0.200000,0.000000]
04-12 20:39:47.452000  6528  6528 I auditd  : type=1400 audit(0.0:639): avc:  denied  { search } for  comm="binder:6528_2" name="/" dev="sdc87" ino=2 scontext=u:r:permissioncontroller_app:s0:c20,c257,c512,c768 tcontext=u:object_r:tranfs_file:s0 tclass=dir permissive=0 app=com.google.android.permissioncontroller
04-12 20:39:47.456000  6528  6528 I auditd  : type=1400 audit(0.0:640): avc:  denied  { read write } for  comm="re-initialized>" name="ensignal" dev="tmpfs" ino=2080 scontext=u:r:permissioncontroller_app:s0:c20,c257,c512,c768 tcontext=u:object_r:ensignal_device:s0 tclass=chr_file permissive=0 app=com.google.android.permissioncontroller
04-12 20:39:47.456000  6528  6528 I auditd  : type=1400 audit(0.0:641): avc:  denied  { read write } for  comm="re-initialized>" name="ensignal" dev="tmpfs" ino=2080 scontext=u:r:permissioncontroller_app:s0:c20,c257,c512,c768 tcontext=u:object_r:ensignal_device:s0 tclass=chr_file permissive=0 app=com.google.android.permissioncontroller
04-12 20:39:47.468780  1706  2086 I input_focus: [Focus entering c98b612 com.android.settings/com.transsion.settings.usbdialog.UsbMTPChooserActivity,reason=Window became focusable. Previous reason: NOT_VISIBLE]
04-12 20:39:47.475505  1706  1840 I snet_event_log: updateFrameRateVote [pkg = com.android.systemui title = com.android.systemui.wallpapers.ImageWallpaper refreshRate = 90.0 modeId = 3 setting =10000 peak = 120.0 mTopApp = com.android.settings]
04-12 20:39:47.475636  1706  1840 I snet_event_log: updateFrameRateVote [pkg = com.gallery20 title = com.gallery20/com.gallery20.HomeActivity refreshRate = 90.0 modeId = 3 setting =10000 peak = 120.0 mTopApp = com.android.settings]
04-12 20:39:47.486166  1706  1840 I input_focus: [Focus request 2e5c66c com.android.settings/com.transsion.settings.usbdialog.UsbMTPChooserActivity,reason=UpdateInputWindows]
04-12 20:39:47.489904  1706  1836 I sysui_multi_action: [319,103,322,101,325,30,757,761,758,8,759,2,806,com.android.settings,871,com.transsion.settings.usbdialog.UsbMTPChooserActivity,904,com.android.settings,905,0,1320,8,1321,1]
04-12 20:39:47.495763  1706  4200 I am_uid_active: 10075
04-12 20:39:47.499367  1706  1836 I wm_activity_launch_time: [0,83005724,com.android.settings/com.transsion.settings.usbdialog.UsbMTPChooserActivity,101]
04-12 20:39:47.500567  1706  1840 I wm_dim_finish_anim: 165
04-12 20:39:47.504178  1706  2086 I input_focus: [Focus leaving c98b612 com.android.settings/com.transsion.settings.usbdialog.UsbMTPChooserActivity,reason=Waiting for window because NO_WINDOW]
04-12 20:39:47.507990  2999  2999 I viewroot_draw_event: [VRI[UsbMTPChooserActivity],reportDrawFinished seqId=0]
04-12 20:39:47.533309  1706  2001 I commit_sys_config_file: [settings-1-0,6]
04-12 20:39:47.537643  1706  2086 I input_focus: [Focus entering 2e5c66c com.android.settings/com.transsion.settings.usbdialog.UsbMTPChooserActivity,reason=Window became focusable. Previous reason: NOT_VISIBLE]
04-12 20:39:47.559241  1706  2811 I pm_critical_info: setEnabledSettings callingUid = 10221 callingPid = 6208 packageName = com.android.vending componentName = null callingPackage= com.google.android.partnersetup newState = 1 userId = 0 flags = 1
04-12 20:39:47.571642  1706  3609 I dvm_lock_sample: [system_server,1,TranWifiThread,6,ActivityTaskManagerService.java,9125,android.app.ActivityManager$RunningTaskInfo com.android.server.wm.ActivityTaskManagerService.getTopTask(int),WindowAnimator.java,124,void com.android.server.wm.WindowAnimator.lambda$new$1(long),1]
04-12 20:39:47.573932  1706  4199 I pm_critical_info: setEnabledSettings callingUid = 10221 callingPid = 6208 packageName = com.google.android.apps.maps componentName = null callingPackage= com.google.android.partnersetup newState = 1 userId = 0 flags = 1
04-12 20:39:47.585459  1706  4249 I pm_critical_info: setEnabledSettings callingUid = 10221 callingPid = 6208 packageName = com.google.android.videos componentName = null callingPackage= com.google.android.partnersetup newState = 2 userId = 0 flags = 0
04-12 20:39:47.610374  1706  1941 I pm_critical_info: setEnabledSettings callingUid = 10221 callingPid = 6208 packageName = com.google.android.youtube componentName = null callingPackage= com.google.android.partnersetup newState = 1 userId = 0 flags = 1
04-12 20:39:47.621354  1706  1796 I am_uid_running: 10173
04-12 20:39:47.652000  4319  4319 I auditd  : type=1400 audit(0.0:642): avc:  denied  { read } for  comm="Athena-Worker" name="u:object_r:serialno_prop:s0" dev="tmpfs" ino=413 scontext=u:r:platform_app:s0:c512,c768 tcontext=u:object_r:serialno_prop:s0 tclass=file permissive=0 app=com.transsion.screenrecorder
04-12 20:39:47.683385  1706  1860 I am_proc_start: [0,6589,10173,com.android.settings.intelligence,content provider,{com.android.settings.intelligence/com.transsion.settings.intelligence.init.InitContentProvider},caller=com.android.settings/1000]
04-12 20:39:47.697100  1706  3280 I dvm_lock_sample: [system_server,1,binder:1706_F,24,JobSchedulerService.java,2399,boolean com.android.server.job.JobSchedulerService.cancelJob(int, java.lang.String, int, int, int),ConnectivityController.java,1345,com.android.server.job.controllers.ConnectivityController$CachedNetworkMetadata com.android.server.job.controllers.ConnectivityController.getNetworkMetadata(android.net.Network),4]
04-12 20:39:47.701518  1706  4200 I am_proc_bound: [0,6589,com.android.settings.intelligence]
04-12 20:39:47.724000  6589  6589 I auditd  : type=1400 audit(0.0:643): avc:  denied  { read write } for  comm="re-initialized>" name="ensignal" dev="tmpfs" ino=2080 scontext=u:r:platform_app:s0:c512,c768 tcontext=u:object_r:ensignal_device:s0 tclass=chr_file permissive=0 app=com.android.settings.intelligence
04-12 20:39:47.733811  1706  4344 I am_uid_active: 10276
04-12 20:39:47.759208  1706  1838 I commit_sys_config_file: [jobs,2]
04-12 20:39:47.761787  1706  1838 I commit_sys_config_file: [jobs,2]
04-12 20:39:47.768048  2707  2922 I jank_cuj_events_end_request: [20100,1775997587762923000,30536874232,30536874232]
04-12 20:39:47.780252  1706  1940 I am_uid_running: 10212
04-12 20:39:47.802956  1706  1860 I am_proc_start: [0,6661,10212,com.google.android.projection.gearhead:projection,content provider,{com.google.android.projection.gearhead/com.google.android.projection.gearhead.companion.settings.SettingsSearchProvider},caller=com.transsion.globalsearch/10132]
04-12 20:39:47.843844  1706  2853 I am_proc_bound: [0,6661,com.google.android.projection.gearhead:projection]
04-12 20:39:47.887784  1706  1860 I am_proc_start: [0,6701,1000,com.transsion.phonemanager,service,{com.transsion.phonemanager/com.transsion.phonemanager.BinderPoolService},caller=com.transsnet.store/10215]
04-12 20:39:47.946967  1706  4249 I am_proc_bound: [0,6701,com.transsion.phonemanager]
04-12 20:39:47.951070  1706  1940 I am_uid_active: 10173
04-12 20:39:48.112436  1706  1796 I dvm_lock_sample: [system_server,1,binder:1706_2,19,ActivityManagerService.java,15305,boolean com.android.server.am.ActivityManagerService.unbindService(android.app.IServiceConnection),,0,null,3]
04-12 20:39:48.149155  1706  1840 I snet_event_log: updateFrameRateVote [pkg = com.android.systemui title = DynamicBar refreshRate = 90.0 modeId = 3 setting =10000 peak = 120.0 mTopApp = com.android.settings]
04-12 20:39:48.162716  2707  3177 I viewroot_draw_event: [VRI[DynamicBar],reportDrawFinished seqId=0]
04-12 20:39:48.178801  1706  2811 I dvm_lock_sample: [system_server,0,binder:1706_B,15,BroadcastController.java,1927,void com.android.server.am.BroadcastController.finishReceiver(android.os.IBinder, int, java.lang.String, android.os.Bundle, boolean, int),BroadcastQueueImpl.java,495,void com.android.server.am.BroadcastQueueImpl.updateRunningList(),3]
04-12 20:39:48.191002  2707  2922 I jank_cuj_events_begin_request: [10500,1775997588190931000,30964882847,30964882847,]
04-12 20:39:48.213163  1706  2153 I notification_cancel_all: [1000,1706,com.google.android.projection.gearhead,0,0,0,20,NULL]
04-12 20:39:48.241280  1706  2153 I notification_cancel_all: [1000,1706,com.google.android.projection.gearhead,0,0,0,20,NULL]
04-12 20:39:48.246338  1706  2153 I notification_cancel_all: [1000,1706,com.google.android.projection.gearhead,0,0,0,20,NULL]
04-12 20:39:48.250038  1706  2130 I netstats_mobile_sample: [0,0,0,0,0,0,0,0,1775997588653]
04-12 20:39:48.251251  1706  2130 I netstats_wifi_sample: [224006,78059,468,511,221641,72681,443,476,1775997588653]
04-12 20:39:48.251518  1706  2810 I am_uid_active: 10212
04-12 20:39:48.290271  1706  1860 I am_proc_start: [0,6793,10212,com.google.android.projection.gearhead:shared,service,{com.google.android.projection.gearhead/com.google.android.gearhead.service.SharedService},caller=com.google.android.projection.gearhead:projection/10212]
04-12 20:39:48.296785  1706  2853 I dvm_lock_sample: [system_server,1,binder:1706_D,21,ActivityManagerService.java,15283,int com.android.server.am.ActivityManagerService.bindServiceInstance(android.app.IApplicationThread, android.os.IBinder, android.content.Intent, java.lang.String, android.app.IServiceConnection, long, java.lang.String, boolean, int, java.lang.String, android.app.IApplicationThread, java.lang.String, int),,0,null,4]
04-12 20:39:48.306399  1706  3561 I am_proc_bound: [0,6793,com.google.android.projection.gearhead:shared]
04-12 20:39:48.344087  1706  1860 I am_proc_start: [0,6816,10190,com.transsion.aivoiceassistant,content provider,{com.transsion.aivoiceassistant/com.transsion.ella.external.VoiceProvider},caller=com.transsion.aicore.main/10112]
04-12 20:39:48.360981  1706  2811 I am_proc_bound: [0,6816,com.transsion.aivoiceassistant]
04-12 20:39:48.468214  1706  2853 I dvm_lock_sample: [system_server,1,binder:1706_D,12,ActivityManagerService.java,15283,int com.android.server.am.ActivityManagerService.bindServiceInstance(android.app.IApplicationThread, android.os.IBinder, android.content.Intent, java.lang.String, android.app.IServiceConnection, long, java.lang.String, boolean, int, java.lang.String, android.app.IApplicationThread, java.lang.String, int),,0,null,2]
04-12 20:39:48.479235  5203  5238 I dvm_lock_sample: [com.transsion.aicore.main,1,binder:5203_2,173,ActivityThread.java,8429,android.content.IContentProvider android.app.ActivityThread.acquireProvider(android.content.Context, java.lang.String, int, boolean),-,8455,android.content.IContentProvider android.app.ActivityThread.acquireProvider(android.content.Context, java.lang.String, int, boolean),34]
04-12 20:39:48.481936  1706  2153 I notification_cancel_all: [1000,1706,com.google.android.projection.gearhead,0,0,0,20,NULL]
04-12 20:39:48.482279  1706  2153 I notification_cancel_all: [1000,1706,com.google.android.projection.gearhead,0,0,0,20,NULL]
04-12 20:39:48.487285  1706  4345 I am_uid_active: 10215
04-12 20:39:48.482484  1706  2153 I notification_enqueue: [10233,5066,com.google.android.googlequicksearchbox,0,-1543423057::SUMMARY::ct,0,Notification(channel=74 shortcut=null contentView=null vibrate=null sound=null defaults=0 flags=GROUP_SUMMARY color=0x00000000 groupKey=-1543423057::SUMMARY::ct vis=PRIVATE publicVersion=Notification(channel=null shortcut=null contentView=null vibrate=null sound=null defaults=0 flags=0 color=0x00000000 vis=PRIVATE)),0,1]
04-12 20:39:48.500779  1706  2153 I notification_cancel_all: [1000,1706,com.google.android.projection.gearhead,0,0,0,20,NULL]
04-12 20:39:48.520000  6494  6494 I auditd  : type=1400 audit(0.0:654): avc:  denied  { read } for  comm=4F6E65494420576F726B6572 name="u:object_r:vendor_security_patch_level_prop:s0" dev="tmpfs" ino=888 scontext=u:r:platform_app:s0:c512,c768 tcontext=u:object_r:vendor_security_patch_level_prop:s0 tclass=file permissive=0 app=com.transsnet.store
04-12 20:39:48.541499  1706  2086 I input_interaction: Interaction with: 2e5c66c com.android.settings/com.transsion.settings.usbdialog.UsbMTPChooserActivity, [Gesture Monitor] edge-swipe, [Gesture Monitor] TranGestureMonitor, [Gesture Monitor] TranGestureMonitor, PointerEventDispatcher0, 
04-12 20:39:48.594996  1706  1990 I dvm_lock_sample: [system_server,1,appscheduling.default,101,JobSchedulerService.java,3501,void com.android.server.job.JobSchedulerService$JobHandler.handleMessage(android.os.Message),-,2045,int com.android.server.job.JobSchedulerService.scheduleAsPackage(android.app.job.JobInfo, android.app.job.JobWorkItem, int, java.lang.String, int, java.lang.String, java.lang.String),20]
04-12 20:39:48.613056  1706  4308 I dvm_lock_sample: [system_server,1,binder:1706_1D,32,ContentProviderHelper.java,207,android.app.ContentProviderHolder com.android.server.am.ContentProviderHelper.getContentProviderImpl(android.app.IApplicationThread, java.lang.String, android.os.IBinder, int, java.lang.String, java.lang.String, boolean, int),,0,null,6]
04-12 20:39:48.619445  2707  2922 I jank_cuj_events_end_request: [10425,1775997588611719000,31385671155,31385671155]
04-12 20:39:48.620259  1706  4229 I wm_finish_activity: [0,83005724,53,com.android.settings/com.transsion.settings.usbdialog.UsbMTPChooserActivity,app-request]
04-12 20:39:48.621240  1706  4229 I wm_task_moved: [52,52,0,1,3]
04-12 20:39:48.621252  1706  4229 I wm_task_to_front: [0,52,0]
04-12 20:39:48.621541  1706  4229 I wm_focused_root_task: [0,0,52,53,finish-top adjustFocusToNextFocusableTask]
04-12 20:39:48.621817  1706  4229 I wm_pause_activity: [0,83005724,com.android.settings/com.transsion.settings.usbdialog.UsbMTPChooserActivity,userLeaving=false,finish]
04-12 20:39:48.625863  1706  1840 I wm_dim_exit: [165,-,1,0]
04-12 20:39:48.625912  1706  1840 I wm_dim_cancel_anim: [165,new target values]
04-12 20:39:48.625951  1706  1840 I wm_dim_animate: [165,0.000000,0.000000]
04-12 20:39:48.627882  2999  2999 I wm_on_top_resumed_lost_called: [83005724,com.transsion.settings.usbdialog.UsbMTPChooserActivity,topStateChangedWhenResumed]
04-12 20:39:48.629185  2999  2999 I wm_on_paused_called: [83005724,com.transsion.settings.usbdialog.UsbMTPChooserActivity,performPause,1]
04-12 20:39:48.629574  1706  4345 I wm_add_to_stopping: [0,83005724,com.android.settings/com.transsion.settings.usbdialog.UsbMTPChooserActivity,completeFinishing]
04-12 20:39:48.632333  1706  4345 I wm_set_resumed_activity: [0,com.transsion.resolver/.ChooserActivityLauncher,resumeTopActivity - onActivityStateChanged]
04-12 20:39:48.635687  1706  4345 I wm_resume_activity: [0,93250050,52,com.transsion.resolver/.ChooserActivityLauncher]
04-12 20:39:48.637126  1706  1836 I sysui_multi_action: [757,803,799,window_time_0,802,1]
04-12 20:39:48.642713  2707  2922 I jank_cuj_events_begin_request: [20100,1775997588642546000,31416497924,31416497924,]
04-12 20:39:48.646507  5125  5125 I wm_on_resume_called: [93250050,com.transsion.resolver.ChooserActivityLauncher,RESUME_ACTIVITY,0]
04-12 20:39:48.646700  5125  5125 I wm_on_top_resumed_gained_called: [93250050,com.transsion.resolver.ChooserActivityLauncher,topWhenResuming]
04-12 20:39:48.648708  1706  1840 I input_focus: [Focus request a9b2076 com.transsion.resolver/com.transsion.resolver.ChooserActivityLauncher,reason=UpdateInputWindows]
04-12 20:39:48.649279  1706  1840 I snet_event_log: updateFrameRateVote [pkg = com.gallery20 title = com.gallery20/com.gallery20.HomeActivity refreshRate = 120.00001 modeId = 2 setting =10000 peak = 120.0 mTopApp = com.android.settings]
04-12 20:39:48.651337  1706  1837 I dvm_lock_sample: [system_server,1,android.ui,38,ActivityManagerService.java,17342,void com.android.server.am.ActivityManagerService.pushTempAllowlist(),,0,null,7]
04-12 20:39:48.661807  1706  2086 I input_focus: [Focus entering a9b2076 com.transsion.resolver/com.transsion.resolver.ChooserActivityLauncher,reason=setFocusedWindow]
04-12 20:39:48.671232  1706  1940 I dvm_lock_sample: [system_server,1,binder:1706_3,52,ActivityManagerService.java,18355,void com.android.server.am.ActivityManagerService$LocalService.setPendingIntentAllowBgActivityStarts(android.content.IIntentSender, android.os.IBinder, int),,0,null,10]
04-12 20:39:48.685305  1706  1840 I wm_dim_finish_anim: 165
04-12 20:39:48.685354  1706  1840 I wm_dim_cancel_anim: [165,ready to remove]
04-12 20:39:48.685367  1706  1840 I wm_dim_removed: 165
04-12 20:39:48.695418  1706  1840 I snet_event_log: updateFrameRateVote [pkg = com.android.systemui title = com.android.systemui.wallpapers.ImageWallpaper refreshRate = 120.00001 modeId = 2 setting =10000 peak = 120.0 mTopApp = com.transsion.resolver]
04-12 20:39:48.695714  1706  1840 I snet_event_log: updateFrameRateVote [pkg = com.android.systemui title = DynamicBar refreshRate = 120.00001 modeId = 2 setting =10000 peak = 120.0 mTopApp = com.transsion.resolver]
04-12 20:39:48.696854  1706  3280 I am_uid_running: 10139
04-12 20:39:48.732000  2347  2347 I auditd  : type=1400 audit(0.0:655): avc:  denied  { getopt } for  comm="FinalizerDaemon" path="/dev/socket/usap_pool_primary" scontext=u:r:gmscore_app:s0:c512,c768 tcontext=u:r:zygote:s0 tclass=unix_stream_socket permissive=0 app=com.google.android.gms
04-12 20:39:48.731723  1706  2153 I sysui_multi_action: [757,199,758,1,759,16,793,308,794,0,795,308,796,0,797,-1543423057::SUMMARY::ct,806,com.google.android.googlequicksearchbox,857,74,858,2,946,-1543423057::SUMMARY::ct,947,1,1500,308,1688,1]
04-12 20:39:48.731756  1706  2153 I notification_alert: [0|com.google.android.googlequicksearchbox|0|-1543423057::SUMMARY::ct|10233,0,0,0,2,0]
04-12 20:39:48.749824  1706  2811 I dvm_lock_sample: [system_server,1,binder:1706_B,72,ActivityManagerService.java,15283,int com.android.server.am.ActivityManagerService.bindServiceInstance(android.app.IApplicationThread, android.os.IBinder, android.content.Intent, java.lang.String, android.app.IServiceConnection, long, java.lang.String, boolean, int, java.lang.String, android.app.IApplicationThread, java.lang.String, int),,0,null,14]
04-12 20:39:48.786607  1706  2811 I am_uid_running: 10144
04-12 20:39:48.796122  1706  4249 I dvm_lock_sample: [system_server,1,binder:1706_1A,115,ActivityManagerService.java,15283,int com.android.server.am.ActivityManagerService.bindServiceInstance(android.app.IApplicationThread, android.os.IBinder, android.content.Intent, java.lang.String, android.app.IServiceConnection, long, java.lang.String, boolean, int, java.lang.String, android.app.IApplicationThread, java.lang.String, int),,0,null,23]
04-12 20:39:48.853234  5066  6190 I dvm_lock_sample: [com.google.android.googlequickse,1,Lite Thread #5,35,PG,39,fbhf erbu.j(com.google.common.util.concurrent.ListenableFuture, long),-,278,java.lang.Object erbc.apply(java.lang.Object),7]
04-12 20:39:48.875000  1706  2855 I netstats_mobile_sample: [0,0,0,0,0,0,0,0,1775997589278]
04-12 20:39:48.880635  1706  2855 I netstats_wifi_sample: [254548,91114,529,580,252131,85260,503,544,1775997589278]
04-12 20:39:48.891417  1706  1860 I am_proc_start: [0,6926,10139,com.sh.smart.caller,content provider,{com.sh.smart.caller/com.android.incallui.autoanswer.AutoAnswerProvider},caller=com.transsion.aicore.main/10112]
04-12 20:39:48.892934  1706  2265 I dvm_lock_sample: [system_server,1,binder:1706_6,222,ContentProviderHelper.java,207,android.app.ContentProviderHolder com.android.server.am.ContentProviderHelper.getContentProviderImpl(android.app.IApplicationThread, java.lang.String, android.os.IBinder, int, java.lang.String, java.lang.String, boolean, int),,0,null,44]
04-12 20:39:48.907150  2707  2922 I jank_cuj_events_end_request: [20100,1775997588902526000,31676477924,31676477924]
04-12 20:39:48.907164  2707  2922 I jank_cuj_events_end_request: [10500,1775997588904077000,31678028617,31678028694]
04-12 20:39:48.923065  1706  4344 I dvm_lock_sample: [system_server,1,binder:1706_1F,165,ActivityManagerService.java,15305,boolean com.android.server.am.ActivityManagerService.unbindService(android.app.IServiceConnection),,0,null,33]
04-12 20:39:48.923863  2707  2922 I jank_cuj_events_begin_request: [10501,1775997588923621000,31697573001,31697573232,]
04-12 20:39:48.940405  1706  1990 I dvm_lock_sample: [system_server,1,appscheduling.default,181,ConnectivityController.java,1884,void com.android.server.job.controllers.ConnectivityController$CcHandler.handleMessage(android.os.Message),JobSchedulerService.java,5689,boolean com.android.server.job.JobSchedulerService.isBatteryCharging(),36]
04-12 20:39:48.942623  2999  2999 I viewroot_draw_event: [VRI[UsbMTPChooserActivity],Not drawing due to not visible. Reason=!mAppVisible && !mForceDecorViewVisibility]
04-12 20:39:48.950380  1706  2157 I dvm_lock_sample: [system_server,0,audioserver_lifecycle,7,PackageManagerService.java,1344,com.android.server.pm.Computer com.android.server.pm.PackageManagerService.snapshotComputer(boolean),-,1370,com.android.server.pm.Computer com.android.server.pm.PackageManagerService.snapshotComputer(boolean),1]
04-12 20:39:48.956780  1706  4243 I am_proc_start: [0,6988,10144,com.transsion.trancare,service,{com.transsion.trancare/com.transsion.trancare.frameworks.cloudengine.CloudEngineService},caller=com.transsion.aivoiceassistant/10190]
04-12 20:39:48.959268  1706  4243 I am_proc_bound: [0,6988,com.transsion.trancare]
04-12 20:39:48.964783  1706  4200 I dvm_lock_sample: [system_server,1,binder:1706_13,159,ActivityManagerService.java,15305,boolean com.android.server.am.ActivityManagerService.unbindService(android.app.IServiceConnection),,0,null,31]
04-12 20:39:48.966158  1706  2835 I dvm_lock_sample: [system_server,1,binder:1706_C,278,ActivityManagerService.java,15283,int com.android.server.am.ActivityManagerService.bindServiceInstance(android.app.IApplicationThread, android.os.IBinder, android.content.Intent, java.lang.String, android.app.IServiceConnection, long, java.lang.String, boolean, int, java.lang.String, android.app.IApplicationThread, java.lang.String, int),,0,null,55]
04-12 20:39:48.970947  1706  1942 I dvm_lock_sample: [system_server,1,binder:1706_5,137,ActivityManagerService.java,15305,boolean com.android.server.am.ActivityManagerService.unbindService(android.app.IServiceConnection),,0,null,27]
04-12 20:39:48.976000  6988  6988 I auditd  : type=1400 audit(0.0:656): avc:  denied  { read write } for  comm="re-initialized>" name="ensignal" dev="tmpfs" ino=2080 scontext=u:r:platform_app:s0:c512,c768 tcontext=u:object_r:ensignal_device:s0 tclass=chr_file permissive=0 app=com.transsion.trancare
04-12 20:39:48.976000  6988  6988 I auditd  : type=1400 audit(0.0:657): avc:  denied  { read write } for  comm="re-initialized>" name="ensignal" dev="tmpfs" ino=2080 scontext=u:r:platform_app:s0:c512,c768 tcontext=u:object_r:ensignal_device:s0 tclass=chr_file permissive=0 app=com.transsion.trancare
04-12 20:39:48.981106  1706  1840 I snet_event_log: updateFrameRateVote [pkg = com.android.systemui title = com.android.systemui.wallpapers.ImageWallpaper refreshRate = 90.0 modeId = 3 setting =10000 peak = 120.0 mTopApp = com.transsion.resolver]
04-12 20:39:48.981249  1706  1840 I snet_event_log: updateFrameRateVote [pkg = com.gallery20 title = com.gallery20/com.gallery20.HomeActivity refreshRate = 90.0 modeId = 3 setting =10000 peak = 120.0 mTopApp = com.transsion.resolver]
04-12 20:39:48.981504  1706  1840 I snet_event_log: updateFrameRateVote [pkg = com.android.systemui title = DynamicBar refreshRate = 90.0 modeId = 3 setting =10000 peak = 120.0 mTopApp = com.transsion.resolver]
04-12 20:39:48.984663  1706  1940 I dvm_lock_sample: [system_server,1,binder:1706_3,187,NotificationManagerService.java,14483,boolean com.android.server.notification.NotificationManagerService$NotificationListeners.isListenerPackage(java.lang.String),ManagedServices.java,238,java.util.List com.android.server.notification.ManagedServices.getServices(),37]
04-12 20:39:48.991375  1706  3280 I am_proc_bound: [0,6926,com.sh.smart.caller]
04-12 20:39:49.018661  1706  1860 I am_proc_start: [0,7017,1000,com.transsion.tabe,service,{com.transsion.tabe/com.transsion.tabe.services.TabeMainService},caller=system/1000]
04-12 20:39:49.032828  1706  1848 I dvm_lock_sample: [system_server,1,android.bg,339,ContentProviderHelper.java,1677,void com.android.server.am.ContentProviderHelper.handleProviderRemoval(com.android.server.am.ContentProviderConnection, boolean, boolean),,0,null,67]
04-12 20:39:49.035355  1706  2001 I commit_sys_config_file: [settings-1-0,10]
04-12 20:39:49.080354  1706  2153 I notification_enqueue: [10233,5066,com.google.android.googlequicksearchbox,0,-1543423057::a:snotification:[0x34ebef72c09aa412,stories.f,NOTIFICATION],0,Notification(channel=74 shortcut=null contentView=null vibrate=null sound=null defaults=0 flags=ONLY_ALERT_ONCE color=0x00000000 groupKey=-1543423057::SUMMARY::ct actions=2 vis=PRIVATE),0,1]
04-12 20:39:49.092071  1706  1990 I dvm_lock_sample: [system_server,1,appscheduling.default,77,BroadcastController.java,759,int com.android.server.am.BroadcastController.broadcastIntentWithFeature(android.app.IApplicationThread, java.lang.String, android.content.Intent, java.lang.String, android.content.IIntentReceiver, int, java.lang.String, android.os.Bundle, java.lang.String[], java.lang.String[], java.lang.String[], int, android.os.Bundle, boolean, boolean, int),,0,null,15]
04-12 20:39:49.092559  1706  1837 I dvm_lock_sample: [system_server,1,android.ui,291,ActivityManagerService.java,17319,void com.android.server.am.ActivityManagerService.pushTempAllowlist(),,0,null,58]
04-12 20:39:49.093251  1706  3319 I dvm_lock_sample: [system_server,1,binder:1706_10,406,BroadcastController.java,532,android.content.Intent com.android.server.am.BroadcastController.registerReceiverWithFeatureTraced(android.app.IApplicationThread, java.lang.String, java.lang.String, java.lang.String, android.content.IIntentReceiver, android.content.IntentFilter, java.lang.String, int, int),,0,null,81]
04-12 20:39:49.096269  1706  4229 I am_proc_bound: [0,7017,com.transsion.tabe]
04-12 20:39:49.110972  1706  2001 I commit_sys_config_file: [settings-0-0,23]
04-12 20:39:49.152094  1706  4229 I dvm_lock_sample: [system_server,1,binder:1706_16,55,ActivityTaskManagerService.java,7458,com.android.server.wm.ActivityTaskManagerInternal$PreBindInfo com.android.server.wm.ActivityTaskManagerService$LocalService.preBindApplication(com.android.server.wm.WindowProcessController, android.content.pm.ApplicationInfo),,0,null,11]
04-12 20:39:49.162199  1706  1795 I dvm_lock_sample: [system_server,1,binder:1706_1,98,ActivityManagerService.java,15283,int com.android.server.am.ActivityManagerService.bindServiceInstance(android.app.IApplicationThread, android.os.IBinder, android.content.Intent, java.lang.String, android.app.IServiceConnection, long, java.lang.String, boolean, int, java.lang.String, android.app.IApplicationThread, java.lang.String, int),,0,null,19]
04-12 20:39:49.178339  1706  1990 I dvm_lock_sample: [system_server,1,appscheduling.default,82,DeviceIdleController.java,2200,void com.android.server.DeviceIdleController$MyHandler.handleMessage(android.os.Message),-,3472,void com.android.server.DeviceIdleController.addPowerSaveTempWhitelistAppDirectInternal(int, int, long, int, boolean, int, java.lang.String),16]
04-12 20:39:49.182983  1706  4249 I dvm_lock_sample: [system_server,1,binder:1706_1A,50,ActivityManagerService.java,4413,void com.android.server.am.ActivityManagerService.addPackageDependency(java.lang.String),,0,null,10]
04-12 20:39:49.183836  1706  4316 I dvm_lock_sample: [system_server,1,binder:1706_1E,78,ActivityManagerService.java,6474,java.lang.String com.android.server.am.ActivityManagerService.getTagForIntentSender(android.content.IIntentSender, java.lang.String),,0,null,15]
04-12 20:39:49.184601  1706  1839 I wm_destroy_activity: [0,83005724,53,com.android.settings/com.transsion.settings.usbdialog.UsbMTPChooserActivity,finish-imm:idle]
04-12 20:39:49.196997  1706  4200 I dvm_lock_sample: [system_server,0,binder:1706_13,18,WindowManagerService.java,2593,void com.android.server.wm.WindowManagerService.setInsetsWindow(com.android.server.wm.Session, android.view.IWindow, int, android.graphics.Rect, android.graphics.Rect, android.graphics.Region),ActivityTaskSupervisor.java,2890,void com.android.server.wm.ActivityTaskSupervisor$ActivityTaskSupervisorHandler.handleMessage(android.os.Message),3]
04-12 20:39:49.221405  7070  7070 I service_manager_slow: [11,activity]
04-12 20:39:49.234514  1706  4199 I dvm_lock_sample: [system_server,1,binder:1706_12,31,ActivityTaskManagerService.java,2790,boolean com.android.server.wm.ActivityTaskManagerService.isControllerAMonkey(),,0,null,6]
04-12 20:39:49.247683  1706  1848 I dvm_lock_sample: [system_server,1,android.bg,78,ContentProviderHelper.java,1677,void com.android.server.am.ContentProviderHelper.handleProviderRemoval(com.android.server.am.ContentProviderConnection, boolean, boolean),,0,null,15]
04-12 20:39:49.251143  1706  4205 I dvm_lock_sample: [system_server,0,binder:1706_14,73,ActivityManagerService.java,15340,void com.android.server.am.ActivityManagerService.serviceDoneExecuting(android.os.IBinder, int, int, int, android.content.Intent),,0,null,14]
04-12 20:39:49.251558  1706  4208 I dvm_lock_sample: [system_server,1,binder:1706_15,194,ContentProviderHelper.java,207,android.app.ContentProviderHolder com.android.server.am.ContentProviderHelper.getContentProviderImpl(android.app.IApplicationThread, java.lang.String, android.os.IBinder, int, java.lang.String, java.lang.String, boolean, int),,0,null,38]
04-12 20:39:49.253041  1706  3561 I dvm_lock_sample: [system_server,1,binder:1706_11,104,ActivityManagerService.java,15283,int com.android.server.am.ActivityManagerService.bindServiceInstance(android.app.IApplicationThread, android.os.IBinder, android.content.Intent, java.lang.String, android.app.IServiceConnection, long, java.lang.String, boolean, int, java.lang.String, android.app.IApplicationThread, java.lang.String, int),,0,null,20]
04-12 20:39:49.258971  1706  4249 I dvm_lock_sample: [system_server,1,binder:1706_1A,72,ActivityManagerService.java,7456,void com.android.server.am.ActivityManagerService.grantUriPermission(android.app.IApplicationThread, java.lang.String, android.net.Uri, int, int),,0,null,14]
04-12 20:39:49.266338  1706  1839 I dvm_lock_sample: [system_server,1,android.display,66,ProcessRecord.java,1749,void com.android.server.am.ProcessRecord.updateProcessInfo(boolean, boolean, boolean),,0,null,13]
04-12 20:39:49.271330  1706  1860 I am_proc_start: [0,7070,1000,com.transsion.succ,service,{com.transsion.succ/com.transsion.succ.services.SuccMainService},caller=system/1000]
04-12 20:39:49.280188  1706  1942 I am_proc_bound: [0,7070,com.transsion.succ]
04-12 20:39:49.286708  1706  2855 I dvm_lock_sample: [system_server,1,binder:1706_E,104,ActivityManagerService.java,5422,void com.android.server.am.ActivityManagerService.finishAttachApplicationInner(long, int, int),,0,null,20]
04-12 20:39:49.287808  1706  2855 I am_uid_active: 10144
04-12 20:39:49.292107  1706  3280 I dvm_lock_sample: [system_server,1,binder:1706_F,110,BroadcastController.java,759,int com.android.server.am.BroadcastController.broadcastIntentWithFeature(android.app.IApplicationThread, java.lang.String, android.content.Intent, java.lang.String, android.content.IIntentReceiver, int, java.lang.String, android.os.Bundle, java.lang.String[], java.lang.String[], java.lang.String[], int, android.os.Bundle, boolean, boolean, int),,0,null,22]
04-12 20:39:49.306444  5203  5238 I dvm_lock_sample: [com.transsion.aicore.main,1,binder:5203_2,631,ActivityThread.java,8429,android.content.IContentProvider android.app.ActivityThread.acquireProvider(android.content.Context, java.lang.String, int, boolean),-,8455,android.content.IContentProvider android.app.ActivityThread.acquireProvider(android.content.Context, java.lang.String, int, boolean),100]
04-12 20:39:49.307513  2999  2999 I wm_on_stop_called: [83005724,com.transsion.settings.usbdialog.UsbMTPChooserActivity,LIFECYCLER_STOP_ACTIVITY,109]
04-12 20:39:49.310573  2999  2999 I wm_on_destroy_called: [83005724,com.transsion.settings.usbdialog.UsbMTPChooserActivity,performDestroy,0]
04-12 20:39:49.312445  1706  2086 I input_interaction: Interaction with: a9b2076 com.transsion.resolver/com.transsion.resolver.ChooserActivityLauncher, [Gesture Monitor] edge-swipe, [Gesture Monitor] TranGestureMonitor, [Gesture Monitor] TranGestureMonitor, PointerEventDispatcher0, 
04-12 20:39:49.327420  1706  1795 I dvm_lock_sample: [system_server,1,binder:1706_1,34,ContentProviderHelper.java,207,android.app.ContentProviderHolder com.android.server.am.ContentProviderHelper.getContentProviderImpl(android.app.IApplicationThread, java.lang.String, android.os.IBinder, int, java.lang.String, java.lang.String, boolean, int),,0,null,6]
04-12 20:39:49.336117  1706  2153 I sysui_multi_action: [757,1501,758,1,793,757,794,0,795,757,796,0,797,-1543423057::a:snotification:[0x34ebef72c09aa412,stories.f,NOTIFICATION],806,com.google.android.googlequicksearchbox,857,74,858,2,946,-1543423057::SUMMARY::ct,947,0,1500,0,1688,1,1745,680407814]
04-12 20:39:49.336133  1706  2153 I sysui_multi_action: [757,804,799,note_interruptive,801,0,802,1]
04-12 20:39:49.356367  1706  4307 I dvm_lock_sample: [system_server,1,binder:1706_1C,6,BroadcastController.java,532,android.content.Intent com.android.server.am.BroadcastController.registerReceiverWithFeatureTraced(android.app.IApplicationThread, java.lang.String, java.lang.String, java.lang.String, android.content.IIntentReceiver, android.content.IntentFilter, java.lang.String, int, int),,0,null,1]
04-12 20:39:49.360773  1706  4307 I wm_task_removed: [53,53,0,removeChild, last child = ActivityRecord{83005724 u0 com.android.settings/com.transsion.settings.usbdialog.UsbMTPChooserActivity t-1 f}} in Task{ae30aa1 #53 type=standard A=1000:com.android.settings nonResizable}]
04-12 20:39:49.366635  2707  2922 I jank_cuj_events_end_request: [10425,1775997589366501000,32140452617,32140452694]
04-12 20:39:49.370925  5125  5125 I sysui_multi_action: [757,215,758,4,759,0,1086,0]
04-12 20:39:49.384434  1706  2153 I sysui_multi_action: [757,199,758,1,759,16,793,805,794,0,795,805,796,0,797,-1543423057::a:snotification:[0x34ebef72c09aa412,stories.f,NOTIFICATION],806,com.google.android.googlequicksearchbox,857,74,858,2,946,-1543423057::SUMMARY::ct,947,0,1500,48,1688,1,1745,680407814]
04-12 20:39:49.384622  1706  2153 I notification_alert: [0|com.google.android.googlequicksearchbox|0|-1543423057::a:snotification:[0x34ebef72c09aa412,stories.f,NOTIFICATION]|10233,0,0,0,2,0]
04-12 20:39:49.418025  1706  4316 I sysui_multi_action: [757,856,758,2,806,com.sh.smart.caller,857,summary_notification,858,4]
04-12 20:39:49.422029  1706  1990 I dvm_lock_sample: [system_server,1,appscheduling.default,31,BackgroundJobsController.java,426,void com.android.server.job.controllers.BackgroundJobsController$2.updateAllJobs(),JobSchedulerService.java,2573,int com.android.server.job.JobSchedulerService.getUidProcState(int),6]
04-12 20:39:49.427428  1706  2153 I notification_cancel_all: [1000,1706,com.sh.smart.caller,0,0,0,20,NULL]
04-12 20:39:49.434239  1706  4205 I dvm_lock_sample: [system_server,0,binder:1706_14,65,ContentProviderHelper.java,985,void com.android.server.am.ContentProviderHelper.removeContentProvider(android.os.IBinder, boolean),,0,null,13]
04-12 20:39:49.436579  2707  2922 I jank_cuj_events_end_request: [10501,1775997589435769000,32209720924,32209720924]
04-12 20:39:49.459192  1706  4205 I am_uid_active: 10231
04-12 20:39:49.460948  1706  3319 I sysui_multi_action: [757,856,758,2,806,com.sh.smart.caller,857,DEFAULT_CHANNEL,858,3]
04-12 20:39:49.469692  1706  2153 I notification_cancel_all: [1000,1706,com.sh.smart.caller,0,0,0,20,NULL]
04-12 20:39:49.499340  1706  2855 I wm_task_created: 54
04-12 20:39:49.502163  1706  2855 I wm_task_moved: [54,54,0,1,3]
04-12 20:39:49.502196  1706  2855 I wm_task_to_front: [0,54,0]
04-12 20:39:49.502588  1706  2855 I wm_create_task: [0,54,54,0]
04-12 20:39:49.502603  1706  2855 I wm_create_activity: [0,175079945,54,com.google.android.gms/.nearby.sharing.main.MainActivity,android.intent.action.SEND,image/*,NULL,318767105]
04-12 20:39:49.502632  1706  2855 I wm_task_moved: [54,54,0,1,3]
04-12 20:39:49.503309  1706  2855 I wm_pause_activity: [0,93250050,com.transsion.resolver/.ChooserActivityLauncher,userLeaving=true,pauseBackTasks]
04-12 20:39:49.507824  5125  5125 I sysui_multi_action: [757,457,758,4]
04-12 20:39:49.507847  5125  5125 I sysui_multi_action: [757,454,758,4]
04-12 20:39:49.508304  1706  4344 I wm_finish_activity: [0,93250050,52,com.transsion.resolver/.ChooserActivityLauncher,app-request]
04-12 20:39:49.509294  5125  5125 I wm_on_top_resumed_lost_called: [93250050,com.transsion.resolver.ChooserActivityLauncher,topStateChangedWhenResumed]
04-12 20:39:49.510782  5125  5125 I wm_on_paused_called: [93250050,com.transsion.resolver.ChooserActivityLauncher,performPause,0]
04-12 20:39:49.512334  1706  4229 I wm_add_to_stopping: [0,93250050,com.transsion.resolver/.ChooserActivityLauncher,completeFinishing]
04-12 20:39:49.513458  1706  4229 I wm_add_to_stopping: [0,129231105,com.gallery20/.HomeActivity,makeInvisible]
04-12 20:39:49.515481  1706  1840 I snet_event_log: updateFrameRateVote [pkg = com.gallery20 title = com.gallery20/com.gallery20.HomeActivity refreshRate = 120.00001 modeId = 2 setting =10000 peak = 120.0 mTopApp = com.transsion.resolver]
04-12 20:39:49.515634  1706  1840 I wm_dim_exit: [155,-,1,0]
04-12 20:39:49.515670  1706  1840 I wm_dim_cancel_anim: [155,new target values]
04-12 20:39:49.515710  1706  1840 I wm_dim_animate: [155,0.000000,0.000000]
04-12 20:39:49.517902  1706  1836 I sysui_multi_action: [757,803,799,window_time_0,802,1]
04-12 20:39:49.523917  1706  1859 I am_wtf  : [0,1706,system_server,-1,ContentProviderHelper,Unable to check Uri permission because caller is holding WM lock; assuming permission denied]
04-12 20:39:49.524048  1706  1859 I am_wtf  : [0,1706,system_server,-1,ContentProviderHelper,Unable to check Uri permission because caller is holding WM lock; assuming permission denied]
04-12 20:39:49.524436  1706  2086 I input_focus: [Focus leaving a9b2076 com.transsion.resolver/com.transsion.resolver.ChooserActivityLauncher,reason=NO_WINDOW]
04-12 20:39:49.549271  1706  1840 I snet_event_log: updateFrameRateVote [pkg = com.google.android.gms title = Splash Screen com.google.android.gms refreshRate = 120.00001 modeId = 2 setting =10000 peak = 120.0 mTopApp = com.transsion.resolver]
04-12 20:39:49.550716  1706  2453 I dvm_lock_sample: [system_server,1,binder:1706_8,25,AccountManagerService.java,3140,void com.android.server.accounts.AccountManagerService.setUserdataInternal(com.android.server.accounts.AccountManagerService$UserAccounts, android.accounts.Account, java.lang.String, java.lang.String, int),-,2904,boolean com.android.server.accounts.AccountManagerService.saveAuthTokenToDatabase(com.android.server.accounts.AccountManagerService$UserAccounts, android.accounts.Account, java.lang.String, java.lang.String),5]
04-12 20:39:49.563157  1706  1860 I am_proc_start: [0,5140,10232,com.google.android.gms.ui,next-top-activity,{com.google.android.gms/com.google.android.gms.nearby.sharing.main.MainActivity}]
04-12 20:39:49.569628  1706  1840 I wm_dim_finish_anim: 155
04-12 20:39:49.569756  1706  1840 I wm_dim_cancel_anim: [155,ready to remove]
04-12 20:39:49.569814  1706  1840 I wm_dim_removed: 155
04-12 20:39:49.584971  1706  4307 I am_proc_bound: [0,5140,com.google.android.gms.ui]
04-12 20:39:49.593172  2707  2954 I viewroot_draw_event: [VRI[gms],reportDrawFinished seqId=0]
04-12 20:39:49.601920  2707  3177 I viewroot_draw_event: [VRI[DynamicBar],reportDrawFinished seqId=0]
04-12 20:39:49.604859  1706  2001 I commit_sys_config_file: [settings-2-0,23]
04-12 20:39:49.592000  5140  5140 I auditd  : type=1400 audit(0.0:675): avc:  denied  { read write } for  comm="re-initialized>" name="ensignal" dev="tmpfs" ino=2080 scontext=u:r:gmscore_app:s0:c512,c768 tcontext=u:object_r:ensignal_device:s0 tclass=chr_file permissive=0 app=com.google.android.gms
04-12 20:39:49.592000  5140  5140 I auditd  : type=1400 audit(0.0:676): avc:  denied  { read write } for  comm="re-initialized>" name="ensignal" dev="tmpfs" ino=2080 scontext=u:r:gmscore_app:s0:c512,c768 tcontext=u:object_r:ensignal_device:s0 tclass=chr_file permissive=0 app=com.google.android.gms
04-12 20:39:49.608885  2707  2922 I jank_cuj_events_begin_request: [128,1775997589608208000,32382160078,32382160309,]
04-12 20:39:49.608897  2707  2922 I jank_cuj_events_begin_request: [20100,1775997589608301000,32382252617,32382252617,]
04-12 20:39:49.623299  1706  1990 I dvm_lock_sample: [system_server,1,appscheduling.default,16,ActivityManagerService.java,11310,int com.android.server.am.ActivityManagerService.getMemoryTrimLevel(),,0,null,3]
04-12 20:39:49.630120  1706  1840 I snet_event_log: updateFrameRateVote [pkg = com.android.systemui title = com.android.systemui.wallpapers.ImageWallpaper refreshRate = 120.00001 modeId = 2 setting =10000 peak = 120.0 mTopApp = com.transsion.resolver]
04-12 20:39:49.630352  1706  1840 I snet_event_log: updateFrameRateVote [pkg = com.android.systemui title = DynamicBar refreshRate = 120.00001 modeId = 2 setting =10000 peak = 120.0 mTopApp = com.transsion.resolver]
04-12 20:39:49.636000  5140  5140 I auditd  : type=1400 audit(0.0:677): avc:  denied  { search } for  comm="binder:5140_2" name="/" dev="sdc87" ino=2 scontext=u:r:gmscore_app:s0:c512,c768 tcontext=u:object_r:tranfs_file:s0 tclass=dir permissive=0 app=com.google.android.gms
04-12 20:39:49.673212  1706  1838 I commit_sys_config_file: [notification-policy,4]
04-12 20:39:49.675916  2707  2922 I jank_cuj_events_begin_request: [10500,1775997589664856000,32438808386,32438808617,]
04-12 20:39:49.678571  1706  4229 I sysui_multi_action: [757,856,758,1,806,com.sh.smart.caller,857,summary_notification,858,4]
04-12 20:39:49.690218  1706  1940 I netstats_mobile_sample: [0,0,0,0,0,0,0,0,1775997590094]
04-12 20:39:49.690357  1706  1940 I netstats_wifi_sample: [328939,117102,675,742,325733,110996,640,704,1775997590094]
04-12 20:39:49.697572  1706  1795 I wm_restart_activity: [0,175079945,54,com.google.android.gms/.nearby.sharing.main.MainActivity]
04-12 20:39:49.698616  1706  1795 I wm_set_resumed_activity: [0,com.google.android.gms/.nearby.sharing.main.MainActivity,realStartActivityLocked - onActivityStateChanged]
04-12 20:39:49.748551  2579  2579 I dvm_lock_sample: [com.android.phone,1,main,45,ApiPublisherConnection.java,-1,boolean com.transsion.kolun.oxygenbus.ApiPublisherConnection.registerRemoteSubscribe(android.content.Context, com.transsion.apiinvoke.common.router.ProcessInfo, java.lang.String),-,93,boolean com.transsion.kolun.oxygenbus.ApiPublisherConnection.registerRemoteSubscribe(android.content.Context, com.transsion.apiinvoke.common.router.ProcessInfo, java.lang.String),9]
04-12 20:39:49.758198  5140  5140 I wm_on_create_called: [175079945,com.google.android.gms.nearby.sharing.main.MainActivity,performCreate,31]
04-12 20:39:49.758936  5140  5140 I wm_on_start_called: [175079945,com.google.android.gms.nearby.sharing.main.MainActivity,handleStartActivity,0]
04-12 20:39:49.761812  5140  5140 I wm_on_resume_called: [175079945,com.google.android.gms.nearby.sharing.main.MainActivity,RESUME_ACTIVITY,2]
