04-12 20:39:55.052361  2345  2821 D OsTrL-  : TAG_XLauncherUnreadSettingLoaderisNotificationEnable end():pkg->com.google.android.gms  enable->true isAppTwin=false
04-12 20:39:55.053180  2345  2821 D OsTrL-  : TAG_XLauncherUnreadSettingLoaderisBadgeEnable end():pkg->com.google.android.gms isTwinApp=false  showSwitch->true
04-12 20:39:55.053707  2345  2345 D TAG_BadgeManager: onBadgeInfoChanged, newUpdateDots.size=1
04-12 20:39:55.054001  2347  3415 I NetworkScheduler.Stats: (REDACTED) Task %s/%s finished executing. cause:%s result: %s elapsed_millis: %s uptime_millis: %s exec_start_elapsed_seconds: %s
04-12 20:39:55.054928  2345  2345 D TAG_BadgeManager: onBadgeInfoChanged, newUpdateDots.size=1
04-12 20:39:55.054990  1706  2266 I PMS-OPEN: intent = Intent { act=android.intent.action.MAIN cat=[android.intent.category.HOME] }, n = 2, final suggPkg = null, openWith = false
04-12 20:39:55.055032  1706  2266 D PMS-OPEN: ResolveInfo{12f0490 com.transsion.launcher3/com.android.launcher3.uioverrides.QuickstepLauncher m=0x108000 userHandle=UserHandle{0}}=0 , vs ResolveInfo{bc90189 com.android.settings/.FallbackHome p=-1000 m=0x108000 userHandle=UserHandle{0}}=-1000
04-12 20:39:55.055061  1706  2266 E PMS-OPEN: return higher priority, ri = ResolveInfo{12f0490 com.transsion.launcher3/com.android.launcher3.uioverrides.QuickstepLauncher m=0x108000 userHandle=UserHandle{0}}
04-12 20:39:55.055751  1706  4208 I PMS-OPEN: intent = Intent { act=android.intent.action.MAIN cat=[android.intent.category.HOME] }, n = 2, final suggPkg = null, openWith = false
04-12 20:39:55.055804  1706  4208 D PMS-OPEN: ResolveInfo{c03958e com.transsion.launcher3/com.android.launcher3.uioverrides.QuickstepLauncher m=0x108000 userHandle=UserHandle{0}}=0 , vs ResolveInfo{eec21af com.android.settings/.FallbackHome p=-1000 m=0x108000 userHandle=UserHandle{0}}=-1000
04-12 20:39:55.055813  1706  4208 E PMS-OPEN: return higher priority, ri = ResolveInfo{c03958e com.transsion.launcher3/com.android.launcher3.uioverrides.QuickstepLauncher m=0x108000 userHandle=UserHandle{0}}
04-12 20:39:55.056443  1706  4208 I PMS-OPEN: intent = Intent { act=android.intent.action.MAIN cat=[android.intent.category.HOME] }, n = 2, final suggPkg = null, openWith = false
04-12 20:39:55.056496  1706  4208 D PMS-OPEN: ResolveInfo{927d9bc com.transsion.launcher3/com.android.launcher3.uioverrides.QuickstepLauncher m=0x108000 userHandle=UserHandle{0}}=0 , vs ResolveInfo{db72d45 com.android.settings/.FallbackHome p=-1000 m=0x108000 userHandle=UserHandle{0}}=-1000
04-12 20:39:55.056512  1706  4208 E PMS-OPEN: return higher priority, ri = ResolveInfo{927d9bc com.transsion.launcher3/com.android.launcher3.uioverrides.QuickstepLauncher m=0x108000 userHandle=UserHandle{0}}
04-12 20:39:55.057076  1706  4208 I PMS-OPEN: intent = Intent { act=android.intent.action.MAIN cat=[android.intent.category.HOME] }, n = 2, final suggPkg = null, openWith = false
04-12 20:39:55.057127  1706  4208 D PMS-OPEN: ResolveInfo{4e329cb com.transsion.launcher3/com.android.launcher3.uioverrides.QuickstepLauncher m=0x108000 userHandle=UserHandle{0}}=0 , vs ResolveInfo{976d5a8 com.android.settings/.FallbackHome p=-1000 m=0x108000 userHandle=UserHandle{0}}=-1000
04-12 20:39:55.057139  1706  4208 E PMS-OPEN: return higher priority, ri = ResolveInfo{4e329cb com.transsion.launcher3/com.android.launcher3.uioverrides.QuickstepLauncher m=0x108000 userHandle=UserHandle{0}}
04-12 20:39:55.058325  1706  4208 I PMS-OPEN: intent = Intent { act=android.intent.action.MAIN cat=[android.intent.category.HOME] }, n = 2, final suggPkg = null, openWith = false
04-12 20:39:55.058353  1706  4208 D PMS-OPEN: ResolveInfo{ff897a7 com.transsion.launcher3/com.android.launcher3.uioverrides.QuickstepLauncher m=0x108000 userHandle=UserHandle{0}}=0 , vs ResolveInfo{d37a454 com.android.settings/.FallbackHome p=-1000 m=0x108000 userHandle=UserHandle{0}}=-1000
04-12 20:39:55.058359  1706  4208 E PMS-OPEN: return higher priority, ri = ResolveInfo{ff897a7 com.transsion.launcher3/com.android.launcher3.uioverrides.QuickstepLauncher m=0x108000 userHandle=UserHandle{0}}
04-12 20:39:55.059697  1706  4208 I PMS-OPEN: intent = Intent { act=android.intent.action.MAIN cat=[android.intent.category.HOME] }, n = 2, final suggPkg = null, openWith = false
04-12 20:39:55.059739  1706  4208 D PMS-OPEN: ResolveInfo{90d0743 com.transsion.launcher3/com.android.launcher3.uioverrides.QuickstepLauncher m=0x108000 userHandle=UserHandle{0}}=0 , vs ResolveInfo{394b1c0 com.android.settings/.FallbackHome p=-1000 m=0x108000 userHandle=UserHandle{0}}=-1000
04-12 20:39:55.059749  1706  4208 E PMS-OPEN: return higher priority, ri = ResolveInfo{90d0743 com.transsion.launcher3/com.android.launcher3.uioverrides.QuickstepLauncher m=0x108000 userHandle=UserHandle{0}}
04-12 20:39:55.061763  1706  2810 I PMS-OPEN: intent = Intent { act=android.intent.action.MAIN cat=[android.intent.category.HOME] }, n = 2, final suggPkg = null, openWith = false
04-12 20:39:55.061918  1706  2810 D PMS-OPEN: ResolveInfo{ef85ef9 com.transsion.launcher3/com.android.launcher3.uioverrides.QuickstepLauncher m=0x108000 userHandle=UserHandle{0}}=0 , vs ResolveInfo{a467e3e com.android.settings/.FallbackHome p=-1000 m=0x108000 userHandle=UserHandle{0}}=-1000
04-12 20:39:55.062286  1706  2810 E PMS-OPEN: return higher priority, ri = ResolveInfo{ef85ef9 com.transsion.launcher3/com.android.launcher3.uioverrides.QuickstepLauncher m=0x108000 userHandle=UserHandle{0}}
04-12 20:39:55.063810  1706  4208 I PMS-OPEN: intent = Intent { act=android.intent.action.MAIN cat=[android.intent.category.HOME] }, n = 2, final suggPkg = null, openWith = false
04-12 20:39:55.063860  1706  4208 D PMS-OPEN: ResolveInfo{c6ed49f com.transsion.launcher3/com.android.launcher3.uioverrides.QuickstepLauncher m=0x108000 userHandle=UserHandle{0}}=0 , vs ResolveInfo{1f329ec com.android.settings/.FallbackHome p=-1000 m=0x108000 userHandle=UserHandle{0}}=-1000
04-12 20:39:55.063872  1706  4208 E PMS-OPEN: return higher priority, ri = ResolveInfo{c6ed49f com.transsion.launcher3/com.android.launcher3.uioverrides.QuickstepLauncher m=0x108000 userHandle=UserHandle{0}}
04-12 20:39:55.064599  1706  2266 I PMS-OPEN: intent = Intent { act=android.intent.action.MAIN cat=[android.intent.category.HOME] }, n = 2, final suggPkg = null, openWith = false
04-12 20:39:55.064640  1706  2266 D PMS-OPEN: ResolveInfo{3d6f1b5 com.transsion.launcher3/com.android.launcher3.uioverrides.QuickstepLauncher m=0x108000 userHandle=UserHandle{0}}=0 , vs ResolveInfo{728404a com.android.settings/.FallbackHome p=-1000 m=0x108000 userHandle=UserHandle{0}}=-1000
04-12 20:39:55.064650  1706  2266 E PMS-OPEN: return higher priority, ri = ResolveInfo{3d6f1b5 com.transsion.launcher3/com.android.launcher3.uioverrides.QuickstepLauncher m=0x108000 userHandle=UserHandle{0}}
04-12 20:39:55.065268  1706  2810 I PMS-OPEN: intent = Intent { act=android.intent.action.MAIN cat=[android.intent.category.HOME] }, n = 2, final suggPkg = null, openWith = false
04-12 20:39:55.065306  1706  2810 D PMS-OPEN: ResolveInfo{cdef8d8 com.transsion.launcher3/com.android.launcher3.uioverrides.QuickstepLauncher m=0x108000 userHandle=UserHandle{0}}=0 , vs ResolveInfo{9d1f431 com.android.settings/.FallbackHome p=-1000 m=0x108000 userHandle=UserHandle{0}}=-1000
04-12 20:39:55.065317  1706  2810 E PMS-OPEN: return higher priority, ri = ResolveInfo{cdef8d8 com.transsion.launcher3/com.android.launcher3.uioverrides.QuickstepLauncher m=0x108000 userHandle=UserHandle{0}}
04-12 20:39:55.065785  1706  2810 I PMS-OPEN: intent = Intent { act=android.intent.action.MAIN cat=[android.intent.category.HOME] }, n = 2, final suggPkg = null, openWith = false
04-12 20:39:55.065818  1706  2810 D PMS-OPEN: ResolveInfo{5b21716 com.transsion.launcher3/com.android.launcher3.uioverrides.QuickstepLauncher m=0x108000 userHandle=UserHandle{0}}=0 , vs ResolveInfo{e0b897 com.android.settings/.FallbackHome p=-1000 m=0x108000 userHandle=UserHandle{0}}=-1000
04-12 20:39:55.065829  1706  2810 E PMS-OPEN: return higher priority, ri = ResolveInfo{5b21716 com.transsion.launcher3/com.android.launcher3.uioverrides.QuickstepLauncher m=0x108000 userHandle=UserHandle{0}}
04-12 20:39:55.067178  1706  2810 I PMS-OPEN: intent = Intent { act=android.intent.action.MAIN cat=[android.intent.category.HOME] }, n = 2, final suggPkg = null, openWith = false
04-12 20:39:55.067216  1706  2810 D PMS-OPEN: ResolveInfo{3b6ca84 com.transsion.launcher3/com.android.launcher3.uioverrides.QuickstepLauncher m=0x108000 userHandle=UserHandle{0}}=0 , vs ResolveInfo{ca0a26d com.android.settings/.FallbackHome p=-1000 m=0x108000 userHandle=UserHandle{0}}=-1000
04-12 20:39:55.067228  1706  2810 E PMS-OPEN: return higher priority, ri = ResolveInfo{3b6ca84 com.transsion.launcher3/com.android.launcher3.uioverrides.QuickstepLauncher m=0x108000 userHandle=UserHandle{0}}
04-12 20:39:55.068314  1706  2810 I PMS-OPEN: intent = Intent { act=android.intent.action.MAIN cat=[android.intent.category.HOME] }, n = 2, final suggPkg = null, openWith = false
04-12 20:39:55.068348  1706  2810 D PMS-OPEN: ResolveInfo{f308ea2 com.transsion.launcher3/com.android.launcher3.uioverrides.QuickstepLauncher m=0x108000 userHandle=UserHandle{0}}=0 , vs ResolveInfo{66e4733 com.android.settings/.FallbackHome p=-1000 m=0x108000 userHandle=UserHandle{0}}=-1000
04-12 20:39:55.068354  1706  2810 E PMS-OPEN: return higher priority, ri = ResolveInfo{f308ea2 com.transsion.launcher3/com.android.launcher3.uioverrides.QuickstepLauncher m=0x108000 userHandle=UserHandle{0}}
04-12 20:39:55.068940  1706  4208 I PMS-OPEN: intent = Intent { act=android.intent.action.MAIN cat=[android.intent.category.HOME] }, n = 2, final suggPkg = null, openWith = false
04-12 20:39:55.068978  1706  4208 D PMS-OPEN: ResolveInfo{b180af0 com.transsion.launcher3/com.android.launcher3.uioverrides.QuickstepLauncher m=0x108000 userHandle=UserHandle{0}}=0 , vs ResolveInfo{231f869 com.android.settings/.FallbackHome p=-1000 m=0x108000 userHandle=UserHandle{0}}=-1000
04-12 20:39:55.068988  1706  4208 E PMS-OPEN: return higher priority, ri = ResolveInfo{b180af0 com.transsion.launcher3/com.android.launcher3.uioverrides.QuickstepLauncher m=0x108000 userHandle=UserHandle{0}}
04-12 20:39:55.069338  1706  4208 I PMS-OPEN: intent = Intent { act=android.intent.action.MAIN cat=[android.intent.category.HOME] }, n = 2, final suggPkg = null, openWith = false
04-12 20:39:55.069366  1706  4208 D PMS-OPEN: ResolveInfo{32cf2ee com.transsion.launcher3/com.android.launcher3.uioverrides.QuickstepLauncher m=0x108000 userHandle=UserHandle{0}}=0 , vs ResolveInfo{e3c238f com.android.settings/.FallbackHome p=-1000 m=0x108000 userHandle=UserHandle{0}}=-1000
04-12 20:39:55.069375  1706  4208 E PMS-OPEN: return higher priority, ri = ResolveInfo{32cf2ee com.transsion.launcher3/com.android.launcher3.uioverrides.QuickstepLauncher m=0x108000 userHandle=UserHandle{0}}
04-12 20:39:55.069832  1706  2266 I PMS-OPEN: intent = Intent { act=android.intent.action.MAIN cat=[android.intent.category.HOME] }, n = 2, final suggPkg = null, openWith = false
04-12 20:39:55.069869  1706  2266 D PMS-OPEN: ResolveInfo{20ae61c com.transsion.launcher3/com.android.launcher3.uioverrides.QuickstepLauncher m=0x108000 userHandle=UserHandle{0}}=0 , vs ResolveInfo{668b225 com.android.settings/.FallbackHome p=-1000 m=0x108000 userHandle=UserHandle{0}}=-1000
04-12 20:39:55.069879  1706  2266 E PMS-OPEN: return higher priority, ri = ResolveInfo{20ae61c com.transsion.launcher3/com.android.launcher3.uioverrides.QuickstepLauncher m=0x108000 userHandle=UserHandle{0}}
04-12 20:39:55.070881  1706  2810 I PMS-OPEN: intent = Intent { act=android.intent.action.MAIN cat=[android.intent.category.HOME] }, n = 2, final suggPkg = null, openWith = false
04-12 20:39:55.070933  1706  2810 D PMS-OPEN: ResolveInfo{e794ffa com.transsion.launcher3/com.android.launcher3.uioverrides.QuickstepLauncher m=0x108000 userHandle=UserHandle{0}}=0 , vs ResolveInfo{56169ab com.android.settings/.FallbackHome p=-1000 m=0x108000 userHandle=UserHandle{0}}=-1000
04-12 20:39:55.070943  1706  2810 E PMS-OPEN: return higher priority, ri = ResolveInfo{e794ffa com.transsion.launcher3/com.android.launcher3.uioverrides.QuickstepLauncher m=0x108000 userHandle=UserHandle{0}}
04-12 20:39:55.071642  1706  4208 I PMS-OPEN: intent = Intent { act=android.intent.action.MAIN cat=[android.intent.category.HOME] }, n = 2, final suggPkg = null, openWith = false
04-12 20:39:55.071777  8675  8675 D ApplicationLoaders: Returning zygote-cached class loader: /system/framework/org.apache.http.legacy.jar
04-12 20:39:55.071793  8675  8675 D ApplicationLoaders: Returning zygote-cached class loader: /system_ext/framework/androidx.window.extensions.jar
04-12 20:39:55.071796  8675  8675 D ApplicationLoaders: Returning zygote-cached class loader: /system_ext/framework/androidx.window.sidecar.jar
04-12 20:39:55.071761  1706  4208 D PMS-OPEN: ResolveInfo{dee4808 com.transsion.launcher3/com.android.launcher3.uioverrides.QuickstepLauncher m=0x108000 userHandle=UserHandle{0}}=0 , vs ResolveInfo{6974ba1 com.android.settings/.FallbackHome p=-1000 m=0x108000 userHandle=UserHandle{0}}=-1000
04-12 20:39:55.071962  1706  4208 E PMS-OPEN: return higher priority, ri = ResolveInfo{dee4808 com.transsion.launcher3/com.android.launcher3.uioverrides.QuickstepLauncher m=0x108000 userHandle=UserHandle{0}}
04-12 20:39:55.072941  1706  4208 I PMS-OPEN: intent = Intent { act=android.intent.action.MAIN cat=[android.intent.category.HOME] }, n = 2, final suggPkg = null, openWith = false
04-12 20:39:55.073003  1706  4208 D PMS-OPEN: ResolveInfo{6fc71c6 com.transsion.launcher3/com.android.launcher3.uioverrides.QuickstepLauncher m=0x108000 userHandle=UserHandle{0}}=0 , vs ResolveInfo{94af587 com.android.settings/.FallbackHome p=-1000 m=0x108000 userHandle=UserHandle{0}}=-1000
04-12 20:39:55.073014  1706  4208 E PMS-OPEN: return higher priority, ri = ResolveInfo{6fc71c6 com.transsion.launcher3/com.android.launcher3.uioverrides.QuickstepLauncher m=0x108000 userHandle=UserHandle{0}}
04-12 20:39:55.074674  1706  2810 I PMS-OPEN: intent = Intent { act=android.intent.action.MAIN cat=[android.intent.category.HOME] }, n = 2, final suggPkg = null, openWith = false
04-12 20:39:55.074723  1706  2810 D PMS-OPEN: ResolveInfo{8bc00dd com.transsion.launcher3/com.android.launcher3.uioverrides.QuickstepLauncher m=0x108000 userHandle=UserHandle{0}}=0 , vs ResolveInfo{83de452 com.android.settings/.FallbackHome p=-1000 m=0x108000 userHandle=UserHandle{0}}=-1000
04-12 20:39:55.074730  1706  2810 E PMS-OPEN: return higher priority, ri = ResolveInfo{8bc00dd com.transsion.launcher3/com.android.launcher3.uioverrides.QuickstepLauncher m=0x108000 userHandle=UserHandle{0}}
04-12 20:39:55.075623  1706  2810 I PMS-OPEN: intent = Intent { act=android.intent.action.MAIN cat=[android.intent.category.HOME] }, n = 2, final suggPkg = null, openWith = false
04-12 20:39:55.075815  1706  2810 D PMS-OPEN: ResolveInfo{cb1f39e com.transsion.launcher3/com.android.launcher3.uioverrides.QuickstepLauncher m=0x108000 userHandle=UserHandle{0}}=0 , vs ResolveInfo{a330e7f com.android.settings/.FallbackHome p=-1000 m=0x108000 userHandle=UserHandle{0}}=-1000
04-12 20:39:55.075836  1706  2810 E PMS-OPEN: return higher priority, ri = ResolveInfo{cb1f39e com.transsion.launcher3/com.android.launcher3.uioverrides.QuickstepLauncher m=0x108000 userHandle=UserHandle{0}}
04-12 20:39:55.075932  1361  8518 E MobileLogD: fread error! No such file or directory(2)
04-12 20:39:55.075996  1361  8518 I MobileLogD: dump cmd:logcat -L
04-12 20:39:55.077485  1146  1535 D MtkAudioLoud: +close()
04-12 20:39:55.077549  1146  1535 D MtkAudioLoud: -close()
04-12 20:39:55.079236  1706  2810 I PMS-OPEN: intent = Intent { act=android.intent.action.MAIN cat=[android.intent.category.HOME] }, n = 2, final suggPkg = null, openWith = false
04-12 20:39:55.079306  1706  2810 D PMS-OPEN: ResolveInfo{b620e4c com.transsion.launcher3/com.android.launcher3.uioverrides.QuickstepLauncher m=0x108000 userHandle=UserHandle{0}}=0 , vs ResolveInfo{3e36e95 com.android.settings/.FallbackHome p=-1000 m=0x108000 userHandle=UserHandle{0}}=-1000
04-12 20:39:55.079316  1706  2810 E PMS-OPEN: return higher priority, ri = ResolveInfo{b620e4c com.transsion.launcher3/com.android.launcher3.uioverrides.QuickstepLauncher m=0x108000 userHandle=UserHandle{0}}
04-12 20:39:55.080123  1146  1536 D TranFlinger_Threads: removeTrackCount: remove lock trackId 57
04-12 20:39:55.080133  1146  1464 D AudioPolicyManagerCustomImpl: hifiAudio_stopOutputSamplerate() -output = 29, porId = 31, samplerate = 48000  HifiState = 1,  stream 1, session 137
04-12 20:39:55.080178  1146  1536 D TranFlinger_Threads: removeTrackCount: mNonMusicActiveTrack remove: 0
04-12 20:39:55.080185  1146  1536 D TranFlinger_Threads: removeTrackCount: unlock
04-12 20:39:55.080223  1146  1464 W AudioPolicyManagerCustomImpl: [MTK_APM_Route]setOutputDevices() mIoHandle 29 mId 8 device (0x2)(0x1, 0x2, 0x4, 0x8, 0x10, 0x20, 0x40, 0x80, 0x100, 0x200, 0x4000, 0x4000000, 0x20000000, 0x20000001, 0x20000002) delayMs 84 force 0 size 5
04-12 20:39:55.080364  1146  1536 E TranFlinger_Threads: removeTrack UX is 1974
04-12 20:39:55.080456  1297  1306 D uas-service: thread(pid=1974)'s uxtag will be cancelled
04-12 20:39:55.080504  1297  1306 E uas-service: ioclt error: fd=4 cmd=1075336211 ux_data->pid=1974 ux_data->ux_tags=0
04-12 20:39:55.080610  1146  1536 E TranFlinger_Threads: removeTrack UX fail
04-12 20:39:55.080962  1040  1092 D MTKAdapterStreamLayer: updateMetadataCommon(), 
04-12 20:39:55.081110  2360  2413 I Usf_appStateManager: handleUpdateAudioFocusState uid: 10232    packageName: remove
04-12 20:39:55.081136  2360  2413 I Usf_appStateManager: handleUpdateAudioFocusState uid: 10232    packageName: remove
04-12 20:39:55.081188  1146  1536 D StreamHalAidl: [out|ioHandle:29] setParameters: parameters: "NoAudioTrack=1"
04-12 20:39:55.081211  1146  1536 D StreamHalAidl: [out|ioHandle:29] setParameters: parameters: NoAudioTrack=1
04-12 20:39:55.081330  1153  1153 D Audio_ParameterParser: parseVendorParameters: scope: STREAM, keys/values: NoAudioTrack=1
04-12 20:39:55.081930  1706  4205 I PMS-OPEN: intent = Intent { act=android.intent.action.MAIN cat=[android.intent.category.HOME] }, n = 2, final suggPkg = null, openWith = false
04-12 20:39:55.081978  1706  4205 D PMS-OPEN: ResolveInfo{fc5abaa com.transsion.launcher3/com.android.launcher3.uioverrides.QuickstepLauncher m=0x108000 userHandle=UserHandle{0}}=0 , vs ResolveInfo{f4139b com.android.settings/.FallbackHome p=-1000 m=0x108000 userHandle=UserHandle{0}}=-1000
04-12 20:39:55.081990  1706  4205 E PMS-OPEN: return higher priority, ri = ResolveInfo{fc5abaa com.transsion.launcher3/com.android.launcher3.uioverrides.QuickstepLauncher m=0x108000 userHandle=UserHandle{0}}
04-12 20:39:55.083136  8675  8675 D nativeloader: Configuring clns-shared-9 for other apk /tr_region/priv-app/SetupWizard/SetupWizard.apk. target_sdk_version=36, uses_libraries=, library_path=/tr_region/priv-app/SetupWizard/lib/arm64:/tr_region/priv-app/SetupWizard/SetupWizard.apk!/lib/arm64-v8a:/system/lib64:/system_ext/lib64:/tr_product/lib64, permitted_path=/data:/mnt/expand:/data/user/0/com.google.android.setupwizard:/tr_region/priv-app/SetupWizard:/system/lib64:/system_ext/lib64:/tr_product/lib64
04-12 20:39:55.083270  1706  2835 I PMS-OPEN: intent = Intent { act=android.intent.action.MAIN cat=[android.intent.category.HOME] }, n = 2, final suggPkg = null, openWith = false
04-12 20:39:55.083314  1706  2835 D PMS-OPEN: ResolveInfo{ac7c338 com.transsion.launcher3/com.android.launcher3.uioverrides.QuickstepLauncher m=0x108000 userHandle=UserHandle{0}}=0 , vs ResolveInfo{9d95f11 com.android.settings/.FallbackHome p=-1000 m=0x108000 userHandle=UserHandle{0}}=-1000
04-12 20:39:55.083325  1706  2835 E PMS-OPEN: return higher priority, ri = ResolveInfo{ac7c338 com.transsion.launcher3/com.android.launcher3.uioverrides.QuickstepLauncher m=0x108000 userHandle=UserHandle{0}}
04-12 20:39:55.083564  2707  3590 I SysUI(260302)_NotificationListener: onNotificationPosted() StatusBarNotification(pkg=com.google.android.gms user=UserHandle{0} id=1000 tag=a:GMSCORE_STORE_RENDERER:11be35c183260000:107718207925398475592 key=0|com.google.android.gms|1000|a:GMSCORE_STORE_RENDERER:11be35c183260000:107718207925398475592|10232: Notification(channel=com.google.android.gms.notifications::SECURITY_ALERTS shortcut=null contentView=null vibrate=null sound=null tick defaults=0 flags=LOCAL_ONLY color=0x00000000 actions=1 vis=PRIVATE publicVersion=Notification(channel=null shortcut=null contentView=null vibrate=null sound=null defaults=0 flags=0 color=0x00000000 vis=PRIVATE)))
04-12 20:39:55.084056  1706  4208 I PMS-OPEN: intent = Intent { act=android.intent.action.MAIN cat=[android.intent.category.HOME] }, n = 2, final suggPkg = null, openWith = false
04-12 20:39:55.084096  1706  4208 D PMS-OPEN: ResolveInfo{4aad876 com.transsion.launcher3/com.android.launcher3.uioverrides.QuickstepLauncher m=0x108000 userHandle=UserHandle{0}}=0 , vs ResolveInfo{bf64e77 com.android.settings/.FallbackHome p=-1000 m=0x108000 userHandle=UserHandle{0}}=-1000
04-12 20:39:55.084106  1706  4208 E PMS-OPEN: return higher priority, ri = ResolveInfo{4aad876 com.transsion.launcher3/com.android.launcher3.uioverrides.QuickstepLauncher m=0x108000 userHandle=UserHandle{0}}
04-12 20:39:55.084369  2347  3415 I NetworkScheduler.Stats: (REDACTED) Task %s/%s started execution. cause:%s exec_start_elapsed_seconds: %s
04-12 20:39:55.084495  2707  2707 I NotifCollection: POSTED 0|com.google.android.gms|1000|a:GMSCORE_STORE_RENDERER:11be35c183260000:107718207925398475592|10232
04-12 20:39:55.084889  2707  2707 I SysUI(260302)_MediaDataManager: onNotificationAdded, key: 0|com.google.android.gms|1000|a:GMSCORE_STORE_RENDERER:11be35c183260000:107718207925398475592|10232, useQsMediaPlayer: true, isMediaNotification: false
04-12 20:39:55.084925  2707  2707 I SysUI(260302)_TrAodMediaDataManager:  isMediaNotification: false
04-12 20:39:55.085016  2707  2707 D SysUI(260302)_NotificationFilterCache: addEntry() key:0|com.google.android.gms|1000|a:GMSCORE_STORE_RENDERER:11be35c183260000:107718207925398475592|10232  notificationCache:4 contains:false
04-12 20:39:55.085094  2707  2707 D KeyguardCoordinator: Unseen notif added: 0|com.google.android.gms|1000|a:GMSCORE_STORE_RENDERER:11be35c183260000:107718207925398475592|10232, postTime: 1775997594694
04-12 20:39:55.085127  2707  2707 D SysUI(260302)_ModeController: canFilterCall: modeStates is null
04-12 20:39:55.085183  2707  3124 D TrCloudNotificationSupportController: containCloudNotificationSupportApp: com.google.android.gmsnot in the cloud list
04-12 20:39:55.085209  2707  3124 D TrCloudNotificationSupportController: containLocalNotificationSupportApp: com.google.android.gmsnot in the local list
04-12 20:39:55.085316  2707  2707 D VisualInterruptionDecisionProvider: PEEK suppressed: importance < HIGH (key=0|com.google.android.gms|1000|a:GMSCORE_STORE_RENDERER:11be35c183260000:107718207925398475592|10232)
04-12 20:39:55.085411  2707  2707 I ShadeListBuilder: Request received from NotifCollection for onNotificationPosted
04-12 20:39:55.086128  1706  4208 I PMS-OPEN: intent = Intent { act=android.intent.action.MAIN cat=[android.intent.category.HOME] }, n = 2, final suggPkg = null, openWith = false
04-12 20:39:55.086170  1706  4208 D PMS-OPEN: ResolveInfo{ad1dae4 com.transsion.launcher3/com.android.launcher3.uioverrides.QuickstepLauncher m=0x108000 userHandle=UserHandle{0}}=0 , vs ResolveInfo{c63db4d com.android.settings/.FallbackHome p=-1000 m=0x108000 userHandle=UserHandle{0}}=-1000
04-12 20:39:55.086183  1706  4208 E PMS-OPEN: return higher priority, ri = ResolveInfo{ad1dae4 com.transsion.launcher3/com.android.launcher3.uioverrides.QuickstepLauncher m=0x108000 userHandle=UserHandle{0}}
04-12 20:39:55.087953  1706  2835 I PMS-OPEN: intent = Intent { act=android.intent.action.MAIN cat=[android.intent.category.HOME] }, n = 2, final suggPkg = null, openWith = false
04-12 20:39:55.088028  1706  2835 D PMS-OPEN: ResolveInfo{de40602 com.transsion.launcher3/com.android.launcher3.uioverrides.QuickstepLauncher m=0x108000 userHandle=UserHandle{0}}=0 , vs ResolveInfo{b775b13 com.android.settings/.FallbackHome p=-1000 m=0x108000 userHandle=UserHandle{0}}=-1000
04-12 20:39:55.088041  1706  2835 E PMS-OPEN: return higher priority, ri = ResolveInfo{de40602 com.transsion.launcher3/com.android.launcher3.uioverrides.QuickstepLauncher m=0x108000 userHandle=UserHandle{0}}
04-12 20:39:55.089559  3808  7815 W Pay     : Active account was null, notification task will be cancelled. [CONTEXT service_id=198 ]
04-12 20:39:55.089738  3808  7815 W Pay     : No account found on the task or the device. Notification task will not be rescheduled. [CONTEXT service_id=198 ]
04-12 20:39:55.093018  1706  2810 I PMS-OPEN: intent = Intent { act=android.intent.action.MAIN cat=[android.intent.category.HOME] }, n = 2, final suggPkg = null, openWith = false
04-12 20:39:55.093096  1706  2810 D PMS-OPEN: ResolveInfo{bf2956f com.transsion.launcher3/com.android.launcher3.uioverrides.QuickstepLauncher m=0x108000 userHandle=UserHandle{0}}=0 , vs ResolveInfo{2aba27c com.android.settings/.FallbackHome p=-1000 m=0x108000 userHandle=UserHandle{0}}=-1000
04-12 20:39:55.093112  1706  2810 E PMS-OPEN: return higher priority, ri = ResolveInfo{bf2956f com.transsion.launcher3/com.android.launcher3.uioverrides.QuickstepLauncher m=0x108000 userHandle=UserHandle{0}}
04-12 20:39:55.093866  2707  2707 D NotifInflater: inflating views for 0|com.google.android.gms|1000|a:GMSCORE_STORE_RENDERER:11be35c183260000:107718207925398475592|10232: entryAdded
04-12 20:39:55.093943  2707  2707 D NotificationRowBinder: creating row for 0|com.google.android.gms|1000|a:GMSCORE_STORE_RENDERER:11be35c183260000:107718207925398475592|10232: entryAdded
04-12 20:39:55.094513  1706  2810 I PMS-OPEN: intent = Intent { act=android.intent.action.MAIN cat=[android.intent.category.HOME] }, n = 2, final suggPkg = null, openWith = false
04-12 20:39:55.094555  1706  2810 D PMS-OPEN: ResolveInfo{67e2705 com.transsion.launcher3/com.android.launcher3.uioverrides.QuickstepLauncher m=0x108000 userHandle=UserHandle{0}}=0 , vs ResolveInfo{678535a com.android.settings/.FallbackHome p=-1000 m=0x108000 userHandle=UserHandle{0}}=-1000
04-12 20:39:55.094566  1706  2810 E PMS-OPEN: return higher priority, ri = ResolveInfo{67e2705 com.transsion.launcher3/com.android.launcher3.uioverrides.QuickstepLauncher m=0x108000 userHandle=UserHandle{0}}
04-12 20:39:55.095859  2707  2707 D NotificationRowBinder: inflating row for 0|com.google.android.gms|1000|a:GMSCORE_STORE_RENDERER:11be35c183260000:107718207925398475592|10232
04-12 20:39:55.095936  1706  4205 I PMS-OPEN: intent = Intent { act=android.intent.action.MAIN cat=[android.intent.category.HOME] }, n = 2, final suggPkg = null, openWith = false
04-12 20:39:55.095974  1706  4205 D PMS-OPEN: ResolveInfo{c3d198b com.transsion.launcher3/com.android.launcher3.uioverrides.QuickstepLauncher m=0x108000 userHandle=UserHandle{0}}=0 , vs ResolveInfo{4e6a68 com.android.settings/.FallbackHome p=-1000 m=0x108000 userHandle=UserHandle{0}}=-1000
04-12 20:39:55.096015  1706  4205 E PMS-OPEN: return higher priority, ri = ResolveInfo{c3d198b com.transsion.launcher3/com.android.launcher3.uioverrides.QuickstepLauncher m=0x108000 userHandle=UserHandle{0}}
04-12 20:39:55.096411  2707  2707 D RowInflaterTask: started row inflation for 0|com.google.android.gms|1000|a:GMSCORE_STORE_RENDERER:11be35c183260000:107718207925398475592|10232
04-12 20:39:55.096725  2707  2707 D NotifInflater: inflated views for 0|com.google.android.gms|1000|a:GMSCORE_STORE_RENDERER:11be35c183260000:107718207925398475592|10232
04-12 20:39:55.096928  8675  8675 I oid.setupwizard: AssetManager2(0xb400007710127038) locale list changing from [] to [zh-Hans-CN]
04-12 20:39:55.097180  2707  2707 I ShadeListBuilder: (Build 26) MODIFIED (DETACHED) {0|com.google.android.gms|1000|a:GMSCORE_STORE_RENDERER:11be35c183260000:107718207925398475592|10232}
04-12 20:39:55.097221  2707  2707 I ShadeListBuilder: (Build 26)     Filter changed: null -> PreparationCoordinatorInflating
04-12 20:39:55.097276  2707  2707 D KeyguardCoordinator: UI showing unseen filter treatment: false
04-12 20:39:55.097348  2707  2707 I SysUI(260302)_OverviewSysUiProxyService:  isEnabled mIsEnabled false mIsFoldExpanded true
04-12 20:39:55.098253  2707  2707 I TranNotificationExpandButton: Call setExpandedVisibility
04-12 20:39:55.098374  2707  2707 D SysUI(260302)_TrNotificationChildrenContainer: setChildrenCount childCount:2 countString:2
04-12 20:39:55.098452  2707  3227 I ndroid.systemui: AssetManager2(0xb4000077101c6f98) locale list changing from [] to [zh-Hans-CN]
04-12 20:39:55.098696  2707  2707 I ShadeListBuilder: (Build 26) Build complete (3 top-level entries, 2 children) enforcedVisualStability=false
04-12 20:39:55.098777  2707  3247 D RowInflaterTask: created row in 0 ms for 0|com.google.android.gms|1000|a:GMSCORE_STORE_RENDERER:11be35c183260000:107718207925398475592|10232
04-12 20:39:55.098948  2707  3125 D SysUI(260302)_TrMediaNotificationAsyncAodHelper: MediaNotificationJson: ["android","com.google.android.googlequicksearchbox"]
04-12 20:39:55.099060  2707  2707 I SysUI(260302)_StatusbarClock: onLayout width=132
04-12 20:39:55.099135  2707  2707 I SysUI(260302)_StatusbarClock: calculateViewAnimation getWidth 0 visibleState 1
04-12 20:39:55.099158  2707  2707 I SysUI(260302)_StatusbarClock: StatusbarClock startAnimation show true iconAppearAmount=0.0  scaleX=1.0
04-12 20:39:55.099273  8675  8675 V GraphicsEnvironment: Currently set values for:
04-12 20:39:55.099285  8675  8675 V GraphicsEnvironment:   angle_gl_driver_selection_pkgs=[]
04-12 20:39:55.099289  8675  8675 V GraphicsEnvironment:   angle_gl_driver_selection_values=[]
04-12 20:39:55.099292  8675  8675 V GraphicsEnvironment: com.google.android.setupwizard is not listed in per-application setting
04-12 20:39:55.099353  8675  8675 V GraphicsEnvironment: ANGLE allowlist from config: 
04-12 20:39:55.099359  8675  8675 V GraphicsEnvironment: com.google.android.setupwizard is not listed in ANGLE allowlist or settings, returning default
04-12 20:39:55.100550  1706  2810 I PMS-OPEN: intent = Intent { act=android.intent.action.MAIN cat=[android.intent.category.HOME] }, n = 2, final suggPkg = null, openWith = false
04-12 20:39:55.100904  1706  2810 D PMS-OPEN: ResolveInfo{a3f2e81 com.transsion.launcher3/com.android.launcher3.uioverrides.QuickstepLauncher m=0x108000 userHandle=UserHandle{0}}=0 , vs ResolveInfo{5d84b26 com.android.settings/.FallbackHome p=-1000 m=0x108000 userHandle=UserHandle{0}}=-1000
04-12 20:39:55.100927  1706  2810 E PMS-OPEN: return higher priority, ri = ResolveInfo{a3f2e81 com.transsion.launcher3/com.android.launcher3.uioverrides.QuickstepLauncher m=0x108000 userHandle=UserHandle{0}}
04-12 20:39:55.101364  8675  8675 I LoadedApk: No resource references to update in package com.transsion.thub.res
04-12 20:39:55.101642  8675  8675 I LoadedApk: No resource references to update in package com.transsion.theme.icon
04-12 20:39:55.101895  8675  8675 I LoadedApk: No resource references to update in package com.transsionui
04-12 20:39:55.102868  1706  4205 I PMS-OPEN: intent = Intent { act=android.intent.action.MAIN cat=[android.intent.category.HOME] }, n = 2, final suggPkg = null, openWith = false
04-12 20:39:55.102936  1706  4205 D PMS-OPEN: ResolveInfo{d3c514 com.transsion.launcher3/com.android.launcher3.uioverrides.QuickstepLauncher m=0x108000 userHandle=UserHandle{0}}=0 , vs ResolveInfo{1af31bd com.android.settings/.FallbackHome p=-1000 m=0x108000 userHandle=UserHandle{0}}=-1000
04-12 20:39:55.102948  1706  4205 E PMS-OPEN: return higher priority, ri = ResolveInfo{d3c514 com.transsion.launcher3/com.android.launcher3.uioverrides.QuickstepLauncher m=0x108000 userHandle=UserHandle{0}}
04-12 20:39:55.103596  1706  2835 I PMS-OPEN: intent = Intent { act=android.intent.action.MAIN cat=[android.intent.category.HOME] }, n = 2, final suggPkg = null, openWith = false
04-12 20:39:55.103665  1706  2835 D PMS-OPEN: ResolveInfo{c3d2f03 com.transsion.launcher3/com.android.launcher3.uioverrides.QuickstepLauncher m=0x108000 userHandle=UserHandle{0}}=0 , vs ResolveInfo{9b21e80 com.android.settings/.FallbackHome p=-1000 m=0x108000 userHandle=UserHandle{0}}=-1000
04-12 20:39:55.103677  1706  2835 E PMS-OPEN: return higher priority, ri = ResolveInfo{c3d2f03 com.transsion.launcher3/com.android.launcher3.uioverrides.QuickstepLauncher m=0x108000 userHandle=UserHandle{0}}
04-12 20:39:55.104422  1706  2835 I PMS-OPEN: intent = Intent { act=android.intent.action.MAIN cat=[android.intent.category.HOME] }, n = 2, final suggPkg = null, openWith = false
04-12 20:39:55.104482  1706  2835 D PMS-OPEN: ResolveInfo{d222cb9 com.transsion.launcher3/com.android.launcher3.uioverrides.QuickstepLauncher m=0x108000 userHandle=UserHandle{0}}=0 , vs ResolveInfo{14398fe com.android.settings/.FallbackHome p=-1000 m=0x108000 userHandle=UserHandle{0}}=-1000
04-12 20:39:55.104496  1706  2835 E PMS-OPEN: return higher priority, ri = ResolveInfo{d222cb9 com.transsion.launcher3/com.android.launcher3.uioverrides.QuickstepLauncher m=0x108000 userHandle=UserHandle{0}}
04-12 20:39:55.105053  1706  2810 I PMS-OPEN: intent = Intent { act=android.intent.action.MAIN cat=[android.intent.category.HOME] }, n = 2, final suggPkg = null, openWith = false
04-12 20:39:55.105259  1706  2810 D PMS-OPEN: ResolveInfo{f5aa2ac com.transsion.launcher3/com.android.launcher3.uioverrides.QuickstepLauncher m=0x108000 userHandle=UserHandle{0}}=0 , vs ResolveInfo{42fdb75 com.android.settings/.FallbackHome p=-1000 m=0x108000 userHandle=UserHandle{0}}=-1000
04-12 20:39:55.105280  1706  2810 E PMS-OPEN: return higher priority, ri = ResolveInfo{f5aa2ac com.transsion.launcher3/com.android.launcher3.uioverrides.QuickstepLauncher m=0x108000 userHandle=UserHandle{0}}
04-12 20:39:55.105875  1706  2810 I PMS-OPEN: intent = Intent { act=android.intent.action.MAIN cat=[android.intent.category.HOME] }, n = 2, final suggPkg = null, openWith = false
04-12 20:39:55.105929  1706  2810 D PMS-OPEN: ResolveInfo{ebc470a com.transsion.launcher3/com.android.launcher3.uioverrides.QuickstepLauncher m=0x108000 userHandle=UserHandle{0}}=0 , vs ResolveInfo{f8b7b7b com.android.settings/.FallbackHome p=-1000 m=0x108000 userHandle=UserHandle{0}}=-1000
04-12 20:39:55.105940  1706  2810 E PMS-OPEN: return higher priority, ri = ResolveInfo{ebc470a com.transsion.launcher3/com.android.launcher3.uioverrides.QuickstepLauncher m=0x108000 userHandle=UserHandle{0}}
04-12 20:39:55.106004  2347  3415 I NetworkScheduler.Stats: (REDACTED) Task %s/%s started execution. cause:%s exec_start_elapsed_seconds: %s
04-12 20:39:55.106666  1706  2810 I PMS-OPEN: intent = Intent { act=android.intent.action.MAIN cat=[android.intent.category.HOME] }, n = 2, final suggPkg = null, openWith = false
04-12 20:39:55.106716  1706  2810 D PMS-OPEN: ResolveInfo{a253d98 com.transsion.launcher3/com.android.launcher3.uioverrides.QuickstepLauncher m=0x108000 userHandle=UserHandle{0}}=0 , vs ResolveInfo{62fb9f1 com.android.settings/.FallbackHome p=-1000 m=0x108000 userHandle=UserHandle{0}}=-1000
04-12 20:39:55.106754  1706  2810 E PMS-OPEN: return higher priority, ri = ResolveInfo{a253d98 com.transsion.launcher3/com.android.launcher3.uioverrides.QuickstepLauncher m=0x108000 userHandle=UserHandle{0}}
04-12 20:39:55.107642  2707  3227 D StatusBarIconView: unSupportMatrixIcon: key:0|com.google.android.gms|1000|a:GMSCORE_STORE_RENDERER:11be35c183260000:107718207925398475592|10232 , isGrayscaleDrawable:true , isGrayscaleIcon:true
04-12 20:39:55.108464  2347  3415 I NetworkScheduler.Stats: (REDACTED) Task %s/%s finished executing. cause:%s result: %s elapsed_millis: %s uptime_millis: %s exec_start_elapsed_seconds: %s
04-12 20:39:55.108806  1706  2810 I PMS-OPEN: intent = Intent { act=android.intent.action.MAIN cat=[android.intent.category.HOME] }, n = 2, final suggPkg = null, openWith = false
04-12 20:39:55.108873  1706  2810 D PMS-OPEN: ResolveInfo{e5fc9d6 com.transsion.launcher3/com.android.launcher3.uioverrides.QuickstepLauncher m=0x108000 userHandle=UserHandle{0}}=0 , vs ResolveInfo{fcc5457 com.android.settings/.FallbackHome p=-1000 m=0x108000 userHandle=UserHandle{0}}=-1000
04-12 20:39:55.108888  1706  2810 E PMS-OPEN: return higher priority, ri = ResolveInfo{e5fc9d6 com.transsion.launcher3/com.android.launcher3.uioverrides.QuickstepLauncher m=0x108000 userHandle=UserHandle{0}}
04-12 20:39:55.109016  1157  1157 I BufferQueueProducer: [StatusBar#105](this:0xb40000762e241d30,id:-1,api:0,p:-1,c:1157) queueBuffer: fps=3.99 dur=1253.37 max=1103.50 min=8.36
04-12 20:39:55.109196  2707  3227 D StatusBarIconView: unSupportMatrixIcon: key:0|com.google.android.gms|1000|a:GMSCORE_STORE_RENDERER:11be35c183260000:107718207925398475592|10232 , isGrayscaleDrawable:true , isGrayscaleIcon:true
04-12 20:39:55.109487  2707  3227 D StatusBarIconView: unSupportMatrixIcon: key:0|com.google.android.gms|1000|a:GMSCORE_STORE_RENDERER:11be35c183260000:107718207925398475592|10232 , isGrayscaleDrawable:true , isGrayscaleIcon:true
04-12 20:39:55.109503  1706  2835 I PMS-OPEN: intent = Intent { act=android.intent.action.MAIN cat=[android.intent.category.HOME] }, n = 2, final suggPkg = null, openWith = false
04-12 20:39:55.109543  1706  2835 D PMS-OPEN: ResolveInfo{dfc9b44 com.transsion.launcher3/com.android.launcher3.uioverrides.QuickstepLauncher m=0x108000 userHandle=UserHandle{0}}=0 , vs ResolveInfo{675042d com.android.settings/.FallbackHome p=-1000 m=0x108000 userHandle=UserHandle{0}}=-1000
04-12 20:39:55.109553  1706  2835 E PMS-OPEN: return higher priority, ri = ResolveInfo{dfc9b44 com.transsion.launcher3/com.android.launcher3.uioverrides.QuickstepLauncher m=0x108000 userHandle=UserHandle{0}}
04-12 20:39:55.109565  2707  3227 I TranFlags: isTravelChargeEnable() true
04-12 20:39:55.110493  2707  2707 D RowInflaterTask: finished row inflation in 14 ms for 0|com.google.android.gms|1000|a:GMSCORE_STORE_RENDERER:11be35c183260000:107718207925398475592|10232
04-12 20:39:55.110541  2707  2707 D NotificationRowBinder: inflated row for 0|com.google.android.gms|1000|a:GMSCORE_STORE_RENDERER:11be35c183260000:107718207925398475592|10232
04-12 20:39:55.111195  1706  2810 I PMS-OPEN: intent = Intent { act=android.intent.action.MAIN cat=[android.intent.category.HOME] }, n = 2, final suggPkg = null, openWith = false
04-12 20:39:55.111254  1706  2810 D PMS-OPEN: ResolveInfo{ee6ad62 com.transsion.launcher3/com.android.launcher3.uioverrides.QuickstepLauncher m=0x108000 userHandle=UserHandle{0}}=0 , vs ResolveInfo{cd7def3 com.android.settings/.FallbackHome p=-1000 m=0x108000 userHandle=UserHandle{0}}=-1000
04-12 20:39:55.111270  1706  2810 E PMS-OPEN: return higher priority, ri = ResolveInfo{ee6ad62 com.transsion.launcher3/com.android.launcher3.uioverrides.QuickstepLauncher m=0x108000 userHandle=UserHandle{0}}
04-12 20:39:55.111928  8675  8675 I oid.setupwizard: AssetManager2(0xb400007710130638) locale list changing from [] to [zh-Hans-CN]
04-12 20:39:55.112272  1706  2810 I PMS-OPEN: intent = Intent { act=android.intent.action.MAIN cat=[android.intent.category.HOME] }, n = 2, final suggPkg = null, openWith = false
04-12 20:39:55.112312  1706  2810 D PMS-OPEN: ResolveInfo{ca27b0 com.transsion.launcher3/com.android.launcher3.uioverrides.QuickstepLauncher m=0x108000 userHandle=UserHandle{0}}=0 , vs ResolveInfo{4ab629 com.android.settings/.FallbackHome p=-1000 m=0x108000 userHandle=UserHandle{0}}=-1000
04-12 20:39:55.112322  1706  2810 E PMS-OPEN: return higher priority, ri = ResolveInfo{ca27b0 com.transsion.launcher3/com.android.launcher3.uioverrides.QuickstepLauncher m=0x108000 userHandle=UserHandle{0}}
04-12 20:39:55.113698  3808  7672 W Pay     : Active account was null, notification task will be cancelled. [CONTEXT service_id=198 ]
04-12 20:39:55.114544  2707  3227 I IconDrawableFactory: getBadgedIcon is spend = 4 ms packageName = com.google.android.gms
04-12 20:39:55.114588  2707  3227 D SysUI(260302)_NotificationAppIcon: pkg: com.google.android.gms, userId: 0 uId:0, icon: com.transsion.display.iconcustomization.TintableAdaptiveIconDrawable@aaa7999
04-12 20:39:55.115132  1706  2810 I PMS-OPEN: intent = Intent { act=android.intent.action.MAIN cat=[android.intent.category.HOME] }, n = 2, final suggPkg = null, openWith = false
04-12 20:39:55.115248  1706  2810 D PMS-OPEN: ResolveInfo{c07774f com.transsion.launcher3/com.android.launcher3.uioverrides.QuickstepLauncher m=0x108000 userHandle=UserHandle{0}}=0 , vs ResolveInfo{ba20edc com.android.settings/.FallbackHome p=-1000 m=0x108000 userHandle=UserHandle{0}}=-1000
04-12 20:39:55.115283  1706  2810 E PMS-OPEN: return higher priority, ri = ResolveInfo{c07774f com.transsion.launcher3/com.android.launcher3.uioverrides.QuickstepLauncher m=0x108000 userHandle=UserHandle{0}}
04-12 20:39:55.115855  3808  7672 I AlarmManager: set [name: SystemMemoryCache type: 2 triggerAtMillis: 315360037889 windowMillis: -1 intervalMillis: 0]
04-12 20:39:55.116772  2707  3227 D StatusBarIconView: unSupportMatrixIcon: key:0|com.google.android.gms|1000|a:GMSCORE_STORE_RENDERER:11be35c183260000:107718207925398475592|10232 , isGrayscaleDrawable:true , isGrayscaleIcon:true
04-12 20:39:55.117107  2707  3227 I TranFlags: isTravelChargeEnable() true
04-12 20:39:55.117301  2707  3227 D StatusBarIconView: unSupportMatrixIcon: key:0|com.google.android.gms|1000|a:GMSCORE_STORE_RENDERER:11be35c183260000:107718207925398475592|10232 , isGrayscaleDrawable:true , isGrayscaleIcon:true
04-12 20:39:55.117356  2707  3227 I TranFlags: isTravelChargeEnable() true
04-12 20:39:55.117930  1706  4208 I PMS-OPEN: intent = Intent { act=android.intent.action.MAIN cat=[android.intent.category.HOME] }, n = 2, final suggPkg = null, openWith = false
04-12 20:39:55.117983  1706  4208 D PMS-OPEN: ResolveInfo{4ee396b com.transsion.launcher3/com.android.launcher3.uioverrides.QuickstepLauncher m=0x108000 userHandle=UserHandle{0}}=0 , vs ResolveInfo{2af3cc8 com.android.settings/.FallbackHome p=-1000 m=0x108000 userHandle=UserHandle{0}}=-1000
04-12 20:39:55.117993  1706  4208 E PMS-OPEN: return higher priority, ri = ResolveInfo{4ee396b com.transsion.launcher3/com.android.launcher3.uioverrides.QuickstepLauncher m=0x108000 userHandle=UserHandle{0}}
04-12 20:39:55.118197  1043  2500 W         : geofence_dev_open: [geofence_dev_open] /dev/aol_geofence failed:Device or resource busy
04-12 20:39:55.118228  1043  2500 E         : scp2gfchal_jni_thread: geofence_dev_open failed, Device or resource busy, retry:18
04-12 20:39:55.118612  1706  4208 I PMS-OPEN: intent = Intent { act=android.intent.action.MAIN cat=[android.intent.category.HOME] }, n = 2, final suggPkg = null, openWith = false
04-12 20:39:55.118671  1706  4208 D PMS-OPEN: ResolveInfo{edc5486 com.transsion.launcher3/com.android.launcher3.uioverrides.QuickstepLauncher m=0x108000 userHandle=UserHandle{0}}=0 , vs ResolveInfo{b350147 com.android.settings/.FallbackHome p=-1000 m=0x108000 userHandle=UserHandle{0}}=-1000
04-12 20:39:55.118682  1706  4208 E PMS-OPEN: return higher priority, ri = ResolveInfo{edc5486 com.transsion.launcher3/com.android.launcher3.uioverrides.QuickstepLauncher m=0x108000 userHandle=UserHandle{0}}
04-12 20:39:55.119299  1706  4208 I PMS-OPEN: intent = Intent { act=android.intent.action.MAIN cat=[android.intent.category.HOME] }, n = 2, final suggPkg = null, openWith = false
04-12 20:39:55.119366  1706  4208 D PMS-OPEN: ResolveInfo{fdf5d74 com.transsion.launcher3/com.android.launcher3.uioverrides.QuickstepLauncher m=0x108000 userHandle=UserHandle{0}}=0 , vs ResolveInfo{c4c529d com.android.settings/.FallbackHome p=-1000 m=0x108000 userHandle=UserHandle{0}}=-1000
04-12 20:39:55.119378  1706  4208 E PMS-OPEN: return higher priority, ri = ResolveInfo{fdf5d74 com.transsion.launcher3/com.android.launcher3.uioverrides.QuickstepLauncher m=0x108000 userHandle=UserHandle{0}}
04-12 20:39:55.120122  1706  4208 I PMS-OPEN: intent = Intent { act=android.intent.action.MAIN cat=[android.intent.category.HOME] }, n = 2, final suggPkg = null, openWith = false
04-12 20:39:55.120266  1706  4208 D PMS-OPEN: ResolveInfo{193312 com.transsion.launcher3/com.android.launcher3.uioverrides.QuickstepLauncher m=0x108000 userHandle=UserHandle{0}}=0 , vs ResolveInfo{a366ae3 com.android.settings/.FallbackHome p=-1000 m=0x108000 userHandle=UserHandle{0}}=-1000
04-12 20:39:55.120300  1706  4208 E PMS-OPEN: return higher priority, ri = ResolveInfo{193312 com.transsion.launcher3/com.android.launcher3.uioverrides.QuickstepLauncher m=0x108000 userHandle=UserHandle{0}}
04-12 20:39:55.120903  1706  2810 I PMS-OPEN: intent = Intent { act=android.intent.action.MAIN cat=[android.intent.category.HOME] }, n = 2, final suggPkg = null, openWith = false
04-12 20:39:55.120963  1706  2810 D PMS-OPEN: ResolveInfo{c4edce0 com.transsion.launcher3/com.android.launcher3.uioverrides.QuickstepLauncher m=0x108000 userHandle=UserHandle{0}}=0 , vs ResolveInfo{a207b99 com.android.settings/.FallbackHome p=-1000 m=0x108000 userHandle=UserHandle{0}}=-1000
04-12 20:39:55.121108  1706  2810 E PMS-OPEN: return higher priority, ri = ResolveInfo{c4edce0 com.transsion.launcher3/com.android.launcher3.uioverrides.QuickstepLauncher m=0x108000 userHandle=UserHandle{0}}
04-12 20:39:55.122272  1706  2810 I PMS-OPEN: intent = Intent { act=android.intent.action.MAIN cat=[android.intent.category.HOME] }, n = 2, final suggPkg = null, openWith = false
04-12 20:39:55.122330  1706  2810 D PMS-OPEN: ResolveInfo{6d36e5e com.transsion.launcher3/com.android.launcher3.uioverrides.QuickstepLauncher m=0x108000 userHandle=UserHandle{0}}=0 , vs ResolveInfo{e5ad23f com.android.settings/.FallbackHome p=-1000 m=0x108000 userHandle=UserHandle{0}}=-1000
04-12 20:39:55.122362  1706  2810 E PMS-OPEN: return higher priority, ri = ResolveInfo{6d36e5e com.transsion.launcher3/com.android.launcher3.uioverrides.QuickstepLauncher m=0x108000 userHandle=UserHandle{0}}
04-12 20:39:55.122757  2707  2707 I NotifBindPipeline: Row set for notif: 0|com.google.android.gms|1000|a:GMSCORE_STORE_RENDERER:11be35c183260000:107718207925398475592|10232
04-12 20:39:55.122805  2707  2707 I NotifBindPipeline: Row set for notif: 0|com.google.android.gms|1000|a:GMSCORE_STORE_RENDERER:11be35c183260000:107718207925398475592|10232
04-12 20:39:55.122868  2707  2707 D NotificationRowBinder: requesting rebind for 0|com.google.android.gms|1000|a:GMSCORE_STORE_RENDERER:11be35c183260000:107718207925398475592|10232: entryAdded
04-12 20:39:55.122907  2707  2707 I NotifBindPipeline: Request pipeline run for notif: 0|com.google.android.gms|1000|a:GMSCORE_STORE_RENDERER:11be35c183260000:107718207925398475592|10232
04-12 20:39:55.123126  2707  2707 I NotifBindPipeline: Start pipeline for notif: 0|com.google.android.gms|1000|a:GMSCORE_STORE_RENDERER:11be35c183260000:107718207925398475592|10232
04-12 20:39:55.123174  2707  2707 I RowContentBindStage: executing bind stage for 0|com.google.android.gms|1000|a:GMSCORE_STORE_RENDERER:11be35c183260000:107718207925398475592|10232 with params RowContentBindParams[mContentViews=3 mDirtyContentViews=3 mUseMinimized=false mViewsNeedReinflation=false]
04-12 20:39:55.123204  2707  2707 D NotificationRowContentBinder: unbinding views HEADS_UP|PUBLIC|SINGLE_LINE|GROUP_SUMMARY_HEADER|LOW_PRIORITY_GROUP_SUMMARY_HEADER for 0|com.google.android.gms|1000|a:GMSCORE_STORE_RENDERER:11be35c183260000:107718207925398475592|10232
04-12 20:39:55.123250  2707  2707 D NotificationRowContentBinder: binding views CONTRACTED|EXPANDED for 0|com.google.android.gms|1000|a:GMSCORE_STORE_RENDERER:11be35c183260000:107718207925398475592|10232
04-12 20:39:55.123900  2707  3247 D NotificationRowContentBinder: async task for 0|com.google.android.gms|1000|a:GMSCORE_STORE_RENDERER:11be35c183260000:107718207925398475592|10232: extracting promoted notification content
04-12 20:39:55.123945  2707  3247 I PromotedNotificationContentExtractor: extraction skipped: isPromotedOngoing returned false for 0|com.google.android.gms|1000|a:GMSCORE_STORE_RENDERER:11be35c183260000:107718207925398475592|10232
04-12 20:39:55.123957  2707  3247 D NotificationRowContentBinder: async task for 0|com.google.android.gms|1000|a:GMSCORE_STORE_RENDERER:11be35c183260000:107718207925398475592|10232: extracted promoted notification content: null
04-12 20:39:55.124012  2707  3247 D NotificationCompact$UIBuilder: create ui builder for android.app.Notification$Builder@805a0d3 => com.transsion.notificationui.TranLocalNotificationUIBuilder@797f410
04-12 20:39:55.124043  2707  3247 D NotificationRowContentBinder: async task for 0|com.google.android.gms|1000|a:GMSCORE_STORE_RENDERER:11be35c183260000:107718207925398475592|10232: creating contracted remote view
04-12 20:39:55.124327  1706  2266 I PMS-OPEN: intent = Intent { act=android.intent.action.MAIN cat=[android.intent.category.HOME] }, n = 2, final suggPkg = null, openWith = false
04-12 20:39:55.124369  1706  2266 D PMS-OPEN: ResolveInfo{474e70c com.transsion.launcher3/com.android.launcher3.uioverrides.QuickstepLauncher m=0x108000 userHandle=UserHandle{0}}=0 , vs ResolveInfo{3743855 com.android.settings/.FallbackHome p=-1000 m=0x108000 userHandle=UserHandle{0}}=-1000
04-12 20:39:55.124378  1706  2266 E PMS-OPEN: return higher priority, ri = ResolveInfo{474e70c com.transsion.launcher3/com.android.launcher3.uioverrides.QuickstepLauncher m=0x108000 userHandle=UserHandle{0}}
04-12 20:39:55.124393  2707  3247 D SystemUINotificationLice: setThunderButtonVisibleNeeded Notification(channel=com.google.android.gms.notifications::SECURITY_ALERTS shortcut=null contentView=null vibrate=null sound=null tick defaults=0 flags=LOCAL_ONLY color=0x00000000 actions=1 vis=PRIVATE publicVersion=Notification(channel=null shortcut=null contentView=null vibrate=null sound=null defaults=0 flags=0 color=0x00000000 vis=PRIVATE))
