04-12 20:39:55.302032  1706  4200 E PMS-OPEN: return higher priority, ri = ResolveInfo{4d9a5cd com.transsion.launcher3/com.android.launcher3.uioverrides.QuickstepLauncher m=0x108000 userHandle=UserHandle{0}}
04-12 20:39:55.305152  1361  1645 I MobileLogD: TIME_interval: 0 seconds, 7957461 ns, logsize: 10679341
04-12 20:39:55.308602  8350  8350 D AEE_DUMPSTATE: archive_exe_to_db: Collect file SYS_PROCESSES_AND_THREADS successfully, size 1141536
04-12 20:39:55.308799  8350  8350 E AEE_DUMPSTATE: archive_file_to_db: Failed to dump DMABUF_ATTACHMENT_INFO, can not open file /d/dma_buf/bufinfo, No such file or directory
04-12 20:39:55.309474  1045  1045 I hwcomposer: [HWCDisplay] (0 updateFps():3881), (type:1, mode:2) fps:60.069424,dur:1015.49,max:17.19,min:16.27  
04-12 20:39:55.310800  8350  8350 E AEE_AED : Failed to opendir /sys/kernel/debug/binder
04-12 20:39:55.310875  8350  8350 I AEE_DUMPSTATE: print_binder: cur dump path is /dev/binderfs/binder_logs
04-12 20:39:55.312663  8705  8705 I .mediatek.omacp: Using CollectorTypeCMC GC.
04-12 20:39:55.314124  2360  2652 E Usf/policyManager: onExecuteResult: Bundle[{policy_index=1, policy_resuest_time=2026-04-12 20:39:55.314, policy_scene_name=add-process-record, policy_start_time=38087, policy_policy_name=hiber, policy_end_time=38088}] tid = 78
04-12 20:39:55.314253  2360  2657 E Usf/policyManager: onExecuteResult: Bundle[{policy_index=1, policy_resuest_time=2026-04-12 20:39:55.314, policy_scene_name=add-process-record, policy_start_time=38088, policy_policy_name=privacy, policy_end_time=38088}] tid = 81
04-12 20:39:55.315051  1706  4249 I PMS-OPEN: intent = Intent { act=android.intent.action.MAIN cat=[android.intent.category.HOME] }, n = 2, final suggPkg = null, openWith = false
04-12 20:39:55.315091  1706  4249 D PMS-OPEN: ResolveInfo{4560bef com.transsion.launcher3/com.android.launcher3.uioverrides.QuickstepLauncher m=0x108000 userHandle=UserHandle{0}}=0 , vs ResolveInfo{a2016fc com.android.settings/.FallbackHome p=-1000 m=0x108000 userHandle=UserHandle{0}}=-1000
04-12 20:39:55.315109  1706  4249 E PMS-OPEN: return higher priority, ri = ResolveInfo{4560bef com.transsion.launcher3/com.android.launcher3.uioverrides.QuickstepLauncher m=0x108000 userHandle=UserHandle{0}}
04-12 20:39:55.315531  1361  8518 I MobileLogD: dump sys property
04-12 20:39:55.315617  1361  8518 I MobileLogD: This time need copy~~
04-12 20:39:55.315663  1361  8518 I MobileLogD: file length: 132, offset-to-End: 33
04-12 20:39:55.316735  1361  8518 I MobileLogD: copy item: boot_1__normal/
04-12 20:39:55.316753  1361  8518 I MobileLogD: create dir /data/debuglogger/mobilelog/APLog_2026_0412_203954__5/boot__normal/
04-12 20:39:55.318897  1028  1028 D Zygote  : Forked child process 8729
04-12 20:39:55.318900  1706  4208 I PMS-OPEN: intent = Intent { act=android.intent.action.MAIN cat=[android.intent.category.HOME] }, n = 2, final suggPkg = null, openWith = false
04-12 20:39:55.319280  1706  4208 D PMS-OPEN: ResolveInfo{992c185 com.transsion.launcher3/com.android.launcher3.uioverrides.QuickstepLauncher m=0x108000 userHandle=UserHandle{0}}=0 , vs ResolveInfo{c511bda com.android.settings/.FallbackHome p=-1000 m=0x108000 userHandle=UserHandle{0}}=-1000
04-12 20:39:55.319293  1706  4208 E PMS-OPEN: return higher priority, ri = ResolveInfo{992c185 com.transsion.launcher3/com.android.launcher3.uioverrides.QuickstepLauncher m=0x108000 userHandle=UserHandle{0}}
04-12 20:39:55.320778  1706  4249 I PMS-OPEN: intent = Intent { act=android.intent.action.MAIN cat=[android.intent.category.HOME] }, n = 2, final suggPkg = null, openWith = false
04-12 20:39:55.321051  1706  4249 D PMS-OPEN: ResolveInfo{9a1780b com.transsion.launcher3/com.android.launcher3.uioverrides.QuickstepLauncher m=0x108000 userHandle=UserHandle{0}}=0 , vs ResolveInfo{fd5a6e8 com.android.settings/.FallbackHome p=-1000 m=0x108000 userHandle=UserHandle{0}}=-1000
04-12 20:39:55.321230  1706  4249 E PMS-OPEN: return higher priority, ri = ResolveInfo{9a1780b com.transsion.launcher3/com.android.launcher3.uioverrides.QuickstepLauncher m=0x108000 userHandle=UserHandle{0}}
04-12 20:39:55.321777  8705  8705 D nativeloader: Load libframework-connectivity-tiramisu-jni.so using APEX ns com_android_tethering for caller /apex/com.android.tethering/javalib/framework-connectivity-t.jar: ok
04-12 20:39:55.325833  8675  8675 I SetupWizard: [gok] getCompletedWizardActions:{}
04-12 20:39:55.328458  8675  8675 I SetupWizard: [gok] Account setup unavailable
04-12 20:39:55.328704  8675  8675 I SetupWizard: [gok] Payment unavailable
04-12 20:39:55.329759  8675  8675 I SetupWizard: [gok] Lock screen available: keyguard is secured
04-12 20:39:55.329975  1706  2266 I PMS-OPEN: intent = Intent { act=android.intent.action.MAIN cat=[android.intent.category.HOME] }, n = 2, final suggPkg = null, openWith = false
04-12 20:39:55.330030  1706  2266 D PMS-OPEN: ResolveInfo{a6c9c3d com.transsion.launcher3/com.android.launcher3.uioverrides.QuickstepLauncher m=0x108000 userHandle=UserHandle{0}}=0 , vs ResolveInfo{c074c32 com.android.settings/.FallbackHome p=-1000 m=0x108000 userHandle=UserHandle{0}}=-1000
04-12 20:39:55.330038  1706  2266 E PMS-OPEN: return higher priority, ri = ResolveInfo{a6c9c3d com.transsion.launcher3/com.android.launcher3.uioverrides.QuickstepLauncher m=0x108000 userHandle=UserHandle{0}}
04-12 20:39:55.330606  8675  8675 I SetupWizard: [gok] RestoreAvailable: can start restore
04-12 20:39:55.330937  8675  8675 I SetupWizard: [gok] Assistant unavailable
04-12 20:39:55.331705  3808  7016 I Checkin : [CheckinApiChimeraService] onGetService
04-12 20:39:55.332474  8675  8675 I SetupWizard: [hfi] getDeferredSetupAvailabilityOfUser
04-12 20:39:55.332620  8675  8675 I SetupWizard: [hfi] return cached deferredSetupEnabledForUserFuture
04-12 20:39:55.332979  8675  8675 I SetupWizard: [gok] getCompletedWizardActions:{}
04-12 20:39:55.333595  8675  8675 I SetupWizard: [gok] Account setup unavailable
04-12 20:39:55.333810  8675  8675 I SetupWizard: [gok] Payment unavailable
04-12 20:39:55.334150  8675  8675 I SetupWizard: [gok] Lock screen available: keyguard is secured
04-12 20:39:55.334161  1706  4249 I PMS-OPEN: intent = Intent { act=android.intent.action.MAIN cat=[android.intent.category.HOME] }, n = 2, final suggPkg = null, openWith = false
04-12 20:39:55.334193  1706  4249 D PMS-OPEN: ResolveInfo{8fedd83 com.transsion.launcher3/com.android.launcher3.uioverrides.QuickstepLauncher m=0x108000 userHandle=UserHandle{0}}=0 , vs ResolveInfo{2546b00 com.android.settings/.FallbackHome p=-1000 m=0x108000 userHandle=UserHandle{0}}=-1000
04-12 20:39:55.334200  1706  4249 E PMS-OPEN: return higher priority, ri = ResolveInfo{8fedd83 com.transsion.launcher3/com.android.launcher3.uioverrides.QuickstepLauncher m=0x108000 userHandle=UserHandle{0}}
04-12 20:39:55.334574  8675  8675 I SetupWizard: [gok] RestoreAvailable: can start restore
04-12 20:39:55.334832  1706  4249 I PMS-OPEN: intent = Intent { act=android.intent.action.MAIN cat=[android.intent.category.HOME] }, n = 2, final suggPkg = null, openWith = false
04-12 20:39:55.334871  1706  4249 D PMS-OPEN: ResolveInfo{88bbf39 com.transsion.launcher3/com.android.launcher3.uioverrides.QuickstepLauncher m=0x108000 userHandle=UserHandle{0}}=0 , vs ResolveInfo{6d9f97e com.android.settings/.FallbackHome p=-1000 m=0x108000 userHandle=UserHandle{0}}=-1000
04-12 20:39:55.334877  1706  4249 E PMS-OPEN: return higher priority, ri = ResolveInfo{88bbf39 com.transsion.launcher3/com.android.launcher3.uioverrides.QuickstepLauncher m=0x108000 userHandle=UserHandle{0}}
04-12 20:39:55.335138  8675  8675 I SetupWizard: [gok] Assistant unavailable
04-12 20:39:55.335646  8675  8675 I SetupWizard: [hfi] getDeferredSetupAvailabilityOfUser
04-12 20:39:55.335714  1706  4249 I PMS-OPEN: intent = Intent { act=android.intent.action.MAIN cat=[android.intent.category.HOME] }, n = 2, final suggPkg = null, openWith = false
04-12 20:39:55.335743  1706  4249 D PMS-OPEN: ResolveInfo{a47cedf com.transsion.launcher3/com.android.launcher3.uioverrides.QuickstepLauncher m=0x108000 userHandle=UserHandle{0}}=0 , vs ResolveInfo{115372c com.android.settings/.FallbackHome p=-1000 m=0x108000 userHandle=UserHandle{0}}=-1000
04-12 20:39:55.335749  1706  4249 E PMS-OPEN: return higher priority, ri = ResolveInfo{a47cedf com.transsion.launcher3/com.android.launcher3.uioverrides.QuickstepLauncher m=0x108000 userHandle=UserHandle{0}}
04-12 20:39:55.335890  8675  8675 I SetupWizard: [hfi] return cached deferredSetupEnabledForUserFuture
04-12 20:39:55.335977  8675  8675 I SetupWizard: [gok] getCompletedWizardActions:{}
04-12 20:39:55.336331  8675  8675 I SetupWizard: [gok] Account setup unavailable
04-12 20:39:55.336739  8675  8675 I SetupWizard: [gok] Payment unavailable
04-12 20:39:55.336987  1706  4208 I PMS-OPEN: intent = Intent { act=android.intent.action.MAIN cat=[android.intent.category.HOME] }, n = 2, final suggPkg = null, openWith = false
04-12 20:39:55.337028  1706  4208 D PMS-OPEN: ResolveInfo{4e015f5 com.transsion.launcher3/com.android.launcher3.uioverrides.QuickstepLauncher m=0x108000 userHandle=UserHandle{0}}=0 , vs ResolveInfo{a982f8a com.android.settings/.FallbackHome p=-1000 m=0x108000 userHandle=UserHandle{0}}=-1000
04-12 20:39:55.337035  1706  4208 E PMS-OPEN: return higher priority, ri = ResolveInfo{4e015f5 com.transsion.launcher3/com.android.launcher3.uioverrides.QuickstepLauncher m=0x108000 userHandle=UserHandle{0}}
04-12 20:39:55.337063  8675  8675 I SetupWizard: [gok] Lock screen available: keyguard is secured
04-12 20:39:55.337435  8675  8675 I SetupWizard: [gok] RestoreAvailable: can start restore
04-12 20:39:55.337682  8675  8675 I SetupWizard: [gok] Assistant unavailable
04-12 20:39:55.338003  8675  8675 I SetupWizard: [DeferredSetupScheduler] setDeferredSetupSuggestedActionEnableState: true
04-12 20:39:55.340418  1706  1789 I system_server: Background concurrent mark compact GC freed 45MB AllocSpace bytes, 11(312KB) LOS objects, 42% free, 64MB/112MB, paused 1.827ms,6.575ms total 247.669ms
04-12 20:39:55.340502  1706  4208 I PMS-OPEN: intent = Intent { act=android.intent.action.MAIN cat=[android.intent.category.HOME] }, n = 2, final suggPkg = null, openWith = false
04-12 20:39:55.340554  1706  4208 D PMS-OPEN: ResolveInfo{351ba56 com.transsion.launcher3/com.android.launcher3.uioverrides.QuickstepLauncher m=0x108000 userHandle=UserHandle{0}}=0 , vs ResolveInfo{516bad7 com.android.settings/.FallbackHome p=-1000 m=0x108000 userHandle=UserHandle{0}}=-1000
04-12 20:39:55.340561  1706  4208 E PMS-OPEN: return higher priority, ri = ResolveInfo{351ba56 com.transsion.launcher3/com.android.launcher3.uioverrides.QuickstepLauncher m=0x108000 userHandle=UserHandle{0}}
04-12 20:39:55.344624  5778  5791 W .apps.wellbeing: userfaultfd: MOVE ioctl seems unsupported: Connection timed out
04-12 20:39:55.349115  8675  8675 I SetupWizard: [gvf] notifyDeviceReboot: isPairedWithAndroid=false isPairedWithIosByOsMigration=false
04-12 20:39:55.349794  8705  8705 D ApplicationLoaders: Returning zygote-cached class loader: /system_ext/framework/androidx.window.extensions.jar
04-12 20:39:55.351176  1706  4200 I PMS-OPEN: intent = Intent { act=android.intent.action.MAIN cat=[android.intent.category.HOME] }, n = 2, final suggPkg = null, openWith = false
04-12 20:39:55.351220  1706  4200 D PMS-OPEN: ResolveInfo{47de8a9 com.transsion.launcher3/com.android.launcher3.uioverrides.QuickstepLauncher m=0x108000 userHandle=UserHandle{0}}=0 , vs ResolveInfo{235be2e com.android.settings/.FallbackHome p=-1000 m=0x108000 userHandle=UserHandle{0}}=-1000
04-12 20:39:55.351228  1706  4200 E PMS-OPEN: return higher priority, ri = ResolveInfo{47de8a9 com.transsion.launcher3/com.android.launcher3.uioverrides.QuickstepLauncher m=0x108000 userHandle=UserHandle{0}}
04-12 20:39:55.351315  8705  8705 D ApplicationLoaders: Returning zygote-cached class loader: /system_ext/framework/androidx.window.sidecar.jar
04-12 20:39:55.352435  1706  4249 I PMS-OPEN: intent = Intent { act=android.intent.action.MAIN cat=[android.intent.category.HOME] }, n = 2, final suggPkg = null, openWith = false
04-12 20:39:55.352508  1706  4249 D PMS-OPEN: ResolveInfo{6682dcf com.transsion.launcher3/com.android.launcher3.uioverrides.QuickstepLauncher m=0x108000 userHandle=UserHandle{0}}=0 , vs ResolveInfo{56ac35c com.android.settings/.FallbackHome p=-1000 m=0x108000 userHandle=UserHandle{0}}=-1000
04-12 20:39:55.352521  1706  4249 E PMS-OPEN: return higher priority, ri = ResolveInfo{6682dcf com.transsion.launcher3/com.android.launcher3.uioverrides.QuickstepLauncher m=0x108000 userHandle=UserHandle{0}}
04-12 20:39:55.354448  7362  8362 I Mosey.A : Closed OkHttpClient
04-12 20:39:55.354609  7362  7362 I Mosey.A : Actor: Discover succeeded for -669220883
04-12 20:39:55.354764  7362  7362 I Mosey.A : Reporting target found, id: -669220883
04-12 20:39:55.354977  1706  4200 I PMS-OPEN: intent = Intent { act=android.intent.action.MAIN cat=[android.intent.category.HOME] }, n = 2, final suggPkg = null, openWith = false
04-12 20:39:55.355023  1706  4200 D PMS-OPEN: ResolveInfo{6e3d7eb com.transsion.launcher3/com.android.launcher3.uioverrides.QuickstepLauncher m=0x108000 userHandle=UserHandle{0}}=0 , vs ResolveInfo{58eb948 com.android.settings/.FallbackHome p=-1000 m=0x108000 userHandle=UserHandle{0}}=-1000
04-12 20:39:55.355035  1706  4200 E PMS-OPEN: return higher priority, ri = ResolveInfo{6e3d7eb com.transsion.launcher3/com.android.launcher3.uioverrides.QuickstepLauncher m=0x108000 userHandle=UserHandle{0}}
04-12 20:39:55.356958  1706  4200 I PMS-OPEN: intent = Intent { act=android.intent.action.MAIN cat=[android.intent.category.HOME] }, n = 2, final suggPkg = null, openWith = false
04-12 20:39:55.357031  1706  4200 D PMS-OPEN: ResolveInfo{fe903e1 com.transsion.launcher3/com.android.launcher3.uioverrides.QuickstepLauncher m=0x108000 userHandle=UserHandle{0}}=0 , vs ResolveInfo{66b6506 com.android.settings/.FallbackHome p=-1000 m=0x108000 userHandle=UserHandle{0}}=-1000
04-12 20:39:55.357046  1706  4200 E PMS-OPEN: return higher priority, ri = ResolveInfo{fe903e1 com.transsion.launcher3/com.android.launcher3.uioverrides.QuickstepLauncher m=0x108000 userHandle=UserHandle{0}}
04-12 20:39:55.357432  4818  4818 I BleScanTool: TransConnect:Apple serviceDate UUID : [0000180a-0000-1000-8000-00805f9b34fb, 0000fd35-0000-1000-8000-00805f9b34fb]
04-12 20:39:55.357477  4818  4818 I BleScanTool: TransConnect:Apple serviceDate serviceName : null
04-12 20:39:55.358296  1706  4200 I PMS-OPEN: intent = Intent { act=android.intent.action.MAIN cat=[android.intent.category.HOME] }, n = 2, final suggPkg = null, openWith = false
04-12 20:39:55.358361  1706  4200 D PMS-OPEN: ResolveInfo{d2607c7 com.transsion.launcher3/com.android.launcher3.uioverrides.QuickstepLauncher m=0x108000 userHandle=UserHandle{0}}=0 , vs ResolveInfo{a7a21f4 com.android.settings/.FallbackHome p=-1000 m=0x108000 userHandle=UserHandle{0}}=-1000
04-12 20:39:55.358372  1706  4200 E PMS-OPEN: return higher priority, ri = ResolveInfo{d2607c7 com.transsion.launcher3/com.android.launcher3.uioverrides.QuickstepLauncher m=0x108000 userHandle=UserHandle{0}}
04-12 20:39:55.359062  2347  3453 I NearbySharing: OEM[254152305] ShareTarget ipad discovered
04-12 20:39:55.360386  2347  3453 I NearbySharing: NearbySharing Internal event ReceiverDiscovered(receiverId=3, deviceName=ipad, isKnown=false, isSelfShare=false, deviceType=1, hasMatchingQrCode=false, isExternal=true, providerName=com.google.android.mosey, providerId=254152305, cloudReceiverSessionId=null)
04-12 20:39:55.361498  2347  7556 I NearbySharing: [ClearcutLog] DISCOVER_SHARE_TARGET sessionId=8646359503697102398 flowId=8576544381759338529, isExternal=true, cloudReceiverSessionId=null
04-12 20:39:55.361695  2347  7556 I NearbySharing: A new share target was discovered with latencyFromActivityStart: 3022
04-12 20:39:55.363975  8705  8705 D nativeloader: Configuring clns-shared-9 for other apk /system_ext/priv-app/Omacp/Omacp.apk. target_sdk_version=36, uses_libraries=, library_path=/system_ext/priv-app/Omacp/lib/arm64:/system_ext/priv-app/Omacp/Omacp.apk!/lib/arm64-v8a:/system/lib64:/system_ext/lib64:/tr_product/lib64, permitted_path=/data:/mnt/expand:/data/user/0/com.mediatek.omacp:/system_ext/priv-app/Omacp:/system/lib64:/system_ext/lib64:/tr_product/lib64
04-12 20:39:55.366243  8675  8675 I SetupWizard: [PostSetupLifecycleBootReceiver] [deferred-notification] in progress before reboot. Restarting lifecycle.
04-12 20:39:55.366503  1706  4200 I PMS-OPEN: intent = Intent { act=android.intent.action.MAIN cat=[android.intent.category.HOME] }, n = 2, final suggPkg = null, openWith = false
04-12 20:39:55.366528  8675  8675 I SetupWizard: [SetupNotificationService] updateStatus notificationType=4, startedForegroundService=false
04-12 20:39:55.366547  1706  4200 D PMS-OPEN: ResolveInfo{310fd1d com.transsion.launcher3/com.android.launcher3.uioverrides.QuickstepLauncher m=0x108000 userHandle=UserHandle{0}}=0 , vs ResolveInfo{cc8cb92 com.android.settings/.FallbackHome p=-1000 m=0x108000 userHandle=UserHandle{0}}=-1000
04-12 20:39:55.366555  1706  4200 E PMS-OPEN: return higher priority, ri = ResolveInfo{310fd1d com.transsion.launcher3/com.android.launcher3.uioverrides.QuickstepLauncher m=0x108000 userHandle=UserHandle{0}}
04-12 20:39:55.366565  8675  8675 I SetupWizard: [SetupNotificationService] StartAsForeground
04-12 20:39:55.368171  1706  4249 I PMS-OPEN: intent = Intent { act=android.intent.action.MAIN cat=[android.intent.category.HOME] }, n = 2, final suggPkg = null, openWith = false
04-12 20:39:55.368210  1706  4249 D PMS-OPEN: ResolveInfo{4715963 com.transsion.launcher3/com.android.launcher3.uioverrides.QuickstepLauncher m=0x108000 userHandle=UserHandle{0}}=0 , vs ResolveInfo{3116960 com.android.settings/.FallbackHome p=-1000 m=0x108000 userHandle=UserHandle{0}}=-1000
04-12 20:39:55.368224  1706  4249 E PMS-OPEN: return higher priority, ri = ResolveInfo{4715963 com.transsion.launcher3/com.android.launcher3.uioverrides.QuickstepLauncher m=0x108000 userHandle=UserHandle{0}}
04-12 20:39:55.368876  1706  4249 I PMS-OPEN: intent = Intent { act=android.intent.action.MAIN cat=[android.intent.category.HOME] }, n = 2, final suggPkg = null, openWith = false
04-12 20:39:55.368934  1706  4249 D PMS-OPEN: ResolveInfo{cc54e19 com.transsion.launcher3/com.android.launcher3.uioverrides.QuickstepLauncher m=0x108000 userHandle=UserHandle{0}}=0 , vs ResolveInfo{e240ede com.android.settings/.FallbackHome p=-1000 m=0x108000 userHandle=UserHandle{0}}=-1000
04-12 20:39:55.368945  1706  4249 E PMS-OPEN: return higher priority, ri = ResolveInfo{cc54e19 com.transsion.launcher3/com.android.launcher3.uioverrides.QuickstepLauncher m=0x108000 userHandle=UserHandle{0}}
04-12 20:39:55.370708  8675  8675 I SetupWizard: [SetupNotificationService] createNotification startedForegroundService=true
04-12 20:39:55.371402  1706  2266 I PMS-OPEN: intent = Intent { act=android.intent.action.MAIN cat=[android.intent.category.HOME] }, n = 2, final suggPkg = null, openWith = false
04-12 20:39:55.371483  1706  2266 D PMS-OPEN: ResolveInfo{f9628bf com.transsion.launcher3/com.android.launcher3.uioverrides.QuickstepLauncher m=0x108000 userHandle=UserHandle{0}}=0 , vs ResolveInfo{613bb8c com.android.settings/.FallbackHome p=-1000 m=0x108000 userHandle=UserHandle{0}}=-1000
04-12 20:39:55.371496  1706  2266 E PMS-OPEN: return higher priority, ri = ResolveInfo{f9628bf com.transsion.launcher3/com.android.launcher3.uioverrides.QuickstepLauncher m=0x108000 userHandle=UserHandle{0}}
04-12 20:39:55.372154  1706  2266 I PMS-OPEN: intent = Intent { act=android.intent.action.MAIN cat=[android.intent.category.HOME] }, n = 2, final suggPkg = null, openWith = false
04-12 20:39:55.372217  1706  2266 D PMS-OPEN: ResolveInfo{40e91db com.transsion.launcher3/com.android.launcher3.uioverrides.QuickstepLauncher m=0x108000 userHandle=UserHandle{0}}=0 , vs ResolveInfo{5070478 com.android.settings/.FallbackHome p=-1000 m=0x108000 userHandle=UserHandle{0}}=-1000
04-12 20:39:55.372231  1706  2266 E PMS-OPEN: return higher priority, ri = ResolveInfo{40e91db com.transsion.launcher3/com.android.launcher3.uioverrides.QuickstepLauncher m=0x108000 userHandle=UserHandle{0}}
04-12 20:39:55.373185  1706  2266 I PMS-OPEN: intent = Intent { act=android.intent.action.MAIN cat=[android.intent.category.HOME] }, n = 2, final suggPkg = null, openWith = false
04-12 20:39:55.373244  1706  2266 D PMS-OPEN: ResolveInfo{ada70b7 com.transsion.launcher3/com.android.launcher3.uioverrides.QuickstepLauncher m=0x108000 userHandle=UserHandle{0}}=0 , vs ResolveInfo{1e3f024 com.android.settings/.FallbackHome p=-1000 m=0x108000 userHandle=UserHandle{0}}=-1000
04-12 20:39:55.373254  1706  2266 E PMS-OPEN: return higher priority, ri = ResolveInfo{ada70b7 com.transsion.launcher3/com.android.launcher3.uioverrides.QuickstepLauncher m=0x108000 userHandle=UserHandle{0}}
04-12 20:39:55.373862  1706  2266 I PMS-OPEN: intent = Intent { act=android.intent.action.MAIN cat=[android.intent.category.HOME] }, n = 2, final suggPkg = null, openWith = false
04-12 20:39:55.373901  1706  2266 D PMS-OPEN: ResolveInfo{110678d com.transsion.launcher3/com.android.launcher3.uioverrides.QuickstepLauncher m=0x108000 userHandle=UserHandle{0}}=0 , vs ResolveInfo{7973d42 com.android.settings/.FallbackHome p=-1000 m=0x108000 userHandle=UserHandle{0}}=-1000
04-12 20:39:55.373908  1706  2266 E PMS-OPEN: return higher priority, ri = ResolveInfo{110678d com.transsion.launcher3/com.android.launcher3.uioverrides.QuickstepLauncher m=0x108000 userHandle=UserHandle{0}}
04-12 20:39:55.374968  1706  4249 I PMS-OPEN: intent = Intent { act=android.intent.action.MAIN cat=[android.intent.category.HOME] }, n = 2, final suggPkg = null, openWith = false
04-12 20:39:55.375013  1706  4249 D PMS-OPEN: ResolveInfo{31b6153 com.transsion.launcher3/com.android.launcher3.uioverrides.QuickstepLauncher m=0x108000 userHandle=UserHandle{0}}=0 , vs ResolveInfo{381ea90 com.android.settings/.FallbackHome p=-1000 m=0x108000 userHandle=UserHandle{0}}=-1000
04-12 20:39:55.375020  1706  4249 E PMS-OPEN: return higher priority, ri = ResolveInfo{31b6153 com.transsion.launcher3/com.android.launcher3.uioverrides.QuickstepLauncher m=0x108000 userHandle=UserHandle{0}}
04-12 20:39:55.375452  1706  4249 I PMS-OPEN: intent = Intent { act=android.intent.action.MAIN cat=[android.intent.category.HOME] }, n = 2, final suggPkg = null, openWith = false
04-12 20:39:55.375480  1706  4249 D PMS-OPEN: ResolveInfo{f28ef89 com.transsion.launcher3/com.android.launcher3.uioverrides.QuickstepLauncher m=0x108000 userHandle=UserHandle{0}}=0 , vs ResolveInfo{a5feb8e com.android.settings/.FallbackHome p=-1000 m=0x108000 userHandle=UserHandle{0}}=-1000
04-12 20:39:55.375487  1706  4249 E PMS-OPEN: return higher priority, ri = ResolveInfo{f28ef89 com.transsion.launcher3/com.android.launcher3.uioverrides.QuickstepLauncher m=0x108000 userHandle=UserHandle{0}}
04-12 20:39:55.375972  1706  2266 I PMS-OPEN: intent = Intent { act=android.intent.action.MAIN cat=[android.intent.category.HOME] }, n = 2, final suggPkg = null, openWith = false
04-12 20:39:55.376003  1706  2266 D PMS-OPEN: ResolveInfo{270bfaf com.transsion.launcher3/com.android.launcher3.uioverrides.QuickstepLauncher m=0x108000 userHandle=UserHandle{0}}=0 , vs ResolveInfo{4c31fbc com.android.settings/.FallbackHome p=-1000 m=0x108000 userHandle=UserHandle{0}}=-1000
04-12 20:39:55.376009  1706  2266 E PMS-OPEN: return higher priority, ri = ResolveInfo{270bfaf com.transsion.launcher3/com.android.launcher3.uioverrides.QuickstepLauncher m=0x108000 userHandle=UserHandle{0}}
04-12 20:39:55.378571  1706  2266 I PMS-OPEN: intent = Intent { act=android.intent.action.MAIN cat=[android.intent.category.HOME] }, n = 2, final suggPkg = null, openWith = false
04-12 20:39:55.378637  1706  2266 D PMS-OPEN: ResolveInfo{227fb45 com.transsion.launcher3/com.android.launcher3.uioverrides.QuickstepLauncher m=0x108000 userHandle=UserHandle{0}}=0 , vs ResolveInfo{5f3329a com.android.settings/.FallbackHome p=-1000 m=0x108000 userHandle=UserHandle{0}}=-1000
04-12 20:39:55.378676  1706  2266 E PMS-OPEN: return higher priority, ri = ResolveInfo{227fb45 com.transsion.launcher3/com.android.launcher3.uioverrides.QuickstepLauncher m=0x108000 userHandle=UserHandle{0}}
04-12 20:39:55.379637  8705  8705 I .mediatek.omacp: AssetManager2(0xb400007710135458) locale list changing from [] to [zh-Hans-CN]
04-12 20:39:55.379763  1706  4200 I PMS-OPEN: intent = Intent { act=android.intent.action.MAIN cat=[android.intent.category.HOME] }, n = 2, final suggPkg = null, openWith = false
04-12 20:39:55.379801  1706  4200 D PMS-OPEN: ResolveInfo{f13a7cb com.transsion.launcher3/com.android.launcher3.uioverrides.QuickstepLauncher m=0x108000 userHandle=UserHandle{0}}=0 , vs ResolveInfo{a807ba8 com.android.settings/.FallbackHome p=-1000 m=0x108000 userHandle=UserHandle{0}}=-1000
04-12 20:39:55.379808  1706  4200 E PMS-OPEN: return higher priority, ri = ResolveInfo{f13a7cb com.transsion.launcher3/com.android.launcher3.uioverrides.QuickstepLauncher m=0x108000 userHandle=UserHandle{0}}
04-12 20:39:55.379815  8675  8675 I SetupWizard: [SetupNotificationService] createNotification DEFERRED
04-12 20:39:55.380008  8675  8675 I SetupWizard: [goe] Create deferred notification as priority=3
04-12 20:39:55.380835  1706  4249 I PMS-OPEN: intent = Intent { act=android.intent.action.MAIN cat=[android.intent.category.HOME] }, n = 2, final suggPkg = null, openWith = false
04-12 20:39:55.380892  1706  4249 D PMS-OPEN: ResolveInfo{fb2f5a7 com.transsion.launcher3/com.android.launcher3.uioverrides.QuickstepLauncher m=0x108000 userHandle=UserHandle{0}}=0 , vs ResolveInfo{c35aa54 com.android.settings/.FallbackHome p=-1000 m=0x108000 userHandle=UserHandle{0}}=-1000
04-12 20:39:55.380906  1706  4249 E PMS-OPEN: return higher priority, ri = ResolveInfo{fb2f5a7 com.transsion.launcher3/com.android.launcher3.uioverrides.QuickstepLauncher m=0x108000 userHandle=UserHandle{0}}
04-12 20:39:55.382011  1706  4200 I PMS-OPEN: intent = Intent { act=android.intent.action.MAIN cat=[android.intent.category.HOME] }, n = 2, final suggPkg = null, openWith = false
04-12 20:39:55.382347  3808  3808 D BoundBrokerSvc: onBind: Intent { act=com.google.android.gms.smartdevice.d2d.TargetDeviceService.START xflg=0x4 pkg=com.google.android.gms }
04-12 20:39:55.382369  3808  3808 D BoundBrokerSvc: Loading bound service for intent: Intent { act=com.google.android.gms.smartdevice.d2d.TargetDeviceService.START xflg=0x4 pkg=com.google.android.gms }
04-12 20:39:55.382398  3866  3866 D Kolun_AI.SN_NotificationMonitor: [16.02.00.006]onNotificationPosted flags: 1792
04-12 20:39:55.382783  1706  4200 D PMS-OPEN: ResolveInfo{db74dfd com.transsion.launcher3/com.android.launcher3.uioverrides.QuickstepLauncher m=0x108000 userHandle=UserHandle{0}}=0 , vs ResolveInfo{f7d7af2 com.android.settings/.FallbackHome p=-1000 m=0x108000 userHandle=UserHandle{0}}=-1000
04-12 20:39:55.382799  1706  4200 E PMS-OPEN: return higher priority, ri = ResolveInfo{db74dfd com.transsion.launcher3/com.android.launcher3.uioverrides.QuickstepLauncher m=0x108000 userHandle=UserHandle{0}}
04-12 20:39:55.383067  8705  8705 V GraphicsEnvironment: Currently set values for:
04-12 20:39:55.383087  8705  8705 V GraphicsEnvironment:   angle_gl_driver_selection_pkgs=[]
04-12 20:39:55.383093  8705  8705 V GraphicsEnvironment:   angle_gl_driver_selection_values=[]
04-12 20:39:55.383099  8705  8705 V GraphicsEnvironment: com.mediatek.omacp is not listed in per-application setting
04-12 20:39:55.383172  8705  8705 V GraphicsEnvironment: ANGLE allowlist from config: 
04-12 20:39:55.383182  8705  8705 V GraphicsEnvironment: com.mediatek.omacp is not listed in ANGLE allowlist or settings, returning default
04-12 20:39:55.383810  8675  8675 I SetupWizard: [goe] buildNotification title=完成设备设置, content=就差几步即可完成, enable default colour=false, is contrast colour check disabled=false, is overlay=false
04-12 20:39:55.384086  8675  8675 I SetupWizard: [NotificationUtils] Validating the background color. contrast=6.466174203406831, minimalContrastRatio=1.0, color=0xff506352, backgroundColor=0xffffffff
04-12 20:39:55.384122  8675  8675 I SetupWizard: [goe] buildNotification color = 0xff506352
04-12 20:39:55.385583  1706  2835 I PMS-OPEN: intent = Intent { act=android.intent.action.MAIN cat=[android.intent.category.HOME] }, n = 2, final suggPkg = null, openWith = false
04-12 20:39:55.385653  1706  2835 D PMS-OPEN: ResolveInfo{b64543e com.transsion.launcher3/com.android.launcher3.uioverrides.QuickstepLauncher m=0x108000 userHandle=UserHandle{0}}=0 , vs ResolveInfo{156f29f com.android.settings/.FallbackHome p=-1000 m=0x108000 userHandle=UserHandle{0}}=-1000
04-12 20:39:55.385665  1706  2835 E PMS-OPEN: return higher priority, ri = ResolveInfo{b64543e com.transsion.launcher3/com.android.launcher3.uioverrides.QuickstepLauncher m=0x108000 userHandle=UserHandle{0}}
04-12 20:39:55.385705  1706  4208 I system_server: AssetManager2(0xb4000077101489b8) locale list changing from [] to [zh-Hans-CN]
04-12 20:39:55.386787  2347  2347 I NearbySharing: ShortcutInfoManager added shortcut ipad
04-12 20:39:55.386881  1706  4200 I PMS-OPEN: intent = Intent { act=android.intent.action.MAIN cat=[android.intent.category.HOME] }, n = 2, final suggPkg = null, openWith = false
04-12 20:39:55.386896  8705  8705 I LoadedApk: No resource references to update in package com.transsion.thub.res
04-12 20:39:55.386936  1706  4200 D PMS-OPEN: ResolveInfo{684a2 com.transsion.launcher3/com.android.launcher3.uioverrides.QuickstepLauncher m=0x108000 userHandle=UserHandle{0}}=0 , vs ResolveInfo{67c0533 com.android.settings/.FallbackHome p=-1000 m=0x108000 userHandle=UserHandle{0}}=-1000
04-12 20:39:55.386945  1706  4200 E PMS-OPEN: return higher priority, ri = ResolveInfo{684a2 com.transsion.launcher3/com.android.launcher3.uioverrides.QuickstepLauncher m=0x108000 userHandle=UserHandle{0}}
04-12 20:39:55.387030  1706  2266 I ITranUsageStatsService: reportEvent, pid = 3537, component = ComponentInfo{com.google.android.setupwizard/com.google.android.setupwizard.notification.SetupNotificationService}, userId = 0, eventType = 19, instanceId = 0, taskRoot = null
04-12 20:39:55.387065  8705  8705 I LoadedApk: No resource references to update in package com.transsion.theme.icon
04-12 20:39:55.387585  1706  4200 I PMS-OPEN: intent = Intent { act=android.intent.action.MAIN cat=[android.intent.category.HOME] }, n = 2, final suggPkg = null, openWith = false
04-12 20:39:55.387658  1706  4200 D PMS-OPEN: ResolveInfo{c12c1c com.transsion.launcher3/com.android.launcher3.uioverrides.QuickstepLauncher m=0x108000 userHandle=UserHandle{0}}=0 , vs ResolveInfo{7588025 com.android.settings/.FallbackHome p=-1000 m=0x108000 userHandle=UserHandle{0}}=-1000
04-12 20:39:55.387674  1706  4200 E PMS-OPEN: return higher priority, ri = ResolveInfo{c12c1c com.transsion.launcher3/com.android.launcher3.uioverrides.QuickstepLauncher m=0x108000 userHandle=UserHandle{0}}
04-12 20:39:55.387535  2345  2800 I OsTrL-  : #onForegroundStateChanged isForeground = true packageName = com.google.android.setupwizard userId = 0
04-12 20:39:55.388398  8705  8705 I LoadedApk: No resource references to update in package com.transsionui
04-12 20:39:55.388481  1706  4208 I PMS-OPEN: intent = Intent { act=android.intent.action.MAIN cat=[android.intent.category.HOME] }, n = 2, final suggPkg = null, openWith = false
04-12 20:39:55.388539  1706  4208 D PMS-OPEN: ResolveInfo{95805fa com.transsion.launcher3/com.android.launcher3.uioverrides.QuickstepLauncher m=0x108000 userHandle=UserHandle{0}}=0 , vs ResolveInfo{5a8e7ab com.android.settings/.FallbackHome p=-1000 m=0x108000 userHandle=UserHandle{0}}=-1000
04-12 20:39:55.388548  1706  4208 E PMS-OPEN: return higher priority, ri = ResolveInfo{95805fa com.transsion.launcher3/com.android.launcher3.uioverrides.QuickstepLauncher m=0x108000 userHandle=UserHandle{0}}
04-12 20:39:55.389447  1706  4208 I PMS-OPEN: intent = Intent { act=android.intent.action.MAIN cat=[android.intent.category.HOME] }, n = 2, final suggPkg = null, openWith = false
04-12 20:39:55.389479  1706  4208 D PMS-OPEN: ResolveInfo{8c2ee08 com.transsion.launcher3/com.android.launcher3.uioverrides.QuickstepLauncher m=0x108000 userHandle=UserHandle{0}}=0 , vs ResolveInfo{1b5f9a1 com.android.settings/.FallbackHome p=-1000 m=0x108000 userHandle=UserHandle{0}}=-1000
04-12 20:39:55.389486  1706  4208 E PMS-OPEN: return higher priority, ri = ResolveInfo{8c2ee08 com.transsion.launcher3/com.android.launcher3.uioverrides.QuickstepLauncher m=0x108000 userHandle=UserHandle{0}}
04-12 20:39:55.389760  2360  2647 E Usf/policyManager: onExecuteResult: Bundle[{policy_index=1, policy_resuest_time=2026-04-12 20:39:55.389, policy_scene_name=update-foreground-service, policy_start_time=38163, policy_policy_name=privacy, policy_end_time=38163}] tid = 73
04-12 20:39:55.390042  2360  2650 E Usf/policyManager: onExecuteResult: Bundle[{policy_index=1, policy_resuest_time=2026-04-12 20:39:55.389, policy_scene_name=update-foreground-service, policy_start_time=38163, policy_policy_name=hiber, policy_end_time=38163}] tid = 75
04-12 20:39:55.390828  2345  2800 E TrIconApiImpl: getIcon: launcherActivityInfo is null
04-12 20:39:55.391020  1706  2266 I PMS-OPEN: intent = Intent { act=android.intent.action.MAIN cat=[android.intent.category.HOME] }, n = 2, final suggPkg = null, openWith = false
04-12 20:39:55.391059  1706  2266 D PMS-OPEN: ResolveInfo{1087c6 com.transsion.launcher3/com.android.launcher3.uioverrides.QuickstepLauncher m=0x108000 userHandle=UserHandle{0}}=0 , vs ResolveInfo{98c5387 com.android.settings/.FallbackHome p=-1000 m=0x108000 userHandle=UserHandle{0}}=-1000
04-12 20:39:55.391070  1706  2266 E PMS-OPEN: return higher priority, ri = ResolveInfo{1087c6 com.transsion.launcher3/com.android.launcher3.uioverrides.QuickstepLauncher m=0x108000 userHandle=UserHandle{0}}
04-12 20:39:55.392657  1706  4208 I PMS-OPEN: intent = Intent { act=android.intent.action.MAIN cat=[android.intent.category.HOME] }, n = 2, final suggPkg = null, openWith = false
04-12 20:39:55.392704  1706  4208 D PMS-OPEN: ResolveInfo{39ce2b4 com.transsion.launcher3/com.android.launcher3.uioverrides.QuickstepLauncher m=0x108000 userHandle=UserHandle{0}}=0 , vs ResolveInfo{2178edd com.android.settings/.FallbackHome p=-1000 m=0x108000 userHandle=UserHandle{0}}=-1000
04-12 20:39:55.392727  1706  4208 E PMS-OPEN: return higher priority, ri = ResolveInfo{39ce2b4 com.transsion.launcher3/com.android.launcher3.uioverrides.QuickstepLauncher m=0x108000 userHandle=UserHandle{0}}
04-12 20:39:55.393164  1706  4208 I PMS-OPEN: intent = Intent { act=android.intent.action.MAIN cat=[android.intent.category.HOME] }, n = 2, final suggPkg = null, openWith = false
04-12 20:39:55.393202  1706  4208 D PMS-OPEN: ResolveInfo{d7d5a52 com.transsion.launcher3/com.android.launcher3.uioverrides.QuickstepLauncher m=0x108000 userHandle=UserHandle{0}}=0 , vs ResolveInfo{d50a123 com.android.settings/.FallbackHome p=-1000 m=0x108000 userHandle=UserHandle{0}}=-1000
04-12 20:39:55.393208  1706  4208 E PMS-OPEN: return higher priority, ri = ResolveInfo{d7d5a52 com.transsion.launcher3/com.android.launcher3.uioverrides.QuickstepLauncher m=0x108000 userHandle=UserHandle{0}}
04-12 20:39:55.395138  1706  4208 I PMS-OPEN: intent = Intent { act=android.intent.action.MAIN cat=[android.intent.category.HOME] }, n = 2, final suggPkg = null, openWith = false
04-12 20:39:55.395232  1706  4208 D PMS-OPEN: ResolveInfo{9033bd9 com.transsion.launcher3/com.android.launcher3.uioverrides.QuickstepLauncher m=0x108000 userHandle=UserHandle{0}}=0 , vs ResolveInfo{572c99e com.android.settings/.FallbackHome p=-1000 m=0x108000 userHandle=UserHandle{0}}=-1000
04-12 20:39:55.395241  1706  4208 E PMS-OPEN: return higher priority, ri = ResolveInfo{9033bd9 com.transsion.launcher3/com.android.launcher3.uioverrides.QuickstepLauncher m=0x108000 userHandle=UserHandle{0}}
04-12 20:39:55.396345  7362  8362 I Mosey.A : Closed OkHttpClient
04-12 20:39:55.396549  1706  4208 I PMS-OPEN: intent = Intent { act=android.intent.action.MAIN cat=[android.intent.category.HOME] }, n = 2, final suggPkg = null, openWith = false
04-12 20:39:55.396596  1706  4208 D PMS-OPEN: ResolveInfo{9822c7f com.transsion.launcher3/com.android.launcher3.uioverrides.QuickstepLauncher m=0x108000 userHandle=UserHandle{0}}=0 , vs ResolveInfo{f35d44c com.android.settings/.FallbackHome p=-1000 m=0x108000 userHandle=UserHandle{0}}=-1000
04-12 20:39:55.396608  1706  4208 E PMS-OPEN: return higher priority, ri = ResolveInfo{9822c7f com.transsion.launcher3/com.android.launcher3.uioverrides.QuickstepLauncher m=0x108000 userHandle=UserHandle{0}}
04-12 20:39:55.397036  1361  8518 I MobileLogD: copy_log: cp -r /data/log_temp/boot_1__normal/* /data/debuglogger/mobilelog/APLog_2026_0412_203954__5/boot__normal/
04-12 20:39:55.397191  1706  4208 I PMS-OPEN: intent = Intent { act=android.intent.action.MAIN cat=[android.intent.category.HOME] }, n = 2, final suggPkg = null, openWith = false
04-12 20:39:55.397236  1706  4208 D PMS-OPEN: ResolveInfo{f62bc95 com.transsion.launcher3/com.android.launcher3.uioverrides.QuickstepLauncher m=0x108000 userHandle=UserHandle{0}}=0 , vs ResolveInfo{2bde1aa com.android.settings/.FallbackHome p=-1000 m=0x108000 userHandle=UserHandle{0}}=-1000
04-12 20:39:55.397243  1706  4208 E PMS-OPEN: return higher priority, ri = ResolveInfo{f62bc95 com.transsion.launcher3/com.android.launcher3.uioverrides.QuickstepLauncher m=0x108000 userHandle=UserHandle{0}}
04-12 20:39:55.397382  1361  8518 I MobileLogD: file length: 132, offset-to-End: 66
04-12 20:39:55.397420  1361  8518 I MobileLogD: copy item: boot_3__normal/
04-12 20:39:55.397480  1361  8518 I MobileLogD: file length: 132, offset-to-End: 99
04-12 20:39:55.397508  1361  8518 I MobileLogD: copy item: boot_2__normal/
04-12 20:39:55.397834  1706  4208 I PMS-OPEN: intent = Intent { act=android.intent.action.MAIN cat=[android.intent.category.HOME] }, n = 2, final suggPkg = null, openWith = false
04-12 20:39:55.397872  1706  4208 D PMS-OPEN: ResolveInfo{917119b com.transsion.launcher3/com.android.launcher3.uioverrides.QuickstepLauncher m=0x108000 userHandle=UserHandle{0}}=0 , vs ResolveInfo{f11e938 com.android.settings/.FallbackHome p=-1000 m=0x108000 userHandle=UserHandle{0}}=-1000
04-12 20:39:55.397880  1706  4208 E PMS-OPEN: return higher priority, ri = ResolveInfo{917119b com.transsion.launcher3/com.android.launcher3.uioverrides.QuickstepLauncher m=0x108000 userHandle=UserHandle{0}}
04-12 20:39:55.398842  1706  4200 I PMS-OPEN: intent = Intent { act=android.intent.action.MAIN cat=[android.intent.category.HOME] }, n = 2, final suggPkg = null, openWith = false
04-12 20:39:55.398895  1706  4200 D PMS-OPEN: ResolveInfo{8ff8d11 com.transsion.launcher3/com.android.launcher3.uioverrides.QuickstepLauncher m=0x108000 userHandle=UserHandle{0}}=0 , vs ResolveInfo{df06e76 com.android.settings/.FallbackHome p=-1000 m=0x108000 userHandle=UserHandle{0}}=-1000
04-12 20:39:55.398906  1706  4200 E PMS-OPEN: return higher priority, ri = ResolveInfo{8ff8d11 com.transsion.launcher3/com.android.launcher3.uioverrides.QuickstepLauncher m=0x108000 userHandle=UserHandle{0}}
04-12 20:39:55.399444  1706  4208 I PMS-OPEN: intent = Intent { act=android.intent.action.MAIN cat=[android.intent.category.HOME] }, n = 2, final suggPkg = null, openWith = false
04-12 20:39:55.399489  1706  4208 D PMS-OPEN: ResolveInfo{64b2c77 com.transsion.launcher3/com.android.launcher3.uioverrides.QuickstepLauncher m=0x108000 userHandle=UserHandle{0}}=0 , vs ResolveInfo{9860e4 com.android.settings/.FallbackHome p=-1000 m=0x108000 userHandle=UserHandle{0}}=-1000
04-12 20:39:55.399497  1706  4208 E PMS-OPEN: return higher priority, ri = ResolveInfo{64b2c77 com.transsion.launcher3/com.android.launcher3.uioverrides.QuickstepLauncher m=0x108000 userHandle=UserHandle{0}}
04-12 20:39:55.400110  1706  4208 I PMS-OPEN: intent = Intent { act=android.intent.action.MAIN cat=[android.intent.category.HOME] }, n = 2, final suggPkg = null, openWith = false
04-12 20:39:55.400159  1706  4208 D PMS-OPEN: ResolveInfo{2bee94d com.transsion.launcher3/com.android.launcher3.uioverrides.QuickstepLauncher m=0x108000 userHandle=UserHandle{0}}=0 , vs ResolveInfo{4ecfc02 com.android.settings/.FallbackHome p=-1000 m=0x108000 userHandle=UserHandle{0}}=-1000
04-12 20:39:55.400166  1706  4208 E PMS-OPEN: return higher priority, ri = ResolveInfo{2bee94d com.transsion.launcher3/com.android.launcher3.uioverrides.QuickstepLauncher m=0x108000 userHandle=UserHandle{0}}
04-12 20:39:55.400765  1706  4208 I PMS-OPEN: intent = Intent { act=android.intent.action.MAIN cat=[android.intent.category.HOME] }, n = 2, final suggPkg = null, openWith = false
04-12 20:39:55.400801  1706  4208 D PMS-OPEN: ResolveInfo{93c1913 com.transsion.launcher3/com.android.launcher3.uioverrides.QuickstepLauncher m=0x108000 userHandle=UserHandle{0}}=0 , vs ResolveInfo{5eca750 com.android.settings/.FallbackHome p=-1000 m=0x108000 userHandle=UserHandle{0}}=-1000
04-12 20:39:55.400806  1706  4208 E PMS-OPEN: return higher priority, ri = ResolveInfo{93c1913 com.transsion.launcher3/com.android.launcher3.uioverrides.QuickstepLauncher m=0x108000 userHandle=UserHandle{0}}
04-12 20:39:55.401341  1706  4208 I PMS-OPEN: intent = Intent { act=android.intent.action.MAIN cat=[android.intent.category.HOME] }, n = 2, final suggPkg = null, openWith = false
04-12 20:39:55.401387  1706  4208 D PMS-OPEN: ResolveInfo{89dcd49 com.transsion.launcher3/com.android.launcher3.uioverrides.QuickstepLauncher m=0x108000 userHandle=UserHandle{0}}=0 , vs ResolveInfo{f32d64e com.android.settings/.FallbackHome p=-1000 m=0x108000 userHandle=UserHandle{0}}=-1000
04-12 20:39:55.401398  1706  4208 E PMS-OPEN: return higher priority, ri = ResolveInfo{89dcd49 com.transsion.launcher3/com.android.launcher3.uioverrides.QuickstepLauncher m=0x108000 userHandle=UserHandle{0}}
04-12 20:39:55.402130  8705  8705 D @M_Omacp/OmacpProvider: [onCreate] Move database successfully
04-12 20:39:55.402161  1706  4200 I PMS-OPEN: intent = Intent { act=android.intent.action.MAIN cat=[android.intent.category.HOME] }, n = 2, final suggPkg = null, openWith = false
04-12 20:39:55.402194  1706  4200 D PMS-OPEN: ResolveInfo{445336f com.transsion.launcher3/com.android.launcher3.uioverrides.QuickstepLauncher m=0x108000 userHandle=UserHandle{0}}=0 , vs ResolveInfo{dfce87c com.android.settings/.FallbackHome p=-1000 m=0x108000 userHandle=UserHandle{0}}=-1000
04-12 20:39:55.402204  1706  4200 E PMS-OPEN: return higher priority, ri = ResolveInfo{445336f com.transsion.launcher3/com.android.launcher3.uioverrides.QuickstepLauncher m=0x108000 userHandle=UserHandle{0}}
04-12 20:39:55.403211  1706  2266 I PMS-OPEN: intent = Intent { act=android.intent.action.MAIN cat=[android.intent.category.HOME] }, n = 2, final suggPkg = null, openWith = false
04-12 20:39:55.403263  1706  2266 D PMS-OPEN: ResolveInfo{f6cf505 com.transsion.launcher3/com.android.launcher3.uioverrides.QuickstepLauncher m=0x108000 userHandle=UserHandle{0}}=0 , vs ResolveInfo{aea095a com.android.settings/.FallbackHome p=-1000 m=0x108000 userHandle=UserHandle{0}}=-1000
04-12 20:39:55.403271  1706  2266 E PMS-OPEN: return higher priority, ri = ResolveInfo{f6cf505 com.transsion.launcher3/com.android.launcher3.uioverrides.QuickstepLauncher m=0x108000 userHandle=UserHandle{0}}
04-12 20:39:55.404915  1706  4208 I PMS-OPEN: intent = Intent { act=android.intent.action.MAIN cat=[android.intent.category.HOME] }, n = 2, final suggPkg = null, openWith = false
04-12 20:39:55.404968  1706  4208 D PMS-OPEN: ResolveInfo{66e1068 com.transsion.launcher3/com.android.launcher3.uioverrides.QuickstepLauncher m=0x108000 userHandle=UserHandle{0}}=0 , vs ResolveInfo{e4cdc81 com.android.settings/.FallbackHome p=-1000 m=0x108000 userHandle=UserHandle{0}}=-1000
04-12 20:39:55.404982  1706  4208 E PMS-OPEN: return higher priority, ri = ResolveInfo{66e1068 com.transsion.launcher3/com.android.launcher3.uioverrides.QuickstepLauncher m=0x108000 userHandle=UserHandle{0}}
04-12 20:39:55.405086  8705  8705 D @M_Omacp/OmacpReceiver: OmacpReceiver onReceive : Intent { act=android.intent.action.BOOT_COMPLETED flg=0x89000010 cmp=com.mediatek.omacp/.message.OmacpReceiver (has extras) }
04-12 20:39:55.405909  1706  4208 I PMS-OPEN: intent = Intent { act=android.intent.action.MAIN cat=[android.intent.category.HOME] }, n = 2, final suggPkg = null, openWith = false
04-12 20:39:55.405953  1706  4208 D PMS-OPEN: ResolveInfo{3e9bfbd com.transsion.launcher3/com.android.launcher3.uioverrides.QuickstepLauncher m=0x108000 userHandle=UserHandle{0}}=0 , vs ResolveInfo{c2069b2 com.android.settings/.FallbackHome p=-1000 m=0x108000 userHandle=UserHandle{0}}=-1000
04-12 20:39:55.405960  1706  4208 E PMS-OPEN: return higher priority, ri = ResolveInfo{3e9bfbd com.transsion.launcher3/com.android.launcher3.uioverrides.QuickstepLauncher m=0x108000 userHandle=UserHandle{0}}
04-12 20:39:55.410760  2707  3590 I SysUI(260302)_NotificationListener: onNotificationPosted() StatusBarNotification(pkg=com.google.android.gms user=UserHandle{0} id=0 tag=0|com.google.android.gms|g:Aggregate_AlertingSection key=0|com.google.android.gms|0|0|com.google.android.gms|g:Aggregate_AlertingSection|10232|0|com.google.android.gms|g:Aggregate_AlertingSection: Notification(channel=com.google.android.gms.notifications::SECURITY_ALERTS shortcut=null contentView=null vibrate=null sound=null defaults=0 flags=LOCAL_ONLY|GROUP_SUMMARY|AUTOGROUP_SUMMARY color=0x00000000 groupKey=0|com.google.android.gms|g:Aggregate_AlertingSection vis=PRIVATE))
04-12 20:39:55.411105  1706  4208 I PMS-OPEN: intent = Intent { act=android.intent.action.MAIN cat=[android.intent.category.HOME] }, n = 2, final suggPkg = null, openWith = false
04-12 20:39:55.411164  1706  4208 D PMS-OPEN: ResolveInfo{f276efe com.transsion.launcher3/com.android.launcher3.uioverrides.QuickstepLauncher m=0x108000 userHandle=UserHandle{0}}=0 , vs ResolveInfo{e0fd65f com.android.settings/.FallbackHome p=-1000 m=0x108000 userHandle=UserHandle{0}}=-1000
04-12 20:39:55.411175  1706  4208 E PMS-OPEN: return higher priority, ri = ResolveInfo{f276efe com.transsion.launcher3/com.android.launcher3.uioverrides.QuickstepLauncher m=0x108000 userHandle=UserHandle{0}}
04-12 20:39:55.412919  1706  4208 I PMS-OPEN: intent = Intent { act=android.intent.action.MAIN cat=[android.intent.category.HOME] }, n = 2, final suggPkg = null, openWith = false
04-12 20:39:55.412988  1706  4208 D PMS-OPEN: ResolveInfo{c8968ac com.transsion.launcher3/com.android.launcher3.uioverrides.QuickstepLauncher m=0x108000 userHandle=UserHandle{0}}=0 , vs ResolveInfo{56e2975 com.android.settings/.FallbackHome p=-1000 m=0x108000 userHandle=UserHandle{0}}=-1000
04-12 20:39:55.413001  1706  4208 E PMS-OPEN: return higher priority, ri = ResolveInfo{c8968ac com.transsion.launcher3/com.android.launcher3.uioverrides.QuickstepLauncher m=0x108000 userHandle=UserHandle{0}}
04-12 20:39:55.413456  1028  1028 I zygote  : Priority USAP Pool refill. New USAPs: 1
04-12 20:39:55.413473  2707  2707 I GroupCoalescer: COALESCED: 0|com.google.android.gms|0|0|com.google.android.gms|g:Aggregate_AlertingSection|10232|0|com.google.android.gms|g:Aggregate_AlertingSection
04-12 20:39:55.413834  2707  2707 I ShadeListBuilder: Request received from NotifCollection for onNotificationRankingUpdate
04-12 20:39:55.420264  1706  4208 I PMS-OPEN: intent = Intent { act=android.intent.action.MAIN cat=[android.intent.category.HOME] }, n = 2, final suggPkg = null, openWith = false
04-12 20:39:55.420591  1706  4208 D PMS-OPEN: ResolveInfo{b6f122d com.transsion.launcher3/com.android.launcher3.uioverrides.QuickstepLauncher m=0x108000 userHandle=UserHandle{0}}=0 , vs ResolveInfo{1a2a362 com.android.settings/.FallbackHome p=-1000 m=0x108000 userHandle=UserHandle{0}}=-1000
04-12 20:39:55.420603  1706  4208 E PMS-OPEN: return higher priority, ri = ResolveInfo{b6f122d com.transsion.launcher3/com.android.launcher3.uioverrides.QuickstepLauncher m=0x108000 userHandle=UserHandle{0}}
04-12 20:39:55.423199  8675  8675 I SuwGilEventMetadataBuil: Successfully fetched QuickStart flowtype information.
04-12 20:39:55.424093  1028  1028 D Zygote  : Forked child process 8756
04-12 20:39:55.424205  8705  8705 D @M_Omacp/OmacpReceiver: JobService scheduled with JOB_ID: 134863386
04-12 20:39:55.424125  8729  8729 I tek.schpwronoff: Using CollectorTypeCMC GC.
04-12 20:39:55.426791  2707  2707 D KeyguardCoordinator: UI showing unseen filter treatment: false
04-12 20:39:55.427239  2707  2707 I SysUI(260302)_OverviewSysUiProxyService:  isEnabled mIsEnabled false mIsFoldExpanded true
04-12 20:39:55.427409  8350  8350 I AEE_DUMPSTATE: archive_file_to_db: current dumped file is /data/aee_exp/temp/db.NmaRWK/SYS_BINDER_INFO
04-12 20:39:55.428353  2707  2707 I TranNotificationExpandButton: Call setExpandedVisibility
04-12 20:39:55.428833  2707  2707 D SysUI(260302)_TrNotificationChildrenContainer: setChildrenCount childCount:2 countString:2
04-12 20:39:55.429189  5140  8537 D AudioTrack: setVolume(31): 0xb4000076c0177e90, left = 1.000000, right = 1.000000
04-12 20:39:55.429286  5140  8537 D AudioTrack: start(31): 0xb4000076c0177e90, prior state:STATE_STOPPED, packageName: com.google.android.gms
04-12 20:39:55.429420  1146  2112 D AudioPolicyManagerCustomImpl: hifiAudio_startOutputSamplerate() +output = 29  portId = 31 samplerate = 48000 HifiState = 1 stream 1, session 137
04-12 20:39:55.429548  1146  2112 D AudioPolicyManagerCustomImpl: getMaxTrackSampleRate 48000
04-12 20:39:55.429843  2707  2707 I ShadeListBuilder: (Build 30) Build complete (4 top-level entries, 2 children) enforcedVisualStability=false
04-12 20:39:55.430356  2707  2707 D ShadeListBuilder: [0] -1|android|g:Aggregate_AlertingSection
04-12 20:39:55.430507  2707  2707 D ShadeListBuilder:   [*] -1|android|0|-1|android|g:Aggregate_AlertingSection|1000|-1|android|g:Aggregate_AlertingSection (summary)
