04-12 20:39:55.126255  1706  2810 I PMS-OPEN: intent = Intent { act=android.intent.action.MAIN cat=[android.intent.category.HOME] }, n = 2, final suggPkg = null, openWith = false
04-12 20:39:55.126322  1706  2810 D PMS-OPEN: ResolveInfo{10d04d1 com.transsion.launcher3/com.android.launcher3.uioverrides.QuickstepLauncher m=0x108000 userHandle=UserHandle{0}}=0 , vs ResolveInfo{4a8eb36 com.android.settings/.FallbackHome p=-1000 m=0x108000 userHandle=UserHandle{0}}=-1000
04-12 20:39:55.126332  1706  2810 E PMS-OPEN: return higher priority, ri = ResolveInfo{10d04d1 com.transsion.launcher3/com.android.launcher3.uioverrides.QuickstepLauncher m=0x108000 userHandle=UserHandle{0}}
04-12 20:39:55.127901  1706  2810 I PMS-OPEN: intent = Intent { act=android.intent.action.MAIN cat=[android.intent.category.HOME] }, n = 2, final suggPkg = null, openWith = false
04-12 20:39:55.127966  1706  2810 D PMS-OPEN: ResolveInfo{55aca37 com.transsion.launcher3/com.android.launcher3.uioverrides.QuickstepLauncher m=0x108000 userHandle=UserHandle{0}}=0 , vs ResolveInfo{ecf0ba4 com.android.settings/.FallbackHome p=-1000 m=0x108000 userHandle=UserHandle{0}}=-1000
04-12 20:39:55.128003  1706  2810 E PMS-OPEN: return higher priority, ri = ResolveInfo{55aca37 com.transsion.launcher3/com.android.launcher3.uioverrides.QuickstepLauncher m=0x108000 userHandle=UserHandle{0}}
04-12 20:39:55.128811  1706  2266 I PMS-OPEN: intent = Intent { act=android.intent.action.MAIN cat=[android.intent.category.HOME] }, n = 2, final suggPkg = null, openWith = false
04-12 20:39:55.128884  1706  2266 D PMS-OPEN: ResolveInfo{88c1d0d com.transsion.launcher3/com.android.launcher3.uioverrides.QuickstepLauncher m=0x108000 userHandle=UserHandle{0}}=0 , vs ResolveInfo{99084c2 com.android.settings/.FallbackHome p=-1000 m=0x108000 userHandle=UserHandle{0}}=-1000
04-12 20:39:55.128898  1706  2266 E PMS-OPEN: return higher priority, ri = ResolveInfo{88c1d0d com.transsion.launcher3/com.android.launcher3.uioverrides.QuickstepLauncher m=0x108000 userHandle=UserHandle{0}}
04-12 20:39:55.129268  2707  3247 D NotificationRowContentBinder: async task for 0|com.google.android.gms|1000|a:GMSCORE_STORE_RENDERER:11be35c183260000:107718207925398475592|10232: creating expanded remote view
04-12 20:39:55.129555  2707  3247 D SystemUINotificationLice: setThunderButtonVisibleNeeded Notification(channel=com.google.android.gms.notifications::SECURITY_ALERTS shortcut=null contentView=null vibrate=null sound=null tick defaults=0 flags=LOCAL_ONLY color=0x00000000 actions=1 vis=PRIVATE publicVersion=Notification(channel=null shortcut=null contentView=null vibrate=null sound=null defaults=0 flags=0 color=0x00000000 vis=PRIVATE))
04-12 20:39:55.129591  1706  2266 I PMS-OPEN: intent = Intent { act=android.intent.action.MAIN cat=[android.intent.category.HOME] }, n = 2, final suggPkg = null, openWith = false
04-12 20:39:55.129627  1706  2266 D PMS-OPEN: ResolveInfo{b07d2d3 com.transsion.launcher3/com.android.launcher3.uioverrides.QuickstepLauncher m=0x108000 userHandle=UserHandle{0}}=0 , vs ResolveInfo{6c33e10 com.android.settings/.FallbackHome p=-1000 m=0x108000 userHandle=UserHandle{0}}=-1000
04-12 20:39:55.129637  1706  2266 E PMS-OPEN: return higher priority, ri = ResolveInfo{b07d2d3 com.transsion.launcher3/com.android.launcher3.uioverrides.QuickstepLauncher m=0x108000 userHandle=UserHandle{0}}
04-12 20:39:55.129840  1077  1148 I libPerfCtl: xgfGetFPS pid:1706 fps:-1
04-12 20:39:55.129911  1077  1148 I libPerfCtl: xgfGetFPS pid:2707 fps:-1
04-12 20:39:55.129915  1077  1148 I libPerfCtl: xgfGetFPS pid:5140 fps:-1
04-12 20:39:55.130423  2707  3247 D SystemUINotificationLice: updateButtonVisibleIfNeeded Notification(channel=com.google.android.gms.notifications::SECURITY_ALERTS shortcut=null contentView=null vibrate=null sound=null tick defaults=0 flags=LOCAL_ONLY color=0x00000000 actions=1 vis=PRIVATE publicVersion=Notification(channel=null shortcut=null contentView=null vibrate=null sound=null defaults=0 flags=0 color=0x00000000 vis=PRIVATE))
04-12 20:39:55.131120  2707  3247 D SystemUINotificationLice: setThunderButtonVisibleNeeded Notification(channel=com.google.android.gms.notifications::SECURITY_ALERTS shortcut=null contentView=null vibrate=null sound=null tick defaults=0 flags=LOCAL_ONLY color=0x00000000 actions=1 vis=PRIVATE publicVersion=Notification(channel=null shortcut=null contentView=null vibrate=null sound=null defaults=0 flags=0 color=0x00000000 vis=PRIVATE))
04-12 20:39:55.131683  4818  4818 I BleScanTool: TransConnect:Apple serviceDate UUID : [0000180a-0000-1000-8000-00805f9b34fb, 0000fd35-0000-1000-8000-00805f9b34fb]
04-12 20:39:55.131719  4818  4818 I BleScanTool: TransConnect:Apple serviceDate serviceName : ZERO_BOOK_13
04-12 20:39:55.131726  4818  4818 I BleScanTool: TransConnect:Apple serviceDate size : 12
04-12 20:39:55.131794  4818  4818 I BleScanTool: TransConnect:The first 10 characters contain non-hexadecimal characters: ZERO_BOOK_
04-12 20:39:55.131988  2707  3247 D SystemUINotificationLice: updateButtonVisibleIfNeeded Notification(channel=com.google.android.gms.notifications::SECURITY_ALERTS shortcut=null contentView=null vibrate=null sound=null tick defaults=0 flags=LOCAL_ONLY color=0x00000000 actions=1 vis=PRIVATE publicVersion=Notification(channel=null shortcut=null contentView=null vibrate=null sound=null defaults=0 flags=0 color=0x00000000 vis=PRIVATE))
04-12 20:39:55.132451  1706  2810 I PMS-OPEN: intent = Intent { act=android.intent.action.MAIN cat=[android.intent.category.HOME] }, n = 2, final suggPkg = null, openWith = false
04-12 20:39:55.132622  8675  8675 I SetupWizard: [hef] Start loading FRP status
04-12 20:39:55.132833  1706  2810 D PMS-OPEN: ResolveInfo{e6a7d09 com.transsion.launcher3/com.android.launcher3.uioverrides.QuickstepLauncher m=0x108000 userHandle=UserHandle{0}}=0 , vs ResolveInfo{3662b0e com.android.settings/.FallbackHome p=-1000 m=0x108000 userHandle=UserHandle{0}}=-1000
04-12 20:39:55.132969  1706  2810 E PMS-OPEN: return higher priority, ri = ResolveInfo{e6a7d09 com.transsion.launcher3/com.android.launcher3.uioverrides.QuickstepLauncher m=0x108000 userHandle=UserHandle{0}}
04-12 20:39:55.133096  2707  3247 D NotificationRowContentBinder: async task for 0|com.google.android.gms|1000|a:GMSCORE_STORE_RENDERER:11be35c183260000:107718207925398475592|10232: getting existing smart reply state (on wrong thread!)
04-12 20:39:55.133149  2707  3247 D NotificationRowContentBinder: async task for 0|com.google.android.gms|1000|a:GMSCORE_STORE_RENDERER:11be35c183260000:107718207925398475592|10232: inflating smart reply views
04-12 20:39:55.133169  2707  3247 D NotificationRowContentBinder: async task for 0|com.google.android.gms|1000|a:GMSCORE_STORE_RENDERER:11be35c183260000:107718207925398475592|10232: inflating contracted smart reply state
04-12 20:39:55.133200  2707  3247 D NotificationRowContentBinder: async task for 0|com.google.android.gms|1000|a:GMSCORE_STORE_RENDERER:11be35c183260000:107718207925398475592|10232: inflating expanded smart reply state
04-12 20:39:55.133224  2707  3247 D NotificationRowContentBinder: async task for 0|com.google.android.gms|1000|a:GMSCORE_STORE_RENDERER:11be35c183260000:107718207925398475592|10232: inflating single line view
04-12 20:39:55.133238  2707  3247 D NotificationRowContentBinder: async task for 0|com.google.android.gms|1000|a:GMSCORE_STORE_RENDERER:11be35c183260000:107718207925398475592|10232: inflating public single line view
04-12 20:39:55.133247  2707  3247 D NotificationRowContentBinder: async task for 0|com.google.android.gms|1000|a:GMSCORE_STORE_RENDERER:11be35c183260000:107718207925398475592|10232: loading RON images
04-12 20:39:55.133256  2707  3247 D NotificationRowContentBinder: async task for 0|com.google.android.gms|1000|a:GMSCORE_STORE_RENDERER:11be35c183260000:107718207925398475592|10232: getting row image resolver (on wrong thread!)
04-12 20:39:55.133280  2707  3247 D NotificationRowContentBinder: async task for 0|com.google.android.gms|1000|a:GMSCORE_STORE_RENDERER:11be35c183260000:107718207925398475592|10232: waiting for preloaded images
04-12 20:39:55.134198  2707  2707 D NotificationRowContentBinder: async task for 0|com.google.android.gms|1000|a:GMSCORE_STORE_RENDERER:11be35c183260000:107718207925398475592|10232: applying contracted view
04-12 20:39:55.134499  1706  4208 I PMS-OPEN: intent = Intent { act=android.intent.action.MAIN cat=[android.intent.category.HOME] }, n = 2, final suggPkg = null, openWith = false
04-12 20:39:55.134543  1706  4208 D PMS-OPEN: ResolveInfo{e72c92f com.transsion.launcher3/com.android.launcher3.uioverrides.QuickstepLauncher m=0x108000 userHandle=UserHandle{0}}=0 , vs ResolveInfo{9862b3c com.android.settings/.FallbackHome p=-1000 m=0x108000 userHandle=UserHandle{0}}=-1000
04-12 20:39:55.134555  1706  4208 E PMS-OPEN: return higher priority, ri = ResolveInfo{e72c92f com.transsion.launcher3/com.android.launcher3.uioverrides.QuickstepLauncher m=0x108000 userHandle=UserHandle{0}}
04-12 20:39:55.134696  4818  5722 W SmartConnectWrapper: TransConnect:New Device is Non-connectable, conflict with connectable device
04-12 20:39:55.134741  4818  5722 E SmartConnectWrapper: TransConnect:Can't find connectable device in list, ignore
04-12 20:39:55.135198  8675  8675 E ashmem  : Pinning is deprecated since Android Q. Please use trim or other methods.
04-12 20:39:55.135201  2707  2707 D NotificationRowContentBinder: async task for 0|com.google.android.gms|1000|a:GMSCORE_STORE_RENDERER:11be35c183260000:107718207925398475592|10232: applying expanded view
04-12 20:39:55.135262  1706  4208 I PMS-OPEN: intent = Intent { act=android.intent.action.MAIN cat=[android.intent.category.HOME] }, n = 2, final suggPkg = null, openWith = false
04-12 20:39:55.135317  1706  4208 D PMS-OPEN: ResolveInfo{9e08de6 com.transsion.launcher3/com.android.launcher3.uioverrides.QuickstepLauncher m=0x108000 userHandle=UserHandle{0}}=0 , vs ResolveInfo{5bcaf27 com.android.settings/.FallbackHome p=-1000 m=0x108000 userHandle=UserHandle{0}}=-1000
04-12 20:39:55.135327  1706  4208 E PMS-OPEN: return higher priority, ri = ResolveInfo{9e08de6 com.transsion.launcher3/com.android.launcher3.uioverrides.QuickstepLauncher m=0x108000 userHandle=UserHandle{0}}
04-12 20:39:55.135635  8675  8675 I SetupWizard: [hef] frpStatus=supported=true challengeRequired=false duration=0ms
04-12 20:39:55.136010  1706  4208 I PMS-OPEN: intent = Intent { act=android.intent.action.MAIN cat=[android.intent.category.HOME] }, n = 2, final suggPkg = null, openWith = false
04-12 20:39:55.136066  1706  4208 D PMS-OPEN: ResolveInfo{ddea5d4 com.transsion.launcher3/com.android.launcher3.uioverrides.QuickstepLauncher m=0x108000 userHandle=UserHandle{0}}=0 , vs ResolveInfo{44b637d com.android.settings/.FallbackHome p=-1000 m=0x108000 userHandle=UserHandle{0}}=-1000
04-12 20:39:55.136078  1706  4208 E PMS-OPEN: return higher priority, ri = ResolveInfo{ddea5d4 com.transsion.launcher3/com.android.launcher3.uioverrides.QuickstepLauncher m=0x108000 userHandle=UserHandle{0}}
04-12 20:39:55.136994  1706  4208 I PMS-OPEN: intent = Intent { act=android.intent.action.MAIN cat=[android.intent.category.HOME] }, n = 2, final suggPkg = null, openWith = false
04-12 20:39:55.137066  1706  4208 D PMS-OPEN: ResolveInfo{afba79 com.transsion.launcher3/com.android.launcher3.uioverrides.QuickstepLauncher m=0x108000 userHandle=UserHandle{0}}=0 , vs ResolveInfo{83973be com.android.settings/.FallbackHome p=-1000 m=0x108000 userHandle=UserHandle{0}}=-1000
04-12 20:39:55.137079  1706  4208 E PMS-OPEN: return higher priority, ri = ResolveInfo{afba79 com.transsion.launcher3/com.android.launcher3.uioverrides.QuickstepLauncher m=0x108000 userHandle=UserHandle{0}}
04-12 20:39:55.138087  1706  4208 I PMS-OPEN: intent = Intent { act=android.intent.action.MAIN cat=[android.intent.category.HOME] }, n = 2, final suggPkg = null, openWith = false
04-12 20:39:55.138147  1706  4208 D PMS-OPEN: ResolveInfo{4ae5c1f com.transsion.launcher3/com.android.launcher3.uioverrides.QuickstepLauncher m=0x108000 userHandle=UserHandle{0}}=0 , vs ResolveInfo{d48db6c com.android.settings/.FallbackHome p=-1000 m=0x108000 userHandle=UserHandle{0}}=-1000
04-12 20:39:55.138162  1706  4208 E PMS-OPEN: return higher priority, ri = ResolveInfo{4ae5c1f com.transsion.launcher3/com.android.launcher3.uioverrides.QuickstepLauncher m=0x108000 userHandle=UserHandle{0}}
04-12 20:39:55.139671  1706  4208 I PMS-OPEN: intent = Intent { act=android.intent.action.MAIN cat=[android.intent.category.HOME] }, n = 2, final suggPkg = null, openWith = false
04-12 20:39:55.140161  1706  4208 D PMS-OPEN: ResolveInfo{d150dca com.transsion.launcher3/com.android.launcher3.uioverrides.QuickstepLauncher m=0x108000 userHandle=UserHandle{0}}=0 , vs ResolveInfo{669b3b com.android.settings/.FallbackHome p=-1000 m=0x108000 userHandle=UserHandle{0}}=-1000
04-12 20:39:55.140564  1706  4208 E PMS-OPEN: return higher priority, ri = ResolveInfo{d150dca com.transsion.launcher3/com.android.launcher3.uioverrides.QuickstepLauncher m=0x108000 userHandle=UserHandle{0}}
04-12 20:39:55.142960  1025  1064 I netd    : socketDestroy([UidRangeParcel{start: 10160, stop: 10160}], []) <0.83ms>
04-12 20:39:55.143759  1706  2810 D TranNetworkManagementServiceMultiLinkImpl: linkTurb destorySocketByUid  uid :10160
04-12 20:39:55.145298  1706  2810 I PMS-OPEN: intent = Intent { act=android.intent.action.MAIN cat=[android.intent.category.HOME] }, n = 2, final suggPkg = null, openWith = false
04-12 20:39:55.145362  1706  2810 D PMS-OPEN: ResolveInfo{55e3c96 com.transsion.launcher3/com.android.launcher3.uioverrides.QuickstepLauncher m=0x108000 userHandle=UserHandle{0}}=0 , vs ResolveInfo{199b017 com.android.settings/.FallbackHome p=-1000 m=0x108000 userHandle=UserHandle{0}}=-1000
04-12 20:39:55.145374  1706  2810 E PMS-OPEN: return higher priority, ri = ResolveInfo{55e3c96 com.transsion.launcher3/com.android.launcher3.uioverrides.QuickstepLauncher m=0x108000 userHandle=UserHandle{0}}
04-12 20:39:55.146335  1706  2266 I PMS-OPEN: intent = Intent { act=android.intent.action.MAIN cat=[android.intent.category.HOME] }, n = 2, final suggPkg = null, openWith = false
04-12 20:39:55.146384  2707  3247 W Paint   : The elegant text height cannot be turned off.
04-12 20:39:55.146403  1706  2266 D PMS-OPEN: ResolveInfo{ae12c04 com.transsion.launcher3/com.android.launcher3.uioverrides.QuickstepLauncher m=0x108000 userHandle=UserHandle{0}}=0 , vs ResolveInfo{c6125ed com.android.settings/.FallbackHome p=-1000 m=0x108000 userHandle=UserHandle{0}}=-1000
04-12 20:39:55.146419  1706  2266 E PMS-OPEN: return higher priority, ri = ResolveInfo{ae12c04 com.transsion.launcher3/com.android.launcher3.uioverrides.QuickstepLauncher m=0x108000 userHandle=UserHandle{0}}
04-12 20:39:55.147192  4049  4094 I CardEmulationManager: isServiceRegistered: userId(0), service(ComponentInfo{com.google.android.gms/com.google.android.gms.pay.hce.service.PayHceService})
04-12 20:39:55.147409  1706  2266 I PMS-OPEN: intent = Intent { act=android.intent.action.MAIN cat=[android.intent.category.HOME] }, n = 2, final suggPkg = null, openWith = false
04-12 20:39:55.147449  1706  2266 D PMS-OPEN: ResolveInfo{1398c22 com.transsion.launcher3/com.android.launcher3.uioverrides.QuickstepLauncher m=0x108000 userHandle=UserHandle{0}}=0 , vs ResolveInfo{27f36b3 com.android.settings/.FallbackHome p=-1000 m=0x108000 userHandle=UserHandle{0}}=-1000
04-12 20:39:55.147459  1706  2266 E PMS-OPEN: return higher priority, ri = ResolveInfo{1398c22 com.transsion.launcher3/com.android.launcher3.uioverrides.QuickstepLauncher m=0x108000 userHandle=UserHandle{0}}
04-12 20:39:55.147467  4049  8282 I CardEmulationManager: isServiceRegistered: serviceFound=true
04-12 20:39:55.147528  4049  4094 I CardEmulationManager: isServiceRegistered: end, serviceFound=true
04-12 20:39:55.147815  1706  2153 I system_server: AssetManager2(0xb400007710161cd8) locale list changing from [] to [zh-Hans-CN]
04-12 20:39:55.148447  3808  7672 I Pay     : (REDACTED) enabling component %s
04-12 20:39:55.148531  1706  2266 I PMS-OPEN: intent = Intent { act=android.intent.action.MAIN cat=[android.intent.category.HOME] }, n = 2, final suggPkg = null, openWith = false
04-12 20:39:55.148570  1706  2266 D PMS-OPEN: ResolveInfo{4eff79c com.transsion.launcher3/com.android.launcher3.uioverrides.QuickstepLauncher m=0x108000 userHandle=UserHandle{0}}=0 , vs ResolveInfo{64625a5 com.android.settings/.FallbackHome p=-1000 m=0x108000 userHandle=UserHandle{0}}=-1000
04-12 20:39:55.148579  1706  2266 E PMS-OPEN: return higher priority, ri = ResolveInfo{4eff79c com.transsion.launcher3/com.android.launcher3.uioverrides.QuickstepLauncher m=0x108000 userHandle=UserHandle{0}}
04-12 20:39:55.149249  4049  4094 I CardEmulationManager: isServiceRegistered: userId(0), service(ComponentInfo{com.google.android.gms/com.google.android.gms.pay.hce.service.PayHceService})
04-12 20:39:55.149349  1706  2266 I PMS-OPEN: intent = Intent { act=android.intent.action.MAIN cat=[android.intent.category.HOME] }, n = 2, final suggPkg = null, openWith = false
04-12 20:39:55.149403  1706  2266 D PMS-OPEN: ResolveInfo{bf0cd07 com.transsion.launcher3/com.android.launcher3.uioverrides.QuickstepLauncher m=0x108000 userHandle=UserHandle{0}}=0 , vs ResolveInfo{e699e34 com.android.settings/.FallbackHome p=-1000 m=0x108000 userHandle=UserHandle{0}}=-1000
04-12 20:39:55.149411  1706  2266 E PMS-OPEN: return higher priority, ri = ResolveInfo{bf0cd07 com.transsion.launcher3/com.android.launcher3.uioverrides.QuickstepLauncher m=0x108000 userHandle=UserHandle{0}}
04-12 20:39:55.149548  4049  4737 I CardEmulationManager: isServiceRegistered: serviceFound=true
04-12 20:39:55.149791  4049  4094 I CardEmulationManager: isServiceRegistered: end, serviceFound=true
04-12 20:39:55.150139  1706  2810 I PMS-OPEN: intent = Intent { act=android.intent.action.MAIN cat=[android.intent.category.HOME] }, n = 2, final suggPkg = null, openWith = false
04-12 20:39:55.150323  1706  2810 D PMS-OPEN: ResolveInfo{c4da91e com.transsion.launcher3/com.android.launcher3.uioverrides.QuickstepLauncher m=0x108000 userHandle=UserHandle{0}}=0 , vs ResolveInfo{86e7fcc com.android.settings/.FallbackHome p=-1000 m=0x108000 userHandle=UserHandle{0}}=-1000
04-12 20:39:55.150381  1706  2810 E PMS-OPEN: return higher priority, ri = ResolveInfo{c4da91e com.transsion.launcher3/com.android.launcher3.uioverrides.QuickstepLauncher m=0x108000 userHandle=UserHandle{0}}
04-12 20:39:55.150415  1706  2153 D TranLedControllerTOS16: hookNotificationLed pkg=com.google.android.gms uid=10232 mStatus=0 mScreenState=2 notificationChannelId=com.google.android.gms.notifications::SECURITY_ALERTS
04-12 20:39:55.150431  1706  2153 D TranLedControllerTOS16: Screen is up, skip Notification LED
04-12 20:39:55.151324  1706  2810 I PMS-OPEN: intent = Intent { act=android.intent.action.MAIN cat=[android.intent.category.HOME] }, n = 2, final suggPkg = null, openWith = false
04-12 20:39:55.151361  1706  2810 D PMS-OPEN: ResolveInfo{99a531b com.transsion.launcher3/com.android.launcher3.uioverrides.QuickstepLauncher m=0x108000 userHandle=UserHandle{0}}=0 , vs ResolveInfo{de9ccb8 com.android.settings/.FallbackHome p=-1000 m=0x108000 userHandle=UserHandle{0}}=-1000
04-12 20:39:55.151371  1706  2810 E PMS-OPEN: return higher priority, ri = ResolveInfo{99a531b com.transsion.launcher3/com.android.launcher3.uioverrides.QuickstepLauncher m=0x108000 userHandle=UserHandle{0}}
04-12 20:39:55.152239  1706  2810 I PMS-OPEN: intent = Intent { act=android.intent.action.MAIN cat=[android.intent.category.HOME] }, n = 2, final suggPkg = null, openWith = false
04-12 20:39:55.152275  1706  2810 D PMS-OPEN: ResolveInfo{73c6a91 com.transsion.launcher3/com.android.launcher3.uioverrides.QuickstepLauncher m=0x108000 userHandle=UserHandle{0}}=0 , vs ResolveInfo{a57bdf6 com.android.settings/.FallbackHome p=-1000 m=0x108000 userHandle=UserHandle{0}}=-1000
04-12 20:39:55.152284  1706  2810 E PMS-OPEN: return higher priority, ri = ResolveInfo{73c6a91 com.transsion.launcher3/com.android.launcher3.uioverrides.QuickstepLauncher m=0x108000 userHandle=UserHandle{0}}
04-12 20:39:55.152551  2707  2707 D os.DateTimeView: create at 2026-04-09T22:24:40.908, duration=252914244
04-12 20:39:55.152592  2707  2707 D os.DateTimeView: format type=3
04-12 20:39:55.152644  4049  4094 I RegisteredServicesCache: invalidateOther : 0
04-12 20:39:55.153151  2707  2707 D os.DateTimeView: pattern:EEEHH:mm, getLanguage=zh, getCountry=CN
04-12 20:39:55.153327  2707  2707 D os.DateTimeView: updateDateTimeViewText:周四 22:24 at 2026-04-12T20:39:55.152 lan:zh for 2026-04-09T22:24:40.908, next update after 2026-04-16T00:00:00.001
04-12 20:39:55.154131  1706  4205 I PMS-OPEN: intent = Intent { act=android.intent.action.MAIN cat=[android.intent.category.HOME] }, n = 2, final suggPkg = null, openWith = false
04-12 20:39:55.154188  4049  4094 I RegisteredServicesCache: invalidateOther: current user: 0, is managed profile : false
04-12 20:39:55.154213  1706  4205 D PMS-OPEN: ResolveInfo{46d7ad0 com.transsion.launcher3/com.android.launcher3.uioverrides.QuickstepLauncher m=0x108000 userHandle=UserHandle{0}}=0 , vs ResolveInfo{ae8dac9 com.android.settings/.FallbackHome p=-1000 m=0x108000 userHandle=UserHandle{0}}=-1000
04-12 20:39:55.154227  4049  4094 I RegisteredServicesCache: invalidateOther: New Services => 
04-12 20:39:55.154232  1706  4205 E PMS-OPEN: return higher priority, ri = ResolveInfo{46d7ad0 com.transsion.launcher3/com.android.launcher3.uioverrides.QuickstepLauncher m=0x108000 userHandle=UserHandle{0}}
04-12 20:39:55.154235  4049  4094 I RegisteredServicesCache: invalidateOther: Removed Services => 
04-12 20:39:55.154517  2707  2707 D os.notification: applyMultiBlendMode
04-12 20:39:55.154575  1706  2153 E system_server: No package ID 7f found for resource ID 0x7f010000.
04-12 20:39:55.154617  1706  2153 E system_server: No package ID 7f found for resource ID 0x7f020000.
04-12 20:39:55.154633  1706  2153 E system_server: No package ID 7f found for resource ID 0x7f030000.
04-12 20:39:55.154643  1706  2153 E system_server: No package ID 7f found for resource ID 0x7f040000.
04-12 20:39:55.154653  1706  2153 E system_server: No package ID 7f found for resource ID 0x7f050000.
04-12 20:39:55.154718  2707  2707 D NotificationRowContentBinder: async task for 0|com.google.android.gms|1000|a:GMSCORE_STORE_RENDERER:11be35c183260000:107718207925398475592|10232: contracted view applied
04-12 20:39:55.155350  1706  2810 I PMS-OPEN: intent = Intent { act=android.intent.action.MAIN cat=[android.intent.category.HOME] }, n = 2, final suggPkg = null, openWith = false
04-12 20:39:55.155393  1706  2810 D PMS-OPEN: ResolveInfo{1840da com.transsion.launcher3/com.android.launcher3.uioverrides.QuickstepLauncher m=0x108000 userHandle=UserHandle{0}}=0 , vs ResolveInfo{b2390b com.android.settings/.FallbackHome p=-1000 m=0x108000 userHandle=UserHandle{0}}=-1000
04-12 20:39:55.155403  1706  2810 E PMS-OPEN: return higher priority, ri = ResolveInfo{1840da com.transsion.launcher3/com.android.launcher3.uioverrides.QuickstepLauncher m=0x108000 userHandle=UserHandle{0}}
04-12 20:39:55.155783  4049  4094 I RegisteredAidCache: generateAidCacheLocked: In factory mode: false
04-12 20:39:55.155846  4049  4094 I AidRoutingManager: configureRouting: Added specific AID 0000000000000F
04-12 20:39:55.155866  2707  3247 W Paint   : The elegant text height cannot be turned off.
04-12 20:39:55.155883  4049  4094 I AidRoutingManager: configureRouting: Routing table unchanged, not updating
04-12 20:39:55.156004  1706  2810 I PMS-OPEN: intent = Intent { act=android.intent.action.MAIN cat=[android.intent.category.HOME] }, n = 2, final suggPkg = null, openWith = false
04-12 20:39:55.156035  1706  2810 D PMS-OPEN: ResolveInfo{2c5d3e8 com.transsion.launcher3/com.android.launcher3.uioverrides.QuickstepLauncher m=0x108000 userHandle=UserHandle{0}}=0 , vs ResolveInfo{23c1a01 com.android.settings/.FallbackHome p=-1000 m=0x108000 userHandle=UserHandle{0}}=-1000
04-12 20:39:55.156045  1706  2810 E PMS-OPEN: return higher priority, ri = ResolveInfo{2c5d3e8 com.transsion.launcher3/com.android.launcher3.uioverrides.QuickstepLauncher m=0x108000 userHandle=UserHandle{0}}
04-12 20:39:55.158004  1706  4208 I PMS-OPEN: intent = Intent { act=android.intent.action.MAIN cat=[android.intent.category.HOME] }, n = 2, final suggPkg = null, openWith = false
04-12 20:39:55.158103  1706  4208 D PMS-OPEN: ResolveInfo{14990a6 com.transsion.launcher3/com.android.launcher3.uioverrides.QuickstepLauncher m=0x108000 userHandle=UserHandle{0}}=0 , vs ResolveInfo{cc95ae7 com.android.settings/.FallbackHome p=-1000 m=0x108000 userHandle=UserHandle{0}}=-1000
04-12 20:39:55.158118  1706  4208 E PMS-OPEN: return higher priority, ri = ResolveInfo{14990a6 com.transsion.launcher3/com.android.launcher3.uioverrides.QuickstepLauncher m=0x108000 userHandle=UserHandle{0}}
04-12 20:39:55.160001  1706  4205 I PMS-OPEN: intent = Intent { act=android.intent.action.MAIN cat=[android.intent.category.HOME] }, n = 2, final suggPkg = null, openWith = false
04-12 20:39:55.160664  2360  2413 I Usf_appStateManager: uid: 10232    packageName:com.google.android.gms ,isProgressing:true
04-12 20:39:55.160687  2360  2413 I Usf_appStateManager: uid: 10232    packageName:com.google.android.gms ,isProgressing:false
04-12 20:39:55.162492  1706  4205 D PMS-OPEN: ResolveInfo{1184694 com.transsion.launcher3/com.android.launcher3.uioverrides.QuickstepLauncher m=0x108000 userHandle=UserHandle{0}}=0 , vs ResolveInfo{74f553d com.android.settings/.FallbackHome p=-1000 m=0x108000 userHandle=UserHandle{0}}=-1000
04-12 20:39:55.162965  1706  4205 E PMS-OPEN: return higher priority, ri = ResolveInfo{1184694 com.transsion.launcher3/com.android.launcher3.uioverrides.QuickstepLauncher m=0x108000 userHandle=UserHandle{0}}
04-12 20:39:55.163316  2345  2345 D TAG_BadgeManager: onBadgeInfoChanged, newUpdateDots.size=1
04-12 20:39:55.163854  2345  2345 D TAG_BadgeManager: onBadgeInfoChanged, newUpdateDots.size=1
04-12 20:39:55.164622  4049  4049 I NfcService: handleMessage: MSG_PREFERRED_PAYMENT_CHANGED
04-12 20:39:55.164676  4049  4049 I NfcService: handleMessage: MSG_PREFERRED_PAYMENT_CHANGED
04-12 20:39:55.164835  4049  4490 I NfcService: sendPreferredPaymentChangedEventAsync: Intent { act=android.nfc.action.PREFERRED_PAYMENT_CHANGED flg=0x20 (has extras) }
04-12 20:39:55.164966  1706  2266 I PMS-OPEN: intent = Intent { act=android.intent.action.MAIN cat=[android.intent.category.HOME] }, n = 2, final suggPkg = null, openWith = false
04-12 20:39:55.165011  1706  2266 D PMS-OPEN: ResolveInfo{37d3800 com.transsion.launcher3/com.android.launcher3.uioverrides.QuickstepLauncher m=0x108000 userHandle=UserHandle{0}}=0 , vs ResolveInfo{3610839 com.android.settings/.FallbackHome p=-1000 m=0x108000 userHandle=UserHandle{0}}=-1000
04-12 20:39:55.165023  1706  2266 E PMS-OPEN: return higher priority, ri = ResolveInfo{37d3800 com.transsion.launcher3/com.android.launcher3.uioverrides.QuickstepLauncher m=0x108000 userHandle=UserHandle{0}}
04-12 20:39:55.165808  1706  4205 I PMS-OPEN: intent = Intent { act=android.intent.action.MAIN cat=[android.intent.category.HOME] }, n = 2, final suggPkg = null, openWith = false
04-12 20:39:55.165996  1706  4205 D PMS-OPEN: ResolveInfo{7dd42c com.transsion.launcher3/com.android.launcher3.uioverrides.QuickstepLauncher m=0x108000 userHandle=UserHandle{0}}=0 , vs ResolveInfo{240eef5 com.android.settings/.FallbackHome p=-1000 m=0x108000 userHandle=UserHandle{0}}=-1000
04-12 20:39:55.166023  1706  4205 E PMS-OPEN: return higher priority, ri = ResolveInfo{7dd42c com.transsion.launcher3/com.android.launcher3.uioverrides.QuickstepLauncher m=0x108000 userHandle=UserHandle{0}}
04-12 20:39:55.167796  1706  4205 I PMS-OPEN: intent = Intent { act=android.intent.action.MAIN cat=[android.intent.category.HOME] }, n = 2, final suggPkg = null, openWith = false
04-12 20:39:55.167877  1706  4205 D PMS-OPEN: ResolveInfo{1477afb com.transsion.launcher3/com.android.launcher3.uioverrides.QuickstepLauncher m=0x108000 userHandle=UserHandle{0}}=0 , vs ResolveInfo{c0a0718 com.android.settings/.FallbackHome p=-1000 m=0x108000 userHandle=UserHandle{0}}=-1000
04-12 20:39:55.167893  1706  4205 E PMS-OPEN: return higher priority, ri = ResolveInfo{1477afb com.transsion.launcher3/com.android.launcher3.uioverrides.QuickstepLauncher m=0x108000 userHandle=UserHandle{0}}
04-12 20:39:55.169433  1706  4200 I PMS-OPEN: intent = Intent { act=android.intent.action.MAIN cat=[android.intent.category.HOME] }, n = 2, final suggPkg = null, openWith = false
04-12 20:39:55.169493  1706  4200 D PMS-OPEN: ResolveInfo{2fe8571 com.transsion.launcher3/com.android.launcher3.uioverrides.QuickstepLauncher m=0x108000 userHandle=UserHandle{0}}=0 , vs ResolveInfo{96d6f56 com.android.settings/.FallbackHome p=-1000 m=0x108000 userHandle=UserHandle{0}}=-1000
04-12 20:39:55.169504  1706  4200 E PMS-OPEN: return higher priority, ri = ResolveInfo{2fe8571 com.transsion.launcher3/com.android.launcher3.uioverrides.QuickstepLauncher m=0x108000 userHandle=UserHandle{0}}
04-12 20:39:55.170177  2707  2707 D os.DateTimeView: create at 2026-04-09T22:24:40.908, duration=252914262
04-12 20:39:55.170220  1706  4200 I PMS-OPEN: intent = Intent { act=android.intent.action.MAIN cat=[android.intent.category.HOME] }, n = 2, final suggPkg = null, openWith = false
04-12 20:39:55.170257  1706  4200 D PMS-OPEN: ResolveInfo{e08cbd7 com.transsion.launcher3/com.android.launcher3.uioverrides.QuickstepLauncher m=0x108000 userHandle=UserHandle{0}}=0 , vs ResolveInfo{7247cc4 com.android.settings/.FallbackHome p=-1000 m=0x108000 userHandle=UserHandle{0}}=-1000
04-12 20:39:55.170266  1706  4200 E PMS-OPEN: return higher priority, ri = ResolveInfo{e08cbd7 com.transsion.launcher3/com.android.launcher3.uioverrides.QuickstepLauncher m=0x108000 userHandle=UserHandle{0}}
04-12 20:39:55.170985  1706  4200 I PMS-OPEN: intent = Intent { act=android.intent.action.MAIN cat=[android.intent.category.HOME] }, n = 2, final suggPkg = null, openWith = false
04-12 20:39:55.171026  1706  4200 D PMS-OPEN: ResolveInfo{e92ae2 com.transsion.launcher3/com.android.launcher3.uioverrides.QuickstepLauncher m=0x108000 userHandle=UserHandle{0}}=0 , vs ResolveInfo{b244e73 com.android.settings/.FallbackHome p=-1000 m=0x108000 userHandle=UserHandle{0}}=-1000
04-12 20:39:55.171039  1706  4200 E PMS-OPEN: return higher priority, ri = ResolveInfo{e92ae2 com.transsion.launcher3/com.android.launcher3.uioverrides.QuickstepLauncher m=0x108000 userHandle=UserHandle{0}}
04-12 20:39:55.171687  1706  4200 I PMS-OPEN: intent = Intent { act=android.intent.action.MAIN cat=[android.intent.category.HOME] }, n = 2, final suggPkg = null, openWith = false
04-12 20:39:55.171729  1706  4200 D PMS-OPEN: ResolveInfo{7b771a9 com.transsion.launcher3/com.android.launcher3.uioverrides.QuickstepLauncher m=0x108000 userHandle=UserHandle{0}}=0 , vs ResolveInfo{f73132e com.android.settings/.FallbackHome p=-1000 m=0x108000 userHandle=UserHandle{0}}=-1000
04-12 20:39:55.171741  1706  4200 E PMS-OPEN: return higher priority, ri = ResolveInfo{7b771a9 com.transsion.launcher3/com.android.launcher3.uioverrides.QuickstepLauncher m=0x108000 userHandle=UserHandle{0}}
04-12 20:39:55.172040  4049  4490 I NfcService: sendPreferredPaymentChangedEventAsync: Intent { act=android.nfc.action.PREFERRED_PAYMENT_CHANGED flg=0x20 (has extras) }
04-12 20:39:55.172582  1706  2810 I PMS-OPEN: intent = Intent { act=android.intent.action.MAIN cat=[android.intent.category.HOME] }, n = 2, final suggPkg = null, openWith = false
04-12 20:39:55.172645  1706  2810 D PMS-OPEN: ResolveInfo{76b5ecf com.transsion.launcher3/com.android.launcher3.uioverrides.QuickstepLauncher m=0x108000 userHandle=UserHandle{0}}=0 , vs ResolveInfo{2b4a05c com.android.settings/.FallbackHome p=-1000 m=0x108000 userHandle=UserHandle{0}}=-1000
04-12 20:39:55.172657  1706  2810 E PMS-OPEN: return higher priority, ri = ResolveInfo{76b5ecf com.transsion.launcher3/com.android.launcher3.uioverrides.QuickstepLauncher m=0x108000 userHandle=UserHandle{0}}
04-12 20:39:55.173447  1706  2810 I PMS-OPEN: intent = Intent { act=android.intent.action.MAIN cat=[android.intent.category.HOME] }, n = 2, final suggPkg = null, openWith = false
04-12 20:39:55.173472  2707  2707 D os.DateTimeView: format type=3
04-12 20:39:55.173492  1706  2810 D PMS-OPEN: ResolveInfo{2ec7f65 com.transsion.launcher3/com.android.launcher3.uioverrides.QuickstepLauncher m=0x108000 userHandle=UserHandle{0}}=0 , vs ResolveInfo{aa1343a com.android.settings/.FallbackHome p=-1000 m=0x108000 userHandle=UserHandle{0}}=-1000
04-12 20:39:55.173506  1706  2810 E PMS-OPEN: return higher priority, ri = ResolveInfo{2ec7f65 com.transsion.launcher3/com.android.launcher3.uioverrides.QuickstepLauncher m=0x108000 userHandle=UserHandle{0}}
04-12 20:39:55.173586  2707  2707 D os.DateTimeView: pattern:EEEHH:mm, getLanguage=zh, getCountry=CN
04-12 20:39:55.173731  2707  2707 D os.DateTimeView: updateDateTimeViewText:周四 22:24 at 2026-04-12T20:39:55.170 lan:zh for 2026-04-09T22:24:40.908, next update after 2026-04-16T00:00:00.001
04-12 20:39:55.174198  2707  2707 D os.notification: applyMultiBlendMode
04-12 20:39:55.174629  1706  4200 I PMS-OPEN: intent = Intent { act=android.intent.action.MAIN cat=[android.intent.category.HOME] }, n = 2, final suggPkg = null, openWith = false
04-12 20:39:55.174673  1706  4200 D PMS-OPEN: ResolveInfo{36918eb com.transsion.launcher3/com.android.launcher3.uioverrides.QuickstepLauncher m=0x108000 userHandle=UserHandle{0}}=0 , vs ResolveInfo{a196648 com.android.settings/.FallbackHome p=-1000 m=0x108000 userHandle=UserHandle{0}}=-1000
04-12 20:39:55.174684  1706  4200 E PMS-OPEN: return higher priority, ri = ResolveInfo{36918eb com.transsion.launcher3/com.android.launcher3.uioverrides.QuickstepLauncher m=0x108000 userHandle=UserHandle{0}}
04-12 20:39:55.175094  2707  2707 D NotificationRowContentBinder: async task for 0|com.google.android.gms|1000|a:GMSCORE_STORE_RENDERER:11be35c183260000:107718207925398475592|10232: expanded view applied
04-12 20:39:55.175123  2707  2707 D NotificationRowContentBinder: async task for 0|com.google.android.gms|1000|a:GMSCORE_STORE_RENDERER:11be35c183260000:107718207925398475592|10232: finishing
04-12 20:39:55.175258  2707  2707 D TrNotificationHeaderViewWrapper: updateIcon: not support replace icon
04-12 20:39:55.175379  2707  2707 I TranFlags: isTravelChargeEnable() true
04-12 20:39:55.175513  2707  2707 D TrNotificationHeaderViewWrapper: updateIcon: not support replace icon
04-12 20:39:55.175561  2707  2707 I TranFlags: isTravelChargeEnable() true
04-12 20:39:55.175697  2707  2707 D game/all: updateBackgroundPublicIfGameMode: superGameHeadsUp mShouldPeek = false  isGameHeadsUp = false  mIsHeadsUp = false, isGameHeadsUpExtra = false
04-12 20:39:55.175710  2707  2707 D game/all: updateBackgroundPublicIfGameMode: this:0|com.google.android.gms|1000|a:GMSCORE_STORE_RENDERER:11be35c183260000:107718207925398475592|10232
04-12 20:39:55.176922  1361  8518 E MobileLogD: Fail to open /proc/last_kmsg, No such file or directory(2)
04-12 20:39:55.176960  1706  2810 I PMS-OPEN: intent = Intent { act=android.intent.action.MAIN cat=[android.intent.category.HOME] }, n = 2, final suggPkg = null, openWith = false
04-12 20:39:55.177002  1706  2810 D PMS-OPEN: ResolveInfo{33e58c7 com.transsion.launcher3/com.android.launcher3.uioverrides.QuickstepLauncher m=0x108000 userHandle=UserHandle{0}}=0 , vs ResolveInfo{1829ef4 com.android.settings/.FallbackHome p=-1000 m=0x108000 userHandle=UserHandle{0}}=-1000
04-12 20:39:55.177014  1706  2810 E PMS-OPEN: return higher priority, ri = ResolveInfo{33e58c7 com.transsion.launcher3/com.android.launcher3.uioverrides.QuickstepLauncher m=0x108000 userHandle=UserHandle{0}}
04-12 20:39:55.177966  1706  2266 I PMS-OPEN: intent = Intent { act=android.intent.action.MAIN cat=[android.intent.category.HOME] }, n = 2, final suggPkg = null, openWith = false
04-12 20:39:55.178012  2347  5626 I NetworkScheduler.Stats: (REDACTED) Task %s/%s finished executing. cause:%s result: %s elapsed_millis: %s uptime_millis: %s exec_start_elapsed_seconds: %s
04-12 20:39:55.178026  1706  2266 D PMS-OPEN: ResolveInfo{23dba63 com.transsion.launcher3/com.android.launcher3.uioverrides.QuickstepLauncher m=0x108000 userHandle=UserHandle{0}}=0 , vs ResolveInfo{ea4b660 com.android.settings/.FallbackHome p=-1000 m=0x108000 userHandle=UserHandle{0}}=-1000
04-12 20:39:55.178037  1706  2266 E PMS-OPEN: return higher priority, ri = ResolveInfo{23dba63 com.transsion.launcher3/com.android.launcher3.uioverrides.QuickstepLauncher m=0x108000 userHandle=UserHandle{0}}
04-12 20:39:55.178957  1706  2266 I PMS-OPEN: intent = Intent { act=android.intent.action.MAIN cat=[android.intent.category.HOME] }, n = 2, final suggPkg = null, openWith = false
04-12 20:39:55.179091  1706  2266 D PMS-OPEN: ResolveInfo{9f31719 com.transsion.launcher3/com.android.launcher3.uioverrides.QuickstepLauncher m=0x108000 userHandle=UserHandle{0}}=0 , vs ResolveInfo{3e0a3de com.android.settings/.FallbackHome p=-1000 m=0x108000 userHandle=UserHandle{0}}=-1000
04-12 20:39:55.179175  1706  2266 E PMS-OPEN: return higher priority, ri = ResolveInfo{9f31719 com.transsion.launcher3/com.android.launcher3.uioverrides.QuickstepLauncher m=0x108000 userHandle=UserHandle{0}}
04-12 20:39:55.179332  2707  2707 I TranFlags: isTravelChargeEnable() true
04-12 20:39:55.179387  1361  8518 I MobileLogD: dump /data/debuglogger/console-ramoops-0
04-12 20:39:55.179587  3866  3866 D Kolun_AI.SN_NotificationMonitor: [16.02.00.006]onNotificationPosted flags: 131328
04-12 20:39:55.179647  3866  3866 D Kolun_AI.SN_SmartNotificationConfig: [16.02.00.006]timeDiff:49426360 needRequestRemote:false
04-12 20:39:55.179954  2707  2707 I TranFlags: isTravelChargeEnable() true
04-12 20:39:55.180098  2707  2707 I SysUI(260302)_TrNotificationMenuRow:  onNotificationUpdated return by mMenuContainer is null.
04-12 20:39:55.180264  1706  4205 I PMS-OPEN: intent = Intent { act=android.intent.action.MAIN cat=[android.intent.category.HOME] }, n = 2, final suggPkg = null, openWith = false
04-12 20:39:55.180303  1706  4205 D PMS-OPEN: ResolveInfo{44799bf com.transsion.launcher3/com.android.launcher3.uioverrides.QuickstepLauncher m=0x108000 userHandle=UserHandle{0}}=0 , vs ResolveInfo{c0ed88c com.android.settings/.FallbackHome p=-1000 m=0x108000 userHandle=UserHandle{0}}=-1000
04-12 20:39:55.180311  1706  4205 E PMS-OPEN: return higher priority, ri = ResolveInfo{44799bf com.transsion.launcher3/com.android.launcher3.uioverrides.QuickstepLauncher m=0x108000 userHandle=UserHandle{0}}
04-12 20:39:55.180434  2707  2707 I NotifBindPipeline: Finished pipeline for notif 0|com.google.android.gms|1000|a:GMSCORE_STORE_RENDERER:11be35c183260000:107718207925398475592|10232 with 1 callbacks
04-12 20:39:55.180465  2707  2707 D NotificationRowBinder: rebind complete for 0|com.google.android.gms|1000|a:GMSCORE_STORE_RENDERER:11be35c183260000:107718207925398475592|10232
04-12 20:39:55.180485  2707  2707 D PreparationCoordinator: Inflation completed for notif 0|com.google.android.gms|1000|a:GMSCORE_STORE_RENDERER:11be35c183260000:107718207925398475592|10232
04-12 20:39:55.180586  2707  2707 D ShadeListBuilder: Invalidated while STATE_IDLE by Finalize NotifFilter "PreparationCoordinatorInflating" because onInflationFinished for 0|com.google.android.gms|1000|a:GMSCORE_STORE_RENDERER:11be35c183260000:107718207925398475592|10232
04-12 20:39:55.181332  2707  2707 I ShadeListBuilder: (Build 27) ATTACHED {0|com.google.android.gms|1000|a:GMSCORE_STORE_RENDERER:11be35c183260000:107718207925398475592|10232}
04-12 20:39:55.181353  2707  2707 I ShadeListBuilder: (Build 27)     Parent is {<root>}
04-12 20:39:55.181365  2707  2707 I ShadeListBuilder: (Build 27)     Filter changed: PreparationCoordinatorInflating -> null
04-12 20:39:55.181373  2707  2707 I ShadeListBuilder: (Build 27)     Section assigned: 7:5:Alerting
04-12 20:39:55.181399  2707  2707 D KeyguardCoordinator: UI showing unseen filter treatment: false
04-12 20:39:55.181432  2707  2707 I SysUI(260302)_OverviewSysUiProxyService:  isEnabled mIsEnabled false mIsFoldExpanded true
04-12 20:39:55.182945  1706  2266 I PMS-OPEN: intent = Intent { act=android.intent.action.MAIN cat=[android.intent.category.HOME] }, n = 2, final suggPkg = null, openWith = false
04-12 20:39:55.183039  1706  2266 D PMS-OPEN: ResolveInfo{950bd5 com.transsion.launcher3/com.android.launcher3.uioverrides.QuickstepLauncher m=0x108000 userHandle=UserHandle{0}}=0 , vs ResolveInfo{4cf1fea com.android.settings/.FallbackHome p=-1000 m=0x108000 userHandle=UserHandle{0}}=-1000
04-12 20:39:55.183056  1706  2266 E PMS-OPEN: return higher priority, ri = ResolveInfo{950bd5 com.transsion.launcher3/com.android.launcher3.uioverrides.QuickstepLauncher m=0x108000 userHandle=UserHandle{0}}
04-12 20:39:55.184246  2707  2707 D NotifViewManager: Attaching view 0|com.google.android.gms|1000|a:GMSCORE_STORE_RENDERER:11be35c183260000:107718207925398475592|10232 to <root> at index 3
04-12 20:39:55.184686  2707  3227 D StatusBarIconView: unSupportMatrixIcon: key:0|com.google.android.gms|1000|a:GMSCORE_STORE_RENDERER:11be35c183260000:107718207925398475592|10232 , isGrayscaleDrawable:true , isGrayscaleIcon:true
04-12 20:39:55.184730  2707  3227 D StatusBarIconView: unSupportMatrixIcon: key:0|com.google.android.gms|1000|a:GMSCORE_STORE_RENDERER:11be35c183260000:107718207925398475592|10232 , isGrayscaleDrawable:true , isGrayscaleIcon:true
04-12 20:39:55.184749  1706  2266 I PMS-OPEN: intent = Intent { act=android.intent.action.MAIN cat=[android.intent.category.HOME] }, n = 2, final suggPkg = null, openWith = false
04-12 20:39:55.184783  2707  3227 D StatusBarIconView: unSupportMatrixIcon: key:0|com.google.android.gms|1000|a:GMSCORE_STORE_RENDERER:11be35c183260000:107718207925398475592|10232 , isGrayscaleDrawable:true , isGrayscaleIcon:true
04-12 20:39:55.184789  1706  2266 D PMS-OPEN: ResolveInfo{e612db com.transsion.launcher3/com.android.launcher3.uioverrides.QuickstepLauncher m=0x108000 userHandle=UserHandle{0}}=0 , vs ResolveInfo{c16f178 com.android.settings/.FallbackHome p=-1000 m=0x108000 userHandle=UserHandle{0}}=-1000
04-12 20:39:55.184800  1706  2266 E PMS-OPEN: return higher priority, ri = ResolveInfo{e612db com.transsion.launcher3/com.android.launcher3.uioverrides.QuickstepLauncher m=0x108000 userHandle=UserHandle{0}}
04-12 20:39:55.185428  2707  2707 D os.DateTimeView: create at 2026-04-09T22:24:40.908, duration=252914277
04-12 20:39:55.185466  2707  2707 D os.DateTimeView: format type=3
04-12 20:39:55.185575  2707  2707 D os.DateTimeView: pattern:EEEHH:mm, getLanguage=zh, getCountry=CN
04-12 20:39:55.185661  1706  2266 I PMS-OPEN: intent = Intent { act=android.intent.action.MAIN cat=[android.intent.category.HOME] }, n = 2, final suggPkg = null, openWith = false
04-12 20:39:55.185707  2707  2707 D os.DateTimeView: updateDateTimeViewText:周四 22:24 at 2026-04-12T20:39:55.185 lan:zh for 2026-04-09T22:24:40.908, next update after 2026-04-16T00:00:00.001
04-12 20:39:55.185715  1706  2266 D PMS-OPEN: ResolveInfo{e279051 com.transsion.launcher3/com.android.launcher3.uioverrides.QuickstepLauncher m=0x108000 userHandle=UserHandle{0}}=0 , vs ResolveInfo{47750b6 com.android.settings/.FallbackHome p=-1000 m=0x108000 userHandle=UserHandle{0}}=-1000
04-12 20:39:55.185726  1706  2266 E PMS-OPEN: return higher priority, ri = ResolveInfo{e279051 com.transsion.launcher3/com.android.launcher3.uioverrides.QuickstepLauncher m=0x108000 userHandle=UserHandle{0}}
04-12 20:39:55.185795  2707  2707 D os.DateTimeView: create at 2026-04-09T22:24:40.908, duration=252914277
04-12 20:39:55.185807  2707  2707 D os.DateTimeView: format type=3
04-12 20:39:55.185849  2707  2707 D os.DateTimeView: pattern:EEEHH:mm, getLanguage=zh, getCountry=CN
04-12 20:39:55.185909  2707  2707 D os.DateTimeView: updateDateTimeViewText:周四 22:24 at 2026-04-12T20:39:55.185 lan:zh for 2026-04-09T22:24:40.908, next update after 2026-04-16T00:00:00.001
04-12 20:39:55.186314  2707  2998 I SysUI(260302)_smart_tip_SmartNotificationTipManager: 0|com.google.android.gms|1000|a:GMSCORE_STORE_RENDERER:11be35c183260000:107718207925398475592|10232 shouldFilterOut
04-12 20:39:55.186559  1706  2810 I PMS-OPEN: intent = Intent { act=android.intent.action.MAIN cat=[android.intent.category.HOME] }, n = 2, final suggPkg = null, openWith = false
04-12 20:39:55.186595  1706  2810 D PMS-OPEN: ResolveInfo{1420253 com.transsion.launcher3/com.android.launcher3.uioverrides.QuickstepLauncher m=0x108000 userHandle=UserHandle{0}}=0 , vs ResolveInfo{5027790 com.android.settings/.FallbackHome p=-1000 m=0x108000 userHandle=UserHandle{0}}=-1000
04-12 20:39:55.186606  1706  2810 E PMS-OPEN: return higher priority, ri = ResolveInfo{1420253 com.transsion.launcher3/com.android.launcher3.uioverrides.QuickstepLauncher m=0x108000 userHandle=UserHandle{0}}
04-12 20:39:55.186637  2707  2707 I TranNotificationExpandButton: Call setExpandedVisibility
04-12 20:39:55.186699  2707  2707 D SysUI(260302)_TrNotificationChildrenContainer: setChildrenCount childCount:2 countString:2
04-12 20:39:55.186911  2707  2707 I ShadeListBuilder: (Build 27) Build complete (4 top-level entries, 2 children) enforcedVisualStability=false
04-12 20:39:55.187211  1706  4205 I PMS-OPEN: intent = Intent { act=android.intent.action.MAIN cat=[android.intent.category.HOME] }, n = 2, final suggPkg = null, openWith = false
04-12 20:39:55.187247  1706  4205 D PMS-OPEN: ResolveInfo{bdaf889 com.transsion.launcher3/com.android.launcher3.uioverrides.QuickstepLauncher m=0x108000 userHandle=UserHandle{0}}=0 , vs ResolveInfo{6ebc08e com.android.settings/.FallbackHome p=-1000 m=0x108000 userHandle=UserHandle{0}}=-1000
04-12 20:39:55.187256  1706  4205 E PMS-OPEN: return higher priority, ri = ResolveInfo{bdaf889 com.transsion.launcher3/com.android.launcher3.uioverrides.QuickstepLauncher m=0x108000 userHandle=UserHandle{0}}
04-12 20:39:55.187927  1706  4205 I PMS-OPEN: intent = Intent { act=android.intent.action.MAIN cat=[android.intent.category.HOME] }, n = 2, final suggPkg = null, openWith = false
04-12 20:39:55.187964  1706  4205 D PMS-OPEN: ResolveInfo{23f7cbc com.transsion.launcher3/com.android.launcher3.uioverrides.QuickstepLauncher m=0x108000 userHandle=UserHandle{0}}=0 , vs ResolveInfo{2719445 com.android.settings/.FallbackHome p=-1000 m=0x108000 userHandle=UserHandle{0}}=-1000
04-12 20:39:55.187979  1706  4205 E PMS-OPEN: return higher priority, ri = ResolveInfo{23f7cbc com.transsion.launcher3/com.android.launcher3.uioverrides.QuickstepLauncher m=0x108000 userHandle=UserHandle{0}}
04-12 20:39:55.188532  1706  4205 I PMS-OPEN: intent = Intent { act=android.intent.action.MAIN cat=[android.intent.category.HOME] }, n = 2, final suggPkg = null, openWith = false
04-12 20:39:55.188562  1706  4205 D PMS-OPEN: ResolveInfo{7e7579a com.transsion.launcher3/com.android.launcher3.uioverrides.QuickstepLauncher m=0x108000 userHandle=UserHandle{0}}=0 , vs ResolveInfo{54d68cb com.android.settings/.FallbackHome p=-1000 m=0x108000 userHandle=UserHandle{0}}=-1000
04-12 20:39:55.188571  1706  4205 E PMS-OPEN: return higher priority, ri = ResolveInfo{7e7579a com.transsion.launcher3/com.android.launcher3.uioverrides.QuickstepLauncher m=0x108000 userHandle=UserHandle{0}}
04-12 20:39:55.189060  1706  2810 I PMS-OPEN: intent = Intent { act=android.intent.action.MAIN cat=[android.intent.category.HOME] }, n = 2, final suggPkg = null, openWith = false
04-12 20:39:55.189091  1706  2810 D PMS-OPEN: ResolveInfo{81c2fc1 com.transsion.launcher3/com.android.launcher3.uioverrides.QuickstepLauncher m=0x108000 userHandle=UserHandle{0}}=0 , vs ResolveInfo{ad35366 com.android.settings/.FallbackHome p=-1000 m=0x108000 userHandle=UserHandle{0}}=-1000
04-12 20:39:55.189101  1706  2810 E PMS-OPEN: return higher priority, ri = ResolveInfo{81c2fc1 com.transsion.launcher3/com.android.launcher3.uioverrides.QuickstepLauncher m=0x108000 userHandle=UserHandle{0}}
04-12 20:39:55.189779  1706  2810 I PMS-OPEN: intent = Intent { act=android.intent.action.MAIN cat=[android.intent.category.HOME] }, n = 2, final suggPkg = null, openWith = false
04-12 20:39:55.189852  1706  2810 D PMS-OPEN: ResolveInfo{647c6a7 com.transsion.launcher3/com.android.launcher3.uioverrides.QuickstepLauncher m=0x108000 userHandle=UserHandle{0}}=0 , vs ResolveInfo{740a754 com.android.settings/.FallbackHome p=-1000 m=0x108000 userHandle=UserHandle{0}}=-1000
04-12 20:39:55.189865  1706  2810 E PMS-OPEN: return higher priority, ri = ResolveInfo{647c6a7 com.transsion.launcher3/com.android.launcher3.uioverrides.QuickstepLauncher m=0x108000 userHandle=UserHandle{0}}
04-12 20:39:55.191450  2707  3121 D SysUI(260302)_TrMediaNotificationAsyncAodHelper: MediaNotificationJson: ["android","com.google.android.gms","com.google.android.googlequicksearchbox"]
04-12 20:39:55.191523  1706  2835 I PMS-OPEN: intent = Intent { act=android.intent.action.MAIN cat=[android.intent.category.HOME] }, n = 2, final suggPkg = null, openWith = false
04-12 20:39:55.191589  1706  2835 D PMS-OPEN: ResolveInfo{ef615f9 com.transsion.launcher3/com.android.launcher3.uioverrides.QuickstepLauncher m=0x108000 userHandle=UserHandle{0}}=0 , vs ResolveInfo{10f693e com.android.settings/.FallbackHome p=-1000 m=0x108000 userHandle=UserHandle{0}}=-1000
04-12 20:39:55.191600  1706  2835 E PMS-OPEN: return higher priority, ri = ResolveInfo{ef615f9 com.transsion.launcher3/com.android.launcher3.uioverrides.QuickstepLauncher m=0x108000 userHandle=UserHandle{0}}
04-12 20:39:55.192979  1706  2810 I PMS-OPEN: intent = Intent { act=android.intent.action.MAIN cat=[android.intent.category.HOME] }, n = 2, final suggPkg = null, openWith = false
