----- timezone:Asia/Shanghai
04-12 20:39:54.188260  5935  6200 E Finsky  : [379] [PLUS] Sync failed
04-12 20:39:54.188260  5935  6200 E Finsky  : com.google.android.finsky.unifiedsync.SyncExceptions$SyncCompositeException: CompositeException occurred containing 1 exception(s), unique errors: [Sync failed for account: [OwEm1TC4T_ljGyUN3L_2w2Awgz-h0Zdyr7KjlDEH-3M], payloads: [15], and cause: android.net.http.internal.org.chromium.net.impl.NetworkExceptionImpl: Exception in CronetUrlRequest: net::ERR_INTERNET_DISCONNECTED, ErrorCode=2, InternalErrorCode=-106, Retryable=false]
04-12 20:39:54.188260  5935  6200 E Finsky  : 	at azfo.a(PG:1656)
04-12 20:39:54.188260  5935  6200 E Finsky  : 	at blpj.d(PG:3)
04-12 20:39:54.188260  5935  6200 E Finsky  : 	at blpl.run(PG:47)
04-12 20:39:54.188260  5935  6200 E Finsky  : 	at qc.execute(PG:8)
04-12 20:39:54.188260  5935  6200 E Finsky  : 	at bzjp.V(PG:1)
04-12 20:39:54.188260  5935  6200 E Finsky  : 	at blrs.execute(PG:5)
04-12 20:39:54.188260  5935  6200 E Finsky  : 	at bloz.f(PG:1)
04-12 20:39:54.188260  5935  6200 E Finsky  : 	at bloz.lW(PG:42)
04-12 20:39:54.188260  5935  6200 E Finsky  : 	at blrg.x(PG:12)
04-12 20:39:54.188260  5935  6200 E Finsky  : 	at azff.a(PG:1344)
04-12 20:39:54.188260  5935  6200 E Finsky  : 	at blpj.d(PG:3)
04-12 20:39:54.188260  5935  6200 E Finsky  : 	at blpl.run(PG:47)
04-12 20:39:54.188260  5935  6200 E Finsky  : 	at java.util.concurrent.ThreadPoolExecutor.runWorker(ThreadPoolExecutor.java:1154)
04-12 20:39:54.188260  5935  6200 E Finsky  : 	at java.util.concurrent.ThreadPoolExecutor$Worker.run(ThreadPoolExecutor.java:652)
04-12 20:39:54.188260  5935  6200 E Finsky  : 	at vdo.run(PG:639)
04-12 20:39:54.188260  5935  6200 E Finsky  : 	at java.lang.Thread.run(Thread.java:1564)
04-12 20:39:54.188260  5935  6200 E Finsky  : Caused by: com.google.android.finsky.unifiedsync.SyncExceptions$WrappedSyncException: Sync failed for account: [OwEm1TC4T_ljGyUN3L_2w2Awgz-h0Zdyr7KjlDEH-3M], payloads: [15], and cause: android.net.http.internal.org.chromium.net.impl.NetworkExceptionImpl: Exception in CronetUrlRequest: net::ERR_INTERNET_DISCONNECTED, ErrorCode=2, InternalErrorCode=-106, Retryable=false
04-12 20:39:54.188260  5935  6200 E Finsky  : 	at azfo.a(PG:2004)
04-12 20:39:54.188260  5935  6200 E Finsky  : 	at bloq.d(PG:3)
04-12 20:39:54.188260  5935  6200 E Finsky  : 	at blos.run(PG:139)
04-12 20:39:54.188260  5935  6200 E Finsky  : 	at qc.execute(PG:8)
04-12 20:39:54.188260  5935  6200 E Finsky  : 	at bzjp.V(PG:1)
04-12 20:39:54.188260  5935  6200 E Finsky  : 	at blrs.execute(PG:5)
04-12 20:39:54.188260  5935  6200 E Finsky  : 	at bloz.f(PG:1)
04-12 20:39:54.188260  5935  6200 E Finsky  : 	at bloz.k(PG:95)
04-12 20:39:54.188260  5935  6200 E Finsky  : 	at bloz.o(PG:19)
04-12 20:39:54.188260  5935  6200 E Finsky  : 	at blpl.run(PG:86)
04-12 20:39:54.188260  5935  6200 E Finsky  : 	... 4 more
04-12 20:39:54.188260  5935  6200 E Finsky  : Caused by: network time: 33, HTTP status code: na, exception com.android.volley.NoConnectionError: android.net.http.internal.org.chromium.net.impl.NetworkExceptionImpl: Exception in CronetUrlRequest: net::ERR_INTERNET_DISCONNECTED, ErrorCode=2, InternalErrorCode=-106, Retryable=false
04-12 20:39:54.188260  5935  6200 E Finsky  : 	at awyg.iJ(PG:9)
04-12 20:39:54.188260  5935  6200 E Finsky  : 	at mvh.j(PG:9)
04-12 20:39:54.188260  5935  6200 E Finsky  : 	at nxa.j(PG:22)
04-12 20:39:54.188260  5935  6200 E Finsky  : 	at mvb.run(PG:31)
04-12 20:39:54.188260  5935  6200 E Finsky  : 	at android.os.Handler.handleCallback(Handler.java:995)
04-12 20:39:54.188260  5935  6200 E Finsky  : 	at android.os.Handler.dispatchMessage(Handler.java:103)
04-12 20:39:54.188260  5935  6200 E Finsky  : 	at android.os.Looper.loopOnce(Looper.java:327)
04-12 20:39:54.188260  5935  6200 E Finsky  : 	at android.os.Looper.loop(Looper.java:431)
04-12 20:39:54.188260  5935  6200 E Finsky  : 	at android.app.ActivityThread.main(ActivityThread.java:9329)
04-12 20:39:54.188260  5935  6200 E Finsky  : 	at java.lang.reflect.Method.invoke(Native Method)
04-12 20:39:54.188260  5935  6200 E Finsky  : 	at com.android.internal.os.RuntimeInit$MethodAndArgsCaller.run(RuntimeInit.java:629)
04-12 20:39:54.188260  5935  6200 E Finsky  : 	at com.android.internal.os.ZygoteInit.main(ZygoteInit.java:1024)
04-12 20:39:54.188260  5935  6200 E Finsky  : Caused by: com.android.volley.NoConnectionError: android.net.http.internal.org.chromium.net.impl.NetworkExceptionImpl: Exception in CronetUrlRequest: net::ERR_INTERNET_DISCONNECTED, ErrorCode=2, InternalErrorCode=-106, Retryable=false
04-12 20:39:54.188260  5935  6200 E Finsky  : 	at mvu.a(PG:543)
04-12 20:39:54.188260  5935  6200 E Finsky  : 	at aieb.a(PG:24)
04-12 20:39:54.188260  5935  6200 E Finsky  : 	at mvf.a(PG:37)
04-12 20:39:54.188260  5935  6200 E Finsky  : 	at mvf.run(PG:6)
04-12 20:39:54.188260  5935  6200 E Finsky  : Caused by: android.net.http.internal.org.chromium.net.impl.NetworkExceptionImpl: Exception in CronetUrlRequest: net::ERR_INTERNET_DISCONNECTED, ErrorCode=2, InternalErrorCode=-106, Retryable=false
04-12 20:39:54.188260  5935  6200 E Finsky  : 	at android.net.http.internal.org.chromium.net.impl.CronetUrlRequest.onError(CronetUrlRequest.java:798)
04-12 20:39:54.189373  5935  6205 I Finsky  : [381] WM::SCH: Logging work end for 37-20
04-12 20:39:54.189775  5935  6205 W Finsky  : [381] SCH: Controller has no job when job 37-20 checks state.
04-12 20:39:54.192833  1706  4307 I PMS-OPEN: intent = Intent { act=com.google.android.gms.settings.ADVANCED_PROTECTION_DIALOG flg=0x10000000 cmp=com.google.android.gms/.advancedprotection.ui.AdvancedProtectionDialogActivity }, n = 1, final suggPkg = null, openWith = false
04-12 20:39:54.192888  1706  4307 I PMS-OPEN: return N is 1, r = ResolveInfo{e91f31f com.google.android.gms/.advancedprotection.ui.AdvancedProtectionDialogActivity m=0x0 userHandle=UserHandle{0}}
04-12 20:39:54.193482  2707  2707 D TileServices: Couldn't find tile for ComponentInfo{com.google.android.apps.wellbeing/com.google.android.apps.wellbeing.screen.ui.GrayscaleTileService}(0)
04-12 20:39:54.197939  5935  6205 E Finsky  : [381] SCH: Job 37-20 threw exception
04-12 20:39:54.197939  5935  6205 E Finsky  : com.google.android.finsky.unifiedsync.SyncExceptions$SyncCompositeException: CompositeException occurred containing 1 exception(s), unique errors: [Sync failed for account: [OwEm1TC4T_ljGyUN3L_2w2Awgz-h0Zdyr7KjlDEH-3M], payloads: [15], and cause: android.net.http.internal.org.chromium.net.impl.NetworkExceptionImpl: Exception in CronetUrlRequest: net::ERR_INTERNET_DISCONNECTED, ErrorCode=2, InternalErrorCode=-106, Retryable=false]
04-12 20:39:54.197939  5935  6205 E Finsky  : 	at azfo.a(PG:1656)
04-12 20:39:54.197939  5935  6205 E Finsky  : 	at blpj.d(PG:3)
04-12 20:39:54.197939  5935  6205 E Finsky  : 	at blpl.run(PG:47)
04-12 20:39:54.197939  5935  6205 E Finsky  : 	at qc.execute(PG:8)
04-12 20:39:54.197939  5935  6205 E Finsky  : 	at bzjp.V(PG:1)
04-12 20:39:54.197939  5935  6205 E Finsky  : 	at blrs.execute(PG:5)
04-12 20:39:54.197939  5935  6205 E Finsky  : 	at bloz.f(PG:1)
04-12 20:39:54.197939  5935  6205 E Finsky  : 	at bloz.lW(PG:42)
04-12 20:39:54.197939  5935  6205 E Finsky  : 	at blrg.x(PG:12)
04-12 20:39:54.197939  5935  6205 E Finsky  : 	at azff.a(PG:1344)
04-12 20:39:54.197939  5935  6205 E Finsky  : 	at blpj.d(PG:3)
04-12 20:39:54.197939  5935  6205 E Finsky  : 	at blpl.run(PG:47)
04-12 20:39:54.197939  5935  6205 E Finsky  : 	at java.util.concurrent.ThreadPoolExecutor.runWorker(ThreadPoolExecutor.java:1154)
04-12 20:39:54.197939  5935  6205 E Finsky  : 	at java.util.concurrent.ThreadPoolExecutor$Worker.run(ThreadPoolExecutor.java:652)
04-12 20:39:54.197939  5935  6205 E Finsky  : 	at vdo.run(PG:639)
04-12 20:39:54.197939  5935  6205 E Finsky  : 	at java.lang.Thread.run(Thread.java:1564)
04-12 20:39:54.197939  5935  6205 E Finsky  : Caused by: com.google.android.finsky.unifiedsync.SyncExceptions$WrappedSyncException: Sync failed for account: [OwEm1TC4T_ljGyUN3L_2w2Awgz-h0Zdyr7KjlDEH-3M], payloads: [15], and cause: android.net.http.internal.org.chromium.net.impl.NetworkExceptionImpl: Exception in CronetUrlRequest: net::ERR_INTERNET_DISCONNECTED, ErrorCode=2, InternalErrorCode=-106, Retryable=false
04-12 20:39:54.197939  5935  6205 E Finsky  : 	at azfo.a(PG:2004)
04-12 20:39:54.197939  5935  6205 E Finsky  : 	at bloq.d(PG:3)
04-12 20:39:54.197939  5935  6205 E Finsky  : 	at blos.run(PG:139)
04-12 20:39:54.197939  5935  6205 E Finsky  : 	at qc.execute(PG:8)
04-12 20:39:54.197939  5935  6205 E Finsky  : 	at bzjp.V(PG:1)
04-12 20:39:54.197939  5935  6205 E Finsky  : 	at blrs.execute(PG:5)
04-12 20:39:54.197939  5935  6205 E Finsky  : 	at bloz.f(PG:1)
04-12 20:39:54.197939  5935  6205 E Finsky  : 	at bloz.k(PG:95)
04-12 20:39:54.197939  5935  6205 E Finsky  : 	at bloz.o(PG:19)
04-12 20:39:54.197939  5935  6205 E Finsky  : 	at blpl.run(PG:86)
04-12 20:39:54.197939  5935  6205 E Finsky  : 	... 4 more
04-12 20:39:54.197939  5935  6205 E Finsky  : Caused by: network time: 33, HTTP status code: na, exception com.android.volley.NoConnectionError: android.net.http.internal.org.chromium.net.impl.NetworkExceptionImpl: Exception in CronetUrlRequest: net::ERR_INTERNET_DISCONNECTED, ErrorCode=2, InternalErrorCode=-106, Retryable=false
04-12 20:39:54.197939  5935  6205 E Finsky  : 	at awyg.iJ(PG:9)
04-12 20:39:54.197939  5935  6205 E Finsky  : 	at mvh.j(PG:9)
04-12 20:39:54.197939  5935  6205 E Finsky  : 	at nxa.j(PG:22)
04-12 20:39:54.197939  5935  6205 E Finsky  : 	at mvb.run(PG:31)
04-12 20:39:54.197939  5935  6205 E Finsky  : 	at android.os.Handler.handleCallback(Handler.java:995)
04-12 20:39:54.197939  5935  6205 E Finsky  : 	at android.os.Handler.dispatchMessage(Handler.java:103)
04-12 20:39:54.197939  5935  6205 E Finsky  : 	at android.os.Looper.loopOnce(Looper.java:327)
04-12 20:39:54.197939  5935  6205 E Finsky  : 	at android.os.Looper.loop(Looper.java:431)
04-12 20:39:54.197939  5935  6205 E Finsky  : 	at android.app.ActivityThread.main(ActivityThread.java:9329)
04-12 20:39:54.197939  5935  6205 E Finsky  : 	at java.lang.reflect.Method.invoke(Native Method)
04-12 20:39:54.197939  5935  6205 E Finsky  : 	at com.android.internal.os.RuntimeInit$MethodAndArgsCaller.run(RuntimeInit.java:629)
04-12 20:39:54.197939  5935  6205 E Finsky  : 	at com.android.internal.os.ZygoteInit.main(ZygoteInit.java:1024)
04-12 20:39:54.197939  5935  6205 E Finsky  : Caused by: com.android.volley.NoConnectionError: android.net.http.internal.org.chromium.net.impl.NetworkExceptionImpl: Exception in CronetUrlRequest: net::ERR_INTERNET_DISCONNECTED, ErrorCode=2, InternalErrorCode=-106, Retryable=false
04-12 20:39:54.197939  5935  6205 E Finsky  : 	at mvu.a(PG:543)
04-12 20:39:54.197939  5935  6205 E Finsky  : 	at aieb.a(PG:24)
04-12 20:39:54.197939  5935  6205 E Finsky  : 	at mvf.a(PG:37)
04-12 20:39:54.197939  5935  6205 E Finsky  : 	at mvf.run(PG:6)
04-12 20:39:54.197939  5935  6205 E Finsky  : Caused by: android.net.http.internal.org.chromium.net.impl.NetworkExceptionImpl: Exception in CronetUrlRequest: net::ERR_INTERNET_DISCONNECTED, ErrorCode=2, InternalErrorCode=-106, Retryable=false
04-12 20:39:54.197939  5935  6205 E Finsky  : 	at android.net.http.internal.org.chromium.net.impl.CronetUrlRequest.onError(CronetUrlRequest.java:798)
04-12 20:39:54.202204  2579  3465 D MultiLinkController: handleMessage: MSG_INIT_CARD_GUIDEtrue
04-12 20:39:54.202850  2347  2347 I PersonalSafety: Init [CONTEXT service_id=310 ]
04-12 20:39:54.203163  2347  2347 I PersonalSafety: enabling createOptionalComponents [CONTEXT service_id=310 ]
04-12 20:39:54.204692  2347  5626 D BluetoothAdapter: isLeEnabled(): ON
04-12 20:39:54.204775  2347  5626 W Settings: Setting airplane_mode_on has moved from android.provider.Settings.System to android.provider.Settings.Global, returning read-only value.
04-12 20:39:54.205929  2579  3465 I ApiInvoke1.5.100: ApiInvokeRegister: initClient start ==>>com.android.phone
04-12 20:39:54.206309  2579  3465 W ApiInvoke1.5.100: ApiInvokeRegister: addStateListenerAndCheck startListen  isAppServiceStart true
04-12 20:39:54.206348  2579  3465 W ApiInvoke1.5.100: ApiInvokeRegister: registerServiceComponent 
04-12 20:39:54.206348  2579  3465 W ApiInvoke1.5.100:  ChannelEntity{channelName='com.android.phone', packageName='', className='', channelService=[], autoConnect=true}
04-12 20:39:54.207037  2347  2347 I CastMirroringProvider: onDiscoveryModeChanged, mode=1
04-12 20:39:54.207064  2347  7556 I NearbyMediums: This GATT advertisement BleAdvertisement { version=2, socketVersion=2, isFast=true, serviceIdHash=null, data=[ 0x23 0x4b 0x57 0x4c 0x4c 0x11 0x32 0x75 0x37 0xc6 0x48 0x55 0x0b 0x3e 0x3f 0x5d 0xca 0x2d 0xdb 0x2a 0xd6 0x4c 0x2e ], deviceToken=[ 0x4f 0x4d ], rxAdvertisement=null } is a Fast Advertisement and matched UUID 0000fef3-0000-1000-8000-00805f9b34fb in fastAdvertisementServiceUuids map with serviceID NearbySharing
04-12 20:39:54.207478  3866  7686 E ApiInvoke3.0.5: OxygenBusServiceImpl: registerService with client com.android.phone
04-12 20:39:54.207514  2347  7556 I NearbyMediums: This GATT advertisement BleAdvertisement { version=2, socketVersion=2, isFast=true, serviceIdHash=null, data=[ 0x23 0x50 0x47 0x47 0x50 0x11 0x32 0xdf 0xab 0x51 0x74 0xd6 0xae 0x18 0xd4 0x4a 0xdd 0x64 0x1d 0x3a 0x98 0xd8 0xd7 ], deviceToken=[ 0x46 0x78 ], rxAdvertisement=null } is a Fast Advertisement and matched UUID 0000fef3-0000-1000-8000-00805f9b34fb in fastAdvertisementServiceUuids map with serviceID NearbySharing
04-12 20:39:54.208147  2347  7631 I NearbyConnections: Found BleAdvertisement [ 0x23 0x4b 0x57 0x4c 0x4c 0x11 0x32 0x75 0x37 0xc6 0x48 0x55 0x0b 0x3e 0x3f 0x5d 0xca 0x2d 0xdb 0x2a 0xd6 0x4c 0x2e ] (with EndpointId KWLL and EndpointInfo [ 0x32 0x75 0x37 0xc6 0x48 0x55 0x0b 0x3e 0x3f 0x5d 0xca 0x2d 0xdb 0x2a 0xd6 0x4c 0x2e ])
04-12 20:39:54.209229  2347  5626 I PersonalSafety: (REDACTED) Create createOptionalComponents: %b %b %b %b
04-12 20:39:54.210183  2579  3465 W ApiInvoke1.5.100: ApiInvokeRegister: registerSubscribe channelName = com.android.phone
04-12 20:39:54.210398  3866  7686 I ApiInvoke3.0.5: SubscribeBusServerImpl: findSubscribe channelPid {"pid": "2579","process": "com.android.phone","packageName": "com.android.phone","channels": ["com.android.phone"],"version": "1.5.100"}:com.android.phone
04-12 20:39:54.210678  2579  3465 I ApiInvoke1.5.100: ApiPublisherConnection: registerRemoteSubscribeStub publisher already registered {"pid": "2579","process": "com.android.phone","packageName": "com.android.phone","channels": ["com.android.phone"],"version": "1.5.100"} : com.android.phone
04-12 20:39:54.210694  2579  3465 W ApiInvoke1.5.100: ApiPublisherConnection: registerRemoteSubscribeStub currentTimes 1 success true
04-12 20:39:54.210704  2579  3465 I ApiInvoke1.5.100: ApiInvokeRegister: initClient end ==>>com.android.phone
04-12 20:39:54.213954  2347  7631 I NearbyConnections: ClientProxy(141815835 0p:com.google.android.gms.nearby.sharing) reporting onEndpointFound(KWLL)
04-12 20:39:54.214235  2347  7631 I NearbyConnections: ClientProxy(141815835) reporting onEndpointDistanceChanged(KWLL, UNKNOWN)
04-12 20:39:54.215199  2347  7631 I NearbyConnections: Found BleAdvertisement [ 0x23 0x50 0x47 0x47 0x50 0x11 0x32 0xdf 0xab 0x51 0x74 0xd6 0xae 0x18 0xd4 0x4a 0xdd 0x64 0x1d 0x3a 0x98 0xd8 0xd7 ] (with EndpointId PGGP and EndpointInfo [ 0x32 0xdf 0xab 0x51 0x74 0xd6 0xae 0x18 0xd4 0x4a 0xdd 0x64 0x1d 0x3a 0x98 0xd8 0xd7 ])
04-12 20:39:54.215595  2347  7631 I NearbyConnections: ClientProxy(141815835 0p:com.google.android.gms.nearby.sharing) reporting onEndpointFound(PGGP)
04-12 20:39:54.215662  2347  7631 I NearbyConnections: ClientProxy(141815835) reporting onEndpointDistanceChanged(PGGP, UNKNOWN)
04-12 20:39:54.217490  2347  7631 I TapAndPay: Initialize tap and pay services [CONTEXT service_id=79 ]
04-12 20:39:54.217717  2347  7631 I TapAndPay: Enabling TapAndPay HCE service [CONTEXT service_id=79 ]
04-12 20:39:54.219040  1706  4229 I system_server: AssetManager2(0xb40000771016c8b8) locale list changing from [] to [zh-Hans-CN]
04-12 20:39:54.240572  8211  8380 I LogHandler/AbstractLogInstance: getResponse, responseStr = set_mblog_sub_node,/proc/net/wlan/dbgLevel,0xff:0x12f,1 and waiting time remaining = 14900
04-12 20:39:54.240671  8211  8380 I LogHandler/AbstractLogInstance: -->executeCommand(), command = set_storage_path,/data, isWaitingResponse = true
04-12 20:39:54.240693  8211  8380 I LogHandler/AbstractLogConnection: sendToServer() mServerName = mobilelogd data = set_storage_path,/data
04-12 20:39:54.244104  1706  1789 I system_server: Background concurrent mark compact GC freed 33MB AllocSpace bytes, 35(772KB) LOS objects, 46% free, 55MB/103MB, paused 2.154ms,2.010ms total 230.542ms
04-12 20:39:54.248581  1706  1790 I BpBinder: onLastStrongRef automatically unlinking death recipients: 
04-12 20:39:54.254409  6249  6946 V ClearcutMetricXmitter: Transmission is done.
04-12 20:39:54.255164  2347  7649 D BluetoothAdapter: isLeEnabled(): ON
04-12 20:39:54.255559  6249  6946 V ClearcutMetricXmitter: Transmission is done.
04-12 20:39:54.256564  8379  8379 I CalendarProvider2: Created com.android.providers.calendar.CalendarAlarmManager@d87441(com.android.providers.calendar.CalendarProvider2@adb7de6)
04-12 20:39:54.258864  3808  7833 I SemanticLocation: (REDACTED) [Scheduler] Housekeeping Task %s.%s is scheduled to run at cadence %s
04-12 20:39:54.259118  3808  7833 I SemanticLocation: (REDACTED) [Scheduler] Housekeeping Task %s.%s is scheduled to run at cadence %s
04-12 20:39:54.259501  1025  1064 I netd    : socketDestroy([UidRangeParcel{start: 10179, stop: 10179}], []) <1.67ms>
04-12 20:39:54.259759  1706  1940 D TranNetworkManagementServiceMultiLinkImpl: linkTurb destorySocketByUid  uid :10179
04-12 20:39:54.260542  2347  2347 I MagicTether: (REDACTED) [NotificationPresenter] cancelNotification: %d
04-12 20:39:54.262567  2347  2347 I MagicTether: [AutoDisconnectIntentOperation] Canceling task. [CONTEXT service_id=276 ]
04-12 20:39:54.263637  4818  4818 I BleScanTool: TransConnect:Apple serviceDate UUID : [0000180a-0000-1000-8000-00805f9b34fb, 0000fd35-0000-1000-8000-00805f9b34fb]
04-12 20:39:54.263666  4818  4818 I BleScanTool: TransConnect:Apple serviceDate serviceName : null
04-12 20:39:54.267996  5066  5369 I eabw    : Running throttled refresh
04-12 20:39:54.271483  5066  5379 I cwku    : (REDACTED) Starting batch sync for corpora: %s
04-12 20:39:54.271716  8379  8488 E CalendarProvider2: Failed to get the cached calling package.
04-12 20:39:54.271716  8379  8488 E CalendarProvider2: java.lang.Throwable
04-12 20:39:54.271716  8379  8488 E CalendarProvider2: 	at com.android.providers.calendar.CalendarProvider2.getCallingPackageName(CalendarProvider2.java:5569)
04-12 20:39:54.271716  8379  8488 E CalendarProvider2: 	at com.android.providers.calendar.CalendarProvider2.query(CalendarProvider2.java:948)
04-12 20:39:54.271716  8379  8488 E CalendarProvider2: 	at android.content.ContentProvider.query(ContentProvider.java:1682)
04-12 20:39:54.271716  8379  8488 E CalendarProvider2: 	at android.content.ContentProvider.query(ContentProvider.java:1778)
04-12 20:39:54.271716  8379  8488 E CalendarProvider2: 	at android.content.ContentProvider$Transport.query(ContentProvider.java:299)
04-12 20:39:54.271716  8379  8488 E CalendarProvider2: 	at android.content.ContentResolver.query(ContentResolver.java:1231)
04-12 20:39:54.271716  8379  8488 E CalendarProvider2: 	at android.content.ContentResolver.query(ContentResolver.java:1163)
04-12 20:39:54.271716  8379  8488 E CalendarProvider2: 	at android.content.ContentResolver.query(ContentResolver.java:1119)
04-12 20:39:54.271716  8379  8488 E CalendarProvider2: 	at android.provider.CalendarContract$CalendarAlerts.rescheduleMissedAlarms(CalendarContract.java:2564)
04-12 20:39:54.271716  8379  8488 E CalendarProvider2: 	at com.android.providers.calendar.CalendarAlarmManager.rescheduleMissedAlarms(CalendarAlarmManager.java:535)
04-12 20:39:54.271716  8379  8488 E CalendarProvider2: 	at com.android.providers.calendar.CalendarAlarmManager.rescheduleMissedAlarms(CalendarAlarmManager.java:210)
04-12 20:39:54.271716  8379  8488 E CalendarProvider2: 	at com.android.providers.calendar.CalendarProvider2.doUpdateTimezoneDependentFields(CalendarProvider2.java:728)
04-12 20:39:54.271716  8379  8488 E CalendarProvider2: 	at com.android.providers.calendar.CalendarProvider2$PostInitializeThread.run(CalendarProvider2.java:658)
04-12 20:39:54.279398  5066  6190 W cwku    : (REDACTED) Upload permissions denied for Corpus %s
04-12 20:39:54.279834  3808  7777 W ChimeraUtils: Module com.google.android.gms.smartdevice missing resource null(0)
04-12 20:39:54.280331  2347  3456 D BluetoothAdapter: isLeEnabled(): ON
04-12 20:39:54.280405  2347  3456 W Settings: Setting airplane_mode_on has moved from android.provider.Settings.System to android.provider.Settings.Global, returning read-only value.
04-12 20:39:54.280858  2347  3456 I PersonalSafety: start auto-detection [CONTEXT service_id=310 ]
04-12 20:39:54.281111  2347  3456 I PersonalSafety: (REDACTED) AutoD Start settings: %b %b %b %b
04-12 20:39:54.281726  3808  7777 I SmartDevice: [CleanBufferedLogsService] Periodic task upload_buffered_logs_periodic scheduled!
04-12 20:39:54.282079  2347  3456 I PersonalSafety: inferredL registered to listen to locs [CONTEXT service_id=310 ]
04-12 20:39:54.283073  6926  7236 W ManagedChannelImpl: [{0}] Failed to resolve name. status={1}
04-12 20:39:54.283480  2347  2347 I RemoteGesturesChimeraService: onStartCommand, flags=0, startId=1
04-12 20:39:54.283883  3808  7777 I AppLinksModuleInit: onInitRuntimeState [CONTEXT service_id=244 ]
04-12 20:39:54.286084  3808  7777 I AppLinksModuleInit: verifying requested domain links post-boot [CONTEXT service_id=244 ]
04-12 20:39:54.287667  5066  6980 I cwku    : (REDACTED) The syncToken for corpus %s is %s and the syncRequestReason is %s
04-12 20:39:54.287824  4818  4818 I BleScanTool: TransConnect:Apple serviceDate UUID : [0000180a-0000-1000-8000-00805f9b34fb, 0000fd35-0000-1000-8000-00805f9b34fb]
04-12 20:39:54.288408  4818  4818 I BleScanTool: TransConnect:Apple serviceDate serviceName : ZERO_BOOK_13
04-12 20:39:54.288422  4818  4818 I BleScanTool: TransConnect:Apple serviceDate size : 12
04-12 20:39:54.288481  4818  4818 I BleScanTool: TransConnect:The first 10 characters contain non-hexadecimal characters: ZERO_BOOK_
04-12 20:39:54.288698  5066  5314 W fqzi    : [{0}] Failed to resolve name. status={1}
04-12 20:39:54.291317  1361  1375 I MobileLogD: recv set_storage_path,/data from 34
04-12 20:39:54.293976  1045  1045 I hwcomposer: [HWCDisplay] (0 updateFps():3881), (type:1, mode:2) fps:74.488029,dur:1006.87,max:20.71,min:4.67  
04-12 20:39:54.296511  5066  5314 E dftq$a  : (REDACTED) %s: GDD Sync failed for corpus: %s, configuration: %s
04-12 20:39:54.300589  1706  1859 V GrammaticalInflectionUtils: AttributionSource: AttributionSource { uid = 10254, packageName = null, attributionTag = null, token = android.os.Binder@99e1c03, deviceId = 0, next = null } does not have READ_SYSTEM_GRAMMATICAL_GENDER permission.
04-12 20:39:54.301514  1361  1375 D MobileLogD: write set_storage_path,/data,1 to client 34 
04-12 20:39:54.301554  1361  1375 D MobileLogD: write to client over
04-12 20:39:54.302039  8211  8417 I LogHandler/AbstractLogConnection: setResponseFromServer() mServerName = mobilelogd serverData = set_storage_path,/data,1
04-12 20:39:54.302715  2347  7631 I TapAndPay: tpHce getInstance: new instance created [CONTEXT service_id=79 ]
04-12 20:39:54.303182  5066  5379 I cwku    : (REDACTED) Starting batch sync for corpora: %s
04-12 20:39:54.304083  2347  2347 I MagicTether: (REDACTED) [NotificationPresenter] cancelNotification: %d
04-12 20:39:54.304680  2347  2347 I MagicTether: [AutoDisconnectIntentOperation] Canceling task. [CONTEXT service_id=276 ]
04-12 20:39:54.304935  2347  7631 I TapAndPay: tpOffHost getInstance: new instance created [CONTEXT service_id=79 ]
04-12 20:39:54.305374  5066  6880 I cwoh    : The GellerConfig is not present, returning null.
04-12 20:39:54.305385  3808  7777 I AppLinksRequestHandler: (REDACTED) Processing %d input requests
04-12 20:39:54.305421  5066  6880 I cwoh    : (REDACTED) The GellerConfig is not present, defaulting isUploadEnabled for corpus %s to true.
04-12 20:39:54.305677  2347  8493 I TapAndPay: Omelette is disabled. [CONTEXT service_id=79 ]
04-12 20:39:54.305818  5066  6880 I cwku    : (REDACTED) The syncToken for corpus %s is %s and the syncRequestReason is %s
04-12 20:39:54.306253  5066  7290 W fqzi    : [{0}] Failed to resolve name. status={1}
04-12 20:39:54.306286  1028  1028 I zygote  : Priority USAP Pool refill. New USAPs: 1
04-12 20:39:54.307500  5066  5250 E dftq$a  : (REDACTED) %s: GDD Sync failed for corpus: %s, configuration: %s
04-12 20:39:54.307687  2347  8494 I TapAndPay: (REDACTED) Refresh offhost session%s with cause %s
04-12 20:39:54.308017  2347  8494 I TapAndPay: No active account [CONTEXT service_id=79 ]
04-12 20:39:54.312161  3808  7777 I AppLinksUtilsV1: Legacy cross-profile verification enabled [CONTEXT service_id=244 ]
04-12 20:39:54.312238  8444  8444 I id.apps.tachyon: Using CollectorTypeCMC GC.
04-12 20:39:54.314583  5066  5250 E fbhk    : Got more than one input Future failure. Logging failures after the first
04-12 20:39:54.314583  5066  5250 E fbhk    : dfgd: refresh failed [GDD_FAIL_IN_SYNC_RUNNER_PRIVATE]
04-12 20:39:54.314583  5066  5250 E fbhk    : 	at dfgb.a(PG:28)
04-12 20:39:54.314583  5066  5250 E fbhk    : 	at dfzf.apply(PG:330)
04-12 20:39:54.314583  5066  5250 E fbhk    : 	at erkp.apply(PG:17)
04-12 20:39:54.314583  5066  5250 E fbhk    : 	at fbgx.c(PG:3)
04-12 20:39:54.314583  5066  5250 E fbhk    : 	at fbgz.run(PG:139)
04-12 20:39:54.314583  5066  5250 E fbhk    : 	at ctyi.run(PG:5)
04-12 20:39:54.314583  5066  5250 E fbhk    : 	at faei.run(PG:46)
04-12 20:39:54.314583  5066  5250 E fbhk    : 	at ctxu.run(PG:81)
04-12 20:39:54.314583  5066  5250 E fbhk    : 	at java.lang.Thread.run(Thread.java:1564)
04-12 20:39:54.314583  5066  5250 E fbhk    : 	at ctzm.run(PG:63)
04-12 20:39:54.314583  5066  5250 E fbhk    : Caused by: cwkv: Geller batch sync rpc call failed: UNAVAILABLE: Unable to resolve host geller-pa.googleapis.com
04-12 20:39:54.314583  5066  5250 E fbhk    : 	at cwku.d(PG:30)
04-12 20:39:54.314583  5066  5250 E fbhk    : 	at cwjv.apply(PG:321)
04-12 20:39:54.314583  5066  5250 E fbhk    : 	at erku.apply(PG:17)
04-12 20:39:54.314583  5066  5250 E fbhk    : 	at fbgy.c(PG:3)
04-12 20:39:54.314583  5066  5250 E fbhk    : 	... 6 more
04-12 20:39:54.314583  5066  5250 E fbhk    : Caused by: fqoo: UNAVAILABLE: Unable to resolve host geller-pa.googleapis.com
04-12 20:39:54.314583  5066  5250 E fbhk    : 	at frja.c(PG:41)
04-12 20:39:54.314583  5066  5250 E fbhk    : 	at fqvf.l(PG:1)
04-12 20:39:54.314583  5066  5250 E fbhk    : 	at fqvc.a(PG:28)
04-12 20:39:54.314583  5066  5250 E fbhk    : 	at fqvv.run(PG:7)
04-12 20:39:54.314583  5066  5250 E fbhk    : 	at frcn.run(PG:12)
04-12 20:39:54.314583  5066  5250 E fbhk    : 	at java.util.concurrent.ThreadPoolExecutor.runWorker(ThreadPoolExecutor.java:1154)
04-12 20:39:54.314583  5066  5250 E fbhk    : 	at java.util.concurrent.ThreadPoolExecutor$Worker.run(ThreadPoolExecutor.java:652)
04-12 20:39:54.314583  5066  5250 E fbhk    : 	at java.lang.Thread.run(Thread.java:1564)
04-12 20:39:54.314583  5066  5250 E fbhk    : Caused by: java.net.UnknownHostException: Unable to resolve host "geller-pa.googleapis.com": No address associated with hostname
04-12 20:39:54.314583  5066  5250 E fbhk    : 	at java.net.Inet6AddressImpl.lookupHostByName(Inet6AddressImpl.java:124)
04-12 20:39:54.314583  5066  5250 E fbhk    : 	at java.net.Inet6AddressImpl.lookupAllHostAddr(Inet6AddressImpl.java:103)
04-12 20:39:54.314583  5066  5250 E fbhk    : 	at java.net.InetAddress.getAllByName(InetAddress.java:1152)
04-12 20:39:54.314583  5066  5250 E fbhk    : 	at fqwq.run(PG:126)
04-12 20:39:54.314583  5066  5250 E fbhk    : 	... 3 more
04-12 20:39:54.314627  2347  3421 I GoogleSignatureVerifier: package info is not set correctly
04-12 20:39:54.315168  3808  7778 W Pay     : Active account was null, notification task will be cancelled. [CONTEXT service_id=198 ]
04-12 20:39:54.315215  3808  7778 I Pay     : Failed to get account info [CONTEXT service_id=198 ]
04-12 20:39:54.315558  1246  1257 I adbd    : jdwp connection from 8444
04-12 20:39:54.321823  3808  7778 W SyntheticOperationsLogg: SyntheticOperationsLogger unable to log "com.google.android.gms.pay"'s use of "change_component_enabled_state" because installOperationsCollector never executed [CONTEXT service_id=238 ]
04-12 20:39:54.321928  2347  8494 I TapAndPay: TpOffHostSessionManager not enabled, ignoring refreshSession request [CONTEXT service_id=79 ]
04-12 20:39:54.322455  1028  1028 D Zygote  : Forked child process 8504
04-12 20:39:54.322949  1706  3280 D ActivityManager: isUserAMonkey mUserIsMonkey = false
04-12 20:39:54.323205  8444  8444 D nativeloader: Load libframework-connectivity-tiramisu-jni.so using APEX ns com_android_tethering for caller /apex/com.android.tethering/javalib/framework-connectivity-t.jar: ok
04-12 20:39:54.323685  2360  2647 E Usf/policyManager: onExecuteResult: Bundle[{policy_index=1, policy_resuest_time=2026-04-12 20:39:54.323, policy_scene_name=add-process-record, policy_start_time=37097, policy_policy_name=hiber, policy_end_time=37097}] tid = 73
04-12 20:39:54.323759  2360  2647 E Usf/policyManager: onExecuteResult: Bundle[{policy_index=1, policy_resuest_time=2026-04-12 20:39:54.323, policy_scene_name=add-process-record, policy_start_time=37097, policy_policy_name=privacy, policy_end_time=37097}] tid = 73
04-12 20:39:54.326733  2347  7684 I MagicTether: [AutoDisconnectIntentOperation] Canceling task. [CONTEXT service_id=276 ]
04-12 20:39:54.326796  3808  7778 W SyntheticOperationsLogg: SyntheticOperationsLogger unable to log "com.google.android.gms.pay"'s use of "change_component_enabled_state" because installOperationsCollector never executed [CONTEXT service_id=238 ]
04-12 20:39:54.326996  1706  4249 D ActivityManager: isUserAMonkey mUserIsMonkey = false
04-12 20:39:54.327864  2347  7684 I MagicTether: (REDACTED) [NotificationPresenter] cancelNotification: %d
04-12 20:39:54.331570  2347  7693 I MagicTether: [AutoDisconnectIntentOperation] Canceling task. [CONTEXT service_id=276 ]
04-12 20:39:54.331717  3808  7778 I Pay     : Reverification enabled [CONTEXT service_id=198 ]
04-12 20:39:54.332483  3808  7778 I Pay     : Requested immediate check to see whether to show pay module downloading complete notification. [CONTEXT service_id=198 ]
04-12 20:39:54.332608  3808  7944 E jogw    : *~*~*~ Previous channel {0} was garbage collected without being shut down! ~*~*~*
04-12 20:39:54.332608  3808  7944 E jogw    :     Make sure to call shutdown()/shutdownNow()
04-12 20:39:54.332608  3808  7944 E jogw    : java.lang.RuntimeException: ManagedChannel allocation site
04-12 20:39:54.332608  3808  7944 E jogw    : 	at jogv.<init>(:com.google.android.gms@261233035@26.12.33 (260400-892550550):21)
04-12 20:39:54.332608  3808  7944 E jogw    : 	at jogw.<init>(:com.google.android.gms@261233035@26.12.33 (260400-892550550):10)
04-12 20:39:54.332608  3808  7944 E jogw    : 	at jogu.a(:com.google.android.gms@261233035@26.12.33 (260400-892550550):296)
04-12 20:39:54.332608  3808  7944 E jogw    : 	at jnon.a(:com.google.android.gms@261233035@26.12.33 (260400-892550550):5)
04-12 20:39:54.332608  3808  7944 E jogw    : 	at cynz.h(:com.google.android.gms@261233035@26.12.33 (260400-892550550):150)
04-12 20:39:54.332608  3808  7944 E jogw    : 	at hkvt.a(:com.google.android.gms@261233035@26.12.33 (260400-892550550):142)
04-12 20:39:54.332608  3808  7944 E jogw    : 	at gyhj.a(:com.google.android.gms@261233035@26.12.33 (260400-892550550):13)
04-12 20:39:54.332608  3808  7944 E jogw    : 	at hhho.a(:com.google.android.gms@261233035@26.12.33 (260400-892550550):3)
04-12 20:39:54.332608  3808  7944 E jogw    : 	at hhgp.run(:com.google.android.gms@261233035@26.12.33 (260400-892550550):19)
04-12 20:39:54.332608  3808  7944 E jogw    : 	at hhhq.run(:com.google.android.gms@261233035@26.12.33 (260400-892550550):5)
04-12 20:39:54.332608  3808  7944 E jogw    : 	at birq.c(:com.google.android.gms@261233035@26.12.33 (260400-892550550):50)
04-12 20:39:54.332608  3808  7944 E jogw    : 	at birq.run(:com.google.android.gms@261233035@26.12.33 (260400-892550550):73)
04-12 20:39:54.332608  3808  7944 E jogw    : 	at java.util.concurrent.ThreadPoolExecutor.runWorker(ThreadPoolExecutor.java:1154)
04-12 20:39:54.332608  3808  7944 E jogw    : 	at java.util.concurrent.ThreadPoolExecutor$Worker.run(ThreadPoolExecutor.java:652)
04-12 20:39:54.332608  3808  7944 E jogw    : 	at bixh.run(:com.google.android.gms@261233035@26.12.33 (260400-892550550):8)
04-12 20:39:54.332608  3808  7944 E jogw    : 	at java.lang.Thread.run(Thread.java:1564)
04-12 20:39:54.333636  1025  8513 I resolv  : GetAddrInfoHandler::run: {52 786484 52 983092 10232 0}
04-12 20:39:54.334179  3808  7561 W jogm    : [{0}] Failed to resolve name. status={1}
04-12 20:39:54.335271  3808  7944 W AppLinksAsyncVerifierV2: Error performing check:  [CONTEXT service_id=244 ]
04-12 20:39:54.335483  2347  7693 I MagicTether: (REDACTED) [NotificationPresenter] cancelNotification: %d
04-12 20:39:54.337389  3808  7778 W Pay     : Active account was null, notification task will be cancelled. [CONTEXT service_id=198 ]
04-12 20:39:54.338890  2347  4182 W ctxmgr  : [WorkManager] Long workInfo: pkg=com.google.android.gms, lbl=DispatcherDeliver, start=2026-04-12 20:39:47.871+0800, stop=2026-04-12 20:39:54.338+0800, durtn=6467ms [CONTEXT service_id=47 ]
04-12 20:39:54.340171  3808  7833 I SemanticLocation: (REDACTED) [Scheduler] Housekeeping Task %s.%s is scheduled to run at cadence %s
04-12 20:39:54.340421  3808  7833 I SemanticLocation: (REDACTED) [Scheduler] Housekeeping Task %s.%s is scheduled to run at cadence %s
04-12 20:39:54.340620  3808  7833 I SemanticLocation: (REDACTED) [Scheduler] Housekeeping Task %s.%s is scheduled to run at cadence %s
04-12 20:39:54.340832  3808  7833 I SemanticLocation: (REDACTED) [Scheduler] Housekeeping Task %s.%s is scheduled to run at cadence %s
04-12 20:39:54.340910  3808  7833 I SemanticLocation: (REDACTED) [Scheduler] Housekeeping Task %s.%s is scheduled to run at cadence %s
04-12 20:39:54.341109  3808  7833 I SemanticLocation: (REDACTED) [Scheduler] Periodic Task %s.%s is scheduled to run %s
04-12 20:39:54.341242  3808  7833 I SemanticLocation: (REDACTED) [Scheduler] Housekeeping Task %s.%s is scheduled to run at cadence %s
04-12 20:39:54.341323  3808  7833 I SemanticLocation: (REDACTED) [Scheduler] Housekeeping Task %s.%s is scheduled to run at cadence %s
04-12 20:39:54.341382  3808  7833 I SemanticLocation: (REDACTED) [Scheduler] Periodic Task %s.%s is scheduled to run %s
04-12 20:39:54.341425  3808  7833 I SemanticLocation: (REDACTED) [Scheduler] Housekeeping Task %s.%s is scheduled to run at cadence %s
04-12 20:39:54.341467  3808  7833 I SemanticLocation: (REDACTED) [Scheduler] Periodic Task %s.%s is scheduled to run %s
04-12 20:39:54.341509  3808  7833 I SemanticLocation: (REDACTED) [Scheduler] Housekeeping Task %s.%s is scheduled to run at cadence %s
04-12 20:39:54.341565  3808  7833 I SemanticLocation: (REDACTED) [Scheduler] Housekeeping Task %s.%s is scheduled to run at cadence %s
04-12 20:39:54.341607  3808  7833 I SemanticLocation: (REDACTED) [Scheduler] Housekeeping Task %s.%s is scheduled to run at cadence %s
04-12 20:39:54.341646  3808  7833 I SemanticLocation: (REDACTED) [Scheduler] Housekeeping Task %s.%s is scheduled to run at cadence %s
04-12 20:39:54.341691  3808  7833 I SemanticLocation: (REDACTED) [Scheduler] Periodic Task %s.%s is scheduled to run %s
04-12 20:39:54.341732  3808  7833 I SemanticLocation: (REDACTED) [Scheduler] Periodic Task %s.%s is scheduled to run %s
04-12 20:39:54.341772  3808  7833 I SemanticLocation: (REDACTED) [Scheduler] Housekeeping Task %s.%s is scheduled to run at cadence %s
04-12 20:39:54.341814  3808  7833 I SemanticLocation: (REDACTED) [Scheduler] Housekeeping Task %s.%s is scheduled to run at cadence %s
04-12 20:39:54.341854  3808  7833 I SemanticLocation: (REDACTED) [Scheduler] Housekeeping Task %s.%s is scheduled to run at cadence %s
04-12 20:39:54.341908  3808  7833 I SemanticLocation: (REDACTED) [Scheduler] Periodic Task %s.%s is scheduled to run %s
04-12 20:39:54.341957  3808  7833 I SemanticLocation: (REDACTED) [Scheduler] Housekeeping Task %s.%s is scheduled to run at cadence %s
04-12 20:39:54.341999  3808  7833 I SemanticLocation: (REDACTED) [Scheduler] Housekeeping Task %s.%s is scheduled to run at cadence %s
04-12 20:39:54.342039  3808  7833 I SemanticLocation: (REDACTED) [Scheduler] Housekeeping Task %s.%s is scheduled to run at cadence %s
04-12 20:39:54.342119  3808  7833 I SemanticLocation: (REDACTED) [Scheduler] Housekeeping Task %s.%s is scheduled to run at cadence %s
04-12 20:39:54.342160  3808  7833 I SemanticLocation: (REDACTED) [Scheduler] Housekeeping Task %s.%s is scheduled to run at cadence %s
04-12 20:39:54.342204  3808  7833 I SemanticLocation: (REDACTED) [Scheduler] Housekeeping Task %s.%s is scheduled to run at cadence %s
04-12 20:39:54.342263  3808  7833 I SemanticLocation: (REDACTED) [Scheduler] Periodic Task %s.%s is scheduled to run %s
04-12 20:39:54.342326  3808  7833 I SemanticLocation: (REDACTED) [Scheduler] Housekeeping Task %s.%s is scheduled to run at cadence %s
04-12 20:39:54.342369  3808  7833 I SemanticLocation: (REDACTED) [Scheduler] Housekeeping Task %s.%s is scheduled to run at cadence %s
04-12 20:39:54.342417  3808  7833 I SemanticLocation: (REDACTED) [Scheduler] Housekeeping Task %s.%s is scheduled to run at cadence %s
04-12 20:39:54.342461  3808  7833 I SemanticLocation: (REDACTED) [Scheduler] Housekeeping Task %s.%s is scheduled to run at cadence %s
04-12 20:39:54.342505  3808  7833 I SemanticLocation: (REDACTED) [Scheduler] Housekeeping Task %s.%s is scheduled to run at cadence %s
04-12 20:39:54.343696  3808  7833 I LocationHistory: [ModuleInit] Triggering settings sync one off task [CONTEXT service_id=314 ]
04-12 20:39:54.349321  3808  7778 W Pay     : Active account was null, notification task will be cancelled. [CONTEXT service_id=198 ]
04-12 20:39:54.349384  3808  7778 I Pay     : (REDACTED) %s: Active account not found!
04-12 20:39:54.349621  3808  7778 I Pay     : Requested check of feature migrations. [CONTEXT service_id=198 ]
04-12 20:39:54.350385  2347  8483 W PersonalSafety: LastLocation was null: no distance computed [CONTEXT service_id=310 ]
04-12 20:39:54.353567  8444  8444 D ApplicationLoaders: Returning zygote-cached class loader: /system_ext/framework/androidx.window.extensions.jar
04-12 20:39:54.353615  8444  8444 D ApplicationLoaders: Returning zygote-cached class loader: /system_ext/framework/androidx.window.sidecar.jar
04-12 20:39:54.355183  3808  7778 W Pay     : Active account was null, notification task will be cancelled. [CONTEXT service_id=198 ]
04-12 20:39:54.355241  3808  7778 W Pay     : [eMoney txn sync] exiting without init: active tapandpay account not found! [CONTEXT service_id=198 ]
04-12 20:39:54.356941  2347  8483 W PersonalSafety: Ble scanner not running, ignore location update [CONTEXT service_id=310 ]
04-12 20:39:54.357215  3808  7833 I CellBroadcastMapInit: onInitRuntimeState called with intent: Intent { act=android.intent.action.BOOT_COMPLETED flg=0x89000010 pkg=com.google.android.gms cmp=com.google.android.gms/.chimera.GmsIntentOperationService (has extras) }
04-12 20:39:54.357251  3808  7833 I CellBroadcastMapInit: Updating component state...
04-12 20:39:54.358377  3808  7833 I TelephonySpamInit: On boot completed TelephonySpam module initialized [CONTEXT service_id=150 ]
04-12 20:39:54.358459  3808  7833 I TelephonySpamInit: onModuleUpdated TelephonySpam module initialized [CONTEXT service_id=150 ]
04-12 20:39:54.358509  3808  7833 I SpamListSync: scheduleSyncTasks [CONTEXT service_id=150 ]
04-12 20:39:54.358532  3808  7833 I SpamListSync: schedulePeriodicTask [CONTEXT service_id=150 ]
04-12 20:39:54.358621  3808  7833 I SpamListSync: scheduleOneTimeTask [CONTEXT service_id=150 ]
04-12 20:39:54.359890  3808  7833 I GmsThreadNetwork: (REDACTED) [ThreadNetworkModuleInitIntentOperation] Initializing runtime states: %d
04-12 20:39:54.359931  3808  7833 I GmsThreadNetwork: (REDACTED) [ThreadNetworkModuleInitIntentOperation] Enable component %s
04-12 20:39:54.363783  1706  4345 I ITranUsageStatsService: reportEvent, pid = 3537, component = ComponentInfo{com.google.android.apps.wellbeing/com.google.apps.tiktok.concurrent.InternalForegroundService}, userId = 0, eventType = 20, instanceId = 0, taskRoot = null
04-12 20:39:54.363849  3808  7833 I GmsThreadNetwork: (REDACTED) [BorderRouterSynchronizer] Scheduled periodic Border Router sync task: %s
04-12 20:39:54.363904  3808  7833 W GmsThreadNetwork: [ThreadNetworkModuleInitIntentOperation] Skip joining preferred or random network: flag disabled [CONTEXT service_id=305 ]
04-12 20:39:54.364215  3808  3808 I MDM     : [TrustedTimeClientHelper] TrustedTimeClient initialized successfully. [CONTEXT service_id=247 ]
04-12 20:39:54.364199  2345  2800 I OsTrL-  : #onForegroundStateChanged isForeground = false packageName = com.google.android.apps.wellbeing userId = 0
04-12 20:39:54.364634  2347  7556 I NearbySharing: NearbySharing Internal event EndpointDiscovered(endpointId=KWLL)
04-12 20:39:54.368532  5778  5910 W JobInfo : Requested important-while-foreground flag for job54 is ignored and takes no effect
04-12 20:39:54.369644  2345  2800 E TrIconApiImpl: getIcon: launcherActivityInfo is null
04-12 20:39:54.370013  2360  2651 E Usf/policyManager: onExecuteResult: Bundle[{policy_index=1, policy_resuest_time=2026-04-12 20:39:54.369, policy_scene_name=update-foreground-service, policy_start_time=37143, policy_policy_name=hiber, policy_end_time=37143}] tid = 77
04-12 20:39:54.370091  2360  2651 E Usf/policyManager: onExecuteResult: Bundle[{policy_index=1, policy_resuest_time=2026-04-12 20:39:54.370, policy_scene_name=update-foreground-service, policy_start_time=37143, policy_policy_name=privacy, policy_end_time=37143}] tid = 77
04-12 20:39:54.371648  1706  4316 D ConnectivityService: requestNetwork for uid/pid:1000/1706 asUid: 10230 activeRequest: null callbackRequest: 274 [NetworkRequest [ REQUEST id=275, [ Capabilities: INTERNET&NOT_RESTRICTED&TRUSTED&NOT_VCN_MANAGED&NOT_BANDWIDTH_CONSTRAINED Uid: 10230 RequestorUid: 1000 RequestorPkg: android UnderlyingNetworks: Null] ]] callback flags: 0 order: 2147483647 isUidTracked: false declaredMethods: AVAIL|LOST|BLK
04-12 20:39:54.372765  5778  5910 W JobInfo : Requested important-while-foreground flag for job51 is ignored and takes no effect
04-12 20:39:54.372991  1706  2142 D ConnectivityService: NetReassign [no changes] [c 1] [a 0] [i 0]
04-12 20:39:54.373393  2347  2347 D BoundBrokerSvc: onRebind: Intent { act=com.google.android.gms.findmydevice.spot.service.locationreport.START dat=chimera-action:/... xflg=0x4 cmp=com.google.android.gms/.chimera.PersistentApiService }
04-12 20:39:54.373556  1706  2133 D WifiNetworkFactory: got request NetworkRequest [ REQUEST id=275, [ Capabilities: INTERNET&NOT_RESTRICTED&TRUSTED&NOT_VCN_MANAGED&NOT_BANDWIDTH_CONSTRAINED Uid: 10230 RequestorUid: 1000 RequestorPkg: android UnderlyingNetworks: Null] ]
04-12 20:39:54.373662  1706  2133 D UntrustedWifiNetworkFactory: got request NetworkRequest [ REQUEST id=275, [ Capabilities: INTERNET&NOT_RESTRICTED&TRUSTED&NOT_VCN_MANAGED&NOT_BANDWIDTH_CONSTRAINED Uid: 10230 RequestorUid: 1000 RequestorPkg: android UnderlyingNetworks: Null] ]
04-12 20:39:54.373728  1706  2133 D OemPaidWifiNetworkFactory: got request NetworkRequest [ REQUEST id=275, [ Capabilities: INTERNET&NOT_RESTRICTED&TRUSTED&NOT_VCN_MANAGED&NOT_BANDWIDTH_CONSTRAINED Uid: 10230 RequestorUid: 1000 RequestorPkg: android UnderlyingNetworks: Null] ]
04-12 20:39:54.373767  1706  2133 D MultiInternetWifiNetworkFactory: got request NetworkRequest [ REQUEST id=275, [ Capabilities: INTERNET&NOT_RESTRICTED&TRUSTED&NOT_VCN_MANAGED&NOT_BANDWIDTH_CONSTRAINED Uid: 10230 RequestorUid: 1000 RequestorPkg: android UnderlyingNetworks: Null] ]
04-12 20:39:54.376407  2347  7693 I MagicTether: [AutoDisconnectIntentOperation] Canceling task. [CONTEXT service_id=276 ]
04-12 20:39:54.376506  2347  7693 I MagicTether: (REDACTED) [NotificationPresenter] cancelNotification: %d
04-12 20:39:54.378982  1706  3280 I PMS-OPEN: intent = Intent { act=android.intent.action.MAIN cat=[android.intent.category.HOME] }, n = 2, final suggPkg = null, openWith = false
04-12 20:39:54.379060  1706  3280 D PMS-OPEN: ResolveInfo{d8de73e com.transsion.launcher3/com.android.launcher3.uioverrides.QuickstepLauncher m=0x108000 userHandle=UserHandle{0}}=0 , vs ResolveInfo{9d4899f com.android.settings/.FallbackHome p=-1000 m=0x108000 userHandle=UserHandle{0}}=-1000
04-12 20:39:54.379071  1706  3280 E PMS-OPEN: return higher priority, ri = ResolveInfo{d8de73e com.transsion.launcher3/com.android.launcher3.uioverrides.QuickstepLauncher m=0x108000 userHandle=UserHandle{0}}
04-12 20:39:54.379518  3808  7534 I Thunderbird: (REDACTED) Refreshing ThunderbirdSettings state: %s
04-12 20:39:54.380790  1146  2112 I AF::TrackHandle: opChanged OP_PLAY_AUDIO callback received for 
04-12 20:39:54.381493  1146  2112 I AF::TrackHandle: opChanged OP_PLAY_AUDIO callback received for 
04-12 20:39:54.381843  1146  2112 I AF::TrackHandle: opChanged OP_PLAY_AUDIO callback received for 
04-12 20:39:54.382165  1146  2112 I AF::TrackHandle: opChanged OP_PLAY_AUDIO callback received for 
04-12 20:39:54.382340  1146  2112 I AF::TrackHandle: opChanged OP_PLAY_AUDIO callback received for 
04-12 20:39:54.382506  1146  2112 I AF::TrackHandle: opChanged OP_PLAY_AUDIO callback received for 
04-12 20:39:54.382813  1146  2112 I AF::TrackHandle: opChanged OP_PLAY_AUDIO callback received for 
04-12 20:39:54.383072  1146  2112 I AF::TrackHandle: opChanged OP_PLAY_AUDIO callback received for 
04-12 20:39:54.383340  1146  7350 I AF::TrackHandle: opChanged OP_PLAY_AUDIO callback received for 
04-12 20:39:54.383509  3808  7534 I ActiveUnlock_FeatureEna: (REDACTED) enableSetupEnhancements: %b isAllowlisted: %b hash: %s
04-12 20:39:54.383632  1146  1447 I AF::TrackHandle: opChanged OP_PLAY_AUDIO callback received for 
04-12 20:39:54.383976  1146  1447 I AF::TrackHandle: opChanged OP_PLAY_AUDIO callback received for 
04-12 20:39:54.384463  1146  1447 I AF::TrackHandle: opChanged OP_PLAY_AUDIO callback received for 
04-12 20:39:54.384792  1146  7350 I AF::TrackHandle: opChanged OP_PLAY_AUDIO callback received for 
04-12 20:39:54.384916  5778  5910 W JobInfo : Requested important-while-foreground flag for job56 is ignored and takes no effect
04-12 20:39:54.385840  2707  2707 D TileServices: Couldn't find tile for ComponentInfo{com.google.android.apps.wellbeing/com.google.android.apps.wellbeing.screen.ui.GrayscaleTileService}(0)
04-12 20:39:54.385921  1146  1447 I AF::TrackHandle: opChanged OP_PLAY_AUDIO callback received for 
04-12 20:39:54.386632  3808  7534 W ChimeraUtils: Module com.google.android.gms.activeunlock_primary missing resource null(0)
04-12 20:39:54.386792  3808  7534 I ActiveUnlock_FeatureEna: (REDACTED) enableSetupEnhancements: %b isAllowlisted: %b hash: %s
04-12 20:39:54.387467  1146  2112 I AF::TrackHandle: opChanged OP_PLAY_AUDIO callback received for 
04-12 20:39:54.388103  2347  7548 I AlarmManager: set [name: SystemMemoryCache type: 2 triggerAtMillis: 315360037162 windowMillis: -1 intervalMillis: 0]
04-12 20:39:54.388311  1146  2112 I AF::TrackHandle: opChanged OP_PLAY_AUDIO callback received for 
04-12 20:39:54.388691  8444  8444 W id.apps.tachyon: Failed to find entry 'classes.dex': Entry not found
04-12 20:39:54.389041  8444  8444 W id.apps.tachyon: Failed to find entry 'classes.dex': Entry not found
04-12 20:39:54.389246  8444  8444 W id.apps.tachyon: Failed to find entry 'classes.dex': Entry not found
04-12 20:39:54.389927  3808  7778 W Pay     : Active account was null, notification task will be cancelled. [CONTEXT service_id=198 ]
04-12 20:39:54.390008  3808  7778 W Pay     : [eMoney card recovery task] exiting without init: active tapandpay account not found! [CONTEXT service_id=198 ]
04-12 20:39:54.390595  3808  7534 I Trustlet_Onbody: (REDACTED) onbodyAlreadySet: %s
04-12 20:39:54.391053  8444  8444 D nativeloader: Configuring clns-9 for other apk /data/app/~~nLqMCRETXIazeD-LoKtqiA==/com.google.android.apps.tachyon-CrTetRx4B3Wq-7TnPRNPnA==/base.apk:/data/app/~~nLqMCRETXIazeD-LoKtqiA==/com.google.android.apps.tachyon-CrTetRx4B3Wq-7TnPRNPnA==/split_config.arm64_v8a.apk:/data/app/~~nLqMCRETXIazeD-LoKtqiA==/com.google.android.apps.tachyon-CrTetRx4B3Wq-7TnPRNPnA==/split_config.xxhdpi.apk:/data/app/~~nLqMCRETXIazeD-LoKtqiA==/com.google.android.apps.tachyon-CrTetRx4B3Wq-7TnPRNPnA==/split_config.zh.apk. target_sdk_version=36, uses_libraries=libOpenCL.so, library_path=/data/app/~~nLqMCRETXIazeD-LoKtqiA==/com.google.android.apps.tachyon-CrTetRx4B3Wq-7TnPRNPnA==/lib/arm64:/data/app/~~nLqMCRETXIazeD-LoKtqiA==/com.google.android.apps.tachyon-CrTetRx4B3Wq-7TnPRNPnA==/base.apk!/lib/arm64-v8a:/data/app/~~nLqMCRETXIazeD-LoKtqiA==/com.google.android.apps.tachyon-CrTetRx4B3Wq-7TnPRNPnA==/split_config.arm64_v8a.apk!/lib/arm64-v8a:/data/app/~~nLqMCRETXIazeD-LoKtqiA==/com.google.android.apps.tachyon-CrTetRx4B3Wq-7TnPRNPnA==/split_config.xxh
04-12 20:39:54.391951  8211  8380 I LogHandler/AbstractLogInstance: getResponse, responseStr = set_storage_path,/data,1 and waiting time remaining = 14900
04-12 20:39:54.392021  8211  8380 I LogHandler/AbstractLogInstance: -->executeCommand(), command = deep_start, isWaitingResponse = true
