04-12 20:39:52.565580  2579  2579 D TNP     : onNetworkNeeded: Not applied. [NetworkRequest [ REQUEST id=233, [ Capabilities: INTERNET&NOT_RESTRICTED&TRUSTED&NOT_VCN_MANAGED&NOT_BANDWIDTH_CONSTRAINED Uid: 10190 RequestorUid: 10190 RequestorPkg: com.transsion.aivoiceassistant UnderlyingNetworks: Null] ], mPriority=0, state=UNSATISFIED, mAttachedDataNetwork=null, created time=20:39:52.565, evaluation result=null]
04-12 20:39:52.565664  2579  2579 D TNP     : onNetworkNeeded: Not applied. [NetworkRequest [ REQUEST id=237, [ Transports: SATELLITE Capabilities: INTERNET&NOT_RESTRICTED&TRUSTED&NOT_VCN_MANAGED Uid: 10232 RequestorUid: 10232 RequestorPkg: com.google.android.gms UnderlyingNetworks: Null] ], mPriority=0, state=UNSATISFIED, mAttachedDataNetwork=null, created time=20:39:52.565, evaluation result=null]
04-12 20:39:52.565783  2579  2579 D TNP     : onNetworkNeeded: Not applied. [NetworkRequest [ REQUEST id=242, [ Capabilities: INTERNET&NOT_RESTRICTED&TRUSTED&NOT_VCN_MANAGED&NOT_BANDWIDTH_CONSTRAINED Uid: 10256 RequestorUid: 10256 RequestorPkg: com.rlk.weathers UnderlyingNetworks: Null] ], mPriority=0, state=UNSATISFIED, mAttachedDataNetwork=null, created time=20:39:52.565, evaluation result=null]
04-12 20:39:52.565888  2579  2579 D TNP     : onNetworkNeeded: Not applied. [NetworkRequest [ REQUEST id=245, [ Capabilities: INTERNET&NOT_RESTRICTED&TRUSTED&NOT_VCN_MANAGED&NOT_BANDWIDTH_CONSTRAINED Uid: 10233 RequestorUid: 10233 RequestorPkg: com.google.android.googlequicksearchbox UnderlyingNetworks: Null] ], mPriority=0, state=UNSATISFIED, mAttachedDataNetwork=null, created time=20:39:52.565, evaluation result=null]
04-12 20:39:52.565996  2579  2579 D TNP     : onNetworkNeeded: Not applied. [NetworkRequest [ REQUEST id=248, [ Transports: SATELLITE Capabilities: INTERNET&NOT_RESTRICTED&TRUSTED&NOT_VCN_MANAGED Uid: 10232 RequestorUid: 10232 RequestorPkg: com.google.android.gms UnderlyingNetworks: Null] ], mPriority=0, state=UNSATISFIED, mAttachedDataNetwork=null, created time=20:39:52.565, evaluation result=null]
04-12 20:39:52.566681  2579  2579 D TNP     : onNetworkNeeded: Not applied. [NetworkRequest [ REQUEST id=252, [ Transports: SATELLITE Capabilities: INTERNET&NOT_RESTRICTED&TRUSTED&NOT_VCN_MANAGED Uid: 10232 RequestorUid: 10232 RequestorPkg: com.google.android.gms UnderlyingNetworks: Null] ], mPriority=0, state=UNSATISFIED, mAttachedDataNetwork=null, created time=20:39:52.565, evaluation result=null]
04-12 20:39:52.716745  2579  2579 D TNP     : onNetworkNeeded: Not applied. [NetworkRequest [ REQUEST id=256, [ Capabilities: INTERNET&NOT_RESTRICTED&TRUSTED&NOT_VCN_MANAGED&NOT_BANDWIDTH_CONSTRAINED Uid: 10233 RequestorUid: 10233 RequestorPkg: com.google.android.googlequicksearchbox UnderlyingNetworks: Null] ], mPriority=0, state=UNSATISFIED, mAttachedDataNetwork=null, created time=20:39:52.716, evaluation result=null]
04-12 20:39:52.737968  2579  2579 D TNP     : onNetworkNeeded: Not applied. [NetworkRequest [ REQUEST id=259, [ Capabilities: INTERNET&NOT_RESTRICTED&TRUSTED&NOT_VCN_MANAGED&NOT_BANDWIDTH_CONSTRAINED Uid: 10250 RequestorUid: 1000 RequestorPkg: android UnderlyingNetworks: Null] ], mPriority=0, state=UNSATISFIED, mAttachedDataNetwork=null, created time=20:39:52.737, evaluation result=null]
04-12 20:39:53.008501  2579  2579 I RILJ    : [0241]> GET_CELL_INFO_LIST [PHONE0]
04-12 20:39:53.008909  1284  1714 I AT      : SEND MSGID=0423 [NW_GET_BASE_STATIONS_REQ], TXID=0224 [RFXSender_1], DUMP=84195424000000000100230424020000
04-12 20:39:53.016215  1284  1677 I AT      : RECV MSGID=0424 [NW_GET_BASE_STATIONS_CNF], TXID=0224, DUMP=84195424000000000102240424026001000004002A2A2A2A020104002A2A2A2A03819C002A2A2A2A2A2A2A2A2A2A2A2A2A2A2A2A2A2A2A2A2A2A2A2A2A2A2A2A2A2A2A2A2A2A2A2A2A2A2A2A2A2A2A2A2A2A2A2A2A2A2A2A2A2A2A2A2A2A2A2A2A2A2A2A2A2A2A2A2A2A2A2A2A2A2A2A2A2A2A2A2A2A2A2A2A2A2A2A2A2A2A2A2A2A2A2A2A2A2A2A2A2A2A2A2A2A2A2A2A2A2A2A2A2A2A2A2A2A2A2A2A2A2A2A2A2A2A2A2A2A2A2A2A2A2A2A2A2A2A2A2A2A2A2A2A2A2A2A2A2A2A2A2A2A2A2A108100002A2A2A2A2A2A2A2A2A2A2A2AFFFF9C002A2A2A2A2A2A2A2A2A2A2A2A2A2A2A2A2A2A2A2A2A2A2A2A2A2A2A2A2A2A2A2A2A2A2A2A2A2A2A2A2A2A2A2A2A2A2A2A2A2A2A2A2A2A2A2A2A2A2A2A2A2A2A2A2A2A2A2A2A2A2A2A2A2A2A2A2A2A2A2A2A2A2A2A2A2A2A2A2A2A2A2A2A2A2A2A2A2A2A2A2A2A2A2A2A2A2A2A2A2A2A2A2A2A2A2A2A2A2A2A2A2A2A2A2A2A2A2A2A2A2A2A2A2A2A2A2A2A2A2A2A2A2A2A2A2A2A2A2A2A2A2A2A2A2A2A
04-12 20:39:53.016491  1284  1714 D RmmNwReqHdlr: [0] requestGetCellInfoList +++++, num=1
04-12 20:39:53.016526  1284  1714 I AT      : SEND MSGID=0429 [NW_GET_PROVIDER_NAME_REQ], TXID=0225 [RFXSender_1], DUMP=84195424000000000100290425021800000106003436303031000000000000000201010001000000
04-12 20:39:53.019455  1284  1677 I AT      : RECV MSGID=042a [NW_GET_PROVIDER_NAME_CNF], TXID=0225, DUMP=841954240000000001022A04250218010000040000000000008107002A2A2A2A2A2A2A0000000000018104002A2A2A2A028107002A2A2A2A2A2A2A000000000003810B002A2A2A2A2A2A2A2A2A2A2A00068178002A2A2A2A2A2A2A2A2A2A2A2A2A2A2A2A2A2A2A2A2A2A2A2A2A2A2A2A2A2A2A2A2A2A2A2A2A2A2A2A2A2A2A2A2A2A2A2A2A2A2A2A2A2A2A2A2A2A2A2A2A2A2A2A2A2A2A2A2A2A2A2A2A2A2A2A2A2A2A2A2A2A2A2A2A2A2A2A2A2A2A2A2A2A2A2A2A2A2A2A2A2A2A2A2A2A2A2A2A2A2A2A2A2A2A2A2A2A2A2A00000000070101000300000008010700554E49434F4D00000000000009010100030000000A010B0043484E2D554E49434F4D00000B010100030000000C8107002A2A2A2A2A2A2A00000000000D810B002A2A2A2A2A2A2A2A2A2A2A00
04-12 20:39:53.019819  1284  1714 D RmmNwHdlr: [0] matchPlmnName: expected[6],result[4]
04-12 20:39:53.021880  2579  2860 I RILJ    : [0241]< GET_CELL_INFO_LIST [CellInfoWcdma:{mRegistered=NO mTimeStamp=35795621617ns mCellConnectionStatus=1 CellIdentityWcdma:{ mLac=43076 mCid=12266755 mPsc=116 mUarfcn=10763 mMcc=460 mMnc=01 mAlphaLong=CHN-UNICOM mAlphaShort=UNICOM mAdditionalPlmns={} mCsgInfo=null} CellSignalStrengthWcdma: ss=-93 ber=99 rscp=-92 ecno=-4 level=2}] [PHONE0]
04-12 20:39:53.025086  2579  2579 D LocaleTracker-0: processCellInfo: cell info=[CellInfoWcdma:{mRegistered=NO mTimeStamp=35795621617ns mCellConnectionStatus=1 CellIdentityWcdma:{ mLac=43076 mCid=12266755 mPsc=116 mUarfcn=10763 mMcc=460 mMnc=01 mAlphaLong=CHN-UNICOM mAlphaShort=UNICOM mAdditionalPlmns={} mCsgInfo=null} CellSignalStrengthWcdma: ss=-93 ber=99 rscp=-92 ecno=-4 level=2}]
04-12 20:39:53.025162  2579  2579 D LocaleTracker-0: updateLocale: countryIso = cn, countryIsoDebugInfo = CellInfo: MccTable.geoCountryCodeForMccMnc(MccMnc{mcc='460', mnc='01'})
04-12 20:39:53.025170  2579  2579 D LocaleTracker-0: updateLocale: timeZoneCountryIso = cn, timeZoneCountryIsoDebugInfo = CellInfo: MccTable.geoCountryCodeForMccMnc(MccMnc{mcc='460', mnc='01'})
04-12 20:39:53.025196  2579  2579 D NitzStateMachineImpl: handleCountryDetected: countryIsoCode=cn, mLatestNitzSignal=null
04-12 20:39:53.299493  2579  2579 D TNP     : onNetworkNeeded: Not applied. [NetworkRequest [ REQUEST id=265, [ Transports: SATELLITE Capabilities: INTERNET&NOT_RESTRICTED&TRUSTED&NOT_VCN_MANAGED Uid: 10232 RequestorUid: 10232 RequestorPkg: com.google.android.gms UnderlyingNetworks: Null] ], mPriority=0, state=UNSATISFIED, mAttachedDataNetwork=null, created time=20:39:53.299, evaluation result=null]
04-12 20:39:53.303694  2612  2773 I ImsLocationHandler: proxyAppLocationGranted: false
04-12 20:39:53.304434  2612  2773 I ImsLocationHandler: isEccInProgress: false, redialECC: false
04-12 20:39:53.304481  2612  2773 E ImsLocationHandler: isGetLocationAlways: SIM not ready, use default carrier config
04-12 20:39:53.304511  2612  2773 I ImsLocationHandler: isGetLocationAlways: false
04-12 20:39:53.305008  2612  2773 W ImsLocationHandler: requestLocationFromNetworkLocation failed: is NOT in ECC & non-framework location proxy app is NOT granted
04-12 20:39:53.518984  2579  2579 D TNP     : onNetworkNeeded: Not applied. [NetworkRequest [ REQUEST id=267, [ Capabilities: INTERNET&NOT_RESTRICTED&TRUSTED&NOT_VCN_MANAGED&NOT_BANDWIDTH_CONSTRAINED Uid: 10281 RequestorUid: 1000 RequestorPkg: android UnderlyingNetworks: Null] ], mPriority=0, state=UNSATISFIED, mAttachedDataNetwork=null, created time=20:39:53.518, evaluation result=null]
04-12 20:39:53.582164  2579  2579 D TNP     : onNetworkNeeded: Not applied. [NetworkRequest [ REQUEST id=269, [ Capabilities: INTERNET&NOT_RESTRICTED&TRUSTED&NOT_VCN_MANAGED&NOT_BANDWIDTH_CONSTRAINED Uid: 10281 RequestorUid: 10281 RequestorPkg: com.google.android.rkpdapp UnderlyingNetworks: Null] ], mPriority=0, state=UNSATISFIED, mAttachedDataNetwork=null, created time=20:39:53.581, evaluation result=null]
04-12 20:39:53.918883  2579  3663 E SMSVC   : getActiveSubscriptionInfoList: com.transsnet.store does not have enough permission. Returning empty list here.
04-12 20:39:53.942787  2579  2579 D TNP     : onNetworkNeeded: Not applied. [NetworkRequest [ REQUEST id=272, [ Transports: SATELLITE Capabilities: INTERNET&NOT_RESTRICTED&TRUSTED&NOT_VCN_MANAGED Uid: 10232 RequestorUid: 10232 RequestorPkg: com.google.android.gms UnderlyingNetworks: Null] ], mPriority=0, state=UNSATISFIED, mAttachedDataNetwork=null, created time=20:39:53.942, evaluation result=null]
04-12 20:39:54.374196  2579  2579 D TNP     : onNetworkNeeded: Not applied. [NetworkRequest [ REQUEST id=275, [ Capabilities: INTERNET&NOT_RESTRICTED&TRUSTED&NOT_VCN_MANAGED&NOT_BANDWIDTH_CONSTRAINED Uid: 10230 RequestorUid: 1000 RequestorPkg: android UnderlyingNetworks: Null] ], mPriority=0, state=UNSATISFIED, mAttachedDataNetwork=null, created time=20:39:54.373, evaluation result=null]
04-12 20:39:54.584722  2579  2579 D TNP     : onNetworkNeeded: Not applied. [NetworkRequest [ REQUEST id=277, [ Capabilities: INTERNET&NOT_RESTRICTED&TRUSTED&NOT_VCN_MANAGED&NOT_BANDWIDTH_CONSTRAINED Uid: 10254 RequestorUid: 10254 RequestorPkg: com.google.android.apps.tachyon UnderlyingNetworks: Null] ], mPriority=0, state=UNSATISFIED, mAttachedDataNetwork=null, created time=20:39:54.584, evaluation result=null]
04-12 20:39:55.287299  1706  2266 D TelephonyRegistry: listen oscl: mHasNotifySubscriptionInfoChangedOccurred==false no callback
04-12 20:39:55.708000  1284  1677 I AT      : RECV MSGID=4402 [NW_SIGNAL_IND], TXID=ffff, DUMP=841954240000000001030244FFFF30010401040005000000050104000500000006010400000000000701040002000000080104000000000009010100010000000B0110000A000000630000001D0000002A000000000000000E0135001D0000002A0000000100000090FEFFFFF2FFFFFF010000000100000004000000000000000100000000000000000000000000000001000000000000000F01010001000000140100000000000000000000FF7F0100FF7F35001D0000002A0000000100000090FEFFFFF2FFFFFF01000000010000000400000000000000010000000000000000000000000000000100000000000000170100000000000000000000FE7F0100FE7F38001D0000002A0000000100000090FEFFFFF2FFFFFF01000000010000000400000000000000010000000000000000000000000000000100000000000000
04-12 20:39:55.708824  1284  1691 D RmmNwUrcHdlr: [0] [handleSignalStrength]:sigRegisted[0000], sigUpdated[0X04]
04-12 20:39:55.710347  2579  2579 D MtkSSCtr: [0] old:{level:4, raw:SignalStrength:{mAverageLevel=4mCdma=CellSignalStrengthCdma: cdmaDbm=2147483647 cdmaEcio=2147483647 evdoDbm=2147483647 evdoEcio=2147483647 evdoSnr=2147483647 level=0,mGsm=CellSignalStrengthGsm: rssi=2147483647 ber=2147483647 mTa=2147483647 mLevel=0,mWcdma=CellSignalStrengthWcdma: ss=-93 ber=99 rscp=-92 ecno=-4 level=2,mTdscdma=CellSignalStrengthTdscdma: rssi=2147483647 ber=2147483647 rscp=2147483647 level=0,mLte=CellSignalStrengthLte: rssi=2147483647 rsrp=2147483647 rsrq=2147483647 rssnr=2147483647 cqiTableIndex=2147483647 cqi=2147483647 ta=2147483647 level=0 parametersUseForLevel=1,mNr=CellSignalStrengthNr:{ csiRsrp = 2147483647 csiRsrq = 2147483647 csiCqiTableIndex = 2147483647 csiCqiReport = [] ssRsrp = 2147483647 ssRsrq = 2147483647 ssSinr = 2147483647 level = 0 parametersUseForLevel = 1 timingAdvance = 2147483647 },primary=CellSignalStrengthWcdma}}
04-12 20:39:55.710547  2579  2579 D TranSignalSmooth: [calculateDalayLevel] averageLevel: 4, level: 3
04-12 20:39:55.716780  2579  2579 D MtkSSCtr: [0] new:{level:4, raw:SignalStrength:{mAverageLevel=4mCdma=CellSignalStrengthCdma: cdmaDbm=2147483647 cdmaEcio=2147483647 evdoDbm=2147483647 evdoEcio=2147483647 evdoSnr=2147483647 level=0,mGsm=CellSignalStrengthGsm: rssi=2147483647 ber=2147483647 mTa=2147483647 mLevel=0,mWcdma=CellSignalStrengthWcdma: ss=-93 ber=99 rscp=-91 ecno=-3 level=2,mTdscdma=CellSignalStrengthTdscdma: rssi=2147483647 ber=2147483647 rscp=2147483647 level=0,mLte=CellSignalStrengthLte: rssi=2147483647 rsrp=2147483647 rsrq=2147483647 rssnr=2147483647 cqiTableIndex=2147483647 cqi=2147483647 ta=2147483647 level=0 parametersUseForLevel=1,mNr=CellSignalStrengthNr:{ csiRsrp = 2147483647 csiRsrq = 2147483647 csiCqiTableIndex = 2147483647 csiCqiReport = [] ssRsrp = 2147483647 ssRsrq = 2147483647 ssSinr = 2147483647 level = 0 parametersUseForLevel = 1 timingAdvance = 2147483647 },primary=CellSignalStrengthWcdma}}, 
04-12 20:39:55.729349  2579  2579 D TNP     : onNetworkNeeded: Not applied. [NetworkRequest [ REQUEST id=280, [ Capabilities: INTERNET&NOT_RESTRICTED&TRUSTED&NOT_VCN_MANAGED&NOT_BANDWIDTH_CONSTRAINED Uid: 10254 RequestorUid: 1000 RequestorPkg: android UnderlyingNetworks: Null] ], mPriority=0, state=UNSATISFIED, mAttachedDataNetwork=null, created time=20:39:55.729, evaluation result=null]
04-12 20:39:55.733144  1706  3616 W TelephonyRegistry: Pid 1706 has exceeded half the number of permissible registered listeners. Now at 51
04-12 20:39:55.733156  1706  3616 D TelephonyRegistry: listen oscl: mHasNotifySubscriptionInfoChangedOccurred==false no callback
04-12 20:39:55.747586  2579  2579 D TNP     : onNetworkNeeded: Not applied. [NetworkRequest [ REQUEST id=285, [ Capabilities: INTERNET&NOT_RESTRICTED&TRUSTED&NOT_VCN_MANAGED&NOT_BANDWIDTH_CONSTRAINED Uid: 1000 RequestorUid: 1000 RequestorPkg: android UnderlyingNetworks: Null] ], mPriority=0, state=UNSATISFIED, mAttachedDataNetwork=null, created time=20:39:55.747, evaluation result=null]
04-12 20:39:55.767860  2579  2579 D TNP     : onNetworkNeeded: Not applied. [NetworkRequest [ REQUEST id=287, [ Capabilities: INTERNET&NOT_RESTRICTED&TRUSTED&NOT_VCN_MANAGED&NOT_BANDWIDTH_CONSTRAINED Uid: 10254 RequestorUid: 10254 RequestorPkg: com.google.android.apps.tachyon UnderlyingNetworks: Null] ], mPriority=0, state=UNSATISFIED, mAttachedDataNetwork=null, created time=20:39:55.767, evaluation result=null]
04-12 20:39:56.308673  2612  2773 I ImsLocationHandler: proxyAppLocationGranted: false
04-12 20:39:56.309556  2612  2773 I ImsLocationHandler: isEccInProgress: false, redialECC: false
04-12 20:39:56.309611  2612  2773 E ImsLocationHandler: isGetLocationAlways: SIM not ready, use default carrier config
04-12 20:39:56.309626  2612  2773 I ImsLocationHandler: isGetLocationAlways: false
04-12 20:39:56.311472  2612  2773 W ImsLocationHandler: requestLocationFromNetworkLocation failed: is NOT in ECC & non-framework location proxy app is NOT granted
04-12 20:39:57.469651  2579  2860 E SMSVC   : getActiveSubscriptionInfoList: com.transsion.deskclock does not have enough permission. Returning empty list here.
04-12 20:39:57.994445  2579  2579 I RILJ    : [0242]> GET_CELL_INFO_LIST [PHONE0]
04-12 20:39:57.995100  1284  1714 I AT      : SEND MSGID=0423 [NW_GET_BASE_STATIONS_REQ], TXID=0226 [RFXSender_1], DUMP=84195424000000000100230426020000
04-12 20:39:58.002392  1284  1677 I AT      : RECV MSGID=0424 [NW_GET_BASE_STATIONS_CNF], TXID=0226, DUMP=84195424000000000102240426026001000004002A2A2A2A020104002A2A2A2A03819C002A2A2A2A2A2A2A2A2A2A2A2A2A2A2A2A2A2A2A2A2A2A2A2A2A2A2A2A2A2A2A2A2A2A2A2A2A2A2A2A2A2A2A2A2A2A2A2A2A2A2A2A2A2A2A2A2A2A2A2A2A2A2A2A2A2A2A2A2A2A2A2A2A2A2A2A2A2A2A2A2A2A2A2A2A2A2A2A2A2A2A2A2A2A2A2A2A2A2A2A2A2A2A2A2A2A2A2A2A2A2A2A2A2A2A2A2A2A2A2A2A2A2A2A2A2A2A2A2A2A2A2A2A2A2A2A2A2A2A2A2A2A2A2A2A2A2A2A2A2A2A2A2A2A2A2A108100002A2A2A2A2A2A2A2A2A2A2A2AFFFF9C002A2A2A2A2A2A2A2A2A2A2A2A2A2A2A2A2A2A2A2A2A2A2A2A2A2A2A2A2A2A2A2A2A2A2A2A2A2A2A2A2A2A2A2A2A2A2A2A2A2A2A2A2A2A2A2A2A2A2A2A2A2A2A2A2A2A2A2A2A2A2A2A2A2A2A2A2A2A2A2A2A2A2A2A2A2A2A2A2A2A2A2A2A2A2A2A2A2A2A2A2A2A2A2A2A2A2A2A2A2A2A2A2A2A2A2A2A2A2A2A2A2A2A2A2A2A2A2A2A2A2A2A2A2A2A2A2A2A2A2A2A2A2A2A2A2A2A2A2A2A2A2A2A2A2A2A
04-12 20:39:58.002782  1284  1714 D RmmNwReqHdlr: [0] requestGetCellInfoList +++++, num=1
04-12 20:39:58.002860  1284  1714 I AT      : SEND MSGID=0429 [NW_GET_PROVIDER_NAME_REQ], TXID=0227 [RFXSender_1], DUMP=84195424000000000100290427021800000106003436303031000000000000000201010001000000
04-12 20:39:58.004809  1284  1677 I AT      : RECV MSGID=042a [NW_GET_PROVIDER_NAME_CNF], TXID=0227, DUMP=841954240000000001022A04270218010000040000000000008107002A2A2A2A2A2A2A0000000000018104002A2A2A2A028107002A2A2A2A2A2A2A000000000003810B002A2A2A2A2A2A2A2A2A2A2A00068178002A2A2A2A2A2A2A2A2A2A2A2A2A2A2A2A2A2A2A2A2A2A2A2A2A2A2A2A2A2A2A2A2A2A2A2A2A2A2A2A2A2A2A2A2A2A2A2A2A2A2A2A2A2A2A2A2A2A2A2A2A2A2A2A2A2A2A2A2A2A2A2A2A2A2A2A2A2A2A2A2A2A2A2A2A2A2A2A2A2A2A2A2A2A2A2A2A2A2A2A2A2A2A2A2A2A2A2A2A2A2A2A2A2A2A2A2A2A2A2A00000000070101000300000008010700554E49434F4D00000000000009010100030000000A010B0043484E2D554E49434F4D00000B010100030000000C8107002A2A2A2A2A2A2A00000000000D810B002A2A2A2A2A2A2A2A2A2A2A00
04-12 20:39:58.004905  1284  1714 D RmmNwHdlr: [0] matchPlmnName: expected[6],result[4]
04-12 20:39:58.005503  2579  2860 I RILJ    : [0242]< GET_CELL_INFO_LIST [CellInfoWcdma:{mRegistered=NO mTimeStamp=40779290848ns mCellConnectionStatus=1 CellIdentityWcdma:{ mLac=43076 mCid=12266755 mPsc=116 mUarfcn=10763 mMcc=460 mMnc=01 mAlphaLong=CHN-UNICOM mAlphaShort=UNICOM mAdditionalPlmns={} mCsgInfo=null} CellSignalStrengthWcdma: ss=-91 ber=99 rscp=-91 ecno=-3 level=2}] [PHONE0]
04-12 20:39:58.006723  2579  2579 D LocaleTracker-0: processCellInfo: cell info=[CellInfoWcdma:{mRegistered=NO mTimeStamp=40779290848ns mCellConnectionStatus=1 CellIdentityWcdma:{ mLac=43076 mCid=12266755 mPsc=116 mUarfcn=10763 mMcc=460 mMnc=01 mAlphaLong=CHN-UNICOM mAlphaShort=UNICOM mAdditionalPlmns={} mCsgInfo=null} CellSignalStrengthWcdma: ss=-91 ber=99 rscp=-91 ecno=-3 level=2}]
04-12 20:39:58.006970  2579  2579 D LocaleTracker-0: updateLocale: countryIso = cn, countryIsoDebugInfo = CellInfo: MccTable.geoCountryCodeForMccMnc(MccMnc{mcc='460', mnc='01'})
04-12 20:39:58.007014  2579  2579 D LocaleTracker-0: updateLocale: timeZoneCountryIso = cn, timeZoneCountryIsoDebugInfo = CellInfo: MccTable.geoCountryCodeForMccMnc(MccMnc{mcc='460', mnc='01'})
04-12 20:39:58.007027  2579  2579 D NitzStateMachineImpl: handleCountryDetected: countryIsoCode=cn, mLatestNitzSignal=null
04-12 20:39:59.315382  2612  2773 I ImsLocationHandler: proxyAppLocationGranted: false
04-12 20:39:59.317382  2612  2773 I ImsLocationHandler: isEccInProgress: false, redialECC: false
04-12 20:39:59.317426  2612  2773 E ImsLocationHandler: isGetLocationAlways: SIM not ready, use default carrier config
04-12 20:39:59.317452  2612  2773 I ImsLocationHandler: isGetLocationAlways: false
04-12 20:39:59.317961  2612  2773 W ImsLocationHandler: requestLocationFromNetworkLocation failed: is NOT in ECC & non-framework location proxy app is NOT granted
04-12 20:40:00.827099  1284  1677 I AT      : RECV MSGID=4402 [NW_SIGNAL_IND], TXID=ffff, DUMP=841954240000000001030244FFFF30010401040005000000050104000500000006010400000000000701040002000000080104000000000009010100010000000B0110000A000000630000001C0000002C000000000000000E0135001C0000002C000000010000008FFEFFFFF6FFFFFF010000000100000004000000000000000100000000000000000000000000000001000000000000000F01010001000000140100000000000000000000FF7F0100FF7F35001C0000002C000000010000008FFEFFFFF6FFFFFF01000000010000000400000000000000010000000000000000000000000000000100000000000000170100000000000000000000FE7F0100FE7F38001C0000002C000000010000008FFEFFFFF6FFFFFF01000000010000000400000000000000010000000000000000000000000000000100000000000000
04-12 20:40:00.827831  1284  1691 D RmmNwUrcHdlr: [0] [handleSignalStrength]:sigRegisted[0000], sigUpdated[0X04]
04-12 20:40:00.829374  2579  2579 D MtkSSCtr: [0] old:{level:4, raw:SignalStrength:{mAverageLevel=4mCdma=CellSignalStrengthCdma: cdmaDbm=2147483647 cdmaEcio=2147483647 evdoDbm=2147483647 evdoEcio=2147483647 evdoSnr=2147483647 level=0,mGsm=CellSignalStrengthGsm: rssi=2147483647 ber=2147483647 mTa=2147483647 mLevel=0,mWcdma=CellSignalStrengthWcdma: ss=-93 ber=99 rscp=-91 ecno=-3 level=2,mTdscdma=CellSignalStrengthTdscdma: rssi=2147483647 ber=2147483647 rscp=2147483647 level=0,mLte=CellSignalStrengthLte: rssi=2147483647 rsrp=2147483647 rsrq=2147483647 rssnr=2147483647 cqiTableIndex=2147483647 cqi=2147483647 ta=2147483647 level=0 parametersUseForLevel=1,mNr=CellSignalStrengthNr:{ csiRsrp = 2147483647 csiRsrq = 2147483647 csiCqiTableIndex = 2147483647 csiCqiReport = [] ssRsrp = 2147483647 ssRsrq = 2147483647 ssSinr = 2147483647 level = 0 parametersUseForLevel = 1 timingAdvance = 2147483647 },primary=CellSignalStrengthWcdma}}
04-12 20:40:00.830020  2579  2579 D TranSignalSmooth: [calculateDalayLevel] averageLevel: 4, level: 3
04-12 20:40:00.832839  2579  2579 D MtkSSCtr: [0] new:{level:4, raw:SignalStrength:{mAverageLevel=4mCdma=CellSignalStrengthCdma: cdmaDbm=2147483647 cdmaEcio=2147483647 evdoDbm=2147483647 evdoEcio=2147483647 evdoSnr=2147483647 level=0,mGsm=CellSignalStrengthGsm: rssi=2147483647 ber=2147483647 mTa=2147483647 mLevel=0,mWcdma=CellSignalStrengthWcdma: ss=-93 ber=99 rscp=-92 ecno=-2 level=2,mTdscdma=CellSignalStrengthTdscdma: rssi=2147483647 ber=2147483647 rscp=2147483647 level=0,mLte=CellSignalStrengthLte: rssi=2147483647 rsrp=2147483647 rsrq=2147483647 rssnr=2147483647 cqiTableIndex=2147483647 cqi=2147483647 ta=2147483647 level=0 parametersUseForLevel=1,mNr=CellSignalStrengthNr:{ csiRsrp = 2147483647 csiRsrq = 2147483647 csiCqiTableIndex = 2147483647 csiCqiReport = [] ssRsrp = 2147483647 ssRsrq = 2147483647 ssSinr = 2147483647 level = 0 parametersUseForLevel = 1 timingAdvance = 2147483647 },primary=CellSignalStrengthWcdma}}, 
04-12 20:40:01.893616  2579  2579 D TNP     : onNetworkNeeded: Not applied. [NetworkRequest [ REQUEST id=289, [ Capabilities: INTERNET&NOT_RESTRICTED&TRUSTED&NOT_VCN_MANAGED&NOT_BANDWIDTH_CONSTRAINED Uid: 10231 RequestorUid: 10231 RequestorPkg: com.android.vending UnderlyingNetworks: Null] ], mPriority=0, state=UNSATISFIED, mAttachedDataNetwork=null, created time=20:40:01.893, evaluation result=null]
04-12 20:40:01.905685  2579  2579 D TNP     : onNetworkNeeded: Not applied. [NetworkRequest [ REQUEST id=291, [ Capabilities: INTERNET&NOT_RESTRICTED&TRUSTED&NOT_VCN_MANAGED&NOT_BANDWIDTH_CONSTRAINED Uid: 10231 RequestorUid: 10231 RequestorPkg: com.android.vending UnderlyingNetworks: Null] ], mPriority=0, state=UNSATISFIED, mAttachedDataNetwork=null, created time=20:40:01.905, evaluation result=null]
04-12 20:40:01.913424  1706  2266 D TelephonyRegistry: listen oscl: mHasNotifySubscriptionInfoChangedOccurred==false no callback
