04-12 20:39:46.272349  1284  1727 I AT      : [1] AT< OK (RIL_CMD2_READER_1, tid:505072528320)
04-12 20:39:46.272818  2579  2860 I RILJ    : [0232]< OEM_HOOK_STRINGS {+ESIMS: 0} [PHONE1]
04-12 20:39:46.342228  2579  2579 D SAT     : [0]onSimAbsent, reset activation state to UNKNOWN
04-12 20:39:46.342244  2579  2579 D SAT     : [0]setVoiceActivationState=0
04-12 20:39:46.344096  2579  2579 D SAT     : [0]setDataActivationState=0
04-12 20:39:46.344604  2579  2579 D SMSDispatcher: Received broadcast android.intent.action.SIM_STATE_CHANGED
04-12 20:39:46.344671  2579  2579 D SMSDispatcher: Received broadcast android.intent.action.SIM_STATE_CHANGED
04-12 20:39:46.344705  2579  2579 D SMSDispatcher: Received broadcast android.intent.action.SIM_STATE_CHANGED
04-12 20:39:46.344775  2579  2579 D EmergencyNumberTracker: [0][mTranIntentReceiver] intent: Intent { act=android.intent.action.SIM_STATE_CHANGED flg=0x15000010 xflg=0x4 (has extras) }
04-12 20:39:46.348475  2579  2579 D MtkDPM  : DPM-0: mIntentReceiverEx onReceive: action=android.intent.action.SIM_STATE_CHANGED
04-12 20:39:46.348541  2579  2579 D SAT     : [1]onSimAbsent, reset activation state to UNKNOWN
04-12 20:39:46.348549  2579  2579 D SAT     : [1]setVoiceActivationState=0
04-12 20:39:46.348800  2579  2579 D SAT     : [1]setDataActivationState=0
04-12 20:39:46.349064  2579  2579 D SMSDispatcher: Received broadcast android.intent.action.SIM_STATE_CHANGED
04-12 20:39:46.349115  2579  2579 D SMSDispatcher: Received broadcast android.intent.action.SIM_STATE_CHANGED
04-12 20:39:46.349154  2579  2579 D SMSDispatcher: Received broadcast android.intent.action.SIM_STATE_CHANGED
04-12 20:39:46.349228  2579  2579 D EmergencyNumberTracker: [1][mTranIntentReceiver] intent: Intent { act=android.intent.action.SIM_STATE_CHANGED flg=0x15000010 xflg=0x4 (has extras) }
04-12 20:39:46.350429  2579  2579 D MtkDPM  : DPM-1: mIntentReceiverEx onReceive: action=android.intent.action.SIM_STATE_CHANGED
04-12 20:39:46.350458  2579  2579 D MtkDPM  : DPM-1: unregisterForFdnEnableChanged(), already unregistered, skip unregister
04-12 20:39:46.374983  2579  2579 I TranCAT : BootCompletedReceiver: [onReceive] action = android.intent.action.BOOT_COMPLETED
04-12 20:39:46.390878  2579  2579 I TranCAT : BootCompletedReceiver: [ACTION_BOOT_COMPLETED]
04-12 20:39:46.395248  2579  2579 I TranCAT : StkAppService: onCreate()+
04-12 20:39:46.397410  2579  2579 I TranCAT : TranUtils: getMpesaCloudParam: key = key_cloud_mpesa_enable , val = true
04-12 20:39:46.397454  2579  2579 I TranCAT : StkAppService: simCount: 2, maxSimCount: 2, isMpesaSuppport: true
04-12 20:39:46.397539  2579  2579 I TranCAT : StkAppService: mIsMxtcMarket = false ,mIsCoclMarket = false
04-12 20:39:46.417011  2579  2579 I TranCAT : StkAppService: Register for phone state change
04-12 20:39:46.470871  2579  2579 I TranCAT : MpesaViewSwitchManager: sMpesaViewSwitch slotId 0 res = false isSafaricomCard = false
04-12 20:39:46.470980  2579  2579 I TranCAT : MpesaViewSwitchManager: sMpesaViewSwitch slotId 1 res = false isSafaricomCard = false
04-12 20:39:46.471153  2579  2579 I TranCAT : StkAppService: onStart sim id: 0, op: 5, *****
04-12 20:39:46.471194  2579  2579 I TranCAT : StkAppService: mStkService is: -1
04-12 20:39:46.483428  1706  2568 D TelephonyRegistry: listen oscl: mHasNotifySubscriptionInfoChangedOccurred==false no callback
04-12 20:39:46.501908  1076  1088 I mipc_lib: SEND MSGID=1409 [MIPC_LOC_LBS_SYNC_LOCATION_EM_CONFIG_REQ], TXID=0010 [binder:1076_2], DUMP=8419542400000000010009141000100000010400010000000101040000000000
04-12 20:39:46.507420  1076  1813 I mipc_lib: RECV MSGID=140a [MIPC_LOC_LBS_SYNC_LOCATION_EM_CONFIG_CNF], TXID=0010, DUMP=841954240000000001020A1410000800000004006A000000
04-12 20:39:46.566666  2579  2579 I TranCAT : StkAppService: hasSimCard false
04-12 20:39:46.566771  2579  2579 I TranCAT : StkAppInstaller: uninstall stkMain
04-12 20:39:46.566787  2579  2579 I TranCAT : StkAppInstaller: uninstall :255,class: com.android.stk.StkMain
04-12 20:39:46.580873  2579  2579 I TranCAT : StkAppService: onDestroy()
04-12 20:39:46.624848  2579  2579 I TranCAT : StkAppService: unregister for phone state change
04-12 20:39:46.722844  1706  2129 W TelephonyRegistry: Pid 1706 has exceeded half the number of permissible registered listeners. Now at 49
04-12 20:39:46.722863  1706  2129 D TelephonyRegistry: listen oscl: mHasNotifySubscriptionInfoChangedOccurred==false no callback
04-12 20:39:46.904680  2579  2579 D SMSVC   : updateSubscriptionByCarrierConfig: phoneId=0, configPackageName=com.android.carrierconfig
04-12 20:39:46.904713  2579  2579 D SMSVC   : updateSubscriptionByCarrierConfig: No subscription is active for phone being updated.
04-12 20:39:46.904739  2579  2579 D SMSVC   : updateSubscriptionByCarrierConfig: phoneId=1, configPackageName=com.android.carrierconfig
04-12 20:39:46.904748  2579  2579 D SMSVC   : updateSubscriptionByCarrierConfig: No subscription is active for phone being updated.
04-12 20:39:47.090286  2579  2579 D EmergencyNumberTracker: [0][mTranIntentReceiver] intent: Intent { act=android.telephony.action.CARRIER_CONFIG_CHANGED flg=0x15000010 xflg=0x4 (has extras) }
04-12 20:39:47.103487  2579  2579 D MtkTelephonyAssist: MtkPhoneAssistBroadcastReceiver: MtkPhoneAssistBroadcastReceiver action = android.intent.action.BOOT_COMPLETED isSystemUser = true
04-12 20:39:47.155723  2579  2579 I RILJ    : [0233]> VOICE_RADIO_TECH [PHONE0]
04-12 20:39:47.157562  2579  3650 I RILJ    : [0233]< VOICE_RADIO_TECH {1} [PHONE0]
04-12 20:39:47.160161  2579  2579 I GsmCdmaPhone: [0] didn't updateVoNrSettings for add on case, will update by ims.
04-12 20:39:47.173003  2579  2579 I RILJ    : [0234]> GET_RADIO_CAPABILITY [PHONE0]
04-12 20:39:47.175241  2579  3650 I RILJ    : convertHalRadioCapability: session=-1, phase=3, rat=561156, logicModemUuid=modem_sys1_ps0_nr1, status=1, rcRil.raf=1130504 [PHONE0]
04-12 20:39:47.175312  2579  3650 I RILJ    : [0234]< GET_RADIO_CAPABILITY {mPhoneId = 0 mVersion=1 mSession=-1 mPhase=3 mRadioAccessFamily=561156 mLogicModemId=modem_sys1_ps0_nr1 mStatus=1} [PHONE0]
04-12 20:39:47.215833  1706  1706 W TelephonyRegistry: Pid 1706 has exceeded half the number of permissible registered listeners. Now at 50
04-12 20:39:47.215864  1706  1706 D TelephonyRegistry: listen oscl: mHasNotifySubscriptionInfoChangedOccurred==false no callback
04-12 20:39:47.227945  2579  2579 D MtkDPM  : DPM-0: mIntentReceiverEx onReceive: action=android.telephony.action.CARRIER_CONFIG_CHANGED
04-12 20:39:47.228490  2579  2579 D EmergencyNumberTracker: [1][mTranIntentReceiver] intent: Intent { act=android.telephony.action.CARRIER_CONFIG_CHANGED flg=0x15000010 xflg=0x4 (has extras) }
04-12 20:39:47.233930  2579  2579 D MtkDPM  : DPM-1: mIntentReceiverEx onReceive: action=android.telephony.action.CARRIER_CONFIG_CHANGED
04-12 20:39:47.234493  2579  2579 E ImsStateCallbackController: onReceive ACTION_CARRIER_CONFIG_CHANGED invalid subId
04-12 20:39:47.261436  2612  2773 I ImsLocationHandler: proxyAppLocationGranted: false
04-12 20:39:47.264639  2612  2773 I ImsLocationHandler: isEccInProgress: false, redialECC: false
04-12 20:39:47.264718  2612  2773 E ImsLocationHandler: isGetLocationAlways: SIM not ready, use default carrier config
04-12 20:39:47.264759  2612  2773 I ImsLocationHandler: isGetLocationAlways: false
04-12 20:39:47.265192  2612  2773 W ImsLocationHandler: requestLocationFromNetworkLocation failed: is NOT in ECC & non-framework location proxy app is NOT granted
04-12 20:39:47.508115  1076  1088 I mipc_lib: SEND MSGID=1409 [MIPC_LOC_LBS_SYNC_LOCATION_EM_CONFIG_REQ], TXID=0011 [binder:1076_2], DUMP=8419542400000000010009141100100000010400010000000101040000000000
04-12 20:39:47.513482  1076  1813 I mipc_lib: RECV MSGID=140a [MIPC_LOC_LBS_SYNC_LOCATION_EM_CONFIG_CNF], TXID=0011, DUMP=841954240000000001020A1411000800000004006A000000
04-12 20:39:47.659214  2579  2865 E SMSVC   : getActiveSubscriptionInfoList: com.transsion.screenrecorder does not have enough permission. Returning empty list here.
04-12 20:39:48.004938  2579  3075 D MtkRILJ : [0235]> OEM_HOOK_STRINGS strings = AT+TRANCELLBAR=4,3   [PHONE0]
04-12 20:39:48.005193  1284  1694 D RpOemCtlr: [0] onHandleOemHookString, data[0] = AT+TRANCELLBAR=4,3
04-12 20:39:48.005322  1284  1714 I AT      : [0] AT> AT+TRANCELLBAR=4,3 (RIL_CMD_READER_1 tid:505204861888)
04-12 20:39:48.005341  1284  1714 I AT      : SEND MSGID=0003 [SYS_AT_REQ], TXID=0220 [RFXSender_1], DUMP=84195424000000000100030020021800008113002A2A2A2A2A2A2A2A2A2A2A2A2A2A2A2A2A2A2A00
04-12 20:39:48.005716  2579  3075 D MtkRILJ : [0236]> OEM_HOOK_STRINGS strings = AT+TRANCELLBAR=5,3   [PHONE0]
04-12 20:39:48.005851  1284  1694 D RpOemCtlr: [0] onHandleOemHookString, data[0] = AT+TRANCELLBAR=5,3
04-12 20:39:48.006785  1284  1677 I AT      : RECV MSGID=0004 [SYS_AT_CNF], TXID=0220, DUMP=841954240000000001020400200218000000040000000000008107002A2A2A2A2A2A2A0000000000
04-12 20:39:48.006841  1284  1714 I AT      : [0] AT< OK (RIL_CMD_READER_1, tid:505204861888)
04-12 20:39:48.007194  2579  2909 I RILJ    : [0235]< OEM_HOOK_STRINGS {} [PHONE0]
04-12 20:39:48.007287  1284  1714 I AT      : [0] AT> AT+TRANCELLBAR=5,3 (RIL_CMD_READER_1 tid:505204861888)
04-12 20:39:48.007304  1284  1714 I AT      : SEND MSGID=0003 [SYS_AT_REQ], TXID=0221 [RFXSender_1], DUMP=84195424000000000100030021021800008113002A2A2A2A2A2A2A2A2A2A2A2A2A2A2A2A2A2A2A00
04-12 20:39:48.009012  1284  1677 I AT      : RECV MSGID=0004 [SYS_AT_CNF], TXID=0221, DUMP=841954240000000001020400210218000000040000000000008107002A2A2A2A2A2A2A0000000000
04-12 20:39:48.009189  1284  1714 I AT      : [0] AT< OK (RIL_CMD_READER_1, tid:505204861888)
04-12 20:39:48.009546  2579  2909 I RILJ    : [0236]< OEM_HOOK_STRINGS {} [PHONE0]
04-12 20:39:48.082035  2612  2612 D SuppServExt: [0]ACTION_CARRIER_CONFIG_CHANGED: not loaded, subId: -1
04-12 20:39:48.082521  2612  2612 D SuppServExt: [1]ACTION_CARRIER_CONFIG_CHANGED: not loaded, subId: -1
04-12 20:39:48.152084  2612  2612 D SuppServExt: [0]ACTION_CARRIER_CONFIG_CHANGED: not loaded, subId: -1
04-12 20:39:48.152150  2612  2612 D SuppServExt: [1]ACTION_CARRIER_CONFIG_CHANGED: not loaded, subId: -1
04-12 20:39:48.256376  2579  3150 D MtkRILJ : [0237]> OEM_HOOK_STRINGS strings = AT+TRANCELLBAR=4,3   [PHONE1]
04-12 20:39:48.256657  1284  1694 D RpOemCtlr: [1] onHandleOemHookString, data[0] = AT+TRANCELLBAR=4,3
04-12 20:39:48.256762  1284  1727 I AT      : [1] AT> AT+TRANCELLBAR=4,3 (RIL_CMD2_READER_1 tid:505072528320)
04-12 20:39:48.256777  1284  1727 I AT      : SEND MSGID=0003 [SYS_AT_REQ], TXID=0222 [RFXSender_13], DUMP=84195424000000000200030022021800008113002A2A2A2A2A2A2A2A2A2A2A2A2A2A2A2A2A2A2A00
04-12 20:39:48.258544  2579  3150 D MtkRILJ : [0238]> OEM_HOOK_STRINGS strings = AT+TRANCELLBAR=5,3   [PHONE1]
04-12 20:39:48.259204  1284  1694 D RpOemCtlr: [1] onHandleOemHookString, data[0] = AT+TRANCELLBAR=5,3
04-12 20:39:48.263136  1284  1677 I AT      : RECV MSGID=0004 [SYS_AT_CNF], TXID=0222, DUMP=841954240000000002020400220218000000040000000000008107002A2A2A2A2A2A2A0000000000
04-12 20:39:48.263243  1284  1727 I AT      : [1] AT< OK (RIL_CMD2_READER_1, tid:505072528320)
04-12 20:39:48.263531  1284  1727 I AT      : [1] AT> AT+TRANCELLBAR=5,3 (RIL_CMD2_READER_1 tid:505072528320)
04-12 20:39:48.263553  1284  1727 I AT      : SEND MSGID=0003 [SYS_AT_REQ], TXID=0223 [RFXSender_13], DUMP=84195424000000000200030023021800008113002A2A2A2A2A2A2A2A2A2A2A2A2A2A2A2A2A2A2A00
04-12 20:39:48.266983  1284  1677 I AT      : RECV MSGID=0004 [SYS_AT_CNF], TXID=0223, DUMP=841954240000000002020400230218000000040000000000008107002A2A2A2A2A2A2A0000000000
04-12 20:39:48.267172  1284  1727 I AT      : [1] AT< OK (RIL_CMD2_READER_1, tid:505072528320)
04-12 20:39:48.271920  2579  3657 I RILJ    : [0237]< OEM_HOOK_STRINGS {} [PHONE1]
04-12 20:39:48.272131  2579  3657 I RILJ    : [0238]< OEM_HOOK_STRINGS {} [PHONE1]
04-12 20:39:48.373013  2579  2909 E SMSVC   : getActiveSubscriptionInfoList: com.transsion.iotcard does not have enough permission. Returning empty list here.
04-12 20:39:48.449829  2579  3657 E SMSVC   : getActiveSubscriptionInfoList: com.transsion.airtransfer does not have enough permission. Returning empty list here.
04-12 20:39:48.514274  1076  1088 I mipc_lib: SEND MSGID=1409 [MIPC_LOC_LBS_SYNC_LOCATION_EM_CONFIG_REQ], TXID=0012 [binder:1076_2], DUMP=8419542400000000010009141200100000010400010000000101040000000000
04-12 20:39:48.519882  1076  1813 I mipc_lib: RECV MSGID=140a [MIPC_LOC_LBS_SYNC_LOCATION_EM_CONFIG_CNF], TXID=0012, DUMP=841954240000000001020A1412000800000004006A000000
04-12 20:39:48.527512  2579  2579 D EmergencyNumberTracker: [0][mTranIntentReceiver] intent: Intent { act=android.telephony.action.CARRIER_CONFIG_CHANGED flg=0x15000010 xflg=0x4 (has extras) }
04-12 20:39:48.531419  2579  2579 D MtkDPM  : DPM-0: mIntentReceiverEx onReceive: action=android.telephony.action.CARRIER_CONFIG_CHANGED
04-12 20:39:48.531518  2579  2579 D EmergencyNumberTracker: [1][mTranIntentReceiver] intent: Intent { act=android.telephony.action.CARRIER_CONFIG_CHANGED flg=0x15000010 xflg=0x4 (has extras) }
04-12 20:39:48.532052  2579  2579 D MtkDPM  : DPM-1: mIntentReceiverEx onReceive: action=android.telephony.action.CARRIER_CONFIG_CHANGED
04-12 20:39:48.535905  2579  2579 E ImsStateCallbackController: onReceive ACTION_CARRIER_CONFIG_CHANGED invalid subId
04-12 20:39:48.538197  2579  2579 I RILJ    : [0239]> VOICE_RADIO_TECH [PHONE1]
04-12 20:39:48.538612  2579  2865 I RILJ    : [0239]< VOICE_RADIO_TECH {1} [PHONE1]
04-12 20:39:48.540217  2579  2579 I GsmCdmaPhone: [1] didn't updateVoNrSettings for add on case, will update by ims.
04-12 20:39:48.588849  2579  2579 I RILJ    : [0240]> GET_RADIO_CAPABILITY [PHONE1]
04-12 20:39:48.597028  2579  3666 I RILJ    : convertHalRadioCapability: session=-1, phase=3, rat=561156, logicModemUuid=modem_sys1_ps1_nr1, status=1, rcRil.raf=1130504 [PHONE1]
04-12 20:39:48.597110  2579  3666 I RILJ    : [0240]< GET_RADIO_CAPABILITY {mPhoneId = 1 mVersion=1 mSession=-1 mPhase=3 mRadioAccessFamily=561156 mLogicModemId=modem_sys1_ps1_nr1 mStatus=1} [PHONE1]
04-12 20:39:48.974126  1284  1716 I AT      : SEND MSGID=cb00 [WFC_WIFI_SIGNAL_NTF], TXID=ffff [RFXSender_3], DUMP=8419542400000000010000CBFFFF200000010500776C616E000000000000000001010200DCFF00000201020000000000
04-12 20:39:48.975950  2579  3168 D NetworkTypeController: [1] onCapabilitiesChanged: 100
04-12 20:39:48.976031  2579  3168 D NetworkTypeController: [1] satellite constrained data status : false
04-12 20:39:48.976082  2579  3168 D DIC-1   : dataNetworkType: 0, voiceNetworkType: 0, resultNetworkType: 0
04-12 20:39:48.977427  2579  3095 D NetworkTypeController: [0] onCapabilitiesChanged: 100
04-12 20:39:48.977454  2579  3095 D NetworkTypeController: [0] satellite constrained data status : false
04-12 20:39:48.977496  2579  3095 D DIC-0   : dataNetworkType: 0, voiceNetworkType: 0, resultNetworkType: 0
04-12 20:39:48.987398  2579  3083 D TelephonyCountryDetector: onCapabilitiesChanged: [ Transports: WIFI Capabilities: NOT_METERED&INTERNET&NOT_RESTRICTED&TRUSTED&NOT_VPN&VALIDATED&NOT_ROAMING&FOREGROUND&NOT_CONGESTED&NOT_SUSPENDED&NOT_VCN_MANAGED&NOT_BANDWIDTH_CONSTRAINED LinkUpBandwidth>=12000Kbps LinkDnBandwidth>=60000Kbps TransportInfo: <SSID: <unknown ssid>, BSSID: 02:00:00:00:00:00, MAC: 02:00:00:00:00:00, IP: /192.168.1.136, Security type: 2, Supplicant state: COMPLETED, Wi-Fi standard: 11ac, RSSI: -36, Link speed: 780Mbps, Tx Link speed: 780Mbps, Max Supported Tx Link speed: 866Mbps, Rx Link speed: 585Mbps, Max Supported Rx Link speed: 866Mbps, Frequency: 5180MHz, Net ID: -1, Metered hint: false, score: 73, isUsable: true, CarrierMerged: false, SubscriptionId: -1, IsPrimary: 1, Trusted: true, Restricted: false, Ephemeral: false, OEM paid: false, OEM private: false, OSU AP: false, FQDN: <none>, Provider friendly name: <none>, Requesting package name: <none><none>MLO Information: , Is TID-To-Link negotiation supported by the AP: false, AP MLD Address: <none>, AP MLO Link Id: <none>, AP MLO Affiliated links: <none>, Vendor Data: <none>> SignalStrength: -36 AdminUids: [1000] SSID: "David_5" UnderlyingNetworks: Null]
04-12 20:39:48.987428  2579  3083 D TelephonyCountryDetector: isWifiConnected: true
04-12 20:39:48.987907  2579  3245 D TelephonyCountryDetector: handleEventWifiConnectivityStateChanged: true
04-12 20:39:48.988183  2579  3245 D TelephonyCountryDetector: getCurrentNetworkCountryIso: invalid countryIso= for phoneId=1, subId=-1
04-12 20:39:48.988218  2579  3245 D TelephonyCountryDetector: Location update was not requested yet
04-12 20:39:49.520229  1076  1088 I mipc_lib: SEND MSGID=1409 [MIPC_LOC_LBS_SYNC_LOCATION_EM_CONFIG_REQ], TXID=0013 [binder:1076_2], DUMP=8419542400000000010009141300100000010400010000000101040000000000
04-12 20:39:49.525575  1076  1813 I mipc_lib: RECV MSGID=140a [MIPC_LOC_LBS_SYNC_LOCATION_EM_CONFIG_CNF], TXID=0013, DUMP=841954240000000001020A1413000800000004006A000000
04-12 20:39:49.535288  2579  2865 E SMSVC   : getActiveSubscriptionInfoList: com.transsion.globalsearch does not have enough permission. Returning empty list here.
04-12 20:39:49.981020  2579  3663 E SMSVC   : getActiveSubscriptionInfoList: com.transsion.personalizedService.xos does not have enough permission. Returning empty list here.
04-12 20:39:50.149411  2579  2579 I TranCAT : StkAthenaUploader: [reUploadCacheEvent] enable: false
04-12 20:39:50.282143  2612  2773 I ImsLocationHandler: proxyAppLocationGranted: false
04-12 20:39:50.288272  2612  2773 I ImsLocationHandler: isEccInProgress: false, redialECC: false
04-12 20:39:50.288324  2612  2773 E ImsLocationHandler: isGetLocationAlways: SIM not ready, use default carrier config
04-12 20:39:50.288348  2612  2773 I ImsLocationHandler: isGetLocationAlways: false
04-12 20:39:50.300955  2612  2773 W ImsLocationHandler: requestLocationFromNetworkLocation failed: is NOT in ECC & non-framework location proxy app is NOT granted
04-12 20:39:50.486143  1706  4244 D FeatureConnector: [LPPeService, 0] imsFeatureCreated: FeatureContainer{imsFeature=android.os.BinderProxy@e456851, imsConfig=android.telephony.ims.aidl.IImsConfig$Stub$Proxy@8fc48b6, imsRegistration=android.telephony.ims.aidl.IImsRegistration$Stub$Proxy@45699b7, sipTransport=null, state=READY, capabilities = capabilities={ EMERGENCY_OVER_MMTEL SIMULTANEOUS_CALLING }}, subId: -1
04-12 20:39:50.486295  1706  4244 D FeatureConnector: [LPPeService, 0] imsStatusChanged: status=READY
04-12 20:39:50.490525  1706  1941 D FeatureConnector: [LPPeService, 1] imsFeatureCreated: FeatureContainer{imsFeature=android.os.BinderProxy@82908af, imsConfig=android.telephony.ims.aidl.IImsConfig$Stub$Proxy@7834bc, imsRegistration=android.telephony.ims.aidl.IImsRegistration$Stub$Proxy@8a7ec45, sipTransport=null, state=READY, capabilities = capabilities={ EMERGENCY_OVER_MMTEL SIMULTANEOUS_CALLING }}, subId: -1
04-12 20:39:50.490566  1706  1941 D FeatureConnector: [LPPeService, 1] imsStatusChanged: status=READY
04-12 20:39:50.499658  2579  3666 E SMSVC   : getActiveSubscriptionInfoList: com.gallery20 does not have enough permission. Returning empty list here.
04-12 20:39:50.526241  1076  1088 I mipc_lib: SEND MSGID=1409 [MIPC_LOC_LBS_SYNC_LOCATION_EM_CONFIG_REQ], TXID=0014 [binder:1076_2], DUMP=8419542400000000010009141400100000010400010000000101040000000000
04-12 20:39:50.531567  1076  1813 I mipc_lib: RECV MSGID=140a [MIPC_LOC_LBS_SYNC_LOCATION_EM_CONFIG_CNF], TXID=0014, DUMP=841954240000000001020A1414000800000004006A000000
04-12 20:39:50.585281  1284  1677 I AT      : RECV MSGID=4402 [NW_SIGNAL_IND], TXID=ffff, DUMP=841954240000000001030244FFFF30010401040005000000050104000500000006010400000000000701040002000000080104000000000009010100010000000B0110000A000000630000001C00000029000000000000000E0135001C00000029000000010000008FFEFFFFF1FFFFFF010000000100000004000000000000000100000000000000000000000000000001000000000000000F01010001000000140100000000000000000000FF7F0100FF7F35001C00000029000000010000008FFEFFFFF1FFFFFF01000000010000000400000000000000010000000000000000000000000000000100000000000000170100000000000000000000FE7F0100FE7F38001C00000029000000010000008FFEFFFFF1FFFFFF01000000010000000400000000000000010000000000000000000000000000000100000000000000
04-12 20:39:50.585728  1284  1691 D RmmNwUrcHdlr: [0] [handleSignalStrength]:sigRegisted[0000], sigUpdated[0X04]
04-12 20:39:50.586823  2579  2579 D MtkSSCtr: [0] old:{level:4, raw:SignalStrength:{mAverageLevel=4mCdma=CellSignalStrengthCdma: cdmaDbm=2147483647 cdmaEcio=2147483647 evdoDbm=2147483647 evdoEcio=2147483647 evdoSnr=2147483647 level=0,mGsm=CellSignalStrengthGsm: rssi=2147483647 ber=2147483647 mTa=2147483647 mLevel=0,mWcdma=CellSignalStrengthWcdma: ss=-91 ber=99 rscp=-89 ecno=-2 level=2,mTdscdma=CellSignalStrengthTdscdma: rssi=2147483647 ber=2147483647 rscp=2147483647 level=0,mLte=CellSignalStrengthLte: rssi=2147483647 rsrp=2147483647 rsrq=2147483647 rssnr=2147483647 cqiTableIndex=2147483647 cqi=2147483647 ta=2147483647 level=0 parametersUseForLevel=1,mNr=CellSignalStrengthNr:{ csiRsrp = 2147483647 csiRsrq = 2147483647 csiCqiTableIndex = 2147483647 csiCqiReport = [] ssRsrp = 2147483647 ssRsrq = 2147483647 ssSinr = 2147483647 level = 0 parametersUseForLevel = 1 timingAdvance = 2147483647 },primary=CellSignalStrengthWcdma}}
04-12 20:39:50.587010  2579  2579 D TranSignalSmooth: [calculateDalayLevel] averageLevel: 4, level: 3
04-12 20:39:50.749819  2579  2579 D MtkSSCtr: [0] new:{level:4, raw:SignalStrength:{mAverageLevel=4mCdma=CellSignalStrengthCdma: cdmaDbm=2147483647 cdmaEcio=2147483647 evdoDbm=2147483647 evdoEcio=2147483647 evdoSnr=2147483647 level=0,mGsm=CellSignalStrengthGsm: rssi=2147483647 ber=2147483647 mTa=2147483647 mLevel=0,mWcdma=CellSignalStrengthWcdma: ss=-93 ber=99 rscp=-92 ecno=-4 level=2,mTdscdma=CellSignalStrengthTdscdma: rssi=2147483647 ber=2147483647 rscp=2147483647 level=0,mLte=CellSignalStrengthLte: rssi=2147483647 rsrp=2147483647 rsrq=2147483647 rssnr=2147483647 cqiTableIndex=2147483647 cqi=2147483647 ta=2147483647 level=0 parametersUseForLevel=1,mNr=CellSignalStrengthNr:{ csiRsrp = 2147483647 csiRsrq = 2147483647 csiCqiTableIndex = 2147483647 csiCqiReport = [] ssRsrp = 2147483647 ssRsrq = 2147483647 ssSinr = 2147483647 level = 0 parametersUseForLevel = 1 timingAdvance = 2147483647 },primary=CellSignalStrengthWcdma}}, 
04-12 20:39:51.531755  1076  1088 I mipc_lib: SEND MSGID=1409 [MIPC_LOC_LBS_SYNC_LOCATION_EM_CONFIG_REQ], TXID=0015 [binder:1076_2], DUMP=8419542400000000010009141500100000010400010000000101040000000000
04-12 20:39:51.537029  1076  1813 I mipc_lib: RECV MSGID=140a [MIPC_LOC_LBS_SYNC_LOCATION_EM_CONFIG_CNF], TXID=0015, DUMP=841954240000000001020A1415000800000004006A000000
04-12 20:39:51.689548  2579  2909 E SMSVC   : getActiveSubscriptionInfoList: com.transsion.mediaeditor does not have enough permission. Returning empty list here.
04-12 20:39:51.935396  2579  3663 E SMSVC   : getActiveSubscriptionInfoList: com.transsion.sk does not have enough permission. Returning empty list here.
04-12 20:39:51.993331  2579  3095 D NetworkTypeController: [0] onCapabilitiesChanged: 100
04-12 20:39:51.993418  2579  3095 D NetworkTypeController: [0] satellite constrained data status : false
04-12 20:39:51.993445  2579  3095 D DIC-0   : dataNetworkType: 0, voiceNetworkType: 0, resultNetworkType: 0
04-12 20:39:51.994276  2579  3168 D NetworkTypeController: [1] onCapabilitiesChanged: 100
04-12 20:39:51.994291  2579  3168 D NetworkTypeController: [1] satellite constrained data status : false
04-12 20:39:51.994308  2579  3168 D DIC-1   : dataNetworkType: 0, voiceNetworkType: 0, resultNetworkType: 0
04-12 20:39:51.997560  2579  3083 D TelephonyCountryDetector: onCapabilitiesChanged: [ Transports: WIFI Capabilities: NOT_METERED&INTERNET&NOT_RESTRICTED&TRUSTED&NOT_VPN&VALIDATED&NOT_ROAMING&FOREGROUND&NOT_CONGESTED&NOT_SUSPENDED&NOT_VCN_MANAGED&NOT_BANDWIDTH_CONSTRAINED LinkUpBandwidth>=12000Kbps LinkDnBandwidth>=60000Kbps TransportInfo: <SSID: <unknown ssid>, BSSID: 02:00:00:00:00:00, MAC: 02:00:00:00:00:00, IP: /192.168.1.136, Security type: 2, Supplicant state: COMPLETED, Wi-Fi standard: 11ac, RSSI: -34, Link speed: 780Mbps, Tx Link speed: 780Mbps, Max Supported Tx Link speed: 866Mbps, Rx Link speed: 780Mbps, Max Supported Rx Link speed: 866Mbps, Frequency: 5180MHz, Net ID: -1, Metered hint: false, score: 80, isUsable: true, CarrierMerged: false, SubscriptionId: -1, IsPrimary: 1, Trusted: true, Restricted: false, Ephemeral: false, OEM paid: false, OEM private: false, OSU AP: false, FQDN: <none>, Provider friendly name: <none>, Requesting package name: <none><none>MLO Information: , Is TID-To-Link negotiation supported by the AP: false, AP MLD Address: <none>, AP MLO Link Id: <none>, AP MLO Affiliated links: <none>, Vendor Data: <none>> SignalStrength: -34 AdminUids: [1000] SSID: "David_5" UnderlyingNetworks: Null]
04-12 20:39:51.997584  2579  3083 D TelephonyCountryDetector: isWifiConnected: true
04-12 20:39:51.997756  1284  1716 I AT      : SEND MSGID=cb00 [WFC_WIFI_SIGNAL_NTF], TXID=ffff [RFXSender_3], DUMP=8419542400000000010000CBFFFF200000010500776C616E000000000000000001010200DEFF00000201020000000000
04-12 20:39:51.999686  2579  3245 D TelephonyCountryDetector: handleEventWifiConnectivityStateChanged: true
04-12 20:39:51.999760  2579  3245 D TelephonyCountryDetector: getCurrentNetworkCountryIso: invalid countryIso= for phoneId=1, subId=-1
04-12 20:39:51.999913  2579  3245 D TelephonyCountryDetector: Location update was not requested yet
04-12 20:39:52.497421  2612  2773 D PacketKeepAliveProcessor: stopAllPacketKeepAlive
04-12 20:39:52.497835  2612  2715 I ImsLocationHandler: NetworkCallback.onLost()
04-12 20:39:52.498681  2612  2773 E WifiPdnHandler: setWifiIpAddress(): mDnsServers = null
04-12 20:39:52.499522  1284  1716 I RmmMwi  : [0] setWifiAssociated assoc:0, wifi_state:0, wifi_state_support:1
04-12 20:39:52.499575  1284  1716 I AT      : SEND MSGID=cb02 [WFC_WIFI_INFO_NTF], TXID=ffff [RFXSender_3], DUMP=8419542400000000010002CBFFFF6000070102002A2A0000000106002A2A2A2A2A2A000000000000080106002A2A2A2A2A2A000000000000110101002A000000030101002A000000130101002A000000040102002A2A0000140101002A000000050106002A2A2A2A2A2A000000000000
04-12 20:39:52.500312  2579  3095 D NetworkTypeController: [0] Network Lost
04-12 20:39:52.500568  2579  3168 D NetworkTypeController: [1] Network Lost
04-12 20:39:52.501180  2579  3083 D TelephonyCountryDetector: Wifi network lost: 100
04-12 20:39:52.501943  2579  3245 D TelephonyCountryDetector: handleEventWifiConnectivityStateChanged: false
04-12 20:39:52.501976  2579  2579 D MtkDeviceStateMonitor: [phoneId0]isLowDataExpected mIsScreenOn = true mIsCharging = false mIsTetheringOn = false
04-12 20:39:52.502008  2579  3245 D TelephonyCountryDetector: evaluateNotifyWifiConnectivityStateChangedEvent: wifi connectivity state has changed to false
04-12 20:39:52.502081  2579  3245 D TelephonyCountryDetector: getCurrentNetworkCountryIso: invalid countryIso= for phoneId=1, subId=-1
04-12 20:39:52.502093  2579  3245 D TelephonyCountryDetector: Location update was not requested yet
04-12 20:39:52.502276  2579  2579 D ADSC    : default network is lost, try to find another active sub to switch to
04-12 20:39:52.503670  1284  1716 I AT      : SEND MSGID=cb02 [WFC_WIFI_INFO_NTF], TXID=ffff [RFXSender_3], DUMP=8419542400000000010002CBFFFF58000E0110002A2A2A2A2A2A2A2A2A2A2A2A2A2A2A2A00000000000106002A2A2A2A2A2A000000000000100101002A000000090104002A2A2A2A0B0104002A2A2A2A0C0110002A2A2A2A2A2A2A2A2A2A2A2A2A2A2A2A00000000
04-12 20:39:52.511235  2579  2579 D MtkDeviceStateMonitor: [phoneId1]isLowDataExpected mIsScreenOn = true mIsCharging = false mIsTetheringOn = false
04-12 20:39:52.527025  2579  2579 D TNP     : onNetworkNeeded: Not applied. [NetworkRequest [ REQUEST id=1, [ Capabilities: INTERNET&NOT_RESTRICTED&TRUSTED&NOT_VPN&NOT_VCN_MANAGED&NOT_BANDWIDTH_CONSTRAINED RequestorUid: 1000 RequestorPkg: android UnderlyingNetworks: Null] ], mPriority=0, state=UNSATISFIED, mAttachedDataNetwork=null, created time=20:39:52.526, evaluation result=null]
04-12 20:39:52.527228  2579  2579 D TNP     : onNetworkNeeded: Not applied. [NetworkRequest [ REQUEST id=20, [ Transports: SATELLITE Capabilities: INTERNET&NOT_RESTRICTED&TRUSTED&NOT_VPN&NOT_VCN_MANAGED Uids: <{10227-10227, 10232-10232, 10251-10251}> UnderlyingNetworks: Null] ], mPriority=0, state=UNSATISFIED, mAttachedDataNetwork=null, created time=20:39:52.527, evaluation result=null]
04-12 20:39:52.527336  2579  2579 D TNP     : onNetworkNeeded: Not applied. [NetworkRequest [ REQUEST id=25, [ Capabilities: INTERNET&NOT_RESTRICTED&TRUSTED&NOT_VCN_MANAGED&NOT_BANDWIDTH_CONSTRAINED Uid: 10296 RequestorUid: 1000 RequestorPkg: android UnderlyingNetworks: Null] ], mPriority=0, state=UNSATISFIED, mAttachedDataNetwork=null, created time=20:39:52.527, evaluation result=null]
04-12 20:39:52.532397  2579  2579 D TNP     : onNetworkNeeded: Not applied. [NetworkRequest [ REQUEST id=27, [ Capabilities: INTERNET&NOT_RESTRICTED&TRUSTED&NOT_VCN_MANAGED&NOT_BANDWIDTH_CONSTRAINED Uid: 10269 RequestorUid: 1000 RequestorPkg: android UnderlyingNetworks: Null] ], mPriority=0, state=UNSATISFIED, mAttachedDataNetwork=null, created time=20:39:52.527, evaluation result=null]
04-12 20:39:52.534107  2579  2579 D TNP     : onNetworkNeeded: Not applied. [NetworkRequest [ REQUEST id=29, [ Capabilities: INTERNET&NOT_RESTRICTED&TRUSTED&NOT_VCN_MANAGED&NOT_BANDWIDTH_CONSTRAINED Uid: 10264 RequestorUid: 1000 RequestorPkg: android UnderlyingNetworks: Null] ], mPriority=0, state=UNSATISFIED, mAttachedDataNetwork=null, created time=20:39:52.534, evaluation result=null]
04-12 20:39:52.534272  2579  2579 D TNP     : onNetworkNeeded: Not applied. [NetworkRequest [ REQUEST id=31, [ Capabilities: INTERNET&NOT_RESTRICTED&TRUSTED&NOT_VCN_MANAGED&NOT_BANDWIDTH_CONSTRAINED Uid: 10246 RequestorUid: 1000 RequestorPkg: android UnderlyingNetworks: Null] ], mPriority=0, state=UNSATISFIED, mAttachedDataNetwork=null, created time=20:39:52.534, evaluation result=null]
04-12 20:39:52.534371  2579  2579 D TNP     : onNetworkNeeded: Not applied. [NetworkRequest [ REQUEST id=33, [ Capabilities: INTERNET&NOT_RESTRICTED&TRUSTED&NOT_VCN_MANAGED&NOT_BANDWIDTH_CONSTRAINED Uid: 10235 RequestorUid: 1000 RequestorPkg: android UnderlyingNetworks: Null] ], mPriority=0, state=UNSATISFIED, mAttachedDataNetwork=null, created time=20:39:52.534, evaluation result=null]
04-12 20:39:52.534456  2579  2579 D TNP     : onNetworkNeeded: Not applied. [NetworkRequest [ REQUEST id=35, [ Capabilities: INTERNET&NOT_RESTRICTED&TRUSTED&NOT_VCN_MANAGED&NOT_BANDWIDTH_CONSTRAINED Uid: 10233 RequestorUid: 1000 RequestorPkg: android UnderlyingNetworks: Null] ], mPriority=0, state=UNSATISFIED, mAttachedDataNetwork=null, created time=20:39:52.534, evaluation result=null]
04-12 20:39:52.534548  2579  2579 D TNP     : onNetworkNeeded: Not applied. [NetworkRequest [ REQUEST id=37, [ Capabilities: INTERNET&NOT_RESTRICTED&TRUSTED&NOT_VCN_MANAGED&NOT_BANDWIDTH_CONSTRAINED Uid: 10231 RequestorUid: 1000 RequestorPkg: android UnderlyingNetworks: Null] ], mPriority=0, state=UNSATISFIED, mAttachedDataNetwork=null, created time=20:39:52.534, evaluation result=null]
04-12 20:39:52.534661  2579  2579 D TNP     : onNetworkNeeded: Not applied. [NetworkRequest [ REQUEST id=39, [ Capabilities: INTERNET&NOT_RESTRICTED&TRUSTED&NOT_VCN_MANAGED&NOT_BANDWIDTH_CONSTRAINED Uid: 10215 RequestorUid: 1000 RequestorPkg: android UnderlyingNetworks: Null] ], mPriority=0, state=UNSATISFIED, mAttachedDataNetwork=null, created time=20:39:52.534, evaluation result=null]
04-12 20:39:52.534758  2579  2579 D TNP     : onNetworkNeeded: Not applied. [NetworkRequest [ REQUEST id=41, [ Capabilities: INTERNET&NOT_RESTRICTED&TRUSTED&NOT_VCN_MANAGED&NOT_BANDWIDTH_CONSTRAINED Uid: 10214 RequestorUid: 1000 RequestorPkg: android UnderlyingNetworks: Null] ], mPriority=0, state=UNSATISFIED, mAttachedDataNetwork=null, created time=20:39:52.534, evaluation result=null]
04-12 20:39:52.534857  2579  2579 D TNP     : onNetworkNeeded: Not applied. [NetworkRequest [ REQUEST id=43, [ Capabilities: INTERNET&NOT_RESTRICTED&TRUSTED&NOT_VCN_MANAGED&NOT_BANDWIDTH_CONSTRAINED Uid: 10126 RequestorUid: 1000 RequestorPkg: android UnderlyingNetworks: Null] ], mPriority=0, state=UNSATISFIED, mAttachedDataNetwork=null, created time=20:39:52.534, evaluation result=null]
04-12 20:39:52.534937  2579  2579 D TNP     : onNetworkNeeded: Not applied. [NetworkRequest [ REQUEST id=46, [ Transports: SATELLITE Capabilities: INTERNET&NOT_RESTRICTED&TRUSTED&NOT_VCN_MANAGED Uid: 10232 RequestorUid: 1000 RequestorPkg: android UnderlyingNetworks: Null] ], mPriority=0, state=UNSATISFIED, mAttachedDataNetwork=null, created time=20:39:52.534, evaluation result=null]
04-12 20:39:52.535046  2579  2579 D TNP     : onNetworkNeeded: Not applied. [NetworkRequest [ REQUEST id=48, [ Capabilities: INTERNET&NOT_RESTRICTED&TRUSTED&NOT_VCN_MANAGED&NOT_BANDWIDTH_CONSTRAINED Uid: 1000 RequestorUid: 1000 RequestorPkg: android UnderlyingNetworks: Null] ], mPriority=0, state=UNSATISFIED, mAttachedDataNetwork=null, created time=20:39:52.535, evaluation result=null]
04-12 20:39:52.535143  2579  2579 D TNP     : onNetworkNeeded: Not applied. [NetworkRequest [ REQUEST id=50, [ Capabilities: INTERNET&NOT_RESTRICTED&TRUSTED&NOT_VCN_MANAGED&NOT_BANDWIDTH_CONSTRAINED Uid: 1000 RequestorUid: 1000 RequestorPkg: android UnderlyingNetworks: Null] ], mPriority=0, state=UNSATISFIED, mAttachedDataNetwork=null, created time=20:39:52.535, evaluation result=null]
04-12 20:39:52.535239  2579  2579 D TNP     : onNetworkNeeded: Not applied. [NetworkRequest [ REQUEST id=52, [ Capabilities: INTERNET&NOT_RESTRICTED&TRUSTED&NOT_VCN_MANAGED&NOT_BANDWIDTH_CONSTRAINED Uid: 1073 RequestorUid: 1073 RequestorPkg: com.google.android.networkstack UnderlyingNetworks: Null] ], mPriority=0, state=UNSATISFIED, mAttachedDataNetwork=null, created time=20:39:52.535, evaluation result=null]
04-12 20:39:52.535335  2579  2579 D TNP     : onNetworkNeeded: Not applied. [NetworkRequest [ REQUEST id=63, [ Capabilities: INTERNET&NOT_RESTRICTED&TRUSTED&NOT_VCN_MANAGED&NOT_BANDWIDTH_CONSTRAINED Uid: 1001 RequestorUid: 1001 RequestorPkg: com.mediatek.ims UnderlyingNetworks: Null] ], mPriority=0, state=UNSATISFIED, mAttachedDataNetwork=null, created time=20:39:52.535, evaluation result=null]
04-12 20:39:52.535432  2579  2579 D TNP     : onNetworkNeeded: Not applied. [NetworkRequest [ REQUEST id=69, [ Capabilities: INTERNET&NOT_RESTRICTED&TRUSTED&NOT_VCN_MANAGED&NOT_BANDWIDTH_CONSTRAINED Uid: 1000 RequestorUid: 1000 RequestorPkg: com.transsion.tranradionet UnderlyingNetworks: Null] ], mPriority=0, state=UNSATISFIED, mAttachedDataNetwork=null, created time=20:39:52.535, evaluation result=null]
04-12 20:39:52.535540  2579  2579 D TNP     : onNetworkNeeded: Not applied. [NetworkRequest [ REQUEST id=84, [ Capabilities: INTERNET&NOT_RESTRICTED&TRUSTED&NOT_VCN_MANAGED&NOT_BANDWIDTH_CONSTRAINED Uid: 10146 RequestorUid: 10146 RequestorPkg: com.android.systemui UnderlyingNetworks: Null] ], mPriority=0, state=UNSATISFIED, mAttachedDataNetwork=null, created time=20:39:52.535, evaluation result=null]
04-12 20:39:52.535637  2579  2579 D TNP     : onNetworkNeeded: Not applied. [NetworkRequest [ REQUEST id=87, [ Capabilities: INTERNET&NOT_RESTRICTED&TRUSTED&NOT_VCN_MANAGED&NOT_BANDWIDTH_CONSTRAINED Uid: 1001 RequestorUid: 1001 RequestorPkg: com.android.phone UnderlyingNetworks: Null] ], mPriority=0, state=UNSATISFIED, mAttachedDataNetwork=null, created time=20:39:52.535, evaluation result=null]
04-12 20:39:52.535711  2579  2579 D TNP     : onNetworkNeeded: Not applied. [NetworkRequest [ REQUEST id=92, [ Capabilities: INTERNET&NOT_RESTRICTED&TRUSTED&NOT_VCN_MANAGED&NOT_BANDWIDTH_CONSTRAINED Uid: 1001 RequestorUid: 1001 RequestorPkg: com.android.phone UnderlyingNetworks: Null] ], mPriority=0, state=UNSATISFIED, mAttachedDataNetwork=null, created time=20:39:52.535, evaluation result=null]
04-12 20:39:52.542023  2579  2579 D TNP     : onNetworkNeeded: Not applied. [NetworkRequest [ REQUEST id=95, [ Capabilities: INTERNET&NOT_RESTRICTED&TRUSTED&NOT_VCN_MANAGED&NOT_BANDWIDTH_CONSTRAINED Uid: 10146 RequestorUid: 10146 RequestorPkg: com.android.systemui UnderlyingNetworks: Null] ], mPriority=0, state=UNSATISFIED, mAttachedDataNetwork=null, created time=20:39:52.535, evaluation result=null]
04-12 20:39:52.543943  2579  2579 D TNP     : onNetworkNeeded: Not applied. [NetworkRequest [ REQUEST id=98, [ Capabilities: INTERNET&NOT_RESTRICTED&TRUSTED&NOT_VCN_MANAGED&NOT_BANDWIDTH_CONSTRAINED Uid: 1001 RequestorUid: 1001 RequestorPkg: com.android.phone UnderlyingNetworks: Null] ], mPriority=0, state=UNSATISFIED, mAttachedDataNetwork=null, created time=20:39:52.543, evaluation result=null]
04-12 20:39:52.545848  2579  2579 D TNP     : onNetworkNeeded: Not applied. [NetworkRequest [ REQUEST id=102, [ Capabilities: INTERNET&NOT_RESTRICTED&TRUSTED&NOT_VCN_MANAGED&NOT_BANDWIDTH_CONSTRAINED Uid: 10146 RequestorUid: 10146 RequestorPkg: com.android.systemui UnderlyingNetworks: Null] ], mPriority=0, state=UNSATISFIED, mAttachedDataNetwork=null, created time=20:39:52.545, evaluation result=null]
04-12 20:39:52.548067  2579  2579 D TNP     : onNetworkNeeded: Not applied. [NetworkRequest [ REQUEST id=105, [ Capabilities: INTERNET&NOT_RESTRICTED&TRUSTED&NOT_VCN_MANAGED&NOT_BANDWIDTH_CONSTRAINED Uid: 10146 RequestorUid: 10146 RequestorPkg: com.android.systemui UnderlyingNetworks: Null] ], mPriority=0, state=UNSATISFIED, mAttachedDataNetwork=null, created time=20:39:52.547, evaluation result=null]
04-12 20:39:52.548212  2579  2579 D TNP     : onNetworkNeeded: Not applied. [NetworkRequest [ REQUEST id=107, [ Capabilities: INTERNET&NOT_RESTRICTED&TRUSTED&NOT_VCN_MANAGED&NOT_BANDWIDTH_CONSTRAINED Uid: 10146 RequestorUid: 10146 RequestorPkg: com.android.systemui UnderlyingNetworks: Null] ], mPriority=0, state=UNSATISFIED, mAttachedDataNetwork=null, created time=20:39:52.548, evaluation result=null]
04-12 20:39:52.548313  2579  2579 D TNP     : onNetworkNeeded: Not applied. [NetworkRequest [ REQUEST id=110, [ Capabilities: INTERNET&NOT_RESTRICTED&TRUSTED&NOT_VCN_MANAGED&NOT_BANDWIDTH_CONSTRAINED Uid: 1001 RequestorUid: 1001 RequestorPkg: com.android.phone UnderlyingNetworks: Null] ], mPriority=0, state=UNSATISFIED, mAttachedDataNetwork=null, created time=20:39:52.548, evaluation result=null]
04-12 20:39:52.548408  2579  2579 D TNP     : onNetworkNeeded: Not applied. [NetworkRequest [ REQUEST id=117, [ Capabilities: INTERNET&NOT_RESTRICTED&TRUSTED&NOT_VCN_MANAGED&NOT_BANDWIDTH_CONSTRAINED Uid: 1001 RequestorUid: 1001 RequestorPkg: com.android.phone UnderlyingNetworks: Null] ], mPriority=0, state=UNSATISFIED, mAttachedDataNetwork=null, created time=20:39:52.548, evaluation result=null]
04-12 20:39:52.552249  2579  2579 D TNP     : onNetworkNeeded: Not applied. [NetworkRequest [ REQUEST id=119, [ Capabilities: INTERNET&NOT_RESTRICTED&TRUSTED&NOT_VCN_MANAGED&NOT_BANDWIDTH_CONSTRAINED Uid: 1001 RequestorUid: 1001 RequestorPkg: com.android.phone UnderlyingNetworks: Null] ], mPriority=0, state=UNSATISFIED, mAttachedDataNetwork=null, created time=20:39:52.550, evaluation result=null]
04-12 20:39:52.552401  2579  2579 D TNP     : onNetworkNeeded: Not applied. [NetworkRequest [ REQUEST id=122, [ Capabilities: INTERNET&NOT_RESTRICTED&TRUSTED&NOT_VCN_MANAGED&NOT_BANDWIDTH_CONSTRAINED Uid: 10187 RequestorUid: 1000 RequestorPkg: android UnderlyingNetworks: Null] ], mPriority=0, state=UNSATISFIED, mAttachedDataNetwork=null, created time=20:39:52.552, evaluation result=null]
04-12 20:39:52.552531  2579  2579 D TNP     : onNetworkNeeded: Not applied. [NetworkRequest [ REQUEST id=131, [ Capabilities: INTERNET&NOT_RESTRICTED&TRUSTED&NOT_VCN_MANAGED&NOT_BANDWIDTH_CONSTRAINED Uid: 1000 RequestorUid: 1000 RequestorPkg: android UnderlyingNetworks: Null] ], mPriority=0, state=UNSATISFIED, mAttachedDataNetwork=null, created time=20:39:52.552, evaluation result=null]
04-12 20:39:52.552636  2579  2579 D TNP     : onNetworkNeeded: Not applied. [NetworkRequest [ REQUEST id=134, [ Capabilities: INTERNET&NOT_RESTRICTED&TRUSTED&NOT_VCN_MANAGED&NOT_BANDWIDTH_CONSTRAINED Uid: 1000 RequestorUid: 1000 RequestorPkg: com.transsion.kolun.aiservice UnderlyingNetworks: Null] ], mPriority=0, state=UNSATISFIED, mAttachedDataNetwork=null, created time=20:39:52.552, evaluation result=null]
04-12 20:39:52.552738  2579  2579 D TNP     : onNetworkNeeded: Not applied. [NetworkRequest [ REQUEST id=137, [ Capabilities: INTERNET&NOT_RESTRICTED&TRUSTED&NOT_VCN_MANAGED&NOT_BANDWIDTH_CONSTRAINED Uid: 10190 RequestorUid: 1000 RequestorPkg: android UnderlyingNetworks: Null] ], mPriority=0, state=UNSATISFIED, mAttachedDataNetwork=null, created time=20:39:52.552, evaluation result=null]
04-12 20:39:52.552822  2579  2579 D TNP     : onNetworkNeeded: Not applied. [NetworkRequest [ REQUEST id=142, [ Transports: SATELLITE Capabilities: INTERNET&NOT_RESTRICTED&TRUSTED&NOT_VCN_MANAGED Uid: 10232 RequestorUid: 10232 RequestorPkg: com.google.android.gms UnderlyingNetworks: Null] ], mPriority=0, state=UNSATISFIED, mAttachedDataNetwork=null, created time=20:39:52.552, evaluation result=null]
04-12 20:39:52.558160  2579  2579 D TNP     : onNetworkNeeded: Not applied. [NetworkRequest [ REQUEST id=144, [ Capabilities: INTERNET&NOT_RESTRICTED&TRUSTED&NOT_VCN_MANAGED&NOT_BANDWIDTH_CONSTRAINED Uid: 10148 RequestorUid: 10148 RequestorPkg: com.transsion.launcher3 UnderlyingNetworks: Null] ], mPriority=0, state=UNSATISFIED, mAttachedDataNetwork=null, created time=20:39:52.552, evaluation result=null]
04-12 20:39:52.558380  2579  2579 D TNP     : onNetworkNeeded: Not applied. [NetworkRequest [ REQUEST id=147, [ Capabilities: INTERNET&NOT_RESTRICTED&TRUSTED&NOT_VCN_MANAGED&NOT_BANDWIDTH_CONSTRAINED Uid: 10109 RequestorUid: 1000 RequestorPkg: android UnderlyingNetworks: Null] ], mPriority=0, state=UNSATISFIED, mAttachedDataNetwork=null, created time=20:39:52.558, evaluation result=null]
04-12 20:39:52.558522  2579  2579 D TNP     : onNetworkNeeded: Not applied. [NetworkRequest [ REQUEST id=152, [ Transports: SATELLITE Capabilities: INTERNET&NOT_RESTRICTED&TRUSTED&NOT_VCN_MANAGED Uid: 10232 RequestorUid: 10232 RequestorPkg: com.google.android.gms UnderlyingNetworks: Null] ], mPriority=0, state=UNSATISFIED, mAttachedDataNetwork=null, created time=20:39:52.558, evaluation result=null]
04-12 20:39:52.558656  2579  2579 D TNP     : onNetworkNeeded: Not applied. [NetworkRequest [ REQUEST id=155, [ Transports: SATELLITE Capabilities: INTERNET&NOT_RESTRICTED&TRUSTED&NOT_VCN_MANAGED Uid: 10232 RequestorUid: 10232 RequestorPkg: com.google.android.gms UnderlyingNetworks: Null] ], mPriority=0, state=UNSATISFIED, mAttachedDataNetwork=null, created time=20:39:52.558, evaluation result=null]
04-12 20:39:52.558796  2579  2579 D TNP     : onNetworkNeeded: Not applied. [NetworkRequest [ REQUEST id=162, [ Capabilities: INTERNET&NOT_RESTRICTED&TRUSTED&NOT_VCN_MANAGED&NOT_BANDWIDTH_CONSTRAINED Uid: 10132 RequestorUid: 10132 RequestorPkg: com.transsion.globalsearch UnderlyingNetworks: Null] ], mPriority=0, state=UNSATISFIED, mAttachedDataNetwork=null, created time=20:39:52.558, evaluation result=null]
04-12 20:39:52.558913  2579  2579 D TNP     : onNetworkNeeded: Not applied. [NetworkRequest [ REQUEST id=165, [ Capabilities: INTERNET&NOT_RESTRICTED&TRUSTED&NOT_VCN_MANAGED&NOT_BANDWIDTH_CONSTRAINED Uid: 10208 RequestorUid: 10208 RequestorPkg: com.transsion.personalizedService.xos UnderlyingNetworks: Null] ], mPriority=0, state=UNSATISFIED, mAttachedDataNetwork=null, created time=20:39:52.558, evaluation result=null]
04-12 20:39:52.559013  2579  2579 D TNP     : onNetworkNeeded: Not applied. [NetworkRequest [ REQUEST id=168, [ Capabilities: INTERNET&NOT_RESTRICTED&TRUSTED&NOT_VCN_MANAGED&NOT_BANDWIDTH_CONSTRAINED Uid: 10243 RequestorUid: 10243 RequestorPkg: com.google.android.inputmethod.latin UnderlyingNetworks: Null] ], mPriority=0, state=UNSATISFIED, mAttachedDataNetwork=null, created time=20:39:52.558, evaluation result=null]
04-12 20:39:52.562690  2579  2579 D TNP     : onNetworkNeeded: Not applied. [NetworkRequest [ REQUEST id=174, [ Capabilities: INTERNET&NOT_RESTRICTED&TRUSTED&NOT_VCN_MANAGED&NOT_BANDWIDTH_CONSTRAINED Uid: 10243 RequestorUid: 1000 RequestorPkg: android UnderlyingNetworks: Null] ], mPriority=0, state=UNSATISFIED, mAttachedDataNetwork=null, created time=20:39:52.558, evaluation result=null]
04-12 20:39:52.563995  2579  2579 D TNP     : onNetworkNeeded: Not applied. [NetworkRequest [ REQUEST id=176, [ Capabilities: INTERNET&NOT_RESTRICTED&TRUSTED&NOT_VCN_MANAGED&NOT_BANDWIDTH_CONSTRAINED Uid: 10208 RequestorUid: 10208 RequestorPkg: com.transsion.personalizedService.xos UnderlyingNetworks: Null] ], mPriority=0, state=UNSATISFIED, mAttachedDataNetwork=null, created time=20:39:52.563, evaluation result=null]
04-12 20:39:52.564248  2579  2579 D TNP     : onNetworkNeeded: Not applied. [NetworkRequest [ REQUEST id=179, [ Transports: SATELLITE Capabilities: INTERNET&NOT_RESTRICTED&TRUSTED&NOT_VCN_MANAGED Uid: 10232 RequestorUid: 10232 RequestorPkg: com.google.android.gms UnderlyingNetworks: Null] ], mPriority=0, state=UNSATISFIED, mAttachedDataNetwork=null, created time=20:39:52.564, evaluation result=null]
04-12 20:39:52.564380  2579  2579 D TNP     : onNetworkNeeded: Not applied. [NetworkRequest [ REQUEST id=192, [ Capabilities: INTERNET&NOT_RESTRICTED&TRUSTED&NOT_VCN_MANAGED&NOT_BANDWIDTH_CONSTRAINED Uid: 10203 RequestorUid: 10203 RequestorPkg: com.transsion.smartrecognition UnderlyingNetworks: Null] ], mPriority=0, state=UNSATISFIED, mAttachedDataNetwork=null, created time=20:39:52.564, evaluation result=null]
04-12 20:39:52.564490  2579  2579 D TNP     : onNetworkNeeded: Not applied. [NetworkRequest [ REQUEST id=195, [ Capabilities: INTERNET&NOT_RESTRICTED&TRUSTED&NOT_VCN_MANAGED&NOT_BANDWIDTH_CONSTRAINED Uid: 10231 RequestorUid: 10231 RequestorPkg: com.android.vending UnderlyingNetworks: Null] ], mPriority=0, state=UNSATISFIED, mAttachedDataNetwork=null, created time=20:39:52.564, evaluation result=null]
04-12 20:39:52.564589  2579  2579 D TNP     : onNetworkNeeded: Not applied. [NetworkRequest [ REQUEST id=200, [ Capabilities: INTERNET&NOT_RESTRICTED&TRUSTED&NOT_VCN_MANAGED&NOT_BANDWIDTH_CONSTRAINED Uid: 10233 RequestorUid: 10233 RequestorPkg: com.google.android.googlequicksearchbox UnderlyingNetworks: Null] ], mPriority=0, state=UNSATISFIED, mAttachedDataNetwork=null, created time=20:39:52.564, evaluation result=null]
04-12 20:39:52.564696  2579  2579 D TNP     : onNetworkNeeded: Not applied. [NetworkRequest [ REQUEST id=203, [ Transports: SATELLITE Capabilities: INTERNET&NOT_RESTRICTED&TRUSTED&NOT_VCN_MANAGED Uid: 10232 RequestorUid: 10232 RequestorPkg: com.google.android.gms UnderlyingNetworks: Null] ], mPriority=0, state=UNSATISFIED, mAttachedDataNetwork=null, created time=20:39:52.564, evaluation result=null]
04-12 20:39:52.564801  2579  2579 D TNP     : onNetworkNeeded: Not applied. [NetworkRequest [ REQUEST id=208, [ Capabilities: INTERNET&NOT_RESTRICTED&TRUSTED&NOT_VCN_MANAGED&NOT_BANDWIDTH_CONSTRAINED Uid: 10215 RequestorUid: 10215 RequestorPkg: com.transsnet.store UnderlyingNetworks: Null] ], mPriority=0, state=UNSATISFIED, mAttachedDataNetwork=null, created time=20:39:52.564, evaluation result=null]
04-12 20:39:52.564918  2579  2579 D TNP     : onNetworkNeeded: Not applied. [NetworkRequest [ REQUEST id=211, [ Capabilities: INTERNET&NOT_RESTRICTED&TRUSTED&NOT_VCN_MANAGED&NOT_BANDWIDTH_CONSTRAINED Uid: 10233 RequestorUid: 10233 RequestorPkg: com.google.android.googlequicksearchbox UnderlyingNetworks: Null] ], mPriority=0, state=UNSATISFIED, mAttachedDataNetwork=null, created time=20:39:52.564, evaluation result=null]
04-12 20:39:52.565024  2579  2579 D TNP     : onNetworkNeeded: Not applied. [NetworkRequest [ REQUEST id=214, [ Capabilities: INTERNET&NOT_RESTRICTED&TRUSTED&NOT_VCN_MANAGED&NOT_BANDWIDTH_CONSTRAINED Uid: 10190 RequestorUid: 10190 RequestorPkg: com.transsion.aivoiceassistant UnderlyingNetworks: Null] ], mPriority=0, state=UNSATISFIED, mAttachedDataNetwork=null, created time=20:39:52.564, evaluation result=null]
04-12 20:39:52.565132  2579  2579 D TNP     : onNetworkNeeded: Not applied. [NetworkRequest [ REQUEST id=217, [ Capabilities: INTERNET&NOT_RESTRICTED&TRUSTED&NOT_VCN_MANAGED&NOT_BANDWIDTH_CONSTRAINED Uid: 10190 RequestorUid: 10190 RequestorPkg: com.transsion.aivoiceassistant UnderlyingNetworks: Null] ], mPriority=0, state=UNSATISFIED, mAttachedDataNetwork=null, created time=20:39:52.565, evaluation result=null]
04-12 20:39:52.565257  2579  2579 D TNP     : onNetworkNeeded: Not applied. [NetworkRequest [ REQUEST id=219, [ Capabilities: INTERNET&NOT_RESTRICTED&TRUSTED&NOT_VCN_MANAGED&NOT_BANDWIDTH_CONSTRAINED Uid: 10190 RequestorUid: 10190 RequestorPkg: com.transsion.aivoiceassistant UnderlyingNetworks: Null] ], mPriority=0, state=UNSATISFIED, mAttachedDataNetwork=null, created time=20:39:52.565, evaluation result=null]
04-12 20:39:52.565371  2579  2579 D TNP     : onNetworkNeeded: Not applied. [NetworkRequest [ REQUEST id=224, [ Capabilities: INTERNET&NOT_RESTRICTED&TRUSTED&NOT_VCN_MANAGED&NOT_BANDWIDTH_CONSTRAINED Uid: 10233 RequestorUid: 10233 RequestorPkg: com.google.android.googlequicksearchbox UnderlyingNetworks: Null] ], mPriority=0, state=UNSATISFIED, mAttachedDataNetwork=null, created time=20:39:52.565, evaluation result=null]
04-12 20:39:52.565476  2579  2579 D TNP     : onNetworkNeeded: Not applied. [NetworkRequest [ REQUEST id=231, [ Capabilities: INTERNET&NOT_RESTRICTED&TRUSTED&NOT_VCN_MANAGED&NOT_BANDWIDTH_CONSTRAINED Uid: 10255 RequestorUid: 1000 RequestorPkg: android UnderlyingNetworks: Null] ], mPriority=0, state=UNSATISFIED, mAttachedDataNetwork=null, created time=20:39:52.565, evaluation result=null]
