04-12 20:39:53.350541  1706  2096 V InputMethodManagerService: Found an input method InputMethodInfo{com.google.android.inputmethod.latin/com.android.inputmethod.latin.LatinIME, settings: com.google.android.apps.inputmethod.latin.preference.SettingsActivity, languageSettings: null}
04-12 20:39:53.350568  1706  2096 V InputMethodManagerService: Checking com.google.android.tts/com.google.android.apps.speech.tts.googletts.settings.asr.voiceime.VoiceInputMethodService
04-12 20:39:53.356202  1706  2096 V InputMethodManagerService: Found an input method InputMethodInfo{com.google.android.tts/com.google.android.apps.speech.tts.googletts.settings.asr.voiceime.VoiceInputMethodService, settings: com.google.android.apps.speech.tts.googletts.settings.asr.voiceime.ui.VoiceImeSettingsActivity, languageSettings: null}
04-12 20:39:53.356221  1706  2096 V InputMethodManagerService: Checking com.transsion.sk/.inputservice.TInputMethodService
04-12 20:39:53.356658  1706  4200 W AppOpService: Ignored setUidMode call for runtime permission app op: uid = 1001, code = RECEIVE_SMS, mode = allow, callingUid = 1001, oldMode = allow
04-12 20:39:53.357195  1706  2096 V InputMethodManagerService: Found an input method InputMethodInfo{com.transsion.sk/.inputservice.TInputMethodService, settings: null, languageSettings: null}
04-12 20:39:53.357359  1706  2096 D InputMethodSettings: getSelectedInputMethodStr: com.google.android.inputmethod.latin/com.android.inputmethod.latin.LatinIME
04-12 20:39:53.357845  1706  2520 W AppOpService: Ignored setUidMode call for runtime permission app op: uid = 10214, code = FINE_LOCATION, mode = allow, callingUid = 1000, oldMode = allow
04-12 20:39:53.357857  1706  2718 I CustomRoleService: Checking replace of preferred:
04-12 20:39:53.357890  1706  4200 W AppOpService: Ignored setUidMode call for runtime permission app op: uid = 1001, code = RECEIVE_WAP_PUSH, mode = allow, callingUid = 1001, oldMode = allow
04-12 20:39:53.359572  1706  2096 V InputMethodManagerService: --- re-buildInputMethodList reset = false 
04-12 20:39:53.359572  1706  2096 V InputMethodManagerService:  ------ caller=com.android.server.inputmethod.InputMethodManagerService$MyPackageMonitor.onFinishPackageChangesInternal:963 com.android.server.inputmethod.InputMethodManagerService$MyPackageMonitor.onFinishPackageChanges:886 com.android.internal.content.PackageMonitor.doHandlePackageEvent:596 com.android.internal.content.PackageMonitor.lambda$postHandlePackageEvent$0:435 com.android.internal.content.PackageMonitor.$r8$lambda$bSKEInwdT6Kd7GAyzMZPsXTTqeQ:0 com.android.internal.content.PackageMonitor$$ExternalSyntheticLambda0.run:0 android.os.Handler.handleCallback:995 android.os.Handler.dispatchMessage:103 android.os.Looper.loopOnce:327 android.os.Looper.loop:431 
04-12 20:39:53.359670  1706  2096 D InputMethodSettings: getSelectedInputMethodStr: com.google.android.inputmethod.latin/com.android.inputmethod.latin.LatinIME
04-12 20:39:53.359744  1706  2096 D InputMethodSettings: getDefaultVoiceInputMethodStr: com.google.android.tts/com.google.android.apps.speech.tts.googletts.settings.asr.voiceime.VoiceInputMethodService
04-12 20:39:53.360164  1706  4200 W AppOpService: Ignored setUidMode call for runtime permission app op: uid = 1001, code = SEND_SMS, mode = allow, callingUid = 1001, oldMode = allow
04-12 20:39:53.360447  1706  4200 W AppOpService: Ignored setUidMode call for runtime permission app op: uid = 1001, code = READ_CELL_BROADCASTS, mode = allow, callingUid = 1001, oldMode = allow
04-12 20:39:53.362595  1706  2718 I CustomRoleService:   -- CUR: mComponent=ComponentInfo{cn.wps.moffice_eng/cn.wps.moffice.documentmanager.PreStartActivity2}
04-12 20:39:53.362600  1706  2718 I CustomRoleService:   -- NEW: mComponent=ComponentInfo{cn.wps.moffice_eng/cn.wps.moffice.documentmanager.PreStartActivity2}
04-12 20:39:53.362604  1706  2718 I CustomRoleService: Replacing with same preferred activity ComponentInfo{cn.wps.moffice_eng/cn.wps.moffice.documentmanager.PreStartActivity2} for user 0:
04-12 20:39:53.363102  1706  2096 V InputMethodManagerService: Checking com.facemoji.lite.transsion/com.baidu.simeji.SimejiIME
04-12 20:39:53.363970  1706  2096 V InputMethodManagerService: Found an input method InputMethodInfo{com.facemoji.lite.transsion/com.baidu.simeji.SimejiIME, settings: com.preff.kb.settings.SettingsNoneActivity, languageSettings: null}
04-12 20:39:53.364831  1706  2096 V InputMethodManagerService: Checking com.google.android.gms/.autofill.service.AutofillInputMethodServiceProxy
04-12 20:39:53.365190  1706  2096 V InputMethodManagerService: Found an input method InputMethodInfo{com.google.android.gms/.autofill.service.AutofillInputMethodServiceProxy, settings: null, languageSettings: null}
04-12 20:39:53.365206  1706  2096 V InputMethodManagerService: Checking com.google.android.inputmethod.latin/com.android.inputmethod.latin.LatinIME
04-12 20:39:53.366572  1706  2096 V InputMethodManagerService: Found an input method InputMethodInfo{com.google.android.inputmethod.latin/com.android.inputmethod.latin.LatinIME, settings: com.google.android.apps.inputmethod.latin.preference.SettingsActivity, languageSettings: null}
04-12 20:39:53.366620  1706  2096 V InputMethodManagerService: Checking com.google.android.tts/com.google.android.apps.speech.tts.googletts.settings.asr.voiceime.VoiceInputMethodService
04-12 20:39:53.369562  1706  2718 I CustomRoleService: Checking replace of preferred:
04-12 20:39:53.369600  1706  2718 I CustomRoleService:   -- CUR: mComponent=ComponentInfo{cn.wps.moffice_eng/cn.wps.moffice.documentmanager.PreStartActivity2}
04-12 20:39:53.369605  1706  2718 I CustomRoleService:   -- NEW: mComponent=ComponentInfo{cn.wps.moffice_eng/cn.wps.moffice.documentmanager.PreStartActivity2}
04-12 20:39:53.369609  1706  2718 I CustomRoleService: Replacing with same preferred activity ComponentInfo{cn.wps.moffice_eng/cn.wps.moffice.documentmanager.PreStartActivity2} for user 0:
04-12 20:39:53.374526  1706  2096 V InputMethodManagerService: Found an input method InputMethodInfo{com.google.android.tts/com.google.android.apps.speech.tts.googletts.settings.asr.voiceime.VoiceInputMethodService, settings: com.google.android.apps.speech.tts.googletts.settings.asr.voiceime.ui.VoiceImeSettingsActivity, languageSettings: null}
04-12 20:39:53.374544  1706  2096 V InputMethodManagerService: Checking com.transsion.sk/.inputservice.TInputMethodService
04-12 20:39:53.374751  1706  2718 I CustomRoleService: Checking replace of preferred:
04-12 20:39:53.374770  1706  2096 V InputMethodManagerService: Found an input method InputMethodInfo{com.transsion.sk/.inputservice.TInputMethodService, settings: null, languageSettings: null}
04-12 20:39:53.374856  1706  2096 D InputMethodSettings: getSelectedInputMethodStr: com.google.android.inputmethod.latin/com.android.inputmethod.latin.LatinIME
04-12 20:39:53.375435  1706  2096 V InputMethodManagerService: --- re-buildInputMethodList reset = false 
04-12 20:39:53.375435  1706  2096 V InputMethodManagerService:  ------ caller=com.android.server.inputmethod.InputMethodManagerService$MyPackageMonitor.onFinishPackageChangesInternal:963 com.android.server.inputmethod.InputMethodManagerService$MyPackageMonitor.onFinishPackageChanges:886 com.android.internal.content.PackageMonitor.doHandlePackageEvent:596 com.android.internal.content.PackageMonitor.lambda$postHandlePackageEvent$0:435 com.android.internal.content.PackageMonitor.$r8$lambda$bSKEInwdT6Kd7GAyzMZPsXTTqeQ:0 com.android.internal.content.PackageMonitor$$ExternalSyntheticLambda0.run:0 android.os.Handler.handleCallback:995 android.os.Handler.dispatchMessage:103 android.os.Looper.loopOnce:327 android.os.Looper.loop:431 
04-12 20:39:53.375480  1706  2096 D InputMethodSettings: getSelectedInputMethodStr: com.google.android.inputmethod.latin/com.android.inputmethod.latin.LatinIME
04-12 20:39:53.375533  1706  2096 D InputMethodSettings: getDefaultVoiceInputMethodStr: com.google.android.tts/com.google.android.apps.speech.tts.googletts.settings.asr.voiceime.VoiceInputMethodService
04-12 20:39:53.378549  1706  2718 I CustomRoleService:   -- CUR: mComponent=ComponentInfo{cn.wps.moffice_eng/cn.wps.moffice.documentmanager.PreStartActivity2}
04-12 20:39:53.378552  1706  2718 I CustomRoleService:   -- NEW: mComponent=ComponentInfo{cn.wps.moffice_eng/cn.wps.moffice.documentmanager.PreStartActivity2}
04-12 20:39:53.378556  1706  2718 I CustomRoleService: Replacing with same preferred activity ComponentInfo{cn.wps.moffice_eng/cn.wps.moffice.documentmanager.PreStartActivity2} for user 0:
04-12 20:39:53.379120  1706  2718 I CustomRoleService: Checking replace of preferred:
04-12 20:39:53.379151  1706  2718 I CustomRoleService:   -- CUR: mComponent=ComponentInfo{cn.wps.moffice_eng/cn.wps.moffice.documentmanager.PreStartActivity2}
04-12 20:39:53.379154  1706  2718 I CustomRoleService:   -- NEW: mComponent=ComponentInfo{cn.wps.moffice_eng/cn.wps.moffice.documentmanager.PreStartActivity2}
04-12 20:39:53.379156  1706  2718 I CustomRoleService: Replacing with same preferred activity ComponentInfo{cn.wps.moffice_eng/cn.wps.moffice.documentmanager.PreStartActivity2} for user 0:
04-12 20:39:53.382441  1706  2520 W AppOpService: Ignored setUidMode call for runtime permission app op: uid = 10214, code = FINE_LOCATION, mode = allow, callingUid = 1000, oldMode = allow
04-12 20:39:53.384234  1706  2718 I CustomRoleService: Checking replace of preferred:
04-12 20:39:53.384269  1706  2718 I CustomRoleService:   -- CUR: mComponent=ComponentInfo{cn.wps.moffice_eng/cn.wps.moffice.documentmanager.PreStartActivity2}
04-12 20:39:53.384272  1706  2718 I CustomRoleService:   -- NEW: mComponent=ComponentInfo{cn.wps.moffice_eng/cn.wps.moffice.documentmanager.PreStartActivity2}
04-12 20:39:53.384276  1706  2718 I CustomRoleService: Replacing with same preferred activity ComponentInfo{cn.wps.moffice_eng/cn.wps.moffice.documentmanager.PreStartActivity2} for user 0:
04-12 20:39:53.384752  1706  2718 I CustomRoleService: Checking replace of preferred:
04-12 20:39:53.384791  1706  2718 I CustomRoleService:   -- CUR: mComponent=ComponentInfo{com.google.android.packageinstaller/com.android.packageinstaller.InstallStart}
04-12 20:39:53.384794  1706  2718 I CustomRoleService:   -- NEW: mComponent=ComponentInfo{com.google.android.packageinstaller/com.android.packageinstaller.InstallStart}
04-12 20:39:53.384797  1706  2718 I CustomRoleService: Replacing with same preferred activity ComponentInfo{com.google.android.packageinstaller/com.android.packageinstaller.InstallStart} for user 0:
04-12 20:39:53.385108  1706  2718 I CustomRoleService: Checking replace of preferred:
04-12 20:39:53.385141  1706  2718 I CustomRoleService:   -- CUR: mComponent=ComponentInfo{com.google.android.packageinstaller/com.android.packageinstaller.InstallStart}
04-12 20:39:53.385143  1706  2718 I CustomRoleService:   -- NEW: mComponent=ComponentInfo{com.google.android.packageinstaller/com.android.packageinstaller.InstallStart}
04-12 20:39:53.385146  1706  2718 I CustomRoleService: Replacing with same preferred activity ComponentInfo{com.google.android.packageinstaller/com.android.packageinstaller.InstallStart} for user 0:
04-12 20:39:53.386379  2360  2451 I Usf_Hiber/networkDetectorService: The oversea's network was available.
04-12 20:39:53.389412  1706  2718 I CustomRoleService: Checking replace of preferred:
04-12 20:39:53.389785  1706  2718 I CustomRoleService:   -- CUR: mComponent=ComponentInfo{com.google.android.packageinstaller/com.android.packageinstaller.InstallStart}
04-12 20:39:53.389790  1706  2718 I CustomRoleService:   -- NEW: mComponent=ComponentInfo{com.google.android.packageinstaller/com.android.packageinstaller.InstallStart}
04-12 20:39:53.389794  1706  2718 I CustomRoleService: Replacing with same preferred activity ComponentInfo{com.google.android.packageinstaller/com.android.packageinstaller.InstallStart} for user 0:
04-12 20:39:53.394315  1706  2718 I CustomRoleService: Checking replace of preferred:
04-12 20:39:53.394378  1706  2718 I CustomRoleService:   -- CUR: mComponent=ComponentInfo{com.gallery20/com.gallery20.app.photo.ExternalPhotoPageActivity}
04-12 20:39:53.394382  1706  2718 I CustomRoleService:   -- NEW: mComponent=ComponentInfo{com.gallery20/com.gallery20.app.photo.ExternalPhotoPageActivity}
04-12 20:39:53.394387  1706  2718 I CustomRoleService: Replacing with same preferred activity ComponentInfo{com.gallery20/com.gallery20.app.photo.ExternalPhotoPageActivity} for user 0:
04-12 20:39:53.394725  1706  2718 I CustomRoleService: Checking replace of preferred:
04-12 20:39:53.394771  1706  2718 I CustomRoleService:   -- CUR: mComponent=ComponentInfo{com.gallery20/com.gallery20.app.photo.ExternalPhotoPageActivity}
04-12 20:39:53.394775  1706  2718 I CustomRoleService:   -- NEW: mComponent=ComponentInfo{com.gallery20/com.gallery20.app.photo.ExternalPhotoPageActivity}
04-12 20:39:53.394780  1706  2718 I CustomRoleService: Replacing with same preferred activity ComponentInfo{com.gallery20/com.gallery20.app.photo.ExternalPhotoPageActivity} for user 0:
04-12 20:39:53.395316  1706  2718 I CustomRoleService: Checking replace of preferred:
04-12 20:39:53.395342  1706  2718 I CustomRoleService:   -- CUR: mComponent=ComponentInfo{com.transsion.magicshow/com.transsion.magicvideo.activities.VideoPlayerActivity}
04-12 20:39:53.395345  1706  2718 I CustomRoleService:   -- NEW: mComponent=ComponentInfo{com.transsion.magicshow/com.transsion.magicvideo.activities.VideoPlayerActivity}
04-12 20:39:53.395347  1706  2718 I CustomRoleService: Replacing with same preferred activity ComponentInfo{com.transsion.magicshow/com.transsion.magicvideo.activities.VideoPlayerActivity} for user 0:
04-12 20:39:53.395625  1706  2718 I CustomRoleService: Checking replace of preferred:
04-12 20:39:53.395663  1706  2718 I CustomRoleService:   -- CUR: mComponent=ComponentInfo{com.transsion.magicshow/com.transsion.magicvideo.activities.VideoPlayerActivity}
04-12 20:39:53.395665  1706  2718 I CustomRoleService:   -- NEW: mComponent=ComponentInfo{com.transsion.magicshow/com.transsion.magicvideo.activities.VideoPlayerActivity}
04-12 20:39:53.395668  1706  2718 I CustomRoleService: Replacing with same preferred activity ComponentInfo{com.transsion.magicshow/com.transsion.magicvideo.activities.VideoPlayerActivity} for user 0:
04-12 20:39:53.396470  1706  4298 V AlarmManager: set(PendingIntent{8c574f4: PendingIntentRecord{e6d541d com.google.android.gms/com.google.android.gms.westworld startService}}) : type=3 triggerAtTime=43236166 win=3600000 tElapsed=43236166 maxElapsed=46836166 interval=0 flags=0x0
04-12 20:39:53.398458  1706  2718 I CustomRoleService: Checking replace of preferred:
04-12 20:39:53.398491  1706  2718 I CustomRoleService:   -- CUR: mComponent=ComponentInfo{com.transsion.magicshow/com.transsion.magicvideo.activities.VideoPlayerActivity}
04-12 20:39:53.398494  1706  2718 I CustomRoleService:   -- NEW: mComponent=ComponentInfo{com.transsion.magicshow/com.transsion.magicvideo.activities.VideoPlayerActivity}
04-12 20:39:53.398497  1706  2718 I CustomRoleService: Replacing with same preferred activity ComponentInfo{com.transsion.magicshow/com.transsion.magicvideo.activities.VideoPlayerActivity} for user 0:
04-12 20:39:53.398822  1706  2718 I CustomRoleService: Checking replace of preferred:
04-12 20:39:53.398848  1706  2718 I CustomRoleService:   -- CUR: mComponent=ComponentInfo{com.transsion.magicshow/com.transsion.magicvideo.activities.VideoPlayerActivity}
04-12 20:39:53.398851  1706  2718 I CustomRoleService:   -- NEW: mComponent=ComponentInfo{com.transsion.magicshow/com.transsion.magicvideo.activities.VideoPlayerActivity}
04-12 20:39:53.398855  1706  2718 I CustomRoleService: Replacing with same preferred activity ComponentInfo{com.transsion.magicshow/com.transsion.magicvideo.activities.VideoPlayerActivity} for user 0:
04-12 20:39:53.399126  1706  2718 I CustomRoleService: Checking replace of preferred:
04-12 20:39:53.399151  1706  2718 I CustomRoleService:   -- CUR: mComponent=ComponentInfo{com.transsion.magicshow/com.transsion.magicvideo.activities.VideoPlayerActivity}
04-12 20:39:53.399154  1706  2718 I CustomRoleService:   -- NEW: mComponent=ComponentInfo{com.transsion.magicshow/com.transsion.magicvideo.activities.VideoPlayerActivity}
04-12 20:39:53.399156  1706  2718 I CustomRoleService: Replacing with same preferred activity ComponentInfo{com.transsion.magicshow/com.transsion.magicvideo.activities.VideoPlayerActivity} for user 0:
04-12 20:39:53.399424  1706  2718 I CustomRoleService: Checking replace of preferred:
04-12 20:39:53.399447  1706  2718 I CustomRoleService:   -- CUR: mComponent=ComponentInfo{com.transsion.magicshow/com.transsion.magicvideo.activities.VideoPlayerActivity}
04-12 20:39:53.399450  1706  2718 I CustomRoleService:   -- NEW: mComponent=ComponentInfo{com.transsion.magicshow/com.transsion.magicvideo.activities.VideoPlayerActivity}
04-12 20:39:53.399452  1706  2718 I CustomRoleService: Replacing with same preferred activity ComponentInfo{com.transsion.magicshow/com.transsion.magicvideo.activities.VideoPlayerActivity} for user 0:
04-12 20:39:53.399719  1706  2718 I CustomRoleService: Checking replace of preferred:
04-12 20:39:53.399744  1706  2718 I CustomRoleService:   -- CUR: mComponent=ComponentInfo{com.transsion.magicshow/com.transsion.magicvideo.activities.VideoPlayerActivity}
04-12 20:39:53.399747  1706  2718 I CustomRoleService:   -- NEW: mComponent=ComponentInfo{com.transsion.magicshow/com.transsion.magicvideo.activities.VideoPlayerActivity}
04-12 20:39:53.399749  1706  2718 I CustomRoleService: Replacing with same preferred activity ComponentInfo{com.transsion.magicshow/com.transsion.magicvideo.activities.VideoPlayerActivity} for user 0:
04-12 20:39:53.400019  1706  2718 I CustomRoleService: Checking replace of preferred:
04-12 20:39:53.400042  1706  2718 I CustomRoleService:   -- CUR: mComponent=ComponentInfo{com.transsion.magicshow/com.transsion.magicvideo.activities.VideoPlayerActivity}
04-12 20:39:53.400044  1706  2718 I CustomRoleService:   -- NEW: mComponent=ComponentInfo{com.transsion.magicshow/com.transsion.magicvideo.activities.VideoPlayerActivity}
04-12 20:39:53.400047  1706  2718 I CustomRoleService: Replacing with same preferred activity ComponentInfo{com.transsion.magicshow/com.transsion.magicvideo.activities.VideoPlayerActivity} for user 0:
04-12 20:39:53.400367  1706  2718 I CustomRoleService: Checking replace of preferred:
04-12 20:39:53.400393  1706  2718 I CustomRoleService:   -- CUR: mComponent=ComponentInfo{com.transsion.magicshow/com.transsion.magicvideo.activities.VideoPlayerActivity}
04-12 20:39:53.400396  1706  2718 I CustomRoleService:   -- NEW: mComponent=ComponentInfo{com.transsion.magicshow/com.transsion.magicvideo.activities.VideoPlayerActivity}
04-12 20:39:53.400399  1706  2718 I CustomRoleService: Replacing with same preferred activity ComponentInfo{com.transsion.magicshow/com.transsion.magicvideo.activities.VideoPlayerActivity} for user 0:
04-12 20:39:53.400665  1706  2718 I CustomRoleService: Checking replace of preferred:
04-12 20:39:53.400703  1706  2718 I CustomRoleService:   -- CUR: mComponent=ComponentInfo{com.transsion.magicshow/com.transsion.magicvideo.activities.VideoPlayerActivity}
04-12 20:39:53.400706  1706  2718 I CustomRoleService:   -- NEW: mComponent=ComponentInfo{com.transsion.magicshow/com.transsion.magicvideo.activities.VideoPlayerActivity}
04-12 20:39:53.400709  1706  2718 I CustomRoleService: Replacing with same preferred activity ComponentInfo{com.transsion.magicshow/com.transsion.magicvideo.activities.VideoPlayerActivity} for user 0:
04-12 20:39:53.400980  1706  2718 I CustomRoleService: Checking replace of preferred:
04-12 20:39:53.401002  1706  2718 I CustomRoleService:   -- CUR: mComponent=ComponentInfo{com.transsion.magicshow/com.transsion.magicvideo.activities.VideoPlayerActivity}
04-12 20:39:53.401004  1706  2718 I CustomRoleService:   -- NEW: mComponent=ComponentInfo{com.transsion.magicshow/com.transsion.magicvideo.activities.VideoPlayerActivity}
04-12 20:39:53.401007  1706  2718 I CustomRoleService: Replacing with same preferred activity ComponentInfo{com.transsion.magicshow/com.transsion.magicvideo.activities.VideoPlayerActivity} for user 0:
04-12 20:39:53.401271  1706  2718 I CustomRoleService: Checking replace of preferred:
04-12 20:39:53.401291  1706  2718 I CustomRoleService:   -- CUR: mComponent=ComponentInfo{com.transsion.magicshow/com.transsion.magicvideo.activities.VideoPlayerActivity}
04-12 20:39:53.401293  1706  2718 I CustomRoleService:   -- NEW: mComponent=ComponentInfo{com.transsion.magicshow/com.transsion.magicvideo.activities.VideoPlayerActivity}
04-12 20:39:53.401296  1706  2718 I CustomRoleService: Replacing with same preferred activity ComponentInfo{com.transsion.magicshow/com.transsion.magicvideo.activities.VideoPlayerActivity} for user 0:
04-12 20:39:53.401560  1706  2718 I CustomRoleService: Checking replace of preferred:
04-12 20:39:53.401595  1706  2718 I CustomRoleService:   -- CUR: mComponent=ComponentInfo{com.transsion.magicshow/com.transsion.magicvideo.activities.VideoPlayerActivity}
04-12 20:39:53.401597  1706  2718 I CustomRoleService:   -- NEW: mComponent=ComponentInfo{com.transsion.magicshow/com.transsion.magicvideo.activities.VideoPlayerActivity}
04-12 20:39:53.401600  1706  2718 I CustomRoleService: Replacing with same preferred activity ComponentInfo{com.transsion.magicshow/com.transsion.magicvideo.activities.VideoPlayerActivity} for user 0:
04-12 20:39:53.401866  1706  2718 I CustomRoleService: Checking replace of preferred:
04-12 20:39:53.401901  1706  2718 I CustomRoleService:   -- CUR: mComponent=ComponentInfo{com.transsion.magicshow/com.transsion.magicvideo.activities.VideoPlayerActivity}
04-12 20:39:53.401904  1706  2718 I CustomRoleService:   -- NEW: mComponent=ComponentInfo{com.transsion.magicshow/com.transsion.magicvideo.activities.VideoPlayerActivity}
04-12 20:39:53.401907  1706  2718 I CustomRoleService: Replacing with same preferred activity ComponentInfo{com.transsion.magicshow/com.transsion.magicvideo.activities.VideoPlayerActivity} for user 0:
04-12 20:39:53.403109  1706  4307 I START_DEBUG: remove BIND_TIMEOUT finish    ProcessRecord :ProcessRecord{f5489fb 8255:com.google.android.rkpdapp/u0a281}
04-12 20:39:53.404869  1706  2057 D TranPhoneWindowManagerInternal: isAppHide  com.google.android.gms   false
04-12 20:39:53.405885  1706  2174 I AppWidgetServiceImpl: Received broadcast: android.intent.action.PACKAGE_CHANGED on user 0
04-12 20:39:53.405974  1706  2718 I CustomRoleService: Checking replace of preferred:
04-12 20:39:53.406010  1706  2718 I CustomRoleService:   -- CUR: mComponent=ComponentInfo{com.transsion.magicshow/com.transsion.magicvideo.activities.VideoPlayerActivity}
04-12 20:39:53.406013  1706  2718 I CustomRoleService:   -- NEW: mComponent=ComponentInfo{com.transsion.magicshow/com.transsion.magicvideo.activities.VideoPlayerActivity}
04-12 20:39:53.406016  1706  2718 I CustomRoleService: Replacing with same preferred activity ComponentInfo{com.transsion.magicshow/com.transsion.magicvideo.activities.VideoPlayerActivity} for user 0:
04-12 20:39:53.406718  1706  2190 D ShortcutService: received package broadcast intent: Intent { act=android.intent.action.PACKAGE_CHANGED dat=package: flg=0x45000010 (has extras) }
04-12 20:39:53.406735  1706  2190 D ShortcutService: changing package: com.google.android.gms userId=0
04-12 20:39:53.406954  1706  4205 W AppOpService: Ignored setUidMode call for runtime permission app op: uid = 10122, code = RECEIVE_WAP_PUSH, mode = allow, callingUid = 1001, oldMode = allow
04-12 20:39:53.407215  1706  4205 W AppOpService: Ignored setUidMode call for runtime permission app op: uid = 10122, code = READ_CELL_BROADCASTS, mode = allow, callingUid = 1001, oldMode = allow
04-12 20:39:53.407268  1706  1706 I TranAppmService: Package event: android.intent.action.PACKAGE_CHANGED for com.google.android.gms
04-12 20:39:53.407287  1706  1706 D TranAppmService: Updating package: com.google.android.gms
04-12 20:39:53.407322  1706  1706 D TranAppmService: com.google.android.gms is a system app, skipping
04-12 20:39:53.409181  1706  2718 I CustomRoleService: Checking replace of preferred:
04-12 20:39:53.409243  1706  2718 I CustomRoleService:   -- CUR: mComponent=ComponentInfo{com.transsion.magicshow/com.transsion.magicvideo.activities.VideoPlayerActivity}
04-12 20:39:53.409248  1706  2718 I CustomRoleService:   -- NEW: mComponent=ComponentInfo{com.transsion.magicshow/com.transsion.magicvideo.activities.VideoPlayerActivity}
04-12 20:39:53.409270  1706  2718 I CustomRoleService: Replacing with same preferred activity ComponentInfo{com.transsion.magicshow/com.transsion.magicvideo.activities.VideoPlayerActivity} for user 0:
04-12 20:39:53.411055  1706  1706 I CustomRoleService: Packages changed - re-running initial grants for user 0
04-12 20:39:53.411179  1706  2718 I CustomRoleService: Checking replace of preferred:
04-12 20:39:53.411231  1706  2718 I CustomRoleService:   -- CUR: mComponent=ComponentInfo{cn.wps.moffice_eng/cn.wps.moffice.documentmanager.PreStartActivity2}
04-12 20:39:53.411235  1706  2718 I CustomRoleService:   -- NEW: mComponent=ComponentInfo{cn.wps.moffice_eng/cn.wps.moffice.documentmanager.PreStartActivity2}
04-12 20:39:53.411239  1706  2718 I CustomRoleService: Replacing with same preferred activity ComponentInfo{cn.wps.moffice_eng/cn.wps.moffice.documentmanager.PreStartActivity2} for user 0:
04-12 20:39:53.411491  1706  1706 I Griffin/StateProvider: Package changed: android.intent.action.PACKAGE_CHANGED, pkg = com.google.android.gms
04-12 20:39:53.411916  1706  2718 I CustomRoleService: Checking replace of preferred:
04-12 20:39:53.411962  1706  2718 I CustomRoleService:   -- CUR: mComponent=ComponentInfo{cn.wps.moffice_eng/cn.wps.moffice.documentmanager.PreStartActivity2}
04-12 20:39:53.411966  1706  2718 I CustomRoleService:   -- NEW: mComponent=ComponentInfo{cn.wps.moffice_eng/cn.wps.moffice.documentmanager.PreStartActivity2}
04-12 20:39:53.411971  1706  2718 I CustomRoleService: Replacing with same preferred activity ComponentInfo{cn.wps.moffice_eng/cn.wps.moffice.documentmanager.PreStartActivity2} for user 0:
04-12 20:39:53.415287  1706  2099 V AccessibilityManagerService: onUserStateChangedLocked for userId: 0, forceUpdate: false
04-12 20:39:53.416993  1706  1942 W AppOpService: Ignored setUidMode call for runtime permission app op: uid = 1001, code = READ_SMS, mode = allow, callingUid = 1001, oldMode = allow
04-12 20:39:53.417964  1706  2099 W MagnificationConnectionManager: requestConnection duplicated request: connect=false, mConnectionState=DISCONNECTED
04-12 20:39:53.418901  1706  2057 D TranPhoneWindowManagerInternal: isAppHide  tech.palm.find   false
04-12 20:39:53.420229  1706  1942 W AppOpService: Ignored setUidMode call for runtime permission app op: uid = 1001, code = RECEIVE_SMS, mode = allow, callingUid = 1001, oldMode = allow
04-12 20:39:53.422351  1706  2174 I AppWidgetServiceImpl: Received broadcast: android.intent.action.PACKAGE_CHANGED on user 0
04-12 20:39:53.423139  1706  2190 D ShortcutService: received package broadcast intent: Intent { act=android.intent.action.PACKAGE_CHANGED dat=package: flg=0x45000010 pkg=android (has extras) }
04-12 20:39:53.423151  1706  2190 D ShortcutService: changing package: tech.palm.find userId=0
04-12 20:39:53.423437  1706  4199 W AppOpService: Ignored setUidMode call for runtime permission app op: uid = 1001, code = RECEIVE_WAP_PUSH, mode = allow, callingUid = 1001, oldMode = allow
04-12 20:39:53.423680  1706  4244 W AppOpService: Ignored setUidMode call for runtime permission app op: uid = 1001, code = SEND_SMS, mode = allow, callingUid = 1001, oldMode = allow
04-12 20:39:53.423869  1706  4199 W AppOpService: Ignored setUidMode call for runtime permission app op: uid = 1001, code = READ_CELL_BROADCASTS, mode = allow, callingUid = 1001, oldMode = allow
04-12 20:39:53.428516  1706  1706 I TranAppmService: Package event: android.intent.action.PACKAGE_CHANGED for tech.palm.find
04-12 20:39:53.428868  1706  1706 D TranAppmService: Updating package: tech.palm.find
04-12 20:39:53.429363  1706  1706 D TranAppmService: tech.palm.find is a system app, skipping
04-12 20:39:53.430636  1706  1706 I CustomRoleService: Packages changed - re-running initial grants for user 0
04-12 20:39:53.435099  1706  1706 I Griffin/StateProvider: Package changed: android.intent.action.PACKAGE_CHANGED, pkg = tech.palm.find
04-12 20:39:53.443340  1706  4345 I StatusBarManagerService: disableLocked some feature ,what = 2097152 ,displayId = 0 ,pkg = com.transsion.tranfacmode ,net1 = 2097152 ,net2= 0 ,userId = 0 ,token = android.os.BinderProxy@1f1f8cc ,whichFlag = 1 ,state.disableEquals = false
04-12 20:39:53.443449  1706  1848 D HolaSettings: getAppHidden() pkgName=com.transsion.letswitch, userId=0, ps=PackageSetting name=com.transsion.letswitch, mUserState={0=PackageUserState hidden=0, enabledComponents=null, disabledComponents={com.transsion.letswitch.upgrade.UpgradeService}}
04-12 20:39:53.443485  1706  1848 D PhoneCloneServiceFinder: getTargetPackage() userId=0, services=[]
04-12 20:39:53.445319  1706  1795 I StatusBarManagerService: disableLocked some feature ,what = 0 ,displayId = 0 ,pkg = com.transsion.tranfacmode ,net1 = 2097152 ,net2= 0 ,userId = 0 ,token = android.os.BinderProxy@1f1f8cc ,whichFlag = 2 ,state.disableEquals = true
04-12 20:39:53.456016  1706  3319 D TABE.AppPermissionProof: initBasePermissionData
04-12 20:39:53.456900  1706  4244 W AppOpService: Ignored setUidMode call for runtime permission app op: uid = 10122, code = RECEIVE_WAP_PUSH, mode = allow, callingUid = 1001, oldMode = allow
04-12 20:39:53.457148  1706  4244 W AppOpService: Ignored setUidMode call for runtime permission app op: uid = 10122, code = READ_CELL_BROADCASTS, mode = allow, callingUid = 1001, oldMode = allow
04-12 20:39:53.458415  1706  4307 W ActivityManager: Slow operation: 55ms so far, now at finishAttachApplicationInner: after mServices.attachApplicationLocked
04-12 20:39:53.458507  1706  4307 W ActivityManager: Slow operation: 55ms so far, now at finishAttachApplicationInner: after dispatching broadcasts
04-12 20:39:53.458692  2360  5481 D TranAlarmAlignManager: alarmAlign system not ready:false,align:null
04-12 20:39:53.471877  1706  2096 V InputMethodManagerService: Checking com.facemoji.lite.transsion/com.baidu.simeji.SimejiIME
04-12 20:39:53.474366  1706  4345 V AlarmManager: set(PendingIntent{9c6953a: PendingIntentRecord{fe165eb com.google.android.gms/com.google.android.gms.westworld startService}}) : type=3 triggerAtTime=14436246 win=10800000 tElapsed=14436246 maxElapsed=25236246 interval=14400000 flags=0x0
04-12 20:39:53.474820  1706  4298 W AppOpService: Ignored setUidMode call for runtime permission app op: uid = 1001, code = READ_SMS, mode = allow, callingUid = 1001, oldMode = allow
04-12 20:39:53.477270  1706  4298 W AppOpService: Ignored setUidMode call for runtime permission app op: uid = 1001, code = RECEIVE_SMS, mode = allow, callingUid = 1001, oldMode = allow
04-12 20:39:53.478181  1706  4298 W AppOpService: Ignored setUidMode call for runtime permission app op: uid = 1001, code = RECEIVE_WAP_PUSH, mode = allow, callingUid = 1001, oldMode = allow
04-12 20:39:53.480636  1706  4307 W AppOpService: Ignored setUidMode call for runtime permission app op: uid = 1001, code = SEND_SMS, mode = allow, callingUid = 1001, oldMode = allow
04-12 20:39:53.480869  1706  4307 W AppOpService: Ignored setUidMode call for runtime permission app op: uid = 1001, code = READ_CELL_BROADCASTS, mode = allow, callingUid = 1001, oldMode = allow
04-12 20:39:53.481931  1706  2096 V InputMethodManagerService: Found an input method InputMethodInfo{com.facemoji.lite.transsion/com.baidu.simeji.SimejiIME, settings: com.preff.kb.settings.SettingsNoneActivity, languageSettings: null}
04-12 20:39:53.481946  1706  2096 V InputMethodManagerService: Checking com.google.android.gms/.autofill.service.AutofillInputMethodServiceProxy
04-12 20:39:53.486926  1706  2096 V InputMethodManagerService: Found an input method InputMethodInfo{com.google.android.gms/.autofill.service.AutofillInputMethodServiceProxy, settings: null, languageSettings: null}
04-12 20:39:53.486961  1706  2096 V InputMethodManagerService: Checking com.google.android.inputmethod.latin/com.android.inputmethod.latin.LatinIME
04-12 20:39:53.489615  1706  2096 V InputMethodManagerService: Found an input method InputMethodInfo{com.google.android.inputmethod.latin/com.android.inputmethod.latin.LatinIME, settings: com.google.android.apps.inputmethod.latin.preference.SettingsActivity, languageSettings: null}
04-12 20:39:53.489667  1706  2096 V InputMethodManagerService: Checking com.google.android.tts/com.google.android.apps.speech.tts.googletts.settings.asr.voiceime.VoiceInputMethodService
04-12 20:39:53.489956  1706  2096 V InputMethodManagerService: Found an input method InputMethodInfo{com.google.android.tts/com.google.android.apps.speech.tts.googletts.settings.asr.voiceime.VoiceInputMethodService, settings: com.google.android.apps.speech.tts.googletts.settings.asr.voiceime.ui.VoiceImeSettingsActivity, languageSettings: null}
04-12 20:39:53.489972  1706  2096 V InputMethodManagerService: Checking com.transsion.sk/.inputservice.TInputMethodService
04-12 20:39:53.498027  1706  4208 W AppOpService: Ignored setUidMode call for runtime permission app op: uid = 10122, code = RECEIVE_WAP_PUSH, mode = allow, callingUid = 1001, oldMode = allow
04-12 20:39:53.498844  1706  8299 I DropBoxManagerService: add tag=system_app_crash isTagEnabled=true flags=0x2
04-12 20:39:53.498921  1706  2811 W AppOpService: Ignored setUidMode call for runtime permission app op: uid = 10122, code = READ_CELL_BROADCASTS, mode = allow, callingUid = 1001, oldMode = allow
04-12 20:39:53.501574  1706  4208 W AppOpService: Ignored setUidMode call for runtime permission app op: uid = 1001, code = READ_SMS, mode = allow, callingUid = 1001, oldMode = allow
04-12 20:39:53.502611  1706  4231 W AppOpService: Ignored setUidMode call for runtime permission app op: uid = 1001, code = RECEIVE_SMS, mode = allow, callingUid = 1001, oldMode = allow
04-12 20:39:53.504052  1706  4208 W AppOpService: Ignored setUidMode call for runtime permission app op: uid = 1001, code = RECEIVE_WAP_PUSH, mode = allow, callingUid = 1001, oldMode = allow
04-12 20:39:53.504317  1706  4231 W AppOpService: Ignored setUidMode call for runtime permission app op: uid = 1001, code = SEND_SMS, mode = allow, callingUid = 1001, oldMode = allow
04-12 20:39:53.505323  1706  4307 W AppOpService: Ignored setUidMode call for runtime permission app op: uid = 1001, code = READ_CELL_BROADCASTS, mode = allow, callingUid = 1001, oldMode = allow
04-12 20:39:53.508011  1706  2096 V InputMethodManagerService: Found an input method InputMethodInfo{com.transsion.sk/.inputservice.TInputMethodService, settings: null, languageSettings: null}
04-12 20:39:53.509345  1706  2096 D InputMethodSettings: getSelectedInputMethodStr: com.google.android.inputmethod.latin/com.android.inputmethod.latin.LatinIME
04-12 20:39:53.510034  1706  2096 V InputMethodManagerService: --- re-buildInputMethodList reset = false 
04-12 20:39:53.510034  1706  2096 V InputMethodManagerService:  ------ caller=com.android.server.inputmethod.InputMethodManagerService$MyPackageMonitor.onFinishPackageChangesInternal:963 com.android.server.inputmethod.InputMethodManagerService$MyPackageMonitor.onFinishPackageChanges:886 com.android.internal.content.PackageMonitor.doHandlePackageEvent:596 com.android.internal.content.PackageMonitor.lambda$postHandlePackageEvent$0:435 com.android.internal.content.PackageMonitor.$r8$lambda$bSKEInwdT6Kd7GAyzMZPsXTTqeQ:0 com.android.internal.content.PackageMonitor$$ExternalSyntheticLambda0.run:0 android.os.Handler.handleCallback:995 android.os.Handler.dispatchMessage:103 android.os.Looper.loopOnce:327 android.os.Looper.loop:431 
04-12 20:39:53.513691  1706  2096 D InputMethodSettings: getSelectedInputMethodStr: com.google.android.inputmethod.latin/com.android.inputmethod.latin.LatinIME
04-12 20:39:53.513831  1706  2096 D InputMethodSettings: getDefaultVoiceInputMethodStr: com.google.android.tts/com.google.android.apps.speech.tts.googletts.settings.asr.voiceime.VoiceInputMethodService
04-12 20:39:53.517460  1706  4307 D CompatChangeReporter: Compat change id reported: 297989574; UID 1000; state: ENABLED
04-12 20:39:53.518487  1706  2099 V AccessibilityManagerService: onUserStateChangedLocked for userId: 0, forceUpdate: false
04-12 20:39:53.526936  2360  7185 D TranAlarmAlignManager: alarmAlign system not ready:false,align:null
04-12 20:39:53.544967  1706  3280 D UsfSystemServer/appSceneHooker: action is empty in service bind status
04-12 20:39:53.547464  1706  1865 D ActivityTaskManager_Recents: Skipping, user setup not complete: Task{11d1c0d #6 type=undefined A=10188:com.transsion.magazineservice.xos nonResizable}
04-12 20:39:53.547475  1706  2099 W MagnificationConnectionManager: requestConnection duplicated request: connect=false, mConnectionState=DISCONNECTED
04-12 20:39:53.558720  1706  1865 I griffin_dfx_process_died: ApplicationExitInfo(timestamp=2026/4/12 20:39 pid=8139 realUid=1000 packageUid=1000 definingUid=1000 user=0 process=com.transsion.tranfacmode reason=4 (APP CRASH(EXCEPTION)) subreason=0 (UNKNOWN) status=0 importance=400 pss=0.00 rss=0.00 description=crash state=empty trace=null exitInfoExt=TranApplicationExitInfoExt{mRecentid=-1, mIsMainProcess=true, mVmsize=17472576, mVmlock=0, mVmHWM=-1, mVmRss=152824, mRssAnon=77036, mRssFile=74600, mRssShmem=1188, mVmSwap=0, mWorkingState=-1, mSchedGroup=2, mOomAdj=0, mHostingType='broadcast, mAlivetime=727, mIsHiber=false, mHibertime=-1, mHiberReason='-1, mLruReason='broadcast}
04-12 20:39:53.574973  1706  1837 D TranClassInfo: instance successfully. com.transsion.hubcore.server.am.TranAppErrorsImpl@92dba2e from com.transsion.hubcore.server.am.ITranAppErrors
04-12 20:39:53.575345  1706  1837 I ActivityManager: Showing crash dialog for package com.transsion.tranfacmode u0, isLowStorageIOExcetpion=false
04-12 20:39:53.575433  1706  1795 I AppWidgetServiceImpl: getAppWidgetIds() 0
04-12 20:39:53.575453  1706  1837 D ActivityManager: isSmartDetect = false; switch = false
04-12 20:39:53.576288  1706  1837 D TranClassInfo: instance successfully. com.transsion.hubcore.app.TranAppImpl@1889265 from com.transsion.hubcore.app.ITranApp
04-12 20:39:53.579713  1706  1837 D TranClassInfo: instance successfully. com.transsion.hubcore.iconcustomization.TranGlobalThemedIconImpl@8510560 from com.transsion.hubcore.iconcustomization.ITranGlobalThemedIcon
04-12 20:39:53.580314  1706  3280 I AppWidgetServiceImpl: getAppWidgetIds() 0
04-12 20:39:53.583700  1706  2810 I AppWidgetServiceImpl: getAppWidgetIds() 0
04-12 20:39:53.584206  1706  4205 I AppWidgetServiceImpl: getAppWidgetIds() 0
04-12 20:39:53.591596  1706  2853 I AppWidgetServiceImpl: getAppWidgetIds() 0
04-12 20:39:53.606476  1706  2099 V AccessibilityManagerService: onUserStateChangedLocked for userId: 0, forceUpdate: false
04-12 20:39:53.607853   602   602 I keystore2: system/security/keystore2/src/database.rs:1236 - is_backup_support str="1"
04-12 20:39:53.612790  1706  2099 W MagnificationConnectionManager: requestConnection duplicated request: connect=false, mConnectionState=DISCONNECTED
04-12 20:39:53.614424  1706  1863 E OomConnection: failed waiting for OOM events: java.lang.RuntimeException: listener failed waiting for OOM event
04-12 20:39:53.616807  1706  1860 I ActivityManager: Start proc 8211:com.debug.loggerui/u0a152 for broadcast {com.debug.loggerui/com.debug.loggerui.framework.LogReceiver}
04-12 20:39:53.616959  1706  1860 I START_DEBUG: send START_TIMEOUT message    ProcessRecord :ProcessRecord{ab41bc4 8211:com.debug.loggerui/u0a152}
04-12 20:39:53.616977  1706  1860 I ActivityManager: ProcessObserver broadcast disabled
04-12 20:39:53.619492  1706  1796 V ActivityManager: New death recipient com.android.server.am.ActivityManagerService$AppDeathRecipient@7b6a9b0 for thread android.os.BinderProxy@e9a1029
04-12 20:39:53.621526  1706  1796 I START_DEBUG: send BINDTIMEOUT    ProcessRecord :ProcessRecord{ab41bc4 8211:com.debug.loggerui/u0a152}
04-12 20:39:53.621554  1706  1796 I START_DEBUG: remove START_TIMEOUT finish    ProcessRecord :ProcessRecord{ab41bc4 8211:com.debug.loggerui/u0a152}
04-12 20:39:53.621608  1706  1796 D os.ActivityManagerServiceLice: make process active com.debug.loggerui(8211)
04-12 20:39:53.622405  8211  8323 I ActivityThread:  enable system monitor for package: com.debug.loggerui
04-12 20:39:53.623956  8211  8323 D TranClassInfo: instance successfully. com.transsion.common.thubutils.AppProperties@bd1b4d1 from com.transsion.hubsdk.thubutils.IAppProperties
04-12 20:39:53.624088  8211  8323 I AppProperties: enter initialize com.debug.loggerui
04-12 20:39:53.624196  8211  8323 I AppProperties: readAllPropFiles directoryPath=/system_ext/etc/vconfig/com.debug.loggerui/
04-12 20:39:53.624269  8211  8323 I AppProperties: enter readPropFiles count=0
04-12 20:39:53.624288  8211  8323 I AppProperties: readAllPropFiles directoryPath=/tr_product/etc/vconfig/com.debug.loggerui/
04-12 20:39:53.624306  8211  8323 I AppProperties: enter readPropFiles count=0
04-12 20:39:53.624310  8211  8323 I AppProperties: readAllPropFiles directoryPath=/tr_region/etc/vconfig/com.debug.loggerui/
04-12 20:39:53.624321  8211  8323 I AppProperties: enter readPropFiles count=0
04-12 20:39:53.624325  8211  8323 I AppProperties: readAllPropFiles directoryPath=/tr_carrier/etc/vconfig/com.debug.loggerui/
04-12 20:39:53.624332  8211  8323 I AppProperties: enter readPropFiles count=0
04-12 20:39:53.624341  8211  8323 I AppProperties: readAllPropFiles directoryPath=/tr_company/etc/vconfig/com.debug.loggerui/
04-12 20:39:53.624349  8211  8323 I AppProperties: enter readPropFiles count=0
04-12 20:39:53.624352  8211  8323 I AppProperties: readAllPropFiles directoryPath=/tranfs/etc/vconfig/com.debug.loggerui/
04-12 20:39:53.624390  8211  8323 I AppProperties: enter readPropFiles count=0
04-12 20:39:53.625589  1706  1848 D HolaSettings: getAppHidden() pkgName=com.transsion.letswitch, userId=0, ps=PackageSetting name=com.transsion.letswitch, mUserState={0=PackageUserState hidden=0, enabledComponents=null, disabledComponents={com.transsion.letswitch.upgrade.UpgradeService}}
04-12 20:39:53.625680  1706  1848 D PhoneCloneServiceFinder: getTargetPackage() userId=0, services=[]
04-12 20:39:53.627106  1706  1837 D TranClassInfo: instance successfully. com.transsion.hubcore.internal.TranInternalViewImpl@47e9479 from com.transsion.hubcore.internal.ITranInternalView
04-12 20:39:53.635230  1706  1848 D HolaSettings: getAppHidden() pkgName=com.transsion.letswitch, userId=0, ps=PackageSetting name=com.transsion.letswitch, mUserState={0=PackageUserState hidden=0, enabledComponents=null, disabledComponents={com.transsion.letswitch.upgrade.UpgradeService}}
04-12 20:39:53.635336  1706  1848 D PhoneCloneServiceFinder: getTargetPackage() userId=0, services=[]
04-12 20:39:53.637282  8211  8211 E SystemMonitorUtils:  error to open /dev/ensignal file e=android.system.ErrnoException: open failed: EACCES (Permission denied)
04-12 20:39:53.638582  8211  8211 E SystemMonitorUtils:  error to open /dev/ensignal file e=android.system.ErrnoException: open failed: EACCES (Permission denied)
04-12 20:39:53.655320  1706  4307 D UsfSystemServer/appSceneHooker: action is empty in service bind status
04-12 20:39:53.656670  1706  4307 D CompatChangeReporter: Compat change id reported: 311208629; UID 10203; state: ENABLED
04-12 20:39:53.667076  1706  1837 D ViewRootImpl: setView appearance:0 Application Error: com.transsion.tranfacmode
04-12 20:39:53.669505  1706  1837 D WindowManager: currentFocusId 0 newFocusId: -1 currentFocusIsMultiWindow: false newFocusIsMultiWindow: false
04-12 20:39:53.670787  1706  1837 W WindowManager: Changing focus from Window{abc43d2 u0 com.google.android.gms/com.google.android.gms.nearby.sharing.main.MainActivity} to Window{e9bd40a u0 Application Error: com.transsion.tranfacmode} displayId=0 Callers=com.android.server.wm.RootWindowContainer.updateFocusedWindowLocked:532 com.android.server.wm.WindowManagerService.updateFocusedWindowLocked:7088 com.android.server.wm.WindowManagerService.addWindowInner:2265 com.android.server.wm.WindowManagerService.addWindow:2178 
04-12 20:39:53.670837  1706  1837 D WindowManager: notifyAppOnFocusChange focusedWindow =Application Error: com.transsion.tranfacmode;1706;1000 registeredPid=3983 callback=android.window.IFocusChangeCallback$Stub$Proxy@646f014
04-12 20:39:53.675180  1706  1837 I WindowManager: updateSystemBarAttributes appearance:16, win appearance:0, opaqueAppearance:0, win:Window{e9bd40a u0 Application Error: com.transsion.tranfacmode}, appearanceRegions=[AppearanceRegion{LIGHT_STATUS_BARS bounds=[0,0][1208,2644]}]
04-12 20:39:53.680551  1706  1837 D TranClassInfo: instance successfully. com.transsion.hubcore.internal.policy.TranPhoneWindowImpl@ec1cb3f from com.transsion.hubcore.internal.policy.ITranPhoneWindow
04-12 20:39:53.680799  1706  1837 D CoreBackPreview: Window{e9bd40a u0 Application Error: com.transsion.tranfacmode}: Setting back callback OnBackInvokedCallbackInfo{mCallback=android.window.WindowOnBackInvokedDispatcher$OnBackInvokedCallbackWrapper@17a5955, mPriority=-1, mIsAnimationCallback=false, mOverrideBehavior=0}
04-12 20:39:53.690300  1706  1942 I START_DEBUG: remove BIND_TIMEOUT finish    ProcessRecord :ProcessRecord{ab41bc4 8211:com.debug.loggerui/u0a152}
04-12 20:39:53.697386  3808  7534 D EngineManager: [trustedPrefixes] start ,isPreinstalledPath is false,prefix is com.transsion.,sourceDir is /data/app/~~MdVePR4_xkAFKkfvfq4aIQ==/com.google.android.gms-WpJNIfWRrgn5vtKGnlcbog==/base.apk,packageName.startsWith(prefix) is false,packageName is com.google.android.gms
04-12 20:39:53.697422  3808  7534 D EngineManager: [trustedPrefixes] start ,isPreinstalledPath is false,prefix is tech.palm.,sourceDir is /data/app/~~MdVePR4_xkAFKkfvfq4aIQ==/com.google.android.gms-WpJNIfWRrgn5vtKGnlcbog==/base.apk,packageName.startsWith(prefix) is false,packageName is com.google.android.gms
04-12 20:39:53.697426  3808  7534 D EngineManager: [trustedPrefixes] start ,isPreinstalledPath is false,prefix is com.mediatek.,sourceDir is /data/app/~~MdVePR4_xkAFKkfvfq4aIQ==/com.google.android.gms-WpJNIfWRrgn5vtKGnlcbog==/base.apk,packageName.startsWith(prefix) is false,packageName is com.google.android.gms
04-12 20:39:53.697430  3808  7534 D EngineManager: [trustedPrefixes] start ,isPreinstalledPath is false,prefix is com.android.,sourceDir is /data/app/~~MdVePR4_xkAFKkfvfq4aIQ==/com.google.android.gms-WpJNIfWRrgn5vtKGnlcbog==/base.apk,packageName.startsWith(prefix) is false,packageName is com.google.android.gms
04-12 20:39:53.697455  3808  7534 D EngineManager: [trustedPrefixes] start ,isPreinstalledPath is false,prefix is com.google.,sourceDir is /data/app/~~MdVePR4_xkAFKkfvfq4aIQ==/com.google.android.gms-WpJNIfWRrgn5vtKGnlcbog==/base.apk,packageName.startsWith(prefix) is true,packageName is com.google.android.gms
04-12 20:39:53.697460  3808  7534 D EngineManager: [trustedPrefixes] start ,isPreinstalledPath is false,prefix is android.,sourceDir is /data/app/~~MdVePR4_xkAFKkfvfq4aIQ==/com.google.android.gms-WpJNIfWRrgn5vtKGnlcbog==/base.apk,packageName.startsWith(prefix) is false,packageName is com.google.android.gms
04-12 20:39:53.699379  3808  7534 D EngineManager: Signature digest whitelist rule matched! Trust granted.
04-12 20:39:53.709673  1706  1859 I tranpm/BroadcastPolicy: limitScheduleReceiverColdLockedInBringUp by isBlockBringUp: callingPackage = null, targetPkg = com.transsion.notebook, receiverName = com.transsion.notebook.receiver.CheckRemindBroadcastReceiver action = android.intent.action.BOOT_COMPLETED
04-12 20:39:53.709805  1706  1859 I tranpm/ExemptionPolicy: do nothing
04-12 20:39:53.727262  1706  1860 I ActivityManager: Start proc 8316:com.android.devicediagnostics/u0a77 for broadcast {com.android.devicediagnostics/com.android.devicediagnostics.BootCompleteReceiver}
04-12 20:39:53.728203  1706  1860 I START_DEBUG: send START_TIMEOUT message    ProcessRecord :ProcessRecord{928dc1b 8316:com.android.devicediagnostics/u0a77}
04-12 20:39:53.728333  1706  1860 I ActivityManager: ProcessObserver broadcast disabled
04-12 20:39:53.737987  1706  4200 I ActivityManager: Background started FGS: Allowed [callingPackage: com.debug.loggerui; callingUid: 10152; uidState: CEM ; uidBFSL: n/a; intent: Intent { xflg=0x4 cmp=com.debug.loggerui/.framework.DebugLoggerUIService }; code:BACKGROUND_FGS_PERMISSION; tempAllowListReason:<92eed3b android.intent.action.BOOT_COMPLETED/u0,reasonCode:BOOT_COMPLETED,duration:20000,callingUid:1000>; allowWiu:-1; targetSdkVersion:36; callerTargetSdkVersion:36; startForegroundCount:0; bindFromPackage:null: isBindService:false]
04-12 20:39:53.761444  1706  2387 D ActivityTaskManager_Recents: Skipping, user setup not complete: Task{11d1c0d #6 type=undefined A=10188:com.transsion.magazineservice.xos nonResizable}
04-12 20:39:53.788155  1706  1837 W Looper  : Slow dispatch took 108ms android.ui app=system_server main=false h=android.view.Choreographer$FrameHandler c=android.view.Choreographer$FrameDisplayEventReceiver@12e5c9f m=0
04-12 20:39:53.788454  1706  1940 D ActivityTaskManager: isControllerAMonkey mController = null,mControllerIsAMonkey = false
04-12 20:39:53.789891  1706  1837 I WindowManager: System monitor finishDrawingWindow w: Window{e9bd40a u0 Application Error: com.transsion.tranfacmode}; mDrawState = DRAW_PENDING
04-12 20:39:53.792491  1706  1840 D WindowManager: System monitor commitFinishDrawingLocked activity = null canShowWindows = null type = 2003
