04-12 20:39:54.732295  2360  7185 D TranAlarmAlignManager: alarmAlign system not ready:false,align:null
04-12 20:39:54.732475  1706  3280 W PackageManager: Cannot suspend package "com.sh.smart.caller": is the default dialer
04-12 20:39:54.733117  1706  3280 W PackageManager: Cannot suspend package "com.transsion.tranradionet": has OP_SYSTEM_EXEMPT_FROM_SUSPENSION set
04-12 20:39:54.733210  1706  3280 W PackageManager: Cannot suspend package "com.transsion.net.wifi": has OP_SYSTEM_EXEMPT_FROM_SUSPENSION set
04-12 20:39:54.734044  1706  3280 W PackageManager: Cannot suspend package "com.transsion.systemupdate": has OP_SYSTEM_EXEMPT_FROM_SUSPENSION set
04-12 20:39:54.735219  1706  3280 W PackageManager: Cannot suspend package "com.transsion.letswitch": has OP_SYSTEM_EXEMPT_FROM_SUSPENSION set
04-12 20:39:54.737118  1706  3280 W PackageManager: Cannot suspend package "com.android.location.fused": has OP_SYSTEM_EXEMPT_FROM_SUSPENSION set
04-12 20:39:54.737964  1706  2266 D UsfSystemServer/appSceneHooker: action is empty in service bind status
04-12 20:39:54.738671  1706  3280 W PackageManager: Cannot suspend package "com.transsion.kolun.aiservice": has OP_SYSTEM_EXEMPT_FROM_SUSPENSION set
04-12 20:39:54.738747  1706  3280 W PackageManager: Cannot suspend package "com.geniex.vsimhelper": has OP_SYSTEM_EXEMPT_FROM_SUSPENSION set
04-12 20:39:54.738798  1706  3280 W PackageManager: Cannot suspend package "com.transsion.infinixled": has OP_SYSTEM_EXEMPT_FROM_SUSPENSION set
04-12 20:39:54.738813  1706  3280 W PackageManager: Cannot suspend package "tech.palm.id": protected package
04-12 20:39:54.738865  1706  3280 W PackageManager: Cannot suspend package "com.transsion.settings.nfc": has OP_SYSTEM_EXEMPT_FROM_SUSPENSION set
04-12 20:39:54.738914  1706  3280 W PackageManager: Cannot suspend package "com.transsion.thub.res": has OP_SYSTEM_EXEMPT_FROM_SUSPENSION set
04-12 20:39:54.739007  1706  3280 W PackageManager: Cannot suspend package "com.transsion.tranfacmode": has OP_SYSTEM_EXEMPT_FROM_SUSPENSION set
04-12 20:39:54.739082  1706  3280 W PackageManager: Cannot suspend package "com.transsion.tranvoicecommand": has OP_SYSTEM_EXEMPT_FROM_SUSPENSION set
04-12 20:39:54.739175  1706  3280 W PackageManager: Cannot suspend package "com.transsion.aod": has OP_SYSTEM_EXEMPT_FROM_SUSPENSION set
04-12 20:39:54.739215  1706  3280 W PackageManager: Cannot suspend package "com.transsion.mol": has OP_SYSTEM_EXEMPT_FROM_SUSPENSION set
04-12 20:39:54.739242  1706  3280 W PackageManager: Cannot suspend package "com.transsion.spl": has OP_SYSTEM_EXEMPT_FROM_SUSPENSION set
04-12 20:39:54.739267  1706  3280 W PackageManager: Cannot suspend package "com.transsion.sru": has OP_SYSTEM_EXEMPT_FROM_SUSPENSION set
04-12 20:39:54.739291  1706  3280 W PackageManager: Cannot suspend package "com.transsion.usf": has OP_SYSTEM_EXEMPT_FROM_SUSPENSION set
04-12 20:39:54.739721  1706  3280 W os.SecurityComLice: Can't suspend package: com.scorpio.securitycom
04-12 20:39:54.739861  1706  3280 W TranAntiCrossComponentImpl: Can't suspend package: com.google.android.setupwizard
04-12 20:39:54.749672  1706  2344 I StandbyHandler/TranJobStateMonitor: uid:10230,pkgName:@androidx.work.systemjobscheduler@com.google.android.apps.wellbeing/androidx.work.impl.background.systemjob.SystemJobService jobId:62 finish time:1970-01-01 08:00:37,duration:109
04-12 20:39:54.753975  1706  4244 D ActivityTaskManager: isControllerAMonkey mController = null,mControllerIsAMonkey = false
04-12 20:39:54.793756  1706  1860 W ActivityManager: Slow operation: 93ms so far, now at startProcess: done updating battery stats
04-12 20:39:54.797739  1706  1860 W ActivityManager: Slow operation: 97ms so far, now at startProcess: building log message
04-12 20:39:54.798017  1706  1860 I ActivityManager: Start proc 8601:com.google.android.projection.gearhead:provider/u0a212 for content provider {com.google.android.projection.gearhead/com.google.android.apps.auto.components.projectionstate.ProjectionStateProvider}
04-12 20:39:54.798774  1706  1860 W ActivityManager: Slow operation: 98ms so far, now at startProcess: starting to update pids map
04-12 20:39:54.799339  1706  2835 D os.notification.pre:  add StatusBarNotification 102374843 current size 1
04-12 20:39:54.799509  1706  2835 D os.notification: onEnqueueNotificationInternal wait before
04-12 20:39:54.800729  1706  1860 I START_DEBUG: send START_TIMEOUT message    ProcessRecord :ProcessRecord{ca6c071 8601:com.google.android.projection.gearhead:provider/u0a212}
04-12 20:39:54.800776  1706  1860 I ActivityManager: ProcessObserver broadcast disabled
04-12 20:39:54.801355  1706  1860 W ActivityManager: Slow operation: 101ms so far, now at startProcess: done updating pids map
04-12 20:39:54.805661  1706  2260 I thermalLightController: com.google.android.gms
04-12 20:39:54.805661  1706  2260 I thermalLightController: {package=^.*$, autoLight=true
04-12 20:39:54.805661  1706  2260 I thermalLightController:   level1=LevelValue{trigger=43, exit=41, brightness=500}
04-12 20:39:54.805661  1706  2260 I thermalLightController:   level2=LevelValue{trigger=45, exit=43, brightness=350}
04-12 20:39:54.805661  1706  2260 I thermalLightController:   level3=LevelValue{trigger=47, exit=45, brightness=280}
04-12 20:39:54.805661  1706  2260 I thermalLightController:   level4=LevelValue{trigger=49, exit=47, brightness=210}
04-12 20:39:54.805661  1706  2260 I thermalLightController: }
04-12 20:39:54.817393  1706  4298 D UsfSystemServer/appSceneHooker: action is empty in service bind status
04-12 20:39:54.817744  1706  2007 D os.notification.pre:  add Runnable 42593195 with StatusBarNotification 102374843 current size 1
04-12 20:39:54.817817  1706  2810 I START_DEBUG: remove BIND_TIMEOUT finish    ProcessRecord :ProcessRecord{3b22b70 8504:com.google.android.configupdater/u0a213}
04-12 20:39:54.817873  1706  2007 D os.notification: onEnqueueNotificationInternal notifyAll
04-12 20:39:54.817914  1706  2835 D os.notification: onEnqueueNotificationInternal wait after
04-12 20:39:54.817957  1706  2835 D os.notification: onEnqueueNotificationInternal StatusBarNotification:StatusBarNotification(pkg=com.google.android.gms user=UserHandle{0} id=1000 tag=a:GMSCORE_STORE_RENDERER:11be35c183260000:107718207925398475592 key=0|com.google.android.gms|1000|a:GMSCORE_STORE_RENDERER:11be35c183260000:107718207925398475592|10232: Notification(channel=com.google.android.gms.notifications::SECURITY_ALERTS shortcut=null contentView=null vibrate=null sound=null tick defaults=0 flags=LOCAL_ONLY color=0x00000000 actions=1 vis=PRIVATE publicVersion=Notification(channel=null shortcut=null contentView=null vibrate=null sound=null defaults=0 flags=0 color=0x00000000 vis=PRIVATE))) callingUid:10232 sn:4 res:true
04-12 20:39:54.818696  1706  2153 D os.notification.pre:  remove Runnable 42593195 with StatusBarNotification 102374843 for puppet run current size 0
04-12 20:39:54.822800  1706  4229 V ActivityManager: New death recipient com.android.server.am.ActivityManagerService$AppDeathRecipient@ce65fd9 for thread android.os.BinderProxy@a211d9e
04-12 20:39:54.824372  1706  4229 I START_DEBUG: send BINDTIMEOUT    ProcessRecord :ProcessRecord{ca6c071 8601:com.google.android.projection.gearhead:provider/u0a212}
04-12 20:39:54.824402  1706  4229 I START_DEBUG: remove START_TIMEOUT finish    ProcessRecord :ProcessRecord{ca6c071 8601:com.google.android.projection.gearhead:provider/u0a212}
04-12 20:39:54.824478  1706  4229 D os.ActivityManagerServiceLice: make process active com.google.android.projection.gearhead:provider(8601)
04-12 20:39:54.825118  8601  8621 I ActivityThread:  enable system monitor for package: com.google.android.projection.gearhead:provider
04-12 20:39:54.826517  8601  8621 D TranClassInfo: instance successfully. com.transsion.common.thubutils.AppProperties@bd1b4d1 from com.transsion.hubsdk.thubutils.IAppProperties
04-12 20:39:54.826644  8601  8621 I AppProperties: enter initialize com.google.android.projection.gearhead
04-12 20:39:54.826811  8601  8621 I AppProperties: readAllPropFiles directoryPath=/system_ext/etc/vconfig/com.google.android.projection.gearhead/
04-12 20:39:54.827358  8601  8621 I AppProperties: enter readPropFiles count=0
04-12 20:39:54.828847  8601  8621 I AppProperties: readAllPropFiles directoryPath=/tr_product/etc/vconfig/com.google.android.projection.gearhead/
04-12 20:39:54.828900  8601  8621 I AppProperties: enter readPropFiles count=0
04-12 20:39:54.828905  8601  8621 I AppProperties: readAllPropFiles directoryPath=/tr_region/etc/vconfig/com.google.android.projection.gearhead/
04-12 20:39:54.828917  8601  8621 I AppProperties: enter readPropFiles count=0
04-12 20:39:54.828939  8601  8621 I AppProperties: readAllPropFiles directoryPath=/tr_carrier/etc/vconfig/com.google.android.projection.gearhead/
04-12 20:39:54.828950  8601  8621 I AppProperties: enter readPropFiles count=0
04-12 20:39:54.828953  8601  8621 I AppProperties: readAllPropFiles directoryPath=/tr_company/etc/vconfig/com.google.android.projection.gearhead/
04-12 20:39:54.828960  8601  8621 I AppProperties: enter readPropFiles count=0
04-12 20:39:54.828963  8601  8621 I AppProperties: readAllPropFiles directoryPath=/tranfs/etc/vconfig/com.google.android.projection.gearhead/
04-12 20:39:54.829000  8601  8621 I AppProperties: enter readPropFiles count=0
04-12 20:39:54.830173  8601  8601 E SystemMonitorUtils:  error to open /dev/ensignal file e=android.system.ErrnoException: open failed: EACCES (Permission denied)
04-12 20:39:54.830246  8601  8601 E SystemMonitorUtils:  error to open /dev/ensignal file e=android.system.ErrnoException: open failed: EACCES (Permission denied)
04-12 20:39:54.831793  1706  4316 V SettingsProvider: name : tran_board_temperature appId : 1000
04-12 20:39:54.847052  1706  1860 I ActivityManager: Start proc 8591:com.google.android.packageinstaller/u0a222 for broadcast {com.google.android.packageinstaller/com.android.packageinstaller.common.TemporaryFileManager}
04-12 20:39:54.849437  1706  2835 V AlarmManager: set(PendingIntent{87496c8: PendingIntentRecord{9857b3d com.google.android.gms/com.google.android.gms.scheduler broadcastIntent}}) : type=3 triggerAtTime=38115 win=0 tElapsed=42623 maxElapsed=42623 interval=0 flags=0x0
04-12 20:39:54.849928  1706  1860 I START_DEBUG: send START_TIMEOUT message    ProcessRecord :ProcessRecord{3dbdcac 8591:com.google.android.packageinstaller/u0a222}
04-12 20:39:54.849952  1706  1860 I ActivityManager: ProcessObserver broadcast disabled
04-12 20:39:54.855368  2360  5481 D TranAlarmAlignManager: alarmAlign system not ready:false,align:null
04-12 20:39:54.857918  1706  2835 E tranpm/ProcessDataInstance: hasLaunchIcon: packageName = null
04-12 20:39:54.862472  1706  2835 E tranpm/ProcessDataInstance: hasLaunchIcon: packageName = null
04-12 20:39:54.863234  1706  2344 I StandbyHandler/TranJobStateMonitor: uid:10230,pkgName:@androidx.work.systemjobscheduler@com.google.android.apps.wellbeing/androidx.work.impl.background.systemjob.SystemJobService jobId:63 finish time:1970-01-01 08:00:37,duration:203
04-12 20:39:54.872707  1706  4229 D UsfSystemServer/appSceneHooker: action is empty in service bind status
04-12 20:39:54.876356  1706  4249 V AlarmManager: set(PendingIntent{cd04b4b: PendingIntentRecord{9857b3d com.google.android.gms/com.google.android.gms.scheduler broadcastIntent}}) : type=3 triggerAtTime=38115 win=0 tElapsed=42650 maxElapsed=42650 interval=0 flags=0x0
04-12 20:39:54.880479  1706  2266 V ActivityManager: New death recipient com.android.server.am.ActivityManagerService$AppDeathRecipient@13377e6 for thread android.os.BinderProxy@3565127
04-12 20:39:54.881557  1706  2266 I START_DEBUG: send BINDTIMEOUT    ProcessRecord :ProcessRecord{3dbdcac 8591:com.google.android.packageinstaller/u0a222}
04-12 20:39:54.881584  1706  2266 I START_DEBUG: remove START_TIMEOUT finish    ProcessRecord :ProcessRecord{3dbdcac 8591:com.google.android.packageinstaller/u0a222}
04-12 20:39:54.881637  1706  2266 D os.ActivityManagerServiceLice: make process active com.google.android.packageinstaller(8591)
04-12 20:39:54.882228  8591  8648 I ActivityThread:  enable system monitor for package: com.google.android.packageinstaller
04-12 20:39:54.883668  8591  8648 D TranClassInfo: instance successfully. com.transsion.common.thubutils.AppProperties@bd1b4d1 from com.transsion.hubsdk.thubutils.IAppProperties
04-12 20:39:54.884221  8591  8591 E SystemMonitorUtils:  error to open /dev/ensignal file e=android.system.ErrnoException: open failed: EACCES (Permission denied)
04-12 20:39:54.884271  8591  8591 E SystemMonitorUtils:  error to open /dev/ensignal file e=android.system.ErrnoException: open failed: EACCES (Permission denied)
04-12 20:39:54.885702  2360  7185 D TranAlarmAlignManager: alarmAlign system not ready:false,align:null
04-12 20:39:54.887717  8591  8648 I AppProperties: enter initialize com.google.android.packageinstaller
04-12 20:39:54.887814  8591  8648 I AppProperties: readAllPropFiles directoryPath=/system_ext/etc/vconfig/com.google.android.packageinstaller/
04-12 20:39:54.887862  8591  8648 I AppProperties: enter readPropFiles count=0
04-12 20:39:54.887868  8591  8648 I AppProperties: readAllPropFiles directoryPath=/tr_product/etc/vconfig/com.google.android.packageinstaller/
04-12 20:39:54.887883  8591  8648 I AppProperties: enter readPropFiles count=0
04-12 20:39:54.887887  8591  8648 I AppProperties: readAllPropFiles directoryPath=/tr_region/etc/vconfig/com.google.android.packageinstaller/
04-12 20:39:54.887900  8591  8648 I AppProperties: enter readPropFiles count=0
04-12 20:39:54.887904  8591  8648 I AppProperties: readAllPropFiles directoryPath=/tr_carrier/etc/vconfig/com.google.android.packageinstaller/
04-12 20:39:54.887912  8591  8648 I AppProperties: enter readPropFiles count=0
04-12 20:39:54.887916  8591  8648 I AppProperties: readAllPropFiles directoryPath=/tr_company/etc/vconfig/com.google.android.packageinstaller/
04-12 20:39:54.887924  8591  8648 I AppProperties: enter readPropFiles count=0
04-12 20:39:54.887927  8591  8648 I AppProperties: readAllPropFiles directoryPath=/tranfs/etc/vconfig/com.google.android.packageinstaller/
04-12 20:39:54.887952  8591  8648 I AppProperties: enter readPropFiles count=0
04-12 20:39:54.911788  1706  4205 D NotificationService: areNotificationsEnabledForPackage pkg=com.google.android.gms, uid=10232 enabled = true
04-12 20:39:54.918015  1706  2835 D NotificationService: areNotificationsEnabledForPackage pkg=com.google.android.gms, uid=10232 enabled = true
04-12 20:39:54.920208  1706  2835 I START_DEBUG: remove BIND_TIMEOUT finish    ProcessRecord :ProcessRecord{ca6c071 8601:com.google.android.projection.gearhead:provider/u0a212}
04-12 20:39:54.924354  1706  1942 D Griffin/filterReceiveBroadcast: not limit Intent { act=com.google.android.libraries.storage.protostore.SIGNAL_ACTION dat=android://com.google.android.gms/... flg=0x10000010 xflg=0x4 pkg=com.google.android.gms } for resultTo not null
04-12 20:39:54.925449  1706  4205 I os.notification: tranImportance = 14,muteTime = 9223372036854775807 ,currentTime = 1775997594925 ,pkg -> com.google.android.gms currentImportance =3 ,appGroup=0
04-12 20:39:54.925613  1706  4205 I os.notification: cloud notification effect controller success
04-12 20:39:54.925644  1706  4205 I os.notification: set NotificationRecord 0|com.google.android.gms|1000|a:GMSCORE_STORE_RENDERER:0b135afdc4360000:107718207925398475592|10232 silent flag
04-12 20:39:54.926455  1706  2266 I START_DEBUG: remove BIND_TIMEOUT finish    ProcessRecord :ProcessRecord{3dbdcac 8591:com.google.android.packageinstaller/u0a222}
04-12 20:39:54.931274  1706  4205 D os.notification.pre:  add StatusBarNotification 243768043 current size 1
04-12 20:39:54.931358  1706  4205 D os.notification: onEnqueueNotificationInternal wait before
04-12 20:39:54.937410  1706  2007 D os.notification.pre:  add Runnable 134713744 with StatusBarNotification 243768043 current size 1
04-12 20:39:54.937536  1706  2007 D os.notification: onEnqueueNotificationInternal notifyAll
04-12 20:39:54.938122  1706  4205 D os.notification: onEnqueueNotificationInternal wait after
04-12 20:39:54.938203  1706  4205 D os.notification: onEnqueueNotificationInternal StatusBarNotification:StatusBarNotification(pkg=com.google.android.gms user=UserHandle{0} id=1000 tag=a:GMSCORE_STORE_RENDERER:0b135afdc4360000:107718207925398475592 key=0|com.google.android.gms|1000|a:GMSCORE_STORE_RENDERER:0b135afdc4360000:107718207925398475592|10232: Notification(channel=com.google.android.gms.notifications::SECURITY_ALERTS shortcut=null contentView=null vibrate=null sound=null tick defaults=0 flags=LOCAL_ONLY|SILENT color=0x00000000 actions=1 vis=PRIVATE publicVersion=Notification(channel=null shortcut=null contentView=null vibrate=null sound=null defaults=0 flags=0 color=0x00000000 vis=PRIVATE))) callingUid:10232 sn:5 res:true
04-12 20:39:54.938326  1706  2153 D os.notification.pre:  remove Runnable 134713744 with StatusBarNotification 243768043 for puppet run current size 0
04-12 20:39:54.938940  1706  1860 I ActivityManager: Start proc 8634:com.google.android.projection.gearhead:car/u0a212 for broadcast {com.google.android.projection.gearhead/com.google.android.apps.auto.carservice.frx.FrxReceiver}
04-12 20:39:54.939067  1706  1860 I START_DEBUG: send START_TIMEOUT message    ProcessRecord :ProcessRecord{31a23b7 8634:com.google.android.projection.gearhead:car/u0a212}
04-12 20:39:54.939090  1706  1860 I ActivityManager: ProcessObserver broadcast disabled
04-12 20:39:54.957621  1706  2835 V AlarmManager: set(PendingIntent{b3c9b6d: PendingIntentRecord{9857b3d com.google.android.gms/com.google.android.gms.scheduler broadcastIntent}}) : type=3 triggerAtTime=38185 win=0 tElapsed=42731 maxElapsed=42731 interval=0 flags=0x0
04-12 20:39:54.966597  1706  4208 V AlarmManager: set(PendingIntent{7757f7f: PendingIntentRecord{51a2b4c com.google.android.configupdater broadcastIntent}}) : type=3 triggerAtTime=937739 win=900000 tElapsed=937739 maxElapsed=1837739 interval=0 flags=0x0
04-12 20:39:54.966646  2360  7185 D TranAlarmAlignManager: alarmAlign system not ready:false,align:null
04-12 20:39:54.967822  1706  2810 V ActivityManager: New death recipient com.android.server.am.ActivityManagerService$AppDeathRecipient@e6c949b for thread android.os.BinderProxy@464b038
04-12 20:39:54.968761  1706  2810 I START_DEBUG: send BINDTIMEOUT    ProcessRecord :ProcessRecord{31a23b7 8634:com.google.android.projection.gearhead:car/u0a212}
04-12 20:39:54.968794  1706  2810 I START_DEBUG: remove START_TIMEOUT finish    ProcessRecord :ProcessRecord{31a23b7 8634:com.google.android.projection.gearhead:car/u0a212}
04-12 20:39:54.969016  1706  2810 D os.ActivityManagerServiceLice: make process active com.google.android.projection.gearhead:car(8634)
04-12 20:39:54.969624  8634  8671 I ActivityThread:  enable system monitor for package: com.google.android.projection.gearhead:car
04-12 20:39:54.970773  8634  8634 E SystemMonitorUtils:  error to open /dev/ensignal file e=android.system.ErrnoException: open failed: EACCES (Permission denied)
04-12 20:39:54.970813  8634  8634 E SystemMonitorUtils:  error to open /dev/ensignal file e=android.system.ErrnoException: open failed: EACCES (Permission denied)
04-12 20:39:54.971319  8634  8671 D TranClassInfo: instance successfully. com.transsion.common.thubutils.AppProperties@807db36 from com.transsion.hubsdk.thubutils.IAppProperties
04-12 20:39:54.971394  8634  8671 I AppProperties: enter initialize com.google.android.projection.gearhead
04-12 20:39:54.971500  8634  8671 I AppProperties: readAllPropFiles directoryPath=/system_ext/etc/vconfig/com.google.android.projection.gearhead/
04-12 20:39:54.971542  8634  8671 I AppProperties: enter readPropFiles count=0
04-12 20:39:54.971550  8634  8671 I AppProperties: readAllPropFiles directoryPath=/tr_product/etc/vconfig/com.google.android.projection.gearhead/
04-12 20:39:54.971564  8634  8671 I AppProperties: enter readPropFiles count=0
04-12 20:39:54.971569  8634  8671 I AppProperties: readAllPropFiles directoryPath=/tr_region/etc/vconfig/com.google.android.projection.gearhead/
04-12 20:39:54.971580  8634  8671 I AppProperties: enter readPropFiles count=0
04-12 20:39:54.971584  8634  8671 I AppProperties: readAllPropFiles directoryPath=/tr_carrier/etc/vconfig/com.google.android.projection.gearhead/
04-12 20:39:54.971593  8634  8671 I AppProperties: enter readPropFiles count=0
04-12 20:39:54.971597  8634  8671 I AppProperties: readAllPropFiles directoryPath=/tr_company/etc/vconfig/com.google.android.projection.gearhead/
04-12 20:39:54.971611  8634  8671 I AppProperties: enter readPropFiles count=0
04-12 20:39:54.971615  8634  8671 I AppProperties: readAllPropFiles directoryPath=/tranfs/etc/vconfig/com.google.android.projection.gearhead/
04-12 20:39:54.971639  8634  8671 I AppProperties: enter readPropFiles count=0
04-12 20:39:54.972937  2360  5481 D TranAlarmAlignManager: alarmAlign system not ready:false,align:null
04-12 20:39:54.981650  2360  2429 I Usf_Hiber/importantScene: isTrafficActive uid:10163 speed :0
04-12 20:39:54.982153  2360  2429 I Usf_Hiber/hiber: checkExecutingCmp: transPkg.getUid()=10163
04-12 20:39:54.982803  2360  2429 I Usf_Hiber/appStateMachine: uid:10163 enter FrozenState
04-12 20:39:54.984338  2360  2423 E Usf_Hiber/cgroup: read wchan, error:/proc/5663/wchan
04-12 20:39:54.984355  2360  2423 I Usf_Hiber/cgroup: postFreeze: uid=10163, isolateUid=[], packageName=com.transsion.mediaeditor, pids=[5663], isolatePids=[], wchan=
04-12 20:39:54.984579  2360  2429 I Usf_Hiber/stateManager: freeze uid: 10163 com.transsion.mediaeditor costTime=2ms ,last unfreeze invalid
04-12 20:39:54.984956  2360  2430 I Usf_Hiber/hiber: msg for start proxy frozen state
04-12 20:39:54.985272  2360  2430 I Usf_Hiber/hiber: idleUids: uid=10163, pkgName=com.transsion.mediaeditor
04-12 20:39:54.985291  2360  2430 I Usf_Hiber/proxyManager: p_service: 10163
04-12 20:39:54.985365  2360  2430 I Usf_Hiber/hiber: proxy alarm (uid=10163, pkgName=com.transsion.mediaeditor)
04-12 20:39:54.985380  2360  2430 I Usf_Hiber/proxyManager: p_alarm: uid=10163, pkgName=com.transsion.mediaeditor
04-12 20:39:54.985426  2360  2430 I Usf_Hiber/proxyManager: p_sensor: uid=10163, pkgName=com.transsion.mediaeditor
04-12 20:39:54.985466  2360  2430 I Usf_Usf/binderProxyBridge: p_binder: uid=10163, pkgName=com.transsion.mediaeditor
04-12 20:39:54.986369  2360  2434 I Usf_Hiber/cgroup: updateFrozenPids: uid=10163, packageName=com.transsion.mediaeditor, pids=[5663], isolatePids=[]
04-12 20:39:54.986436  2360  2434 I Usf_Hiber/hiber: checkExecutingCmp: transPkg.getUid()=10163
04-12 20:39:54.986667  1706  4208 D ActivityManager: Hiber try idle uid[10163] by hiber ,bgTime>0 ? true,isIdled before ? false ,isCurAllowListed ? false ,isProcStateBackground?true
04-12 20:39:54.986730  1706  4208 D ActivityManager: Hiber try idle uid[10163] by hiber
04-12 20:39:54.986898  1706  4208 I UsfSystemServer/TranUsfAppInternal: p_job: 10163 pkgName=com.transsion.mediaeditor which=2
04-12 20:39:54.987022  1706  4208 D Hiber/alarmManagerServiceExtImpl: proxyAlarms leave, uid=10163, packageName=com.transsion.mediaeditor
04-12 20:39:54.988136  2360  2434 I Usf_Hiber/hiber: tryProxyWakeLock: transPkg.getUid()=10163
04-12 20:39:55.005469  1706  2810 I START_DEBUG: remove BIND_TIMEOUT finish    ProcessRecord :ProcessRecord{31a23b7 8634:com.google.android.projection.gearhead:car/u0a212}
04-12 20:39:55.016707  1706  1860 I ActivityManager: Start proc 8675:com.google.android.setupwizard/u0a229 for broadcast {com.google.android.setupwizard/com.google.android.setupwizard.pairing.PairingBootReceiver}
04-12 20:39:55.016874  1706  1860 I START_DEBUG: send START_TIMEOUT message    ProcessRecord :ProcessRecord{ae90a2b 8675:com.google.android.setupwizard/u0a229}
04-12 20:39:55.016887  1706  1860 I ActivityManager: ProcessObserver broadcast disabled
04-12 20:39:55.022492  1706  4200 E AppOps  : attributionTag  not declared in manifest of com.google.android.gms
04-12 20:39:55.022887  1706  1942 E AppOps  : attributionTag  not declared in manifest of com.google.android.gms
04-12 20:39:55.023152  1706  2153 I NotifAttentionHelper: buzzBeepBlinkLocked , NotificationRecord key=0|com.google.android.gms|1000|a:GMSCORE_STORE_RENDERER:11be35c183260000:107718207925398475592|10232, shouldMuteReason=0x8000, canPlaySound=true, canPlayVibration=true, beep=false, buzz=false, hasValidSound=true, hasValidVibrate=false, vibrateOnly=false
04-12 20:39:55.023272  1706  2153 D NotificationService: notification = StatusBarNotification(pkg=com.google.android.gms user=UserHandle{0} id=1000 tag=a:GMSCORE_STORE_RENDERER:11be35c183260000:107718207925398475592 key=0|com.google.android.gms|1000|a:GMSCORE_STORE_RENDERER:11be35c183260000:107718207925398475592|10232: Notification(channel=com.google.android.gms.notifications::SECURITY_ALERTS shortcut=null contentView=null vibrate=null sound=null tick defaults=0 flags=LOCAL_ONLY color=0x00000000 actions=1 vis=PRIVATE publicVersion=Notification(channel=null shortcut=null contentView=null vibrate=null sound=null defaults=0 flags=0 color=0x00000000 vis=PRIVATE))); and importance = 3; and isMediaNotification = false
04-12 20:39:55.031483  1706  2835 V AlarmManager: set(PendingIntent{de200e8: PendingIntentRecord{9857b3d com.google.android.gms/com.google.android.gms.scheduler broadcastIntent}}) : type=3 triggerAtTime=38203 win=0 tElapsed=42804 maxElapsed=42804 interval=0 flags=0x0
04-12 20:39:55.032755  1706  2810 I tranpm/ServicePolicy: limitBindServiceLocked by systemSence - cold: callingPackage = com.android.vending, targetPkg = com.android.vending
04-12 20:39:55.033685  1706  2810 W ActivityManager: Unbind failed: could not find connection for android.os.BinderProxy@a0d632
04-12 20:39:55.033920  1706  2248 D TranAppBrightnessChangeController: [handleMessage] msg type: 1002 isCloudEnabled: true
04-12 20:39:55.033964  1706  2248 I TranAppBrightnessChangeController: [applyBrightnessLimitedByApp]
04-12 20:39:55.033973  1706  2248 I TranAppBrightnessChangeController: [setTranAppBrightnessOptimizationComplete] = false
04-12 20:39:55.034273  1706  2153 D NotificationService: notifyListenersPostedAndLogLocked, NotificationRecord key=0|com.google.android.gms|1000|a:GMSCORE_STORE_RENDERER:11be35c183260000:107718207925398475592|10232
04-12 20:39:55.036070  1706  1942 D ActivityTaskManager: isControllerAMonkey mController = null,mControllerIsAMonkey = false
04-12 20:39:55.036804  1706  1942 D ActivityTaskManager: isControllerAMonkey mController = null,mControllerIsAMonkey = false
04-12 20:39:55.038455  1706  4205 D ActivityTaskManager: isControllerAMonkey mController = null,mControllerIsAMonkey = false
04-12 20:39:55.038561  2360  7185 D TranAlarmAlignManager: alarmAlign system not ready:false,align:null
04-12 20:39:55.039985  1706  2153 W NotificationHistory: Attempted to add notif for locked/gone/disabled user 0
04-12 20:39:55.049576  1706  4208 D NotificationService: areNotificationsEnabledForPackage pkg=com.google.android.gms, uid=10232 enabled = true
04-12 20:39:55.057920  1706  2266 V ActivityManager: New death recipient com.android.server.am.ActivityManagerService$AppDeathRecipient@4a258c1 for thread android.os.BinderProxy@670c866
04-12 20:39:55.059618  1706  2266 I START_DEBUG: send BINDTIMEOUT    ProcessRecord :ProcessRecord{ae90a2b 8675:com.google.android.setupwizard/u0a229}
04-12 20:39:55.059664  1706  2266 I START_DEBUG: remove START_TIMEOUT finish    ProcessRecord :ProcessRecord{ae90a2b 8675:com.google.android.setupwizard/u0a229}
04-12 20:39:55.059719  1706  2266 D os.ActivityManagerServiceLice: make process active com.google.android.setupwizard(8675)
04-12 20:39:55.063636  8675  8710 I ActivityThread:  enable system monitor for package: com.google.android.setupwizard
04-12 20:39:55.065099  8675  8710 D TranClassInfo: instance successfully. com.transsion.common.thubutils.AppProperties@bd1b4d1 from com.transsion.hubsdk.thubutils.IAppProperties
04-12 20:39:55.065204  8675  8710 I AppProperties: enter initialize com.google.android.setupwizard
04-12 20:39:55.065306  8675  8710 I AppProperties: readAllPropFiles directoryPath=/system_ext/etc/vconfig/com.google.android.setupwizard/
04-12 20:39:55.065355  8675  8710 I AppProperties: enter readPropFiles count=0
04-12 20:39:55.065361  8675  8710 I AppProperties: readAllPropFiles directoryPath=/tr_product/etc/vconfig/com.google.android.setupwizard/
04-12 20:39:55.065374  8675  8710 I AppProperties: enter readPropFiles count=0
04-12 20:39:55.065387  8675  8710 I AppProperties: readAllPropFiles directoryPath=/tr_region/etc/vconfig/com.google.android.setupwizard/
04-12 20:39:55.065402  8675  8710 I AppProperties: enter readPropFiles count=0
04-12 20:39:55.065408  8675  8710 I AppProperties: readAllPropFiles directoryPath=/tr_carrier/etc/vconfig/com.google.android.setupwizard/
04-12 20:39:55.065416  8675  8710 I AppProperties: enter readPropFiles count=0
04-12 20:39:55.065419  8675  8710 I AppProperties: readAllPropFiles directoryPath=/tr_company/etc/vconfig/com.google.android.setupwizard/
04-12 20:39:55.065426  8675  8710 I AppProperties: enter readPropFiles count=0
04-12 20:39:55.065429  8675  8710 I AppProperties: readAllPropFiles directoryPath=/tranfs/etc/vconfig/com.google.android.setupwizard/
04-12 20:39:55.065452  8675  8710 I AppProperties: enter readPropFiles count=0
04-12 20:39:55.065635  8675  8675 E SystemMonitorUtils:  error to open /dev/ensignal file e=android.system.ErrnoException: open failed: EACCES (Permission denied)
04-12 20:39:55.065667  8675  8675 E SystemMonitorUtils:  error to open /dev/ensignal file e=android.system.ErrnoException: open failed: EACCES (Permission denied)
04-12 20:39:55.073698  1706  2266 V AlarmManager: set(PendingIntent{923dcb4: PendingIntentRecord{9857b3d com.google.android.gms/com.google.android.gms.scheduler broadcastIntent}}) : type=3 triggerAtTime=38214 win=0 tElapsed=42847 maxElapsed=42847 interval=0 flags=0x0
04-12 20:39:55.074888  2360  7185 D TranAlarmAlignManager: alarmAlign system not ready:false,align:null
04-12 20:39:55.105191  1706  2835 V AlarmManager: set(PendingIntent{4d9b85f: PendingIntentRecord{9857b3d com.google.android.gms/com.google.android.gms.scheduler broadcastIntent}}) : type=3 triggerAtTime=52089 win=10657 tElapsed=52089 maxElapsed=62746 interval=0 flags=0x0
04-12 20:39:55.105941  2360  7185 D TranAlarmAlignManager: alarmAlign system not ready:false,align:null
04-12 20:39:55.114536  1706  4208 V AlarmManager: set(PendingIntent{63dae: PendingIntentRecord{9857b3d com.google.android.gms/com.google.android.gms.scheduler broadcastIntent}}) : type=3 triggerAtTime=52089 win=10650 tElapsed=52089 maxElapsed=62739 interval=0 flags=0x0
04-12 20:39:55.115181  2360  7185 D TranAlarmAlignManager: alarmAlign system not ready:false,align:null
04-12 20:39:55.116196  1706  2810 V AlarmManager: set(PendingIntent{eaf8be5: PendingIntentRecord{57c86ba com.google.android.gms/com.google.android.gms.pay startService}}) : type=2 triggerAtTime=315360037889 win=3600000 tElapsed=315360037889 maxElapsed=315363637889 interval=0 flags=0x0
04-12 20:39:55.116761  2360  7185 D TranAlarmAlignManager: alarmAlign system not ready:false,align:null
04-12 20:39:55.117190  1706  2810 I TranCustomizedTransitionAnimController: TranDynamicBarAnimControllerImpl setFromDynamicIslandToWindow pkgName:com.google.android.gms
04-12 20:39:55.117373  1706  2810 I TranCustomizedTransitionAnimController: end setFromDynamicIslandToWindow mDynamicIslandPkgName:com.google.android.gms mStartFromDynamicIsland:false
04-12 20:39:55.141796  1706  2810 D UsfSystemServer/TranUsfAppInternal: begin destroyNetworkByUid, mUid: 10160
04-12 20:39:55.150902  1706  2153 I NotifAttentionHelper: buzzBeepBlinkLocked , NotificationRecord key=0|com.google.android.gms|1000|a:GMSCORE_STORE_RENDERER:0b135afdc4360000:107718207925398475592|10232, shouldMuteReason=0x800, canPlaySound=true, canPlayVibration=true, beep=false, buzz=false, hasValidSound=true, hasValidVibrate=false, vibrateOnly=false
04-12 20:39:55.151056  1706  2153 D NotificationService: notification = StatusBarNotification(pkg=com.google.android.gms user=UserHandle{0} id=1000 tag=a:GMSCORE_STORE_RENDERER:0b135afdc4360000:107718207925398475592 key=0|com.google.android.gms|1000|a:GMSCORE_STORE_RENDERER:0b135afdc4360000:107718207925398475592|10232: Notification(channel=com.google.android.gms.notifications::SECURITY_ALERTS shortcut=null contentView=null vibrate=null sound=null tick defaults=0 flags=LOCAL_ONLY|SILENT color=0x00000000 actions=1 vis=PRIVATE publicVersion=Notification(channel=null shortcut=null contentView=null vibrate=null sound=null defaults=0 flags=0 color=0x00000000 vis=PRIVATE))); and importance = 3; and isMediaNotification = false
04-12 20:39:55.154455  1706  2153 D NotificationService: notifyListenersPostedAndLogLocked, NotificationRecord key=0|com.google.android.gms|1000|a:GMSCORE_STORE_RENDERER:0b135afdc4360000:107718207925398475592|10232
04-12 20:39:55.154856  1706  2153 W NotificationHistory: Attempted to add notif for locked/gone/disabled user 0
04-12 20:39:55.163111  1706  4208 D UsfSystemServer/appSceneHooker: action is empty in service bind status
04-12 20:39:55.187871  1706  2835 V AlarmManager: set(PendingIntent{2e070af: PendingIntentRecord{9857b3d com.google.android.gms/com.google.android.gms.scheduler broadcastIntent}}) : type=3 triggerAtTime=52089 win=10596 tElapsed=52089 maxElapsed=62685 interval=0 flags=0x0
04-12 20:39:55.188256  2360  7185 D TranAlarmAlignManager: alarmAlign system not ready:false,align:null
04-12 20:39:55.202870  1706  2810 D ActivityTaskManager: isControllerAMonkey mController = null,mControllerIsAMonkey = false
04-12 20:39:55.215696  1706  2810 E tranpm/ProcessDataInstance: hasLaunchIcon: packageName = null
04-12 20:39:55.215708  1706  2810 E tranpm/ProcessDataInstance: hasLaunchIcon: packageName = null
04-12 20:39:55.218497  1706  2810 E tranpm/ProcessDataInstance: hasLaunchIcon: packageName = null
04-12 20:39:55.218529  1706  2810 E tranpm/ProcessDataInstance: hasLaunchIcon: packageName = null
04-12 20:39:55.219295  1706  2810 I UsfSystemServer/appSceneHooker: duplicate service bind status, skip
04-12 20:39:55.235836  1706  1887 D TranBatterySaveBrightnessLimitController: shouldBrightnessLimit mBatterySaveBrightnessConfigInfos BatterySaveBrightnessConfigInfo{id=1, switchData=1, nits=[70, 130], ratios=[0.0, 0.15], rateIns=[0, 15, 15], rateOuts=[0, 15, 15]}
04-12 20:39:55.236399  1706  1887 I DisplayPowerController[0]: thermalLight brightnessState: 0.07328184 time: NaN
04-12 20:39:55.236480  1706  1887 I TranOriginHbmController[L]: needsXDRAnimationExit brightness = 0.07328184, sdrBrightness = 0.07328184 mIsTemporaryInspired = false, GetHbmScreenBrightness() = 1.0, GetSdrBrightness = 0.075098924, mSdrBrightness = 0.075098924, mCurrentBrightness = 0.0, mForceHbmChangeCallback = false, mRatioChange = true
04-12 20:39:55.263875  1706  2266 D UsfSystemServer/appSceneHooker: action is empty in service bind status
04-12 20:39:55.268711  1706  2266 I START_DEBUG: remove BIND_TIMEOUT finish    ProcessRecord :ProcessRecord{ae90a2b 8675:com.google.android.setupwizard/u0a229}
04-12 20:39:55.312281  1706  1860 I ActivityManager: Start proc 8705:com.mediatek.omacp/1000 for broadcast {com.mediatek.omacp/com.mediatek.omacp.message.OmacpReceiver}
04-12 20:39:55.313028  1706  1860 I START_DEBUG: send START_TIMEOUT message    ProcessRecord :ProcessRecord{fabd21b 8705:com.mediatek.omacp/1000}
04-12 20:39:55.313041  1706  1860 I ActivityManager: ProcessObserver broadcast disabled
04-12 20:39:55.337383  1706  2266 V ActivityManager: New death recipient com.android.server.am.ActivityManagerService$AppDeathRecipient@479fb for thread android.os.BinderProxy@2349a18
04-12 20:39:55.341404  1706  2266 I START_DEBUG: send BINDTIMEOUT    ProcessRecord :ProcessRecord{fabd21b 8705:com.mediatek.omacp/1000}
04-12 20:39:55.341568  1706  2266 I START_DEBUG: remove START_TIMEOUT finish    ProcessRecord :ProcessRecord{fabd21b 8705:com.mediatek.omacp/1000}
04-12 20:39:55.341743  1706  2266 D os.ActivityManagerServiceLice: make process active com.mediatek.omacp(8705)
04-12 20:39:55.343522  8705  8741 I ActivityThread:  enable system monitor for package: com.mediatek.omacp
04-12 20:39:55.344115  8705  8705 E SystemMonitorUtils:  error to open /dev/ensignal file e=android.system.ErrnoException: open failed: EACCES (Permission denied)
04-12 20:39:55.344151  8705  8705 E SystemMonitorUtils:  error to open /dev/ensignal file e=android.system.ErrnoException: open failed: EACCES (Permission denied)
04-12 20:39:55.346231  8705  8741 D TranClassInfo: instance successfully. com.transsion.common.thubutils.AppProperties@1e6fa37 from com.transsion.hubsdk.thubutils.IAppProperties
04-12 20:39:55.346352  8705  8741 I AppProperties: enter initialize com.mediatek.omacp
04-12 20:39:55.346467  8705  8741 I AppProperties: readAllPropFiles directoryPath=/system_ext/etc/vconfig/com.mediatek.omacp/
04-12 20:39:55.346519  8705  8741 I AppProperties: enter readPropFiles count=0
04-12 20:39:55.346527  8705  8741 I AppProperties: readAllPropFiles directoryPath=/tr_product/etc/vconfig/com.mediatek.omacp/
04-12 20:39:55.346547  8705  8741 I AppProperties: enter readPropFiles count=0
04-12 20:39:55.346552  8705  8741 I AppProperties: readAllPropFiles directoryPath=/tr_region/etc/vconfig/com.mediatek.omacp/
04-12 20:39:55.346568  8705  8741 I AppProperties: enter readPropFiles count=0
04-12 20:39:55.346573  8705  8741 I AppProperties: readAllPropFiles directoryPath=/tr_carrier/etc/vconfig/com.mediatek.omacp/
04-12 20:39:55.346583  8705  8741 I AppProperties: enter readPropFiles count=0
04-12 20:39:55.346588  8705  8741 I AppProperties: readAllPropFiles directoryPath=/tr_company/etc/vconfig/com.mediatek.omacp/
04-12 20:39:55.346598  8705  8741 I AppProperties: enter readPropFiles count=0
04-12 20:39:55.346602  8705  8741 I AppProperties: readAllPropFiles directoryPath=/tranfs/etc/vconfig/com.mediatek.omacp/
04-12 20:39:55.346641  8705  8741 I AppProperties: enter readPropFiles count=0
04-12 20:39:55.360668  1706  2153 I NotifAttentionHelper: buzzBeepBlinkLocked , NotificationRecord key=0|com.google.android.gms|0|0|com.google.android.gms|g:Aggregate_AlertingSection|10232|0|com.google.android.gms|g:Aggregate_AlertingSection, shouldMuteReason=0x400, canPlaySound=true, canPlayVibration=true, beep=false, buzz=false, hasValidSound=true, hasValidVibrate=false, vibrateOnly=false
04-12 20:39:55.360808  1706  2153 D NotificationService: notification = StatusBarNotification(pkg=com.google.android.gms user=UserHandle{0} id=0 tag=0|com.google.android.gms|g:Aggregate_AlertingSection key=0|com.google.android.gms|0|0|com.google.android.gms|g:Aggregate_AlertingSection|10232|0|com.google.android.gms|g:Aggregate_AlertingSection: Notification(channel=com.google.android.gms.notifications::SECURITY_ALERTS shortcut=null contentView=null vibrate=null sound=null defaults=0 flags=LOCAL_ONLY|GROUP_SUMMARY|AUTOGROUP_SUMMARY color=0x00000000 groupKey=0|com.google.android.gms|g:Aggregate_AlertingSection vis=PRIVATE)); and importance = 3; and isMediaNotification = false
04-12 20:39:55.367139  1706  4208 I ActivityManager: Background started FGS: Allowed [callingPackage: com.google.android.setupwizard; callingUid: 10229; uidState: RCVR; uidBFSL: n/a; intent: Intent { xflg=0x4 cmp=com.google.android.setupwizard/.notification.SetupNotificationService }; code:BACKGROUND_ACTIVITY_PERMISSION; tempAllowListReason:<92eed3b android.intent.action.BOOT_COMPLETED/u0,reasonCode:BOOT_COMPLETED,duration:20000,callingUid:1000>; allowWiu:58; targetSdkVersion:36; callerTargetSdkVersion:36; startForegroundCount:0; bindFromPackage:null: isBindService:false]
04-12 20:39:55.368010  1706  2153 D NotificationService: notifyListenersPostedAndLogLocked, NotificationRecord key=0|com.google.android.gms|0|0|com.google.android.gms|g:Aggregate_AlertingSection|10232|0|com.google.android.gms|g:Aggregate_AlertingSection
04-12 20:39:55.387289  1706  2266 W ForegroundServiceTypeLoggerModule: Foreground service start for UID: 10229 does not have any types
04-12 20:39:55.403032  1706  4208 I START_DEBUG: remove BIND_TIMEOUT finish    ProcessRecord :ProcessRecord{fabd21b 8705:com.mediatek.omacp/1000}
04-12 20:39:55.416948  1706  4200 D UsfSystemServer/appSceneHooker: action is empty in service bind status
04-12 20:39:55.418560  1706  2344 I StandbyHandler/TranJobStateMonitor: uid:1000,pkgName:com.mediatek.omacp/.message.OmacpBootCompleteJobService jobId:134863386 start time:1970-01-01 08:00:38
04-12 20:39:55.421385  1706  1860 I ActivityManager: Start proc 8729:com.mediatek.schpwronoff/1000 for broadcast {com.mediatek.schpwronoff/com.mediatek.schpwronoff.AlarmInitReceiver}
04-12 20:39:55.421951  1706  1860 I START_DEBUG: send START_TIMEOUT message    ProcessRecord :ProcessRecord{3779ab9 8729:com.mediatek.schpwronoff/1000}
04-12 20:39:55.422099  1706  1860 I ActivityManager: ProcessObserver broadcast disabled
04-12 20:39:55.431677  1706  1942 E AppOps  : attributionTag  not declared in manifest of com.google.android.gms
04-12 20:39:55.432206  1706  4345 E AppOps  : attributionTag  not declared in manifest of com.google.android.gms
04-12 20:39:55.437649  8705  8705 W ContextImpl: Calling a method in the system process without a qualified user: android.app.ContextImpl.startForegroundService:2117 android.content.ContextWrapper.startForegroundService:860 com.mediatek.omacp.message.OmacpReceiver.beginStartingService:126 com.mediatek.omacp.message.OmacpBootCompleteJobService.onStartJob:58 android.app.job.JobService$1.onStartJob:118 
04-12 20:39:55.438498  1706  4345 I ActivityManager: Background started FGS: Allowed [callingPackage: com.mediatek.omacp; callingUid: 1000; uidState: PER ; uidBFSL: [BFSL]; intent: Intent { act=android.intent.action.BOOT_COMPLETED xflg=0x4 cmp=com.mediatek.omacp/.message.OmacpReceiverService }; code:PROC_STATE_PERSISTENT; tempAllowListReason:<92eed3b android.intent.action.BOOT_COMPLETED/u0,reasonCode:BOOT_COMPLETED,duration:20000,callingUid:1000>; allowWiu:10; targetSdkVersion:36; callerTargetSdkVersion:36; startForegroundCount:0; bindFromPackage:null: isBindService:false]
04-12 20:39:55.439853  1706  2387 D ActivityTaskManager_Recents: Skipping, user setup not complete: Task{11d1c0d #6 type=undefined A=10188:com.transsion.magazineservice.xos nonResizable}
04-12 20:39:55.440994  1706  1942 V ActivityManager: New death recipient com.android.server.am.ActivityManagerService$AppDeathRecipient@44eaf61 for thread android.os.BinderProxy@4f66a86
04-12 20:39:55.441712  1706  1942 D CompatChangeReporter: Compat change id reported: 151861875; UID 1000; state: ENABLED
04-12 20:39:55.442227  1706  1942 I START_DEBUG: send BINDTIMEOUT    ProcessRecord :ProcessRecord{3779ab9 8729:com.mediatek.schpwronoff/1000}
04-12 20:39:55.442258  1706  1942 I START_DEBUG: remove START_TIMEOUT finish    ProcessRecord :ProcessRecord{3779ab9 8729:com.mediatek.schpwronoff/1000}
04-12 20:39:55.442309  1706  1942 D os.ActivityManagerServiceLice: make process active com.mediatek.schpwronoff(8729)
04-12 20:39:55.443683  8729  8770 I ActivityThread:  enable system monitor for package: com.mediatek.schpwronoff
04-12 20:39:55.444028  8729  8729 E SystemMonitorUtils:  error to open /dev/ensignal file e=android.system.ErrnoException: open failed: EACCES (Permission denied)
04-12 20:39:55.444184  1706  4345 I ActivityManager: Background started FGS: Allowed [callingPackage: com.mediatek.omacp; callingUid: 1000; uidState: PER ; uidBFSL: [BFSL]; intent: Intent { act=android.intent.action.BOOT_COMPLETED cmp=com.mediatek.omacp/.message.OmacpReceiverService }; code:PROC_STATE_PERSISTENT; tempAllowListReason:<92eed3b android.intent.action.BOOT_COMPLETED/u0,reasonCode:BOOT_COMPLETED,duration:20000,callingUid:1000>; allowWiu:10; targetSdkVersion:36; callerTargetSdkVersion:36; startForegroundCount:0; bindFromPackage:null: isBindService:false]
04-12 20:39:55.445044  1706  4345 W ForegroundServiceTypeLoggerModule: Foreground service start for UID: 1000 does not have any types
04-12 20:39:55.446465  1706  1859 I os.notification: tranImportance = 14,muteTime = 9223372036854775807 ,currentTime = 1775997595446 ,pkg -> com.mediatek.omacp currentImportance =3 ,appGroup=0
04-12 20:39:55.446479  1706  1859 I os.notification: cloud notification effect controller success
04-12 20:39:55.446482  1706  1859 I os.notification: set NotificationRecord 0|com.mediatek.omacp|126|null|1000 silent flag
04-12 20:39:55.446575  1706  1859 D os.notification.pre:  add StatusBarNotification 176509275 current size 1
04-12 20:39:55.446617  1706  1859 D os.notification: onEnqueueNotificationInternal wait before
04-12 20:39:55.446966  1706  2007 D os.notification: onEnqueueNotificationInternal notifyAll(cookie)
04-12 20:39:55.447084  1706  2007 D os.notification.pre:  add Runnable 247310391 with StatusBarNotification 176509275 current size 1
04-12 20:39:55.447176  1706  1859 D os.notification: onEnqueueNotificationInternal wait after
04-12 20:39:55.447423  1706  2810 D UsfSystemServer/appSceneHooker: action is empty in service bind status
04-12 20:39:55.447456  1706  1859 D os.notification: onEnqueueNotificationInternal StatusBarNotification:StatusBarNotification(pkg=com.mediatek.omacp user=UserHandle{0} id=126 tag=null key=0|com.mediatek.omacp|126|null|1000: Notification(channel=omacp_notification_channel shortcut=null contentView=null vibrate=null sound=null defaults=0 flags=FOREGROUND_SERVICE|CAN_COLORIZE|SILENT color=0x00000000 vis=PRIVATE)) callingUid:1000 sn:6 res:true
04-12 20:39:55.447984  1706  2153 D os.notification.pre:  remove Runnable 247310391 with StatusBarNotification 176509275 for puppet run current size 0
04-12 20:39:55.449768  8729  8770 D TranClassInfo: instance successfully. com.transsion.common.thubutils.AppProperties@d1f7ba4 from com.transsion.hubsdk.thubutils.IAppProperties
04-12 20:39:55.449857  8729  8770 I AppProperties: enter initialize com.mediatek.schpwronoff
04-12 20:39:55.449991  8729  8770 I AppProperties: readAllPropFiles directoryPath=/system_ext/etc/vconfig/com.mediatek.schpwronoff/
04-12 20:39:55.450407  8729  8770 I AppProperties: enter readPropFiles count=0
04-12 20:39:55.450443  8729  8770 I AppProperties: readAllPropFiles directoryPath=/tr_product/etc/vconfig/com.mediatek.schpwronoff/
04-12 20:39:55.450469  8729  8770 I AppProperties: enter readPropFiles count=0
04-12 20:39:55.450475  8729  8770 I AppProperties: readAllPropFiles directoryPath=/tr_region/etc/vconfig/com.mediatek.schpwronoff/
04-12 20:39:55.450488  8729  8770 I AppProperties: enter readPropFiles count=0
04-12 20:39:55.450500  8729  8770 I AppProperties: readAllPropFiles directoryPath=/tr_carrier/etc/vconfig/com.mediatek.schpwronoff/
04-12 20:39:55.450511  8729  8770 I AppProperties: enter readPropFiles count=0
04-12 20:39:55.450516  8729  8770 I AppProperties: readAllPropFiles directoryPath=/tr_company/etc/vconfig/com.mediatek.schpwronoff/
04-12 20:39:55.450524  8729  8770 I AppProperties: enter readPropFiles count=0
04-12 20:39:55.450527  8729  8770 I AppProperties: readAllPropFiles directoryPath=/tranfs/etc/vconfig/com.mediatek.schpwronoff/
04-12 20:39:55.450568  8729  8770 I AppProperties: enter readPropFiles count=0
04-12 20:39:55.454727  1706  2810 D ActivityManager: Stop FGS timeout: ServiceRecord{9013cba u0 com.mediatek.omacp/.message.OmacpReceiverService c:com.mediatek.omacp}
04-12 20:39:55.455085  1706  2810 W ForegroundServiceTypeLoggerModule: FGS stop call for: 1000 has no types!
04-12 20:39:55.456265  1706  2387 D ActivityTaskManager_Recents: Skipping, user setup not complete: Task{11d1c0d #6 type=undefined A=10188:com.transsion.magazineservice.xos nonResizable}
04-12 20:39:55.461417  1706  2835 D ActivityTaskManager: isControllerAMonkey mController = null,mControllerIsAMonkey = false
04-12 20:39:55.467021  1706  2835 I START_DEBUG: remove BIND_TIMEOUT finish    ProcessRecord :ProcessRecord{3779ab9 8729:com.mediatek.schpwronoff/1000}
04-12 20:39:55.469601  8729  8729 W ContextImpl: Calling a method in the system process without a qualified user: android.app.ContextImpl.startService:2106 android.content.ContextWrapper.startService:855 android.content.ContextWrapper.startService:855 com.mediatek.schpwronoff.AlarmReceiverService.c:24 com.mediatek.schpwronoff.AlarmInitReceiver.onReceive:107 
04-12 20:39:55.470542  1706  1859 I tranpm/BroadcastPolicy: limitScheduleReceiverColdLockedInBringUp by isBlockBringUp: callingPackage = null, targetPkg = com.smartlife.nebula, receiverName = com.smartlife.nebula.devices.tws.back.BootReceiver action = android.intent.action.BOOT_COMPLETED
04-12 20:39:55.470651  1706  1859 I tranpm/ExemptionPolicy: do nothing
04-12 20:39:55.471100  1706  1859 I tranpm/BroadcastPolicy: limitScheduleReceiverColdLockedInBringUp by isBlockBringUpClsPkg: callingPackage = null, targetPkg = com.transsion.cloudserver, receiverName = androidx.work.impl.background.systemalarm.RescheduleReceiver action = android.intent.action.BOOT_COMPLETED
04-12 20:39:55.471249  1706  1859 I tranpm/ExemptionPolicy: do nothing
04-12 20:39:55.471654  1706  1859 I tranpm/BroadcastPolicy: limitScheduleReceiverColdLockedInBringUp by isBlockBringUpClsPkg: callingPackage = null, targetPkg = com.transsion.keyguardtheme, receiverName = androidx.work.impl.background.systemalarm.RescheduleReceiver action = android.intent.action.BOOT_COMPLETED
04-12 20:39:55.471778  1706  1859 I tranpm/ExemptionPolicy: do nothing
04-12 20:39:55.477168  1706  1859 I tranpm/BroadcastPolicy: limitScheduleReceiverColdLockedInBringUp by isBlockBringUp: callingPackage = null, targetPkg = com.transsion.phonemaster, receiverName = androidx.work.impl.background.systemalarm.RescheduleReceiver action = android.intent.action.BOOT_COMPLETED
04-12 20:39:55.477277  1706  1859 I tranpm/ExemptionPolicy: do nothing
04-12 20:39:55.478189  1706  1859 I tranpm/BroadcastPolicy: isBlockHs1 false
