04-12 20:39:59.461684  1706  2242 D LocalDisplayAdapter: set backlight: 0.059921518, nits = 44.227352, sdrBacklight = 0.05992152, sdrNits = 44.22736
04-12 20:39:59.470384  1706  2242 D LocalDisplayAdapter: set backlight: 0.05985894, nits = 44.182995, sdrBacklight = 0.059858948, sdrNits = 44.183
04-12 20:39:59.477923  1706  2242 D LocalDisplayAdapter: set backlight: 0.059796356, nits = 44.138626, sdrBacklight = 0.05979636, sdrNits = 44.138626
04-12 20:39:59.479074  1706  2835 I UsfSystemServer/appSceneHooker: duplicate service bind status, skip
04-12 20:39:59.486528  1706  2242 D LocalDisplayAdapter: set backlight: 0.05973385, nits = 44.09431, sdrBacklight = 0.05973386, sdrNits = 44.094315
04-12 20:39:59.494730  1706  2242 D LocalDisplayAdapter: set backlight: 0.059671465, nits = 44.05008, sdrBacklight = 0.059671465, sdrNits = 44.05008
04-12 20:39:59.503598  1706  2242 D LocalDisplayAdapter: set backlight: 0.05960915, nits = 44.005886, sdrBacklight = 0.05960915, sdrNits = 44.005886
04-12 20:39:59.512891  1706  2242 D LocalDisplayAdapter: set backlight: 0.05954685, nits = 43.961704, sdrBacklight = 0.059546858, sdrNits = 43.961708
04-12 20:39:59.519866  1706  2242 D LocalDisplayAdapter: set backlight: 0.059484553, nits = 43.91752, sdrBacklight = 0.059484556, sdrNits = 43.917522
04-12 20:39:59.529612  1706  2242 D LocalDisplayAdapter: set backlight: 0.059422273, nits = 43.87335, sdrBacklight = 0.05942228, sdrNits = 43.873352
04-12 20:39:59.536772  1706  2242 D LocalDisplayAdapter: set backlight: 0.059359986, nits = 43.829163, sdrBacklight = 0.05935999, sdrNits = 43.829163
04-12 20:39:59.544702  1706  2242 D LocalDisplayAdapter: set backlight: 0.059297793, nits = 43.785038, sdrBacklight = 0.059297804, sdrNits = 43.78505
04-12 20:39:59.553393  1706  2242 D LocalDisplayAdapter: set backlight: 0.059235778, nits = 43.74104, sdrBacklight = 0.059235774, sdrNits = 43.741047
04-12 20:39:59.561615  1706  2242 D LocalDisplayAdapter: set backlight: 0.059173763, nits = 43.697044, sdrBacklight = 0.059173763, sdrNits = 43.697044
04-12 20:39:59.571340  1706  2242 D LocalDisplayAdapter: set backlight: 0.059111767, nits = 43.653053, sdrBacklight = 0.059111785, sdrNits = 43.653065
04-12 20:39:59.577751  1706  2242 D LocalDisplayAdapter: set backlight: 0.059049815, nits = 43.609085, sdrBacklight = 0.059049815, sdrNits = 43.609085
04-12 20:39:59.586425  1706  2242 D LocalDisplayAdapter: set backlight: 0.058987815, nits = 43.565083, sdrBacklight = 0.05898783, sdrNits = 43.565094
04-12 20:39:59.595170  1706  2242 D LocalDisplayAdapter: set backlight: 0.05892608, nits = 43.521263, sdrBacklight = 0.05892609, sdrNits = 43.521275
04-12 20:39:59.602907  1706  2242 D LocalDisplayAdapter: set backlight: 0.058864247, nits = 43.47737, sdrBacklight = 0.05886426, sdrNits = 43.477383
04-12 20:39:59.611455  1706  2242 D LocalDisplayAdapter: set backlight: 0.05880246, nits = 43.43351, sdrBacklight = 0.05880246, sdrNits = 43.43351
04-12 20:39:59.619588  1706  2242 D LocalDisplayAdapter: set backlight: 0.058740765, nits = 43.38971, sdrBacklight = 0.05874078, sdrNits = 43.389717
04-12 20:39:59.625768  1706  2835 I UsfSystemServer/appSceneHooker: duplicate service bind status, skip
04-12 20:39:59.627619  1706  2242 D LocalDisplayAdapter: set backlight: 0.058678985, nits = 43.34584, sdrBacklight = 0.058678985, sdrNits = 43.34584
04-12 20:39:59.636177  1706  2242 D LocalDisplayAdapter: set backlight: 0.058617294, nits = 43.302036, sdrBacklight = 0.058617294, sdrNits = 43.302036
04-12 20:39:59.644378  1706  2242 D LocalDisplayAdapter: set backlight: 0.058555584, nits = 43.258217, sdrBacklight = 0.05855559, sdrNits = 43.258213
04-12 20:39:59.652360  1706  2242 D LocalDisplayAdapter: set backlight: 0.058493845, nits = 43.214363, sdrBacklight = 0.058493856, sdrNits = 43.214375
04-12 20:39:59.661918  1706  2242 D LocalDisplayAdapter: set backlight: 0.058432218, nits = 43.170586, sdrBacklight = 0.058432233, sdrNits = 43.1706
04-12 20:39:59.669920  1706  2242 D LocalDisplayAdapter: set backlight: 0.058370758, nits = 43.126934, sdrBacklight = 0.05837077, sdrNits = 43.12694
04-12 20:39:59.677495  1706  2242 D LocalDisplayAdapter: set backlight: 0.058309298, nits = 43.083275, sdrBacklight = 0.05830931, sdrNits = 43.083282
04-12 20:39:59.686256  1706  2242 D LocalDisplayAdapter: set backlight: 0.058247816, nits = 43.039597, sdrBacklight = 0.058247823, sdrNits = 43.039597
04-12 20:39:59.694782  1706  2242 D LocalDisplayAdapter: set backlight: 0.058186267, nits = 42.99586, sdrBacklight = 0.058186278, sdrNits = 42.99587
04-12 20:39:59.702600  1706  2242 D LocalDisplayAdapter: set backlight: 0.05812478, nits = 42.952168, sdrBacklight = 0.05812478, sdrNits = 42.952168
04-12 20:39:59.711060  1706  2242 D LocalDisplayAdapter: set backlight: 0.058063332, nits = 42.908504, sdrBacklight = 0.058063336, sdrNits = 42.908504
04-12 20:39:59.719374  1706  2242 D LocalDisplayAdapter: set backlight: 0.05800191, nits = 42.864853, sdrBacklight = 0.058001924, sdrNits = 42.86486
04-12 20:39:59.727808  1706  2242 D LocalDisplayAdapter: set backlight: 0.05794059, nits = 42.82127, sdrBacklight = 0.05794059, sdrNits = 42.82127
04-12 20:39:59.733013  1706  4229 D UsfSystemServer/appSceneHooker: action is empty in service bind status
04-12 20:39:59.735876  1706  2242 D LocalDisplayAdapter: set backlight: 0.057879243, nits = 42.777657, sdrBacklight = 0.057879243, sdrNits = 42.777657
04-12 20:39:59.743919  1706  2242 D LocalDisplayAdapter: set backlight: 0.057817902, nits = 42.734055, sdrBacklight = 0.057817906, sdrNits = 42.734055
04-12 20:39:59.752564  1706  2242 D LocalDisplayAdapter: set backlight: 0.05775658, nits = 42.690453, sdrBacklight = 0.05775659, sdrNits = 42.69046
04-12 20:39:59.760769  1706  2242 D LocalDisplayAdapter: set backlight: 0.05769545, nits = 42.646984, sdrBacklight = 0.05769546, sdrNits = 42.64699
04-12 20:39:59.769371  1706  2242 D LocalDisplayAdapter: set backlight: 0.057634186, nits = 42.603424, sdrBacklight = 0.057634193, sdrNits = 42.60343
04-12 20:39:59.777753  1706  2242 D LocalDisplayAdapter: set backlight: 0.05757295, nits = 42.559875, sdrBacklight = 0.05757296, sdrNits = 42.559883
04-12 20:39:59.786214  1706  2242 D LocalDisplayAdapter: set backlight: 0.057511766, nits = 42.516365, sdrBacklight = 0.057511773, sdrNits = 42.51637
04-12 20:39:59.794116  1706  2242 D LocalDisplayAdapter: set backlight: 0.057450607, nits = 42.47286, sdrBacklight = 0.05745062, sdrNits = 42.47287
04-12 20:39:59.794627  1706  3319 D UsfSystemServer/TranUsfAppInternal: begin destroyNetworkByUid, mUid: 10256
04-12 20:39:59.802378  1706  2242 D LocalDisplayAdapter: set backlight: 0.05738951, nits = 42.4294, sdrBacklight = 0.057389513, sdrNits = 42.4294
04-12 20:39:59.810827  1706  2242 D LocalDisplayAdapter: set backlight: 0.057328403, nits = 42.385933, sdrBacklight = 0.057328414, sdrNits = 42.38594
04-12 20:39:59.819738  1706  2242 D LocalDisplayAdapter: set backlight: 0.05726732, nits = 42.342476, sdrBacklight = 0.057267327, sdrNits = 42.342476
04-12 20:39:59.827342  1706  2242 D LocalDisplayAdapter: set backlight: 0.05720629, nits = 42.299053, sdrBacklight = 0.05720629, sdrNits = 42.299053
04-12 20:39:59.835758  1706  2242 D LocalDisplayAdapter: set backlight: 0.057145372, nits = 42.255703, sdrBacklight = 0.057145376, sdrNits = 42.255707
04-12 20:39:59.844492  1706  2242 D LocalDisplayAdapter: set backlight: 0.057084493, nits = 42.212376, sdrBacklight = 0.057084497, sdrNits = 42.21238
04-12 20:39:59.852440  1706  2242 D LocalDisplayAdapter: set backlight: 0.05702372, nits = 42.16912, sdrBacklight = 0.057023734, sdrNits = 42.169136
04-12 20:39:59.860522  1706  2242 D LocalDisplayAdapter: set backlight: 0.056962833, nits = 42.12579, sdrBacklight = 0.05696284, sdrNits = 42.12579
04-12 20:39:59.869259  1706  2242 D LocalDisplayAdapter: set backlight: 0.0569021, nits = 42.082554, sdrBacklight = 0.056902103, sdrNits = 42.082558
04-12 20:39:59.877503  1706  2242 D LocalDisplayAdapter: set backlight: 0.056841306, nits = 42.039276, sdrBacklight = 0.056841314, sdrNits = 42.039284
04-12 20:39:59.885684  1706  2242 D LocalDisplayAdapter: set backlight: 0.05678057, nits = 41.99603, sdrBacklight = 0.056780584, sdrNits = 41.996044
04-12 20:39:59.894329  1706  2242 D LocalDisplayAdapter: set backlight: 0.056719813, nits = 41.952778, sdrBacklight = 0.056719825, sdrNits = 41.952778
04-12 20:39:59.902643  1706  2242 D LocalDisplayAdapter: set backlight: 0.056659196, nits = 41.90961, sdrBacklight = 0.05665921, sdrNits = 41.909615
04-12 20:39:59.910702  1706  2242 D LocalDisplayAdapter: set backlight: 0.056598544, nits = 41.866413, sdrBacklight = 0.056598544, sdrNits = 41.866413
04-12 20:39:59.919036  1706  2242 D LocalDisplayAdapter: set backlight: 0.056538023, nits = 41.823307, sdrBacklight = 0.05653803, sdrNits = 41.823315
04-12 20:39:59.927206  1706  2242 D LocalDisplayAdapter: set backlight: 0.056477495, nits = 41.780197, sdrBacklight = 0.056477506, sdrNits = 41.7802
04-12 20:39:59.935369  1706  2242 D LocalDisplayAdapter: set backlight: 0.05641695, nits = 41.73707, sdrBacklight = 0.05641696, sdrNits = 41.737072
04-12 20:39:59.943723  1706  2242 D LocalDisplayAdapter: set backlight: 0.056356467, nits = 41.69398, sdrBacklight = 0.056356467, sdrNits = 41.69398
04-12 20:39:59.952487  1706  2242 D LocalDisplayAdapter: set backlight: 0.056295954, nits = 41.65086, sdrBacklight = 0.056295965, sdrNits = 41.65087
04-12 20:39:59.960569  1706  2242 D LocalDisplayAdapter: set backlight: 0.056235526, nits = 41.607803, sdrBacklight = 0.056235537, sdrNits = 41.607815
04-12 20:39:59.969607  1706  2242 D LocalDisplayAdapter: set backlight: 0.056175135, nits = 41.56477, sdrBacklight = 0.056175135, sdrNits = 41.56477
04-12 20:39:59.977285  1706  2242 D LocalDisplayAdapter: set backlight: 0.056114797, nits = 41.521774, sdrBacklight = 0.056114804, sdrNits = 41.52178
04-12 20:39:59.985680  1706  2242 D LocalDisplayAdapter: set backlight: 0.056054533, nits = 41.478817, sdrBacklight = 0.056054536, sdrNits = 41.478825
04-12 20:39:59.993953  1706  2242 D LocalDisplayAdapter: set backlight: 0.055994198, nits = 41.435814, sdrBacklight = 0.0559942, sdrNits = 41.435818
04-12 20:40:00.000188  1706  2027 V AlarmManager: Checking for alarms... rtc=1775997600000, elapsed=42774
04-12 20:40:00.000650  1706  2027 V AlarmManager: Triggering alarm #0: Alarm{59d843e type 3 origWhen 42774 whenElapsed 42774 android}
04-12 20:40:00.000730  1706  2027 V AlarmManager: sending alarm Alarm{59d843e type 3 origWhen 42774 whenElapsed 42774 android}
04-12 20:40:00.000887  1706  2027 V AlarmManager: Alarm to uid=1000 listener=com.android.server.alarm.AlarmManagerService$2@850629f
04-12 20:40:00.000913  1706  2027 V AlarmManager: Received TIME_TICK alarm; rescheduling
04-12 20:40:00.001051  1706  2027 V AlarmManager: set(null) : type=3 triggerAtTime=102773 win=0 tElapsed=102773 maxElapsed=102773 interval=0 flags=0x9
04-12 20:40:00.002014  1706  2242 D LocalDisplayAdapter: set backlight: 0.055933967, nits = 41.39287, sdrBacklight = 0.05593397, sdrNits = 41.39288
04-12 20:40:00.002762  1706  2027 D AlarmManager: mBroadcastRefCount -> 1
04-12 20:40:00.003095  2360  7185 D TranAlarmAlignManager: alarmAlign system not ready:false,align:null
04-12 20:40:00.003639  1706  1706 I AlarmManager: alarmComplete() from com.android.server.alarm.AlarmManagerService$2@850629f
04-12 20:40:00.003684  1706  1706 D AlarmManager: mBroadcastRefCount -> 0
04-12 20:40:00.010685  1706  2242 D LocalDisplayAdapter: set backlight: 0.05587362, nits = 41.349857, sdrBacklight = 0.05587363, sdrNits = 41.34986
04-12 20:40:00.018453  1706  2242 D LocalDisplayAdapter: set backlight: 0.055813458, nits = 41.30696, sdrBacklight = 0.05581347, sdrNits = 41.306973
04-12 20:40:00.027274  1706  2242 D LocalDisplayAdapter: set backlight: 0.055753186, nits = 41.263985, sdrBacklight = 0.055753198, sdrNits = 41.26399
04-12 20:40:00.035476  1706  2242 D LocalDisplayAdapter: set backlight: 0.055693105, nits = 41.22114, sdrBacklight = 0.055693116, sdrNits = 41.22115
04-12 20:40:00.043924  1706  2242 D LocalDisplayAdapter: set backlight: 0.055632994, nits = 41.178265, sdrBacklight = 0.055633, sdrNits = 41.17827
04-12 20:40:00.051905  1706  2242 D LocalDisplayAdapter: set backlight: 0.05557302, nits = 41.13549, sdrBacklight = 0.055573035, sdrNits = 41.135506
04-12 20:40:00.060216  1706  2242 D LocalDisplayAdapter: set backlight: 0.055512972, nits = 41.09266, sdrBacklight = 0.055512983, sdrNits = 41.092667
04-12 20:40:00.068893  1706  2242 D LocalDisplayAdapter: set backlight: 0.055453, nits = 41.049877, sdrBacklight = 0.055453006, sdrNits = 41.049877
04-12 20:40:00.077344  1706  2242 D LocalDisplayAdapter: set backlight: 0.055392988, nits = 41.007065, sdrBacklight = 0.055392995, sdrNits = 41.00706
04-12 20:40:00.085966  1706  2242 D LocalDisplayAdapter: set backlight: 0.055332992, nits = 40.964256, sdrBacklight = 0.055332996, sdrNits = 40.964256
04-12 20:40:00.093751  1706  2242 D LocalDisplayAdapter: set backlight: 0.055273082, nits = 40.9215, sdrBacklight = 0.055273086, sdrNits = 40.921505
04-12 20:40:00.101675  1706  2242 D LocalDisplayAdapter: set backlight: 0.055213198, nits = 40.87877, sdrBacklight = 0.05521321, sdrNits = 40.878777
04-12 20:40:00.110279  1706  2242 D LocalDisplayAdapter: set backlight: 0.055153262, nits = 40.835995, sdrBacklight = 0.05515327, sdrNits = 40.836
04-12 20:40:00.118792  1706  2242 D LocalDisplayAdapter: set backlight: 0.055093445, nits = 40.7933, sdrBacklight = 0.055093452, sdrNits = 40.7933
04-12 20:40:00.126625  1706  2242 D LocalDisplayAdapter: set backlight: 0.055033714, nits = 40.75066, sdrBacklight = 0.05503372, sdrNits = 40.75066
04-12 20:40:00.134821  1706  2242 D LocalDisplayAdapter: set backlight: 0.054974012, nits = 40.708035, sdrBacklight = 0.054974027, sdrNits = 40.708046
04-12 20:40:00.143901  1706  2242 D LocalDisplayAdapter: set backlight: 0.05491429, nits = 40.665394, sdrBacklight = 0.0549143, sdrNits = 40.6654
04-12 20:40:00.151444  1706  2242 D LocalDisplayAdapter: set backlight: 0.05485473, nits = 40.62286, sdrBacklight = 0.054854736, sdrNits = 40.622875
04-12 20:40:00.160062  1706  2242 D LocalDisplayAdapter: set backlight: 0.054795116, nits = 40.580296, sdrBacklight = 0.054795116, sdrNits = 40.580296
04-12 20:40:00.169499  1706  2242 D LocalDisplayAdapter: set backlight: 0.054735586, nits = 40.537773, sdrBacklight = 0.0547356, sdrNits = 40.53779
04-12 20:40:00.177238  1706  2242 D LocalDisplayAdapter: set backlight: 0.054675996, nits = 40.495216, sdrBacklight = 0.054676004, sdrNits = 40.49522
04-12 20:40:00.184989  1706  2242 D LocalDisplayAdapter: set backlight: 0.054616492, nits = 40.452705, sdrBacklight = 0.0546165, sdrNits = 40.452717
04-12 20:40:00.193301  1706  2242 D LocalDisplayAdapter: set backlight: 0.054556947, nits = 40.41017, sdrBacklight = 0.054556955, sdrNits = 40.410175
04-12 20:40:00.202231  1706  2242 D LocalDisplayAdapter: set backlight: 0.05449742, nits = 40.367638, sdrBacklight = 0.05449744, sdrNits = 40.36765
04-12 20:40:00.209801  1706  2242 D LocalDisplayAdapter: set backlight: 0.05443801, nits = 40.325188, sdrBacklight = 0.054438025, sdrNits = 40.32519
04-12 20:40:00.218680  1706  2242 D LocalDisplayAdapter: set backlight: 0.054378662, nits = 40.282776, sdrBacklight = 0.054378673, sdrNits = 40.282784
04-12 20:40:00.226747  1706  2242 D LocalDisplayAdapter: set backlight: 0.054319352, nits = 40.240383, sdrBacklight = 0.05431936, sdrNits = 40.240395
04-12 20:40:00.235503  1706  2242 D LocalDisplayAdapter: set backlight: 0.054260038, nits = 40.19799, sdrBacklight = 0.054260045, sdrNits = 40.197994
04-12 20:40:00.243434  1706  2242 D LocalDisplayAdapter: set backlight: 0.05420075, nits = 40.15561, sdrBacklight = 0.054200754, sdrNits = 40.155613
04-12 20:40:00.251322  1706  2242 D LocalDisplayAdapter: set backlight: 0.054141473, nits = 40.11323, sdrBacklight = 0.05414148, sdrNits = 40.113235
04-12 20:40:00.260143  1706  2242 D LocalDisplayAdapter: set backlight: 0.05408219, nits = 40.070843, sdrBacklight = 0.054082196, sdrNits = 40.070847
04-12 20:40:00.268175  1706  2242 D LocalDisplayAdapter: set backlight: 0.054023035, nits = 40.02855, sdrBacklight = 0.05402304, sdrNits = 40.02855
04-12 20:40:00.277164  1706  2242 D LocalDisplayAdapter: set backlight: 0.05396377, nits = 39.98616, sdrBacklight = 0.053963777, sdrNits = 39.986168
04-12 20:40:00.284816  1706  2242 D LocalDisplayAdapter: set backlight: 0.05390466, nits = 39.943893, sdrBacklight = 0.053904675, sdrNits = 39.9439
04-12 20:40:00.293380  1706  2242 D LocalDisplayAdapter: set backlight: 0.053845514, nits = 39.90159, sdrBacklight = 0.053845517, sdrNits = 39.901585
04-12 20:40:00.301680  1706  2242 D LocalDisplayAdapter: set backlight: 0.05378652, nits = 39.859383, sdrBacklight = 0.05378653, sdrNits = 39.859398
04-12 20:40:00.311080  1706  2242 D LocalDisplayAdapter: set backlight: 0.05372745, nits = 39.817127, sdrBacklight = 0.053727463, sdrNits = 39.81714
04-12 20:40:00.318480  1706  2242 D LocalDisplayAdapter: set backlight: 0.05366851, nits = 39.774952, sdrBacklight = 0.053668518, sdrNits = 39.774963
04-12 20:40:00.326781  1706  2242 D LocalDisplayAdapter: set backlight: 0.053609498, nits = 39.73273, sdrBacklight = 0.053609505, sdrNits = 39.73274
04-12 20:40:00.336241  1706  2242 D LocalDisplayAdapter: set backlight: 0.053550597, nits = 39.690582, sdrBacklight = 0.0535506, sdrNits = 39.690586
04-12 20:40:00.342841  1706  2242 D LocalDisplayAdapter: set backlight: 0.05349171, nits = 39.648434, sdrBacklight = 0.05349172, sdrNits = 39.648445
04-12 20:40:00.351598  1706  2242 D LocalDisplayAdapter: set backlight: 0.05343287, nits = 39.606327, sdrBacklight = 0.05343289, sdrNits = 39.60634
04-12 20:40:00.358148  2360  2432 I Usf_Hiber/nativeServiceClient: check sync_binder uid=10254
04-12 20:40:00.359939  1706  2242 D LocalDisplayAdapter: set backlight: 0.053374138, nits = 39.56429, sdrBacklight = 0.05337415, sdrNits = 39.564297
04-12 20:40:00.368061  1706  2242 D LocalDisplayAdapter: set backlight: 0.053315282, nits = 39.522152, sdrBacklight = 0.053315282, sdrNits = 39.522152
04-12 20:40:00.376272  1706  2242 D LocalDisplayAdapter: set backlight: 0.053256545, nits = 39.4801, sdrBacklight = 0.053256556, sdrNits = 39.480106
04-12 20:40:00.384754  1706  2242 D LocalDisplayAdapter: set backlight: 0.053197853, nits = 39.438076, sdrBacklight = 0.053197857, sdrNits = 39.43808
04-12 20:40:00.393041  1706  2242 D LocalDisplayAdapter: set backlight: 0.053139158, nits = 39.396046, sdrBacklight = 0.05313916, sdrNits = 39.396046
04-12 20:40:00.401396  1706  2242 D LocalDisplayAdapter: set backlight: 0.0530805, nits = 39.35404, sdrBacklight = 0.053080507, sdrNits = 39.354042
04-12 20:40:00.409315  1706  2242 D LocalDisplayAdapter: set backlight: 0.053021915, nits = 39.312077, sdrBacklight = 0.053021926, sdrNits = 39.312088
04-12 20:40:00.417704  1706  2242 D LocalDisplayAdapter: set backlight: 0.052963406, nits = 39.270172, sdrBacklight = 0.052963417, sdrNits = 39.27018
04-12 20:40:00.426161  1706  2242 D LocalDisplayAdapter: set backlight: 0.05290477, nits = 39.22817, sdrBacklight = 0.05290478, sdrNits = 39.228172
04-12 20:40:00.435007  1706  2242 D LocalDisplayAdapter: set backlight: 0.052846286, nits = 39.186268, sdrBacklight = 0.052846298, sdrNits = 39.18628
04-12 20:40:00.443992  1706  2242 D LocalDisplayAdapter: set backlight: 0.05278772, nits = 39.14431, sdrBacklight = 0.052787736, sdrNits = 39.144318
04-12 20:40:00.453019  1706  2242 D LocalDisplayAdapter: set backlight: 0.052729297, nits = 39.102448, sdrBacklight = 0.05272931, sdrNits = 39.102448
04-12 20:40:00.459179  1706  2242 D LocalDisplayAdapter: set backlight: 0.052670803, nits = 39.06053, sdrBacklight = 0.052670814, sdrNits = 39.060535
04-12 20:40:00.467939  1706  2242 D LocalDisplayAdapter: set backlight: 0.0526125, nits = 39.01874, sdrBacklight = 0.05261251, sdrNits = 39.01875
04-12 20:40:00.476232  1706  2242 D LocalDisplayAdapter: set backlight: 0.052554123, nits = 38.976902, sdrBacklight = 0.052554127, sdrNits = 38.976902
04-12 20:40:00.484570  1706  2242 D LocalDisplayAdapter: set backlight: 0.05249579, nits = 38.935093, sdrBacklight = 0.052495796, sdrNits = 38.935093
04-12 20:40:00.493765  1706  2242 D LocalDisplayAdapter: set backlight: 0.05243756, nits = 38.893345, sdrBacklight = 0.052437574, sdrNits = 38.893356
04-12 20:40:00.501407  1706  2242 D LocalDisplayAdapter: set backlight: 0.052379332, nits = 38.8516, sdrBacklight = 0.05237934, sdrNits = 38.85161
04-12 20:40:00.509435  1706  2242 D LocalDisplayAdapter: set backlight: 0.05232109, nits = 38.80984, sdrBacklight = 0.0523211, sdrNits = 38.809845
04-12 20:40:00.518490  1706  2242 D LocalDisplayAdapter: set backlight: 0.052262902, nits = 38.768116, sdrBacklight = 0.052262917, sdrNits = 38.768127
04-12 20:40:00.526755  1706  2242 D LocalDisplayAdapter: set backlight: 0.05220477, nits = 38.72643, sdrBacklight = 0.05220478, sdrNits = 38.726437
04-12 20:40:00.534767  1706  2242 D LocalDisplayAdapter: set backlight: 0.052146725, nits = 38.6848, sdrBacklight = 0.052146737, sdrNits = 38.684807
04-12 20:40:00.542741  1706  2242 D LocalDisplayAdapter: set backlight: 0.05208856, nits = 38.643074, sdrBacklight = 0.052088566, sdrNits = 38.64308
04-12 20:40:00.551451  1706  2242 D LocalDisplayAdapter: set backlight: 0.052030515, nits = 38.60144, sdrBacklight = 0.052030522, sdrNits = 38.601444
04-12 20:40:00.558978  1706  2242 D LocalDisplayAdapter: set backlight: 0.051972505, nits = 38.55983, sdrBacklight = 0.051972512, sdrNits = 38.559834
04-12 20:40:00.567698  1706  2242 D LocalDisplayAdapter: set backlight: 0.051914547, nits = 38.518238, sdrBacklight = 0.05191455, sdrNits = 38.51825
04-12 20:40:00.575632  1706  2242 D LocalDisplayAdapter: set backlight: 0.051856626, nits = 38.47668, sdrBacklight = 0.051856637, sdrNits = 38.47669
04-12 20:40:00.578107  2360  2429 I Usf_Hiber/importantScene: isTrafficActive uid:10241 speed :0
04-12 20:40:00.579571  2360  2429 I Usf_Hiber/hiber: checkExecutingCmp: transPkg.getUid()=10241
04-12 20:40:00.580036  2360  2429 I Usf_Hiber/appStateMachine: uid:10241 enter FrozenState
04-12 20:40:00.580612  2360  2429 I Usf_Hiber/stateManager: freeze uid: 10241 com.android.chrome costTime=0ms ,last unfreeze invalid
04-12 20:40:00.580935  2360  2434 I Usf_Hiber/cgroup: updateFrozenPids: uid=10241, packageName=com.android.chrome, pids=[8786], isolatePids=[]
04-12 20:40:00.580990  2360  2434 I Usf_Hiber/hiber: checkExecutingCmp: transPkg.getUid()=10241
04-12 20:40:00.581087  2360  2423 E Usf_Hiber/cgroup: read wchan, error:/proc/8786/wchan
04-12 20:40:00.581113  2360  2423 I Usf_Hiber/cgroup: postFreeze: uid=10241, isolateUid=[], packageName=com.android.chrome, pids=[8786], isolatePids=[], wchan=
04-12 20:40:00.581126  2360  2430 I Usf_Hiber/hiber: msg for start proxy frozen state
04-12 20:40:00.581189  2360  2430 I Usf_Hiber/hiber: idleUids: uid=10241, pkgName=com.android.chrome
04-12 20:40:00.581203  2360  2430 I Usf_Hiber/proxyManager: p_service: 10241
04-12 20:40:00.581249  2360  2430 I Usf_Hiber/hiber: proxy alarm (uid=10241, pkgName=com.android.chrome)
04-12 20:40:00.581258  2360  2430 I Usf_Hiber/proxyManager: p_alarm: uid=10241, pkgName=com.android.chrome
04-12 20:40:00.581292  2360  2430 I Usf_Hiber/proxyManager: p_sensor: uid=10241, pkgName=com.android.chrome
04-12 20:40:00.581314  2360  2430 I Usf_Usf/binderProxyBridge: p_binder: uid=10241, pkgName=com.android.chrome
04-12 20:40:00.581421  1706  2266 D ActivityManager: Hiber try idle uid[10241] by hiber ,bgTime>0 ? true,isIdled before ? true ,isCurAllowListed ? false ,isProcStateBackground?true
04-12 20:40:00.581468  1706  2266 D ActivityManager: Hiber try idle uid[10241] by hiber
04-12 20:40:00.581731  2360  2434 I Usf_Hiber/hiber: tryProxyWakeLock: transPkg.getUid()=10241
04-12 20:40:00.582543  1706  2266 I UsfSystemServer/TranUsfAppInternal: p_job: 10241 pkgName=com.android.chrome which=2
04-12 20:40:00.582748  1706  2266 D Hiber/alarmManagerServiceExtImpl: proxyAlarms leave, uid=10241, packageName=com.android.chrome
04-12 20:40:00.584147  1706  2242 D LocalDisplayAdapter: set backlight: 0.05179876, nits = 38.43516, sdrBacklight = 0.051798772, sdrNits = 38.43517
04-12 20:40:00.592590  1706  2242 D LocalDisplayAdapter: set backlight: 0.051740784, nits = 38.393555, sdrBacklight = 0.05174079, sdrNits = 38.393555
04-12 20:40:00.600834  1706  2242 D LocalDisplayAdapter: set backlight: 0.051682983, nits = 38.35207, sdrBacklight = 0.05168299, sdrNits = 38.352077
04-12 20:40:00.609025  1706  2242 D LocalDisplayAdapter: set backlight: 0.051625162, nits = 38.31057, sdrBacklight = 0.051625177, sdrNits = 38.310574
04-12 20:40:00.617686  1706  2242 D LocalDisplayAdapter: set backlight: 0.051567364, nits = 38.269077, sdrBacklight = 0.051567376, sdrNits = 38.269085
04-12 20:40:00.626372  1706  2242 D LocalDisplayAdapter: set backlight: 0.051509492, nits = 38.22753, sdrBacklight = 0.051509503, sdrNits = 38.22754
04-12 20:40:00.634851  1706  2242 D LocalDisplayAdapter: set backlight: 0.051451728, nits = 38.186058, sdrBacklight = 0.05145174, sdrNits = 38.186066
04-12 20:40:00.642836  1706  2242 D LocalDisplayAdapter: set backlight: 0.05139397, nits = 38.144585, sdrBacklight = 0.05139398, sdrNits = 38.144596
04-12 20:40:00.650903  1706  2242 D LocalDisplayAdapter: set backlight: 0.05133641, nits = 38.103252, sdrBacklight = 0.05133641, sdrNits = 38.103252
04-12 20:40:00.659287  1706  2242 D LocalDisplayAdapter: set backlight: 0.051278792, nits = 38.061874, sdrBacklight = 0.051278796, sdrNits = 38.06188
04-12 20:40:00.668233  1706  4205 D UsfSystemServer/TranUsfAppInternal: begin destroyNetworkByUid, mUid: 10111
04-12 20:40:00.668354  1706  2242 D LocalDisplayAdapter: set backlight: 0.051221166, nits = 38.020485, sdrBacklight = 0.051221177, sdrNits = 38.020496
04-12 20:40:00.675975  1706  2242 D LocalDisplayAdapter: set backlight: 0.051163603, nits = 37.97914, sdrBacklight = 0.051163603, sdrNits = 37.97914
04-12 20:40:00.684094  1706  2242 D LocalDisplayAdapter: set backlight: 0.051106088, nits = 37.937828, sdrBacklight = 0.051106103, sdrNits = 37.93784
04-12 20:40:00.692857  1706  2242 D LocalDisplayAdapter: set backlight: 0.051048666, nits = 37.896576, sdrBacklight = 0.051048674, sdrNits = 37.896584
04-12 20:40:00.701060  1706  2242 D LocalDisplayAdapter: set backlight: 0.05099135, nits = 37.855396, sdrBacklight = 0.050991368, sdrNits = 37.85541
04-12 20:40:00.709748  1706  2242 D LocalDisplayAdapter: set backlight: 0.05093392, nits = 37.814125, sdrBacklight = 0.05093392, sdrNits = 37.814125
04-12 20:40:00.717552  1706  2242 D LocalDisplayAdapter: set backlight: 0.050876535, nits = 37.772896, sdrBacklight = 0.05087654, sdrNits = 37.7729
04-12 20:40:00.725947  1706  2242 D LocalDisplayAdapter: set backlight: 0.050819173, nits = 37.731674, sdrBacklight = 0.050819177, sdrNits = 37.73168
04-12 20:40:00.733948  1706  2242 D LocalDisplayAdapter: set backlight: 0.05076187, nits = 37.69049, sdrBacklight = 0.050761875, sdrNits = 37.690495
04-12 20:40:00.742977  1706  2242 D LocalDisplayAdapter: set backlight: 0.0507046, nits = 37.649323, sdrBacklight = 0.050704606, sdrNits = 37.64933
04-12 20:40:00.751388  1706  2242 D LocalDisplayAdapter: set backlight: 0.050647408, nits = 37.608215, sdrBacklight = 0.05064741, sdrNits = 37.60821
04-12 20:40:00.758979  1706  2242 D LocalDisplayAdapter: set backlight: 0.050590176, nits = 37.56707, sdrBacklight = 0.050590187, sdrNits = 37.567078
04-12 20:40:00.770247  1706  2242 D LocalDisplayAdapter: set backlight: 0.0505331, nits = 37.526035, sdrBacklight = 0.050533105, sdrNits = 37.526035
04-12 20:40:00.776141  1706  2242 D LocalDisplayAdapter: set backlight: 0.05047599, nits = 37.48497, sdrBacklight = 0.050475996, sdrNits = 37.484978
04-12 20:40:00.783757  1706  2242 D LocalDisplayAdapter: set backlight: 0.050418857, nits = 37.44389, sdrBacklight = 0.050418857, sdrNits = 37.44389
04-12 20:40:00.792081  1706  2242 D LocalDisplayAdapter: set backlight: 0.05036167, nits = 37.40277, sdrBacklight = 0.05036167, sdrNits = 37.40277
04-12 20:40:00.800881  1706  2242 D LocalDisplayAdapter: set backlight: 0.050304584, nits = 37.361713, sdrBacklight = 0.050304595, sdrNits = 37.361717
04-12 20:40:00.808995  1706  2242 D LocalDisplayAdapter: set backlight: 0.050247528, nits = 37.32067, sdrBacklight = 0.050247543, sdrNits = 37.32068
04-12 20:40:00.817602  1706  2242 D LocalDisplayAdapter: set backlight: 0.050190676, nits = 37.279778, sdrBacklight = 0.050190683, sdrNits = 37.279785
04-12 20:40:00.825847  1706  2242 D LocalDisplayAdapter: set backlight: 0.05013375, nits = 37.238823, sdrBacklight = 0.050133754, sdrNits = 37.23883
04-12 20:40:00.835857  1706  2242 D LocalDisplayAdapter: set backlight: 0.05007682, nits = 37.19787, sdrBacklight = 0.05007683, sdrNits = 37.19788
04-12 20:40:00.842654  1706  2242 D LocalDisplayAdapter: set backlight: 0.050019894, nits = 37.156914, sdrBacklight = 0.050019905, sdrNits = 37.156925
04-12 20:40:00.850856  1706  3319 V SettingsProvider: name : tran_board_temperature appId : 1000
04-12 20:40:00.851659  1706  2242 D LocalDisplayAdapter: set backlight: 0.04996304, nits = 37.116, sdrBacklight = 0.04996305, sdrNits = 37.11601
04-12 20:40:00.856936  1706  2005 D ActivityManager: Skipping freeze for process 7256 com.google.android.webview:webview_service curAdj = 905(override)
04-12 20:40:00.858641  1706  2242 D LocalDisplayAdapter: set backlight: 0.049906187, nits = 37.075096, sdrBacklight = 0.049906205, sdrNits = 37.075104
04-12 20:40:00.864282  1706  4249 I UsfSystemServer/appSceneHooker: duplicate service bind status, skip
04-12 20:40:00.867155  1706  2242 D LocalDisplayAdapter: set backlight: 0.04984951, nits = 37.034306, sdrBacklight = 0.04984952, sdrNits = 37.034313
04-12 20:40:00.875386  1706  2242 D LocalDisplayAdapter: set backlight: 0.049792852, nits = 36.99353, sdrBacklight = 0.049792863, sdrNits = 36.993538
04-12 20:40:00.883834  1706  2242 D LocalDisplayAdapter: set backlight: 0.04973614, nits = 36.952705, sdrBacklight = 0.049736142, sdrNits = 36.95271
04-12 20:40:00.892490  1706  2242 D LocalDisplayAdapter: set backlight: 0.049679484, nits = 36.91192, sdrBacklight = 0.049679484, sdrNits = 36.91192
04-12 20:40:00.900400  1706  2242 D LocalDisplayAdapter: set backlight: 0.04962283, nits = 36.87114, sdrBacklight = 0.049622834, sdrNits = 36.87114
04-12 20:40:00.903673  1706  4229 I UsfSystemServer/appSceneHooker: duplicate service bind status, skip
04-12 20:40:00.909157  1706  2242 D LocalDisplayAdapter: set backlight: 0.04956625, nits = 36.830402, sdrBacklight = 0.04956626, sdrNits = 36.830414
04-12 20:40:00.917248  1706  2242 D LocalDisplayAdapter: set backlight: 0.04950964, nits = 36.789646, sdrBacklight = 0.049509656, sdrNits = 36.789654
04-12 20:40:00.925268  1706  2242 D LocalDisplayAdapter: set backlight: 0.049453117, nits = 36.748943, sdrBacklight = 0.049453117, sdrNits = 36.748943
04-12 20:40:00.925922  1706  4249 I WindowManager:   isAnimating=false  okToAnimate=true  win=Window{fcd12d2 u0 DynamicBar}
04-12 20:40:00.927116  1706  4249 D WindowManager: setParent old=WindowToken{8f8262b type=2024 android.os.BinderProxy@7b2e7a},new=null,this window=Window{fcd12d2 u0 DynamicBar},callers=com.android.server.wm.WindowContainer.removeChild:905 com.android.server.wm.WindowContainer.removeImmediately:958 com.android.server.wm.WindowState.removeImmediately:2419 com.android.server.wm.WindowState.removeIfPossible:2639 com.android.server.wm.WindowManagerService.removeClientToken:2464 com.android.server.wm.Session.remove:275 
04-12 20:40:00.927300  1706  4249 D WindowManager: removeImmediately mActivityRecord: null type: 2024
04-12 20:40:00.927542  1706  4249 D WindowManager: setParent old=Leaf:24:25@116044013,new=null,this window=WindowToken{8f8262b type=2024 android.os.BinderProxy@7b2e7a},callers=com.android.server.wm.WindowContainer.removeChild:905 com.android.server.wm.WindowContainer.removeImmediately:958 com.android.server.wm.WindowToken.setExiting:211 com.android.server.wm.DisplayContent.removeWindowToken:1693 com.android.server.wm.WindowToken.removeImmediately:333 com.android.server.wm.WindowToken.removeIfPossible:246 
04-12 20:40:00.931119  1706  1893 W TranPerf-KswapdLittleCoreFeature: [setAffinity] Tid:90 mask:255
04-12 20:40:00.933357  1706  2242 D LocalDisplayAdapter: set backlight: 0.049396366, nits = 36.708073, sdrBacklight = 0.04939637, sdrNits = 36.708076
04-12 20:40:00.941885  1706  2242 D LocalDisplayAdapter: set backlight: 0.0493398, nits = 36.667336, sdrBacklight = 0.0493398, sdrNits = 36.667336
04-12 20:40:00.950203  1706  2242 D LocalDisplayAdapter: set backlight: 0.04928375, nits = 36.62697, sdrBacklight = 0.049283765, sdrNits = 36.62698
04-12 20:40:00.959104  1706  2242 D LocalDisplayAdapter: set backlight: 0.049227253, nits = 36.586273, sdrBacklight = 0.049227268, sdrNits = 36.58628
04-12 20:40:00.969123  1706  2242 D LocalDisplayAdapter: set backlight: 0.049170785, nits = 36.545597, sdrBacklight = 0.049170803, sdrNits = 36.54561
04-12 20:40:00.976193  1706  2242 D LocalDisplayAdapter: set backlight: 0.049114358, nits = 36.50494, sdrBacklight = 0.04911436, sdrNits = 36.504948
04-12 20:40:00.984443  1706  2242 D LocalDisplayAdapter: set backlight: 0.049057953, nits = 36.464306, sdrBacklight = 0.049057968, sdrNits = 36.464317
04-12 20:40:00.993781  1706  2242 D LocalDisplayAdapter: set backlight: 0.04900282, nits = 36.42458, sdrBacklight = 0.04900282, sdrNits = 36.42458
04-12 20:40:01.001641  1706  2242 D LocalDisplayAdapter: set backlight: 0.048946615, nits = 36.384083, sdrBacklight = 0.048946626, sdrNits = 36.384087
04-12 20:40:01.009486  1706  2242 D LocalDisplayAdapter: set backlight: 0.04888923, nits = 36.342728, sdrBacklight = 0.04888924, sdrNits = 36.34273
04-12 20:40:01.017794  1706  2242 D LocalDisplayAdapter: set backlight: 0.04883298, nits = 36.302185, sdrBacklight = 0.048832983, sdrNits = 36.30219
04-12 20:40:01.025954  1706  2242 D LocalDisplayAdapter: set backlight: 0.048777085, nits = 36.261906, sdrBacklight = 0.0487771, sdrNits = 36.261913
04-12 20:40:01.033858  1706  2242 D LocalDisplayAdapter: set backlight: 0.0487209, nits = 36.221397, sdrBacklight = 0.048720907, sdrNits = 36.22141
04-12 20:40:01.041970  1706  2242 D LocalDisplayAdapter: set backlight: 0.0486643, nits = 36.180607, sdrBacklight = 0.048664305, sdrNits = 36.180603
04-12 20:40:01.050764  1706  2242 D LocalDisplayAdapter: set backlight: 0.048608396, nits = 36.1403, sdrBacklight = 0.0486084, sdrNits = 36.1403
04-12 20:40:01.059659  1706  2242 D LocalDisplayAdapter: set backlight: 0.048552323, nits = 36.099873, sdrBacklight = 0.048552327, sdrNits = 36.099873
04-12 20:40:01.067804  1706  2242 D LocalDisplayAdapter: set backlight: 0.04849627, nits = 36.059456, sdrBacklight = 0.04849628, sdrNits = 36.05946
04-12 20:40:01.076265  1706  2242 D LocalDisplayAdapter: set backlight: 0.048440497, nits = 36.019238, sdrBacklight = 0.048440497, sdrNits = 36.019238
04-12 20:40:01.084026  1706  2242 D LocalDisplayAdapter: set backlight: 0.048384532, nits = 35.97888, sdrBacklight = 0.048384536, sdrNits = 35.97888
04-12 20:40:01.092197  1706  2242 D LocalDisplayAdapter: set backlight: 0.0483286, nits = 35.938538, sdrBacklight = 0.048328605, sdrNits = 35.938545
04-12 20:40:01.101401  1706  2242 D LocalDisplayAdapter: set backlight: 0.048272993, nits = 35.898434, sdrBacklight = 0.048272993, sdrNits = 35.898434
04-12 20:40:01.109578  1706  2242 D LocalDisplayAdapter: set backlight: 0.048217144, nits = 35.85815, sdrBacklight = 0.048217148, sdrNits = 35.858154
04-12 20:40:01.118354  1706  2242 D LocalDisplayAdapter: set backlight: 0.04816132, nits = 35.81788, sdrBacklight = 0.048161343, sdrNits = 35.817894
04-12 20:40:01.126737  1706  2242 D LocalDisplayAdapter: set backlight: 0.04810579, nits = 35.777817, sdrBacklight = 0.048105802, sdrNits = 35.777832
04-12 20:40:01.133682  1706  2242 D LocalDisplayAdapter: set backlight: 0.048050065, nits = 35.737617, sdrBacklight = 0.048050072, sdrNits = 35.737625
04-12 20:40:01.142892  1706  2242 D LocalDisplayAdapter: set backlight: 0.047994357, nits = 35.697422, sdrBacklight = 0.047994357, sdrNits = 35.697422
04-12 20:40:01.147258  1706  2242 D LocalDisplayAdapter: set backlight: 0.047963183, nits = 35.674927, sdrBacklight = 0.047963187, sdrNits = 35.674927
04-12 20:40:01.151025  1706  2242 D LocalDisplayAdapter: set backlight: 0.047939118, nits = 35.657566, sdrBacklight = 0.04793912, sdrNits = 35.65757
04-12 20:40:01.151537  1706  1839 I DisplayDeviceRepository: Display device changed render timings: "内置屏幕", renderFrameRate=60.0, presentationDeadlineNanos=16600000, appVsyncOffsetNanos=1133334, frameRateOverrides=[]
04-12 20:40:01.151679  1706  1839 I Griffin/DeviceState: virtualDisplayPackageName :{}
04-12 20:40:01.152427  1706  1837 D WindowManager: DeferredDisplayUpdater: partially applying DisplayInfo(1208 x 2644) immediately
04-12 20:40:01.158950  1706  2242 D LocalDisplayAdapter: set backlight: 0.04788342, nits = 35.617367, sdrBacklight = 0.047883436, sdrNits = 35.61738
04-12 20:40:01.175018  1706  2242 D LocalDisplayAdapter: set backlight: 0.047772475, nits = 35.5373, sdrBacklight = 0.04777248, sdrNits = 35.5373
04-12 20:40:01.192675  1706  2242 D LocalDisplayAdapter: set backlight: 0.047661327, nits = 35.45707, sdrBacklight = 0.047661327, sdrNits = 35.45707
04-12 20:40:01.210247  1706  2242 D LocalDisplayAdapter: set backlight: 0.047550302, nits = 35.376923, sdrBacklight = 0.047550306, sdrNits = 35.376923
04-12 20:40:01.227561  1706  2242 D LocalDisplayAdapter: set backlight: 0.047439422, nits = 35.29686, sdrBacklight = 0.047439422, sdrNits = 35.29686
04-12 20:40:01.244175  1706  2242 D LocalDisplayAdapter: set backlight: 0.047328666, nits = 35.216877, sdrBacklight = 0.04732868, sdrNits = 35.216892
04-12 20:40:01.260621  1706  2242 D LocalDisplayAdapter: set backlight: 0.04721792, nits = 35.136894, sdrBacklight = 0.047217928, sdrNits = 35.136898
04-12 20:40:01.277080  1706  2242 D LocalDisplayAdapter: set backlight: 0.047107436, nits = 35.057087, sdrBacklight = 0.047107443, sdrNits = 35.05709
04-12 20:40:01.293143  1706  2242 D LocalDisplayAdapter: set backlight: 0.04699731, nits = 34.977528, sdrBacklight = 0.046997324, sdrNits = 34.977535
04-12 20:40:01.299658  1706  4229 I TranAIChargingController: mInitialized：true，mReady：true,PlugType:2
04-12 20:40:01.299711  1706  4229 I TranAIChargingController: mLastBatteryLevel：68，mCurrentBatteryLevel：68
04-12 20:40:01.300496  1706  1706 I BatteryService: start processRepairResult repairResult =0, mFirstBoot =true, mSystemBootCompleted =true
04-12 20:40:01.310167  2707  3122 D PowerUI : can't show warning due to - plugged: true status unknown: false
04-12 20:40:01.310626  1706  2242 D LocalDisplayAdapter: set backlight: 0.046887264, nits = 34.898014, sdrBacklight = 0.046887267, sdrNits = 34.898014
04-12 20:40:01.313038  1706  2253 D TranBypassChargingManager: Battery info updated - Level: 68%, Charging: true, Wireless: false
04-12 20:40:01.313655  1706  1706 D TranOtgManagerImpl:  May reset otg_mode ( 2 ) since receive battery level=68, temp=28, pdconnect=0, vbushort=0, shouldAutoTurnOnHighCurrent Version=2.0
04-12 20:40:01.325887  1706  2242 D LocalDisplayAdapter: set backlight: 0.04677726, nits = 34.818516, sdrBacklight = 0.04677727, sdrNits = 34.818523
04-12 20:40:01.341774  1706  2242 D LocalDisplayAdapter: set backlight: 0.046667375, nits = 34.739094, sdrBacklight = 0.04666737, sdrNits = 34.73909
04-12 20:40:01.360208  1706  2242 D LocalDisplayAdapter: set backlight: 0.046557896, nits = 34.659958, sdrBacklight = 0.046557896, sdrNits = 34.659958
04-12 20:40:01.376079  1706  2242 D LocalDisplayAdapter: set backlight: 0.046448376, nits = 34.580784, sdrBacklight = 0.046448383, sdrNits = 34.580788
04-12 20:40:01.394989  1706  2242 D LocalDisplayAdapter: set backlight: 0.04633892, nits = 34.501637, sdrBacklight = 0.046338934, sdrNits = 34.501648
04-12 20:40:01.409468  1706  2242 D LocalDisplayAdapter: set backlight: 0.046229713, nits = 34.42267, sdrBacklight = 0.046229728, sdrNits = 34.422676
04-12 20:40:01.427748  1706  2242 D LocalDisplayAdapter: set backlight: 0.046120767, nits = 34.343864, sdrBacklight = 0.046120778, sdrNits = 34.343876
04-12 20:40:01.442949  1706  2242 D LocalDisplayAdapter: set backlight: 0.046011776, nits = 34.26503, sdrBacklight = 0.046011794, sdrNits = 34.26504
04-12 20:40:01.460187  1706  2242 D LocalDisplayAdapter: set backlight: 0.045902923, nits = 34.18627, sdrBacklight = 0.04590293, sdrNits = 34.186287
04-12 20:40:01.476294  1706  2242 D LocalDisplayAdapter: set backlight: 0.04579432, nits = 34.1077, sdrBacklight = 0.04579432, sdrNits = 34.1077
04-12 20:40:01.492132  1706  2242 D LocalDisplayAdapter: set backlight: 0.045685496, nits = 34.02895, sdrBacklight = 0.0456855, sdrNits = 34.02895
04-12 20:40:01.510016  1706  2242 D LocalDisplayAdapter: set backlight: 0.04557701, nits = 33.950428, sdrBacklight = 0.045577027, sdrNits = 33.950443
04-12 20:40:01.526303  1706  2242 D LocalDisplayAdapter: set backlight: 0.045468666, nits = 33.872005, sdrBacklight = 0.045468673, sdrNits = 33.87201
04-12 20:40:01.543153  1706  2242 D LocalDisplayAdapter: set backlight: 0.04536047, nits = 33.793674, sdrBacklight = 0.045360472, sdrNits = 33.793682
04-12 20:40:01.558719  1706  2242 D LocalDisplayAdapter: set backlight: 0.045252297, nits = 33.715363, sdrBacklight = 0.045252305, sdrNits = 33.715363
04-12 20:40:01.576865  1706  2242 D LocalDisplayAdapter: set backlight: 0.04514439, nits = 33.63722, sdrBacklight = 0.0451444, sdrNits = 33.637226
04-12 20:40:01.581887  2360  2432 I Usf_Hiber/nativeServiceClient: check sync_binder uid=10241
04-12 20:40:01.593639  1706  2242 D LocalDisplayAdapter: set backlight: 0.04503657, nits = 33.559135, sdrBacklight = 0.045036577, sdrNits = 33.559135
04-12 20:40:01.609467  1706  2242 D LocalDisplayAdapter: set backlight: 0.044928923, nits = 33.481163, sdrBacklight = 0.04492894, sdrNits = 33.481174
04-12 20:40:01.626512  1706  2242 D LocalDisplayAdapter: set backlight: 0.044821374, nits = 33.403255, sdrBacklight = 0.04482138, sdrNits = 33.40326
04-12 20:40:01.643401  1706  2242 D LocalDisplayAdapter: set backlight: 0.044713907, nits = 33.325397, sdrBacklight = 0.044713907, sdrNits = 33.325397
04-12 20:40:01.661162  1706  2242 D LocalDisplayAdapter: set backlight: 0.04460665, nits = 33.247677, sdrBacklight = 0.04460666, sdrNits = 33.247684
04-12 20:40:01.677593  1706  2242 D LocalDisplayAdapter: set backlight: 0.044499513, nits = 33.170033, sdrBacklight = 0.044499513, sdrNits = 33.170033
04-12 20:40:01.693735  1706  2242 D LocalDisplayAdapter: set backlight: 0.044392604, nits = 33.09255, sdrBacklight = 0.04439261, sdrNits = 33.09256
04-12 20:40:01.709477  1706  2242 D LocalDisplayAdapter: set backlight: 0.044285636, nits = 33.015015, sdrBacklight = 0.04428564, sdrNits = 33.01502
04-12 20:40:01.725768  1706  2242 D LocalDisplayAdapter: set backlight: 0.044178843, nits = 32.93759, sdrBacklight = 0.044178855, sdrNits = 32.937603
04-12 20:40:01.744098  1706  2242 D LocalDisplayAdapter: set backlight: 0.04407233, nits = 32.860367, sdrBacklight = 0.044072345, sdrNits = 32.86038
04-12 20:40:01.760667  1706  4229 I Kolun.KolunCore: com.transsion.kolun.aiservice request Bundle[mParcelledData.dataSize=88]
04-12 20:40:01.760798  1706  4229 I Kolun.KolunCore: cpuset tids: [4528, 4529]
04-12 20:40:01.761807  1706  4229 I Kolun.KolunCore: cpuset thread-bg 4528
04-12 20:40:01.761900  1706  2242 D LocalDisplayAdapter: set backlight: 0.04396585, nits = 32.783154, sdrBacklight = 0.043965857, sdrNits = 32.78316
04-12 20:40:01.762435  1706  4229 I Kolun.KolunCore: cpuset thread-bg 4529
04-12 20:40:01.775265  1706  2242 D LocalDisplayAdapter: set backlight: 0.043859493, nits = 32.70602, sdrBacklight = 0.0438595, sdrNits = 32.706028
04-12 20:40:01.776906  1706  1860 I ActivityManager: Start proc 8879:com.android.vending:background/u0a231 for service {com.android.vending/com.google.frameworks.client.data.android.server.play.BackgroundProcessEndpointService}
04-12 20:40:01.777287  1706  1860 I START_DEBUG: send START_TIMEOUT message    ProcessRecord :ProcessRecord{62d8ddd 8879:com.android.vending:background/u0a231}
04-12 20:40:01.777333  1706  1860 I ActivityManager: ProcessObserver broadcast disabled
04-12 20:40:01.790679  1706  2266 V ActivityManager: New death recipient com.android.server.am.ActivityManagerService$AppDeathRecipient@e50c120 for thread android.os.BinderProxy@1fa2ad9
04-12 20:40:01.792311  1706  2242 D LocalDisplayAdapter: set backlight: 0.043753397, nits = 32.62907, sdrBacklight = 0.0437534, sdrNits = 32.62907
04-12 20:40:01.792501  1706  2266 I START_DEBUG: send BINDTIMEOUT    ProcessRecord :ProcessRecord{62d8ddd 8879:com.android.vending:background/u0a231}
04-12 20:40:01.792552  1706  2266 I START_DEBUG: remove START_TIMEOUT finish    ProcessRecord :ProcessRecord{62d8ddd 8879:com.android.vending:background/u0a231}
04-12 20:40:01.792594  1706  2266 D os.ActivityManagerServiceLice: make process active com.android.vending:background(8879)
04-12 20:40:01.793448  8879  8893 I ActivityThread:  enable system monitor for package: com.android.vending:background
04-12 20:40:01.793821  8879  8879 E SystemMonitorUtils:  error to open /dev/ensignal file e=android.system.ErrnoException: open failed: EACCES (Permission denied)
04-12 20:40:01.797582  8879  8893 D TranClassInfo: instance successfully. com.transsion.common.thubutils.AppProperties@d1f7ba4 from com.transsion.hubsdk.thubutils.IAppProperties
04-12 20:40:01.797706  8879  8893 I AppProperties: enter initialize com.android.vending
04-12 20:40:01.797795  8879  8893 I AppProperties: readAllPropFiles directoryPath=/system_ext/etc/vconfig/com.android.vending/
04-12 20:40:01.797852  8879  8893 I AppProperties: enter readPropFiles count=0
04-12 20:40:01.797865  8879  8893 I AppProperties: readAllPropFiles directoryPath=/tr_product/etc/vconfig/com.android.vending/
04-12 20:40:01.797881  8879  8893 I AppProperties: enter readPropFiles count=0
04-12 20:40:01.797887  8879  8893 I AppProperties: readAllPropFiles directoryPath=/tr_region/etc/vconfig/com.android.vending/
04-12 20:40:01.797899  8879  8893 I AppProperties: enter readPropFiles count=0
04-12 20:40:01.797904  8879  8893 I AppProperties: readAllPropFiles directoryPath=/tr_carrier/etc/vconfig/com.android.vending/
04-12 20:40:01.797913  8879  8893 I AppProperties: enter readPropFiles count=0
04-12 20:40:01.797918  8879  8893 I AppProperties: readAllPropFiles directoryPath=/tr_company/etc/vconfig/com.android.vending/
04-12 20:40:01.797927  8879  8893 I AppProperties: enter readPropFiles count=0
04-12 20:40:01.797931  8879  8893 I AppProperties: readAllPropFiles directoryPath=/tranfs/etc/vconfig/com.android.vending/
04-12 20:40:01.797954  8879  8893 I AppProperties: enter readPropFiles count=0
04-12 20:40:01.808243  1706  2242 D LocalDisplayAdapter: set backlight: 0.04364741, nits = 32.552185, sdrBacklight = 0.043647416, sdrNits = 32.55219
04-12 20:40:01.809299  1706  2266 I Kolun.KolunCore: com.transsion.kolun.aiservice request Bundle[mParcelledData.dataSize=92]
04-12 20:40:01.809346  1706  2266 I Kolun.KolunCore: cpuset tids: [4538, 4541, 4542]
04-12 20:40:01.809876  1706  2266 I Kolun.KolunCore: cpuset thread-bg 4538
04-12 20:40:01.809952  1706  2266 I Kolun.KolunCore: cpuset thread-bg 4541
04-12 20:40:01.810030  1706  2266 I Kolun.KolunCore: cpuset thread-bg 4542
04-12 20:40:01.824096  1706  2242 D LocalDisplayAdapter: set backlight: 0.043541584, nits = 32.47541, sdrBacklight = 0.043541584, sdrNits = 32.47541
04-12 20:40:01.841786  1706  2242 D LocalDisplayAdapter: set backlight: 0.043435887, nits = 32.39872, sdrBacklight = 0.043435883, sdrNits = 32.398716
04-12 20:40:01.857236  1706  2242 D LocalDisplayAdapter: set backlight: 0.0433303, nits = 32.3221, sdrBacklight = 0.043330308, sdrNits = 32.322105
04-12 20:40:01.862725  1706  4229 I START_DEBUG: remove BIND_TIMEOUT finish    ProcessRecord :ProcessRecord{62d8ddd 8879:com.android.vending:background/u0a231}
04-12 20:40:01.873770  1706  2242 D LocalDisplayAdapter: set backlight: 0.043224934, nits = 32.245632, sdrBacklight = 0.04322494, sdrNits = 32.245632
04-12 20:40:01.890973  1706  2242 D LocalDisplayAdapter: set backlight: 0.043119647, nits = 32.16921, sdrBacklight = 0.04311966, sdrNits = 32.16922
04-12 20:40:01.907116  1706  2242 D LocalDisplayAdapter: set backlight: 0.0430145, nits = 32.09288, sdrBacklight = 0.043014508, sdrNits = 32.092888
04-12 20:40:01.923743  1706  4205 D ActivityTaskManager: isControllerAMonkey mController = null,mControllerIsAMonkey = false
04-12 20:40:01.923927  1706  2242 D LocalDisplayAdapter: set backlight: 0.04290951, nits = 32.016663, sdrBacklight = 0.042909514, sdrNits = 32.016663
04-12 20:40:01.940714  1706  2242 D LocalDisplayAdapter: set backlight: 0.042804614, nits = 31.940498, sdrBacklight = 0.04280462, sdrNits = 31.940502
04-12 20:40:01.951824  1706  4205 I UsfSystemServer/appSceneHooker: duplicate service bind status, skip
04-12 20:40:01.958265  1706  2242 D LocalDisplayAdapter: set backlight: 0.04269986, nits = 31.864426, sdrBacklight = 0.04269987, sdrNits = 31.864433
04-12 20:40:01.975134  1706  2242 D LocalDisplayAdapter: set backlight: 0.04259518, nits = 31.788406, sdrBacklight = 0.04259519, sdrNits = 31.78841
04-12 20:40:01.990545  1706  2242 D LocalDisplayAdapter: set backlight: 0.042490587, nits = 31.712437, sdrBacklight = 0.04249059, sdrNits = 31.712439
04-12 20:40:02.007316  1706  2242 D LocalDisplayAdapter: set backlight: 0.042386208, nits = 31.636614, sdrBacklight = 0.042386215, sdrNits = 31.63662
