04-12 20:39:57.556734  1706  1887 D DisplayPowerController[0]: animateScreenBrightness: target = 0.0040957937, sdrTarget = 0.0040957937, rate = 0.027027026, mShouldUpdateBrightnessSettingLater = true
04-12 20:39:57.556767  1706  1887 D DisplayPowerController[0]: animateScreenBrightness: putScreenBrightnessSetting currentBrightnessHlg=0.46887687 targetHlg=0.11084846, duration=6.7102146
04-12 20:39:57.556876  1706  1887 V SettingsProvider: name : tran_animate_brightness_time appId : 1000
04-12 20:39:57.557152  1706  1887 V SettingsProvider: name : tran_animate_brightness_start_value appId : 1000
04-12 20:39:57.557258  1706  1887 V SettingsProvider: name : tran_animate_brightness_start_time appId : 1000
04-12 20:39:57.557348  1706  1887 V SettingsProvider: name : tran_animate_brightness_update appId : 1000
04-12 20:39:57.557568  1706  1887 D DisplayPowerController[0]: putScreenBrightnessAnimationSetting target=0.0040957937,duration=6.7102146,mPreBrightnessSetting=0.07328184,now=40331,mBrighnessUpdateReversal=0
04-12 20:39:57.558637  1706  1887 I DisplayPowerController[0]: BrightnessEvent: brt=0.0040957937 (11.0%), nits= 4.999536, lux=0.0, reason=automatic, strat=InvalidBrightnessStrategy, state=ON, stateReason=DEFAULT_POLICY, policy=BRIGHT, flags=, initBrt=0.07328184, rcmdBrt=0.0040957937, preBrt=0.07328184, preLux=14.0, wasShortTermModelActive=false, autoBrightness=true (default), unclampedBrt=0.0040957937, hbmMax=1.0, hbmMode=off, thrmMax=1.0, rbcStrength=50, powerFactor=1.0, physDisp=内置屏幕(local:4627039422300187648), logicalId=0, slowChange=true, rampSpeed=0.0
04-12 20:39:57.559264  1706  1887 D TranBatterySaveBrightnessLimitController: shouldBrightnessLimit mBatterySaveBrightnessConfigInfos BatterySaveBrightnessConfigInfo{id=1, switchData=1, nits=[70, 130], ratios=[0.0, 0.15], rateIns=[0, 15, 15], rateOuts=[0, 15, 15]}
04-12 20:39:57.559506  1706  1887 I DisplayPowerController[0]: thermalLight brightnessState: 0.0040957937 time: NaN
04-12 20:39:57.559598  1706  1887 I TranOriginHbmController[L]: needsXDRAnimationExit brightness = 0.0040957937, sdrBrightness = 0.0040957937 mIsTemporaryInspired = false, GetHbmScreenBrightness() = 1.0, GetSdrBrightness = 0.075098924, mSdrBrightness = 0.075098924, mCurrentBrightness = 0.0, mForceHbmChangeCallback = false, mRatioChange = true
04-12 20:39:57.559838  1706  1839 V SettingsProvider: name : screen_brightness appId : 1000
04-12 20:39:57.560008  1706  1839 I BrightnessSynchronizer: [6] New Update 0.0040957937(f) set brightness values:  2(i)
04-12 20:39:57.562341  1706  3145 I PowerData/TranPowerDataComponentImplV4: updateBrightnessLevel, currentBrightness = 2
04-12 20:39:57.563224  1706  1839 I BrightnessSynchronizer: Swallowing update of 2(i) by update: {[6] 0.0040957937(f), mUpdatedTypes=1, mConfirmedTypes=1, mTimeUpdated=40333}
04-12 20:39:57.563279  1706  1839 I BrightnessSynchronizer: Completed Update: {[6] 0.0040957937(f), mUpdatedTypes=1, mConfirmedTypes=1, mTimeUpdated=40333}
04-12 20:39:57.565063  1706  2242 D LocalDisplayAdapter: set backlight: 0.07503082, nits = 54.84398, sdrBacklight = 0.07503083, sdrNits = 54.843987
04-12 20:39:57.572722  1706  2242 D LocalDisplayAdapter: set backlight: 0.07496089, nits = 54.7952, sdrBacklight = 0.074960895, sdrNits = 54.795204
04-12 20:39:57.581174  1706  2242 D LocalDisplayAdapter: set backlight: 0.07489084, nits = 54.746334, sdrBacklight = 0.07489085, sdrNits = 54.746338
04-12 20:39:57.589373  1706  2242 D LocalDisplayAdapter: set backlight: 0.07482092, nits = 54.697563, sdrBacklight = 0.074820936, sdrNits = 54.69757
04-12 20:39:57.597780  1706  2242 D LocalDisplayAdapter: set backlight: 0.074750945, nits = 54.648743, sdrBacklight = 0.07475097, sdrNits = 54.648754
04-12 20:39:57.606410  1706  2242 D LocalDisplayAdapter: set backlight: 0.074681014, nits = 54.599945, sdrBacklight = 0.074681014, sdrNits = 54.599945
04-12 20:39:57.609746  1706  1840 D WindowManager: setParent old=WindowToken{2d17c75 type=2003 android.view.ViewRootImpl$W@cea27ac},new=null,this window=Window{e9bd40a u0 Application Error: com.transsion.tranfacmode},callers=com.android.server.wm.WindowContainer.removeChild:905 com.android.server.wm.WindowContainer.removeImmediately:958 com.android.server.wm.WindowState.removeImmediately:2419 com.android.server.wm.WindowState.handleCompleteDeferredRemoval:5220 com.android.server.wm.WindowContainer.handleCompleteDeferredRemoval:1471 com.android.server.wm.WindowToken.handleCompleteDeferredRemoval:254 
04-12 20:39:57.609780  1706  1840 D WindowManager: removeImmediately mActivityRecord: null type: 2003
04-12 20:39:57.610245  1706  1840 D WindowManager: setParent old=Leaf:3:12@196136735,new=null,this window=WindowToken{2d17c75 type=2003 android.view.ViewRootImpl$W@cea27ac},callers=com.android.server.wm.WindowContainer.removeChild:905 com.android.server.wm.WindowContainer.removeImmediately:958 com.android.server.wm.WindowToken.setExiting:211 com.android.server.wm.DisplayContent.removeWindowToken:1693 com.android.server.wm.WindowToken.removeImmediately:333 com.android.server.wm.WindowToken.removeIfPossible:246 
04-12 20:39:57.613245  1706  1840 D MagellanHandle: updateRefreshRateForSceneVsyncs what = 28
04-12 20:39:57.615279  1706  2242 D LocalDisplayAdapter: set backlight: 0.0746111, nits = 54.551163, sdrBacklight = 0.07461111, sdrNits = 54.551178
04-12 20:39:57.622692  1706  2242 D LocalDisplayAdapter: set backlight: 0.07454099, nits = 54.502243, sdrBacklight = 0.07454099, sdrNits = 54.502243
04-12 20:39:57.630970  1706  2242 D LocalDisplayAdapter: set backlight: 0.07447137, nits = 54.45367, sdrBacklight = 0.074471384, sdrNits = 54.45368
04-12 20:39:57.639895  1706  2242 D LocalDisplayAdapter: set backlight: 0.07440143, nits = 54.404858, sdrBacklight = 0.074401446, sdrNits = 54.40487
04-12 20:39:57.641760  1706  2266 D ActivityTaskManager: isControllerAMonkey mController = null,mControllerIsAMonkey = false
04-12 20:39:57.647855  1706  2242 D LocalDisplayAdapter: set backlight: 0.07433152, nits = 54.356068, sdrBacklight = 0.07433154, sdrNits = 54.35608
04-12 20:39:57.655919  1706  2242 D LocalDisplayAdapter: set backlight: 0.07426165, nits = 54.307304, sdrBacklight = 0.074261665, sdrNits = 54.30732
04-12 20:39:57.664220  1706  2242 D LocalDisplayAdapter: set backlight: 0.07419181, nits = 54.258553, sdrBacklight = 0.07419182, sdrNits = 54.258568
04-12 20:39:57.665583  2360  2429 I Usf_Hiber/importantScene: isTrafficActive uid:10111 speed :0
04-12 20:39:57.665843  2360  2429 I Usf_Hiber/hiber: checkExecutingCmp: transPkg.getUid()=10111
04-12 20:39:57.666126  2360  2429 I Usf_Hiber/appStateMachine: uid:10111 enter FrozenState
04-12 20:39:57.667025  2360  2429 I Usf_Hiber/stateManager: freeze uid: 10111 com.transsion.dualapp costTime=0ms ,last unfreeze invalid
04-12 20:39:57.667415  2360  2423 E Usf_Hiber/cgroup: read wchan, error:/proc/8053/wchan
04-12 20:39:57.667481  2360  2423 I Usf_Hiber/cgroup: postFreeze: uid=10111, isolateUid=[], packageName=com.transsion.dualapp, pids=[8053], isolatePids=[], wchan=
04-12 20:39:57.667829  2360  2430 I Usf_Hiber/hiber: msg for start proxy frozen state
04-12 20:39:57.667976  2360  2430 I Usf_Hiber/hiber: idleUids: uid=10111, pkgName=com.transsion.dualapp
04-12 20:39:57.667998  2360  2430 I Usf_Hiber/proxyManager: p_service: 10111
04-12 20:39:57.668066  2360  2430 I Usf_Hiber/hiber: proxy alarm (uid=10111, pkgName=com.transsion.dualapp)
04-12 20:39:57.668079  2360  2430 I Usf_Hiber/proxyManager: p_alarm: uid=10111, pkgName=com.transsion.dualapp
04-12 20:39:57.668124  2360  2430 I Usf_Hiber/proxyManager: p_sensor: uid=10111, pkgName=com.transsion.dualapp
04-12 20:39:57.668208  2360  2430 I Usf_Usf/binderProxyBridge: p_binder: uid=10111, pkgName=com.transsion.dualapp
04-12 20:39:57.668229  1706  2266 D ActivityManager: Hiber try idle uid[10111] by hiber ,bgTime>0 ? false,isIdled before ? false ,isCurAllowListed ? true ,isProcStateBackground?true
04-12 20:39:57.668655  1706  2266 I UsfSystemServer/TranUsfAppInternal: p_job: 10111 pkgName=com.transsion.dualapp which=2
04-12 20:39:57.668784  2360  2434 I Usf_Hiber/cgroup: updateFrozenPids: uid=10111, packageName=com.transsion.dualapp, pids=[8053], isolatePids=[]
04-12 20:39:57.668803  2360  2434 I Usf_Hiber/hiber: checkExecutingCmp: transPkg.getUid()=10111
04-12 20:39:57.668824  1706  2266 D Hiber/alarmManagerServiceExtImpl: proxyAlarms leave, uid=10111, packageName=com.transsion.dualapp
04-12 20:39:57.671076  2360  2434 I Usf_Hiber/hiber: tryProxyWakeLock: transPkg.getUid()=10111
04-12 20:39:57.672854  1706  2242 D LocalDisplayAdapter: set backlight: 0.07412314, nits = 54.210625, sdrBacklight = 0.074123144, sdrNits = 54.210632
04-12 20:39:57.680810  1706  2242 D LocalDisplayAdapter: set backlight: 0.07405345, nits = 54.161983, sdrBacklight = 0.07405347, sdrNits = 54.161995
04-12 20:39:57.689350  1706  2242 D LocalDisplayAdapter: set backlight: 0.073983416, nits = 54.11309, sdrBacklight = 0.07398343, sdrNits = 54.113106
04-12 20:39:57.697867  1706  2242 D LocalDisplayAdapter: set backlight: 0.07391386, nits = 54.06453, sdrBacklight = 0.07391387, sdrNits = 54.064545
04-12 20:39:57.706019  1706  2242 D LocalDisplayAdapter: set backlight: 0.07384418, nits = 54.015877, sdrBacklight = 0.07384419, sdrNits = 54.015892
04-12 20:39:57.714427  1706  2242 D LocalDisplayAdapter: set backlight: 0.07377465, nits = 53.96734, sdrBacklight = 0.07377465, sdrNits = 53.96734
04-12 20:39:57.722942  1706  2242 D LocalDisplayAdapter: set backlight: 0.073705204, nits = 53.918846, sdrBacklight = 0.07370522, sdrNits = 53.91886
04-12 20:39:57.731838  1706  2242 D LocalDisplayAdapter: set backlight: 0.07363584, nits = 53.87041, sdrBacklight = 0.07363585, sdrNits = 53.870415
04-12 20:39:57.739094  1706  2242 D LocalDisplayAdapter: set backlight: 0.073566325, nits = 53.821877, sdrBacklight = 0.07356633, sdrNits = 53.821877
04-12 20:39:57.748521  1706  2242 D LocalDisplayAdapter: set backlight: 0.073496945, nits = 53.773422, sdrBacklight = 0.07349695, sdrNits = 53.773422
04-12 20:39:57.755817  1706  2242 D LocalDisplayAdapter: set backlight: 0.07342768, nits = 53.72504, sdrBacklight = 0.07342768, sdrNits = 53.72504
04-12 20:39:57.764141  1706  2242 D LocalDisplayAdapter: set backlight: 0.073358364, nits = 53.676632, sdrBacklight = 0.07335837, sdrNits = 53.67664
04-12 20:39:57.772796  1706  2242 D LocalDisplayAdapter: set backlight: 0.07328909, nits = 53.628242, sdrBacklight = 0.07328909, sdrNits = 53.628242
04-12 20:39:57.780636  1706  2242 D LocalDisplayAdapter: set backlight: 0.07321982, nits = 53.579857, sdrBacklight = 0.07321982, sdrNits = 53.579857
04-12 20:39:57.789144  1706  2242 D LocalDisplayAdapter: set backlight: 0.07315063, nits = 53.531525, sdrBacklight = 0.07315063, sdrNits = 53.531525
04-12 20:39:57.794893  2360  2432 I Usf_Hiber/nativeServiceClient: check sync_binder uid=10256
04-12 20:39:57.797369  1706  2242 D LocalDisplayAdapter: set backlight: 0.07308146, nits = 53.483204, sdrBacklight = 0.07308146, sdrNits = 53.483204
04-12 20:39:57.805727  1706  2242 D LocalDisplayAdapter: set backlight: 0.0730123, nits = 53.434875, sdrBacklight = 0.07301231, sdrNits = 53.434883
04-12 20:39:57.814289  1706  2242 D LocalDisplayAdapter: set backlight: 0.07294321, nits = 53.386604, sdrBacklight = 0.07294322, sdrNits = 53.386616
04-12 20:39:57.820452  1706  2086 D WindowManager: onUserActivity: mGestureSleepRunnable remove
04-12 20:39:57.823045  1706  2242 D LocalDisplayAdapter: set backlight: 0.072874166, nits = 53.33837, sdrBacklight = 0.07287418, sdrNits = 53.338383
04-12 20:39:57.830666  1706  2242 D LocalDisplayAdapter: set backlight: 0.07280513, nits = 53.290123, sdrBacklight = 0.07280514, sdrNits = 53.29013
04-12 20:39:57.835646  1706  2266 I UsfSystemServer/appSceneHooker: duplicate service bind status, skip
04-12 20:39:57.838856  1706  2242 D LocalDisplayAdapter: set backlight: 0.072736144, nits = 53.241917, sdrBacklight = 0.07273616, sdrNits = 53.24193
04-12 20:39:57.847769  1706  2242 D LocalDisplayAdapter: set backlight: 0.07266714, nits = 53.193695, sdrBacklight = 0.07266714, sdrNits = 53.193695
04-12 20:39:57.855461  1706  2242 D LocalDisplayAdapter: set backlight: 0.07259819, nits = 53.145504, sdrBacklight = 0.072598204, sdrNits = 53.145515
04-12 20:39:57.863625  1706  2242 D LocalDisplayAdapter: set backlight: 0.07252934, nits = 53.09739, sdrBacklight = 0.072529346, sdrNits = 53.097385
04-12 20:39:57.872214  1706  2242 D LocalDisplayAdapter: set backlight: 0.07246049, nits = 53.04926, sdrBacklight = 0.0724605, sdrNits = 53.049267
04-12 20:39:57.880836  1706  2242 D LocalDisplayAdapter: set backlight: 0.07239166, nits = 53.001144, sdrBacklight = 0.07239165, sdrNits = 53.00114
04-12 20:39:57.881776  5140  8836 D TranClassInfo: instance successfully. com.transsion.hubcore.view.TranSurfaceControlImpl@973ec8c from com.transsion.hubcore.view.ITranSurfaceControl
04-12 20:39:57.882468  1706  1893 W TranPerf-KswapdLittleCoreFeature: [setAffinity] Tid:90 mask:63
04-12 20:39:57.882482  1706  1893 W TranPerf-KswapdLittleCoreFeature: [setAffinity] Pid:90 mask:63
04-12 20:39:57.890331  1706  2242 D LocalDisplayAdapter: set backlight: 0.07232283, nits = 52.953026, sdrBacklight = 0.07232285, sdrNits = 52.953045
04-12 20:39:57.896919  1706  2242 D LocalDisplayAdapter: set backlight: 0.072254, nits = 52.904907, sdrBacklight = 0.07225401, sdrNits = 52.904915
04-12 20:39:57.905355  1706  2242 D LocalDisplayAdapter: set backlight: 0.07218525, nits = 52.856846, sdrBacklight = 0.07218526, sdrNits = 52.85685
04-12 20:39:57.913628  1706  2242 D LocalDisplayAdapter: set backlight: 0.07211656, nits = 52.808815, sdrBacklight = 0.07211657, sdrNits = 52.808823
04-12 20:39:57.922217  1706  2086 D WindowManager: onUserActivity: mGestureSleepRunnable remove
04-12 20:39:57.922647  1706  2242 D LocalDisplayAdapter: set backlight: 0.07204783, nits = 52.760757, sdrBacklight = 0.07204784, sdrNits = 52.76076
04-12 20:39:57.928643  1706  1848 D OomAdjuster: Not killing cached processes
04-12 20:39:57.930429  1706  2242 D LocalDisplayAdapter: set backlight: 0.07197914, nits = 52.712723, sdrBacklight = 0.07197915, sdrNits = 52.712723
04-12 20:39:57.940047  1706  2242 D LocalDisplayAdapter: set backlight: 0.07191061, nits = 52.664806, sdrBacklight = 0.07191061, sdrNits = 52.664806
04-12 20:39:57.947483  1706  2242 D LocalDisplayAdapter: set backlight: 0.07184208, nits = 52.616875, sdrBacklight = 0.07184209, sdrNits = 52.616875
04-12 20:39:57.958310  1706  2242 D LocalDisplayAdapter: set backlight: 0.07177357, nits = 52.568954, sdrBacklight = 0.071773574, sdrNits = 52.568966
04-12 20:39:57.963579  1706  2242 D LocalDisplayAdapter: set backlight: 0.07170508, nits = 52.521053, sdrBacklight = 0.07170509, sdrNits = 52.52106
04-12 20:39:57.971982  1706  2242 D LocalDisplayAdapter: set backlight: 0.07163656, nits = 52.473118, sdrBacklight = 0.07163657, sdrNits = 52.47313
04-12 20:39:57.980291  1706  2242 D LocalDisplayAdapter: set backlight: 0.07156813, nits = 52.425255, sdrBacklight = 0.07156815, sdrNits = 52.425266
04-12 20:39:57.985431  1706  4229 D UsfSystemServer/TranUsfAppInternal: begin destroyNetworkByUid, mUid: 10163
04-12 20:39:57.989000  1706  2242 D LocalDisplayAdapter: set backlight: 0.071499765, nits = 52.377434, sdrBacklight = 0.07149978, sdrNits = 52.377434
04-12 20:39:57.996891  1706  2242 D LocalDisplayAdapter: set backlight: 0.07143142, nits = 52.329617, sdrBacklight = 0.07143142, sdrNits = 52.329617
04-12 20:39:57.997493  1706  2139 V AlarmManager: set(null) : type=2 triggerAtTime=55771 win=11250 tElapsed=55771 maxElapsed=67021 interval=0 flags=0x8
04-12 20:39:57.998117  2360  5481 D TranAlarmAlignManager: alarmAlign system not ready:false,align:null
04-12 20:39:58.005860  1706  2242 D LocalDisplayAdapter: set backlight: 0.07136311, nits = 52.28182, sdrBacklight = 0.071363114, sdrNits = 52.281815
04-12 20:39:58.013549  1706  2242 D LocalDisplayAdapter: set backlight: 0.071294785, nits = 52.23401, sdrBacklight = 0.0712948, sdrNits = 52.234016
04-12 20:39:58.022108  1706  2242 D LocalDisplayAdapter: set backlight: 0.07122654, nits = 52.18626, sdrBacklight = 0.07122654, sdrNits = 52.18626
04-12 20:39:58.030445  1706  2242 D LocalDisplayAdapter: set backlight: 0.071158245, nits = 52.138462, sdrBacklight = 0.07115826, sdrNits = 52.13847
04-12 20:39:58.038669  1706  2242 D LocalDisplayAdapter: set backlight: 0.07109002, nits = 52.090717, sdrBacklight = 0.07109003, sdrNits = 52.090725
04-12 20:39:58.047381  1706  2242 D LocalDisplayAdapter: set backlight: 0.07102191, nits = 52.043045, sdrBacklight = 0.071021914, sdrNits = 52.043053
04-12 20:39:58.055686  1706  2242 D LocalDisplayAdapter: set backlight: 0.07095367, nits = 51.995285, sdrBacklight = 0.07095367, sdrNits = 51.995285
04-12 20:39:58.063905  1706  2242 D LocalDisplayAdapter: set backlight: 0.0708854, nits = 51.9475, sdrBacklight = 0.070885405, sdrNits = 51.9475
04-12 20:39:58.072359  1706  2242 D LocalDisplayAdapter: set backlight: 0.07081735, nits = 51.899857, sdrBacklight = 0.070817366, sdrNits = 51.89987
04-12 20:39:58.080146  1706  2242 D LocalDisplayAdapter: set backlight: 0.07074937, nits = 51.85227, sdrBacklight = 0.07074938, sdrNits = 51.852276
04-12 20:39:58.088906  1706  2242 D LocalDisplayAdapter: set backlight: 0.07068142, nits = 51.804703, sdrBacklight = 0.07068143, sdrNits = 51.80471
04-12 20:39:58.096420  1706  4229 D UsfSystemServer/appSceneHooker: action is empty in service bind status
04-12 20:39:58.098439  1706  2242 D LocalDisplayAdapter: set backlight: 0.070613354, nits = 51.757042, sdrBacklight = 0.07061337, sdrNits = 51.75705
04-12 20:39:58.105252  1706  2242 D LocalDisplayAdapter: set backlight: 0.07054554, nits = 51.709553, sdrBacklight = 0.07054554, sdrNits = 51.709553
04-12 20:39:58.105401  1706  4345 D UsfSystemServer/appSceneHooker: action is empty in service bind status
04-12 20:39:58.107218  1706  2027 V AlarmManager: Checking for alarms... rtc=1775997598107, elapsed=40881
04-12 20:39:58.107475  1706  2027 V AlarmManager: Triggering alarm #0: Alarm{f388270 type 2 origWhen 33456 whenElapsed 33456 android}
04-12 20:39:58.107691  1706  2027 V AlarmManager: sending alarm Alarm{f388270 type 2 origWhen 33456 whenElapsed 33456 android}
04-12 20:39:58.107944  1706  2027 V AlarmManager: Alarm to uid=1000 listener=android.app.AlarmManager$ListenerWrapper@cfbcf9
04-12 20:39:58.108060  1706  2027 D AlarmManager: mBroadcastRefCount -> 1
04-12 20:39:58.112608  1706  2133 I AlarmManager: alarmComplete() from android.app.AlarmManager$ListenerWrapper@cfbcf9
04-12 20:39:58.112675  1706  2133 D AlarmManager: mBroadcastRefCount -> 0
04-12 20:39:58.113915  1706  2242 D LocalDisplayAdapter: set backlight: 0.070477605, nits = 51.66198, sdrBacklight = 0.070477605, sdrNits = 51.66198
04-12 20:39:58.121767  1706  2242 D LocalDisplayAdapter: set backlight: 0.07040971, nits = 51.61444, sdrBacklight = 0.070409715, sdrNits = 51.61445
04-12 20:39:58.130489  1706  2242 D LocalDisplayAdapter: set backlight: 0.070341855, nits = 51.566917, sdrBacklight = 0.07034187, sdrNits = 51.566925
04-12 20:39:58.139420  1706  2242 D LocalDisplayAdapter: set backlight: 0.07027405, nits = 51.51943, sdrBacklight = 0.070274055, sdrNits = 51.519432
04-12 20:39:58.147143  1706  2242 D LocalDisplayAdapter: set backlight: 0.070206225, nits = 51.471924, sdrBacklight = 0.07020624, sdrNits = 51.471935
04-12 20:39:58.155274  1706  2242 D LocalDisplayAdapter: set backlight: 0.07013857, nits = 51.424538, sdrBacklight = 0.07013857, sdrNits = 51.424538
04-12 20:39:58.158445  1706  1892 D tranpm/CpuMonitorManager: observer-uEvent SYS_CPU_LOADING={"over_thr":"0", "cpu_loading":"78", "top_procs":[["1706","1000","-900","153"], ["2347","10232","100","39"], ["1157","1000","-1000","23"], ["2707","10146","-800","23"], ["1240","1000","-1000","21"], ["5140","10232","0","21"], ["5778","10230","905","19"], ["3808","10232","100","17"], ["1361","1000","-1000","13"], ["500","1036","-1000","13"]]}
04-12 20:39:58.158551  1706  1892 D tranpm/CpuMonitorManager: handleUEvent sysCpuLoading={over_thr=0,loading=78,top_procs=[{pid=2347,uid=10232,adj=100,usage=39}, {pid=1157,uid=1000,adj=-1000,usage=23}, {pid=2707,uid=10146,adj=-800,usage=23}, {pid=1240,uid=1000,adj=-1000,usage=21}, {pid=5140,uid=10232,adj=0,usage=21}, {pid=5778,uid=10230,adj=905,usage=19}, {pid=3808,uid=10232,adj=100,usage=17}, {pid=1361,uid=1000,adj=-1000,usage=13}, {pid=500,uid=1036,adj=-1000,usage=13}]}
04-12 20:39:58.158652  1706  2379 D tranpm/CpuAbnormalPolicy: reportOriginCpuEvent type=cpu_loading usage=78
04-12 20:39:58.158718  1706  2379 D tranpm/BehaviorManager: cpuProcessNotifyCpuEvent : type 2 usage 78
04-12 20:39:58.158790  1706  2379 D tranpm/CpuMonitorManager: handleCpuLoadingEnd cpuLoading={over_thr=0,loading=78,top_procs=[{pid=2347,uid=10232,adj=100,usage=39}, {pid=1157,uid=1000,adj=-1000,usage=23}, {pid=2707,uid=10146,adj=-800,usage=23}, {pid=1240,uid=1000,adj=-1000,usage=21}, {pid=5140,uid=10232,adj=0,usage=21}, {pid=5778,uid=10230,adj=905,usage=19}, {pid=3808,uid=10232,adj=100,usage=17}, {pid=1361,uid=1000,adj=-1000,usage=13}, {pid=500,uid=1036,adj=-1000,usage=13}]}
04-12 20:39:58.163763  1706  2242 D LocalDisplayAdapter: set backlight: 0.0700709, nits = 51.37713, sdrBacklight = 0.07007091, sdrNits = 51.377132
04-12 20:39:58.171823  1706  2242 D LocalDisplayAdapter: set backlight: 0.070003286, nits = 51.329758, sdrBacklight = 0.0700033, sdrNits = 51.329777
04-12 20:39:58.180003  1706  2242 D LocalDisplayAdapter: set backlight: 0.06993572, nits = 51.282417, sdrBacklight = 0.069935724, sdrNits = 51.28243
04-12 20:39:58.188401  1706  2242 D LocalDisplayAdapter: set backlight: 0.06986811, nits = 51.235046, sdrBacklight = 0.06986812, sdrNits = 51.235054
04-12 20:39:58.196884  1706  2242 D LocalDisplayAdapter: set backlight: 0.06980063, nits = 51.187767, sdrBacklight = 0.069800645, sdrNits = 51.18778
04-12 20:39:58.205273  1706  2242 D LocalDisplayAdapter: set backlight: 0.06973316, nits = 51.140488, sdrBacklight = 0.06973316, sdrNits = 51.140488
04-12 20:39:58.213304  1706  2242 D LocalDisplayAdapter: set backlight: 0.069665685, nits = 51.09321, sdrBacklight = 0.06966569, sdrNits = 51.09321
04-12 20:39:58.221902  1706  2242 D LocalDisplayAdapter: set backlight: 0.069598176, nits = 51.045895, sdrBacklight = 0.069598176, sdrNits = 51.045895
04-12 20:39:58.230044  1706  2242 D LocalDisplayAdapter: set backlight: 0.06953064, nits = 50.998558, sdrBacklight = 0.06953066, sdrNits = 50.99857
04-12 20:39:58.238793  1706  2242 D LocalDisplayAdapter: set backlight: 0.069463305, nits = 50.951363, sdrBacklight = 0.06946331, sdrNits = 50.951363
04-12 20:39:58.246801  1706  2242 D LocalDisplayAdapter: set backlight: 0.06939594, nits = 50.904137, sdrBacklight = 0.06939595, sdrNits = 50.904144
04-12 20:39:58.255209  1706  2242 D LocalDisplayAdapter: set backlight: 0.06932869, nits = 50.856995, sdrBacklight = 0.069328696, sdrNits = 50.857
04-12 20:39:58.264080  1706  2242 D LocalDisplayAdapter: set backlight: 0.06926143, nits = 50.80984, sdrBacklight = 0.069261454, sdrNits = 50.809853
04-12 20:39:58.271653  1706  2242 D LocalDisplayAdapter: set backlight: 0.06919422, nits = 50.76272, sdrBacklight = 0.06919423, sdrNits = 50.762722
04-12 20:39:58.279849  1706  2242 D LocalDisplayAdapter: set backlight: 0.069126874, nits = 50.715492, sdrBacklight = 0.06912689, sdrNits = 50.715508
04-12 20:39:58.288708  1706  2242 D LocalDisplayAdapter: set backlight: 0.069059655, nits = 50.668358, sdrBacklight = 0.06905966, sdrNits = 50.66837
04-12 20:39:58.296685  1706  2242 D LocalDisplayAdapter: set backlight: 0.068992466, nits = 50.621246, sdrBacklight = 0.06899247, sdrNits = 50.62125
04-12 20:39:58.305783  1706  2242 D LocalDisplayAdapter: set backlight: 0.06892535, nits = 50.574173, sdrBacklight = 0.068925366, sdrNits = 50.57419
04-12 20:39:58.313189  1706  2242 D LocalDisplayAdapter: set backlight: 0.068858184, nits = 50.52707, sdrBacklight = 0.0688582, sdrNits = 50.527077
04-12 20:39:58.321552  1706  2242 D LocalDisplayAdapter: set backlight: 0.06879103, nits = 50.47997, sdrBacklight = 0.06879104, sdrNits = 50.479973
04-12 20:39:58.330006  1706  2242 D LocalDisplayAdapter: set backlight: 0.06872397, nits = 50.432926, sdrBacklight = 0.06872398, sdrNits = 50.43293
04-12 20:39:58.338551  1706  2242 D LocalDisplayAdapter: set backlight: 0.068656966, nits = 50.385925, sdrBacklight = 0.06865697, sdrNits = 50.38593
04-12 20:39:58.346643  1706  2242 D LocalDisplayAdapter: set backlight: 0.06858995, nits = 50.338905, sdrBacklight = 0.06858997, sdrNits = 50.33892
04-12 20:39:58.355297  1706  2242 D LocalDisplayAdapter: set backlight: 0.068522975, nits = 50.291916, sdrBacklight = 0.06852298, sdrNits = 50.291924
04-12 20:39:58.364675  1706  2242 D LocalDisplayAdapter: set backlight: 0.068456136, nits = 50.24502, sdrBacklight = 0.068456136, sdrNits = 50.24502
04-12 20:39:58.371752  1706  2242 D LocalDisplayAdapter: set backlight: 0.06838932, nits = 50.198135, sdrBacklight = 0.06838933, sdrNits = 50.19814
04-12 20:39:58.380070  1706  2242 D LocalDisplayAdapter: set backlight: 0.06832248, nits = 50.151234, sdrBacklight = 0.0683225, sdrNits = 50.151253
04-12 20:39:58.388352  1706  2242 D LocalDisplayAdapter: set backlight: 0.0682557, nits = 50.104366, sdrBacklight = 0.06825571, sdrNits = 50.10437
04-12 20:39:58.396627  1706  2242 D LocalDisplayAdapter: set backlight: 0.06818886, nits = 50.057457, sdrBacklight = 0.06818887, sdrNits = 50.057465
04-12 20:39:58.404818  1706  2242 D LocalDisplayAdapter: set backlight: 0.068122186, nits = 50.010662, sdrBacklight = 0.06812219, sdrNits = 50.010666
04-12 20:39:58.413351  1706  2242 D LocalDisplayAdapter: set backlight: 0.068055525, nits = 49.96387, sdrBacklight = 0.06805554, sdrNits = 49.963882
04-12 20:39:58.422201  1706  2242 D LocalDisplayAdapter: set backlight: 0.06798879, nits = 49.917015, sdrBacklight = 0.0679888, sdrNits = 49.917027
04-12 20:39:58.427232  1706  2810 D ActivityManager: freezer override set to false
04-12 20:39:58.429939  1706  2242 D LocalDisplayAdapter: set backlight: 0.067922235, nits = 49.870293, sdrBacklight = 0.06792224, sdrNits = 49.8703
04-12 20:39:58.437958  1706  2242 D LocalDisplayAdapter: set backlight: 0.06785566, nits = 49.82356, sdrBacklight = 0.06785568, sdrNits = 49.823563
04-12 20:39:58.441984  1706  2810 I TranWakeGestureListenerExt: getSuitableLiftToWakeSensor: only mTranPickUpSensor available, return it
04-12 20:39:58.445959  1706  2242 D LocalDisplayAdapter: set backlight: 0.06778913, nits = 49.776844, sdrBacklight = 0.06778914, sdrNits = 49.77684
04-12 20:39:58.454373  1706  2242 D LocalDisplayAdapter: set backlight: 0.06772266, nits = 49.73017, sdrBacklight = 0.06772267, sdrNits = 49.730175
04-12 20:39:58.462827  1706  2242 D LocalDisplayAdapter: set backlight: 0.06765621, nits = 49.683506, sdrBacklight = 0.06765623, sdrNits = 49.683517
04-12 20:39:58.471391  1706  2242 D LocalDisplayAdapter: set backlight: 0.06758982, nits = 49.63688, sdrBacklight = 0.06758983, sdrNits = 49.636883
04-12 20:39:58.472500  1706  2810 D ActivityManager: freezer override set to true
04-12 20:39:58.480299  1706  2242 D LocalDisplayAdapter: set backlight: 0.06752346, nits = 49.59027, sdrBacklight = 0.067523465, sdrNits = 49.59028
04-12 20:39:58.488337  1706  2242 D LocalDisplayAdapter: set backlight: 0.067456916, nits = 49.543533, sdrBacklight = 0.06745693, sdrNits = 49.543545
04-12 20:39:58.496224  1706  2242 D LocalDisplayAdapter: set backlight: 0.06739066, nits = 49.49699, sdrBacklight = 0.06739067, sdrNits = 49.497
04-12 20:39:58.504293  1706  2242 D LocalDisplayAdapter: set backlight: 0.06732425, nits = 49.45034, sdrBacklight = 0.067324266, sdrNits = 49.45035
04-12 20:39:58.512681  1706  2242 D LocalDisplayAdapter: set backlight: 0.06725794, nits = 49.403755, sdrBacklight = 0.06725795, sdrNits = 49.40376
04-12 20:39:58.521282  1706  2242 D LocalDisplayAdapter: set backlight: 0.06719171, nits = 49.35723, sdrBacklight = 0.06719172, sdrNits = 49.35724
04-12 20:39:58.529768  1706  2242 D LocalDisplayAdapter: set backlight: 0.06712543, nits = 49.310658, sdrBacklight = 0.06712544, sdrNits = 49.31066
04-12 20:39:58.537708  1706  2242 D LocalDisplayAdapter: set backlight: 0.06705931, nits = 49.2642, sdrBacklight = 0.067059316, sdrNits = 49.264194
04-12 20:39:58.545940  1706  2242 D LocalDisplayAdapter: set backlight: 0.06699312, nits = 49.217678, sdrBacklight = 0.06699313, sdrNits = 49.217686
04-12 20:39:58.554311  1706  2242 D LocalDisplayAdapter: set backlight: 0.06692705, nits = 49.17125, sdrBacklight = 0.06692706, sdrNits = 49.171257
04-12 20:39:58.563024  1706  2242 D LocalDisplayAdapter: set backlight: 0.066860914, nits = 49.12477, sdrBacklight = 0.06686092, sdrNits = 49.12477
04-12 20:39:58.571085  1706  2242 D LocalDisplayAdapter: set backlight: 0.06679492, nits = 49.078377, sdrBacklight = 0.066794924, sdrNits = 49.078384
04-12 20:39:58.579626  1706  2242 D LocalDisplayAdapter: set backlight: 0.06672895, nits = 49.032005, sdrBacklight = 0.06672895, sdrNits = 49.032005
04-12 20:39:58.587939  1706  2242 D LocalDisplayAdapter: set backlight: 0.066662826, nits = 48.98552, sdrBacklight = 0.06666284, sdrNits = 48.985527
04-12 20:39:58.596986  1706  2242 D LocalDisplayAdapter: set backlight: 0.06659689, nits = 48.939167, sdrBacklight = 0.066596895, sdrNits = 48.93917
04-12 20:39:58.605714  1706  2242 D LocalDisplayAdapter: set backlight: 0.066530995, nits = 48.892838, sdrBacklight = 0.066530995, sdrNits = 48.892838
04-12 20:39:58.613746  1706  2242 D LocalDisplayAdapter: set backlight: 0.06646514, nits = 48.846535, sdrBacklight = 0.06646514, sdrNits = 48.846535
04-12 20:39:58.621088  1706  2242 D LocalDisplayAdapter: set backlight: 0.06639939, nits = 48.800297, sdrBacklight = 0.066399395, sdrNits = 48.800304
04-12 20:39:58.629851  1706  2242 D LocalDisplayAdapter: set backlight: 0.066333555, nits = 48.753998, sdrBacklight = 0.066333555, sdrNits = 48.753998
04-12 20:39:58.637743  1706  2242 D LocalDisplayAdapter: set backlight: 0.066267736, nits = 48.70771, sdrBacklight = 0.06626776, sdrNits = 48.707726
04-12 20:39:58.646461  1706  2242 D LocalDisplayAdapter: set backlight: 0.06620202, nits = 48.66149, sdrBacklight = 0.06620202, sdrNits = 48.66149
04-12 20:39:58.654498  1706  2242 D LocalDisplayAdapter: set backlight: 0.066136196, nits = 48.61519, sdrBacklight = 0.066136196, sdrNits = 48.61519
04-12 20:39:58.663170  1706  2242 D LocalDisplayAdapter: set backlight: 0.06607065, nits = 48.569084, sdrBacklight = 0.06607066, sdrNits = 48.56909
04-12 20:39:58.668626  2360  2432 I Usf_Hiber/nativeServiceClient: check sync_binder uid=10111
04-12 20:39:58.671230  1706  2242 D LocalDisplayAdapter: set backlight: 0.0660049, nits = 48.522827, sdrBacklight = 0.06600491, sdrNits = 48.522835
04-12 20:39:58.679481  1706  2242 D LocalDisplayAdapter: set backlight: 0.06593926, nits = 48.476646, sdrBacklight = 0.06593927, sdrNits = 48.47665
04-12 20:39:58.687704  1706  2242 D LocalDisplayAdapter: set backlight: 0.065873705, nits = 48.43052, sdrBacklight = 0.06587372, sdrNits = 48.43053
04-12 20:39:58.696088  1706  2242 D LocalDisplayAdapter: set backlight: 0.06580808, nits = 48.384346, sdrBacklight = 0.06580809, sdrNits = 48.38435
04-12 20:39:58.704555  1706  2242 D LocalDisplayAdapter: set backlight: 0.06574257, nits = 48.33824, sdrBacklight = 0.065742575, sdrNits = 48.33824
04-12 20:39:58.713165  1706  2242 D LocalDisplayAdapter: set backlight: 0.065677, nits = 48.2921, sdrBacklight = 0.06567701, sdrNits = 48.292103
04-12 20:39:58.721080  1706  2242 D LocalDisplayAdapter: set backlight: 0.06561167, nits = 48.246117, sdrBacklight = 0.06561168, sdrNits = 48.246128
04-12 20:39:58.729366  1706  2242 D LocalDisplayAdapter: set backlight: 0.0655462, nits = 48.20003, sdrBacklight = 0.065546215, sdrNits = 48.200047
04-12 20:39:58.737472  1706  2242 D LocalDisplayAdapter: set backlight: 0.06548085, nits = 48.154034, sdrBacklight = 0.065480866, sdrNits = 48.154045
04-12 20:39:58.746033  1706  2242 D LocalDisplayAdapter: set backlight: 0.06541542, nits = 48.10797, sdrBacklight = 0.065415435, sdrNits = 48.107986
04-12 20:39:58.754866  1706  2242 D LocalDisplayAdapter: set backlight: 0.06535002, nits = 48.06193, sdrBacklight = 0.06535004, sdrNits = 48.061947
04-12 20:39:58.763151  1706  2242 D LocalDisplayAdapter: set backlight: 0.065284856, nits = 48.01605, sdrBacklight = 0.06528487, sdrNits = 48.01606
04-12 20:39:58.771605  1706  2242 D LocalDisplayAdapter: set backlight: 0.06521955, nits = 47.97007, sdrBacklight = 0.065219566, sdrNits = 47.97008
04-12 20:39:58.779155  1706  2242 D LocalDisplayAdapter: set backlight: 0.06515433, nits = 47.92414, sdrBacklight = 0.065154344, sdrNits = 47.924152
04-12 20:39:58.787783  1706  2242 D LocalDisplayAdapter: set backlight: 0.06508922, nits = 47.878284, sdrBacklight = 0.065089226, sdrNits = 47.878292
04-12 20:39:58.796193  1706  2242 D LocalDisplayAdapter: set backlight: 0.06502397, nits = 47.832336, sdrBacklight = 0.06502398, sdrNits = 47.832344
04-12 20:39:58.807064  1706  2242 D LocalDisplayAdapter: set backlight: 0.06495892, nits = 47.786514, sdrBacklight = 0.06495893, sdrNits = 47.786522
04-12 20:39:58.813251  1706  2242 D LocalDisplayAdapter: set backlight: 0.06489389, nits = 47.740704, sdrBacklight = 0.06489389, sdrNits = 47.740704
04-12 20:39:58.820468  1706  2242 D LocalDisplayAdapter: set backlight: 0.064828835, nits = 47.694878, sdrBacklight = 0.06482884, sdrNits = 47.694893
04-12 20:39:58.829659  1706  2242 D LocalDisplayAdapter: set backlight: 0.06476384, nits = 47.64909, sdrBacklight = 0.06476384, sdrNits = 47.64909
04-12 20:39:58.838922  1706  2242 D LocalDisplayAdapter: set backlight: 0.06469887, nits = 47.603317, sdrBacklight = 0.064698875, sdrNits = 47.603317
04-12 20:39:58.845867  1706  2242 D LocalDisplayAdapter: set backlight: 0.06463404, nits = 47.55764, sdrBacklight = 0.06463404, sdrNits = 47.55764
04-12 20:39:58.854411  1706  2242 D LocalDisplayAdapter: set backlight: 0.06456923, nits = 47.51197, sdrBacklight = 0.06456923, sdrNits = 47.51197
04-12 20:39:58.862178  1706  2242 D LocalDisplayAdapter: set backlight: 0.06450435, nits = 47.466244, sdrBacklight = 0.064504355, sdrNits = 47.46625
04-12 20:39:58.870636  1706  2242 D LocalDisplayAdapter: set backlight: 0.064439535, nits = 47.420567, sdrBacklight = 0.06443955, sdrNits = 47.420578
04-12 20:39:58.879065  1706  2242 D LocalDisplayAdapter: set backlight: 0.06437474, nits = 47.374897, sdrBacklight = 0.064374745, sdrNits = 47.374905
04-12 20:39:58.887284  1706  2242 D LocalDisplayAdapter: set backlight: 0.06431003, nits = 47.32929, sdrBacklight = 0.064310044, sdrNits = 47.3293
04-12 20:39:58.889650  1706  4345 D UsfSystemServer/TranUsfAppInternal: begin destroyNetworkByUid, mUid: 10203
04-12 20:39:58.895722  1706  2242 D LocalDisplayAdapter: set backlight: 0.064245276, nits = 47.283638, sdrBacklight = 0.06424528, sdrNits = 47.28364
04-12 20:39:58.904333  1706  2242 D LocalDisplayAdapter: set backlight: 0.06418058, nits = 47.23803, sdrBacklight = 0.0641806, sdrNits = 47.23804
04-12 20:39:58.912223  1706  2242 D LocalDisplayAdapter: set backlight: 0.06411586, nits = 47.192398, sdrBacklight = 0.06411586, sdrNits = 47.192398
04-12 20:39:58.920325  1706  2242 D LocalDisplayAdapter: set backlight: 0.064051114, nits = 47.146748, sdrBacklight = 0.064051114, sdrNits = 47.146748
04-12 20:39:58.928698  1706  2242 D LocalDisplayAdapter: set backlight: 0.063986495, nits = 47.10118, sdrBacklight = 0.0639865, sdrNits = 47.10119
04-12 20:39:58.937442  1706  2242 D LocalDisplayAdapter: set backlight: 0.06392189, nits = 47.055626, sdrBacklight = 0.0639219, sdrNits = 47.055626
04-12 20:39:58.945176  1706  2242 D LocalDisplayAdapter: set backlight: 0.06385736, nits = 47.010117, sdrBacklight = 0.06385737, sdrNits = 47.010117
04-12 20:39:58.953821  1706  2242 D LocalDisplayAdapter: set backlight: 0.063792884, nits = 46.964638, sdrBacklight = 0.063792884, sdrNits = 46.964638
04-12 20:39:58.963722  1706  2242 D LocalDisplayAdapter: set backlight: 0.063728325, nits = 46.919094, sdrBacklight = 0.063728325, sdrNits = 46.919094
04-12 20:39:58.970180  1706  2242 D LocalDisplayAdapter: set backlight: 0.063663915, nits = 46.873657, sdrBacklight = 0.06366392, sdrNits = 46.873665
04-12 20:39:58.978972  1706  2242 D LocalDisplayAdapter: set backlight: 0.06359953, nits = 46.828236, sdrBacklight = 0.06359953, sdrNits = 46.828236
04-12 20:39:58.987441  1706  2242 D LocalDisplayAdapter: set backlight: 0.06353523, nits = 46.78287, sdrBacklight = 0.063535236, sdrNits = 46.78288
04-12 20:39:58.996291  1706  2242 D LocalDisplayAdapter: set backlight: 0.063470855, nits = 46.737457, sdrBacklight = 0.06347086, sdrNits = 46.737453
04-12 20:39:59.003797  1706  2242 D LocalDisplayAdapter: set backlight: 0.06340642, nits = 46.691986, sdrBacklight = 0.06340644, sdrNits = 46.691994
04-12 20:39:59.012120  1706  2242 D LocalDisplayAdapter: set backlight: 0.06334221, nits = 46.646675, sdrBacklight = 0.06334222, sdrNits = 46.64668
04-12 20:39:59.020942  1706  2242 D LocalDisplayAdapter: set backlight: 0.063277975, nits = 46.601337, sdrBacklight = 0.06327798, sdrNits = 46.60134
04-12 20:39:59.029147  1706  2242 D LocalDisplayAdapter: set backlight: 0.06321376, nits = 46.55601, sdrBacklight = 0.06321377, sdrNits = 46.556026
04-12 20:39:59.037184  1706  2242 D LocalDisplayAdapter: set backlight: 0.063149616, nits = 46.510735, sdrBacklight = 0.063149616, sdrNits = 46.510735
04-12 20:39:59.045243  1706  2242 D LocalDisplayAdapter: set backlight: 0.06308548, nits = 46.46546, sdrBacklight = 0.06308549, sdrNits = 46.465466
04-12 20:39:59.054788  1706  2242 D LocalDisplayAdapter: set backlight: 0.06302131, nits = 46.420155, sdrBacklight = 0.06302132, sdrNits = 46.420162
04-12 20:39:59.061813  1706  2242 D LocalDisplayAdapter: set backlight: 0.062957205, nits = 46.3749, sdrBacklight = 0.06295723, sdrNits = 46.374912
04-12 20:39:59.070402  1706  2242 D LocalDisplayAdapter: set backlight: 0.06289308, nits = 46.329617, sdrBacklight = 0.06289309, sdrNits = 46.329628
04-12 20:39:59.078990  1706  2242 D LocalDisplayAdapter: set backlight: 0.062829085, nits = 46.28443, sdrBacklight = 0.06282909, sdrNits = 46.28444
04-12 20:39:59.083690  1706  4229 I UsfSystemServer/appSceneHooker: duplicate service bind status, skip
04-12 20:39:59.087254  1706  2242 D LocalDisplayAdapter: set backlight: 0.06276508, nits = 46.239227, sdrBacklight = 0.062765084, sdrNits = 46.239235
04-12 20:39:59.095756  1706  2242 D LocalDisplayAdapter: set backlight: 0.06270101, nits = 46.193977, sdrBacklight = 0.062701024, sdrNits = 46.19399
04-12 20:39:59.104977  1706  2242 D LocalDisplayAdapter: set backlight: 0.06263725, nits = 46.148945, sdrBacklight = 0.06263726, sdrNits = 46.14895
04-12 20:39:59.112367  1706  2242 D LocalDisplayAdapter: set backlight: 0.062573455, nits = 46.10388, sdrBacklight = 0.062573455, sdrNits = 46.10388
04-12 20:39:59.120555  1706  2242 D LocalDisplayAdapter: set backlight: 0.06250964, nits = 46.058804, sdrBacklight = 0.06250965, sdrNits = 46.058807
04-12 20:39:59.129560  1706  2242 D LocalDisplayAdapter: set backlight: 0.06244593, nits = 46.013794, sdrBacklight = 0.062445942, sdrNits = 46.0138
04-12 20:39:59.136779  1706  2242 D LocalDisplayAdapter: set backlight: 0.062382232, nits = 45.968784, sdrBacklight = 0.06238225, sdrNits = 45.968803
04-12 20:39:59.144925  1706  2242 D LocalDisplayAdapter: set backlight: 0.06231862, nits = 45.923836, sdrBacklight = 0.062318627, sdrNits = 45.923843
04-12 20:39:59.153479  1706  2242 D LocalDisplayAdapter: set backlight: 0.06225497, nits = 45.87886, sdrBacklight = 0.062254965, sdrNits = 45.878857
04-12 20:39:59.161729  1706  2242 D LocalDisplayAdapter: set backlight: 0.06219121, nits = 45.8338, sdrBacklight = 0.06219121, sdrNits = 45.8338
04-12 20:39:59.170458  1706  2242 D LocalDisplayAdapter: set backlight: 0.062127527, nits = 45.788788, sdrBacklight = 0.062127538, sdrNits = 45.7888
04-12 20:39:59.179145  1706  2242 D LocalDisplayAdapter: set backlight: 0.06206389, nits = 45.743816, sdrBacklight = 0.062063903, sdrNits = 45.74382
04-12 20:39:59.187201  1706  2242 D LocalDisplayAdapter: set backlight: 0.062000267, nits = 45.698833, sdrBacklight = 0.06200028, sdrNits = 45.69885
04-12 20:39:59.195314  1706  2242 D LocalDisplayAdapter: set backlight: 0.061936766, nits = 45.653946, sdrBacklight = 0.061936777, sdrNits = 45.653954
04-12 20:39:59.203371  1706  2242 D LocalDisplayAdapter: set backlight: 0.061873313, nits = 45.609085, sdrBacklight = 0.06187332, sdrNits = 45.60909
04-12 20:39:59.211806  1706  2242 D LocalDisplayAdapter: set backlight: 0.06180989, nits = 45.56424, sdrBacklight = 0.061809894, sdrNits = 45.564243
04-12 20:39:59.219982  1706  2242 D LocalDisplayAdapter: set backlight: 0.06174643, nits = 45.519367, sdrBacklight = 0.061746437, sdrNits = 45.51937
04-12 20:39:59.228408  1706  2242 D LocalDisplayAdapter: set backlight: 0.06168298, nits = 45.474495, sdrBacklight = 0.061682988, sdrNits = 45.4745
04-12 20:39:59.237790  1706  2242 D LocalDisplayAdapter: set backlight: 0.061619624, nits = 45.42969, sdrBacklight = 0.06161964, sdrNits = 45.429703
04-12 20:39:59.245247  1706  2242 D LocalDisplayAdapter: set backlight: 0.061556235, nits = 45.384853, sdrBacklight = 0.06155625, sdrNits = 45.38487
04-12 20:39:59.253685  1706  2242 D LocalDisplayAdapter: set backlight: 0.06149295, nits = 45.34009, sdrBacklight = 0.061492965, sdrNits = 45.3401
04-12 20:39:59.261851  1706  2242 D LocalDisplayAdapter: set backlight: 0.061429594, nits = 45.295273, sdrBacklight = 0.061429597, sdrNits = 45.295277
04-12 20:39:59.267161  1706  4229 I UsfSystemServer/appSceneHooker: duplicate service bind status, skip
04-12 20:39:59.269908  1706  2242 D LocalDisplayAdapter: set backlight: 0.0613664, nits = 45.250565, sdrBacklight = 0.0613664, sdrNits = 45.250565
04-12 20:39:59.278162  1706  2242 D LocalDisplayAdapter: set backlight: 0.061303213, nits = 45.205856, sdrBacklight = 0.061303224, sdrNits = 45.205868
04-12 20:39:59.287287  1706  2242 D LocalDisplayAdapter: set backlight: 0.061240096, nits = 45.161198, sdrBacklight = 0.061240103, sdrNits = 45.161205
04-12 20:39:59.295092  1706  2242 D LocalDisplayAdapter: set backlight: 0.06117704, nits = 45.11658, sdrBacklight = 0.06117704, sdrNits = 45.11658
04-12 20:39:59.303194  1706  2242 D LocalDisplayAdapter: set backlight: 0.061113995, nits = 45.071964, sdrBacklight = 0.061114002, sdrNits = 45.07197
04-12 20:39:59.311853  1706  2242 D LocalDisplayAdapter: set backlight: 0.061051, nits = 45.027378, sdrBacklight = 0.061051007, sdrNits = 45.027378
04-12 20:39:59.315706  1706  4345 I Telecom-TelecomServiceImpl$1: isInEmergencyCall: false: TSI.iIEC@AFU
04-12 20:39:59.319600  1706  2242 D LocalDisplayAdapter: set backlight: 0.06098796, nits = 44.982758, sdrBacklight = 0.06098797, sdrNits = 44.982765
04-12 20:39:59.321153  1706  2027 V AlarmManager: Checking for alarms... rtc=1775997599321, elapsed=42095
04-12 20:39:59.321734  1706  2027 V AlarmManager: Triggering alarm #0: Alarm{8ffc1d type 2 origWhen 40094 whenElapsed 42095 com.android.providers.calendar}
04-12 20:39:59.321837  1706  2027 V AlarmManager: sending alarm Alarm{8ffc1d type 2 origWhen 40094 whenElapsed 42095 com.android.providers.calendar}
04-12 20:39:59.322035  1706  2027 I ActivityManager: checkedOptions.getThunderBackSupport() = false, packageName = com.android.providers.calendar , thunderbackUserId = 0
04-12 20:39:59.322152  1706  2027 I TranCustomizedTransitionAnimController: TranDynamicBarAnimControllerImpl setFromDynamicIslandToWindow pkgName:com.android.providers.calendar
04-12 20:39:59.322166  1706  2027 I TranCustomizedTransitionAnimController: start setFromDynamicIslandToWindow startFromDynamicIsland:false targetPkgName:null
04-12 20:39:59.322173  1706  2027 I TranCustomizedTransitionAnimController: end setFromDynamicIslandToWindow mDynamicIslandPkgName:com.android.providers.calendar mStartFromDynamicIsland:false
04-12 20:39:59.322667  1706  2027 D Griffin/filterReceiveBroadcast: not limit Intent { act=com.android.providers.calendar.intent.CalendarProvider2 flg=0x10 xflg=0x4 cmp=com.android.providers.calendar/.CalendarProviderBroadcastReceiver (has extras) } for resultTo not null
04-12 20:39:59.322958  1706  2027 D AlarmManager: mBroadcastRefCount -> 1
04-12 20:39:59.328027  1706  2242 D LocalDisplayAdapter: set backlight: 0.06092495, nits = 44.938156, sdrBacklight = 0.060924955, sdrNits = 44.93816
04-12 20:39:59.335047  1706  4345 D UsfSystemServer/appSceneHooker: action is empty in service bind status
04-12 20:39:59.335532  1706  2344 I StandbyHandler/TranJobStateMonitor: uid:10082,pkgName:com.android.providers.calendar/.CalendarProviderJobService jobId:169672138 start time:1970-01-01 08:00:42
04-12 20:39:59.336416  1706  2242 D LocalDisplayAdapter: set backlight: 0.060862035, nits = 44.893616, sdrBacklight = 0.060862042, sdrNits = 44.89362
04-12 20:39:59.338519  1706  1706 D AlarmManager: mBroadcastRefCount -> 0
04-12 20:39:59.344803  1706  2242 D LocalDisplayAdapter: set backlight: 0.060799096, nits = 44.849056, sdrBacklight = 0.0607991, sdrNits = 44.849056
04-12 20:39:59.351811  1706  2344 I StandbyHandler/TranJobStateMonitor: uid:10082,pkgName:com.android.providers.calendar/.CalendarProviderJobService jobId:169672138 finish time:1970-01-01 08:00:42,duration:16
04-12 20:39:59.352106  1706  4345 D UsfSystemServer/appSceneHooker: action is empty in service bind status
04-12 20:39:59.352794  1706  2242 D LocalDisplayAdapter: set backlight: 0.06073611, nits = 44.804455, sdrBacklight = 0.060736127, sdrNits = 44.80447
04-12 20:39:59.354028  2360  2429 I Usf_Hiber/importantScene: isTrafficActive uid:10254 speed :0
04-12 20:39:59.354241  2360  2429 I Usf_Hiber/hiber: checkExecutingCmp: transPkg.getUid()=10254
04-12 20:39:59.355261  2360  2429 I Usf_Hiber/appStateMachine: uid:10254 enter FrozenState
04-12 20:39:59.356720  2360  2429 I Usf_Hiber/stateManager: freeze uid: 10254 com.google.android.apps.tachyon costTime=1ms ,last unfreeze invalid
04-12 20:39:59.357031  2360  2423 E Usf_Hiber/cgroup: read wchan, error:/proc/8444/wchan
04-12 20:39:59.357071  2360  2423 I Usf_Hiber/cgroup: postFreeze: uid=10254, isolateUid=[], packageName=com.google.android.apps.tachyon, pids=[8444], isolatePids=[], wchan=
04-12 20:39:59.357319  2360  2434 I Usf_Hiber/cgroup: updateFrozenPids: uid=10254, packageName=com.google.android.apps.tachyon, pids=[8444], isolatePids=[]
04-12 20:39:59.357446  2360  2434 I Usf_Hiber/hiber: checkExecutingCmp: transPkg.getUid()=10254
04-12 20:39:59.357597  2360  2430 I Usf_Hiber/restrictionPolicy: uid:10254  pkgName:com.google.android.apps.tachyon isAllowedNet
04-12 20:39:59.357752  2360  2432 I Usf_Hiber/nativeServiceClient: watch app network uid=10254, persistent=0
04-12 20:39:59.357868  2360  2430 I Usf_Hiber/hiber: msg for start proxy frozen state
04-12 20:39:59.357944  2360  2430 I Usf_Hiber/hiber: idleUids: uid=10254, pkgName=com.google.android.apps.tachyon
04-12 20:39:59.357978  2360  2434 I Usf_Hiber/hiber: tryProxyWakeLock: transPkg.getUid()=10254
04-12 20:39:59.358141  2360  2430 I Usf_Hiber/proxyManager: p_service: 10254
04-12 20:39:59.358245  2360  2430 I Usf_Hiber/hiber: proxy alarm (uid=10254, pkgName=com.google.android.apps.tachyon)
04-12 20:39:59.358260  2360  2430 I Usf_Hiber/proxyManager: p_alarm: uid=10254, pkgName=com.google.android.apps.tachyon
04-12 20:39:59.358298  2360  2430 I Usf_Hiber/proxyManager: p_sensor: uid=10254, pkgName=com.google.android.apps.tachyon
04-12 20:39:59.358369  2360  2430 I Usf_Usf/binderProxyBridge: p_binder: uid=10254, pkgName=com.google.android.apps.tachyon
04-12 20:39:59.358621  1706  2835 D ActivityManager: Hiber try idle uid[10254] by hiber ,bgTime>0 ? false,isIdled before ? false ,isCurAllowListed ? true ,isProcStateBackground?true
04-12 20:39:59.359028  1706  2835 I UsfSystemServer/TranUsfAppInternal: p_job: 10254 pkgName=com.google.android.apps.tachyon which=2
04-12 20:39:59.361078  1706  2835 D Hiber/JobExtImpl: proxyJobs leave, uid=10254, pkg=com.google.android.apps.tachyon which=2
04-12 20:39:59.361214  1706  2835 D Hiber/alarmManagerServiceExtImpl: proxyAlarms leave, uid=10254, packageName=com.google.android.apps.tachyon
04-12 20:39:59.361953  1706  2242 D LocalDisplayAdapter: set backlight: 0.060673323, nits = 44.76, sdrBacklight = 0.060673326, sdrNits = 44.760002
04-12 20:39:59.369745  1706  2242 D LocalDisplayAdapter: set backlight: 0.060610477, nits = 44.715492, sdrBacklight = 0.06061049, sdrNits = 44.715504
04-12 20:39:59.377916  1706  2242 D LocalDisplayAdapter: set backlight: 0.060547736, nits = 44.671062, sdrBacklight = 0.06054774, sdrNits = 44.67106
04-12 20:39:59.386466  1706  2242 D LocalDisplayAdapter: set backlight: 0.060485028, nits = 44.626648, sdrBacklight = 0.060485046, sdrNits = 44.626656
04-12 20:39:59.395172  1706  2242 D LocalDisplayAdapter: set backlight: 0.06042232, nits = 44.582222, sdrBacklight = 0.06042233, sdrNits = 44.582233
04-12 20:39:59.403083  1706  2242 D LocalDisplayAdapter: set backlight: 0.060359683, nits = 44.537857, sdrBacklight = 0.060359687, sdrNits = 44.537853
04-12 20:39:59.411783  1706  2242 D LocalDisplayAdapter: set backlight: 0.060296997, nits = 44.49345, sdrBacklight = 0.060296994, sdrNits = 44.493443
04-12 20:39:59.419582  1706  2242 D LocalDisplayAdapter: set backlight: 0.06023438, nits = 44.449078, sdrBacklight = 0.060234394, sdrNits = 44.449093
04-12 20:39:59.427993  1706  2242 D LocalDisplayAdapter: set backlight: 0.060171805, nits = 44.40474, sdrBacklight = 0.060171816, sdrNits = 44.404747
04-12 20:39:59.436468  1706  2242 D LocalDisplayAdapter: set backlight: 0.06010922, nits = 44.360394, sdrBacklight = 0.060109228, sdrNits = 44.360397
04-12 20:39:59.444514  1706  2242 D LocalDisplayAdapter: set backlight: 0.060046684, nits = 44.31607, sdrBacklight = 0.060046695, sdrNits = 44.31608
04-12 20:39:59.454356  1706  2242 D LocalDisplayAdapter: set backlight: 0.05998417, nits = 44.271763, sdrBacklight = 0.05998419, sdrNits = 44.27178
