04-12 20:41:31.176000  1893  1893 I auditd  : type=1400 audit(0.0:169): avc:  denied  { read write } for  comm="ip6tables-wrapp" path="/dev/ccci_wifi_proxy" dev="tmpfs" ino=1762 scontext=u:r:netutils_wrapper:s0 tcontext=u:object_r:ccci_wifi_proxy_device:s0 tclass=chr_file permissive=0
04-12 20:41:31.176000  1893  1893 I auditd  : type=1400 audit(0.0:170): avc:  denied  { read write } for  comm="ip6tables-wrapp" path="/dev/ccci_vts" dev="tmpfs" ino=1763 scontext=u:r:netutils_wrapper:s0 tcontext=u:object_r:ccci_vts_device:s0 tclass=chr_file permissive=0
04-12 20:41:31.176000  1893  1893 I auditd  : type=1400 audit(0.0:171): avc:  denied  { read write } for  comm="ip6tables-wrapp" path="/dev/ccci_mdx_sta" dev="tmpfs" ino=1729 scontext=u:r:netutils_wrapper:s0 tcontext=u:object_r:ccci_device:s0 tclass=chr_file permissive=0
04-12 20:41:31.176000  1893  1893 I auditd  : type=1400 audit(0.0:172): avc:  denied  { read write } for  comm="ip6tables-wrapp" path="/dev/ccci_md1_sta" dev="tmpfs" ino=1730 scontext=u:r:netutils_wrapper:s0 tcontext=u:object_r:ccci_device:s0 tclass=chr_file permissive=0
04-12 20:41:31.180000  1750  1750 I auditd  : type=1400 audit(0.0:173): avc:  denied  { read } for  comm="system_server" name="u:object_r:vendor_default_prop:s0" dev="tmpfs" ino=607 scontext=u:r:system_server:s0 tcontext=u:object_r:vendor_default_prop:s0 tclass=file permissive=0
04-12 20:41:31.180000  1750  1750 I auditd  : type=1400 audit(0.0:174): avc:  denied  { read } for  comm="system_server" name="u:object_r:vendor_default_prop:s0" dev="tmpfs" ino=607 scontext=u:r:system_server:s0 tcontext=u:object_r:vendor_default_prop:s0 tclass=file permissive=0
04-12 20:41:31.187249  1750  1750 I system_server_start: [1,14957,14957]
04-12 20:41:31.187565  1750  1750 I boot_progress_system_run: 14970
04-12 20:41:31.188000  1897  1897 I auditd  : type=1400 audit(0.0:175): avc:  denied  { read write } for  comm="ip6tables-wrapp" path="/dev/ttyCMIPC1" dev="tmpfs" ino=1773 scontext=u:r:netutils_wrapper:s0 tcontext=u:object_r:gsm0710muxd_device:s0 tclass=chr_file permissive=0
04-12 20:41:31.188000  1897  1897 I auditd  : type=1400 audit(0.0:176): avc:  denied  { read write } for  comm="ip6tables-wrapp" path="/dev/ccci_pin_sta" dev="tmpfs" ino=1731 scontext=u:r:netutils_wrapper:s0 tcontext=u:object_r:ccci_device:s0 tclass=chr_file permissive=0
04-12 20:41:31.188000  1897  1897 I auditd  : type=1400 audit(0.0:177): avc:  denied  { read write } for  comm="ip6tables-wrapp" path="/dev/ccci_wifi_proxy" dev="tmpfs" ino=1762 scontext=u:r:netutils_wrapper:s0 tcontext=u:object_r:ccci_wifi_proxy_device:s0 tclass=chr_file permissive=0
04-12 20:41:31.188000  1897  1897 I auditd  : type=1400 audit(0.0:178): avc:  denied  { read write } for  comm="ip6tables-wrapp" path="/dev/ccci_vts" dev="tmpfs" ino=1763 scontext=u:r:netutils_wrapper:s0 tcontext=u:object_r:ccci_vts_device:s0 tclass=chr_file permissive=0
04-12 20:41:31.188000  1897  1897 I auditd  : type=1400 audit(0.0:179): avc:  denied  { read write } for  comm="ip6tables-wrapp" path="/dev/ccci_mdx_sta" dev="tmpfs" ino=1729 scontext=u:r:netutils_wrapper:s0 tcontext=u:object_r:ccci_device:s0 tclass=chr_file permissive=0
04-12 20:41:31.188000  1897  1897 I auditd  : type=1400 audit(0.0:180): avc:  denied  { read write } for  comm="ip6tables-wrapp" path="/dev/ccci_md1_sta" dev="tmpfs" ino=1730 scontext=u:r:netutils_wrapper:s0 tcontext=u:object_r:ccci_device:s0 tclass=chr_file permissive=0
04-12 20:41:31.204000  1899  1899 I auditd  : type=1400 audit(0.0:181): avc:  denied  { read write } for  comm="iptables-wrappe" path="/dev/ttyCMIPC1" dev="tmpfs" ino=1773 scontext=u:r:netutils_wrapper:s0 tcontext=u:object_r:gsm0710muxd_device:s0 tclass=chr_file permissive=0
04-12 20:41:31.204000  1899  1899 I auditd  : type=1400 audit(0.0:182): avc:  denied  { read write } for  comm="iptables-wrappe" path="/dev/ccci_pin_sta" dev="tmpfs" ino=1731 scontext=u:r:netutils_wrapper:s0 tcontext=u:object_r:ccci_device:s0 tclass=chr_file permissive=0
04-12 20:41:31.204000  1899  1899 I auditd  : type=1400 audit(0.0:183): avc:  denied  { read write } for  comm="iptables-wrappe" path="/dev/ccci_wifi_proxy" dev="tmpfs" ino=1762 scontext=u:r:netutils_wrapper:s0 tcontext=u:object_r:ccci_wifi_proxy_device:s0 tclass=chr_file permissive=0
04-12 20:41:31.204000  1899  1899 I auditd  : type=1400 audit(0.0:184): avc:  denied  { read write } for  comm="iptables-wrappe" path="/dev/ccci_vts" dev="tmpfs" ino=1763 scontext=u:r:netutils_wrapper:s0 tcontext=u:object_r:ccci_vts_device:s0 tclass=chr_file permissive=0
04-12 20:41:31.204000  1899  1899 I auditd  : type=1400 audit(0.0:185): avc:  denied  { read write } for  comm="iptables-wrappe" path="/dev/ccci_mdx_sta" dev="tmpfs" ino=1729 scontext=u:r:netutils_wrapper:s0 tcontext=u:object_r:ccci_device:s0 tclass=chr_file permissive=0
04-12 20:41:31.204000  1899  1899 I auditd  : type=1400 audit(0.0:186): avc:  denied  { read write } for  comm="iptables-wrappe" path="/dev/ccci_md1_sta" dev="tmpfs" ino=1730 scontext=u:r:netutils_wrapper:s0 tcontext=u:object_r:ccci_device:s0 tclass=chr_file permissive=0
04-12 20:41:31.220000  1900  1900 I auditd  : type=1400 audit(0.0:187): avc:  denied  { read write } for  comm="iptables-wrappe" path="/dev/ttyCMIPC1" dev="tmpfs" ino=1773 scontext=u:r:netutils_wrapper:s0 tcontext=u:object_r:gsm0710muxd_device:s0 tclass=chr_file permissive=0
04-12 20:41:31.220000  1900  1900 I auditd  : type=1400 audit(0.0:188): avc:  denied  { read write } for  comm="iptables-wrappe" path="/dev/ccci_pin_sta" dev="tmpfs" ino=1731 scontext=u:r:netutils_wrapper:s0 tcontext=u:object_r:ccci_device:s0 tclass=chr_file permissive=0
04-12 20:41:31.220000  1900  1900 I auditd  : type=1400 audit(0.0:189): avc:  denied  { read write } for  comm="iptables-wrappe" path="/dev/ccci_wifi_proxy" dev="tmpfs" ino=1762 scontext=u:r:netutils_wrapper:s0 tcontext=u:object_r:ccci_wifi_proxy_device:s0 tclass=chr_file permissive=0
04-12 20:41:31.220000  1900  1900 I auditd  : type=1400 audit(0.0:190): avc:  denied  { read write } for  comm="iptables-wrappe" path="/dev/ccci_vts" dev="tmpfs" ino=1763 scontext=u:r:netutils_wrapper:s0 tcontext=u:object_r:ccci_vts_device:s0 tclass=chr_file permissive=0
04-12 20:41:31.220000  1900  1900 I auditd  : type=1400 audit(0.0:191): avc:  denied  { read write } for  comm="iptables-wrappe" path="/dev/ccci_mdx_sta" dev="tmpfs" ino=1729 scontext=u:r:netutils_wrapper:s0 tcontext=u:object_r:ccci_device:s0 tclass=chr_file permissive=0
04-12 20:41:31.220000  1900  1900 I auditd  : type=1400 audit(0.0:192): avc:  denied  { read write } for  comm="iptables-wrappe" path="/dev/ccci_md1_sta" dev="tmpfs" ino=1730 scontext=u:r:netutils_wrapper:s0 tcontext=u:object_r:ccci_device:s0 tclass=chr_file permissive=0
04-12 20:41:31.232000  1902  1902 I auditd  : type=1400 audit(0.0:193): avc:  denied  { read write } for  comm="ip6tables-wrapp" path="/dev/ttyCMIPC1" dev="tmpfs" ino=1773 scontext=u:r:netutils_wrapper:s0 tcontext=u:object_r:gsm0710muxd_device:s0 tclass=chr_file permissive=0
04-12 20:41:31.232000  1902  1902 I auditd  : type=1400 audit(0.0:194): avc:  denied  { read write } for  comm="ip6tables-wrapp" path="/dev/ccci_pin_sta" dev="tmpfs" ino=1731 scontext=u:r:netutils_wrapper:s0 tcontext=u:object_r:ccci_device:s0 tclass=chr_file permissive=0
04-12 20:41:31.232000  1902  1902 I auditd  : type=1400 audit(0.0:195): avc:  denied  { read write } for  comm="ip6tables-wrapp" path="/dev/ccci_wifi_proxy" dev="tmpfs" ino=1762 scontext=u:r:netutils_wrapper:s0 tcontext=u:object_r:ccci_wifi_proxy_device:s0 tclass=chr_file permissive=0
04-12 20:41:31.232000  1902  1902 I auditd  : type=1400 audit(0.0:196): avc:  denied  { read write } for  comm="ip6tables-wrapp" path="/dev/ccci_vts" dev="tmpfs" ino=1763 scontext=u:r:netutils_wrapper:s0 tcontext=u:object_r:ccci_vts_device:s0 tclass=chr_file permissive=0
04-12 20:41:31.232000  1902  1902 I auditd  : type=1400 audit(0.0:197): avc:  denied  { read write } for  comm="ip6tables-wrapp" path="/dev/ccci_mdx_sta" dev="tmpfs" ino=1729 scontext=u:r:netutils_wrapper:s0 tcontext=u:object_r:ccci_device:s0 tclass=chr_file permissive=0
04-12 20:41:31.232000  1902  1902 I auditd  : type=1400 audit(0.0:198): avc:  denied  { read write } for  comm="ip6tables-wrapp" path="/dev/ccci_md1_sta" dev="tmpfs" ino=1730 scontext=u:r:netutils_wrapper:s0 tcontext=u:object_r:ccci_device:s0 tclass=chr_file permissive=0
04-12 20:41:31.240000  1905  1905 I auditd  : type=1400 audit(0.0:199): avc:  denied  { read write } for  comm="ip6tables-wrapp" path="/dev/ttyCMIPC1" dev="tmpfs" ino=1773 scontext=u:r:netutils_wrapper:s0 tcontext=u:object_r:gsm0710muxd_device:s0 tclass=chr_file permissive=0
04-12 20:41:31.240000  1905  1905 I auditd  : type=1400 audit(0.0:200): avc:  denied  { read write } for  comm="ip6tables-wrapp" path="/dev/ccci_pin_sta" dev="tmpfs" ino=1731 scontext=u:r:netutils_wrapper:s0 tcontext=u:object_r:ccci_device:s0 tclass=chr_file permissive=0
04-12 20:41:31.240000  1905  1905 I auditd  : type=1400 audit(0.0:201): avc:  denied  { read write } for  comm="ip6tables-wrapp" path="/dev/ccci_wifi_proxy" dev="tmpfs" ino=1762 scontext=u:r:netutils_wrapper:s0 tcontext=u:object_r:ccci_wifi_proxy_device:s0 tclass=chr_file permissive=0
04-12 20:41:31.240000  1905  1905 I auditd  : type=1400 audit(0.0:202): avc:  denied  { read write } for  comm="ip6tables-wrapp" path="/dev/ccci_vts" dev="tmpfs" ino=1763 scontext=u:r:netutils_wrapper:s0 tcontext=u:object_r:ccci_vts_device:s0 tclass=chr_file permissive=0
04-12 20:41:31.240000  1905  1905 I auditd  : type=1400 audit(0.0:203): avc:  denied  { read write } for  comm="ip6tables-wrapp" path="/dev/ccci_mdx_sta" dev="tmpfs" ino=1729 scontext=u:r:netutils_wrapper:s0 tcontext=u:object_r:ccci_device:s0 tclass=chr_file permissive=0
04-12 20:41:31.244000  1905  1905 I auditd  : type=1400 audit(0.0:204): avc:  denied  { read write } for  comm="ip6tables-wrapp" path="/dev/ccci_md1_sta" dev="tmpfs" ino=1730 scontext=u:r:netutils_wrapper:s0 tcontext=u:object_r:ccci_device:s0 tclass=chr_file permissive=0
04-12 20:41:31.272000  1408  1408 I auditd  : type=1400 audit(0.0:205): avc:  denied  { search } for  comm="camerahalserver" name="tmp" dev="dm-79" ino=102 scontext=u:r:mtk_hal_camera:s0 tcontext=u:object_r:shell_data_file:s0 tclass=dir permissive=0
04-12 20:41:31.272000  1408  1408 I auditd  : type=1400 audit(0.0:206): avc:  denied  { search } for  comm="camerahalserver" name="data" dev="dm-79" ino=251 scontext=u:r:mtk_hal_camera:s0 tcontext=u:object_r:system_data_file:s0:c512,c768 tclass=dir permissive=0
04-12 20:41:31.280000  1408  1408 I auditd  : type=1400 audit(0.0:207): avc:  denied  { search } for  comm="camerahalserver" name="tmp" dev="dm-79" ino=102 scontext=u:r:mtk_hal_camera:s0 tcontext=u:object_r:shell_data_file:s0 tclass=dir permissive=0
04-12 20:41:31.280000  1408  1408 I auditd  : type=1400 audit(0.0:208): avc:  denied  { search } for  comm="camerahalserver" name="data" dev="dm-79" ino=251 scontext=u:r:mtk_hal_camera:s0 tcontext=u:object_r:system_data_file:s0:c512,c768 tclass=dir permissive=0
04-12 20:41:31.300000  1408  1408 I auditd  : type=1400 audit(0.0:209): avc:  denied  { search } for  comm="camerahalserver" name="tmp" dev="dm-79" ino=102 scontext=u:r:mtk_hal_camera:s0 tcontext=u:object_r:shell_data_file:s0 tclass=dir permissive=0
04-12 20:41:31.300000  1408  1408 I auditd  : type=1400 audit(0.0:210): avc:  denied  { search } for  comm="camerahalserver" name="data" dev="dm-79" ino=251 scontext=u:r:mtk_hal_camera:s0 tcontext=u:object_r:system_data_file:s0:c512,c768 tclass=dir permissive=0
04-12 20:41:31.308000  1408  1408 I auditd  : type=1400 audit(0.0:211): avc:  denied  { search } for  comm="camerahalserver" name="tmp" dev="dm-79" ino=102 scontext=u:r:mtk_hal_camera:s0 tcontext=u:object_r:shell_data_file:s0 tclass=dir permissive=0
04-12 20:41:31.308000  1408  1408 I auditd  : type=1400 audit(0.0:212): avc:  denied  { search } for  comm="camerahalserver" name="data" dev="dm-79" ino=251 scontext=u:r:mtk_hal_camera:s0 tcontext=u:object_r:system_data_file:s0:c512,c768 tclass=dir permissive=0
04-12 20:41:31.316000  1408  1408 I auditd  : type=1400 audit(0.0:213): avc:  denied  { search } for  comm="camerahalserver" name="tmp" dev="dm-79" ino=102 scontext=u:r:mtk_hal_camera:s0 tcontext=u:object_r:shell_data_file:s0 tclass=dir permissive=0
04-12 20:41:31.316000  1408  1408 I auditd  : type=1400 audit(0.0:214): avc:  denied  { search } for  comm="camerahalserver" name="data" dev="dm-79" ino=251 scontext=u:r:mtk_hal_camera:s0 tcontext=u:object_r:system_data_file:s0:c512,c768 tclass=dir permissive=0
04-12 20:41:31.324000  1408  1408 I auditd  : type=1400 audit(0.0:215): avc:  denied  { search } for  comm="camerahalserver" name="tmp" dev="dm-79" ino=102 scontext=u:r:mtk_hal_camera:s0 tcontext=u:object_r:shell_data_file:s0 tclass=dir permissive=0
04-12 20:41:31.324000  1408  1408 I auditd  : type=1400 audit(0.0:216): avc:  denied  { search } for  comm="camerahalserver" name="data" dev="dm-79" ino=251 scontext=u:r:mtk_hal_camera:s0 tcontext=u:object_r:system_data_file:s0:c512,c768 tclass=dir permissive=0
04-12 20:41:31.336000  1408  1408 I auditd  : type=1400 audit(0.0:217): avc:  denied  { search } for  comm="camerahalserver" name="tmp" dev="dm-79" ino=102 scontext=u:r:mtk_hal_camera:s0 tcontext=u:object_r:shell_data_file:s0 tclass=dir permissive=0
04-12 20:41:31.336000  1408  1408 I auditd  : type=1400 audit(0.0:218): avc:  denied  { search } for  comm="camerahalserver" name="data" dev="dm-79" ino=251 scontext=u:r:mtk_hal_camera:s0 tcontext=u:object_r:system_data_file:s0:c512,c768 tclass=dir permissive=0
04-12 20:41:31.340000  1408  1408 I auditd  : type=1400 audit(0.0:219): avc:  denied  { search } for  comm="camerahalserver" name="tmp" dev="dm-79" ino=102 scontext=u:r:mtk_hal_camera:s0 tcontext=u:object_r:shell_data_file:s0 tclass=dir permissive=0
04-12 20:41:31.340000  1408  1408 I auditd  : type=1400 audit(0.0:220): avc:  denied  { search } for  comm="camerahalserver" name="data" dev="dm-79" ino=251 scontext=u:r:mtk_hal_camera:s0 tcontext=u:object_r:system_data_file:s0:c512,c768 tclass=dir permissive=0
04-12 20:41:31.388000  1408  1408 I auditd  : type=1400 audit(0.0:221): avc:  denied  { read } for  comm="camerahalserver" name="u:object_r:default_prop:s0" dev="tmpfs" ino=238 scontext=u:r:mtk_hal_camera:s0 tcontext=u:object_r:default_prop:s0 tclass=file permissive=0
04-12 20:41:31.400000  1408  1408 I auditd  : type=1400 audit(0.0:222): avc:  denied  { read } for  comm="camerahalserver" name="u:object_r:default_prop:s0" dev="tmpfs" ino=238 scontext=u:r:mtk_hal_camera:s0 tcontext=u:object_r:default_prop:s0 tclass=file permissive=0
04-12 20:41:31.420000  1408  1408 I auditd  : type=1400 audit(0.0:223): avc:  denied  { read } for  comm="camerahalserver" name="u:object_r:default_prop:s0" dev="tmpfs" ino=238 scontext=u:r:mtk_hal_camera:s0 tcontext=u:object_r:default_prop:s0 tclass=file permissive=0
04-12 20:41:31.440000  1408  1408 I auditd  : type=1400 audit(0.0:224): avc:  denied  { getattr } for  comm="binder:1408_2" path="/dev/cpuset/camhalserver_bgRun/cpus" dev="cgroup" ino=189 scontext=u:r:mtk_hal_camera:s0 tcontext=u:object_r:cgroup:s0 tclass=file permissive=0
04-12 20:41:31.600000  1750  1750 I auditd  : type=1400 audit(0.0:225): avc:  denied  { read } for  comm="system_server" name="u:object_r:vendor_default_prop:s0" dev="tmpfs" ino=607 scontext=u:r:system_server:s0 tcontext=u:object_r:vendor_default_prop:s0 tclass=file permissive=0
04-12 20:41:31.600000  1750  1750 I auditd  : type=1400 audit(0.0:226): avc:  denied  { read } for  comm="system_server" name="u:object_r:vendor_default_prop:s0" dev="tmpfs" ino=607 scontext=u:r:system_server:s0 tcontext=u:object_r:vendor_default_prop:s0 tclass=file permissive=0
04-12 20:41:31.660000  1750  1750 I auditd  : type=1400 audit(0.0:227): avc:  denied  { read } for  comm="system_server" name="u:object_r:vendor_tr_hbm_support_prop:s0" dev="tmpfs" ino=896 scontext=u:r:system_server:s0 tcontext=u:object_r:vendor_tr_hbm_support_prop:s0 tclass=file permissive=0
04-12 20:41:31.660000  1750  1750 I auditd  : type=1400 audit(0.0:228): avc:  denied  { read } for  comm="system_server" name="u:object_r:vendor_tr_hbm_support_prop:s0" dev="tmpfs" ino=896 scontext=u:r:system_server:s0 tcontext=u:object_r:vendor_tr_hbm_support_prop:s0 tclass=file permissive=0
04-12 20:41:31.660000  1750  1750 I auditd  : type=1400 audit(0.0:229): avc:  denied  { read } for  comm="system_server" name="u:object_r:vendor_tr_hbm_support_prop:s0" dev="tmpfs" ino=896 scontext=u:r:system_server:s0 tcontext=u:object_r:vendor_tr_hbm_support_prop:s0 tclass=file permissive=0
04-12 20:41:31.664000  1408  1408 I auditd  : type=1400 audit(0.0:230): avc:  denied  { read } for  comm="binder:1408_2" name="u:object_r:transsion_vendor_prop:s0" dev="tmpfs" ino=588 scontext=u:r:mtk_hal_camera:s0 tcontext=u:object_r:transsion_vendor_prop:s0 tclass=file permissive=0
04-12 20:41:31.664000  1408  1408 I auditd  : type=1400 audit(0.0:231): avc:  denied  { read } for  comm="binder:1408_2" name="u:object_r:transsion_vendor_prop:s0" dev="tmpfs" ino=588 scontext=u:r:mtk_hal_camera:s0 tcontext=u:object_r:transsion_vendor_prop:s0 tclass=file permissive=0
04-12 20:41:31.820000  1750  1750 I auditd  : type=1400 audit(0.0:232): avc:  denied  { read write } for  comm="android.display" name="ensignal" dev="tmpfs" ino=2080 scontext=u:r:system_server:s0 tcontext=u:object_r:ensignal_device:s0 tclass=chr_file permissive=0
04-12 20:41:31.820000  1750  1750 I auditd  : type=1400 audit(0.0:233): avc:  denied  { read write } for  comm="android.display" name="ensignal" dev="tmpfs" ino=2080 scontext=u:r:system_server:s0 tcontext=u:object_r:ensignal_device:s0 tclass=chr_file permissive=0
04-12 20:41:31.851690  1750  1750 I boot_progress_pms_start: 15634
04-12 20:41:31.932000  1750  1750 I auditd  : type=1400 audit(0.0:234): avc:  denied  { read } for  comm="system_server" name="u:object_r:vendor_mtk_debug_sf_cpupolicy_prop:s0" dev="tmpfs" ino=688 scontext=u:r:system_server:s0 tcontext=u:object_r:vendor_mtk_debug_sf_cpupolicy_prop:s0 tclass=file permissive=0
04-12 20:41:32.057675  1750  1750 I boot_progress_pms_system_scan_start: 15840
04-12 20:41:32.188000  1408  1408 I auditd  : type=1400 audit(0.0:235): avc:  denied  { read } for  comm="binder:1408_2" name="u:object_r:transsion_vendor_prop:s0" dev="tmpfs" ino=588 scontext=u:r:mtk_hal_camera:s0 tcontext=u:object_r:transsion_vendor_prop:s0 tclass=file permissive=0
04-12 20:41:32.188000  1408  1408 I auditd  : type=1400 audit(0.0:236): avc:  denied  { read } for  comm="binder:1408_2" name="u:object_r:transsion_vendor_prop:s0" dev="tmpfs" ino=588 scontext=u:r:mtk_hal_camera:s0 tcontext=u:object_r:transsion_vendor_prop:s0 tclass=file permissive=0
04-12 20:41:32.388000  1408  1408 I auditd  : type=1400 audit(0.0:237): avc:  denied  { read } for  comm="binder:1408_2" name="u:object_r:transsion_vendor_prop:s0" dev="tmpfs" ino=588 scontext=u:r:mtk_hal_camera:s0 tcontext=u:object_r:transsion_vendor_prop:s0 tclass=file permissive=0
04-12 20:41:32.388000  1408  1408 I auditd  : type=1400 audit(0.0:238): avc:  denied  { read } for  comm="binder:1408_2" name="u:object_r:transsion_vendor_prop:s0" dev="tmpfs" ino=588 scontext=u:r:mtk_hal_camera:s0 tcontext=u:object_r:transsion_vendor_prop:s0 tclass=file permissive=0
04-12 20:41:32.468000  1408  1408 I auditd  : type=1400 audit(0.0:239): avc:  denied  { read } for  comm="binder:1408_2" name="u:object_r:transsion_vendor_prop:s0" dev="tmpfs" ino=588 scontext=u:r:mtk_hal_camera:s0 tcontext=u:object_r:transsion_vendor_prop:s0 tclass=file permissive=0
04-12 20:41:32.472000  1408  1408 I auditd  : type=1400 audit(0.0:240): avc:  denied  { read } for  comm="binder:1408_2" name="u:object_r:transsion_vendor_prop:s0" dev="tmpfs" ino=588 scontext=u:r:mtk_hal_camera:s0 tcontext=u:object_r:transsion_vendor_prop:s0 tclass=file permissive=0
04-12 20:41:32.476000  1408  1408 I auditd  : type=1400 audit(0.0:241): avc:  denied  { read } for  comm="binder:1408_2" name="u:object_r:transsion_vendor_prop:s0" dev="tmpfs" ino=588 scontext=u:r:mtk_hal_camera:s0 tcontext=u:object_r:transsion_vendor_prop:s0 tclass=file permissive=0
04-12 20:41:32.480000  1408  1408 I auditd  : type=1400 audit(0.0:242): avc:  denied  { read } for  comm="binder:1408_2" name="u:object_r:transsion_vendor_prop:s0" dev="tmpfs" ino=588 scontext=u:r:mtk_hal_camera:s0 tcontext=u:object_r:transsion_vendor_prop:s0 tclass=file permissive=0
04-12 20:41:32.484000  1408  1408 I auditd  : type=1400 audit(0.0:243): avc:  denied  { read } for  comm="binder:1408_2" name="u:object_r:transsion_vendor_prop:s0" dev="tmpfs" ino=588 scontext=u:r:mtk_hal_camera:s0 tcontext=u:object_r:transsion_vendor_prop:s0 tclass=file permissive=0
04-12 20:41:32.484000  1408  1408 I auditd  : type=1400 audit(0.0:244): avc:  denied  { read } for  comm="binder:1408_2" name="u:object_r:transsion_vendor_prop:s0" dev="tmpfs" ino=588 scontext=u:r:mtk_hal_camera:s0 tcontext=u:object_r:transsion_vendor_prop:s0 tclass=file permissive=0
04-12 20:41:32.608000  1408  1408 I auditd  : type=1400 audit(0.0:245): avc:  denied  { search } for  comm="binder:1408_2" name="/" dev="sdc9" ino=2 scontext=u:r:mtk_hal_camera:s0 tcontext=u:object_r:persist_data_file:s0 tclass=dir permissive=0
04-12 20:41:32.616000  1408  1408 I auditd  : type=1400 audit(0.0:246): avc:  denied  { read } for  comm="binder:1408_2" name="u:object_r:transsion_vendor_prop:s0" dev="tmpfs" ino=588 scontext=u:r:mtk_hal_camera:s0 tcontext=u:object_r:transsion_vendor_prop:s0 tclass=file permissive=0
04-12 20:41:32.654626  1750  1750 I pm_critical_info: Skip scanning oobe removed sys package: com.block.juggle
04-12 20:41:32.654665  1750  1750 I pm_critical_info: Skip scanning oobe removed sys package: com.amazon.mShop.android.shopping
04-12 20:41:32.654688  1750  1750 I pm_critical_info: Skip scanning oobe removed sys package: com.afmobi.boomplayer
04-12 20:41:32.661016  1750  1750 I pm_critical_info: Don't skip scanning the sys package which disabled before,  but then installed later: com.instagram.android
04-12 20:41:32.661348  1750  1750 I pm_critical_info: Skip scanning oobe removed sys package: com.transtech.geniex
04-12 20:41:32.667244  1750  1750 I pm_critical_info: Skip scanning oobe removed sys package: com.dada.inputmethod.infinix
04-12 20:41:32.667272  1750  1750 I pm_critical_info: Skip scanning oobe removed sys package: com.amazon.appmanager
04-12 20:41:32.667290  1750  1750 I pm_critical_info: Skip scanning oobe removed sys package: com.kwai.video
04-12 20:41:32.667304  1750  1750 I pm_critical_info: Skip scanning oobe removed sys package: com.transsion.phoenix
04-12 20:41:32.668790  1750  1750 I pm_critical_info: Skip scanning oobe removed sys package: com.spotify.music
04-12 20:41:32.668815  1750  1750 I pm_critical_info: Skip scanning oobe removed sys package: com.shopee.ph
04-12 20:41:32.668831  1750  1750 I pm_critical_info: Skip scanning oobe removed sys package: com.kwai.bulldog
04-12 20:41:32.670300  1750  1750 I pm_critical_info: Skip scanning oobe removed sys package: com.zhiliaoapp.musically.go
04-12 20:41:32.670327  1750  1750 I pm_critical_info: Skip scanning oobe removed sys package: com.ss.android.ugc.trill
04-12 20:41:32.673678  1750  1750 I pm_critical_info: Skip scanning oobe removed sys package: com.zhiliaoapp.musically
04-12 20:41:32.683063  1750  1750 I pm_critical_info: Skip scanning oobe removed sys package: com.infinix.xpark
04-12 20:41:32.692240  1750  1750 I boot_progress_pms_data_scan_start: 16475
04-12 20:41:32.812208  1750  1750 I boot_progress_pms_scan_end: 16595
04-12 20:41:33.070577  1750  1750 I commit_sys_config_file: [package,25]
04-12 20:41:33.070598  1750  1750 I boot_progress_pms_ready: 16853
04-12 20:41:33.081431  1750  2000 I dvm_lock_sample: [system_server,0,PackageManager,600,InstallPackageHelper.java,506,void com.android.server.pm.InstallPackageHelper.handleUpdateOwnerDenyList(com.android.server.pm.PackageSetting),PackageManagerService.java,2763,void com.android.server.pm.PackageManagerService.<init>(com.android.server.pm.PackageManagerServiceInjector, boolean, java.lang.String, boolean, boolean, int, java.lang.String),100]
04-12 20:41:33.089242  1750  1995 I commit_sys_config_file: [package-user-0,19]
04-12 20:41:33.116391  1750  1750 I am_uid_running: 1000
04-12 20:41:33.124000  1750  1750 I auditd  : type=1400 audit(0.0:247): avc:  denied  { read } for  comm="system_server" name="u:object_r:vendor_default_prop:s0" dev="tmpfs" ino=607 scontext=u:r:system_server:s0 tcontext=u:object_r:vendor_default_prop:s0 tclass=file permissive=0
04-12 20:41:33.135338  1750  1750 I am_uid_active: 1000
04-12 20:41:33.142835  1750  1750 I service_manager_stats: [100,7,16925]
04-12 20:41:33.416384  1750  1888 I battery_status: [2,2,1,2,Li-ion]
04-12 20:41:33.417525  1750  1888 I battery_level: [67,3982,306]
04-12 20:41:33.548000  1408  1408 I auditd  : type=1400 audit(0.0:248): avc:  denied  { read } for  comm="binder:1408_2" name="u:object_r:camera_config_prop:s0" dev="tmpfs" ino=191 scontext=u:r:mtk_hal_camera:s0 tcontext=u:object_r:camera_config_prop:s0 tclass=file permissive=0
04-12 20:41:33.556000  1408  1408 I auditd  : type=1400 audit(0.0:249): avc:  denied  { read } for  comm="binder:1408_2" name="u:object_r:transsion_vendor_prop:s0" dev="tmpfs" ino=588 scontext=u:r:mtk_hal_camera:s0 tcontext=u:object_r:transsion_vendor_prop:s0 tclass=file permissive=0
04-12 20:41:33.599820  1750  1750 I pm_critical_info: setEnabledSettings callingUid = 1000 callingPid = 1750 packageName = com.android.shell componentName = ComponentInfo{com.android.shell/com.android.shell.BugreportStorageProvider} callingPackage= android newState = 1 userId = 0 flags = 0
04-12 20:41:33.600000  1750  1750 I auditd  : type=1400 audit(0.0:250): avc:  denied  { read } for  comm="system_server" name="u:object_r:vendor_default_prop:s0" dev="tmpfs" ino=607 scontext=u:r:system_server:s0 tcontext=u:object_r:vendor_default_prop:s0 tclass=file permissive=0
04-12 20:41:33.620000  1408  1408 I auditd  : type=1400 audit(0.0:251): avc:  denied  { read } for  comm="binder:1408_2" name="u:object_r:camera_config_prop:s0" dev="tmpfs" ino=191 scontext=u:r:mtk_hal_camera:s0 tcontext=u:object_r:camera_config_prop:s0 tclass=file permissive=0
04-12 20:41:33.628000  1408  1408 I auditd  : type=1400 audit(0.0:252): avc:  denied  { read } for  comm="binder:1408_2" name="u:object_r:transsion_vendor_prop:s0" dev="tmpfs" ino=588 scontext=u:r:mtk_hal_camera:s0 tcontext=u:object_r:transsion_vendor_prop:s0 tclass=file permissive=0
04-12 20:41:33.672000  1750  1750 I auditd  : type=1400 audit(0.0:253): avc:  denied  { read } for  comm="android.display" name="u:object_r:vendor_default_prop:s0" dev="tmpfs" ino=607 scontext=u:r:system_server:s0 tcontext=u:object_r:vendor_default_prop:s0 tclass=file permissive=0
04-12 20:41:33.778405  1750  1750 I wm_task_created: 1
04-12 20:41:33.784000  1750  1750 I auditd  : type=1400 audit(0.0:254): avc:  denied  { read } for  comm="android.ui" name="u:object_r:vendor_default_prop:s0" dev="tmpfs" ino=607 scontext=u:r:system_server:s0 tcontext=u:object_r:vendor_default_prop:s0 tclass=file permissive=0
04-12 20:41:33.784000  1750  1750 I auditd  : type=1400 audit(0.0:255): avc:  denied  { read } for  comm="android.ui" name="u:object_r:vendor_default_prop:s0" dev="tmpfs" ino=607 scontext=u:r:system_server:s0 tcontext=u:object_r:vendor_default_prop:s0 tclass=file permissive=0
04-12 20:41:33.794848  1750  1943 I sysui_multi_action: [757,1594,758,4,759,0,806,NULL]
04-12 20:41:33.799521  1750  1963 I am_wtf  : [0,1750,system_server,-1,SystemServiceRegistry,No service published for: fingerprint]
04-12 20:41:33.800196  1750  1963 I am_wtf  : [0,1750,system_server,-1,SystemServiceRegistry,Manager wrapper not available: fingerprint]
04-12 20:41:33.901056  1750  1750 I pm_critical_info: setEnabledSettings callingUid = 1000 callingPid = 1750 packageName = com.google.android.marvin.talkback componentName = ComponentInfo{com.google.android.marvin.talkback/com.google.android.accessibility.accessibilitymenu.AccessibilityMenuService} callingPackage= android newState = 2 userId = 0 flags = 1
04-12 20:41:33.904113  1750  1750 I configuration_changed: 805330424
04-12 20:41:33.909247  1750  1750 I sysui_multi_action: [757,1659,758,4,759,1,1660,0]
04-12 20:41:33.912000  1750  1750 I auditd  : type=1400 audit(0.0:256): avc:  denied  { read } for  comm="android.bg" name="hwcomposer.mtk_common.so" dev="dm-18" ino=30664064 scontext=u:r:system_server:s0 tcontext=u:object_r:vendor_file:s0 tclass=file permissive=0
04-12 20:41:33.951634  1750  1750 I device_idle: [0,boot]
04-12 20:41:33.951674  1750  1750 I device_idle_light: [0,boot]
04-12 20:41:33.980129   563   563 I auditd  : avc:  denied  { find } for pid=1404 uid=1013 name=media_quality scontext=u:r:mediaserver:s0 tcontext=u:object_r:media_quality_service:s0 tclass=service_manager permissive=0
04-12 20:41:33.992000  1208  1208 I auditd  : type=1400 audit(0.0:257): avc:  denied  { read } for  comm="audioserver" name="u:object_r:vendor_default_prop:s0" dev="tmpfs" ino=607 scontext=u:r:audioserver:s0 tcontext=u:object_r:vendor_default_prop:s0 tclass=file permissive=0
04-12 20:41:33.996000  1208  1208 I auditd  : type=1400 audit(0.0:258): avc:  denied  { read } for  comm="audioserver" name="u:object_r:vendor_default_prop:s0" dev="tmpfs" ino=607 scontext=u:r:audioserver:s0 tcontext=u:object_r:vendor_default_prop:s0 tclass=file permissive=0
04-12 20:41:33.996000  1208  1208 I auditd  : type=1400 audit(0.0:259): avc:  denied  { read } for  comm="audioserver" name="u:object_r:vendor_default_prop:s0" dev="tmpfs" ino=607 scontext=u:r:audioserver:s0 tcontext=u:object_r:vendor_default_prop:s0 tclass=file permissive=0
04-12 20:41:33.996000  1208  1208 I auditd  : type=1400 audit(0.0:260): avc:  denied  { read } for  comm="audioserver" name="u:object_r:vendor_default_prop:s0" dev="tmpfs" ino=607 scontext=u:r:audioserver:s0 tcontext=u:object_r:vendor_default_prop:s0 tclass=file permissive=0
04-12 20:41:34.004000  1208  1208 I auditd  : type=1400 audit(0.0:261): avc:  denied  { read } for  comm="AudioOut_D" name="u:object_r:vendor_default_prop:s0" dev="tmpfs" ino=607 scontext=u:r:audioserver:s0 tcontext=u:object_r:vendor_default_prop:s0 tclass=file permissive=0
04-12 20:41:34.032000  1408  1408 I auditd  : type=1400 audit(0.0:262): avc:  denied  { read } for  comm="binder:1408_2" name="u:object_r:camera_config_prop:s0" dev="tmpfs" ino=191 scontext=u:r:mtk_hal_camera:s0 tcontext=u:object_r:camera_config_prop:s0 tclass=file permissive=0
04-12 20:41:34.040000  1408  1408 I auditd  : type=1400 audit(0.0:263): avc:  denied  { read } for  comm="binder:1408_2" name="u:object_r:transsion_vendor_prop:s0" dev="tmpfs" ino=588 scontext=u:r:mtk_hal_camera:s0 tcontext=u:object_r:transsion_vendor_prop:s0 tclass=file permissive=0
04-12 20:41:34.152134  1750  1750 I am_uid_running: 10145
04-12 20:41:34.153481  1750  1750 I am_uid_running: 10269
04-12 20:41:34.178422  1750  2249 I notification_cancel_all: [1000,1750,android,0,0,0,20,NULL]
04-12 20:41:34.178483  1750  2249 I notification_cancel_all: [1000,1750,android,0,0,0,20,NULL]
04-12 20:41:34.178499  1750  2249 I notification_cancel_all: [1000,1750,android,0,0,0,20,NULL]
04-12 20:41:34.179426  1750  2249 I notification_cancel_all: [1000,1750,android,0,0,0,20,NULL]
04-12 20:41:34.184897  1750  2253 I storage_state: [41217664-9172-527a-b3d5-edabb50a7d69,0,0,211182247936,235929567232]
04-12 20:41:34.192000  1750  1750 I auditd  : type=1400 audit(0.0:264): avc:  denied  { read } for  comm="system_server" name="u:object_r:vendor_default_prop:s0" dev="tmpfs" ino=607 scontext=u:r:system_server:s0 tcontext=u:object_r:vendor_default_prop:s0 tclass=file permissive=0
04-12 20:41:34.237027  1750  1963 I am_wtf  : [0,1750,system_server,-1,PowerManagerService,Tried to acquire wake lock for invalid display: 0]
04-12 20:41:34.278160  1750  2260 I stream_devices_changed: [3,0,2]
04-12 20:41:34.281649  1750  2260 I stream_devices_changed: [0,0,1]
04-12 20:41:34.281823  1750  2260 I stream_devices_changed: [5,0,2]
04-12 20:41:34.282009  1750  2260 I stream_devices_changed: [4,0,2]
04-12 20:41:34.283843  1750  2260 I stream_devices_changed: [2,0,2]
04-12 20:41:34.348000  1408  1408 I auditd  : type=1400 audit(0.0:265): avc:  denied  { read } for  comm="binder:1408_2" name="u:object_r:camera_config_prop:s0" dev="tmpfs" ino=191 scontext=u:r:mtk_hal_camera:s0 tcontext=u:object_r:camera_config_prop:s0 tclass=file permissive=0
04-12 20:41:34.352000  1750  1750 I auditd  : type=1400 audit(0.0:266): avc:  denied  { read } for  comm="BiometricServic" name="u:object_r:vendor_default_prop:s0" dev="tmpfs" ino=607 scontext=u:r:system_server:s0 tcontext=u:object_r:vendor_default_prop:s0 tclass=file permissive=0
04-12 20:41:34.356000  1408  1408 I auditd  : type=1400 audit(0.0:267): avc:  denied  { read } for  comm="binder:1408_2" name="u:object_r:transsion_vendor_prop:s0" dev="tmpfs" ino=588 scontext=u:r:mtk_hal_camera:s0 tcontext=u:object_r:transsion_vendor_prop:s0 tclass=file permissive=0
04-12 20:41:34.360000  1408  1408 I auditd  : type=1400 audit(0.0:268): avc:  denied  { read } for  comm="binder:1408_2" name="u:object_r:camera_config_prop:s0" dev="tmpfs" ino=191 scontext=u:r:mtk_hal_camera:s0 tcontext=u:object_r:camera_config_prop:s0 tclass=file permissive=0
04-12 20:41:34.368000  1408  1408 I auditd  : type=1400 audit(0.0:269): avc:  denied  { read } for  comm="binder:1408_2" name="u:object_r:transsion_vendor_prop:s0" dev="tmpfs" ino=588 scontext=u:r:mtk_hal_camera:s0 tcontext=u:object_r:transsion_vendor_prop:s0 tclass=file permissive=0
04-12 20:41:34.368000  1408  1408 I auditd  : type=1400 audit(0.0:270): avc:  denied  { read } for  comm="binder:1408_2" name="u:object_r:camera_config_prop:s0" dev="tmpfs" ino=191 scontext=u:r:mtk_hal_camera:s0 tcontext=u:object_r:camera_config_prop:s0 tclass=file permissive=0
04-12 20:41:34.385898  1750  1942 I commit_sys_config_file: [notification-policy,3]
04-12 20:41:34.420332  1750  2094 I snet_event_log: [35028827,-1,account:Account {name=zxt19950521@gmail.com, type=com.google} provider:subscribedfeeds user:0]
04-12 20:41:34.420446  1750  2094 I snet_event_log: [26513719,-1,Malformed authority]
04-12 20:41:34.472000  1128  1128 I auditd  : type=1400 audit(0.0:271): avc:  denied  { read } for  comm="android.hardwar" name="u:object_r:virtual_face_prop:s0" dev="tmpfs" ino=928 scontext=u:r:hal_face_default:s0 tcontext=u:object_r:virtual_face_prop:s0 tclass=file permissive=0
04-12 20:41:34.472000  1128  1128 I auditd  : type=1400 audit(0.0:272): avc:  denied  { write } for  comm="android.hardwar" name="property_service" dev="tmpfs" ino=948 scontext=u:r:hal_face_default:s0 tcontext=u:object_r:property_socket:s0 tclass=sock_file permissive=0
04-12 20:41:34.472000  1128  1128 I auditd  : type=1400 audit(0.0:273): avc:  denied  { read } for  comm="android.hardwar" name="u:object_r:virtual_face_prop:s0" dev="tmpfs" ino=928 scontext=u:r:hal_face_default:s0 tcontext=u:object_r:virtual_face_prop:s0 tclass=file permissive=0
04-12 20:41:34.472000  1128  1128 I auditd  : type=1400 audit(0.0:274): avc:  denied  { write } for  comm="android.hardwar" name="property_service" dev="tmpfs" ino=948 scontext=u:r:hal_face_default:s0 tcontext=u:object_r:property_socket:s0 tclass=sock_file permissive=0
04-12 20:41:34.492000  1750  1750 I auditd  : type=1400 audit(0.0:275): avc:  denied  { read } for  comm="PowerManagerSer" name="u:object_r:vendor_default_prop:s0" dev="tmpfs" ino=607 scontext=u:r:system_server:s0 tcontext=u:object_r:vendor_default_prop:s0 tclass=file permissive=0
04-12 20:41:34.492000  1750  1750 I auditd  : type=1400 audit(0.0:276): avc:  denied  { read } for  comm="PowerManagerSer" name="u:object_r:vendor_default_prop:s0" dev="tmpfs" ino=607 scontext=u:r:system_server:s0 tcontext=u:object_r:vendor_default_prop:s0 tclass=file permissive=0
04-12 20:41:34.531483  1750  2094 I commit_sys_config_file: [settings-2-0,5]
04-12 20:41:34.551703  1750  1750 I configuration_changed: 512
04-12 20:41:34.551980  1750  1952 I commit_sys_config_file: [batterystats,3]
04-12 20:41:34.554497  1750  1952 I commit_sys_config_file: [batterystats,2]
04-12 20:41:34.588000  1750  1750 I auditd  : type=1400 audit(0.0:277): avc:  denied  { read } for  comm="system_server" name="u:object_r:vendor_default_prop:s0" dev="tmpfs" ino=607 scontext=u:r:system_server:s0 tcontext=u:object_r:vendor_default_prop:s0 tclass=file permissive=0
04-12 20:41:34.724964  1750  1750 I rescue_note: [0,1,18507]
04-12 20:41:34.868000  1750  1750 I auditd  : type=1400 audit(0.0:278): avc:  denied  { read } for  comm="system_server" name="u:object_r:vendor_default_prop:s0" dev="tmpfs" ino=607 scontext=u:r:system_server:s0 tcontext=u:object_r:vendor_default_prop:s0 tclass=file permissive=0
04-12 20:41:34.891157  1750  1964 I am_proc_start: [0,2466,1000,com.transsion.usf,service,{com.transsion.usf/com.transsion.usf.UsfMainService},caller=system/1000]
04-12 20:41:34.948000  1750  1750 I auditd  : type=1400 audit(0.0:279): avc:  denied  { read } for  comm="system_server" name="u:object_r:vendor_default_prop:s0" dev="tmpfs" ino=607 scontext=u:r:system_server:s0 tcontext=u:object_r:vendor_default_prop:s0 tclass=file permissive=0
04-12 20:41:34.981990  1750  2005 I am_proc_bound: [0,2466,com.transsion.usf]
04-12 20:41:34.988000  2466  2466 I auditd  : type=1400 audit(0.0:280): avc:  denied  { read write } for  comm="re-initialized>" name="ensignal" dev="tmpfs" ino=2080 scontext=u:r:system_app:s0 tcontext=u:object_r:ensignal_device:s0 tclass=chr_file permissive=0
04-12 20:41:34.995150  1750  1750 I boot_progress_ams_ready: 18778
04-12 20:41:35.002799  1750  1750 I configuration_changed: 268468480
04-12 20:41:35.035675  1750  1750 I thermal_changed: [CPU,0,75.184998,0,0]
04-12 20:41:35.035704  1750  1750 I thermal_changed: [GPU,1,75.184998,0,0]
04-12 20:41:35.035709  1750  1750 I thermal_changed: [BATTERY,2,30.600000,0,0]
04-12 20:41:35.035714  1750  1750 I thermal_changed: [SKIN,3,36.414001,0,0]
04-12 20:41:35.035718  1750  1750 I thermal_changed: [POWER_AMPLIFIER,5,35.487000,0,0]
04-12 20:41:35.035722  1750  1750 I thermal_changed: [NPU,9,74.750999,0,0]
04-12 20:41:35.035725  1750  1750 I thermal_changed: [TPU,10,74.750999,0,0]
04-12 20:41:35.035728  1750  1750 I thermal_changed: [SOC,13,74.750999,0,0]
04-12 20:41:35.040000  1750  1750 I auditd  : type=1400 audit(0.0:281): avc:  denied  { read } for  comm="system_server" name="u:object_r:vendor_default_prop:s0" dev="tmpfs" ino=607 scontext=u:r:system_server:s0 tcontext=u:object_r:vendor_default_prop:s0 tclass=file permissive=0
04-12 20:41:35.044000  2466  2466 I auditd  : type=1400 audit(0.0:282): avc:  denied  { map } for  comm="m.transsion.usf" path="/dev/__properties__/u:object_r:vendor_irtx_prop:s0" dev="tmpfs" ino=614 scontext=u:r:system_app:s0 tcontext=u:object_r:vendor_irtx_prop:s0 tclass=file permissive=0
04-12 20:41:35.044000  2466  2466 I auditd  : type=1400 audit(0.0:283): avc:  denied  { read } for  comm="m.transsion.usf" name="u:object_r:qemu_hw_prop:s0" dev="tmpfs" ino=396 scontext=u:r:system_app:s0 tcontext=u:object_r:qemu_hw_prop:s0 tclass=file permissive=0
04-12 20:41:35.060000  1750  1750 I auditd  : type=1400 audit(0.0:284): avc:  denied  { read } for  comm="system_server" name="u:object_r:vendor_default_prop:s0" dev="tmpfs" ino=607 scontext=u:r:system_server:s0 tcontext=u:object_r:vendor_default_prop:s0 tclass=file permissive=0
04-12 20:41:35.068814  1750  1943 I configuration_changed: 256
04-12 20:41:35.198115  1750  1750 I configuration_changed: 268435456
04-12 20:41:35.211176  1750  2226 I commit_sys_config_file: [net-policy,1]
04-12 20:41:35.240724  1750  2224 I netstats_mobile_sample: [0,0,0,0,0,0,0,0,1775997695240]
04-12 20:41:35.240736  1750  2224 I netstats_wifi_sample: [0,0,0,0,0,0,0,0,1775997695240]
04-12 20:41:35.246787  1750  2181 I am_uid_running: 1037
04-12 20:41:35.262450  1750  2224 I netstats_mobile_sample: [0,0,0,0,0,0,0,0,1775997695262]
04-12 20:41:35.262464  1750  2224 I netstats_wifi_sample: [0,0,0,0,0,0,0,0,1775997695262]
04-12 20:41:35.266695  1750  1964 I am_proc_start: [0,2579,1037,WebViewLoader-arm64-v8a,,]
04-12 20:41:35.284039  1750  2588 I am_proc_bound: [0,2579,WebViewLoader-arm64-v8a]
04-12 20:41:35.285888  1750  2588 I am_uid_active: 1037
04-12 20:41:35.369435  1750  2588 I am_uid_stopped: 1037
04-12 20:41:35.383921  1750  2588 I am_proc_died: [0,2579,WebViewLoader-arm64-v8a,-700,0]
04-12 20:41:35.383960  1750  2588 I am_low_memory: 2
04-12 20:41:35.395506  1750  1750 I am_uid_running: 1073
04-12 20:41:35.404295  1750  1750 I ssm_user_starting: 0
04-12 20:41:35.413329  1750  1964 I am_proc_start: [0,2646,1073,com.android.networkstack.process,service,{com.google.android.networkstack/com.android.server.NetworkStackService},caller=system/1000]
04-12 20:41:35.420000  2514  2514 I auditd  : type=1400 audit(0.0:285): avc:  denied  { read } for  comm="tne_dumpstate" name="pl_lk" dev="proc" ino=4026532219 scontext=u:r:dumpstate:s0 tcontext=u:object_r:proc_pl_lk:s0 tclass=file permissive=0
04-12 20:41:35.424160  1750  1964 I am_proc_start: [0,2652,1000,com.transsion.sru,service,{com.transsion.sru/com.transsion.sru.service.SRUService},caller=system/1000]
04-12 20:41:35.424468  1750  1952 I netstats_mobile_sample: [0,0,0,0,0,0,0,0,1775997695424]
04-12 20:41:35.424487  1750  1952 I netstats_wifi_sample: [0,0,0,0,0,0,0,0,1775997695424]
04-12 20:41:35.424000  2514  2514 I auditd  : type=1400 audit(0.0:286): avc:  denied  { open } for  comm="tne_dumpstate" path="/proc/uid_io/stats" dev="proc" ino=4026531866 scontext=u:r:dumpstate:s0 tcontext=u:object_r:proc_uid_io_stats:s0 tclass=file permissive=0
04-12 20:41:35.438548  1750  1888 I am_proc_bound: [0,2646,com.android.networkstack.process]
04-12 20:41:35.441385  1750  1888 I am_uid_active: 1073
04-12 20:41:35.441708  1750  1887 I am_proc_bound: [0,2652,com.transsion.sru]
04-12 20:41:35.440000  2646  2646 I auditd  : type=1400 audit(0.0:287): avc:  denied  { read write } for  comm="re-initialized>" name="ensignal" dev="tmpfs" ino=2080 scontext=u:r:network_stack:s0 tcontext=u:object_r:ensignal_device:s0 tclass=chr_file permissive=0
04-12 20:41:35.440000  2646  2646 I auditd  : type=1400 audit(0.0:288): avc:  denied  { read write } for  comm="re-initialized>" name="ensignal" dev="tmpfs" ino=2080 scontext=u:r:network_stack:s0 tcontext=u:object_r:ensignal_device:s0 tclass=chr_file permissive=0
04-12 20:41:35.440000  2646  2646 I auditd  : type=1400 audit(0.0:289): avc:  denied  { search } for  comm="binder:2646_2" name="/" dev="sdc87" ino=2 scontext=u:r:network_stack:s0 tcontext=u:object_r:tranfs_file:s0 tclass=dir permissive=0
04-12 20:41:35.444000  2652  2652 I auditd  : type=1400 audit(0.0:290): avc:  denied  { read write } for  comm="re-initialized>" name="ensignal" dev="tmpfs" ino=2080 scontext=u:r:system_app:s0 tcontext=u:object_r:ensignal_device:s0 tclass=chr_file permissive=0
04-12 20:41:35.444000  2652  2652 I auditd  : type=1400 audit(0.0:291): avc:  denied  { read write } for  comm="re-initialized>" name="ensignal" dev="tmpfs" ino=2080 scontext=u:r:system_app:s0 tcontext=u:object_r:ensignal_device:s0 tclass=chr_file permissive=0
04-12 20:41:35.468000  2652  2652 I auditd  : type=1400 audit(0.0:292): avc:  denied  { map } for  comm="m.transsion.sru" path="/dev/__properties__/u:object_r:vendor_irtx_prop:s0" dev="tmpfs" ino=614 scontext=u:r:system_app:s0 tcontext=u:object_r:vendor_irtx_prop:s0 tclass=file permissive=0
04-12 20:41:35.468000  2652  2652 I auditd  : type=1400 audit(0.0:293): avc:  denied  { read } for  comm="m.transsion.sru" name="u:object_r:qemu_hw_prop:s0" dev="tmpfs" ino=396 scontext=u:r:system_app:s0 tcontext=u:object_r:qemu_hw_prop:s0 tclass=file permissive=0
04-12 20:41:35.477298  1750  2094 I commit_sys_config_file: [settings-0-0,4]
04-12 20:41:35.533578  1750  2312 I am_proc_died: [0,2652,com.transsion.sru,0,6]
04-12 20:41:35.533598  1750  2312 I am_low_memory: 3
04-12 20:41:35.535088  1750  2193 I am_uid_running: 1002
04-12 20:41:35.547412  1750  1750 I um_user_visibility_changed: [0,1]
04-12 20:41:35.547517  1750  1964 I am_proc_start: [0,2696,1002,com.android.bluetooth,service,{com.android.bluetooth/com.android.bluetooth.btservice.AdapterService},caller=system/1000]
04-12 20:41:35.551700  1750  1750 I am_uid_running: 1001
04-12 20:41:35.556895  1750  1750 I am_uid_running: 1068
04-12 20:41:35.558846  1750  1750 I am_uid_running: 10146
04-12 20:41:35.580904  1750  1750 I am_uid_running: 10199
04-12 20:41:35.601952  1750  1750 I wm_task_created: 2
04-12 20:41:35.603011  1750  1750 I wm_task_moved: [2,1,0,1,2147483647]
04-12 20:41:35.604597  1750  1750 I wm_task_moved: [1,1,0,1,0]
04-12 20:41:35.604620  1750  1750 I wm_task_to_front: [0,2,0]
04-12 20:41:35.606199  1750  1750 I wm_create_task: [0,2,1,0]
04-12 20:41:35.606215  1750  1750 I wm_create_activity: [0,16206748,2,com.transsion.launcher3/com.android.launcher3.uioverrides.QuickstepLauncher,android.intent.action.MAIN,NULL,NULL,268435712]
04-12 20:41:35.606285  1750  1750 I wm_task_moved: [1,1,0,1,0]
04-12 20:41:35.606307  1750  1750 I wm_task_moved: [2,1,0,1,2147483647]
04-12 20:41:35.609852  1750  1750 I uc_send_user_broadcast: [0,android.intent.action.USER_STARTED]
04-12 20:41:35.610114  1750  1750 I uc_send_user_broadcast: [0,android.intent.action.USER_STARTING]
04-12 20:41:35.610790  1750  1750 I uc_send_user_broadcast: [0,android.intent.action.USER_FOREGROUND]
04-12 20:41:35.610912  1750  1750 I uc_send_user_broadcast: [0,android.intent.action.USER_SWITCHED]
04-12 20:41:35.614023  1750  1964 I am_proc_start: [0,2713,1001,com.android.phone,added application,com.android.phone]
04-12 20:41:35.620069  1750  1943 I am_uid_running: 10148
04-12 20:41:35.626618  1750  2578 I am_proc_bound: [0,2696,com.android.bluetooth]
04-12 20:41:35.629612  1750  2312 I am_proc_bound: [0,2713,com.android.phone]
04-12 20:41:35.631237  1750  2312 I am_uid_active: 1001
04-12 20:41:35.632000  2713  2713 I auditd  : type=1400 audit(0.0:294): avc:  denied  { read write } for  comm="re-initialized>" name="ensignal" dev="tmpfs" ino=2080 scontext=u:r:radio:s0 tcontext=u:object_r:ensignal_device:s0 tclass=chr_file permissive=0
04-12 20:41:35.632000  2713  2713 I auditd  : type=1400 audit(0.0:295): avc:  denied  { read write } for  comm="re-initialized>" name="ensignal" dev="tmpfs" ino=2080 scontext=u:r:radio:s0 tcontext=u:object_r:ensignal_device:s0 tclass=chr_file permissive=0
04-12 20:41:35.636000  2696  2696 I auditd  : type=1400 audit(0.0:296): avc:  denied  { read write } for  comm="re-initialized>" name="ensignal" dev="tmpfs" ino=2080 scontext=u:r:bluetooth:s0 tcontext=u:object_r:ensignal_device:s0 tclass=chr_file permissive=0
04-12 20:41:35.636000  2696  2696 I auditd  : type=1400 audit(0.0:297): avc:  denied  { read write } for  comm="re-initialized>" name="ensignal" dev="tmpfs" ino=2080 scontext=u:r:bluetooth:s0 tcontext=u:object_r:ensignal_device:s0 tclass=chr_file permissive=0
04-12 20:41:35.642386  1750  1964 I am_proc_start: [0,2730,1001,com.mediatek.ims,added application,com.mediatek.ims]
04-12 20:41:35.668686  1750  2313 I am_proc_bound: [0,2730,com.mediatek.ims]
04-12 20:41:35.672000  2730  2730 I auditd  : type=1400 audit(0.0:298): avc:  denied  { read write } for  comm="re-initialized>" name="ensignal" dev="tmpfs" ino=2080 scontext=u:r:radio:s0 tcontext=u:object_r:ensignal_device:s0 tclass=chr_file permissive=0
04-12 20:41:35.672000  2730  2730 I auditd  : type=1400 audit(0.0:299): avc:  denied  { read write } for  comm="re-initialized>" name="ensignal" dev="tmpfs" ino=2080 scontext=u:r:radio:s0 tcontext=u:object_r:ensignal_device:s0 tclass=chr_file permissive=0
04-12 20:41:35.673318  1750  1964 I am_proc_start: [0,2754,1068,com.android.se,added application,com.android.se]
04-12 20:41:35.680794  1750  2313 I am_proc_bound: [0,2754,com.android.se]
04-12 20:41:35.682924  1750  2313 I am_uid_active: 1068
04-12 20:41:35.680000  2754  2754 I auditd  : type=1400 audit(0.0:300): avc:  denied  { search } for  comm="binder:2754_2" name="/" dev="sdc87" ino=2 scontext=u:r:secure_element:s0:c44,c260,c512,c768 tcontext=u:object_r:tranfs_file:s0 tclass=dir permissive=0
04-12 20:41:35.684000  2754  2754 I auditd  : type=1400 audit(0.0:301): avc:  denied  { read write } for  comm="re-initialized>" name="ensignal" dev="tmpfs" ino=2080 scontext=u:r:secure_element:s0:c44,c260,c512,c768 tcontext=u:object_r:ensignal_device:s0 tclass=chr_file permissive=0
04-12 20:41:35.684000  2754  2754 I auditd  : type=1400 audit(0.0:302): avc:  denied  { read write } for  comm="re-initialized>" name="ensignal" dev="tmpfs" ino=2080 scontext=u:r:secure_element:s0:c44,c260,c512,c768 tcontext=u:object_r:ensignal_device:s0 tclass=chr_file permissive=0
04-12 20:41:35.712647  1750  1964 I am_proc_start: [0,2774,1000,com.transsion.tranradionet,added application,com.transsion.tranradionet]
04-12 20:41:35.720831  1750  2048 I am_proc_bound: [0,2774,com.transsion.tranradionet]
04-12 20:41:35.732000  2774  2774 I auditd  : type=1400 audit(0.0:303): avc:  denied  { read write } for  comm="re-initialized>" name="ensignal" dev="tmpfs" ino=2080 scontext=u:r:system_app:s0 tcontext=u:object_r:ensignal_device:s0 tclass=chr_file permissive=0
04-12 20:41:35.732000  2774  2774 I auditd  : type=1400 audit(0.0:304): avc:  denied  { read write } for  comm="re-initialized>" name="ensignal" dev="tmpfs" ino=2080 scontext=u:r:system_app:s0 tcontext=u:object_r:ensignal_device:s0 tclass=chr_file permissive=0
04-12 20:41:35.742636  1750  1964 I am_proc_start: [0,2812,10146,com.android.systemui,added application,com.android.systemui]
04-12 20:41:35.778945  1750  1887 I am_proc_bound: [0,2812,com.android.systemui]
04-12 20:41:35.783760  1750  1887 I am_uid_active: 10146
