04-12 20:41:37.292000  3427  3427 I auditd  : type=1400 audit(0.0:403): avc:  denied  { read write } for  comm="re-initialized>" name="ensignal" dev="tmpfs" ino=2080 scontext=u:r:system_app:s0 tcontext=u:object_r:ensignal_device:s0 tclass=chr_file permissive=0
04-12 20:41:37.292000  3427  3427 I auditd  : type=1400 audit(0.0:404): avc:  denied  { read write } for  comm="re-initialized>" name="ensignal" dev="tmpfs" ino=2080 scontext=u:r:system_app:s0 tcontext=u:object_r:ensignal_device:s0 tclass=chr_file permissive=0
04-12 20:41:37.297051  1750  3435 I dvm_lock_sample: [system_server,1,binder:1750_13,46,ContentProviderHelper.java,207,android.app.ContentProviderHolder com.android.server.am.ContentProviderHelper.getContentProviderImpl(android.app.IApplicationThread, java.lang.String, android.os.IBinder, int, java.lang.String, java.lang.String, boolean, int),ActivityManagerService.java,5381,void com.android.server.am.ActivityManagerService.attachApplication(android.app.IApplicationThread, long),9]
04-12 20:41:37.300000  1750  1750 I auditd  : type=1400 audit(0.0:405): avc:  denied  { read } for  comm="system_server" name="u:object_r:vendor_default_prop:s0" dev="tmpfs" ino=607 scontext=u:r:system_server:s0 tcontext=u:object_r:vendor_default_prop:s0 tclass=file permissive=0
04-12 20:41:37.300000  1750  1750 I auditd  : type=1400 audit(0.0:406): avc:  denied  { read } for  comm="system_server" name="u:object_r:vendor_default_prop:s0" dev="tmpfs" ino=607 scontext=u:r:system_server:s0 tcontext=u:object_r:vendor_default_prop:s0 tclass=file permissive=0
04-12 20:41:37.339151  2812  3365 I viewroot_draw_event: [VRI[TrEdgeBackGestureHandler0],Not drawing due to not visible. Reason=View.GONE]
04-12 20:41:37.349894  1750  1963 I am_uid_running: 10232
04-12 20:41:37.377182  1750  1750 I viewroot_draw_event: [VRI[TranssionWaterMark],reportDrawFinished seqId=0]
04-12 20:41:37.386422  1750  3433 I am_proc_start: [0,2455,10232,com.google.android.gms.persistent,broadcast,{com.google.android.gms/com.google.android.gms.chimera.GmsIntentOperationService$PersistentTrustedReceiver},caller=com.android.bluetooth/1002,action = android.bluetooth.headset.profile.action.ACTIVE_DEVICE_CHANGED]
04-12 20:41:37.392351  1750  3433 I am_proc_bound: [0,2455,com.google.android.gms.persistent]
04-12 20:41:37.394979  1750  2249 I notification_cancel_all: [1000,1750,com.android.systemui,0,0,0,20,NULL]
04-12 20:41:37.392000  2455  2455 I auditd  : type=1400 audit(0.0:407): avc:  denied  { read write } for  comm="re-initialized>" name="ensignal" dev="tmpfs" ino=2080 scontext=u:r:gmscore_app:s0:c512,c768 tcontext=u:object_r:ensignal_device:s0 tclass=chr_file permissive=0 app=com.google.android.gms
04-12 20:41:37.396000  2455  2455 I auditd  : type=1400 audit(0.0:408): avc:  denied  { search } for  comm="binder:2455_2" name="/" dev="sdc87" ino=2 scontext=u:r:gmscore_app:s0:c512,c768 tcontext=u:object_r:tranfs_file:s0 tclass=dir permissive=0 app=com.google.android.gms
04-12 20:41:37.400000   560   560 I auditd  : type=1400 audit(0.0:409): avc:  denied  { read } for  comm="logd.writer" name="u:object_r:bluetooth_prop:s0" dev="tmpfs" ino=173 scontext=u:r:logd:s0 tcontext=u:object_r:bluetooth_prop:s0 tclass=file permissive=0
04-12 20:41:37.400000   560   560 I auditd  : type=1400 audit(0.0:410): avc:  denied  { read } for  comm="logd.writer" name="u:object_r:bluetooth_prop:s0" dev="tmpfs" ino=173 scontext=u:r:logd:s0 tcontext=u:object_r:bluetooth_prop:s0 tclass=file permissive=0
04-12 20:41:37.405587  1750  3433 I am_foreground_service_start: [0,com.mediatek.simprocessor/.SimProcessorService,1,PROC_STATE_PERSISTENT,36,36,0,0,0,1,UNKNOWN,1073741824]
04-12 20:41:37.400000   560   560 I auditd  : type=1400 audit(0.0:411): avc:  denied  { read } for  comm="logd.writer" name="u:object_r:bluetooth_prop:s0" dev="tmpfs" ino=173 scontext=u:r:logd:s0 tcontext=u:object_r:bluetooth_prop:s0 tclass=file permissive=0
04-12 20:41:37.404000   560   560 I auditd  : type=1400 audit(0.0:412): avc:  denied  { read } for  comm="logd.writer" name="u:object_r:bluetooth_prop:s0" dev="tmpfs" ino=173 scontext=u:r:logd:s0 tcontext=u:object_r:bluetooth_prop:s0 tclass=file permissive=0
04-12 20:41:37.404000   560   560 I auditd  : type=1400 audit(0.0:413): avc:  denied  { read } for  comm="logd.writer" name="u:object_r:bluetooth_prop:s0" dev="tmpfs" ino=173 scontext=u:r:logd:s0 tcontext=u:object_r:bluetooth_prop:s0 tclass=file permissive=0
04-12 20:41:37.416255  1750  2249 I notification_enqueue: [1000,3427,com.mediatek.simprocessor,404,NULL,0,Notification(channel=simprocessor_channel shortcut=null contentView=null vibrate=null sound=null defaults=0 flags=FOREGROUND_SERVICE|CAN_COLORIZE color=0x00000000 vis=PRIVATE),0,1]
04-12 20:41:37.412000   560   560 I auditd  : type=1400 audit(0.0:414): avc:  denied  { read } for  comm="logd.writer" name="u:object_r:bluetooth_prop:s0" dev="tmpfs" ino=173 scontext=u:r:logd:s0 tcontext=u:object_r:bluetooth_prop:s0 tclass=file permissive=0
04-12 20:41:37.417317  1750  2249 I sysui_multi_action: [757,1501,758,1,793,2,794,0,795,2,796,404,806,com.mediatek.simprocessor,857,simprocessor_channel,858,2,947,0,1500,0]
04-12 20:41:37.417388  1750  2249 I sysui_multi_action: [757,804,799,note_interruptive,801,0,802,1]
04-12 20:41:37.416000   560   560 I auditd  : type=1400 audit(0.0:415): avc:  denied  { read } for  comm="logd.writer" name="u:object_r:bluetooth_prop:s0" dev="tmpfs" ino=173 scontext=u:r:logd:s0 tcontext=u:object_r:bluetooth_prop:s0 tclass=file permissive=0
04-12 20:41:37.420000   560   560 I auditd  : type=1400 audit(0.0:416): avc:  denied  { read } for  comm="logd.writer" name="u:object_r:bluetooth_prop:s0" dev="tmpfs" ino=173 scontext=u:r:logd:s0 tcontext=u:object_r:bluetooth_prop:s0 tclass=file permissive=0
04-12 20:41:37.420000   560   560 I auditd  : type=1400 audit(0.0:417): avc:  denied  { read } for  comm="logd.writer" name="u:object_r:bluetooth_prop:s0" dev="tmpfs" ino=173 scontext=u:r:logd:s0 tcontext=u:object_r:bluetooth_prop:s0 tclass=file permissive=0
04-12 20:41:37.420000   560   560 I auditd  : type=1400 audit(0.0:418): avc:  denied  { read } for  comm="logd.writer" name="u:object_r:bluetooth_prop:s0" dev="tmpfs" ino=173 scontext=u:r:logd:s0 tcontext=u:object_r:bluetooth_prop:s0 tclass=file permissive=0
04-12 20:41:37.420000   560   560 I auditd  : type=1400 audit(0.0:419): avc:  denied  { read } for  comm="logd.writer" name="u:object_r:bluetooth_prop:s0" dev="tmpfs" ino=173 scontext=u:r:logd:s0 tcontext=u:object_r:bluetooth_prop:s0 tclass=file permissive=0
04-12 20:41:37.433053  1750  2578 I am_foreground_service_stop: [0,com.mediatek.simprocessor/.SimProcessorService,1,PROC_STATE_PERSISTENT,36,36,0,0,26,1,STOP_SERVICE,1073741824]
04-12 20:41:37.436195  1750  2249 I sysui_multi_action: [757,199,758,1,759,16,793,16,794,0,795,16,796,404,806,com.mediatek.simprocessor,857,simprocessor_channel,858,2,947,0,1500,14,1688,1]
04-12 20:41:37.436760  1750  2249 I notification_alert: [0|com.mediatek.simprocessor|404|null|1000,0,0,0,2,0]
04-12 20:41:37.445541  1750  2249 I sysui_multi_action: [757,128,758,5,759,8,793,30,794,0,795,30,796,404,806,com.mediatek.simprocessor,857,simprocessor_channel,858,2,947,0,1500,28,1688,1]
04-12 20:41:37.445563  1750  2249 I notification_canceled: [0|com.mediatek.simprocessor|404|null|1000,8,30,30,0,-1,-1,NULL]
04-12 20:41:37.469526  2451  2451 I liblog  : 476
04-12 20:41:37.475576  2451  2977 I liblog  : 80
04-12 20:41:37.480000   560   560 I auditd  : type=1400 audit(0.0:420): avc:  denied  { read } for  comm="logd.writer" name="u:object_r:bluetooth_prop:s0" dev="tmpfs" ino=173 scontext=u:r:logd:s0 tcontext=u:object_r:bluetooth_prop:s0 tclass=file permissive=0
04-12 20:41:37.480000   560   560 I auditd  : type=1400 audit(0.0:421): avc:  denied  { read } for  comm="logd.writer" name="u:object_r:bluetooth_prop:s0" dev="tmpfs" ino=173 scontext=u:r:logd:s0 tcontext=u:object_r:bluetooth_prop:s0 tclass=file permissive=0
04-12 20:41:37.480000   560   560 I auditd  : type=1400 audit(0.0:422): avc:  denied  { read } for  comm="logd.writer" name="u:object_r:bluetooth_prop:s0" dev="tmpfs" ino=173 scontext=u:r:logd:s0 tcontext=u:object_r:bluetooth_prop:s0 tclass=file permissive=0
04-12 20:41:37.492000   560   560 I auditd  : type=1400 audit(0.0:423): avc:  denied  { read } for  comm="logd.writer" name="u:object_r:bluetooth_prop:s0" dev="tmpfs" ino=173 scontext=u:r:logd:s0 tcontext=u:object_r:bluetooth_prop:s0 tclass=file permissive=0
04-12 20:41:37.492000   560   560 I auditd  : type=1400 audit(0.0:424): avc:  denied  { read } for  comm="logd.writer" name="u:object_r:bluetooth_prop:s0" dev="tmpfs" ino=173 scontext=u:r:logd:s0 tcontext=u:object_r:bluetooth_prop:s0 tclass=file permissive=0
04-12 20:41:37.492000   560   560 I auditd  : type=1400 audit(0.0:425): avc:  denied  { read } for  comm="logd.writer" name="u:object_r:bluetooth_prop:s0" dev="tmpfs" ino=173 scontext=u:r:logd:s0 tcontext=u:object_r:bluetooth_prop:s0 tclass=file permissive=0
04-12 20:41:37.517374  1750  1888 I am_uid_running: 10125
04-12 20:41:37.534457  1750  1944 I input_focus: [Focus request 5d7eb3 NotificationShade,reason=UpdateInputWindows]
04-12 20:41:37.538068  1750  1964 I am_proc_start: [0,3523,10125,com.transsion.applock,content provider,{com.transsion.applock/com.transsion.applock.model.AppLockProvider},caller=com.android.systemui/10146]
04-12 20:41:37.552520  2812  2812 I viewroot_draw_event: [VRI[NotificationShade],reportDrawFinished seqId=0]
04-12 20:41:37.558107  1750  1944 I wm_wallpaper_surface: [0,1,Window{5d7eb3 u0 NotificationShade}]
04-12 20:41:37.563740  2812  2812 I viewroot_draw_event: [VRI[StatusBar],reportDrawFinished seqId=0]
04-12 20:41:37.587608  1750  2048 I am_proc_bound: [0,3523,com.transsion.applock]
04-12 20:41:37.600000  3523  3523 I auditd  : type=1400 audit(0.0:426): avc:  denied  { read write } for  comm="re-initialized>" name="ensignal" dev="tmpfs" ino=2080 scontext=u:r:platform_app:s0:c512,c768 tcontext=u:object_r:ensignal_device:s0 tclass=chr_file permissive=0 app=com.transsion.applock
04-12 20:41:37.600000  3523  3523 I auditd  : type=1400 audit(0.0:427): avc:  denied  { read write } for  comm="re-initialized>" name="ensignal" dev="tmpfs" ino=2080 scontext=u:r:platform_app:s0:c512,c768 tcontext=u:object_r:ensignal_device:s0 tclass=chr_file permissive=0 app=com.transsion.applock
04-12 20:41:37.606435  1750  2313 I netstats_mobile_sample: [0,0,0,0,0,0,0,0,1775997697606]
04-12 20:41:37.606459  1750  2313 I netstats_wifi_sample: [0,0,0,0,0,0,0,0,1775997697606]
04-12 20:41:37.618021  1750  2094 I commit_sys_config_file: [settings-1-0,1]
04-12 20:41:37.646933  1750  2094 I commit_sys_config_file: [settings-0-0,2]
04-12 20:41:37.714873  1750  1964 I am_proc_start: [0,3563,10145,com.transsion.atomicbrain,content provider,{com.transsion.atomicbrain/com.transsion.atomicbrain.SuggestionProvider},caller=com.transsion.launcher3/10148]
04-12 20:41:37.757622  2812  2812 I sysui_multi_action: [757,196,758,1,759,0]
04-12 20:41:37.757634  2812  2812 I sysui_status_bar_state: [1,1,0,0,0,1]
04-12 20:41:37.763358  1750  3435 I am_uid_active: 10125
04-12 20:41:37.766110  1750  2983 I am_proc_bound: [0,3563,com.transsion.atomicbrain]
04-12 20:41:37.767849  1750  2312 I sysui_multi_action: [757,127,758,1]
04-12 20:41:37.767887  1750  2312 I sysui_multi_action: [757,804,799,note_load,801,0,802,1]
04-12 20:41:37.767948  1750  2312 I notification_panel_revealed: 0
04-12 20:41:37.783422  1750  2549 I dvm_lock_sample: [system_server,1,binder:1750_8,14,TranProxyWakeLock.java,658,void com.android.server.power.TranProxyWakeLock.dropWakeLock(android.os.IBinder),,0,null,2]
04-12 20:41:37.784000  3563  3563 I auditd  : type=1400 audit(0.0:428): avc:  denied  { read write } for  comm="re-initialized>" name="ensignal" dev="tmpfs" ino=2080 scontext=u:r:platform_app:s0:c512,c768 tcontext=u:object_r:ensignal_device:s0 tclass=chr_file permissive=0 app=com.transsion.atomicbrain
04-12 20:41:37.784000  3563  3563 I auditd  : type=1400 audit(0.0:429): avc:  denied  { read write } for  comm="re-initialized>" name="ensignal" dev="tmpfs" ino=2080 scontext=u:r:platform_app:s0:c512,c768 tcontext=u:object_r:ensignal_device:s0 tclass=chr_file permissive=0 app=com.transsion.atomicbrain
04-12 20:41:37.816000  3523  3523 I auditd  : type=1400 audit(0.0:430): avc:  denied  { read } for  comm=4F6E65494420576F726B6572 name="u:object_r:vendor_security_patch_level_prop:s0" dev="tmpfs" ino=888 scontext=u:r:platform_app:s0:c512,c768 tcontext=u:object_r:vendor_security_patch_level_prop:s0 tclass=file permissive=0 app=com.transsion.applock
04-12 20:41:37.820866  1750  1943 I user_activity_timeout_override: 10000
04-12 20:41:37.821166  2812  3035 I jank_cuj_events_cancel_request: [55,1775997697798693000,21581567308,21581567385]
04-12 20:41:37.833960  1750  1887 I am_uid_active: 10232
04-12 20:41:37.856000  2713  2713 I auditd  : type=1400 audit(0.0:431): avc:  denied  { read } for  comm="m.android.phone" name="u:object_r:vendor_irtx_prop:s0" dev="tmpfs" ino=614 scontext=u:r:radio:s0 tcontext=u:object_r:vendor_irtx_prop:s0 tclass=file permissive=0
04-12 20:41:37.856000  2713  2713 I auditd  : type=1400 audit(0.0:432): avc:  denied  { read } for  comm="m.android.phone" name="u:object_r:qemu_hw_prop:s0" dev="tmpfs" ino=396 scontext=u:r:radio:s0 tcontext=u:object_r:qemu_hw_prop:s0 tclass=file permissive=0
04-12 20:41:37.914548  2812  2812 I viewroot_draw_event: [VRI[NotificationShade],reportDrawFinished seqId=0]
04-12 20:41:37.916325  2812  2812 I viewroot_draw_event: [VRI[StatusBar],reportDrawFinished seqId=0]
04-12 20:41:37.935507  2451  2883 I liblog  : 8
04-12 20:41:37.953046  2812  2812 I viewroot_draw_event: [VRI[NotificationShade],reportDrawFinished seqId=0]
04-12 20:41:37.968000  2451  2451 I auditd  : type=1400 audit(0.0:433): avc:  denied  { getopt } for  comm="FinalizerDaemon" path="/dev/socket/usap_pool_primary" scontext=u:r:platform_app:s0:c512,c768 tcontext=u:r:zygote:s0 tclass=unix_stream_socket permissive=0 app=com.transsion.launcher3
04-12 20:41:37.984714  1750  2695 I dvm_lock_sample: [system_server,1,binder:1750_D,17,ActivityTaskManagerService.java,2790,boolean com.android.server.wm.ActivityTaskManagerService.isControllerAMonkey(),WindowSurfacePlacer.java,55,void com.android.server.wm.WindowSurfacePlacer$Traverser.run(),3]
04-12 20:41:38.002099  1750  2094 I commit_sys_config_file: [settings-0-0,30]
04-12 20:41:38.005547  1750  1963 I am_uid_running: 10187
04-12 20:41:38.014443  1750  1888 I am_uid_running: 10175
04-12 20:41:38.028960  1750  1964 I am_proc_start: [0,3663,10187,com.google.android.euicc,broadcast,{com.google.android.euicc/com.google.android.euicc.receiver.EuiccGoogleSlotChangeReceiver},caller=com.android.phone/1001,action = android.telephony.action.SIM_SLOT_STATUS_CHANGED]
04-12 20:41:38.040727  1750  2312 I am_uid_active: 10145
04-12 20:41:38.069439  3563  3637 I dvm_lock_sample: [com.transsion.atomicbrain,0,tran-common-pool-2,90,CollectorFactory.java,52,com.transsion.atomicbrain.datacenter.collect.collector.BaseCollector com.transsion.atomicbrain.datacenter.collect.collector.CollectorFactory.makeCollector(java.lang.String),-,68,com.transsion.atomicbrain.datacenter.collect.collector.BaseCollector com.transsion.atomicbrain.datacenter.collect.collector.CollectorFactory.makeCollector(java.lang.String),18]
04-12 20:41:38.078132  1217  1249 I sf_stop_bootanim: 21861
04-12 20:41:38.079086  1750  1943 I wm_boot_animation_done: 21861
04-12 20:41:38.082077  1750  1964 I am_proc_start: [0,3688,10175,com.transsion.atomiccore,content provider,{com.transsion.atomiccore/com.transsion.atomiccore.external.ExternalProvider},caller=com.transsion.atomicbrain/10145]
04-12 20:41:38.088408  1750  3433 I am_proc_bound: [0,3663,com.google.android.euicc]
04-12 20:41:38.100000  3663  3663 I auditd  : type=1400 audit(0.0:434): avc:  denied  { read write } for  comm="re-initialized>" name="ensignal" dev="tmpfs" ino=2080 scontext=u:r:priv_app:s0:c512,c768 tcontext=u:object_r:ensignal_device:s0 tclass=chr_file permissive=0 app=com.google.android.euicc
04-12 20:41:38.100000  3663  3663 I auditd  : type=1400 audit(0.0:435): avc:  denied  { read write } for  comm="re-initialized>" name="ensignal" dev="tmpfs" ino=2080 scontext=u:r:priv_app:s0:c512,c768 tcontext=u:object_r:ensignal_device:s0 tclass=chr_file permissive=0 app=com.google.android.euicc
04-12 20:41:38.114672  1750  3011 I am_proc_bound: [0,3688,com.transsion.atomiccore]
04-12 20:41:38.124000  3688  3688 I auditd  : type=1400 audit(0.0:436): avc:  denied  { read write } for  comm="re-initialized>" name="ensignal" dev="tmpfs" ino=2080 scontext=u:r:platform_app:s0:c512,c768 tcontext=u:object_r:ensignal_device:s0 tclass=chr_file permissive=0 app=com.transsion.atomiccore
04-12 20:41:38.132502  1750  2183 I input_focus: [Focus entering 5d7eb3 NotificationShade,reason=setFocusedWindow]
04-12 20:41:38.132000  3688  3688 I auditd  : type=1400 audit(0.0:437): avc:  denied  { read write } for  comm="re-initialized>" name="ensignal" dev="tmpfs" ino=2080 scontext=u:r:platform_app:s0:c512,c768 tcontext=u:object_r:ensignal_device:s0 tclass=chr_file permissive=0 app=com.transsion.atomiccore
04-12 20:41:38.152000  3563  3563 I auditd  : type=1400 audit(0.0:438): avc:  denied  { read } for  comm=4F6E65494420576F726B6572 name="u:object_r:vendor_security_patch_level_prop:s0" dev="tmpfs" ino=888 scontext=u:r:platform_app:s0:c512,c768 tcontext=u:object_r:vendor_security_patch_level_prop:s0 tclass=file permissive=0 app=com.transsion.atomicbrain
04-12 20:41:38.169796  2713  2713 I gsm_service_state_change: [1,1,3,1]
04-12 20:41:38.175661  1750  1943 I service_manager_stats: [463,73,5033]
04-12 20:41:38.228346  1750  3011 I am_uid_active: 10175
04-12 20:41:38.246775  1750  1963 I am_wtf  : [0,1750,system_server,-1,ActivityManager,Sending non-protected broadcast com.transsion.atomiccore.action.bind_service.island from system 2812:com.android.systemui/u0a146 pkg com.android.systemui]
04-12 20:41:38.279722  2713  2713 I gsm_service_state_change: [1,1,3,3]
04-12 20:41:38.282560  2451  2942 I dvm_lock_sample: [com.transsion.launcher3,0,launcher-pool-13,767,SourceFile,-1,int J6.a.c(java.lang.String),-,-1,int J6.a.c(java.lang.String),100]
04-12 20:41:38.282802  2451  2995 I dvm_lock_sample: [com.transsion.launcher3,0,launcher-pool-18,767,SourceFile,-1,int J6.a.c(java.lang.String),-,-1,int J6.a.c(java.lang.String),100]
04-12 20:41:38.293332  1750  2249 I notification_enqueue: [1000,1750,android,26,NULL,-1,Notification(channel=DEVELOPER_IMPORTANT shortcut=null contentView=null vibrate=null sound=null tick defaults=0 flags=ONGOING_EVENT|CAN_COLORIZE color=0x00000000 vis=PUBLIC),0,1]
04-12 20:41:38.314980  1750  2249 I sysui_multi_action: [757,1501,758,1,793,28,794,0,795,28,796,26,806,android,857,DEVELOPER_IMPORTANT,858,4,947,0,1500,0]
04-12 20:41:38.314999  1750  2249 I sysui_multi_action: [757,804,799,note_interruptive,801,0,802,1]
04-12 20:41:38.328030  1750  1963 I am_wtf  : [0,1750,system_server,-1,SystemServiceRegistry,No service published for: uwb]
04-12 20:41:38.328250  1750  1963 I am_wtf  : [0,1750,system_server,-1,SystemServiceRegistry,Manager wrapper not available: uwb]
04-12 20:41:38.334782  1750  2228 I service_manager_slow: [16,thread_network]
04-12 20:41:38.336051  1750  2249 I notification_autogrouped: -1|android|32|null|1000
04-12 20:41:38.336661  1750  2249 I notification_autogrouped: -1|android|26|null|1000
04-12 20:41:38.336727  1750  2249 I notification_adjusted: [-1|android|26|null|1000,key_group_key,-1|android|g:Aggregate_AlertingSection]
04-12 20:41:38.337570  1750  2249 I sysui_multi_action: [757,199,758,1,759,32784,793,50,794,0,795,50,796,26,806,android,857,DEVELOPER_IMPORTANT,858,4,946,-1|android|g:Aggregate_Aler-df069087,947,0,1500,22,1688,1]
04-12 20:41:38.337673  1750  2249 I notification_alert: [-1|android|26|null|1000,0,0,0,2,32768]
04-12 20:41:38.339220  1750  2094 I commit_sys_config_file: [settings-1-0,1]
04-12 20:41:38.339252  1750  2248 I notification_adjusted: [-1|android|32|null|1000,key_group_key,-1|android|g:Aggregate_AlertingSection]
04-12 20:41:38.339442  1750  2249 I notification_enqueue: [1000,1750,android,0,-1|android|g:Aggregate_AlertingSection,-1,Notification(channel=DEVELOPER_IMPORTANT shortcut=null contentView=null vibrate=null sound=null defaults=0 flags=ONGOING_EVENT|LOCAL_ONLY|GROUP_SUMMARY|AUTOGROUP_SUMMARY color=0x00000000 groupKey=-1|android|g:Aggregate_AlertingSection vis=PUBLIC),0,0]
04-12 20:41:38.349910  1750  1963 I am_wtf  : [0,1750,system_server,-1,SystemServiceRegistry,No service published for: thread_network]
04-12 20:41:38.350015  1750  1963 I am_wtf  : [0,1750,system_server,-1,SystemServiceRegistry,Manager wrapper not available: thread_network]
04-12 20:41:38.353628  1750  2249 I sysui_multi_action: [757,199,758,1,759,1040,793,38,794,0,795,38,796,0,797,-1|android|g:Aggregate_AlertingSection,806,android,857,DEVELOPER_IMPORTANT,858,4,946,-1|android|g:Aggregate_Aler-df069087,947,1,1500,38,1688,1]
04-12 20:41:38.353653  1750  2249 I notification_alert: [-1|android|0|-1|android|g:Aggregate_AlertingSection|1000|-1|android|g:Aggregate_AlertingSection,0,0,0,2,1024]
04-12 20:41:38.381786  1750  1943 I uc_finish_user_boot: 0
04-12 20:41:38.381848  1750  1943 I am_user_state_changed: [0,1]
04-12 20:41:38.382598  1750  1943 I uc_send_user_broadcast: [0,android.intent.action.LOCKED_BOOT_COMPLETED]
04-12 20:41:38.437838  1750  1943 I uc_finish_user_unlocking: 0
04-12 20:41:38.440604  1750  2578 I dvm_lock_sample: [system_server,0,binder:1750_A,59,BroadcastController.java,1927,void com.android.server.am.BroadcastController.finishReceiver(android.os.IBinder, int, java.lang.String, android.os.Bundle, boolean, int),ActivityManagerService.java,5904,void com.android.server.am.ActivityManagerService.finishBooting(),11]
04-12 20:41:38.442869  1750  2578 I am_uid_active: 10187
04-12 20:41:38.445306  1750  1964 I am_proc_start: [0,3787,10269,com.google.android.ext.services,on-hold,]
04-12 20:41:38.461481  1750  3435 I am_proc_bound: [0,3787,com.google.android.ext.services]
04-12 20:41:38.468000  3787  3787 I auditd  : type=1400 audit(0.0:439): avc:  denied  { read write } for  comm="re-initialized>" name="ensignal" dev="tmpfs" ino=2080 scontext=u:r:priv_app:s0:c512,c768 tcontext=u:object_r:ensignal_device:s0 tclass=chr_file permissive=0 app=com.google.android.ext.services
04-12 20:41:38.468000  3787  3787 I auditd  : type=1400 audit(0.0:440): avc:  denied  { read write } for  comm="re-initialized>" name="ensignal" dev="tmpfs" ino=2080 scontext=u:r:priv_app:s0:c512,c768 tcontext=u:object_r:ensignal_device:s0 tclass=chr_file permissive=0 app=com.google.android.ext.services
04-12 20:41:38.491116  1750  2249 I notification_enqueue: [1000,1750,android,55,NULL,-1,Notification(channel=DEVELOPER shortcut=null contentView=null vibrate=null sound=null tick defaults=0 flags=ONGOING_EVENT|CAN_COLORIZE color=0x00000000 vis=PUBLIC),0,1]
04-12 20:41:38.491574  1750  2249 I sysui_multi_action: [757,1501,758,1,793,7,794,0,795,7,796,55,806,android,857,DEVELOPER,858,2,947,0,1500,0]
04-12 20:41:38.491588  1750  2249 I sysui_multi_action: [757,804,799,note_interruptive,801,0,802,1]
04-12 20:41:38.494206  1750  2249 I sysui_multi_action: [757,199,758,1,759,16,793,10,794,0,795,10,796,55,806,android,857,DEVELOPER,858,2,947,0,1500,3,1688,1]
04-12 20:41:38.494235  1750  2249 I notification_alert: [-1|android|55|null|1000,0,0,0,2,0]
04-12 20:41:38.507668  1750  1964 I am_proc_start: [0,2458,1000,com.transsion.overlaysuw,broadcast,{com.transsion.overlaysuw/com.transsion.overlaysuw.OtaUpdateReceiver},action = android.intent.action.LOCKED_BOOT_COMPLETED]
04-12 20:41:38.540000  3813  3813 I auditd  : type=1400 audit(0.0:441): avc:  denied  { search } for  comm="verify_para" name="tmp" dev="dm-79" ino=102 scontext=u:r:tran_vfy:s0 tcontext=u:object_r:shell_data_file:s0 tclass=dir permissive=0
04-12 20:41:38.553483  1750  2549 I am_proc_bound: [0,2458,com.transsion.overlaysuw]
04-12 20:41:38.556000  2458  2458 I auditd  : type=1400 audit(0.0:442): avc:  denied  { read write } for  comm="re-initialized>" name="ensignal" dev="tmpfs" ino=2080 scontext=u:r:system_app:s0 tcontext=u:object_r:ensignal_device:s0 tclass=chr_file permissive=0
04-12 20:41:38.556000  2458  2458 I auditd  : type=1400 audit(0.0:443): avc:  denied  { read write } for  comm="re-initialized>" name="ensignal" dev="tmpfs" ino=2080 scontext=u:r:system_app:s0 tcontext=u:object_r:ensignal_device:s0 tclass=chr_file permissive=0
04-12 20:41:38.581021  1750  2549 I am_uid_active: 10269
04-12 20:41:38.661369  1750  2094 I commit_sys_config_file: [settings-0-0,12]
04-12 20:41:38.664000   416   416 I auditd  : type=1400 audit(0.0:444): avc:  denied  { create } for  comm="init" name="enable" scontext=u:r:vendor_init:s0 tcontext=u:object_r:debugfs_tracing_instances:s0 tclass=file permissive=0
04-12 20:41:38.672000   416   416 I auditd  : type=1400 audit(0.0:445): avc:  denied  { create } for  comm="init" name="enable" scontext=u:r:vendor_init:s0 tcontext=u:object_r:debugfs_tracing_instances:s0 tclass=file permissive=0
04-12 20:41:38.667815  1750  2094 I commit_sys_config_file: [settings-2-0,1]
04-12 20:41:38.671877  1750  1964 I am_proc_start: [0,3872,10232,com.google.android.gms,service,{com.google.android.gms/com.google.android.gms.chimera.GmsIntentOperationService},caller=com.google.android.gms.persistent/10232]
04-12 20:41:38.707426  1750  3434 I am_proc_bound: [0,3872,com.google.android.gms]
04-12 20:41:38.704000  2458  2458 I auditd  : type=1400 audit(0.0:446): avc:  denied  { map } for  comm="sion.overlaysuw" path="/dev/__properties__/u:object_r:vendor_irtx_prop:s0" dev="tmpfs" ino=614 scontext=u:r:system_app:s0 tcontext=u:object_r:vendor_irtx_prop:s0 tclass=file permissive=0
04-12 20:41:38.704000  2458  2458 I auditd  : type=1400 audit(0.0:447): avc:  denied  { read } for  comm="sion.overlaysuw" name="u:object_r:qemu_hw_prop:s0" dev="tmpfs" ino=396 scontext=u:r:system_app:s0 tcontext=u:object_r:qemu_hw_prop:s0 tclass=file permissive=0
04-12 20:41:38.720000  3872  3872 I auditd  : type=1400 audit(0.0:448): avc:  denied  { read write } for  comm="re-initialized>" name="ensignal" dev="tmpfs" ino=2080 scontext=u:r:gmscore_app:s0:c512,c768 tcontext=u:object_r:ensignal_device:s0 tclass=chr_file permissive=0 app=com.google.android.gms
04-12 20:41:38.732688  1750  1963 I am_uid_running: 10178
04-12 20:41:38.740000  3872  3872 I auditd  : type=1400 audit(0.0:449): avc:  denied  { search } for  comm="binder:3872_2" name="/" dev="sdc87" ino=2 scontext=u:r:gmscore_app:s0:c512,c768 tcontext=u:object_r:tranfs_file:s0 tclass=dir permissive=0 app=com.google.android.gms
04-12 20:41:38.772000  1750  1750 I auditd  : type=1400 audit(0.0:450): avc:  denied  { read } for  comm="TranPowerDataEv" name="u:object_r:vendor_default_prop:s0" dev="tmpfs" ino=607 scontext=u:r:system_server:s0 tcontext=u:object_r:vendor_default_prop:s0 tclass=file permissive=0
04-12 20:41:38.793601  1750  1964 I am_proc_start: [0,3839,10178,com.transsion.deskclock,broadcast,{com.transsion.deskclock/com.transsion.deskclock.AlarmInitReceiver},action = android.intent.action.LOCKED_BOOT_COMPLETED]
04-12 20:41:38.812396  2812  3035 I jank_cuj_events_end_request: [14,1775997698812316000,22595189462,22595189462]
04-12 20:41:38.814045  1750  1924 I am_user_state_changed: [0,2]
04-12 20:41:38.820891  1750  1887 I am_proc_bound: [0,3839,com.transsion.deskclock]
04-12 20:41:38.831496  1750  3295 I dvm_lock_sample: [system_server,0,health_standard,33,BroadcastController.java,532,android.content.Intent com.android.server.am.BroadcastController.registerReceiverWithFeatureTraced(android.app.IApplicationThread, java.lang.String, java.lang.String, java.lang.String, android.content.IIntentReceiver, android.content.IntentFilter, java.lang.String, int, int),,0,null,6]
04-12 20:41:38.832000  3839  3839 I auditd  : type=1400 audit(0.0:451): avc:  denied  { read write } for  comm="re-initialized>" name="ensignal" dev="tmpfs" ino=2080 scontext=u:r:platform_app:s0:c512,c768 tcontext=u:object_r:ensignal_device:s0 tclass=chr_file permissive=0 app=com.transsion.deskclock
04-12 20:41:38.832000  3839  3839 I auditd  : type=1400 audit(0.0:452): avc:  denied  { read write } for  comm="re-initialized>" name="ensignal" dev="tmpfs" ino=2080 scontext=u:r:platform_app:s0:c512,c768 tcontext=u:object_r:ensignal_device:s0 tclass=chr_file permissive=0 app=com.transsion.deskclock
04-12 20:41:38.838600  1750  1963 I ssm_user_unlocking: 0
04-12 20:41:38.848672  1750  1963 I am_uid_running: 10179
04-12 20:41:38.848820  2713  2713 I gsm_service_state_change: [3,1,1,1]
04-12 20:41:38.861374  1750  1964 I am_proc_start: [0,3894,10179,com.transsion.camera,service,{com.transsion.camera/com.transsion.camera.persistent.CameraAppService}]
04-12 20:41:38.884736  1750  2207 I am_uid_running: 10271
04-12 20:41:38.901971  1750  2549 I am_proc_bound: [0,3894,com.transsion.camera]
04-12 20:41:38.936000  3894  3894 I auditd  : type=1400 audit(0.0:453): avc:  denied  { read write } for  comm="re-initialized>" name="ensignal" dev="tmpfs" ino=2080 scontext=u:r:platform_app:s0:c512,c768 tcontext=u:object_r:ensignal_device:s0 tclass=chr_file permissive=0 app=com.transsion.camera
04-12 20:41:38.936000  3894  3894 I auditd  : type=1400 audit(0.0:454): avc:  denied  { read write } for  comm="re-initialized>" name="ensignal" dev="tmpfs" ino=2080 scontext=u:r:platform_app:s0:c512,c768 tcontext=u:object_r:ensignal_device:s0 tclass=chr_file permissive=0 app=com.transsion.camera
04-12 20:41:38.939382  1750  1964 I dvm_lock_sample: [system_server,1,ActivityManager:procStart,36,ProcessList.java,2304,void com.android.server.am.ProcessList.lambda$handleProcessStart$1(com.android.server.am.ProcessRecord, java.lang.String, int[], int, int, int, java.lang.String, java.lang.String, java.lang.String, long),ActivityManagerService.java,5381,void com.android.server.am.ActivityManagerService.attachApplication(android.app.IApplicationThread, long),7]
04-12 20:41:38.939562  1750  1964 I am_proc_start: [0,3938,10271,com.google.android.providers.media.module,service,{com.google.android.providers.media.module/com.android.providers.media.fuse.ExternalStorageServiceImpl},caller=system/1000]
04-12 20:41:38.947725  1750  2578 I am_proc_bound: [0,3938,com.google.android.providers.media.module]
04-12 20:41:38.956939  1750  1750 I am_uid_running: 10214
04-12 20:41:38.956000  3938  3938 I auditd  : type=1400 audit(0.0:455): avc:  denied  { read write } for  comm="re-initialized>" name="ensignal" dev="tmpfs" ino=2080 scontext=u:r:mediaprovider_app:s0:c15,c257,c512,c768 tcontext=u:object_r:ensignal_device:s0 tclass=chr_file permissive=0 app=com.google.android.providers.media.module
04-12 20:41:38.964000  3938  3938 I auditd  : type=1400 audit(0.0:456): avc:  denied  { read write } for  comm="re-initialized>" name="ensignal" dev="tmpfs" ino=2080 scontext=u:r:mediaprovider_app:s0:c15,c257,c512,c768 tcontext=u:object_r:ensignal_device:s0 tclass=chr_file permissive=0 app=com.google.android.providers.media.module
04-12 20:41:38.991718  1750  1963 I dvm_lock_sample: [system_server,1,ActivityManager,25,ActivityManagerService.java,15283,int com.android.server.am.ActivityManagerService.bindServiceInstance(android.app.IApplicationThread, android.os.IBinder, android.content.Intent, java.lang.String, android.app.IServiceConnection, long, java.lang.String, boolean, int, java.lang.String, android.app.IApplicationThread, java.lang.String, int),,0,null,5]
04-12 20:41:39.000094  1750  1963 I am_uid_running: 10190
04-12 20:41:39.001674  1750  3435 I dvm_lock_sample: [system_server,1,binder:1750_13,35,BroadcastController.java,532,android.content.Intent com.android.server.am.BroadcastController.registerReceiverWithFeatureTraced(android.app.IApplicationThread, java.lang.String, java.lang.String, java.lang.String, android.content.IIntentReceiver, android.content.IntentFilter, java.lang.String, int, int),,0,null,7]
04-12 20:41:39.002163  1750  3435 I am_proc_start: [0,3961,10214,com.google.android.as,service,{com.google.android.as/com.google.android.apps.miphone.aiai.app.AiAiContentCaptureService},caller=system/1000]
04-12 20:41:39.003372  1750  3435 I am_proc_bound: [0,3961,com.google.android.as]
04-12 20:41:39.016000  3961  3961 I auditd  : type=1400 audit(0.0:458): avc:  denied  { read write } for  comm="re-initialized>" name="ensignal" dev="tmpfs" ino=2080 scontext=u:r:priv_app:s0:c512,c768 tcontext=u:object_r:ensignal_device:s0 tclass=chr_file permissive=0 app=com.google.android.as
04-12 20:41:39.016000  3961  3961 I auditd  : type=1400 audit(0.0:459): avc:  denied  { read write } for  comm="re-initialized>" name="ensignal" dev="tmpfs" ino=2080 scontext=u:r:priv_app:s0:c512,c768 tcontext=u:object_r:ensignal_device:s0 tclass=chr_file permissive=0 app=com.google.android.as
04-12 20:41:39.034327  1750  1952 I am_uid_running: 10099
04-12 20:41:39.038553  1750  1963 I am_uid_running: 10158
04-12 20:41:39.052000  1750  1750 I auditd  : type=1400 audit(0.0:460): avc:  denied  { read } for  comm="pool-95-thread-" name="u:object_r:build_bootimage_prop:s0" dev="tmpfs" ino=184 scontext=u:r:system_server:s0 tcontext=u:object_r:build_bootimage_prop:s0 tclass=file permissive=0
04-12 20:41:39.054412  1750  1963 I uc_finish_user_unlocked: 0
04-12 20:41:39.054488  1750  1963 I am_user_state_changed: [0,3]
04-12 20:41:39.055473  1750  1964 I am_proc_start: [0,3986,10190,com.transsion.aivoiceassistant:voiceinteractionservice,service,{com.transsion.aivoiceassistant/com.transsion.ella.aiservice.voiceinteraction.AiVoiceInteractionService},caller=system/1000]
04-12 20:41:39.065539  1750  2549 I am_proc_bound: [0,3986,com.transsion.aivoiceassistant:voiceinteractionservice]
04-12 20:41:39.066992  1750  3956 I dvm_lock_sample: [system_server,0,backup-0,43,UserBackupManagerService.java,2266,void com.android.server.backup.UserBackupManagerService.dataChangedImpl(java.lang.String, java.util.HashSet),-,881,void com.android.server.backup.UserBackupManagerService.initPackageTracking(),8]
04-12 20:41:39.070677  1750  1963 I am_uid_running: 1027
04-12 20:41:39.068000  3986  3986 I auditd  : type=1400 audit(0.0:461): avc:  denied  { read write } for  comm="re-initialized>" name="ensignal" dev="tmpfs" ino=2080 scontext=u:r:platform_app:s0:c512,c768 tcontext=u:object_r:ensignal_device:s0 tclass=chr_file permissive=0 app=com.transsion.aivoiceassistant
04-12 20:41:39.089853  1750  1924 I wm_task_created: 6
04-12 20:41:39.090222  1750  1924 I wm_task_created: 46
04-12 20:41:39.090473  1750  1924 I wm_task_created: 47
04-12 20:41:39.091401  1750  1924 I wm_task_created: 48
04-12 20:41:39.091665  1750  1924 I wm_task_created: 51
04-12 20:41:39.092736  1750  1924 I wm_task_created: 18
04-12 20:41:39.092938  1750  1924 I wm_task_created: 50
04-12 20:41:39.093115  1750  1924 I wm_task_created: 52
04-12 20:41:39.093386  1750  1924 I wm_task_created: 54
04-12 20:41:39.111428  1750  1963 I uc_send_user_broadcast: [0,android.intent.action.USER_UNLOCKED]
04-12 20:41:39.108000     1     1 I auditd  : type=1400 audit(0.0:463): avc:  denied  { sys_nice } for  comm="init" capability=23  scontext=u:r:init:s0 tcontext=u:r:init:s0 tclass=capability permissive=0
04-12 20:41:39.112948  1750  2047 I dvm_lock_sample: [system_server,1,binder:1750_4,10,ActivityManagerService.java,6609,int com.android.server.am.ActivityManagerService.getUidState(int),ContentProviderHelper.java,1588,void com.android.server.am.ContentProviderHelper.installEncryptionUnawareProviders(int),2]
04-12 20:41:39.113228  1750  2313 I am_proc_start: [0,4019,10099,com.android.printspooler,service,{com.android.printspooler/com.android.printspooler.model.PrintSpoolerService},caller=system/1000]
04-12 20:41:39.116639  1750  2313 I am_proc_bound: [0,4019,com.android.printspooler]
04-12 20:41:39.123998  1750  1963 I uc_finish_user_unlocked_completed: 0
04-12 20:41:39.124000  4019  4019 I auditd  : type=1400 audit(0.0:464): avc:  denied  { read write } for  comm="re-initialized>" name="ensignal" dev="tmpfs" ino=2080 scontext=u:r:untrusted_app:s0:c99,c256,c512,c768 tcontext=u:object_r:ensignal_device:s0 tclass=chr_file permissive=0 app=com.android.printspooler
04-12 20:41:39.124000  4019  4019 I auditd  : type=1400 audit(0.0:465): avc:  denied  { read write } for  comm="re-initialized>" name="ensignal" dev="tmpfs" ino=2080 scontext=u:r:untrusted_app:s0:c99,c256,c512,c768 tcontext=u:object_r:ensignal_device:s0 tclass=chr_file permissive=0 app=com.android.printspooler
04-12 20:41:39.133052  1750  1963 I ssm_user_unlocked: 0
04-12 20:41:39.136000  2882  2882 I auditd  : type=1400 audit(0.0:466): avc:  denied  { map } for  comm="sion.infinixled" path="/dev/__properties__/u:object_r:vendor_irtx_prop:s0" dev="tmpfs" ino=614 scontext=u:r:system_app:s0 tcontext=u:object_r:vendor_irtx_prop:s0 tclass=file permissive=0
04-12 20:41:39.136000  2882  2882 I auditd  : type=1400 audit(0.0:467): avc:  denied  { read } for  comm="sion.infinixled" name="u:object_r:qemu_hw_prop:s0" dev="tmpfs" ino=396 scontext=u:r:system_app:s0 tcontext=u:object_r:qemu_hw_prop:s0 tclass=file permissive=0
04-12 20:41:39.136000  4019  4019 I auditd  : type=1400 audit(0.0:468): avc:  denied  { search } for  comm="binder:4019_2" name="/" dev="sdc87" ino=2 scontext=u:r:untrusted_app:s0:c99,c256,c512,c768 tcontext=u:object_r:tranfs_file:s0 tclass=dir permissive=0 app=com.android.printspooler
04-12 20:41:39.151972  1750  1964 I am_proc_start: [0,4049,10158,com.hoffnung.mobile.service,service,{com.hoffnung/com.hoffnung.TPMSService},caller=system/1000]
04-12 20:41:39.182929  1750  1964 I am_proc_start: [0,4060,1027,com.android.nfc,added application,com.android.nfc]
04-12 20:41:39.192000   416   416 I auditd  : type=1400 audit(0.0:469): avc:  denied  { create } for  comm="init" name="enable" scontext=u:r:vendor_init:s0 tcontext=u:object_r:debugfs_tracing_instances:s0 tclass=file permissive=0
04-12 20:41:39.194152  1750  2047 I am_uid_active: 10099
04-12 20:41:39.215474  1750  1887 I dvm_lock_sample: [system_server,1,binder:1750_1,29,ContentProviderHelper.java,871,void com.android.server.am.ContentProviderHelper.publishContentProviders(android.app.IApplicationThread, java.util.List),,0,null,5]
04-12 20:41:39.223008  1750  2313 I am_proc_bound: [0,4049,com.hoffnung.mobile.service]
04-12 20:41:39.228000  4049  4049 I auditd  : type=1400 audit(0.0:470): avc:  denied  { read write } for  comm="re-initialized>" name="ensignal" dev="tmpfs" ino=2080 scontext=u:r:platform_app:s0:c512,c768 tcontext=u:object_r:ensignal_device:s0 tclass=chr_file permissive=0 app=com.hoffnung
04-12 20:41:39.228000  4049  4049 I auditd  : type=1400 audit(0.0:471): avc:  denied  { read write } for  comm="re-initialized>" name="ensignal" dev="tmpfs" ino=2080 scontext=u:r:platform_app:s0:c512,c768 tcontext=u:object_r:ensignal_device:s0 tclass=chr_file permissive=0 app=com.hoffnung
04-12 20:41:39.231959  1750  2291 I dvm_lock_sample: [system_server,0,shortcut,214,ShortcutService.java,614,void com.android.server.pm.ShortcutService.handleOnUidStateChanged(int, int),-,1242,void com.android.server.pm.ShortcutService.scheduleSaveInner(int),42]
04-12 20:41:39.255579  1750  2312 I dvm_lock_sample: [system_server,1,binder:1750_6,38,ContentProviderHelper.java,871,void com.android.server.am.ContentProviderHelper.publishContentProviders(android.app.IApplicationThread, java.util.List),,0,null,7]
04-12 20:41:39.258975  1750  2005 I am_proc_bound: [0,4060,com.android.nfc]
04-12 20:41:39.269043  1750  2005 I am_uid_active: 1027
04-12 20:41:39.269283  1750  2588 I dvm_lock_sample: [system_server,1,binder:1750_C,7,ActivityManagerService.java,15283,int com.android.server.am.ActivityManagerService.bindServiceInstance(android.app.IApplicationThread, android.os.IBinder, android.content.Intent, java.lang.String, android.app.IServiceConnection, long, java.lang.String, boolean, int, java.lang.String, android.app.IApplicationThread, java.lang.String, int),-,5381,void com.android.server.am.ActivityManagerService.attachApplication(android.app.IApplicationThread, long),1]
04-12 20:41:39.274104  1750  1964 I am_proc_start: [0,4110,1000,com.transsion.tranvoicecommand,added application,com.transsion.tranvoicecommand]
04-12 20:41:39.296719  3872  3872 I gms_unknown: 2369
04-12 20:41:39.298996  1750  4048 I dvm_lock_sample: [system_server,0,TravelModeManager,106,ActivityManagerService.java,6474,java.lang.String com.android.server.am.ActivityManagerService.getTagForIntentSender(android.content.IIntentSender, java.lang.String),,0,null,21]
04-12 20:41:39.299082  3872  3872 I gms_unknown: 47106
04-12 20:41:39.312000  4060  4060 I auditd  : type=1400 audit(0.0:472): avc:  denied  { read write } for  comm="re-initialized>" name="ensignal" dev="tmpfs" ino=2080 scontext=u:r:nfc:s0 tcontext=u:object_r:ensignal_device:s0 tclass=chr_file permissive=0
04-12 20:41:39.311548  1750  3434 I dvm_lock_sample: [system_server,1,binder:1750_12,46,BroadcastController.java,532,android.content.Intent com.android.server.am.BroadcastController.registerReceiverWithFeatureTraced(android.app.IApplicationThread, java.lang.String, java.lang.String, java.lang.String, android.content.IIntentReceiver, android.content.IntentFilter, java.lang.String, int, int),,0,null,9]
04-12 20:41:39.326484  1750  1964 I am_proc_start: [0,4148,1000,com.transsion.kolun.aiservice,service,{com.transsion.kolun.aiservice/com.transsion.kolun.aiservice.service.AiService},caller=system/1000]
04-12 20:41:39.330760  1750  2082 I dvm_lock_sample: [system_server,1,appscheduling.default,11,BackgroundJobsController.java,433,void com.android.server.job.controllers.BackgroundJobsController$2.updateJobsForUid(int, boolean),JobSchedulerService.java,2573,int com.android.server.job.JobSchedulerService.getUidProcState(int),2]
04-12 20:41:39.331475  1750  2588 I am_proc_bound: [0,4148,com.transsion.kolun.aiservice]
04-12 20:41:39.334060   563   563 I auditd  : avc:  denied  { find } for pid=4157 uid=1072 name=vendor.transsion.hardware.aegis.IAegisService/default scontext=u:r:gpuservice:s0 tcontext=u:object_r:default_android_service:s0 tclass=service_manager permissive=0
04-12 20:41:39.336000  4060  4060 I auditd  : type=1400 audit(0.0:473): avc:  denied  { read write } for  comm="re-initialized>" name="ensignal" dev="tmpfs" ino=2080 scontext=u:r:nfc:s0 tcontext=u:object_r:ensignal_device:s0 tclass=chr_file permissive=0
04-12 20:41:39.372765  3872  3872 I gms_unknown: 2369
04-12 20:41:39.372804  3872  3872 I gms_unknown: 47106
04-12 20:41:39.364000  4148  4148 I auditd  : type=1400 audit(0.0:475): avc:  denied  { read write } for  comm="re-initialized>" name="ensignal" dev="tmpfs" ino=2080 scontext=u:r:system_app:s0 tcontext=u:object_r:ensignal_device:s0 tclass=chr_file permissive=0
04-12 20:41:39.384000     1     1 I auditd  : type=1107 audit(0.0:476): uid=0 auid=4294967295 ses=4294967295 subj=u:r:init:s0 msg='avc:  denied  { set } for property=persist.vendor.sys.device.manual_gc pid=4190 uid=1000 gid=1000 scontext=u:r:storage_feature_cloudctl:s0 tcontext=u:object_r:vendor_default_prop:s0 tclass=property_service permissive=0'
04-12 20:41:39.402620  1750  2585 I am_proc_bound: [0,4110,com.transsion.tranvoicecommand]
04-12 20:41:39.411554  3872  4040 I gms_unknown: [CheckinTask:duration,3]
04-12 20:41:39.415349  2812  3035 I jank_cuj_events_end_request: [14,1775997699414914000,23197787924,23197787924]
04-12 20:41:39.415375  2812  3035 I jank_cuj_events_end_request: [14,1775997699414972000,23197845231,23197845231]
04-12 20:41:39.415382  2812  3035 I jank_cuj_events_end_request: [14,1775997699414980000,23197853847,23197854078]
04-12 20:41:39.424000  4110  4110 I auditd  : type=1400 audit(0.0:477): avc:  denied  { read write } for  comm="re-initialized>" name="ensignal" dev="tmpfs" ino=2080 scontext=u:r:system_app:s0 tcontext=u:object_r:ensignal_device:s0 tclass=chr_file permissive=0
04-12 20:41:39.424000  4110  4110 I auditd  : type=1400 audit(0.0:478): avc:  denied  { read write } for  comm="re-initialized>" name="ensignal" dev="tmpfs" ino=2080 scontext=u:r:system_app:s0 tcontext=u:object_r:ensignal_device:s0 tclass=chr_file permissive=0
04-12 20:41:39.426294  1750  3594 I am_proc_start: [0,4192,1000,com.transsion.aod:dreams,service,{com.transsion.aod/com.transsion.aod.dreams.DreamBootupService},caller=com.android.systemui/10146]
04-12 20:41:39.426894  1750  3594 I am_proc_bound: [0,4192,com.transsion.aod:dreams]
04-12 20:41:39.428000  4192  4192 I auditd  : type=1400 audit(0.0:479): avc:  denied  { read write } for  comm="re-initialized>" name="ensignal" dev="tmpfs" ino=2080 scontext=u:r:system_app:s0 tcontext=u:object_r:ensignal_device:s0 tclass=chr_file permissive=0
04-12 20:41:39.428000  4192  4192 I auditd  : type=1400 audit(0.0:480): avc:  denied  { read write } for  comm="re-initialized>" name="ensignal" dev="tmpfs" ino=2080 scontext=u:r:system_app:s0 tcontext=u:object_r:ensignal_device:s0 tclass=chr_file permissive=0
04-12 20:41:39.458308  1750  3593 I dvm_lock_sample: [system_server,1,binder:1750_14,10,BroadcastController.java,532,android.content.Intent com.android.server.am.BroadcastController.registerReceiverWithFeatureTraced(android.app.IApplicationThread, java.lang.String, java.lang.String, java.lang.String, android.content.IIntentReceiver, android.content.IntentFilter, java.lang.String, int, int),,0,null,2]
04-12 20:41:39.473903  1750  2695 I dvm_lock_sample: [system_server,1,binder:1750_D,208,AppWidgetServiceImpl.java,1701,int[] com.android.server.appwidget.AppWidgetServiceImpl.getAppWidgetIds(android.content.ComponentName),-,3970,void com.android.server.appwidget.AppWidgetServiceImpl.handleUserUnlocked(int),41]
04-12 20:41:39.487497  1750  1964 I am_proc_start: [0,4256,1000,com.transsion.aod,content provider,{com.transsion.aod/com.transsion.aod.detailSetting.AODInfoCenter.database.ThemeProvider},caller=com.android.systemui/10146]
04-12 20:41:39.497026  1750  1924 I uc_send_user_broadcast: [0,android.intent.action.BOOT_COMPLETED]
04-12 20:41:39.515764  1750  3675 I am_proc_bound: [0,4256,com.transsion.aod]
04-12 20:41:39.516220  3872  4040 I gms_unknown: [CheckinTask:duration,0]
04-12 20:41:39.585818  1750  3009 I dvm_lock_sample: [system_server,1,binder:1750_F,113,BroadcastController.java,759,int com.android.server.am.BroadcastController.broadcastIntentWithFeature(android.app.IApplicationThread, java.lang.String, android.content.Intent, java.lang.String, android.content.IIntentReceiver, int, java.lang.String, android.os.Bundle, java.lang.String[], java.lang.String[], java.lang.String[], int, android.os.Bundle, boolean, boolean, int),,0,null,22]
04-12 20:41:39.593507  1750  2047 I am_proc_start: [0,4297,1000,com.android.keychain,service,{com.android.keychain/com.android.keychain.KeyChainService},caller=com.android.systemui/10146]
04-12 20:41:39.595009  1750  2047 I am_proc_bound: [0,4297,com.android.keychain]
04-12 20:41:39.599591  1750  1963 I dvm_lock_sample: [system_server,1,ActivityManager,142,BroadcastQueueImpl.java,493,void com.android.server.am.BroadcastQueueImpl.updateRunningList(),,0,null,28]
04-12 20:41:39.624260  1750  1963 I am_wtf  : [0,1750,system_server,-1,ActivityManager,Sending non-protected broadcast com.transsion.intent.action.APPWIDGET_LOADED from system uid 1000 pkg null]
04-12 20:41:39.625491  1750  3011 I dvm_lock_sample: [system_server,1,binder:1750_10,97,ContentProviderHelper.java,207,android.app.ContentProviderHolder com.android.server.am.ContentProviderHelper.getContentProviderImpl(android.app.IApplicationThread, java.lang.String, android.os.IBinder, int, java.lang.String, java.lang.String, boolean, int),,0,null,19]
04-12 20:41:39.633909  1750  2578 I dvm_lock_sample: [system_server,1,binder:1750_A,96,BroadcastController.java,694,void com.android.server.am.BroadcastController.unregisterReceiverTraced(android.content.IIntentReceiver),,0,null,19]
04-12 20:41:39.683663  1750  1964 I dvm_lock_sample: [system_server,1,ActivityManager:procStart,130,ProcessList.java,2304,void com.android.server.am.ProcessList.lambda$handleProcessStart$1(com.android.server.am.ProcessRecord, java.lang.String, int[], int, int, int, java.lang.String, java.lang.String, java.lang.String, long),ActivityManagerService.java,15284,int com.android.server.am.ActivityManagerService.bindServiceInstance(android.app.IApplicationThread, android.os.IBinder, android.content.Intent, java.lang.String, android.app.IServiceConnection, long, java.lang.String, boolean, int, java.lang.String, android.app.IApplicationThread, java.lang.String, int),26]
04-12 20:41:39.687738  1750  2047 I dvm_lock_sample: [system_server,1,binder:1750_4,42,ActivityManagerService.java,15319,void com.android.server.am.ActivityManagerService.publishService(android.os.IBinder, android.content.Intent, android.os.IBinder),,0,null,8]
04-12 20:41:39.698656  1750  4347 I am_uid_active: 10178
04-12 20:41:39.722740  1750  3594 I dvm_lock_sample: [system_server,1,binder:1750_15,116,BroadcastController.java,532,android.content.Intent com.android.server.am.BroadcastController.registerReceiverWithFeatureTraced(android.app.IApplicationThread, java.lang.String, java.lang.String, java.lang.String, android.content.IIntentReceiver, android.content.IntentFilter, java.lang.String, int, int),,0,null,23]
04-12 20:41:39.762358  1750  3675 I dvm_lock_sample: [system_server,1,binder:1750_16,68,ActivityManagerService.java,5422,void com.android.server.am.ActivityManagerService.finishAttachApplicationInner(long, int, int),,0,null,13]
04-12 20:41:39.763801  1750  3675 I am_uid_active: 10190
04-12 20:41:39.771021  1750  2312 I am_uid_running: 10138
04-12 20:41:39.834736  1750  4408 I am_uid_active: 10271
04-12 20:41:39.852800  1750  4407 I dvm_lock_sample: [system_server,1,binder:1750_1F,86,ActivityManagerService.java,15319,void com.android.server.am.ActivityManagerService.publishService(android.os.IBinder, android.content.Intent, android.os.IBinder),,0,null,17]
