04-12 20:41:35.784000  2812  2812 I auditd  : type=1400 audit(0.0:305): avc:  denied  { read write } for  comm="re-initialized>" name="ensignal" dev="tmpfs" ino=2080 scontext=u:r:platform_app:s0:c512,c768 tcontext=u:object_r:ensignal_device:s0 tclass=chr_file permissive=0 app=com.android.systemui
04-12 20:41:35.784000  2812  2812 I auditd  : type=1400 audit(0.0:306): avc:  denied  { read write } for  comm="re-initialized>" name="ensignal" dev="tmpfs" ino=2080 scontext=u:r:platform_app:s0:c512,c768 tcontext=u:object_r:ensignal_device:s0 tclass=chr_file permissive=0 app=com.android.systemui
04-12 20:41:35.790088  1750  1964 I am_proc_start: [0,2835,10199,com.transsion.livewallpaper.custompictorial,service,{com.transsion.livewallpaper.custompictorial/com.transsion.livewallpaper.pictorial.CustomPictorialWallpaperService},caller=system/1000]
04-12 20:41:35.802481  1750  2224 I netstats_mobile_sample: [0,0,0,0,0,0,0,0,1775997695802]
04-12 20:41:35.802498  1750  2224 I netstats_wifi_sample: [0,0,0,0,0,0,0,0,1775997695802]
04-12 20:41:35.800000  2774  2774 I auditd  : type=1400 audit(0.0:307): avc:  denied  { map } for  comm="on.tranradionet" path="/dev/__properties__/u:object_r:vendor_irtx_prop:s0" dev="tmpfs" ino=614 scontext=u:r:system_app:s0 tcontext=u:object_r:vendor_irtx_prop:s0 tclass=file permissive=0
04-12 20:41:35.804000  2774  2774 I auditd  : type=1400 audit(0.0:308): avc:  denied  { read } for  comm="on.tranradionet" name="u:object_r:qemu_hw_prop:s0" dev="tmpfs" ino=396 scontext=u:r:system_app:s0 tcontext=u:object_r:qemu_hw_prop:s0 tclass=file permissive=0
04-12 20:41:35.808391  1750  1964 I am_proc_start: [0,2451,10148,com.transsion.launcher3,top-activity,{com.transsion.launcher3/com.android.launcher3.uioverrides.QuickstepLauncher}]
04-12 20:41:35.816453  1750  1887 I am_uid_active: 1002
04-12 20:41:35.821272  1750  2578 I am_proc_bound: [0,2451,com.transsion.launcher3]
04-12 20:41:35.828719  1750  2578 I am_uid_active: 10148
04-12 20:41:35.824000  2451  2451 I auditd  : type=1400 audit(0.0:309): avc:  denied  { read write } for  comm="re-initialized>" name="ensignal" dev="tmpfs" ino=2080 scontext=u:r:platform_app:s0:c512,c768 tcontext=u:object_r:ensignal_device:s0 tclass=chr_file permissive=0 app=com.transsion.launcher3
04-12 20:41:35.828000  2451  2451 I auditd  : type=1400 audit(0.0:310): avc:  denied  { read write } for  comm="re-initialized>" name="ensignal" dev="tmpfs" ino=2080 scontext=u:r:platform_app:s0:c512,c768 tcontext=u:object_r:ensignal_device:s0 tclass=chr_file permissive=0 app=com.transsion.launcher3
04-12 20:41:35.834337  1750  2695 I am_proc_bound: [0,2835,com.transsion.livewallpaper.custompictorial]
04-12 20:41:35.836000  2835  2835 I auditd  : type=1400 audit(0.0:311): avc:  denied  { read write } for  comm="re-initialized>" name="ensignal" dev="tmpfs" ino=2080 scontext=u:r:platform_app:s0:c512,c768 tcontext=u:object_r:ensignal_device:s0 tclass=chr_file permissive=0 app=com.transsion.livewallpaper.custompictorial
04-12 20:41:35.836000  2835  2835 I auditd  : type=1400 audit(0.0:312): avc:  denied  { read write } for  comm="re-initialized>" name="ensignal" dev="tmpfs" ino=2080 scontext=u:r:platform_app:s0:c512,c768 tcontext=u:object_r:ensignal_device:s0 tclass=chr_file permissive=0 app=com.transsion.livewallpaper.custompictorial
04-12 20:41:35.854085  1750  1964 I am_proc_start: [0,2882,1000,com.transsion.infinixled,content provider,{com.transsion.infinixled/com.transsion.infinixled.provider.SharedLedDatabaseProvider},caller=android/1000]
04-12 20:41:35.888233  2451  2919 I jank_cuj_events_cancel_request: [-1,1775997695881513000,19664386770,19664386770]
04-12 20:41:35.916000  2882  2882 I auditd  : type=1400 audit(0.0:313): avc:  denied  { read write } for  comm="re-initialized>" name="ensignal" dev="tmpfs" ino=2080 scontext=u:r:system_app:s0 tcontext=u:object_r:ensignal_device:s0 tclass=chr_file permissive=0
04-12 20:41:35.916000  2882  2882 I auditd  : type=1400 audit(0.0:314): avc:  denied  { read write } for  comm="re-initialized>" name="ensignal" dev="tmpfs" ino=2080 scontext=u:r:system_app:s0 tcontext=u:object_r:ensignal_device:s0 tclass=chr_file permissive=0
04-12 20:41:35.904037  1750  1964 I am_proc_start: [0,2936,1000,com.transsion.multiwindow,service,{com.transsion.multiwindow/com.transsion.multiwindow.MultiWindowService},caller=system/1000]
04-12 20:41:35.911463  1750  1887 I am_proc_bound: [0,2882,com.transsion.infinixled]
04-12 20:41:35.918545  1750  1963 I am_wtf  : [0,1750,system_server,-1,CustomRoleParser,mimeType in <data> is not supported when setting a preferred activity]
04-12 20:41:35.918678  1750  1963 I am_wtf  : [0,1750,system_server,-1,CustomRoleParser,mimeType in <data> is not supported when setting a preferred activity]
04-12 20:41:35.918728  1750  1963 I am_wtf  : [0,1750,system_server,-1,CustomRoleParser,mimeType in <data> is not supported when setting a preferred activity]
04-12 20:41:35.918784  1750  1963 I am_wtf  : [0,1750,system_server,-1,CustomRoleParser,mimeType in <data> is not supported when setting a preferred activity]
04-12 20:41:35.918822  1750  1963 I am_wtf  : [0,1750,system_server,-1,CustomRoleParser,mimeType in <data> is not supported when setting a preferred activity]
04-12 20:41:35.918849  1750  1963 I am_wtf  : [0,1750,system_server,-1,CustomRoleParser,mimeType in <data> is not supported when setting a preferred activity]
04-12 20:41:35.918881  1750  1963 I am_wtf  : [0,1750,system_server,-1,CustomRoleParser,mimeType in <data> is not supported when setting a preferred activity]
04-12 20:41:35.927230  1750  1963 I am_wtf  : [0,1750,system_server,-1,CustomRoleParser,mimeType in <data> is not supported when setting a preferred activity]
04-12 20:41:35.927376  1750  1963 I am_wtf  : [0,1750,system_server,-1,CustomRoleParser,mimeType in <data> is not supported when setting a preferred activity]
04-12 20:41:35.927463  1750  1963 I am_wtf  : [0,1750,system_server,-1,CustomRoleParser,mimeType in <data> is not supported when setting a preferred activity]
04-12 20:41:35.927534  1750  1963 I am_wtf  : [0,1750,system_server,-1,CustomRoleParser,mimeType in <data> is not supported when setting a preferred activity]
04-12 20:41:35.927602  1750  1963 I am_wtf  : [0,1750,system_server,-1,CustomRoleParser,mimeType in <data> is not supported when setting a preferred activity]
04-12 20:41:35.927668  1750  1963 I am_wtf  : [0,1750,system_server,-1,CustomRoleParser,mimeType in <data> is not supported when setting a preferred activity]
04-12 20:41:35.927807  1750  1963 I am_wtf  : [0,1750,system_server,-1,CustomRoleParser,mimeType in <data> is not supported when setting a preferred activity]
04-12 20:41:35.928837  1750  1963 I am_wtf  : [0,1750,system_server,-1,CustomRoleParser,mimeType in <data> is not supported when setting a preferred activity]
04-12 20:41:35.928919  1750  1963 I am_wtf  : [0,1750,system_server,-1,CustomRoleParser,mimeType in <data> is not supported when setting a preferred activity]
04-12 20:41:35.928964  1750  1963 I am_wtf  : [0,1750,system_server,-1,CustomRoleParser,mimeType in <data> is not supported when setting a preferred activity]
04-12 20:41:35.929005  1750  1963 I am_wtf  : [0,1750,system_server,-1,CustomRoleParser,mimeType in <data> is not supported when setting a preferred activity]
04-12 20:41:35.929044  1750  1963 I am_wtf  : [0,1750,system_server,-1,CustomRoleParser,mimeType in <data> is not supported when setting a preferred activity]
04-12 20:41:35.929075  1750  1963 I am_wtf  : [0,1750,system_server,-1,CustomRoleParser,mimeType in <data> is not supported when setting a preferred activity]
04-12 20:41:35.929162  1750  1963 I am_wtf  : [0,1750,system_server,-1,CustomRoleParser,mimeType in <data> is not supported when setting a preferred activity]
04-12 20:41:35.929213  1750  1963 I am_wtf  : [0,1750,system_server,-1,CustomRoleParser,mimeType in <data> is not supported when setting a preferred activity]
04-12 20:41:35.929254  1750  1963 I am_wtf  : [0,1750,system_server,-1,CustomRoleParser,mimeType in <data> is not supported when setting a preferred activity]
04-12 20:41:35.929389  1750  1963 I am_wtf  : [0,1750,system_server,-1,CustomRoleParser,mimeType in <data> is not supported when setting a preferred activity]
04-12 20:41:35.929749  1750  1963 I am_wtf  : [0,1750,system_server,-1,CustomRoleParser,mimeType in <data> is not supported when setting a preferred activity]
04-12 20:41:35.930482  1750  1963 I am_wtf  : [0,1750,system_server,-1,CustomRoleParser,mimeType in <data> is not supported when setting a preferred activity]
04-12 20:41:35.930551  1750  1963 I am_wtf  : [0,1750,system_server,-1,CustomRoleParser,mimeType in <data> is not supported when setting a preferred activity]
04-12 20:41:35.930593  1750  1963 I am_wtf  : [0,1750,system_server,-1,CustomRoleParser,mimeType in <data> is not supported when setting a preferred activity]
04-12 20:41:35.930632  1750  1963 I am_wtf  : [0,1750,system_server,-1,CustomRoleParser,mimeType in <data> is not supported when setting a preferred activity]
04-12 20:41:35.930672  1750  1963 I am_wtf  : [0,1750,system_server,-1,CustomRoleParser,mimeType in <data> is not supported when setting a preferred activity]
04-12 20:41:35.930710  1750  1963 I am_wtf  : [0,1750,system_server,-1,CustomRoleParser,mimeType in <data> is not supported when setting a preferred activity]
04-12 20:41:35.930761  1750  1963 I am_wtf  : [0,1750,system_server,-1,CustomRoleParser,mimeType in <data> is not supported when setting a preferred activity]
04-12 20:41:35.930803  1750  1963 I am_wtf  : [0,1750,system_server,-1,CustomRoleParser,mimeType in <data> is not supported when setting a preferred activity]
04-12 20:41:35.930834  1750  1963 I am_wtf  : [0,1750,system_server,-1,CustomRoleParser,mimeType in <data> is not supported when setting a preferred activity]
04-12 20:41:35.930864  1750  1963 I am_wtf  : [0,1750,system_server,-1,CustomRoleParser,mimeType in <data> is not supported when setting a preferred activity]
04-12 20:41:35.930902  1750  1963 I am_wtf  : [0,1750,system_server,-1,CustomRoleParser,mimeType in <data> is not supported when setting a preferred activity]
04-12 20:41:35.933111  1750  1963 I am_wtf  : [0,1750,system_server,-1,CustomRoleParser,mimeType in <data> is not supported when setting a preferred activity]
04-12 20:41:35.933275  1750  1963 I am_wtf  : [0,1750,system_server,-1,CustomRoleParser,mimeType in <data> is not supported when setting a preferred activity]
04-12 20:41:35.933320  1750  1963 I am_wtf  : [0,1750,system_server,-1,CustomRoleParser,mimeType in <data> is not supported when setting a preferred activity]
04-12 20:41:35.933359  1750  1963 I am_wtf  : [0,1750,system_server,-1,CustomRoleParser,mimeType in <data> is not supported when setting a preferred activity]
04-12 20:41:35.933396  1750  1963 I am_wtf  : [0,1750,system_server,-1,CustomRoleParser,mimeType in <data> is not supported when setting a preferred activity]
04-12 20:41:35.933432  1750  1963 I am_wtf  : [0,1750,system_server,-1,CustomRoleParser,mimeType in <data> is not supported when setting a preferred activity]
04-12 20:41:35.933480  1750  1963 I am_wtf  : [0,1750,system_server,-1,CustomRoleParser,mimeType in <data> is not supported when setting a preferred activity]
04-12 20:41:35.934169  1750  1963 I am_wtf  : [0,1750,system_server,-1,CustomRoleParser,mimeType in <data> is not supported when setting a preferred activity]
04-12 20:41:35.934504  1750  1963 I am_wtf  : [0,1750,system_server,-1,CustomRoleParser,mimeType in <data> is not supported when setting a preferred activity]
04-12 20:41:35.934561  1750  1963 I am_wtf  : [0,1750,system_server,-1,CustomRoleParser,mimeType in <data> is not supported when setting a preferred activity]
04-12 20:41:35.934603  1750  1963 I am_wtf  : [0,1750,system_server,-1,CustomRoleParser,mimeType in <data> is not supported when setting a preferred activity]
04-12 20:41:35.934639  1750  1963 I am_wtf  : [0,1750,system_server,-1,CustomRoleParser,mimeType in <data> is not supported when setting a preferred activity]
04-12 20:41:35.935552  1750  1963 I am_wtf  : [0,1750,system_server,-1,CustomRoleParser,mimeType in <data> is not supported when setting a preferred activity]
04-12 20:41:35.944273  1750  2947 I liblog  : 118
04-12 20:41:35.944288  1750  2947 I liblog  : 3
04-12 20:41:35.944295  1750  2947 I liblog  : 2
04-12 20:41:35.944612  1750  2947 I liblog  : 4
04-12 20:41:35.945712  2936  2936 I service_manager_slow: [16,activity]
04-12 20:41:35.948205  1750  2313 I am_uid_active: 10199
04-12 20:41:35.952000  2730  2730 I auditd  : type=1400 audit(0.0:315): avc:  denied  { read } for  comm="om.mediatek.ims" name="u:object_r:system_trancare_prop:s0" dev="tmpfs" ino=554 scontext=u:r:radio:s0 tcontext=u:object_r:system_trancare_prop:s0 tclass=file permissive=0
04-12 20:41:35.952000  2730  2730 I auditd  : type=1400 audit(0.0:316): avc:  denied  { read } for  comm="om.mediatek.ims" name="u:object_r:vendor_irtx_prop:s0" dev="tmpfs" ino=614 scontext=u:r:radio:s0 tcontext=u:object_r:vendor_irtx_prop:s0 tclass=file permissive=0
04-12 20:41:35.952000  2730  2730 I auditd  : type=1400 audit(0.0:317): avc:  denied  { read } for  comm="om.mediatek.ims" name="u:object_r:qemu_hw_prop:s0" dev="tmpfs" ino=396 scontext=u:r:radio:s0 tcontext=u:object_r:qemu_hw_prop:s0 tclass=file permissive=0
04-12 20:41:35.955284  1750  2695 I am_proc_bound: [0,2936,com.transsion.multiwindow]
04-12 20:41:35.967640  1750  2588 I wm_restart_activity: [0,16206748,2,com.transsion.launcher3/com.android.launcher3.uioverrides.QuickstepLauncher]
04-12 20:41:35.971169  2730  2730 I service_manager_slow: [14,tran_bootstrap_service_manager]
04-12 20:41:35.971217  1750  2588 I wm_set_resumed_activity: [0,com.transsion.launcher3/com.android.launcher3.uioverrides.QuickstepLauncher,realStartActivityLocked - onActivityStateChanged]
04-12 20:41:35.976000  2936  2936 I auditd  : type=1400 audit(0.0:318): avc:  denied  { read write } for  comm="re-initialized>" name="ensignal" dev="tmpfs" ino=2080 scontext=u:r:system_app:s0 tcontext=u:object_r:ensignal_device:s0 tclass=chr_file permissive=0
04-12 20:41:35.980000  2936  2936 I auditd  : type=1400 audit(0.0:319): avc:  denied  { read write } for  comm="re-initialized>" name="ensignal" dev="tmpfs" ino=2080 scontext=u:r:system_app:s0 tcontext=u:object_r:ensignal_device:s0 tclass=chr_file permissive=0
04-12 20:41:35.980000  2730  2730 I auditd  : type=1400 audit(0.0:320): avc:  denied  { read } for  comm="om.mediatek.ims" name="u:object_r:system_trancare_prop:s0" dev="tmpfs" ino=554 scontext=u:r:radio:s0 tcontext=u:object_r:system_trancare_prop:s0 tclass=file permissive=0
04-12 20:41:35.998494  2774  2774 I service_manager_slow: [11,isub]
04-12 20:41:36.014741  1750  2193 I pm_critical_info: setEnabledSettings callingUid = 1000 callingPid = 1750 packageName = com.android.bluetooth componentName = ComponentInfo{com.android.bluetooth/com.android.bluetooth.opp.BluetoothOppLauncherActivity} callingPackage= android newState = 1 userId = 0 flags = 1
04-12 20:41:36.020881  1750  2193 I pm_critical_info: setEnabledSettings callingUid = 1000 callingPid = 1750 packageName = com.android.bluetooth componentName = ComponentInfo{com.android.bluetooth/com.android.bluetooth.opp.BluetoothOppBtEnableActivity} callingPackage= android newState = 1 userId = 0 flags = 1
04-12 20:41:36.048791  1750  2193 I pm_critical_info: setEnabledSettings callingUid = 1000 callingPid = 1750 packageName = com.android.bluetooth componentName = ComponentInfo{com.android.bluetooth/com.android.bluetooth.opp.BluetoothOppBtEnablingActivity} callingPackage= android newState = 1 userId = 0 flags = 1
04-12 20:41:36.055306  1750  2193 I pm_critical_info: setEnabledSettings callingUid = 1000 callingPid = 1750 packageName = com.android.bluetooth componentName = ComponentInfo{com.android.bluetooth/com.android.bluetooth.opp.BluetoothOppBtErrorActivity} callingPackage= android newState = 1 userId = 0 flags = 1
04-12 20:41:36.064176  1750  2193 I pm_critical_info: setEnabledSettings callingUid = 1000 callingPid = 1750 packageName = com.android.bluetooth componentName = ComponentInfo{com.android.bluetooth/com.android.bluetooth.opp.BluetoothOppLauncherActivity} callingPackage= android newState = 1 userId = 0 flags = 1
04-12 20:41:36.064000  2936  2936 I auditd  : type=1400 audit(0.0:321): avc:  denied  { map } for  comm="ion.multiwindow" path="/dev/__properties__/u:object_r:vendor_irtx_prop:s0" dev="tmpfs" ino=614 scontext=u:r:system_app:s0 tcontext=u:object_r:vendor_irtx_prop:s0 tclass=file permissive=0
04-12 20:41:36.064000  2936  2936 I auditd  : type=1400 audit(0.0:322): avc:  denied  { read } for  comm="ion.multiwindow" name="u:object_r:qemu_hw_prop:s0" dev="tmpfs" ino=396 scontext=u:r:system_app:s0 tcontext=u:object_r:qemu_hw_prop:s0 tclass=file permissive=0
04-12 20:41:36.080820  1750  2193 I pm_critical_info: setEnabledSettings callingUid = 1000 callingPid = 1750 packageName = com.android.bluetooth componentName = ComponentInfo{com.android.bluetooth/com.android.bluetooth.opp.BluetoothOppBtEnableActivity} callingPackage= android newState = 1 userId = 0 flags = 1
04-12 20:41:36.084819  1750  2193 I pm_critical_info: setEnabledSettings callingUid = 1000 callingPid = 1750 packageName = com.android.bluetooth componentName = ComponentInfo{com.android.bluetooth/com.android.bluetooth.opp.BluetoothOppBtEnablingActivity} callingPackage= android newState = 1 userId = 0 flags = 1
04-12 20:41:36.088507  1750  2193 I pm_critical_info: setEnabledSettings callingUid = 1000 callingPid = 1750 packageName = com.android.bluetooth componentName = ComponentInfo{com.android.bluetooth/com.android.bluetooth.opp.BluetoothOppBtErrorActivity} callingPackage= android newState = 1 userId = 0 flags = 1
04-12 20:41:36.100000  2835  2835 I auditd  : type=1400 audit(0.0:323): avc:  denied  { read } for  comm=4F6E65494420576F726B6572 name="u:object_r:vendor_security_patch_level_prop:s0" dev="tmpfs" ino=888 scontext=u:r:platform_app:s0:c512,c768 tcontext=u:object_r:vendor_security_patch_level_prop:s0 tclass=file permissive=0 app=com.transsion.livewallpaper.custompictorial
04-12 20:41:36.178331  1750  2249 I notification_enqueue: [1000,1750,android,32,NULL,-1,Notification(channel=ALERTS shortcut=null contentView=null vibrate=null sound=null tick defaults=0 flags=ONGOING_EVENT|CAN_COLORIZE color=0x00000000 vis=PUBLIC),0,1]
04-12 20:41:36.179550  1750  2249 I sysui_multi_action: [757,1501,758,1,793,47,794,0,795,47,796,32,806,android,857,ALERTS,858,3,947,0,1500,0]
04-12 20:41:36.179601  1750  2249 I sysui_multi_action: [757,804,799,note_interruptive,801,0,802,1]
04-12 20:41:36.180282  1750  2249 I sysui_multi_action: [757,199,758,1,759,32784,793,48,794,0,795,48,796,32,806,android,857,ALERTS,858,3,947,0,1500,1,1688,1]
04-12 20:41:36.180321  1750  2249 I notification_alert: [-1|android|32|null|1000,0,0,0,2,32768]
04-12 20:41:36.232263  1750  1952 I pm_critical_info: setEnabledSettings callingUid = 1000 callingPid = 1750 packageName = com.google.android.marvin.talkback componentName = ComponentInfo{com.google.android.marvin.talkback/com.google.android.accessibility.accessibilitymenu.AccessibilityMenuService} callingPackage= android newState = 2 userId = 0 flags = 1
04-12 20:41:36.266316  1750  1963 I dvm_lock_sample: [system_server,1,ActivityManager,14,BroadcastQueueImpl.java,493,void com.android.server.am.BroadcastQueueImpl.updateRunningList(),ActivityManagerService.java,4294,boolean com.android.server.am.ActivityManagerService.registerForegroundServiceObserver(android.app.IForegroundServiceObserver),2]
04-12 20:41:36.268000   560   560 I auditd  : type=1400 audit(0.0:325): avc:  denied  { read } for  comm="logd.writer" name="u:object_r:bluetooth_prop:s0" dev="tmpfs" ino=173 scontext=u:r:logd:s0 tcontext=u:object_r:bluetooth_prop:s0 tclass=file permissive=0
04-12 20:41:36.268000   560   560 I auditd  : type=1400 audit(0.0:326): avc:  denied  { read } for  comm="logd.writer" name="u:object_r:bluetooth_prop:s0" dev="tmpfs" ino=173 scontext=u:r:logd:s0 tcontext=u:object_r:bluetooth_prop:s0 tclass=file permissive=0
04-12 20:41:36.268000   560   560 I auditd  : type=1400 audit(0.0:327): avc:  denied  { read } for  comm="logd.writer" name="u:object_r:bluetooth_prop:s0" dev="tmpfs" ino=173 scontext=u:r:logd:s0 tcontext=u:object_r:bluetooth_prop:s0 tclass=file permissive=0
04-12 20:41:36.268000   560   560 I auditd  : type=1400 audit(0.0:328): avc:  denied  { read } for  comm="logd.writer" name="u:object_r:bluetooth_prop:s0" dev="tmpfs" ino=173 scontext=u:r:logd:s0 tcontext=u:object_r:bluetooth_prop:s0 tclass=file permissive=0
04-12 20:41:36.272000   560   560 I auditd  : type=1400 audit(0.0:329): avc:  denied  { read } for  comm="logd.writer" name="u:object_r:bluetooth_prop:s0" dev="tmpfs" ino=173 scontext=u:r:logd:s0 tcontext=u:object_r:bluetooth_prop:s0 tclass=file permissive=0
04-12 20:41:36.276000  2774  2774 I auditd  : type=1400 audit(0.0:330): avc:  denied  { watch watch_reads } for  comm="on.tranradionet" path="/system_ext/etc/vconfig/celluar/ussd_balance.json" dev="dm-17" ino=29975961 scontext=u:r:system_app:s0 tcontext=u:object_r:system_file:s0 tclass=file permissive=0
04-12 20:41:36.280000   560   560 I auditd  : type=1400 audit(0.0:331): avc:  denied  { read } for  comm="logd.writer" name="u:object_r:bluetooth_prop:s0" dev="tmpfs" ino=173 scontext=u:r:logd:s0 tcontext=u:object_r:bluetooth_prop:s0 tclass=file permissive=0
04-12 20:41:36.280000   560   560 I auditd  : type=1400 audit(0.0:332): avc:  denied  { read } for  comm="logd.writer" name="u:object_r:bluetooth_prop:s0" dev="tmpfs" ino=173 scontext=u:r:logd:s0 tcontext=u:object_r:bluetooth_prop:s0 tclass=file permissive=0
04-12 20:41:36.280000   560   560 I auditd  : type=1400 audit(0.0:333): avc:  denied  { read } for  comm="logd.writer" name="u:object_r:bluetooth_prop:s0" dev="tmpfs" ino=173 scontext=u:r:logd:s0 tcontext=u:object_r:bluetooth_prop:s0 tclass=file permissive=0
04-12 20:41:36.284000   560   560 I auditd  : type=1400 audit(0.0:334): avc:  denied  { read } for  comm="logd.writer" name="u:object_r:bluetooth_prop:s0" dev="tmpfs" ino=173 scontext=u:r:logd:s0 tcontext=u:object_r:bluetooth_prop:s0 tclass=file permissive=0
04-12 20:41:36.284000   560   560 I auditd  : type=1400 audit(0.0:335): avc:  denied  { read } for  comm="logd.writer" name="u:object_r:bluetooth_prop:s0" dev="tmpfs" ino=173 scontext=u:r:logd:s0 tcontext=u:object_r:bluetooth_prop:s0 tclass=file permissive=0
04-12 20:41:36.284000   560   560 I auditd  : type=1400 audit(0.0:336): avc:  denied  { read } for  comm="logd.writer" name="u:object_r:bluetooth_prop:s0" dev="tmpfs" ino=173 scontext=u:r:logd:s0 tcontext=u:object_r:bluetooth_prop:s0 tclass=file permissive=0
04-12 20:41:36.313451  2451  2451 I wm_on_create_called: [16206748,com.android.launcher3.uioverrides.QuickstepLauncher,performCreate,232]
04-12 20:41:36.317480  2451  2451 I wm_on_start_called: [16206748,com.android.launcher3.uioverrides.QuickstepLauncher,handleStartActivity,4]
04-12 20:41:36.318847  2451  2451 I wm_on_resume_called: [16206748,com.android.launcher3.uioverrides.QuickstepLauncher,RESUME_ACTIVITY,1]
04-12 20:41:36.360876  1750  1944 I dvm_lock_sample: [system_server,1,android.anim,14,WindowAnimator.java,112,void com.android.server.wm.WindowAnimator.lambda$new$1(long),WindowManagerService.java,3156,int com.android.server.wm.WindowManagerService.relayoutWindow(com.android.server.wm.Session, android.view.IWindow, android.view.WindowManager$LayoutParams, int, int, int, int, int, int, android.view.WindowRelayoutResult),2]
04-12 20:41:36.362117  1750  1944 I wm_wallpaper_surface: [0,1,Window{8eff6eb u0 com.transsion.launcher3/com.android.launcher3.uioverrides.QuickstepLauncher}]
04-12 20:41:36.366433  1750  1944 I input_focus: [Focus request 8eff6eb com.transsion.launcher3/com.android.launcher3.uioverrides.QuickstepLauncher,reason=UpdateInputWindows]
04-12 20:41:36.374920  1750  2695 I wm_task_created: 3
04-12 20:41:36.380772  1750  2048 I wm_task_created: 4
04-12 20:41:36.382089  2451  2451 I viewroot_draw_event: [VRI[QuickstepLauncher],reportDrawFinished seqId=0]
04-12 20:41:36.382482  2451  2451 I wm_on_top_resumed_gained_called: [16206748,com.android.launcher3.uioverrides.QuickstepLauncher,topStateChangedWhenResumed]
04-12 20:41:36.393302  1750  2047 I wm_task_created: 5
04-12 20:41:36.406358  2774  2774 I service_manager_slow: [15,location]
04-12 20:41:36.410233  1750  1924 I sysui_multi_action: [319,0,322,810,325,19,757,761,758,7,759,3,806,com.transsion.launcher3,871,com.android.launcher3.uioverrides.QuickstepLauncher,905,0,945,232,1320,4,1321,23]
04-12 20:41:36.410740  1750  1924 I wm_activity_launch_time: [0,16206748,com.transsion.launcher3/com.android.launcher3.uioverrides.QuickstepLauncher,810]
04-12 20:41:36.427179  1750  1943 I boot_progress_enable_screen: 20210
04-12 20:41:36.429713  1750  1943 I screen_toggled: 1
04-12 20:41:36.450495  2936  3061 I viewroot_draw_event: [VRI[Tran_Float_Window_BG],Not drawing due to not visible. Reason=View.INVISIBLE]
04-12 20:41:36.470714  1750  1964 I am_proc_start: [0,3181,1000,com.transsion.keyguardgesture,service,{com.transsion.microintelligence/com.transsion.keyguardgesture.service.KeyguardGestureService},caller=system/1000]
04-12 20:41:36.516000  2812  2812 I auditd  : type=1400 audit(0.0:337): avc:  denied  { read } for  comm=4F6E65494420576F726B6572 name="u:object_r:vendor_security_patch_level_prop:s0" dev="tmpfs" ino=888 scontext=u:r:platform_app:s0:c512,c768 tcontext=u:object_r:vendor_security_patch_level_prop:s0 tclass=file permissive=0 app=com.android.systemui
04-12 20:41:36.524524  1750  2048 I am_proc_bound: [0,3181,com.transsion.keyguardgesture]
04-12 20:41:36.536452  2936  3060 I viewroot_draw_event: [VRI[Tran_Float_Window_BG],Not drawing due to not visible. Reason=View.INVISIBLE]
04-12 20:41:36.556037  2774  2895 I service_manager_stats: [100,112,20338]
04-12 20:41:36.568478  1750  2047 I wm_task_removed: [4,4,0,reParentTask:sanitizeAndApplyHierarchyOp]
04-12 20:41:36.568649  1750  1964 I am_proc_start: [0,3220,1000,com.android.settings,broadcast,{com.android.settings/com.transsion.settings.network.telephony.TranDataSwitchNotification},caller=com.android.phone/1001,action = android.intent.action.ACTION_DEFAULT_DATA_SUBSCRIPTION_CHANGED]
04-12 20:41:36.568811  1750  2047 I wm_task_moved: [4,3,0,1,2147483647]
04-12 20:41:36.568849  1750  2047 I wm_task_removed: [5,5,0,reParentTask:sanitizeAndApplyHierarchyOp]
04-12 20:41:36.569124  1750  2047 I wm_task_moved: [5,3,0,1,2147483647]
04-12 20:41:36.544000  3181  3181 I auditd  : type=1400 audit(0.0:339): avc:  denied  { read write } for  comm="re-initialized>" name="ensignal" dev="tmpfs" ino=2080 scontext=u:r:system_app:s0 tcontext=u:object_r:ensignal_device:s0 tclass=chr_file permissive=0
04-12 20:41:36.597383  2812  3005 I viewroot_draw_event: [VRI[ShellDropTarget],Not drawing due to not visible. Reason=View.INVISIBLE]
04-12 20:41:36.597899  1750  2588 I am_proc_bound: [0,3220,com.android.settings]
04-12 20:41:36.596000  3181  3181 I auditd  : type=1400 audit(0.0:340): avc:  denied  { map } for  comm="keyguardgesture" path="/dev/__properties__/u:object_r:vendor_irtx_prop:s0" dev="tmpfs" ino=614 scontext=u:r:system_app:s0 tcontext=u:object_r:vendor_irtx_prop:s0 tclass=file permissive=0
04-12 20:41:36.596000  3181  3181 I auditd  : type=1400 audit(0.0:341): avc:  denied  { read } for  comm="keyguardgesture" name="u:object_r:qemu_hw_prop:s0" dev="tmpfs" ino=396 scontext=u:r:system_app:s0 tcontext=u:object_r:qemu_hw_prop:s0 tclass=file permissive=0
04-12 20:41:36.600000  3220  3220 I auditd  : type=1400 audit(0.0:342): avc:  denied  { read write } for  comm="re-initialized>" name="ensignal" dev="tmpfs" ino=2080 scontext=u:r:system_app:s0 tcontext=u:object_r:ensignal_device:s0 tclass=chr_file permissive=0
04-12 20:41:36.600000  3220  3220 I auditd  : type=1400 audit(0.0:343): avc:  denied  { read write } for  comm="re-initialized>" name="ensignal" dev="tmpfs" ino=2080 scontext=u:r:system_app:s0 tcontext=u:object_r:ensignal_device:s0 tclass=chr_file permissive=0
04-12 20:41:36.620719  2936  3060 I viewroot_draw_event: [VRI[Tran_Left_Window],Not drawing due to not visible. Reason=View.GONE]
04-12 20:41:36.632472  2936  3060 I viewroot_draw_event: [VRI[Tran_Right_Window],Not drawing due to not visible. Reason=View.GONE]
04-12 20:41:36.637959  1750  1963 I am_wtf  : [0,1750,system_server,-1,ActivityManager,Background started FGS: Allowed [callingPackage: android; callingUid: 1000; uidState: PER ; uidBFSL: [BFSL]; intent: Intent { act=init xflg=0x4 cmp=com.transsion.microintelligence/com.transsion.keyguardgesture.service.KeyguardGestureService }; code:PROC_STATE_PERSISTENT; tempAllowListReason:<null>; allowWiu:10; targetSdkVersion:35; callerTargetSdkVersion:36; startForegroundCount:0; bindFromPackage:null: isBindService:false]]
04-12 20:41:36.638299  1750  2588 I am_foreground_service_start: [0,com.transsion.microintelligence/com.transsion.keyguardgesture.service.KeyguardGestureService,1,PROC_STATE_PERSISTENT,35,36,0,0,0,1,UNKNOWN,128]
04-12 20:41:36.646133  1750  2249 I notification_cancel_all: [1000,1750,com.transsion.microintelligence,0,0,0,17,NULL]
04-12 20:41:36.646206  1750  2249 I notification_cancel_all: [1000,1750,com.transsion.microintelligence,0,0,0,17,NULL]
04-12 20:41:36.648534  2936  3060 I viewroot_draw_event: [VRI[Tran_Float_Window_Guide],Not drawing due to not visible. Reason=View.INVISIBLE]
04-12 20:41:36.664000     1     1 I auditd  : type=1107 audit(0.0:344): uid=0 auid=4294967295 ses=4294967295 subj=u:r:init:s0 msg='avc:  denied  { set } for property=ro.tr_perf.aegean.cg.kernel.support pid=1404 uid=1013 gid=1005 scontext=u:r:mediaserver:s0 tcontext=u:object_r:default_prop:s0 tclass=property_service permissive=0'
04-12 20:41:36.716993  1750  2550 I wm_set_requested_orientation: [5,com.transsion.launcher3/com.android.launcher3.uioverrides.QuickstepLauncher]
04-12 20:41:36.712000   560   560 I auditd  : type=1400 audit(0.0:345): avc:  denied  { read } for  comm="logd.writer" name="u:object_r:bluetooth_prop:s0" dev="tmpfs" ino=173 scontext=u:r:logd:s0 tcontext=u:object_r:bluetooth_prop:s0 tclass=file permissive=0
04-12 20:41:36.712000   560   560 I auditd  : type=1400 audit(0.0:346): avc:  denied  { read } for  comm="logd.writer" name="u:object_r:bluetooth_prop:s0" dev="tmpfs" ino=173 scontext=u:r:logd:s0 tcontext=u:object_r:bluetooth_prop:s0 tclass=file permissive=0
04-12 20:41:36.712000   560   560 I auditd  : type=1400 audit(0.0:347): avc:  denied  { read } for  comm="logd.writer" name="u:object_r:bluetooth_prop:s0" dev="tmpfs" ino=173 scontext=u:r:logd:s0 tcontext=u:object_r:bluetooth_prop:s0 tclass=file permissive=0
04-12 20:41:36.724000   560   560 I auditd  : type=1400 audit(0.0:348): avc:  denied  { read } for  comm="logd.writer" name="u:object_r:bluetooth_prop:s0" dev="tmpfs" ino=173 scontext=u:r:logd:s0 tcontext=u:object_r:bluetooth_prop:s0 tclass=file permissive=0
04-12 20:41:36.744298  2713  3281 I service_manager_slow: [10,carrier_config]
04-12 20:41:36.776000   560   560 I auditd  : type=1400 audit(0.0:350): avc:  denied  { read } for  comm="logd.writer" name="u:object_r:bluetooth_prop:s0" dev="tmpfs" ino=173 scontext=u:r:logd:s0 tcontext=u:object_r:bluetooth_prop:s0 tclass=file permissive=0
04-12 20:41:36.776000   560   560 I auditd  : type=1400 audit(0.0:351): avc:  denied  { read } for  comm="logd.writer" name="u:object_r:bluetooth_prop:s0" dev="tmpfs" ino=173 scontext=u:r:logd:s0 tcontext=u:object_r:bluetooth_prop:s0 tclass=file permissive=0
04-12 20:41:36.780000   560   560 I auditd  : type=1400 audit(0.0:352): avc:  denied  { read } for  comm="logd.writer" name="u:object_r:bluetooth_prop:s0" dev="tmpfs" ino=173 scontext=u:r:logd:s0 tcontext=u:object_r:bluetooth_prop:s0 tclass=file permissive=0
04-12 20:41:36.780000   560   560 I auditd  : type=1400 audit(0.0:353): avc:  denied  { read } for  comm="logd.writer" name="u:object_r:bluetooth_prop:s0" dev="tmpfs" ino=173 scontext=u:r:logd:s0 tcontext=u:object_r:bluetooth_prop:s0 tclass=file permissive=0
04-12 20:41:36.780000   560   560 I auditd  : type=1400 audit(0.0:354): avc:  denied  { read } for  comm="logd.writer" name="u:object_r:bluetooth_prop:s0" dev="tmpfs" ino=173 scontext=u:r:logd:s0 tcontext=u:object_r:bluetooth_prop:s0 tclass=file permissive=0
04-12 20:41:36.780000   560   560 I auditd  : type=1400 audit(0.0:355): avc:  denied  { read } for  comm="logd.writer" name="u:object_r:bluetooth_prop:s0" dev="tmpfs" ino=173 scontext=u:r:logd:s0 tcontext=u:object_r:bluetooth_prop:s0 tclass=file permissive=0
04-12 20:41:36.780000   560   560 I auditd  : type=1400 audit(0.0:356): avc:  denied  { read } for  comm="logd.writer" name="u:object_r:bluetooth_prop:s0" dev="tmpfs" ino=173 scontext=u:r:logd:s0 tcontext=u:object_r:bluetooth_prop:s0 tclass=file permissive=0
04-12 20:41:36.784000   560   560 I auditd  : type=1400 audit(0.0:357): avc:  denied  { read } for  comm="logd.writer" name="u:object_r:bluetooth_prop:s0" dev="tmpfs" ino=173 scontext=u:r:logd:s0 tcontext=u:object_r:bluetooth_prop:s0 tclass=file permissive=0
04-12 20:41:36.784000   560   560 I auditd  : type=1400 audit(0.0:358): avc:  denied  { read } for  comm="logd.writer" name="u:object_r:bluetooth_prop:s0" dev="tmpfs" ino=173 scontext=u:r:logd:s0 tcontext=u:object_r:bluetooth_prop:s0 tclass=file permissive=0
04-12 20:41:36.788000   560   560 I auditd  : type=1400 audit(0.0:359): avc:  denied  { read } for  comm="logd.writer" name="u:object_r:bluetooth_prop:s0" dev="tmpfs" ino=173 scontext=u:r:logd:s0 tcontext=u:object_r:bluetooth_prop:s0 tclass=file permissive=0
04-12 20:41:36.788000   560   560 I auditd  : type=1400 audit(0.0:360): avc:  denied  { read } for  comm="logd.writer" name="u:object_r:bluetooth_prop:s0" dev="tmpfs" ino=173 scontext=u:r:logd:s0 tcontext=u:object_r:bluetooth_prop:s0 tclass=file permissive=0
04-12 20:41:36.792000   560   560 I auditd  : type=1400 audit(0.0:361): avc:  denied  { read } for  comm="logd.writer" name="u:object_r:bluetooth_prop:s0" dev="tmpfs" ino=173 scontext=u:r:logd:s0 tcontext=u:object_r:bluetooth_prop:s0 tclass=file permissive=0
04-12 20:41:36.808000   560   560 I auditd  : type=1400 audit(0.0:362): avc:  denied  { read } for  comm="logd.writer" name="u:object_r:bluetooth_prop:s0" dev="tmpfs" ino=173 scontext=u:r:logd:s0 tcontext=u:object_r:bluetooth_prop:s0 tclass=file permissive=0
04-12 20:41:36.808000   560   560 I auditd  : type=1400 audit(0.0:363): avc:  denied  { read } for  comm="logd.writer" name="u:object_r:bluetooth_prop:s0" dev="tmpfs" ino=173 scontext=u:r:logd:s0 tcontext=u:object_r:bluetooth_prop:s0 tclass=file permissive=0
04-12 20:41:36.808000   560   560 I auditd  : type=1400 audit(0.0:364): avc:  denied  { read } for  comm="logd.writer" name="u:object_r:bluetooth_prop:s0" dev="tmpfs" ino=173 scontext=u:r:logd:s0 tcontext=u:object_r:bluetooth_prop:s0 tclass=file permissive=0
04-12 20:41:36.832000   560   560 I auditd  : type=1400 audit(0.0:365): avc:  denied  { read } for  comm="logd.writer" name="u:object_r:bluetooth_prop:s0" dev="tmpfs" ino=173 scontext=u:r:logd:s0 tcontext=u:object_r:bluetooth_prop:s0 tclass=file permissive=0
04-12 20:41:36.836000  2696  2696 I auditd  : type=1400 audit(0.0:366): avc:  denied  { read } for  comm="droid.bluetooth" name="u:object_r:transsion_vendor_prop:s0" dev="tmpfs" ino=588 scontext=u:r:bluetooth:s0 tcontext=u:object_r:transsion_vendor_prop:s0 tclass=file permissive=0
04-12 20:41:36.836000  2696  2696 I auditd  : type=1400 audit(0.0:367): avc:  denied  { read } for  comm="droid.bluetooth" name="u:object_r:vendor_irtx_prop:s0" dev="tmpfs" ino=614 scontext=u:r:bluetooth:s0 tcontext=u:object_r:vendor_irtx_prop:s0 tclass=file permissive=0
04-12 20:41:36.836000  2696  2696 I auditd  : type=1400 audit(0.0:368): avc:  denied  { read } for  comm="droid.bluetooth" name="u:object_r:qemu_hw_prop:s0" dev="tmpfs" ino=396 scontext=u:r:bluetooth:s0 tcontext=u:object_r:qemu_hw_prop:s0 tclass=file permissive=0
04-12 20:41:36.840000  3220  3220 I auditd  : type=1400 audit(0.0:369): avc:  denied  { map } for  comm="ndroid.settings" path="/dev/__properties__/u:object_r:vendor_irtx_prop:s0" dev="tmpfs" ino=614 scontext=u:r:system_app:s0 tcontext=u:object_r:vendor_irtx_prop:s0 tclass=file permissive=0
04-12 20:41:36.840000  3220  3220 I auditd  : type=1400 audit(0.0:370): avc:  denied  { read } for  comm="ndroid.settings" name="u:object_r:qemu_hw_prop:s0" dev="tmpfs" ino=396 scontext=u:r:system_app:s0 tcontext=u:object_r:qemu_hw_prop:s0 tclass=file permissive=0
04-12 20:41:36.860000   560   560 I auditd  : type=1400 audit(0.0:371): avc:  denied  { read } for  comm="logd.writer" name="u:object_r:bluetooth_prop:s0" dev="tmpfs" ino=173 scontext=u:r:logd:s0 tcontext=u:object_r:bluetooth_prop:s0 tclass=file permissive=0
04-12 20:41:36.883217  1750  2249 I notification_cancel_all: [1000,1750,com.transsion.microintelligence,0,0,0,17,NULL]
04-12 20:41:36.883254  1750  2249 I notification_cancel_all: [1000,1750,com.transsion.microintelligence,0,0,0,17,NULL]
04-12 20:41:36.896000   560   560 I auditd  : type=1400 audit(0.0:372): avc:  denied  { read } for  comm="logd.writer" name="u:object_r:bluetooth_prop:s0" dev="tmpfs" ino=173 scontext=u:r:logd:s0 tcontext=u:object_r:bluetooth_prop:s0 tclass=file permissive=0
04-12 20:41:36.896000   560   560 I auditd  : type=1400 audit(0.0:373): avc:  denied  { read } for  comm="logd.writer" name="u:object_r:bluetooth_prop:s0" dev="tmpfs" ino=173 scontext=u:r:logd:s0 tcontext=u:object_r:bluetooth_prop:s0 tclass=file permissive=0
04-12 20:41:36.896000   560   560 I auditd  : type=1400 audit(0.0:374): avc:  denied  { read } for  comm="logd.writer" name="u:object_r:bluetooth_prop:s0" dev="tmpfs" ino=173 scontext=u:r:logd:s0 tcontext=u:object_r:bluetooth_prop:s0 tclass=file permissive=0
04-12 20:41:36.904000   560   560 I auditd  : type=1400 audit(0.0:375): avc:  denied  { read } for  comm="logd.writer" name="u:object_r:bluetooth_prop:s0" dev="tmpfs" ino=173 scontext=u:r:logd:s0 tcontext=u:object_r:bluetooth_prop:s0 tclass=file permissive=0
04-12 20:41:36.910021  1750  1942 I commit_sys_config_file: [notification-policy,12]
04-12 20:41:36.908000   560   560 I auditd  : type=1400 audit(0.0:376): avc:  denied  { read } for  comm="logd.writer" name="u:object_r:bluetooth_prop:s0" dev="tmpfs" ino=173 scontext=u:r:logd:s0 tcontext=u:object_r:bluetooth_prop:s0 tclass=file permissive=0
04-12 20:41:36.908000   560   560 I auditd  : type=1400 audit(0.0:377): avc:  denied  { read } for  comm="logd.writer" name="u:object_r:bluetooth_prop:s0" dev="tmpfs" ino=173 scontext=u:r:logd:s0 tcontext=u:object_r:bluetooth_prop:s0 tclass=file permissive=0
04-12 20:41:36.908000   560   560 I auditd  : type=1400 audit(0.0:378): avc:  denied  { read } for  comm="logd.writer" name="u:object_r:bluetooth_prop:s0" dev="tmpfs" ino=173 scontext=u:r:logd:s0 tcontext=u:object_r:bluetooth_prop:s0 tclass=file permissive=0
04-12 20:41:36.908000   560   560 I auditd  : type=1400 audit(0.0:379): avc:  denied  { read } for  comm="logd.writer" name="u:object_r:bluetooth_prop:s0" dev="tmpfs" ino=173 scontext=u:r:logd:s0 tcontext=u:object_r:bluetooth_prop:s0 tclass=file permissive=0
04-12 20:41:36.908000   560   560 I auditd  : type=1400 audit(0.0:380): avc:  denied  { read } for  comm="logd.writer" name="u:object_r:bluetooth_prop:s0" dev="tmpfs" ino=173 scontext=u:r:logd:s0 tcontext=u:object_r:bluetooth_prop:s0 tclass=file permissive=0
04-12 20:41:36.915241  3181  3181 I viewroot_draw_event: [VRI[],Not drawing due to not visible. Reason=View.GONE]
04-12 20:41:36.916845  1750  2249 I notification_cancel_all: [1000,1750,com.transsion.microintelligence,0,0,0,17,NULL]
04-12 20:41:36.918968  1750  2249 I notification_cancel_all: [1000,1750,com.transsion.microintelligence,0,0,0,17,NULL]
04-12 20:41:36.920000   560   560 I auditd  : type=1400 audit(0.0:381): avc:  denied  { read } for  comm="logd.writer" name="u:object_r:bluetooth_prop:s0" dev="tmpfs" ino=173 scontext=u:r:logd:s0 tcontext=u:object_r:bluetooth_prop:s0 tclass=file permissive=0
04-12 20:41:36.920000   560   560 I auditd  : type=1400 audit(0.0:382): avc:  denied  { read } for  comm="logd.writer" name="u:object_r:bluetooth_prop:s0" dev="tmpfs" ino=173 scontext=u:r:logd:s0 tcontext=u:object_r:bluetooth_prop:s0 tclass=file permissive=0
04-12 20:41:36.920000   560   560 I auditd  : type=1400 audit(0.0:383): avc:  denied  { read } for  comm="logd.writer" name="u:object_r:bluetooth_prop:s0" dev="tmpfs" ino=173 scontext=u:r:logd:s0 tcontext=u:object_r:bluetooth_prop:s0 tclass=file permissive=0
04-12 20:41:36.968000   560   560 I auditd  : type=1400 audit(0.0:384): avc:  denied  { read } for  comm="logd.writer" name="u:object_r:bluetooth_prop:s0" dev="tmpfs" ino=173 scontext=u:r:logd:s0 tcontext=u:object_r:bluetooth_prop:s0 tclass=file permissive=0
04-12 20:41:36.979592  1750  1963 I am_uid_running: 10274
04-12 20:41:36.980000   560   560 I auditd  : type=1400 audit(0.0:385): avc:  denied  { read } for  comm="logd.writer" name="u:object_r:bluetooth_prop:s0" dev="tmpfs" ino=173 scontext=u:r:logd:s0 tcontext=u:object_r:bluetooth_prop:s0 tclass=file permissive=0
04-12 20:41:37.016901  1750  1964 I am_proc_start: [0,3368,10274,com.google.android.cellbroadcastreceiver,broadcast,{com.google.android.cellbroadcastreceiver/com.android.cellbroadcastreceiver.CellBroadcastReceiver},caller=com.android.phone/1001,action = android.telephony.action.DEFAULT_SMS_SUBSCRIPTION_CHANGED]
04-12 20:41:37.024000   560   560 I auditd  : type=1400 audit(0.0:386): avc:  denied  { read } for  comm="logd.writer" name="u:object_r:bluetooth_prop:s0" dev="tmpfs" ino=173 scontext=u:r:logd:s0 tcontext=u:object_r:bluetooth_prop:s0 tclass=file permissive=0
04-12 20:41:37.024000   560   560 I auditd  : type=1400 audit(0.0:387): avc:  denied  { read } for  comm="logd.writer" name="u:object_r:bluetooth_prop:s0" dev="tmpfs" ino=173 scontext=u:r:logd:s0 tcontext=u:object_r:bluetooth_prop:s0 tclass=file permissive=0
04-12 20:41:37.024000   560   560 I auditd  : type=1400 audit(0.0:388): avc:  denied  { read } for  comm="logd.writer" name="u:object_r:bluetooth_prop:s0" dev="tmpfs" ino=173 scontext=u:r:logd:s0 tcontext=u:object_r:bluetooth_prop:s0 tclass=file permissive=0
04-12 20:41:37.037273  1750  2005 I am_proc_bound: [0,3368,com.google.android.cellbroadcastreceiver]
04-12 20:41:37.056000  3368  3368 I auditd  : type=1400 audit(0.0:389): avc:  denied  { read write } for  comm="re-initialized>" name="ensignal" dev="tmpfs" ino=2080 scontext=u:r:priv_app:s0:c512,c768 tcontext=u:object_r:ensignal_device:s0 tclass=chr_file permissive=0 app=com.google.android.cellbroadcastreceiver
04-12 20:41:37.056000  3368  3368 I auditd  : type=1400 audit(0.0:390): avc:  denied  { read write } for  comm="re-initialized>" name="ensignal" dev="tmpfs" ino=2080 scontext=u:r:priv_app:s0:c512,c768 tcontext=u:object_r:ensignal_device:s0 tclass=chr_file permissive=0 app=com.google.android.cellbroadcastreceiver
04-12 20:41:37.074423   563   563 I auditd  : avc:  denied  { add } for pid=2713 uid=1001 name=gwsdtest scontext=u:r:radio:s0 tcontext=u:object_r:default_android_service:s0 tclass=service_manager permissive=0
04-12 20:41:37.076000   560   560 I auditd  : type=1400 audit(0.0:391): avc:  denied  { read } for  comm="logd.writer" name="u:object_r:bluetooth_prop:s0" dev="tmpfs" ino=173 scontext=u:r:logd:s0 tcontext=u:object_r:bluetooth_prop:s0 tclass=file permissive=0
04-12 20:41:37.103432  1750  2094 I commit_sys_config_file: [settings-0-0,13]
04-12 20:41:37.100000   560   560 I auditd  : type=1400 audit(0.0:392): avc:  denied  { read } for  comm="logd.writer" name="u:object_r:bluetooth_prop:s0" dev="tmpfs" ino=173 scontext=u:r:logd:s0 tcontext=u:object_r:bluetooth_prop:s0 tclass=file permissive=0
04-12 20:41:37.108000   560   560 I auditd  : type=1400 audit(0.0:393): avc:  denied  { read } for  comm="logd.writer" name="u:object_r:bluetooth_prop:s0" dev="tmpfs" ino=173 scontext=u:r:logd:s0 tcontext=u:object_r:bluetooth_prop:s0 tclass=file permissive=0
04-12 20:41:37.142406  2713  2974 I dvm_lock_sample: [com.android.phone,0,DeviceStateHelperThread,1179,PhoneFactory.java,432,com.android.internal.telephony.Phone[] com.android.internal.telephony.PhoneFactory.getPhones(),-,510,com.android.internal.telephony.CommandsInterface[] com.android.internal.telephony.PhoneFactory.getCommandsInterfaces(),100]
04-12 20:41:37.142752  2713  3187 I dvm_lock_sample: [com.android.phone,0,Thread-2,673,PhoneFactory.java,509,com.android.internal.telephony.CommandsInterface[] com.android.internal.telephony.PhoneFactory.getCommandsInterfaces(),-,510,com.android.internal.telephony.CommandsInterface[] com.android.internal.telephony.PhoneFactory.getCommandsInterfaces(),100]
04-12 20:41:37.144000   560   560 I auditd  : type=1400 audit(0.0:394): avc:  denied  { read } for  comm="logd.writer" name="u:object_r:bluetooth_prop:s0" dev="tmpfs" ino=173 scontext=u:r:logd:s0 tcontext=u:object_r:bluetooth_prop:s0 tclass=file permissive=0
04-12 20:41:37.148000   560   560 I auditd  : type=1400 audit(0.0:395): avc:  denied  { read } for  comm="logd.writer" name="u:object_r:bluetooth_prop:s0" dev="tmpfs" ino=173 scontext=u:r:logd:s0 tcontext=u:object_r:bluetooth_prop:s0 tclass=file permissive=0
04-12 20:41:37.148000   560   560 I auditd  : type=1400 audit(0.0:396): avc:  denied  { read } for  comm="logd.writer" name="u:object_r:bluetooth_prop:s0" dev="tmpfs" ino=173 scontext=u:r:logd:s0 tcontext=u:object_r:bluetooth_prop:s0 tclass=file permissive=0
04-12 20:41:37.164000   560   560 I auditd  : type=1400 audit(0.0:397): avc:  denied  { read } for  comm="logd.writer" name="u:object_r:bluetooth_prop:s0" dev="tmpfs" ino=173 scontext=u:r:logd:s0 tcontext=u:object_r:bluetooth_prop:s0 tclass=file permissive=0
04-12 20:41:37.174162  1750  1963 I am_wtf  : [0,1750,system_server,-1,ActivityManager,Background started FGS: Allowed [callingPackage: com.android.phone; callingUid: 1001; uidState: PER ; uidBFSL: [BFSL]; intent: Intent { act=com.mediatek.simprocessor.SimProcessorService xflg=0x4 pkg=com.mediatek.simprocessor (has extras) }; code:PROC_STATE_PERSISTENT; tempAllowListReason:<,reasonCode:SYSTEM_ALLOW_LISTED,duration:9223372036854775807,callingUid:-1>; allowWiu:10; targetSdkVersion:36; callerTargetSdkVersion:36; startForegroundCount:0; bindFromPackage:null: isBindService:false]]
04-12 20:41:37.175086  2713  3413 I service_manager_stats: [100,69,20957]
04-12 20:41:37.185962  1750  2695 I wm_set_keyguard_shown: [0,1,0,0,0,setKeyguardShown]
04-12 20:41:37.188472  1750  2695 I wm_pause_activity: [0,16206748,com.transsion.launcher3/com.android.launcher3.uioverrides.QuickstepLauncher,userLeaving=false,sleep]
04-12 20:41:37.189731  1750  1942 I commit_sys_config_file: [notification-policy,22]
04-12 20:41:37.192286  1750  2695 I wm_add_to_stopping: [0,16206748,com.transsion.launcher3/com.android.launcher3.uioverrides.QuickstepLauncher,makeInvisible]
04-12 20:41:37.194510  2451  2451 I wm_on_top_resumed_lost_called: [16206748,com.android.launcher3.uioverrides.QuickstepLauncher,topStateChangedWhenResumed]
04-12 20:41:37.196433  1750  2363 I dvm_lock_sample: [system_server,0,MagellanHandle,7,WindowManagerService.java,9422,void com.android.server.wm.WindowManagerService$LocalService.updateRefreshRateForScene(android.os.Bundle),,0,null,1]
04-12 20:41:37.196000   560   560 I auditd  : type=1400 audit(0.0:398): avc:  denied  { read } for  comm="logd.writer" name="u:object_r:bluetooth_prop:s0" dev="tmpfs" ino=173 scontext=u:r:logd:s0 tcontext=u:object_r:bluetooth_prop:s0 tclass=file permissive=0
04-12 20:41:37.198463  2451  2451 I wm_on_paused_called: [16206748,com.android.launcher3.uioverrides.QuickstepLauncher,performPause,3]
04-12 20:41:37.202652  1750  1964 I am_proc_start: [0,3427,1000,com.mediatek.simprocessor,service,{com.mediatek.simprocessor/com.mediatek.simprocessor.SimProcessorService},caller=com.android.phone/1001]
04-12 20:41:37.208962  1750  2005 I sysui_multi_action: [757,127,758,2]
04-12 20:41:37.211540  1750  2005 I notification_panel_hidden: 
04-12 20:41:37.212000   560   560 I auditd  : type=1400 audit(0.0:399): avc:  denied  { read } for  comm="logd.writer" name="u:object_r:bluetooth_prop:s0" dev="tmpfs" ino=173 scontext=u:r:logd:s0 tcontext=u:object_r:bluetooth_prop:s0 tclass=file permissive=0
04-12 20:41:37.212000   560   560 I auditd  : type=1400 audit(0.0:400): avc:  denied  { read } for  comm="logd.writer" name="u:object_r:bluetooth_prop:s0" dev="tmpfs" ino=173 scontext=u:r:logd:s0 tcontext=u:object_r:bluetooth_prop:s0 tclass=file permissive=0
04-12 20:41:37.216517  1750  1924 I sysui_multi_action: [757,803,799,window_time_0,802,5]
04-12 20:41:37.220000   560   560 I auditd  : type=1400 audit(0.0:401): avc:  denied  { read } for  comm="logd.writer" name="u:object_r:bluetooth_prop:s0" dev="tmpfs" ino=173 scontext=u:r:logd:s0 tcontext=u:object_r:bluetooth_prop:s0 tclass=file permissive=0
04-12 20:41:37.220000   560   560 I auditd  : type=1400 audit(0.0:402): avc:  denied  { read } for  comm="logd.writer" name="u:object_r:bluetooth_prop:s0" dev="tmpfs" ino=173 scontext=u:r:logd:s0 tcontext=u:object_r:bluetooth_prop:s0 tclass=file permissive=0
04-12 20:41:37.243299  1750  2313 I am_proc_bound: [0,3427,com.mediatek.simprocessor]
04-12 20:41:37.250220  1750  1944 I wm_wallpaper_surface: [0,0,Window{8eff6eb u0 com.transsion.launcher3/com.android.launcher3.uioverrides.QuickstepLauncher}]
04-12 20:41:37.258131  2451  2451 I viewroot_draw_event: [VRI[QuickstepLauncher],Not drawing due to not visible. Reason=!mAppVisible && !mForceDecorViewVisibility]
04-12 20:41:37.266194  1750  1943 I wm_stop_activity: [0,16206748,com.transsion.launcher3/com.android.launcher3.uioverrides.QuickstepLauncher]
04-12 20:41:37.273552  2451  2451 I wm_on_stop_called: [16206748,com.android.launcher3.uioverrides.QuickstepLauncher,STOP_ACTIVITY_ITEM,7]
