04-12 20:41:43.006713  3220  3220 I wm_on_stop_called: [47358659,com.transsion.settings.usbdialog.UsbMTPChooserActivity,STOP_ACTIVITY_ITEM,0]
04-12 20:41:43.017369  3220  3220 I viewroot_draw_event: [VRI[UsbMTPChooserActivity],Not drawing due to not visible. Reason=View.INVISIBLE]
04-12 20:41:43.021292  1750  1964 I am_proc_start: [0,5721,10075,android.process.media,content provider,{com.android.providers.downloads/com.android.providers.downloads.DownloadProvider},caller=android/1000]
04-12 20:41:43.050546  3220  3220 I viewroot_draw_event: [VRI[UsbMTPChooserActivity],Not drawing due to not visible. Reason=!mAppVisible && !mForceDecorViewVisibility]
04-12 20:41:43.068416  1750  2094 I commit_sys_config_file: [settings-0-0,10]
04-12 20:41:43.104868  1750  4367 I am_proc_bound: [0,5721,android.process.media]
04-12 20:41:43.108000  5721  5721 I auditd  : type=1400 audit(0.0:586): avc:  denied  { read write } for  comm="re-initialized>" name="ensignal" dev="tmpfs" ino=2080 scontext=u:r:mediaprovider:s0:c512,c768 tcontext=u:object_r:ensignal_device:s0 tclass=chr_file permissive=0 app=com.android.providers.media
04-12 20:41:43.108000  5721  5721 I auditd  : type=1400 audit(0.0:587): avc:  denied  { read write } for  comm="re-initialized>" name="ensignal" dev="tmpfs" ino=2080 scontext=u:r:mediaprovider:s0:c512,c768 tcontext=u:object_r:ensignal_device:s0 tclass=chr_file permissive=0 app=com.android.providers.media
04-12 20:41:43.118785  1750  2550 I dvm_lock_sample: [system_server,1,binder:1750_9,14,BroadcastController.java,532,android.content.Intent com.android.server.am.BroadcastController.registerReceiverWithFeatureTraced(android.app.IApplicationThread, java.lang.String, java.lang.String, java.lang.String, android.content.IIntentReceiver, android.content.IntentFilter, java.lang.String, int, int),,0,null,2]
04-12 20:41:43.125832  1750  2237 I netstats_mobile_sample: [0,0,0,0,0,0,0,0,1775997703933]
04-12 20:41:43.125928  1750  2237 I netstats_wifi_sample: [1342,1762,12,20,988,1690,10,19,1775997703933]
04-12 20:41:43.141611  1750  2094 I commit_sys_config_file: [settings-2-0,3]
04-12 20:41:43.184381  1750  1964 I am_proc_start: [0,5781,1000,com.transsion.phonemanager,service,{com.transsion.phonemanager/com.transsion.phonemanager.BinderPoolService},caller=com.transsnet.store/10215]
04-12 20:41:43.243406  1750  2588 I am_proc_bound: [0,5781,com.transsion.phonemanager]
04-12 20:41:43.282239  1750  1963 I am_uid_running: 10109
04-12 20:41:43.322159  1750  2237 I netstats_mobile_sample: [0,0,0,0,0,0,0,0,1775997704129]
04-12 20:41:43.322247  1750  2237 I netstats_wifi_sample: [1760,2246,15,27,1104,1902,12,22,1775997704129]
04-12 20:41:43.343947  1750  1964 I am_proc_start: [0,5827,10109,com.android.imsserviceentitlement,broadcast,{com.android.imsserviceentitlement/com.android.imsserviceentitlement.ImsEntitlementReceiver},caller=com.android.phone/1001,action = android.telephony.action.CARRIER_CONFIG_CHANGED]
04-12 20:41:43.350496  1750  2550 I am_proc_bound: [0,5827,com.android.imsserviceentitlement]
04-12 20:41:43.365762  1750  2983 I dvm_lock_sample: [system_server,1,binder:1750_E,16,ActivityManagerService.java,15319,void com.android.server.am.ActivityManagerService.publishService(android.os.IBinder, android.content.Intent, android.os.IBinder),,0,null,3]
04-12 20:41:43.413799  1750  3594 I netstats_mobile_sample: [0,0,0,0,0,0,0,0,1775997704221]
04-12 20:41:43.413883  1750  3594 I netstats_wifi_sample: [1760,2433,15,30,1104,2357,12,29,1775997704221]
04-12 20:41:43.424921  1750  2094 I commit_sys_config_file: [settings-1-0,1]
04-12 20:41:43.425902  1750  3593 I am_uid_active: 10075
04-12 20:41:43.441297  1750  3594 I am_uid_active: 10109
04-12 20:41:43.501781  1750  1963 I am_uid_running: 10092
04-12 20:41:43.521518  1750  1964 I am_proc_start: [0,5916,10092,com.android.carrierdefaultapp,broadcast,{com.android.carrierdefaultapp/com.android.carrierdefaultapp.CarrierDefaultBroadcastReceiver},caller=com.android.phone/1001,action = android.telephony.action.CARRIER_SIGNAL_RESET]
04-12 20:41:43.551065  1750  5927 I dropbox_file_copy: [/sys/fs/pstore/console-ramoops-0,-196048,SYSTEM_LAST_KMSG]
04-12 20:41:43.554399  1750  4400 I am_proc_bound: [0,5916,com.android.carrierdefaultapp]
04-12 20:41:43.556136  1750  5927 I commit_sys_config_file: [log-files,2]
04-12 20:41:43.569484  1750  2983 I am_uid_active: 10215
04-12 20:41:43.610578  1750  1963 I am_uid_running: 10230
04-12 20:41:43.613374  1750  1964 I am_proc_start: [0,3917,10230,com.google.android.apps.wellbeing,broadcast,{com.google.android.apps.wellbeing/com.google.android.apps.wellbeing.common.receiver.coalescedreceivers.LockedBootCompletedCoalescedBroadcast_Receiver},action = android.intent.action.LOCKED_BOOT_COMPLETED]
04-12 20:41:43.635924  1750  2695 I am_proc_bound: [0,3917,com.google.android.apps.wellbeing]
04-12 20:41:43.639901  1750  2249 I notification_cancel_all: [10092,5916,com.android.carrierdefaultapp,0,0,98368,9,NULL]
04-12 20:41:43.685256  1750  1964 I am_proc_start: [0,5973,1000,com.transsion.tabe,service,{com.transsion.tabe/com.transsion.tabe.services.TabeMainService},caller=system/1000]
04-12 20:41:43.707929  1750  1964 I am_proc_start: [0,5990,1000,com.transsion.succ,service,{com.transsion.succ/com.transsion.succ.services.SuccMainService},caller=system/1000]
04-12 20:41:43.716000  3523  3523 I auditd  : type=1400 audit(0.0:598): avc:  denied  { read } for  comm="Athena-Worker" name="u:object_r:serialno_prop:s0" dev="tmpfs" ino=413 scontext=u:r:platform_app:s0:c512,c768 tcontext=u:object_r:serialno_prop:s0 tclass=file permissive=0 app=com.transsion.applock
04-12 20:41:43.724306  1750  2983 I am_proc_bound: [0,5973,com.transsion.tabe]
04-12 20:41:43.724000  5973  5973 I auditd  : type=1400 audit(0.0:599): avc:  denied  { read write } for  comm="re-initialized>" name="ensignal" dev="tmpfs" ino=2080 scontext=u:r:system_app:s0 tcontext=u:object_r:ensignal_device:s0 tclass=chr_file permissive=0
04-12 20:41:43.746491  1750  2585 I am_proc_bound: [0,5990,com.transsion.succ]
04-12 20:41:43.744000  5990  5990 I auditd  : type=1400 audit(0.0:600): avc:  denied  { read write } for  comm="re-initialized>" name="ensignal" dev="tmpfs" ino=2080 scontext=u:r:system_app:s0 tcontext=u:object_r:ensignal_device:s0 tclass=chr_file permissive=0
04-12 20:41:43.744000  5990  5990 I auditd  : type=1400 audit(0.0:601): avc:  denied  { read write } for  comm="re-initialized>" name="ensignal" dev="tmpfs" ino=2080 scontext=u:r:system_app:s0 tcontext=u:object_r:ensignal_device:s0 tclass=chr_file permissive=0
04-12 20:41:43.770906  1750  1963 I am_uid_active: 10194
04-12 20:41:43.800000  5973  5973 I auditd  : type=1400 audit(0.0:602): avc:  denied  { map } for  comm=".transsion.tabe" path="/dev/__properties__/u:object_r:vendor_irtx_prop:s0" dev="tmpfs" ino=614 scontext=u:r:system_app:s0 tcontext=u:object_r:vendor_irtx_prop:s0 tclass=file permissive=0
04-12 20:41:43.834834  1750  4357 I am_uid_active: 10230
04-12 20:41:43.907706  1750  1964 I am_proc_start: [0,6084,1000,com.transsion.statisticalsales,broadcast,{com.transsion.statisticalsales/com.transsion.statisticalsales.receiver.SimReceiver},caller=com.android.phone/1001,action = android.telephony.action.SIM_CARD_STATE_CHANGED]
04-12 20:41:43.963198  1750  3594 I am_proc_bound: [0,6084,com.transsion.statisticalsales]
04-12 20:41:44.019105  1750  1964 I am_proc_start: [0,6115,10233,com.google.android.googlequicksearchbox:search,service,{com.google.android.googlequicksearchbox/androidx.work.impl.background.systemjob.SystemJobService},trigger = job,caller=system/1000]
04-12 20:41:44.047559  1750  4407 I am_proc_bound: [0,6115,com.google.android.googlequicksearchbox:search]
04-12 20:41:44.097179  1750  4367 I am_uid_running: 10131
04-12 20:41:44.104566  1750  4407 I dvm_lock_sample: [system_server,1,binder:1750_1F,10,ActivityManagerService.java,15283,int com.android.server.am.ActivityManagerService.bindServiceInstance(android.app.IApplicationThread, android.os.IBinder, android.content.Intent, java.lang.String, android.app.IServiceConnection, long, java.lang.String, boolean, int, java.lang.String, android.app.IApplicationThread, java.lang.String, int),-,15284,int com.android.server.am.ActivityManagerService.bindServiceInstance(android.app.IApplicationThread, android.os.IBinder, android.content.Intent, java.lang.String, android.app.IServiceConnection, long, java.lang.String, boolean, int, java.lang.String, android.app.IApplicationThread, java.lang.String, int),2]
04-12 20:41:44.121639  1750  1964 I am_proc_start: [0,6149,10131,com.google.android.mosey,service,{com.google.android.mosey/com.google.android.mosey.ExternalSharingService},caller=com.google.android.gms.persistent/10232]
04-12 20:41:44.145402  1750  3675 I am_proc_bound: [0,6149,com.google.android.mosey]
04-12 20:41:44.163429  1750  1964 I am_proc_start: [0,6174,1000,com.mediatek.batterywarning,broadcast,{com.mediatek.batterywarning/com.mediatek.batterywarning.BatteryWarningReceiver},action = mediatek.intent.action.BATTERY_NORMAL]
04-12 20:41:44.170406  1750  4408 I am_proc_bound: [0,6174,com.mediatek.batterywarning]
04-12 20:41:44.195056  1750  4407 I am_proc_died: [0,6084,com.transsion.statisticalsales,0,11]
04-12 20:41:44.196252  1750  1963 I dvm_lock_sample: [system_server,1,ActivityManager,5,BroadcastQueueImpl.java,493,void com.android.server.am.BroadcastQueueImpl.updateRunningList(),ActivityManagerService.java,1702,void com.android.server.am.ActivityManagerService$AppDeathRecipient.binderDied(),1]
04-12 20:41:44.203740  1750  4357 I dvm_lock_sample: [system_server,1,binder:1750_1A,11,AlarmManagerService.java,3025,void com.android.server.alarm.AlarmManagerService$4.remove(android.app.PendingIntent, android.app.IAlarmListener),-,2344,void com.android.server.alarm.AlarmManagerService.setImpl(int, long, long, long, android.app.PendingIntent, android.app.IAlarmListener, java.lang.String, int, android.os.WorkSource, android.app.AlarmManager$AlarmClockInfo, int, java.lang.String, android.os.Bundle, int),2]
04-12 20:41:44.214814  1750  1963 I ssm_user_completed_event: [0,2]
04-12 20:41:44.248796  2455  3607 I c2dm    : [-2,,1,1]
04-12 20:41:44.310215  1750  2585 I am_uid_active: 10131
04-12 20:41:44.316778  1750  1964 I am_proc_start: [0,6247,1000,com.transsion.statisticalsales,broadcast,{com.transsion.statisticalsales/com.transsion.statisticalsales.receiver.SimReceiver},caller=com.android.phone/1001,action = android.telephony.action.SIM_CARD_STATE_CHANGED]
04-12 20:41:44.332387  1750  1963 I am_wtf  : [0,1750,system_server,-1,JobScheduler.JobStatus,App com.google.android.apps.wellbeing became active but still in NEVER bucket]
04-12 20:41:44.336003  1750  4408 I am_proc_bound: [0,6247,com.transsion.statisticalsales]
04-12 20:41:44.345849  6115  6176 I dvm_lock_sample: [com.google.android.googlequickse,1,Blocking Thread #0,138,PG,7,ezic dlge.a(android.content.Context),-,127,ezic dlge.a(android.content.Context),27]
04-12 20:41:44.372396  1750  1963 I am_wtf  : [0,1750,system_server,-1,JobScheduler.JobStatus,App com.google.android.apps.wellbeing became active but still in NEVER bucket]
04-12 20:41:44.372760  1750  1942 I commit_sys_config_file: [notification-policy,33]
04-12 20:41:44.374506  1750  1963 I am_wtf  : [0,1750,system_server,-1,JobScheduler.JobStatus,App com.google.android.apps.wellbeing became active but still in NEVER bucket]
04-12 20:41:44.374883  1750  1963 I am_wtf  : [0,1750,system_server,-1,JobScheduler.JobStatus,App com.google.android.apps.wellbeing became active but still in NEVER bucket]
04-12 20:41:44.377066  1750  1963 I am_wtf  : [0,1750,system_server,-1,JobScheduler.JobStatus,App com.google.android.apps.wellbeing became active but still in NEVER bucket]
04-12 20:41:44.404336  1750  1963 I am_wtf  : [0,1750,system_server,-1,JobScheduler.JobStatus,App com.google.android.apps.wellbeing became active but still in NEVER bucket]
04-12 20:41:44.514218  1750  4407 I am_proc_died: [0,6247,com.transsion.statisticalsales,0,11]
04-12 20:41:44.516119  1750  1963 I am_uid_running: 10102
04-12 20:41:44.576696  1750  1964 I am_proc_start: [0,5410,10102,com.android.traceur,broadcast,{com.android.traceur/com.android.traceur.Receiver},action = android.intent.action.BOOT_COMPLETED]
