04-12 20:41:37.823191  2713  2713 D TNP     : onNetworkNeeded: Not applied. [NetworkRequest [ REQUEST id=46, [ Transports: SATELLITE Capabilities: INTERNET&NOT_RESTRICTED&TRUSTED&NOT_VCN_MANAGED Uid: 10232 RequestorUid: 1000 RequestorPkg: android UnderlyingNetworks: Null] ], mPriority=0, state=UNSATISFIED, mAttachedDataNetwork=null, created time=20:41:37.823, evaluation result=null]
04-12 20:41:37.823250  2713  2713 D TNP     : onNetworkNeeded: Not applied. [NetworkRequest [ REQUEST id=104, [ Capabilities: INTERNET&NOT_RESTRICTED&TRUSTED&NOT_VCN_MANAGED&NOT_BANDWIDTH_CONSTRAINED Uid: 1001 RequestorUid: 1001 RequestorPkg: com.android.phone UnderlyingNetworks: Null] ], mPriority=0, state=UNSATISFIED, mAttachedDataNetwork=null, created time=20:41:37.823, evaluation result=null]
04-12 20:41:37.823296  2713  3014 D RadioConfigResponseAidl: [0138]< SET_PREFERRED_DATA_MODEM
04-12 20:41:37.823480  2713  2713 D TNP     : onNetworkNeeded: Not applied. [NetworkRequest [ REQUEST id=29, [ Capabilities: INTERNET&NOT_RESTRICTED&TRUSTED&NOT_VCN_MANAGED&NOT_BANDWIDTH_CONSTRAINED Uid: 10264 RequestorUid: 1000 RequestorPkg: android UnderlyingNetworks: Null] ], mPriority=0, state=UNSATISFIED, mAttachedDataNetwork=null, created time=20:41:37.823, evaluation result=null]
04-12 20:41:37.823603  2713  2713 D TNP     : onNetworkNeeded: Not applied. [NetworkRequest [ REQUEST id=39, [ Capabilities: INTERNET&NOT_RESTRICTED&TRUSTED&NOT_VCN_MANAGED&NOT_BANDWIDTH_CONSTRAINED Uid: 10214 RequestorUid: 1000 RequestorPkg: android UnderlyingNetworks: Null] ], mPriority=0, state=UNSATISFIED, mAttachedDataNetwork=null, created time=20:41:37.823, evaluation result=null]
04-12 20:41:37.823690  2713  2713 D TNP     : onNetworkNeeded: Not applied. [NetworkRequest [ BACKGROUND_REQUEST id=2, [ Transports: CELLULAR Capabilities: INTERNET&NOT_RESTRICTED&TRUSTED&NOT_VPN&NOT_VCN_MANAGED&NOT_BANDWIDTH_CONSTRAINED RequestorUid: 1000 RequestorPkg: android UnderlyingNetworks: Null] ], mPriority=0, state=UNSATISFIED, mAttachedDataNetwork=null, created time=20:41:37.823, evaluation result=null]
04-12 20:41:37.823763  2713  2713 D TNP     : onNetworkNeeded: Not applied. [NetworkRequest [ REQUEST id=41, [ Capabilities: INTERNET&NOT_RESTRICTED&TRUSTED&NOT_VCN_MANAGED&NOT_BANDWIDTH_CONSTRAINED Uid: 10126 RequestorUid: 1000 RequestorPkg: android UnderlyingNetworks: Null] ], mPriority=0, state=UNSATISFIED, mAttachedDataNetwork=null, created time=20:41:37.823, evaluation result=null]
04-12 20:41:37.823828  2713  2713 D TNP     : onNetworkNeeded: Not applied. [NetworkRequest [ REQUEST id=43, [ Capabilities: INTERNET&NOT_RESTRICTED&TRUSTED&NOT_VCN_MANAGED&NOT_BANDWIDTH_CONSTRAINED Uid: 1000 RequestorUid: 1000 RequestorPkg: android UnderlyingNetworks: Null] ], mPriority=0, state=UNSATISFIED, mAttachedDataNetwork=null, created time=20:41:37.823, evaluation result=null]
04-12 20:41:37.823896  2713  2713 D TNP     : onNetworkNeeded: Not applied. [NetworkRequest [ REQUEST id=79, [ Capabilities: INTERNET&NOT_RESTRICTED&TRUSTED&NOT_VCN_MANAGED&NOT_BANDWIDTH_CONSTRAINED Uid: 10146 RequestorUid: 10146 RequestorPkg: com.android.systemui UnderlyingNetworks: Null] ], mPriority=0, state=UNSATISFIED, mAttachedDataNetwork=null, created time=20:41:37.823, evaluation result=null]
04-12 20:41:37.823966  2713  2713 D TNP     : onNetworkNeeded: Not applied. [NetworkRequest [ REQUEST id=65, [ Capabilities: INTERNET&NOT_RESTRICTED&TRUSTED&NOT_VCN_MANAGED&NOT_BANDWIDTH_CONSTRAINED Uid: 1000 RequestorUid: 1000 RequestorPkg: com.transsion.tranradionet UnderlyingNetworks: Null] ], mPriority=0, state=UNSATISFIED, mAttachedDataNetwork=null, created time=20:41:37.823, evaluation result=null]
04-12 20:41:37.830294  2713  2713 D TNP     : onNetworkNeeded: Not applied. [NetworkRequest [ REQUEST id=35, [ Capabilities: INTERNET&NOT_RESTRICTED&TRUSTED&NOT_VCN_MANAGED&NOT_BANDWIDTH_CONSTRAINED Uid: 10231 RequestorUid: 1000 RequestorPkg: android UnderlyingNetworks: Null] ], mPriority=0, state=UNSATISFIED, mAttachedDataNetwork=null, created time=20:41:37.824, evaluation result=null]
04-12 20:41:37.831646  2713  2713 D TNP     : onNetworkNeeded: Not applied. [NetworkRequest [ REQUEST id=102, [ Capabilities: INTERNET&NOT_RESTRICTED&TRUSTED&NOT_VCN_MANAGED&NOT_BANDWIDTH_CONSTRAINED Uid: 10146 RequestorUid: 10146 RequestorPkg: com.android.systemui UnderlyingNetworks: Null] ], mPriority=0, state=UNSATISFIED, mAttachedDataNetwork=null, created time=20:41:37.830, evaluation result=null]
04-12 20:41:37.834605  2713  2713 D TNP     : onNetworkNeeded: Not applied. [NetworkRequest [ REQUEST id=61, [ Capabilities: INTERNET&NOT_RESTRICTED&TRUSTED&NOT_VCN_MANAGED&NOT_BANDWIDTH_CONSTRAINED Uid: 1001 RequestorUid: 1001 RequestorPkg: com.mediatek.ims UnderlyingNetworks: Null] ], mPriority=0, state=UNSATISFIED, mAttachedDataNetwork=null, created time=20:41:37.831, evaluation result=null]
04-12 20:41:37.834731  2713  2713 D TNP     : onNetworkNeeded: Not applied. [NetworkRequest [ REQUEST id=94, [ Capabilities: INTERNET&NOT_RESTRICTED&TRUSTED&NOT_VCN_MANAGED&NOT_BANDWIDTH_CONSTRAINED Uid: 1001 RequestorUid: 1001 RequestorPkg: com.android.phone UnderlyingNetworks: Null] ], mPriority=0, state=UNSATISFIED, mAttachedDataNetwork=null, created time=20:41:37.834, evaluation result=null]
04-12 20:41:37.838915  2713  2713 D TNP     : onNetworkNeeded: Not applied. [NetworkRequest [ REQUEST id=98, [ Capabilities: INTERNET&NOT_RESTRICTED&TRUSTED&NOT_VCN_MANAGED&NOT_BANDWIDTH_CONSTRAINED Uid: 10146 RequestorUid: 10146 RequestorPkg: com.android.systemui UnderlyingNetworks: Null] ], mPriority=0, state=UNSATISFIED, mAttachedDataNetwork=null, created time=20:41:37.834, evaluation result=null]
04-12 20:41:37.839080  2713  2713 D TNP     : onNetworkNeeded: Not applied. [NetworkRequest [ REQUEST id=50, [ Capabilities: INTERNET&NOT_RESTRICTED&TRUSTED&NOT_VCN_MANAGED&NOT_BANDWIDTH_CONSTRAINED Uid: 1073 RequestorUid: 1073 RequestorPkg: com.google.android.networkstack UnderlyingNetworks: Null] ], mPriority=0, state=UNSATISFIED, mAttachedDataNetwork=null, created time=20:41:37.839, evaluation result=null]
04-12 20:41:37.839156  2713  2713 D TNP     : onNetworkNeeded: Not applied. [NetworkRequest [ REQUEST id=48, [ Capabilities: INTERNET&NOT_RESTRICTED&TRUSTED&NOT_VCN_MANAGED&NOT_BANDWIDTH_CONSTRAINED Uid: 1000 RequestorUid: 1000 RequestorPkg: android UnderlyingNetworks: Null] ], mPriority=0, state=UNSATISFIED, mAttachedDataNetwork=null, created time=20:41:37.838, evaluation result=null]
04-12 20:41:37.839226  2713  2713 D TNP     : onNetworkNeeded: Not applied. [NetworkRequest [ REQUEST id=85, [ Capabilities: INTERNET&NOT_RESTRICTED&TRUSTED&NOT_VCN_MANAGED&NOT_BANDWIDTH_CONSTRAINED Uid: 1001 RequestorUid: 1001 RequestorPkg: com.android.phone UnderlyingNetworks: Null] ], mPriority=0, state=UNSATISFIED, mAttachedDataNetwork=null, created time=20:41:37.839, evaluation result=null]
04-12 20:41:37.839296  2713  2713 D TNP     : onNetworkNeeded: Not applied. [NetworkRequest [ REQUEST id=88, [ Capabilities: INTERNET&NOT_RESTRICTED&TRUSTED&NOT_VCN_MANAGED&NOT_BANDWIDTH_CONSTRAINED Uid: 10146 RequestorUid: 10146 RequestorPkg: com.android.systemui UnderlyingNetworks: Null] ], mPriority=0, state=UNSATISFIED, mAttachedDataNetwork=null, created time=20:41:37.839, evaluation result=null]
04-12 20:41:37.839348  2713  2713 D TNP     : onNetworkNeeded: Not applied. [NetworkRequest [ REQUEST id=1, [ Capabilities: INTERNET&NOT_RESTRICTED&TRUSTED&NOT_VPN&NOT_VCN_MANAGED&NOT_BANDWIDTH_CONSTRAINED RequestorUid: 1000 RequestorPkg: android UnderlyingNetworks: Null] ], mPriority=0, state=UNSATISFIED, mAttachedDataNetwork=null, created time=20:41:37.839, evaluation result=null]
04-12 20:41:37.839394  2713  2713 D TNP     : onNetworkNeeded: Not applied. [NetworkRequest [ REQUEST id=24, [ Capabilities: INTERNET&NOT_RESTRICTED&TRUSTED&NOT_VCN_MANAGED&NOT_BANDWIDTH_CONSTRAINED Uid: 10296 RequestorUid: 1000 RequestorPkg: android UnderlyingNetworks: Null] ], mPriority=0, state=UNSATISFIED, mAttachedDataNetwork=null, created time=20:41:37.839, evaluation result=null]
04-12 20:41:37.861436  2730  2926 D MtkMmTelFeature: [1] Set context to com.mediatek.ims.ImsApp@7b439f6
04-12 20:41:37.862820  2730  2926 D MtkMmTelFeature: [1] initialize mContext com.mediatek.ims.ImsApp@7b439f6 slotId 1
04-12 20:41:37.862959  2730  2926 D MtkMmTelFeature: [1] [1] MtkMmTelFeature created
04-12 20:41:37.865126  2730  2926 I ImsService: updateImsRegstration[1], regstate:3, tech:-1, reason:ImsReasonInfo :: {1000 : CODE_REGISTRATION_ERROR, 0, 0}
04-12 20:41:37.865337  2730  2926 D MtkImsRegImpl: [1] MtkImsRegistrationImpl created
04-12 20:41:37.866373  2730  2730 I ImsService: updateImsRegstration[1], regstate:3, tech:-1, reason:ImsReasonInfo :: {1000 : CODE_REGISTRATION_ERROR, 0, 0}
04-12 20:41:37.867271  2713  3413 D FeatureConnector: [ImsStateCallbackController, 1] imsFeatureCreated: FeatureContainer{imsFeature=android.os.BinderProxy@b91d40a, imsConfig=android.telephony.ims.aidl.IImsConfig$Stub$Proxy@56e847b, imsRegistration=android.telephony.ims.aidl.IImsRegistration$Stub$Proxy@e8e1298, sipTransport=null, state=UNAVAILABLE, capabilities = capabilities={ EMERGENCY_OVER_MMTEL SIMULTANEOUS_CALLING }}, subId: -1
04-12 20:41:37.867363  2713  3413 D FeatureConnector: [ImsStateCallbackController, 1] imsStatusChanged: status=UNAVAILABLE
04-12 20:41:37.867383  2713  3413 D FeatureConnector: [ImsStateCallbackController, 1] imsStatusChanged: ready didn't change, ignore
04-12 20:41:37.867403  2713  3413 D FeatureConnector: [ImsProvisioningController, 1] imsFeatureCreated: FeatureContainer{imsFeature=android.os.BinderProxy@b91d40a, imsConfig=android.telephony.ims.aidl.IImsConfig$Stub$Proxy@56e847b, imsRegistration=android.telephony.ims.aidl.IImsRegistration$Stub$Proxy@e8e1298, sipTransport=null, state=UNAVAILABLE, capabilities = capabilities={ EMERGENCY_OVER_MMTEL SIMULTANEOUS_CALLING }}, subId: -1
04-12 20:41:37.867420  2713  3413 D FeatureConnector: [ImsProvisioningController, 1] imsStatusChanged: status=UNAVAILABLE
04-12 20:41:37.867425  2713  3413 D FeatureConnector: [ImsProvisioningController, 1] imsStatusChanged: ready didn't change, ignore
04-12 20:41:37.867438  2713  3413 D FeatureConnector: [ImsSmsDispatcher, 1] imsFeatureCreated: FeatureContainer{imsFeature=android.os.BinderProxy@b91d40a, imsConfig=android.telephony.ims.aidl.IImsConfig$Stub$Proxy@56e847b, imsRegistration=android.telephony.ims.aidl.IImsRegistration$Stub$Proxy@e8e1298, sipTransport=null, state=UNAVAILABLE, capabilities = capabilities={ EMERGENCY_OVER_MMTEL SIMULTANEOUS_CALLING }}, subId: -1
04-12 20:41:37.867451  2713  3413 D FeatureConnector: [ImsSmsDispatcher, 1] imsStatusChanged: status=UNAVAILABLE
04-12 20:41:37.867456  2713  3413 D FeatureConnector: [ImsSmsDispatcher, 1] imsStatusChanged: ready didn't change, ignore
04-12 20:41:37.867478  2713  3413 D FeatureConnector: [ImsPhoneCallTracker, 1] imsFeatureCreated: FeatureContainer{imsFeature=android.os.BinderProxy@b91d40a, imsConfig=android.telephony.ims.aidl.IImsConfig$Stub$Proxy@56e847b, imsRegistration=android.telephony.ims.aidl.IImsRegistration$Stub$Proxy@e8e1298, sipTransport=null, state=UNAVAILABLE, capabilities = capabilities={ EMERGENCY_OVER_MMTEL SIMULTANEOUS_CALLING }}, subId: -1
04-12 20:41:37.867501  2713  3413 D FeatureConnector: [ImsPhoneCallTracker, 1] imsStatusChanged: status=UNAVAILABLE
04-12 20:41:37.867505  2713  3413 D FeatureConnector: [ImsPhoneCallTracker, 1] imsStatusChanged: ready didn't change, ignore
04-12 20:41:37.868788  2730  3402 D MtkMmTelFeature: [0] Set context to com.mediatek.ims.ImsApp@7b439f6
04-12 20:41:37.870155  2730  3402 D MtkMmTelFeature: [0] initialize mContext com.mediatek.ims.ImsApp@7b439f6 slotId 0
04-12 20:41:37.870191  2730  3402 D MtkMmTelFeature: [0] [0] MtkMmTelFeature created
04-12 20:41:37.870595  2730  2730 W OperatorUtils: getMccMnc, mccMnc value:
04-12 20:41:37.870664  2730  2730 D MtkMmTelFeature: [1] notifyCapabilitiesStatusChanged MmTel Capabilities - [Voice: false Video: false UT: false SMS: false CALL_COMPOSER: false BUSINESS_COMPOSER_ONLY: false]
04-12 20:41:37.871940  2713  3413 D FeatureConnector: [ImsStateCallbackController, 1] imsStatusChanged: status=READY
04-12 20:41:37.872211  2730  2773 I ImsService: updateImsRegstration[0], regstate:3, tech:-1, reason:ImsReasonInfo :: {1000 : CODE_REGISTRATION_ERROR, 0, 0}
04-12 20:41:37.872326  2730  2773 D MtkImsRegImpl: [0] MtkImsRegistrationImpl created
04-12 20:41:37.872482  2713  3413 D FeatureConnector: [ImsProvisioningController, 1] imsStatusChanged: status=READY
04-12 20:41:37.875517  2713  3413 D FeatureConnector: [ImsSmsDispatcher, 1] imsStatusChanged: status=READY
04-12 20:41:37.875891  2713  3413 D FeatureConnector: [ImsPhoneCallTracker, 1] imsStatusChanged: status=READY
04-12 20:41:37.878268  2730  2730 D ImsConfigEventReceiver[1]: resetWfcModeFlag, reason: ACTION_MTK_MMTEL_READY
04-12 20:41:37.878930  2713  3515 D ImsStateCallbackController: [1, MMTEL] connectionReady -1
04-12 20:41:37.879039  2713  3519 D ImsProvisioningController: MmTelFeatureListener[1] connection ready
04-12 20:41:37.879095  2713  3519 D ImsConfig: addConfigCallback: com.android.phone.ImsProvisioningController$ConfigCallback@c096ce5
04-12 20:41:37.879541  2730  2730 D ImsConfigEventReceiver[1]: ACTION_MTK_MMTEL_READY, update IMS config with phoneId:1, simState = 0, carrier config loaded: false, defaultSupportVolte: false
04-12 20:41:37.879556  2730  2730 I ImsConfigEventReceiver[1]: defaultSupportVolte =false and mIsCarrierConfigLoaded =false, don't update ims service config.
04-12 20:41:37.879643  2730  2730 I ImsService: updateImsRegstration[0], regstate:3, tech:-1, reason:ImsReasonInfo :: {1000 : CODE_REGISTRATION_ERROR, 0, 0}
04-12 20:41:37.881514  2713  3413 D FeatureConnector: [ImsStateCallbackController, 0] imsFeatureCreated: FeatureContainer{imsFeature=android.os.BinderProxy@540da62, imsConfig=android.telephony.ims.aidl.IImsConfig$Stub$Proxy@8f307f3, imsRegistration=android.telephony.ims.aidl.IImsRegistration$Stub$Proxy@4d89cb0, sipTransport=null, state=READY, capabilities = capabilities={ EMERGENCY_OVER_MMTEL SIMULTANEOUS_CALLING }}, subId: -1
04-12 20:41:37.881608  2713  3413 D FeatureConnector: [ImsStateCallbackController, 0] imsStatusChanged: status=READY
04-12 20:41:37.881751  2713  3413 D FeatureConnector: [ImsProvisioningController, 0] imsFeatureCreated: FeatureContainer{imsFeature=android.os.BinderProxy@540da62, imsConfig=android.telephony.ims.aidl.IImsConfig$Stub$Proxy@8f307f3, imsRegistration=android.telephony.ims.aidl.IImsRegistration$Stub$Proxy@4d89cb0, sipTransport=null, state=READY, capabilities = capabilities={ EMERGENCY_OVER_MMTEL SIMULTANEOUS_CALLING }}, subId: -1
04-12 20:41:37.881828  2713  3413 D FeatureConnector: [ImsProvisioningController, 0] imsStatusChanged: status=READY
04-12 20:41:37.881950  2713  3413 D FeatureConnector: [ImsSmsDispatcher, 0] imsFeatureCreated: FeatureContainer{imsFeature=android.os.BinderProxy@540da62, imsConfig=android.telephony.ims.aidl.IImsConfig$Stub$Proxy@8f307f3, imsRegistration=android.telephony.ims.aidl.IImsRegistration$Stub$Proxy@4d89cb0, sipTransport=null, state=READY, capabilities = capabilities={ EMERGENCY_OVER_MMTEL SIMULTANEOUS_CALLING }}, subId: -1
04-12 20:41:37.882031  2713  3413 D FeatureConnector: [ImsSmsDispatcher, 0] imsStatusChanged: status=READY
04-12 20:41:37.882116  2713  3413 D FeatureConnector: [ImsPhoneCallTracker, 0] imsFeatureCreated: FeatureContainer{imsFeature=android.os.BinderProxy@540da62, imsConfig=android.telephony.ims.aidl.IImsConfig$Stub$Proxy@8f307f3, imsRegistration=android.telephony.ims.aidl.IImsRegistration$Stub$Proxy@4d89cb0, sipTransport=null, state=READY, capabilities = capabilities={ EMERGENCY_OVER_MMTEL SIMULTANEOUS_CALLING }}, subId: -1
04-12 20:41:37.882244  2713  3413 D FeatureConnector: [ImsPhoneCallTracker, 0] imsStatusChanged: status=READY
04-12 20:41:37.882405  2730  2886 D ImsConfigController[1]: resetWfcModeFlag()
04-12 20:41:37.882481  2713  3515 D ImsStateCallbackController: [0, MMTEL] connectionReady -1
04-12 20:41:37.882610  2713  3413 D FeatureConnector: [ImsStateCallbackController, 0] imsStatusChanged: status=READY
04-12 20:41:37.884149  2713  3413 D FeatureConnector: [ImsStateCallbackController, 0] imsStatusChanged: ready didn't change, ignore
04-12 20:41:37.884284  2713  3413 D FeatureConnector: [ImsProvisioningController, 0] imsStatusChanged: status=READY
04-12 20:41:37.886708  2713  3519 D ImsProvisioningController: MmTelFeatureListener[1] onMmTelAvailable
04-12 20:41:37.886759  2713  3519 D ImsProvisioningController: MmTelFeatureListener[0] connection ready
04-12 20:41:37.886796  2713  3519 D ImsConfig: addConfigCallback: com.android.phone.ImsProvisioningController$ConfigCallback@f17da47
04-12 20:41:37.887093  2713  3519 D ImsProvisioningController: MmTelFeatureListener[0] onMmTelAvailable
04-12 20:41:37.887193  2713  3413 D FeatureConnector: [ImsProvisioningController, 0] imsStatusChanged: ready didn't change, ignore
04-12 20:41:37.887350  2730  2730 W OperatorUtils: getMccMnc, mccMnc value:
04-12 20:41:37.887442  2713  3413 D FeatureConnector: [ImsSmsDispatcher, 0] imsStatusChanged: status=READY
04-12 20:41:37.887598  2713  3413 D FeatureConnector: [ImsSmsDispatcher, 0] imsStatusChanged: ready didn't change, ignore
04-12 20:41:37.887627  2713  3413 D FeatureConnector: [ImsPhoneCallTracker, 0] imsStatusChanged: status=READY
04-12 20:41:37.887633  2713  3413 D FeatureConnector: [ImsPhoneCallTracker, 0] imsStatusChanged: ready didn't change, ignore
04-12 20:41:37.887698  2730  2730 D MtkMmTelFeature: [0] notifyCapabilitiesStatusChanged MmTel Capabilities - [Voice: false Video: false UT: false SMS: false CALL_COMPOSER: false BUSINESS_COMPOSER_ONLY: false]
04-12 20:41:37.887896  2730  2773 D MtkRcsFeature: [1] initialize mContext com.mediatek.ims.MtkDynamicImsService@2e22f9f slotId 1
04-12 20:41:37.888023  2730  2773 D MtkRcsFeature: [1] notifyContextChanged to [com.mediatek.ims.ImsApp@7b439f6]
04-12 20:41:37.888156  2730  2773 D MtkRcsFeature: [1] notifyCapabilitiesStatusChanged to [Capabilities: 0]
04-12 20:41:37.888176  2730  2773 D MtkRcsFeature: [1] MtkRcsFeature created
04-12 20:41:37.888262  2730  2773 D MtkRcsFeature: [1] onFeatureReady called!
04-12 20:41:37.889285  2730  2730 D ImsConfigEventReceiver[0]: resetWfcModeFlag, reason: ACTION_MTK_MMTEL_READY
04-12 20:41:37.889583  2730  2875 D ImsConfigController[0]: resetWfcModeFlag()
04-12 20:41:37.889644  2730  2730 D ImsConfigEventReceiver[0]: ACTION_MTK_MMTEL_READY, update IMS config with phoneId:0, simState = 0, carrier config loaded: false, defaultSupportVolte: false
04-12 20:41:37.889652  2730  2730 I ImsConfigEventReceiver[0]: defaultSupportVolte =false and mIsCarrierConfigLoaded =false, don't update ims service config.
04-12 20:41:37.891456  2713  3619 D MtkRILJ : [0139]> OEM_HOOK_STRINGS strings = AT+EAPC=1,1,10 +EAPC  [PHONE0]
04-12 20:41:37.891750  1344  1789 D RpOemCtlr: [0] onHandleOemHookString, data[0] = AT+EAPC=1,1,10
04-12 20:41:37.891889  1344  1835 I AT      : [0] AT> AT+EAPC=1,1,10 (RIL_CMD_READER_1 tid:525717060544)
04-12 20:41:37.891910  1344  1835 I AT      : SEND MSGID=0003 [SYS_AT_REQ], TXID=01ae [RFXSender_1], DUMP=841954240000000001000300AE01180000810F002A2A2A2A2A2A2A2A2A2A2A2A2A2A2A0000000000
04-12 20:41:37.893765  1344  1737 I AT      : RECV MSGID=0004 [SYS_AT_CNF], TXID=01ae, DUMP=841954240000000001020400AE0118000000040000000000008107002A2A2A2A2A2A2A0000000000
04-12 20:41:37.894080  1344  1835 I AT      : [0] AT< OK (RIL_CMD_READER_1, tid:525717060544)
04-12 20:41:37.898502  2713  3076 I RILJ    : [0139]< OEM_HOOK_STRINGS {} [PHONE0]
04-12 20:41:37.900667  2730  3402 D MtkRcsFeature: [0] initialize mContext com.mediatek.ims.MtkDynamicImsService@2e22f9f slotId 0
04-12 20:41:37.901369  2713  3413 D FeatureConnector: [ImsStateCallbackController, 1] imsFeatureCreated: FeatureContainer{imsFeature=android.os.BinderProxy@bedd3e3, imsConfig=android.telephony.ims.aidl.IImsConfig$Stub$Proxy@f6491e0, imsRegistration=android.telephony.ims.aidl.IImsRegistration$Stub$Proxy@5848c99, sipTransport=null, state=READY, capabilities = capabilities={ EMERGENCY_OVER_MMTEL SIMULTANEOUS_CALLING }}, subId: -1
04-12 20:41:37.901548  2713  3413 D FeatureConnector: [ImsStateCallbackController, 1] imsStatusChanged: status=READY
04-12 20:41:37.901614  2713  3413 D FeatureConnector: [ImsProvisioningController, 1] imsFeatureCreated: FeatureContainer{imsFeature=android.os.BinderProxy@bedd3e3, imsConfig=android.telephony.ims.aidl.IImsConfig$Stub$Proxy@f6491e0, imsRegistration=android.telephony.ims.aidl.IImsRegistration$Stub$Proxy@5848c99, sipTransport=null, state=READY, capabilities = capabilities={ EMERGENCY_OVER_MMTEL SIMULTANEOUS_CALLING }}, subId: -1
04-12 20:41:37.901632  2713  3413 D FeatureConnector: [ImsProvisioningController, 1] imsStatusChanged: status=READY
04-12 20:41:37.901660  2713  3413 D FeatureConnector: [ImsStateCallbackController, 1] imsStatusChanged: status=READY
04-12 20:41:37.901665  2713  3413 D FeatureConnector: [ImsStateCallbackController, 1] imsStatusChanged: ready didn't change, ignore
04-12 20:41:37.901669  2713  3413 D FeatureConnector: [ImsProvisioningController, 1] imsStatusChanged: status=READY
04-12 20:41:37.901682  2713  3413 D FeatureConnector: [ImsProvisioningController, 1] imsStatusChanged: ready didn't change, ignore
04-12 20:41:37.901782  2713  3515 D ImsStateCallbackController: [1, RCS] connectionReady -1
04-12 20:41:37.902942  2730  3402 D MtkRcsFeature: [0] notifyContextChanged to [com.mediatek.ims.ImsApp@7b439f6]
04-12 20:41:37.903001  2730  3402 D MtkRcsFeature: [0] notifyCapabilitiesStatusChanged to [Capabilities: 0]
04-12 20:41:37.903021  2730  3402 D MtkRcsFeature: [0] MtkRcsFeature created
04-12 20:41:37.903059  2730  3402 D MtkRcsFeature: [0] onFeatureReady called!
04-12 20:41:37.903405  2713  3519 D ImsProvisioningController: RcsFeatureListener[1] connection ready
04-12 20:41:37.903460  2713  3519 D ImsConfig: addConfigCallback: com.android.phone.ImsProvisioningController$ConfigCallback@bb0ec0c
04-12 20:41:37.906897  2713  3519 D ImsProvisioningController: RcsFeatureListener[1] onRcsAvailable
04-12 20:41:37.907740  2713  3413 D FeatureConnector: [ImsStateCallbackController, 0] imsFeatureCreated: FeatureContainer{imsFeature=android.os.BinderProxy@5041f6a, imsConfig=android.telephony.ims.aidl.IImsConfig$Stub$Proxy@a4fdc5b, imsRegistration=android.telephony.ims.aidl.IImsRegistration$Stub$Proxy@286bcf8, sipTransport=null, state=UNAVAILABLE, capabilities = capabilities={ EMERGENCY_OVER_MMTEL SIMULTANEOUS_CALLING }}, subId: -1
04-12 20:41:37.907787  2713  3413 D FeatureConnector: [ImsStateCallbackController, 0] imsStatusChanged: status=UNAVAILABLE
04-12 20:41:37.907795  2713  3413 D FeatureConnector: [ImsStateCallbackController, 0] imsStatusChanged: ready didn't change, ignore
04-12 20:41:37.907820  2713  3413 D FeatureConnector: [ImsProvisioningController, 0] imsFeatureCreated: FeatureContainer{imsFeature=android.os.BinderProxy@5041f6a, imsConfig=android.telephony.ims.aidl.IImsConfig$Stub$Proxy@a4fdc5b, imsRegistration=android.telephony.ims.aidl.IImsRegistration$Stub$Proxy@286bcf8, sipTransport=null, state=UNAVAILABLE, capabilities = capabilities={ EMERGENCY_OVER_MMTEL SIMULTANEOUS_CALLING }}, subId: -1
04-12 20:41:37.907841  2713  3413 D FeatureConnector: [ImsProvisioningController, 0] imsStatusChanged: status=UNAVAILABLE
04-12 20:41:37.907847  2713  3413 D FeatureConnector: [ImsProvisioningController, 0] imsStatusChanged: ready didn't change, ignore
04-12 20:41:37.908220  1750  2549 W TelephonyRegistry: Pid 2713 has exceeded half the number of permissible registered listeners. Now at 83
04-12 20:41:37.908275  1750  2549 D TelephonyRegistry: listen oscl: mHasNotifySubscriptionInfoChangedOccurred==false no callback
04-12 20:41:37.909548  2713  3413 D FeatureConnector: [ImsStateCallbackController, 0] imsStatusChanged: status=READY
04-12 20:41:37.909639  2713  3515 D ImsStateCallbackController: [0, RCS] connectionReady -1
04-12 20:41:37.909674  2713  3413 D FeatureConnector: [ImsProvisioningController, 0] imsStatusChanged: status=READY
04-12 20:41:37.909954  2713  3519 D ImsProvisioningController: RcsFeatureListener[0] connection ready
04-12 20:41:37.909980  2713  3519 D ImsConfig: addConfigCallback: com.android.phone.ImsProvisioningController$ConfigCallback@825e337
04-12 20:41:37.910348  2713  3519 D ImsProvisioningController: RcsFeatureListener[0] onRcsAvailable
04-12 20:41:37.926876  2713  2713 D DataService: Data service created
04-12 20:41:37.928816  2713  2713 D DataService: Data service created
04-12 20:41:37.929638  2713  2713 D DebugService: DebugService DebugService:
04-12 20:41:37.932224  2713  2713 D MTK_SMSVC: [updateNewSmlInfo]- [4, 0, 2, 2, -1, -1, 4, 0]
04-12 20:41:37.932258  2713  2713 D MTK_SMSVC: Broadcasting ACTION_SIM_SLOT_SIM_MOUNT_CHANGE,  [4, 0, 2, 2, -1, -1, 4, 0]
04-12 20:41:37.932981  2713  2713 D MTK_SMSVC: [updateNewSmlInfo]- [4, 0, 2, 2, -1, -1, 4, 1]
04-12 20:41:37.932986  1750  3434 W TelephonyRegistry: Pid 2713 has exceeded half the number of permissible registered listeners. Now at 84
04-12 20:41:37.933001  2713  2713 D MTK_SMSVC: resetSimMountChangeState no  need report 
04-12 20:41:37.933032  2713  2713 D MtkGsmInboundSmsHandler-0: IdleState.processMessage: processing EVENT_RELEASE_WAKELOCK
04-12 20:41:37.936815  2713  3610 D MtkRILJ : [0140]> OEM_HOOK_STRINGS strings = AT+ESBP=5,"SBP_HIGH_PRIORITY_CELL",1 +ESBP  [PHONE0]
04-12 20:41:37.936956  2713  2713 D MtkGsmInboundSmsHandler-0: IdleState.processMessage: EVENT_RELEASE_WAKELOCK: mWakeLock released
04-12 20:41:37.937003  2713  2713 D MtkCdmaInboundSmsHandler-0: IdleState.processMessage: processing EVENT_RELEASE_WAKELOCK
04-12 20:41:37.937287  1344  1789 D RpOemCtlr: [0] onHandleOemHookString, data[0] = AT+ESBP=5,"SBP_HIGH_PRIORITY_CELL",1
04-12 20:41:37.937451  1344  1835 I AT      : [0] AT> AT+ESBP=5,"SBP_HIGH_PRIORITY_CELL",1 (RIL_CMD_READER_1 tid:525717060544)
04-12 20:41:37.937483  1344  1835 I AT      : SEND MSGID=0003 [SYS_AT_REQ], TXID=01af [RFXSender_1], DUMP=841954240000000001000300AF013000008125002A2A2A2A2A2A2A2A2A2A2A2A2A2A2A2A2A2A2A2A2A2A2A2A2A2A2A2A2A2A2A2A2A2A2A2A2A00000000000000
04-12 20:41:37.938124  2713  2713 D MtkCdmaInboundSmsHandler-0: IdleState.processMessage: EVENT_RELEASE_WAKELOCK: mWakeLock released
04-12 20:41:37.938412  2713  2713 D UiccSlot: Creating
04-12 20:41:37.938451  2713  2713 D MtkUiccSlot: Creating
04-12 20:41:37.938463  2713  2713 D UiccSlot: Creating
04-12 20:41:37.938469  2713  2713 D MtkUiccSlot: Creating
04-12 20:41:37.938493  2713  2713 E AnswerToReset: Valid ATR string must at least contains TS and T0.
04-12 20:41:37.939680  2774  3152 E MtkTelephonyManagerEx: registerAtUrcInd onError Indication of all URC is unsupported
04-12 20:41:37.940081  2774  3152 E MtkTelephonyManagerEx: registerAtUrcInd onError Indication of all URC is unsupported
04-12 20:41:37.941400  2713  2713 D UiccSlot: update: radioState=1 mLastRadioState={}
04-12 20:41:37.942695  1344  1737 I AT      : RECV MSGID=0004 [SYS_AT_CNF], TXID=01af, DUMP=841954240000000001020400AF0118000000040000000000008107002A2A2A2A2A2A2A0000000000
04-12 20:41:37.942764  1344  1835 I AT      : [0] AT< OK (RIL_CMD_READER_1, tid:525717060544)
04-12 20:41:37.943525  2713  2713 D MtkRILJ : [0141]> MTK: RIL_REQUEST_GET_SIM_TYPE_INFO [PHONE0]
04-12 20:41:37.944962  2713  3066 I RILJ    : [0140]< OEM_HOOK_STRINGS {} [PHONE0]
04-12 20:41:37.946537  2713  2713 D UiccSlot: Creating
04-12 20:41:37.946582  2713  2713 D MtkUiccSlot: Creating
04-12 20:41:37.946590  2713  2713 D UiccSlot: Creating
04-12 20:41:37.946595  2713  2713 D MtkUiccSlot: Creating
04-12 20:41:37.946611  2713  2713 E AnswerToReset: Valid ATR string must at least contains TS and T0.
04-12 20:41:37.946652  2713  2713 D UiccSlot: update: radioState=0 mLastRadioState={}
04-12 20:41:37.948022  1344  1837 I AT      : SEND MSGID=0581 [MIPC_SIM_ESIM_SWITCH_GET_REQ], TXID=01b0 [RFXSender_3], DUMP=841954240000000001008105B0010000
04-12 20:41:37.948626  1344  1737 I AT      : RECV MSGID=0582 [MIPC_SIM_ESIM_SWITCH_GET_CNF], TXID=01b0, DUMP=841954240000000001028205B0011800000004000000000000010100010000000101010000000000
04-12 20:41:37.950237  2713  3066 I RILJ    : [0141]< MTK: RIL_REQUEST_GET_SIM_TYPE_INFO com.mediatek.internal.telephony.uicc.SimTypeInfoExt@d704b79;support: 1, currentType: 0, source:0 [PHONE0]
04-12 20:41:37.955846  2713  2713 D MtkRILJ : [0142]> MTK: RIL_REQUEST_GET_SIM_TYPE_INFO [PHONE1]
04-12 20:41:37.956066  2713  2713 E AnswerToReset: Valid ATR string must at least contains TS and T0.
04-12 20:41:37.957030  1344  1850 I AT      : SEND MSGID=0581 [MIPC_SIM_ESIM_SWITCH_GET_REQ], TXID=01b1 [RFXSender_15], DUMP=841954240000000002008105B1010000
04-12 20:41:37.957699  2713  2713 E AnswerToReset: Valid ATR string must at least contains TS and T0.
04-12 20:41:37.957781  1344  1737 I AT      : RECV MSGID=0582 [MIPC_SIM_ESIM_SWITCH_GET_CNF], TXID=01b1, DUMP=841954240000000002028205B1011800000004000000000000010100010000000101010000000000
04-12 20:41:37.960787  2713  3066 I RILJ    : [0142]< MTK: RIL_REQUEST_GET_SIM_TYPE_INFO com.mediatek.internal.telephony.uicc.SimTypeInfoExt@86530be;support: 1, currentType: 0, source:0 [PHONE1]
04-12 20:41:37.964826  2713  2713 E AnswerToReset: Valid ATR string must at least contains TS and T0.
04-12 20:41:37.964873  2713  2713 D UiccSlot: update: radioState=1 mLastRadioState={0=1}
04-12 20:41:37.966119  2713  2713 E AnswerToReset: Valid ATR string must at least contains TS and T0.
04-12 20:41:37.966161  2713  2713 D UiccSlot: update: radioState=0 mLastRadioState={0=0}
04-12 20:41:37.966884  2713  2713 D TelephonyManager: setBasebandVersionForPhone org list is:[TA15152P1]
04-12 20:41:37.966905  2713  2713 D TelephonyManager: setBasebandVersionForPhone final list is:[TA15152P1]
04-12 20:41:37.970339  2713  2713 D QualifiedNetworksService: Qualified networks service created
04-12 20:41:37.989851  1750  3593 W TelephonyRegistry: Pid 2713 has exceeded half the number of permissible registered listeners. Now at 85
04-12 20:41:37.990272  1750  2695 W TelephonyRegistry: Pid 2713 has exceeded half the number of permissible registered listeners. Now at 86
04-12 20:41:37.993606  2713  3610 D MtkRILJ : [0143]> OEM_HOOK_STRINGS strings = AT+EGREG? +EGREG  [PHONE0]
04-12 20:41:37.995734  1344  1789 D RpOemCtlr: [0] onHandleOemHookString, data[0] = AT+EGREG?
04-12 20:41:37.995853  1344  1835 I AT      : [0] AT> AT+EGREG? (RIL_CMD_READER_1 tid:525717060544)
04-12 20:41:37.995866  1344  1835 I AT      : SEND MSGID=0003 [SYS_AT_REQ], TXID=01b2 [RFXSender_1], DUMP=841954240000000001000300B201100000810A002A2A2A2A2A2A2A2A2A2A0000
04-12 20:41:37.997163  1344  1737 I AT      : RECV MSGID=0004 [SYS_AT_CNF], TXID=01b2, DUMP=841954240000000001020400B2015000000004000000000000813E002A2A2A2A2A2A2A2A2A2A2A2A2A2A2A2A2A2A2A2A2A2A2A2A2A2A2A2A2A2A2A2A2A2A2A2A2A2A2A2A2A2A2A2A2A2A2A2A2A2A2A2A2A2A2A2A2A2A2A2A2A2A000000000000
04-12 20:41:37.997232  1344  1835 I AT      : [0] AT< +EGREG=*** (RIL_CMD_READER_1, tid:525717060544)
04-12 20:41:37.997243  1344  1835 I AT      : [0] AT< OK (RIL_CMD_READER_1, tid:525717060544)
04-12 20:41:37.997839  1750  2312 W TelephonyRegistry: Pid 2713 has exceeded half the number of permissible registered listeners. Now at 87
04-12 20:41:37.998046  2713  3014 I RILJ    : [0143]< OEM_HOOK_STRINGS {+EGREG: 0,"000000","00FFFFFFF",0,"00",0,0,0,0,0,0,0} [PHONE0]
04-12 20:41:37.998296  1750  2695 W TelephonyRegistry: Pid 2713 has exceeded half the number of permissible registered listeners. Now at 88
04-12 20:41:38.056548  2713  2713 D NetworkService: network service created
04-12 20:41:38.089120  2713  2713 D NetworkService: network service created
04-12 20:41:38.089403  2713  2713 D IWlanNetworkService: IWlanNetworkService init.
04-12 20:41:38.091287  2713  3703 D IWlanNetworkService: linkToDeath
04-12 20:41:38.096322  2730  2773 D MWIS    : [MwiService] getWfcHandlerInterface
04-12 20:41:38.096508  2713  3703 D IWlanNetworkService: checkAndBindWifiOffloadService: sWifiOffloadService = com.mediatek.wfo.IWifiOffloadService$Stub$Proxy@2b3020b
04-12 20:41:38.096527  2713  3703 D IWlanNetworkService: create WifiOffloadListenerProxy
04-12 20:41:38.123415  2713  2713 D MTKSST  : [GsmSST0] handlePollStateResult exception java.lang.IllegalStateException: Service not connected.
04-12 20:41:38.123448  2713  2713 E MTKSST  : [GsmSST0] handlePollStateResult: RIL returned an error where it must succeed: java.lang.IllegalStateException: Service not connected.
04-12 20:41:38.123461  2713  2713 D MTKSST  : [GsmSST0] handlePollStateResult exception java.lang.IllegalStateException: Service not connected.
04-12 20:41:38.123467  2713  2713 E MTKSST  : [GsmSST0] handlePollStateResult: RIL returned an error where it must succeed: java.lang.IllegalStateException: Service not connected.
04-12 20:41:38.123484  2713  2713 D MTKSST  : [GsmSST0] handlePollStateResult exception java.lang.IllegalStateException: Service not connected.
04-12 20:41:38.123490  2713  2713 E MTKSST  : [GsmSST0] handlePollStateResult: RIL returned an error where it must succeed: java.lang.IllegalStateException: Service not connected.
04-12 20:41:38.123508  2713  2713 D MTKSST  : [GsmSST0] EVENT_POLL_STATE_NETWORK_SELECTION_MODE
04-12 20:41:38.127706  2713  2713 D MtkSSCtr: [0] old:{level:0, raw:SignalStrength:{mAverageLevel=-1mCdma=CellSignalStrengthCdma: cdmaDbm=2147483647 cdmaEcio=2147483647 evdoDbm=2147483647 evdoEcio=2147483647 evdoSnr=2147483647 level=0,mGsm=CellSignalStrengthGsm: rssi=2147483647 ber=2147483647 mTa=2147483647 mLevel=0,mWcdma=CellSignalStrengthWcdma: ss=2147483647 ber=2147483647 rscp=2147483647 ecno=2147483647 level=0,mTdscdma=CellSignalStrengthTdscdma: rssi=2147483647 ber=2147483647 rscp=2147483647 level=0,mLte=CellSignalStrengthLte: rssi=2147483647 rsrp=2147483647 rsrq=2147483647 rssnr=2147483647 cqiTableIndex=2147483647 cqi=2147483647 ta=2147483647 level=0 parametersUseForLevel=1,mNr=CellSignalStrengthNr:{ csiRsrp = 2147483647 csiRsrq = 2147483647 csiCqiTableIndex = 2147483647 csiCqiReport = [] ssRsrp = 2147483647 ssRsrq = 2147483647 ssSinr = 2147483647 level = 0 parametersUseForLevel = 1 timingAdvance = 2147483647 },primary=CellSignalStrengthLte}}
04-12 20:41:38.129645  2713  3423 D Phone-0 : [0] notifyCarrierRoamingNtnSignalStrengthChanged: ntnSignalStrength=0
04-12 20:41:38.147051  1750  3433 W TelephonyRegistry: Pid 2713 has exceeded half the number of permissible registered listeners. Now at 89
04-12 20:41:38.149687  1750  2549 W TelephonyRegistry: Pid 2713 has exceeded half the number of permissible registered listeners. Now at 90
04-12 20:41:38.153364  2713  2713 D MtkSSCtr: [0] new:{level:0, raw:SignalStrength:{mAverageLevel=0mCdma=CellSignalStrengthCdma: cdmaDbm=2147483647 cdmaEcio=2147483647 evdoDbm=2147483647 evdoEcio=2147483647 evdoSnr=2147483647 level=0,mGsm=CellSignalStrengthGsm: rssi=2147483647 ber=2147483647 mTa=2147483647 mLevel=0,mWcdma=CellSignalStrengthWcdma: ss=2147483647 ber=2147483647 rscp=2147483647 ecno=2147483647 level=0,mTdscdma=CellSignalStrengthTdscdma: rssi=2147483647 ber=2147483647 rscp=2147483647 level=0,mLte=CellSignalStrengthLte: rssi=2147483647 rsrp=2147483647 rsrq=2147483647 rssnr=2147483647 cqiTableIndex=2147483647 cqi=2147483647 ta=2147483647 level=0 parametersUseForLevel=1,mNr=CellSignalStrengthNr:{ csiRsrp = 2147483647 csiRsrq = 2147483647 csiCqiTableIndex = 2147483647 csiCqiReport = [] ssRsrp = 2147483647 ssRsrq = 2147483647 ssSinr = 2147483647 level = 0 parametersUseForLevel = 1 timingAdvance = 2147483647 },primary=CellSignalStrengthLte}}, 
04-12 20:41:38.154012  2713  2713 D MTKSST  : [GsmSST0] EVENT_POLL_STATE_NETWORK_SELECTION_MODE
04-12 20:41:38.154108  2713  2713 D MTKSST  : [GsmSST0] combinePsRegistrationStates: {mVoiceRegState=3(POWER_OFF), mDataRegState=1(OUT_OF_SERVICE), mChannelNumber=-1, duplexMode()=0, mCellBandwidths=[], mOperatorAlphaLong=, mOperatorAlphaShort=, isManualNetworkSelection=false(automatic), getRilVoiceRadioTechnology=0(Unknown), getRilDataRadioTechnology=0(Unknown), mCssIndicator=unsupported, mNetworkId=-1, mSystemId=-1, mCdmaRoamingIndicator=-1, mCdmaDefaultRoamingIndicator=-1, mIsEmergencyOnly=false, isUsingCarrierAggregation=false, mArfcnRsrpBoost=0, mNetworkRegistrationInfos=[NetworkRegistrationInfo{ domain=CS transportType=WWAN registrationState=UNKNOWN networkRegistrationState=UNKNOWN roamingType=NOT_ROAMING accessNetworkTechnology=UNKNOWN rejectCause=0 emergencyEnabled=false availableServices=[] cellIdentity=null voiceSpecificInfo=null dataSpecificInfo=null nrState=NONE rRplmn= isUsingCarrierAggregation=false isNonTerrestrialNetwork=TERRESTRIAL}, NetworkRegistrationInfo{ domain=PS transportType=WWAN registrationState=UNKNOWN networkRegistrationState=UNKNOWN roamingType=NOT_ROAMING accessNetworkTechnology=UNKNOWN rejectCause=0 emergencyEnabled=false availableServices=[] cellIdentity=null voiceSpecificInfo=null dataSpecificInfo=null nrState=NONE rRplmn= isUsingCarrierAggregation=false isNonTerrestrialNetwork=TERRESTRIAL}, NetworkRegistrationInfo{ domain=PS transportType=WLAN registrationState=UNKNOWN networkRegistrationState=UNKNOWN roamingType=NOT_ROAMING accessNetworkTechnology=UNKNOWN rejectCause=0 emergencyEnabled=false availableServices=[] cellIdentity=null voiceSpecificInfo=null dataSpecificInfo=null nrState=NONE rRplmn= isUsingCarrierAggregation=false isNonTerrestrialNetwork=TERRESTRIAL}], mNrFrequencyRange=0, mOperatorAlphaLongRaw=, mOperatorAlphaShortRaw=, mIsDataRoamingFromRegistration=false, mIsIwlanPreferred=false, mIsUsingNonTerrestrialNetwork=false}
04-12 20:41:38.154816  2713  2713 D MTKSST  : [GsmSST0] TDD getNumeric simNumeric = , operatorNumeric = 
04-12 20:41:38.154838  2713  2713 D MTKSST  : [GsmSST0] TDD currentMccEqualsSimMcc simNumeric = , operatorNumeric = 
04-12 20:41:38.155281  2713  2713 E MTKSST  : lookupOperatorName2 getPhone null subid=-1
04-12 20:41:38.155301  2713  2713 D MtkRILJ : lookupOperatorNameMVNO2 plmn name update to TS.25/MVNO: 
04-12 20:41:38.155330  2713  2713 D MtkRILJ : lookupOperatorNameNitz plmn name update to Nitz: 
04-12 20:41:38.155343  2713  2713 E MTKSST  : lookupOperatorName getPhone null subid=-1
04-12 20:41:38.163068  2713  3728 D MtkRILJ : [0144]> OEM_HOOK_STRINGS strings = AT+ESBP=7,"SBP_GAS_CUSTOM_BAND_DISABLE_FOR_PLMN" +ESBP  [PHONE0]
04-12 20:41:38.163637  2713  2713 W MtkSpnOverride: test mccmncspn = 20408AH Mobiel, name = AH Mobiel
04-12 20:41:38.163681  2713  2713 W MtkSpnOverride: test mccmncspn = 20408Hi, name = Hi
04-12 20:41:38.163688  2713  2713 W MtkSpnOverride: test mccmncspn = 20408KPN, name = KPN
04-12 20:41:38.163692  2713  2713 W MtkSpnOverride: test mccmncspn = 20408Lebara, name = Lebara
04-12 20:41:38.163695  2713  2713 W MtkSpnOverride: test mccmncspn = 20408Ortel NL, name = Ortel NL
04-12 20:41:38.163698  2713  2713 W MtkSpnOverride: test mccmncspn = 20408Rabo Mobiel, name = Rabo Mobiel
04-12 20:41:38.163708  2713  2713 W MtkSpnOverride: test mccmncspn = 20412Lebara, name = Lebara
04-12 20:41:38.163712  2713  2713 W MtkSpnOverride: test mccmncspn = 20416Tele2 NL, name = Tele2 NL
04-12 20:41:38.163714  2713  2713 W MtkSpnOverride: test mccmncspn = 20416Odido, name = Odido
04-12 20:41:38.163717  2713  2713 W MtkSpnOverride: test mccmncspn = 20404CNT, name = CNT
04-12 20:41:38.163720  2713  2713 W MtkSpnOverride: test mccmncspn = 20601mobicom, name = mobicom
04-12 20:41:38.163722  2713  2713 W MtkSpnOverride: test mccmncspn = 20606LycaMobile, name = LycaMobile
04-12 20:41:38.163725  2713  2713 W MtkSpnOverride: test mccmncspn = 20610LYCAMOBILE, name = LYCAMOBILE
04-12 20:41:38.163728  2713  2713 W MtkSpnOverride: test mccmncspn = 20620Ortel BE, name = Ortel
04-12 20:41:38.163730  2713  2713 W MtkSpnOverride: test mccmncspn = 20801C le mobile, name = NRJ Mobile
04-12 20:41:38.163733  2713  2713 W MtkSpnOverride: test mccmncspn = 20801Carrefour, name = Carrefour
04-12 20:41:38.163737  2713  2713 W MtkSpnOverride: test mccmncspn = 20801M6Mobile, name = M6Mobile
04-12 20:41:38.163740  2713  2713 W MtkSpnOverride: test mccmncspn = 20801NRJ Mobile, name = NRJ Mobile
04-12 20:41:38.163742  2713  2713 W MtkSpnOverride: test mccmncspn = 20801Symacom Mobile, name = Symacom Mobile
04-12 20:41:38.163745  2713  2713 W MtkSpnOverride: test mccmncspn = 20810A MOBILE, name = A MOBILE
04-12 20:41:38.163747  2713  2713 W MtkSpnOverride: test mccmncspn = 20810AfoneMobile, name = Afone
04-12 20:41:38.163750  2713  2713 W MtkSpnOverride: test mccmncspn = 20810Auchan telecom, name = Auchan telecom
04-12 20:41:38.163752  2713  2713 W MtkSpnOverride: test mccmncspn = 20810BUZZ, name = BUZZ
04-12 20:41:38.163757  2713  2713 W MtkSpnOverride: test mccmncspn = 20820B&YOU, name = B&YOU
04-12 20:41:38.163760  2713  2713 W MtkSpnOverride: test mccmncspn = 20810C le mobile, name = NRJ
04-12 20:41:38.163764  2713  2713 W MtkSpnOverride: test mccmncspn = 20810CIC Mobile, name = CIC Mobile
04-12 20:41:38.163767  2713  2713 W MtkSpnOverride: test mccmncspn = 20810Cofidis Mobile, name = Cofidis Mobile
04-12 20:41:38.163770  2713  2713 W MtkSpnOverride: test mccmncspn = 20810Credit Mutuel, name = Credit Mutuel
04-12 20:41:38.163774  2713  2713 W MtkSpnOverride: test mccmncspn = 20810DARTY MOBILE, name = Darty Mobile
04-12 20:41:38.163777  2713  2713 W MtkSpnOverride: test mccmncspn = 20810Joe, name = Joe
04-12 20:41:38.163780  2713  2713 W MtkSpnOverride: test mccmncspn = 20810La Poste Mobile, name = La Poste Mobile
04-12 20:41:38.163783  2713  2713 W MtkSpnOverride: test mccmncspn = 20810LeclercMobile, name = LeclercMobile
04-12 20:41:38.163785  2713  2713 W MtkSpnOverride: test mccmncspn = 20810NRJ Mobile, name = NRJ
04-12 20:41:38.163788  2713  2713 W MtkSpnOverride: test mccmncspn = 20810Prixtel, name = Prixtel
04-12 20:41:38.163794  2713  2713 W MtkSpnOverride: test mccmncspn = 20810Simplicime, name = Simplicime
04-12 20:41:38.163797  2713  2713 W MtkSpnOverride: test mccmncspn = 20820LEBARA, name = Lebara
04-12 20:41:38.163800  2713  2713 W MtkSpnOverride: test mccmncspn = 20820Numericable, name = Numericable
04-12 20:41:38.163802  2713  2713 W MtkSpnOverride: test mccmncspn = 20820Simyo, name = Simyo
04-12 20:41:38.163805  2713  2713 W MtkSpnOverride: test mccmncspn = 20825Lycamobile, name = Lycamobile
04-12 20:41:38.163807  2713  2713 W MtkSpnOverride: test mccmncspn = 20838Lebara, name = Lebara
04-12 20:41:38.163810  2713  2713 W MtkSpnOverride: test mccmncspn = 21405Tuenti, name = Tuenti
04-12 20:41:38.163812  2713  2713 W MtkSpnOverride: test mccmncspn = 21405telecable, name = telecable
04-12 20:41:38.163815  2713  2713 W MtkSpnOverride: test mccmncspn = 22201tiscalimobile, name = Tiscali Mobile
04-12 20:41:38.163818  2713  2713 W MtkSpnOverride: test mccmncspn = 22201COOP, name = Coop
04-12 20:41:38.163821  2713  2713 W MtkSpnOverride: test mccmncspn = 22201Noverca, name = Noverca
04-12 20:41:38.163825  2713  2713 W MtkSpnOverride: test mccmncspn = 22207Noverca, name = Noverca
04-12 20:41:38.163828  2713  2713 W MtkSpnOverride: test mccmncspn = 22210BT Italia, name = BT Italia Mobile
04-12 20:41:38.163831  2713  2713 W MtkSpnOverride: test mccmncspn = 22210ERG, name = ERG Mobile
04-12 20:41:38.163833  2713  2713 W MtkSpnOverride: test mccmncspn = 22210ERG mobile, name = ERG Mobile
04-12 20:41:38.163836  2713  2713 W MtkSpnOverride: test mccmncspn = 22210PosteMobile, name = Poste Mobile
04-12 20:41:38.163839  2713  2713 W MtkSpnOverride: test mccmncspn = 22235Lycamobile, name = LycaMobile
04-12 20:41:38.163842  2713  2713 W MtkSpnOverride: test mccmncspn = 22288VERY, name = VERY
04-12 20:41:38.163844  2713  2713 W MtkSpnOverride: test mccmncspn = 22299FASTWEB, name = Fastweb
04-12 20:41:38.163848  2713  2713 W MtkSpnOverride: test mccmncspn = 22603BENEFITO, name = BENEFITO
04-12 20:41:38.163850  2713  2713 W MtkSpnOverride: test mccmncspn = 231034KA SK, name = 4KA SK
04-12 20:41:38.163853  2713  2713 W MtkSpnOverride: test mccmncspn = 23207HoT, name = HoT
04-12 20:41:38.163856  2713  2713 W MtkSpnOverride: test mccmncspn = 23401Vectone Mobile, name = Vectone
04-12 20:41:38.163859  2713  2713 W MtkSpnOverride: test mccmncspn = 23410TESCO, name = TESCO
04-12 20:41:38.163861  2713  2713 W MtkSpnOverride: test mccmncspn = 23415ASDA Mobile, name = ASDA Mobile
04-12 20:41:38.163864  2713  2713 W MtkSpnOverride: test mccmncspn = 23415BT, name = BT Mobile
04-12 20:41:38.163867  2713  2713 W MtkSpnOverride: test mccmncspn = 23415Lebara, name = Lebara
04-12 20:41:38.163870  2713  2713 W MtkSpnOverride: test mccmncspn = 23420Lebara, name = Lebara
04-12 20:41:38.163872  2713  2713 W MtkSpnOverride: test mccmncspn = 23426GT mobile, name = GT mobile
04-12 20:41:38.163876  2713  2713 W MtkSpnOverride: test mccmncspn = 23426Lycamobile, name = Lycamobile
04-12 20:41:38.163879  2713  2713 W MtkSpnOverride: test mccmncspn = 23430Virgin, name = Virgin
04-12 20:41:38.163882  2713  2713 W MtkSpnOverride: test mccmncspn = 23431Virgin, name = Virgin
04-12 20:41:38.163884  2713  2713 W MtkSpnOverride: test mccmncspn = 23432Virgin, name = Virgin
04-12 20:41:38.163887  2713  2713 W MtkSpnOverride: test mccmncspn = 23433Now mobile, name = Now mobile
04-12 20:41:38.163889  2713  2713 W MtkSpnOverride: test mccmncspn = 24601EZYS, name = ezys
04-12 20:41:38.163892  2713  2713 W MtkSpnOverride: test mccmncspn = 24602labas, name = labas
04-12 20:41:38.163895  2713  2713 W MtkSpnOverride: test mccmncspn = 24603PILDYK, name = PILDYK
04-12 20:41:38.163897  2713  2713 W MtkSpnOverride: test mccmncspn = 24801diil, name = diil
04-12 20:41:38.163900  2713  2713 W MtkSpnOverride: test mccmncspn = 24801Telia, name = Telia
04-12 20:41:38.163903  2713  2713 W MtkSpnOverride: test mccmncspn = 24802ZEN, name = ZEN
04-12 20:41:38.163906  2713  2713 W MtkSpnOverride: test mccmncspn = 25019Alfa, name = Alfa
04-12 20:41:38.163908  2713  2713 W MtkSpnOverride: test mccmncspn = 25020ROSTELECOM, name = ROSTELECOM
04-12 20:41:38.163911  2713  2713 W MtkSpnOverride: test mccmncspn = 25020SberMobile, name = SberMobile
04-12 20:41:38.163914  2713  2713 W MtkSpnOverride: test mccmncspn = 25020TTK, name = TTK
04-12 20:41:38.163916  2713  2713 W MtkSpnOverride: test mccmncspn = 25020t2, name = t2
04-12 20:41:38.163918  2713  2713 W MtkSpnOverride: test mccmncspn = 25020T2, name = T2
04-12 20:41:38.163921  2713  2713 W MtkSpnOverride: test mccmncspn = 26006Mobile Vikings, name = Mobile Vikings
04-12 20:41:38.163923  2713  2713 W MtkSpnOverride: test mccmncspn = 26201congstar, name = Telekom.de
04-12 20:41:38.163926  2713  2713 W MtkSpnOverride: test mccmncspn = 26202mobilcom-debitel, name = mobilcom-debitel
04-12 20:41:38.163931  2713  2713 W MtkSpnOverride: test mccmncspn = 26203blau.de, name = blau.de
04-12 20:41:38.163935  2713  2713 W MtkSpnOverride: test mccmncspn = 26203AY YILDIZ, name = AY YILDIZ
04-12 20:41:38.163939  2713  2713 W MtkSpnOverride: test mccmncspn = 26203simVOICE, name = simVOICE
04-12 20:41:38.163941  2713  2713 W MtkSpnOverride: test mccmncspn = 26203ptt-mobile, name = ptt-mobile
04-12 20:41:38.163944  2713  2713 W MtkSpnOverride: test mccmncspn = 26243LycaMobile, name = LycaMobile
04-12 20:41:38.163947  2713  2713 W MtkSpnOverride: test mccmncspn = 27077Tango, name = TANGO
04-12 20:41:38.163949  2713  2713 W MtkSpnOverride: test mccmncspn = 28603Fenercell, name = Fenercell
04-12 20:41:38.163952  2713  2713 W MtkSpnOverride: test mccmncspn = 28603TEKNOSACELL, name = TEKNOSACELL
04-12 20:41:38.163954  2713  2713 W MtkSpnOverride: test mccmncspn = 29340bob, name = BOB
04-12 20:41:38.163956  2713  2713 W MtkSpnOverride: test mccmncspn = 29340HoT, name = HoT
04-12 20:41:38.163960  2713  2713 W MtkSpnOverride: test mccmncspn = 302220WOM Roaming Int, name = WOM Roaming Int
04-12 20:41:38.163963  2713  2713 W MtkSpnOverride: test mccmncspn = 302220WOM Roaming, name = WOM Roaming
04-12 20:41:38.163966  2713  2713 W MtkSpnOverride: test mccmncspn = 334020OXXO CEL, name = OXXO CEL
04-12 20:41:38.163968  2713  2713 W MtkSpnOverride: test mccmncspn = 334020OUI, name = OUI
04-12 20:41:38.163974  2713  2713 W MtkSpnOverride: test mccmncspn = 334030Flash Mobile, name = Flash Mobile
04-12 20:41:38.163977  2713  2713 W MtkSpnOverride: test mccmncspn = 334030Virgin Mobile, name = Virgin Mobile
04-12 20:41:38.163979  2713  2713 W MtkSpnOverride: test mccmncspn = 334050UNEFON, name = UNEFON
04-12 20:41:38.163983  2713  2713 W MtkSpnOverride: test mccmncspn = 334140Arlonet, name = Arlonet
04-12 20:41:38.163985  2713  2713 W MtkSpnOverride: test mccmncspn = 334140BYPLUS, name = BYPLUS
04-12 20:41:38.163988  2713  2713 W MtkSpnOverride: test mccmncspn = 334140CHAMO-MOVIL, name = CHAMO-MOVIL
04-12 20:41:38.163991  2713  2713 W MtkSpnOverride: test mccmncspn = 334140CFE TEIPT, name = CFE TEIPT
04-12 20:41:38.163994  2713  2713 W MtkSpnOverride: test mccmncspn = 334140FreedomPop, name = FreedomPop
04-12 20:41:38.163997  2713  2713 W MtkSpnOverride: test mccmncspn = 334140Gurucomm, name = Gurucomm
04-12 20:41:38.163999  2713  2713 W MtkSpnOverride: test mccmncspn = 334140Mega4.5 G, name = Mega4.5 G
04-12 20:41:38.164002  2713  2713 W MtkSpnOverride: test mccmncspn = 334140MISTRAL, name = MISTRAL
04-12 20:41:38.164005  2713  2713 W MtkSpnOverride: test mccmncspn = 334140MEXFON, name = MEXFON
04-12 20:41:38.164007  2713  2713 W MtkSpnOverride: test mccmncspn = 334140NETWEY, name = NETWEY
04-12 20:41:38.164011  2713  2713 W MtkSpnOverride: test mccmncspn = 334140NEMI, name = NEMI
04-12 20:41:38.164014  2713  2713 W MtkSpnOverride: test mccmncspn = 334140OUI, name = OUI
04-12 20:41:38.164016  2713  2713 W MtkSpnOverride: test mccmncspn = 334140PagaPhone, name = PagaPhone
04-12 20:41:38.164019  2713  2713 W MtkSpnOverride: test mccmncspn = 334140RETEMEX, name = RETEMEX
04-12 20:41:38.164021  2713  2713 W MtkSpnOverride: test mccmncspn = 334140TURBORED, name = TURBORED
04-12 20:41:38.164023  2713  2713 W MtkSpnOverride: test mccmncspn = 334140izzi, name = izzi
