04-12 20:41:38.164026  2713  2713 W MtkSpnOverride: test mccmncspn = 334140IUSATEL, name = IUSATEL
04-12 20:41:38.164028  2713  2713 W MtkSpnOverride: test mccmncspn = 334140INTEN, name = INTEN
04-12 20:41:38.164031  2713  2713 W MtkSpnOverride: test mccmncspn = 334140Ubix, name = Ubix
04-12 20:41:38.164034  2713  2713 W MtkSpnOverride: test mccmncspn = 334140WiMO, name = WiMO
04-12 20:41:38.164038  2713  2713 W MtkSpnOverride: test mccmncspn = 334140YO, name = YO
04-12 20:41:38.164040  2713  2713 W MtkSpnOverride: test mccmncspn = 334140BAIT, name = BAIT
04-12 20:41:38.164042  2713  2713 W MtkSpnOverride: test mccmncspn = 334140PILLO, name = PILLO
04-12 20:41:38.164045  2713  2713 W MtkSpnOverride: test mccmncspn = 334140DIRI, name = DIRI
04-12 20:41:38.164047  2713  2713 W MtkSpnOverride: test mccmncspn = 334140DMI, name = DMI
04-12 20:41:38.164050  2713  2713 W MtkSpnOverride: test mccmncspn = 334140IENTC, name = IENTC
04-12 20:41:38.164052  2713  2713 W MtkSpnOverride: test mccmncspn = 334140inXel, name = inXel
04-12 20:41:38.164102  2713  2713 W MtkSpnOverride: test mccmncspn = 334140NeWWW, name = NeWWW
04-12 20:41:38.164111  2713  2713 W MtkSpnOverride: test mccmncspn = 334140SPACE, name = SPACE
04-12 20:41:38.164120  2713  2713 W MtkSpnOverride: test mccmncspn = 334140TELMOVIL, name = TELMOVIL
04-12 20:41:38.164126  2713  2713 W MtkSpnOverride: test mccmncspn = 334140Redpotencia, name = Redpotencia
04-12 20:41:38.164129  2713  2713 W MtkSpnOverride: test mccmncspn = 334140RedPotencia, name = RedPotencia
04-12 20:41:38.164131  2713  2713 W MtkSpnOverride: test mccmncspn = 334140VALOR, name = VALOR
04-12 20:41:38.164133  2713  2713 W MtkSpnOverride: test mccmncspn = 40177ALTEL 4G, name = ALTEL 4G
04-12 20:41:38.164136  2713  2713 W MtkSpnOverride: test mccmncspn = 40177ALTEL, name = ALTEL
04-12 20:41:38.164138  2713  2713 W MtkSpnOverride: test mccmncspn = 40102Activ, name = Activ
04-12 20:41:38.164141  2713  2713 W MtkSpnOverride: test mccmncspn = 40486VodafoneIdea, name = VodafoneIdea
04-12 20:41:38.164143  2713  2713 W MtkSpnOverride: test mccmncspn = 40449airtel, name = airtel
04-12 20:41:38.164145  2713  2713 W MtkSpnOverride: test mccmncspn = 40444Vi, name = Vi
04-12 20:41:38.164148  2713  2713 W MtkSpnOverride: test mccmncspn = 405799VIL, name = VIL
04-12 20:41:38.164153  2713  2713 W MtkSpnOverride: test mccmncspn = 405852VIL, name = VIL
04-12 20:41:38.164155  2713  2713 W MtkSpnOverride: test mccmncspn = 41003Onic, name = Onic
04-12 20:41:38.164157  2713  2713 W MtkSpnOverride: test mccmncspn = 41405U9, name = U9
04-12 20:41:38.164159  2713  2713 W MtkSpnOverride: test mccmncspn = 41405Ooredoo, name = U9
04-12 20:41:38.164162  2713  2713 W MtkSpnOverride: test mccmncspn = 41866Fastlink, name = Fastlink
04-12 20:41:38.164164  2713  2713 W MtkSpnOverride: test mccmncspn = 42202Renna Mobile, name = Renna Mobile
04-12 20:41:38.164166  2713  2713 W MtkSpnOverride: test mccmncspn = 42402swyp, name = swyp
04-12 20:41:38.164168  2713  2713 W MtkSpnOverride: test mccmncspn = 42402five, name = five
04-12 20:41:38.164171  2713  2713 W MtkSpnOverride: test mccmncspn = 42501012 Mobile, name = 012 Mobile
04-12 20:41:38.164173  2713  2713 W MtkSpnOverride: test mccmncspn = 42901Namaste, name = Namaste
04-12 20:41:38.164177  2713  2713 W MtkSpnOverride: test mccmncspn = 43404OQ, name = OQ
04-12 20:41:38.164181  2713  2713 W MtkSpnOverride: test mccmncspn = 43406PowerTel, name = Perfectum
04-12 20:41:38.164184  2713  2713 W MtkSpnOverride: test mccmncspn = 43407MOBIUZ, name = MOBIUZ
04-12 20:41:38.164186  2713  2713 W MtkSpnOverride: test mccmncspn = 43603Anor, name = Anor
04-12 20:41:38.164188  2713  2713 W MtkSpnOverride: test mccmncspn = 45202VINAPHONE, name = Vinaphone
04-12 20:41:38.164190  2713  2713 W MtkSpnOverride: test mccmncspn = 45209reddi, name = reddi
04-12 20:41:38.164193  2713  2713 W MtkSpnOverride: test mccmncspn = 45209Wintel, name = Wintel
04-12 20:41:38.164195  2713  2713 W MtkSpnOverride: test mccmncspn = 466017-Mobile, name = 7-Mobile
04-12 20:41:38.164198  2713  2713 W MtkSpnOverride: test mccmncspn = 46601統一超商, name = 統一超商
04-12 20:41:38.164203  2713  2713 W MtkSpnOverride: test mccmncspn = 46692家樂福電信, name = 家樂福
04-12 20:41:38.164206  2713  2713 W MtkSpnOverride: test mccmncspn = 20404中国电信, name = 中国电信
04-12 20:41:38.164210  2713  2713 W MtkSpnOverride: test mccmncspn = 45403中国电信, name = 中国电信
04-12 20:41:38.164212  2713  2713 W MtkSpnOverride: test mccmncspn = 46001京东通信, name = 京东通信
04-12 20:41:38.164215  2713  2713 W MtkSpnOverride: test mccmncspn = 46001阿里通信, name = 阿里通信
04-12 20:41:38.164217  2713  2713 W MtkSpnOverride: test mccmncspn = 204048.ta Δ, name = 8.ta
04-12 20:41:38.164220  2713  2713 W MtkSpnOverride: test mccmncspn = 46015中国广电, name = 中国广电
04-12 20:41:38.164223  2713  2713 W MtkSpnOverride: test mccmncspn = 46013中国广电, name = 中国广电
04-12 20:41:38.164226  2713  2713 W MtkSpnOverride: test mccmncspn = 502153UNI5G, name = UNI5G
04-12 20:41:38.164228  2713  2713 W MtkSpnOverride: test mccmncspn = 51011LIVE.ON, name = LIVE.ON
04-12 20:41:38.164231  2713  2713 W MtkSpnOverride: test mccmncspn = 51001ISAT-PEMILUDAMAI, name = Indosat Ooredoo
04-12 20:41:38.164233  2713  2713 W MtkSpnOverride: test mccmncspn = 51502GOMO, name = GOMO
04-12 20:41:38.164209  1344  1789 D RpOemCtlr: [0] onHandleOemHookString, data[0] = AT+ESBP=7,"SBP_GAS_CUSTOM_BAND_DISABLE_FOR_PLMN"
04-12 20:41:38.164235  2713  2713 W MtkSpnOverride: test mccmncspn = 51502TM, name = TM
04-12 20:41:38.164247  2713  2713 W MtkSpnOverride: test mccmncspn = 51503TNT, name = TNT
04-12 20:41:38.164249  2713  2713 W MtkSpnOverride: test mccmncspn = 52000my, name = my
04-12 20:41:38.164252  2713  2713 W MtkSpnOverride: test mccmncspn = 52017K4, name = K4
04-12 20:41:38.164254  2713  2713 W MtkSpnOverride: test mccmncspn = 52017TOTmobile, name = TOTmobile
04-12 20:41:38.164258  2713  2713 W MtkSpnOverride: test mccmncspn = 60204we, name = we
04-12 20:41:38.164261  2713  2713 W MtkSpnOverride: test mccmncspn = 62130MTN-NG, name = MTN NG
04-12 20:41:38.164264  2713  2713 W MtkSpnOverride: test mccmncspn = 62405blue, name = blue
04-12 20:41:38.164266  2713  2713 W MtkSpnOverride: test mccmncspn = 63903Equitel, name = Equitel
04-12 20:41:38.164269  2713  2713 W MtkSpnOverride: test mccmncspn = 64002TIGO, name = Yas
04-12 20:41:38.164273  2713  2713 W MtkSpnOverride: test mccmncspn = 64002Yas, name = Yas
04-12 20:41:38.164276  2713  2713 W MtkSpnOverride: test mccmncspn = 64002YAS, name = Yas
04-12 20:41:38.164278  2713  2713 W MtkSpnOverride: test mccmncspn = 64003Zantel, name = Yas
04-12 20:41:38.164281  2713  2713 W MtkSpnOverride: test mccmncspn = 65501Mr Price Mobile, name = Mr Price Mobile
04-12 20:41:38.164285  2713  2713 W MtkSpnOverride: test mccmncspn = 65507k'nect mobile, name = k'nect mobile
04-12 20:41:38.164290  2713  2713 W MtkSpnOverride: test mccmncspn = 65507Capitec, name = Capitec
04-12 20:41:38.164293  2713  2713 W MtkSpnOverride: test mccmncspn = 65507Virgin Mobile, name = Virgin Mobile
04-12 20:41:38.164295  2713  2713 W MtkSpnOverride: test mccmncspn = 65507FNB, name = FNB
04-12 20:41:38.164298  2713  2713 W MtkSpnOverride: test mccmncspn = 65507ME&YOU, name = ME&YOU
04-12 20:41:38.164301  2713  2713 W MtkSpnOverride: test mccmncspn = 65507MVNX, name = MVNX
04-12 20:41:38.164303  2713  2713 W MtkSpnOverride: test mccmncspn = 65507ADVINNE, name = ADVINNE
04-12 20:41:38.164307  2713  2713 W MtkSpnOverride: test mccmncspn = 65507mrp mobile, name = MRP MOBILE
04-12 20:41:38.164315  2713  2713 W MtkSpnOverride: test mccmncspn = 65507SMART MOBILE, name = SMART MOBILE
04-12 20:41:38.164318  2713  2713 W MtkSpnOverride: test mccmncspn = 65507Boksel, name = Boksel
04-12 20:41:38.164320  2713  2713 W MtkSpnOverride: test mccmncspn = 65507vivamobile, name = vivamobile
04-12 20:41:38.164322  2713  2713 W MtkSpnOverride: test mccmncspn = 65507XMOBILE, name = XMOBILE
04-12 20:41:38.164324  2713  2713 W MtkSpnOverride: test mccmncspn = 65507THE UNLIMITED, name = THE UNLIMITED
04-12 20:41:38.164327  2713  2713 W MtkSpnOverride: test mccmncspn = 65507PSB NETWORK, name = PSB NETWORK
04-12 20:41:38.164330  2713  2713 W MtkSpnOverride: test mccmncspn = 65507Van Schaik Mobile, name = Van Schaik Mobile
04-12 20:41:38.164333  2713  2713 W MtkSpnOverride: test mccmncspn = 65507CALLALL DATA, name = CALLALL DATA
04-12 20:41:38.164336  2713  2713 W MtkSpnOverride: test mccmncspn = 65507OTM DATA, name = OTM DATA
04-12 20:41:38.164338  2713  2713 W MtkSpnOverride: test mccmncspn = 65507SBSA DATA, name = SBSA DATA
04-12 20:41:38.164340  2713  2713 W MtkSpnOverride: test mccmncspn = 65507MVNX-1 DATA, name = MVNX-1 DATA
04-12 20:41:38.164342  2713  2713 W MtkSpnOverride: test mccmncspn = 65507NEXT 360 DATA, name = NEXT 360 DATA
04-12 20:41:38.164345  2713  2713 W MtkSpnOverride: test mccmncspn = 65507TRACE Mobile DATA, name = TRACE Mobile DATA
04-12 20:41:38.164347  2713  2713 W MtkSpnOverride: test mccmncspn = 65507Ignition Mobile DATA, name = Ignition Mobile DATA
04-12 20:41:38.164350  2713  2713 W MtkSpnOverride: test mccmncspn = 65507NC DATA-WEB, name = NC DATA-WEB
04-12 20:41:38.164352  2713  2713 W MtkSpnOverride: test mccmncspn = 65507Sakeng DATA-WEB, name = Sakeng DATA-WEB
04-12 20:41:38.164361  2713  2713 W MtkSpnOverride: test mccmncspn = 65507Pink Mobile DATA-WEB, name = Pink Mobile DATA-WEB
04-12 20:41:38.164363  2713  2713 W MtkSpnOverride: test mccmncspn = 65507IG Mobile DATA-WEB, name = IG Mobile DATA-WEB
04-12 20:41:38.164366  2713  2713 W MtkSpnOverride: test mccmncspn = 65510PnP Mobile, name = PnP Mobile
04-12 20:41:38.164368  2713  2713 W MtkSpnOverride: test mccmncspn = 65510TFGconnect, name = TFGconnect
04-12 20:41:38.164370  2713  2713 W MtkSpnOverride: test mccmncspn = 71204LIBERTY, name = LIBERTY
04-12 20:41:38.164372  2713  2713 W MtkSpnOverride: test mccmncspn = 732103Movil Exito, name = Movil Exito
04-12 20:41:38.164375  2713  2713 W MtkSpnOverride: test mccmncspn = 732111Flash Mobile, name = Flash Mobile
04-12 20:41:38.164377  2713  2713 W MtkSpnOverride: test mccmncspn = 732111Movil Exito, name = Movil Exito
04-12 20:41:38.164379  2713  2713 W MtkSpnOverride: test mccmncspn = 732123Virgin Mobile, name = Virgin Mobile
04-12 20:41:38.164382  2713  2713 W MtkSpnOverride: test mccmncspn = 732360WOM Roaming, name = WOM Roaming Int
04-12 20:41:38.164386  2713  2713 W MtkSpnOverride: test mccmncspn = 732111PILLO, name = PILLO
04-12 20:41:38.164389  2713  2713 W MtkSpnOverride: test mccmncspn = 74000Tuenti, name = Tuenti
04-12 20:41:38.164391  2713  2713 W MtkSpnOverride: test mccmncspn = 74000MaxiPlus, name = MaxiPlus
04-12 20:41:38.164393  2713  2713 W MtkSpnOverride: test mccmncspn = 74000AkiMovil, name = AkiMovil
04-12 20:41:38.164395  2713  2713 W MtkSpnOverride: test mccmncspn = 99999airtel 5G trial, name = Airtel
04-12 20:41:38.164403  1344  1835 I AT      : [0] AT> AT+ESBP=7,"SBP_GAS_CUSTOM_BAND_DISABLE_FOR_PLMN" (RIL_CMD_READER_1 tid:525717060544)
04-12 20:41:38.164432  1344  1835 I AT      : SEND MSGID=0003 [SYS_AT_REQ], TXID=01b3 [RFXSender_1], DUMP=841954240000000001000300B3013800008131002A2A2A2A2A2A2A2A2A2A2A2A2A2A2A2A2A2A2A2A2A2A2A2A2A2A2A2A2A2A2A2A2A2A2A2A2A2A2A2A2A2A2A2A2A2A2A2A2A000000
04-12 20:41:38.164438  2713  3728 D MtkRILJ : [0147]> OEM_HOOK_STRINGS strings = AT+ESBP=7,"SBP_CUSTOM_BAND_DISABLE_FOR_PLMN" +ESBP  [PHONE0]
04-12 20:41:38.164578  2713  2713 W MtkSpnOverride: test imsipattern = 2080120801xxx67xxxxx, name = Virgin
04-12 20:41:38.164595  2713  2713 W MtkSpnOverride: test imsipattern = 2320723207718xxxxxxx, name = HoT
04-12 20:41:38.164598  2713  2713 W MtkSpnOverride: test imsipattern = 232072320776xxxxxxxx, name = HoT
04-12 20:41:38.164601  2713  2713 W MtkSpnOverride: test imsipattern = 2320723207799xxxxxxx, name = HoT
04-12 20:41:38.164604  2713  2713 W MtkSpnOverride: test imsipattern = 4186641866xxx82xxxxx, name = Fastlink
04-12 20:41:38.164612  2713  2713 W MtkSpnOverride: test imsipattern = 4186641866xxx83xxxxx, name = Fastlink
04-12 20:41:38.164615  2713  2713 W MtkSpnOverride: test imsipattern = 4186641866xxx36xxxxx, name = Newroz4G
04-12 20:41:38.164618  2713  2713 W MtkSpnOverride: test imsipattern = 4188241882xxx40xxxxx, name = Tishknet
04-12 20:41:38.164620  2713  2713 W MtkSpnOverride: test imsipattern = 4240342403022, name = Virgin Mobile
04-12 20:41:38.164622  2713  2713 W MtkSpnOverride: test imsipattern = 505015050156, name = Konec
04-12 20:41:38.164732  2713  2713 W MtkSpnOverride: test mccmncpnn = 23207HoT, name = HoT
04-12 20:41:38.164743  2713  2713 W MtkSpnOverride: test mccmncpnn = 26006Mobile Vikings, name = Mobile Vikings
04-12 20:41:38.164746  2713  2713 W MtkSpnOverride: test mccmncpnn = 26203Ortel D, name = Ortel D
04-12 20:41:38.164749  2713  2713 W MtkSpnOverride: test mccmncpnn = 26203MEDIONmobile, name = MEDIONmobile
04-12 20:41:38.164752  2713  2713 W MtkSpnOverride: test mccmncpnn = 26203Willkommen, name = Willkommen
04-12 20:41:38.164755  2713  2713 W MtkSpnOverride: test mccmncpnn = 23430EE, name = EE
04-12 20:41:38.164764  2713  2713 W MtkSpnOverride: test mccmncpnn = 33450AT&T, name = AT&T
04-12 20:41:38.164769  2713  2713 W MtkSpnOverride: test mccmncpnn = 33450AT&T 4G, name = AT&T 4G
04-12 20:41:38.164773  2713  2713 W MtkSpnOverride: test mccmncpnn = 334050AT&T, name = AT&T
04-12 20:41:38.164776  2713  2713 W MtkSpnOverride: test mccmncpnn = 334050AT&T 4G, name = AT&T 4G
04-12 20:41:38.164778  2713  2713 W MtkSpnOverride: test mccmncpnn = null, name = UNI5G
04-12 20:41:38.164781  2713  2713 W MtkSpnOverride: test mccmncpnn = null, name = KOGAN
04-12 20:41:38.164783  2713  2713 W MtkSpnOverride: test mccmncpnn = 52017K4, name = K4
04-12 20:41:38.164785  2713  2713 W MtkSpnOverride: test mccmncpnn = 334050UNEFON, name = UNEFON
04-12 20:41:38.164788  2713  2713 W MtkSpnOverride: test mccmncpnn = 64003Zantel, name = Yas
04-12 20:41:38.164884  2713  2713 W MtkSpnOverride: test mccmncgid1 = 2343040, name = Virgin
04-12 20:41:38.164902  2713  2713 W MtkSpnOverride: test mccmncgid1 = 208104C, name = LA POSTE MOBILE
04-12 20:41:38.164906  2713  2713 W MtkSpnOverride: test mccmncgid1 = 22250F003, name = ILIAD
04-12 20:41:38.164909  2713  2713 W MtkSpnOverride: test mccmncgid1 = 2142244474553, name = Digi.Mobil
04-12 20:41:38.164912  2713  2713 W MtkSpnOverride: test mccmncgid1 = 2320770, name = HoT
04-12 20:41:38.164915  2713  2713 W MtkSpnOverride: test mccmncgid1 = 2320772, name = HoT
04-12 20:41:38.164917  2713  2713 W MtkSpnOverride: test mccmncgid1 = 2320774, name = HoT
04-12 20:41:38.164922  2713  2713 W MtkSpnOverride: test mccmncgid1 = 2320775, name = HoT
04-12 20:41:38.164925  2713  2713 W MtkSpnOverride: test mccmncgid1 = 25020FA3207FFFFFFFFFFFFFF, name = SberMobile
04-12 20:41:38.164928  2713  2713 W MtkSpnOverride: test mccmncgid1 = 26006FFFFFFFFFFFFFFFFFFFF, name = Mobile Vikings
04-12 20:41:38.164980  2713  2713 D MtkRILJ : lookupOperatorNameMVNO plmn name update to TS.25/MVNO: 
04-12 20:41:38.165022  2713  2713 D MTKSST  : [GsmSST0] TDD getNumeric simNumeric = , operatorNumeric = 
04-12 20:41:38.165030  2713  2713 D MTKSST  : [GsmSST0] TDD currentMccEqualsSimMcc simNumeric = , operatorNumeric = 
04-12 20:41:38.165208  2713  2713 E MTKSST  : lookupOperatorName2 getPhone null subid=-1
04-12 20:41:38.165222  2713  2713 D MtkRILJ : lookupOperatorNameMVNO2 plmn name update to TS.25/MVNO: 
04-12 20:41:38.165253  2713  2713 D MtkRILJ : lookupOperatorNameNitz plmn name update to Nitz: 
04-12 20:41:38.165261  2713  2713 E MTKSST  : lookupOperatorName getPhone null subid=-1
04-12 20:41:38.165568  1344  1789 D RpOemCtlr: [0] onHandleOemHookString, data[0] = AT+ESBP=7,"SBP_CUSTOM_BAND_DISABLE_FOR_PLMN"
04-12 20:41:38.165804  2713  3728 D MtkRILJ : [0148]> OEM_HOOK_STRINGS strings = AT+ESBP=7,"SBP_LTE_CUSTOM_DISABLE_BAND_BY_PLMN" +ESBP  [PHONE0]
04-12 20:41:38.165883  1344  1737 I AT      : RECV MSGID=0004 [SYS_AT_CNF], TXID=01b3, DUMP=841954240000000001020400B30120000000040000000000008113002A2A2A2A2A2A2A2A2A2A2A2A2A2A2A2A2A2A2A00
04-12 20:41:38.165939  1344  1789 D RpOemCtlr: [0] onHandleOemHookString, data[0] = AT+ESBP=7,"SBP_LTE_CUSTOM_DISABLE_BAND_BY_PLMN"
04-12 20:41:38.165944  1344  1835 I AT      : [0] AT< +ESBP: 1 (RIL_CMD_READER_1, tid:525717060544)
04-12 20:41:38.165952  1344  1835 I AT      : [0] AT< OK (RIL_CMD_READER_1, tid:525717060544)
04-12 20:41:38.166032  1344  1835 I AT      : [0] AT> AT+ESBP=7,"SBP_CUSTOM_BAND_DISABLE_FOR_PLMN" (RIL_CMD_READER_1 tid:525717060544)
04-12 20:41:38.166047  1344  1835 I AT      : SEND MSGID=0003 [SYS_AT_REQ], TXID=01b4 [RFXSender_1], DUMP=841954240000000001000300B401380000812D002A2A2A2A2A2A2A2A2A2A2A2A2A2A2A2A2A2A2A2A2A2A2A2A2A2A2A2A2A2A2A2A2A2A2A2A2A2A2A2A2A2A2A2A2A00000000000000
04-12 20:41:38.166167  2713  2713 D MtkRILJ : lookupOperatorNameMVNO plmn name update to TS.25/MVNO: 
04-12 20:41:38.166203  2713  3562 I RILJ    : [0144]< OEM_HOOK_STRINGS {+ESBP: 1} [PHONE0]
04-12 20:41:38.166228  2713  2713 D MTKSST  : [GsmSST0] refreshSpn: null, null, fromPollState=true, needPollState=true
04-12 20:41:38.166502  2713  3732 D MtkRILJ : [0146]> OEM_HOOK_STRINGS strings = AT+EPBSEH=? +EPBSEH:  [PHONE0]
04-12 20:41:38.166621  1344  1789 D RpOemCtlr: [0] onHandleOemHookString, data[0] = AT+EPBSEH=?
04-12 20:41:38.167126  2713  2713 D MTKSST  : [GsmSST0] Could not set ServiceState channel number. CellIdentity null
04-12 20:41:38.167207  2713  3733 D MtkRILJ : [0145]> OEM_HOOK_STRINGS strings = AT+EPBSE=? +EPBSE:  [PHONE0]
04-12 20:41:38.167283  1344  1737 I AT      : RECV MSGID=0004 [SYS_AT_CNF], TXID=01b4, DUMP=841954240000000001020400B40120000000040000000000008113002A2A2A2A2A2A2A2A2A2A2A2A2A2A2A2A2A2A2A00
04-12 20:41:38.167341  1344  1835 I AT      : [0] AT< +ESBP: 0 (RIL_CMD_READER_1, tid:525717060544)
04-12 20:41:38.167345  1344  1835 I AT      : [0] AT< OK (RIL_CMD_READER_1, tid:525717060544)
04-12 20:41:38.167389  1344  1835 I AT      : [0] AT> AT+ESBP=7,"SBP_LTE_CUSTOM_DISABLE_BAND_BY_PLMN" (RIL_CMD_READER_1 tid:525717060544)
04-12 20:41:38.167399  1344  1835 I AT      : SEND MSGID=0003 [SYS_AT_REQ], TXID=01b5 [RFXSender_1], DUMP=841954240000000001000300B5013800008130002A2A2A2A2A2A2A2A2A2A2A2A2A2A2A2A2A2A2A2A2A2A2A2A2A2A2A2A2A2A2A2A2A2A2A2A2A2A2A2A2A2A2A2A2A2A2A2A00000000
04-12 20:41:38.167835  1344  1789 D RpOemCtlr: [0] onHandleOemHookString, data[0] = AT+EPBSE=?
04-12 20:41:38.168185  2713  2713 D MTKSST  : [GsmSST0] Poll ServiceState done: oldSS={mVoiceRegState=1(OUT_OF_SERVICE), mDataRegState=1(OUT_OF_SERVICE), mChannelNumber=-1, duplexMode()=0, mCellBandwidths=[], mOperatorAlphaLong=null, mOperatorAlphaShort=null, isManualNetworkSelection=false(automatic), getRilVoiceRadioTechnology=0(Unknown), getRilDataRadioTechnology=0(Unknown), mCssIndicator=unsupported, mNetworkId=-1, mSystemId=-1, mCdmaRoamingIndicator=-1, mCdmaDefaultRoamingIndicator=-1, mIsEmergencyOnly=false, isUsingCarrierAggregation=false, mArfcnRsrpBoost=0, mNetworkRegistrationInfos=[NetworkRegistrationInfo{ domain=CS transportType=WWAN registrationState=UNKNOWN networkRegistrationState=UNKNOWN roamingType=NOT_ROAMING accessNetworkTechnology=UNKNOWN rejectCause=0 emergencyEnabled=false availableServices=[] cellIdentity=null voiceSpecificInfo=null dataSpecificInfo=null nrState=NONE rRplmn= isUsingCarrierAggregation=false isNonTerrestrialNetwork=TERRESTRIAL}, NetworkRegistrationInfo{ domain=PS transportType=WWAN registrationState=UNKNOWN networkRegistrationState=UNKNOWN roamingType=NOT_ROAMING accessNetworkTechnology=UNKNOWN rejectCause=0 emergencyEnabled=false availableServices=[] cellIdentity=null voiceSpecificInfo=null dataSpecificInfo=null nrState=NONE rRplmn= isUsingCarrierAggregation=false isNonTerrestrialNetwork=TERRESTRIAL}, NetworkRegistrationInfo{ domain=PS transportType=WLAN registrationState=UNKNOWN networkRegistrationState=UNKNOWN roamingType=NOT_ROAMING accessNetworkTechnology=UNKNOWN rejectCause=0 emergencyEnabled=false availableServices=[] cellIdentity=null voiceSpecificInfo=null dataSpecificInfo=null nrState=NONE rRplmn= isUsingCarrierAggregation=false isNonTerrestrialNetwork=TERRESTRIAL}], mNrFrequencyRange=0, mOperatorAlphaLongRaw=null, mOperatorAlphaShortRaw=null, mIsDataRoamingFromRegistration=false, mIsIwlanPreferred=false, mIsUsingNonTerrestrialNetwork=false}
04-12 20:41:38.168268  2713  2713 D MTKSST  : [GsmSST0] Poll ServiceState done: newSS={mVoiceRegState=3(POWER_OFF), mDataRegState=1(OUT_OF_SERVICE), mChannelNumber=-1, duplexMode()=0, mCellBandwidths=[], mOperatorAlphaLong=null, mOperatorAlphaShort=null, isManualNetworkSelection=false(automatic), getRilVoiceRadioTechnology=0(Unknown), getRilDataRadioTechnology=0(Unknown), mCssIndicator=unsupported, mNetworkId=-1, mSystemId=-1, mCdmaRoamingIndicator=-1, mCdmaDefaultRoamingIndicator=-1, mIsEmergencyOnly=false, isUsingCarrierAggregation=false, mArfcnRsrpBoost=0, mNetworkRegistrationInfos=[NetworkRegistrationInfo{ domain=PS transportType=WLAN registrationState=UNKNOWN networkRegistrationState=UNKNOWN roamingType=NOT_ROAMING accessNetworkTechnology=UNKNOWN rejectCause=0 emergencyEnabled=false availableServices=[] cellIdentity=null voiceSpecificInfo=null dataSpecificInfo=null nrState=NONE rRplmn= isUsingCarrierAggregation=false isNonTerrestrialNetwork=TERRESTRIAL}, NetworkRegistrationInfo{ domain=CS transportType=WWAN registrationState=UNKNOWN networkRegistrationState=UNKNOWN roamingType=NOT_ROAMING accessNetworkTechnology=UNKNOWN rejectCause=0 emergencyEnabled=false availableServices=[] cellIdentity=null voiceSpecificInfo=null dataSpecificInfo=null nrState=NONE rRplmn= isUsingCarrierAggregation=false isNonTerrestrialNetwork=TERRESTRIAL}, NetworkRegistrationInfo{ domain=PS transportType=WWAN registrationState=UNKNOWN networkRegistrationState=UNKNOWN roamingType=NOT_ROAMING accessNetworkTechnology=UNKNOWN rejectCause=0 emergencyEnabled=false availableServices=[] cellIdentity=null voiceSpecificInfo=null dataSpecificInfo=null nrState=NONE rRplmn= isUsingCarrierAggregation=false isNonTerrestrialNetwork=TERRESTRIAL}], mNrFrequencyRange=0, mOperatorAlphaLongRaw=, mOperatorAlphaShortRaw=, mIsDataRoamingFromRegistration=false, mIsIwlanPreferred=false, mIsUsingNonTerrestrialNetwork=false}
04-12 20:41:38.168644  1344  1737 I AT      : RECV MSGID=0004 [SYS_AT_CNF], TXID=01b5, DUMP=841954240000000001020400B50120000000040000000000008113002A2A2A2A2A2A2A2A2A2A2A2A2A2A2A2A2A2A2A00
04-12 20:41:38.168684  1344  1835 I AT      : [0] AT< +ESBP: 1 (RIL_CMD_READER_1, tid:525717060544)
04-12 20:41:38.168689  1344  1835 I AT      : [0] AT< OK (RIL_CMD_READER_1, tid:525717060544)
04-12 20:41:38.168740  1344  1835 I AT      : [0] AT> AT+EPBSEH=? (RIL_CMD_READER_1 tid:525717060544)
04-12 20:41:38.168749  1344  1835 I AT      : SEND MSGID=0003 [SYS_AT_REQ], TXID=01b6 [RFXSender_1], DUMP=841954240000000001000300B601100000810C002A2A2A2A2A2A2A2A2A2A2A2A
04-12 20:41:38.168283  2713  2713 D MTKSST  : [GsmSST0] Poll ServiceState done: oldMaxDataCalls=1 mNewMaxDataCalls=1 oldReasonDataDenied=-1 mNewReasonDataDenied=-1
04-12 20:41:38.169775  2713  2713 D MTKSST  : [GsmSST0] pollStateDone: hasRegistered = false hasDeregistered = false hasDataAttached = {1=false, 2=false} hasDataDetached = {1=false, 2=false} hasDataRegStateChanged = {1=false, 2=false} hasRilVoiceRadioTechnologyChanged = false hasRilDataRadioTechnologyChanged = {1=true, 2=true} hasDataTransportPreferenceChanged = false hasChanged = true hasVoiceRoamingOn = false hasVoiceRoamingOff = false hasDataRoamingOn =false hasDataRoamingOff = false hasLocationChanged = false has4gHandoff = false hasMultiApnSupport = false hasLostMultiApnSupport = false hasCssIndicatorChanged = false hasNrFrequencyRangeChanged = false hasNrStateChanged = false hasAirplaneModeOnlChanged = true
04-12 20:41:38.169898  2713  2713 D MTKSST  : [GsmSST0] updateCarrierDisplayName: satellitePlmn=null
04-12 20:41:38.169942  2713  2713 D MTKSST  : [GsmSST0] updateCarrierDisplayName: rawSpn = 
04-12 20:41:38.169971  2713  2713 D MTKSST  : [GsmSST0] updateSpnDisplay: rule = 2
04-12 20:41:38.169979  2713  2713 D MTKSST  : [GsmSST0] TDD updateSpnDisplay mSS.getOperatorNumeric() = 
04-12 20:41:38.169988  2713  2713 D MTKSST  : [GsmSST0] TDD getNumeric simNumeric = , operatorNumeric = 
04-12 20:41:38.169993  2713  2713 D MTKSST  : [GsmSST0] TDD currentMccEqualsSimMcc simNumeric = , operatorNumeric = 
04-12 20:41:38.170432  2713  3562 I RILJ    : [0147]< OEM_HOOK_STRINGS {+ESBP: 0} [PHONE0]
04-12 20:41:38.170527  2713  3728 D MtkRILJ : [0149]> OEM_HOOK_STRINGS strings = AT+ESBP=7,"SBP_NR_CUSTOM_DISABLE_BAND_BY_PLMN" +ESBP  [PHONE0]
04-12 20:41:38.170639  1344  1737 I AT      : RECV MSGID=0004 [SYS_AT_CNF], TXID=01b6, DUMP=841954240000000001020400B6017000000004000000000000815F002A2A2A2A2A2A2A2A2A2A2A2A2A2A2A2A2A2A2A2A2A2A2A2A2A2A2A2A2A2A2A2A2A2A2A2A2A2A2A2A2A2A2A2A2A2A2A2A2A2A2A2A2A2A2A2A2A2A2A2A2A2A2A2A2A2A2A2A2A2A2A2A2A2A2A2A2A2A2A2A2A2A2A2A2A2A2A2A2A2A2A2A2A2A2A0000000000
04-12 20:41:38.170684  1344  1835 I AT      : [0] AT< +EPBSEH: "0000009a","0000009b","080908DF000003A000000042","080808D5000001A000003042" (RIL_CMD_READER_1, tid:525717060544)
04-12 20:41:38.170689  1344  1835 I AT      : [0] AT< OK (RIL_CMD_READER_1, tid:525717060544)
04-12 20:41:38.170735  1344  1835 I AT      : [0] AT> AT+EPBSE=? (RIL_CMD_READER_1 tid:525717060544)
04-12 20:41:38.170743  1344  1835 I AT      : SEND MSGID=0003 [SYS_AT_REQ], TXID=01b7 [RFXSender_1], DUMP=841954240000000001000300B701100000810B002A2A2A2A2A2A2A2A2A2A2A00
04-12 20:41:38.171932  1344  1789 D RpOemCtlr: [0] onHandleOemHookString, data[0] = AT+ESBP=7,"SBP_NR_CUSTOM_DISABLE_BAND_BY_PLMN"
04-12 20:41:38.172092  1344  1737 I AT      : RECV MSGID=0004 [SYS_AT_CNF], TXID=01b7, DUMP=841954240000000001020400B70148000000040000000000008135002A2A2A2A2A2A2A2A2A2A2A2A2A2A2A2A2A2A2A2A2A2A2A2A2A2A2A2A2A2A2A2A2A2A2A2A2A2A2A2A2A2A2A2A2A2A2A2A2A2A2A2A2A00000000000000
04-12 20:41:38.172144  1344  1835 I AT      : [0] AT< +EPBSE: 154,155,134809823,928,66,0,0,0,0,0 (RIL_CMD_READER_1, tid:525717060544)
04-12 20:41:38.172149  1344  1835 I AT      : [0] AT< OK (RIL_CMD_READER_1, tid:525717060544)
04-12 20:41:38.172189  1344  1835 I AT      : [0] AT> AT+ESBP=7,"SBP_NR_CUSTOM_DISABLE_BAND_BY_PLMN" (RIL_CMD_READER_1 tid:525717060544)
04-12 20:41:38.172198  1344  1835 I AT      : SEND MSGID=0003 [SYS_AT_REQ], TXID=01b8 [RFXSender_1], DUMP=841954240000000001000300B801380000812F002A2A2A2A2A2A2A2A2A2A2A2A2A2A2A2A2A2A2A2A2A2A2A2A2A2A2A2A2A2A2A2A2A2A2A2A2A2A2A2A2A2A2A2A2A2A2A0000000000
04-12 20:41:38.173501  1344  1737 I AT      : RECV MSGID=0004 [SYS_AT_CNF], TXID=01b8, DUMP=841954240000000001020400B80120000000040000000000008113002A2A2A2A2A2A2A2A2A2A2A2A2A2A2A2A2A2A2A00
04-12 20:41:38.173552  1344  1835 I AT      : [0] AT< +ESBP: 1 (RIL_CMD_READER_1, tid:525717060544)
04-12 20:41:38.173557  1344  1835 I AT      : [0] AT< OK (RIL_CMD_READER_1, tid:525717060544)
04-12 20:41:38.173674  2713  3562 I RILJ    : [0148]< OEM_HOOK_STRINGS {+ESBP: 1} [PHONE0]
04-12 20:41:38.173792  2713  3562 I RILJ    : [0146]< OEM_HOOK_STRINGS {+EPBSEH: "0000009a","0000009b","080908DF000003A000000042","080808D5000001A000003042"} [PHONE0]
04-12 20:41:38.173853  2713  3562 I RILJ    : [0145]< OEM_HOOK_STRINGS {+EPBSE: 154,155,134809823,928,66,0,0,0,0,0} [PHONE0]
04-12 20:41:38.173906  2713  3562 I RILJ    : [0149]< OEM_HOOK_STRINGS {+ESBP: 1} [PHONE0]
04-12 20:41:38.181530  2713  2713 D MTKSST  : [GsmSST0] localeOperator  is invalid
04-12 20:41:38.182191  2713  2713 D MTKSST  : [GsmSST0] Broadcasting ServiceState : {mVoiceRegState=3(POWER_OFF), mDataRegState=1(OUT_OF_SERVICE), mChannelNumber=-1, duplexMode()=0, mCellBandwidths=[], mOperatorAlphaLong=null, mOperatorAlphaShort=null, isManualNetworkSelection=false(automatic), getRilVoiceRadioTechnology=0(Unknown), getRilDataRadioTechnology=0(Unknown), mCssIndicator=unsupported, mNetworkId=-1, mSystemId=-1, mCdmaRoamingIndicator=-1, mCdmaDefaultRoamingIndicator=-1, mIsEmergencyOnly=false, isUsingCarrierAggregation=false, mArfcnRsrpBoost=0, mNetworkRegistrationInfos=[NetworkRegistrationInfo{ domain=PS transportType=WLAN registrationState=UNKNOWN networkRegistrationState=UNKNOWN roamingType=NOT_ROAMING accessNetworkTechnology=UNKNOWN rejectCause=0 emergencyEnabled=false availableServices=[] cellIdentity=null voiceSpecificInfo=null dataSpecificInfo=null nrState=NONE rRplmn= isUsingCarrierAggregation=false isNonTerrestrialNetwork=TERRESTRIAL}, NetworkRegistrationInfo{ domain=CS transportType=WWAN registrationState=UNKNOWN networkRegistrationState=UNKNOWN roamingType=NOT_ROAMING accessNetworkTechnology=UNKNOWN rejectCause=0 emergencyEnabled=false availableServices=[] cellIdentity=null voiceSpecificInfo=null dataSpecificInfo=null nrState=NONE rRplmn= isUsingCarrierAggregation=false isNonTerrestrialNetwork=TERRESTRIAL}, NetworkRegistrationInfo{ domain=PS transportType=WWAN registrationState=UNKNOWN networkRegistrationState=UNKNOWN roamingType=NOT_ROAMING accessNetworkTechnology=UNKNOWN rejectCause=0 emergencyEnabled=false availableServices=[] cellIdentity=null voiceSpecificInfo=null dataSpecificInfo=null nrState=NONE rRplmn= isUsingCarrierAggregation=false isNonTerrestrialNetwork=TERRESTRIAL}], mNrFrequencyRange=0, mOperatorAlphaLongRaw=, mOperatorAlphaShortRaw=, mIsDataRoamingFromRegistration=false, mIsIwlanPreferred=false, mIsUsingNonTerrestrialNetwork=false}
04-12 20:41:38.182342  2713  2713 D DefaultPhoneNotifier: notifyServiceStateForSubId: mRegistryMgr=android.telephony.TelephonyRegistryManager@b9e013a ss={mVoiceRegState=3(POWER_OFF), mDataRegState=1(OUT_OF_SERVICE), mChannelNumber=-1, duplexMode()=0, mCellBandwidths=[], mOperatorAlphaLong=null, mOperatorAlphaShort=null, isManualNetworkSelection=false(automatic), getRilVoiceRadioTechnology=0(Unknown), getRilDataRadioTechnology=0(Unknown), mCssIndicator=unsupported, mNetworkId=-1, mSystemId=-1, mCdmaRoamingIndicator=-1, mCdmaDefaultRoamingIndicator=-1, mIsEmergencyOnly=false, isUsingCarrierAggregation=false, mArfcnRsrpBoost=0, mNetworkRegistrationInfos=[NetworkRegistrationInfo{ domain=PS transportType=WLAN registrationState=UNKNOWN networkRegistrationState=UNKNOWN roamingType=NOT_ROAMING accessNetworkTechnology=UNKNOWN rejectCause=0 emergencyEnabled=false availableServices=[] cellIdentity=null voiceSpecificInfo=null dataSpecificInfo=null nrState=NONE rRplmn= isUsingCarrierAggregation=false isNonTerrestrialNetwork=TERRESTRIAL}, NetworkRegistrationInfo{ domain=CS transportType=WWAN registrationState=UNKNOWN networkRegistrationState=UNKNOWN roamingType=NOT_ROAMING accessNetworkTechnology=UNKNOWN rejectCause=0 emergencyEnabled=false availableServices=[] cellIdentity=null voiceSpecificInfo=null dataSpecificInfo=null nrState=NONE rRplmn= isUsingCarrierAggregation=false isNonTerrestrialNetwork=TERRESTRIAL}, NetworkRegistrationInfo{ domain=PS transportType=WWAN registrationState=UNKNOWN networkRegistrationState=UNKNOWN roamingType=NOT_ROAMING accessNetworkTechnology=UNKNOWN rejectCause=0 emergencyEnabled=false availableServices=[] cellIdentity=null voiceSpecificInfo=null dataSpecificInfo=null nrState=NONE rRplmn= isUsingCarrierAggregation=false isNonTerrestrialNetwork=TERRESTRIAL}], mNrFrequencyRange=0, mOperatorAlphaLongRaw=, mOperatorAlphaShortRaw=, mIsDataRoamingFromRegistration=false, mIsIwlanPreferred=false, mIsUsingNonTerrestrialNetwork=false} sender=Handler (com.mediatek.internal.telephony.MtkGsmCdmaPhone) {775bcce} phondId=0 subId=-1
04-12 20:41:38.182452  2713  3423 D Phone-0 : [0] notifyCarrierRoamingNtnEligibleStateChanged eligible:false
04-12 20:41:38.183144  1750  2549 D TelephonyRegistry: notifyServiceStateForSubscriber: INVALID subId=-1
04-12 20:41:38.188013  1750  2578 E TelephonyRegistry: Invalid phone ID -1 for -1
04-12 20:41:38.198612  1516  1516 D TranRadioExt: sendAtCommand at_str: AT+EDMFAPP=21001,37,1, slot_id: 0
04-12 20:41:38.198633  1516  1516 I mipc_lib: SEND MSGID=0003 [SYS_AT_REQ], TXID=000b [binder:1516_2], DUMP=8419542400000000010003000B002000008116002A2A2A2A2A2A2A2A2A2A2A2A2A2A2A2A2A2A2A2A2A2A000000000000
04-12 20:41:38.199650  1516  1947 I mipc_lib: RECV MSGID=0004 [SYS_AT_CNF], TXID=000b, DUMP=8419542400000000010204000B0018000000040000000000008107002A2A2A2A2A2A2A0000000000
04-12 20:41:38.211635  1750  2585 W TelephonyRegistry: Pid 2713 has exceeded half the number of permissible registered listeners. Now at 91
04-12 20:41:38.222434  2713  2713 D MtkRILJ : [0150]> MTK: RIL_REQUEST_SET_SERVICE_STATE voiceRegState: 3 dataRegState: 1 voiceRoamingType: 0 dataRoamingType: 0 rilVoiceRegState: 4 rilDataRegState:4 [PHONE0]
04-12 20:41:38.222825  1344  1835 I AT      : SEND MSGID=0445 [NW_SET_PS_CS_REGISTRATION_STATE_ROAMING_TYPE_REQ], TXID=01b9 [RFXSender_1], DUMP=841954240000000001004504B901100000010600030100000404000000000000
04-12 20:41:38.223836  1344  1737 I AT      : RECV MSGID=0446 [NW_SET_PS_CS_REGISTRATION_STATE_ROAMING_TYPE_CNF], TXID=01b9, DUMP=841954240000000001024604B90108000000040000000000
04-12 20:41:38.225541  2713  2734 I RILJ    : [0150]< MTK: RIL_REQUEST_SET_SERVICE_STATE  [PHONE0]
04-12 20:41:38.232744  2713  2713 W ImsStats: [0] conclude: discarding UNKNOWN RAT, duration=1153
04-12 20:41:38.235160  2713  2713 D MTKSST  : [GsmSST0] notifyVoiceRegStateRilRadioTechnologyChanged: vrs=3 rat=0
04-12 20:41:38.235267  2713  2713 D DSRM-0  : onMobileDataEnabledChanged: DataEnabled:false,DataStalled:false
04-12 20:41:38.235435  2713  2713 D DNC-0   : onDataEnabledChanged: enabled=false
04-12 20:41:38.235574  2713  2713 D ImsPhoneCallTracker: [0] onDataEnabledChanged: enabled=false, reason=-1
04-12 20:41:38.235583  2713  2713 D ImsPhoneCallTracker: [0] Ignore data disabled - carrier policy indicates that data is not metered for ViLTE calls.
04-12 20:41:38.235919  2713  2713 D MtkSSCtr: [0] old:{level:0, raw:SignalStrength:{mAverageLevel=0mCdma=CellSignalStrengthCdma: cdmaDbm=2147483647 cdmaEcio=2147483647 evdoDbm=2147483647 evdoEcio=2147483647 evdoSnr=2147483647 level=0,mGsm=CellSignalStrengthGsm: rssi=2147483647 ber=2147483647 mTa=2147483647 mLevel=0,mWcdma=CellSignalStrengthWcdma: ss=2147483647 ber=2147483647 rscp=2147483647 ecno=2147483647 level=0,mTdscdma=CellSignalStrengthTdscdma: rssi=2147483647 ber=2147483647 rscp=2147483647 level=0,mLte=CellSignalStrengthLte: rssi=2147483647 rsrp=2147483647 rsrq=2147483647 rssnr=2147483647 cqiTableIndex=2147483647 cqi=2147483647 ta=2147483647 level=0 parametersUseForLevel=1,mNr=CellSignalStrengthNr:{ csiRsrp = 2147483647 csiRsrq = 2147483647 csiCqiTableIndex = 2147483647 csiCqiReport = [] ssRsrp = 2147483647 ssRsrq = 2147483647 ssSinr = 2147483647 level = 0 parametersUseForLevel = 1 timingAdvance = 2147483647 },primary=CellSignalStrengthLte}}
04-12 20:41:38.236005  2713  2713 D MtkSSCtr: [0] new:{level:0, raw:SignalStrength:{mAverageLevel=-1mCdma=CellSignalStrengthCdma: cdmaDbm=2147483647 cdmaEcio=2147483647 evdoDbm=2147483647 evdoEcio=2147483647 evdoSnr=2147483647 level=0,mGsm=CellSignalStrengthGsm: rssi=2147483647 ber=2147483647 mTa=2147483647 mLevel=0,mWcdma=CellSignalStrengthWcdma: ss=2147483647 ber=2147483647 rscp=2147483647 ecno=2147483647 level=0,mTdscdma=CellSignalStrengthTdscdma: rssi=2147483647 ber=2147483647 rscp=2147483647 level=0,mLte=CellSignalStrengthLte: rssi=2147483647 rsrp=2147483647 rsrq=2147483647 rssnr=2147483647 cqiTableIndex=2147483647 cqi=2147483647 ta=2147483647 level=0 parametersUseForLevel=1,mNr=CellSignalStrengthNr:{ csiRsrp = 2147483647 csiRsrq = 2147483647 csiCqiTableIndex = 2147483647 csiCqiReport = [] ssRsrp = 2147483647 ssRsrq = 2147483647 ssSinr = 2147483647 level = 0 parametersUseForLevel = 1 timingAdvance = 2147483647 },primary=CellSignalStrengthLte}}, 
04-12 20:41:38.236037  2713  2713 D MtkGsmInboundSmsHandler-1: IdleState.processMessage: processing EVENT_RELEASE_WAKELOCK
04-12 20:41:38.236460  2713  2713 D MtkGsmInboundSmsHandler-1: IdleState.processMessage: EVENT_RELEASE_WAKELOCK: mWakeLock released
04-12 20:41:38.236485  2713  2713 D MtkCdmaInboundSmsHandler-1: IdleState.processMessage: processing EVENT_RELEASE_WAKELOCK
04-12 20:41:38.236733  2713  2713 D MtkCdmaInboundSmsHandler-1: IdleState.processMessage: EVENT_RELEASE_WAKELOCK: mWakeLock released
04-12 20:41:38.236930  2713  2713 D MTKSST  : [GsmSST1] handlePollStateResult exception java.lang.IllegalStateException: Service not connected.
04-12 20:41:38.236950  2713  2713 E MTKSST  : [GsmSST1] handlePollStateResult: RIL returned an error where it must succeed: java.lang.IllegalStateException: Service not connected.
04-12 20:41:38.236961  2713  2713 D MTKSST  : [GsmSST1] handlePollStateResult exception java.lang.IllegalStateException: Service not connected.
04-12 20:41:38.236965  2713  2713 E MTKSST  : [GsmSST1] handlePollStateResult: RIL returned an error where it must succeed: java.lang.IllegalStateException: Service not connected.
04-12 20:41:38.236970  2713  2713 D MTKSST  : [GsmSST1] handlePollStateResult exception java.lang.IllegalStateException: Service not connected.
04-12 20:41:38.236975  2713  2713 E MTKSST  : [GsmSST1] handlePollStateResult: RIL returned an error where it must succeed: java.lang.IllegalStateException: Service not connected.
04-12 20:41:38.237017  2713  2713 D TelephonyManager: setBasebandVersionForPhone org list is:[TA15152P1, TA15152P1]
04-12 20:41:38.237024  2713  2713 D TelephonyManager: setBasebandVersionForPhone final list is:[TA15152P1]
04-12 20:41:38.238078  2713  2713 D MTKSST  : [GsmSST0] handle EVENT_RADIO_STATE_CHANGED
04-12 20:41:38.238103  2713  2713 D RatConfig: getActiveRatConfig: Lf/Lt/W/G/N
04-12 20:41:38.238549  2713  2713 D MTKSST  : [GsmSST0] setRadioPowerForReason power:true, mDesiredPowerState:true, forEmergencyCall:false, isSelectedPhoneForEmergencyCall:false, forceApply:false, radioState:1, reason:0
04-12 20:41:38.238618  2713  2713 D MTKSST  : [GsmSST0] setRadioPowerForReason mDesiredPowerState is already true Do nothing.
04-12 20:41:38.240221  2713  2713 D MtkRILJ : [0151]> MTK: RIL_REQUEST_SET_VENDOR_SETTING [PHONE0]
04-12 20:41:38.240567  2713  2713 D MTKSST  : [GsmSST0] pollState: modemTriggered=true, mPollingContext=0, RadioState=1, connected=false, support_ap_iwlan=1
04-12 20:41:38.240579  2713  2713 D MTKSST  : [GsmSST0] Skip pollState due to disconnection of service
04-12 20:41:38.241026  2713  2713 I RILJ    : [0152]> GET_CURRENT_CALLS [PHONE0]
04-12 20:41:38.241331  2713  3076 I RILJ    : [0151]< MTK: RIL_REQUEST_SET_VENDOR_SETTING  [PHONE0]
04-12 20:41:38.241496  2713  2713 I RILJ    : [0153]> IMS_REGISTRATION_STATE [PHONE0]
04-12 20:41:38.242053  2713  2713 I RILJ    : [0154]> VOICE_RADIO_TECH [PHONE0]
04-12 20:41:38.242764  2713  2713 D SSCtr   : onDeviceIdleStateChanged isDeviceIdle=false
04-12 20:41:38.242818  2713  2713 D MtkDeviceStateMonitor: [phoneId0]isLowDataExpected mIsScreenOn = true mIsCharging = true mIsTetheringOn = false
04-12 20:41:38.243027  2713  3415 I RILJ    : [0154]< VOICE_RADIO_TECH {1} [PHONE0]
04-12 20:41:38.243487  1344  1837 I AT      : SEND MSGID=0a04 [IMS_GET_STATE_REQ], TXID=01ba [RFXSender_3], DUMP=84195424000000000100040ABA0108000001010000000000
04-12 20:41:38.243600  1344  1836 I AT      : SEND MSGID=0909 [CALL_GET_CALL_STATUS_REQ], TXID=01bb [RFXSender_2], DUMP=841954240000000001000909BB010000
04-12 20:41:38.244251  1344  1737 I AT      : RECV MSGID=0a05 [IMS_GET_STATE_CNF], TXID=01ba, DUMP=84195424000000000102050ABA015802000004000000000000010100000000000101010000000000020104000000000003010100000000000401040000000000058100012A2A2A2A2A2A2A2A2A2A2A2A2A2A2A2A2A2A2A2A2A2A2A2A2A2A2A2A2A2A2A2A2A2A2A2A2A2A2A2A2A2A2A2A2A2A2A2A2A2A2A2A2A2A2A2A2A2A2A2A2A2A2A2A2A2A2A2A2A2A2A2A2A2A2A2A2A2A2A2A2A2A2A2A2A2A2A2A2A2A2A2A2A2A2A2A2A2A2A2A2A2A2A2A2A2A2A2A2A2A2A2A2A2A2A2A2A2A2A2A2A2A2A2A2A2A2A2A2A2A2A2A2A2A2A2A2A2A2A2A2A2A2A2A2A2A2A2A2A2A2A2A2A2A2A2A2A2A2A2A2A2A2A2A2A2A2A2A2A2A2A2A2A2A2A2A2A2A2A2A2A2A2A2A2A2A2A2A2A2A2A2A2A2A2A2A2A2A2A2A2A2A2A2A2A2A2A2A2A2A2A2A2A2A2A2A2A2A2A2A2A2A2A2A2A2A2A2A2A2A2A2A2A2A2A2A2A2A2A2A2A2A2A2A2A2A2A2A2A2A2A2A2A2A2A2A0000000006010400000000000701040000000000080100010000000000000000000000000000000000000000000000000000000000000000000000000000000000000000000000000000000000000000000000000000000000000000000000000000000000000000000000000000000000000000000000000000000000000000000000000000000000000000000000000000000000000000000000000000000000
04-12 20:41:38.244599  2713  3415 I RILJ    : [0153]< IMS_REGISTRATION_STATE {0, 2} [PHONE0]
04-12 20:41:38.244880  2713  2713 I RILJ    : [0155]> SET_UNSOLICITED_RESPONSE_FILTER 127 [PHONE0]
04-12 20:41:38.245076  1344  1737 I AT      : RECV MSGID=090a [CALL_GET_CALL_STATUS_CNF], TXID=01bb, DUMP=841954240000000001020A09BB01100000000400000000000001040000000000
04-12 20:41:38.245264  1344  1836 D RmmCCReqHandler: [0] MIPC_CALL_GET_CALL_STATUS count=0
04-12 20:41:38.245426  1344  1786 E RfxBaseHandler: [0] registerToHandleMipcURC error:-3, slotId:0, mipcId:4402
04-12 20:41:38.245456  1344  1786 I AT      : SEND MSGID=0411 [NW_GET_SIGNAL_REQ], TXID=01bc [RFXSender_0], DUMP=841954240000000001001104BC010000
04-12 20:41:38.245645  2713  2713 I RILJ    : [0156]> GET_BARRING_INFO [PHONE0]
04-12 20:41:38.245903  2713  2713 D DRM-0   : Remove all retry and throttling entries, reason=RADIO_ON
04-12 20:41:38.246081  2713  2713 D PhoneSwitcher: EVENT_RADIO_ON
04-12 20:41:38.246138  2713  2734 I RILJ    : [0152]< GET_CURRENT_CALLS {} [PHONE0]
04-12 20:41:38.246315  1344  1737 I AT      : RECV MSGID=0412 [NW_GET_SIGNAL_CNF], TXID=01bc, DUMP=841954240000000001021204BC0138010000040000000000040104000500000005010400050000000601040000000000070104000200000008010400000000000D01180063000000FFFFFF7FFFFFFF7FFFFFFF7FFFFFFF7FFFFFFF7F000000000F01350000000000000000000000000000000000000000000000000000000000000000000000000000000000000000000000000000000000FF000000000000001001010001000000150100000000000000000000FF7F0100FF7F350000000000000000000000000000000000000000000000000000000000000000000000000000000000000000000000000000000000FF00000000000000180100000000000000000000FE7F0100FE7F380000000000000000000000000000000000000000000000000000000000000000000000000000000000000000000000000000000000FF00000000000000
04-12 20:41:38.246358  1344  1786 E RmmNwHdlr: [0] [requestSignalStrength] must never return an error when radio is on
04-12 20:41:38.246382  1344  1786 E RfxBaseHandler: [0] registerToHandleMipcURC error:-3, slotId:0, mipcId:4413
04-12 20:41:38.246385  1344  1786 E RfxBaseHandler: [0] registerToHandleMipcURC error:-3, slotId:0, mipcId:441e
04-12 20:41:38.246388  1344  1786 E RfxBaseHandler: [0] registerToHandleMipcURC error:-3, slotId:0, mipcId:4417
04-12 20:41:38.246393  1344  1786 E RfxBaseHandler: [0] registerToHandleMipcURC error:-3, slotId:0, mipcId:4418
04-12 20:41:38.246399  1344  1786 E RfxBaseHandler: [0] registerToHandleMipcURC error:-3, slotId:0, mipcId:4409
04-12 20:41:38.246409  1344  1786 I AT      : SEND MSGID=1151 [NW_GET_CSCON_STATE_REQ], TXID=01bd [RFXSender_0], DUMP=841954240000000001005111BD010000
04-12 20:41:38.247012  1344  1737 I AT      : RECV MSGID=1152 [NW_GET_CSCON_STATE_CNF], TXID=01bd, DUMP=841954240000000001025211BD01180000000400000000000001040000FF00FF0101040001000000
04-12 20:41:38.247050  2713  2713 D TDC     : getModemCount: 3
04-12 20:41:38.247066  2713  2713 D TDC     : getModem: 0
04-12 20:41:38.247073  2713  2713 D TDC     : getModemCount: 3
04-12 20:41:38.247076  2713  2713 D TDC     : getModem: 0
04-12 20:41:38.247170  2713  2713 D PhoneSwitcher: evaluating due to EVENT_RADIO_ON
04-12 20:41:38.247205  2713  2713 D PhoneSwitcher: sendRilCommands: setPreferredDataModem - phoneId: 0
04-12 20:41:38.247233  2713  2713 D RadioConfig: [0157]> SET_PREFERRED_DATA_MODEM 0
04-12 20:41:38.247309  1344  1344 D RadioConfig_service: radioConfig::setPreferredDataModem serial=157
04-12 20:41:38.247432  1344  1786 I AT      : SEND MSGID=047b [NW_SET_NW_IND_REPORT_LEVEL_REQ], TXID=01be [RFXSender_0], DUMP=841954240000000001007B04BE01100000010100030000000101010003000000
04-12 20:41:38.247817  1344  1835 I AT      : SEND MSGID=048f [NW_GET_BARRING_INFO_REQ], TXID=01bf [RFXSender_1], DUMP=841954240000000001008F04BF010000
04-12 20:41:38.248315  1344  1838 I RmmDcEvent: [0][requestSetPreferredDataModem] preferredMd=0 [0:slot0, 1:slot1]
04-12 20:41:38.248337  1344  1838 I AT      : SEND MSGID=020d [DATA_SET_DATA_ALLOW_REQ], TXID=01c0 [RFXSender_4], DUMP=841954240000000001000D02C0010000
04-12 20:41:38.248651  2713  2713 D MTKSST  : [GsmSST1] EVENT_POLL_STATE_NETWORK_SELECTION_MODE
04-12 20:41:38.248784  2713  2713 D MtkSSCtr: [1] old:{level:0, raw:SignalStrength:{mAverageLevel=-1mCdma=CellSignalStrengthCdma: cdmaDbm=2147483647 cdmaEcio=2147483647 evdoDbm=2147483647 evdoEcio=2147483647 evdoSnr=2147483647 level=0,mGsm=CellSignalStrengthGsm: rssi=2147483647 ber=2147483647 mTa=2147483647 mLevel=0,mWcdma=CellSignalStrengthWcdma: ss=2147483647 ber=2147483647 rscp=2147483647 ecno=2147483647 level=0,mTdscdma=CellSignalStrengthTdscdma: rssi=2147483647 ber=2147483647 rscp=2147483647 level=0,mLte=CellSignalStrengthLte: rssi=2147483647 rsrp=2147483647 rsrq=2147483647 rssnr=2147483647 cqiTableIndex=2147483647 cqi=2147483647 ta=2147483647 level=0 parametersUseForLevel=1,mNr=CellSignalStrengthNr:{ csiRsrp = 2147483647 csiRsrq = 2147483647 csiCqiTableIndex = 2147483647 csiCqiReport = [] ssRsrp = 2147483647 ssRsrq = 2147483647 ssSinr = 2147483647 level = 0 parametersUseForLevel = 1 timingAdvance = 2147483647 },primary=CellSignalStrengthLte}}
04-12 20:41:38.249455  1344  1737 I AT      : RECV MSGID=4403 [NW_PS_IND], TXID=ffff, DUMP=841954240000000001030344FFFF7800000101002A000000010104002A2A2A2A020101002A000000030123002A2A2A2A2A2A2A2A2A2A2A2A2A2A2A2A2A2A2A2A2A2A2A2A2A2A2A2A2A2A2A2A2A2A2A00040101002A0000000C0128002A2A2A2A2A2A2A2A2A2A2A2A2A2A2A2A2A2A2A2A2A2A2A2A2A2A2A2A2A2A2A2A2A2A2A2A2A2A2A2A00000000
04-12 20:41:38.250304  2713  2713 D TranSignalSmooth: [calculateDalayLevel] averageLevel: 0, level: 0
04-12 20:41:38.250775  1344  1737 I AT      : RECV MSGID=4408 [NW_CS_IND], TXID=ffff, DUMP=841954240000000001030844FFFF5000008118002A2A2A2A2A2A2A2A2A2A2A2A2A2A2A2A2A2A2A2A2A2A2A2A00000000010101002A000000088120002A2A2A2A2A2A2A2A2A2A2A2A2A2A2A2A2A2A2A2A2A2A2A2A2A2A2A2A2A2A2A2A00000000
04-12 20:41:38.250830  1344  1737 I AT      : RECV MSGID=047c [NW_SET_NW_IND_REPORT_LEVEL_CNF], TXID=01be, DUMP=841954240000000001027C04BE0108000000040000000000
04-12 20:41:38.250847  1344  1737 I AT      : RECV MSGID=0490 [NW_GET_BARRING_INFO_CNF], TXID=01bf, DUMP=841954240000000001029004BF010800000004006C000000
04-12 20:41:38.250860  1344  1737 I AT      : RECV MSGID=020e [DATA_SET_DATA_ALLOW_CNF], TXID=01c0, DUMP=841954240000000001020E02C00108000000040000000000
04-12 20:41:38.250965  1344  1835 E RmmNwReqHdlr: [0] requestGetBarringInfo: there is a err
04-12 20:41:38.251355  1344  1786 E RfxBaseHandler: [0] registerToHandleMipcURC error:-3, slotId:0, mipcId:4419
04-12 20:41:38.251373  1344  1786 I AT      : SEND MSGID=04c7 [NW_GET_PHYSICAL_CHANNEL_CONFIGS_REQ], TXID=01c1 [RFXSender_0], DUMP=84195424000000000100C704C1010000
04-12 20:41:38.251696  1344  1789 E RILC    : getBarringInfoResponse Invalid response: NULL
04-12 20:41:38.252167  1344  1737 I AT      : RECV MSGID=04c8 [NW_GET_PHYSICAL_CHANNEL_CONFIGS_CNF], TXID=01c1, DUMP=84195424000000000102C804C10188000000040000000000000100000000000000000000FF7F0100FF7F25000000000001000000000000000000000000000000000000000000000000000000000100000000000000000000010100000000000000000000FE7F0100FE7F28000000000001000000000000000000000000000000000000000000000000000000000000000100000000000000
04-12 20:41:38.252256  2713  3415 I RILJ    : [0156]< GET_BARRING_INFO error 2 [PHONE0]
04-12 20:41:38.252317  2713  3415 D RilRequest: [0156]< GET_BARRING_INFO error: com.android.internal.telephony.CommandException: GENERIC_FAILURE ret=BarringInfo {mCellIdentity=null, mBarringServiceInfos={}} result=null
04-12 20:41:38.252414  1344  1786 D RmmNwHdlr: [0] [queryPhysicalChannelConfigs] count:1, hasChanged: 0 
04-12 20:41:38.252431  1344  1786 E RfxBaseHandler: [0] registerToHandleMipcURC error:-3, slotId:0, mipcId:441b
04-12 20:41:38.252463  1344  1786 D RmmNwHdlr: [0] [handlePsInd][handlePsNetworkStateChanged] stat=0, lac=**FF, cid=***FFFF, eAct=0, reject_cause=0, dcnr_restricted=0, endc_sib=0, endc_available=0
04-12 20:41:38.252550  1344  1835 I AT      : SEND MSGID=0407 [NW_GET_REGISTER_STATE_REQ], TXID=01c2 [RFXSender_1], DUMP=841954240000000001000704C2010000
04-12 20:41:38.252672  1344  1786 I AT      : [0] AT> AT+EGREG? (RIL_URC_READER tid:525912226752)
04-12 20:41:38.252682  1344  1786 I AT      : SEND MSGID=0003 [SYS_AT_REQ], TXID=01c3 [RFXSender_0], DUMP=841954240000000001000300C301100000810A002A2A2A2A2A2A2A2A2A2A0000
04-12 20:41:38.254068  2713  2734 D RadioConfigResponseAidl: [0157]< SET_PREFERRED_DATA_MODEM
04-12 20:41:38.254325  1344  1737 I AT      : RECV MSGID=0408 [NW_GET_REGISTER_STATE_CNF], TXID=01c2, DUMP=841954240000000001020804C201880100000400000000000001260000000000000000000000000000000000000000000000000000000000000000000000000000000000000000000101020000000000020101000000000003010400000000000401280000000000000000000000000000000000000000000000000000000000000000000000000000000000000000000501010000000000060102000000000007010100000000000801280000000000000000000000000000000000000000000000000000000000000000000000000000000000000000000901100000000000000000000000000000000000000000000A0124000000000000000000000000000000000000000000000000000000000000000000000000000B010100000000000C010100000000000D010100000000000E010100000000000F0101000000000010011800000000000000000000000000000000000000000000000000000000001101300000000000000000000000000000000000000000000000000000000000000000000000000000000000000000000000000000000000
04-12 20:41:38.255067  1344  1737 I AT      : RECV MSGID=0004 [SYS_AT_CNF], TXID=01c3, DUMP=841954240000000001020400C3015000000004000000000000813E002A2A2A2A2A2A2A2A2A2A2A2A2A2A2A2A2A2A2A2A2A2A2A2A2A2A2A2A2A2A2A2A2A2A2A2A2A2A2A2A2A2A2A2A2A2A2A2A2A2A2A2A2A2A2A2A2A2A2A2A2A2A000000000000
04-12 20:41:38.255108  1344  1786 I AT      : [0] AT< +EGREG=*** (RIL_URC_READER, tid:525912226752)
