04-12 20:41:36.260206  2713  2727 I RILJ    : Unsol response received; Sending ack to ril.cpp [PHONE0]
04-12 20:41:36.260245  2713  2727 I RILJ    : [UNSL]< UNSOL_RESPONSE_SIM_STATUS_CHANGED [PHONE0]
04-12 20:41:36.262065  2713  3014 I RILJ    : Unsol response received; Sending ack to ril.cpp [PHONE0]
04-12 20:41:36.262130  2713  2726 I RILJ    : Unsol response received; Sending ack to ril.cpp [PHONE0]
04-12 20:41:36.262257  2713  2726 I RILJ    : [UNSL]< MTK: RIL_UNSOL_PLMN_DATA [PHONE0]
04-12 20:41:36.263764  2713  3014 I RILJ    : Unsol response received; Sending ack to ril.cpp [PHONE0]
04-12 20:41:36.265639  2713  3014 I RILJ    : Unsol response received; Sending ack to ril.cpp [PHONE0]
04-12 20:41:36.265883  1344  1840 I RmmSimCommReq: [0] handleGetSimStatusResponse, token:30, result:3,state:0,pin:0,appindex:-1,-1,-1, atr:80,, icid:21,, eid:0,(null), mepMode:0
04-12 20:41:36.266421  2713  2713 I MtkRILJ : getRadioServiceProxy wait for MtkRIL
04-12 20:41:36.266445  2713  2713 I RILJ    : HAL version of MESSAGING: -1.-1 [PHONE1]
04-12 20:41:36.266679  1344  1840 I AT      : SEND MSGID=050f [SIM_STATUS_REQ], TXID=0165 [RFXSender_6], DUMP=841954240000000001000F05650108000001010001000000
04-12 20:41:36.266870  2713  2734 I RILJ    : Broadcast for RadioStateChanged: state=0 [PHONE0]
04-12 20:41:36.268596  2713  2713 I MtkRILJ : getRadioServiceProxy wait for MtkRIL
04-12 20:41:36.268623  2713  2713 I RILJ    : HAL version of MODEM: -1.-1 [PHONE1]
04-12 20:41:36.269765  2713  3014 I RILJ    : Unsol response received; Sending ack to ril.cpp [PHONE0]
04-12 20:41:36.269855  2713  3014 I RILJ    : [UNSL]< MTK: RIL_UNSOL_ICCID_CHANGED N/A [PHONE0]
04-12 20:41:36.273584  1344  1737 I AT      : RECV MSGID=0510 [SIM_STATUS_CNF], TXID=0165, DUMP=84195424000000000102100565010801000004000300000000010100000000000101010000000000020101000000000003010100000000000401010000000000050101000000000006010100FF00000007010100FF00000008010100FF00000009010100000000000C8115002A2A2A2A2A2A2A2A2A2A2A2A2A2A2A2A2A2A2A2A2A000000000000000D8150002A2A2A2A2A2A2A2A2A2A2A2A2A2A2A2A2A2A2A2A2A2A2A2A2A2A2A2A2A2A2A2A2A2A2A2A2A2A2A2A2A2A2A2A2A2A2A2A2A2A2A2A2A2A2A2A2A2A2A2A2A2A2A2A2A2A2A2A2A2A2A2A2A2A2A2A2A2A2A2A000000000E010100000000000F0101000000000010010100000000001101010000000000120101000000000014010100000000001501010000000000
04-12 20:41:36.276935  2713  2734 I RILJ    : Unsol response received; Sending ack to ril.cpp [PHONE0]
04-12 20:41:36.276983  2713  2734 I RILJ    : [UNSL]< UNSOL_HARDWARE_CONFIG_CHANGED [Modem { uuid=modem_sys1_ps0_nr1, state=0, rilModel=0, rat={0, 4, 6, 17}, maxActiveVoiceCall=1, maxActiveDataCall=1, maxStandby=2 }, Sim { uuid=modem_sys1_ps0_nr1, modemUuid=modem_sys1_ps0_nr1, state=0 }] [PHONE0]
04-12 20:41:36.277036  2713  3014 I RILJ    : Unsol response received; Sending ack to ril.cpp [PHONE0]
04-12 20:41:36.277384  2713  2713 I MtkRILJ : getRadioServiceProxy wait for MtkRIL
04-12 20:41:36.277404  2713  2713 I RILJ    : HAL version of NETWORK: -1.-1 [PHONE1]
04-12 20:41:36.278733  2713  2713 I MtkRILJ : getRadioServiceProxy wait for MtkRIL
04-12 20:41:36.278753  2713  2713 I RILJ    : HAL version of SIM: -1.-1 [PHONE1]
04-12 20:41:36.281717  1344  1840 I RmmSimCommReq: [0] handleGetSimStatusResponse, token:31, result:3,state:0,pin:0,appindex:-1,-1,-1, atr:80,, icid:21,, eid:0,(null), mepMode:0
04-12 20:41:36.282878  2713  2713 I MtkRILJ : getRadioServiceProxy wait for MtkRIL
04-12 20:41:36.282912  2713  2713 I RILJ    : HAL version of VOICE: -1.-1 [PHONE1]
04-12 20:41:36.283124  2713  2713 I MtkRILJ : getRadioServiceProxy wait for MtkRIL
04-12 20:41:36.283139  2713  2713 I RILJ    : HAL version of IMS: -1.-1 [PHONE1]
04-12 20:41:36.283156  2713  2713 D MtkRILJ : constructor: sub = 1
04-12 20:41:36.285295  2713  3014 I RILJ    : Unsol response received; Sending ack to ril.cpp [PHONE0]
04-12 20:41:36.288283  2713  3014 I RILJ    : [UNSL]< MTK: RIL_UNSOL_ICCID_CHANGED N/A [PHONE0]
04-12 20:41:36.290248  2713  2713 D RadioModemProxy: AIDL initialized mHalVersion=2.2
04-12 20:41:36.290271  2713  2713 I RILJ    : Linked to death for service MODEM [PHONE1]
04-12 20:41:36.292920  2774  2774 D FeatureConnector: [InstanceManager, 0] imsFeatureRemoved: reason=3
04-12 20:41:36.298330  2774  3113 I ImsManager: IM[0] connectionUnavailable, reason: 3
04-12 20:41:36.303840  2713  2713 I RILJ    : [0016]> GET_HARDWARE_CONFIG [PHONE1]
04-12 20:41:36.305396  1344  1850 D RmmHdcHdr: [1] onHandleRequest: 55016
04-12 20:41:36.305415  1344  1850 D RmmHdcHdr: [1] handleHardwareConfigRequest: m_slot_id:1
04-12 20:41:36.305477  1344  1850 D RmmHdcHdr: [1] sendHardwareConfigUrc: m_slot_id:1
04-12 20:41:36.306296  2713  3014 I RILJ    : [0016]< GET_HARDWARE_CONFIG  [Modem { uuid=modem_sys1_ps1_nr1, state=0, rilModel=0, rat={0, 4, 6, 17}, maxActiveVoiceCall=1, maxActiveDataCall=1, maxStandby=2 }] [Sim { uuid=modem_sys1_ps1_nr1, modemUuid=modem_sys1_ps1_nr1, state=0 }]  [PHONE1]
04-12 20:41:36.315900  2774  2774 W CarrierConfigManager: Error getting config for subId -1 ICarrierConfigLoader is null
04-12 20:41:36.316100  2774  2774 D FeatureConnector: [InstanceManager, 0] imsFeatureRemoved: reason=3
04-12 20:41:36.316757  2774  3113 I ImsManager: IM[0] connectionUnavailable, reason: 3
04-12 20:41:36.318415  2774  2774 W CarrierConfigManager: Error getting config for subId -1 ICarrierConfigLoader is null
04-12 20:41:36.318865  2774  2774 W CarrierConfigManager: Error getting config for subId -1 ICarrierConfigLoader is null
04-12 20:41:36.321061  2774  2774 W CarrierConfigManager: Error getting config for subId -1 ICarrierConfigLoader is null
04-12 20:41:36.322045  2713  2713 D RadioDataProxy: AIDL initialized mHalVersion=2.2
04-12 20:41:36.322071  2713  2713 I RILJ    : Linked to death for service DATA [PHONE1]
04-12 20:41:36.334076  2713  2713 D RadioMessagingProxy: AIDL initialized mHalVersion=2.2
04-12 20:41:36.334214  2713  2713 I RILJ    : Linked to death for service MESSAGING [PHONE1]
04-12 20:41:36.335159  2774  2774 D FeatureConnector: [InstanceManager, 1] imsFeatureRemoved: reason=3
04-12 20:41:36.335372  1133  1144 I mipc_lib: SEND MSGID=1409 [MIPC_LOC_LBS_SYNC_LOCATION_EM_CONFIG_REQ], TXID=0007 [binder:1133_2], DUMP=8419542400000000010009140700100000010400010000000101040000000000
04-12 20:41:36.335509  2713  2713 D RadioNetworkProxy: AIDL initialized mHalVersion=2.2
04-12 20:41:36.335529  2713  2713 I RILJ    : Linked to death for service NETWORK [PHONE1]
04-12 20:41:36.337764  2774  3134 I ImsManager: IM[1] connectionUnavailable, reason: 3
04-12 20:41:36.338617  2774  2774 W CarrierConfigManager: Error getting config for subId -1 ICarrierConfigLoader is null
04-12 20:41:36.338873  2774  2774 D FeatureConnector: [InstanceManager, 1] imsFeatureRemoved: reason=3
04-12 20:41:36.339067  2774  3134 I ImsManager: IM[1] connectionUnavailable, reason: 3
04-12 20:41:36.340500  2774  2774 W CarrierConfigManager: Error getting config for subId -1 ICarrierConfigLoader is null
04-12 20:41:36.340770  2774  2774 W CarrierConfigManager: Error getting config for subId -1 ICarrierConfigLoader is null
04-12 20:41:36.341033  2774  2774 W CarrierConfigManager: Error getting config for subId -1 ICarrierConfigLoader is null
04-12 20:41:36.341541  1133  1909 I mipc_lib: RECV MSGID=140a [MIPC_LOC_LBS_SYNC_LOCATION_EM_CONFIG_CNF], TXID=0007, DUMP=841954240000000001020A1407000800000004006A000000
04-12 20:41:36.344998  2713  2713 D RadioSimProxy: AIDL initialized mHalVersion=2.2
04-12 20:41:36.345023  2713  2713 I RILJ    : Linked to death for service SIM [PHONE1]
04-12 20:41:36.348720  2713  2713 D RadioVoiceProxy: AIDL initialized mHalVersion=2.2
04-12 20:41:36.348756  2713  2713 I RILJ    : Linked to death for service VOICE [PHONE1]
04-12 20:41:36.350320  2713  2713 D RadioImsProxy: AIDL initialized mHalVersion=2.1
04-12 20:41:36.350346  2713  2713 I RILJ    : Linked to death for service IMS [PHONE1]
04-12 20:41:36.350591  2713  2713 I MtkRILJ : getMtkRadioExProxy returns null for mRadioVersionMtk greaterOrEqual 4.0.
04-12 20:41:36.351125  1344  1344 I RILC    : set all aosp response done: slotId:1
04-12 20:41:36.351518  1344  1344 I RIL-Fusion: getRadioState(): (1)radioState=0
04-12 20:41:36.351540  1344  1344 I RIL-Fusion: getRadioState(): (1)radioState=0
04-12 20:41:36.351591  1344  1344 E RILC    : radioStateChanged: radioModemServiceImpl[1].mtkEmIndication == NULL
04-12 20:41:36.351603  1344  1344 I RILC    : onNewCommandConnect, slot 1, client 0
04-12 20:41:36.351640  1344  1372 I RILC    : sendPendedUrcCallback 0 1 0
04-12 20:41:36.351644  1344  1372 I RILC    : sendPendedUrcs start RIL_SOCKET_2, UNSOL_RESPONSE_SIM_STATUS_CHANGED, client 0
04-12 20:41:36.351692  1344  1372 I RILC    : sendPendedUrcs end RIL_SOCKET_2, UNSOL_RESPONSE_SIM_STATUS_CHANGED, client 0
04-12 20:41:36.351698  1344  1372 I RILC    : sendPendedUrcs start RIL_SOCKET_2, UNSOL_RESPONSE_SIM_STATUS_CHANGED, client 0
04-12 20:41:36.351718  1344  1372 I RILC    : sendPendedUrcs end RIL_SOCKET_2, UNSOL_RESPONSE_SIM_STATUS_CHANGED, client 0
04-12 20:41:36.351720  1344  1372 I RILC    : sendPendedUrcs start RIL_SOCKET_2, UNSOL_RESPONSE_SIM_STATUS_CHANGED, client 0
04-12 20:41:36.351730  1344  1372 I RILC    : sendPendedUrcs end RIL_SOCKET_2, UNSOL_RESPONSE_SIM_STATUS_CHANGED, client 0
04-12 20:41:36.351732  1344  1372 I RILC    : sendPendedUrcs start RIL_SOCKET_2, UNSOL_VOICE_RADIO_TECH_CHANGED, client 0
04-12 20:41:36.351752  1344  1372 I RILC    : sendPendedUrcs end RIL_SOCKET_2, UNSOL_VOICE_RADIO_TECH_CHANGED, client 0
04-12 20:41:36.351756  1344  1372 I RILC    : sendPendedUrcs start RIL_SOCKET_2, UNSOL_HARDWARE_CONFIG_CHANGED, client 0
04-12 20:41:36.351769  1344  1372 I RILC    : sendPendedUrcs end RIL_SOCKET_2, UNSOL_HARDWARE_CONFIG_CHANGED, client 0
04-12 20:41:36.352493  1344  1789 D RtmCC   : onConnectionStateChanged
04-12 20:41:36.352504  1344  1789 D RtmGsmSmsCtrl: [1] onHidlStateChanged (false, true) (slot 1)
04-12 20:41:36.352512  1344  1789 I RtmCapa : [-1] onRilConnected:RFX_STATUS_CONNECTION_STATE(0==>1)
04-12 20:41:36.353351  1344  1853 I AT      : SEND MSGID=050f [SIM_STATUS_REQ], TXID=0166 [RFXSender_18], DUMP=841954240000000002000F05660108000001010001000000
04-12 20:41:36.354056  2713  2713 D MtkRadioExDataProxy: AIDL version=3, halVersion=4.0
04-12 20:41:36.354069  2713  2713 D MtkRadioExDataProxy: AIDL initialized mHalVersion=4.0
04-12 20:41:36.356299  2713  2713 D MtkRadioExMessagingProxy: AIDL version=1, halVersion=4.0
04-12 20:41:36.356341  2713  2713 D MtkRadioExMessagingProxy: AIDL initialized mHalVersion=4.0
04-12 20:41:36.360975  1344  1737 I AT      : RECV MSGID=0510 [SIM_STATUS_CNF], TXID=0166, DUMP=84195424000000000202100566010801000004000300000000010100000000000101010001000000020101000100000003010100000000000401010000000000050101000000000006010100FF00000007010100FF00000008010100FF00000009010100000000000C8115002A2A2A2A2A2A2A2A2A2A2A2A2A2A2A2A2A2A2A2A2A000000000000000D8150002A2A2A2A2A2A2A2A2A2A2A2A2A2A2A2A2A2A2A2A2A2A2A2A2A2A2A2A2A2A2A2A2A2A2A2A2A2A2A2A2A2A2A2A2A2A2A2A2A2A2A2A2A2A2A2A2A2A2A2A2A2A2A2A2A2A2A2A2A2A2A2A2A2A2A2A2A2A2A2A000000000E010100000000000F0101000000000010010100000000001101010000000000120101000000000014010100010000001501010000000000
04-12 20:41:36.362523  2713  2713 D MtkRadioExModemProxy: AIDL version=3, halVersion=4.0
04-12 20:41:36.362630  2713  2713 D MtkRadioExModemProxy: AIDL initialized mHalVersion=4.0
04-12 20:41:36.363916  2713  2734 I RILJ    : Unsol response received; Sending ack to ril.cpp [PHONE1]
04-12 20:41:36.363929  2713  2734 I RILJ    : [UNSL]< UNSOL_RIL_CONNECTED [PHONE1]
04-12 20:41:36.366163  1344  1853 I RmmSimCommReq: [1] handleGetSimStatusResponse, token:33, result:3,state:0,pin:0,appindex:-1,-1,-1, atr:80,, icid:21,, eid:0,(null), mepMode:0
04-12 20:41:36.367615  2713  2713 D MtkRadioExNetworkProxy: AIDL version=1, halVersion=4.0
04-12 20:41:36.367632  2713  2713 D MtkRadioExNetworkProxy: AIDL initialized mHalVersion=4.0
04-12 20:41:36.370224  2713  2713 D MtkRadioExSimProxy: AIDL version=2, halVersion=4.0
04-12 20:41:36.370244  2713  2713 D MtkRadioExSimProxy: AIDL initialized mHalVersion=4.0
04-12 20:41:36.374855  2713  2713 D MtkRadioExVoiceProxy: AIDL version=1, halVersion=4.0
04-12 20:41:36.374916  2713  2713 D MtkRadioExVoiceProxy: AIDL initialized mHalVersion=4.0
04-12 20:41:36.375065  2713  2734 I RILJ    : Unsol response received; Sending ack to ril.cpp [PHONE1]
04-12 20:41:36.375087  2713  2734 I RILJ    : [UNSL]< UNSOL_RESPONSE_RADIO_STATE_CHANGED radioStateChanged: 0 [PHONE1]
04-12 20:41:36.375211  2713  2727 I RILJ    : Unsol response received; Sending ack to ril.cpp [PHONE1]
04-12 20:41:36.375222  2713  2727 I RILJ    : [UNSL]< UNSOL_RESPONSE_SIM_STATUS_CHANGED [PHONE1]
04-12 20:41:36.375903  2713  2726 I RILJ    : Unsol response received; Sending ack to ril.cpp [PHONE1]
04-12 20:41:36.375919  2713  2726 I RILJ    : [UNSL]< UNSOL_VOICE_RADIO_TECH_CHANGED {1} [PHONE1]
04-12 20:41:36.376200  2713  2727 I RILJ    : Unsol response received; Sending ack to ril.cpp [PHONE1]
04-12 20:41:36.376225  2713  2727 I RILJ    : [UNSL]< UNSOL_RESPONSE_SIM_STATUS_CHANGED [PHONE1]
04-12 20:41:36.376382  2713  2713 D MtkRILJ : getRilOp
04-12 20:41:36.376401  2713  2713 D MtkRILJ : getRilOp return null for there is no HIDL, mRadioVersionMtk: 4.0 [PHONE1]
04-12 20:41:36.376921  2713  2734 I RILJ    : Broadcast for RadioStateChanged: state=0 [PHONE1]
04-12 20:41:36.377274  2713  2727 I RILJ    : Unsol response received; Sending ack to ril.cpp [PHONE1]
04-12 20:41:36.377290  2713  2727 I RILJ    : [UNSL]< UNSOL_RESPONSE_SIM_STATUS_CHANGED [PHONE1]
04-12 20:41:36.378411  2713  2713 D FeatureConnector: [InstanceManager, -1] imsFeatureRemoved: reason=3
04-12 20:41:36.379780  1344  1344 I RILC    : set all MTK response done: slotId:1
04-12 20:41:36.379816  1344  1344 I RILC    : onNewCommandConnect, slot 1, client 1
04-12 20:41:36.379973  1344  1372 I RILC    : sendPendedUrcCallback 0 1 1
04-12 20:41:36.379982  1344  1372 I RILC    : sendPendedUrcs start RIL_SOCKET_2, RIL_UNSOL_SIM_TYPE_INFO, client 1
04-12 20:41:36.380119  1344  1372 I RILC    : sendPendedUrcs end RIL_SOCKET_2, RIL_UNSOL_SIM_TYPE_INFO, client 1
04-12 20:41:36.380126  1344  1372 I RILC    : sendPendedUrcs start RIL_SOCKET_2, RIL_UNSOL_SIM_SLOT_LOCK_POLICY_NOTIFY, client 1
04-12 20:41:36.380138  1344  1372 I RILC    : sendPendedUrcs end RIL_SOCKET_2, RIL_UNSOL_SIM_SLOT_LOCK_POLICY_NOTIFY, client 1
04-12 20:41:36.380141  1344  1372 I RILC    : sendPendedUrcs start RIL_SOCKET_2, RIL_UNSOL_SIM_POWER_CHANGED, client 1
04-12 20:41:36.380148  1344  1372 I RILC    : sendPendedUrcs end RIL_SOCKET_2, RIL_UNSOL_SIM_POWER_CHANGED, client 1
04-12 20:41:36.380144  2713  3153 I ImsManager: IM[-1] connectionUnavailable, reason: 3
04-12 20:41:36.380150  1344  1372 I RILC    : sendPendedUrcs start RIL_SOCKET_2, RIL_UNSOL_PLMN_DATA, client 1
04-12 20:41:36.380302  1344  1372 I RILC    : sendPendedUrcs end RIL_SOCKET_2, RIL_UNSOL_PLMN_DATA, client 1
04-12 20:41:36.380311  1344  1372 I RILC    : sendPendedUrcs start RIL_SOCKET_2, RIL_UNSOL_SIM_SLOT_LOCK_POLICY_NOTIFY, client 1
04-12 20:41:36.380329  1344  1372 I RILC    : sendPendedUrcs end RIL_SOCKET_2, RIL_UNSOL_SIM_SLOT_LOCK_POLICY_NOTIFY, client 1
04-12 20:41:36.380332  1344  1372 I RILC    : sendPendedUrcs start RIL_SOCKET_2, RIL_UNSOL_ICCID_CHANGED, client 1
04-12 20:41:36.380340  1344  1372 I RILC    : sendPendedUrcs end RIL_SOCKET_2, RIL_UNSOL_ICCID_CHANGED, client 1
04-12 20:41:36.380791  2713  2713 W CarrierConfigManager: Error getting config for subId -1 ICarrierConfigLoader is null
04-12 20:41:36.380945  2713  2713 W CarrierConfigManager: Error getting config for subId -1 ICarrierConfigLoader is null
04-12 20:41:36.381028  2713  2734 I RILJ    : Unsol response received; Sending ack to ril.cpp [PHONE1]
04-12 20:41:36.381120  2713  2713 D FeatureConnector: [InstanceManager, 0] imsFeatureRemoved: reason=3
04-12 20:41:36.382408  2713  3155 I ImsManager: IM[0] connectionUnavailable, reason: 3
04-12 20:41:36.385282  2713  2734 I RILJ    : [UNSL]< UNSOL_HARDWARE_CONFIG_CHANGED [Modem { uuid=modem_sys1_ps1_nr1, state=0, rilModel=0, rat={0, 4, 6, 17}, maxActiveVoiceCall=1, maxActiveDataCall=1, maxStandby=2 }, Sim { uuid=modem_sys1_ps1_nr1, modemUuid=modem_sys1_ps1_nr1, state=0 }] [PHONE1]
04-12 20:41:36.386453  2713  2713 D ImsSwitchController: Initialize ImsSwitchController enter
04-12 20:41:36.386516  2713  2713 D ImsSwitchController: checkAndBindImsService: mMtkImsService = com.mediatek.ims.internal.IMtkImsService$Stub$Proxy@f8e8319
04-12 20:41:36.387734  2713  2726 I RILJ    : Unsol response received; Sending ack to ril.cpp [PHONE1]
04-12 20:41:36.387789  2713  2726 I RILJ    : [UNSL]< MTK: RIL_UNSOL_PLMN_DATA [PHONE1]
04-12 20:41:36.395369  2713  3013 I RILJ    : Unsol response received; Sending ack to ril.cpp [PHONE1]
04-12 20:41:36.395425  2713  3013 I RILJ    : [UNSL]< MTK: RIL_UNSOL_SIM_TYPE_INFO_IND [PHONE1]
04-12 20:41:36.396048  2713  3013 I RILJ    : Unsol response received; Sending ack to ril.cpp [PHONE1]
04-12 20:41:36.396530  2713  3013 I RILJ    : Unsol response received; Sending ack to ril.cpp [PHONE1]
04-12 20:41:36.396835  2713  2734 I RILJ    : Unsol response received; Sending ack to ril.cpp [PHONE1]
04-12 20:41:36.397101  2713  2726 I RILJ    : Unsol response received; Sending ack to ril.cpp [PHONE1]
04-12 20:41:36.397201  2713  2726 I RILJ    : [UNSL]< MTK: RIL_UNSOL_ICCID_CHANGED N/A [PHONE1]
04-12 20:41:36.397884  2713  2713 D MtkRILJ : [0026]> MTK: RIL_REQUEST_SET_VENDOR_SETTING [PHONE0]
04-12 20:41:36.397945  2713  2726 I RILJ    : Unsol response received; Sending ack to ril.cpp [PHONE1]
04-12 20:41:36.398279  2713  2734 I RILJ    : Unsol response received; Sending ack to ril.cpp [PHONE1]
04-12 20:41:36.398313  2713  2734 I RILJ    : [UNSL]< MTK: RIL_UNSOL_ICCID_CHANGED N/A [PHONE1]
04-12 20:41:36.400749  2713  2734 I RILJ    : [0026]< MTK: RIL_REQUEST_SET_VENDOR_SETTING  [PHONE0]
04-12 20:41:36.413517  2713  2713 D RatConfig: getMaxRat: initial N/Lf/Lt/W/G 93
04-12 20:41:36.413635  2713  2713 D RatConfig: getActiveRatConfig: Lf/Lt/W/G/N
04-12 20:41:36.414088  2713  3168 I RadioManager: PowerIdleState: enter
04-12 20:41:36.415298  2713  2713 D RadioConfig: class = class com.mediatek.internal.telephony.MtkRadioConfig
04-12 20:41:36.415339  2713  2713 D RadioConfig: constructor function = public com.mediatek.internal.telephony.MtkRadioConfig(android.content.Context,com.android.internal.telephony.HalVersion)
04-12 20:41:36.417461  1750  2228 W TelephonyRegistry: Pid 1750 has exceeded half the number of permissible registered listeners. Now at 44
04-12 20:41:36.418438  2713  2713 D MtkTelephonyComponentFactory: makeUiccController mtk
04-12 20:41:36.423556  2713  3169 D RadioConfigProxy: setAidl: setting HAL version to version = 2.2
04-12 20:41:36.424014  1344  1344 D RadioConfig_service: aidl radioConfig setResponseFunctions
04-12 20:41:36.424645  2713  3169 D RadioConfig: [0033]> GET_HAL_DEVICE_CAPABILITIES
04-12 20:41:36.425526  2713  2726 D RILUtils: Radio Hal Version = 2.0
04-12 20:41:36.425568  2713  2726 D RILUtils: CAPABILITY_USES_ALLOWED_NETWORK_TYPES_BITMASK
04-12 20:41:36.425574  2713  2726 D RILUtils: CAPABILITY_SECONDARY_LINK_BANDWIDTH_VISIBLE
04-12 20:41:36.425578  2713  2726 D RILUtils: CAPABILITY_NR_DUAL_CONNECTIVITY_CONFIGURATION_AVAILABLE
04-12 20:41:36.425581  2713  2726 D RILUtils: CAPABILITY_THERMAL_MITIGATION_DATA_THROTTLING
04-12 20:41:36.425584  2713  2726 D RILUtils: CAPABILITY_SLICING_CONFIG_SUPPORTED
04-12 20:41:36.425587  2713  2726 D RILUtils: CAPABILITY_PHYSICAL_CHANNEL_CONFIG_1_6_SUPPORTED
04-12 20:41:36.425632  2713  2726 D RadioConfigResponseAidl: [0033]< GET_HAL_DEVICE_CAPABILITIES
04-12 20:41:36.427783  2713  3169 D RadioInterfaceCapabilityController: setupRadioInterfaceCapabilities: mRadioInterfaceCapabilities now setup
04-12 20:41:36.428377  1344  1837 I AT      : SEND MSGID=cb02 [WFC_WIFI_INFO_NTF], TXID=ffff [RFXSender_3], DUMP=8419542400000000010002CBFFFF2000000106002A2A2A2A2A2A000000000000010101002A000000020101002A000000
04-12 20:41:36.462300  2713  2713 D PinStorage: KeyStore: alias PinStorage_longTerm_always_key exists
04-12 20:41:36.462340  2713  2713 D PinStorage: onDeviceReady
04-12 20:41:36.463199  2713  2713 D PinStorage: KeyStore: alias PinStorage_shortTerm_key does not exist - Nothing to do
04-12 20:41:36.467844  2713  2713 D MtkRILJ : registerForSimTypeChanged, notify mSimTypeInfo [PHONE0]
04-12 20:41:36.467896  2713  2713 D MtkRILJ : registerForSimTypeChanged, notify mSimTypeInfo [PHONE1]
04-12 20:41:36.468127  2713  2713 I ExternalSimMgr: No need to startRecoveryTimer since didn't set persist VSIM.
04-12 20:41:36.469786  2713  3188 I ExternalSimMgr: sendExternalSimConnectedEvent connected=0
04-12 20:41:36.499908  2713  2713 I RsuSml  : [RSU-SIMLOCK] initialize RsuSml: [Lcom.android.internal.telephony.RIL;@ce792a7
04-12 20:41:36.512080  2713  2713 I PhoneFactory: Creating SubscriptionManagerService
04-12 20:41:36.513407  2812  2812 W CarrierConfigManager: Error getting config for subId -1 ICarrierConfigLoader is null
04-12 20:41:36.515194  2713  2713 D SMSVC   : Created SubscriptionManagerService
04-12 20:41:36.524757  2713  2713 D MTK_SMSVC: create MtkSubscriptionDatabaseManager
04-12 20:41:36.526969  2713  2713 D SDMGR   : Created SubscriptionDatabaseManager.
04-12 20:41:36.528303  2713  3209 D SDMGR   : loadDatabaseInternal
04-12 20:41:36.539364  2812  2812 W CarrierConfigManager: Error getting config for subId -1 ICarrierConfigLoader is null
04-12 20:41:36.547124  2713  2713 D SMSVC   : broadcastSubId action: android.intent.action.ACTION_DEFAULT_DATA_SUBSCRIPTION_CHANGED subId= -1
04-12 20:41:36.547995  2713  2713 D SMSVC   : broadcastSubId action: android.intent.action.ACTION_DEFAULT_VOICE_SUBSCRIPTION_CHANGED subId= -1
04-12 20:41:36.555822  2713  2713 D SMSVC   : broadcastSubId action: android.telephony.action.DEFAULT_SMS_SUBSCRIPTION_CHANGED subId= -1
04-12 20:41:36.557506  1750  1924 W CarrierConfigManager: Error getting config for subId -1 ICarrierConfigLoader is null
04-12 20:41:36.580943  2713  2713 D SMSVC   : Registered iSub service
04-12 20:41:36.582727  2713  2713 D MTK_SMSVC: MtkSubscriptionManagerService
04-12 20:41:36.592427  1750  2228 W TelephonyRegistry: Pid 1750 has exceeded half the number of permissible registered listeners. Now at 45
04-12 20:41:36.594424  2713  2713 D TranDataSwitchComponentImpl: [TranDataSwitchComponentImpl]
04-12 20:41:36.594458  2713  2713 D TranDataSwitchComponentImpl: [init]...
04-12 20:41:36.609510  2713  2713 I PhoneFactory: Creating Phone with type = 1 phoneId = 0
04-12 20:41:36.609884  2713  2713 D Phone-0 : mDoesRilSendMultipleCallRing=true
04-12 20:41:36.609920  2713  2713 D Phone-0 : mCallRingDelay=3000
04-12 20:41:36.609977  2713  2713 D TelephonyAdminReceiver: No user manager. Attempting to resolve one.
04-12 20:41:36.612448  2713  2713 D TelephonyTester-0: register for intent action=com.mediatek.internal.telephony.action_detached
04-12 20:41:36.612468  2713  2713 D TelephonyTester-0: register for intent action=com.mediatek.internal.telephony.action_attached
04-12 20:41:36.612473  2713  2713 D TelephonyTester-0: register for intent action=com.android.internal.telephony.TestServiceState
04-12 20:41:36.612476  2713  2713 D TelephonyTester-0: register for intent action=com.android.internal.telephony.TestChangeNumber
04-12 20:41:36.620181  1750  2585 D TelephonyRegistry: listen oscl: mHasNotifySubscriptionInfoChangedOccurred==false no callback
04-12 20:41:36.620257  2713  2713 D TelephonyAnalytics: stopped listener
04-12 20:41:36.621687  1750  2047 D TelephonyRegistry: listen oscl: mHasNotifySubscriptionInfoChangedOccurred==false no callback
04-12 20:41:36.621948  1750  2047 D TelephonyRegistry: listen oscl: mHasNotifySubscriptionInfoChangedOccurred==false no callback
04-12 20:41:36.623277  2713  2713 D GsmCdmaCallTkr: Reset mWaitForHoldToRedialRequest variables
04-12 20:41:36.623291  2713  2713 D GsmCdmaCallTkr: Reset mWaitForHoldToHangupRequest variables
04-12 20:41:36.623337  2713  2713 D MtkTelephonyComponentFactory: makeIccPhoneBookInterfaceManager mtk
04-12 20:41:36.623500  2713  2713 D SmsDispatchersController: SmsDispatchersController created
04-12 20:41:36.626387  2713  2713 D SMSDispatcher: SMSDispatcher: ctor mSmsCapable=true format=unknown mSmsSendDisabled=false
04-12 20:41:36.626664  2713  2713 D MtkImsSmsDispacher: Created!
04-12 20:41:36.629603  2713  2713 E WAP PUSH: bindService() for wappush manager failed
04-12 20:41:36.630806  2713  2713 D         : created InboundSmsHandler
04-12 20:41:36.639840  2713  2713 D MtkGsmInboundSmsHandler-0: created InboundSmsHandler from MtkGsmInboundSmsHandler
04-12 20:41:36.640410  2713  2713 D SMSDispatcher: SMSDispatcher: ctor mSmsCapable=true format=3gpp2 mSmsSendDisabled=false
04-12 20:41:36.640420  2713  2713 D CdmaSMSDispatcher: CdmaSMSDispatcher created
04-12 20:41:36.640424  2713  2713 D MtkCdmaSMSDispatcher: MtkCdmaSMSDispatcher created
04-12 20:41:36.640600  2713  2713 E WAP PUSH: bindService() for wappush manager failed
04-12 20:41:36.642257  2713  2713 D         : created InboundSmsHandler
04-12 20:41:36.648219  2713  2713 D SMSDispatcher: SMSDispatcher: ctor mSmsCapable=true format=3gpp mSmsSendDisabled=false
04-12 20:41:36.648263  2713  2713 D GsmSMSDispatcher: GsmSMSDispatcher created
04-12 20:41:36.648306  2713  2713 D MtkGsmSMSDispatcher: MtkGsmSMSDispatcher created
04-12 20:41:36.648324  2713  2713 D MtkSmsBroadcastUndelivered:  call initialize
04-12 20:41:36.650087  2713  2713 D MtkSmsDispatchersController: MtkSmsDispatchersController created
04-12 20:41:36.650905  2713  2713 D MtkSmsLocationHandler: MtkSmsLocationHandler mSimCount = 2
04-12 20:41:36.652290  2713  2713 D MtkRadioExSmsProxy: AIDL version=2, halVersion=4.0
04-12 20:41:36.654938  2713  2713 D MtkRadioExSmsProxy: AIDL version=2, halVersion=4.0
04-12 20:41:36.656843  2713  2713 I GsmCdmaPhone: [0] enable_identifier_disclosure_transparency_unsol_events is on. Registering for cellular identifier disclosures from phone 0
04-12 20:41:36.656932  2713  2713 I GsmCdmaPhone: [0] enable_modem_cipher_transparency_unsol_events is on. Registering for security algorithm updates from phone 0
04-12 20:41:36.660091  2713  2713 I RILJ    : setPhoneType=1 old value=0 [PHONE0]
04-12 20:41:36.660841  2713  2713 D CarrierActionAgent: [0]Creating CarrierActionAgent
04-12 20:41:36.661025  2713  2713 W CarrierConfigManager: Error getting config for subId -1 ICarrierConfigLoader is null
04-12 20:41:36.661064  2713  2713 W CarrierConfigManager: CarrierConfigLoader is not available.
04-12 20:41:36.662349  2713  2713 W CarrierConfigManager: Error getting config for subId -1 ICarrierConfigLoader is null
04-12 20:41:36.663788  2713  2713 W CarrierConfigManager: Error getting config for subId -1 ICarrierConfigLoader is null
04-12 20:41:36.663822  2713  2713 W CarrierConfigManager: CarrierConfigLoader is not available.
04-12 20:41:36.664021  1750  2048 D TelephonyRegistry: listen oscl: mHasNotifySubscriptionInfoChangedOccurred==false no callback
04-12 20:41:36.664163  2713  2713 W CarrierConfigManager: Error getting config for subId -1 ICarrierConfigLoader is null
04-12 20:41:36.664799  2713  2713 D NRM-C-0 : registerForNetworkRegistrationInfoChanged
04-12 20:41:36.665333  2713  2713 D NRM-I-0 : registerForNetworkRegistrationInfoChanged
04-12 20:41:36.671830  2713  2713 I RILJ    : [0034]> SIGNAL_STRENGTH [PHONE0]
04-12 20:41:36.671979  2713  2713 D MTKSST  : [GsmSST0] notifyVoiceRegStateRilRadioTechnologyChanged: vrs=1 rat=0
04-12 20:41:36.673686  1750  2047 D TelephonyRegistry: listen oscl: mHasNotifySubscriptionInfoChangedOccurred==false no callback
04-12 20:41:36.674013  2713  2713 D Phone-0 : [0] SubId-1,get allowed network types user: value = GPRS|EDGE|UMTS|HSDPA|HSUPA|HSPA|LTE|HSPA+|GSM|TD_SCDMA|LTE_CA|NR
04-12 20:41:36.675030  1344  1789 E RILC    : currentSignalStrengthInd: invalid response
04-12 20:41:36.675400  2713  3262 D MTKSST  : [GsmSST0] MtkHandler: EVENT_RIL_READY
04-12 20:41:36.676966  2713  2734 I RILJ    : [0034]< SIGNAL_STRENGTH error 1 [PHONE0]
04-12 20:41:36.681451  2713  2734 D RilRequest: [0034]< SIGNAL_STRENGTH error: com.android.internal.telephony.CommandException: RADIO_NOT_AVAILABLE ret=SignalStrength:{mAverageLevel=-1mCdma=CellSignalStrengthCdma: cdmaDbm=2147483647 cdmaEcio=2147483647 evdoDbm=2147483647 evdoEcio=2147483647 evdoSnr=2147483647 level=0,mGsm=CellSignalStrengthGsm: rssi=-113 ber=0 mTa=0 mLevel=0,mWcdma=CellSignalStrengthWcdma: ss=-113 ber=0 rscp=-120 ecno=-24 level=0,mTdscdma=CellSignalStrengthTdscdma: rssi=-113 ber=0 rscp=-120 level=0,mLte=CellSignalStrengthLte: rssi=-113 rsrp=2147483647 rsrq=0 rssnr=0 cqiTableIndex=2147483647 cqi=0 ta=0 level=1 parametersUseForLevel=1,mNr=CellSignalStrengthNr:{ csiRsrp = 2147483647 csiRsrq = 2147483647 csiCqiTableIndex = 2147483647 csiCqiReport = [] ssRsrp = 2147483647 ssRsrq = 0 ssSinr = 0 level = 0 parametersUseForLevel = 1 timingAdvance = 2147483647 },primary=CellSignalStrengthLte} result={ when=-20s464ms what=6 target=com.mediatek.internal.telephony.MtkSignalStrengthController }
04-12 20:41:36.685541  2713  2713 W CarrierConfigManager: Error getting config for subId -1 ICarrierConfigLoader is null
04-12 20:41:36.685575  2713  2713 W CarrierConfigManager: CarrierConfigLoader is not available.
04-12 20:41:36.687068  2713  2713 D EmergencyNumberTracker: [0] asset emergency database is loaded. Ver: 2 Phone Id: 0 countryIso: 
04-12 20:41:36.687256  2713  2713 E EmergencyNumberTracker: [0]Cache ota emergency database IOException: java.io.FileNotFoundException: /data/misc/emergencynumberdb/emergency_number_db: open failed: ENOENT (No such file or directory)
04-12 20:41:36.687263  2713  2713 D EmergencyNumberTracker: [0]Using Asset Emergency database. Version: 2
04-12 20:41:36.693822  2713  2713 D MtkDeviceStateMonitor: [phoneId0]Initialize MtkDeviceStateMonitor
04-12 20:41:36.693846  2713  2713 D MtkDeviceStateMonitor: [phoneId0]isLowDataExpected mIsScreenOn = true mIsCharging = true mIsTetheringOn = false
04-12 20:41:36.694098  2713  2713 W CarrierConfigManager: Error getting config for subId -1 ICarrierConfigLoader is null
04-12 20:41:36.694486  2713  2713 D DIC-0   : register for satellite network callback
04-12 20:41:36.697257  2713  2713 D DIC-0   : Failed to get allowed network types: telephony service is null.
04-12 20:41:36.697787  2713  2713 D DIC-0   : Registered for preferred network type changes using Phone interface
04-12 20:41:36.698110  2713  2713 D DIC-0   : Registered for precise call state changes
04-12 20:41:36.698852  2713  2713 D DIC-0   : Settings observer registered for delay display settings
04-12 20:41:36.699027  2713  2713 D DIC-0   : MtkDisplayInfoController initialized with delay times: NR->LTE=30000ms, LTE->NR=0ms
04-12 20:41:36.699214  2713  2713 D DNC-0   : DataNetworkController created.
04-12 20:41:36.700349  2713  2713 W CarrierConfigManager: Error getting config for subId -1 ICarrierConfigLoader is null
04-12 20:41:36.700407  2713  2713 W CarrierConfigManager: CarrierConfigLoader is not available.
04-12 20:41:36.701698  2713  2713 W CarrierConfigManager: Error getting config for subId -1 ICarrierConfigLoader is null
04-12 20:41:36.701739  2713  2713 W CarrierConfigManager: CarrierConfigLoader is not available.
04-12 20:41:36.702332  2713  2713 W CarrierConfigManager: Error getting config for subId -1 ICarrierConfigLoader is null
04-12 20:41:36.702365  2713  2713 W CarrierConfigManager: CarrierConfigLoader is not available.
04-12 20:41:36.702887  2713  2713 W CarrierConfigManager: Error getting config for subId -1 ICarrierConfigLoader is null
04-12 20:41:36.702909  2713  2713 W CarrierConfigManager: CarrierConfigLoader is not available.
04-12 20:41:36.705605  2713  2713 W CarrierConfigManager: Error getting config for subId -1 ICarrierConfigLoader is null
04-12 20:41:36.705640  2713  2713 W CarrierConfigManager: CarrierConfigLoader is not available.
04-12 20:41:36.706141  2713  2713 W CarrierConfigManager: Error getting config for subId -1 ICarrierConfigLoader is null
04-12 20:41:36.706186  2713  2713 W CarrierConfigManager: CarrierConfigLoader is not available.
04-12 20:41:36.706368  2713  2713 W CarrierConfigManager: Error getting config for subId -1 ICarrierConfigLoader is null
04-12 20:41:36.706404  2713  2713 W CarrierConfigManager: CarrierConfigLoader is not available.
04-12 20:41:36.706956  2713  2713 W CarrierConfigManager: Error getting config for subId -1 ICarrierConfigLoader is null
04-12 20:41:36.707002  2713  2713 W CarrierConfigManager: CarrierConfigLoader is not available.
04-12 20:41:36.709044  2713  2713 D DCM-0   : DataConfigManager created.
04-12 20:41:36.710190  2713  2713 W CarrierConfigManager: Error getting config for subId -1 ICarrierConfigLoader is null
04-12 20:41:36.712868  2713  2713 E DCM-0   : updateDataRetryRules: Retry interval should not be less than 0. mRetryIntervalsMillis=[0]
04-12 20:41:36.714581  2713  2713 D MtkDCM  : DCM-0: updateVolteIOTConfig: mVolteIotFirewall false
04-12 20:41:36.714612  2713  2713 D DCM-0   : Carrier config updated. Config is not carrier specific.
04-12 20:41:36.716132  2713  2713 D DSMGR-0 : DataSettingsManager created.
04-12 20:41:36.716431  2713  2713 D TDC     : getModemCount: 1
04-12 20:41:36.716444  2713  2713 D TDC     : getModem: 0
04-12 20:41:36.716447  2713  2713 D TDC     : getModemCount: 1
04-12 20:41:36.716451  2713  2713 D TDC     : getModem: 0
04-12 20:41:36.717434  1750  2005 W TelephonyRegistry: Pid 2713 has exceeded half the number of permissible registered listeners. Now at 25
04-12 20:41:36.717460  1750  2005 D TelephonyRegistry: listen oscl: mHasNotifySubscriptionInfoChangedOccurred==false no callback
04-12 20:41:36.717989  2713  2713 D DSRM-0  : DataStallRecoveryManager created.
04-12 20:41:36.718770  2713  2713 D DSRM-0  : Enabled actions is null
04-12 20:41:36.720637  2713  2713 D DSRM-0  : Duration millis is null
04-12 20:41:36.729450  2713  2713 D CarrierResolver: Creating CarrierResolver[0]
04-12 20:41:36.732633  1750  2048 W TelephonyRegistry: Pid 2713 has exceeded half the number of permissible registered listeners. Now at 26
04-12 20:41:36.736004  2713  2713 D MTKSST  : [GsmSST0] notifyVoiceRegStateRilRadioTechnologyChanged: vrs=1 rat=0
04-12 20:41:36.744327  2713  3281 W CarrierConfigManager: Error getting config for subId -1 ICarrierConfigLoader is null
04-12 20:41:36.744348  2713  3281 W CarrierConfigManager: CarrierConfigLoader is not available.
04-12 20:41:36.748227  1750  2312 W TelephonyRegistry: Pid 2713 has exceeded half the number of permissible registered listeners. Now at 27
04-12 20:41:36.749244  2713  2713 I GsmCdmaPhone: [0] updateTtyMode ttyMode=0
04-12 20:41:36.752305  2713  2713 I RILJ    : [0035]> SET_TTY_MODE ttyMode = 0 [PHONE0]
04-12 20:41:36.753495  2713  2713 I GsmCdmaPhone: [0] updateUiTtyMode ttyMode=0
04-12 20:41:36.753565  2713  2713 D CallManager: registerPhone(GSM Handler (com.mediatek.internal.telephony.MtkGsmCdmaPhone) {775bcce})
04-12 20:41:36.753832  1344  1836 D RmmCCReqHandler: [0] MIPC_CALL_SET_TTY_MODE_REQ 0
04-12 20:41:36.753867  1344  1836 I AT      : SEND MSGID=093d [CALL_SET_TTY_MODE_REQ], TXID=0167 [RFXSender_2], DUMP=841954240000000001003D09670108000001010000000000
04-12 20:41:36.754521  1750  2588 W TelephonyRegistry: Pid 2713 has exceeded half the number of permissible registered listeners. Now at 28
04-12 20:41:36.755249  1750  2588 D TelephonyRegistry: listen oscl: mHasNotifySubscriptionInfoChangedOccurred==false no callback
04-12 20:41:36.756079  2713  2713 D MtkGsmCdmaPhone: constructor: sub = 0
04-12 20:41:36.756549  2713  2713 D SelfActivationDefault: init
04-12 20:41:36.758879  2713  2713 I RILJ    : [0036]> VOICE_RADIO_TECH [PHONE0]
04-12 20:41:36.759100  2713  2713 I PhoneFactory: Creating Phone with type = 1 phoneId = 1
04-12 20:41:36.759292  2713  2713 D Phone-1 : mDoesRilSendMultipleCallRing=true
04-12 20:41:36.759324  2713  2713 D Phone-1 : mCallRingDelay=3000
04-12 20:41:36.759339  2713  2713 D TelephonyAdminReceiver: No user manager. Attempting to resolve one.
04-12 20:41:36.760876  1344  1737 I AT      : RECV MSGID=093e [CALL_SET_TTY_MODE_CNF], TXID=0167, DUMP=841954240000000001023E09670108000000040000000000
04-12 20:41:36.761537  2713  2713 D TelephonyTester-1: register for intent action=com.mediatek.internal.telephony.action_detached
04-12 20:41:36.761555  2713  2713 D TelephonyTester-1: register for intent action=com.mediatek.internal.telephony.action_attached
04-12 20:41:36.761560  2713  2713 D TelephonyTester-1: register for intent action=com.android.internal.telephony.TestServiceState
04-12 20:41:36.761564  2713  2713 D TelephonyTester-1: register for intent action=com.android.internal.telephony.TestChangeNumber
04-12 20:41:36.762690  2713  2734 I RILJ    : [0036]< VOICE_RADIO_TECH {1} [PHONE0]
04-12 20:41:36.762780  2713  3013 I RILJ    : [0035]< SET_TTY_MODE  [PHONE0]
04-12 20:41:36.764431  1750  2588 W TelephonyRegistry: Pid 2713 has exceeded half the number of permissible registered listeners. Now at 29
04-12 20:41:36.764618  1750  2588 W TelephonyRegistry: Pid 2713 has exceeded half the number of permissible registered listeners. Now at 30
04-12 20:41:36.764640  1750  2588 D TelephonyRegistry: listen oscl: mHasNotifySubscriptionInfoChangedOccurred==false no callback
04-12 20:41:36.764698  2713  2713 D TelephonyAnalytics: stopped listener
04-12 20:41:36.765527  1750  2005 W TelephonyRegistry: Pid 2713 has exceeded half the number of permissible registered listeners. Now at 31
04-12 20:41:36.765552  1750  2005 D TelephonyRegistry: listen oscl: mHasNotifySubscriptionInfoChangedOccurred==false no callback
04-12 20:41:36.767288  1750  2588 W TelephonyRegistry: Pid 2713 has exceeded half the number of permissible registered listeners. Now at 32
04-12 20:41:36.767310  1750  2588 D TelephonyRegistry: listen oscl: mHasNotifySubscriptionInfoChangedOccurred==false no callback
04-12 20:41:36.768269  2713  2713 D GsmCdmaCallTkr: Reset mWaitForHoldToRedialRequest variables
04-12 20:41:36.768279  2713  2713 D GsmCdmaCallTkr: Reset mWaitForHoldToHangupRequest variables
04-12 20:41:36.768298  2713  2713 D MtkTelephonyComponentFactory: makeIccPhoneBookInterfaceManager mtk
04-12 20:41:36.768373  2713  2713 D SmsDispatchersController: SmsDispatchersController created
04-12 20:41:36.769277  2713  2713 D SMSDispatcher: SMSDispatcher: ctor mSmsCapable=true format=unknown mSmsSendDisabled=false
04-12 20:41:36.769323  2713  2713 D MtkImsSmsDispacher: Created!
04-12 20:41:36.770704  2713  2713 E WAP PUSH: bindService() for wappush manager failed
04-12 20:41:36.772133  2713  2713 D         : created InboundSmsHandler
04-12 20:41:36.777605  2713  2713 D MtkGsmInboundSmsHandler-1: created InboundSmsHandler from MtkGsmInboundSmsHandler
04-12 20:41:36.780123  2713  2713 D CdmaSMSDispatcher: CdmaSMSDispatcher created
04-12 20:41:36.780129  2713  2713 D MtkCdmaSMSDispatcher: MtkCdmaSMSDispatcher created
04-12 20:41:36.780443  2713  2713 E WAP PUSH: bindService() for wappush manager failed
04-12 20:41:36.781501  2713  2713 D         : created InboundSmsHandler
04-12 20:41:36.785708  2713  2713 D SMSDispatcher: SMSDispatcher: ctor mSmsCapable=true format=3gpp mSmsSendDisabled=false
04-12 20:41:36.785734  2713  2713 D GsmSMSDispatcher: GsmSMSDispatcher created
04-12 20:41:36.785740  2713  2713 D MtkGsmSMSDispatcher: MtkGsmSMSDispatcher created
04-12 20:41:36.794150  2713  2713 D MtkSmsDispatchersController: MtkSmsDispatchersController created
04-12 20:41:36.795635  1750  2550 W TelephonyRegistry: Pid 2713 has exceeded half the number of permissible registered listeners. Now at 33
04-12 20:41:36.795748  2713  2713 I GsmCdmaPhone: [1] enable_identifier_disclosure_transparency_unsol_events is on. Registering for cellular identifier disclosures from phone 1
04-12 20:41:36.795824  2713  2713 I GsmCdmaPhone: [1] enable_modem_cipher_transparency_unsol_events is on. Registering for security algorithm updates from phone 1
04-12 20:41:36.795875  2713  2713 I RILJ    : setPhoneType=1 old value=0 [PHONE1]
04-12 20:41:36.799383  2713  2713 D CarrierActionAgent: [1]Creating CarrierActionAgent
04-12 20:41:36.799596  2713  2713 W CarrierConfigManager: Error getting config for subId -1 ICarrierConfigLoader is null
04-12 20:41:36.799628  2713  2713 W CarrierConfigManager: CarrierConfigLoader is not available.
04-12 20:41:36.800907  1750  2588 W TelephonyRegistry: Pid 2713 has exceeded half the number of permissible registered listeners. Now at 34
04-12 20:41:36.801233  1750  2047 W TelephonyRegistry: Pid 2713 has exceeded half the number of permissible registered listeners. Now at 35
04-12 20:41:36.802821  2713  2713 W CarrierConfigManager: Error getting config for subId -1 ICarrierConfigLoader is null
04-12 20:41:36.803381  1750  2047 W TelephonyRegistry: Pid 2713 has exceeded half the number of permissible registered listeners. Now at 36
04-12 20:41:36.803740  1750  2047 W TelephonyRegistry: Pid 2713 has exceeded half the number of permissible registered listeners. Now at 37
04-12 20:41:36.804163  2713  2713 W CarrierConfigManager: Error getting config for subId -1 ICarrierConfigLoader is null
04-12 20:41:36.804235  2713  2713 W CarrierConfigManager: CarrierConfigLoader is not available.
04-12 20:41:36.804458  1750  2047 W TelephonyRegistry: Pid 2713 has exceeded half the number of permissible registered listeners. Now at 38
04-12 20:41:36.804479  1750  2047 D TelephonyRegistry: listen oscl: mHasNotifySubscriptionInfoChangedOccurred==false no callback
04-12 20:41:36.804670  2713  2713 W CarrierConfigManager: Error getting config for subId -1 ICarrierConfigLoader is null
04-12 20:41:36.804826  1750  2047 W TelephonyRegistry: Pid 2713 has exceeded half the number of permissible registered listeners. Now at 39
04-12 20:41:36.805409  1750  2550 W TelephonyRegistry: Pid 2713 has exceeded half the number of permissible registered listeners. Now at 40
04-12 20:41:36.806552  2713  2713 D NRM-C-1 : registerForNetworkRegistrationInfoChanged
04-12 20:41:36.807045  1750  2550 W TelephonyRegistry: Pid 2713 has exceeded half the number of permissible registered listeners. Now at 41
04-12 20:41:36.807155  2713  2713 D NRM-I-1 : registerForNetworkRegistrationInfoChanged
04-12 20:41:36.811395  2713  2713 I RILJ    : [0037]> SIGNAL_STRENGTH [PHONE1]
04-12 20:41:36.811519  2713  2713 D MTKSST  : [GsmSST1] notifyVoiceRegStateRilRadioTechnologyChanged: vrs=1 rat=0
04-12 20:41:36.811648  1344  1789 E RILC    : currentSignalStrengthInd: invalid response
04-12 20:41:36.811885  2713  3013 I RILJ    : [0037]< SIGNAL_STRENGTH error 1 [PHONE1]
04-12 20:41:36.812051  1750  2005 W TelephonyRegistry: Pid 2713 has exceeded half the number of permissible registered listeners. Now at 42
04-12 20:41:36.812216  1750  2005 W TelephonyRegistry: Pid 2713 has exceeded half the number of permissible registered listeners. Now at 43
04-12 20:41:36.812232  1750  2005 D TelephonyRegistry: listen oscl: mHasNotifySubscriptionInfoChangedOccurred==false no callback
04-12 20:41:36.811984  2713  3013 D RilRequest: [0037]< SIGNAL_STRENGTH error: com.android.internal.telephony.CommandException: RADIO_NOT_AVAILABLE ret=SignalStrength:{mAverageLevel=-1mCdma=CellSignalStrengthCdma: cdmaDbm=2147483647 cdmaEcio=2147483647 evdoDbm=2147483647 evdoEcio=2147483647 evdoSnr=2147483647 level=0,mGsm=CellSignalStrengthGsm: rssi=-113 ber=0 mTa=0 mLevel=0,mWcdma=CellSignalStrengthWcdma: ss=-113 ber=0 rscp=-120 ecno=-24 level=0,mTdscdma=CellSignalStrengthTdscdma: rssi=-113 ber=0 rscp=-120 level=0,mLte=CellSignalStrengthLte: rssi=-113 rsrp=2147483647 rsrq=0 rssnr=0 cqiTableIndex=2147483647 cqi=0 ta=0 level=1 parametersUseForLevel=1,mNr=CellSignalStrengthNr:{ csiRsrp = 2147483647 csiRsrq = 2147483647 csiCqiTableIndex = 2147483647 csiCqiReport = [] ssRsrp = 2147483647 ssRsrq = 0 ssSinr = 0 level = 0 parametersUseForLevel = 1 timingAdvance = 2147483647 },primary=CellSignalStrengthLte} result={ when=-20s594ms what=6 target=com.mediatek.internal.telephony.MtkSignalStrengthController }
04-12 20:41:36.814136  2713  2713 D Phone-1 : [1] SubId-1,get allowed network types user: value = GPRS|EDGE|UMTS|HSDPA|HSUPA|HSPA|LTE|HSPA+|GSM|TD_SCDMA|LTE_CA|NR
04-12 20:41:36.816308  2713  3317 D MTKSST  : [GsmSST1] MtkHandler: EVENT_RIL_READY
04-12 20:41:36.822340  2713  2713 W CarrierConfigManager: Error getting config for subId -1 ICarrierConfigLoader is null
04-12 20:41:36.822410  2713  2713 W CarrierConfigManager: CarrierConfigLoader is not available.
04-12 20:41:36.823700  1750  2550 W TelephonyRegistry: Pid 2713 has exceeded half the number of permissible registered listeners. Now at 44
04-12 20:41:36.824723  2713  2713 D EmergencyNumberTracker: [1] asset emergency database is loaded. Ver: 2 Phone Id: 1 countryIso: 
04-12 20:41:36.824846  2713  2713 E EmergencyNumberTracker: [1]Cache ota emergency database IOException: java.io.FileNotFoundException: /data/misc/emergencynumberdb/emergency_number_db: open failed: ENOENT (No such file or directory)
04-12 20:41:36.824867  2713  2713 D EmergencyNumberTracker: [1]Using Asset Emergency database. Version: 2
04-12 20:41:36.827775  2713  2713 D MtkDeviceStateMonitor: [phoneId1]Initialize MtkDeviceStateMonitor
04-12 20:41:36.827790  2713  2713 D MtkDeviceStateMonitor: [phoneId1]isLowDataExpected mIsScreenOn = true mIsCharging = true mIsTetheringOn = false
04-12 20:41:36.828028  2713  2713 W CarrierConfigManager: Error getting config for subId -1 ICarrierConfigLoader is null
04-12 20:41:36.828227  1750  2047 W TelephonyRegistry: Pid 2713 has exceeded half the number of permissible registered listeners. Now at 45
04-12 20:41:36.828408  2713  2713 D DIC-1   : register for satellite network callback
04-12 20:41:36.838098  2713  2713 D DIC-1   : Failed to get allowed network types: telephony service is null.
04-12 20:41:36.838131  2713  2713 D DIC-1   : Registered for preferred network type changes using Phone interface
04-12 20:41:36.838193  2713  2713 D DIC-1   : Registered for precise call state changes
04-12 20:41:36.842176  2713  2713 D DIC-1   : Settings observer registered for delay display settings
04-12 20:41:36.842383  2713  2713 D DIC-1   : MtkDisplayInfoController initialized with delay times: NR->LTE=30000ms, LTE->NR=0ms
04-12 20:41:36.842940  2713  2713 D DNC-1   : DataNetworkController created.
04-12 20:41:36.845266  1750  2047 W TelephonyRegistry: Pid 2713 has exceeded half the number of permissible registered listeners. Now at 46
04-12 20:41:36.846014  2713  2713 W CarrierConfigManager: Error getting config for subId -1 ICarrierConfigLoader is null
04-12 20:41:36.846069  2713  2713 W CarrierConfigManager: CarrierConfigLoader is not available.
04-12 20:41:36.847924  2713  2713 W CarrierConfigManager: Error getting config for subId -1 ICarrierConfigLoader is null
04-12 20:41:36.848054  2713  2713 W CarrierConfigManager: CarrierConfigLoader is not available.
04-12 20:41:36.848783  2713  2713 W CarrierConfigManager: Error getting config for subId -1 ICarrierConfigLoader is null
04-12 20:41:36.848946  2713  2713 W CarrierConfigManager: CarrierConfigLoader is not available.
04-12 20:41:36.849520  2713  2713 W CarrierConfigManager: Error getting config for subId -1 ICarrierConfigLoader is null
04-12 20:41:36.849548  2713  2713 W CarrierConfigManager: CarrierConfigLoader is not available.
04-12 20:41:36.852819  1750  2005 W TelephonyRegistry: Pid 2713 has exceeded half the number of permissible registered listeners. Now at 47
04-12 20:41:36.861392  2713  2713 W CarrierConfigManager: Error getting config for subId -1 ICarrierConfigLoader is null
04-12 20:41:36.861493  2713  2713 W CarrierConfigManager: CarrierConfigLoader is not available.
04-12 20:41:36.864374  2713  2713 W CarrierConfigManager: Error getting config for subId -1 ICarrierConfigLoader is null
04-12 20:41:36.864425  2713  2713 W CarrierConfigManager: CarrierConfigLoader is not available.
04-12 20:41:36.865588  2713  2713 W CarrierConfigManager: Error getting config for subId -1 ICarrierConfigLoader is null
04-12 20:41:36.866624  2713  2713 W CarrierConfigManager: CarrierConfigLoader is not available.
04-12 20:41:36.868526  2713  2713 W CarrierConfigManager: Error getting config for subId -1 ICarrierConfigLoader is null
04-12 20:41:36.868612  2713  2713 W CarrierConfigManager: CarrierConfigLoader is not available.
04-12 20:41:36.874546  2713  2713 D DCM-1   : DataConfigManager created.
04-12 20:41:36.875178  1750  2047 W TelephonyRegistry: Pid 2713 has exceeded half the number of permissible registered listeners. Now at 48
04-12 20:41:36.875515  2713  2713 W CarrierConfigManager: Error getting config for subId -1 ICarrierConfigLoader is null
04-12 20:41:36.876598  2713  2713 E DCM-1   : updateDataRetryRules: Retry interval should not be less than 0. mRetryIntervalsMillis=[0]
04-12 20:41:36.876890  2713  2713 D MtkDCM  : DCM-1: updateVolteIOTConfig: mVolteIotFirewall false
04-12 20:41:36.876966  2713  2713 D DCM-1   : Carrier config updated. Config is not carrier specific.
04-12 20:41:36.877096  2713  2713 D DSMGR-1 : DataSettingsManager created.
04-12 20:41:36.878419  1750  2313 W TelephonyRegistry: Pid 2713 has exceeded half the number of permissible registered listeners. Now at 49
04-12 20:41:36.878465  1750  2313 D TelephonyRegistry: listen oscl: mHasNotifySubscriptionInfoChangedOccurred==false no callback
04-12 20:41:36.879982  2713  2713 D DSRM-1  : DataStallRecoveryManager created.
04-12 20:41:36.880060  2713  2713 D DSRM-1  : Enabled actions is null
04-12 20:41:36.880073  2713  2713 D DSRM-1  : Duration millis is null
04-12 20:41:36.888392  2713  2713 D CarrierResolver: Creating CarrierResolver[1]
04-12 20:41:36.890055  1750  2312 W TelephonyRegistry: Pid 2713 has exceeded half the number of permissible registered listeners. Now at 50
04-12 20:41:36.891405  2713  3342 W CarrierConfigManager: Error getting config for subId -1 ICarrierConfigLoader is null
