----- timezone:Asia/Shanghai
04-12 20:41:29.300842  1133  1144 I mipc_lib: CHECK IF MODEM IS READY STATRT!
04-12 20:41:29.428798  1222  1222 I terservice: [terserver] service not enabled. exit.
04-12 20:41:29.749123  1344  1344 D RilClientQueue: construct head message
04-12 20:41:29.755203  1344  1344 I RilOpProxy: initOpLibrary, init mipc path
04-12 20:41:29.755342  1344  1344 I RilOpProxy: [initOpLibrary] dlopen failed error: dlopen failed: library "libmtkmipc-rilop.so" not found
04-12 20:41:29.756215  1352  1374 I mipc_lib: CHECK IF MODEM IS READY STATRT!
04-12 20:41:29.757503  1344  1344 I AT      : CHECK IF MODEM IS READY STATRT!
04-12 20:41:30.446440  1516  1516 I mipc_lib: CHECK IF MODEM IS READY STATRT!
04-12 20:41:30.756522  1352  1374 I mipc_lib: MODEM IS READY NOW! OPENCOM /dev/ttyCMIPC5 start
04-12 20:41:30.756622  1352  1374 I mipc_lib: OPENCOM /dev/ttyCMIPC5 end
04-12 20:41:30.757344  1352  1374 E mipc_lib: open libtrm success
04-12 20:41:30.757491  1352  1374 I mipc_lib: SEND MSGID=0305 [INTERNAL_TEST_REQ], TXID=0000 [mnld], DUMP=8419542400000000FF00050300000000
04-12 20:41:30.758220  1344  1344 I AT      : MODEM IS READY NOW! OPENCOM /dev/ttyCMIPC1 start
04-12 20:41:30.758264  1352  1736 I mipc_lib: RECV MSGID=0306 [INTERNAL_TEST_CNF], TXID=0000, DUMP=8419542400000000FF020603000008000000040000000000
04-12 20:41:30.758317  1352  1374 I mipc_lib: SEND MSGID=0301 [INTERNAL_OPEN_REQ], TXID=0001 [mnld], DUMP=8419542400000000FF000103010020000001040002000000010105006D6E6C6400000000000000000201010001000000
04-12 20:41:30.759509  1344  1344 I AT      : OPENCOM /dev/ttyCMIPC1 end
04-12 20:41:30.759866  1344  1344 E AT      : open libtrm success
04-12 20:41:30.759987  1344  1344 I AT      : SEND MSGID=0305 [INTERNAL_TEST_REQ], TXID=0000 [mtkfusionrild], DUMP=8419542400000000FF00050300000000
04-12 20:41:30.760361  1344  1737 I AT      : RECV MSGID=0306 [INTERNAL_TEST_CNF], TXID=0000, DUMP=8419542400000000FF020603000008000000040000000000
04-12 20:41:30.760432  1344  1344 I AT      : SEND MSGID=0301 [INTERNAL_OPEN_REQ], TXID=0001 [mtkfusionrild], DUMP=8419542400000000FF00010301002800000104000200000001010F002F6465762F747479434D495043310000000000000201010001000000
04-12 20:41:31.026563  1344  1737 I AT      : RECV MSGID=0302 [INTERNAL_OPEN_CNF], TXID=0001, DUMP=8419542400000000FF020203010018000000040000000000000104000000000001010400E0930400
04-12 20:41:31.026760  1344  1344 I AT      : SEND MSGID=0003 [SYS_AT_REQ], TXID=0002 [mtkfusionrild], DUMP=8419542400000000010003000200180000810D002A2A2A2A2A2A2A2A2A2A2A2A2A00000000000000
04-12 20:41:31.026869  1352  1736 I mipc_lib: RECV MSGID=0302 [INTERNAL_OPEN_CNF], TXID=0001, DUMP=8419542400000000FF020203010018000000040000000000000104000000000001010400E0930400
04-12 20:41:31.027244  1352  1374 I trm_lib : libtrm_md_event_register: mon. thread started.
04-12 20:41:31.027283  1352  1374 I mipc_lib: SEND MSGID=008d [SYS_GET_GNSS_COCLOCK_NVDATA_REQ], TXID=0002 [mnld], DUMP=841954240000000001008D0002000000
04-12 20:41:31.030194  1344  1737 I AT      : RECV MSGID=0004 [SYS_AT_CNF], TXID=0002, DUMP=841954240000000001020400020018000000040000000000008107002A2A2A2A2A2A2A0000000000
04-12 20:41:31.033647  1352  1736 I mipc_lib: RECV MSGID=008e [SYS_GET_GNSS_COCLOCK_NVDATA_CNF], TXID=0002, DUMP=841954240000000001028E000200200000000400000000000101040052A262BD02010400FBBC95BE03010400FFFFFFFF
04-12 20:41:31.040461  1344  1344 I RILC    : FUSION RIL getSimCount: 2
04-12 20:41:31.040479  1344  1344 E RILC    : RIL_register: RIL version 15
04-12 20:41:31.040483  1344  1344 I RILC    : s_registerCalled flag set, 1
04-12 20:41:31.040645  1344  1758 I RIL-Fusion: entering mainLoop()
04-12 20:41:31.040762  1344  1344 I RILC    : register service start
04-12 20:41:31.041112  1344  1758 E RfxOpUtils: [initOpLibrary] return, sDlOpHandler = 0x0
04-12 20:41:31.043844  1344  1758 D RfxGwsdUtils: [initHandler] completed
04-12 20:41:31.043941  1344  1758 D RatConfigC: getMaxRat: initial N/Lf/Lt/W/G
04-12 20:41:31.043970  1344  1758 I RfxViaUtils: [initViaHandler] not support C2K
04-12 20:41:31.059452  1344  1758 D RilClientQueue: construct head message
04-12 20:41:31.068254  1344  1785 D RfxVersionMgr: init
04-12 20:41:31.068404  1344  1785 E RfxChannelMgr: init urc first
04-12 20:41:31.068590  1344  1785 E RfxChannelMgr: init urc first
04-12 20:41:31.069071  1344  1789 I RfxMainThread: initControllers start
04-12 20:41:31.069233  1344  1789 I RfxOpUtils: [getPreNonSlotOpCtlerList] return, sDlOpHandler == NULL
04-12 20:41:31.069680  1344  1789 D RtmSuppServQueue: Init RtmSuppServQueue's singleton instance!
04-12 20:41:31.069712  1344  1789 D RtmSuppServController: [-1] RtmSuppServController onInit!
04-12 20:41:31.069724  1344  1790 W RefBase : RefBase: Object at 0xb400007bbc529698 lost last weak reference before it had a strong reference
04-12 20:41:31.069809  1344  1789 D EccNumberSource: [XML][0][XmlEccNumberSource] START
04-12 20:41:31.072238  1344  1786 I AT      : SEND MSGID=030b [INTERNAL_REGISTER_CMD_REQ], TXID=0013 [RFXSender_0], DUMP=8419542400000000FF000B031300080000010200068B0000
04-12 20:41:31.072347  1344  1789 D EccNumberSource: [XML][0][XmlEccNumberSource] END
04-12 20:41:31.072416  1344  1787 E RfxBaseHandler: [1] registerToHandleMipcCmd error:-3, slotId:1, mipcId:8b06
04-12 20:41:31.072455  1344  1787 D RmmSmlUrc: [1] RmmSmlUrcHandler init
04-12 20:41:31.072544  1344  1787 D RmmSmlUrc: [1] Slot Lock on and reset the properties and key-values: slot 1
04-12 20:41:31.072548  1344  1737 I AT      : RECV MSGID=030c [INTERNAL_REGISTER_CMD_CNF], TXID=0013, DUMP=8419542400000000FF020C03130008000000040000000000
04-12 20:41:31.072607  1344  1786 D RmmSmlUrc: [0] RmmSmlUrcHandler init
04-12 20:41:31.072643  1344  1786 D RmmSmlUrc: [0] Slot Lock on and reset the properties and key-values: slot 0
04-12 20:41:31.072670  1344  1789 D EccNumberPreference: [0][update] for PLMN:  GSM only: , GSM prefer: , CDMA prefer: 
04-12 20:41:31.073042  1344  1789 D RpOemCtlr: [0] init()
04-12 20:41:31.073096  1344  1789 D RtmCC   : [0] create ecc controller
04-12 20:41:31.073107  1344  1789 D RtmEcc  : [0] onInit !! (bsp)
04-12 20:41:31.073393  1344  1789 D RfxVersionMgr: waitLooper() begin
04-12 20:41:31.079401  1344  1787 I RmmCatUrcHandler: [1] RmmCatUrcHandler init slotid 1, ch id 0
04-12 20:41:31.081595  1344  1787 D RmmCatUrcHandler: [1] RmmCatUrcHandler enable proactive cmd by MIPC_STK_SET_PAC_REQ
04-12 20:41:31.081634  1344  1787 I AT      : SEND MSGID=0801 [STK_SET_PAC_REQ], TXID=002d [RFXSender_12], DUMP=8419542400000000020001082D00280001012000FFFFFFFFFFFFFFFFFFFFFFFFFFFFFFFFFFFFFFFFFFFFFFFFFFFFFFFFFFFFFFFF00000000
04-12 20:41:31.082053  1344  1737 I AT      : RECV MSGID=0802 [STK_SET_PAC_CNF], TXID=002d, DUMP=8419542400000000020202082D0010010000040000000000000100010004040404040000000000000000000004040404040600000000000000000000060606060606060406000000000000000000000000040000000000000000000006060606060000000000000000000000000000000000000000000000000000000000000000000000000000000000000006060000000000000000000000000000000000000000000000000000000000000000000000000000000000000000000000000000000000000000000000000000000000000000000000000000000000000000000000000000000000000000000000000000000000000000000000000000000000000000000000000000000000000000000000000000000000000000000000000000
04-12 20:41:31.083335  1344  1786 I RmmCatUrcHandler: [0] RmmCatUrcHandler init slotid 0, ch id 0
04-12 20:41:31.084461  1344  1786 D RmmCatUrcHandler: [0] RmmCatUrcHandler enable proactive cmd by MIPC_STK_SET_PAC_REQ
04-12 20:41:31.084501  1344  1786 I AT      : SEND MSGID=0801 [STK_SET_PAC_REQ], TXID=003c [RFXSender_0], DUMP=8419542400000000010001083C00280001012000FFFFFFFFFFFFFFFFFFFFFFFFFFFFFFFFFFFFFFFFFFFFFFFFFFFFFFFFFFFFFFFF00000000
04-12 20:41:31.084880  1344  1737 I AT      : RECV MSGID=0802 [STK_SET_PAC_CNF], TXID=003c, DUMP=8419542400000000010202083C0010010000040000000000000100010004040404040000000000000000000004040404040600000000000000000000060606060606060406000000000000000000000000040000000000000000000006060606060000000000000000000000000000000000000000000000000000000000000000000000000000000000000006060000000000000000000000000000000000000000000000000000000000000000000000000000000000000000000000000000000000000000000000000000000000000000000000000000000000000000000000000000000000000000000000000000000000000000000000000000000000000000000000000000000000000000000000000000000000000000000000000000
04-12 20:41:31.088284  1344  1787 I VT RIL URC: [1] RmmVtUrcHandler constructor
04-12 20:41:31.090008  1344  1787 D RmmNwHdlr: [1] Default nr_display_rule=1, jp_mode_timer1_delay_timer=20, jp_mode_timer2_delay_timer=20
04-12 20:41:31.090054  1344  1787 D RmmNwHdlr: [1] prop nr_display_rule=-1, jp_mode_timer1_delay_timer=-1, jp_mode_timer2_delay_timer=-1
04-12 20:41:31.090064  1344  1787 D RmmNwHdlr: [1] [setNrDisplayRuleToMd] mode:1, timer1:20, timer2:20
04-12 20:41:31.090066  1344  1344 D RadioConfig_service: aosp radioConfig addService status: 0
04-12 20:41:31.090072  1344  1344 I RILC    : radioConfig called register radio config Service
04-12 20:41:31.090081  1344  1787 I AT      : SEND MSGID=0495 [NW_SET_CACHE_ENDC_CONNECT_MODE_REQ], TXID=0053 [RFXSender_12], DUMP=841954240000000002009504530008000001010001000000
04-12 20:41:31.090101  1344  1344 I RILC    : RIL_register_socket: calling registerService
04-12 20:41:31.090127  1344  1344 D RIL_SAP : publicRadioSapAidlService
04-12 20:41:31.090374  1344  1344 D RIL_SAP : aosp sap addservice, slotId:0, status:0
04-12 20:41:31.090566  1344  1344 D RIL_SAP : aosp sap addservice, slotId:1, status:0
04-12 20:41:31.090567  1344  1737 I AT      : RECV MSGID=0496 [NW_SET_CACHE_ENDC_CONNECT_MODE_CNF], TXID=0053, DUMP=841954240000000002029604530008000000040000000000
04-12 20:41:31.090611  1344  1787 D RmmNwUrcHdlr: [1] RmmNwURCHandler[1] start
04-12 20:41:31.091542  1344  1786 I VT RIL URC: [0] RmmVtUrcHandler constructor
04-12 20:41:31.092462  1344  1786 D RmmNwHdlr: [0] Default nr_display_rule=1, jp_mode_timer1_delay_timer=20, jp_mode_timer2_delay_timer=20
04-12 20:41:31.092489  1344  1786 D RmmNwHdlr: [0] prop nr_display_rule=-1, jp_mode_timer1_delay_timer=-1, jp_mode_timer2_delay_timer=-1
04-12 20:41:31.092496  1344  1786 D RmmNwHdlr: [0] [setNrDisplayRuleToMd] mode:1, timer1:20, timer2:20
04-12 20:41:31.092510  1344  1786 I AT      : SEND MSGID=0495 [NW_SET_CACHE_ENDC_CONNECT_MODE_REQ], TXID=0061 [RFXSender_0], DUMP=841954240000000001009504610008000001010001000000
04-12 20:41:31.092808  1344  1737 I AT      : RECV MSGID=0496 [NW_SET_CACHE_ENDC_CONNECT_MODE_CNF], TXID=0061, DUMP=841954240000000001029604610008000000040000000000
04-12 20:41:31.092950  1344  1786 D RmmNwUrcHdlr: [0] RmmNwURCHandler[0] start
04-12 20:41:31.104770  1344  1787 I RmmDchUrc: [1] [RmmDchUrcHandler] dlopen : module = libwpfa.so, pass.
04-12 20:41:31.104901  1344  1786 I RmmDchUrc: [0] [RmmDchUrcHandler] dlopen : module = libwpfa.so, pass.
04-12 20:41:31.104947  1344  1787 E RmmDchUrc: [1] [RmmDchUrcHandler] dlsym : symbol = setPacketRouteCfg, failed (undefined symbol: setPacketRouteCfg)
04-12 20:41:31.104978  1344  1786 E RmmDchUrc: [0] [RmmDchUrcHandler] dlsym : symbol = setPacketRouteCfg, failed (undefined symbol: setPacketRouteCfg)
04-12 20:41:31.110926  1344  1787 I AT      : SEND MSGID=030b [INTERNAL_REGISTER_CMD_REQ], TXID=00a5 [RFXSender_12], DUMP=8419542400000000FF000B03A50008000001020001860000
04-12 20:41:31.111414  1344  1737 I AT      : RECV MSGID=030c [INTERNAL_REGISTER_CMD_CNF], TXID=00a5, DUMP=8419542400000000FF020C03A50008000000040000000000
04-12 20:41:31.111486  1344  1787 I AT      : SEND MSGID=030b [INTERNAL_REGISTER_CMD_REQ], TXID=00a7 [RFXSender_12], DUMP=8419542400000000FF000B03A70008000001020003860000
04-12 20:41:31.111706  1344  1786 E RfxBaseHandler: [0] registerToHandleMipcCmd error:-3, slotId:0, mipcId:8601
04-12 20:41:31.111733  1344  1786 E RfxBaseHandler: [0] registerToHandleMipcCmd error:-3, slotId:0, mipcId:8603
04-12 20:41:31.111841  1344  1737 I AT      : RECV MSGID=030c [INTERNAL_REGISTER_CMD_CNF], TXID=00a7, DUMP=8419542400000000FF020C03A70008000000040000000000
04-12 20:41:31.117784  1344  1786 D RmmOemUrcHandler: [0] initRFCableStatusReader
04-12 20:41:31.117949  1344  1786 D RmmImsVideoRingtoneUrcHandler: [0] RmmImsVideoRingtoneUrcHandler constructor
04-12 20:41:31.117993  1344  1804 I RmmOemUrcHandler: [0] rfCableStatusReaderLoop - RFCable status working thread
04-12 20:41:31.118061  1344  1804 I RmmOemUrcHandler: [0] [RmmOemUrcHandler] rfCableStatusReaderLoop: fd = 19
04-12 20:41:31.118116  1344  1787 D RmmImsVideoRingtoneUrcHandler: [1] RmmImsVideoRingtoneUrcHandler constructor
04-12 20:41:31.121707  1344  1786 D RmmImsRttCtlUrcHdl: [0] RmmImsRttControlUrcHandler constructor
04-12 20:41:31.121968  1344  1787 D RmmImsRttCtlUrcHdl: [1] RmmImsRttControlUrcHandler constructor
04-12 20:41:31.132592  1344  1786 I AT      : SEND MSGID=030b [INTERNAL_REGISTER_CMD_REQ], TXID=00fd [RFXSender_0], DUMP=8419542400000000FF000B03FD0008000001020001890000
04-12 20:41:31.133165  1344  1737 I AT      : RECV MSGID=030c [INTERNAL_REGISTER_CMD_CNF], TXID=00fd, DUMP=8419542400000000FF020C03FD0008000000040000000000
04-12 20:41:31.133817  1344  1786 I RmmCapa : [0] constructor slot_id = 0, channel_id = 0
04-12 20:41:31.134697  1344  1786 E AT      : [0] threadLoop. Urc init done
04-12 20:41:31.135812  1344  1787 E RfxBaseHandler: [1] registerToHandleMipcCmd error:-3, slotId:1, mipcId:8901
04-12 20:41:31.136292  1344  1787 I RmmCapa : [1] constructor slot_id = 1, channel_id = 0
04-12 20:41:31.137398  1344  1787 E AT      : [1] threadLoop. Urc init done
04-12 20:41:31.137405  1344  1787 E RfxChannelMgr: urcRegisterDone
04-12 20:41:31.137407  1344  1787 E RfxChannelMgr: init other channel
04-12 20:41:31.137717  1344  1835 I AT      : [0] AT> AT+EMDVER? (RIL_CMD_READER_1 tid:525717060544)
04-12 20:41:31.137728  1344  1836 I VT RIL CMN RMM: [0] [RMM VT REQ HDLR] RmmVtCommonReqHandler create (slot_id = 0)
04-12 20:41:31.137747  1344  1836 D RmmImsVideoRingToneReqHdl: [0] RmmImsVideoRingtoneRequestHandler constructor
04-12 20:41:31.137749  1344  1835 I AT      : SEND MSGID=0003 [SYS_AT_REQ], TXID=0105 [RFXSender_1], DUMP=8419542400000000010003000501100000810B002A2A2A2A2A2A2A2A2A2A2A00
04-12 20:41:31.137917  1344  1836 D RmmCCReqHandler: [0] MIPC_CALL_DATA_PREFER_SET_REQ 1
04-12 20:41:31.138188  1344  1844 I RmmVsim : [0] RmmVsimUrcHandler init slot: 0, ch id 10
04-12 20:41:31.138352  1344  1836 I AT      : SEND MSGID=0957 [CALL_DATA_PREFER_SET_REQ], TXID=0106 [RFXSender_2], DUMP=8419542400000000010057090601100000010100010000000101010001000000
04-12 20:41:31.138502  1344  1840 I RmmNwRTReqHdlr: [0] RmmNwRealTimeRequestHandler[0] start
04-12 20:41:31.138254  1344  1842 I AT      : SEND MSGID=0007 [SYS_GET_MAPPING_REQ], TXID=0107 [RFXSender_8], DUMP=84195424000000000100070007010000
04-12 20:41:31.138727  1344  1849 I VT RIL CMN RMM: [1] [RMM VT REQ HDLR] RmmVtCommonReqHandler create (slot_id = 1)
04-12 20:41:31.138883  1344  1853 I RmmNwRTReqHdlr: [1] RmmNwRealTimeRequestHandler[1] start
04-12 20:41:31.138960  1344  1849 D RmmImsVideoRingToneReqHdl: [1] RmmImsVideoRingtoneRequestHandler constructor
04-12 20:41:31.139037  1344  1849 D RmmCCReqHandler: [1] MIPC_CALL_DATA_PREFER_SET_REQ 1
04-12 20:41:31.139051  1344  1849 I AT      : SEND MSGID=0957 [CALL_DATA_PREFER_SET_REQ], TXID=010a [RFXSender_14], DUMP=8419542400000000020057090A01100000010100010000000101010001000000
04-12 20:41:31.139124  1344  1839 I AT      : [0] AT> AT+COLP=0 (RIL_ATCI_READER tid:525679246272)
04-12 20:41:31.139160  1344  1737 I AT      : RECV MSGID=0004 [SYS_AT_CNF], TXID=0105, DUMP=8419542400000000010204000501E00300000400000000000081CD032A2A2A2A2A2A2A2A2A2A2A2A2A2A2A2A2A2A2A2A2A2A2A2A2A2A2A2A2A2A2A2A2A2A2A2A2A2A2A2A2A2A2A2A2A2A2A2A2A2A2A2A2A2A2A2A2A2A2A2A2A2A2A2A2A2A2A2A2A2A2A2A2A2A2A2A2A2A2A2A2A2A2A2A2A2A2A2A2A2A2A2A2A2A2A2A2A2A2A2A2A2A2A2A2A2A2A2A2A2A2A2A2A2A2A2A2A2A2A2A2A2A2A2A2A2A2A2A2A2A2A2A2A2A2A2A2A2A2A2A2A2A2A2A2A2A2A2A2A2A2A2A2A2A2A2A2A2A2A2A2A2A2A2A2A2A2A2A2A2A2A2A2A2A2A2A2A2A2A2A2A2A2A2A2A2A2A2A2A2A2A2A2A2A2A2A2A2A2A2A2A2A2A2A2A2A2A2A2A2A2A2A2A2A2A2A2A2A2A2A2A2A2A2A2A2A2A2A2A2A2A2A2A2A2A2A2A2A2A2A2A2A2A2A2A2A2A2A2A2A2A2A2A2A2A2A2A2A2A2A2A2A2A2A2A2A2A2A2A2A2A2A2A2A2A2A2A2A2A2A2A2A2A2A2A2A2A2A2A2A2A2A2A2A2A2A2A2A2A2A2A2A2A2A2A2A2A2A2A2A2A2A2A2A2A2A2A2A2A2A2A2A2A2A2A2A2A2A2A2A2A2A2A2A2A2A2A2A2A2A2A2A2A2A2A2A2A2A2A2A2A2A2A2A2A2A2A2A2A2A2A2A2A2A2A2A2A2A2A2A2A2A2A2A2A2A2A2A2A2A2A2A2A2A2A2A2A2A2A2A2A2A2A2A2A2A2A2A2A2A2A2A2A2A2A2A2A2A2A2A2A2A2A2A2A2A2A2A2A2A2A2A2A2A2A2A2A2A2A2A2A2A2A2A2A2A2A2A2A2A2A2A2A2A2A2A2A2A2A2A2A2A2A2A2A2A2A2A2A2A2
04-12 20:41:31.139207  1344  1852 I AT      : [1] AT> AT+COLP=0 (RIL_ATCI2_READER tid:525513358272)
04-12 20:41:31.139216  1344  1852 I AT      : SEND MSGID=0003 [SYS_AT_REQ], TXID=010c [RFXSender_17], DUMP=8419542400000000020003000C01100000810A002A2A2A2A2A2A2A2A2A2A0000
04-12 20:41:31.139241  1344  1839 I AT      : SEND MSGID=0003 [SYS_AT_REQ], TXID=010b [RFXSender_5], DUMP=8419542400000000010003000B01100000810A002A2A2A2A2A2A2A2A2A2A0000
04-12 20:41:31.139289  1344  1835 I AT      : [0] AT< +EMDVER: "LWCTG one MD","1" (RIL_CMD_READER_1, tid:525717060544)
04-12 20:41:31.139303  1344  1835 I AT      : [0] AT< +EMDVER: "DSS_NO_RESET","1" (RIL_CMD_READER_1, tid:525717060544)
04-12 20:41:31.139307  1344  1835 I AT      : [0] AT< +EMDVER: "CDMA3G_DUAL_ACTIVATION","1" (RIL_CMD_READER_1, tid:525717060544)
04-12 20:41:31.139311  1344  1835 I AT      : [0] AT< +EMDVER: "REG_REPORT_MODE","5" (RIL_CMD_READER_1, tid:525717060544)
04-12 20:41:31.139315  1344  1835 I AT      : [0] AT< +EMDVER: "IMS_TEST_MODE","1" (RIL_CMD_READER_1, tid:525717060544)
04-12 20:41:31.139318  1344  1835 I AT      : [0] AT< +EMDVER: "POWER_ON_WITHOUT_ESIMS","1" (RIL_CMD_READER_1, tid:525717060544)
04-12 20:41:31.139322  1344  1835 I AT      : [0] AT< +EMDVER: "ECFGRESET Supported","1" (RIL_CMD_READER_1, tid:525717060544)
04-12 20:41:31.139327  1344  1835 I AT      : [0] AT< +EMDVER: "EMCI","1" (RIL_CMD_READER_1, tid:525717060544)
04-12 20:41:31.139330  1344  1835 I AT      : [0] AT< +EMDVER: "IMS SUBMARINE","1" (RIL_CMD_READER_1, tid:525717060544)
04-12 20:41:31.139334  1344  1835 I AT      : [0] AT< +EMDVER: "Full IA Parameter Supported","1" (RIL_CMD_READER_1, tid:525717060544)
04-12 20:41:31.139338  1344  1835 I AT      : [0] AT< +EMDVER: "EDATASIM Supported","1" (RIL_CMD_READER_1, tid:525717060544)
04-12 20:41:31.139341  1344  1835 I AT      : [0] AT< +EMDVER: "MD trigger edallow","1" (RIL_CMD_READER_1, tid:525717060544)
04-12 20:41:31.139344  1344  1835 I AT      : [0] AT< +EMDVER: "IA MD Preferred APN","1" (RIL_CMD_READER_1, tid:525717060544)
04-12 20:41:31.139348  1344  1835 I AT      : [0] AT< +EMDVER: "MD_MultiHoming","1" (RIL_CMD_READER_1, tid:525717060544)
04-12 20:41:31.139351  1344  1835 I AT      : [0] AT< +EMDVER: "5G_SUPPORTED","1" (RIL_CMD_READER_1, tid:525717060544)
04-12 20:41:31.139356  1344  1835 I AT      : [0] AT< +EMDVER: "NA_NO_CXP_REBOOT","1" (RIL_CMD_READER_1, tid:525717060544)
04-12 20:41:31.139362  1344  1835 I AT      : [0] AT< +EMDVER: "GEMINI_NR_PLUS_SUPPORTED","1" (RIL_CMD_READER_1, tid:525717060544)
04-12 20:41:31.139365  1344  1835 I AT      : [0] AT< +EMDVER: "SWITCH_OFF_SIM","1" (RIL_CMD_READER_1, tid:525717060544)
04-12 20:41:31.139369  1344  1835 I AT      : [0] AT< +EMDVER: "IMS over 3gpp","3" (RIL_CMD_READER_1, tid:525717060544)
04-12 20:41:31.139372  1344  1835 I AT      : [0] AT< +EMDVER: "SMB_SIMME_LOCK","1" (RIL_CMD_READER_1, tid:525717060544)
04-12 20:41:31.139376  1344  1835 I AT      : [0] AT< +EMDVER: "STK_CALL_OVER_IMS","1" (RIL_CMD_READER_1, tid:525717060544)
04-12 20:41:31.139380  1344  1835 I AT      : [0] AT< +EMDVER: "GEMINI_DR_DSDA","1" (RIL_CMD_READER_1, tid:525717060544)
04-12 20:41:31.139384  1344  1835 I AT      : [0] AT< +EMDVER: "NA_NO_CXP_REBOOT","1" (RIL_CMD_READER_1, tid:525717060544)
04-12 20:41:31.139388  1344  1835 I AT      : [0] AT< +EMDVER: "EVDO DISABLE","1" (RIL_CMD_READER_1, tid:525717060544)
04-12 20:41:31.139393  1344  1835 I AT      : [0] AT< +EMDVER: "MODE_SWITCH_BY_DATA","1" (RIL_CMD_READER_1, tid:525717060544)
04-12 20:41:31.139392  1344  1847 I RmmRcsReq: [0] RmmRcsReqHandler create (slot_id = 0)
04-12 20:41:31.139396  1344  1835 I AT      : [0] AT< +EMDVER: "EWIFIASC_CONN_STATE","1" (RIL_CMD_READER_1, tid:525717060544)
04-12 20:41:31.139400  1344  1835 I AT      : [0] AT< +EMDVER: "CN_WFC","1" (RIL_CMD_READER_1, tid:525717060544)
04-12 20:41:31.139404  1344  1835 I AT      : [0] AT< +EMDVER: "NULL_ALGOS","1" (RIL_CMD_READER_1, tid:525717060544)
04-12 20:41:31.139407  1344  1835 I AT      : [0] AT< OK (RIL_CMD_READER_1, tid:525717060544)
04-12 20:41:31.139432  1344  1847 I RmmRcsReq: [0] isRcsUaProxySupport: 0
04-12 20:41:31.139440  1344  1847 I VT RIL RMM: [RMM VT REQ HDLR] RmmVtReqHandler create (slot_id = 0)
04-12 20:41:31.139498  1344  1835 I AT      : [0] AT> AT+EINFO=1074 (RIL_CMD_READER_1 tid:525717060544)
04-12 20:41:31.139593  1344  1835 I AT      : SEND MSGID=0003 [SYS_AT_REQ], TXID=010e [RFXSender_1], DUMP=8419542400000000010003000E01180000810E002A2A2A2A2A2A2A2A2A2A2A2A2A2A000000000000
04-12 20:41:31.139652  1344  1789 D RfxVersionMgr: waitLooper() end
04-12 20:41:31.140114  1344  1737 I AT      : RECV MSGID=0008 [SYS_GET_MAPPING_CNF], TXID=0107, DUMP=841954240000000001020800070140000000040000000000000101000200000001010800000000000100000000000000020100000000000000000000FE7F0200FE7F040000000000FF7F040001000000
04-12 20:41:31.140194  1344  1848 I AT      : [1] AT> AT+EINFO=1074 (RIL_CMD2_READER_1 tid:525517618112)
04-12 20:41:31.140214  1344  1848 I AT      : SEND MSGID=0003 [SYS_AT_REQ], TXID=0111 [RFXSender_13], DUMP=8419542400000000020003001101180000810E002A2A2A2A2A2A2A2A2A2A2A2A2A2A000000000000
04-12 20:41:31.140265  1344  1842 I RmmCapa : [0] queryMainProtocol, main_sim:1, count:2, len:8
04-12 20:41:31.140402  1344  1857 I RmmVsim : [1] RmmVsimUrcHandler init slot: 1, ch id 10
04-12 20:41:31.140578  1344  1858 I VT RIL THD: [VT RIL THD] Start
04-12 20:41:31.140601  1344  1847 I VT RIL RMM: is SUBMARINE Support, IMS SUBMARINE = 1
04-12 20:41:31.140615  1344  1847 I VT RIL RMM: no sender fd, begin to open, real_channel_id:11
04-12 20:41:31.140619  1344  1858 I VT RIL THD: [VT RIL THD] socket fd: 31
04-12 20:41:31.140623  1344  1858 I VT RIL THD: [VT RIL THD] start readerLooper
04-12 20:41:31.140640  1344  1859 I AT      : [1] threadLoop. RfxReader RIL_CMD2_IMS init, channel id = 23, fd = -1
04-12 20:41:31.140642  1344  1861 I VT RIL THD: [RIL IMCB THD] Start
04-12 20:41:31.140686  1344  1737 I AT      : RECV MSGID=0958 [CALL_DATA_PREFER_SET_CNF], TXID=0106, DUMP=841954240000000001025809060108000000040000000000
04-12 20:41:31.140975  1344  1843 I RmmDcImsURCHandler: setImsNotifySwitch
04-12 20:41:31.141071  1344  1843 I AT      : SEND MSGID=0003 [SYS_AT_REQ], TXID=0114 [RFXSender_9], DUMP=84195424000000000100030014012000008116002A2A2A2A2A2A2A2A2A2A2A2A2A2A2A2A2A2A2A2A2A2A000000000000
04-12 20:41:31.141207  1344  1846 I AT      : [0] threadLoop. RfxReader RIL_CMD_IMS init, channel id = 11, fd = -1
04-12 20:41:31.141226  1344  1860 I RmmRcsReq: [1] RmmRcsReqHandler create (slot_id = 1)
04-12 20:41:31.141235  1344  1860 I RmmRcsReq: [1] isRcsUaProxySupport: 0
04-12 20:41:31.141240  1344  1860 I VT RIL RMM: [RMM VT REQ HDLR] RmmVtReqHandler create (slot_id = 1)
04-12 20:41:31.141253  1344  1860 I VT RIL RMM: is SUBMARINE Support, IMS SUBMARINE = 1
04-12 20:41:31.141256  1344  1860 I VT RIL RMM: submaring, and current not SIM1, just skip because ccci_vts to RIL_CMD_IMS for all SIMs
04-12 20:41:31.141259  1344  1860 I RfxChannelMgr: init initImsFd, channel_id:23, imsFd:-999
04-12 20:41:31.141497  1344  1837 I RmmMwi  : [0] [RmmMobileWifiRequestHandler] dlopen : module = libwpfa.so, pass.
04-12 20:41:31.141644  1344  1789 I RtmMwi  : [0] [onInit] dlopen: module = libwpfa.so, pass
04-12 20:41:31.141775  1344  1850 I RmmMwi  : [1] [RmmMobileWifiRequestHandler] dlopen : module = libwpfa.so, pass.
04-12 20:41:31.141825  1344  1789 I RtmMwi  : [0] init wpfa sNeedInitWpfa:1
04-12 20:41:31.141841  1344  1789 I wpfa    : start
04-12 20:41:31.141859  1344  1789 I WpfaCppUtils: initialRuleContainer!
04-12 20:41:31.142016  1344  1789 I WpfaShmAccessController: openShareMemory(), ccci_md: 0, mCcciShareMemoryHandler: 47, pShareMemoryBase: 0x7d13bd7000, mShareMemoryLength: 65536
04-12 20:41:31.142521  1344  1850 D RmmGwsdReqHdl: [1] RmmGwsdRequestHandler constructor
04-12 20:41:31.142558  1344  1850 I AT      : SEND MSGID=030b [INTERNAL_REGISTER_CMD_REQ], TXID=0115 [RFXSender_15], DUMP=8419542400000000FF000B03150108000001020003890000
04-12 20:41:31.142634  1344  1837 I RmmSimCommReq: [0] isNormalBootUp = 1, boot_reason = reboot,shell
04-12 20:41:31.142658  1344  1837 I AT      : SEND MSGID=0057 [SYS_SILENT_REBOOT_REQ], TXID=0117 [RFXSender_3], DUMP=841954240000000001005700170108000001010000000000
04-12 20:41:31.142683  1344  1847 I VT RIL RMM: open dev successfully dev/ccci_vts
04-12 20:41:31.142908  1344  1737 I AT      : RECV MSGID=0958 [CALL_DATA_PREFER_SET_CNF], TXID=010a, DUMP=8419542400000000020258090A0108000000040000000000
04-12 20:41:31.143060  1344  1847 I RfxChannelMgr: init initImsFd, channel_id:11, imsFd:66
04-12 20:41:31.143076  1344  1847 I VT RIL RMM: getinfo,real_channel_id=11, senderFd=66
04-12 20:41:31.143258  1344  1737 I AT      : RECV MSGID=0004 [SYS_AT_CNF], TXID=010c, DUMP=8419542400000000020204000C0118000000040000000000008107002A2A2A2A2A2A2A0000000000
04-12 20:41:31.143360  1344  1852 I AT      : [1] AT< OK (RIL_ATCI2_READER, tid:525513358272)
04-12 20:41:31.144311  1344  1842 I AT      : SEND MSGID=0431 [NW_GET_BAND_MODE_REQ], TXID=0118 [RFXSender_8], DUMP=841954240000000001003104180108000001010001000000
04-12 20:41:31.144417  1344  1737 I AT      : RECV MSGID=0004 [SYS_AT_CNF], TXID=010e, DUMP=8419542400000000010204000E0118000000040000000000008107002A2A2A2A2A2A2A0000000000
04-12 20:41:31.144453  1344  1838 I AT      : SEND MSGID=030b [INTERNAL_REGISTER_CMD_REQ], TXID=0119 [RFXSender_4], DUMP=8419542400000000FF000B03190108000001020003830000
04-12 20:41:31.144539  1344  1835 I AT      : [0] AT< OK (RIL_CMD_READER_1, tid:525717060544)
04-12 20:41:31.144584  1344  1835 I AT      : [0] AT> AT+EINFO=1082,401,0 (RIL_CMD_READER_1 tid:525717060544)
04-12 20:41:31.144597  1344  1835 I AT      : SEND MSGID=0003 [SYS_AT_REQ], TXID=011a [RFXSender_1], DUMP=8419542400000000010003001A011800008114002A2A2A2A2A2A2A2A2A2A2A2A2A2A2A2A2A2A2A2A
04-12 20:41:31.146155  1344  1789 I WpfaDriver: -init() ret=0
04-12 20:41:31.146227  1344  1866 I WpfaControlMsgHandler: new Reader/Sender
04-12 20:41:31.146250  1344  1856 I RmmDcImsURCHandler: setImsNotifySwitch
04-12 20:41:31.146261  1344  1789 I wpfa    : [startLoops] create dl reader thread OK, mReaderPacketThread:525154515904
04-12 20:41:31.146280  1344  1856 I AT      : SEND MSGID=0003 [SYS_AT_REQ], TXID=011c [RFXSender_21], DUMP=8419542400000000020003001C012000008116002A2A2A2A2A2A2A2A2A2A2A2A2A2A2A2A2A2A2A2A2A2A000000000000
04-12 20:41:31.146318  1344  1789 I WpfaCppUtils: initialA2MRingBuffer!
04-12 20:41:31.146435  1344  1867 D wpfa    : wpfa_dl starts
04-12 20:41:31.146461  1344  1789 I wpfa    : [startLoops] create a2m reader thread,ret: 0, mA2mRingBufferReaderThread:525152385984
04-12 20:41:31.146464  1344  1867 D wpfa    : startinitialIptables
04-12 20:41:31.146464  1344  1737 I AT      : RECV MSGID=0004 [SYS_AT_CNF], TXID=0111, DUMP=841954240000000002020400110118000000040000000000008107002A2A2A2A2A2A2A0000000000
04-12 20:41:31.147935  1344  1848 I AT      : [1] AT< OK (RIL_CMD2_READER_1, tid:525517618112)
04-12 20:41:31.147995  1344  1848 I AT      : [1] AT> AT+EINFO=1082,401,0 (RIL_CMD2_READER_1 tid:525517618112)
04-12 20:41:31.148037  1344  1848 I AT      : SEND MSGID=0003 [SYS_AT_REQ], TXID=011d [RFXSender_13], DUMP=8419542400000000020003001D011800008114002A2A2A2A2A2A2A2A2A2A2A2A2A2A2A2A2A2A2A2A
04-12 20:41:31.148300  1344  1737 I AT      : RECV MSGID=4a03 [IMS_PDN_IND], TXID=ffff, DUMP=84195424000000000103034AFFFF100000010100010000000301040000000000
04-12 20:41:31.148449  1344  1737 I AT      : RECV MSGID=0004 [SYS_AT_CNF], TXID=0114, DUMP=841954240000000001020400140118000000040000000000008107002A2A2A2A2A2A2A0000000000
04-12 20:41:31.148457  1344  1789 D RtmSCBM : [-1] RtmSCBMController: constructor
04-12 20:41:31.148473  1344  1789 D RtmAtciController: [-1] [onInit] enter
04-12 20:41:31.148479  1344  1737 I AT      : RECV MSGID=030c [INTERNAL_REGISTER_CMD_CNF], TXID=0115, DUMP=8419542400000000FF020C03150108000000040015000000
04-12 20:41:31.148500  1344  1789 D VT RIL RTM: [0] [RTM VT REQ HDLR] onInit
04-12 20:41:31.148529  1344  1737 I AT      : RECV MSGID=0004 [SYS_AT_CNF], TXID=010b, DUMP=8419542400000000010204000B0118000000040000000000008107002A2A2A2A2A2A2A0000000000
04-12 20:41:31.148570  1344  1789 D VT RIL RTM: [0] [RTM VT REQ HDLR] send RFX_MSG_EVENT_VT_ENABLE_ANBR, enable
04-12 20:41:31.148578  1344  1789 D RtmPhbSimIo: [0] [onInit]
04-12 20:41:31.148578  1344  1843 E RmmDcImsURCHandler: [0][handleImsBearerNotify] IMS notification indType=1, aid=0, action = 0, type = 0,apn type=emergency 
04-12 20:41:31.148590  1344  1789 D RtmPhbInModem: [0] [onInit]
04-12 20:41:31.148598  1344  1789 D RtmImsRtt: [0] onInit()
04-12 20:41:31.148601  1344  1839 I AT      : [0] AT< OK (RIL_ATCI_READER, tid:525679246272)
04-12 20:41:31.148611  1344  1789 D RtmGwsdCtrl: [0][onInit] enter
04-12 20:41:31.148621  1344  1789 D RtmVsim : [0] onInit, slot:0
04-12 20:41:31.148631  1344  1789 D RtmRcs  : [0][onInit] enter
04-12 20:41:31.148638  1344  1789 D RpElCtlr: [0] init()
04-12 20:41:31.148662  1344  1843 I RmmDcImsURCHandler: [0][setLinkMaster] deactivate pdn type is emergency, slotid is 0
04-12 20:41:31.148670  1344  1843 D RmmDcImsURCHandler: [0][setLinkMaster] Property is null, no need to clean property, ret = 11
04-12 20:41:31.148680  1344  1843 D RmmDcImsURCHandler: [0][handleImsBearerNotify] IMS notification phone=0 bearer initial...
04-12 20:41:31.148679  1344  1850 I AT      : SEND MSGID=030b [INTERNAL_REGISTER_CMD_REQ], TXID=011e [RFXSender_15], DUMP=8419542400000000FF000B031E0108000001020005890000
04-12 20:41:31.149084  1344  1789 D RtmSuppServController: [-1] RtmSuppServController onInit!
04-12 20:41:31.149147  1344  1844 D RmmVsim : [0] RmmVsimRequestHandler construct,slot:0, channel:10(10), support:1
04-12 20:41:31.149238  1344  1789 D EccNumberSource: [XML][1][XmlEccNumberSource] START
04-12 20:41:31.149949  1344  1844 E RmmVsim : [0] [VSIM] requestSetAkaSim rsim=-1, aka-sim=-1
04-12 20:41:31.150010  1344  1844 I AT      : SEND MSGID=056b [SIM_VSIM_DISABLE_REQ], TXID=011f [RFXSender_10], DUMP=841954240000000001006B051F010000
04-12 20:41:31.150699  1344  1789 D EccNumberSource: [XML][1][XmlEccNumberSource] END
04-12 20:41:31.150768  1344  1789 D EccNumberPreference: [1][update] for PLMN:  GSM only: , GSM prefer: , CDMA prefer: 
04-12 20:41:31.150902  1344  1789 D RpOemCtlr: [1] init()
04-12 20:41:31.150954  1344  1789 D RtmCC   : [1] create ecc controller
04-12 20:41:31.150963  1344  1789 D RtmEcc  : [1] onInit !! (bsp)
04-12 20:41:31.151275  1344  1789 I RtmMwi  : [1] [onInit] dlopen: module = libwpfa.so, pass
04-12 20:41:31.151387  1344  1789 D RtmSCBM : [-1] RtmSCBMController: constructor
04-12 20:41:31.151401  1344  1789 D RtmAtciController: [-1] [onInit] enter
04-12 20:41:31.151432  1344  1789 D VT RIL RTM: [1] [RTM VT REQ HDLR] onInit
04-12 20:41:31.151462  1344  1789 D VT RIL RTM: [1] [RTM VT REQ HDLR] send RFX_MSG_EVENT_VT_ENABLE_ANBR, enable
04-12 20:41:31.151472  1344  1789 D RtmPhbSimIo: [1] [onInit]
04-12 20:41:31.151488  1344  1789 D RtmPhbInModem: [1] [onInit]
04-12 20:41:31.151497  1344  1789 D RtmImsRtt: [1] onInit()
04-12 20:41:31.151511  1344  1737 I AT      : RECV MSGID=030c [INTERNAL_REGISTER_CMD_CNF], TXID=0119, DUMP=8419542400000000FF020C03190108000000040000000000
04-12 20:41:31.151516  1344  1789 D RtmGwsdCtrl: [1][onInit] enter
04-12 20:41:31.151529  1344  1789 D RtmVsim : [1] onInit, slot:1
04-12 20:41:31.151545  1344  1789 D RtmRcs  : [1][onInit] enter
04-12 20:41:31.151552  1344  1789 D RpElCtlr: [1] init()
04-12 20:41:31.151558  1344  1737 I AT      : RECV MSGID=0058 [SYS_SILENT_REBOOT_CNF], TXID=0117, DUMP=841954240000000001025800170108000000040000000000
04-12 20:41:31.151586  1344  1789 I RtmCapa : [-1] constructor entered
04-12 20:41:31.151594  1344  1789 I RtmCapa : constructor entered
04-12 20:41:31.151587  1344  1838 I AT      : SEND MSGID=030b [INTERNAL_REGISTER_CMD_REQ], TXID=0120 [RFXSender_4], DUMP=8419542400000000FF000B03200108000001020005830000
04-12 20:41:31.151598  1344  1789 I RtmCapa : [-1] constructor entered
04-12 20:41:31.151642  1344  1789 D RpMDCtrl: [-1] Init()
04-12 20:41:31.151680  1344  1789 D RtcRilClientController: [-1] RtcRilClientController init()
04-12 20:41:31.151683  1344  1789 D RtcRilClientController: [-1] init client number: 2
04-12 20:41:31.151687  1344  1789 D RtcRilClientController: [-1] RtcRilClientController CLIENT_TYPE_OEM
04-12 20:41:31.151849  1344  1789 I RilOemClient: Init Oem client
04-12 20:41:31.151860  1344  1789 D RilClientQueue: construct client with client id 1001
04-12 20:41:31.151864  1344  1789 D RtcRilClientController: [-1] RtcRilClientController CLIENT_TYPE_ATCI
04-12 20:41:31.151918  1344  1789 D RilClientQueue: construct client with client id 1006
04-12 20:41:31.151960  1344  1789 W sms-ril : [RtmSmsThread]create
04-12 20:41:31.151968  1344  1789 V sms-ril : [RtmSmsThread]Construct 0x12970367457999312528
04-12 20:41:31.152009  1344  1872 I RilClient: start listen on fd: 30, socket name: rild-oem
04-12 20:41:31.152055  1344  1789 I RfxMainThread: initControllers end
04-12 20:41:31.152062  1344  1789 I RfxMainThread: initControllers process async queue start
04-12 20:41:31.152064  1344  1789 I RfxMainThread: initControllers process async queue end
04-12 20:41:31.152123  1344  1789 D RtmCC   : [0] [onCsPhoneChanged], preCsPhone:0, newCsPhone:0
04-12 20:41:31.152136  1344  1789 D RtmCarrier: [0] [onNwsModeChanged] oldValue: -1, newValue: 1
04-12 20:41:31.152139  1344  1789 D RtmCarrier: [0] [onNwsModeChanged] mccmnc is empty
04-12 20:41:31.152163  1344  1789 D RtmCC   : [1] [onCsPhoneChanged], preCsPhone:0, newCsPhone:0
04-12 20:41:31.152166  1344  1789 D RtmCarrier: [1] [onNwsModeChanged] oldValue: -1, newValue: 1
04-12 20:41:31.152169  1344  1789 D RtmCarrier: [1] [onNwsModeChanged] mccmnc is empty
04-12 20:41:31.152170  1344  1874 D sms-ril : [RtmSmsThread]readyToRun
04-12 20:41:31.152207  1344  1789 I RILC    : isMtkFwkAddonNotExisted(0) 0
04-12 20:41:31.152818  1344  1737 I AT      : RECV MSGID=0432 [NW_GET_BAND_MODE_CNF], TXID=0118, DUMP=8419542400000000010232041801C8000000040000000000000104009A000000010104009B00000002012000DF080908A00300004200000000000000000000000000000000000000000000000000000003018000D5080808A001000042300000000000000000000000000000000000000000000000000000000000000000000000000000000000000000000000000000000000000000000000000000000000000000000000000000000000000000000000000000000000000000000000000000000000000000000000000000000000000000000000000000
04-12 20:41:31.153206  1344  1873 I RilClient: start listen on fd: 32, socket name: rild-atci
04-12 20:41:31.153415  1344  1855 I RmmCapa : [1] sendEGRAT: raf=1297934, rat=22, nw_type=15
04-12 20:41:31.153481  1344  1737 I AT      : RECV MSGID=4a03 [IMS_PDN_IND], TXID=ffff, DUMP=84195424000000000203034AFFFF100000010100010000000301040000000000
04-12 20:41:31.153504  1344  1855 I AT      : SEND MSGID=0489 [NW_SET_RADIO_CAPABILITY_REQ], TXID=0122 [RFXSender_20], DUMP=84195424000000000200890422010800000104000F000000
04-12 20:41:31.153599  1344  1842 I RmmCapa : [0] sendEGRAT: raf=1297934, rat=22, nw_type=15
04-12 20:41:31.153632  1344  1842 I AT      : SEND MSGID=0489 [NW_SET_RADIO_CAPABILITY_REQ], TXID=0123 [RFXSender_8], DUMP=84195424000000000100890423010800000104000F000000
04-12 20:41:31.153727  1344  1737 I AT      : RECV MSGID=0004 [SYS_AT_CNF], TXID=011c, DUMP=8419542400000000020204001C0118000000040000000000008107002A2A2A2A2A2A2A0000000000
04-12 20:41:31.153829  1344  1856 E RmmDcImsURCHandler: [1][handleImsBearerNotify] IMS notification indType=1, aid=0, action = 0, type = 0,apn type=emergency 
04-12 20:41:31.153871  1344  1856 I RmmDcImsURCHandler: [1][setLinkMaster] deactivate pdn type is emergency, slotid is 1
04-12 20:41:31.153878  1344  1856 D RmmDcImsURCHandler: [1][setLinkMaster] Property is null, no need to clean property, ret = 11
04-12 20:41:31.153882  1344  1856 D RmmDcImsURCHandler: [1][handleImsBearerNotify] IMS notification phone=1 bearer initial...
04-12 20:41:31.154017  1344  1837 D RmmCatComReqHandler: [0] initMdStatusQueryLoop
04-12 20:41:31.154144  1344  1837 D RmmGwsdReqHdl: [0] RmmGwsdRequestHandler constructor
04-12 20:41:31.154178  1344  1837 E RfxBaseHandler: [0] registerToHandleMipcCmd error:-3, slotId:0, mipcId:8903
04-12 20:41:31.154183  1344  1837 E RfxBaseHandler: [0] registerToHandleMipcCmd error:-3, slotId:0, mipcId:8905
04-12 20:41:31.154202  1344  1837 I AT      : SEND MSGID=0a18 [IMS_ENABLE_DATA_CHANNEL_REQ], TXID=0124 [RFXSender_3], DUMP=84195424000000000100180A240108000001010001000000
04-12 20:41:31.154715  1344  1737 I AT      : RECV MSGID=0004 [SYS_AT_CNF], TXID=011a, DUMP=8419542400000000010204001A0118000000040000000000008107002A2A2A2A2A2A2A0000000000
04-12 20:41:31.154790  1344  1835 I AT      : [0] AT< OK (RIL_CMD_READER_1, tid:525717060544)
04-12 20:41:31.154834  1344  1835 I AT      : SEND MSGID=0001 [SYS_GET_INFO_REQ], TXID=0125 [RFXSender_1], DUMP=84195424000000000100010025010000
04-12 20:41:31.155234  1344  1737 I AT      : RECV MSGID=030c [INTERNAL_REGISTER_CMD_CNF], TXID=011e, DUMP=8419542400000000FF020C031E0108000000040015000000
04-12 20:41:31.155305  1344  1850 I AT      : SEND MSGID=0a18 [IMS_ENABLE_DATA_CHANNEL_REQ], TXID=0126 [RFXSender_15], DUMP=84195424000000000200180A260108000001010001000000
04-12 20:41:31.155573  1344  1737 I AT      : RECV MSGID=0004 [SYS_AT_CNF], TXID=011d, DUMP=8419542400000000020204001D0118000000040000000000008107002A2A2A2A2A2A2A0000000000
04-12 20:41:31.155629  1344  1848 I AT      : [1] AT< OK (RIL_CMD2_READER_1, tid:525517618112)
04-12 20:41:31.155662  1344  1848 I AT      : SEND MSGID=0001 [SYS_GET_INFO_REQ], TXID=0127 [RFXSender_13], DUMP=84195424000000000200010027010000
04-12 20:41:31.156062  1344  1737 I AT      : RECV MSGID=056c [SIM_VSIM_DISABLE_CNF], TXID=011f, DUMP=841954240000000001026C051F01100000000400000000000001040000000000
04-12 20:41:31.156521  1344  1737 I AT      : RECV MSGID=030c [INTERNAL_REGISTER_CMD_CNF], TXID=0120, DUMP=8419542400000000FF020C03200108000000040000000000
04-12 20:41:31.156576  1344  1838 I AT      : SEND MSGID=030b [INTERNAL_REGISTER_CMD_REQ], TXID=0128 [RFXSender_4], DUMP=8419542400000000FF000B03280108000001020007830000
04-12 20:41:31.157091  1344  1857 D RmmVsim : [1] RmmVsimRequestHandler construct,slot:1, channel:10(10), support:1
04-12 20:41:31.157205  1344  1875 I RmmCatComReqHandler: [0] mdStatusQueryLoop: fd = 84
04-12 20:41:31.157222  1344  1875 I RmmCatComReqHandler: [0] getResetLock result: 0
04-12 20:41:31.157234  1344  1875 I RmmCatComReqHandler: [0] mdStatusQueryLoop: count: 56 modem id: 0, event type: 10, reason: ----
04-12 20:41:31.157663  1344  1737 I AT      : RECV MSGID=048a [NW_SET_RADIO_CAPABILITY_CNF], TXID=0122, DUMP=841954240000000002028A04220108000000040000000000
04-12 20:41:31.157752  1344  1857 E RmmVsim : [1] [VSIM] requestSetAkaSim rsim=-1, aka-sim=-1
04-12 20:41:31.157816  1344  1857 I AT      : SEND MSGID=056b [SIM_VSIM_DISABLE_REQ], TXID=0129 [RFXSender_22], DUMP=841954240000000002006B0529010000
04-12 20:41:31.157854  1344  1855 D RmmModemRequestHandler: [1] RmmModemRequestHandler constructor
04-12 20:41:31.158274  1344  1737 I AT      : RECV MSGID=048a [NW_SET_RADIO_CAPABILITY_CNF], TXID=0123, DUMP=841954240000000001028A04230108000000040000000000
04-12 20:41:31.158741  1344  1737 I AT      : RECV MSGID=0a19 [IMS_ENABLE_DATA_CHANNEL_CNF], TXID=0124, DUMP=84195424000000000102190A240108000000040000000000
04-12 20:41:31.158852  1344  1837 D RmmSCBMRequest: [0] RmmSCBMRequestHandler: constructor
04-12 20:41:31.158893  1344  1842 I trm_lib : libtrm_md_event_register: mon. thread started.
04-12 20:41:31.158914  1344  1842 D RmmModemRequestHandler: [0] RmmModemRequestHandler constructor
04-12 20:41:31.159356  1344  1869 D wpfa    : a2mReaderLoop starting
04-12 20:41:31.159385  1344  1869 I WpfaCppUtils: enter readRingBuffer's while loop
04-12 20:41:31.159562  1344  1876 E RmmRadioReq: [0] mdStatusEventCb: event_type: 10
04-12 20:41:31.159793  1344  1737 I AT      : RECV MSGID=0a19 [IMS_ENABLE_DATA_CHANNEL_CNF], TXID=0126, DUMP=84195424000000000202190A260108000000040000000000
04-12 20:41:31.159907  1344  1850 D RmmSCBMRequest: [1] RmmSCBMRequestHandler: constructor
04-12 20:41:31.160002  1344  1850 D RmmImsProvisioningRequestHandler: [1] RmmImsProvisioningRequestHandler constructor
04-12 20:41:31.160019  1344  1850 D RmmImsMipcRttCtlReqHdl: [1] RmmImsRttControlRequestHandler constructor
04-12 20:41:31.160618  1344  1850 I AT      : SEND MSGID=0a00 [IMS_SET_CONFIG_REQ], TXID=012a [RFXSender_15], DUMP=84195424000000000200000A2A0130000001040001000000010115006D746B5F63745F766F6C74655F737570706F727400000000000000000201010032000000
04-12 20:41:31.161642  1344  1737 I AT      : RECV MSGID=030c [INTERNAL_REGISTER_CMD_CNF], TXID=0128, DUMP=8419542400000000FF020C03280108000000040000000000
04-12 20:41:31.161789  1344  1737 I AT      : RECV MSGID=056c [SIM_VSIM_DISABLE_CNF], TXID=0129, DUMP=841954240000000002026C052901100000000400000000000001040000000000
04-12 20:41:31.161951  1344  1838 I AT      : SEND MSGID=030b [INTERNAL_REGISTER_CMD_REQ], TXID=012b [RFXSender_4], DUMP=8419542400000000FF000B032B01080000010200028B0000
04-12 20:41:31.166110  1344  1867 I wpfa_iptable_android: poll()done, b = 0,  and executeIptable returns=
04-12 20:41:31.168139  1344  1737 I AT      : RECV MSGID=030c [INTERNAL_REGISTER_CMD_CNF], TXID=012b, DUMP=8419542400000000FF020C032B0108000000040000000000
04-12 20:41:31.168713  1344  1737 I AT      : RECV MSGID=0a01 [IMS_SET_CONFIG_CNF], TXID=012a, DUMP=84195424000000000202010A2A0108000000040002000000
04-12 20:41:31.168922  1344  1838 I AT      : SEND MSGID=010b [APN_SET_PROFILE_STATUS_REQ], TXID=012c [RFXSender_4], DUMP=841954240000000001000B012C0108000101010001000000
04-12 20:41:31.168997  1344  1837 D RmmImsProvisioningRequestHandler: [0] RmmImsProvisioningRequestHandler constructor
04-12 20:41:31.169044  1344  1837 D RmmImsMipcRttCtlReqHdl: [0] RmmImsRttControlRequestHandler constructor
04-12 20:41:31.169083  1344  1850 I AT      : SEND MSGID=0581 [MIPC_SIM_ESIM_SWITCH_GET_REQ], TXID=012d [RFXSender_15], DUMP=8419542400000000020081052D010000
04-12 20:41:31.169181  1344  1837 I AT      : SEND MSGID=0581 [MIPC_SIM_ESIM_SWITCH_GET_REQ], TXID=012e [RFXSender_3], DUMP=8419542400000000010081052E010000
04-12 20:41:31.169209  1344  1845 I AT      : SEND MSGID=0003 [SYS_AT_REQ], TXID=012f [NA-EventLoop], DUMP=8419542400000000010003002F01100000810B002A2A2A2A2A2A2A2A2A2A2A00
04-12 20:41:31.169258  1344  1851 I NetAgentService: [registerInterfaceInfoChanged] action=0xb400007c8c570fe0, slotId=1, mSimCount=2
04-12 20:41:31.169281  1344  1851 I AT      : SEND MSGID=0219 [DATA_GET_PDP_CID_REQ], TXID=0130 [RFXSender_16], DUMP=84195424000000000200190230010000
04-12 20:41:31.170790  1344  1737 I AT      : RECV MSGID=0582 [MIPC_SIM_ESIM_SWITCH_GET_CNF], TXID=012d, DUMP=8419542400000000020282052D011800000004000000000000010100010000000101010000000000
04-12 20:41:31.171003  1344  1737 I AT      : RECV MSGID=010c [APN_SET_PROFILE_STATUS_CNF], TXID=012c, DUMP=841954240000000001020C012C0108000000040000000000
04-12 20:41:31.171048  1344  1838 I NetAgentService: [registerInterfaceInfoChanged] action=0xb400007c8c571440, slotId=0, mSimCount=2
04-12 20:41:31.171070  1344  1838 I AT      : SEND MSGID=0219 [DATA_GET_PDP_CID_REQ], TXID=0131 [RFXSender_4], DUMP=84195424000000000100190231010000
04-12 20:41:31.172044  1344  1737 I AT      : RECV MSGID=0582 [MIPC_SIM_ESIM_SWITCH_GET_CNF], TXID=012e, DUMP=8419542400000000010282052E011800000004000000000000010100010000000101010000000000
04-12 20:41:31.173748  1344  1737 I AT      : RECV MSGID=0004 [SYS_AT_CNF], TXID=012f, DUMP=8419542400000000010204002F0118000000040000000000008107002A2A2A2A2A2A2A0000000000
04-12 20:41:31.174005  1344  1737 I AT      : RECV MSGID=021a [DATA_GET_PDP_CID_CNF], TXID=0130, DUMP=841954240000000002021A0230011800000004000000000000010100000000000101010032000000
04-12 20:41:31.174090  1344  1851 I RmmDcPdnManager: [1][getModemSupportPdnNumber] min_cid:0, max_id:50
04-12 20:41:31.174216  1344  1851 I AT      : [1] AT> AT+EIAREG=1 (RIL_CMD2_READER_4 tid:525514423232)
04-12 20:41:31.174296  1344  1851 I AT      : SEND MSGID=0003 [SYS_AT_REQ], TXID=0132 [RFXSender_16], DUMP=8419542400000000020003003201100000810C002A2A2A2A2A2A2A2A2A2A2A2A
04-12 20:41:31.174531  1344  1737 I AT      : RECV MSGID=021a [DATA_GET_PDP_CID_CNF], TXID=0131, DUMP=841954240000000001021A0231011800000004000000000000010100000000000101010032000000
04-12 20:41:31.174586  1344  1838 I RmmDcPdnManager: [0][getModemSupportPdnNumber] min_cid:0, max_id:50
04-12 20:41:31.174721  1344  1838 I AT      : [0] AT> AT+EIAREG=1 (RIL_CMD_READER_4 tid:525680311232)
04-12 20:41:31.174744  1344  1838 I AT      : SEND MSGID=0003 [SYS_AT_REQ], TXID=0133 [RFXSender_4], DUMP=8419542400000000010003003301100000810C002A2A2A2A2A2A2A2A2A2A2A2A
04-12 20:41:31.175907  1344  1737 I AT      : RECV MSGID=0004 [SYS_AT_CNF], TXID=0132, DUMP=841954240000000002020400320118000000040000000000008107002A2A2A2A2A2A2A0000000000
04-12 20:41:31.175961  1344  1851 I AT      : [1] AT< OK (RIL_CMD2_READER_4, tid:525514423232)
04-12 20:41:31.175990  1344  1851 I AT      : [1] AT> AT+ECCAUSE=1 (RIL_CMD2_READER_4 tid:525514423232)
04-12 20:41:31.176002  1344  1851 I AT      : SEND MSGID=0003 [SYS_AT_REQ], TXID=0134 [RFXSender_16], DUMP=8419542400000000020003003401180000810D002A2A2A2A2A2A2A2A2A2A2A2A2A00000000000000
04-12 20:41:31.177116  1344  1737 I AT      : RECV MSGID=0004 [SYS_AT_CNF], TXID=0133, DUMP=841954240000000001020400330118000000040000000000008107002A2A2A2A2A2A2A0000000000
04-12 20:41:31.177181  1344  1838 I AT      : [0] AT< OK (RIL_CMD_READER_4, tid:525680311232)
04-12 20:41:31.177213  1344  1838 I AT      : [0] AT> AT+ECCAUSE=1 (RIL_CMD_READER_4 tid:525680311232)
04-12 20:41:31.177227  1344  1838 I AT      : SEND MSGID=0003 [SYS_AT_REQ], TXID=0135 [RFXSender_4], DUMP=8419542400000000010003003501180000810D002A2A2A2A2A2A2A2A2A2A2A2A2A00000000000000
04-12 20:41:31.177396  1344  1867 I wpfa_iptable_android: poll()done, b = 0,  and executeIptable returns=
04-12 20:41:31.180790  1344  1737 I AT      : RECV MSGID=0002 [SYS_GET_INFO_CNF], TXID=0125, DUMP=8419542400000000010202002501F003000004002A2A2A2A010101002A000000020101002A000000030104002A2A2A2A040104002A2A2A2A050104002A2A2A2A060104002A2A2A2A070104002A2A2A2A080120002A2A2A2A2A2A2A2A2A2A2A2A2A2A2A2A2A2A2A2A2A2A2A2A2A2A2A2A2A2A2A2A00000000090180002A2A2A2A2A2A2A2A2A2A2A2A2A2A2A2A2A2A2A2A2A2A2A2A2A2A2A2A2A2A2A2A2A2A2A2A2A2A2A2A2A2A2A2A2A2A2A2A2A2A2A2A2A2A2A2A2A2A2A2A2A2A2A2A2A2A2A2A2A2A2A2A2A2A2A2A2A2A2A2A2A2A2A2A2A2A2A2A2A2A2A2A2A2A2A2A2A2A2A2A2A2A2A2A2A2A2A2A2A2A2A2A2A2A2A2A2A2A2A2A2A2A2A2A2A2A2A2A000000000A0101002A0000000B0101002A0000000C0101002A0000000D0104002A2A2A2A0E0118002A2A2A2A2A2A2A2A2A2A2A2A2A2A2A2A2A2A2A2A2A2A2A2A000000000F810F002A2A2A2A2A2A2A2A2A2A2A2A2A2A2A0000000000100120002A2A2A2A2A2A2A2A2A2A2A2A2A2A2A2A2A2A2A2A2A2A2A2A2A2A2A2A2A2A2A2A00000000110140002A2A2A2A2A2A2A2A2A2A2A2A2A2A2A2A2A2A2A2A2A2A2A2A2A2A2A2A2A2A2A2A2A2A2A2A2A2A2A2A2A2A2A2A2A2A2A2A2A2A2A2A2A2A2A2A2A2A2A2A2A2A2A2A0000000012011E002A2A2A2A2A2A2A2A2A2A2A2A2A2A2A2A2A2A2A2A2A2A2A2A2A2
04-12 20:41:31.180873  1344  1737 I AT      : RECV MSGID=0004 [SYS_AT_CNF], TXID=0134, DUMP=841954240000000002020400340118000000040000000000008107002A2A2A2A2A2A2A0000000000
04-12 20:41:31.180897  1344  1835 I RmmOemHandler: [0] proj: TK_MD, flavor: NLWG_6899
04-12 20:41:31.180972  1344  1737 I AT      : RECV MSGID=0002 [SYS_GET_INFO_CNF], TXID=0127, DUMP=8419542400000000020202002701F003000004002A2A2A2A010101002A000000020101002A000000030104002A2A2A2A040104002A2A2A2A050104002A2A2A2A060104002A2A2A2A070104002A2A2A2A080120002A2A2A2A2A2A2A2A2A2A2A2A2A2A2A2A2A2A2A2A2A2A2A2A2A2A2A2A2A2A2A2A00000000090180002A2A2A2A2A2A2A2A2A2A2A2A2A2A2A2A2A2A2A2A2A2A2A2A2A2A2A2A2A2A2A2A2A2A2A2A2A2A2A2A2A2A2A2A2A2A2A2A2A2A2A2A2A2A2A2A2A2A2A2A2A2A2A2A2A2A2A2A2A2A2A2A2A2A2A2A2A2A2A2A2A2A2A2A2A2A2A2A2A2A2A2A2A2A2A2A2A2A2A2A2A2A2A2A2A2A2A2A2A2A2A2A2A2A2A2A2A2A2A2A2A2A2A2A2A2A2A2A000000000A0101002A0000000B0101002A0000000C0101002A0000000D0104002A2A2A2A0E0118002A2A2A2A2A2A2A2A2A2A2A2A2A2A2A2A2A2A2A2A2A2A2A2A000000000F810F002A2A2A2A2A2A2A2A2A2A2A2A2A2A2A0000000000100120002A2A2A2A2A2A2A2A2A2A2A2A2A2A2A2A2A2A2A2A2A2A2A2A2A2A2A2A2A2A2A2A00000000110140002A2A2A2A2A2A2A2A2A2A2A2A2A2A2A2A2A2A2A2A2A2A2A2A2A2A2A2A2A2A2A2A2A2A2A2A2A2A2A2A2A2A2A2A2A2A2A2A2A2A2A2A2A2A2A2A2A2A2A2A2A2A2A2A0000000012011E002A2A2A2A2A2A2A2A2A2A2A2A2A2A2A2A2A2A2A2A2A2A2A2A2A2
04-12 20:41:31.181038  1344  1851 I AT      : [1] AT< OK (RIL_CMD2_READER_4, tid:525514423232)
04-12 20:41:31.181279  1344  1851 I AT      : SEND MSGID=0421 [NW_GET_IDLE_HINT_REQ], TXID=0136 [RFXSender_16], DUMP=84195424000000000200210436010000
04-12 20:41:31.181346  1344  1835 I AT      : SEND MSGID=0059 [SYS_MULTI_SIM_CONFIG_REQ], TXID=0137 [RFXSender_1], DUMP=841954240000000001005900370108000101010002000000
04-12 20:41:31.181449  1344  1737 I AT      : RECV MSGID=0004 [SYS_AT_CNF], TXID=0135, DUMP=841954240000000001020400350118000000040000000000008107002A2A2A2A2A2A2A0000000000
04-12 20:41:31.181564  1344  1838 I AT      : [0] AT< OK (RIL_CMD_READER_4, tid:525680311232)
04-12 20:41:31.181762  1344  1838 I AT      : SEND MSGID=0421 [NW_GET_IDLE_HINT_REQ], TXID=0138 [RFXSender_4], DUMP=84195424000000000100210438010000
