04-12 20:41:33.083304  1750  1750 W UserSystemPackageInstaller: com.android.theme.icon.roundedrect is allowlisted but not present.
04-12 20:41:33.083306  1750  1750 W UserSystemPackageInstaller: com.android.internal.systemui.navbar.gestural_narrow_back is allowlisted but not present.
04-12 20:41:33.083308  1750  1750 W UserSystemPackageInstaller: com.android.theme.icon_pack.rounded.settings is allowlisted but not present.
04-12 20:41:33.083309  1750  1750 W UserSystemPackageInstaller: com.android.theme.icon_pack.circular.android is allowlisted but not present.
04-12 20:41:33.085625  1750  1957 I createLiteAppInfoLocked: packageInfo is null
04-12 20:41:33.086072  1750  1957 I createLiteAppInfoLocked: packageInfo is null
04-12 20:41:33.086887  1750  1750 I Watchdog: Resuming HandlerChecker: main thread for reason: packagemanagermain. Pause count: 0
04-12 20:41:33.086994  1750  1750 D SystemServerTiming: DexUseManagerLocal
04-12 20:41:33.087479  1750  1957 I createLiteAppInfoLocked: packageInfo is null
04-12 20:41:33.087552  1750  1957 I createLiteAppInfoLocked: packageInfo is null
04-12 20:41:33.088303  1750  1957 I createLiteAppInfoLocked: packageInfo is null
04-12 20:41:33.088393  1750  1957 I createLiteAppInfoLocked: packageInfo is null
04-12 20:41:33.088498  1750  1957 I createLiteAppInfoLocked: packageInfo is null
04-12 20:41:33.088824  1750  1957 I createLiteAppInfoLocked: packageInfo is null
04-12 20:41:33.090282  1750  1957 I createLiteAppInfoLocked: packageInfo is null
04-12 20:41:33.092391  1750  1957 I createLiteAppInfoLocked: packageInfo is null
04-12 20:41:33.094048  1750  1957 I createLiteAppInfoLocked: packageInfo is null
04-12 20:41:33.094726  1750  1957 I createLiteAppInfoLocked: packageInfo is null
04-12 20:41:33.094755  1750  1957 I createLiteAppInfoLocked: packageInfo is null
04-12 20:41:33.095179  1750  1957 I createLiteAppInfoLocked: packageInfo is null
04-12 20:41:33.095580  1750  1957 I createLiteAppInfoLocked: packageInfo is null
04-12 20:41:33.095675  1750  1957 I createLiteAppInfoLocked: packageInfo is null
04-12 20:41:33.095821  1750  1957 I createLiteAppInfoLocked: packageInfo is null
04-12 20:41:33.097238  1750  1957 I createLiteAppInfoLocked: packageInfo is null
04-12 20:41:33.097622  1750  1957 I createLiteAppInfoLocked: packageInfo is null
04-12 20:41:33.097805  1750  1957 I createLiteAppInfoLocked: packageInfo is null
04-12 20:41:33.098475  1750  1957 I createLiteAppInfoLocked: packageInfo is null
04-12 20:41:33.098503  1750  1957 I createLiteAppInfoLocked: packageInfo is null
04-12 20:41:33.098801  1750  1957 I createLiteAppInfoLocked: packageInfo is null
04-12 20:41:33.099120  1750  1957 I createLiteAppInfoLocked: packageInfo is null
04-12 20:41:33.099373  1750  1957 I createLiteAppInfoLocked: packageInfo is null
04-12 20:41:33.099578  1750  1957 I createLiteAppInfoLocked: packageInfo is null
04-12 20:41:33.101788  1750  1957 I createLiteAppInfoLocked: packageInfo is null
04-12 20:41:33.102909  1750  1957 I createLiteAppInfoLocked: packageInfo is null
04-12 20:41:33.103247  1750  1957 I createLiteAppInfoLocked: packageInfo is null
04-12 20:41:33.104084  1750  1957 I createLiteAppInfoLocked: packageInfo is null
04-12 20:41:33.104146  1750  1957 I createLiteAppInfoLocked: packageInfo is null
04-12 20:41:33.104157  1750  1957 I createLiteAppInfoLocked: packageInfo is null
04-12 20:41:33.104340  1750  1957 I createLiteAppInfoLocked: packageInfo is null
04-12 20:41:33.104541  1750  1957 I createLiteAppInfoLocked: packageInfo is null
04-12 20:41:33.104766  1750  1957 I createLiteAppInfoLocked: packageInfo is null
04-12 20:41:33.105104  1750  1957 I createLiteAppInfoLocked: packageInfo is null
04-12 20:41:33.105246  1750  1957 I createLiteAppInfoLocked: packageInfo is null
04-12 20:41:33.105281  1750  1957 I createLiteAppInfoLocked: packageInfo is null
04-12 20:41:33.105290  1750  1957 I createLiteAppInfoLocked: packageInfo is null
04-12 20:41:33.105386  1750  1750 D SystemServerTiming: StartOtaDexOptService
04-12 20:41:33.105406  1750  1750 I Watchdog: Pausing HandlerChecker: main thread for reason: moveab. Pause count: 1
04-12 20:41:33.105971  1750  1750 D OTADexopt: No upgrade, skipping A/B artifacts check.
04-12 20:41:33.106007  1750  1750 I Watchdog: Resuming HandlerChecker: main thread for reason: moveab. Pause count: 0
04-12 20:41:33.106018  1750  1750 D SystemServerTiming: StartUserManagerService
04-12 20:41:33.106064  1750  1750 I SystemServiceManager: Starting com.android.server.pm.UserManagerService$LifeCycle
04-12 20:41:33.106275  1750  1977 I PackageParsing: do not custom: com.android.settings.wallpaper.WallpaperSuggestionActivity
04-12 20:41:33.106380  1750  1750 D SystemServiceManagerProxy: start com.android.server.pm.UserManagerService$LifeCycle@a84c420
04-12 20:41:33.106405  1750  1750 D SystemServerTiming: InitAttributerCache
04-12 20:41:33.106415  1750  1957 I PackageParsing: do not custom: com.android.settings.wallpaper.WallpaperSuggestionActivity
04-12 20:41:33.106427  1750  1977 I PackageParsing: do not custom: com.android.settings.TextReadingForSetupWizardActivity
04-12 20:41:33.106439  1750  1750 D SystemServerTiming: SetSystemProcess
04-12 20:41:33.106557  1750  1957 I PackageParsing: do not custom: com.android.settings.TextReadingForSetupWizardActivity
04-12 20:41:33.108034  1750  1888 V LegacyHistoricalRegistry: Interaction before persistence initialized
04-12 20:41:33.109385  1750  1957 I createLiteAppInfoLocked: packageInfo is null
04-12 20:41:33.109496  1750  1957 I createLiteAppInfoLocked: packageInfo is null
04-12 20:41:33.109570  1750  1957 I createLiteAppInfoLocked: packageInfo is null
04-12 20:41:33.109581  1750  1957 I createLiteAppInfoLocked: packageInfo is null
04-12 20:41:33.110335  1750  1957 I createLiteAppInfoLocked: packageInfo is null
04-12 20:41:33.110367  1750  1957 I createLiteAppInfoLocked: packageInfo is null
04-12 20:41:33.110374  1750  1957 I createLiteAppInfoLocked: packageInfo is null
04-12 20:41:33.110498  1750  1750 D TranClassInfo: instance successfully. com.transsion.hubcore.server.am.TranProcessRecordImpl@629a004 from com.transsion.hubcore.server.am.ITranProcessRecord
04-12 20:41:33.110759  1750  1957 I createLiteAppInfoLocked: packageInfo is null
04-12 20:41:33.113171  1750  1957 I createLiteAppInfoLocked: packageInfo is null
04-12 20:41:33.115025  1750  1750 D TranClassInfo: instance successfully. com.transsion.hubcore.server.am.TranProcessStateRecordImpl@2573c14 from com.transsion.hubcore.server.am.ITranProcessStateRecord
04-12 20:41:33.115399  1750  1750 D TranClassInfo: instance successfully. com.transsion.hubcore.server.am.TranProcessListImpl@eeadcbd from com.transsion.hubcore.server.am.ITranProcessList
04-12 20:41:33.116635  1750  1750 D ActivityManager: StatsPullAtomService not ready yet
04-12 20:41:33.116792  1750  1750 D aegean_Logger: debugValue=000000000
04-12 20:41:33.116885  1750  1750 D aegean_Logger: save debug=000000000
04-12 20:41:33.117652  1391  2050 I storaged: storaged: Start
04-12 20:41:33.117883  1750  1750 D os.ActivityManagerServiceLice: make process active system(1750)
04-12 20:41:33.118473  1750  1750 W aegean_AegeanHandler: postFgL handler is null
04-12 20:41:33.118765  1750  1750 D UsfSystemServer/systemSceneHooker: system not ready
04-12 20:41:33.123171  1750  1750 D TranClassInfo: instance successfully. com.transsion.performance.pqe.TranPqeServcieComponentImpl@b9357fe from com.transsion.hubcore.pqe.ITranPqeServcieComponent
04-12 20:41:33.129280  1750  1750 D TranClassInfo: instance successfully. com.transsion.power.powerdata.TranPowerDataComponentImpl@f000b5f from com.transsion.hubcore.powerdata.ITranPowerDataComponent
04-12 20:41:33.129323  1750  1750 D TranClassInfo: instance successfully. com.transsion.hubcore.server.wm.TranWindowManagerServiceImpl@f5f9ac from com.transsion.hubcore.server.wm.ITranWindowManagerService
04-12 20:41:33.132182  1750  1966 I ActivityManager: Connection with lmkd established
04-12 20:41:33.135565  1750  1750 D TranClassInfo: instance successfully. com.transsion.hubcore.server.am.TranOomAdjusterImpl@6bdc1f3 from com.transsion.hubcore.server.am.ITranOomAdjuster
04-12 20:41:33.135766  1750  1750 D ActivityManager: StatsPullAtomService not ready yet
04-12 20:41:33.137593  1750  1750 D SystemServerTiming: InitWatchdog
04-12 20:41:33.140197  1750  1750 D SystemServerTiming: StartOverlayManagerService
04-12 20:41:33.142928  1750  1750 I OverlayManager: Updating overlays for starting user 0
04-12 20:41:33.383024  1750  1750 D SystemServiceManagerProxy: start com.android.server.om.OverlayManagerService@2f992c5
04-12 20:41:33.383158  1750  1750 D SystemServerTiming: StartResourcesManagerService
04-12 20:41:33.383799  1750  1750 D SystemServiceManagerProxy: start com.android.server.resources.ResourcesManagerService@c743165
04-12 20:41:33.383882  1750  1750 D SystemServerTiming: StartSensorPrivacyService
04-12 20:41:33.384254  1750  1924 V Configuration: Updating configuration, locales updated from [] to [zh_CN_#Hans]
04-12 20:41:33.386926  1750  1924 W ActivityTaskManager: Skip updateConfiguration because mWindowManager isn't set
04-12 20:41:33.388429  1750  1924 W BroadcastLoopers: Found previously unknown looper Thread[android.fg,5,main]
04-12 20:41:33.392355  1750  1750 D SystemServiceManagerProxy: start com.android.server.sensorprivacy.SensorPrivacyService@e69fec0
04-12 20:41:33.392420  1750  1750 D SystemServerTiming: StartSensorService
04-12 20:41:33.392438  1750  1750 I SystemServiceManager: Starting com.android.server.sensors.SensorService
04-12 20:41:33.392816  1750  1750 D SystemServiceManagerProxy: start com.android.server.sensors.SensorService@829dd31
04-12 20:41:33.392863  1750  1750 I MtkSystemServerImpl: startMtkBootstrapServices
04-12 20:41:33.392883  1750  1750 D SystemServerTiming: startCoreServices
04-12 20:41:33.392892  1750  1750 D SystemServerTiming: StartSystemConfigService
04-12 20:41:33.392945  1750  1750 I SystemServiceManager: Starting com.android.server.SystemConfigService
04-12 20:41:33.394964  1750  1750 D SystemServiceManagerProxy: start com.android.server.SystemConfigService@cab13a2
04-12 20:41:33.395008  1750  1750 D SystemServerTiming: StartBatteryService
04-12 20:41:33.395097  1750  1750 I SystemServiceManager: Starting com.android.server.BatteryService
04-12 20:41:33.395123  1750  2062 D SystemServerTimingAsync: InitThreadPoolExec:StartNativeSensorService
04-12 20:41:33.395135  1750  2062 D SystemServerInitThreadPool: Started executing StartNativeSensorService
04-12 20:41:33.395146  1750  2062 D SystemServerTimingAsync: StartNativeSensorService
04-12 20:41:33.396940  1750  1750 D TranClassInfo: instance successfully. com.transsion.hubcore.server.battery.TranBatteryServiceImpl@ed5d48f from com.transsion.hubcore.server.battery.ITranBatteryService
04-12 20:41:33.401454  1750  2062 V LegacyHistoricalRegistry: Interaction before persistence initialized
04-12 20:41:33.402743  1750  2062 D SystemServerInitThreadPool: Finished executing StartNativeSensorService
04-12 20:41:33.404625  1750  1750 D TranClassInfo: instance successfully. com.transsion.power.lowbatterynotify.TranLowBatteryNotifyImpl@33b74a1 from com.transsion.hubcore.lowbatterynotify.ITranLowBatteryNotifyComponent
04-12 20:41:33.404954  1750  1750 D TranClassInfo: instance successfully. com.transsion.hubcore.server.trancharge.TranChargeServiceImpl@35fe6c6 from com.transsion.hubcore.server.trancharge.ITranChargeService
04-12 20:41:33.417829  1750  1888 W TranClassInfo: instance failed. com.transsion.hubcore.server.eventtrack.TranAIChargingEventTrackExtImpl from com.transsion.hubcore.server.eventtrack.ITranAIChargingEventTrackExt
04-12 20:41:33.417829  1750  1888 W TranClassInfo: java.lang.ClassNotFoundException: com.transsion.hubcore.server.eventtrack.TranAIChargingEventTrackExtImpl
04-12 20:41:33.417829  1750  1888 W TranClassInfo: 	at java.lang.Class.classForName(Native Method)
04-12 20:41:33.417829  1750  1888 W TranClassInfo: 	at java.lang.Class.forName(Class.java:591)
04-12 20:41:33.417829  1750  1888 W TranClassInfo: 	at com.transsion.hubcore.utils.TranClassInfo.getImpl(TranClassInfo.java:73)
04-12 20:41:33.417829  1750  1888 W TranClassInfo: 	at com.transsion.hubcore.server.eventtrack.ITranAIChargingEventTrackExt.Instance(ITranAIChargingEventTrackExt.java:17)
04-12 20:41:33.417829  1750  1888 W TranClassInfo: 	at com.android.server.BatteryService.processValuesLocked(BatteryService.java:1257)
04-12 20:41:33.417829  1750  1888 W TranClassInfo: 	at com.android.server.BatteryService.update(BatteryService.java:973)
04-12 20:41:33.417829  1750  1888 W TranClassInfo: 	at com.android.server.BatteryService$$ExternalSyntheticLambda10.update(R8$$SyntheticClass:0)
04-12 20:41:33.417829  1750  1888 W TranClassInfo: 	at com.android.server.health.HealthRegCallbackAidl$HalInfoCallback.healthInfoChanged(HealthRegCallbackAidl.java:116)
04-12 20:41:33.417829  1750  1888 W TranClassInfo: 	at android.hardware.health.IHealthInfoCallback$Stub.onTransact(IHealthInfoCallback.java:95)
04-12 20:41:33.417829  1750  1888 W TranClassInfo: 	at android.os.Binder.execTransactInternal(Binder.java:1451)
04-12 20:41:33.417829  1750  1888 W TranClassInfo: 	at android.os.Binder.execTransact(Binder.java:1381)
04-12 20:41:33.417829  1750  1888 W TranClassInfo: Caused by: java.lang.ClassNotFoundException: com.transsion.hubcore.server.eventtrack.TranAIChargingEventTrackExtImpl
04-12 20:41:33.417829  1750  1888 W TranClassInfo: 	... 11 more
04-12 20:41:33.417922  1750  1888 D TranClassInfo: using com.transsion.hubcore.server.eventtrack.ITranAIChargingEventTrackExt$DefaultImpl@8f24423 instead of com.transsion.hubcore.server.eventtrack.TranAIChargingEventTrackExtImpl from com.transsion.hubcore.server.eventtrack.ITranAIChargingEventTrackExt
04-12 20:41:33.421787  1750  1888 D TranClassInfo: instance successfully. com.transsion.power.aicharge.TranAIChargeImpl@d91ab4c from com.transsion.hubcore.aicharge.ITranAIChargeComponent
04-12 20:41:33.422010  1750  1888 I TranAIChargingController: mInitialized：false，mReady：false,PlugType:2
04-12 20:41:33.422045  1750  1888 D TranHBMManagerService: mInitialized is false
04-12 20:41:33.422648  1750  1888 W TranClassInfo: instance failed. com.transsion.server.power.battery.TranBatteryComponentImpl from com.transsion.hubcore.battery.ITranBatteryComponent
04-12 20:41:33.422648  1750  1888 W TranClassInfo: java.lang.ClassNotFoundException: com.transsion.server.power.battery.TranBatteryComponentImpl
04-12 20:41:33.422648  1750  1888 W TranClassInfo: 	at java.lang.Class.classForName(Native Method)
04-12 20:41:33.422648  1750  1888 W TranClassInfo: 	at java.lang.Class.forName(Class.java:591)
04-12 20:41:33.422648  1750  1888 W TranClassInfo: 	at com.transsion.hubcore.utils.TranClassInfo.getImpl(TranClassInfo.java:124)
04-12 20:41:33.422648  1750  1888 W TranClassInfo: 	at com.transsion.hubcore.battery.ITranBatteryComponent.Instance(ITranBatteryComponent.java:33)
04-12 20:41:33.422648  1750  1888 W TranClassInfo: 	at com.transsion.hubcore.server.trancharge.TranChargeServiceImpl.sendBatteryChangedIntentLocked(TranChargeServiceImpl.java:71)
04-12 20:41:33.422648  1750  1888 W TranClassInfo: 	at com.android.server.BatteryService.sendBatteryChangedIntentLocked(BatteryService.java:1353)
04-12 20:41:33.422648  1750  1888 W TranClassInfo: 	at com.android.server.BatteryService.processValuesLocked(BatteryService.java:1272)
04-12 20:41:33.422648  1750  1888 W TranClassInfo: 	at com.android.server.BatteryService.update(BatteryService.java:973)
04-12 20:41:33.422648  1750  1888 W TranClassInfo: 	at com.android.server.BatteryService$$ExternalSyntheticLambda10.update(R8$$SyntheticClass:0)
04-12 20:41:33.422648  1750  1888 W TranClassInfo: 	at com.android.server.health.HealthRegCallbackAidl$HalInfoCallback.healthInfoChanged(HealthRegCallbackAidl.java:116)
04-12 20:41:33.422648  1750  1888 W TranClassInfo: 	at android.hardware.health.IHealthInfoCallback$Stub.onTransact(IHealthInfoCallback.java:95)
04-12 20:41:33.422648  1750  1888 W TranClassInfo: 	at android.os.Binder.execTransactInternal(Binder.java:1451)
04-12 20:41:33.422648  1750  1888 W TranClassInfo: 	at android.os.Binder.execTransact(Binder.java:1381)
04-12 20:41:33.422648  1750  1888 W TranClassInfo: Caused by: java.lang.ClassNotFoundException: com.transsion.server.power.battery.TranBatteryComponentImpl
04-12 20:41:33.422648  1750  1888 W TranClassInfo: 	... 13 more
04-12 20:41:33.422719  1750  1888 D TranClassInfo: using com.transsion.hubcore.battery.ITranBatteryComponent$1@cea149b instead of [com.transsion.server.power.battery.TranBatteryComponentImpl] from com.transsion.hubcore.battery.ITranBatteryComponent
04-12 20:41:33.423798  1750  1750 I HealthServiceWrapperAidl: health: HealthServiceWrapper listening to AIDL HAL
04-12 20:41:33.423863  1750  1750 I BatteryService: health: Waited 0ms and received the update.
04-12 20:41:33.423894  1750  1750 D TranChargeServiceLice: registerTranChargeCallback
04-12 20:41:33.427070  1750  1750 I TranChargeServiceWrapperAidl: tranCharge: TranChargeServiceWrapper listening to AIDL HAL
04-12 20:41:33.427099  1750  1750 I TranChargeServiceLice: TranCharge: Waited 0ms and received the update.
04-12 20:41:33.427233  1750  1888 D TranChargeRegCallbackAidl: updateTranChargeInfo:TranChargeInfo:{deviceNodeFunc=batHealthLevel, chargeType=0, chargePower=0, mutilevelControl=0, portableChargerPluging=0, portableChargerLevel=0, batHealthLevel=4, batHealthPrecent=0, batHealthPrecent1=0, batCycle=0, batCycle1=0, realUiSoc=0, wlsMagnFan=0, batMacDate=, batMacDate1=, phoneActiveDate=, phoneActiveDate1=, waterDetName=, waterDetState=0, c2cPdConnect=0, c2cVbusShort=0, c2cState=0, aichgState=0, bypassChgState=0, smartChgState=0, aiBigData=, batNotifyCode=0, wlsReverseState=0, wlsReverseChgRead=0, wlsReverseExit=0, wlsKomState=0, callCmdRead=0, komCmdState=0, multiColorType=0, startDecimalSoc=0, customDischg=0, decimaSoc=0.0, taCtrlStat=0, handheldDetection=0, portName=, portState=0, siPowerOffVbat=0, bootTimeStamp=17209197769, repairResult=0, lastCycleCount=0, intRev1=0, intRev2=0, intRev3=0, stingRev1=, stingRev2=, stingRev3=, wlsChargeSupport=0}
04-12 20:41:33.427435  1750  1888 I TranAIChargingController: mInitialized：false，mReady：false,PlugType:2
04-12 20:41:33.427489  1750  1888 D TranHBMManagerService: mInitialized is false
04-12 20:41:33.427623  1750  1888 I TranChargeServiceLice: updateTranChargeInfo: TranChargeInfo:{deviceNodeFunc=batHealthLevel, chargeType=0, chargePower=0, mutilevelControl=0, portableChargerPluging=0, portableChargerLevel=0, batHealthLevel=4, batHealthPrecent=0, batHealthPrecent1=0, batCycle=0, batCycle1=0, realUiSoc=0, wlsMagnFan=0, batMacDate=, batMacDate1=, phoneActiveDate=, phoneActiveDate1=, waterDetName=, waterDetState=0, c2cPdConnect=0, c2cVbusShort=0, c2cState=0, aichgState=0, bypassChgState=0, smartChgState=0, aiBigData=, batNotifyCode=0, wlsReverseState=0, wlsReverseChgRead=0, wlsReverseExit=0, wlsKomState=0, callCmdRead=0, komCmdState=0, multiColorType=0, startDecimalSoc=0, customDischg=0, decimaSoc=0.0, taCtrlStat=0, handheldDetection=0, portName=, portState=0, siPowerOffVbat=0, bootTimeStamp=17209197769, repairResult=0, lastCycleCount=0, intRev1=0, intRev2=0, intRev3=0, stingRev1=, stingRev2=, stingRev3=, wlsChargeSupport=0} seq: 1
04-12 20:41:33.427783  1750  1750 D SystemServiceManagerProxy: start com.android.server.BatteryService@59c811
04-12 20:41:33.427828  1750  1750 D SystemServerTiming: StartUsageService
04-12 20:41:33.428100  1750  1750 I SystemServiceManager: Starting com.android.server.usage.UsageStatsService
04-12 20:41:33.431997  1750  1750 D SystemServiceManagerProxy: start com.android.server.usage.UsageStatsService@2dc9003
04-12 20:41:33.432075  1750  1750 D SystemServerTiming: StartWebViewUpdateService
04-12 20:41:33.432116  1750  1750 I SystemServiceManager: Starting com.android.server.webkit.WebViewUpdateService
04-12 20:41:33.433094  1750  1750 D SystemServiceManagerProxy: start com.android.server.webkit.WebViewUpdateService@c95fc7b
04-12 20:41:33.433158  1750  1750 D SystemServerTiming: StartCachedDeviceStateService
04-12 20:41:33.433188  1750  1750 I SystemServiceManager: Starting com.android.server.CachedDeviceStateService
04-12 20:41:33.433256  1750  1750 D SystemServiceManagerProxy: start com.android.server.CachedDeviceStateService@a88fed6
04-12 20:41:33.433285  1750  1750 D SystemServerTiming: StartBinderCallsStatsService
04-12 20:41:33.433310  1750  1750 I SystemServiceManager: Starting com.android.server.BinderCallsStatsService$LifeCycle
04-12 20:41:33.433815  1750  1750 D SystemServiceManagerProxy: start com.android.server.BinderCallsStatsService$LifeCycle@3837d2d
04-12 20:41:33.433834  1750  1750 D SystemServerTiming: StartLooperStatsService
04-12 20:41:33.433869  1750  1750 I SystemServiceManager: Starting com.android.server.LooperStatsService$Lifecycle
04-12 20:41:33.434204  1750  1750 D SystemServiceManagerProxy: start com.android.server.LooperStatsService$Lifecycle@247bf29
04-12 20:41:33.434222  1750  1750 D SystemServerTiming: StartRollbackManagerService
04-12 20:41:33.434250  1750  1750 I SystemServiceManager: Starting com.android.server.rollback.RollbackManagerService
04-12 20:41:33.437202  1750  1750 I PackageWatchdog: Syncing state, reason: added new observer
04-12 20:41:33.437235  1750  1750 I PackageWatchdog: Not pruning observers, elapsed time: 0ms
04-12 20:41:33.437386  1750  1973 I PackageWatchdog: Saving observer state to file
04-12 20:41:33.440149  1750  1750 D SystemServiceManagerProxy: start com.android.server.rollback.RollbackManagerService@a54b10
04-12 20:41:33.440174  1750  1750 D SystemServerTiming: StartNativeTombstoneManagerService
04-12 20:41:33.440207  1750  1750 I SystemServiceManager: Starting com.android.server.os.NativeTombstoneManagerService
04-12 20:41:33.445170  1750  1750 D SystemServiceManagerProxy: start com.android.server.os.NativeTombstoneManagerService@8447196
04-12 20:41:33.445201  1750  1750 D SystemServerTiming: StartBugreportManagerService
04-12 20:41:33.445228  1750  1750 I SystemServiceManager: Starting com.android.server.os.BugreportManagerService
04-12 20:41:33.445773  1750  1750 D SystemServiceManagerProxy: start com.android.server.os.BugreportManagerService@12ee904
04-12 20:41:33.445788  1750  1750 D SystemServerTiming: GpuService
04-12 20:41:33.445798  1750  1750 I SystemServiceManager: Starting com.android.server.gpu.GpuService
04-12 20:41:33.445990  1750  1750 D SystemServiceManagerProxy: start com.android.server.gpu.GpuService@5601d6e
04-12 20:41:33.446006  1750  1750 D SystemServerProxy: onCoreServicesStarted
04-12 20:41:33.447373  1750  1750 I SystemServiceManager: Starting com.transsion.kolun.server.SmartSystemService
04-12 20:41:33.448079  1750  1750 D SystemServiceManagerProxy: start com.transsion.kolun.server.SmartSystemService@a068a2b
04-12 20:41:33.448124  1750  1750 D SystemServerTiming: StartRemoteProvisioningService
04-12 20:41:33.448156  1750  1750 I SystemServiceManager: Starting com.android.server.security.rkp.RemoteProvisioningService
04-12 20:41:33.448621  1750  1750 D SystemServiceManagerProxy: start com.android.server.security.rkp.RemoteProvisioningService@4dea021
04-12 20:41:33.448638  1750  1750 D SystemServerTiming: CpuMonitorService
04-12 20:41:33.448671  1750  1750 I SystemServiceManager: Starting com.android.server.cpu.CpuMonitorService
04-12 20:41:33.448705  1750  2042 W PackageManager: Skipping preparing app data for com.google.android.devicelock
04-12 20:41:33.448806  1750  2042 W PackageManager: Skipping preparing app data for com.google.android.tzdata6
04-12 20:41:33.448852  1750  2042 W PackageManager: Skipping preparing app data for com.google.android.ondevicepersonalization
04-12 20:41:33.448975  1750  2042 W PackageManager: Skipping preparing app data for com.transsion.mi.os.framework
04-12 20:41:33.448996  1750  2042 W PackageManager: Skipping preparing app data for com.google.android.media.swcodec
04-12 20:41:33.449056  1750  2042 W PackageManager: Skipping preparing app data for com.google.android.os.statsd
04-12 20:41:33.449083  1750  2042 W PackageManager: Skipping preparing app data for com.google.android.widevine.nonupdatable
04-12 20:41:33.449118  1750  2042 W PackageManager: Skipping preparing app data for com.transsion.connectivity
04-12 20:41:33.449244  1750  2042 W PackageManager: Skipping preparing app data for com.google.android.extservices
04-12 20:41:33.449283  1750  2042 W PackageManager: Skipping preparing app data for com.google.android.sdksandbox
04-12 20:41:33.449374  1750  2042 W PackageManager: Skipping preparing app data for com.google.android.healthfitness
04-12 20:41:33.449445  1750  2042 W PackageManager: Skipping preparing app data for com.scorpio.sc.core
04-12 20:41:33.449470  1750  2042 W PackageManager: Skipping preparing app data for com.google.android.ipsec
04-12 20:41:33.449482  1750  2042 W PackageManager: Skipping preparing app data for com.google.android.media
04-12 20:41:33.449527  1750  2042 W PackageManager: Skipping preparing app data for com.android.bt
04-12 20:41:33.449585  1750  2042 W PackageManager: Skipping preparing app data for com.google.android.uprobestats
04-12 20:41:33.449616  1750  2042 W PackageManager: Skipping preparing app data for com.android.i18n
04-12 20:41:33.449636  1750  2042 W PackageManager: Skipping preparing app data for com.android.virt
04-12 20:41:33.449702  1750  2042 W PackageManager: Skipping preparing app data for com.google.android.appsearch
04-12 20:41:33.449730  1750  2042 W PackageManager: Skipping preparing app data for com.google.android.configinfrastructure
04-12 20:41:33.449760  1750  2042 W PackageManager: Skipping preparing app data for com.android.runtime
04-12 20:41:33.449798  1750  2042 W PackageManager: Skipping preparing app data for com.google.android.cellbroadcast
04-12 20:41:33.449812  1750  2042 W PackageManager: Skipping preparing app data for com.android.apex.cts.shim
04-12 20:41:33.449824  1750  2042 W PackageManager: Skipping preparing app data for com.android.compos
04-12 20:41:33.449845  1750  2042 W PackageManager: Skipping preparing app data for com.google.android.resolv
04-12 20:41:33.449866  1750  2042 W PackageManager: Skipping preparing app data for com.google.android.sdkext
04-12 20:41:33.449897  1750  2042 W PackageManager: Skipping preparing app data for com.google.android.art
04-12 20:41:33.449921  1750  2042 W PackageManager: Skipping preparing app data for com.google.android.uwb
04-12 20:41:33.450025  1750  2042 W PackageManager: Skipping preparing app data for com.android.hardware.cas
04-12 20:41:33.450069  1750  2042 W PackageManager: Skipping preparing app data for com.google.android.adservices
04-12 20:41:33.450130  1750  2042 W PackageManager: Skipping preparing app data for com.google.android.crashrecovery
04-12 20:41:33.450156  1750  2042 W PackageManager: Skipping preparing app data for com.transsion.kolun
04-12 20:41:33.450174  1750  2042 W PackageManager: Skipping preparing app data for com.transsion.phone
04-12 20:41:33.450197  1750  2042 W PackageManager: Skipping preparing app data for com.google.android.scheduling
04-12 20:41:33.450240  1750  2042 W PackageManager: Skipping preparing app data for com.google.android.mediaprovider
04-12 20:41:33.450280  1750  2042 W PackageManager: Skipping preparing app data for com.google.android.permission
04-12 20:41:33.450319  1750  2042 W PackageManager: Skipping preparing app data for com.google.android.profiling
04-12 20:41:33.450334  1750  2042 W PackageManager: Skipping preparing app data for com.android.vndk.v31
04-12 20:41:33.450339  1750  2042 W PackageManager: Skipping preparing app data for com.android.vndk.v33
04-12 20:41:33.450346  1750  2042 W PackageManager: Skipping preparing app data for com.android.vndk.v34
04-12 20:41:33.450450  1750  2042 W PackageManager: Skipping preparing app data for com.transsion.thub.core
04-12 20:41:33.450487  1750  2042 W PackageManager: Skipping preparing app data for com.google.android.neuralnetworks
04-12 20:41:33.450496  1750  2042 W PackageManager: Skipping preparing app data for com.google.android.tethering
04-12 20:41:33.450539  1750  2042 W PackageManager: Skipping preparing app data for com.google.android.adbd
04-12 20:41:33.450563  1750  2042 W PackageManager: Skipping preparing app data for com.google.android.rkpd
04-12 20:41:33.450570  1750  2042 W PackageManager: Skipping preparing app data for com.google.android.wifi
04-12 20:41:33.450598  1750  2042 W PackageManager: Skipping preparing app data for com.google.android.conscrypt
04-12 20:41:33.450722  1750  2042 W PackageManager: Skipping preparing app data for com.android.nfcservices
04-12 20:41:33.453464  1750  1750 D SystemServiceManagerProxy: start com.android.server.cpu.CpuMonitorService@6209b34
04-12 20:41:33.453519  1750  1750 I MtkSystemServerImpl: startMtkCoreServices 
04-12 20:41:33.453607  1750  1750 D SystemServerTiming: startOtherServices
04-12 20:41:33.454003  1750  1750 W TranClassInfo: instance failed. com.transsion.storage.xmlprotect.TranXmlProtectVerifyComponentImpl from com.transsion.hubcore.fileprotect.ITranXmlProtectVerifyComponent
04-12 20:41:33.454003  1750  1750 W TranClassInfo: java.lang.ClassNotFoundException: com.transsion.storage.xmlprotect.TranXmlProtectVerifyComponentImpl
04-12 20:41:33.454003  1750  1750 W TranClassInfo: 	at java.lang.Class.classForName(Native Method)
04-12 20:41:33.454003  1750  1750 W TranClassInfo: 	at java.lang.Class.forName(Class.java:591)
04-12 20:41:33.454003  1750  1750 W TranClassInfo: 	at com.transsion.hubcore.utils.TranClassInfo.getImpl(TranClassInfo.java:124)
04-12 20:41:33.454003  1750  1750 W TranClassInfo: 	at com.transsion.hubcore.fileprotect.ITranXmlProtectVerifyComponent.Instance(ITranXmlProtectVerifyComponent.java:18)
04-12 20:41:33.454003  1750  1750 W TranClassInfo: 	at com.transsion.hubcore.server.TranSystemServerImpl.startDefaultFileBackup(TranSystemServerImpl.java:178)
04-12 20:41:33.454003  1750  1750 W TranClassInfo: 	at com.android.server.SystemServer.startOtherServices(SystemServer.java:1629)
04-12 20:41:33.454003  1750  1750 W TranClassInfo: 	at com.android.server.SystemServer.run(SystemServer.java:1075)
04-12 20:41:33.454003  1750  1750 W TranClassInfo: 	at com.android.server.SystemServer.main(SystemServer.java:761)
04-12 20:41:33.454003  1750  1750 W TranClassInfo: 	at java.lang.reflect.Method.invoke(Native Method)
04-12 20:41:33.454003  1750  1750 W TranClassInfo: 	at com.android.internal.os.RuntimeInit$MethodAndArgsCaller.run(RuntimeInit.java:629)
04-12 20:41:33.454003  1750  1750 W TranClassInfo: 	at com.android.internal.os.ZygoteInit.main(ZygoteInit.java:1002)
04-12 20:41:33.454003  1750  1750 W TranClassInfo: Caused by: java.lang.ClassNotFoundException: com.transsion.storage.xmlprotect.TranXmlProtectVerifyComponentImpl
04-12 20:41:33.454003  1750  1750 W TranClassInfo: 	... 11 more
04-12 20:41:33.454045  1750  1750 D TranClassInfo: using com.transsion.hubcore.fileprotect.ITranXmlProtectVerifyComponent$1@67013a3 instead of [com.transsion.storage.xmlprotect.TranXmlProtectVerifyComponentImpl] from com.transsion.hubcore.fileprotect.ITranXmlProtectVerifyComponent
04-12 20:41:33.454317  1750  1750 D SystemServerTiming: StartKeyAttestationApplicationIdProviderService
04-12 20:41:33.454646  1750  2091 D SystemServerTimingAsync: InitThreadPoolExec:SecondaryZygotePreload
04-12 20:41:33.454688  1750  2091 D SystemServerInitThreadPool: Started executing SecondaryZygotePreload
04-12 20:41:33.454706  1750  2091 I SystemServer: SecondaryZygotePreload
04-12 20:41:33.454718  1750  2091 D SystemServerTimingAsync: SecondaryZygotePreload
04-12 20:41:33.454734  1750  2091 D SystemServerInitThreadPool: Finished executing SecondaryZygotePreload
04-12 20:41:33.454831  1750  1750 D SystemServerTiming: StartKeyChainSystemService
04-12 20:41:33.454874  1750  1750 I SystemServiceManager: Starting com.android.server.security.KeyChainSystemService
04-12 20:41:33.455058  1750  1750 D SystemServiceManagerProxy: start com.android.server.security.KeyChainSystemService@6fa9e2a
04-12 20:41:33.455090  1750  1750 D SystemServerTiming: StartBinaryTransparencyService
04-12 20:41:33.455146  1750  1750 I SystemServiceManager: Starting com.android.server.BinaryTransparencyService
04-12 20:41:33.455625  1750  1750 I TransparencyService: Started BinaryTransparencyService
04-12 20:41:33.455655  1750  1750 D SystemServiceManagerProxy: start com.android.server.BinaryTransparencyService@e6039b8
04-12 20:41:33.455669  1750  1750 D SystemServerTiming: StartSchedulingPolicyService
04-12 20:41:33.456116  1750  1750 D SystemServerTiming: StartTelecomLoaderService
04-12 20:41:33.456174  1750  1750 I SystemServiceManager: Starting com.android.server.telecom.TelecomLoaderService
04-12 20:41:33.456246  1750  2092 D SystemServerTimingAsync: InitThreadPoolExec:SchedulingPolicyService.<init>
04-12 20:41:33.456282  1750  1750 D SystemServiceManagerProxy: start com.android.server.telecom.TelecomLoaderService@a4816f7
04-12 20:41:33.456302  1750  2092 D SystemServerInitThreadPool: Started executing SchedulingPolicyService.<init>
04-12 20:41:33.456332  1750  1750 D SystemServerTiming: StartTelephonyRegistry
04-12 20:41:33.457188  1750  1750 D SystemServerTiming: StartEntropyMixer
04-12 20:41:33.457825  1750  1750 I EntropyMixer: Loaded existing seed file
04-12 20:41:33.458576  1750  1750 I EntropyMixer: Updated seed file
04-12 20:41:33.458755  1750  1750 D SystemServerTiming: StartAccountManagerService
04-12 20:41:33.458804  1750  1750 I SystemServiceManager: Starting com.android.server.accounts.AccountManagerService$Lifecycle
04-12 20:41:33.461437  1750  1750 D SystemServiceManagerProxy: start com.android.server.accounts.AccountManagerService$Lifecycle@4df9348
04-12 20:41:33.461483  1750  1750 D SystemServerTiming: StartContentService
04-12 20:41:33.461517  1750  1750 I SystemServiceManager: Starting com.android.server.content.ContentService$Lifecycle
04-12 20:41:33.462180  1750  1750 D SystemServiceManagerProxy: start com.android.server.content.ContentService$Lifecycle@9b39b63
04-12 20:41:33.462209  1750  1750 D SystemServerTiming: InstallSystemProviders
04-12 20:41:33.462971  1750  1750 D TranClassInfo: instance successfully. com.transsion.hubcore.server.am.TranContentProviderRecordImpl@c638360 from com.transsion.hubcore.server.am.ITranContentProviderRecord
04-12 20:41:33.466190  1750  1750 V Configuration: Updating configuration, locales updated from [] to [zh_CN_#Hans]
04-12 20:41:33.473811  1750  2092 D SystemServerInitThreadPool: Finished executing SchedulingPolicyService.<init>
04-12 20:41:33.546927  1750  1750 I SettingsState: 0 flag override requests created
04-12 20:41:33.570622  1750  1750 V Configuration: Updating configuration, locales updated from [] to [zh_CN_#Hans]
04-12 20:41:33.599739  1750  1750 D ActivityTaskManager: isControllerAMonkey mController = null,mControllerIsAMonkey = false
04-12 20:41:33.599805  1750  1750 I PackageManager: setEnabledSettings callingUid = 1000 callingPid = 1750 packageName = com.android.shell componentName = ComponentInfo{com.android.shell/com.android.shell.BugreportStorageProvider} callingPackage= android newState = 1 userId = 0 flags = 0
04-12 20:41:33.607327  1750  1750 D ActivityManager: Freezer timeout set to 10000
04-12 20:41:33.607388  1750  1750 D ActivityManager: Freezer exemption set to false
04-12 20:41:33.607412  1750  1750 D Freezer/CloudSwitch: mUseFreezer= true mFreezerCloudSwitch= true mSkipRepeat= false
04-12 20:41:33.607593  1750  1963 D ActivityManager: Freezer enabled
04-12 20:41:33.607663  1750  1963 D ActivityManager: freezer override set to false
04-12 20:41:33.609281  1750  1750 I SystemServiceManager: Starting com.android.server.deviceconfig.DeviceConfigInit$Lifecycle
04-12 20:41:33.609621  1750  1750 I DeviceConfig: Bootstrap values not found
04-12 20:41:33.610208  1750  1750 D SystemServiceManagerProxy: start com.android.server.deviceconfig.DeviceConfigInit$Lifecycle@fb5542c
04-12 20:41:33.610266  1750  1750 D SystemServerTiming: StartDropBoxManager
04-12 20:41:33.610321  1750  1750 I SystemServiceManager: Starting com.android.server.DropBoxManagerService
04-12 20:41:33.611133  1750  1750 D SystemServiceManagerProxy: start com.android.server.DropBoxManagerService@584fafb
04-12 20:41:33.611180  1750  1750 D SystemServerTiming: StartEnhancedConfirmationService
04-12 20:41:33.611270  1750  1750 I SystemServiceManager: Starting com.android.ecm.EnhancedConfirmationService
04-12 20:41:33.612761  1750  1750 D SystemServiceManagerProxy: start com.android.ecm.EnhancedConfirmationService@2e8ef56
04-12 20:41:33.612799  1750  1750 D SystemServerTiming: StartHintManager
04-12 20:41:33.612866  1750  1750 I SystemServiceManager: Starting com.android.server.power.hint.HintManagerService
04-12 20:41:33.615876  1750  1750 D SystemServiceManagerProxy: start com.android.server.power.hint.HintManagerService@5cbfcc4
04-12 20:41:33.615919  1750  1750 D SystemServerTiming: StartRoleManagerService
04-12 20:41:33.616479  1750  1750 I SystemServiceManager: Starting com.android.role.RoleService
04-12 20:41:33.618844  1750  1750 D SystemServiceManagerProxy: start com.android.role.RoleService@e099092
04-12 20:41:33.618899  1750  1750 D SystemServerTiming: StartSupervisionService
04-12 20:41:33.618951  1750  1750 I SystemServiceManager: Starting com.android.server.supervision.SupervisionService$Lifecycle
04-12 20:41:33.619688  1750  1750 D SystemServiceManagerProxy: start com.android.server.supervision.SupervisionService$Lifecycle@13c9719
04-12 20:41:33.619720  1750  1750 D SystemServerTiming: StartVibratorManagerService
04-12 20:41:33.619750  1750  1750 I SystemServiceManager: Starting com.android.server.vibrator.VibratorManagerService$Lifecycle
04-12 20:41:33.620936  1750  1750 D TranClassInfo: instance successfully. com.transsion.hubcore.server.vibrator.TranVibratorManagerServiceImpl@32c23de from com.transsion.hubcore.server.vibrator.ITranVibratorManagerService
04-12 20:41:33.623245  1750  1750 D TranClassInfo: instance successfully. com.transsion.display.vibration.server.TranVibrationComponentImpl@86d19bf from com.transsion.hubcore.server.vibration.ITranVibrationComponent
04-12 20:41:33.624095  1750  1750 E TranCloudDataUtil: vibrate_config.json not found at: /tranfs/CloudEngine/1008000054/vibrate_config.json
04-12 20:41:33.631099  1750  1750 D VibratorController: controller off in lock
04-12 20:41:33.633662  1750  1750 D SystemServiceManagerProxy: start com.android.server.vibrator.VibratorManagerService$Lifecycle@331445
04-12 20:41:33.633695  1750  1750 D SystemServerTiming: StartDynamicSystemService
04-12 20:41:33.634220  1750  1750 D SystemServerTiming: StartConsumerIrService
04-12 20:41:33.635238  1750  1750 D SystemServerTiming: StartAlarmManagerService
04-12 20:41:33.635273  1750  1750 I MtkSystemServerImpl: startMtkAlarmManagerService
04-12 20:41:33.635575  1750  1750 I SystemServiceManager: Starting com.mediatek.server.MtkAlarmManagerService
04-12 20:41:33.639401  1750  1952 W UserWakeupStore: User wakeup file not available: /data/system/alarms/usersWithAlarmClocks.xml
04-12 20:41:33.640903  1750  1750 D SystemServiceManagerProxy: start com.mediatek.server.MtkAlarmManagerService@1ae0d84
04-12 20:41:33.640932  1750  1750 D SystemServerTiming: StartInputManagerService
04-12 20:41:33.640977  1750  1750 I SystemServiceManager: Starting com.android.server.input.InputManagerService$Lifecycle
04-12 20:41:33.653202  1750  1750 I InputManager: Initializing input manager, mUseDevInputEventForAudioJack=true
04-12 20:41:33.653909  1750  1750 D TranClassInfo: instance successfully. com.transsion.hubcore.server.input.TranInputManagerServiceImpl@4721dee from com.transsion.hubcore.server.input.ITranInputManagerService
04-12 20:41:33.657903  1750  1750 D TranClassInfo: instance successfully. com.transsion.stability.screenfreezedetect.TranScreenFreezeDetectImpl@dc9728f from com.transsion.hubcore.screenfreeze.ITranScreenFreezeDetectComponent
04-12 20:41:33.658544  1750  1750 D InputMonitorForTNE: initCloudEngine mCloudEngine = true
04-12 20:41:33.660095  1750  1750 D SystemServiceManagerProxy: start com.android.server.input.InputManagerService$Lifecycle@6662afa
04-12 20:41:33.660134  1750  1750 D SystemServerTiming: DeviceStateManagerService
04-12 20:41:33.660206  1750  1750 I SystemServiceManager: Starting com.android.server.devicestate.DeviceStateManagerService
04-12 20:41:33.660896  1750  1750 D TranClassInfo: instance successfully. com.transsion.hubcore.server.policy.TranDeviceStateProviderImplImpl@1f4a8ab from com.transsion.hubcore.server.policy.ITranDeviceStateProviderImpl
04-12 20:41:33.661451  1750  1750 D TranClassInfo: instance successfully. com.transsion.hubcore.hardware.TranSystemSensorManagerImpl@5bfcc6 from com.transsion.hubcore.hardware.ITranSystemSensorManager
04-12 20:41:33.661649  1750  1750 D HeartRateOximetryLiceFactory: HeartRateOximetryLice is supported
04-12 20:41:33.661848  1750  1750 D EngineManager: Core system process UID rule matched! Trust granted.
04-12 20:41:33.662995  1750  1750 E DeviceStateManagerService: Cannot notify device state info change before the initial state has been committed.
04-12 20:41:33.663404  1750  1750 I DeviceStateManagerService: Cannot notify device state info change when pending state is present.
04-12 20:41:33.665504  1750  1750 D SystemServiceManagerProxy: start com.android.server.devicestate.DeviceStateManagerService@9869595
04-12 20:41:33.665552  1750  1750 D SystemServerTiming: StartCameraServiceProxy
04-12 20:41:33.665619  1750  1750 I SystemServiceManager: Starting com.android.server.camera.CameraServiceProxy
04-12 20:41:33.669032  1750  1750 D TranClassInfo: instance successfully. com.transsion.camera.camserver.Implement.TranCamServerComponentImpl@2c65638 from com.transsion.hubcore.camserver.ITranCamServerComponent
04-12 20:41:33.669060  1750  1750 D TranClassInfo: instance successfully. com.transsion.hubcore.server.camera.TranCameraServiceProxyImpl@407f611 from com.transsion.hubcore.server.camera.ITranCameraServiceProxy
04-12 20:41:33.669692  1750  1750 D SystemServiceManagerProxy: start com.android.server.camera.CameraServiceProxy@c193a13
04-12 20:41:33.669724  1750  1750 D SystemServerTiming: StartWindowManagerService
04-12 20:41:33.669731  1750  1750 I SystemServiceManager: Starting phase 200
04-12 20:41:33.669735  1750  1750 D SystemServerTiming: OnBootPhase_200
04-12 20:41:33.669740  1750  1750 D SystemServerTiming: OnBootPhase_200_com.transsion.hubcore.server.TranBootstrapServiceManagerService
04-12 20:41:33.669747  1750  1750 D SystemServerTiming: OnBootPhase_200_com.android.server.security.FileIntegrityService
04-12 20:41:33.669751  1750  1750 D SystemServerTiming: OnBootPhase_200_com.android.server.pm.Installer
04-12 20:41:33.669754  1750  1750 D SystemServerTiming: OnBootPhase_200_com.android.server.os.DeviceIdentifiersPolicyService
04-12 20:41:33.669759  1750  1750 D SystemServerTiming: OnBootPhase_200_com.android.server.flags.FeatureFlagsService
04-12 20:41:33.669761  1750  1750 D SystemServerTiming: OnBootPhase_200_com.android.server.uri.UriGrantsManagerService$Lifecycle
04-12 20:41:33.669765  1750  1750 D SystemServerTiming: OnBootPhase_200_com.android.server.powerstats.PowerStatsService
04-12 20:41:33.669768  1750  1750 D SystemServerTiming: OnBootPhase_200_com.android.server.permission.access.AccessCheckingService
04-12 20:41:33.669772  1750  1750 D SystemServerTiming: OnBootPhase_200_com.android.server.wm.ActivityTaskManagerService$Lifecycle
04-12 20:41:33.669775  1750  1750 D SystemServerTiming: OnBootPhase_200_com.android.server.am.ActivityManagerService$Lifecycle
04-12 20:41:33.669778  1750  1750 D SystemServerTiming: OnBootPhase_200_com.android.server.pm.DataLoaderManagerService
04-12 20:41:33.669780  1750  1750 D SystemServerTiming: OnBootPhase_200_com.android.server.power.PowerManagerService
04-12 20:41:33.669792  1750  1750 D SystemServerTiming: OnBootPhase_200_com.android.server.power.ThermalManagerService
04-12 20:41:33.669796  1750  1750 D SystemServerTiming: OnBootPhase_200_com.android.server.recoverysystem.RecoverySystemService$Lifecycle
04-12 20:41:33.669800  1750  1750 D SystemServerTiming: OnBootPhase_200_com.android.server.lights.LightsService
04-12 20:41:33.669803  1750  1750 D SystemServerTiming: OnBootPhase_200_com.android.server.display.DisplayManagerService
04-12 20:41:33.669806  1750  1750 D SystemServerTiming: OnBootPhase_200_com.transsion.hubcore.server.TranServiceManagerService
04-12 20:41:33.669839  1750  1750 D SystemServerTiming: OnBootPhase_200_com.android.server.pm.verify.domain.DomainVerificationService
04-12 20:41:33.669855  1750  1750 D SystemServerTiming: OnBootPhase_200_com.android.server.pm.PackageInstallerService$Lifecycle
04-12 20:41:33.669875  1750  1750 D SystemServerTiming: OnBootPhase_200_com.android.server.pm.UserManagerService$LifeCycle
04-12 20:41:33.669883  1750  1750 D SystemServerTiming: OnBootPhase_200_com.android.server.om.OverlayManagerService
04-12 20:41:33.669887  1750  1750 D SystemServerTiming: OnBootPhase_200_com.android.server.resources.ResourcesManagerService
04-12 20:41:33.669890  1750  1750 D SystemServerTiming: OnBootPhase_200_com.android.server.sensorprivacy.SensorPrivacyService
04-12 20:41:33.669894  1750  1750 D SystemServerTiming: OnBootPhase_200_com.android.server.sensors.SensorService
04-12 20:41:33.669912  1750  1750 D SystemServerTiming: OnBootPhase_200_com.android.server.SystemConfigService
04-12 20:41:33.669922  1750  1750 D SystemServerTiming: OnBootPhase_200_com.android.server.BatteryService
04-12 20:41:33.669926  1750  1750 D SystemServerTiming: OnBootPhase_200_com.android.server.usage.UsageStatsService
04-12 20:41:33.669937  1750  1750 D SystemServerTiming: OnBootPhase_200_com.android.server.webkit.WebViewUpdateService
04-12 20:41:33.669944  1750  1750 D SystemServerTiming: OnBootPhase_200_com.android.server.CachedDeviceStateService
04-12 20:41:33.669956  1750  1750 D SystemServerTiming: OnBootPhase_200_com.android.server.BinderCallsStatsService$LifeCycle
04-12 20:41:33.669964  1750  1750 D SystemServerTiming: OnBootPhase_200_com.android.server.LooperStatsService$Lifecycle
04-12 20:41:33.669968  1750  1750 D SystemServerTiming: OnBootPhase_200_com.android.server.rollback.RollbackManagerService
04-12 20:41:33.669971  1750  1750 D SystemServerTiming: OnBootPhase_200_com.android.server.os.NativeTombstoneManagerService
04-12 20:41:33.669976  1750  1750 D SystemServerTiming: OnBootPhase_200_com.android.server.os.BugreportManagerService
04-12 20:41:33.669981  1750  1750 D SystemServerTiming: OnBootPhase_200_com.android.server.gpu.GpuService
04-12 20:41:33.669988  1750  1750 D SystemServerTiming: OnBootPhase_200_com.transsion.kolun.server.SmartSystemService
04-12 20:41:33.669991  1750  1750 D SystemServerTiming: OnBootPhase_200_com.android.server.security.rkp.RemoteProvisioningService
04-12 20:41:33.669994  1750  1750 D SystemServerTiming: OnBootPhase_200_com.android.server.cpu.CpuMonitorService
04-12 20:41:33.669999  1750  1750 D SystemServerTiming: OnBootPhase_200_com.android.server.security.KeyChainSystemService
04-12 20:41:33.670002  1750  1750 D SystemServerTiming: OnBootPhase_200_com.android.server.BinaryTransparencyService
04-12 20:41:33.670004  1750  1750 D SystemServerTiming: OnBootPhase_200_com.android.server.telecom.TelecomLoaderService
04-12 20:41:33.670008  1750  1750 D SystemServerTiming: OnBootPhase_200_com.android.server.accounts.AccountManagerService$Lifecycle
04-12 20:41:33.670013  1750  1750 D SystemServerTiming: OnBootPhase_200_com.android.server.content.ContentService$Lifecycle
04-12 20:41:33.670021  1750  1750 D SystemServerTiming: OnBootPhase_200_com.android.server.deviceconfig.DeviceConfigInit$Lifecycle
04-12 20:41:33.670024  1750  1750 D SystemServerTiming: OnBootPhase_200_com.android.server.DropBoxManagerService
04-12 20:41:33.670028  1750  1750 D SystemServerTiming: OnBootPhase_200_com.android.ecm.EnhancedConfirmationService
04-12 20:41:33.670030  1750  1750 D SystemServerTiming: OnBootPhase_200_com.android.server.power.hint.HintManagerService
04-12 20:41:33.670037  1750  1750 D SystemServerTiming: OnBootPhase_200_com.android.role.RoleService
04-12 20:41:33.670043  1750  1750 D SystemServerTiming: OnBootPhase_200_com.android.server.supervision.SupervisionService$Lifecycle
04-12 20:41:33.670046  1750  1750 D SystemServerTiming: OnBootPhase_200_com.android.server.vibrator.VibratorManagerService$Lifecycle
04-12 20:41:33.670049  1750  1750 D SystemServerTiming: OnBootPhase_200_com.mediatek.server.MtkAlarmManagerService
04-12 20:41:33.670052  1750  1750 D SystemServerTiming: OnBootPhase_200_com.android.server.input.InputManagerService$Lifecycle
04-12 20:41:33.670057  1750  1750 D SystemServerTiming: OnBootPhase_200_com.android.server.devicestate.DeviceStateManagerService
04-12 20:41:33.670063  1750  1750 D SystemServerTiming: OnBootPhase_200_com.android.server.camera.CameraServiceProxy
04-12 20:41:33.672767  1750  1750 I WindowManager: No existing display settings, starting empty
04-12 20:41:33.672902  1750  1750 I WindowManager: No existing display settings, starting empty
04-12 20:41:33.680961  1750  1943 D TranClassInfo: instance successfully. com.transsion.hubcore.server.wm.TranRootWindowContainerImpl@ef5c57c from com.transsion.hubcore.server.wm.ITranRootWindowContainer
04-12 20:41:33.688495  1750  1943 I CloudController: nameMap: splash_screen_snapshotcold_list
04-12 20:41:33.688700  1750  1943 I CloudController: nameMap: splash_exmpt_list
04-12 20:41:33.688845  1750  1943 I CloudController: nameMap: snapshot_exitdelay_list
04-12 20:41:33.690746  1750  1943 D TranClassInfo: instance successfully. com.transsion.hubcore.necessity.TranNecessityManagerImpl@d443636 from com.transsion.hubcore.necessity.ITranNecessityManager
