----- timezone:Asia/Shanghai
04-12 20:41:20.991690   586   586 I vold    : Vold 3.0 (the awakening) firing up
04-12 20:41:20.992893   586   586 D vold    : Detected support for: ext4 f2fs vfat
04-12 20:41:20.995622   586   586 D vold    : Initing Transsion Vold
04-12 20:41:20.995784   586   586 I vold    : [libfstab] Using Android DT directory /proc/device-tree/firmware/android/
04-12 20:41:20.996120   586   586 W vold    : [libfstab] Warning: unknown flag: resize
04-12 20:41:20.997687   586   586 D vold    : VoldNativeService::start() completed OK
04-12 20:41:21.003501   586   586 D vold    : VendorVoldNativeService::try_start() completed OK
04-12 20:41:21.231043   586   586 I vold    : Using AIDL version of IBootControl
04-12 20:41:21.248418   586   586 D vold    : fscrypt_mount_metadata_encrypted: /data encrypt: 0 format: 0 with null block device: /dev/block/by-name/userdata with zoned 0 length: 0
04-12 20:41:21.248512   586   586 D vold    : metadata_key_dir/key: /metadata/vold/metadata_encryption/key
04-12 20:41:21.248696   586   586 D vold    : Key exists, using: /metadata/vold/metadata_encryption/key
04-12 20:41:21.251618   652   652 I keystore2: system/security/keystore2/src/keystore2_main.rs:69 - Keystore2 is starting.
04-12 20:41:21.251712   652   652 I keystore2: system/security/keystore2/src/keystore2_main.rs:75 - Setting up sqlite logging for keystore2
04-12 20:41:21.252213   652   680 I keystore2: system/security/keystore2/src/maintenance.rs:316 - start monitoring 'apexd.status' property
04-12 20:41:21.252290   652   680 I keystore2: system/security/keystore2/src/maintenance.rs:321 - property 'apexd.status' is now 'Err(SystemPropertyAbsent)'
04-12 20:41:21.252299   652   680 I keystore2: system/security/keystore2/src/maintenance.rs:326 - await a change to 'apexd.status'...
04-12 20:41:21.252419   652   652 I keystore2: system/security/keystore2/src/keystore2_main.rs:163 - Starting thread pool now.
04-12 20:41:21.252459   652   681 I keystore2: system/security/keystore2/src/globals.rs:490 - monitoring for sys.boot_completed=1
04-12 20:41:21.253504   652   652 I keystore2: system/security/keystore2/src/globals.rs:298 - KeyMint device is current version (Some(300)) for security level: r#TRUSTED_ENVIRONMENT
04-12 20:41:21.253980   652   682 I keystore2: system/security/keystore2/src/shared_secret_negotiation.rs:48 - Shared secret negotiation concluded successfully.
04-12 20:41:21.254271   652   682 I keystore2: system/security/keystore2/src/shared_secret_negotiation.rs:290 - No StrongBox Keymint available, so no RoT transfer
04-12 20:41:21.255072   652   652 I keystore2: system/security/keystore2/src/keystore2_main.rs:218 - Successfully registered Keystore 2.0 service.
04-12 20:41:21.255082   652   652 I keystore2: system/security/keystore2/src/keystore2_main.rs:220 - Joining thread pool now.
04-12 20:41:21.256318   652   685 I keystore2: system/security/keystore2/src/security_level.rs:245 - caller pid=586, uid=0; force = true; key domain=r#BLOB, alias = None
04-12 20:41:21.257342   652   685 I keystore2: system/security/keystore2/src/security_level.rs:343 - upgrade_keyblob_if_required_with start
04-12 20:41:21.257690   652   685 I keystore2: system/security/keystore2/src/enforcements.rs:236 - finalize_create_authorization self.state=NoAuthRequired
04-12 20:41:21.257705   652   685 I keystore2: system/security/keystore2/src/security_level.rs:388 - upgrade_keyblob_if_required_with end; operation_db.create_operation start
04-12 20:41:21.257710   652   685 I keystore2: system/security/keystore2/src/security_level.rs:406 - operation_db.create_operation end
04-12 20:41:21.274928   586   586 D vold    : Mounting metadata-encrypted filesystem:/data
04-12 20:41:21.277140   586   586 I vold    : [libfs_mgr] f2fs_fsck_argv[5] =--no-kernel-check
04-12 20:41:21.277195   586   586 I vold    : [libfs_mgr] Running /system/bin/fsck.f2fs -a -c 10000 --debug-cache /dev/block/dm-79
04-12 20:41:21.385142   586   586 I vold    : [libfs_mgr] __mount(source=/dev/block/mapper/userdata,target=/data,type=f2fs)=0: Success
04-12 20:41:21.385512   586   586 D vold    : Mounted /data
04-12 20:41:21.400939   586   586 I Checkpoint: cp_prepareCheckpoint called
04-12 20:41:21.419307   586   586 I vold    : fscrypt_initialize_systemwide_keys
04-12 20:41:21.422763   586   586 D vold    : Key exists, using: /data/unencrypted/key
04-12 20:41:21.424365   652   685 I keystore2: system/security/keystore2/src/security_level.rs:245 - caller pid=586, uid=0; force = true; key domain=r#BLOB, alias = None
04-12 20:41:21.424431   652   685 I keystore2: system/security/keystore2/src/security_level.rs:343 - upgrade_keyblob_if_required_with start
04-12 20:41:21.424787   652   685 I keystore2: system/security/keystore2/src/enforcements.rs:236 - finalize_create_authorization self.state=NoAuthRequired
04-12 20:41:21.424803   652   685 I keystore2: system/security/keystore2/src/security_level.rs:388 - upgrade_keyblob_if_required_with end; operation_db.create_operation start
04-12 20:41:21.424810   652   685 I keystore2: system/security/keystore2/src/security_level.rs:406 - operation_db.create_operation end
04-12 20:41:21.429545   586   586 D vold    : Installed fscrypt key with ref 59dcb8b08499269c968fd9d859231faa to /data
04-12 20:41:21.432995   586   586 I vold    : Wrote system DE key reference to:/data/unencrypted/ref
04-12 20:41:21.434067   586   586 D vold    : Generating standard storage key
04-12 20:41:21.437761   586   586 D vold    : Installed fscrypt key with ref b818ba90909069cdc73e536d51fafaf8 to /data
04-12 20:41:21.440466   586   586 I vold    : Wrote per boot key reference to:/data/unencrypted/per_boot_ref
04-12 20:41:21.460966   586   586 I incfs   : Initial API level of the device: 36
04-12 20:41:21.461061   586   586 I incfs   : ro.incremental.enable: yes
04-12 20:41:21.461119   586   586 I incfs   : isFsAvailable: true
04-12 20:41:21.461163   586   586 I incfs   : isFsAvailable: true
04-12 20:41:21.461433   586   586 I incfs   : IncFs_Features: v2
04-12 20:41:21.461752   652   652 I keystore2: system/security/keystore2/src/maintenance.rs:635 - earlyBootEnded()
04-12 20:41:21.462074   652   652 I keystore2: system/security/keystore2/src/maintenance.rs:256 - In early_boot_ended.
04-12 20:41:21.462266   652   652 I keystore2: system/security/keystore2/src/maintenance.rs:260 - keystore db inde=26
04-12 20:41:21.462304   652   652 E keystore2: system/security/keystore2/src/database.rs:1053 - ==backup_db start==
04-12 20:41:21.462371   652   652 I keystore2: system/security/keystore2/src/database.rs:1236 - is_backup_support str="1"
04-12 20:41:21.462575   652   652 E keystore2: system/security/keystore2/src/database.rs:1098 - ==backup_db222 end==
04-12 20:41:21.462671   652   652 E keystore2: system/security/keystore2/src/database.rs:1529 -  in make_connection-start
04-12 20:41:21.462796   652   701 E keystore2: system/security/keystore2/src/database.rs:1529 -  in make_connection-start
04-12 20:41:21.464050   652   652 I keystore2: system/security/keystore2/src/globals.rs:85 - Touching Keystore 2.0 database for this first time since boot.
04-12 20:41:21.464067   652   652 I keystore2: system/security/keystore2/src/globals.rs:86 - Calling cleanup leftovers.
04-12 20:41:21.464358   652   652 I keystore2: system/security/keystore2/src/boot_level_keys.rs:57 - ro.keystore.boot_level_key.strategy not set, inferring from installed KM instances
04-12 20:41:21.464380   652   652 I keystore2: system/security/keystore2/src/boot_level_keys.rs:115 - In get_level_zero_key: security_level=r#TRUSTED_ENVIRONMENT, deny_later_strategy=EarlyBootOnly
04-12 20:41:21.468356   652   701 I keystore2: system/security/keystore2/src/gc.rs:147 - skip GC as boot not completed
04-12 20:41:21.468764   652   652 I keystore2: system/security/keystore2/src/super_key.rs:305 - Starting boot level watcher.
04-12 20:41:21.468987   652   702 I keystore2: system/security/keystore2/src/super_key.rs:337 - Read keystore.boot_level value 30
04-12 20:41:21.469071   652   652 I keystore2: system/security/keystore2/src/maintenance.rs:227 - Call to earlyBootEnded succeeded for security level TRUSTED_ENVIRONMENT.
04-12 20:41:21.469115   652   702 I keystore2: system/security/keystore2/src/super_key.rs:337 - Read keystore.boot_level value 30
04-12 20:41:21.469332   652   652 I keystore2: system/security/keystore2/src/maintenance.rs:237 - Call to earlyBootEnded failed for StrongBox as it is not available
04-12 20:41:21.499114   652   680 I keystore2: system/security/keystore2/src/maintenance.rs:328 - await a change to 'apexd.status'...notified
04-12 20:41:21.499131   652   680 I keystore2: system/security/keystore2/src/maintenance.rs:321 - property 'apexd.status' is now 'Ok("")'
04-12 20:41:21.499133   652   680 I keystore2: system/security/keystore2/src/maintenance.rs:326 - await a change to 'apexd.status'...
04-12 20:41:21.638277   652   680 I keystore2: system/security/keystore2/src/maintenance.rs:328 - await a change to 'apexd.status'...notified
04-12 20:41:21.638294   652   680 I keystore2: system/security/keystore2/src/maintenance.rs:321 - property 'apexd.status' is now 'Ok("starting")'
04-12 20:41:21.638297   652   680 I keystore2: system/security/keystore2/src/maintenance.rs:326 - await a change to 'apexd.status'...
04-12 20:41:22.264204   652   680 I keystore2: system/security/keystore2/src/maintenance.rs:328 - await a change to 'apexd.status'...notified
04-12 20:41:22.264221   652   680 I keystore2: system/security/keystore2/src/maintenance.rs:321 - property 'apexd.status' is now 'Ok("activated")'
04-12 20:41:22.266984   652   680 I keystore2: system/security/keystore2/src/maintenance.rs:365 - apex modules += com.android.adbd version 361153600
04-12 20:41:22.266998   652   680 I keystore2: system/security/keystore2/src/maintenance.rs:365 - apex modules += com.android.adservices version 361153320
04-12 20:41:22.267001   652   680 I keystore2: system/security/keystore2/src/maintenance.rs:365 - apex modules += com.android.apex.cts.shim version 1
04-12 20:41:22.267004   652   680 I keystore2: system/security/keystore2/src/maintenance.rs:365 - apex modules += com.android.appsearch version 361421180
04-12 20:41:22.267006   652   680 I keystore2: system/security/keystore2/src/maintenance.rs:365 - apex modules += com.android.art version 361400140
04-12 20:41:22.267009   652   680 I keystore2: system/security/keystore2/src/maintenance.rs:365 - apex modules += com.android.bt version 360499999
04-12 20:41:22.267011   652   680 I keystore2: system/security/keystore2/src/maintenance.rs:365 - apex modules += com.android.cellbroadcast version 361418000
04-12 20:41:22.267012   652   680 I keystore2: system/security/keystore2/src/maintenance.rs:365 - apex modules += com.android.compos version 3
04-12 20:41:22.267014   652   680 I keystore2: system/security/keystore2/src/maintenance.rs:365 - apex modules += com.android.configinfrastructure version 361153320
04-12 20:41:22.267016   652   680 I keystore2: system/security/keystore2/src/maintenance.rs:365 - apex modules += com.android.conscrypt version 361331360
04-12 20:41:22.267018   652   680 I keystore2: system/security/keystore2/src/maintenance.rs:365 - apex modules += com.android.crashrecovery version 361153320
04-12 20:41:22.267020   652   680 I keystore2: system/security/keystore2/src/maintenance.rs:365 - apex modules += com.android.devicelock version 343201000
04-12 20:41:22.267022   652   680 I keystore2: system/security/keystore2/src/maintenance.rs:365 - apex modules += com.android.extservices version 361153323
04-12 20:41:22.267023   652   680 I keystore2: system/security/keystore2/src/maintenance.rs:365 - apex modules += com.android.hardware.cas version 1
04-12 20:41:22.267025   652   680 I keystore2: system/security/keystore2/src/maintenance.rs:365 - apex modules += com.android.healthfitness version 361420700
04-12 20:41:22.267028   652   680 I keystore2: system/security/keystore2/src/maintenance.rs:365 - apex modules += com.android.i18n version 1
04-12 20:41:22.267030   652   680 I keystore2: system/security/keystore2/src/maintenance.rs:365 - apex modules += com.android.ipsec version 361153320
04-12 20:41:22.267031   652   680 I keystore2: system/security/keystore2/src/maintenance.rs:365 - apex modules += com.android.media version 361153320
04-12 20:41:22.267033   652   680 I keystore2: system/security/keystore2/src/maintenance.rs:365 - apex modules += com.android.media.swcodec version 361153320
04-12 20:41:22.267035   652   680 I keystore2: system/security/keystore2/src/maintenance.rs:365 - apex modules += com.android.mediaprovider version 361420620
04-12 20:41:22.267036   652   680 I keystore2: system/security/keystore2/src/maintenance.rs:365 - apex modules += com.android.neuralnetworks version 361153320
04-12 20:41:22.267039   652   680 I keystore2: system/security/keystore2/src/maintenance.rs:365 - apex modules += com.android.nfcservices version 360499999
04-12 20:41:22.267041   652   680 I keystore2: system/security/keystore2/src/maintenance.rs:365 - apex modules += com.android.ondevicepersonalization version 361153320
04-12 20:41:22.267044   652   680 I keystore2: system/security/keystore2/src/maintenance.rs:365 - apex modules += com.android.os.statsd version 361420820
04-12 20:41:22.267046   652   680 I keystore2: system/security/keystore2/src/maintenance.rs:365 - apex modules += com.android.permission version 361420000
04-12 20:41:22.267047   652   680 I keystore2: system/security/keystore2/src/maintenance.rs:365 - apex modules += com.android.profiling version 361153680
04-12 20:41:22.267049   652   680 I keystore2: system/security/keystore2/src/maintenance.rs:365 - apex modules += com.android.resolv version 361418000
04-12 20:41:22.267052   652   680 I keystore2: system/security/keystore2/src/maintenance.rs:365 - apex modules += com.android.rkpd version 361420380
04-12 20:41:22.267054   652   680 I keystore2: system/security/keystore2/src/maintenance.rs:365 - apex modules += com.android.runtime version 1
04-12 20:41:22.267056   652   680 I keystore2: system/security/keystore2/src/maintenance.rs:365 - apex modules += com.android.scheduling version 361153320
04-12 20:41:22.267057   652   680 I keystore2: system/security/keystore2/src/maintenance.rs:365 - apex modules += com.android.sdkext version 361418240
04-12 20:41:22.267059   652   680 I keystore2: system/security/keystore2/src/maintenance.rs:365 - apex modules += com.android.tethering version 361420760
04-12 20:41:22.267061   652   680 I keystore2: system/security/keystore2/src/maintenance.rs:365 - apex modules += com.android.tzdata version 361157000
04-12 20:41:22.267063   652   680 I keystore2: system/security/keystore2/src/maintenance.rs:365 - apex modules += com.android.uprobestats version 361153320
04-12 20:41:22.267065   652   680 I keystore2: system/security/keystore2/src/maintenance.rs:365 - apex modules += com.android.uwb version 361420720
04-12 20:41:22.267067   652   680 I keystore2: system/security/keystore2/src/maintenance.rs:365 - apex modules += com.android.virt version 3
04-12 20:41:22.267068   652   680 I keystore2: system/security/keystore2/src/maintenance.rs:365 - apex modules += com.android.vndk.v31 version 1
04-12 20:41:22.267070   652   680 I keystore2: system/security/keystore2/src/maintenance.rs:365 - apex modules += com.android.vndk.v33 version 1
04-12 20:41:22.267072   652   680 I keystore2: system/security/keystore2/src/maintenance.rs:365 - apex modules += com.android.vndk.v34 version 1
04-12 20:41:22.267074   652   680 I keystore2: system/security/keystore2/src/maintenance.rs:365 - apex modules += com.android.wifi version 361418220
04-12 20:41:22.267075   652   680 I keystore2: system/security/keystore2/src/maintenance.rs:365 - apex modules += com.google.android.widevine version 190250627
04-12 20:41:22.267077   652   680 I keystore2: system/security/keystore2/src/maintenance.rs:365 - apex modules += com.scorpio.sc.core version 1
04-12 20:41:22.267079   652   680 I keystore2: system/security/keystore2/src/maintenance.rs:365 - apex modules += com.transsion.connectivity version 340101005
04-12 20:41:22.267081   652   680 I keystore2: system/security/keystore2/src/maintenance.rs:365 - apex modules += com.transsion.kolun version 10000001
04-12 20:41:22.267083   652   680 I keystore2: system/security/keystore2/src/maintenance.rs:365 - apex modules += com.transsion.mi.os.framework version 340000002
04-12 20:41:22.267085   652   680 I keystore2: system/security/keystore2/src/maintenance.rs:365 - apex modules += com.transsion.phone version 340002300
04-12 20:41:22.267086   652   680 I keystore2: system/security/keystore2/src/maintenance.rs:365 - apex modules += com.transsion.thub.core version 360102001
04-12 20:41:22.267097   652   680 I keystore2: system/security/keystore2/src/maintenance.rs:540 - set_module_info with 47 modules
04-12 20:41:22.267127   652   680 I keystore2: system/security/keystore2/src/maintenance.rs:202 - skipping setAdditionalAttestationInfo for r#TRUSTED_ENVIRONMENT since its keymint version 300 is less than the minimum required version 400
04-12 20:41:22.267132   652   680 I keystore2: system/security/keystore2/src/maintenance.rs:227 - Call to setAdditionalAttestationInfo succeeded for security level TRUSTED_ENVIRONMENT.
04-12 20:41:22.267381   652   680 I keystore2: system/security/keystore2/src/maintenance.rs:237 - Call to setAdditionalAttestationInfo failed for StrongBox as it is not available
04-12 20:41:22.417783   586   586 D vold    : fscrypt_init_user0
04-12 20:41:22.417835   586   586 D vold    : Preparing: /data/misc/vold/user_keys
04-12 20:41:22.425407   586   586 D vold    : Preparing: /data/misc/vold/user_keys/ce
04-12 20:41:22.425939   586   586 D vold    : Preparing: /data/misc/vold/user_keys/de
04-12 20:41:22.428031   652   652 I keystore2: system/security/keystore2/src/security_level.rs:245 - caller pid=586, uid=0; force = true; key domain=r#BLOB, alias = None
04-12 20:41:22.428074   652   652 I keystore2: system/security/keystore2/src/security_level.rs:343 - upgrade_keyblob_if_required_with start
04-12 20:41:22.428363   652   652 I keystore2: system/security/keystore2/src/enforcements.rs:236 - finalize_create_authorization self.state=NoAuthRequired
04-12 20:41:22.428376   652   652 I keystore2: system/security/keystore2/src/security_level.rs:388 - upgrade_keyblob_if_required_with end; operation_db.create_operation start
04-12 20:41:22.428378   652   652 I keystore2: system/security/keystore2/src/security_level.rs:406 - operation_db.create_operation end
04-12 20:41:22.429410   586   586 D vold    : Installed fscrypt key with ref d844fd290b970402a35ef6c5fd2c8d5e to /data
04-12 20:41:22.429442   586   586 D vold    : Installed de key for user 0
04-12 20:41:22.429614   586   586 D vold    : Preparing: /data/data
04-12 20:41:22.430415   586   586 D vold    : Preparing: /data/user/0
04-12 20:41:22.430704   586   586 D vold    : Preparing: /data/media/obb
04-12 20:41:22.430838   586   586 D vold    : Preparing: /data/vendor_de/meta
04-12 20:41:22.431011   586   586 D vold    : fscrypt_prepare_user_storage for volume null, user 0, flags 1
04-12 20:41:22.431031   586   586 D vold    : Preparing: /data/system/users/0
04-12 20:41:22.431539   586   586 D vold    : Preparing: /data/misc/profiles/cur/0
04-12 20:41:22.432030   586   586 D vold    : Preparing: /data/system_de/0
04-12 20:41:22.432250   586   586 I vold    : Verified that /data/system_de/0 has the encryption policy d844fd290b970402a35ef6c5fd2c8d5e v2 modes 1/4 flags 0xa
04-12 20:41:22.432403   586   586 D vold    : Preparing: /data/vendor_de/0
04-12 20:41:22.432584   586   586 I vold    : Verified that /data/vendor_de/0 has the encryption policy d844fd290b970402a35ef6c5fd2c8d5e v2 modes 1/4 flags 0xa
04-12 20:41:22.432740   586   586 D vold    : Preparing: /data/misc_de/0
04-12 20:41:22.432876   586   586 I vold    : Verified that /data/misc_de/0 has the encryption policy d844fd290b970402a35ef6c5fd2c8d5e v2 modes 1/4 flags 0xa
04-12 20:41:22.432989   586   586 D vold    : Preparing: /data/user_de/0
04-12 20:41:22.433126   586   586 I vold    : Verified that /data/user_de/0 has the encryption policy d844fd290b970402a35ef6c5fd2c8d5e v2 modes 1/4 flags 0xa
04-12 20:41:22.433159   586   586 D vold    : /system/bin/vold_prepare_subdirs
04-12 20:41:22.433165   586   586 D vold    :     prepare
04-12 20:41:22.433169   586   586 D vold    :     
04-12 20:41:22.433172   586   586 D vold    :     0
04-12 20:41:22.433175   586   586 D vold    :     1
04-12 20:41:22.433872   586   586 I vold    : Set 15s timeout
04-12 20:41:22.461767   586   586 I vold    : Fgets log from vold's child_pid 865 by using legency start:
04-12 20:41:22.461819   586   586 I vold    : Finish get from pipe
04-12 20:41:22.527767   874   874 I odsign  : Trying to retrieve existing HMAC key...
04-12 20:41:22.528189   874   874 I odsign  : Trying to retrieve existing keystore key...
04-12 20:41:22.529682   652   652 I keystore2: system/security/keystore2/src/security_level.rs:245 - caller pid=874, uid=0; force = false; key domain=r#SELINUX, alias = Some("ondevice-signing-hmac")
04-12 20:41:22.529981   652   652 I keystore2: system/security/keystore2/src/security_level.rs:343 - upgrade_keyblob_if_required_with start
04-12 20:41:22.533465   652   652 I keystore2: system/security/keystore2/src/enforcements.rs:236 - finalize_create_authorization self.state=NoAuthRequired
04-12 20:41:22.533472   652   652 I keystore2: system/security/keystore2/src/security_level.rs:388 - upgrade_keyblob_if_required_with end; operation_db.create_operation start
04-12 20:41:22.533475   652   652 I keystore2: system/security/keystore2/src/security_level.rs:406 - operation_db.create_operation end
04-12 20:41:22.536745   874   874 I odsign  : Verified public key signature.
04-12 20:41:22.536761   874   874 I odsign  : Initialized Keystore key.
04-12 20:41:22.538306   874   874 I odsign  : Found and verified existing public key certificate: /data/misc/odsign/key.cert
04-12 20:41:22.582406   876   876 I odrefresh: ART APEX version 361400140
04-12 20:41:22.658209   876   876 I odrefresh: Boot images on /system OK (arm64)
04-12 20:41:22.750820   876   876 I odrefresh: system_server artifacts on /system OK
04-12 20:41:22.756108   874   874 I odsign  : /data/misc/odsign/odsign.info.signature matches.
04-12 20:41:22.756171   874   874 I odsign  : Loaded /data/misc/odsign/odsign.info
04-12 20:41:22.756623   874   874 I odsign  : All root hashes match.
04-12 20:41:22.756637   874   874 I odsign  : odrefresh said artifacts are VALID
04-12 20:41:22.756640   874   874 I odsign  : On-device signing done.
04-12 20:41:22.756847   652   702 I keystore2: system/security/keystore2/src/super_key.rs:342 - keystore.boot_level 1000000000 hits maximum 1000000000, finishing.
04-12 20:41:29.482222  1247  1247 I gsid    : no DSU: No such file or directory
04-12 20:41:29.753575  1364  1364 I installd: installd firing up
04-12 20:41:29.785606  1392  1392 I wificond: wificond is starting up...
04-12 20:41:29.793508  1392  1392 W HidlServiceManagement: hwservicemanager is not supported on the device.
04-12 20:41:29.793527  1392  1392 I HidlServiceManagement: Trying to get transport of android.system.wifi.keystore@1.0::IKeystore/default without hwservicemanager
04-12 20:41:29.793534  1392  1392 E HidlServiceManagement: Service android.system.wifi.keystore@1.0::IKeystore/default must be in VINTF manifest in order to register/get.
04-12 20:41:29.793552  1392  1392 I wificond: Did not register wifi keystore HIDL HAL service: -2147483648
04-12 20:41:30.209748  1091  1091 D TranDynamicFeatureSwitch: mCurrentVersion = 1.0
04-12 20:41:30.209857  1091  1091 D TranDynamicFeatureSwitch: parse: tranFeatureToggle => TranFeatureToggle{mFeatureName='iconcrop', mFeatureList={com.transsion.hubcore.iconcrop.ITranNonAdaptiveIconExt=com.transsion.hubcore.iconcrop.TranNonAdaptiveIconExtImpl}, mStatus=true}
04-12 20:41:30.209866  1091  1091 D TranDynamicFeatureSwitch: parse: tranFeatureToggle => TranFeatureToggle{mFeatureName='finance', mFeatureList={com.transsion.hubcore.finance.ITranFinanceComponent=com.transsion.hubcore.finance.TranFinanceComponentImpl, com.transsion.hubcore.finance.ITranFinancePJComponent=com.transsion.hubcore.finance.payjoy.TranPJComponentImpl}, mStatus=true}
04-12 20:41:30.211363  1091  1091 D TranClassInfo: instance successfully. com.transsion.hubcore.app.TranActivityOptionsImpl@ed2254f from com.transsion.hubcore.server.app.ITranActivityOptions
04-12 20:41:30.239122  1091  1091 D TranClassInfo: instance successfully. com.transsion.hubcore.graphics.TranGraphicImpl@808f912 from com.transsion.hubcore.graphics.ITranGraphic
04-12 20:41:30.243659  1091  1091 D TranClassInfo: instance successfully. com.transsion.common.thubutils.TranConfigs@a0f7999 from com.transsion.hubsdk.thubutils.ITranConfigs
04-12 20:41:30.243926  1091  1091 I TranConfigs: getConfigs: file path is : /tranfs/etc/vconfig/typeface/fonts_customization.xml
04-12 20:41:30.244047  1091  1091 I TranConfigs: getConfigs: file path is : /tr_company/etc/vconfig/typeface/fonts_customization.xml
04-12 20:41:30.244118  1091  1091 I TranConfigs: getConfigs: file path is : /tr_carrier/etc/vconfig/typeface/fonts_customization.xml
04-12 20:41:30.244171  1091  1091 I TranConfigs: getConfigs: file path is : /tr_region/etc/vconfig/typeface/fonts_customization.xml
04-12 20:41:30.244445  1091  1091 I TranConfigs: getConfigs: file path is : /tr_product/etc/vconfig/typeface/fonts_customization.xml
04-12 20:41:30.244794  1091  1091 I TranConfigs: getConfigs: file path is : /system_ext/etc/vconfig/typeface/fonts_customization.xml
04-12 20:41:30.244889  1091  1091 E TranConfigs: getConfigs: not found path: typeface/fonts_customization.xml
04-12 20:41:30.296124  1569  1624 I BootAnimation: boot-tranDefaultRotation: -1
04-12 20:41:30.424501  1091  1091 D TranClassInfo: instance successfully. com.transsion.hubcore.app.TranWindowConfigurationImpl@2edb3f0 from com.transsion.hubcore.server.app.ITranWindowConfiguration
04-12 20:41:30.428070  1091  1091 D TranClassInfo: instance successfully. com.transsion.display.displaycompatible.core.TranDisplayCompatibleComponentImpl@37943ee from com.transsion.hubcore.displaycompatible.ITranDisplayCompatibleComponent
04-12 20:41:30.468226  1091  1091 D TranClassInfo: instance successfully. com.transsion.hubcore.content.res.TranAssetManagerImpl@54b5023 from com.transsion.hubcore.content.res.ITranAssetManager
04-12 20:41:30.632992  1091  1091 D TranClassInfo: instance successfully. com.transsion.hubcore.content.om.TranOverlayConfigImpl@a1b02d9 from com.transsion.hubcore.content.om.ITranOverlayConfig
04-12 20:41:30.660210  1091  1091 V Configuration: Updating configuration, locales updated from [] to [zh_CN_#Hans]
04-12 20:41:30.660700  1091  1091 D TranClassInfo: instance successfully. com.transsion.hubcore.app.TranActivityThreadImpl@4ca3c26 from com.transsion.hubcore.app.ITranActivityThread
04-12 20:41:31.176536  1750  1750 D TranClassInfo: instance successfully. com.transsion.performance.aegean.TranAegeanComponentImpl@e5e740 from com.transsion.hubcore.aegean.ITranAegeanComponent
04-12 20:41:31.176682  1750  1750 D TranDynamicFeatureSwitch: status = true
04-12 20:41:31.182339  1750  1750 I TranFinanceComponentImpl: init version=35.0.2.1
04-12 20:41:31.182478  1750  1750 I TranFinanceMgr: FinancialManager init : mVersion = 1, mSupportFlag = 0
04-12 20:41:31.182818  1750  1750 D TranClassInfo: instance successfully. com.transsion.security.finance.TranFinanceComponentImpl@ee2376c from com.transsion.hubcore.finance.ITranFinanceComponent
04-12 20:41:31.184568  1750  1750 W TranClassInfo: instance failed. com.transsion.hubcore.spdopts.trancpufreqtime.implement.TranCpuPowerReporterComponentImpl from com.transsion.hubcore.trancpufreqtime.ITranCpuPowerReporterComponent
04-12 20:41:31.184568  1750  1750 W TranClassInfo: java.lang.ClassNotFoundException: com.transsion.hubcore.spdopts.trancpufreqtime.implement.TranCpuPowerReporterComponentImpl
04-12 20:41:31.184568  1750  1750 W TranClassInfo: 	at java.lang.Class.classForName(Native Method)
04-12 20:41:31.184568  1750  1750 W TranClassInfo: 	at java.lang.Class.forName(Class.java:591)
04-12 20:41:31.184568  1750  1750 W TranClassInfo: 	at com.transsion.hubcore.utils.TranClassInfo.getImpl(TranClassInfo.java:124)
04-12 20:41:31.184568  1750  1750 W TranClassInfo: 	at com.transsion.hubcore.trancpufreqtime.ITranCpuPowerReporterComponent.Instance(ITranCpuPowerReporterComponent.java:25)
04-12 20:41:31.184568  1750  1750 W TranClassInfo: 	at com.transsion.hubcore.server.TranSystemServerImpl.<init>(TranSystemServerImpl.java:93)
04-12 20:41:31.184568  1750  1750 W TranClassInfo: 	at java.lang.reflect.Constructor.newInstance0(Native Method)
04-12 20:41:31.184568  1750  1750 W TranClassInfo: 	at java.lang.reflect.Constructor.newInstance(Constructor.java:343)
04-12 20:41:31.184568  1750  1750 W TranClassInfo: 	at com.transsion.hubcore.utils.TranClassInfo.getImpl(TranClassInfo.java:76)
04-12 20:41:31.184568  1750  1750 W TranClassInfo: 	at com.transsion.hubcore.server.ITranSystemServer.Instance(ITranSystemServer.java:35)
04-12 20:41:31.184568  1750  1750 W TranClassInfo: 	at com.android.server.SystemServer.<init>(SystemServer.java:778)
04-12 20:41:31.184568  1750  1750 W TranClassInfo: 	at com.android.server.SystemServer.main(SystemServer.java:761)
04-12 20:41:31.184568  1750  1750 W TranClassInfo: 	at java.lang.reflect.Method.invoke(Native Method)
04-12 20:41:31.184568  1750  1750 W TranClassInfo: 	at com.android.internal.os.RuntimeInit$MethodAndArgsCaller.run(RuntimeInit.java:629)
04-12 20:41:31.184568  1750  1750 W TranClassInfo: 	at com.android.internal.os.ZygoteInit.main(ZygoteInit.java:1002)
04-12 20:41:31.184568  1750  1750 W TranClassInfo: Caused by: java.lang.ClassNotFoundException: com.transsion.hubcore.spdopts.trancpufreqtime.implement.TranCpuPowerReporterComponentImpl
04-12 20:41:31.184568  1750  1750 W TranClassInfo: 	... 14 more
04-12 20:41:31.184782  1750  1750 D TranClassInfo: using com.transsion.hubcore.trancpufreqtime.ITranCpuPowerReporterComponent$1@d64a73b instead of [com.transsion.hubcore.spdopts.trancpufreqtime.implement.TranCpuPowerReporterComponentImpl] from com.transsion.hubcore.trancpufreqtime.ITranCpuPowerReporterComponent
04-12 20:41:31.184803  1750  1750 D TranClassInfo: instance successfully. com.transsion.hubcore.server.TranSystemServerImpl@1715e58 from com.transsion.hubcore.server.ITranSystemServer
04-12 20:41:31.185692  1750  1750 D SystemServerTiming: InitBeforeStartServices
04-12 20:41:31.187547  1750  1750 I SystemServer: Entered the Android system server!
04-12 20:41:31.223731  1750  1750 I SystemServerInitThreadPool: Creating instance with 8 threads
04-12 20:41:31.223822  1750  1750 I SystemServer: Reading configuration...
04-12 20:41:31.223835  1750  1750 D SystemServerTiming: ReadingSystemConfig
04-12 20:41:31.224115  1750  1901 D SystemServerTimingAsync: InitThreadPoolExec:ReadingSystemConfig
04-12 20:41:31.224140  1750  1901 D SystemServerInitThreadPool: Started executing ReadingSystemConfig
04-12 20:41:31.224864  1750  1901 I SystemConfig: Reading permissions from /system/etc/sysconfig/com.google.android.mainline.patchlevel.2.xml
04-12 20:41:31.225166  1750  1901 I SystemConfig: Reading permissions from /system/etc/sysconfig/enhanced-confirmation.xml
04-12 20:41:31.225460  1750  1901 I SystemConfig: Reading permissions from /system/etc/sysconfig/framework-sysconfig.xml
04-12 20:41:31.226509  1750  1901 I SystemConfig: Reading permissions from /system/etc/sysconfig/google-hiddenapi-package-allowlist.xml
04-12 20:41:31.226863  1750  1901 I SystemConfig: Reading permissions from /system/etc/sysconfig/hiddenapi-package-whitelist.xml
04-12 20:41:31.227094  1750  1901 I SystemConfig: Reading permissions from /system/etc/sysconfig/initial-package-stopped-states.xml
04-12 20:41:31.227400  1750  1901 I SystemConfig: Reading permissions from /system/etc/sysconfig/package-shareduid-allowlist.xml
04-12 20:41:31.228083  1750  1901 I SystemConfig: Reading permissions from /system/etc/sysconfig/preinstalled-packages-asl-files.xml
04-12 20:41:31.228568  1750  1901 I SystemConfig: Reading permissions from /system/etc/sysconfig/preinstalled-packages-com.google.android.providers.media.module.xml
04-12 20:41:31.229055  1750  1901 I SystemConfig: Reading permissions from /system/etc/sysconfig/preinstalled-packages-platform-handheld-system.xml
04-12 20:41:31.229484  1750  1901 I SystemConfig: Reading permissions from /system/etc/sysconfig/preinstalled-packages-platform.xml
04-12 20:41:31.230147  1750  1901 I SystemConfig: Reading permissions from /system/etc/sysconfig/preinstalled-packages-strict-signature.xml
04-12 20:41:31.230648  1750  1901 I SystemConfig: Reading permissions from /system/etc/permissions/GoogleDocumentsUI_permissions.xml
04-12 20:41:31.231013  1750  1901 D TranClassInfo: instance successfully. com.transsion.hubcore.server.pm.trpartition.TranPartitionManagerImpl@dc27346 from com.transsion.hubcore.server.pm.trpartition.ITranPartitionManager
04-12 20:41:31.231351  1750  1901 D TranClassInfo: instance successfully. com.transsion.updates.trpartition.TranPartitionManagerComponentImpl@90e9907 from com.transsion.hubcore.trpartition.ITranPartitionManagerComponent
04-12 20:41:31.232704  1750  1901 I SystemConfig: Reading permissions from /system/etc/permissions/GoogleNetworkStack_permissions.xml
04-12 20:41:31.233113  1750  1901 I SystemConfig: Reading permissions from /system/etc/permissions/android.software.live_wallpaper.xml
04-12 20:41:31.234455  1750  1901 I SystemConfig: Reading permissions from /system/etc/permissions/android.software.webview.xml
04-12 20:41:31.234578  1750  1901 I SystemConfig: Reading permissions from /system/etc/permissions/android.software.window_magnification.xml
04-12 20:41:31.235170  1750  1901 I SystemConfig: Reading permissions from /system/etc/permissions/android.test.base.xml
04-12 20:41:31.235374  1750  1901 I SystemConfig: Reading permissions from /system/etc/permissions/android.test.mock.xml
04-12 20:41:31.235507  1750  1901 I SystemConfig: Reading permissions from /system/etc/permissions/android.test.runner.xml
04-12 20:41:31.235632  1750  1901 I SystemConfig: Reading permissions from /system/etc/permissions/com.android.future.usb.accessory.xml
04-12 20:41:31.236141  1750  1901 I SystemConfig: Reading permissions from /system/etc/permissions/com.android.intentresolver.xml
04-12 20:41:31.236419  1750  1901 I SystemConfig: Reading permissions from /system/etc/permissions/com.android.location.provider.xml
04-12 20:41:31.236530  1750  1901 I SystemConfig: Reading permissions from /system/etc/permissions/com.android.media.remotedisplay.xml
04-12 20:41:31.236636  1750  1901 I SystemConfig: Reading permissions from /system/etc/permissions/com.android.mediadrm.signer.xml
04-12 20:41:31.237985  1750  1901 I SystemConfig: Reading permissions from /system/etc/permissions/com.android.nfc_extras.xml
04-12 20:41:31.238393  1750  1901 I SystemConfig: Reading permissions from /system/etc/permissions/javax.obex.xml
04-12 20:41:31.238895  1750  1901 I SystemConfig: Reading permissions from /system/etc/permissions/org.apache.http.legacy.xml
04-12 20:41:31.239100  1750  1901 I SystemConfig: Reading permissions from /system/etc/permissions/privapp-permissions-google-system.xml
04-12 20:41:31.239655  1750  1901 I SystemConfig: Reading permissions from /system/etc/permissions/privapp-permissions-mediatek.xml
04-12 20:41:31.244380  1750  1901 I SystemConfig: Reading permissions from /system/etc/permissions/privapp-permissions-platform.xml
04-12 20:41:31.249646  1750  1901 I SystemConfig: Reading permissions from /system/etc/permissions/platform.xml
04-12 20:41:31.250733  1750  1901 I AconfigFlags: Using new flag storage
04-12 20:41:31.251583  1750  1901 W SystemConfig: Tag system-user-whitelisted-app is unknown in /system/etc/permissions/platform.xml at START_TAG (empty) <system-user-whitelisted-app package='com.transsion.tranvoicecommand'>@392:77 in java.io.FileReader@99f9693
04-12 20:41:31.252015  1750  1901 I SystemConfig: Reading permissions from /vendor/etc/permissions/android.hardware.audio.low_latency.prebuilt.xml
04-12 20:41:31.252157  1750  1901 I SystemConfig: Reading permissions from /vendor/etc/permissions/android.hardware.biometrics.face.xml
04-12 20:41:31.252276  1750  1901 I SystemConfig: Reading permissions from /vendor/etc/permissions/android.hardware.bluetooth.prebuilt.xml
04-12 20:41:31.252392  1750  1901 I SystemConfig: Reading permissions from /vendor/etc/permissions/android.hardware.bluetooth_le.prebuilt.xml
04-12 20:41:31.252506  1750  1901 I SystemConfig: Reading permissions from /vendor/etc/permissions/android.hardware.camera.concurrent.prebuilt.xml
04-12 20:41:31.252616  1750  1901 I SystemConfig: Reading permissions from /vendor/etc/permissions/android.hardware.camera.xml
04-12 20:41:31.252740  1750  1901 I SystemConfig: Reading permissions from /vendor/etc/permissions/android.hardware.faketouch.prebuilt.xml
04-12 20:41:31.252855  1750  1901 I SystemConfig: Reading permissions from /vendor/etc/permissions/android.hardware.hardware_keystore.xml
04-12 20:41:31.252972  1750  1901 I SystemConfig: Reading permissions from /vendor/etc/permissions/android.hardware.keystore.app_attest_key.prebuilt.xml
04-12 20:41:31.253088  1750  1901 I SystemConfig: Reading permissions from /vendor/etc/permissions/android.hardware.location.gps.prebuilt.xml
04-12 20:41:31.253489  1750  1901 I SystemConfig: Reading permissions from /vendor/etc/permissions/android.hardware.microphone.xml
04-12 20:41:31.253866  1750  1901 I SystemConfig: Reading permissions from /vendor/etc/permissions/android.hardware.opengles.aep.prebuilt.xml
04-12 20:41:31.254001  1750  1901 I SystemConfig: Reading permissions from /vendor/etc/permissions/android.hardware.se.omapi.prebuilt.xml
04-12 20:41:31.254118  1750  1901 I SystemConfig: Reading permissions from /vendor/etc/permissions/android.hardware.telephony.gsm.xml
04-12 20:41:31.254238  1750  1901 I SystemConfig: Reading permissions from /vendor/etc/permissions/android.hardware.telephony.ims.prebuilt.xml
04-12 20:41:31.254360  1750  1901 I SystemConfig: Reading permissions from /vendor/etc/permissions/android.hardware.touchscreen.multitouch.distinct.prebuilt.xml
04-12 20:41:31.254469  1750  1901 I SystemConfig: Reading permissions from /vendor/etc/permissions/android.hardware.touchscreen.multitouch.jazzhand.prebuilt.xml
04-12 20:41:31.254579  1750  1901 I SystemConfig: Reading permissions from /vendor/etc/permissions/android.hardware.touchscreen.multitouch.prebuilt.xml
04-12 20:41:31.254911  1750  1901 I SystemConfig: Reading permissions from /vendor/etc/permissions/android.hardware.touchscreen.prebuilt.xml
04-12 20:41:31.255026  1750  1901 I SystemConfig: Reading permissions from /vendor/etc/permissions/android.hardware.usb.accessory.prebuilt.xml
04-12 20:41:31.255204  1750  1901 I SystemConfig: Reading permissions from /vendor/etc/permissions/android.hardware.usb.host.prebuilt.xml
04-12 20:41:31.255323  1750  1901 I SystemConfig: Reading permissions from /vendor/etc/permissions/android.hardware.vulkan.compute-0.prebuilt.xml
04-12 20:41:31.255440  1750  1901 I SystemConfig: Reading permissions from /vendor/etc/permissions/android.hardware.vulkan.level-1.prebuilt.xml
04-12 20:41:31.255551  1750  1901 I SystemConfig: Reading permissions from /vendor/etc/permissions/android.hardware.vulkan.version-1_3.prebuilt.xml
04-12 20:41:31.255653  1750  1901 I SystemConfig: Reading permissions from /vendor/etc/permissions/android.hardware.wifi.direct.prebuilt.xml
04-12 20:41:31.255766  1750  1901 I SystemConfig: Reading permissions from /vendor/etc/permissions/android.hardware.wifi.passpoint.prebuilt.xml
04-12 20:41:31.255872  1750  1901 I SystemConfig: Reading permissions from /vendor/etc/permissions/android.hardware.wifi.prebuilt.xml
04-12 20:41:31.255979  1750  1901 I SystemConfig: Reading permissions from /vendor/etc/permissions/android.software.device_id_attestation.prebuilt.xml
04-12 20:41:31.256093  1750  1901 I SystemConfig: Reading permissions from /vendor/etc/permissions/android.software.ipsec_tunnels.prebuilt.xml
04-12 20:41:31.256198  1750  1901 I SystemConfig: Reading permissions from /vendor/etc/permissions/android.software.midi.prebuilt.xml
04-12 20:41:31.256943  1750  1901 I SystemConfig: Reading permissions from /vendor/etc/permissions/android.software.opengles.deqp.level-2024-03-01.prebuilt.xml
04-12 20:41:31.257186  1750  1901 I SystemConfig: Reading permissions from /vendor/etc/permissions/android.software.verified_boot.prebuilt.xml
04-12 20:41:31.257483  1750  1901 I SystemConfig: Reading permissions from /vendor/etc/permissions/android.software.vulkan.deqp.level-2024-03-01.prebuilt.xml
04-12 20:41:31.257678  1750  1901 I SystemConfig: Reading permissions from /vendor/etc/permissions/com.mediatek.hardware.vow.xml
04-12 20:41:31.257834  1750  1901 I SystemConfig: Reading permissions from /vendor/etc/permissions/com.mediatek.hardware.vow_dsp.xml
04-12 20:41:31.258020  1750  1901 I SystemConfig: Reading permissions from /vendor/etc/permissions/com.transsion.tranfacsdk.permission.xml
04-12 20:41:31.258231  1750  1901 I SystemConfig: Reading permissions from /vendor/etc/permissions/dummy_camera_extensions.xml
04-12 20:41:31.258368  1750  1901 I SystemConfig: Reading permissions from /vendor/etc/permissions/features_com.android.virt.xml
04-12 20:41:31.258593  1750  1901 I SystemConfig: Reading permissions from /odm/etc/permissions/android.hardware.consumerir.xml
04-12 20:41:31.258718  1750  1901 I SystemConfig: Reading permissions from /odm/etc/permissions/android.hardware.fingerprint.xml
04-12 20:41:31.258836  1750  1901 I SystemConfig: Reading permissions from /odm/etc/permissions/android.hardware.nfc.hce.xml
04-12 20:41:31.258956  1750  1901 I SystemConfig: Reading permissions from /odm/etc/permissions/android.hardware.nfc.xml
04-12 20:41:31.259074  1750  1901 I SystemConfig: Reading permissions from /odm/etc/permissions/android.hardware.sensor.accelerometer.prebuilt.xml
04-12 20:41:31.259192  1750  1901 I SystemConfig: Reading permissions from /odm/etc/permissions/android.hardware.sensor.compass.prebuilt.xml
04-12 20:41:31.259309  1750  1901 I SystemConfig: Reading permissions from /odm/etc/permissions/android.hardware.sensor.gyroscope.prebuilt.xml
04-12 20:41:31.259426  1750  1901 I SystemConfig: Reading permissions from /odm/etc/permissions/android.hardware.sensor.heartrate.ecg.prebuilt.xml
04-12 20:41:31.259548  1750  1901 I SystemConfig: Reading permissions from /odm/etc/permissions/android.hardware.sensor.light.prebuilt.xml
04-12 20:41:31.259666  1750  1901 I SystemConfig: Reading permissions from /odm/etc/permissions/android.hardware.sensor.proximity.prebuilt.xml
04-12 20:41:31.259779  1750  1901 I SystemConfig: Reading permissions from /odm/etc/permissions/android.hardware.sensor.stepcounter.prebuilt.xml
04-12 20:41:31.259898  1750  1901 I SystemConfig: Reading permissions from /odm/etc/permissions/android.hardware.sensor.stepdetector.prebuilt.xml
04-12 20:41:31.260019  1750  1901 I SystemConfig: Reading permissions from /odm/etc/permissions/android.hardware.telephony.euicc.xml
04-12 20:41:31.260135  1750  1901 I SystemConfig: Reading permissions from /odm/etc/permissions/com.android.nfc_extras.xml
04-12 20:41:31.260258  1750  1901 I SystemConfig: Reading permissions from /odm/etc/permissions/com.nxp.mifare.xml
04-12 20:41:31.260373  1750  1901 I SystemConfig: Reading permissions from /odm/etc/permissions/handheld_core_hardware.prebuilt.xml
04-12 20:41:31.260766  1750  1901 I SystemConfig: Reading permissions from /odm/etc/permissions/vendor.transsion.hardware.permissions.satellite.xml
04-12 20:41:31.261255  1750  1901 I SystemConfig: Reading permissions from /product/etc/sysconfig/GoogleCellBroadcast_config.xml
04-12 20:41:31.261388  1750  1901 I SystemConfig: Reading permissions from /product/etc/sysconfig/d2d_cable_migration_feature.xml
04-12 20:41:31.261508  1750  1901 I SystemConfig: Reading permissions from /product/etc/sysconfig/google-initial-package-stopped-states.xml
04-12 20:41:31.261665  1750  1901 I SystemConfig: Reading permissions from /product/etc/sysconfig/google-staged-installer-whitelist.xml
04-12 20:41:31.261803  1750  1901 I SystemConfig: Reading permissions from /product/etc/sysconfig/google.xml
04-12 20:41:31.262117  1750  1901 I SystemConfig: Adding association: com.google.android.as <- com.android.bluetooth
04-12 20:41:31.262151  1750  1901 I SystemConfig: Adding association: com.google.android.as <- com.android.bluetooth.services
04-12 20:41:31.262163  1750  1901 I SystemConfig: Adding association: com.google.android.as <- com.android.providers.contacts
04-12 20:41:31.262170  1750  1901 I SystemConfig: Adding association: com.google.android.as <- com.android.providers.media
04-12 20:41:31.262178  1750  1901 I SystemConfig: Adding association: com.google.android.as <- com.android.providers.telephony
04-12 20:41:31.262194  1750  1901 I SystemConfig: Adding association: com.google.android.as <- com.android.systemui
04-12 20:41:31.262201  1750  1901 I SystemConfig: Adding association: com.google.android.as <- com.google.android.bluetooth
04-12 20:41:31.262212  1750  1901 I SystemConfig: Adding association: com.google.android.as <- com.google.android.bluetooth.services
04-12 20:41:31.262218  1750  1901 I SystemConfig: Adding association: com.google.android.as <- com.google.android.providers.media.module
04-12 20:41:31.262224  1750  1901 I SystemConfig: Adding association: com.google.android.as <- com.google.android.as.oss
04-12 20:41:31.262231  1750  1901 I SystemConfig: Adding association: com.google.android.as.oss <- com.google.android.as
04-12 20:41:31.262280  1750  1901 W SystemConfig: Tag automatic-rollback-denylisted-app is unknown in /product/etc/sysconfig/google.xml at START_TAG (empty) <automatic-rollback-denylisted-app package='com.android.vending'>@99:72 in java.io.FileReader@4488924
04-12 20:41:31.262298  1750  1901 I SystemConfig: Adding association: com.google.android.as.oss <- com.google.android.odad
04-12 20:41:31.262314  1750  1901 I SystemConfig: Adding association: com.google.android.odad <- com.google.android.as.oss
04-12 20:41:31.262323  1750  1901 I SystemConfig: Adding association: com.google.android.odad <- com.android.providers.telephony
04-12 20:41:31.262608  1750  1901 I SystemConfig: Reading permissions from /product/etc/sysconfig/initial-package-stopped-states-aosp.xml
04-12 20:41:31.262740  1750  1901 I SystemConfig: Reading permissions from /product/etc/sysconfig/launcher_documentsui_icon_disable.xml
04-12 20:41:31.262976  1750  1901 I SystemConfig: Reading permissions from /product/etc/sysconfig/personal_safety.xml
04-12 20:41:31.263100  1750  1901 I SystemConfig: Reading permissions from /product/etc/sysconfig/preinstalled-packages-platform-handheld-product.xml
04-12 20:41:31.263246  1750  1901 I SystemConfig: Reading permissions from /product/etc/sysconfig/preinstalled-packages-platform-overlays.xml
04-12 20:41:31.263919  1750  1901 I SystemConfig: Reading permissions from /product/etc/sysconfig/preinstalled-packages-platform-telephony-product.xml
04-12 20:41:31.264052  1750  1901 I SystemConfig: Reading permissions from /product/etc/sysconfig/sysconfig_googledevicelock.xml
04-12 20:41:31.264199  1750  1901 I SystemConfig: Reading permissions from /product/etc/permissions/com.android.imsserviceentitlement.xml
04-12 20:41:31.264345  1750  1901 I SystemConfig: Reading permissions from /product/etc/permissions/com.transsion.aisupportercore.xml
04-12 20:41:31.264727  1750  1901 I SystemConfig: Reading permissions from /product/etc/permissions/com.transsion.dualapp.xml
04-12 20:41:31.264983  1750  1901 I SystemConfig: Reading permissions from /product/etc/permissions/com.transsion.tranvoicecommand.xml
04-12 20:41:31.265246  1750  1901 I SystemConfig: Non-xml file /product/etc/permissions/pms_sysapp_removable_vendor_list.txt in /product/etc/permissions directory, ignoring
04-12 20:41:31.265353  1750  1901 I SystemConfig: Reading permissions from /product/etc/permissions/privapp-permissions-google-product.xml
04-12 20:41:31.266288  1750  1901 I SystemConfig: Reading permissions from /product/etc/permissions/product-permissions-mediatek.xml
04-12 20:41:31.266491  1750  1901 I SystemConfig: Reading permissions from /product/etc/permissions/split-permissions-google.xml
04-12 20:41:31.266626  1750  1901 I SystemConfig: Reading permissions from /product/etc/permissions/tran_camera_extensions.xml
04-12 20:41:31.267040  1750  1901 I SystemConfig: Reading permissions from /system_ext/etc/sysconfig/android.telephony.satellite.xml
04-12 20:41:31.267727  1750  1901 I SystemConfig: Reading permissions from /system_ext/etc/sysconfig/com.android.phone.config.xml
04-12 20:41:31.267848  1750  1901 I SystemConfig: Reading permissions from /system_ext/etc/sysconfig/com.mediatek.ims.config.xml
04-12 20:41:31.267962  1750  1901 I SystemConfig: Reading permissions from /system_ext/etc/sysconfig/com.transsion.phonemaster_power.xml
04-12 20:41:31.268078  1750  1901 I SystemConfig: Reading permissions from /system_ext/etc/sysconfig/initial-package-stopped-states-DebugLoggerUI.xml
04-12 20:41:31.268186  1750  1901 I SystemConfig: Reading permissions from /system_ext/etc/sysconfig/utralsmall_blacklist.xml
04-12 20:41:31.268431  1750  1901 W SystemConfig: Tag pkg is unknown in /system_ext/etc/sysconfig/utralsmall_blacklist.xml at START_TAG (empty) <pkg name='com.twitter.android' status='1'>@3:48 in java.io.FileReader@d52653e
04-12 20:41:31.268463  1750  1901 W SystemConfig: Tag pkg is unknown in /system_ext/etc/sysconfig/utralsmall_blacklist.xml at START_TAG (empty) <pkg name='com.truecaller' status='1'>@4:43 in java.io.FileReader@d52653e
