04-12 20:28:24.506  2909  2996 I Usf_Hiber/nativeServiceClient: check sync_binder uid=10180
04-12 20:28:24.507  2909  2996 I Usf_Hiber/nativeServiceClient: check sync_binder uid=10215
04-12 20:28:24.507  2909  2996 I Usf_Hiber/nativeServiceClient: check sync_binder uid=10216
04-12 20:28:24.507  2909  2996 I Usf_Hiber/nativeServiceClient: check sync_binder uid=10228
04-12 20:28:24.508  2909  3431 I Usf_Hiber/fastState: skip fastFreeze, uid=10251 pkgName=com.google.android.apps.tachyon unFreezeReason=job cpnInfo= # com.google.android.apps.tachyon
04-12 20:28:24.508  2909  2996 I Usf_Hiber/nativeServiceClient: check sync_binder uid=10251
04-12 20:28:24.508  2909  2996 I Usf_Hiber/nativeServiceClient: check sync_binder uid=10257
04-12 20:28:24.509  2909  2996 I Usf_Hiber/nativeServiceClient: check sync_binder uid=10277
04-12 20:28:24.509  2909  2996 I Usf_Hiber/nativeServiceClient: check sync_binder uid=10283
04-12 20:28:24.510  2909  3431 I Usf_Hiber/stateManager: unfreeze uid: 10251 com.google.android.apps.tachyon  reason:job   cpninfo: # com.google.android.apps.tachyon costTime=2ms ,last freeze invalid
04-12 20:28:24.513  2108  2155 I WindowManager: setVisibility: true, !mTransitionController.inTransition() = false, this = WallpaperWindowToken{76af2a9 showWhenLocked=true}
04-12 20:28:24.513  2108  2155 I WindowManager: setVisibility: false, !mTransitionController.inTransition() = false, this = WallpaperWindowToken{2545f93 showWhenLocked=false}
04-12 20:28:24.515  2108  5048 I thermalLightController: Fg: com.transsion.launcher3
04-12 20:28:24.516  2108  3517 I Radar/cpuStatsReader: isKernelCpuStatsReaderSupported: result=true
04-12 20:28:24.518  2108  3517 I Radar/cpuStatsReader: readCpuStats: result=40120063078
04-12 20:28:24.521  2108  2155 I WindowManager: setVisibility: true, !mTransitionController.inTransition() = false, this = WallpaperWindowToken{76af2a9 showWhenLocked=true}
04-12 20:28:24.521  2108  2155 I WindowManager: setVisibility: false, !mTransitionController.inTransition() = false, this = WallpaperWindowToken{2545f93 showWhenLocked=false}
04-12 20:28:24.522  2108  2154 I TranSCSourceConnectManagerImpl: hookDisplayResumeComponent displayId: 0 componentName: ComponentInfo{com.transsion.launcher3/com.android.launcher3.uioverrides.QuickstepLauncher}
04-12 20:28:24.523  2108  2551 I input_debug: package: com.transsion.launcher3 mNeedShowSafeInput: false inputType: 0 methodMap: true isKeyguardShowing: false enable: 0 isSplitScreen: false
04-12 20:28:24.523  2108  2242 W TranPerf-LauncherBigCoreFeature: [setAffinity] Tid:2886 mask:240
04-12 20:28:24.524  2108  2242 W TranPerf-LauncherRenderBigCoreFeature: [setAffinity] Tid:3449 mask:240
04-12 20:28:24.526  2108  2189 I AnimBoostThreadLittleCoreFeature: AnimBoostThread = 3390
04-12 20:28:24.526  2108  2242 W TranPerf-AnimBoostThreadLittleCoreFeature: [setAffinity] Tid:3390 mask:15
04-12 20:28:24.527  2108  2155 I WindowManager: setVisibility: true, !mTransitionController.inTransition() = false, this = WallpaperWindowToken{76af2a9 showWhenLocked=true}
04-12 20:28:24.527  2108  2155 I WindowManager: setVisibility: false, !mTransitionController.inTransition() = false, this = WallpaperWindowToken{2545f93 showWhenLocked=false}
04-12 20:28:24.535  2108  2182 W TranLockBoostController: handleSetVipMessage,ThreadInfo{tid=2155,isVip=true,blockByTid=-1,setVipLock=null,blockedByLock=null} already get lock
04-12 20:28:24.536  2108  2155 I WindowManager: setVisibility: true, !mTransitionController.inTransition() = false, this = WallpaperWindowToken{76af2a9 showWhenLocked=true}
04-12 20:28:24.536  2108  2155 I WindowManager: setVisibility: false, !mTransitionController.inTransition() = false, this = WallpaperWindowToken{2545f93 showWhenLocked=false}
04-12 20:28:24.549  2108  2155 I WindowManager: setVisibility: true, !mTransitionController.inTransition() = false, this = WallpaperWindowToken{76af2a9 showWhenLocked=true}
04-12 20:28:24.549  2108  2155 I WindowManager: setVisibility: false, !mTransitionController.inTransition() = false, this = WallpaperWindowToken{2545f93 showWhenLocked=false}
04-12 20:28:24.552  2108  2155 I WindowManager: setVisibility: true, !mTransitionController.inTransition() = false, this = WallpaperWindowToken{76af2a9 showWhenLocked=true}
04-12 20:28:24.552  2108  2155 I WindowManager: setVisibility: false, !mTransitionController.inTransition() = false, this = WallpaperWindowToken{2545f93 showWhenLocked=false}
04-12 20:28:24.561  2108  2155 I WindowManager: setVisibility: true, !mTransitionController.inTransition() = false, this = WallpaperWindowToken{76af2a9 showWhenLocked=true}
04-12 20:28:24.561  2108  2155 I WindowManager: setVisibility: false, !mTransitionController.inTransition() = false, this = WallpaperWindowToken{2545f93 showWhenLocked=false}
04-12 20:28:24.586  2108  2155 I WindowManager: setVisibility: true, !mTransitionController.inTransition() = false, this = WallpaperWindowToken{76af2a9 showWhenLocked=true}
04-12 20:28:24.586  2108  2155 I WindowManager: setVisibility: false, !mTransitionController.inTransition() = false, this = WallpaperWindowToken{2545f93 showWhenLocked=false}
04-12 20:28:24.611  2108  2155 I WindowManager: setVisibility: true, !mTransitionController.inTransition() = false, this = WallpaperWindowToken{76af2a9 showWhenLocked=true}
04-12 20:28:24.611  2108  2155 I WindowManager: setVisibility: false, !mTransitionController.inTransition() = false, this = WallpaperWindowToken{2545f93 showWhenLocked=false}
04-12 20:28:24.619  2108  2155 I WindowManager: setVisibility: true, !mTransitionController.inTransition() = false, this = WallpaperWindowToken{76af2a9 showWhenLocked=true}
04-12 20:28:24.619  2108  2155 I WindowManager: setVisibility: false, !mTransitionController.inTransition() = false, this = WallpaperWindowToken{2545f93 showWhenLocked=false}
04-12 20:28:24.628  2108  3443 W UriGrantsManagerService: For security reasons, the system cannot issue a Uri permission grant to content://com.transsion.tranradionet.TranTelephonyProvider/commoninfo [user 0]; use startActivityAsCaller() instead
04-12 20:28:24.645  2108  3542 W ActivityManager: Slow operation: 92ms so far, now at startProcess: done updating battery stats
04-12 20:28:24.646  2108  3542 W ActivityManager: Slow operation: 93ms so far, now at startProcess: building log message
04-12 20:28:24.646  2108  3542 I ActivityManager: Start proc 7850:com.transsion.personalizedService.xos/u0a210 for service {com.transsion.personalizedService.xos/com.scene.zeroscreen.overlay.service.OverlayScreenService}
04-12 20:28:24.647  2108  3542 W ActivityManager: Slow operation: 94ms so far, now at startProcess: starting to update pids map
04-12 20:28:24.647  2108  3542 I ActivityManager: ProcessObserver broadcast disabled
04-12 20:28:24.650  2108  3542 W ActivityManager: Slow operation: 97ms so far, now at startProcess: done updating pids map
04-12 20:28:24.654  2108  3156 I WindowManager:   isAnimating=false  okToAnimate=true  win=Window{2c9208e u0 DynamicBar}
04-12 20:28:24.659  2108  3542 I START_DEBUG: send BINDTIMEOUT    ProcessRecord :ProcessRecord{b9b23ec 7850:com.transsion.personalizedService.xos/u0a210}
04-12 20:28:24.659  2108  3542 I START_DEBUG: remove START_TIMEOUT finish    ProcessRecord :ProcessRecord{b9b23ec 7850:com.transsion.personalizedService.xos/u0a210}
04-12 20:28:24.661  2108  2155 I WindowManager: setVisibility: true, !mTransitionController.inTransition() = false, this = WallpaperWindowToken{76af2a9 showWhenLocked=true}
04-12 20:28:24.661  2108  2155 I WindowManager: setVisibility: false, !mTransitionController.inTransition() = false, this = WallpaperWindowToken{2545f93 showWhenLocked=false}
04-12 20:28:24.662  7850  7865 I AppProperties: enter initialize com.transsion.personalizedService.xos
04-12 20:28:24.662  7850  7865 I AppProperties: readAllPropFiles directoryPath=/system_ext/etc/vconfig/com.transsion.personalizedService.xos/
04-12 20:28:24.662  7850  7865 I AppProperties: enter readPropFiles count=0
04-12 20:28:24.662  7850  7865 I AppProperties: readAllPropFiles directoryPath=/tr_product/etc/vconfig/com.transsion.personalizedService.xos/
04-12 20:28:24.662  7850  7865 I AppProperties: enter readPropFiles count=0
04-12 20:28:24.662  7850  7865 I AppProperties: readAllPropFiles directoryPath=/tr_region/etc/vconfig/com.transsion.personalizedService.xos/
04-12 20:28:24.662  7850  7865 I AppProperties: enter readPropFiles count=0
04-12 20:28:24.662  7850  7865 I AppProperties: readAllPropFiles directoryPath=/tr_carrier/etc/vconfig/com.transsion.personalizedService.xos/
04-12 20:28:24.662  7850  7865 I AppProperties: enter readPropFiles count=0
04-12 20:28:24.662  7850  7865 I AppProperties: readAllPropFiles directoryPath=/tr_company/etc/vconfig/com.transsion.personalizedService.xos/
04-12 20:28:24.662  7850  7865 I AppProperties: enter readPropFiles count=0
04-12 20:28:24.662  7850  7865 I AppProperties: readAllPropFiles directoryPath=/tranfs/etc/vconfig/com.transsion.personalizedService.xos/
04-12 20:28:24.662  7850  7865 I AppProperties: enter readPropFiles count=0
04-12 20:28:24.676  2108  2181 W ActivityManager: Slow operation: 93ms so far, now at startProcess: asking zygote to start proc
04-12 20:28:24.679  2108  2152 W Looper  : Slow dispatch took 211ms android.ui app=system_server main=false h=com.android.server.am.ActivityManagerService$UiHandler c=null m=68
04-12 20:28:24.680  2108  2152 W Looper  : Slow delivery took 207ms android.ui app=system_server main=false h=com.android.server.wm.DisplayPolicy$PolicyHandler c=com.android.server.wm.DisplayPolicy$2$$ExternalSyntheticLambda1@3793d7b m=0
04-12 20:28:24.695  2108  3578 I UsfSystemServer/appSceneHooker: duplicate service bind status, skip
04-12 20:28:24.699  2108  2108 W Looper  : Slow dispatch took 127ms main app=system_server main=true h=android.app.job.JobServiceEngine$JobHandler c=null m=2
04-12 20:28:24.702  2108  2155 I WindowManager: setVisibility: true, !mTransitionController.inTransition() = false, this = WallpaperWindowToken{76af2a9 showWhenLocked=true}
04-12 20:28:24.702  2108  2155 I WindowManager: setVisibility: false, !mTransitionController.inTransition() = false, this = WallpaperWindowToken{2545f93 showWhenLocked=false}
04-12 20:28:24.702  2108  2181 W ActivityManager: Slow operation: 119ms so far, now at startProcess: returned from zygote!
04-12 20:28:24.703  2108  2181 W ActivityManager: Slow operation: 120ms so far, now at startProcess: done updating battery stats
04-12 20:28:24.703  2108  2181 W ActivityManager: Slow operation: 120ms so far, now at startProcess: building log message
04-12 20:28:24.703  2108  2181 I ActivityManager: Start proc 7869:com.transsion.trancare/u0a145 for service {com.transsion.trancare/com.transsion.trancare.MainService}
04-12 20:28:24.703  2108  2181 W ActivityManager: Slow operation: 120ms so far, now at startProcess: starting to update pids map
04-12 20:28:24.705  2108  2181 I START_DEBUG: send START_TIMEOUT message    ProcessRecord :ProcessRecord{b2c458f 7869:com.transsion.trancare/u0a145}
04-12 20:28:24.705  2108  2181 I ActivityManager: ProcessObserver broadcast disabled
04-12 20:28:24.706  2108  2181 W ActivityManager: Slow operation: 122ms so far, now at startProcess: done updating pids map
04-12 20:28:24.714  2108  2181 W ActivityManager: Slow operation: 105ms so far, now at startProcess: asking zygote to start proc
04-12 20:28:24.737  2108  2181 W ActivityManager: Slow operation: 128ms so far, now at startProcess: returned from zygote!
04-12 20:28:24.746  2108  2155 I WindowManager: setVisibility: true, !mTransitionController.inTransition() = false, this = WallpaperWindowToken{76af2a9 showWhenLocked=true}
04-12 20:28:24.746  2108  2155 I WindowManager: setVisibility: false, !mTransitionController.inTransition() = false, this = WallpaperWindowToken{2545f93 showWhenLocked=false}
04-12 20:28:24.752  2108  2155 I WindowManager: setVisibility: true, !mTransitionController.inTransition() = false, this = WallpaperWindowToken{76af2a9 showWhenLocked=true}
04-12 20:28:24.752  2108  2155 I WindowManager: setVisibility: false, !mTransitionController.inTransition() = false, this = WallpaperWindowToken{2545f93 showWhenLocked=false}
04-12 20:28:24.766  2962  3034 I ShellTransitions: Transition animation finished (aborted=false), notifying core (#7) android.os.BinderProxy@71f3b3b@0
04-12 20:28:24.767  2108  3578 I AnimBoostThreadLittleCoreFeature: AnimBoostThread = 3390
04-12 20:28:24.767  2108  2242 W TranPerf-LauncherBigCoreFeature: [setAffinity] Tid:2886 mask:255
04-12 20:28:24.767  2108  2242 W TranPerf-LauncherRenderBigCoreFeature: [setAffinity] Tid:3449 mask:255
04-12 20:28:24.767  2108  2242 W TranPerf-SmartpanelLittleCoreFeature: [setAffinity] Tid:5129 mask:255
04-12 20:28:24.768  2108  2242 W TranPerf-AnimBoostThreadLittleCoreFeature: [setAffinity] Tid:3390 mask:255
04-12 20:28:24.773  2909  6241 I Usf_Hiber/fastState: do fastUnfreeze reason=cpuboost delay=0
04-12 20:28:24.774  2108  3578 I TransitionController: record.getSyncId() = 7, mAtm.mRootWindowContainer.mRecentSyncId = -1, !inTransition() = true
04-12 20:28:24.774  2108  3578 I WindowManager:  !wt.isVisibleRequested() = false, getTopRootTask() = Task{9416a3d #1 type=home}
04-12 20:28:24.775  2962  3034 I UASManager: stopWmShellMainUASBoost flag:1, mMainBoostFlags:0
04-12 20:28:24.780  2108  3156 W UriGrantsManagerService: For security reasons, the system cannot issue a Uri permission grant to content://com.transsion.tranradionet.TranTelephonyProvider/commoninfo [user 0]; use startActivityAsCaller() instead
04-12 20:28:24.784  2962  3034 I UASManager: stopUASBoost tid =3034 type=ux_exact_wmshell.main
04-12 20:28:24.784  2962  3034 I ShellTransitions: All active transition animations finished
04-12 20:28:24.784  2108  2155 I WindowManager: setVisibility: true, !mTransitionController.inTransition() = true, this = WallpaperWindowToken{76af2a9 showWhenLocked=true}
04-12 20:28:24.784  2108  2155 I WindowManager: setVisibility: false, !mTransitionController.inTransition() = true, this = WallpaperWindowToken{2545f93 showWhenLocked=false}
04-12 20:28:24.788  2962  3034 I UASManager: stopUASBoost tid =3039 type=ux_exact_wmshell.anim
04-12 20:28:24.802  2909  3009 I Usf_Hiber/fastState: fastUnFreeze reason=cpuboost size=15 uids=[10077, 10083, 10093, 10110, 10112, 10140, 10159, 10174, 10180, 10215, 10216, 10228, 10257, 10277, 10283] about costTime=28ms
04-12 20:28:24.802  2108  2155 I WindowManager: setVisibility: true, !mTransitionController.inTransition() = true, this = WallpaperWindowToken{76af2a9 showWhenLocked=true}
04-12 20:28:24.802  2108  2155 I WindowManager: setVisibility: false, !mTransitionController.inTransition() = true, this = WallpaperWindowToken{2545f93 showWhenLocked=false}
04-12 20:28:24.805  2909  3077 I Usf_HiberBp/fastFreezeProcessor: reason: cpuboost coverage: 0.9411765 interval: 249
04-12 20:28:24.812  2108  3260 I START_DEBUG: send BINDTIMEOUT    ProcessRecord :ProcessRecord{b2c458f 7869:com.transsion.trancare/u0a145}
04-12 20:28:24.812  2108  3260 I START_DEBUG: remove START_TIMEOUT finish    ProcessRecord :ProcessRecord{b2c458f 7869:com.transsion.trancare/u0a145}
04-12 20:28:24.815  2108  2181 W ActivityManager: Slow operation: 206ms so far, now at startProcess: done updating battery stats
04-12 20:28:24.815  2108  2181 W ActivityManager: Slow operation: 206ms so far, now at startProcess: building log message
04-12 20:28:24.815  2108  2181 I ActivityManager: Start proc 7889:com.transsion.globalsearch/u0a130 for content provider {com.transsion.globalsearch/com.transsion.globalsearch.provider.ActiveProvider}
04-12 20:28:24.815  2108  2181 W ActivityManager: Slow operation: 206ms so far, now at startProcess: starting to update pids map
04-12 20:28:24.816  2108  2181 I START_DEBUG: send START_TIMEOUT message    ProcessRecord :ProcessRecord{3b52e52 7889:com.transsion.globalsearch/u0a130}
04-12 20:28:24.816  2108  2181 I ActivityManager: ProcessObserver broadcast disabled
04-12 20:28:24.816  2108  2181 W ActivityManager: Slow operation: 207ms so far, now at startProcess: done updating pids map
04-12 20:28:24.816  2108  3353 I ActivityManager: Process com.debug.loggerui (pid 7282) has died: cch+35 CEM 
04-12 20:28:24.820  2108  3353 I START_DEBUG: remove ALL_TIMEOUT cleanup   ProcessRecord :ProcessRecord{a28a68b 7282:com.debug.loggerui/u0a152}
04-12 20:28:24.827  7869  7917 I AppProperties: enter initialize com.transsion.trancare
04-12 20:28:24.829  7869  7917 I AppProperties: readAllPropFiles directoryPath=/system_ext/etc/vconfig/com.transsion.trancare/
04-12 20:28:24.830  7869  7917 I AppProperties: enter readPropFiles count=0
04-12 20:28:24.830  7869  7917 I AppProperties: readAllPropFiles directoryPath=/tr_product/etc/vconfig/com.transsion.trancare/
04-12 20:28:24.830  7869  7917 I AppProperties: enter readPropFiles count=0
04-12 20:28:24.830  7869  7917 I AppProperties: readAllPropFiles directoryPath=/tr_region/etc/vconfig/com.transsion.trancare/
04-12 20:28:24.830  7869  7917 I AppProperties: enter readPropFiles count=0
04-12 20:28:24.830  7869  7917 I AppProperties: readAllPropFiles directoryPath=/tr_carrier/etc/vconfig/com.transsion.trancare/
04-12 20:28:24.830  7869  7917 I AppProperties: enter readPropFiles count=0
04-12 20:28:24.830  7869  7917 I AppProperties: readAllPropFiles directoryPath=/tr_company/etc/vconfig/com.transsion.trancare/
04-12 20:28:24.830  7869  7917 I AppProperties: enter readPropFiles count=0
04-12 20:28:24.830  7869  7917 I AppProperties: readAllPropFiles directoryPath=/tranfs/etc/vconfig/com.transsion.trancare/
04-12 20:28:24.830  7869  7917 I AppProperties: enter readPropFiles count=0
04-12 20:28:24.831  7889  7913 I AppProperties: enter initialize com.transsion.globalsearch
04-12 20:28:24.831  7889  7913 I AppProperties: readAllPropFiles directoryPath=/system_ext/etc/vconfig/com.transsion.globalsearch/
04-12 20:28:24.831  7889  7913 I AppProperties: enter readPropFiles count=0
04-12 20:28:24.831  7889  7913 I AppProperties: readAllPropFiles directoryPath=/tr_product/etc/vconfig/com.transsion.globalsearch/
04-12 20:28:24.832  7889  7913 I AppProperties: enter readPropFiles count=1
04-12 20:28:24.832  7889  7913 I AppProperties: readAllPropFiles directoryPath=/tr_region/etc/vconfig/com.transsion.globalsearch/
04-12 20:28:24.832  7889  7913 I AppProperties: enter readPropFiles count=0
04-12 20:28:24.832  7889  7913 I AppProperties: readAllPropFiles directoryPath=/tr_carrier/etc/vconfig/com.transsion.globalsearch/
04-12 20:28:24.832  7889  7913 I AppProperties: enter readPropFiles count=0
04-12 20:28:24.832  7889  7913 I AppProperties: readAllPropFiles directoryPath=/tr_company/etc/vconfig/com.transsion.globalsearch/
04-12 20:28:24.832  7889  7913 I AppProperties: enter readPropFiles count=0
04-12 20:28:24.832  7889  7913 I AppProperties: readAllPropFiles directoryPath=/tranfs/etc/vconfig/com.transsion.globalsearch/
04-12 20:28:24.832  7889  7913 I AppProperties: enter readPropFiles count=0
04-12 20:28:24.832  2108  3532 I START_DEBUG: send BINDTIMEOUT    ProcessRecord :ProcessRecord{3b52e52 7889:com.transsion.globalsearch/u0a130}
04-12 20:28:24.832  2108  3532 I START_DEBUG: remove START_TIMEOUT finish    ProcessRecord :ProcessRecord{3b52e52 7889:com.transsion.globalsearch/u0a130}
04-12 20:28:24.839  2108  2187 I griffin_dfx_process_died: ApplicationExitInfo(timestamp=2026/4/12 20:28 pid=7282 realUid=10152 packageUid=10152 definingUid=10152 user=0 process=com.debug.loggerui reason=2 (SIGNALED) subreason=0 (UNKNOWN) status=9 importance=400 pss=0.00 rss=0.00 description=null state=empty trace=null exitInfoExt=TranApplicationExitInfoExt{mRecentid=-1, mIsMainProcess=true, mVmsize=-1, mVmlock=-1, mVmHWM=-1, mVmRss=-1, mRssAnon=-1, mRssFile=-1, mRssShmem=-1, mVmSwap=-1, mWorkingState=2, mSchedGroup=-1, mOomAdj=-1, mHostingType='-1, mAlivetime=-1, mIsHiber=false, mHibertime=-1, mHiberReason='-1, mLruReason='-1}
04-12 20:28:24.844  2108  3578 I tranpm/ServicePolicy: limitBindServiceLocked by systemSence - cold: callingPackage = com.android.vending, targetPkg = com.android.vending
04-12 20:28:24.858  2108  3532 I UsfSystemServer/appSceneHooker: duplicate service bind status, skip
04-12 20:28:24.858  2108  2260 W ActivityManager: Unbind failed: could not find connection for android.os.BinderProxy@bef0b88
04-12 20:28:24.859  2108  2467 W UriGrantsManagerService: For security reasons, the system cannot issue a Uri permission grant to content://com.transsion.tranradionet.TranTelephonyProvider/commoninfo [user 0]; use startActivityAsCaller() instead
04-12 20:28:24.862  2108  5048 W JobScheduler: Job didn't exist in JobStore: da4b62d {androidx.work.systemjobscheduler} #u0a251/19 @androidx.work.systemjobscheduler@com.google.android.apps.tachyon/androidx.work.impl.background.systemjob.SystemJobService
04-12 20:28:24.876  2108  2152 W Looper  : Drained
04-12 20:28:24.878  2108  2155 I WindowManager: setVisibility: true, !mTransitionController.inTransition() = true, this = WallpaperWindowToken{76af2a9 showWhenLocked=true}
04-12 20:28:24.878  2108  2155 I WindowManager: setVisibility: false, !mTransitionController.inTransition() = true, this = WallpaperWindowToken{2545f93 showWhenLocked=false}
04-12 20:28:24.887   733   762 I keystore2: system/security/keystore2/src/security_level.rs:245 - caller pid=7850, uid=10210; force = false; key domain=r#KEY_ID, alias = None
04-12 20:28:24.887   733   762 I keystore2: system/security/keystore2/src/security_level.rs:343 - upgrade_keyblob_if_required_with start
04-12 20:28:24.888   733   762 I keystore2: system/security/keystore2/src/enforcements.rs:236 - finalize_create_authorization self.state=NoAuthRequired
04-12 20:28:24.888   733   762 I keystore2: system/security/keystore2/src/security_level.rs:388 - upgrade_keyblob_if_required_with end; operation_db.create_operation start
04-12 20:28:24.888   733   762 I keystore2: system/security/keystore2/src/security_level.rs:406 - operation_db.create_operation end
04-12 20:28:24.918  7850  7850 I AppProperties: Instance
04-12 20:28:24.918  7850  7850 I AppProperties: enter initialize com.transsion.personalizedService
04-12 20:28:24.918  7850  7850 I AppProperties: readAllPropFiles directoryPath=/system_ext/etc/vconfig/com.transsion.personalizedService/
04-12 20:28:24.918  7850  7850 I AppProperties: enter readPropFiles count=0
04-12 20:28:24.918  7850  7850 I AppProperties: readAllPropFiles directoryPath=/tr_product/etc/vconfig/com.transsion.personalizedService/
04-12 20:28:24.919  7850  7850 I AppProperties: enter readPropFiles count=1
04-12 20:28:24.919  7850  7850 I AppProperties: readAllPropFiles directoryPath=/tr_region/etc/vconfig/com.transsion.personalizedService/
04-12 20:28:24.919  7850  7850 I AppProperties: enter readPropFiles count=0
04-12 20:28:24.919  7850  7850 I AppProperties: readAllPropFiles directoryPath=/tr_carrier/etc/vconfig/com.transsion.personalizedService/
04-12 20:28:24.919  7850  7850 I AppProperties: enter readPropFiles count=0
04-12 20:28:24.919  7850  7850 I AppProperties: readAllPropFiles directoryPath=/tr_company/etc/vconfig/com.transsion.personalizedService/
04-12 20:28:24.919  7850  7850 I AppProperties: enter readPropFiles count=0
04-12 20:28:24.919  7850  7850 I AppProperties: readAllPropFiles directoryPath=/tranfs/etc/vconfig/com.transsion.personalizedService/
04-12 20:28:24.919  7850  7850 I AppProperties: enter readPropFiles count=0
04-12 20:28:24.921  2108  4085 W AppOpService: Ignored setUidMode call for runtime permission app op: uid = 10123, code = RECEIVE_WAP_PUSH, mode = allow, callingUid = 1001, oldMode = allow
04-12 20:28:24.921  2108  4085 W AppOpService: Ignored setUidMode call for runtime permission app op: uid = 10123, code = READ_CELL_BROADCASTS, mode = allow, callingUid = 1001, oldMode = allow
04-12 20:28:24.930  2108  5046 W AppOpService: Ignored setUidMode call for runtime permission app op: uid = 1001, code = READ_SMS, mode = allow, callingUid = 1001, oldMode = allow
04-12 20:28:24.932  2108  3416 W AppOpService: Ignored setUidMode call for runtime permission app op: uid = 1001, code = RECEIVE_SMS, mode = allow, callingUid = 1001, oldMode = allow
04-12 20:28:24.932  2108  2727 W AppOpService: Ignored setUidMode call for runtime permission app op: uid = 1001, code = RECEIVE_WAP_PUSH, mode = allow, callingUid = 1001, oldMode = allow
04-12 20:28:24.933  2108  2727 W AppOpService: Ignored setUidMode call for runtime permission app op: uid = 1001, code = SEND_SMS, mode = allow, callingUid = 1001, oldMode = allow
04-12 20:28:24.933  2108  2785 W AppOpService: Ignored setUidMode call for runtime permission app op: uid = 1001, code = READ_CELL_BROADCASTS, mode = allow, callingUid = 1001, oldMode = allow
04-12 20:28:24.964  2108  3414 W AppOpService: Ignored setUidMode call for runtime permission app op: uid = 10123, code = RECEIVE_WAP_PUSH, mode = allow, callingUid = 1001, oldMode = allow
04-12 20:28:24.965  2108  3260 W AppOpService: Ignored setUidMode call for runtime permission app op: uid = 10123, code = READ_CELL_BROADCASTS, mode = allow, callingUid = 1001, oldMode = allow
04-12 20:28:24.976  2108  2727 W AppOpService: Ignored setUidMode call for runtime permission app op: uid = 1001, code = READ_SMS, mode = allow, callingUid = 1001, oldMode = allow
04-12 20:28:24.977  2108  3414 W AppOpService: Ignored setUidMode call for runtime permission app op: uid = 1001, code = RECEIVE_SMS, mode = allow, callingUid = 1001, oldMode = allow
04-12 20:28:24.978  2108  3577 W AppOpService: Ignored setUidMode call for runtime permission app op: uid = 1001, code = RECEIVE_WAP_PUSH, mode = allow, callingUid = 1001, oldMode = allow
04-12 20:28:24.980  2108  2260 W AppOpService: Ignored setUidMode call for runtime permission app op: uid = 1001, code = SEND_SMS, mode = allow, callingUid = 1001, oldMode = allow
04-12 20:28:24.981  2108  3584 W AppOpService: Ignored setUidMode call for runtime permission app op: uid = 1001, code = READ_CELL_BROADCASTS, mode = allow, callingUid = 1001, oldMode = allow
04-12 20:28:24.985  2108  3592 W JobScheduler: Job didn't exist in JobStore: b089beb {androidx.work.systemjobscheduler} #u0a251/18 @androidx.work.systemjobscheduler@com.google.android.apps.tachyon/androidx.work.impl.background.systemjob.SystemJobService
04-12 20:28:24.990  7889  8006 I AppProperties: Instance
04-12 20:28:24.990  7889  8006 I AppProperties: enter initialize com.transsion.globalsearch
04-12 20:28:24.990  7889  8006 I AppProperties: Not fisrt enter.
04-12 20:28:24.990  7889  8006 I AppProperties: enter get.
04-12 20:28:24.990  7889  8006 I AppProperties: enter get.
04-12 20:28:24.990   733   762 I keystore2: system/security/keystore2/src/security_level.rs:245 - caller pid=7850, uid=10210; force = false; key domain=r#KEY_ID, alias = None
04-12 20:28:24.991   733   762 I keystore2: system/security/keystore2/src/security_level.rs:343 - upgrade_keyblob_if_required_with start
04-12 20:28:24.992   733   762 I keystore2: system/security/keystore2/src/enforcements.rs:236 - finalize_create_authorization self.state=NoAuthRequired
04-12 20:28:24.992   733   762 I keystore2: system/security/keystore2/src/security_level.rs:388 - upgrade_keyblob_if_required_with end; operation_db.create_operation start
04-12 20:28:24.992   733   762 I keystore2: system/security/keystore2/src/security_level.rs:406 - operation_db.create_operation end
04-12 20:28:24.994  7889  8006 I TranConfigs: getAsset: enter
04-12 20:28:24.994  7889  8006 I TranConfigs: getAsset: file path is : /tr_company/etc/asset/globalsearch/res/gpu_shader_mt6899/mt6899_com.android.opengl.shaders_cache
04-12 20:28:24.995  7889  8006 I TranConfigs: getAsset: file path is : /tr_carrier/etc/asset/globalsearch/res/gpu_shader_mt6899/mt6899_com.android.opengl.shaders_cache
04-12 20:28:24.995  7889  8006 I TranConfigs: getAsset: file path is : /tr_region/etc/asset/globalsearch/res/gpu_shader_mt6899/mt6899_com.android.opengl.shaders_cache
04-12 20:28:24.995  7889  8006 I TranConfigs: getAsset: file path is : /tr_product/etc/asset/globalsearch/res/gpu_shader_mt6899/mt6899_com.android.opengl.shaders_cache
04-12 20:28:24.996  7889  8006 I TranConfigs: getAsset: file path is : /system_ext/etc/asset/globalsearch/res/gpu_shader_mt6899/mt6899_com.android.opengl.shaders_cache
04-12 20:28:24.996  7889  8006 I TranConfigs: getAsset: file path is : /tranfs/etc/asset/globalsearch/res/gpu_shader_mt6899/mt6899_com.android.opengl.shaders_cache
04-12 20:28:24.996  7889  8006 E TranConfigs: getAsset: not found path: etc/asset/globalsearch/res/gpu_shader_mt6899/mt6899_com.android.opengl.shaders_cache
04-12 20:28:24.997  2108  2108 W Looper  : Slow dispatch took 132ms main app=system_server main=true h=com.android.server.alarm.AlarmManagerService$AlarmHandler c=null m=7
04-12 20:28:24.998  2108  3156 W AppOpService: Ignored setUidMode call for runtime permission app op: uid = 10123, code = RECEIVE_WAP_PUSH, mode = allow, callingUid = 1001, oldMode = allow
04-12 20:28:24.999  2108  3024 W AppOpService: Ignored setUidMode call for runtime permission app op: uid = 10123, code = READ_CELL_BROADCASTS, mode = allow, callingUid = 1001, oldMode = allow
04-12 20:28:25.001  2108  3584 I START_DEBUG: remove BIND_TIMEOUT finish    ProcessRecord :ProcessRecord{b2c458f 7869:com.transsion.trancare/u0a145}
04-12 20:28:25.002  2108  3352 I START_DEBUG: remove BIND_TIMEOUT finish    ProcessRecord :ProcessRecord{b9b23ec 7850:com.transsion.personalizedService.xos/u0a210}
04-12 20:28:25.011  2108  5046 W AppOpService: Ignored setUidMode call for runtime permission app op: uid = 1001, code = READ_SMS, mode = allow, callingUid = 1001, oldMode = allow
04-12 20:28:25.012  3810  7640 W PowerProfile: ambient.on is deprecated! Use ambient.on.display0 instead.
04-12 20:28:25.012  2108  3024 W AppOpService: Ignored setUidMode call for runtime permission app op: uid = 1001, code = RECEIVE_SMS, mode = allow, callingUid = 1001, oldMode = allow
04-12 20:28:25.012  3810  7640 W PowerProfile: screen.on is deprecated! Use screen.on.display0 instead.
04-12 20:28:25.012  3810  7640 W PowerProfile: screen.full is deprecated! Use screen.full.display0 instead.
04-12 20:28:25.012  3810  7640 W ModemPowerProfile: getAverageBatteryDrainMaH called with unexpected key: 0x0, drain:SLEEP,RAT:DEFAULT
04-12 20:28:25.012  3810  7640 W ModemPowerProfile: getAverageBatteryDrainMaH called with unexpected key: 0x10000000, drain:IDLE,RAT:DEFAULT
04-12 20:28:25.012  3810  7640 W ModemPowerProfile: getAverageBatteryDrainMaH called with unexpected key: 0x20000000, drain:RX,RAT:DEFAULT
04-12 20:28:25.012  3810  7640 W ModemPowerProfile: getAverageBatteryDrainMaH called with unexpected key: 0x30000000, drain:TX,level:0,RAT:DEFAULT
04-12 20:28:25.012  3810  7640 W ModemPowerProfile: getAverageBatteryDrainMaH called with unexpected key: 0x31000000, drain:TX,level:1,RAT:DEFAULT
04-12 20:28:25.012  3810  7640 W ModemPowerProfile: getAverageBatteryDrainMaH called with unexpected key: 0x32000000, drain:TX,level:2,RAT:DEFAULT
04-12 20:28:25.012  3810  7640 W ModemPowerProfile: getAverageBatteryDrainMaH called with unexpected key: 0x33000000, drain:TX,level:3,RAT:DEFAULT
04-12 20:28:25.012  3810  7640 W ModemPowerProfile: getAverageBatteryDrainMaH called with unexpected key: 0x34000000, drain:TX,level:4,RAT:DEFAULT
04-12 20:28:25.014  2108  2467 W AppOpService: Ignored setUidMode call for runtime permission app op: uid = 1001, code = RECEIVE_WAP_PUSH, mode = allow, callingUid = 1001, oldMode = allow
04-12 20:28:25.016  2108  2467 W AppOpService: Ignored setUidMode call for runtime permission app op: uid = 1001, code = SEND_SMS, mode = allow, callingUid = 1001, oldMode = allow
04-12 20:28:25.020  2108  3592 W AppOpService: Ignored setUidMode call for runtime permission app op: uid = 1001, code = READ_CELL_BROADCASTS, mode = allow, callingUid = 1001, oldMode = allow
04-12 20:28:25.031  2108  5019 W AppOpService: Ignored setUidMode call for runtime permission app op: uid = 10123, code = RECEIVE_WAP_PUSH, mode = allow, callingUid = 1001, oldMode = allow
04-12 20:28:25.032  2108  5019 W AppOpService: Ignored setUidMode call for runtime permission app op: uid = 10123, code = READ_CELL_BROADCASTS, mode = allow, callingUid = 1001, oldMode = allow
04-12 20:28:25.033  2108  5046 W AppOpService: Ignored setUidMode call for runtime permission app op: uid = 1001, code = READ_SMS, mode = allow, callingUid = 1001, oldMode = allow
04-12 20:28:25.034  2108  4085 W AppOpService: Ignored setUidMode call for runtime permission app op: uid = 1001, code = RECEIVE_SMS, mode = allow, callingUid = 1001, oldMode = allow
04-12 20:28:25.034  2108  5019 W AppOpService: Ignored setUidMode call for runtime permission app op: uid = 1001, code = RECEIVE_WAP_PUSH, mode = allow, callingUid = 1001, oldMode = allow
04-12 20:28:25.034  2108  3577 W AppOpService: Ignored setUidMode call for runtime permission app op: uid = 1001, code = SEND_SMS, mode = allow, callingUid = 1001, oldMode = allow
04-12 20:28:25.034  2108  5019 W AppOpService: Ignored setUidMode call for runtime permission app op: uid = 1001, code = READ_CELL_BROADCASTS, mode = allow, callingUid = 1001, oldMode = allow
04-12 20:28:25.040  2108  3534 W AppOpService: Ignored setUidMode call for runtime permission app op: uid = 10123, code = RECEIVE_WAP_PUSH, mode = allow, callingUid = 1001, oldMode = allow
04-12 20:28:25.040  2108  3534 W AppOpService: Ignored setUidMode call for runtime permission app op: uid = 10123, code = READ_CELL_BROADCASTS, mode = allow, callingUid = 1001, oldMode = allow
04-12 20:28:25.042  2108  3577 W AppOpService: Ignored setUidMode call for runtime permission app op: uid = 1001, code = READ_SMS, mode = allow, callingUid = 1001, oldMode = allow
04-12 20:28:25.043  2108  3577 W AppOpService: Ignored setUidMode call for runtime permission app op: uid = 1001, code = RECEIVE_SMS, mode = allow, callingUid = 1001, oldMode = allow
04-12 20:28:25.043  2108  3577 W AppOpService: Ignored setUidMode call for runtime permission app op: uid = 1001, code = RECEIVE_WAP_PUSH, mode = allow, callingUid = 1001, oldMode = allow
04-12 20:28:25.043  2108  5019 W AppOpService: Ignored setUidMode call for runtime permission app op: uid = 1001, code = SEND_SMS, mode = allow, callingUid = 1001, oldMode = allow
04-12 20:28:25.044  2108  3155 W AppOpService: Ignored setUidMode call for runtime permission app op: uid = 1001, code = READ_CELL_BROADCASTS, mode = allow, callingUid = 1001, oldMode = allow
04-12 20:28:25.050  2108  2108 I TranAppmService: Package event: android.intent.action.PACKAGE_CHANGED for com.google.android.apps.tachyon
04-12 20:28:25.052  2108  3584 W ActivityManager: Slow operation: 51ms so far, now at finishAttachApplicationInner: after mServices.attachApplicationLocked
04-12 20:28:25.052  2108  3584 W ActivityManager: Slow operation: 51ms so far, now at finishAttachApplicationInner: after dispatching broadcasts
04-12 20:28:25.056  2108  2108 I Griffin/StateProvider: Package changed: android.intent.action.PACKAGE_CHANGED, pkg = com.google.android.apps.tachyon
04-12 20:28:25.064  2108  3414 I START_DEBUG: remove BIND_TIMEOUT finish    ProcessRecord :ProcessRecord{3b52e52 7889:com.transsion.globalsearch/u0a130}
04-12 20:28:25.064  2108  2108 I TranAppmService: Package event: android.intent.action.PACKAGE_CHANGED for com.rlk.weathers
04-12 20:28:25.066  2108  2108 I Griffin/StateProvider: Package changed: android.intent.action.PACKAGE_CHANGED, pkg = com.rlk.weathers
04-12 20:28:25.072  2108  3517 W AppOpService: Ignored setUidMode call for runtime permission app op: uid = 10123, code = RECEIVE_WAP_PUSH, mode = allow, callingUid = 1001, oldMode = allow
04-12 20:28:25.073  2108  2108 I TranAppmService: Package event: android.intent.action.PACKAGE_CHANGED for com.rlk.weathers
04-12 20:28:25.073  2108  2108 I Griffin/StateProvider: Package changed: android.intent.action.PACKAGE_CHANGED, pkg = com.rlk.weathers
04-12 20:28:25.074  2108  2108 I TranAppmService: Package event: android.intent.action.PACKAGE_CHANGED for com.google.android.gms
04-12 20:28:25.077  2108  2108 I Griffin/StateProvider: Package changed: android.intent.action.PACKAGE_CHANGED, pkg = com.google.android.gms
04-12 20:28:25.083  2108  3414 W AppOpService: Ignored setUidMode call for runtime permission app op: uid = 10123, code = READ_CELL_BROADCASTS, mode = allow, callingUid = 1001, oldMode = allow
04-12 20:28:25.085  2108  3157 W AppOpService: Ignored setUidMode call for runtime permission app op: uid = 10215, code = FINE_LOCATION, mode = allow, callingUid = 1000, oldMode = allow
04-12 20:28:25.094  2108  2108 I TranAppmService: Package event: android.intent.action.PACKAGE_CHANGED for com.google.android.gms
04-12 20:28:25.097  2108  3157 W AppOpService: Ignored setUidMode call for runtime permission app op: uid = 10215, code = FINE_LOCATION, mode = allow, callingUid = 1000, oldMode = allow
04-12 20:28:25.098  2108  2108 I Griffin/StateProvider: Package changed: android.intent.action.PACKAGE_CHANGED, pkg = com.google.android.gms
04-12 20:28:25.100   733   762 I keystore2: system/security/keystore2/src/security_level.rs:245 - caller pid=7889, uid=10130; force = false; key domain=r#KEY_ID, alias = None
04-12 20:28:25.101   733   762 I keystore2: system/security/keystore2/src/security_level.rs:343 - upgrade_keyblob_if_required_with start
04-12 20:28:25.101  2108  3542 W AppOpService: Ignored setUidMode call for runtime permission app op: uid = 1001, code = READ_SMS, mode = allow, callingUid = 1001, oldMode = allow
04-12 20:28:25.102  2108  3156 W AppOpService: Ignored setUidMode call for runtime permission app op: uid = 1001, code = RECEIVE_SMS, mode = allow, callingUid = 1001, oldMode = allow
04-12 20:28:25.103  2108  2467 W AppOpService: Ignored setUidMode call for runtime permission app op: uid = 1001, code = RECEIVE_WAP_PUSH, mode = allow, callingUid = 1001, oldMode = allow
04-12 20:28:25.103  2108  2132 W AppOpService: Ignored setUidMode call for runtime permission app op: uid = 1001, code = SEND_SMS, mode = allow, callingUid = 1001, oldMode = allow
04-12 20:28:25.103  2108  3534 W AppOpService: Ignored setUidMode call for runtime permission app op: uid = 1001, code = READ_CELL_BROADCASTS, mode = allow, callingUid = 1001, oldMode = allow
04-12 20:28:25.104   733   762 I keystore2: system/security/keystore2/src/enforcements.rs:236 - finalize_create_authorization self.state=NoAuthRequired
04-12 20:28:25.104   733   762 I keystore2: system/security/keystore2/src/security_level.rs:388 - upgrade_keyblob_if_required_with end; operation_db.create_operation start
04-12 20:28:25.104   733   762 I keystore2: system/security/keystore2/src/security_level.rs:406 - operation_db.create_operation end
04-12 20:28:25.108  2108  2108 I TranAppmService: Package event: android.intent.action.PACKAGE_CHANGED for tech.palm.find
04-12 20:28:25.109  2108  2108 I Griffin/StateProvider: Package changed: android.intent.action.PACKAGE_CHANGED, pkg = tech.palm.find
04-12 20:28:25.110  2108  2108 W JobScheduler: Job didn't exist in JobStore: 4a9380b {androidx.work.systemjobscheduler} #u0a251/21 @androidx.work.systemjobscheduler@com.google.android.apps.tachyon/androidx.work.impl.background.systemjob.SystemJobService
04-12 20:28:25.111  2108  3156 I START_DEBUG: remove BIND_TIMEOUT finish    ProcessRecord :ProcessRecord{9ecd473 7697:com.google.android.inputmethod.latin/u0a245}
04-12 20:28:25.114   733  3167 I keystore2: system/security/keystore2/src/security_level.rs:245 - caller pid=7889, uid=10130; force = false; key domain=r#KEY_ID, alias = None
04-12 20:28:25.114   733  3167 E keystore2: system/security/keystore2/src/database.rs:1529 -  in make_connection-start
04-12 20:28:25.115   733  3167 I keystore2: system/security/keystore2/src/security_level.rs:343 - upgrade_keyblob_if_required_with start
04-12 20:28:25.117  2108  2132 W AppOpService: Ignored setUidMode call for runtime permission app op: uid = 10123, code = RECEIVE_WAP_PUSH, mode = allow, callingUid = 1001, oldMode = allow
04-12 20:28:25.117  2108  3578 W AppOpService: Ignored setUidMode call for runtime permission app op: uid = 10123, code = READ_CELL_BROADCASTS, mode = allow, callingUid = 1001, oldMode = allow
04-12 20:28:25.120  2108  3534 W AppOpService: Ignored setUidMode call for runtime permission app op: uid = 1001, code = READ_SMS, mode = allow, callingUid = 1001, oldMode = allow
04-12 20:28:25.121   733  3167 I keystore2: system/security/keystore2/src/enforcements.rs:236 - finalize_create_authorization self.state=NoAuthRequired
04-12 20:28:25.121   733  3167 I keystore2: system/security/keystore2/src/security_level.rs:388 - upgrade_keyblob_if_required_with end; operation_db.create_operation start
04-12 20:28:25.121   733  3167 I keystore2: system/security/keystore2/src/security_level.rs:406 - operation_db.create_operation end
04-12 20:28:25.121  2108  3024 W AppOpService: Ignored setUidMode call for runtime permission app op: uid = 1001, code = RECEIVE_SMS, mode = allow, callingUid = 1001, oldMode = allow
04-12 20:28:25.122  2108  3353 W AppOpService: Ignored setUidMode call for runtime permission app op: uid = 1001, code = RECEIVE_WAP_PUSH, mode = allow, callingUid = 1001, oldMode = allow
04-12 20:28:25.122  2108  3353 W AppOpService: Ignored setUidMode call for runtime permission app op: uid = 1001, code = SEND_SMS, mode = allow, callingUid = 1001, oldMode = allow
04-12 20:28:25.122  2108  2727 W AppOpService: Ignored setUidMode call for runtime permission app op: uid = 1001, code = READ_CELL_BROADCASTS, mode = allow, callingUid = 1001, oldMode = allow
04-12 20:28:25.124  2108  2108 I TranAppmService: Package event: android.intent.action.PACKAGE_CHANGED for com.android.carrierdefaultapp
04-12 20:28:25.132  2108  2108 I Griffin/StateProvider: Package changed: android.intent.action.PACKAGE_CHANGED, pkg = com.android.carrierdefaultapp
04-12 20:28:25.136  2108  2108 I TranAppmService: Package event: android.intent.action.PACKAGE_CHANGED for com.android.bluetooth
04-12 20:28:25.138   733   763 I keystore2: system/security/keystore2/src/security_level.rs:245 - caller pid=7850, uid=10210; force = false; key domain=r#KEY_ID, alias = None
04-12 20:28:25.138   733   763 I keystore2: system/security/keystore2/src/security_level.rs:343 - upgrade_keyblob_if_required_with start
04-12 20:28:25.139   733   763 I keystore2: system/security/keystore2/src/enforcements.rs:236 - finalize_create_authorization self.state=NoAuthRequired
04-12 20:28:25.139   733   763 I keystore2: system/security/keystore2/src/security_level.rs:388 - upgrade_keyblob_if_required_with end; operation_db.create_operation start
04-12 20:28:25.139   733   763 I keystore2: system/security/keystore2/src/security_level.rs:406 - operation_db.create_operation end
04-12 20:28:25.145  2108  2643 I MR2ProviderWatcher: Enabling proxy for MediaRoute2ProviderService: ComponentInfo{com.google.android.gms/com.google.android.gms.cast.media.CastMediaRoute2ProviderService_Persistent} (isSelfScan=false, supportsSystemMediaRouting=false, userId=0)
04-12 20:28:25.158  2108  5048 W AppOpService: Ignored setUidMode call for runtime permission app op: uid = 10123, code = RECEIVE_WAP_PUSH, mode = allow, callingUid = 1001, oldMode = allow
04-12 20:28:25.158  2108  3260 E tranpm/ProcessDataInstance: hasLaunchIcon: packageName = null
04-12 20:28:25.158  2108  3260 E tranpm/ProcessDataInstance: hasLaunchIcon: packageName = null
04-12 20:28:25.158  2108  5048 W AppOpService: Ignored setUidMode call for runtime permission app op: uid = 10123, code = READ_CELL_BROADCASTS, mode = allow, callingUid = 1001, oldMode = allow
04-12 20:28:25.161  2108  2131 W AppOpService: Ignored setUidMode call for runtime permission app op: uid = 1001, code = READ_SMS, mode = allow, callingUid = 1001, oldMode = allow
04-12 20:28:25.162  2108  3443 W AppOpService: Ignored setUidMode call for runtime permission app op: uid = 1001, code = RECEIVE_SMS, mode = allow, callingUid = 1001, oldMode = allow
04-12 20:28:25.162  2108  2785 W AppOpService: Ignored setUidMode call for runtime permission app op: uid = 1001, code = RECEIVE_WAP_PUSH, mode = allow, callingUid = 1001, oldMode = allow
04-12 20:28:25.163  2108  2131 W AppOpService: Ignored setUidMode call for runtime permission app op: uid = 1001, code = SEND_SMS, mode = allow, callingUid = 1001, oldMode = allow
04-12 20:28:25.163  2108  2131 W AppOpService: Ignored setUidMode call for runtime permission app op: uid = 1001, code = READ_CELL_BROADCASTS, mode = allow, callingUid = 1001, oldMode = allow
04-12 20:28:25.169  2108  3577 W AppOpService: Ignored setUidMode call for runtime permission app op: uid = 10123, code = RECEIVE_WAP_PUSH, mode = allow, callingUid = 1001, oldMode = allow
04-12 20:28:25.170  2108  3443 W AppOpService: Ignored setUidMode call for runtime permission app op: uid = 10123, code = READ_CELL_BROADCASTS, mode = allow, callingUid = 1001, oldMode = allow
04-12 20:28:25.175  2108  2467 W AppOpService: Ignored setUidMode call for runtime permission app op: uid = 1001, code = READ_SMS, mode = allow, callingUid = 1001, oldMode = allow
04-12 20:28:25.184  2108  3024 W AppOpService: Ignored setUidMode call for runtime permission app op: uid = 1001, code = RECEIVE_SMS, mode = allow, callingUid = 1001, oldMode = allow
04-12 20:28:25.185  2108  3036 W AppOpService: Ignored setUidMode call for runtime permission app op: uid = 1001, code = RECEIVE_WAP_PUSH, mode = allow, callingUid = 1001, oldMode = allow
04-12 20:28:25.186  2108  2131 W AppOpService: Ignored setUidMode call for runtime permission app op: uid = 1001, code = SEND_SMS, mode = allow, callingUid = 1001, oldMode = allow
04-12 20:28:25.188  2108  3578 W AppOpService: Ignored setUidMode call for runtime permission app op: uid = 1001, code = READ_CELL_BROADCASTS, mode = allow, callingUid = 1001, oldMode = allow
04-12 20:28:25.217   733  3167 I keystore2: system/security/keystore2/src/security_level.rs:245 - caller pid=7889, uid=10130; force = false; key domain=r#KEY_ID, alias = None
04-12 20:28:25.217  2108  3156 W AppOpService: Ignored setUidMode call for runtime permission app op: uid = 10123, code = RECEIVE_WAP_PUSH, mode = allow, callingUid = 1001, oldMode = allow
04-12 20:28:25.218   733  3167 I keystore2: system/security/keystore2/src/security_level.rs:343 - upgrade_keyblob_if_required_with start
04-12 20:28:25.219   733  3167 I keystore2: system/security/keystore2/src/enforcements.rs:236 - finalize_create_authorization self.state=NoAuthRequired
04-12 20:28:25.219   733  3167 I keystore2: system/security/keystore2/src/security_level.rs:388 - upgrade_keyblob_if_required_with end; operation_db.create_operation start
04-12 20:28:25.219   733  3167 I keystore2: system/security/keystore2/src/security_level.rs:406 - operation_db.create_operation end
04-12 20:28:25.221  2108  5046 W AppOpService: Ignored setUidMode call for runtime permission app op: uid = 10123, code = READ_CELL_BROADCASTS, mode = allow, callingUid = 1001, oldMode = allow
04-12 20:28:25.232  2108  3024 W AppOpService: Ignored setUidMode call for runtime permission app op: uid = 1001, code = READ_SMS, mode = allow, callingUid = 1001, oldMode = allow
04-12 20:28:25.233  2108  2131 W AppOpService: Ignored setUidMode call for runtime permission app op: uid = 1001, code = RECEIVE_SMS, mode = allow, callingUid = 1001, oldMode = allow
04-12 20:28:25.233  2108  3155 W AppOpService: Ignored setUidMode call for runtime permission app op: uid = 1001, code = RECEIVE_WAP_PUSH, mode = allow, callingUid = 1001, oldMode = allow
04-12 20:28:25.233  2108  3155 W AppOpService: Ignored setUidMode call for runtime permission app op: uid = 1001, code = SEND_SMS, mode = allow, callingUid = 1001, oldMode = allow
04-12 20:28:25.233  2108  3155 W AppOpService: Ignored setUidMode call for runtime permission app op: uid = 1001, code = READ_CELL_BROADCASTS, mode = allow, callingUid = 1001, oldMode = allow
04-12 20:28:25.247  2108  5046 W AppOpService: Ignored setUidMode call for runtime permission app op: uid = 10123, code = RECEIVE_WAP_PUSH, mode = allow, callingUid = 1001, oldMode = allow
04-12 20:28:25.249  2108  3577 I UsfSystemServer/appSceneHooker: duplicate service bind status, skip
04-12 20:28:25.249  2108  5019 W AppOpService: Ignored setUidMode call for runtime permission app op: uid = 10123, code = READ_CELL_BROADCASTS, mode = allow, callingUid = 1001, oldMode = allow
04-12 20:28:25.252  2108  3534 W AppOpService: Ignored setUidMode call for runtime permission app op: uid = 1001, code = READ_SMS, mode = allow, callingUid = 1001, oldMode = allow
04-12 20:28:25.252  2108  3577 W AppOpService: Ignored setUidMode call for runtime permission app op: uid = 1001, code = RECEIVE_SMS, mode = allow, callingUid = 1001, oldMode = allow
04-12 20:28:25.252  2108  3577 W AppOpService: Ignored setUidMode call for runtime permission app op: uid = 1001, code = RECEIVE_WAP_PUSH, mode = allow, callingUid = 1001, oldMode = allow
04-12 20:28:25.252  2108  3577 W AppOpService: Ignored setUidMode call for runtime permission app op: uid = 1001, code = SEND_SMS, mode = allow, callingUid = 1001, oldMode = allow
04-12 20:28:25.252  2108  3534 W AppOpService: Ignored setUidMode call for runtime permission app op: uid = 1001, code = READ_CELL_BROADCASTS, mode = allow, callingUid = 1001, oldMode = allow
04-12 20:28:25.260  2108  2785 W AppOpService: Ignored setUidMode call for runtime permission app op: uid = 10123, code = RECEIVE_WAP_PUSH, mode = allow, callingUid = 1001, oldMode = allow
04-12 20:28:25.261  2108  3577 W AppOpService: Ignored setUidMode call for runtime permission app op: uid = 10123, code = READ_CELL_BROADCASTS, mode = allow, callingUid = 1001, oldMode = allow
04-12 20:28:25.272  2108  3577 W AppOpService: Ignored setUidMode call for runtime permission app op: uid = 1001, code = READ_SMS, mode = allow, callingUid = 1001, oldMode = allow
