04-12 20:28:19.119  2108  2181 I START_DEBUG: send START_TIMEOUT message    ProcessRecord :ProcessRecord{373ee16 6345:com.google.android.partnersetup/u0a222}
04-12 20:28:19.119  2108  2181 I ActivityManager: ProcessObserver broadcast disabled
04-12 20:28:19.123  2108  2155 I WindowManager: setVisibility: false, !mTransitionController.inTransition() = true, this = WallpaperWindowToken{76af2a9 showWhenLocked=true}
04-12 20:28:19.123  2108  2155 I WindowManager: setVisibility: true, !mTransitionController.inTransition() = true, this = WallpaperWindowToken{2545f93 showWhenLocked=false}
04-12 20:28:19.126  2108  4144 I TranAiNetControlNotifier: initSleepSubscribe finished
04-12 20:28:19.173  2108  2466 I START_DEBUG: send BINDTIMEOUT    ProcessRecord :ProcessRecord{373ee16 6345:com.google.android.partnersetup/u0a222}
04-12 20:28:19.173  2108  2466 I START_DEBUG: remove START_TIMEOUT finish    ProcessRecord :ProcessRecord{373ee16 6345:com.google.android.partnersetup/u0a222}
04-12 20:28:19.177  6345  6362 I AppProperties: enter initialize com.google.android.partnersetup
04-12 20:28:19.177  6345  6362 I AppProperties: readAllPropFiles directoryPath=/system_ext/etc/vconfig/com.google.android.partnersetup/
04-12 20:28:19.177  6345  6362 I AppProperties: enter readPropFiles count=0
04-12 20:28:19.177  6345  6362 I AppProperties: readAllPropFiles directoryPath=/tr_product/etc/vconfig/com.google.android.partnersetup/
04-12 20:28:19.178  6345  6362 I AppProperties: enter readPropFiles count=0
04-12 20:28:19.178  6345  6362 I AppProperties: readAllPropFiles directoryPath=/tr_region/etc/vconfig/com.google.android.partnersetup/
04-12 20:28:19.178  6345  6362 I AppProperties: enter readPropFiles count=0
04-12 20:28:19.178  6345  6362 I AppProperties: readAllPropFiles directoryPath=/tr_carrier/etc/vconfig/com.google.android.partnersetup/
04-12 20:28:19.178  6345  6362 I AppProperties: enter readPropFiles count=0
04-12 20:28:19.178  6345  6362 I AppProperties: readAllPropFiles directoryPath=/tr_company/etc/vconfig/com.google.android.partnersetup/
04-12 20:28:19.178  6345  6362 I AppProperties: enter readPropFiles count=0
04-12 20:28:19.178  6345  6362 I AppProperties: readAllPropFiles directoryPath=/tranfs/etc/vconfig/com.google.android.partnersetup/
04-12 20:28:19.178  6345  6362 I AppProperties: enter readPropFiles count=0
04-12 20:28:19.227  2108  2547 E SyncManager: Couldn't find backoff values for Account {name=xxxxxxxxxxx@xxxxx.xxx, type=com.google}/subscribedfeeds:u0
04-12 20:28:19.271  2108  2108 I TransportConnection: D2dTransportService#1: Notifying [TransportManager.registerTransport()] transport = BackupTransportClient
04-12 20:28:19.272  2108  2108 I DevicePolicyManager: Finished calculating hasIncompatibleAccountsTask
04-12 20:28:19.281  2108  4554 D BackupManagerService: [UserID:0] Transport com.google.android.gms/.backup.migrate.service.D2dTransport registered 4249ms after first request (delay = 3000ms)
04-12 20:28:19.308  2108  3517 I START_DEBUG: remove BIND_TIMEOUT finish    ProcessRecord :ProcessRecord{373ee16 6345:com.google.android.partnersetup/u0a222}
04-12 20:28:19.335  2108  2131 E tranpm/ProcessDataInstance: hasLaunchIcon: packageName = null
04-12 20:28:19.335  2108  2131 E tranpm/ProcessDataInstance: hasLaunchIcon: packageName = null
04-12 20:28:19.356  2108  2108 W TextToSpeechManagerPerUserService: Disconnected from TTS engine
04-12 20:28:19.362  2108  3517 I tranpm/ServicePolicy: limitBindServiceLocked by systemSence - cold: callingPackage = com.android.vending, targetPkg = com.google.android.gms
04-12 20:28:19.379  2108  3584 W ActivityManager: Unbind failed: could not find connection for android.os.BinderProxy@56540b
04-12 20:28:19.400  2108  3024 I UsfSystemServer/appSceneHooker: duplicate service bind status, skip
04-12 20:28:19.411  2108  2785 I ActivityManager: checkedOptions.getThunderBackSupport() = false, packageName = com.google.android.gms , thunderbackUserId = 0
04-12 20:28:19.411  2108  2785 I TranCustomizedTransitionAnimController: TranDynamicBarAnimControllerImpl setFromDynamicIslandToWindow pkgName:com.google.android.gms
04-12 20:28:19.411  2108  2785 I TranCustomizedTransitionAnimController: start setFromDynamicIslandToWindow startFromDynamicIsland:false targetPkgName:null
04-12 20:28:19.411  2108  2785 I TranCustomizedTransitionAnimController: end setFromDynamicIslandToWindow mDynamicIslandPkgName:com.google.android.gms mStartFromDynamicIsland:false
04-12 20:28:19.412  2108  2525 I ActivityManager: checkedOptions.getThunderBackSupport() = false, packageName = android , thunderbackUserId = 0
04-12 20:28:19.415  2108  2525 I TranCustomizedTransitionAnimController: TranDynamicBarAnimControllerImpl setFromDynamicIslandToWindow pkgName:android
04-12 20:28:19.415  2108  2525 I TranCustomizedTransitionAnimController: start setFromDynamicIslandToWindow startFromDynamicIsland:false targetPkgName:null
04-12 20:28:19.415  2108  2525 I TranCustomizedTransitionAnimController: end setFromDynamicIslandToWindow mDynamicIslandPkgName:android mStartFromDynamicIsland:false
04-12 20:28:19.422  2108  3155 I UsfSystemServer/appSceneHooker: duplicate service bind status, skip
04-12 20:28:19.425  2108  3024 I ActivityManager: checkedOptions.getThunderBackSupport() = false, packageName = com.google.android.gms , thunderbackUserId = 0
04-12 20:28:19.425  2108  3024 I TranCustomizedTransitionAnimController: TranDynamicBarAnimControllerImpl setFromDynamicIslandToWindow pkgName:com.google.android.gms
04-12 20:28:19.425  2108  3024 I TranCustomizedTransitionAnimController: start setFromDynamicIslandToWindow startFromDynamicIsland:false targetPkgName:null
04-12 20:28:19.425  2108  3024 I TranCustomizedTransitionAnimController: end setFromDynamicIslandToWindow mDynamicIslandPkgName:com.google.android.gms mStartFromDynamicIsland:false
04-12 20:28:19.433  2108  2525 I ActivityManager: checkedOptions.getThunderBackSupport() = false, packageName = android , thunderbackUserId = 0
04-12 20:28:19.433  2108  2525 I TranCustomizedTransitionAnimController: TranDynamicBarAnimControllerImpl setFromDynamicIslandToWindow pkgName:android
04-12 20:28:19.433  2108  2525 I TranCustomizedTransitionAnimController: start setFromDynamicIslandToWindow startFromDynamicIsland:false targetPkgName:null
04-12 20:28:19.433  2108  2525 I TranCustomizedTransitionAnimController: end setFromDynamicIslandToWindow mDynamicIslandPkgName:android mStartFromDynamicIsland:false
04-12 20:28:19.451  2108  2525 I ActivityManager: checkedOptions.getThunderBackSupport() = false, packageName = android , thunderbackUserId = 0
04-12 20:28:19.451  2108  2525 I TranCustomizedTransitionAnimController: TranDynamicBarAnimControllerImpl setFromDynamicIslandToWindow pkgName:android
04-12 20:28:19.451  2108  2525 I TranCustomizedTransitionAnimController: start setFromDynamicIslandToWindow startFromDynamicIsland:false targetPkgName:null
04-12 20:28:19.451  2108  2525 I TranCustomizedTransitionAnimController: end setFromDynamicIslandToWindow mDynamicIslandPkgName:android mStartFromDynamicIsland:false
04-12 20:28:19.452  2108  3155 I ActivityManager: checkedOptions.getThunderBackSupport() = false, packageName = com.google.android.gms , thunderbackUserId = 0
04-12 20:28:19.453  2108  3155 I TranCustomizedTransitionAnimController: TranDynamicBarAnimControllerImpl setFromDynamicIslandToWindow pkgName:com.google.android.gms
04-12 20:28:19.453  2108  3155 I TranCustomizedTransitionAnimController: start setFromDynamicIslandToWindow startFromDynamicIsland:false targetPkgName:null
04-12 20:28:19.453  2108  3155 I TranCustomizedTransitionAnimController: end setFromDynamicIslandToWindow mDynamicIslandPkgName:com.google.android.gms mStartFromDynamicIsland:false
04-12 20:28:19.470  2108  2132 I UsfSystemServer/appSceneHooker: duplicate service bind status, skip
04-12 20:28:19.504   733   733 I keystore2: system/security/keystore2/src/security_level.rs:245 - caller pid=2108, uid=1000; force = false; key domain=r#KEY_ID, alias = None
04-12 20:28:19.505   733   733 I keystore2: system/security/keystore2/src/security_level.rs:343 - upgrade_keyblob_if_required_with start
04-12 20:28:19.506   733   733 I keystore2: system/security/keystore2/src/enforcements.rs:236 - finalize_create_authorization self.state=NoAuthRequired
04-12 20:28:19.506   733   733 I keystore2: system/security/keystore2/src/security_level.rs:388 - upgrade_keyblob_if_required_with end; operation_db.create_operation start
04-12 20:28:19.506   733   733 I keystore2: system/security/keystore2/src/security_level.rs:406 - operation_db.create_operation end
04-12 20:28:19.516  1797  1797 W wificond: Scan is not started. Ignore abort request
04-12 20:28:19.523  2108  2597 W ContextImpl: Calling a method in the system process without a qualified user: android.app.ContextImpl.sendStickyBroadcast:1777 com.android.server.wifi.ClientModeImpl.sendNetworkChangeBroadcast:3383 com.android.server.wifi.ClientModeImpl.lambda$sendNetworkChangeBroadcastWithCurrentState$16:3360 com.android.server.wifi.ClientModeImpl.$r8$lambda$Mjx94RT82nKyrzK5lEIlrXrNMhg:0 com.android.server.wifi.ClientModeImpl$$ExternalSyntheticLambda13.send:0 
04-12 20:28:19.530  2108  2108 I TransportConnection: BackupTransportService#2: Notifying [TransportManager.registerTransport()] transport = BackupTransportClient
04-12 20:28:19.545  2108  4554 D BackupManagerService: [UserID:0] Transport com.google.android.gms/.backup.BackupTransportService registered 4514ms after first request (delay = 3000ms)
04-12 20:28:19.554  2108  3024 I ActivityManager: checkedOptions.getThunderBackSupport() = false, packageName = com.google.android.gms , thunderbackUserId = 0
04-12 20:28:19.554  2108  3024 I TranCustomizedTransitionAnimController: TranDynamicBarAnimControllerImpl setFromDynamicIslandToWindow pkgName:com.google.android.gms
04-12 20:28:19.554  2108  3024 I TranCustomizedTransitionAnimController: start setFromDynamicIslandToWindow startFromDynamicIsland:false targetPkgName:null
04-12 20:28:19.554  2108  3024 I TranCustomizedTransitionAnimController: end setFromDynamicIslandToWindow mDynamicIslandPkgName:com.google.android.gms mStartFromDynamicIsland:false
04-12 20:28:19.591  2108  4554 I BackupManagerService: [UserID:0] Found 1 stale backup journal(s), scheduling.
04-12 20:28:19.592  2108  4554 I BackupManagerService: [UserID:0] Stale backup journals: Scheduled 32 package(s) total
04-12 20:28:19.599  2108  2132 I ActivityManager: checkedOptions.getThunderBackSupport() = false, packageName = com.google.android.gms , thunderbackUserId = 0
04-12 20:28:19.599  2108  2132 I TranCustomizedTransitionAnimController: TranDynamicBarAnimControllerImpl setFromDynamicIslandToWindow pkgName:com.google.android.gms
04-12 20:28:19.599  2108  2132 I TranCustomizedTransitionAnimController: start setFromDynamicIslandToWindow startFromDynamicIsland:false targetPkgName:null
04-12 20:28:19.599  2108  2132 I TranCustomizedTransitionAnimController: end setFromDynamicIslandToWindow mDynamicIslandPkgName:com.google.android.gms mStartFromDynamicIsland:false
04-12 20:28:19.605  2108  5043 I tranpm/ServicePolicy: limitBindServiceLocked by systemSence - cold: callingPackage = com.google.android.gms, targetPkg = com.google.android.mosey
04-12 20:28:19.621  2108  3155 I ActivityManager: checkedOptions.getThunderBackSupport() = false, packageName = com.google.android.gms , thunderbackUserId = 0
04-12 20:28:19.621  2108  3155 I TranCustomizedTransitionAnimController: TranDynamicBarAnimControllerImpl setFromDynamicIslandToWindow pkgName:com.google.android.gms
04-12 20:28:19.621  2108  3155 I TranCustomizedTransitionAnimController: start setFromDynamicIslandToWindow startFromDynamicIsland:false targetPkgName:null
04-12 20:28:19.621  2108  3155 I TranCustomizedTransitionAnimController: end setFromDynamicIslandToWindow mDynamicIslandPkgName:com.google.android.gms mStartFromDynamicIsland:false
04-12 20:28:19.647  2108  2132 I PackageManager: setEnabledSettings callingUid = 10222 callingPid = 6345 packageName = com.android.vending componentName = null callingPackage= com.google.android.partnersetup newState = 1 userId = 0 flags = 1
04-12 20:28:19.654  2108  3534 I PackageManager: setEnabledSettings callingUid = 10222 callingPid = 6345 packageName = com.google.android.apps.maps componentName = null callingPackage= com.google.android.partnersetup newState = 1 userId = 0 flags = 1
04-12 20:28:19.656  2108  3534 I PackageManager: setEnabledSettings callingUid = 10222 callingPid = 6345 packageName = com.google.android.videos componentName = null callingPackage= com.google.android.partnersetup newState = 2 userId = 0 flags = 0
04-12 20:28:19.659  2108  2132 I PackageManager: setEnabledSettings callingUid = 10222 callingPid = 6345 packageName = com.google.android.youtube componentName = null callingPackage= com.google.android.partnersetup newState = 1 userId = 0 flags = 1
04-12 20:28:19.680  2108  3260 W ActivityManager: Slow operation: 69ms so far, now at startProcess: done updating battery stats
04-12 20:28:19.680  2108  3260 W ActivityManager: Slow operation: 69ms so far, now at startProcess: building log message
04-12 20:28:19.680  2108  3260 I ActivityManager: Start proc 6443:com.android.imsserviceentitlement/u0a110 for broadcast {com.android.imsserviceentitlement/com.android.imsserviceentitlement.ImsEntitlementReceiver}
04-12 20:28:19.680  2108  3260 W ActivityManager: Slow operation: 69ms so far, now at startProcess: starting to update pids map
04-12 20:28:19.681  2108  3260 I ActivityManager: ProcessObserver broadcast disabled
04-12 20:28:19.681  2108  3260 W ActivityManager: Slow operation: 70ms so far, now at startProcess: done updating pids map
04-12 20:28:19.682  2108  3260 I START_DEBUG: send BINDTIMEOUT    ProcessRecord :ProcessRecord{afd505e 6443:com.android.imsserviceentitlement/u0a110}
04-12 20:28:19.682  2108  3260 I START_DEBUG: remove START_TIMEOUT finish    ProcessRecord :ProcessRecord{afd505e 6443:com.android.imsserviceentitlement/u0a110}
04-12 20:28:19.686  6443  6458 I AppProperties: enter initialize com.android.imsserviceentitlement
04-12 20:28:19.686  6443  6458 I AppProperties: readAllPropFiles directoryPath=/system_ext/etc/vconfig/com.android.imsserviceentitlement/
04-12 20:28:19.689  6443  6458 I AppProperties: enter readPropFiles count=0
04-12 20:28:19.689  6443  6458 I AppProperties: readAllPropFiles directoryPath=/tr_product/etc/vconfig/com.android.imsserviceentitlement/
04-12 20:28:19.689  6443  6458 I AppProperties: enter readPropFiles count=0
04-12 20:28:19.689  6443  6458 I AppProperties: readAllPropFiles directoryPath=/tr_region/etc/vconfig/com.android.imsserviceentitlement/
04-12 20:28:19.689  6443  6458 I AppProperties: enter readPropFiles count=0
04-12 20:28:19.689  6443  6458 I AppProperties: readAllPropFiles directoryPath=/tr_carrier/etc/vconfig/com.android.imsserviceentitlement/
04-12 20:28:19.689  6443  6458 I AppProperties: enter readPropFiles count=0
04-12 20:28:19.689  6443  6458 I AppProperties: readAllPropFiles directoryPath=/tr_company/etc/vconfig/com.android.imsserviceentitlement/
04-12 20:28:19.689  6443  6458 I AppProperties: enter readPropFiles count=0
04-12 20:28:19.689  6443  6458 I AppProperties: readAllPropFiles directoryPath=/tranfs/etc/vconfig/com.android.imsserviceentitlement/
04-12 20:28:19.689  6443  6458 I AppProperties: enter readPropFiles count=0
04-12 20:28:19.699  2108  2467 I UsfSystemServer/appSceneHooker: duplicate service bind status, skip
04-12 20:28:19.709  2108  2597 W ContextImpl: Calling a method in the system process without a qualified user: android.app.ContextImpl.sendStickyBroadcast:1777 com.android.server.wifi.ClientModeImpl.sendNetworkChangeBroadcast:3383 com.android.server.wifi.ClientModeImpl.lambda$sendNetworkChangeBroadcastWithCurrentState$16:3360 com.android.server.wifi.ClientModeImpl.$r8$lambda$Mjx94RT82nKyrzK5lEIlrXrNMhg:0 com.android.server.wifi.ClientModeImpl$$ExternalSyntheticLambda13.send:0 
04-12 20:28:19.711  2108  3155 I UsfSystemServer/appSceneHooker: duplicate service bind status, skip
04-12 20:28:19.718  2108  2467 I START_DEBUG: remove BIND_TIMEOUT finish    ProcessRecord :ProcessRecord{afd505e 6443:com.android.imsserviceentitlement/u0a110}
04-12 20:28:19.722  2108  2597 W ContextImpl: Calling a method in the system process without a qualified user: android.app.ContextImpl.sendStickyBroadcast:1777 com.android.server.wifi.ClientModeImpl.sendNetworkChangeBroadcast:3383 com.android.server.wifi.ClientModeImpl.lambda$sendNetworkChangeBroadcastWithCurrentState$16:3360 com.android.server.wifi.ClientModeImpl.$r8$lambda$Mjx94RT82nKyrzK5lEIlrXrNMhg:0 com.android.server.wifi.ClientModeImpl$$ExternalSyntheticLambda13.send:0 
04-12 20:28:19.734  2108  2597 W ContextImpl: Calling a method in the system process without a qualified user: android.app.ContextImpl.sendStickyBroadcast:1777 com.android.server.wifi.ClientModeImpl.sendNetworkChangeBroadcast:3383 com.android.server.wifi.ClientModeImpl.lambda$sendNetworkChangeBroadcastWithCurrentState$16:3360 com.android.server.wifi.ClientModeImpl.$r8$lambda$Mjx94RT82nKyrzK5lEIlrXrNMhg:0 com.android.server.wifi.ClientModeImpl$$ExternalSyntheticLambda13.send:0 
04-12 20:28:19.752   733   733 I keystore2: system/security/keystore2/src/security_level.rs:245 - caller pid=4178, uid=10233; force = false; key domain=r#KEY_ID, alias = None
04-12 20:28:19.753   733   733 I keystore2: system/security/keystore2/src/security_level.rs:343 - upgrade_keyblob_if_required_with start
04-12 20:28:19.757   733   733 I keystore2: system/security/keystore2/src/enforcements.rs:236 - finalize_create_authorization self.state=NoAuthRequired
04-12 20:28:19.757   733   733 I keystore2: system/security/keystore2/src/security_level.rs:388 - upgrade_keyblob_if_required_with end; operation_db.create_operation start
04-12 20:28:19.757   733   733 I keystore2: system/security/keystore2/src/security_level.rs:406 - operation_db.create_operation end
04-12 20:28:19.769   733   733 I keystore2: system/security/keystore2/src/security_level.rs:245 - caller pid=4178, uid=10233; force = false; key domain=r#KEY_ID, alias = None
04-12 20:28:19.769   733   733 I keystore2: system/security/keystore2/src/security_level.rs:343 - upgrade_keyblob_if_required_with start
04-12 20:28:19.773   733   733 I keystore2: system/security/keystore2/src/enforcements.rs:236 - finalize_create_authorization self.state=NoAuthRequired
04-12 20:28:19.773   733   733 I keystore2: system/security/keystore2/src/security_level.rs:388 - upgrade_keyblob_if_required_with end; operation_db.create_operation start
04-12 20:28:19.773   733   733 I keystore2: system/security/keystore2/src/security_level.rs:406 - operation_db.create_operation end
04-12 20:28:19.781   733   733 I keystore2: system/security/keystore2/src/security_level.rs:245 - caller pid=4178, uid=10233; force = false; key domain=r#KEY_ID, alias = None
04-12 20:28:19.782   733   733 I keystore2: system/security/keystore2/src/security_level.rs:343 - upgrade_keyblob_if_required_with start
04-12 20:28:19.784   733   733 I keystore2: system/security/keystore2/src/enforcements.rs:236 - finalize_create_authorization self.state=NoAuthRequired
04-12 20:28:19.784   733   733 I keystore2: system/security/keystore2/src/security_level.rs:388 - upgrade_keyblob_if_required_with end; operation_db.create_operation start
04-12 20:28:19.784   733   733 I keystore2: system/security/keystore2/src/security_level.rs:406 - operation_db.create_operation end
04-12 20:28:19.785  2108  3024 I UsfSystemServer/appSceneHooker: duplicate service bind status, skip
04-12 20:28:19.801  2108  5043 I UsfSystemServer/appSceneHooker: duplicate service bind status, skip
04-12 20:28:19.812  2108  2597 W ContextImpl: Calling a method in the system process without a qualified user: android.app.ContextImpl.sendStickyBroadcast:1777 com.android.server.wifi.ClientModeImpl.sendNetworkChangeBroadcast:3383 com.android.server.wifi.ClientModeImpl.lambda$sendNetworkChangeBroadcastWithCurrentState$16:3360 com.android.server.wifi.ClientModeImpl.$r8$lambda$Mjx94RT82nKyrzK5lEIlrXrNMhg:0 com.android.server.wifi.ClientModeImpl$$ExternalSyntheticLambda13.send:0 
04-12 20:28:19.844  2108  5043 E tranpm/ProcessDataInstance: hasLaunchIcon: packageName = null
04-12 20:28:19.844  2108  5043 E tranpm/ProcessDataInstance: hasLaunchIcon: packageName = null
04-12 20:28:19.869  2909  2909 I Usf_Hiber/networkDetectorService: network been changed network=[type: WIFI[], state: DISCONNECTED/DISCONNECTED, reason: (unspecified), extra: (none), failover: false, available: true, roaming: false]
04-12 20:28:19.870  2909  2909 E Usf_Hiber/networkDetectorService: The active network was invalid (null).
04-12 20:28:19.871  2108  2467 I ActivityManager: checkedOptions.getThunderBackSupport() = false, packageName = com.google.android.gms , thunderbackUserId = 0
04-12 20:28:19.871  2108  2467 I TranCustomizedTransitionAnimController: TranDynamicBarAnimControllerImpl setFromDynamicIslandToWindow pkgName:com.google.android.gms
04-12 20:28:19.871  2108  2467 I TranCustomizedTransitionAnimController: start setFromDynamicIslandToWindow startFromDynamicIsland:false targetPkgName:null
04-12 20:28:19.871  2108  2467 I TranCustomizedTransitionAnimController: end setFromDynamicIslandToWindow mDynamicIslandPkgName:com.google.android.gms mStartFromDynamicIsland:false
04-12 20:28:19.910  2108  3260 I PackageManager: setEnabledSettings callingUid = 10233 callingPid = 4178 packageName = com.google.android.gms.supervision componentName = null callingPackage= com.google.android.gms newState = 2 userId = 0 flags = 0
04-12 20:28:19.911  2108  2597 W ContextImpl: Calling a method in the system process without a qualified user: android.app.ContextImpl.sendStickyBroadcast:1777 com.android.server.wifi.ClientModeImpl.sendNetworkChangeBroadcast:3383 com.android.server.wifi.ClientModeImpl.lambda$sendNetworkChangeBroadcastWithCurrentState$16:3360 com.android.server.wifi.ClientModeImpl.$r8$lambda$Mjx94RT82nKyrzK5lEIlrXrNMhg:0 com.android.server.wifi.ClientModeImpl$$ExternalSyntheticLambda13.send:0 
04-12 20:28:19.932  1516  1548 E NetlinkEvent: NetlinkEvent::FindParam(): Parameter 'INTERFACE' not found
04-12 20:28:19.932  1516  1548 E NetlinkEvent: NetlinkEvent::FindParam(): Parameter 'STATE' not found
04-12 20:28:19.932  1516  1548 E NetlinkEvent: NetlinkEvent::FindParam(): Parameter 'TIME_NS' not found
04-12 20:28:19.932  1516  1548 E NetlinkEvent: NetlinkEvent::FindParam(): Parameter 'UID' not found
04-12 20:28:19.938  2108  2260 I UsfSystemServer/appSceneHooker: duplicate service bind status, skip
04-12 20:28:19.961  2108  2604 W ContextImpl: Calling a method in the system process without a qualified user: android.app.ContextImpl.sendStickyBroadcast:1777 android.net.connectivity.com.android.server.ConnectivityService.sendStickyBroadcast:4463 android.net.connectivity.com.android.server.ConnectivityService.sendGeneralBroadcast:4433 android.net.connectivity.com.android.server.ConnectivityService.sendConnectedBroadcast:4406 android.net.connectivity.com.android.server.ConnectivityService.sendLegacyNetworkBroadcast:13485 
04-12 20:28:19.972  2108  2741 I GestureManagerService: isSamePackage = true, packageName = android
04-12 20:28:19.972  2108  2741 I GestureManagerService: isSystemSignedPackage = 0
04-12 20:28:19.972  2108  2741 I GestureManagerService: isSamePackage = true, packageName = android
04-12 20:28:19.972  2108  2741 I GestureManagerService: isSystemSignedPackage = 0
04-12 20:28:19.972  2108  2741 I GestureManagerService: isSamePackage = true, packageName = android
04-12 20:28:19.972  2108  2741 I GestureManagerService: isSystemSignedPackage = 0
04-12 20:28:19.972  2108  2741 I GestureManagerService: isSamePackage = true, packageName = android
04-12 20:28:19.972  2108  2741 I GestureManagerService: isSystemSignedPackage = 0
04-12 20:28:19.973  2108  2741 I GestureManagerService: isSamePackage = true, packageName = android
04-12 20:28:19.973  2108  2741 I GestureManagerService: isSystemSignedPackage = 0
04-12 20:28:19.973  2108  2741 I GestureManagerService: isSamePackage = true, packageName = android
04-12 20:28:19.973  2108  2741 I GestureManagerService: isSystemSignedPackage = 0
04-12 20:28:19.973  2108  2741 I GestureManagerService: isSamePackage = true, packageName = android
04-12 20:28:19.973  2108  2741 I GestureManagerService: isSystemSignedPackage = 0
04-12 20:28:19.973  2108  2741 I GestureManagerService: isSamePackage = true, packageName = android
04-12 20:28:19.973  2108  2741 I GestureManagerService: isSystemSignedPackage = 0
04-12 20:28:19.973  2108  2741 I GestureManagerService: isSamePackage = true, packageName = android
04-12 20:28:19.973  2108  2741 I GestureManagerService: isSystemSignedPackage = 0
04-12 20:28:19.973  2108  2741 I GestureManagerService: isSamePackage = true, packageName = android
04-12 20:28:19.973  2108  2741 I GestureManagerService: isSystemSignedPackage = 0
04-12 20:28:19.973  2108  2741 I GestureManagerService: isSamePackage = true, packageName = android
04-12 20:28:19.973  2108  2741 I GestureManagerService: isSystemSignedPackage = 0
04-12 20:28:19.973  2108  2741 I GestureManagerService: isSamePackage = true, packageName = android
04-12 20:28:19.973  2108  2741 I GestureManagerService: isSystemSignedPackage = 0
04-12 20:28:19.982  2108  3584 I UsfSystemServer/appSceneHooker: duplicate service bind status, skip
04-12 20:28:20.005  2108  2132 I UsfSystemServer/appSceneHooker: duplicate service bind status, skip
04-12 20:28:20.005  2909  2993 I Usf_Hiber/importantScene: isTrafficActive uid:10180 speed :0
04-12 20:28:20.007  2909  2993 I Usf_Hiber/hiber: checkExecutingCmp: transPkg.getUid()=10180
04-12 20:28:20.007  2909  2993 I Usf_Hiber/appStateMachine: uid:10180 enter FrozenState
04-12 20:28:20.008  2909  2993 I Usf_Hiber/stateManager: freeze uid: 10180 com.transsion.camera costTime=1ms ,last unfreeze invalid
04-12 20:28:20.008  2909  3008 I Usf_Hiber/hiber: checkExecutingCmp: transPkg.getUid()=10180
04-12 20:28:20.010  2909  2994 I Usf_Hiber/hiber: msg for start proxy frozen state
04-12 20:28:20.010  2909  2994 I Usf_Hiber/hiber: idleUids: uid=10180, pkgName=com.transsion.camera
04-12 20:28:20.010  2909  2994 I Usf_Hiber/proxyManager: p_service: 10180
04-12 20:28:20.010  2909  2994 I Usf_Hiber/hiber: proxy alarm (uid=10180, pkgName=com.transsion.camera)
04-12 20:28:20.010  2909  2994 I Usf_Hiber/proxyManager: p_alarm: uid=10180, pkgName=com.transsion.camera
04-12 20:28:20.010  2909  2994 I Usf_Hiber/proxyManager: p_sensor: uid=10180, pkgName=com.transsion.camera
04-12 20:28:20.010  2909  2994 I Usf_Usf/binderProxyBridge: p_binder: uid=10180, pkgName=com.transsion.camera
04-12 20:28:20.031  2108  3260 I ActivityManager: checkedOptions.getThunderBackSupport() = false, packageName = com.google.android.gms , thunderbackUserId = 0
04-12 20:28:20.032  2108  3260 I TranCustomizedTransitionAnimController: TranDynamicBarAnimControllerImpl setFromDynamicIslandToWindow pkgName:com.google.android.gms
04-12 20:28:20.032  2108  3260 I TranCustomizedTransitionAnimController: start setFromDynamicIslandToWindow startFromDynamicIsland:false targetPkgName:null
04-12 20:28:20.032  2108  3260 I TranCustomizedTransitionAnimController: end setFromDynamicIslandToWindow mDynamicIslandPkgName:com.google.android.gms mStartFromDynamicIsland:false
04-12 20:28:20.044  2909  3008 I Usf_Hiber/hiber: tryProxyWakeLock: transPkg.getUid()=10180
04-12 20:28:20.047  2108  2132 I UsfSystemServer/appSceneHooker: duplicate service bind status, skip
04-12 20:28:20.054  2108  3542 I ActivityManager: checkedOptions.getThunderBackSupport() = false, packageName = com.google.android.gms , thunderbackUserId = 0
04-12 20:28:20.054  2108  3542 I TranCustomizedTransitionAnimController: TranDynamicBarAnimControllerImpl setFromDynamicIslandToWindow pkgName:com.google.android.gms
04-12 20:28:20.054  2108  3542 I TranCustomizedTransitionAnimController: start setFromDynamicIslandToWindow startFromDynamicIsland:false targetPkgName:null
04-12 20:28:20.054  2108  3542 I TranCustomizedTransitionAnimController: end setFromDynamicIslandToWindow mDynamicIslandPkgName:com.google.android.gms mStartFromDynamicIsland:false
04-12 20:28:20.077  2108  5046 W JobScheduler: Job didn't exist in JobStore: d085b3a #u0a222/8192 com.google.android.partnersetup/.ClientIdJobService
04-12 20:28:20.143  2108  3532 I Telecom-TelecomServiceImpl$1: isInEmergencyCall: false: TSI.iIEC@ACo
04-12 20:28:20.155  2108  2132 I RecoverySnapshotStorage: Snapshot for uid 10233 not found
04-12 20:28:20.162  2108  2132 I Telecom-TelecomServiceImpl$1: isInEmergencyCall: false: TSI.iIEC@ACs
04-12 20:28:20.191  2108  5048 I tranpm/ServicePolicy: limitBindServiceLocked by systemSence - cold: callingPackage = com.android.vending, targetPkg = com.android.vending
04-12 20:28:20.193  2108  3542 I UsfSystemServer/appSceneHooker: duplicate service bind status, skip
04-12 20:28:20.203  2108  2131 W ActivityManager: Unbind failed: could not find connection for android.os.BinderProxy@8d40727
04-12 20:28:20.237  2108  5046 I UsfSystemServer/appSceneHooker: duplicate service bind status, skip
04-12 20:28:20.262  2108  2181 W ActivityManager: Slow operation: 54ms so far, now at startProcess: done updating battery stats
04-12 20:28:20.263  2108  2181 W ActivityManager: Slow operation: 55ms so far, now at startProcess: building log message
04-12 20:28:20.263  2108  2181 I ActivityManager: Start proc 6566:com.android.carrierdefaultapp/u0a93 for broadcast {com.android.carrierdefaultapp/com.android.carrierdefaultapp.CarrierDefaultBroadcastReceiver}
04-12 20:28:20.263  2108  2181 W ActivityManager: Slow operation: 55ms so far, now at startProcess: starting to update pids map
04-12 20:28:20.263  2108  2181 I START_DEBUG: send START_TIMEOUT message    ProcessRecord :ProcessRecord{6ba4340 6566:com.android.carrierdefaultapp/u0a93}
04-12 20:28:20.263  2108  2181 I ActivityManager: ProcessObserver broadcast disabled
04-12 20:28:20.263  2108  2181 W ActivityManager: Slow operation: 55ms so far, now at startProcess: done updating pids map
04-12 20:28:20.273  2108  5048 I START_DEBUG: send BINDTIMEOUT    ProcessRecord :ProcessRecord{6ba4340 6566:com.android.carrierdefaultapp/u0a93}
04-12 20:28:20.273  2108  5048 I START_DEBUG: remove START_TIMEOUT finish    ProcessRecord :ProcessRecord{6ba4340 6566:com.android.carrierdefaultapp/u0a93}
04-12 20:28:20.280  6566  6580 I AppProperties: enter initialize com.android.carrierdefaultapp
04-12 20:28:20.280  6566  6580 I AppProperties: readAllPropFiles directoryPath=/system_ext/etc/vconfig/com.android.carrierdefaultapp/
04-12 20:28:20.280  6566  6580 I AppProperties: enter readPropFiles count=0
04-12 20:28:20.280  6566  6580 I AppProperties: readAllPropFiles directoryPath=/tr_product/etc/vconfig/com.android.carrierdefaultapp/
04-12 20:28:20.280  6566  6580 I AppProperties: enter readPropFiles count=0
04-12 20:28:20.280  6566  6580 I AppProperties: readAllPropFiles directoryPath=/tr_region/etc/vconfig/com.android.carrierdefaultapp/
04-12 20:28:20.280  6566  6580 I AppProperties: enter readPropFiles count=0
04-12 20:28:20.280  6566  6580 I AppProperties: readAllPropFiles directoryPath=/tr_carrier/etc/vconfig/com.android.carrierdefaultapp/
04-12 20:28:20.281  6566  6580 I AppProperties: enter readPropFiles count=0
04-12 20:28:20.281  6566  6580 I AppProperties: readAllPropFiles directoryPath=/tr_company/etc/vconfig/com.android.carrierdefaultapp/
04-12 20:28:20.281  6566  6580 I AppProperties: enter readPropFiles count=0
04-12 20:28:20.281  6566  6580 I AppProperties: readAllPropFiles directoryPath=/tranfs/etc/vconfig/com.android.carrierdefaultapp/
04-12 20:28:20.281  6566  6580 I AppProperties: enter readPropFiles count=0
04-12 20:28:20.313  2108  3532 I ActivityManager: checkedOptions.getThunderBackSupport() = false, packageName = com.google.android.apps.wellbeing , thunderbackUserId = 0
04-12 20:28:20.313  2108  3532 I TranCustomizedTransitionAnimController: TranDynamicBarAnimControllerImpl setFromDynamicIslandToWindow pkgName:com.google.android.apps.wellbeing
04-12 20:28:20.313  2108  3532 I TranCustomizedTransitionAnimController: start setFromDynamicIslandToWindow startFromDynamicIsland:false targetPkgName:null
04-12 20:28:20.313  2108  3532 I TranCustomizedTransitionAnimController: end setFromDynamicIslandToWindow mDynamicIslandPkgName:com.google.android.apps.wellbeing mStartFromDynamicIsland:false
04-12 20:28:20.319  2108  3584 I START_DEBUG: remove BIND_TIMEOUT finish    ProcessRecord :ProcessRecord{6ba4340 6566:com.android.carrierdefaultapp/u0a93}
04-12 20:28:20.343  2108  2108 I Telecom-PhoneAccountRegistrar: getSimCallManager: SimCallManager for subId -1 queried, returning: null: TSI.gSCMFU(a)@AC0
04-12 20:28:20.353  2108  6182 I Telecom-CallsManager: updateEmergencyCallNotificationAsync; show=false: CM.UEMCNA@ACw
04-12 20:28:20.358  2108  2108 I PersistentDataBlockService: updateFrpNotification: usersetupcompleted = 1 deviceprovisioned = 1 frpmode = 0
04-12 20:28:20.363  2108  2466 I Telecom-TelecomServiceImpl$1: registerPhoneAccount: account=[[ ] PhoneAccount: ComponentInfo{com.android.phone/com.android.services.telephony.TelephonyConnectionService}, E, UserHandle{0} Capabilities: CallProvider MultiUser PlaceEmerg SimSub  Audio Routes: BESW Schemes: tel voicemail  Extras: Bundle[{android.telecom.extra.SUPPORTS_VIDEO_CALLING_FALLBACK=true, mediatek.telecom.extra.PHONE_ACCOUNT_CARRIER_CAPABILITIES=0}] GroupId: *** SC Restrictions: [ ]]: TSI.rPA(cap)@AC4
04-12 20:28:20.363  2108  2466 I Telecom-PhoneAccountRegistrar: Modify account: [ComponentInfo{com.android.phone/com.android.services.telephony.TelephonyConnectionService}, E, UserHandle{0}]: TSI.rPA(cap)@AC4
04-12 20:28:20.372  2108  2466 I Telecom-CallsManager: handlePhoneAccountChanged: phoneAccount=[[X] PhoneAccount: ComponentInfo{com.android.phone/com.android.services.telephony.TelephonyConnectionService}, E, UserHandle{0} Capabilities: CallProvider MultiUser PlaceEmerg SimSub  Audio Routes: BESW Schemes: tel voicemail  Extras: Bundle[{android.telecom.extra.SUPPORTS_VIDEO_CALLING_FALLBACK=true, mediatek.telecom.extra.PHONE_ACCOUNT_CARRIER_CAPABILITIES=0}] GroupId: *** SC Restrictions: [ ]]: TSI.rPA(cap)@AC4
04-12 20:28:20.375  2108  2466 I Telecom-PhoneAccountRegistrar: getSimCallManager: SimCallManager for subId -1 queried, returning: null: TSI.rPA(cap)@AC4
04-12 20:28:20.375  2108  2466 I Telecom-PhoneAccountRegistrar: Notifying telephony of voice service override change for 1 SIMs, hasService = false: TSI.rPA(cap)@AC4
04-12 20:28:20.375  2108  2466 I Telecom-PhoneAccountRegistrar: maybeNotifyTelephonyForVoiceServiceState: simTm is null.: TSI.rPA(cap)@AC4
04-12 20:28:20.383  2108  2108 I Telecom-PhoneAccountRegistrar: getSimCallManager: SimCallManager for subId -1 queried, returning: null: TSI.gSCMFU(a)@AC8
04-12 20:28:20.383  2108  6182 I Telecom-CallsManager: updateEmergencyCallNotificationAsync; show=false: CM.UEMCNA@ADA
04-12 20:28:20.390  2108  2108 I SecurityComAccessService: onReceive action: android.intent.action.BOOT_COMPLETED
04-12 20:28:20.391  2108  2108 I SecurityComAccessService: Remove MSG_AUTO_REPAIR
04-12 20:28:20.391  2108  2108 I SecurityComAccessService: getPkgAction pkg: com.scorpio.securitycom, userId: 0, checkArchivePkg: true
04-12 20:28:20.391  2108  2108 I SecurityComAccessService: signatureStr: 09f7d1d81d0a7a930d2b4acacc8cd86c82abf095d3ff401068cb4dfb374e9848
04-12 20:28:20.391  2108  2108 I SecurityComAccessService: It's an official app
04-12 20:28:20.393  2108  2108 W PackageParsing: Unknown element under <manifest>: meta-data at /system_ext/priv-app/SecurityCom/SecurityCom.apk Binary XML file line #70
04-12 20:28:20.393  2108  2108 W PackageParsing: Unknown element under <manifest>: meta-data at /system_ext/priv-app/SecurityCom/SecurityCom.apk Binary XML file line #75
04-12 20:28:20.393  2108  2108 W PackageParsing: Unknown element under <manifest>: meta-data at /system_ext/priv-app/SecurityCom/SecurityCom.apk Binary XML file line #78
04-12 20:28:20.393  2108  2108 W PackageParsing: Unknown element under <manifest>: meta-data at /system_ext/priv-app/SecurityCom/SecurityCom.apk Binary XML file line #81
04-12 20:28:20.394  2909  2995 I Usf_Hiber/hiber: unfreeze syncBinder (type=1,callerPid=1840,callerUid=1047,targetPid=2900,targetUid=10180), rpcName: SYNC_BINDER, code: -1
04-12 20:28:20.395  2909  2995 I Usf_Hiber/stateManager: unfreeze uid: 10180 com.transsion.camera pids:[2900]  reason:syncBinder   cpninfo:TRANSACTION_-1 costTime=1ms ,last freeze 0s ago
04-12 20:28:20.395  2909  2993 I Usf_Hiber/appStateMachine: uid=10180, pkg=com.transsion.camera, transition from Frozen to Running, reason=syncBinder
04-12 20:28:20.395  2909  2993 I Usf_Hiber/appStateMachine: uid:10180 exit FrozenState
04-12 20:28:20.396  2909  3008 I Usf_Hiber/hiber: unPorxyWakeLock: uid=10180
04-12 20:28:20.397  2108  2108 I SecurityComAccessService: signatureStr: 09f7d1d81d0a7a930d2b4acacc8cd86c82abf095d3ff401068cb4dfb374e9848
04-12 20:28:20.397  2108  2108 I SecurityComAccessService: It's an official app
04-12 20:28:20.397  2108  2108 I SecurityComAccessService: Good archive pkg
04-12 20:28:20.398  2108  2108 I SecurityComAccessService: Remote features: 0, featureFlag: 16
04-12 20:28:20.398  2108  2108 I SecurityComAccessService: currentUserId: 0, flag: 0
04-12 20:28:20.398  2909  2994 I Usf_Hiber/proxyManager: up_service: 10180
04-12 20:28:20.398  2909  2994 I Usf_Hiber/proxyManager: up_sensor: uid=10180, pkgName=com.transsion.camera
04-12 20:28:20.398  2909  2994 I Usf_Usf/binderProxyBridge: up_binder: uid=10180, pkgName=com.transsion.camera
04-12 20:28:20.401  2108  2108 I SecurityComAccessService: Set heartbeat alarm, interval: 600000
04-12 20:28:20.425  2909  2909 I Usf_Hiber/networkDetectorService: network been changed network=[type: WIFI[], state: CONNECTED/CONNECTED, reason: (unspecified), extra: , failover: false, available: true, roaming: false]
04-12 20:28:20.427  2909  2909 I Usf_Hiber/networkDetectorService: changedNetwork: netType=1, net=WIFI
04-12 20:28:20.429  2909  3065 I Usf_Hiber/networkDetectorService: detectingNetwork: [+]
04-12 20:28:20.472  2108  2180 I ActivityManager: reportOnUserCompletedEvent(0): stored=10, eligible=111
04-12 20:28:20.473  2108  2180 I SystemServiceManager: Calling onCompletedEventUser 0
04-12 20:28:20.522  2108  3353 I ActivityManager: checkedOptions.getThunderBackSupport() = false, packageName = com.google.android.apps.wellbeing , thunderbackUserId = 0
04-12 20:28:20.522  2108  3353 I TranCustomizedTransitionAnimController: TranDynamicBarAnimControllerImpl setFromDynamicIslandToWindow pkgName:com.google.android.apps.wellbeing
04-12 20:28:20.522  2108  3353 I TranCustomizedTransitionAnimController: start setFromDynamicIslandToWindow startFromDynamicIsland:false targetPkgName:null
04-12 20:28:20.522  2108  3353 I TranCustomizedTransitionAnimController: end setFromDynamicIslandToWindow mDynamicIslandPkgName:com.google.android.apps.wellbeing mStartFromDynamicIsland:false
04-12 20:28:20.548  2108  2181 I ActivityManager: Start proc 6613:com.transsion.tabe/1000 for service {com.transsion.tabe/com.transsion.tabe.services.TabeMainService}
04-12 20:28:20.548  2108  2181 I START_DEBUG: send START_TIMEOUT message    ProcessRecord :ProcessRecord{52eb17e 6613:com.transsion.tabe/1000}
04-12 20:28:20.548  2108  2181 I ActivityManager: ProcessObserver broadcast disabled
04-12 20:28:20.568  2108  2181 W ActivityManager: Slow operation: 56ms so far, now at startProcess: returned from zygote!
04-12 20:28:20.569  2108  3532 I START_DEBUG: send BINDTIMEOUT    ProcessRecord :ProcessRecord{52eb17e 6613:com.transsion.tabe/1000}
04-12 20:28:20.574  2108  3532 I START_DEBUG: remove START_TIMEOUT finish    ProcessRecord :ProcessRecord{52eb17e 6613:com.transsion.tabe/1000}
04-12 20:28:20.575  6613  6629 I AppProperties: enter initialize com.transsion.tabe
04-12 20:28:20.577  6613  6629 I AppProperties: readAllPropFiles directoryPath=/system_ext/etc/vconfig/com.transsion.tabe/
04-12 20:28:20.577  6613  6629 I AppProperties: enter readPropFiles count=0
04-12 20:28:20.577  6613  6629 I AppProperties: readAllPropFiles directoryPath=/tr_product/etc/vconfig/com.transsion.tabe/
04-12 20:28:20.577  6613  6629 I AppProperties: enter readPropFiles count=0
04-12 20:28:20.577  6613  6629 I AppProperties: readAllPropFiles directoryPath=/tr_region/etc/vconfig/com.transsion.tabe/
04-12 20:28:20.577  6613  6629 I AppProperties: enter readPropFiles count=0
04-12 20:28:20.577  6613  6629 I AppProperties: readAllPropFiles directoryPath=/tr_carrier/etc/vconfig/com.transsion.tabe/
04-12 20:28:20.577  6613  6629 I AppProperties: enter readPropFiles count=0
04-12 20:28:20.577  6613  6629 I AppProperties: readAllPropFiles directoryPath=/tr_company/etc/vconfig/com.transsion.tabe/
04-12 20:28:20.577  6613  6629 I AppProperties: enter readPropFiles count=0
04-12 20:28:20.577  6613  6629 I AppProperties: readAllPropFiles directoryPath=/tranfs/etc/vconfig/com.transsion.tabe/
04-12 20:28:20.577  6613  6629 I AppProperties: enter readPropFiles count=0
04-12 20:28:20.591  2108  2181 W ActivityManager: Slow operation: 79ms so far, now at startProcess: done updating battery stats
04-12 20:28:20.591  2108  2181 W ActivityManager: Slow operation: 79ms so far, now at startProcess: building log message
04-12 20:28:20.591  2108  2181 I ActivityManager: Start proc 6635:com.transsion.succ/1000 for service {com.transsion.succ/com.transsion.succ.services.SuccMainService}
04-12 20:28:20.591  2108  2181 W ActivityManager: Slow operation: 79ms so far, now at startProcess: starting to update pids map
04-12 20:28:20.592  2108  2181 I START_DEBUG: send START_TIMEOUT message    ProcessRecord :ProcessRecord{fc9c73a 6635:com.transsion.succ/1000}
04-12 20:28:20.592  2108  2181 I ActivityManager: ProcessObserver broadcast disabled
04-12 20:28:20.593  2108  2181 W ActivityManager: Slow operation: 81ms so far, now at startProcess: done updating pids map
04-12 20:28:20.610  2108  3532 I START_DEBUG: send BINDTIMEOUT    ProcessRecord :ProcessRecord{fc9c73a 6635:com.transsion.succ/1000}
04-12 20:28:20.610  2108  3532 I START_DEBUG: remove START_TIMEOUT finish    ProcessRecord :ProcessRecord{fc9c73a 6635:com.transsion.succ/1000}
04-12 20:28:20.619  6635  6655 I AppProperties: enter initialize com.transsion.succ
04-12 20:28:20.620  6635  6655 I AppProperties: readAllPropFiles directoryPath=/system_ext/etc/vconfig/com.transsion.succ/
04-12 20:28:20.620  6635  6655 I AppProperties: enter readPropFiles count=0
04-12 20:28:20.620  6635  6655 I AppProperties: readAllPropFiles directoryPath=/tr_product/etc/vconfig/com.transsion.succ/
04-12 20:28:20.620  6635  6655 I AppProperties: enter readPropFiles count=0
04-12 20:28:20.620  6635  6655 I AppProperties: readAllPropFiles directoryPath=/tr_region/etc/vconfig/com.transsion.succ/
04-12 20:28:20.620  6635  6655 I AppProperties: enter readPropFiles count=0
04-12 20:28:20.620  6635  6655 I AppProperties: readAllPropFiles directoryPath=/tr_carrier/etc/vconfig/com.transsion.succ/
04-12 20:28:20.620  6635  6655 I AppProperties: enter readPropFiles count=0
04-12 20:28:20.620  6635  6655 I AppProperties: readAllPropFiles directoryPath=/tr_company/etc/vconfig/com.transsion.succ/
04-12 20:28:20.620  6635  6655 I AppProperties: enter readPropFiles count=0
04-12 20:28:20.620  6635  6655 I AppProperties: readAllPropFiles directoryPath=/tranfs/etc/vconfig/com.transsion.succ/
04-12 20:28:20.620  6635  6655 I AppProperties: enter readPropFiles count=0
04-12 20:28:20.621  2108  2181 I ActivityManager: Start proc 4520:com.transsion.deskclock/u0a179 for broadcast {com.transsion.deskclock/com.transsion.deskclock.AlarmInitReceiver}
04-12 20:28:20.621  2108  2181 I START_DEBUG: send START_TIMEOUT message    ProcessRecord :ProcessRecord{f52d8e4 4520:com.transsion.deskclock/u0a179}
04-12 20:28:20.621  2108  2181 I ActivityManager: ProcessObserver broadcast disabled
04-12 20:28:20.623  2108  5046 I START_DEBUG: remove BIND_TIMEOUT finish    ProcessRecord :ProcessRecord{52eb17e 6613:com.transsion.tabe/1000}
04-12 20:28:20.628  2108  2108 I UsfSystemServer/appSceneHooker: duplicate service bind status, skip
04-12 20:28:20.647  2108  3352 I START_DEBUG: remove BIND_TIMEOUT finish    ProcessRecord :ProcessRecord{fc9c73a 6635:com.transsion.succ/1000}
04-12 20:28:20.649  2108  2108 I UsfSystemServer/appSceneHooker: duplicate service bind status, skip
04-12 20:28:20.658  2108  2131 I START_DEBUG: send BINDTIMEOUT    ProcessRecord :ProcessRecord{f52d8e4 4520:com.transsion.deskclock/u0a179}
04-12 20:28:20.658  2108  2131 I START_DEBUG: remove START_TIMEOUT finish    ProcessRecord :ProcessRecord{f52d8e4 4520:com.transsion.deskclock/u0a179}
04-12 20:28:20.661  4520  6676 I AppProperties: enter initialize com.transsion.deskclock
04-12 20:28:20.661  4520  6676 I AppProperties: readAllPropFiles directoryPath=/system_ext/etc/vconfig/com.transsion.deskclock/
04-12 20:28:20.661  4838  4838 I CheckInBootCompletedReceiver: Received boot completed intent
04-12 20:28:20.662  4520  6676 I AppProperties: enter readPropFiles count=0
04-12 20:28:20.662  4520  6676 I AppProperties: readAllPropFiles directoryPath=/tr_product/etc/vconfig/com.transsion.deskclock/
04-12 20:28:20.662  4520  6676 I AppProperties: enter readPropFiles count=0
04-12 20:28:20.662  4520  6676 I AppProperties: readAllPropFiles directoryPath=/tr_region/etc/vconfig/com.transsion.deskclock/
04-12 20:28:20.662  4520  6676 I AppProperties: enter readPropFiles count=0
04-12 20:28:20.662  4520  6676 I AppProperties: readAllPropFiles directoryPath=/tr_carrier/etc/vconfig/com.transsion.deskclock/
04-12 20:28:20.662  4520  6676 I AppProperties: enter readPropFiles count=0
04-12 20:28:20.662  4520  6676 I AppProperties: readAllPropFiles directoryPath=/tr_company/etc/vconfig/com.transsion.deskclock/
04-12 20:28:20.662  4520  6676 I AppProperties: enter readPropFiles count=0
04-12 20:28:20.662  4520  6676 I AppProperties: readAllPropFiles directoryPath=/tranfs/etc/vconfig/com.transsion.deskclock/
04-12 20:28:20.662  4520  6676 I AppProperties: enter readPropFiles count=0
04-12 20:28:20.663  4838  6682 I DeviceLockControllerSchedulerImpl: Rescheduling retry check-in work with delay: PT2054H46M59.212817S
04-12 20:28:20.671  2108  2108 I UsfSystemServer/appSceneHooker: duplicate service bind status, skip
04-12 20:28:20.674  4838  6682 I DeviceLockControllerSchedulerImpl: Successfully called notifyNeedRescheduleCheckIn
04-12 20:28:20.677  2108  2108 I UsfSystemServer/appSceneHooker: duplicate service bind status, skip
04-12 20:28:20.711  2108  3352 I PackageWatchdog: Health check passed for package: com.google.android.networkstack
04-12 20:28:20.711  2108  3352 I PackageWatchdog: Updated health check state for package com.google.android.networkstack: ACTIVE -> PASSED
04-12 20:28:20.711  2108  3352 I PackageWatchdog: Syncing state, reason: health check passed for com.google.android.networkstack
04-12 20:28:20.712  2108  2108 I PackageWatchdog: Syncing health check requests for packages: {}
04-12 20:28:20.715  2108  2191 I PackageWatchdog: Saving observer state to file
04-12 20:28:20.716  2108  2132 I ExplicitHealthCheckController: Explicit health check supported packages [PackageConfig{com.google.android.networkstack, 86400000}]
04-12 20:28:20.718  2108  2132 I ExplicitHealthCheckController: Explicit health check requested packages []
04-12 20:28:20.719  2108  2132 I ExplicitHealthCheckController: No more health check requests, unbinding...
04-12 20:28:20.730  2108  3517 I Telecom-TelecomServiceImpl$1: isInEmergencyCall: false: TSI.iIEC@ADI
04-12 20:28:20.737  2108  2604 W ContextImpl: Calling a method in the system process without a qualified user: android.app.ContextImpl.sendStickyBroadcast:1777 android.net.connectivity.com.android.server.ConnectivityService.sendStickyBroadcast:4463 android.net.connectivity.com.android.server.ConnectivityService.sendGeneralBroadcast:4433 android.net.connectivity.com.android.server.ConnectivityService.sendInetConditionBroadcast:4410 android.net.connectivity.com.android.server.ConnectivityService.updateInetCondition:13137 
04-12 20:28:20.740  2108  2466 I Telecom-TelecomServiceImpl$1: isInEmergencyCall: false: TSI.iIEC@ADM
04-12 20:28:20.743  2108  2132 I ExplicitHealthCheckController: Explicit health check service is unbound
04-12 20:28:20.748  2108  2108 I UsfSystemServer/appSceneHooker: duplicate service bind status, skip
04-12 20:28:20.780  2108  2166 E PackageManager: Optimistic bind failed.
04-12 20:28:20.780  2108  2166 E PackageManager: java.util.concurrent.TimeoutException: [Optimistic Bind] Didn't bind to resolver in time!
04-12 20:28:20.780  2108  2166 E PackageManager: 	at com.android.server.pm.InstantAppResolverConnection.waitForBindLocked(InstantAppResolverConnection.java:160)
04-12 20:28:20.780  2108  2166 E PackageManager: 	at com.android.server.pm.InstantAppResolverConnection.bind(InstantAppResolverConnection.java:230)
04-12 20:28:20.780  2108  2166 E PackageManager: 	at com.android.server.pm.InstantAppResolverConnection.lambda$optimisticBind$0(InstantAppResolverConnection.java:260)
04-12 20:28:20.780  2108  2166 E PackageManager: 	at com.android.server.pm.InstantAppResolverConnection.$r8$lambda$66W2s2mMKe4pk_xXCScH9RCqav8(InstantAppResolverConnection.java:0)
04-12 20:28:20.780  2108  2166 E PackageManager: 	at com.android.server.pm.InstantAppResolverConnection$$ExternalSyntheticLambda0.run(R8$$SyntheticClass:0)
04-12 20:28:20.780  2108  2166 E PackageManager: 	at android.os.Handler.handleCallback(Handler.java:995)
04-12 20:28:20.780  2108  2166 E PackageManager: 	at android.os.Handler.dispatchMessage(Handler.java:103)
04-12 20:28:20.780  2108  2166 E PackageManager: 	at android.os.Looper.loopOnce(Looper.java:327)
04-12 20:28:20.780  2108  2166 E PackageManager: 	at android.os.Looper.loop(Looper.java:431)
