04-12 20:28:22.708  2108  2242 W TranPerf-KswapdLittleCoreFeature: [setAffinity] Tid:90 mask:255
04-12 20:28:22.708  2108  3024 I START_DEBUG: remove BIND_TIMEOUT finish    ProcessRecord :ProcessRecord{a28a68b 7282:com.debug.loggerui/u0a152}
04-12 20:28:22.712  2108  2180 I tranpm/BroadcastPolicy: limitScheduleReceiverColdLockedInBringUp by isBlockBringUp: callingPackage = null, targetPkg = com.transsion.notebook, receiverName = com.transsion.notebook.receiver.CheckRemindBroadcastReceiver action = android.intent.action.BOOT_COMPLETED
04-12 20:28:22.712  2108  2180 I tranpm/ExemptionPolicy: do nothing
04-12 20:28:22.734  2108  2181 I ActivityManager: Start proc 7336:com.android.devicediagnostics/u0a77 for broadcast {com.android.devicediagnostics/com.android.devicediagnostics.BootCompleteReceiver}
04-12 20:28:22.734  2108  2181 I START_DEBUG: send START_TIMEOUT message    ProcessRecord :ProcessRecord{22e1eb7 7336:com.android.devicediagnostics/u0a77}
04-12 20:28:22.735  2108  2181 I ActivityManager: ProcessObserver broadcast disabled
04-12 20:28:22.736  2108  3024 E tranpm/ProcessDataInstance: hasLaunchIcon: packageName = null
04-12 20:28:22.736  2108  3024 E tranpm/ProcessDataInstance: hasLaunchIcon: packageName = null
04-12 20:28:22.737  2108  2132 E tranpm/ProcessDataInstance: hasLaunchIcon: packageName = null
04-12 20:28:22.737  2108  2132 E tranpm/ProcessDataInstance: hasLaunchIcon: packageName = null
04-12 20:28:22.749  2108  2785 I START_DEBUG: send BINDTIMEOUT    ProcessRecord :ProcessRecord{22e1eb7 7336:com.android.devicediagnostics/u0a77}
04-12 20:28:22.749  2108  2785 I START_DEBUG: remove START_TIMEOUT finish    ProcessRecord :ProcessRecord{22e1eb7 7336:com.android.devicediagnostics/u0a77}
04-12 20:28:22.753  7336  7389 I AppProperties: enter initialize com.android.devicediagnostics
04-12 20:28:22.753  7336  7389 I AppProperties: readAllPropFiles directoryPath=/system_ext/etc/vconfig/com.android.devicediagnostics/
04-12 20:28:22.754  7336  7389 I AppProperties: enter readPropFiles count=0
04-12 20:28:22.754  7336  7389 I AppProperties: readAllPropFiles directoryPath=/tr_product/etc/vconfig/com.android.devicediagnostics/
04-12 20:28:22.754  7336  7389 I AppProperties: enter readPropFiles count=0
04-12 20:28:22.754  7336  7389 I AppProperties: readAllPropFiles directoryPath=/tr_region/etc/vconfig/com.android.devicediagnostics/
04-12 20:28:22.754  7336  7389 I AppProperties: enter readPropFiles count=0
04-12 20:28:22.754  7336  7389 I AppProperties: readAllPropFiles directoryPath=/tr_carrier/etc/vconfig/com.android.devicediagnostics/
04-12 20:28:22.754  7336  7389 I AppProperties: enter readPropFiles count=0
04-12 20:28:22.754  7336  7389 I AppProperties: readAllPropFiles directoryPath=/tr_company/etc/vconfig/com.android.devicediagnostics/
04-12 20:28:22.754  7336  7389 I AppProperties: enter readPropFiles count=0
04-12 20:28:22.754  7336  7389 I AppProperties: readAllPropFiles directoryPath=/tranfs/etc/vconfig/com.android.devicediagnostics/
04-12 20:28:22.754  7336  7389 I AppProperties: enter readPropFiles count=0
04-12 20:28:22.756  2108  3024 I UsfSystemServer/appSceneHooker: duplicate service bind status, skip
04-12 20:28:22.766  2108  2467 I UsfSystemServer/appSceneHooker: duplicate service bind status, skip
04-12 20:28:22.770  2108  4085 E tranpm/ProcessDataInstance: hasLaunchIcon: packageName = null
04-12 20:28:22.770  2108  4085 E tranpm/ProcessDataInstance: hasLaunchIcon: packageName = null
04-12 20:28:22.779  2108  2718 I thermalLightController: com.android.settings
04-12 20:28:22.779  2108  2718 I thermalLightController: {package=^.*$, autoLight=true
04-12 20:28:22.779  2108  2718 I thermalLightController:   level1=LevelValue{trigger=43, exit=41, brightness=500}
04-12 20:28:22.779  2108  2718 I thermalLightController:   level2=LevelValue{trigger=45, exit=43, brightness=350}
04-12 20:28:22.779  2108  2718 I thermalLightController:   level3=LevelValue{trigger=47, exit=45, brightness=280}
04-12 20:28:22.779  2108  2718 I thermalLightController:   level4=LevelValue{trigger=49, exit=47, brightness=210}
04-12 20:28:22.779  2108  2718 I thermalLightController: }
04-12 20:28:22.783  2108  5048 I START_DEBUG: remove BIND_TIMEOUT finish    ProcessRecord :ProcessRecord{22e1eb7 7336:com.android.devicediagnostics/u0a77}
04-12 20:28:22.789  2108  4085 E TradeInModeService: Cannot enter trade-in mode in state: -1
04-12 20:28:22.805  2108  2181 I ActivityManager: Start proc 7369:com.android.managedprovisioning/u0a83 for broadcast {com.android.managedprovisioning/com.android.managedprovisioning.BootReminder}
04-12 20:28:22.805  2108  2181 I START_DEBUG: send START_TIMEOUT message    ProcessRecord :ProcessRecord{1ccf76c 7369:com.android.managedprovisioning/u0a83}
04-12 20:28:22.805  2108  2181 I ActivityManager: ProcessObserver broadcast disabled
04-12 20:28:22.820  2108  3036 I START_DEBUG: send BINDTIMEOUT    ProcessRecord :ProcessRecord{1ccf76c 7369:com.android.managedprovisioning/u0a83}
04-12 20:28:22.821  2108  3036 I START_DEBUG: remove START_TIMEOUT finish    ProcessRecord :ProcessRecord{1ccf76c 7369:com.android.managedprovisioning/u0a83}
04-12 20:28:22.827  7369  7417 I AppProperties: enter initialize com.android.managedprovisioning
04-12 20:28:22.828  7369  7417 I AppProperties: readAllPropFiles directoryPath=/system_ext/etc/vconfig/com.android.managedprovisioning/
04-12 20:28:22.828  7369  7417 I AppProperties: enter readPropFiles count=0
04-12 20:28:22.828  7369  7417 I AppProperties: readAllPropFiles directoryPath=/tr_product/etc/vconfig/com.android.managedprovisioning/
04-12 20:28:22.828  7369  7417 I AppProperties: enter readPropFiles count=0
04-12 20:28:22.828  7369  7417 I AppProperties: readAllPropFiles directoryPath=/tr_region/etc/vconfig/com.android.managedprovisioning/
04-12 20:28:22.828  7369  7417 I AppProperties: enter readPropFiles count=0
04-12 20:28:22.828  7369  7417 I AppProperties: readAllPropFiles directoryPath=/tr_carrier/etc/vconfig/com.android.managedprovisioning/
04-12 20:28:22.828  7369  7417 I AppProperties: enter readPropFiles count=0
04-12 20:28:22.828  7369  7417 I AppProperties: readAllPropFiles directoryPath=/tr_company/etc/vconfig/com.android.managedprovisioning/
04-12 20:28:22.828  7369  7417 I AppProperties: enter readPropFiles count=0
04-12 20:28:22.828  7369  7417 I AppProperties: readAllPropFiles directoryPath=/tranfs/etc/vconfig/com.android.managedprovisioning/
04-12 20:28:22.829  7369  7417 I AppProperties: enter readPropFiles count=0
04-12 20:28:22.856  2108  3036 I START_DEBUG: remove BIND_TIMEOUT finish    ProcessRecord :ProcessRecord{1ccf76c 7369:com.android.managedprovisioning/u0a83}
04-12 20:28:22.870  2108  2467 E tranpm/ProcessDataInstance: hasLaunchIcon: packageName = null
04-12 20:28:22.870  2108  2467 E tranpm/ProcessDataInstance: hasLaunchIcon: packageName = null
04-12 20:28:22.880  2108  3024 I tranpm/ProviderPolicy: isBlockedByHealthStandard: block by code=2000
04-12 20:28:22.898  2108  2181 I ActivityManager: Start proc 7403:com.android.providers.calendar/u0a82 for broadcast {com.android.providers.calendar/com.android.providers.calendar.CalendarReceiver}
04-12 20:28:22.898  2108  2181 I START_DEBUG: send START_TIMEOUT message    ProcessRecord :ProcessRecord{8958525 7403:com.android.providers.calendar/u0a82}
04-12 20:28:22.898  2108  2181 I ActivityManager: ProcessObserver broadcast disabled
04-12 20:28:22.900   733   733 I keystore2: system/security/keystore2/src/security_level.rs:245 - caller pid=7151, uid=10139; force = false; key domain=r#KEY_ID, alias = None
04-12 20:28:22.900  2108  4085 I START_DEBUG: send BINDTIMEOUT    ProcessRecord :ProcessRecord{8958525 7403:com.android.providers.calendar/u0a82}
04-12 20:28:22.901  2108  4085 I START_DEBUG: remove START_TIMEOUT finish    ProcessRecord :ProcessRecord{8958525 7403:com.android.providers.calendar/u0a82}
04-12 20:28:22.901   733   733 I keystore2: system/security/keystore2/src/security_level.rs:343 - upgrade_keyblob_if_required_with start
04-12 20:28:22.903   733   733 I keystore2: system/security/keystore2/src/enforcements.rs:236 - finalize_create_authorization self.state=NoAuthRequired
04-12 20:28:22.904   733   733 I keystore2: system/security/keystore2/src/security_level.rs:388 - upgrade_keyblob_if_required_with end; operation_db.create_operation start
04-12 20:28:22.904   733   733 I keystore2: system/security/keystore2/src/security_level.rs:406 - operation_db.create_operation end
04-12 20:28:22.906  7403  7450 I AppProperties: enter initialize com.android.providers.calendar
04-12 20:28:22.907  7403  7450 I AppProperties: readAllPropFiles directoryPath=/system_ext/etc/vconfig/com.android.providers.calendar/
04-12 20:28:22.907  7403  7450 I AppProperties: enter readPropFiles count=0
04-12 20:28:22.907  7403  7450 I AppProperties: readAllPropFiles directoryPath=/tr_product/etc/vconfig/com.android.providers.calendar/
04-12 20:28:22.907  7403  7450 I AppProperties: enter readPropFiles count=0
04-12 20:28:22.907  7403  7450 I AppProperties: readAllPropFiles directoryPath=/tr_region/etc/vconfig/com.android.providers.calendar/
04-12 20:28:22.907  7403  7450 I AppProperties: enter readPropFiles count=0
04-12 20:28:22.907  7403  7450 I AppProperties: readAllPropFiles directoryPath=/tr_carrier/etc/vconfig/com.android.providers.calendar/
04-12 20:28:22.907  7403  7450 I AppProperties: enter readPropFiles count=0
04-12 20:28:22.907  7403  7450 I AppProperties: readAllPropFiles directoryPath=/tr_company/etc/vconfig/com.android.providers.calendar/
04-12 20:28:22.907  7403  7450 I AppProperties: enter readPropFiles count=0
04-12 20:28:22.907  7403  7450 I AppProperties: readAllPropFiles directoryPath=/tranfs/etc/vconfig/com.android.providers.calendar/
04-12 20:28:22.907  7403  7450 I AppProperties: enter readPropFiles count=0
04-12 20:28:22.913  2108  2181 I ActivityManager: Start proc 7460:com.transsion.aicore.main/u0a113 for content provider {com.transsion.aicore.main/com.transsion.aicore.main.provider.MmProvider}
04-12 20:28:22.913  2108  2181 I START_DEBUG: send START_TIMEOUT message    ProcessRecord :ProcessRecord{2c94977 7460:com.transsion.aicore.main/u0a113}
04-12 20:28:22.913  2108  2181 I ActivityManager: ProcessObserver broadcast disabled
04-12 20:28:22.914   733   733 I keystore2: system/security/keystore2/src/security_level.rs:245 - caller pid=7151, uid=10139; force = false; key domain=r#KEY_ID, alias = None
04-12 20:28:22.914   733   733 I keystore2: system/security/keystore2/src/security_level.rs:343 - upgrade_keyblob_if_required_with start
04-12 20:28:22.915   733   733 I keystore2: system/security/keystore2/src/enforcements.rs:236 - finalize_create_authorization self.state=NoAuthRequired
04-12 20:28:22.915   733   733 I keystore2: system/security/keystore2/src/security_level.rs:388 - upgrade_keyblob_if_required_with end; operation_db.create_operation start
04-12 20:28:22.915   733   733 I keystore2: system/security/keystore2/src/security_level.rs:406 - operation_db.create_operation end
04-12 20:28:22.930  2108  5043 I UsfSystemServer/appSceneHooker: duplicate service bind status, skip
04-12 20:28:22.941  2108  2467 I START_DEBUG: send BINDTIMEOUT    ProcessRecord :ProcessRecord{2c94977 7460:com.transsion.aicore.main/u0a113}
04-12 20:28:22.941  2108  2467 I START_DEBUG: remove START_TIMEOUT finish    ProcessRecord :ProcessRecord{2c94977 7460:com.transsion.aicore.main/u0a113}
04-12 20:28:22.951  7460  7482 I AppProperties: enter initialize com.transsion.aicore.main
04-12 20:28:22.953  7460  7482 I AppProperties: readAllPropFiles directoryPath=/system_ext/etc/vconfig/com.transsion.aicore.main/
04-12 20:28:22.953  7460  7482 I AppProperties: enter readPropFiles count=0
04-12 20:28:22.953  7460  7482 I AppProperties: readAllPropFiles directoryPath=/tr_product/etc/vconfig/com.transsion.aicore.main/
04-12 20:28:22.953  7460  7482 I AppProperties: enter readPropFiles count=0
04-12 20:28:22.953  7460  7482 I AppProperties: readAllPropFiles directoryPath=/tr_region/etc/vconfig/com.transsion.aicore.main/
04-12 20:28:22.953  7460  7482 I AppProperties: enter readPropFiles count=0
04-12 20:28:22.953  7460  7482 I AppProperties: readAllPropFiles directoryPath=/tr_carrier/etc/vconfig/com.transsion.aicore.main/
04-12 20:28:22.953  7460  7482 I AppProperties: enter readPropFiles count=0
04-12 20:28:22.953  7460  7482 I AppProperties: readAllPropFiles directoryPath=/tr_company/etc/vconfig/com.transsion.aicore.main/
04-12 20:28:22.953  7460  7482 I AppProperties: enter readPropFiles count=0
04-12 20:28:22.953  7460  7482 I AppProperties: readAllPropFiles directoryPath=/tranfs/etc/vconfig/com.transsion.aicore.main/
04-12 20:28:22.953  7460  7482 I AppProperties: enter readPropFiles count=0
04-12 20:28:22.953   733   763 I keystore2: system/security/keystore2/src/security_level.rs:245 - caller pid=7151, uid=10139; force = false; key domain=r#KEY_ID, alias = None
04-12 20:28:22.954   733   763 I keystore2: system/security/keystore2/src/security_level.rs:343 - upgrade_keyblob_if_required_with start
04-12 20:28:22.954   733   763 I keystore2: system/security/keystore2/src/enforcements.rs:236 - finalize_create_authorization self.state=NoAuthRequired
04-12 20:28:22.954   733   763 I keystore2: system/security/keystore2/src/security_level.rs:388 - upgrade_keyblob_if_required_with end; operation_db.create_operation start
04-12 20:28:22.954   733   763 I keystore2: system/security/keystore2/src/security_level.rs:406 - operation_db.create_operation end
04-12 20:28:23.019  7151  7439 W PowerProfile: ambient.on is deprecated! Use ambient.on.display0 instead.
04-12 20:28:23.019  7151  7439 W PowerProfile: screen.on is deprecated! Use screen.on.display0 instead.
04-12 20:28:23.019  7151  7439 W PowerProfile: screen.full is deprecated! Use screen.full.display0 instead.
04-12 20:28:23.019  7151  7439 W ModemPowerProfile: getAverageBatteryDrainMaH called with unexpected key: 0x0, drain:SLEEP,RAT:DEFAULT
04-12 20:28:23.019  7151  7439 W ModemPowerProfile: getAverageBatteryDrainMaH called with unexpected key: 0x10000000, drain:IDLE,RAT:DEFAULT
04-12 20:28:23.019  7151  7439 W ModemPowerProfile: getAverageBatteryDrainMaH called with unexpected key: 0x20000000, drain:RX,RAT:DEFAULT
04-12 20:28:23.019  7151  7439 W ModemPowerProfile: getAverageBatteryDrainMaH called with unexpected key: 0x30000000, drain:TX,level:0,RAT:DEFAULT
04-12 20:28:23.019  7151  7439 W ModemPowerProfile: getAverageBatteryDrainMaH called with unexpected key: 0x31000000, drain:TX,level:1,RAT:DEFAULT
04-12 20:28:23.019  7151  7439 W ModemPowerProfile: getAverageBatteryDrainMaH called with unexpected key: 0x32000000, drain:TX,level:2,RAT:DEFAULT
04-12 20:28:23.019  7151  7439 W ModemPowerProfile: getAverageBatteryDrainMaH called with unexpected key: 0x33000000, drain:TX,level:3,RAT:DEFAULT
04-12 20:28:23.019  7151  7439 W ModemPowerProfile: getAverageBatteryDrainMaH called with unexpected key: 0x34000000, drain:TX,level:4,RAT:DEFAULT
04-12 20:28:23.029  2108  5046 I START_DEBUG: remove BIND_TIMEOUT finish    ProcessRecord :ProcessRecord{8958525 7403:com.android.providers.calendar/u0a82}
04-12 20:28:23.049  2108  2132 W JobScheduler: Job didn't exist in JobStore: ee3255b #u0a76/13 DownloadManager:com.android.providers.downloads
04-12 20:28:23.050  2108  2180 I tranpm/BroadcastPolicy: limitScheduleReceiverColdLockedInBringUp by isBlockBringUpClsPkg: callingPackage = null, targetPkg = com.gallery20, receiverName = androidx.work.impl.background.systemalarm.RescheduleReceiver action = android.intent.action.BOOT_COMPLETED
04-12 20:28:23.050  2108  2180 I tranpm/ExemptionPolicy: do nothing
04-12 20:28:23.079  2108  2181 I ActivityManager: Start proc 7451:com.google.android.apps.tachyon/u0a251 for broadcast {com.google.android.apps.tachyon/com.google.android.apps.tachyon.common.applifecycle.BootReceiver}
04-12 20:28:23.079  2108  2181 I START_DEBUG: send START_TIMEOUT message    ProcessRecord :ProcessRecord{7708ba9 7451:com.google.android.apps.tachyon/u0a251}
04-12 20:28:23.079  2108  2181 I ActivityManager: ProcessObserver broadcast disabled
04-12 20:28:23.085  2108  2467 I START_DEBUG: remove BIND_TIMEOUT finish    ProcessRecord :ProcessRecord{2c94977 7460:com.transsion.aicore.main/u0a113}
04-12 20:28:23.087  2108  2132 I START_DEBUG: send BINDTIMEOUT    ProcessRecord :ProcessRecord{7708ba9 7451:com.google.android.apps.tachyon/u0a251}
04-12 20:28:23.087  2108  2132 I START_DEBUG: remove START_TIMEOUT finish    ProcessRecord :ProcessRecord{7708ba9 7451:com.google.android.apps.tachyon/u0a251}
04-12 20:28:23.089  2909  3008 I Usf_Hiber/appStateMachine: TranAppStateMachine initial
04-12 20:28:23.089  2909  2993 I Usf_Hiber/appStateMachine: uid:10251 enter DefaultState
04-12 20:28:23.089  2909  2993 I Usf_Hiber/appStateMachine: uid:10251 enter RunningState
04-12 20:28:23.090  7451  7520 I AppProperties: enter initialize com.google.android.apps.tachyon
04-12 20:28:23.090  7451  7520 I AppProperties: readAllPropFiles directoryPath=/system_ext/etc/vconfig/com.google.android.apps.tachyon/
04-12 20:28:23.090  7451  7520 I AppProperties: enter readPropFiles count=0
04-12 20:28:23.090  7451  7520 I AppProperties: readAllPropFiles directoryPath=/tr_product/etc/vconfig/com.google.android.apps.tachyon/
04-12 20:28:23.090  7451  7520 I AppProperties: enter readPropFiles count=0
04-12 20:28:23.090  7451  7520 I AppProperties: readAllPropFiles directoryPath=/tr_region/etc/vconfig/com.google.android.apps.tachyon/
04-12 20:28:23.090  7451  7520 I AppProperties: enter readPropFiles count=0
04-12 20:28:23.090  7451  7520 I AppProperties: readAllPropFiles directoryPath=/tr_carrier/etc/vconfig/com.google.android.apps.tachyon/
04-12 20:28:23.090  7451  7520 I AppProperties: enter readPropFiles count=0
04-12 20:28:23.090  7451  7520 I AppProperties: readAllPropFiles directoryPath=/tr_company/etc/vconfig/com.google.android.apps.tachyon/
04-12 20:28:23.090  7451  7520 I AppProperties: enter readPropFiles count=0
04-12 20:28:23.090  7451  7520 I AppProperties: readAllPropFiles directoryPath=/tranfs/etc/vconfig/com.google.android.apps.tachyon/
04-12 20:28:23.090  7451  7520 I AppProperties: enter readPropFiles count=0
04-12 20:28:23.178  2108  2467 I UsfSystemServer/appSceneHooker: duplicate service bind status, skip
04-12 20:28:23.180  2108  2727 I UsfSystemServer/appSceneHooker: duplicate service bind status, skip
04-12 20:28:23.215   733   733 I keystore2: system/security/keystore2/src/security_level.rs:245 - caller pid=2962, uid=10149; force = false; key domain=r#KEY_ID, alias = None
04-12 20:28:23.216   733   733 I keystore2: system/security/keystore2/src/security_level.rs:343 - upgrade_keyblob_if_required_with start
04-12 20:28:23.218   733   733 I keystore2: system/security/keystore2/src/enforcements.rs:236 - finalize_create_authorization self.state=NoAuthRequired
04-12 20:28:23.218   733   733 I keystore2: system/security/keystore2/src/security_level.rs:388 - upgrade_keyblob_if_required_with end; operation_db.create_operation start
04-12 20:28:23.218   733   733 I keystore2: system/security/keystore2/src/security_level.rs:406 - operation_db.create_operation end
04-12 20:28:23.231  2886  3552 I TranConfigs: getAsset: enter
04-12 20:28:23.231  2886  3552 I TranConfigs: getAsset: file path is : /tr_company/etc/asset/launcher/Launcher_res/weather_icon/ic_wth_rain3_l.webp
04-12 20:28:23.231  2886  3552 I TranConfigs: getAsset: file path is : /tr_carrier/etc/asset/launcher/Launcher_res/weather_icon/ic_wth_rain3_l.webp
04-12 20:28:23.231  2886  3552 I TranConfigs: getAsset: file path is : /tr_region/etc/asset/launcher/Launcher_res/weather_icon/ic_wth_rain3_l.webp
04-12 20:28:23.231  2886  3552 I TranConfigs: getAsset: file path is : /tr_product/etc/asset/launcher/Launcher_res/weather_icon/ic_wth_rain3_l.webp
04-12 20:28:23.232  2886  3552 I TranConfigs: getAsset: file is : /tr_product/etc/asset/launcher/Launcher_res/weather_icon/ic_wth_rain3_l.webp
04-12 20:28:23.233  2886  3552 I TranConfigs: getAsset: enter
04-12 20:28:23.233  2886  3552 I TranConfigs: getAsset: file path is : /tr_company/etc/asset/launcher/Launcher_res/weather_icon_analog/ic_wth_rain3.png
04-12 20:28:23.233  2886  3552 I TranConfigs: getAsset: file path is : /tr_carrier/etc/asset/launcher/Launcher_res/weather_icon_analog/ic_wth_rain3.png
04-12 20:28:23.233  2886  3552 I TranConfigs: getAsset: file path is : /tr_region/etc/asset/launcher/Launcher_res/weather_icon_analog/ic_wth_rain3.png
04-12 20:28:23.233  2886  3552 I TranConfigs: getAsset: file path is : /tr_product/etc/asset/launcher/Launcher_res/weather_icon_analog/ic_wth_rain3.png
04-12 20:28:23.233  2886  3552 I TranConfigs: getAsset: file is : /tr_product/etc/asset/launcher/Launcher_res/weather_icon_analog/ic_wth_rain3.png
04-12 20:28:23.242  2108  2727 I TranCustomizedTransitionAnimController: TranDynamicBarAnimControllerImpl setFromDynamicIslandToWindow pkgName:com.google.android.gms
04-12 20:28:23.242  2108  2727 I TranCustomizedTransitionAnimController: end setFromDynamicIslandToWindow mDynamicIslandPkgName:com.google.android.gms mStartFromDynamicIsland:false
04-12 20:28:23.303  4178  7591 E ActivityThread: Failed to find provider info for subscribedfeeds
04-12 20:28:23.316  2108  4085 E tranpm/ProcessDataInstance: hasLaunchIcon: packageName = null
04-12 20:28:23.316  2108  4085 E tranpm/ProcessDataInstance: hasLaunchIcon: packageName = null
04-12 20:28:23.336  2108  2155 I WindowManager: setVisibility: false, !mTransitionController.inTransition() = true, this = WallpaperWindowToken{76af2a9 showWhenLocked=true}
04-12 20:28:23.336  2108  2155 I WindowManager: setVisibility: true, !mTransitionController.inTransition() = true, this = WallpaperWindowToken{2545f93 showWhenLocked=false}
04-12 20:28:23.356  2108  2154 I DisplayDeviceRepository: Display device changed render timings: "内置屏幕", renderFrameRate=120.00001, presentationDeadlineNanos=13300000, appVsyncOffsetNanos=1099999, frameRateOverrides=[]
04-12 20:28:23.356  2108  2154 I Griffin/DeviceState: virtualDisplayPackageName :{}
04-12 20:28:23.356  2108  2155 I WindowManager: setVisibility: false, !mTransitionController.inTransition() = true, this = WallpaperWindowToken{76af2a9 showWhenLocked=true}
04-12 20:28:23.356  2108  2155 I WindowManager: setVisibility: true, !mTransitionController.inTransition() = true, this = WallpaperWindowToken{2545f93 showWhenLocked=false}
04-12 20:28:23.365  2108  2242 W TranPerf-KswapdLittleCoreFeature: [setAffinity] Tid:90 mask:63
04-12 20:28:23.365  2108  2242 W TranPerf-KswapdLittleCoreFeature: [setAffinity] Pid:90 mask:63
04-12 20:28:23.371  2108  2155 I WindowManager: setVisibility: false, !mTransitionController.inTransition() = true, this = WallpaperWindowToken{76af2a9 showWhenLocked=true}
04-12 20:28:23.372  2108  2155 I WindowManager: setVisibility: true, !mTransitionController.inTransition() = true, this = WallpaperWindowToken{2545f93 showWhenLocked=false}
04-12 20:28:23.462  2108  4085 I AnimBoostThreadLittleCoreFeature: AnimBoostThread = 3390
04-12 20:28:23.462  2909  3393 I Usf_Hiber/fastState: do fastFreeze reason=cpuboost
04-12 20:28:23.462  2108  4085 I TranAlwaysOnDisplayHelper: updateDreamingSleepToken acquire: false displayId: 0 mDreamingSleepTokenAcquirer: com.android.server.dreams.TranAlwaysOnDisplayHelper$SleepTokenAcquirerProxy@b547426 mIsWakingUp=true
04-12 20:28:23.462  2962  3380 I UASManager: startWmShellMainUASBoost flag:1, mMainBoostFlags:1
04-12 20:28:23.462  2909  3009 W Usf_Hiber/fastState: uid=10267 is exempt-app
04-12 20:28:23.463  2962  3380 I UASManager: startUASBoost tid =3034 type=ux_exact_wmshell.main
04-12 20:28:23.463  2962  3034 I ShellTransitions: Transition requested (#6): android.os.BinderProxy@a59e162 TransitionRequestInfo { type = TO_BACK, triggerTask = null, pipChange = null, remoteTransition = null, displayChange = null, flags = 260, debugId = 6 }
04-12 20:28:23.463  2108  4085 I Transition:  syncId = -1, mSyncId = 6, recentAnim = false, wc = ActivityRecord{39808737 u0 com.android.settings/com.transsion.settings.usbdialog.UsbMTPChooserActivity t21},wc.requestVisible = false, wc.visible = false
04-12 20:28:23.465  2909  2996 I Usf_Hiber/nativeServiceClient: check sync_binder uid=10077
04-12 20:28:23.466  2909  2996 I Usf_Hiber/nativeServiceClient: check sync_binder uid=10083
04-12 20:28:23.467  2909  2996 I Usf_Hiber/nativeServiceClient: check sync_binder uid=10093
04-12 20:28:23.471  2108  4085 I Transition:  syncId = -1, mSyncId = 6, recentAnim = false, wc = ActivityRecord{220492930 u0 com.transsion.launcher3/com.android.launcher3.uioverrides.QuickstepLauncher t5},wc.requestVisible = false, wc.visible = false
04-12 20:28:23.479  2108  2132 W ActivityManager: Unable to start service Intent { act=com.google.android.gms.lockbox.service.START xflg=0x4 pkg=com.google.android.gms } U=0: not found
04-12 20:28:23.481  2909  2996 I Usf_Hiber/nativeServiceClient: check sync_binder uid=10110
04-12 20:28:23.482  2909  2996 I Usf_Hiber/nativeServiceClient: check sync_binder uid=10112
04-12 20:28:23.486  2108  4085 I TranSCSourceConnectManagerImpl: hookDisplayResumeComponent displayId: 0 componentName: ComponentInfo{com.android.settings/com.transsion.settings.usbdialog.UsbMTPChooserActivity}
04-12 20:28:23.487  2909  2996 I Usf_Hiber/nativeServiceClient: check sync_binder uid=10140
04-12 20:28:23.487  2108  4085 I Transition:  syncId = -1, mSyncId = 6, recentAnim = false, wc = WallpaperWindowToken{2545f93 showWhenLocked=false},wc.requestVisible = false, wc.visible = false
04-12 20:28:23.487  2108  4085 I WindowManager: wallpaper: true, visible = true
04-12 20:28:23.487  2108  4085 I Transition:  syncId = -1, mSyncId = 6, recentAnim = false, wc = WallpaperWindowToken{76af2a9 showWhenLocked=true},wc.requestVisible = true, wc.visible = true
04-12 20:28:23.488  2909  2996 I Usf_Hiber/nativeServiceClient: check sync_binder uid=10159
04-12 20:28:23.488  2909  2996 I Usf_Hiber/nativeServiceClient: check sync_binder uid=10174
04-12 20:28:23.490  2909  2996 I Usf_Hiber/nativeServiceClient: check sync_binder uid=10180
04-12 20:28:23.491  2108  2132 W ActivityManager: Unbind failed: could not find connection for android.os.BinderProxy@a49f901
04-12 20:28:23.494  2909  2996 I Usf_Hiber/nativeServiceClient: check sync_binder uid=10215
04-12 20:28:23.495  2909  2996 I Usf_Hiber/nativeServiceClient: check sync_binder uid=10216
04-12 20:28:23.495  2909  2996 I Usf_Hiber/nativeServiceClient: check sync_binder uid=10228
04-12 20:28:23.496  2909  3009 I Usf_Hiber/fastState: fastFreeze reason=cpuboost size=15 uids=[10077, 10083, 10093, 10110, 10112, 10140, 10159, 10174, 10180, 10215, 10216, 10228, 10251, 10257, 10277] about costTime=34ms
04-12 20:28:23.496  2909  2996 I Usf_Hiber/nativeServiceClient: check sync_binder uid=10251
04-12 20:28:23.504  2909  2996 I Usf_Hiber/nativeServiceClient: check sync_binder uid=10257
04-12 20:28:23.504  2909  2996 I Usf_Hiber/nativeServiceClient: check sync_binder uid=10277
04-12 20:28:23.508  2108  3534 I WindowManager: Relayout Window{1354a9c u0 com.android.settings/com.transsion.settings.usbdialog.UsbMTPChooserActivity}: oldVis=8 newVis=0 focusMayChange = true requestedWidth = 1208 requestedHeight = 1282 outFrames = ClientWindowFrames{frame=[0,1362][1208,2644] display=[0,123][1208,2644] parentFrame=[0,0][0,0]} outSurfaceControl = Surface(name=com.android.settings/com.transsion.settings.usbdialog.UsbMTPChooserActivity)/@0x4ad617e
04-12 20:28:23.511  2909  2995 I Usf_Hiber/hiber: unfreeze syncBinder (type=1,callerPid=3454,callerUid=10233,targetPid=7451,targetUid=10251), rpcName: SYNC_BINDER, code: -1
04-12 20:28:23.511  2909  2995 I Usf_Hiber/fastState: skip fastFreeze, uid=10251 pkgName=com.google.android.apps.tachyon unFreezeReason=syncBinder cpnInfo=TRANSACTION_-1
04-12 20:28:23.512  2909  2995 I Usf_Hiber/stateManager: unfreeze uid: 10251 com.google.android.apps.tachyon  reason:syncBinder   cpninfo:TRANSACTION_-1 costTime=1ms ,last freeze invalid
04-12 20:28:23.512  2909  2995 I Usf_Hiber/cgroup: forceUnfreezeByPid pid= 7451 reason= unfreezeForKernel: syncBinder
04-12 20:28:23.512  2909  2995 I Usf_Hiber/cgroup: force unfreeze10251
04-12 20:28:23.514  2108  3024 I WindowManager: Relayout Window{7bf8e68 u0 com.transsion.launcher3/com.android.launcher3.uioverrides.QuickstepLauncher}: oldVis=8 newVis=0 focusMayChange = true requestedWidth = 1208 requestedHeight = 2644 outFrames = ClientWindowFrames{frame=[0,0][1208,2644] display=[0,0][1208,2644] parentFrame=[0,0][0,0]} outSurfaceControl = Surface(name=com.transsion.launcher3/com.android.launcher3.uioverrides.QuickstepLauncher)/@0x3b89df5
04-12 20:28:23.515  2108  2155 I WindowManager: real show surface com.android.systemui.wallpapers.ImageWallpaper sc: Surface(name=com.android.systemui.wallpapers.ImageWallpaper)/@0xe49ad94 win : Window{c2858d1 u0 com.android.systemui.wallpapers.ImageWallpaper}
04-12 20:28:23.533  2108  3517 I WindowManager: System monitor finishDrawingWindow w: Window{1354a9c u0 com.android.settings/com.transsion.settings.usbdialog.UsbMTPChooserActivity}; mDrawState = DRAW_PENDING
04-12 20:28:23.535  2108  2155 I WindowManager: shouldSkipFirstWindowDrawn is childwindow this=Window{1354a9c u0 com.android.settings/com.transsion.settings.usbdialog.UsbMTPChooserActivity} mAttrs={(0,0)(1208xwrap) gr=BOTTOM CENTER_VERTICAL sim={adjust=pan forwardNavigation} ty=APPLICATION fmt=TRANSLUCENT wanim=0x7f160294
04-12 20:28:23.535  2108  2155 I WindowManager:   fl=DIM_BEHIND SPLIT_TOUCH HARDWARE_ACCELERATED
04-12 20:28:23.535  2108  2155 I WindowManager:   pfl=EDGE_TO_EDGE_ENFORCED INSET_PARENT_FRAME_BY_IME
04-12 20:28:23.535  2108  2155 I WindowManager:   vsysui=LIGHT_STATUS_BAR
04-12 20:28:23.535  2108  2155 I WindowManager:   apr=LIGHT_STATUS_BARS
04-12 20:28:23.535  2108  2155 I WindowManager:   bhv=DEFAULT
04-12 20:28:23.535  2108  2155 I WindowManager:   fitTypes=STATUS_BARS NAVIGATION_BARS CAPTION_BAR
04-12 20:28:23.535  2108  2155 I WindowManager:   frameRateBoostOnTouch=true
04-12 20:28:23.535  2108  2155 I WindowManager:   dvrrWindowFrameRateHint=true}
04-12 20:28:23.537  2108  2155 I WindowManager: shouldSkipFirstWindowDrawn is childwindow this=Window{1354a9c u0 com.android.settings/com.transsion.settings.usbdialog.UsbMTPChooserActivity} mAttrs={(0,0)(1208xwrap) gr=BOTTOM CENTER_VERTICAL sim={adjust=pan forwardNavigation} ty=APPLICATION fmt=TRANSLUCENT wanim=0x7f160294
04-12 20:28:23.537  2108  2155 I WindowManager:   fl=DIM_BEHIND SPLIT_TOUCH HARDWARE_ACCELERATED
04-12 20:28:23.537  2108  2155 I WindowManager:   pfl=EDGE_TO_EDGE_ENFORCED INSET_PARENT_FRAME_BY_IME
04-12 20:28:23.537  2108  2155 I WindowManager:   vsysui=LIGHT_STATUS_BAR
04-12 20:28:23.537  2108  2155 I WindowManager:   apr=LIGHT_STATUS_BARS
04-12 20:28:23.537  2108  2155 I WindowManager:   bhv=DEFAULT
04-12 20:28:23.537  2108  2155 I WindowManager:   fitTypes=STATUS_BARS NAVIGATION_BARS CAPTION_BAR
04-12 20:28:23.537  2108  2155 I WindowManager:   frameRateBoostOnTouch=true
04-12 20:28:23.537  2108  2155 I WindowManager:   dvrrWindowFrameRateHint=true}
04-12 20:28:23.538  2108  2154 I TranSCSourceConnectManagerImpl: hookDisplayResumeComponent displayId: 0 componentName: ComponentInfo{com.android.settings/com.transsion.settings.usbdialog.UsbMTPChooserActivity}
04-12 20:28:23.539  2108  2155 I WindowManager: shouldSkipFirstWindowDrawn is childwindow this=Window{1354a9c u0 com.android.settings/com.transsion.settings.usbdialog.UsbMTPChooserActivity} mAttrs={(0,0)(1208xwrap) gr=BOTTOM CENTER_VERTICAL sim={adjust=pan forwardNavigation} ty=APPLICATION fmt=TRANSLUCENT wanim=0x7f160294
04-12 20:28:23.539  2108  2155 I WindowManager:   fl=DIM_BEHIND SPLIT_TOUCH HARDWARE_ACCELERATED
04-12 20:28:23.539  2108  2155 I WindowManager:   pfl=EDGE_TO_EDGE_ENFORCED INSET_PARENT_FRAME_BY_IME
04-12 20:28:23.539  2108  2155 I WindowManager:   vsysui=LIGHT_STATUS_BAR
04-12 20:28:23.539  2108  2155 I WindowManager:   apr=LIGHT_STATUS_BARS
04-12 20:28:23.539  2108  2155 I WindowManager:   bhv=DEFAULT
04-12 20:28:23.539  2108  2155 I WindowManager:   fitTypes=STATUS_BARS NAVIGATION_BARS CAPTION_BAR
04-12 20:28:23.539  2108  2155 I WindowManager:   frameRateBoostOnTouch=true
04-12 20:28:23.539  2108  2155 I WindowManager:   dvrrWindowFrameRateHint=true}
04-12 20:28:23.541  2108  3517 I WindowManager: shouldSkipFirstWindowDrawn is childwindow this=Window{1354a9c u0 com.android.settings/com.transsion.settings.usbdialog.UsbMTPChooserActivity} mAttrs={(0,0)(1208xwrap) gr=BOTTOM CENTER_VERTICAL sim={adjust=pan forwardNavigation} ty=APPLICATION fmt=TRANSLUCENT wanim=0x7f160294
04-12 20:28:23.541  2108  3517 I WindowManager:   fl=DIM_BEHIND SPLIT_TOUCH HARDWARE_ACCELERATED
04-12 20:28:23.541  2108  3517 I WindowManager:   pfl=EDGE_TO_EDGE_ENFORCED INSET_PARENT_FRAME_BY_IME
04-12 20:28:23.541  2108  3517 I WindowManager:   vsysui=LIGHT_STATUS_BAR
04-12 20:28:23.541  2108  3517 I WindowManager:   apr=LIGHT_STATUS_BARS
04-12 20:28:23.541  2108  3517 I WindowManager:   bhv=DEFAULT
04-12 20:28:23.541  2108  3517 I WindowManager:   fitTypes=STATUS_BARS NAVIGATION_BARS CAPTION_BAR
04-12 20:28:23.541  2108  3517 I WindowManager:   frameRateBoostOnTouch=true
04-12 20:28:23.541  2108  3517 I WindowManager:   dvrrWindowFrameRateHint=true}
04-12 20:28:23.554  2108  2155 I WindowManager: shouldSkipFirstWindowDrawn is childwindow this=Window{1354a9c u0 com.android.settings/com.transsion.settings.usbdialog.UsbMTPChooserActivity} mAttrs={(0,0)(1208xwrap) gr=BOTTOM CENTER_VERTICAL sim={adjust=pan forwardNavigation} ty=APPLICATION fmt=TRANSLUCENT wanim=0x7f160294
04-12 20:28:23.554  2108  2155 I WindowManager:   fl=DIM_BEHIND SPLIT_TOUCH HARDWARE_ACCELERATED
04-12 20:28:23.554  2108  2155 I WindowManager:   pfl=EDGE_TO_EDGE_ENFORCED INSET_PARENT_FRAME_BY_IME
04-12 20:28:23.554  2108  2155 I WindowManager:   vsysui=LIGHT_STATUS_BAR
04-12 20:28:23.554  2108  2155 I WindowManager:   apr=LIGHT_STATUS_BARS
04-12 20:28:23.554  2108  2155 I WindowManager:   bhv=DEFAULT
04-12 20:28:23.554  2108  2155 I WindowManager:   fitTypes=STATUS_BARS NAVIGATION_BARS CAPTION_BAR
04-12 20:28:23.554  2108  2155 I WindowManager:   frameRateBoostOnTouch=true
04-12 20:28:23.554  2108  2155 I WindowManager:   dvrrWindowFrameRateHint=true}
04-12 20:28:23.557  2108  2155 I WindowManager: shouldSkipFirstWindowDrawn is childwindow this=Window{1354a9c u0 com.android.settings/com.transsion.settings.usbdialog.UsbMTPChooserActivity} mAttrs={(0,0)(1208xwrap) gr=BOTTOM CENTER_VERTICAL sim={adjust=pan forwardNavigation} ty=APPLICATION fmt=TRANSLUCENT wanim=0x7f160294
04-12 20:28:23.557  2108  2155 I WindowManager:   fl=DIM_BEHIND SPLIT_TOUCH HARDWARE_ACCELERATED
04-12 20:28:23.557  2108  2155 I WindowManager:   pfl=EDGE_TO_EDGE_ENFORCED INSET_PARENT_FRAME_BY_IME
04-12 20:28:23.557  2108  2155 I WindowManager:   vsysui=LIGHT_STATUS_BAR
04-12 20:28:23.557  2108  2155 I WindowManager:   apr=LIGHT_STATUS_BARS
04-12 20:28:23.557  2108  2155 I WindowManager:   bhv=DEFAULT
04-12 20:28:23.557  2108  2155 I WindowManager:   fitTypes=STATUS_BARS NAVIGATION_BARS CAPTION_BAR
04-12 20:28:23.557  2108  2155 I WindowManager:   frameRateBoostOnTouch=true
04-12 20:28:23.557  2108  2155 I WindowManager:   dvrrWindowFrameRateHint=true}
04-12 20:28:23.558  2108  2260 I WindowManager: shouldSkipFirstWindowDrawn is childwindow this=Window{1354a9c u0 com.android.settings/com.transsion.settings.usbdialog.UsbMTPChooserActivity} mAttrs={(0,0)(1208xwrap) gr=BOTTOM CENTER_VERTICAL sim={adjust=pan forwardNavigation} ty=APPLICATION fmt=TRANSLUCENT wanim=0x7f160294
04-12 20:28:23.558  2108  2260 I WindowManager:   fl=DIM_BEHIND SPLIT_TOUCH HARDWARE_ACCELERATED
04-12 20:28:23.558  2108  2260 I WindowManager:   pfl=EDGE_TO_EDGE_ENFORCED INSET_PARENT_FRAME_BY_IME
04-12 20:28:23.558  2108  2260 I WindowManager:   vsysui=LIGHT_STATUS_BAR
04-12 20:28:23.558  2108  2260 I WindowManager:   apr=LIGHT_STATUS_BARS
04-12 20:28:23.558  2108  2260 I WindowManager:   bhv=DEFAULT
04-12 20:28:23.558  2108  2260 I WindowManager:   fitTypes=STATUS_BARS NAVIGATION_BARS CAPTION_BAR
04-12 20:28:23.558  2108  2260 I WindowManager:   frameRateBoostOnTouch=true
04-12 20:28:23.558  2108  2260 I WindowManager:   dvrrWindowFrameRateHint=true}
04-12 20:28:23.569  2108  5048 I WindowManager: shouldSkipFirstWindowDrawn is childwindow this=Window{1354a9c u0 com.android.settings/com.transsion.settings.usbdialog.UsbMTPChooserActivity} mAttrs={(0,0)(1208xwrap) gr=BOTTOM CENTER_VERTICAL sim={adjust=pan forwardNavigation} ty=APPLICATION fmt=TRANSLUCENT wanim=0x7f160294
04-12 20:28:23.569  2108  5048 I WindowManager:   fl=DIM_BEHIND SPLIT_TOUCH HARDWARE_ACCELERATED
04-12 20:28:23.569  2108  5048 I WindowManager:   pfl=EDGE_TO_EDGE_ENFORCED INSET_PARENT_FRAME_BY_IME
04-12 20:28:23.569  2108  5048 I WindowManager:   vsysui=LIGHT_STATUS_BAR
04-12 20:28:23.569  2108  5048 I WindowManager:   apr=LIGHT_STATUS_BARS
04-12 20:28:23.569  2108  5048 I WindowManager:   bhv=DEFAULT
04-12 20:28:23.569  2108  5048 I WindowManager:   fitTypes=STATUS_BARS NAVIGATION_BARS CAPTION_BAR
04-12 20:28:23.569  2108  5048 I WindowManager:   frameRateBoostOnTouch=true
04-12 20:28:23.569  2108  5048 I WindowManager:   dvrrWindowFrameRateHint=true}
04-12 20:28:23.572  2108  5043 I WindowManager: shouldSkipFirstWindowDrawn is childwindow this=Window{1354a9c u0 com.android.settings/com.transsion.settings.usbdialog.UsbMTPChooserActivity} mAttrs={(0,0)(1208xwrap) gr=BOTTOM CENTER_VERTICAL sim={adjust=pan forwardNavigation} ty=APPLICATION fmt=TRANSLUCENT wanim=0x7f160294
04-12 20:28:23.572  2108  5043 I WindowManager:   fl=DIM_BEHIND SPLIT_TOUCH HARDWARE_ACCELERATED
04-12 20:28:23.572  2108  5043 I WindowManager:   pfl=EDGE_TO_EDGE_ENFORCED INSET_PARENT_FRAME_BY_IME
04-12 20:28:23.572  2108  5043 I WindowManager:   vsysui=LIGHT_STATUS_BAR
04-12 20:28:23.572  2108  5043 I WindowManager:   apr=LIGHT_STATUS_BARS
04-12 20:28:23.572  2108  5043 I WindowManager:   bhv=DEFAULT
04-12 20:28:23.572  2108  5043 I WindowManager:   fitTypes=STATUS_BARS NAVIGATION_BARS CAPTION_BAR
04-12 20:28:23.572  2108  5043 I WindowManager:   frameRateBoostOnTouch=true
04-12 20:28:23.572  2108  5043 I WindowManager:   dvrrWindowFrameRateHint=true}
04-12 20:28:23.572  2108  5043 I WindowManager: Relayout Window{cd914e5 u0 com.android.settings/com.transsion.settings.usbdialog.UsbMTPChooserActivity}: oldVis=4 newVis=0 focusMayChange = true requestedWidth = 1208 requestedHeight = 475 outFrames = ClientWindowFrames{frame=[0,1146][1208,1621] display=[0,123][1208,2644] parentFrame=[0,0][0,0]} outSurfaceControl = Surface(name=com.android.settings/com.transsion.settings.usbdialog.UsbMTPChooserActivity)/@0x7b96fcb
04-12 20:28:23.573  2108  2155 I WindowManager: shouldSkipFirstWindowDrawn is childwindow this=Window{1354a9c u0 com.android.settings/com.transsion.settings.usbdialog.UsbMTPChooserActivity} mAttrs={(0,0)(1208xwrap) gr=BOTTOM CENTER_VERTICAL sim={adjust=pan forwardNavigation} ty=APPLICATION fmt=TRANSLUCENT wanim=0x7f160294
04-12 20:28:23.573  2108  2155 I WindowManager:   fl=DIM_BEHIND SPLIT_TOUCH HARDWARE_ACCELERATED
04-12 20:28:23.573  2108  2155 I WindowManager:   pfl=EDGE_TO_EDGE_ENFORCED INSET_PARENT_FRAME_BY_IME
04-12 20:28:23.573  2108  2155 I WindowManager:   vsysui=LIGHT_STATUS_BAR
04-12 20:28:23.573  2108  2155 I WindowManager:   apr=LIGHT_STATUS_BARS
04-12 20:28:23.573  2108  2155 I WindowManager:   bhv=DEFAULT
04-12 20:28:23.573  2108  2155 I WindowManager:   fitTypes=STATUS_BARS NAVIGATION_BARS CAPTION_BAR
04-12 20:28:23.573  2108  2155 I WindowManager:   frameRateBoostOnTouch=true
04-12 20:28:23.573  2108  2155 I WindowManager:   dvrrWindowFrameRateHint=true}
04-12 20:28:23.584   733   733 I keystore2: system/security/keystore2/src/security_level.rs:245 - caller pid=3810, uid=1000; force = false; key domain=r#KEY_ID, alias = None
04-12 20:28:23.585   733   733 I keystore2: system/security/keystore2/src/security_level.rs:343 - upgrade_keyblob_if_required_with start
04-12 20:28:23.590   733   733 I keystore2: system/security/keystore2/src/enforcements.rs:236 - finalize_create_authorization self.state=NoAuthRequired
04-12 20:28:23.591   733   733 I keystore2: system/security/keystore2/src/security_level.rs:388 - upgrade_keyblob_if_required_with end; operation_db.create_operation start
04-12 20:28:23.591   733   733 I keystore2: system/security/keystore2/src/security_level.rs:406 - operation_db.create_operation end
04-12 20:28:23.601  2108  2155 I WindowManager: shouldSkipFirstWindowDrawn is childwindow this=Window{1354a9c u0 com.android.settings/com.transsion.settings.usbdialog.UsbMTPChooserActivity} mAttrs={(0,0)(1208xwrap) gr=BOTTOM CENTER_VERTICAL sim={adjust=pan forwardNavigation} ty=APPLICATION fmt=TRANSLUCENT wanim=0x7f160294
04-12 20:28:23.601  2108  2155 I WindowManager:   fl=DIM_BEHIND SPLIT_TOUCH HARDWARE_ACCELERATED
04-12 20:28:23.601  2108  2155 I WindowManager:   pfl=EDGE_TO_EDGE_ENFORCED INSET_PARENT_FRAME_BY_IME
04-12 20:28:23.601  2108  2155 I WindowManager:   vsysui=LIGHT_STATUS_BAR
04-12 20:28:23.601  2108  2155 I WindowManager:   apr=LIGHT_STATUS_BARS
04-12 20:28:23.601  2108  2155 I WindowManager:   bhv=DEFAULT
04-12 20:28:23.601  2108  2155 I WindowManager:   fitTypes=STATUS_BARS NAVIGATION_BARS CAPTION_BAR
04-12 20:28:23.601  2108  2155 I WindowManager:   frameRateBoostOnTouch=true
04-12 20:28:23.601  2108  2155 I WindowManager:   dvrrWindowFrameRateHint=true}
04-12 20:28:23.607  2108  2467 I WindowManager: System monitor finishDrawingWindow w: Window{7bf8e68 u0 com.transsion.launcher3/com.android.launcher3.uioverrides.QuickstepLauncher}; mDrawState = DRAW_PENDING
04-12 20:28:23.610  2108  2155 I WindowManager: shouldSkipFirstWindowDrawn is childwindow this=Window{1354a9c u0 com.android.settings/com.transsion.settings.usbdialog.UsbMTPChooserActivity} mAttrs={(0,0)(1208xwrap) gr=BOTTOM CENTER_VERTICAL sim={adjust=pan forwardNavigation} ty=APPLICATION fmt=TRANSLUCENT wanim=0x7f160294
04-12 20:28:23.610  2108  2155 I WindowManager:   fl=DIM_BEHIND SPLIT_TOUCH HARDWARE_ACCELERATED
04-12 20:28:23.610  2108  2155 I WindowManager:   pfl=EDGE_TO_EDGE_ENFORCED INSET_PARENT_FRAME_BY_IME
04-12 20:28:23.610  2108  2155 I WindowManager:   vsysui=LIGHT_STATUS_BAR
04-12 20:28:23.610  2108  2155 I WindowManager:   apr=LIGHT_STATUS_BARS
04-12 20:28:23.610  2108  2155 I WindowManager:   bhv=DEFAULT
04-12 20:28:23.610  2108  2155 I WindowManager:   fitTypes=STATUS_BARS NAVIGATION_BARS CAPTION_BAR
04-12 20:28:23.610  2108  2155 I WindowManager:   frameRateBoostOnTouch=true
04-12 20:28:23.610  2108  2155 I WindowManager:   dvrrWindowFrameRateHint=true}
04-12 20:28:23.612  2108  2155 I WindowManager: shouldSkipFirstWindowDrawn is childwindow this=Window{1354a9c u0 com.android.settings/com.transsion.settings.usbdialog.UsbMTPChooserActivity} mAttrs={(0,0)(1208xwrap) gr=BOTTOM CENTER_VERTICAL sim={adjust=pan forwardNavigation} ty=APPLICATION fmt=TRANSLUCENT wanim=0x7f160294
04-12 20:28:23.612  2108  2155 I WindowManager:   fl=DIM_BEHIND SPLIT_TOUCH HARDWARE_ACCELERATED
04-12 20:28:23.612  2108  2155 I WindowManager:   pfl=EDGE_TO_EDGE_ENFORCED INSET_PARENT_FRAME_BY_IME
04-12 20:28:23.612  2108  2155 I WindowManager:   vsysui=LIGHT_STATUS_BAR
04-12 20:28:23.612  2108  2155 I WindowManager:   apr=LIGHT_STATUS_BARS
04-12 20:28:23.612  2108  2155 I WindowManager:   bhv=DEFAULT
04-12 20:28:23.612  2108  2155 I WindowManager:   fitTypes=STATUS_BARS NAVIGATION_BARS CAPTION_BAR
04-12 20:28:23.612  2108  2155 I WindowManager:   frameRateBoostOnTouch=true
04-12 20:28:23.612  2108  2155 I WindowManager:   dvrrWindowFrameRateHint=true}
04-12 20:28:23.613  2108  2155 I WindowManager: shouldSkipFirstWindowDrawn is childwindow this=Window{1354a9c u0 com.android.settings/com.transsion.settings.usbdialog.UsbMTPChooserActivity} mAttrs={(0,0)(1208xwrap) gr=BOTTOM CENTER_VERTICAL sim={adjust=pan forwardNavigation} ty=APPLICATION fmt=TRANSLUCENT wanim=0x7f160294
04-12 20:28:23.613  2108  2155 I WindowManager:   fl=DIM_BEHIND SPLIT_TOUCH HARDWARE_ACCELERATED
04-12 20:28:23.613  2108  2155 I WindowManager:   pfl=EDGE_TO_EDGE_ENFORCED INSET_PARENT_FRAME_BY_IME
04-12 20:28:23.613  2108  2155 I WindowManager:   vsysui=LIGHT_STATUS_BAR
04-12 20:28:23.613  2108  2155 I WindowManager:   apr=LIGHT_STATUS_BARS
04-12 20:28:23.613  2108  2155 I WindowManager:   bhv=DEFAULT
04-12 20:28:23.613  2108  2155 I WindowManager:   fitTypes=STATUS_BARS NAVIGATION_BARS CAPTION_BAR
04-12 20:28:23.613  2108  2155 I WindowManager:   frameRateBoostOnTouch=true
04-12 20:28:23.613  2108  2155 I WindowManager:   dvrrWindowFrameRateHint=true}
04-12 20:28:23.625  2108  3532 I WindowManager: System monitor finishDrawingWindow w: Window{cd914e5 u0 com.android.settings/com.transsion.settings.usbdialog.UsbMTPChooserActivity}; mDrawState = DRAW_PENDING
04-12 20:28:23.627  2108  2155 I WindowManager: shouldSkipFirstWindowDrawn is childwindow this=Window{1354a9c u0 com.android.settings/com.transsion.settings.usbdialog.UsbMTPChooserActivity} mAttrs={(0,0)(1208xwrap) gr=BOTTOM CENTER_VERTICAL sim={adjust=pan forwardNavigation} ty=APPLICATION fmt=TRANSLUCENT wanim=0x7f160294
04-12 20:28:23.627  2108  2155 I WindowManager:   fl=DIM_BEHIND SPLIT_TOUCH HARDWARE_ACCELERATED
04-12 20:28:23.627  2108  2155 I WindowManager:   pfl=EDGE_TO_EDGE_ENFORCED INSET_PARENT_FRAME_BY_IME
04-12 20:28:23.627  2108  2155 I WindowManager:   vsysui=LIGHT_STATUS_BAR
04-12 20:28:23.627  2108  2155 I WindowManager:   apr=LIGHT_STATUS_BARS
04-12 20:28:23.627  2108  2155 I WindowManager:   bhv=DEFAULT
04-12 20:28:23.627  2108  2155 I WindowManager:   fitTypes=STATUS_BARS NAVIGATION_BARS CAPTION_BAR
04-12 20:28:23.627  2108  2155 I WindowManager:   frameRateBoostOnTouch=true
04-12 20:28:23.627  2108  2155 I WindowManager:   dvrrWindowFrameRateHint=true}
04-12 20:28:23.628  2108  2155 I WindowManager: real show surface com.transsion.launcher3/com.android.launcher3.uioverrides.QuickstepLauncher sc: Surface(name=com.transsion.launcher3/com.android.launcher3.uioverrides.QuickstepLauncher)/@0x6256ca2 win : Window{7bf8e68 u0 com.transsion.launcher3/com.android.launcher3.uioverrides.QuickstepLauncher}
04-12 20:28:23.630  2108  2155 I WindowManager: shouldSkipFirstWindowDrawn is childwindow this=Window{1354a9c u0 com.android.settings/com.transsion.settings.usbdialog.UsbMTPChooserActivity} mAttrs={(0,0)(1208xwrap) gr=BOTTOM CENTER_VERTICAL sim={adjust=pan forwardNavigation} ty=APPLICATION fmt=TRANSLUCENT wanim=0x7f160294
04-12 20:28:23.630  2108  2155 I WindowManager:   fl=DIM_BEHIND SPLIT_TOUCH HARDWARE_ACCELERATED
04-12 20:28:23.630  2108  2155 I WindowManager:   pfl=EDGE_TO_EDGE_ENFORCED INSET_PARENT_FRAME_BY_IME
04-12 20:28:23.630  2108  2155 I WindowManager:   vsysui=LIGHT_STATUS_BAR
04-12 20:28:23.630  2108  2155 I WindowManager:   apr=LIGHT_STATUS_BARS
04-12 20:28:23.630  2108  2155 I WindowManager:   bhv=DEFAULT
04-12 20:28:23.630  2108  2155 I WindowManager:   fitTypes=STATUS_BARS NAVIGATION_BARS CAPTION_BAR
04-12 20:28:23.630  2108  2155 I WindowManager:   frameRateBoostOnTouch=true
04-12 20:28:23.630  2108  2155 I WindowManager:   dvrrWindowFrameRateHint=true}
04-12 20:28:23.630  2108  2155 I WindowManager:   isAnimating=false  okToAnimate=true  win=Window{1354a9c u0 com.android.settings/com.transsion.settings.usbdialog.UsbMTPChooserActivity}
04-12 20:28:23.630  2108  2155 I WindowManager: real show surface com.android.settings/com.transsion.settings.usbdialog.UsbMTPChooserActivity sc: Surface(name=com.android.settings/com.transsion.settings.usbdialog.UsbMTPChooserActivity)/@0xf1318f0 win : Window{1354a9c u0 com.android.settings/com.transsion.settings.usbdialog.UsbMTPChooserActivity}
04-12 20:28:23.630  2108  2155 I WindowManager: real show surface com.android.settings/com.transsion.settings.usbdialog.UsbMTPChooserActivity sc: Surface(name=com.android.settings/com.transsion.settings.usbdialog.UsbMTPChooserActivity)/@0x65aee69 win : Window{cd914e5 u0 com.android.settings/com.transsion.settings.usbdialog.UsbMTPChooserActivity}
04-12 20:28:23.630  2108  2155 I Transition: ignoreThunderbackTransition back= true change= false
04-12 20:28:23.631  2108  2155 I TransitionHelper: updateFlagsFromDynamicIslandToWindow pkgName = com.android.settings flagsArr[0] = 0
04-12 20:28:23.631  2108  2155 I Transition: ignore FLAG_IS_BEHIND_STARTING_WINDOW when unlock
04-12 20:28:23.632  2108  2155 I TransitionHelper: updateFlagsFromDynamicIslandToWindow pkgName = com.transsion.launcher3 flagsArr[0] = 0
04-12 20:28:23.632  2108  2155 I Transition: ignore FLAG_IS_BEHIND_STARTING_WINDOW when unlock
04-12 20:28:23.632  2108  2155 I TransitionHelper: updateFlagsFromDynamicIslandToWindow pkgName = null flagsArr[0] = 0
04-12 20:28:23.632  2108  2155 I Transition: ignore FLAG_IS_BEHIND_STARTING_WINDOW when unlock
04-12 20:28:23.632  2108  2155 I TransitionHelper: updateFlagsFromDynamicIslandToWindow pkgName = null flagsArr[0] = 0
04-12 20:28:23.632  2108  2155 I Transition: ignore FLAG_IS_BEHIND_STARTING_WINDOW when unlock
04-12 20:28:23.632  2108  2155 I TransitionHelper: updateFlagsFromDynamicIslandToWindow pkgName = null flagsArr[0] = 0
04-12 20:28:23.632  2108  2155 I Transition: ignore FLAG_IS_BEHIND_STARTING_WINDOW when unlock
04-12 20:28:23.634  2962  3034 I ShellTransitions: onTransitionReady (#6) android.os.BinderProxy@a59e162: {id=6 t=TO_BACK f=0x104 trk=0 r=[0@Point(0, 0)] c=[
04-12 20:28:23.634  2962  3034 I ShellTransitions:         {m=TO_FRONT f=TRANSLUCENT p=WCT{android.window.IWindowContainerToken$Stub$Proxy@cb77174} leash=Surface(name=Task=21)/@0xda23aba sb=Rect(0, 0 - 1208, 2644) eb=Rect(0, 0 - 1208, 2644) mSimplifyStartAbsBounds=Rect(0, 0 - 0, 0) epz=Point(1208, 2644) d=0 taskParent=-1},
04-12 20:28:23.634  2962  3034 I ShellTransitions:         {m=TO_FRONT f=SHOW_WALLPAPER p=WCT{android.window.IWindowContainerToken$Stub$Proxy@264d69d} leash=Surface(name=Task=1)/@0x1d3dd6b sb=Rect(0, 0 - 1208, 2644) eb=Rect(0, 0 - 1208, 2644) mSimplifyStartAbsBounds=Rect(0, 0 - 0, 0) epz=Point(1208, 2644) d=0 taskParent=-1},
