04-12 20:28:26.118  2108  5044 W PackageConfigPersister: App-specific configuration not found for packageName: com.android.settings and userId: 0
04-12 20:28:26.121  2108  2467 W ActivityManager: Slow operation: 163ms so far, now at finishAttachApplicationInner: after mServices.attachApplicationLocked
04-12 20:28:26.122  2108  2467 W ActivityManager: Slow operation: 165ms so far, now at finishAttachApplicationInner: after dispatching broadcasts
04-12 20:28:26.123  2108  2467 W ActivityManager: Slow operation: 166ms so far, now at finishAttachApplicationInner: after updateOomAdjLocked
04-12 20:28:26.125  2108  3592 W PackageConfigPersister: App-specific configuration not found for packageName: com.android.settings and userId: 0
04-12 20:28:26.128  8220  8239 I AppProperties: enter initialize tech.palm.id
04-12 20:28:26.128  8220  8239 I AppProperties: readAllPropFiles directoryPath=/system_ext/etc/vconfig/tech.palm.id/
04-12 20:28:26.128  8220  8239 I AppProperties: enter readPropFiles count=0
04-12 20:28:26.128  8220  8239 I AppProperties: readAllPropFiles directoryPath=/tr_product/etc/vconfig/tech.palm.id/
04-12 20:28:26.128  8220  8239 I AppProperties: enter readPropFiles count=0
04-12 20:28:26.128  8220  8239 I AppProperties: readAllPropFiles directoryPath=/tr_region/etc/vconfig/tech.palm.id/
04-12 20:28:26.128  8220  8239 I AppProperties: enter readPropFiles count=0
04-12 20:28:26.128  8220  8239 I AppProperties: readAllPropFiles directoryPath=/tr_carrier/etc/vconfig/tech.palm.id/
04-12 20:28:26.128  8220  8239 I AppProperties: enter readPropFiles count=0
04-12 20:28:26.128  8220  8239 I AppProperties: readAllPropFiles directoryPath=/tr_company/etc/vconfig/tech.palm.id/
04-12 20:28:26.128  8220  8239 I AppProperties: enter readPropFiles count=0
04-12 20:28:26.128  8220  8239 I AppProperties: readAllPropFiles directoryPath=/tranfs/etc/vconfig/tech.palm.id/
04-12 20:28:26.128  8220  8239 I AppProperties: enter readPropFiles count=0
04-12 20:28:26.129  2108  2155 I WindowManager: setVisibility: true, !mTransitionController.inTransition() = true, this = WallpaperWindowToken{76af2a9 showWhenLocked=true}
04-12 20:28:26.129  2108  2155 I WindowManager: setVisibility: true, !mTransitionController.inTransition() = true, this = WallpaperWindowToken{2545f93 showWhenLocked=false}
04-12 20:28:26.154  2108  2785 I START_DEBUG: remove BIND_TIMEOUT finish    ProcessRecord :ProcessRecord{2eab05e 7781:com.google.android.googlequicksearchbox:search/u0a234}
04-12 20:28:26.158   733  3167 I keystore2: system/security/keystore2/src/security_level.rs:245 - caller pid=8079, uid=10196; force = false; key domain=r#KEY_ID, alias = None
04-12 20:28:26.158   733  3167 I keystore2: system/security/keystore2/src/security_level.rs:343 - upgrade_keyblob_if_required_with start
04-12 20:28:26.159   733  3167 I keystore2: system/security/keystore2/src/enforcements.rs:236 - finalize_create_authorization self.state=NoAuthRequired
04-12 20:28:26.159   733  3167 I keystore2: system/security/keystore2/src/security_level.rs:388 - upgrade_keyblob_if_required_with end; operation_db.create_operation start
04-12 20:28:26.159   733  3167 I keystore2: system/security/keystore2/src/security_level.rs:406 - operation_db.create_operation end
04-12 20:28:26.159  2108  2155 I WindowManager: setVisibility: true, !mTransitionController.inTransition() = true, this = WallpaperWindowToken{76af2a9 showWhenLocked=true}
04-12 20:28:26.159  2108  2155 I WindowManager: setVisibility: true, !mTransitionController.inTransition() = true, this = WallpaperWindowToken{2545f93 showWhenLocked=false}
04-12 20:28:26.161  2108  2500 W BroadcastLoopers: Found previously unknown looper Thread[appscheduling.default,5,main]
04-12 20:28:26.167  2108  2154 I TranSCSourceConnectManagerImpl: hookDisplayResumeComponent displayId: 0 componentName: ComponentInfo{com.android.settings/com.transsion.settings.homepage.SettingsHomeActivity}
04-12 20:28:26.265  2108  2181 W ActivityManager: Slow operation: 61ms so far, now at startProcess: done updating battery stats
04-12 20:28:26.266  2108  2181 W ActivityManager: Slow operation: 62ms so far, now at startProcess: building log message
04-12 20:28:26.266  2108  2181 I ActivityManager: Start proc 8299:com.transsion.sk/u0a167 for service {com.transsion.sk/com.transsion.sk.inputservice.OpenSafeKeyboardService}
04-12 20:28:26.266  2108  2181 W ActivityManager: Slow operation: 62ms so far, now at startProcess: starting to update pids map
04-12 20:28:26.267  2108  2181 I START_DEBUG: send START_TIMEOUT message    ProcessRecord :ProcessRecord{7f96fdf 8299:com.transsion.sk/u0a167}
04-12 20:28:26.267  2108  2181 I ActivityManager: ProcessObserver broadcast disabled
04-12 20:28:26.268  2108  2181 W ActivityManager: Slow operation: 64ms so far, now at startProcess: done updating pids map
04-12 20:28:26.270  8319  8319 I VirtualizationService: virtualizationservice::maintenance: Failed to find a Secretkeeper instance; skipping secret management
04-12 20:28:26.273  8319  8319 I VirtualizationService: virtualizationservice: Registered Binder service android.system.virtualizationservice.
04-12 20:28:26.274  2108  3443 I START_DEBUG: send BINDTIMEOUT    ProcessRecord :ProcessRecord{7f96fdf 8299:com.transsion.sk/u0a167}
04-12 20:28:26.274  2108  3443 I START_DEBUG: remove START_TIMEOUT finish    ProcessRecord :ProcessRecord{7f96fdf 8299:com.transsion.sk/u0a167}
04-12 20:28:26.275  8319  8319 I VirtualizationService: virtualizationservice: Registered Binder service android.hardware.security.keymint.IRemotelyProvisionedComponent/avf.
04-12 20:28:26.275  8319  8319 I VirtualizationService: virtualizationservice: Registered Binder service android.system.virtualizationmaintenance.
04-12 20:28:26.281  8319  8330 E VirtualizationService: avflog: Status(-7, EX_UNSUPPORTED_OPERATION): 'Remote attestation is disabled'
04-12 20:28:26.282  2108  2154 I TranMultiWindowManagerComponentImpl: hookInputMethodShown inputShown: false, connected:false, unbd:false
04-12 20:28:26.283  2108  2154 I TranSCSourceConnectManagerImpl: hookInputMethodShown inputShown: false
04-12 20:28:26.285  2108  2152 W Looper  : Slow dispatch took 301ms android.ui app=system_server main=false h=com.android.server.am.ActivityManagerService$UiHandler c=null m=68
04-12 20:28:26.293  8299  8321 I AppProperties: enter initialize com.transsion.sk
04-12 20:28:26.293  8299  8321 I AppProperties: readAllPropFiles directoryPath=/system_ext/etc/vconfig/com.transsion.sk/
04-12 20:28:26.293  8299  8321 I AppProperties: enter readPropFiles count=0
04-12 20:28:26.293  8299  8321 I AppProperties: readAllPropFiles directoryPath=/tr_product/etc/vconfig/com.transsion.sk/
04-12 20:28:26.293  8299  8321 I AppProperties: enter readPropFiles count=0
04-12 20:28:26.293  8299  8321 I AppProperties: readAllPropFiles directoryPath=/tr_region/etc/vconfig/com.transsion.sk/
04-12 20:28:26.293  8299  8321 I AppProperties: enter readPropFiles count=0
04-12 20:28:26.293  8299  8321 I AppProperties: readAllPropFiles directoryPath=/tr_carrier/etc/vconfig/com.transsion.sk/
04-12 20:28:26.293  8299  8321 I AppProperties: enter readPropFiles count=0
04-12 20:28:26.293  8299  8321 I AppProperties: readAllPropFiles directoryPath=/tr_company/etc/vconfig/com.transsion.sk/
04-12 20:28:26.293  8299  8321 I AppProperties: enter readPropFiles count=0
04-12 20:28:26.293  8299  8321 I AppProperties: readAllPropFiles directoryPath=/tranfs/etc/vconfig/com.transsion.sk/
04-12 20:28:26.293  8299  8321 I AppProperties: enter readPropFiles count=0
04-12 20:28:26.303  2108  2152 W Looper  : Slow delivery took 296ms android.ui app=system_server main=false h=com.android.server.am.ActivityManagerService$UiHandler c=com.android.server.am.UidObserverController$$ExternalSyntheticLambda0@3d5d2d0 m=0
04-12 20:28:26.310  2108  2547 E SyncManager: SYNC_OP_STATE_INVALID: account doesn't exist.
04-12 20:28:26.319  2108  2154 I TranMultiWindowManagerComponentImpl: hookInputMethodShown inputShown: false, connected:false, unbd:false
04-12 20:28:26.319  2108  2154 I TranSCSourceConnectManagerImpl: hookInputMethodShown inputShown: false
04-12 20:28:26.322  2108  2466 W JobScheduler: Job didn't exist in JobStore: 333276c {androidx.work.systemjobscheduler} #u0a251/22 @androidx.work.systemjobscheduler@com.google.android.apps.tachyon/androidx.work.impl.background.systemjob.SystemJobService
04-12 20:28:26.324  2108  4085 I UsfSystemServer/appSceneHooker: duplicate service bind status, skip
04-12 20:28:26.329  2108  2152 W Looper  : Drained
04-12 20:28:26.335  2108  2861 E aegean_FileUtils: writeFileNode error=java.io.FileNotFoundException: /sys/fs/cgroup/launcher/uid_10147/memory.memfusion.app_value: open failed: ENOENT (No such file or directory)
04-12 20:28:26.338  2108  2181 W ActivityManager: Slow operation: 62ms so far, now at startProcess: done updating battery stats
04-12 20:28:26.338  2108  2181 W ActivityManager: Slow operation: 62ms so far, now at startProcess: building log message
04-12 20:28:26.338  2108  2181 I ActivityManager: Start proc 8333:com.xui.xhide/1000 for content provider {com.xui.xhide/com.xui.xhide.TitleProvider}
04-12 20:28:26.339  2108  2181 W ActivityManager: Slow operation: 63ms so far, now at startProcess: starting to update pids map
04-12 20:28:26.340  2108  2181 I START_DEBUG: send START_TIMEOUT message    ProcessRecord :ProcessRecord{9ed51ba 8333:com.xui.xhide/1000}
04-12 20:28:26.340  2108  2181 I ActivityManager: ProcessObserver broadcast disabled
04-12 20:28:26.343  2108  2181 W ActivityManager: Slow operation: 67ms so far, now at startProcess: done updating pids map
04-12 20:28:26.350  2108  5019 I tranpm/ProviderPolicy: isBlockedByHealthStandard: block by code=2010
04-12 20:28:26.350  2108  5019 I tranpm/ProviderPolicy: limitStartProcessForProvider: Result = Block, reason = Caller idle and violate HealthStandard, callerPkg = com.transsion.globalsearch, callerProc = com.transsion.globalsearch, callerUid = 10130, callerPid = 7889, callerState = idle, providerAuthority = com.google.android.apps.safetyhub.platformsettings.searchindexablesprovider, targetPkg = com.google.android.apps.safetyhub, targetProcess = com.google.android.apps.safetyhub, targetUid = 10229, targetState = Process Not Running;
04-12 20:28:26.351  7889  8042 E ActivityThread: Failed to find provider info for com.google.android.apps.safetyhub.platformsettings.searchindexablesprovider
04-12 20:28:26.357  2108  5019 I tranpm/ProviderPolicy: isBlockedByHealthStandard: block by code=2010
04-12 20:28:26.360  2108  5019 I tranpm/ProviderPolicy: limitStartProcessForProvider: Result = Block, reason = Caller idle and violate HealthStandard, callerPkg = com.transsion.globalsearch, callerProc = com.transsion.globalsearch, callerUid = 10130, callerPid = 7889, callerState = idle, providerAuthority = com.google.android.apps.safetyhub.platformsettings.searchindexablesprovider, targetPkg = com.google.android.apps.safetyhub, targetProcess = com.google.android.apps.safetyhub, targetUid = 10229, targetState = Process Not Running;
04-12 20:28:26.361  7889  8042 E ActivityThread: Failed to find provider info for com.google.android.apps.safetyhub.platformsettings.searchindexablesprovider
04-12 20:28:26.364  2108  3517 I START_DEBUG: send BINDTIMEOUT    ProcessRecord :ProcessRecord{9ed51ba 8333:com.xui.xhide/1000}
04-12 20:28:26.364  2108  3517 I START_DEBUG: remove START_TIMEOUT finish    ProcessRecord :ProcessRecord{9ed51ba 8333:com.xui.xhide/1000}
04-12 20:28:26.371  2108  2132 I tranpm/ProviderPolicy: isBlockedByHealthStandard: block by code=2010
04-12 20:28:26.372  2108  2132 I tranpm/ProviderPolicy: limitStartProcessForProvider: Result = Block, reason = Caller idle and violate HealthStandard, callerPkg = com.transsion.globalsearch, callerProc = com.transsion.globalsearch, callerUid = 10130, callerPid = 7889, callerState = idle, providerAuthority = com.google.android.apps.safetyhub.platformsettings.searchindexablesprovider, targetPkg = com.google.android.apps.safetyhub, targetProcess = com.google.android.apps.safetyhub, targetUid = 10229, targetState = Process Not Running;
04-12 20:28:26.373  7889  8042 E ActivityThread: Failed to find provider info for com.google.android.apps.safetyhub.platformsettings.searchindexablesprovider
04-12 20:28:26.390  2108  3578 I tranpm/ProviderPolicy: isBlockedByHealthStandard: block by code=2010
04-12 20:28:26.390  2108  3578 I tranpm/ProviderPolicy: limitStartProcessForProvider: Result = Block, reason = Caller idle and violate HealthStandard, callerPkg = com.transsion.globalsearch, callerProc = com.transsion.globalsearch, callerUid = 10130, callerPid = 7889, callerState = idle, providerAuthority = com.google.android.apps.safetyhub.platformsettings.searchindexablesprovider, targetPkg = com.google.android.apps.safetyhub, targetProcess = com.google.android.apps.safetyhub, targetUid = 10229, targetState = Process Not Running;
04-12 20:28:26.391  7889  8042 E ActivityThread: Failed to find provider info for com.google.android.apps.safetyhub.platformsettings.searchindexablesprovider
04-12 20:28:26.399  8333  8360 I AppProperties: enter initialize com.xui.xhide
04-12 20:28:26.416  2108  2155 I WindowManager: setVisibility: true, !mTransitionController.inTransition() = true, this = WallpaperWindowToken{76af2a9 showWhenLocked=true}
04-12 20:28:26.417  2108  2155 I WindowManager: setVisibility: true, !mTransitionController.inTransition() = true, this = WallpaperWindowToken{2545f93 showWhenLocked=false}
04-12 20:28:26.418  8333  8360 I AppProperties: readAllPropFiles directoryPath=/system_ext/etc/vconfig/com.xui.xhide/
04-12 20:28:26.418  8333  8360 I AppProperties: enter readPropFiles count=0
04-12 20:28:26.418  8333  8360 I AppProperties: readAllPropFiles directoryPath=/tr_product/etc/vconfig/com.xui.xhide/
04-12 20:28:26.418  8333  8360 I AppProperties: enter readPropFiles count=0
04-12 20:28:26.418  8333  8360 I AppProperties: readAllPropFiles directoryPath=/tr_region/etc/vconfig/com.xui.xhide/
04-12 20:28:26.418  8333  8360 I AppProperties: enter readPropFiles count=0
04-12 20:28:26.418  8333  8360 I AppProperties: readAllPropFiles directoryPath=/tr_carrier/etc/vconfig/com.xui.xhide/
04-12 20:28:26.418  8333  8360 I AppProperties: enter readPropFiles count=0
04-12 20:28:26.418  8333  8360 I AppProperties: readAllPropFiles directoryPath=/tr_company/etc/vconfig/com.xui.xhide/
04-12 20:28:26.418  8333  8360 I AppProperties: enter readPropFiles count=0
04-12 20:28:26.418  8333  8360 I AppProperties: readAllPropFiles directoryPath=/tranfs/etc/vconfig/com.xui.xhide/
04-12 20:28:26.418  8333  8360 I AppProperties: enter readPropFiles count=0
04-12 20:28:26.420  8079  8204 W PowerProfile: ambient.on is deprecated! Use ambient.on.display0 instead.
04-12 20:28:26.420  8079  8204 W PowerProfile: screen.on is deprecated! Use screen.on.display0 instead.
04-12 20:28:26.420  8079  8204 W PowerProfile: screen.full is deprecated! Use screen.full.display0 instead.
04-12 20:28:26.420  8079  8204 W ModemPowerProfile: getAverageBatteryDrainMaH called with unexpected key: 0x0, drain:SLEEP,RAT:DEFAULT
04-12 20:28:26.420  8079  8204 W ModemPowerProfile: getAverageBatteryDrainMaH called with unexpected key: 0x10000000, drain:IDLE,RAT:DEFAULT
04-12 20:28:26.420  8079  8204 W ModemPowerProfile: getAverageBatteryDrainMaH called with unexpected key: 0x20000000, drain:RX,RAT:DEFAULT
04-12 20:28:26.421  8079  8204 W ModemPowerProfile: getAverageBatteryDrainMaH called with unexpected key: 0x30000000, drain:TX,level:0,RAT:DEFAULT
04-12 20:28:26.421  8079  8204 W ModemPowerProfile: getAverageBatteryDrainMaH called with unexpected key: 0x31000000, drain:TX,level:1,RAT:DEFAULT
04-12 20:28:26.421  8079  8204 W ModemPowerProfile: getAverageBatteryDrainMaH called with unexpected key: 0x32000000, drain:TX,level:2,RAT:DEFAULT
04-12 20:28:26.421  8079  8204 W ModemPowerProfile: getAverageBatteryDrainMaH called with unexpected key: 0x33000000, drain:TX,level:3,RAT:DEFAULT
04-12 20:28:26.421  8079  8204 W ModemPowerProfile: getAverageBatteryDrainMaH called with unexpected key: 0x34000000, drain:TX,level:4,RAT:DEFAULT
04-12 20:28:26.428  2108  2895 I MemoryCollector: package : com.android.settings's running process has : [com.android.settings]
04-12 20:28:26.433  2108  5302 E tranpm/ProcessDataInstance: hasLaunchIcon: packageName = null
04-12 20:28:26.433  2108  5302 E tranpm/ProcessDataInstance: hasLaunchIcon: packageName = null
04-12 20:28:26.433  2909  2996 I Usf_Hiber/nativeServiceClient: check sync_binder uid=10180
04-12 20:28:26.473  2108  2547 E SyncManager: SYNC_OP_STATE_INVALID: account doesn't exist.
04-12 20:28:26.507   733  3167 E keystore2: system/security/keystore2/src/service.rs:171 - get_key_entry error: system/security/keystore2/src/service.rs:166: while trying to load key info.
04-12 20:28:26.507   733  3167 E keystore2: 
04-12 20:28:26.507   733  3167 E keystore2: Caused by:
04-12 20:28:26.507   733  3167 E keystore2:     0: Legacy database is empty.
04-12 20:28:26.507   733  3167 E keystore2:     1: Error::Rc(r#KEY_NOT_FOUND)
04-12 20:28:26.507   733  3167 I keystore2: system/security/keystore2/src/database.rs:1236 - is_backup_support str="1"
04-12 20:28:26.509   733  3167 E keystore2: system/security/keystore2/src/service.rs:171 - get_key_entry error: system/security/keystore2/src/service.rs:166: while trying to load key info.
04-12 20:28:26.509   733  3167 E keystore2: 
04-12 20:28:26.509   733  3167 E keystore2: Caused by:
04-12 20:28:26.509   733  3167 E keystore2:     0: Legacy database is empty.
04-12 20:28:26.509   733  3167 E keystore2:     1: Error::Rc(r#KEY_NOT_FOUND)
04-12 20:28:26.509   733  3167 I keystore2: system/security/keystore2/src/database.rs:1236 - is_backup_support str="1"
04-12 20:28:26.531  2108  2181 W ActivityManager: Slow operation: 94ms so far, now at startProcess: done updating battery stats
04-12 20:28:26.531  2108  2181 W ActivityManager: Slow operation: 94ms so far, now at startProcess: building log message
04-12 20:28:26.531  2108  2181 I ActivityManager: Start proc 8124:com.google.android.packageinstaller/u0a223 for broadcast {com.google.android.packageinstaller/com.android.packageinstaller.common.TemporaryFileManager}
04-12 20:28:26.531  2108  2181 W ActivityManager: Slow operation: 94ms so far, now at startProcess: starting to update pids map
04-12 20:28:26.531  2108  2181 I START_DEBUG: send START_TIMEOUT message    ProcessRecord :ProcessRecord{868464e 8124:com.google.android.packageinstaller/u0a223}
04-12 20:28:26.531  2108  2181 I ActivityManager: ProcessObserver broadcast disabled
04-12 20:28:26.532  2108  2181 W ActivityManager: Slow operation: 95ms so far, now at startProcess: done updating pids map
04-12 20:28:26.540  2108  2155 I WindowManager: setVisibility: true, !mTransitionController.inTransition() = true, this = WallpaperWindowToken{76af2a9 showWhenLocked=true}
04-12 20:28:26.540  2108  2155 I WindowManager: setVisibility: true, !mTransitionController.inTransition() = true, this = WallpaperWindowToken{2545f93 showWhenLocked=false}
04-12 20:28:26.549  2108  3024 I START_DEBUG: remove BIND_TIMEOUT finish    ProcessRecord :ProcessRecord{9ed51ba 8333:com.xui.xhide/1000}
04-12 20:28:26.584  2108  3352 I START_DEBUG: send BINDTIMEOUT    ProcessRecord :ProcessRecord{868464e 8124:com.google.android.packageinstaller/u0a223}
04-12 20:28:26.584  2108  3352 I START_DEBUG: remove START_TIMEOUT finish    ProcessRecord :ProcessRecord{868464e 8124:com.google.android.packageinstaller/u0a223}
04-12 20:28:26.588   733   763 I keystore2: system/security/keystore2/src/security_level.rs:245 - caller pid=8333, uid=1000; force = false; key domain=r#KEY_ID, alias = None
04-12 20:28:26.588   733   763 I keystore2: system/security/keystore2/src/security_level.rs:343 - upgrade_keyblob_if_required_with start
04-12 20:28:26.590   733   763 I keystore2: system/security/keystore2/src/enforcements.rs:236 - finalize_create_authorization self.state=NoAuthRequired
04-12 20:28:26.590   733   763 I keystore2: system/security/keystore2/src/security_level.rs:388 - upgrade_keyblob_if_required_with end; operation_db.create_operation start
04-12 20:28:26.590   733   763 I keystore2: system/security/keystore2/src/security_level.rs:406 - operation_db.create_operation end
04-12 20:28:26.599  8124  8414 I AppProperties: enter initialize com.google.android.packageinstaller
04-12 20:28:26.599  8124  8414 I AppProperties: readAllPropFiles directoryPath=/system_ext/etc/vconfig/com.google.android.packageinstaller/
04-12 20:28:26.599  8124  8414 I AppProperties: enter readPropFiles count=0
04-12 20:28:26.599  8124  8414 I AppProperties: readAllPropFiles directoryPath=/tr_product/etc/vconfig/com.google.android.packageinstaller/
04-12 20:28:26.599  8124  8414 I AppProperties: enter readPropFiles count=0
04-12 20:28:26.599  8124  8414 I AppProperties: readAllPropFiles directoryPath=/tr_region/etc/vconfig/com.google.android.packageinstaller/
04-12 20:28:26.599  8124  8414 I AppProperties: enter readPropFiles count=0
04-12 20:28:26.599  8124  8414 I AppProperties: readAllPropFiles directoryPath=/tr_carrier/etc/vconfig/com.google.android.packageinstaller/
04-12 20:28:26.599  8124  8414 I AppProperties: enter readPropFiles count=0
04-12 20:28:26.599  8124  8414 I AppProperties: readAllPropFiles directoryPath=/tr_company/etc/vconfig/com.google.android.packageinstaller/
04-12 20:28:26.599  8124  8414 I AppProperties: enter readPropFiles count=0
04-12 20:28:26.599  8124  8414 I AppProperties: readAllPropFiles directoryPath=/tranfs/etc/vconfig/com.google.android.packageinstaller/
04-12 20:28:26.599  8124  8414 I AppProperties: enter readPropFiles count=0
04-12 20:28:26.602  2108  3024 W ActivityManager: Slow operation: 53ms so far, now at finishAttachApplicationInner: after mServices.attachApplicationLocked
04-12 20:28:26.602  2108  3024 W ActivityManager: Slow operation: 53ms so far, now at finishAttachApplicationInner: after dispatching broadcasts
04-12 20:28:26.602  2108  3024 W ActivityManager: Slow operation: 53ms so far, now at finishAttachApplicationInner: after updateOomAdjLocked
04-12 20:28:26.622  8333  8446 W ContextImpl: Calling a method in the system process without a qualified user: android.app.ContextImpl.bindService:2215 android.content.ContextWrapper.bindService:891 d4.a.a:39 d4.b$a.run:4 java.lang.Thread.run:1564 
04-12 20:28:26.634  2108  3443 I TranHyperionUtils: here1[:8220]:tech.palm.id
04-12 20:28:26.649   733   763 I keystore2: system/security/keystore2/src/security_level.rs:245 - caller pid=8333, uid=1000; force = false; key domain=r#KEY_ID, alias = None
04-12 20:28:26.649   733   763 I keystore2: system/security/keystore2/src/security_level.rs:343 - upgrade_keyblob_if_required_with start
04-12 20:28:26.654  2108  3416 I START_DEBUG: remove BIND_TIMEOUT finish    ProcessRecord :ProcessRecord{7f96fdf 8299:com.transsion.sk/u0a167}
04-12 20:28:26.665   733   763 I keystore2: system/security/keystore2/src/enforcements.rs:236 - finalize_create_authorization self.state=NoAuthRequired
04-12 20:28:26.665   733   763 I keystore2: system/security/keystore2/src/security_level.rs:388 - upgrade_keyblob_if_required_with end; operation_db.create_operation start
04-12 20:28:26.665   733   763 I keystore2: system/security/keystore2/src/security_level.rs:406 - operation_db.create_operation end
04-12 20:28:26.666  2108  2547 I UsfSystemServer/appSceneHooker: duplicate service bind status, skip
04-12 20:28:26.671   733   733 I keystore2: system/security/keystore2/src/security_level.rs:245 - caller pid=8299, uid=10167; force = false; key domain=r#KEY_ID, alias = None
04-12 20:28:26.672   733   733 I keystore2: system/security/keystore2/src/security_level.rs:343 - upgrade_keyblob_if_required_with start
04-12 20:28:26.686   733   733 I keystore2: system/security/keystore2/src/enforcements.rs:236 - finalize_create_authorization self.state=NoAuthRequired
04-12 20:28:26.686   733   733 I keystore2: system/security/keystore2/src/security_level.rs:388 - upgrade_keyblob_if_required_with end; operation_db.create_operation start
04-12 20:28:26.686   733   733 I keystore2: system/security/keystore2/src/security_level.rs:406 - operation_db.create_operation end
04-12 20:28:26.692  2108  3592 I START_DEBUG: remove BIND_TIMEOUT finish    ProcessRecord :ProcessRecord{750a314 8220:tech.palm.id/u0a169}
04-12 20:28:26.694  2108  3577 I TranHyperionUtils: here1[:8220]:tech.palm.id
04-12 20:28:26.701  2108  3443 I TranHyperionUtils: here1[:8220]:tech.palm.id
04-12 20:28:26.702  2108  2108 W JobScheduler: Job didn't exist in JobStore: a8eb3ca {androidx.work.systemjobscheduler} #u0a245/47 @androidx.work.systemjobscheduler@com.google.android.inputmethod.latin/androidx.work.impl.background.systemjob.SystemJobService
04-12 20:28:26.703  2108  3155 I TranHyperionUtils: here1[:8220]:tech.palm.id
04-12 20:28:26.725  2108  2785 I START_DEBUG: remove BIND_TIMEOUT finish    ProcessRecord :ProcessRecord{868464e 8124:com.google.android.packageinstaller/u0a223}
04-12 20:28:26.741  2108  2466 I UsfSystemServer/appSceneHooker: duplicate service bind status, skip
04-12 20:28:26.745  2108  3534 I TranHyperionUtils: here1[:8220]:tech.palm.id
04-12 20:28:26.747   733   733 I keystore2: system/security/keystore2/src/security_level.rs:245 - caller pid=8299, uid=10167; force = false; key domain=r#KEY_ID, alias = None
04-12 20:28:26.748   733   733 I keystore2: system/security/keystore2/src/security_level.rs:343 - upgrade_keyblob_if_required_with start
04-12 20:28:26.752   733   733 I keystore2: system/security/keystore2/src/enforcements.rs:236 - finalize_create_authorization self.state=NoAuthRequired
04-12 20:28:26.752   733   733 I keystore2: system/security/keystore2/src/security_level.rs:388 - upgrade_keyblob_if_required_with end; operation_db.create_operation start
04-12 20:28:26.752   733   733 I keystore2: system/security/keystore2/src/security_level.rs:406 - operation_db.create_operation end
04-12 20:28:26.765  2108  3534 I Telecom-TelecomServiceImpl$1: isInEmergencyCall: false: TSI.iIEC@AEE
04-12 20:28:26.780  2108  5302 E tranpm/ProcessDataInstance: hasLaunchIcon: packageName = null
04-12 20:28:26.780  2108  5302 E tranpm/ProcessDataInstance: hasLaunchIcon: packageName = null
04-12 20:28:26.782  2108  3414 I TranHyperionUtils: here1[:8220]:tech.palm.id
04-12 20:28:26.782  2108  4085 E tranpm/ProcessDataInstance: hasLaunchIcon: packageName = null
04-12 20:28:26.782  2108  4085 E tranpm/ProcessDataInstance: hasLaunchIcon: packageName = null
04-12 20:28:26.794   733   763 I keystore2: system/security/keystore2/src/security_level.rs:245 - caller pid=8220, uid=10169; force = false; key domain=r#KEY_ID, alias = None
04-12 20:28:26.794   733   763 I keystore2: system/security/keystore2/src/security_level.rs:343 - upgrade_keyblob_if_required_with start
04-12 20:28:26.801  2108  3353 I TranHyperionUtils: here1[:8220]:tech.palm.id
04-12 20:28:26.805  2108  5046 E tranpm/ProcessDataInstance: hasLaunchIcon: packageName = null
04-12 20:28:26.805  2108  5046 E tranpm/ProcessDataInstance: hasLaunchIcon: packageName = null
04-12 20:28:26.807  2108  2467 I TranHyperionUtils: here1[:8220]:tech.palm.id
04-12 20:28:26.807   733   763 I keystore2: system/security/keystore2/src/enforcements.rs:236 - finalize_create_authorization self.state=NoAuthRequired
04-12 20:28:26.808   733   763 I keystore2: system/security/keystore2/src/security_level.rs:388 - upgrade_keyblob_if_required_with end; operation_db.create_operation start
04-12 20:28:26.808   733   763 I keystore2: system/security/keystore2/src/security_level.rs:406 - operation_db.create_operation end
04-12 20:28:26.809  2108  5302 I UsfSystemServer/appSceneHooker: duplicate service bind status, skip
04-12 20:28:26.812   733  3167 I keystore2: system/security/keystore2/src/security_level.rs:245 - caller pid=8333, uid=1000; force = false; key domain=r#KEY_ID, alias = None
04-12 20:28:26.813   733  3167 I keystore2: system/security/keystore2/src/security_level.rs:343 - upgrade_keyblob_if_required_with start
04-12 20:28:26.815   733   763 I keystore2: system/security/keystore2/src/security_level.rs:245 - caller pid=8220, uid=10169; force = false; key domain=r#KEY_ID, alias = None
04-12 20:28:26.815   733   763 I keystore2: system/security/keystore2/src/security_level.rs:343 - upgrade_keyblob_if_required_with start
04-12 20:28:26.817   733  3166 E keystore2: system/security/keystore2/src/database.rs:1529 -  in make_connection-start
04-12 20:28:26.825   733   762 I keystore2: system/security/keystore2/src/database.rs:1236 - is_backup_support str="1"
04-12 20:28:26.833   733  3167 I keystore2: system/security/keystore2/src/enforcements.rs:236 - finalize_create_authorization self.state=NoAuthRequired
04-12 20:28:26.834   733  3167 I keystore2: system/security/keystore2/src/security_level.rs:388 - upgrade_keyblob_if_required_with end; operation_db.create_operation start
04-12 20:28:26.834   733  3167 I keystore2: system/security/keystore2/src/security_level.rs:406 - operation_db.create_operation end
04-12 20:28:26.834   733   763 I keystore2: system/security/keystore2/src/enforcements.rs:236 - finalize_create_authorization self.state=NoAuthRequired
04-12 20:28:26.834   733   763 I keystore2: system/security/keystore2/src/security_level.rs:388 - upgrade_keyblob_if_required_with end; operation_db.create_operation start
04-12 20:28:26.834   733   763 I keystore2: system/security/keystore2/src/security_level.rs:406 - operation_db.create_operation end
04-12 20:28:26.855   733   763 I keystore2: system/security/keystore2/src/security_level.rs:245 - caller pid=8299, uid=10167; force = false; key domain=r#KEY_ID, alias = None
04-12 20:28:26.856   733   763 I keystore2: system/security/keystore2/src/security_level.rs:343 - upgrade_keyblob_if_required_with start
04-12 20:28:26.864   733   763 I keystore2: system/security/keystore2/src/enforcements.rs:236 - finalize_create_authorization self.state=NoAuthRequired
04-12 20:28:26.864   733   763 I keystore2: system/security/keystore2/src/security_level.rs:388 - upgrade_keyblob_if_required_with end; operation_db.create_operation start
04-12 20:28:26.864   733   763 I keystore2: system/security/keystore2/src/security_level.rs:406 - operation_db.create_operation end
04-12 20:28:26.866  2108  5019 I TranHyperionUtils: here1[:8220]:tech.palm.id
04-12 20:28:26.868  8333  8421 W ContextImpl: Calling a method in the system process without a qualified user: android.app.ContextImpl.bindService:2215 android.content.ContextWrapper.bindService:891 e9.e.a:39 com.transsion.sdk.oneid.data.UniqueIdInfo.<init>:426 com.transsion.sdk.oneid.data.GroupFpInfo.<init>:207 
04-12 20:28:26.869  2909  2995 I Usf_Hiber/hiber: unfreeze syncBinder (type=1,callerPid=7889,callerUid=10130,targetPid=3961,targetUid=10277), rpcName: SYNC_BINDER, code: -1
04-12 20:28:26.869  2909  2995 I Usf_Hiber/fastState: skip fastFreeze, uid=10277 pkgName=com.google.android.cellbroadcastreceiver unFreezeReason=syncBinder cpnInfo=TRANSACTION_-1
04-12 20:28:26.869  2909  2995 I Usf_Hiber/stateManager: unfreeze uid: 10277 com.google.android.cellbroadcastreceiver  reason:syncBinder   cpninfo:TRANSACTION_-1 costTime=0ms ,last freeze invalid
04-12 20:28:26.869  2909  2995 I Usf_Hiber/cgroup: forceUnfreezeByPid pid= 3961 reason= unfreezeForKernel: syncBinder
04-12 20:28:26.869  2909  2995 I Usf_Hiber/cgroup: force unfreeze10277
04-12 20:28:26.890   733  3167 I keystore2: system/security/keystore2/src/security_level.rs:245 - caller pid=7227, uid=10233; force = false; key domain=r#KEY_ID, alias = None
04-12 20:28:26.890   733  3167 I keystore2: system/security/keystore2/src/security_level.rs:343 - upgrade_keyblob_if_required_with start
04-12 20:28:26.892  2108  2132 I tranpm/ProviderPolicy: isBlockedByHealthStandard: block by code=2010
04-12 20:28:26.892  2108  2132 I tranpm/ProviderPolicy: limitStartProcessForProvider: Result = Block, reason = Caller idle and violate HealthStandard, callerPkg = tech.palm.id, callerProc = tech.palm.id, callerUid = 10169, callerPid = 8220, callerState = idle, providerAuthority = com.transsion.cloudserver.provider.CloudDiskProvider, targetPkg = com.transsion.cloudserver, targetProcess = com.transsion.cloudserver, targetUid = 10131, targetState = Process Not Running;
04-12 20:28:26.893  8220  8476 E ActivityThread: Failed to find provider info for com.transsion.cloudserver.provider.CloudDiskProvider
04-12 20:28:26.894  2108  3024 I tranpm/ProviderPolicy: isBlockedByHealthStandard: block by code=2010
04-12 20:28:26.894  2108  3024 I tranpm/ProviderPolicy: limitStartProcessForProvider: Result = Block, reason = Caller idle and violate HealthStandard, callerPkg = tech.palm.id, callerProc = tech.palm.id, callerUid = 10169, callerPid = 8220, callerState = idle, providerAuthority = com.transsion.temp_backup_sdk.provider.local_backup, targetPkg = com.transsion.cloudserver, targetProcess = com.transsion.cloudserver, targetUid = 10131, targetState = Process Not Running;
04-12 20:28:26.894  8220  8474 E ActivityThread: Failed to find provider info for com.transsion.temp_backup_sdk.provider.local_backup
04-12 20:28:26.895   733  3167 I keystore2: system/security/keystore2/src/enforcements.rs:236 - finalize_create_authorization self.state=NoAuthRequired
04-12 20:28:26.895   733  3167 I keystore2: system/security/keystore2/src/security_level.rs:388 - upgrade_keyblob_if_required_with end; operation_db.create_operation start
04-12 20:28:26.895   733  3167 I keystore2: system/security/keystore2/src/security_level.rs:406 - operation_db.create_operation end
04-12 20:28:26.927  2108  2181 I ActivityManager: Start proc 8388:com.google.android.projection.gearhead:car/u0a213 for broadcast {com.google.android.projection.gearhead/com.google.android.apps.auto.carservice.gmscorecompatstub.StubComponentInitReceiver}
04-12 20:28:26.928  2108  2181 I START_DEBUG: send START_TIMEOUT message    ProcessRecord :ProcessRecord{f2b0455 8388:com.google.android.projection.gearhead:car/u0a213}
04-12 20:28:26.928  2108  2181 I ActivityManager: ProcessObserver broadcast disabled
04-12 20:28:26.933  2108  2895 I MemoryCollector: package : com.android.settings's running process has : [com.android.settings]
04-12 20:28:26.937  2909  2993 I Usf_Hiber/importantScene: isTrafficActive uid:10112 speed :0
04-12 20:28:26.941  2909  2993 I Usf_Hiber/hiber: checkExecutingCmp: transPkg.getUid()=10112
04-12 20:28:26.944  2909  2993 I Usf_Hiber/appStateMachine: uid:10112 enter FrozenState
04-12 20:28:26.945  2909  2995 I Usf_Hiber/hiber: unfreeze syncBinder (type=1,callerPid=2108,callerUid=1000,targetPid=6868,targetUid=10257), rpcName: SYNC_BINDER, code: -1
04-12 20:28:26.946  2909  3009 I Usf_Hiber/fastState: fastUnFreeze reason=delay from activityIdle size=11 uids=[10077, 10083, 10093, 10110, 10112, 10140, 10159, 10215, 10216, 10228, 10257] about costTime=28ms
04-12 20:28:26.946  2909  2995 I Usf_Hiber/cgroup: forceUnfreezeByPid pid= 6868 reason= unfreezeForKernel: syncBinder
04-12 20:28:26.946  2909  2995 I Usf_Hiber/cgroup: force unfreeze10257
04-12 20:28:26.950  2909  3077 I Usf_HiberBp/fastFreezeProcessor: reason: appStart coverage: 0.9444444 interval: 884
04-12 20:28:26.951  2909  2993 I Usf_Hiber/stateManager: freeze uid: 10112 com.transsion.dualapp costTime=1ms ,last unfreeze invalid
04-12 20:28:26.951  2909  3008 I Usf_Hiber/hiber: checkExecutingCmp: transPkg.getUid()=10112
04-12 20:28:26.951  2909  2994 I Usf_Hiber/hiber: msg for start proxy frozen state
04-12 20:28:26.953  2909  2994 I Usf_Hiber/hiber: idleUids: uid=10112, pkgName=com.transsion.dualapp
04-12 20:28:26.953  2909  2994 I Usf_Hiber/proxyManager: p_service: 10112
04-12 20:28:26.957  2909  2994 I Usf_Hiber/hiber: proxy alarm (uid=10112, pkgName=com.transsion.dualapp)
04-12 20:28:26.957  2909  2994 I Usf_Hiber/proxyManager: p_alarm: uid=10112, pkgName=com.transsion.dualapp
04-12 20:28:26.957  2909  2994 I Usf_Hiber/proxyManager: p_sensor: uid=10112, pkgName=com.transsion.dualapp
04-12 20:28:26.957  2909  2994 I Usf_Usf/binderProxyBridge: p_binder: uid=10112, pkgName=com.transsion.dualapp
04-12 20:28:26.976  2909  3008 I Usf_Hiber/hiber: tryProxyWakeLock: transPkg.getUid()=10112
04-12 20:28:26.978  2108  2131 I UsfSystemServer/TranUsfAppInternal: p_job: 10112 pkgName=com.transsion.dualapp which=2
04-12 20:28:26.979  2108  5019 I START_DEBUG: send BINDTIMEOUT    ProcessRecord :ProcessRecord{f2b0455 8388:com.google.android.projection.gearhead:car/u0a213}
04-12 20:28:26.979  2108  5019 I START_DEBUG: remove START_TIMEOUT finish    ProcessRecord :ProcessRecord{f2b0455 8388:com.google.android.projection.gearhead:car/u0a213}
04-12 20:28:26.985  8388  8524 I AppProperties: enter initialize com.google.android.projection.gearhead
04-12 20:28:26.985  8388  8524 I AppProperties: readAllPropFiles directoryPath=/system_ext/etc/vconfig/com.google.android.projection.gearhead/
04-12 20:28:26.986  8388  8524 I AppProperties: enter readPropFiles count=0
04-12 20:28:26.986  8388  8524 I AppProperties: readAllPropFiles directoryPath=/tr_product/etc/vconfig/com.google.android.projection.gearhead/
04-12 20:28:26.986  8388  8524 I AppProperties: enter readPropFiles count=0
04-12 20:28:26.986  8388  8524 I AppProperties: readAllPropFiles directoryPath=/tr_region/etc/vconfig/com.google.android.projection.gearhead/
04-12 20:28:26.986  8388  8524 I AppProperties: enter readPropFiles count=0
04-12 20:28:26.986  8388  8524 I AppProperties: readAllPropFiles directoryPath=/tr_carrier/etc/vconfig/com.google.android.projection.gearhead/
04-12 20:28:26.986  8388  8524 I AppProperties: enter readPropFiles count=0
04-12 20:28:26.986  8388  8524 I AppProperties: readAllPropFiles directoryPath=/tr_company/etc/vconfig/com.google.android.projection.gearhead/
04-12 20:28:26.986  8388  8524 I AppProperties: enter readPropFiles count=0
04-12 20:28:26.986  8388  8524 I AppProperties: readAllPropFiles directoryPath=/tranfs/etc/vconfig/com.google.android.projection.gearhead/
04-12 20:28:26.986  8388  8524 I AppProperties: enter readPropFiles count=0
04-12 20:28:26.986  2108  5048 I UsfSystemServer/appSceneHooker: duplicate service bind status, skip
04-12 20:28:27.001   733   763 I keystore2: system/security/keystore2/src/security_level.rs:245 - caller pid=7869, uid=10145; force = false; key domain=r#KEY_ID, alias = None
04-12 20:28:27.002   733   763 I keystore2: system/security/keystore2/src/security_level.rs:343 - upgrade_keyblob_if_required_with start
04-12 20:28:27.004  8299  8449 W PowerProfile: ambient.on is deprecated! Use ambient.on.display0 instead.
04-12 20:28:27.004  8299  8449 W PowerProfile: screen.on is deprecated! Use screen.on.display0 instead.
04-12 20:28:27.004  8299  8449 W PowerProfile: screen.full is deprecated! Use screen.full.display0 instead.
04-12 20:28:27.004  8299  8449 W ModemPowerProfile: getAverageBatteryDrainMaH called with unexpected key: 0x0, drain:SLEEP,RAT:DEFAULT
04-12 20:28:27.004  8299  8449 W ModemPowerProfile: getAverageBatteryDrainMaH called with unexpected key: 0x10000000, drain:IDLE,RAT:DEFAULT
04-12 20:28:27.005  8299  8449 W ModemPowerProfile: getAverageBatteryDrainMaH called with unexpected key: 0x20000000, drain:RX,RAT:DEFAULT
04-12 20:28:27.005  8299  8449 W ModemPowerProfile: getAverageBatteryDrainMaH called with unexpected key: 0x30000000, drain:TX,level:0,RAT:DEFAULT
04-12 20:28:27.005  8299  8449 W ModemPowerProfile: getAverageBatteryDrainMaH called with unexpected key: 0x31000000, drain:TX,level:1,RAT:DEFAULT
04-12 20:28:27.005  8299  8449 W ModemPowerProfile: getAverageBatteryDrainMaH called with unexpected key: 0x32000000, drain:TX,level:2,RAT:DEFAULT
04-12 20:28:27.005  8299  8449 W ModemPowerProfile: getAverageBatteryDrainMaH called with unexpected key: 0x33000000, drain:TX,level:3,RAT:DEFAULT
04-12 20:28:27.005  8299  8449 W ModemPowerProfile: getAverageBatteryDrainMaH called with unexpected key: 0x34000000, drain:TX,level:4,RAT:DEFAULT
04-12 20:28:27.006   733   763 I keystore2: system/security/keystore2/src/enforcements.rs:236 - finalize_create_authorization self.state=NoAuthRequired
04-12 20:28:27.006   733   763 I keystore2: system/security/keystore2/src/security_level.rs:388 - upgrade_keyblob_if_required_with end; operation_db.create_operation start
04-12 20:28:27.006   733   763 I keystore2: system/security/keystore2/src/security_level.rs:406 - operation_db.create_operation end
04-12 20:28:27.021   733   763 I keystore2: system/security/keystore2/src/security_level.rs:245 - caller pid=7869, uid=10145; force = false; key domain=r#KEY_ID, alias = None
04-12 20:28:27.021   733   763 I keystore2: system/security/keystore2/src/security_level.rs:343 - upgrade_keyblob_if_required_with start
04-12 20:28:27.027  2108  3534 I UsfSystemServer/appSceneHooker: duplicate service bind status, skip
04-12 20:28:27.030   733   763 I keystore2: system/security/keystore2/src/enforcements.rs:236 - finalize_create_authorization self.state=NoAuthRequired
04-12 20:28:27.030   733   763 I keystore2: system/security/keystore2/src/security_level.rs:388 - upgrade_keyblob_if_required_with end; operation_db.create_operation start
04-12 20:28:27.030   733   763 I keystore2: system/security/keystore2/src/security_level.rs:406 - operation_db.create_operation end
04-12 20:28:27.044  2108  3540 I TranHyperionUtils: here1[:8220]:tech.palm.id
04-12 20:28:27.055  2108  3542 I TranHyperionUtils: here1[:8220]:tech.palm.id
04-12 20:28:27.056  2909  2993 I Usf_Hiber/importantScene: isTrafficActive uid:10159 speed :0
04-12 20:28:27.056  2909  2993 I Usf_Hiber/hiber: checkExecutingCmp: transPkg.getUid()=10159
04-12 20:28:27.071  2108  2181 I ActivityManager: Start proc 8535:com.google.android.googlequicksearchbox:interactor/u0a234 for service {com.google.android.googlequicksearchbox/androidx.room.MultiInstanceInvalidationService}
04-12 20:28:27.072  2108  2181 I START_DEBUG: send START_TIMEOUT message    ProcessRecord :ProcessRecord{8125d30 8535:com.google.android.googlequicksearchbox:interactor/u0a234}
04-12 20:28:27.072  2108  2181 I ActivityManager: ProcessObserver broadcast disabled
04-12 20:28:27.072  2909  2993 I Usf_Hiber/appStateMachine: uid:10159 enter FrozenState
04-12 20:28:27.073  2909  2993 I Usf_Hiber/stateManager: freeze uid: 10159 com.transsion.iotcard costTime=1ms ,last unfreeze 5s ago
04-12 20:28:27.074  2909  2994 I Usf_Hiber/hiber: msg for start proxy frozen state
04-12 20:28:27.074  2909  3008 I Usf_Hiber/hiber: checkExecutingCmp: transPkg.getUid()=10159
04-12 20:28:27.074  2909  2994 I Usf_Hiber/hiber: idleUids: uid=10159, pkgName=com.transsion.iotcard
04-12 20:28:27.074  2909  2994 I Usf_Hiber/proxyManager: p_service: 10159
04-12 20:28:27.074  2909  2994 I Usf_Hiber/hiber: proxy alarm (uid=10159, pkgName=com.transsion.iotcard)
04-12 20:28:27.074  2909  2994 I Usf_Hiber/proxyManager: p_alarm: uid=10159, pkgName=com.transsion.iotcard
04-12 20:28:27.074  2909  2994 I Usf_Hiber/proxyManager: p_sensor: uid=10159, pkgName=com.transsion.iotcard
04-12 20:28:27.074  2909  2994 I Usf_Usf/binderProxyBridge: p_binder: uid=10159, pkgName=com.transsion.iotcard
04-12 20:28:27.076  2108  3534 I START_DEBUG: send BINDTIMEOUT    ProcessRecord :ProcessRecord{8125d30 8535:com.google.android.googlequicksearchbox:interactor/u0a234}
04-12 20:28:27.076  2108  3534 I START_DEBUG: remove START_TIMEOUT finish    ProcessRecord :ProcessRecord{8125d30 8535:com.google.android.googlequicksearchbox:interactor/u0a234}
04-12 20:28:27.077  2108  3577 I UsfSystemServer/TranUsfAppInternal: p_job: 10159 pkgName=com.transsion.iotcard which=2
04-12 20:28:27.078   733   763 I keystore2: system/security/keystore2/src/security_level.rs:245 - caller pid=8220, uid=10169; force = false; key domain=r#KEY_ID, alias = None
04-12 20:28:27.078   733   763 I keystore2: system/security/keystore2/src/security_level.rs:343 - upgrade_keyblob_if_required_with start
04-12 20:28:27.080  8535  8555 I AppProperties: enter initialize com.google.android.googlequicksearchbox
04-12 20:28:27.080  8535  8555 I AppProperties: readAllPropFiles directoryPath=/system_ext/etc/vconfig/com.google.android.googlequicksearchbox/
04-12 20:28:27.080  8535  8555 I AppProperties: enter readPropFiles count=0
04-12 20:28:27.080  8535  8555 I AppProperties: readAllPropFiles directoryPath=/tr_product/etc/vconfig/com.google.android.googlequicksearchbox/
04-12 20:28:27.080  8535  8555 I AppProperties: enter readPropFiles count=0
04-12 20:28:27.080  8535  8555 I AppProperties: readAllPropFiles directoryPath=/tr_region/etc/vconfig/com.google.android.googlequicksearchbox/
04-12 20:28:27.080  8535  8555 I AppProperties: enter readPropFiles count=0
04-12 20:28:27.080  8535  8555 I AppProperties: readAllPropFiles directoryPath=/tr_carrier/etc/vconfig/com.google.android.googlequicksearchbox/
04-12 20:28:27.080  8535  8555 I AppProperties: enter readPropFiles count=0
04-12 20:28:27.080  8535  8555 I AppProperties: readAllPropFiles directoryPath=/tr_company/etc/vconfig/com.google.android.googlequicksearchbox/
04-12 20:28:27.080  8535  8555 I AppProperties: enter readPropFiles count=0
04-12 20:28:27.080  8535  8555 I AppProperties: readAllPropFiles directoryPath=/tranfs/etc/vconfig/com.google.android.googlequicksearchbox/
04-12 20:28:27.080  8535  8555 I AppProperties: enter readPropFiles count=0
04-12 20:28:27.081   733   763 I keystore2: system/security/keystore2/src/enforcements.rs:236 - finalize_create_authorization self.state=NoAuthRequired
04-12 20:28:27.082   733   763 I keystore2: system/security/keystore2/src/security_level.rs:388 - upgrade_keyblob_if_required_with end; operation_db.create_operation start
04-12 20:28:27.082   733   763 I keystore2: system/security/keystore2/src/security_level.rs:406 - operation_db.create_operation end
04-12 20:28:27.084  2108  3353 I START_DEBUG: remove BIND_TIMEOUT finish    ProcessRecord :ProcessRecord{f2b0455 8388:com.google.android.projection.gearhead:car/u0a213}
04-12 20:28:27.087  2909  3008 I Usf_Hiber/hiber: tryProxyWakeLock: transPkg.getUid()=10159
04-12 20:28:27.091  2108  2547 I UsfSystemServer/appSceneHooker: duplicate service bind status, skip
04-12 20:28:27.095  2108  3024 E tranpm/ProcessDataInstance: hasLaunchIcon: packageName = null
04-12 20:28:27.097  2108  3024 E tranpm/ProcessDataInstance: hasLaunchIcon: packageName = null
04-12 20:28:27.098  2108  2547 I UsfSystemServer/appSceneHooker: duplicate service bind status, skip
04-12 20:28:27.125  2108  3517 E tranpm/ProcessDataInstance: hasLaunchIcon: packageName = null
04-12 20:28:27.125  2108  3517 E tranpm/ProcessDataInstance: hasLaunchIcon: packageName = null
04-12 20:28:27.132   733   763 I keystore2: system/security/keystore2/src/security_level.rs:245 - caller pid=7869, uid=10145; force = false; key domain=r#KEY_ID, alias = None
04-12 20:28:27.132   733   763 I keystore2: system/security/keystore2/src/security_level.rs:343 - upgrade_keyblob_if_required_with start
04-12 20:28:27.133  2108  2131 I tranpm/ProviderPolicy: isBlockedByHealthStandard: block by code=2010
04-12 20:28:27.133  2108  2131 I tranpm/ProviderPolicy: limitStartProcessForProvider: Result = Block, reason = Caller idle and violate HealthStandard, callerPkg = com.transsion.globalsearch, callerProc = com.transsion.globalsearch, callerUid = 10130, callerPid = 7889, callerState = idle, providerAuthority = com.android.healthconnect.controller, targetPkg = com.google.android.healthconnect.controller, targetProcess = com.google.android.healthconnect.controller, targetUid = 10268, targetState = Process Not Running;
04-12 20:28:27.133  7889  8042 E ActivityThread: Failed to find provider info for com.android.healthconnect.controller
04-12 20:28:27.136   733   763 I keystore2: system/security/keystore2/src/enforcements.rs:236 - finalize_create_authorization self.state=NoAuthRequired
04-12 20:28:27.136   733   763 I keystore2: system/security/keystore2/src/security_level.rs:388 - upgrade_keyblob_if_required_with end; operation_db.create_operation start
04-12 20:28:27.136   733   763 I keystore2: system/security/keystore2/src/security_level.rs:406 - operation_db.create_operation end
04-12 20:28:27.142  2108  2131 I tranpm/ProviderPolicy: isBlockedByHealthStandard: block by code=2010
04-12 20:28:27.142  2108  2131 I tranpm/ProviderPolicy: limitStartProcessForProvider: Result = Block, reason = Caller idle and violate HealthStandard, callerPkg = com.transsion.globalsearch, callerProc = com.transsion.globalsearch, callerUid = 10130, callerPid = 7889, callerState = idle, providerAuthority = com.android.healthconnect.controller, targetPkg = com.google.android.healthconnect.controller, targetProcess = com.google.android.healthconnect.controller, targetUid = 10268, targetState = Process Not Running;
04-12 20:28:27.142  7889  8042 E ActivityThread: Failed to find provider info for com.android.healthconnect.controller
04-12 20:28:27.150  8220  8467 W PowerProfile: ambient.on is deprecated! Use ambient.on.display0 instead.
04-12 20:28:27.150  8220  8467 W PowerProfile: screen.on is deprecated! Use screen.on.display0 instead.
04-12 20:28:27.150  8220  8467 W PowerProfile: screen.full is deprecated! Use screen.full.display0 instead.
04-12 20:28:27.150  8220  8467 W ModemPowerProfile: getAverageBatteryDrainMaH called with unexpected key: 0x0, drain:SLEEP,RAT:DEFAULT
04-12 20:28:27.150  8220  8467 W ModemPowerProfile: getAverageBatteryDrainMaH called with unexpected key: 0x10000000, drain:IDLE,RAT:DEFAULT
04-12 20:28:27.150  8220  8467 W ModemPowerProfile: getAverageBatteryDrainMaH called with unexpected key: 0x20000000, drain:RX,RAT:DEFAULT
04-12 20:28:27.150  8220  8467 W ModemPowerProfile: getAverageBatteryDrainMaH called with unexpected key: 0x30000000, drain:TX,level:0,RAT:DEFAULT
04-12 20:28:27.150  8220  8467 W ModemPowerProfile: getAverageBatteryDrainMaH called with unexpected key: 0x31000000, drain:TX,level:1,RAT:DEFAULT
